2025-04-15T08:45:01.2886826Z Requested labels: windows-latest
2025-04-15T08:45:01.2887235Z Job defined at: menloresearch/jan/.github/workflows/template-build-windows-x64.yml@refs/heads/m/chore/tauri-code-sign
2025-04-15T08:45:01.2887812Z Reusable workflow chain:
2025-04-15T08:45:01.2887984Z menloresearch/jan/.github/workflows/jan-electron-build-nightly.yml@refs/heads/m/chore/tauri-code-sign (d0972cb7f8be9c7bd0069ffb8ff70cbed9ef2964)
2025-04-15T08:45:01.2888082Z -> menloresearch/jan/.github/workflows/template-build-windows-x64.yml@refs/heads/m/chore/tauri-code-sign (d0972cb7f8be9c7bd0069ffb8ff70cbed9ef2964)
2025-04-15T08:45:01.2888202Z Waiting for a runner to pick up this job...
2025-04-15T08:45:03.0726604Z Job is waiting for a hosted runner to come online.
2025-04-15T08:45:09.2716446Z Job is about to start running on the hosted runner: GitHub Actions 284 (hosted)
2025-04-15T08:45:11.9312079Z Current runner version: '2.323.0'
2025-04-15T08:45:11.9334894Z ##[group]Operating System
2025-04-15T08:45:11.9335721Z Microsoft Windows Server 2022
2025-04-15T08:45:11.9336412Z 10.0.20348
2025-04-15T08:45:11.9336941Z Datacenter
2025-04-15T08:45:11.9337792Z ##[endgroup]
2025-04-15T08:45:11.9338358Z ##[group]Runner Image
2025-04-15T08:45:11.9338998Z Image: windows-2022
2025-04-15T08:45:11.9339578Z Version: 20250406.1.0
2025-04-15T08:45:11.9340686Z Included Software: https://github.com/actions/runner-images/blob/win22/20250406.1/images/windows/Windows2022-Readme.md
2025-04-15T08:45:11.9342234Z Image Release: https://github.com/actions/runner-images/releases/tag/win22%2F20250406.1
2025-04-15T08:45:11.9343199Z ##[endgroup]
2025-04-15T08:45:11.9343791Z ##[group]Runner Image Provisioner
2025-04-15T08:45:11.9344466Z 2.0.422.1
2025-04-15T08:45:11.9344985Z ##[endgroup]
2025-04-15T08:45:11.9346129Z ##[group]GITHUB_TOKEN Permissions
2025-04-15T08:45:11.9348256Z Contents: write
2025-04-15T08:45:11.9348951Z Metadata: read
2025-04-15T08:45:11.9349545Z ##[endgroup]
2025-04-15T08:45:11.9351647Z Secret source: Actions
2025-04-15T08:45:11.9352556Z Prepare workflow directory
2025-04-15T08:45:11.9644628Z Prepare all required actions
2025-04-15T08:45:11.9679748Z Getting action download info
2025-04-15T08:45:12.3443956Z ##[group]Download immutable action package 'actions/checkout@v3'
2025-04-15T08:45:12.3445144Z Version: 3.6.0
2025-04-15T08:45:12.3446230Z Digest: sha256:942562b9c7d4b1f2557f1da21f4d3eb4eb4fd01f2ad78b2a6e187d1b193e0a0f
2025-04-15T08:45:12.3447523Z Source commit SHA: f43a0e5ff2bd294095638e18286ca9a3d1956744
2025-04-15T08:45:12.3448408Z ##[endgroup]
2025-04-15T08:45:13.0980697Z ##[group]Download immutable action package 'actions/setup-node@v1'
2025-04-15T08:45:13.0981843Z Version: 1.4.6
2025-04-15T08:45:13.0982875Z Digest: sha256:32f633f14a7cc5bd964877b7e6c6294e7ff72af250c1a637979f76a05f60ebef
2025-04-15T08:45:13.0984261Z Source commit SHA: f1f314fca9dfce2769ece7d933488f076716723e
2025-04-15T08:45:13.0985265Z ##[endgroup]
2025-04-15T08:45:13.2619016Z Download action repository 'dcarbone/install-jq-action@v2.0.1' (SHA:c1548c666da8422e8207a67fae0df364cf9ee7fe)
2025-04-15T08:45:13.5002633Z ##[group]Download immutable action package 'actions/upload-artifact@v4'
2025-04-15T08:45:13.5004600Z Version: 4.6.2
2025-04-15T08:45:13.5006402Z Digest: sha256:290722aa3281d5caf23d0acdc3dbeb3424786a1a01a9cc97e72f147225e37c38
2025-04-15T08:45:13.5008802Z Source commit SHA: ea165f8d65b6e75b540449e92b4886f43607fa02
2025-04-15T08:45:13.5010474Z ##[endgroup]
2025-04-15T08:45:14.0531113Z Uses: menloresearch/jan/.github/workflows/template-build-windows-x64.yml@refs/heads/m/chore/tauri-code-sign (d0972cb7f8be9c7bd0069ffb8ff70cbed9ef2964)
2025-04-15T08:45:14.0534967Z ##[group] Inputs
2025-04-15T08:45:14.0535999Z   public_provider: none
2025-04-15T08:45:14.0537060Z   ref: refs/heads/m/chore/tauri-code-sign
2025-04-15T08:45:14.0538213Z   new_version: 0.5.16-1269
2025-04-15T08:45:14.0539235Z   aws_s3_prefix: /latest/
2025-04-15T08:45:14.0540570Z   beta: false
2025-04-15T08:45:14.0541442Z   nightly: true
2025-04-15T08:45:14.0542351Z   cortex_api_port: 39261
2025-04-15T08:45:14.0543320Z ##[endgroup]
2025-04-15T08:45:14.0544388Z Complete job name: build-windows-x64 / build-windows-x64
2025-04-15T08:45:14.2070872Z ##[group]Run actions/checkout@v3
2025-04-15T08:45:14.2072301Z with:
2025-04-15T08:45:14.2073191Z   ref: refs/heads/m/chore/tauri-code-sign
2025-04-15T08:45:14.2074324Z   repository: menloresearch/jan
2025-04-15T08:45:14.2075560Z   token: ***
2025-04-15T08:45:14.2076377Z   ssh-strict: true
2025-04-15T08:45:14.2077266Z   persist-credentials: true
2025-04-15T08:45:14.2078192Z   clean: true
2025-04-15T08:45:14.2079054Z   sparse-checkout-cone-mode: true
2025-04-15T08:45:14.2080053Z   fetch-depth: 1
2025-04-15T08:45:14.2080876Z   fetch-tags: false
2025-04-15T08:45:14.2081715Z   lfs: false
2025-04-15T08:45:14.2082513Z   submodules: false
2025-04-15T08:45:14.2083391Z   set-safe-directory: true
2025-04-15T08:45:14.2086207Z ##[endgroup]
2025-04-15T08:45:14.8822803Z Syncing repository: menloresearch/jan
2025-04-15T08:45:14.8825205Z ##[group]Getting Git version info
2025-04-15T08:45:14.8826064Z Working directory is 'D:\a\jan\jan'
2025-04-15T08:45:15.3470488Z [command]"C:\Program Files\Git\bin\git.exe" version
2025-04-15T08:45:15.5671322Z git version 2.49.0.windows.1
2025-04-15T08:45:15.5685738Z ##[endgroup]
2025-04-15T08:45:15.6091855Z Temporarily overriding HOME='D:\a\_temp\fd4d7a7d-a3b3-4850-a0e8-5edc3f7a95c8' before making global git config changes
2025-04-15T08:45:15.6093784Z Adding repository directory to the temporary git global config as a safe directory
2025-04-15T08:45:15.6100940Z [command]"C:\Program Files\Git\bin\git.exe" config --global --add safe.directory D:\a\jan\jan
2025-04-15T08:45:15.8381782Z Deleting the contents of 'D:\a\jan\jan'
2025-04-15T08:45:15.8387527Z ##[group]Initializing the repository
2025-04-15T08:45:15.8395282Z [command]"C:\Program Files\Git\bin\git.exe" init D:\a\jan\jan
2025-04-15T08:45:16.0431693Z Initialized empty Git repository in D:/a/jan/jan/.git/
2025-04-15T08:45:16.0467137Z [command]"C:\Program Files\Git\bin\git.exe" remote add origin https://github.com/menloresearch/jan
2025-04-15T08:45:16.1424858Z ##[endgroup]
2025-04-15T08:45:16.1425450Z ##[group]Disabling automatic garbage collection
2025-04-15T08:45:16.1432366Z [command]"C:\Program Files\Git\bin\git.exe" config --local gc.auto 0
2025-04-15T08:45:16.1670120Z ##[endgroup]
2025-04-15T08:45:16.1670896Z ##[group]Setting up auth
2025-04-15T08:45:16.1704516Z [command]"C:\Program Files\Git\bin\git.exe" config --local --name-only --get-regexp core\.sshCommand
2025-04-15T08:45:16.1921527Z [command]"C:\Program Files\Git\bin\git.exe" submodule foreach --recursive "sh -c \"git config --local --name-only --get-regexp 'core\.sshCommand' && git config --local --unset-all 'core.sshCommand' || :\""
2025-04-15T08:45:19.0773911Z [command]"C:\Program Files\Git\bin\git.exe" config --local --name-only --get-regexp http\.https\:\/\/github\.com\/\.extraheader
2025-04-15T08:45:19.0993411Z [command]"C:\Program Files\Git\bin\git.exe" submodule foreach --recursive "sh -c \"git config --local --name-only --get-regexp 'http\.https\:\/\/github\.com\/\.extraheader' && git config --local --unset-all 'http.https://github.com/.extraheader' || :\""
2025-04-15T08:45:19.4993072Z [command]"C:\Program Files\Git\bin\git.exe" config --local http.https://github.com/.extraheader "AUTHORIZATION: basic ***"
2025-04-15T08:45:19.5219767Z ##[endgroup]
2025-04-15T08:45:19.5220564Z ##[group]Fetching the repository
2025-04-15T08:45:19.5233932Z [command]"C:\Program Files\Git\bin\git.exe" -c protocol.version=2 fetch --no-tags --prune --progress --no-recurse-submodules --depth=1 origin +refs/heads/m/chore/tauri-code-sign:refs/remotes/origin/m/chore/tauri-code-sign
2025-04-15T08:45:21.0078657Z remote: Enumerating objects: 1590, done.        
2025-04-15T08:45:21.0080485Z remote: Counting objects:   0% (1/1590)        
2025-04-15T08:45:21.0081227Z remote: Counting objects:   1% (16/1590)        
2025-04-15T08:45:21.0081926Z remote: Counting objects:   2% (32/1590)        
2025-04-15T08:45:21.0082603Z remote: Counting objects:   3% (48/1590)        
2025-04-15T08:45:21.0085813Z remote: Counting objects:   4% (64/1590)        
2025-04-15T08:45:21.0086589Z remote: Counting objects:   5% (80/1590)        
2025-04-15T08:45:21.0087160Z remote: Counting objects:   6% (96/1590)        
2025-04-15T08:45:21.0087699Z remote: Counting objects:   7% (112/1590)        
2025-04-15T08:45:21.0088211Z remote: Counting objects:   8% (128/1590)        
2025-04-15T08:45:21.0088757Z remote: Counting objects:   9% (144/1590)        
2025-04-15T08:45:21.0089168Z remote: Counting objects:  10% (159/1590)        
2025-04-15T08:45:21.0089765Z remote: Counting objects:  11% (175/1590)        
2025-04-15T08:45:21.0090165Z remote: Counting objects:  12% (191/1590)        
2025-04-15T08:45:21.0090517Z remote: Counting objects:  13% (207/1590)        
2025-04-15T08:45:21.0091686Z remote: Counting objects:  14% (223/1590)        
2025-04-15T08:45:21.0092032Z remote: Counting objects:  15% (239/1590)        
2025-04-15T08:45:21.0092443Z remote: Counting objects:  16% (255/1590)        
2025-04-15T08:45:21.0092777Z remote: Counting objects:  17% (271/1590)        
2025-04-15T08:45:21.0093101Z remote: Counting objects:  18% (287/1590)        
2025-04-15T08:45:21.0093412Z remote: Counting objects:  19% (303/1590)        
2025-04-15T08:45:21.0093728Z remote: Counting objects:  20% (318/1590)        
2025-04-15T08:45:21.0094045Z remote: Counting objects:  21% (334/1590)        
2025-04-15T08:45:21.0094390Z remote: Counting objects:  22% (350/1590)        
2025-04-15T08:45:21.0094871Z remote: Counting objects:  23% (366/1590)        
2025-04-15T08:45:21.0095446Z remote: Counting objects:  24% (382/1590)        
2025-04-15T08:45:21.0095989Z remote: Counting objects:  25% (398/1590)        
2025-04-15T08:45:21.0096336Z remote: Counting objects:  26% (414/1590)        
2025-04-15T08:45:21.0096652Z remote: Counting objects:  27% (430/1590)        
2025-04-15T08:45:21.0096970Z remote: Counting objects:  28% (446/1590)        
2025-04-15T08:45:21.0097281Z remote: Counting objects:  29% (462/1590)        
2025-04-15T08:45:21.0097595Z remote: Counting objects:  30% (477/1590)        
2025-04-15T08:45:21.0097915Z remote: Counting objects:  31% (493/1590)        
2025-04-15T08:45:21.0098251Z remote: Counting objects:  32% (509/1590)        
2025-04-15T08:45:21.0098598Z remote: Counting objects:  33% (525/1590)        
2025-04-15T08:45:21.0098916Z remote: Counting objects:  34% (541/1590)        
2025-04-15T08:45:21.0099260Z remote: Counting objects:  35% (557/1590)        
2025-04-15T08:45:21.0099763Z remote: Counting objects:  36% (573/1590)        
2025-04-15T08:45:21.0100079Z remote: Counting objects:  37% (589/1590)        
2025-04-15T08:45:21.0100398Z remote: Counting objects:  38% (605/1590)        
2025-04-15T08:45:21.0100703Z remote: Counting objects:  39% (621/1590)        
2025-04-15T08:45:21.0101046Z remote: Counting objects:  40% (636/1590)        
2025-04-15T08:45:21.0101357Z remote: Counting objects:  41% (652/1590)        
2025-04-15T08:45:21.0101664Z remote: Counting objects:  42% (668/1590)        
2025-04-15T08:45:21.0101980Z remote: Counting objects:  43% (684/1590)        
2025-04-15T08:45:21.0102288Z remote: Counting objects:  44% (700/1590)        
2025-04-15T08:45:21.0102596Z remote: Counting objects:  45% (716/1590)        
2025-04-15T08:45:21.0102904Z remote: Counting objects:  46% (732/1590)        
2025-04-15T08:45:21.0103222Z remote: Counting objects:  47% (748/1590)        
2025-04-15T08:45:21.0103526Z remote: Counting objects:  48% (764/1590)        
2025-04-15T08:45:21.0103844Z remote: Counting objects:  49% (780/1590)        
2025-04-15T08:45:21.0104150Z remote: Counting objects:  50% (795/1590)        
2025-04-15T08:45:21.0104461Z remote: Counting objects:  51% (811/1590)        
2025-04-15T08:45:21.0104872Z remote: Counting objects:  52% (827/1590)        
2025-04-15T08:45:21.0105450Z remote: Counting objects:  53% (843/1590)        
2025-04-15T08:45:21.0106007Z remote: Counting objects:  54% (859/1590)        
2025-04-15T08:45:21.0106435Z remote: Counting objects:  55% (875/1590)        
2025-04-15T08:45:21.0107365Z remote: Counting objects:  56% (891/1590)        
2025-04-15T08:45:21.0107731Z remote: Counting objects:  57% (907/1590)        
2025-04-15T08:45:21.0108041Z remote: Counting objects:  58% (923/1590)        
2025-04-15T08:45:21.0108354Z remote: Counting objects:  59% (939/1590)        
2025-04-15T08:45:21.0108661Z remote: Counting objects:  60% (954/1590)        
2025-04-15T08:45:21.0108975Z remote: Counting objects:  61% (970/1590)        
2025-04-15T08:45:21.0109285Z remote: Counting objects:  62% (986/1590)        
2025-04-15T08:45:21.0109607Z remote: Counting objects:  63% (1002/1590)        
2025-04-15T08:45:21.0109969Z remote: Counting objects:  64% (1018/1590)        
2025-04-15T08:45:21.0110474Z remote: Counting objects:  65% (1034/1590)        
2025-04-15T08:45:21.0111045Z remote: Counting objects:  66% (1050/1590)        
2025-04-15T08:45:21.0111372Z remote: Counting objects:  67% (1066/1590)        
2025-04-15T08:45:21.0111691Z remote: Counting objects:  68% (1082/1590)        
2025-04-15T08:45:21.0112031Z remote: Counting objects:  69% (1098/1590)        
2025-04-15T08:45:21.0112343Z remote: Counting objects:  70% (1113/1590)        
2025-04-15T08:45:21.0112659Z remote: Counting objects:  71% (1129/1590)        
2025-04-15T08:45:21.0112970Z remote: Counting objects:  72% (1145/1590)        
2025-04-15T08:45:21.0113284Z remote: Counting objects:  73% (1161/1590)        
2025-04-15T08:45:21.0113602Z remote: Counting objects:  74% (1177/1590)        
2025-04-15T08:45:21.0113910Z remote: Counting objects:  75% (1193/1590)        
2025-04-15T08:45:21.0114228Z remote: Counting objects:  76% (1209/1590)        
2025-04-15T08:45:21.0114537Z remote: Counting objects:  77% (1225/1590)        
2025-04-15T08:45:21.0114874Z remote: Counting objects:  78% (1241/1590)        
2025-04-15T08:45:21.0115181Z remote: Counting objects:  79% (1257/1590)        
2025-04-15T08:45:21.0115704Z remote: Counting objects:  80% (1272/1590)        
2025-04-15T08:45:21.0116297Z remote: Counting objects:  81% (1288/1590)        
2025-04-15T08:45:21.0116699Z remote: Counting objects:  82% (1304/1590)        
2025-04-15T08:45:21.0117020Z remote: Counting objects:  83% (1320/1590)        
2025-04-15T08:45:21.0117336Z remote: Counting objects:  84% (1336/1590)        
2025-04-15T08:45:21.0117643Z remote: Counting objects:  85% (1352/1590)        
2025-04-15T08:45:21.0117957Z remote: Counting objects:  86% (1368/1590)        
2025-04-15T08:45:21.0118267Z remote: Counting objects:  87% (1384/1590)        
2025-04-15T08:45:21.0118694Z remote: Counting objects:  88% (1400/1590)        
2025-04-15T08:45:21.0119075Z remote: Counting objects:  89% (1416/1590)        
2025-04-15T08:45:21.0119393Z remote: Counting objects:  90% (1431/1590)        
2025-04-15T08:45:21.0119707Z remote: Counting objects:  91% (1447/1590)        
2025-04-15T08:45:21.0120048Z remote: Counting objects:  92% (1463/1590)        
2025-04-15T08:45:21.0120592Z remote: Counting objects:  93% (1479/1590)        
2025-04-15T08:45:21.0121127Z remote: Counting objects:  94% (1495/1590)        
2025-04-15T08:45:21.0121443Z remote: Counting objects:  95% (1511/1590)        
2025-04-15T08:45:21.0121771Z remote: Counting objects:  96% (1527/1590)        
2025-04-15T08:45:21.0122084Z remote: Counting objects:  97% (1543/1590)        
2025-04-15T08:45:21.0122401Z remote: Counting objects:  98% (1559/1590)        
2025-04-15T08:45:21.0122709Z remote: Counting objects:  99% (1575/1590)        
2025-04-15T08:45:21.0123026Z remote: Counting objects: 100% (1590/1590)        
2025-04-15T08:45:21.0123368Z remote: Counting objects: 100% (1590/1590), done.        
2025-04-15T08:45:21.0123729Z remote: Compressing objects:   0% (1/1389)        
2025-04-15T08:45:21.0124200Z remote: Compressing objects:   1% (14/1389)        
2025-04-15T08:45:21.0124797Z remote: Compressing objects:   2% (28/1389)        
2025-04-15T08:45:21.0125371Z remote: Compressing objects:   3% (42/1389)        
2025-04-15T08:45:21.0126140Z remote: Compressing objects:   4% (56/1389)        
2025-04-15T08:45:21.0126753Z remote: Compressing objects:   5% (70/1389)        
2025-04-15T08:45:21.0127336Z remote: Compressing objects:   6% (84/1389)        
2025-04-15T08:45:21.0127888Z remote: Compressing objects:   7% (98/1389)        
2025-04-15T08:45:21.0128462Z remote: Compressing objects:   8% (112/1389)        
2025-04-15T08:45:21.0129050Z remote: Compressing objects:   9% (126/1389)        
2025-04-15T08:45:21.0129637Z remote: Compressing objects:  10% (139/1389)        
2025-04-15T08:45:21.0130208Z remote: Compressing objects:  11% (153/1389)        
2025-04-15T08:45:21.0130786Z remote: Compressing objects:  12% (167/1389)        
2025-04-15T08:45:21.0131374Z remote: Compressing objects:  13% (181/1389)        
2025-04-15T08:45:21.0132217Z remote: Compressing objects:  14% (195/1389)        
2025-04-15T08:45:21.0132820Z remote: Compressing objects:  15% (209/1389)        
2025-04-15T08:45:21.0133404Z remote: Compressing objects:  16% (223/1389)        
2025-04-15T08:45:21.0133988Z remote: Compressing objects:  17% (237/1389)        
2025-04-15T08:45:21.0134559Z remote: Compressing objects:  18% (251/1389)        
2025-04-15T08:45:21.0135119Z remote: Compressing objects:  19% (264/1389)        
2025-04-15T08:45:21.0135663Z remote: Compressing objects:  20% (278/1389)        
2025-04-15T08:45:21.0136209Z remote: Compressing objects:  21% (292/1389)        
2025-04-15T08:45:21.0136752Z remote: Compressing objects:  22% (306/1389)        
2025-04-15T08:45:21.0137331Z remote: Compressing objects:  23% (320/1389)        
2025-04-15T08:45:21.0137917Z remote: Compressing objects:  24% (334/1389)        
2025-04-15T08:45:21.0138510Z remote: Compressing objects:  25% (348/1389)        
2025-04-15T08:45:21.0139196Z remote: Compressing objects:  26% (362/1389)        
2025-04-15T08:45:21.0139598Z remote: Compressing objects:  27% (376/1389)        
2025-04-15T08:45:21.0139927Z remote: Compressing objects:  28% (389/1389)        
2025-04-15T08:45:21.0140265Z remote: Compressing objects:  29% (403/1389)        
2025-04-15T08:45:21.0140592Z remote: Compressing objects:  30% (417/1389)        
2025-04-15T08:45:21.0141110Z remote: Compressing objects:  31% (431/1389)        
2025-04-15T08:45:21.0141679Z remote: Compressing objects:  32% (445/1389)        
2025-04-15T08:45:21.0142026Z remote: Compressing objects:  33% (459/1389)        
2025-04-15T08:45:21.0142354Z remote: Compressing objects:  34% (473/1389)        
2025-04-15T08:45:21.0142689Z remote: Compressing objects:  35% (487/1389)        
2025-04-15T08:45:21.0143020Z remote: Compressing objects:  36% (501/1389)        
2025-04-15T08:45:21.0143353Z remote: Compressing objects:  37% (514/1389)        
2025-04-15T08:45:21.0143688Z remote: Compressing objects:  38% (528/1389)        
2025-04-15T08:45:21.0144021Z remote: Compressing objects:  39% (542/1389)        
2025-04-15T08:45:21.0144350Z remote: Compressing objects:  40% (556/1389)        
2025-04-15T08:45:21.0144691Z remote: Compressing objects:  41% (570/1389)        
2025-04-15T08:45:21.0145025Z remote: Compressing objects:  42% (584/1389)        
2025-04-15T08:45:21.0145359Z remote: Compressing objects:  43% (598/1389)        
2025-04-15T08:45:21.0145689Z remote: Compressing objects:  44% (612/1389)        
2025-04-15T08:45:21.0146036Z remote: Compressing objects:  45% (626/1389)        
2025-04-15T08:45:21.0146403Z remote: Compressing objects:  46% (639/1389)        
2025-04-15T08:45:21.0146731Z remote: Compressing objects:  47% (653/1389)        
2025-04-15T08:45:21.0147065Z remote: Compressing objects:  48% (667/1389)        
2025-04-15T08:45:21.0147399Z remote: Compressing objects:  49% (681/1389)        
2025-04-15T08:45:21.0147736Z remote: Compressing objects:  50% (695/1389)        
2025-04-15T08:45:21.0148074Z remote: Compressing objects:  51% (709/1389)        
2025-04-15T08:45:21.0148408Z remote: Compressing objects:  52% (723/1389)        
2025-04-15T08:45:21.0148736Z remote: Compressing objects:  53% (737/1389)        
2025-04-15T08:45:21.0149211Z remote: Compressing objects:  54% (751/1389)        
2025-04-15T08:45:21.0149737Z remote: Compressing objects:  55% (764/1389)        
2025-04-15T08:45:21.0150235Z remote: Compressing objects:  56% (778/1389)        
2025-04-15T08:45:21.0150826Z remote: Compressing objects:  57% (792/1389)        
2025-04-15T08:45:21.0151364Z remote: Compressing objects:  58% (806/1389)        
2025-04-15T08:45:21.0151762Z remote: Compressing objects:  59% (820/1389)        
2025-04-15T08:45:21.0152359Z remote: Compressing objects:  60% (834/1389)        
2025-04-15T08:45:21.0152952Z remote: Compressing objects:  61% (848/1389)        
2025-04-15T08:45:21.0153526Z remote: Compressing objects:  62% (862/1389)        
2025-04-15T08:45:21.0155096Z remote: Compressing objects:  63% (876/1389)        
2025-04-15T08:45:21.0155776Z remote: Compressing objects:  64% (889/1389)        
2025-04-15T08:45:21.0156381Z remote: Compressing objects:  65% (903/1389)        
2025-04-15T08:45:21.0156964Z remote: Compressing objects:  66% (917/1389)        
2025-04-15T08:45:21.0157520Z remote: Compressing objects:  67% (931/1389)        
2025-04-15T08:45:21.0158073Z remote: Compressing objects:  68% (945/1389)        
2025-04-15T08:45:21.0158418Z remote: Compressing objects:  69% (959/1389)        
2025-04-15T08:45:21.0158742Z remote: Compressing objects:  70% (973/1389)        
2025-04-15T08:45:21.0159116Z remote: Compressing objects:  71% (987/1389)        
2025-04-15T08:45:21.0159686Z remote: Compressing objects:  72% (1001/1389)        
2025-04-15T08:45:21.0160254Z remote: Compressing objects:  73% (1014/1389)        
2025-04-15T08:45:21.0160813Z remote: Compressing objects:  74% (1028/1389)        
2025-04-15T08:45:21.0161478Z remote: Compressing objects:  75% (1042/1389)        
2025-04-15T08:45:21.0162077Z remote: Compressing objects:  76% (1056/1389)        
2025-04-15T08:45:21.0162693Z remote: Compressing objects:  77% (1070/1389)        
2025-04-15T08:45:21.0163334Z remote: Compressing objects:  78% (1084/1389)        
2025-04-15T08:45:21.0163956Z remote: Compressing objects:  79% (1098/1389)        
2025-04-15T08:45:21.0164465Z remote: Compressing objects:  80% (1112/1389)        
2025-04-15T08:45:21.0164814Z remote: Compressing objects:  81% (1126/1389)        
2025-04-15T08:45:21.0165149Z remote: Compressing objects:  82% (1139/1389)        
2025-04-15T08:45:21.0165490Z remote: Compressing objects:  83% (1153/1389)        
2025-04-15T08:45:21.0165914Z remote: Compressing objects:  84% (1167/1389)        
2025-04-15T08:45:21.0166379Z remote: Compressing objects:  85% (1181/1389)        
2025-04-15T08:45:21.0166717Z remote: Compressing objects:  86% (1195/1389)        
2025-04-15T08:45:21.0167055Z remote: Compressing objects:  87% (1209/1389)        
2025-04-15T08:45:21.0167398Z remote: Compressing objects:  88% (1223/1389)        
2025-04-15T08:45:21.0167732Z remote: Compressing objects:  89% (1237/1389)        
2025-04-15T08:45:21.0168082Z remote: Compressing objects:  90% (1251/1389)        
2025-04-15T08:45:21.0168491Z remote: Compressing objects:  91% (1264/1389)        
2025-04-15T08:45:21.0168825Z remote: Compressing objects:  92% (1278/1389)        
2025-04-15T08:45:21.0169179Z remote: Compressing objects:  93% (1292/1389)        
2025-04-15T08:45:21.0169512Z remote: Compressing objects:  94% (1306/1389)        
2025-04-15T08:45:21.0169850Z remote: Compressing objects:  95% (1320/1389)        
2025-04-15T08:45:21.0170183Z remote: Compressing objects:  96% (1334/1389)        
2025-04-15T08:45:21.0170516Z remote: Compressing objects:  97% (1348/1389)        
2025-04-15T08:45:21.0170857Z remote: Compressing objects:  98% (1362/1389)        
2025-04-15T08:45:21.0171192Z remote: Compressing objects:  99% (1376/1389)        
2025-04-15T08:45:21.0171536Z remote: Compressing objects: 100% (1389/1389)        
2025-04-15T08:45:21.0171897Z remote: Compressing objects: 100% (1389/1389), done.        
2025-04-15T08:45:21.1184006Z Receiving objects:   0% (1/1590)
2025-04-15T08:45:21.1191674Z Receiving objects:   1% (16/1590)
2025-04-15T08:45:21.1693155Z Receiving objects:   2% (32/1590)
2025-04-15T08:45:21.1697407Z Receiving objects:   3% (48/1590)
2025-04-15T08:45:21.1702887Z Receiving objects:   4% (64/1590)
2025-04-15T08:45:21.1709707Z Receiving objects:   5% (80/1590)
2025-04-15T08:45:21.1715642Z Receiving objects:   6% (96/1590)
2025-04-15T08:45:21.1719558Z Receiving objects:   7% (112/1590)
2025-04-15T08:45:21.1726514Z Receiving objects:   8% (128/1590)
2025-04-15T08:45:21.1730825Z Receiving objects:   9% (144/1590)
2025-04-15T08:45:21.1734354Z Receiving objects:  10% (159/1590)
2025-04-15T08:45:21.1737492Z Receiving objects:  11% (175/1590)
2025-04-15T08:45:21.1740846Z Receiving objects:  12% (191/1590)
2025-04-15T08:45:21.1744324Z Receiving objects:  13% (207/1590)
2025-04-15T08:45:21.2863833Z Receiving objects:  14% (223/1590)
2025-04-15T08:45:21.6073711Z Receiving objects:  15% (239/1590)
2025-04-15T08:45:22.1018529Z Receiving objects:  16% (255/1590), 43.43 MiB | 86.85 MiB/s
2025-04-15T08:45:22.2965194Z Receiving objects:  16% (268/1590), 86.81 MiB | 86.80 MiB/s
2025-04-15T08:45:23.1019018Z Receiving objects:  17% (271/1590), 86.81 MiB | 86.80 MiB/s
2025-04-15T08:45:23.3640172Z Receiving objects:  17% (279/1590), 179.52 MiB | 89.76 MiB/s
2025-04-15T08:45:23.4256870Z Receiving objects:  18% (287/1590), 179.52 MiB | 89.76 MiB/s
2025-04-15T08:45:23.5405559Z Receiving objects:  19% (303/1590), 179.52 MiB | 89.76 MiB/s
2025-04-15T08:45:23.5525167Z Receiving objects:  20% (318/1590), 179.52 MiB | 89.76 MiB/s
2025-04-15T08:45:23.5529450Z Receiving objects:  21% (334/1590), 179.52 MiB | 89.76 MiB/s
2025-04-15T08:45:23.5538902Z Receiving objects:  22% (350/1590), 179.52 MiB | 89.76 MiB/s
2025-04-15T08:45:23.5544807Z Receiving objects:  23% (366/1590), 179.52 MiB | 89.76 MiB/s
2025-04-15T08:45:23.5547609Z Receiving objects:  24% (382/1590), 179.52 MiB | 89.76 MiB/s
2025-04-15T08:45:23.5718511Z Receiving objects:  25% (398/1590), 179.52 MiB | 89.76 MiB/s
2025-04-15T08:45:23.5723259Z Receiving objects:  26% (414/1590), 179.52 MiB | 89.76 MiB/s
2025-04-15T08:45:23.5727754Z Receiving objects:  27% (430/1590), 179.52 MiB | 89.76 MiB/s
2025-04-15T08:45:23.5731797Z Receiving objects:  28% (446/1590), 179.52 MiB | 89.76 MiB/s
2025-04-15T08:45:23.5857624Z Receiving objects:  29% (462/1590), 179.52 MiB | 89.76 MiB/s
2025-04-15T08:45:23.5861713Z Receiving objects:  30% (477/1590), 179.52 MiB | 89.76 MiB/s
2025-04-15T08:45:23.5866109Z Receiving objects:  31% (493/1590), 179.52 MiB | 89.76 MiB/s
2025-04-15T08:45:23.5869270Z Receiving objects:  32% (509/1590), 179.52 MiB | 89.76 MiB/s
2025-04-15T08:45:23.6219934Z Receiving objects:  33% (525/1590), 179.52 MiB | 89.76 MiB/s
2025-04-15T08:45:23.6659229Z Receiving objects:  34% (541/1590), 223.57 MiB | 89.43 MiB/s
2025-04-15T08:45:23.6981337Z Receiving objects:  35% (557/1590), 223.57 MiB | 89.43 MiB/s
2025-04-15T08:45:23.7376010Z Receiving objects:  36% (573/1590), 223.57 MiB | 89.43 MiB/s
2025-04-15T08:45:23.7493450Z Receiving objects:  37% (589/1590), 223.57 MiB | 89.43 MiB/s
2025-04-15T08:45:23.7498800Z Receiving objects:  38% (605/1590), 223.57 MiB | 89.43 MiB/s
2025-04-15T08:45:23.7504020Z Receiving objects:  39% (621/1590), 223.57 MiB | 89.43 MiB/s
2025-04-15T08:45:23.7615083Z Receiving objects:  40% (636/1590), 223.57 MiB | 89.43 MiB/s
2025-04-15T08:45:23.8732403Z Receiving objects:  41% (652/1590), 223.57 MiB | 89.43 MiB/s
2025-04-15T08:45:23.9673340Z Receiving objects:  42% (668/1590), 223.57 MiB | 89.43 MiB/s
2025-04-15T08:45:24.0366797Z Receiving objects:  43% (684/1590), 223.57 MiB | 89.43 MiB/s
2025-04-15T08:45:24.0371633Z Receiving objects:  44% (700/1590), 223.57 MiB | 89.43 MiB/s
2025-04-15T08:45:24.0406995Z Receiving objects:  45% (716/1590), 223.57 MiB | 89.43 MiB/s
2025-04-15T08:45:24.0434633Z Receiving objects:  46% (732/1590), 223.57 MiB | 89.43 MiB/s
2025-04-15T08:45:24.0448415Z Receiving objects:  47% (748/1590), 223.57 MiB | 89.43 MiB/s
2025-04-15T08:45:24.0451243Z Receiving objects:  48% (764/1590), 223.57 MiB | 89.43 MiB/s
2025-04-15T08:45:24.0453925Z Receiving objects:  49% (780/1590), 223.57 MiB | 89.43 MiB/s
2025-04-15T08:45:24.0456452Z Receiving objects:  50% (795/1590), 223.57 MiB | 89.43 MiB/s
2025-04-15T08:45:24.0459262Z Receiving objects:  51% (811/1590), 223.57 MiB | 89.43 MiB/s
2025-04-15T08:45:24.0461406Z Receiving objects:  52% (827/1590), 223.57 MiB | 89.43 MiB/s
2025-04-15T08:45:24.0465874Z Receiving objects:  53% (843/1590), 223.57 MiB | 89.43 MiB/s
2025-04-15T08:45:24.0467265Z Receiving objects:  54% (859/1590), 223.57 MiB | 89.43 MiB/s
2025-04-15T08:45:24.0474432Z Receiving objects:  55% (875/1590), 223.57 MiB | 89.43 MiB/s
2025-04-15T08:45:24.0503078Z Receiving objects:  56% (891/1590), 223.57 MiB | 89.43 MiB/s
2025-04-15T08:45:24.0505919Z Receiving objects:  57% (907/1590), 223.57 MiB | 89.43 MiB/s
2025-04-15T08:45:24.0509429Z Receiving objects:  58% (923/1590), 223.57 MiB | 89.43 MiB/s
2025-04-15T08:45:24.0512940Z Receiving objects:  59% (939/1590), 223.57 MiB | 89.43 MiB/s
2025-04-15T08:45:24.0515982Z Receiving objects:  60% (954/1590), 223.57 MiB | 89.43 MiB/s
2025-04-15T08:45:24.0519351Z Receiving objects:  61% (970/1590), 223.57 MiB | 89.43 MiB/s
2025-04-15T08:45:24.0533592Z Receiving objects:  62% (986/1590), 223.57 MiB | 89.43 MiB/s
2025-04-15T08:45:24.0543819Z Receiving objects:  63% (1002/1590), 223.57 MiB | 89.43 MiB/s
2025-04-15T08:45:24.0549119Z Receiving objects:  64% (1018/1590), 223.57 MiB | 89.43 MiB/s
2025-04-15T08:45:24.0554251Z Receiving objects:  65% (1034/1590), 223.57 MiB | 89.43 MiB/s
2025-04-15T08:45:24.0556272Z Receiving objects:  66% (1050/1590), 223.57 MiB | 89.43 MiB/s
2025-04-15T08:45:24.0559358Z Receiving objects:  67% (1066/1590), 223.57 MiB | 89.43 MiB/s
2025-04-15T08:45:24.0563247Z Receiving objects:  68% (1082/1590), 223.57 MiB | 89.43 MiB/s
2025-04-15T08:45:24.0569558Z Receiving objects:  69% (1098/1590), 223.57 MiB | 89.43 MiB/s
2025-04-15T08:45:24.0573290Z Receiving objects:  70% (1113/1590), 223.57 MiB | 89.43 MiB/s
2025-04-15T08:45:24.0578821Z Receiving objects:  71% (1129/1590), 223.57 MiB | 89.43 MiB/s
2025-04-15T08:45:24.0584395Z Receiving objects:  72% (1145/1590), 223.57 MiB | 89.43 MiB/s
2025-04-15T08:45:24.0589911Z Receiving objects:  73% (1161/1590), 223.57 MiB | 89.43 MiB/s
2025-04-15T08:45:24.0592819Z Receiving objects:  74% (1177/1590), 223.57 MiB | 89.43 MiB/s
2025-04-15T08:45:24.0596159Z Receiving objects:  75% (1193/1590), 223.57 MiB | 89.43 MiB/s
2025-04-15T08:45:24.0601596Z Receiving objects:  76% (1209/1590), 223.57 MiB | 89.43 MiB/s
2025-04-15T08:45:24.0608530Z Receiving objects:  77% (1225/1590), 223.57 MiB | 89.43 MiB/s
2025-04-15T08:45:24.0614474Z Receiving objects:  78% (1241/1590), 223.57 MiB | 89.43 MiB/s
2025-04-15T08:45:24.0619323Z Receiving objects:  79% (1257/1590), 223.57 MiB | 89.43 MiB/s
2025-04-15T08:45:24.0623866Z Receiving objects:  80% (1272/1590), 223.57 MiB | 89.43 MiB/s
2025-04-15T08:45:24.0903242Z Receiving objects:  81% (1288/1590), 223.57 MiB | 89.43 MiB/s
2025-04-15T08:45:24.1006710Z Receiving objects:  82% (1304/1590), 223.57 MiB | 89.43 MiB/s
2025-04-15T08:45:24.1275812Z Receiving objects:  82% (1308/1590), 223.57 MiB | 89.43 MiB/s
2025-04-15T08:45:24.1339671Z Receiving objects:  83% (1320/1590), 261.01 MiB | 87.00 MiB/s
2025-04-15T08:45:24.1362807Z Receiving objects:  84% (1336/1590), 261.01 MiB | 87.00 MiB/s
2025-04-15T08:45:24.1369602Z Receiving objects:  85% (1352/1590), 261.01 MiB | 87.00 MiB/s
2025-04-15T08:45:24.1373160Z Receiving objects:  86% (1368/1590), 261.01 MiB | 87.00 MiB/s
2025-04-15T08:45:24.1377559Z Receiving objects:  87% (1384/1590), 261.01 MiB | 87.00 MiB/s
2025-04-15T08:45:24.1382017Z Receiving objects:  88% (1400/1590), 261.01 MiB | 87.00 MiB/s
2025-04-15T08:45:24.1386062Z Receiving objects:  89% (1416/1590), 261.01 MiB | 87.00 MiB/s
2025-04-15T08:45:24.1388288Z Receiving objects:  90% (1431/1590), 261.01 MiB | 87.00 MiB/s
2025-04-15T08:45:24.1394564Z Receiving objects:  91% (1447/1590), 261.01 MiB | 87.00 MiB/s
2025-04-15T08:45:24.1398236Z Receiving objects:  92% (1463/1590), 261.01 MiB | 87.00 MiB/s
2025-04-15T08:45:24.1402114Z Receiving objects:  93% (1479/1590), 261.01 MiB | 87.00 MiB/s
2025-04-15T08:45:24.1405168Z Receiving objects:  94% (1495/1590), 261.01 MiB | 87.00 MiB/s
2025-04-15T08:45:24.1410740Z Receiving objects:  95% (1511/1590), 261.01 MiB | 87.00 MiB/s
2025-04-15T08:45:24.1430309Z Receiving objects:  96% (1527/1590), 261.01 MiB | 87.00 MiB/s
2025-04-15T08:45:24.1436102Z Receiving objects:  97% (1543/1590), 261.01 MiB | 87.00 MiB/s
2025-04-15T08:45:24.1439380Z Receiving objects:  98% (1559/1590), 261.01 MiB | 87.00 MiB/s
2025-04-15T08:45:24.1493921Z Receiving objects:  99% (1575/1590), 261.01 MiB | 87.00 MiB/s
2025-04-15T08:45:24.1495866Z remote: Total 1590 (delta 119), reused 1034 (delta 63), pack-reused 0 (from 0)        
2025-04-15T08:45:24.1500284Z Receiving objects: 100% (1590/1590), 261.01 MiB | 87.00 MiB/s
2025-04-15T08:45:24.1501254Z Receiving objects: 100% (1590/1590), 264.73 MiB | 86.86 MiB/s, done.
2025-04-15T08:45:24.1509685Z Resolving deltas:   0% (0/119)
2025-04-15T08:45:24.1511163Z Resolving deltas:   1% (2/119)
2025-04-15T08:45:24.1513193Z Resolving deltas:   2% (3/119)
2025-04-15T08:45:24.1514236Z Resolving deltas:   3% (4/119)
2025-04-15T08:45:24.1517674Z Resolving deltas:   4% (5/119)
2025-04-15T08:45:24.1520495Z Resolving deltas:   5% (6/119)
2025-04-15T08:45:24.1522465Z Resolving deltas:   6% (8/119)
2025-04-15T08:45:24.1526406Z Resolving deltas:   7% (9/119)
2025-04-15T08:45:24.1528257Z Resolving deltas:   8% (10/119)
2025-04-15T08:45:24.1531884Z Resolving deltas:   9% (11/119)
2025-04-15T08:45:24.1536425Z Resolving deltas:  10% (12/119)
2025-04-15T08:45:24.1537680Z Resolving deltas:  11% (14/119)
2025-04-15T08:45:24.1538684Z Resolving deltas:  12% (15/119)
2025-04-15T08:45:24.1542886Z Resolving deltas:  14% (17/119)
2025-04-15T08:45:24.1543374Z Resolving deltas:  15% (18/119)
2025-04-15T08:45:24.1545130Z Resolving deltas:  16% (20/119)
2025-04-15T08:45:24.1545853Z Resolving deltas:  17% (21/119)
2025-04-15T08:45:24.1546409Z Resolving deltas:  18% (22/119)
2025-04-15T08:45:24.1547920Z Resolving deltas:  19% (23/119)
2025-04-15T08:45:24.1548798Z Resolving deltas:  20% (24/119)
2025-04-15T08:45:24.1550759Z Resolving deltas:  21% (25/119)
2025-04-15T08:45:24.1552168Z Resolving deltas:  22% (27/119)
2025-04-15T08:45:24.1552628Z Resolving deltas:  23% (28/119)
2025-04-15T08:45:24.1553248Z Resolving deltas:  24% (29/119)
2025-04-15T08:45:24.1554278Z Resolving deltas:  26% (31/119)
2025-04-15T08:45:24.1555375Z Resolving deltas:  28% (34/119)
2025-04-15T08:45:24.1555815Z Resolving deltas:  29% (35/119)
2025-04-15T08:45:24.1558760Z Resolving deltas:  30% (36/119)
2025-04-15T08:45:24.1559243Z Resolving deltas:  31% (37/119)
2025-04-15T08:45:24.1559687Z Resolving deltas:  32% (39/119)
2025-04-15T08:45:24.1559988Z Resolving deltas:  33% (40/119)
2025-04-15T08:45:24.1560271Z Resolving deltas:  34% (41/119)
2025-04-15T08:45:24.1560684Z Resolving deltas:  35% (42/119)
2025-04-15T08:45:24.1561601Z Resolving deltas:  36% (44/119)
2025-04-15T08:45:24.1562019Z Resolving deltas:  37% (45/119)
2025-04-15T08:45:24.1562421Z Resolving deltas:  38% (46/119)
2025-04-15T08:45:24.1562812Z Resolving deltas:  39% (47/119)
2025-04-15T08:45:24.1563208Z Resolving deltas:  40% (48/119)
2025-04-15T08:45:24.1563601Z Resolving deltas:  41% (49/119)
2025-04-15T08:45:24.1563995Z Resolving deltas:  42% (50/119)
2025-04-15T08:45:24.1564394Z Resolving deltas:  43% (52/119)
2025-04-15T08:45:24.1564813Z Resolving deltas:  44% (53/119)
2025-04-15T08:45:24.1565210Z Resolving deltas:  45% (54/119)
2025-04-15T08:45:24.1565570Z Resolving deltas:  46% (55/119)
2025-04-15T08:45:24.1565803Z Resolving deltas:  47% (56/119)
2025-04-15T08:45:24.1566061Z Resolving deltas:  48% (58/119)
2025-04-15T08:45:24.1566303Z Resolving deltas:  49% (59/119)
2025-04-15T08:45:24.1566528Z Resolving deltas:  50% (60/119)
2025-04-15T08:45:24.1566758Z Resolving deltas:  51% (61/119)
2025-04-15T08:45:24.1567169Z Resolving deltas:  52% (62/119)
2025-04-15T08:45:24.1567412Z Resolving deltas:  53% (64/119)
2025-04-15T08:45:24.1567647Z Resolving deltas:  54% (65/119)
2025-04-15T08:45:24.1567891Z Resolving deltas:  55% (66/119)
2025-04-15T08:45:24.1568123Z Resolving deltas:  56% (67/119)
2025-04-15T08:45:24.1568357Z Resolving deltas:  57% (68/119)
2025-04-15T08:45:24.1568741Z Resolving deltas:  58% (70/119)
2025-04-15T08:45:24.1569084Z Resolving deltas:  59% (71/119)
2025-04-15T08:45:24.1569483Z Resolving deltas:  60% (72/119)
2025-04-15T08:45:24.1569725Z Resolving deltas:  61% (73/119)
2025-04-15T08:45:24.1569950Z Resolving deltas:  63% (75/119)
2025-04-15T08:45:24.1570195Z Resolving deltas:  64% (77/119)
2025-04-15T08:45:24.1570423Z Resolving deltas:  65% (78/119)
2025-04-15T08:45:24.1571457Z Resolving deltas:  66% (79/119)
2025-04-15T08:45:24.1571689Z Resolving deltas:  67% (80/119)
2025-04-15T08:45:24.1571942Z Resolving deltas:  68% (81/119)
2025-04-15T08:45:24.1572176Z Resolving deltas:  70% (84/119)
2025-04-15T08:45:24.1572406Z Resolving deltas:  71% (85/119)
2025-04-15T08:45:24.1572636Z Resolving deltas:  72% (86/119)
2025-04-15T08:45:24.1572893Z Resolving deltas:  73% (87/119)
2025-04-15T08:45:24.1573118Z Resolving deltas:  74% (89/119)
2025-04-15T08:45:24.1573351Z Resolving deltas:  75% (90/119)
2025-04-15T08:45:24.1573572Z Resolving deltas:  76% (91/119)
2025-04-15T08:45:24.1573799Z Resolving deltas:  77% (92/119)
2025-04-15T08:45:24.1574025Z Resolving deltas:  78% (93/119)
2025-04-15T08:45:24.1574253Z Resolving deltas:  79% (95/119)
2025-04-15T08:45:24.1574497Z Resolving deltas:  80% (96/119)
2025-04-15T08:45:24.1574727Z Resolving deltas:  81% (97/119)
2025-04-15T08:45:24.1574947Z Resolving deltas:  83% (99/119)
2025-04-15T08:45:24.1575189Z Resolving deltas:  84% (100/119)
2025-04-15T08:45:24.1575433Z Resolving deltas:  85% (102/119)
2025-04-15T08:45:24.1575677Z Resolving deltas:  86% (103/119)
2025-04-15T08:45:24.1575906Z Resolving deltas:  87% (104/119)
2025-04-15T08:45:24.1576149Z Resolving deltas:  88% (105/119)
2025-04-15T08:45:24.1576382Z Resolving deltas:  89% (106/119)
2025-04-15T08:45:24.1576612Z Resolving deltas:  90% (108/119)
2025-04-15T08:45:24.1576847Z Resolving deltas:  91% (109/119)
2025-04-15T08:45:24.1577078Z Resolving deltas:  93% (111/119)
2025-04-15T08:45:24.1577312Z Resolving deltas:  94% (112/119)
2025-04-15T08:45:24.1577540Z Resolving deltas:  95% (114/119)
2025-04-15T08:45:24.1577770Z Resolving deltas:  96% (115/119)
2025-04-15T08:45:24.1577993Z Resolving deltas:  97% (116/119)
2025-04-15T08:45:24.1578228Z Resolving deltas:  98% (117/119)
2025-04-15T08:45:24.1578455Z Resolving deltas:  99% (118/119)
2025-04-15T08:45:24.1578685Z Resolving deltas: 100% (119/119)
2025-04-15T08:45:24.1578925Z Resolving deltas: 100% (119/119), done.
2025-04-15T08:45:24.5987092Z From https://github.com/menloresearch/jan
2025-04-15T08:45:24.5987732Z  * [new branch]      m/chore/tauri-code-sign -> origin/m/chore/tauri-code-sign
2025-04-15T08:45:24.6298433Z ##[endgroup]
2025-04-15T08:45:24.6299326Z ##[group]Determining the checkout info
2025-04-15T08:45:24.6302140Z ##[endgroup]
2025-04-15T08:45:24.6302761Z ##[group]Checking out the ref
2025-04-15T08:45:24.6312030Z [command]"C:\Program Files\Git\bin\git.exe" checkout --progress --force -B m/chore/tauri-code-sign refs/remotes/origin/m/chore/tauri-code-sign
2025-04-15T08:45:25.7198326Z Updating files:  19% (246/1291)
2025-04-15T08:45:25.7678823Z Updating files:  20% (259/1291)
2025-04-15T08:45:25.7759472Z Updating files:  21% (272/1291)
2025-04-15T08:45:25.7789937Z Updating files:  22% (285/1291)
2025-04-15T08:45:25.7817546Z Updating files:  23% (297/1291)
2025-04-15T08:45:25.7847034Z Updating files:  24% (310/1291)
2025-04-15T08:45:25.7910427Z Updating files:  25% (323/1291)
2025-04-15T08:45:25.7933473Z Updating files:  26% (336/1291)
2025-04-15T08:45:25.7952653Z Updating files:  27% (349/1291)
2025-04-15T08:45:25.7972024Z Updating files:  28% (362/1291)
2025-04-15T08:45:25.8053186Z Updating files:  29% (375/1291)
2025-04-15T08:45:25.8081244Z Updating files:  30% (388/1291)
2025-04-15T08:45:25.8096835Z Updating files:  31% (401/1291)
2025-04-15T08:45:25.8114757Z Updating files:  32% (414/1291)
2025-04-15T08:45:25.8177985Z Updating files:  33% (427/1291)
2025-04-15T08:45:25.8340475Z Updating files:  34% (439/1291)
2025-04-15T08:45:25.8540900Z Updating files:  35% (452/1291)
2025-04-15T08:45:25.8695369Z Updating files:  36% (465/1291)
2025-04-15T08:45:25.8857020Z Updating files:  37% (478/1291)
2025-04-15T08:45:25.9026513Z Updating files:  38% (491/1291)
2025-04-15T08:45:25.9050986Z Updating files:  39% (504/1291)
2025-04-15T08:45:25.9071348Z Updating files:  40% (517/1291)
2025-04-15T08:45:25.9092660Z Updating files:  41% (530/1291)
2025-04-15T08:45:25.9168420Z Updating files:  42% (543/1291)
2025-04-15T08:45:26.0031529Z Updating files:  43% (556/1291)
2025-04-15T08:45:26.0247167Z Updating files:  44% (569/1291)
2025-04-15T08:45:26.0620560Z Updating files:  45% (581/1291)
2025-04-15T08:45:26.0644835Z Updating files:  46% (594/1291)
2025-04-15T08:45:26.0668732Z Updating files:  47% (607/1291)
2025-04-15T08:45:26.0724228Z Updating files:  48% (620/1291)
2025-04-15T08:45:26.0758950Z Updating files:  49% (633/1291)
2025-04-15T08:45:26.0776883Z Updating files:  50% (646/1291)
2025-04-15T08:45:26.0793029Z Updating files:  51% (659/1291)
2025-04-15T08:45:26.0814489Z Updating files:  52% (672/1291)
2025-04-15T08:45:26.0833141Z Updating files:  53% (685/1291)
2025-04-15T08:45:26.0853594Z Updating files:  54% (698/1291)
2025-04-15T08:45:26.0874267Z Updating files:  55% (711/1291)
2025-04-15T08:45:26.0897036Z Updating files:  56% (723/1291)
2025-04-15T08:45:26.0920376Z Updating files:  57% (736/1291)
2025-04-15T08:45:26.0942189Z Updating files:  58% (749/1291)
2025-04-15T08:45:26.0981673Z Updating files:  59% (762/1291)
2025-04-15T08:45:26.1003022Z Updating files:  60% (775/1291)
2025-04-15T08:45:26.1025200Z Updating files:  61% (788/1291)
2025-04-15T08:45:26.1044057Z Updating files:  62% (801/1291)
2025-04-15T08:45:26.1070395Z Updating files:  63% (814/1291)
2025-04-15T08:45:26.1097847Z Updating files:  64% (827/1291)
2025-04-15T08:45:26.1129349Z Updating files:  65% (840/1291)
2025-04-15T08:45:26.1149297Z Updating files:  66% (853/1291)
2025-04-15T08:45:26.1170865Z Updating files:  67% (865/1291)
2025-04-15T08:45:26.1196269Z Updating files:  68% (878/1291)
2025-04-15T08:45:26.1222577Z Updating files:  69% (891/1291)
2025-04-15T08:45:26.1248346Z Updating files:  70% (904/1291)
2025-04-15T08:45:26.1271431Z Updating files:  71% (917/1291)
2025-04-15T08:45:26.1294401Z Updating files:  72% (930/1291)
2025-04-15T08:45:26.1316604Z Updating files:  73% (943/1291)
2025-04-15T08:45:26.1334720Z Updating files:  74% (956/1291)
2025-04-15T08:45:26.1353943Z Updating files:  75% (969/1291)
2025-04-15T08:45:26.1374372Z Updating files:  76% (982/1291)
2025-04-15T08:45:26.1395958Z Updating files:  77% (995/1291)
2025-04-15T08:45:26.1416243Z Updating files:  78% (1007/1291)
2025-04-15T08:45:26.1434433Z Updating files:  79% (1020/1291)
2025-04-15T08:45:26.1454490Z Updating files:  80% (1033/1291)
2025-04-15T08:45:26.1473375Z Updating files:  81% (1046/1291)
2025-04-15T08:45:26.1564764Z Updating files:  82% (1059/1291)
2025-04-15T08:45:26.1707031Z Updating files:  83% (1072/1291)
2025-04-15T08:45:26.1795131Z Updating files:  84% (1085/1291)
2025-04-15T08:45:26.1829223Z Updating files:  85% (1098/1291)
2025-04-15T08:45:26.1861481Z Updating files:  86% (1111/1291)
2025-04-15T08:45:26.1884253Z Updating files:  87% (1124/1291)
2025-04-15T08:45:26.1909250Z Updating files:  88% (1137/1291)
2025-04-15T08:45:26.1933940Z Updating files:  89% (1149/1291)
2025-04-15T08:45:26.1959560Z Updating files:  90% (1162/1291)
2025-04-15T08:45:26.1988488Z Updating files:  91% (1175/1291)
2025-04-15T08:45:26.2018806Z Updating files:  92% (1188/1291)
2025-04-15T08:45:26.2041153Z Updating files:  93% (1201/1291)
2025-04-15T08:45:26.2061123Z Updating files:  94% (1214/1291)
2025-04-15T08:45:26.2086606Z Updating files:  95% (1227/1291)
2025-04-15T08:45:26.2107061Z Updating files:  96% (1240/1291)
2025-04-15T08:45:26.2125233Z Updating files:  97% (1253/1291)
2025-04-15T08:45:26.2140603Z Updating files:  98% (1266/1291)
2025-04-15T08:45:26.2197019Z Updating files:  99% (1279/1291)
2025-04-15T08:45:26.2197635Z Updating files: 100% (1291/1291)
2025-04-15T08:45:26.2197934Z Updating files: 100% (1291/1291), done.
2025-04-15T08:45:26.2326412Z branch 'm/chore/tauri-code-sign' set up to track 'origin/m/chore/tauri-code-sign'.
2025-04-15T08:45:26.2332310Z Switched to a new branch 'm/chore/tauri-code-sign'
2025-04-15T08:45:26.2582324Z ##[endgroup]
2025-04-15T08:45:26.2839278Z [command]"C:\Program Files\Git\bin\git.exe" log -1 --format='%H'
2025-04-15T08:45:26.3035376Z 'd0972cb7f8be9c7bd0069ffb8ff70cbed9ef2964'
2025-04-15T08:45:26.3493739Z ##[group]Run rm -rf electron/icons/*
2025-04-15T08:45:26.3494154Z [36;1mrm -rf electron/icons/*[0m
2025-04-15T08:45:26.3494423Z [36;1m[0m
2025-04-15T08:45:26.3494787Z [36;1mcp electron/icons_dev/jan-nightly-512x512.png electron/icons/512x512.png[0m
2025-04-15T08:45:26.3495311Z [36;1mcp electron/icons_dev/jan-nightly.ico electron/icons/icon.ico[0m
2025-04-15T08:45:26.3495792Z [36;1mcp electron/icons_dev/jan-nightly.png electron/icons/icon.png[0m
2025-04-15T08:45:26.3496314Z [36;1mcp electron/icons_dev/jan-nightly-tray@2x.png electron/icons/icon-tray@2x.png[0m
2025-04-15T08:45:26.3496864Z [36;1mcp electron/icons_dev/jan-nightly-tray.png electron/icons/icon-tray.png[0m
2025-04-15T08:45:26.3513167Z shell: C:\Program Files\Git\bin\bash.EXE --noprofile --norc -e -o pipefail {0}
2025-04-15T08:45:26.3513583Z ##[endgroup]
2025-04-15T08:45:26.9623078Z ##[group]Run actions/setup-node@v1
2025-04-15T08:45:26.9623424Z with:
2025-04-15T08:45:26.9623655Z   node-version: 20
2025-04-15T08:45:26.9623875Z   always-auth: false
2025-04-15T08:45:26.9624093Z ##[endgroup]
2025-04-15T08:45:28.1298263Z [command]C:\hostedtoolcache\windows\node\20.19.0\x64\node.exe --version
2025-04-15T08:45:30.4763013Z v20.19.0
2025-04-15T08:45:30.4815622Z [command]C:\Windows\system32\cmd.exe /D /S /C "C:\hostedtoolcache\windows\node\20.19.0\x64\npm.cmd --version"
2025-04-15T08:45:38.3033056Z 10.8.2
2025-04-15T08:45:38.3382304Z ##[group]Run dcarbone/install-jq-action@v2.0.1
2025-04-15T08:45:38.3382683Z with:
2025-04-15T08:45:38.3382876Z   version: 1.7
2025-04-15T08:45:38.3383084Z   force: false
2025-04-15T08:45:38.3383270Z ##[endgroup]
2025-04-15T08:45:38.3558311Z ##[group]Run if (Get-Command "jq.exe" -ErrorAction SilentlyContinue)
2025-04-15T08:45:38.3558800Z [36;1mif (Get-Command "jq.exe" -ErrorAction SilentlyContinue)[0m
2025-04-15T08:45:38.3559146Z [36;1m{[0m
2025-04-15T08:45:38.3559396Z [36;1m    Add-Content $Env:GITHUB_OUTPUT "found=true"[0m
2025-04-15T08:45:38.3559719Z [36;1m}[0m
2025-04-15T08:45:38.3559907Z [36;1melse[0m
2025-04-15T08:45:38.3560142Z [36;1m{[0m
2025-04-15T08:45:38.3572722Z [36;1m    Add-Content $Env:GITHUB_OUTPUT "found=false"[0m
2025-04-15T08:45:38.3573099Z [36;1m}[0m
2025-04-15T08:45:38.3604134Z shell: C:\Windows\System32\WindowsPowerShell\v1.0\powershell.EXE -command ". '{0}'"
2025-04-15T08:45:38.3604563Z ##[endgroup]
2025-04-15T08:45:38.6070680Z ##[group]Run echo "Version: 0.5.16-1269"
2025-04-15T08:45:38.6071114Z [36;1mecho "Version: 0.5.16-1269"[0m
2025-04-15T08:45:38.6071466Z [36;1m# Update the version in electron/package.json[0m
2025-04-15T08:45:38.6071978Z [36;1mjq --arg version "0.5.16-1269" '.version = $version' electron/package.json > /tmp/package.json[0m
2025-04-15T08:45:38.6072465Z [36;1mmv /tmp/package.json electron/package.json[0m
2025-04-15T08:45:38.6072751Z [36;1m[0m
2025-04-15T08:45:38.6073103Z [36;1mjq --arg version "0.5.16-1269" '.version = $version' web/package.json > /tmp/package.json[0m
2025-04-15T08:45:38.6073570Z [36;1mmv /tmp/package.json web/package.json[0m
2025-04-15T08:45:38.6073841Z [36;1m[0m
2025-04-15T08:45:38.6075017Z [36;1mjq '.build.publish = [{"provider": "generic", "url": "https://delta.jan.ai/nightly", "channel": "latest"}, {"provider": "s3", "acl": null, "bucket": "***", "region": "***", "path": "temp-nightly", "channel": "latest"}]' electron/package.json > /tmp/package.json[0m
2025-04-15T08:45:38.6075871Z [36;1mmv /tmp/package.json electron/package.json[0m
2025-04-15T08:45:38.6076165Z [36;1m[0m
2025-04-15T08:45:38.6076488Z [36;1mjq '.build.win.sign = "./sign.js"' electron/package.json > /tmp/package.json[0m
2025-04-15T08:45:38.6076925Z [36;1mmv /tmp/package.json electron/package.json[0m
2025-04-15T08:45:38.6077242Z [36;1mcat electron/package.json[0m
2025-04-15T08:45:38.6077500Z [36;1m[0m
2025-04-15T08:45:38.6077732Z [36;1mchmod +x .github/scripts/rename-app.sh[0m
2025-04-15T08:45:38.6078142Z [36;1m.github/scripts/rename-app.sh ./electron/package.json nightly[0m
2025-04-15T08:45:38.6078744Z [36;1mchmod +x .github/scripts/rename-workspace.sh[0m
2025-04-15T08:45:38.6079150Z [36;1m.github/scripts/rename-workspace.sh ./package.json nightly[0m
2025-04-15T08:45:38.6079551Z [36;1mchmod +x .github/scripts/rename-uninstaller.sh[0m
2025-04-15T08:45:38.6079916Z [36;1m.github/scripts/rename-uninstaller.sh nightly[0m
2025-04-15T08:45:38.6080232Z [36;1mecho "------------------------"[0m
2025-04-15T08:45:38.6080515Z [36;1mcat ./electron/package.json[0m
2025-04-15T08:45:38.6080781Z [36;1mecho "------------------------"[0m
2025-04-15T08:45:38.6081050Z [36;1mcat ./package.json[0m
2025-04-15T08:45:38.6081340Z [36;1mecho "------------------------"[0m
2025-04-15T08:45:38.6092018Z shell: C:\Program Files\Git\bin\bash.EXE --noprofile --norc -e -o pipefail {0}
2025-04-15T08:45:38.6092410Z ##[endgroup]
2025-04-15T08:45:38.6375742Z Version: 0.5.16-1269
2025-04-15T08:45:39.6412422Z {
2025-04-15T08:45:39.6412937Z   "name": "jan",
2025-04-15T08:45:39.6413471Z   "version": "0.5.16-1269",
2025-04-15T08:45:39.6413880Z   "main": "./build/main.js",
2025-04-15T08:45:39.6414534Z   "author": "Jan <service@jan.ai>",
2025-04-15T08:45:39.6415344Z   "license": "MIT",
2025-04-15T08:45:39.6416179Z   "productName": "Jan",
2025-04-15T08:45:39.6417284Z   "homepage": "https://github.com/menloresearch/jan/tree/main/electron",
2025-04-15T08:45:39.6419182Z   "description": "Use offline LLMs with your own data. Run open source models like Llama2 or Falcon on your internal computers/servers.",
2025-04-15T08:45:39.6420390Z   "build": {
2025-04-15T08:45:39.6420786Z     "appId": "jan.ai.app",
2025-04-15T08:45:39.6421254Z     "productName": "Jan",
2025-04-15T08:45:39.6421508Z     "files": [
2025-04-15T08:45:39.6421743Z       "renderer/**/*",
2025-04-15T08:45:39.6421995Z       "build/**/*.{js,map}",
2025-04-15T08:45:39.6422251Z       "pre-install",
2025-04-15T08:45:39.6422478Z       "themes",
2025-04-15T08:45:39.6422704Z       "scripts/**/*",
2025-04-15T08:45:39.6422946Z       "icons/**/*",
2025-04-15T08:45:39.6423167Z       "themes",
2025-04-15T08:45:39.6423374Z       "shared"
2025-04-15T08:45:39.6423579Z     ],
2025-04-15T08:45:39.6423777Z     "asarUnpack": [
2025-04-15T08:45:39.6424008Z       "pre-install",
2025-04-15T08:45:39.6424227Z       "themes",
2025-04-15T08:45:39.6424433Z       "docs",
2025-04-15T08:45:39.6424640Z       "scripts",
2025-04-15T08:45:39.6427387Z       "icons",
2025-04-15T08:45:39.6427867Z       "themes",
2025-04-15T08:45:39.6428249Z       "shared"
2025-04-15T08:45:39.6428564Z     ],
2025-04-15T08:45:39.6428775Z     "publish": [
2025-04-15T08:45:39.6429033Z       {
2025-04-15T08:45:39.6429278Z         "provider": "generic",
2025-04-15T08:45:39.6429875Z         "url": "https://delta.jan.ai/nightly",
2025-04-15T08:45:39.6430433Z         "channel": "latest"
2025-04-15T08:45:39.6430851Z       },
2025-04-15T08:45:39.6431172Z       {
2025-04-15T08:45:39.6431522Z         "provider": "s3",
2025-04-15T08:45:39.6431964Z         "acl": null,
2025-04-15T08:45:39.6432557Z         "bucket": "***",
2025-04-15T08:45:39.6433005Z         "region": "***",
2025-04-15T08:45:39.6433292Z         "path": "temp-nightly",
2025-04-15T08:45:39.6433559Z         "channel": "latest"
2025-04-15T08:45:39.6433786Z       }
2025-04-15T08:45:39.6433964Z     ],
2025-04-15T08:45:39.6434153Z     "extends": null,
2025-04-15T08:45:39.6434381Z     "mac": {
2025-04-15T08:45:39.6434598Z       "type": "distribution",
2025-04-15T08:45:39.6434919Z       "entitlements": "./entitlements.mac.plist",
2025-04-15T08:45:39.6435306Z       "entitlementsInherit": "./entitlements.mac.plist",
2025-04-15T08:45:39.6435634Z       "notarize": {
2025-04-15T08:45:39.6435874Z         "teamId": "F8AH6NHVY5"
2025-04-15T08:45:39.6436111Z       },
2025-04-15T08:45:39.6436320Z       "icon": "icons/icon.png"
2025-04-15T08:45:39.6436551Z     },
2025-04-15T08:45:39.6436730Z     "linux": {
2025-04-15T08:45:39.6436928Z       "target": [
2025-04-15T08:45:39.6437332Z         "deb"
2025-04-15T08:45:39.6437520Z       ],
2025-04-15T08:45:39.6437714Z       "category": "Utility",
2025-04-15T08:45:39.6437957Z       "icon": "icons/"
2025-04-15T08:45:39.6438164Z     },
2025-04-15T08:45:39.6438340Z     "win": {
2025-04-15T08:45:39.6438564Z       "icon": "icons/icon.png",
2025-04-15T08:45:39.6438802Z       "target": [
2025-04-15T08:45:39.6439004Z         "nsis"
2025-04-15T08:45:39.6439195Z       ],
2025-04-15T08:45:39.6439386Z       "sign": "./sign.js"
2025-04-15T08:45:39.6439601Z     },
2025-04-15T08:45:39.6439785Z     "nsis": {
2025-04-15T08:45:39.6439990Z       "oneClick": true,
2025-04-15T08:45:39.6440255Z       "installerIcon": "icons/icon.ico",
2025-04-15T08:45:39.6440605Z       "uninstallerIcon": "icons/icon.ico",
2025-04-15T08:45:39.6440932Z       "include": "scripts/uninstaller.nsh",
2025-04-15T08:45:39.6441254Z       "deleteAppDataOnUninstall": true
2025-04-15T08:45:39.6441571Z     },
2025-04-15T08:45:39.6441903Z     "protocols": [
2025-04-15T08:45:39.6442265Z       {
2025-04-15T08:45:39.6442579Z         "name": "Jan",
2025-04-15T08:45:39.6442953Z         "schemes": [
2025-04-15T08:45:39.6443543Z           "jan"
2025-04-15T08:45:39.6443885Z         ]
2025-04-15T08:45:39.6444201Z       }
2025-04-15T08:45:39.6444502Z     ],
2025-04-15T08:45:39.6444993Z     "artifactName": "jan-${os}-${arch}-${version}.${ext}"
2025-04-15T08:45:39.6445531Z   },
2025-04-15T08:45:39.6445851Z   "scripts": {
2025-04-15T08:45:39.6446467Z     "lint": "eslint . --ext \".js,.jsx,.ts,.tsx\"",
2025-04-15T08:45:39.6447250Z     "test:e2e": "DEBUG=pw:browser xvfb-maybe -- playwright test --workers=1",
2025-04-15T08:45:39.6448342Z     "copy:assets": "rimraf --glob \"./pre-install/*.tgz\" && cpx \"../pre-install/*.tgz\" \"./pre-install\"",
2025-04-15T08:45:39.6449213Z     "version-patch": "run-script-os",
2025-04-15T08:45:39.6450578Z     "version-patch:darwin:linux": "jq '.version' package.json | tr -d '\"' > .version.bak && jq --arg ver \"0.1.$(date +%s)\" '.version = $ver' package.json > package.tmp && mv package.tmp package.json",
2025-04-15T08:45:39.6453183Z     "version-patch:win32": "node -e \"const fs=require('fs');const pkg=require('./package.json');const bak=pkg.version;fs.writeFileSync('.version.bak',bak);pkg.version='0.1.'+Math.floor(Date.now()/1000);fs.writeFileSync('package.json',JSON.stringify(pkg,null,2));\"",
2025-04-15T08:45:39.6455431Z     "version-restore": "run-script-os",
2025-04-15T08:45:39.6456869Z     "version-restore:darwin:linux": "jq --arg ver $(cat .version.bak) '.version = $ver' package.json > package.tmp && mv package.tmp package.json && rm .version.bak",
2025-04-15T08:45:39.6458766Z     "version-restore:win32": "node -e \"const fs=require('fs');const pkg=require('./package.json');const bak=fs.readFileSync('.version.bak','utf8');pkg.version=bak;fs.writeFileSync('package.json',JSON.stringify(pkg,null,2));\"",
2025-04-15T08:45:39.6459913Z     "dev:darwin:linux": "yarn copy:assets && tsc -p . && yarn version-patch && electron . && yarn version-restore",
2025-04-15T08:45:39.6460518Z     "dev:windows": "yarn copy:assets && tsc -p . && electron .",
2025-04-15T08:45:39.6460872Z     "dev": "run-script-os",
2025-04-15T08:45:39.6461147Z     "compile": "tsc -p .",
2025-04-15T08:45:39.6461389Z     "start": "electron .",
2025-04-15T08:45:39.6461705Z     "build": "yarn copy:assets && run-script-os",
2025-04-15T08:45:39.6462084Z     "build:test": "yarn copy:assets && run-script-os",
2025-04-15T08:45:39.6462813Z     "build:test:darwin": "tsc -p . && electron-builder -p never -m --dir",
2025-04-15T08:45:39.6463345Z     "build:test:win32": "tsc -p . && electron-builder -p never -w --dir",
2025-04-15T08:45:39.6463828Z     "build:test:linux": "tsc -p . && electron-builder -p never -l --dir",
2025-04-15T08:45:39.6464321Z     "build:darwin": "tsc -p . && electron-builder -p never -m --universal",
2025-04-15T08:45:39.6464803Z     "build:win32": "tsc -p . && electron-builder -p never -w",
2025-04-15T08:45:39.6465453Z     "build:linux": "tsc -p . && electron-builder -p never -l deb -l AppImage",
2025-04-15T08:45:39.6466431Z     "build:publish": "yarn copy:assets && run-script-os",
2025-04-15T08:45:39.6467164Z     "build:publish:darwin": "tsc -p . && electron-builder -p always -m --universal",
2025-04-15T08:45:39.6467695Z     "build:publish:win32": "tsc -p . && electron-builder -p always -w",
2025-04-15T08:45:39.6468220Z     "build:publish:linux": "tsc -p . && electron-builder -p always -l deb -l AppImage"
2025-04-15T08:45:39.6468608Z   },
2025-04-15T08:45:39.6468799Z   "dependencies": {
2025-04-15T08:45:39.6469058Z     "@alumna/reflect": "^1.1.3",
2025-04-15T08:45:39.6469341Z     "@janhq/core": "link:../core",
2025-04-15T08:45:39.6469632Z     "@janhq/server": "link:../server",
2025-04-15T08:45:39.6469953Z     "@kirillvakalov/nut-tree__nut-js": "4.2.1-2",
2025-04-15T08:45:39.6470274Z     "@npmcli/arborist": "^7.1.0",
2025-04-15T08:45:39.6470551Z     "electron-store": "^8.1.0",
2025-04-15T08:45:39.6470826Z     "electron-updater": "^6.1.7",
2025-04-15T08:45:39.6471091Z     "fs-extra": "^11.2.0",
2025-04-15T08:45:39.6471362Z     "pacote": "^21.0.0",
2025-04-15T08:45:39.6471730Z     "request": "^2.88.2",
2025-04-15T08:45:39.6472142Z     "request-progress": "^3.0.0",
2025-04-15T08:45:39.6472547Z     "ulidx": "^2.3.0"
2025-04-15T08:45:39.6472756Z   },
2025-04-15T08:45:39.6472954Z   "devDependencies": {
2025-04-15T08:45:39.6473213Z     "@electron/notarize": "^2.5.0",
2025-04-15T08:45:39.6473508Z     "@playwright/test": "^1.38.1",
2025-04-15T08:45:39.6473838Z     "@reportportal/agent-js-playwright": "^5.1.7",
2025-04-15T08:45:39.6474189Z     "@types/npmcli__arborist": "^5.6.4",
2025-04-15T08:45:39.6474487Z     "@types/pacote": "^11.1.7",
2025-04-15T08:45:39.6474764Z     "@types/request": "^2.48.12",
2025-04-15T08:45:39.6475074Z     "@typescript-eslint/eslint-plugin": "^6.7.3",
2025-04-15T08:45:39.6475416Z     "@typescript-eslint/parser": "^6.7.3",
2025-04-15T08:45:39.6475692Z     "electron": "30.0.6",
2025-04-15T08:45:39.6475959Z     "electron-builder": "^24.13.3",
2025-04-15T08:45:39.6476294Z     "electron-builder-squirrel-windows": "^24.13.3",
2025-04-15T08:45:39.6476661Z     "electron-devtools-installer": "^3.2.0",
2025-04-15T08:45:39.6476991Z     "electron-playwright-helpers": "^1.6.0",
2025-04-15T08:45:39.6477278Z     "eslint": "8.57.0",
2025-04-15T08:45:39.6477534Z     "eslint-plugin-react": "^7.34.0",
2025-04-15T08:45:39.6477921Z     "rimraf": "^5.0.5",
2025-04-15T08:45:39.6478179Z     "run-script-os": "^1.1.6",
2025-04-15T08:45:39.6478438Z     "typescript": "^5.3.3",
2025-04-15T08:45:39.6478676Z     "xvfb-maybe": "^0.2.1"
2025-04-15T08:45:39.6478892Z   },
2025-04-15T08:45:39.6479084Z   "installConfig": {
2025-04-15T08:45:39.6479429Z     "hoistingLimits": "workspaces"
2025-04-15T08:45:39.6479876Z   },
2025-04-15T08:45:39.6480260Z   "packageManager": "yarn@4.5.3"
2025-04-15T08:45:39.6480927Z }
2025-04-15T08:45:39.8009755Z {
2025-04-15T08:45:39.8010667Z   "name": "jan-nightly",
2025-04-15T08:45:39.8011180Z   "version": "0.5.16-1269",
2025-04-15T08:45:39.8011677Z   "main": "./build/main.js",
2025-04-15T08:45:39.8012191Z   "author": "Jan <service@jan.ai>",
2025-04-15T08:45:39.8012675Z   "license": "MIT",
2025-04-15T08:45:39.8013099Z   "productName": "Jan-nightly",
2025-04-15T08:45:39.8013789Z   "homepage": "https://github.com/menloresearch/jan/tree/main/electron",
2025-04-15T08:45:39.8015076Z   "description": "Use offline LLMs with your own data. Run open source models like Llama2 or Falcon on your internal computers/servers.",
2025-04-15T08:45:39.8016042Z   "build": {
2025-04-15T08:45:39.8016439Z     "appId": "jan-nightly.ai.app",
2025-04-15T08:45:39.8016936Z     "productName": "Jan-nightly",
2025-04-15T08:45:39.8017369Z     "files": [
2025-04-15T08:45:39.8017704Z       "renderer/**/*",
2025-04-15T08:45:39.8018092Z       "build/**/*.{js,map}",
2025-04-15T08:45:39.8018493Z       "pre-install",
2025-04-15T08:45:39.8018724Z       "themes",
2025-04-15T08:45:39.8019061Z       "scripts/**/*",
2025-04-15T08:45:39.8019688Z       "icons/**/*",
2025-04-15T08:45:39.8019921Z       "themes",
2025-04-15T08:45:39.8020126Z       "shared"
2025-04-15T08:45:39.8020328Z     ],
2025-04-15T08:45:39.8020525Z     "asarUnpack": [
2025-04-15T08:45:39.8020766Z       "pre-install",
2025-04-15T08:45:39.8020994Z       "themes",
2025-04-15T08:45:39.8021187Z       "docs",
2025-04-15T08:45:39.8021385Z       "scripts",
2025-04-15T08:45:39.8021594Z       "icons",
2025-04-15T08:45:39.8021794Z       "themes",
2025-04-15T08:45:39.8021982Z       "shared"
2025-04-15T08:45:39.8022169Z     ],
2025-04-15T08:45:39.8022359Z     "publish": [
2025-04-15T08:45:39.8022553Z       {
2025-04-15T08:45:39.8022769Z         "provider": "generic",
2025-04-15T08:45:39.8023187Z         "url": "https://delta.jan.ai/nightly",
2025-04-15T08:45:39.8023513Z         "channel": "latest"
2025-04-15T08:45:39.8023742Z       },
2025-04-15T08:45:39.8023917Z       {
2025-04-15T08:45:39.8024112Z         "provider": "s3",
2025-04-15T08:45:39.8024336Z         "acl": null,
2025-04-15T08:45:39.8024732Z         "bucket": "***",
2025-04-15T08:45:39.8025018Z         "region": "***",
2025-04-15T08:45:39.8025284Z         "path": "temp-nightly",
2025-04-15T08:45:39.8025548Z         "channel": "latest"
2025-04-15T08:45:39.8025797Z       }
2025-04-15T08:45:39.8026094Z     ],
2025-04-15T08:45:39.8026434Z     "extends": null,
2025-04-15T08:45:39.8026787Z     "mac": {
2025-04-15T08:45:39.8027170Z       "type": "distribution",
2025-04-15T08:45:39.8027722Z       "entitlements": "./entitlements.mac.plist",
2025-04-15T08:45:39.8028412Z       "entitlementsInherit": "./entitlements.mac.plist",
2025-04-15T08:45:39.8028974Z       "notarize": {
2025-04-15T08:45:39.8029386Z         "teamId": "F8AH6NHVY5"
2025-04-15T08:45:39.8029814Z       },
2025-04-15T08:45:39.8030185Z       "icon": "icons/icon.png"
2025-04-15T08:45:39.8030588Z     },
2025-04-15T08:45:39.8030907Z     "linux": {
2025-04-15T08:45:39.8031249Z       "target": [
2025-04-15T08:45:39.8031576Z         "deb"
2025-04-15T08:45:39.8031901Z       ],
2025-04-15T08:45:39.8032227Z       "category": "Utility",
2025-04-15T08:45:39.8032617Z       "icon": "icons/"
2025-04-15T08:45:39.8032942Z     },
2025-04-15T08:45:39.8033227Z     "win": {
2025-04-15T08:45:39.8033577Z       "icon": "icons/icon.png",
2025-04-15T08:45:39.8033958Z       "target": [
2025-04-15T08:45:39.8034296Z         "nsis"
2025-04-15T08:45:39.8034609Z       ],
2025-04-15T08:45:39.8035192Z       "sign": "./sign.js"
2025-04-15T08:45:39.8035556Z     },
2025-04-15T08:45:39.8035745Z     "nsis": {
2025-04-15T08:45:39.8035953Z       "oneClick": true,
2025-04-15T08:45:39.8036352Z       "installerIcon": "icons/icon.ico",
2025-04-15T08:45:39.8036918Z       "uninstallerIcon": "icons/icon.ico",
2025-04-15T08:45:39.8037487Z       "include": "scripts/uninstaller.nsh",
2025-04-15T08:45:39.8038007Z       "deleteAppDataOnUninstall": true
2025-04-15T08:45:39.8038287Z     },
2025-04-15T08:45:39.8038476Z     "protocols": [
2025-04-15T08:45:39.8038687Z       {
2025-04-15T08:45:39.8038911Z         "name": "Jan-nightly",
2025-04-15T08:45:39.8039164Z         "schemes": [
2025-04-15T08:45:39.8039379Z           "jan-nightly"
2025-04-15T08:45:39.8039585Z         ]
2025-04-15T08:45:39.8039771Z       }
2025-04-15T08:45:39.8039945Z     ],
2025-04-15T08:45:39.8040256Z     "artifactName": "jan-nightly-${os}-${arch}-${version}.${ext}"
2025-04-15T08:45:39.8040600Z   },
2025-04-15T08:45:39.8040796Z   "scripts": {
2025-04-15T08:45:39.8041070Z     "lint": "eslint . --ext \".js,.jsx,.ts,.tsx\"",
2025-04-15T08:45:39.8041536Z     "test:e2e": "DEBUG=pw:browser xvfb-maybe -- playwright test --workers=1",
2025-04-15T08:45:39.8042150Z     "copy:assets": "rimraf --glob \"./pre-install/*.tgz\" && cpx \"../pre-install/*.tgz\" \"./pre-install\"",
2025-04-15T08:45:39.8042650Z     "version-patch": "run-script-os",
2025-04-15T08:45:39.8043431Z     "version-patch:darwin:linux": "jq '.version' package.json | tr -d '\"' > .version.bak && jq --arg ver \"0.1.$(date +%s)\" '.version = $ver' package.json > package.tmp && mv package.tmp package.json",
2025-04-15T08:45:39.8045316Z     "version-patch:win32": "node -e \"const fs=require('fs');const pkg=require('./package.json');const bak=pkg.version;fs.writeFileSync('.version.bak',bak);pkg.version='0.1.'+Math.floor(Date.now()/1000);fs.writeFileSync('package.json',JSON.stringify(pkg,null,2));\"",
2025-04-15T08:45:39.8046345Z     "version-restore": "run-script-os",
2025-04-15T08:45:39.8047056Z     "version-restore:darwin:linux": "jq --arg ver $(cat .version.bak) '.version = $ver' package.json > package.tmp && mv package.tmp package.json && rm .version.bak",
2025-04-15T08:45:39.8048728Z     "version-restore:win32": "node -e \"const fs=require('fs');const pkg=require('./package.json');const bak=fs.readFileSync('.version.bak','utf8');pkg.version=bak;fs.writeFileSync('package.json',JSON.stringify(pkg,null,2));\"",
2025-04-15T08:45:39.8050249Z     "dev:darwin:linux": "yarn copy:assets && tsc -p . && yarn version-patch && electron . && yarn version-restore",
2025-04-15T08:45:39.8050842Z     "dev:windows": "yarn copy:assets && tsc -p . && electron .",
2025-04-15T08:45:39.8051182Z     "dev": "run-script-os",
2025-04-15T08:45:39.8051441Z     "compile": "tsc -p .",
2025-04-15T08:45:39.8051700Z     "start": "electron .",
2025-04-15T08:45:39.8051998Z     "build": "yarn copy:assets && run-script-os",
2025-04-15T08:45:39.8052367Z     "build:test": "yarn copy:assets && run-script-os",
2025-04-15T08:45:39.8052810Z     "build:test:darwin": "tsc -p . && electron-builder -p never -m --dir",
2025-04-15T08:45:39.8053294Z     "build:test:win32": "tsc -p . && electron-builder -p never -w --dir",
2025-04-15T08:45:39.8053772Z     "build:test:linux": "tsc -p . && electron-builder -p never -l --dir",
2025-04-15T08:45:39.8054239Z     "build:darwin": "tsc -p . && electron-builder -p never -m --universal",
2025-04-15T08:45:39.8054940Z     "build:win32": "tsc -p . && electron-builder -p never -w",
2025-04-15T08:45:39.8055609Z     "build:linux": "tsc -p . && electron-builder -p never -l deb -l AppImage",
2025-04-15T08:45:39.8056095Z     "build:publish": "yarn copy:assets && run-script-os",
2025-04-15T08:45:39.8056582Z     "build:publish:darwin": "tsc -p . && electron-builder -p always -m --universal",
2025-04-15T08:45:39.8057106Z     "build:publish:win32": "tsc -p . && electron-builder -p always -w",
2025-04-15T08:45:39.8058422Z     "build:publish:linux": "tsc -p . && electron-builder -p always -l deb -l AppImage"
2025-04-15T08:45:39.8058867Z   },
2025-04-15T08:45:39.8059064Z   "dependencies": {
2025-04-15T08:45:39.8059324Z     "@alumna/reflect": "^1.1.3",
2025-04-15T08:45:39.8059600Z     "@janhq/core": "link:../core",
2025-04-15T08:45:39.8059897Z     "@janhq/server": "link:../server",
2025-04-15T08:45:39.8060224Z     "@kirillvakalov/nut-tree__nut-js": "4.2.1-2",
2025-04-15T08:45:39.8060548Z     "@npmcli/arborist": "^7.1.0",
2025-04-15T08:45:39.8060827Z     "electron-store": "^8.1.0",
2025-04-15T08:45:39.8061105Z     "electron-updater": "^6.1.7",
2025-04-15T08:45:39.8061367Z     "fs-extra": "^11.2.0",
2025-04-15T08:45:39.8061609Z     "pacote": "^21.0.0",
2025-04-15T08:45:39.8061838Z     "request": "^2.88.2",
2025-04-15T08:45:39.8062101Z     "request-progress": "^3.0.0",
2025-04-15T08:45:39.8062349Z     "ulidx": "^2.3.0"
2025-04-15T08:45:39.8062556Z   },
2025-04-15T08:45:39.8062756Z   "devDependencies": {
2025-04-15T08:45:39.8063024Z     "@electron/notarize": "^2.5.0",
2025-04-15T08:45:39.8063471Z     "@playwright/test": "^1.38.1",
2025-04-15T08:45:39.8063852Z     "@reportportal/agent-js-playwright": "^5.1.7",
2025-04-15T08:45:39.8064194Z     "@types/npmcli__arborist": "^5.6.4",
2025-04-15T08:45:39.8064489Z     "@types/pacote": "^11.1.7",
2025-04-15T08:45:39.8064763Z     "@types/request": "^2.48.12",
2025-04-15T08:45:39.8065062Z     "@typescript-eslint/eslint-plugin": "^6.7.3",
2025-04-15T08:45:39.8065398Z     "@typescript-eslint/parser": "^6.7.3",
2025-04-15T08:45:39.8065679Z     "electron": "30.0.6",
2025-04-15T08:45:39.8065939Z     "electron-builder": "^24.13.3",
2025-04-15T08:45:39.8066852Z     "electron-builder-squirrel-windows": "^24.13.3",
2025-04-15T08:45:39.8067221Z     "electron-devtools-installer": "^3.2.0",
2025-04-15T08:45:39.8067552Z     "electron-playwright-helpers": "^1.6.0",
2025-04-15T08:45:39.8067837Z     "eslint": "8.57.0",
2025-04-15T08:45:39.8068091Z     "eslint-plugin-react": "^7.34.0",
2025-04-15T08:45:39.8068358Z     "rimraf": "^5.0.5",
2025-04-15T08:45:39.8068601Z     "run-script-os": "^1.1.6",
2025-04-15T08:45:39.8068856Z     "typescript": "^5.3.3",
2025-04-15T08:45:39.8069098Z     "xvfb-maybe": "^0.2.1"
2025-04-15T08:45:39.8069320Z   },
2025-04-15T08:45:39.8069506Z   "installConfig": {
2025-04-15T08:45:39.8069755Z     "hoistingLimits": "workspaces"
2025-04-15T08:45:39.8070006Z   },
2025-04-15T08:45:39.8070214Z   "packageManager": "yarn@4.5.3"
2025-04-15T08:45:39.8070539Z }
2025-04-15T08:45:39.8440556Z File has been updated: web/app/layout.tsx
2025-04-15T08:45:39.8915004Z File has been updated: ./package.json
2025-04-15T08:45:39.9530570Z File has been updated: electron/scripts/uninstaller.nsh
2025-04-15T08:45:39.9537473Z ------------------------
2025-04-15T08:45:39.9660737Z {
2025-04-15T08:45:39.9661944Z   "name": "jan-nightly",
2025-04-15T08:45:39.9663587Z   "version": "0.5.16-1269",
2025-04-15T08:45:39.9664137Z   "main": "./build/main.js",
2025-04-15T08:45:39.9664755Z   "author": "Jan <service@jan.ai>",
2025-04-15T08:45:39.9665250Z   "license": "MIT",
2025-04-15T08:45:39.9665849Z   "productName": "Jan-nightly",
2025-04-15T08:45:39.9666638Z   "homepage": "https://github.com/menloresearch/jan/tree/main/electron",
2025-04-15T08:45:39.9667650Z   "description": "Use offline LLMs with your own data. Run open source models like Llama2 or Falcon on your internal computers/servers.",
2025-04-15T08:45:39.9668371Z   "build": {
2025-04-15T08:45:39.9668698Z     "appId": "jan-nightly.ai.app",
2025-04-15T08:45:39.9669146Z     "productName": "Jan-nightly",
2025-04-15T08:45:39.9669500Z     "files": [
2025-04-15T08:45:39.9669854Z       "renderer/**/*",
2025-04-15T08:45:39.9670256Z       "build/**/*.{js,map}",
2025-04-15T08:45:39.9670763Z       "pre-install",
2025-04-15T08:45:39.9671069Z       "themes",
2025-04-15T08:45:39.9691135Z       "scripts/**/*",
2025-04-15T08:45:39.9691571Z       "icons/**/*",
2025-04-15T08:45:39.9691932Z       "themes",
2025-04-15T08:45:39.9692317Z       "shared"
2025-04-15T08:45:39.9692656Z     ],
2025-04-15T08:45:39.9693146Z     "asarUnpack": [
2025-04-15T08:45:39.9693396Z       "pre-install",
2025-04-15T08:45:39.9693779Z       "themes",
2025-04-15T08:45:39.9694127Z       "docs",
2025-04-15T08:45:39.9694476Z       "scripts",
2025-04-15T08:45:39.9694838Z       "icons",
2025-04-15T08:45:39.9695194Z       "themes",
2025-04-15T08:45:39.9695444Z       "shared"
2025-04-15T08:45:39.9695640Z     ],
2025-04-15T08:45:39.9695830Z     "publish": [
2025-04-15T08:45:39.9696040Z       {
2025-04-15T08:45:39.9696261Z         "provider": "generic",
2025-04-15T08:45:39.9696579Z         "url": "https://delta.jan.ai/nightly",
2025-04-15T08:45:39.9696901Z         "channel": "latest"
2025-04-15T08:45:39.9697125Z       },
2025-04-15T08:45:39.9697312Z       {
2025-04-15T08:45:39.9697507Z         "provider": "s3",
2025-04-15T08:45:39.9697741Z         "acl": null,
2025-04-15T08:45:39.9698100Z         "bucket": "***",
2025-04-15T08:45:39.9698389Z         "region": "***",
2025-04-15T08:45:39.9698662Z         "path": "temp-nightly",
2025-04-15T08:45:39.9698931Z         "channel": "latest"
2025-04-15T08:45:39.9699153Z       }
2025-04-15T08:45:39.9699339Z     ],
2025-04-15T08:45:39.9699526Z     "extends": null,
2025-04-15T08:45:39.9699747Z     "mac": {
2025-04-15T08:45:39.9699955Z       "type": "distribution",
2025-04-15T08:45:39.9700279Z       "entitlements": "./entitlements.mac.plist",
2025-04-15T08:45:39.9700679Z       "entitlementsInherit": "./entitlements.mac.plist",
2025-04-15T08:45:39.9701004Z       "notarize": {
2025-04-15T08:45:39.9701242Z         "teamId": "F8AH6NHVY5"
2025-04-15T08:45:39.9701659Z       },
2025-04-15T08:45:39.9702005Z       "icon": "icons/icon.png"
2025-04-15T08:45:39.9702373Z     },
2025-04-15T08:45:39.9702571Z     "linux": {
2025-04-15T08:45:39.9702779Z       "target": [
2025-04-15T08:45:39.9702980Z         "deb"
2025-04-15T08:45:39.9703170Z       ],
2025-04-15T08:45:39.9703365Z       "category": "Utility",
2025-04-15T08:45:39.9703605Z       "icon": "icons/"
2025-04-15T08:45:39.9703822Z     },
2025-04-15T08:45:39.9703996Z     "win": {
2025-04-15T08:45:39.9704228Z       "icon": "icons/icon.png",
2025-04-15T08:45:39.9704467Z       "target": [
2025-04-15T08:45:39.9704771Z         "nsis"
2025-04-15T08:45:39.9705073Z       ],
2025-04-15T08:45:39.9705373Z       "sign": "./sign.js"
2025-04-15T08:45:39.9705736Z     },
2025-04-15T08:45:39.9706019Z     "nsis": {
2025-04-15T08:45:39.9706338Z       "oneClick": true,
2025-04-15T08:45:39.9706764Z       "installerIcon": "icons/icon.ico",
2025-04-15T08:45:39.9707090Z       "uninstallerIcon": "icons/icon.ico",
2025-04-15T08:45:39.9707423Z       "include": "scripts/uninstaller.nsh",
2025-04-15T08:45:39.9707736Z       "deleteAppDataOnUninstall": true
2025-04-15T08:45:39.9708008Z     },
2025-04-15T08:45:39.9708193Z     "protocols": [
2025-04-15T08:45:39.9708391Z       {
2025-04-15T08:45:39.9708639Z         "name": "Jan-nightly",
2025-04-15T08:45:39.9708884Z         "schemes": [
2025-04-15T08:45:39.9709111Z           "jan-nightly"
2025-04-15T08:45:39.9709315Z         ]
2025-04-15T08:45:39.9709496Z       }
2025-04-15T08:45:39.9709674Z     ],
2025-04-15T08:45:39.9709988Z     "artifactName": "jan-nightly-${os}-${arch}-${version}.${ext}"
2025-04-15T08:45:39.9710350Z   },
2025-04-15T08:45:39.9710535Z   "scripts": {
2025-04-15T08:45:39.9710810Z     "lint": "eslint . --ext \".js,.jsx,.ts,.tsx\"",
2025-04-15T08:45:39.9711417Z     "test:e2e": "DEBUG=pw:browser xvfb-maybe -- playwright test --workers=1",
2025-04-15T08:45:39.9712311Z     "copy:assets": "rimraf --glob \"./pre-install/*.tgz\" && cpx \"../pre-install/*.tgz\" \"./pre-install\"",
2025-04-15T08:45:39.9712811Z     "version-patch": "run-script-os",
2025-04-15T08:45:39.9713595Z     "version-patch:darwin:linux": "jq '.version' package.json | tr -d '\"' > .version.bak && jq --arg ver \"0.1.$(date +%s)\" '.version = $ver' package.json > package.tmp && mv package.tmp package.json",
2025-04-15T08:45:39.9715188Z     "version-patch:win32": "node -e \"const fs=require('fs');const pkg=require('./package.json');const bak=pkg.version;fs.writeFileSync('.version.bak',bak);pkg.version='0.1.'+Math.floor(Date.now()/1000);fs.writeFileSync('package.json',JSON.stringify(pkg,null,2));\"",
2025-04-15T08:45:39.9716185Z     "version-restore": "run-script-os",
2025-04-15T08:45:39.9716887Z     "version-restore:darwin:linux": "jq --arg ver $(cat .version.bak) '.version = $ver' package.json > package.tmp && mv package.tmp package.json && rm .version.bak",
2025-04-15T08:45:39.9718187Z     "version-restore:win32": "node -e \"const fs=require('fs');const pkg=require('./package.json');const bak=fs.readFileSync('.version.bak','utf8');pkg.version=bak;fs.writeFileSync('package.json',JSON.stringify(pkg,null,2));\"",
2025-04-15T08:45:39.9719265Z     "dev:darwin:linux": "yarn copy:assets && tsc -p . && yarn version-patch && electron . && yarn version-restore",
2025-04-15T08:45:39.9720404Z     "dev:windows": "yarn copy:assets && tsc -p . && electron .",
2025-04-15T08:45:39.9721031Z     "dev": "run-script-os",
2025-04-15T08:45:39.9721469Z     "compile": "tsc -p .",
2025-04-15T08:45:39.9721884Z     "start": "electron .",
2025-04-15T08:45:39.9722393Z     "build": "yarn copy:assets && run-script-os",
2025-04-15T08:45:39.9723036Z     "build:test": "yarn copy:assets && run-script-os",
2025-04-15T08:45:39.9723792Z     "build:test:darwin": "tsc -p . && electron-builder -p never -m --dir",
2025-04-15T08:45:39.9724625Z     "build:test:win32": "tsc -p . && electron-builder -p never -w --dir",
2025-04-15T08:45:39.9725470Z     "build:test:linux": "tsc -p . && electron-builder -p never -l --dir",
2025-04-15T08:45:39.9726568Z     "build:darwin": "tsc -p . && electron-builder -p never -m --universal",
2025-04-15T08:45:39.9727336Z     "build:win32": "tsc -p . && electron-builder -p never -w",
2025-04-15T08:45:39.9728164Z     "build:linux": "tsc -p . && electron-builder -p never -l deb -l AppImage",
2025-04-15T08:45:39.9728927Z     "build:publish": "yarn copy:assets && run-script-os",
2025-04-15T08:45:39.9729771Z     "build:publish:darwin": "tsc -p . && electron-builder -p always -m --universal",
2025-04-15T08:45:39.9730691Z     "build:publish:win32": "tsc -p . && electron-builder -p always -w",
2025-04-15T08:45:39.9731610Z     "build:publish:linux": "tsc -p . && electron-builder -p always -l deb -l AppImage"
2025-04-15T08:45:39.9732274Z   },
2025-04-15T08:45:39.9732603Z   "dependencies": {
2025-04-15T08:45:39.9733020Z     "@alumna/reflect": "^1.1.3",
2025-04-15T08:45:39.9733502Z     "@janhq/core": "link:../core",
2025-04-15T08:45:39.9733991Z     "@janhq/server": "link:../server",
2025-04-15T08:45:39.9734585Z     "@kirillvakalov/nut-tree__nut-js": "4.2.1-2",
2025-04-15T08:45:39.9735174Z     "@npmcli/arborist": "^7.1.0",
2025-04-15T08:45:39.9735692Z     "electron-store": "^8.1.0",
2025-04-15T08:45:39.9736173Z     "electron-updater": "^6.1.7",
2025-04-15T08:45:39.9736663Z     "fs-extra": "^11.2.0",
2025-04-15T08:45:39.9737057Z     "pacote": "^21.0.0",
2025-04-15T08:45:39.9737475Z     "request": "^2.88.2",
2025-04-15T08:45:39.9737930Z     "request-progress": "^3.0.0",
2025-04-15T08:45:39.9738390Z     "ulidx": "^2.3.0"
2025-04-15T08:45:39.9738744Z   },
2025-04-15T08:45:39.9739098Z   "devDependencies": {
2025-04-15T08:45:39.9739551Z     "@electron/notarize": "^2.5.0",
2025-04-15T08:45:39.9740067Z     "@playwright/test": "^1.38.1",
2025-04-15T08:45:39.9740617Z     "@reportportal/agent-js-playwright": "^5.1.7",
2025-04-15T08:45:39.9741238Z     "@types/npmcli__arborist": "^5.6.4",
2025-04-15T08:45:39.9741767Z     "@types/pacote": "^11.1.7",
2025-04-15T08:45:39.9742245Z     "@types/request": "^2.48.12",
2025-04-15T08:45:39.9742836Z     "@typescript-eslint/eslint-plugin": "^6.7.3",
2025-04-15T08:45:39.9743433Z     "@typescript-eslint/parser": "^6.7.3",
2025-04-15T08:45:39.9743846Z     "electron": "30.0.6",
2025-04-15T08:45:39.9744109Z     "electron-builder": "^24.13.3",
2025-04-15T08:45:39.9744633Z     "electron-builder-squirrel-windows": "^24.13.3",
2025-04-15T08:45:39.9745439Z     "electron-devtools-installer": "^3.2.0",
2025-04-15T08:45:39.9746529Z     "electron-playwright-helpers": "^1.6.0",
2025-04-15T08:45:39.9746947Z     "eslint": "8.57.0",
2025-04-15T08:45:39.9747306Z     "eslint-plugin-react": "^7.34.0",
2025-04-15T08:45:39.9747654Z     "rimraf": "^5.0.5",
2025-04-15T08:45:39.9747993Z     "run-script-os": "^1.1.6",
2025-04-15T08:45:39.9748510Z     "typescript": "^5.3.3",
2025-04-15T08:45:39.9748836Z     "xvfb-maybe": "^0.2.1"
2025-04-15T08:45:39.9749116Z   },
2025-04-15T08:45:39.9749361Z   "installConfig": {
2025-04-15T08:45:39.9749685Z     "hoistingLimits": "workspaces"
2025-04-15T08:45:39.9750025Z   },
2025-04-15T08:45:39.9750299Z   "packageManager": "yarn@4.5.3"
2025-04-15T08:45:39.9750650Z }
2025-04-15T08:45:39.9751156Z ------------------------
2025-04-15T08:45:39.9798136Z {
2025-04-15T08:45:39.9799111Z   "name": "jan-app",
2025-04-15T08:45:39.9799539Z   "private": true,
2025-04-15T08:45:39.9799923Z   "workspaces": {
2025-04-15T08:45:39.9800272Z     "packages": [
2025-04-15T08:45:39.9800598Z       "joi",
2025-04-15T08:45:39.9800992Z       "core",
2025-04-15T08:45:39.9801386Z       "electron",
2025-04-15T08:45:39.9801784Z       "web",
2025-04-15T08:45:39.9802089Z       "server"
2025-04-15T08:45:39.9802382Z     ]
2025-04-15T08:45:39.9802664Z   },
2025-04-15T08:45:39.9802896Z   "scripts": {
2025-04-15T08:45:39.9804153Z     "lint": "yarn workspace jan-nightly lint && yarn workspace @janhq/web lint",
2025-04-15T08:45:39.9804885Z     "test:unit": "jest",
2025-04-15T08:45:39.9805370Z     "test:coverage": "jest --coverage",
2025-04-15T08:45:39.9805982Z     "test": "yarn workspace jan-nightly test:e2e",
2025-04-15T08:45:39.9806892Z     "test-local": "yarn lint && yarn build:test && yarn test",
2025-04-15T08:45:39.9808897Z     "copy:assets": "cpx \"pre-install/*.tgz\" \"electron/pre-install/\" && cpx \"themes/**\" \"electron/themes\"",
2025-04-15T08:45:39.9810355Z     "copy:assets:tauri": "cpx \"pre-install/*.tgz\" \"src-tauri/resources/pre-install/\" && cpx \"themes/**\" \"src-tauri/resources/themes\"",
2025-04-15T08:45:39.9811544Z     "dev:electron": "yarn copy:assets && yarn workspace jan-nightly dev",
2025-04-15T08:45:39.9813729Z     "dev:web:standalone": "concurrently \"yarn workspace @janhq/web dev\" \"wait-on http://localhost:3000 && rsync -av --prune-empty-dirs --include '*/' --include 'dist/***' --include 'package.json' --include 'tsconfig.json' --exclude '*' ./extensions/ web/.next/static/extensions/\"",
2025-04-15T08:45:39.9815537Z     "dev:web": "yarn workspace @janhq/web dev",
2025-04-15T08:45:39.9816138Z     "dev:server": "yarn workspace @janhq/server dev",
2025-04-15T08:45:39.9817133Z     "dev": "concurrently -n \"NEXT,ELECTRON\" -c \"yellow,blue\" --kill-others \"yarn dev:web\" \"yarn dev:electron\"",
2025-04-15T08:45:39.9818203Z     "install:cortex:linux:darwin": "cd src-tauri/binaries && ./download.sh",
2025-04-15T08:45:39.9819052Z     "install:cortex:win32": "cd src-tauri/binaries && download.bat",
2025-04-15T08:45:39.9819703Z     "install:cortex": "run-script-os",
2025-04-15T08:45:39.9820379Z     "dev:tauri": "yarn build:icon && yarn copy:assets:tauri && tauri dev",
2025-04-15T08:45:39.9821396Z     "build:tauri": "yarn install:cortex && yarn build:icon && yarn copy:assets:tauri && yarn tauri build",
2025-04-15T08:45:39.9822097Z     "build:icon": "tauri icon ./src-tauri/icons/icon.png",
2025-04-15T08:45:39.9822466Z     "build:server": "cd server && yarn build",
2025-04-15T08:45:39.9822828Z     "build:core": "cd core && yarn build && yarn pack",
2025-04-15T08:45:39.9823319Z     "build:web": "yarn workspace @janhq/web build && cpx \"web/out/**\" \"electron/renderer/\"",
2025-04-15T08:45:39.9823885Z     "build:electron": "yarn copy:assets && yarn workspace jan-nightly build",
2025-04-15T08:45:39.9824376Z     "build:electron:test": "yarn workspace jan-nightly build:test",
2025-04-15T08:45:39.9826463Z     "build:extensions": "rimraf ./pre-install/*.tgz || true && yarn workspace @janhq/core build && cd extensions && yarn install && yarn workspaces foreach -Apt run build:publish",
2025-04-15T08:45:39.9827980Z     "build:test": "yarn copy:assets && yarn workspace @janhq/web build && cpx \"web/out/**\" \"electron/renderer/\" && yarn workspace jan-nightly build:test",
2025-04-15T08:45:39.9828674Z     "build": "yarn build:web && yarn build:tauri",
2025-04-15T08:45:39.9829201Z     "build:publish": "yarn copy:assets && yarn build:web && yarn workspace jan-nightly build:publish",
2025-04-15T08:45:39.9829826Z     "dev:joi": "yarn workspace @janhq/joi install && yarn workspace @janhq/joi dev",
2025-04-15T08:45:39.9830294Z     "build:joi": "yarn workspace @janhq/joi build",
2025-04-15T08:45:39.9830616Z     "prepare": "husky"
2025-04-15T08:45:39.9830877Z   },
2025-04-15T08:45:39.9831168Z   "devDependencies": {
2025-04-15T08:45:39.9831428Z     "@tauri-apps/cli": "^2.2.5",
2025-04-15T08:45:39.9831701Z     "concurrently": "^9.1.0",
2025-04-15T08:45:39.9831938Z     "cpx": "^1.5.0",
2025-04-15T08:45:39.9832157Z     "husky": "^9.1.5",
2025-04-15T08:45:39.9832370Z     "jest": "^29.7.0",
2025-04-15T08:45:39.9832631Z     "jest-environment-jsdom": "^29.7.0",
2025-04-15T08:45:39.9832906Z     "rimraf": "^3.0.2",
2025-04-15T08:45:39.9833155Z     "run-script-os": "^1.1.6",
2025-04-15T08:45:39.9833393Z     "wait-on": "^7.0.1"
2025-04-15T08:45:39.9833601Z   },
2025-04-15T08:45:39.9833791Z   "version": "0.0.0",
2025-04-15T08:45:39.9834013Z   "installConfig": {
2025-04-15T08:45:39.9834267Z     "hoistingLimits": "workspaces"
2025-04-15T08:45:39.9834525Z   },
2025-04-15T08:45:39.9834708Z   "resolutions": {
2025-04-15T08:45:39.9834916Z     "yallist": "4.0.0"
2025-04-15T08:45:39.9835254Z   },
2025-04-15T08:45:39.9835469Z   "packageManager": "yarn@4.5.3"
2025-04-15T08:45:39.9835737Z }
2025-04-15T08:45:39.9835949Z ------------------------
2025-04-15T08:45:39.9947182Z ##[group]Run dotnet tool install --global AzureSignTool
2025-04-15T08:45:39.9947673Z [36;1mdotnet tool install --global AzureSignTool[0m
2025-04-15T08:45:39.9980911Z shell: C:\Program Files\PowerShell\7\pwsh.EXE -command ". '{0}'"
2025-04-15T08:45:39.9981273Z ##[endgroup]
2025-04-15T08:46:29.4334671Z You can invoke the tool using the following command: azuresigntool
2025-04-15T08:46:29.4335726Z Tool 'azuresigntool' (version '6.0.1') was successfully installed.
2025-04-15T08:46:29.8883810Z ##[group]Run # check public_provider is true or not
2025-04-15T08:46:29.8884534Z [36;1m# check public_provider is true or not[0m
2025-04-15T08:46:29.8885116Z [36;1mecho "public_provider is none"[0m
2025-04-15T08:46:29.8885617Z [36;1mif [ "none" == "none" ]; then[0m
2025-04-15T08:46:29.8886123Z [36;1m  make build[0m
2025-04-15T08:46:29.8886497Z [36;1melse[0m
2025-04-15T08:46:29.8886878Z [36;1m  make build-and-publish[0m
2025-04-15T08:46:29.8887328Z [36;1mfi[0m
2025-04-15T08:46:29.8906782Z shell: C:\Program Files\Git\bin\bash.EXE --noprofile --norc -e -o pipefail {0}
2025-04-15T08:46:29.8907488Z env:
2025-04-15T08:46:29.8908083Z   AZURE_KEY_VAULT_URI: ***
2025-04-15T08:46:29.8908617Z   AZURE_CLIENT_ID: ***
2025-04-15T08:46:29.8909117Z   AZURE_TENANT_ID: ***
2025-04-15T08:46:29.8909730Z   AZURE_CLIENT_SECRET: ***
2025-04-15T08:46:29.8910159Z   AZURE_CERT_NAME: homebrewltd
2025-04-15T08:46:29.8910663Z   AWS_ACCESS_KEY_ID: ***
2025-04-15T08:46:29.8911338Z   AWS_SECRET_ACCESS_KEY: ***
2025-04-15T08:46:29.8911795Z   AWS_DEFAULT_REGION: auto
2025-04-15T08:46:29.8912235Z   AWS_EC2_METADATA_DISABLED: true
2025-04-15T08:46:29.8912686Z   AWS_MAX_ATTEMPTS: 5
2025-04-15T08:46:29.8913327Z   POSTHOG_KEY: ***
2025-04-15T08:46:29.8913769Z   POSTHOG_HOST: ***
2025-04-15T08:46:29.8914178Z   CORTEX_API_PORT: 39261
2025-04-15T08:46:29.8914567Z ##[endgroup]
2025-04-15T08:46:29.9236410Z public_provider is none
2025-04-15T08:46:30.2440092Z corepack enable
2025-04-15T08:46:30.9491712Z corepack prepare yarn@4.5.3 --activate
2025-04-15T08:46:31.0466564Z Preparing yarn@4.5.3 for immediate activation...
2025-04-15T08:46:32.3011075Z yarn --version
2025-04-15T08:46:32.6741790Z 4.5.3
2025-04-15T08:46:32.7054846Z yarn config set -H enableImmutableInstalls false
2025-04-15T08:46:32.9750822Z [94m➤[39m YN0000: Successfully set enableImmutableInstalls to [33mfalse[39m
2025-04-15T08:46:32.9927128Z echo "skip"
2025-04-15T08:46:33.0100677Z skip
2025-04-15T08:46:33.0112533Z yarn install
2025-04-15T08:46:33.4629836Z [94m➤[39m YN0000: · Yarn 4.5.3
2025-04-15T08:46:33.4670422Z [94m➤[39m [90mYN0000[39m: ┌ Project validation
2025-04-15T08:46:33.4673293Z ##[group]Project validation
2025-04-15T08:46:33.4674629Z [93m➤[39m YN0057: │ [38;5;166m@janhq/[39m[38;5;173mweb[39m: Resolutions field will be ignored
2025-04-15T08:46:33.4675826Z ##[endgroup]
2025-04-15T08:46:33.4676514Z [94m➤[39m [90mYN0000[39m: └ Completed
2025-04-15T08:46:33.4806347Z [94m➤[39m [90mYN0000[39m: ┌ Resolution step
2025-04-15T08:46:33.4807295Z ##[group]Resolution step
2025-04-15T08:46:35.4303073Z [94m➤[39m YN0085: │ [38;5;70m+[39m [38;5;166m@janhq/[39m[38;5;173mcore[39m[38;5;111m@[39m[38;5;111mlink:../core::locator=jan-nightly%40workspace%3Aelectron[39m, [38;5;166m@janhq/[39m[38;5;173mserver[39m[38;5;111m@[39m[38;5;111mlink:../server::locator=jan-nightly%40workspace%3Aelectron[39m, and [38;5;220m24[39m more.
2025-04-15T08:46:35.4306128Z [94m➤[39m YN0085: │ [38;5;160m-[39m [38;5;166m@janhq/[39m[38;5;173mcore[39m[38;5;111m@[39m[38;5;111mlink:../core::locator=jan%40workspace%3Aelectron[39m, [38;5;166m@janhq/[39m[38;5;173mserver[39m[38;5;111m@[39m[38;5;111mlink:../server::locator=jan%40workspace%3Aelectron[39m, [38;5;173mjan[39m[38;5;111m@[39m[38;5;111mworkspace:electron[39m
2025-04-15T08:46:35.4872518Z ##[endgroup]
2025-04-15T08:46:35.4873824Z [94m➤[39m [90mYN0000[39m: └ Completed in 2s 6ms
2025-04-15T08:46:35.4890655Z [94m➤[39m [90mYN0000[39m: ┌ Post-resolution validation
2025-04-15T08:46:35.4891784Z ##[group]Post-resolution validation
2025-04-15T08:46:35.4894416Z [93m➤[39m YN0060: │ [38;5;166m@types/[39m[38;5;173mreact[39m is listed by your project with version [38;5;111m18.3.18[39m ([38;5;111mp7e37c[39m), which doesn't satisfy what [38;5;166m@types/[39m[38;5;173mreact-dom[39m and other dependencies request ([38;5;37m^19.0.0[39m).
2025-04-15T08:46:35.4900709Z [93m➤[39m YN0002: │ [38;5;166m@janhq/[39m[38;5;173mjoi[39m[38;5;111m@[39m[38;5;111mworkspace:joi[39m doesn't provide [38;5;173mpostcss[39m ([38;5;111mpf0e0f[39m), requested by [38;5;173mautoprefixer[39m and other dependencies.
2025-04-15T08:46:35.4904187Z [93m➤[39m YN0002: │ [38;5;166m@janhq/[39m[38;5;173mserver[39m[38;5;111m@[39m[38;5;111mworkspace:server[39m doesn't provide [38;5;173meslint[39m ([38;5;111mp97e11[39m), requested by [38;5;166m@typescript-eslint/[39m[38;5;173meslint-plugin[39m and other dependencies.
2025-04-15T08:46:35.4907629Z [93m➤[39m YN0002: │ [38;5;166m@janhq/[39m[38;5;173mweb[39m[38;5;111m@[39m[38;5;111mworkspace:web[39m doesn't provide [38;5;166m@babel/[39m[38;5;173mcore[39m ([38;5;111mp54af4[39m), requested by [38;5;173mbabel-loader[39m and other dependencies.
2025-04-15T08:46:35.4910649Z [93m➤[39m YN0002: │ [38;5;166m@janhq/[39m[38;5;173mweb[39m[38;5;111m@[39m[38;5;111mworkspace:web[39m doesn't provide [38;5;166m@rrweb/[39m[38;5;173mtypes[39m ([38;5;111mp9c7ba[39m), requested by [38;5;173mposthog-js[39m.
2025-04-15T08:46:35.4913272Z [93m➤[39m YN0002: │ [38;5;166m@janhq/[39m[38;5;173mweb[39m[38;5;111m@[39m[38;5;111mworkspace:web[39m doesn't provide [38;5;173mjest[39m ([38;5;111mp7d887[39m), requested by [38;5;173mts-jest[39m.
2025-04-15T08:46:35.4915901Z [93m➤[39m YN0002: │ [38;5;166m@janhq/[39m[38;5;173mweb[39m[38;5;111m@[39m[38;5;111mworkspace:web[39m doesn't provide [38;5;173munified[39m ([38;5;111mp70c73[39m), requested by [38;5;173mrehype-highlight-code-lines[39m.
2025-04-15T08:46:35.4919114Z [93m➤[39m YN0002: │ [38;5;166m@janhq/[39m[38;5;173mweb[39m[38;5;111m@[39m[38;5;111mworkspace:web[39m doesn't provide [38;5;173mwebpack[39m ([38;5;111mpc1afe[39m), requested by [38;5;173mbabel-loader[39m.
2025-04-15T08:46:35.4938844Z [93m➤[39m YN0086: │ Some peer dependencies are incorrectly met by your project; run [38;5;111myarn explain peer-requirements <hash>[39m for details, where [38;5;111m<hash>[39m is the six-letter p-prefixed code.
2025-04-15T08:46:35.4941191Z [93m➤[39m YN0086: │ Some peer dependencies are incorrectly met by dependencies; run [38;5;111myarn explain peer-requirements[39m for details.
2025-04-15T08:46:35.4962401Z ##[endgroup]
2025-04-15T08:46:35.4963185Z [94m➤[39m [90mYN0000[39m: └ Completed
2025-04-15T08:46:35.4963917Z [94m➤[39m [90mYN0000[39m: ┌ Fetch step
2025-04-15T08:46:35.4964612Z ##[group]Fetch step
2025-04-15T08:47:06.5647904Z [94m➤[39m YN0013: │ [38;5;220m1829[39m packages were added to the project ([38;5;160m+ 932.31 MiB[39m).
2025-04-15T08:47:06.5649824Z ##[endgroup]
2025-04-15T08:47:06.5650848Z [94m➤[39m [90mYN0000[39m: └ Completed in 31s 73ms
2025-04-15T08:47:06.6617077Z [94m➤[39m [90mYN0000[39m: ┌ Link step
2025-04-15T08:47:34.9087740Z ##[group]Link step
2025-04-15T08:47:34.9088897Z [94m➤[39m YN0007: │ [38;5;173melectron[39m[38;5;111m@[39m[38;5;111mnpm:33.2.1[39m must be built because it never has been before or the last one failed
2025-04-15T08:47:34.9094447Z [94m➤[39m YN0007: │ [38;5;173melectron[39m[38;5;111m@[39m[38;5;111mnpm:30.0.6[39m must be built because it never has been before or the last one failed
2025-04-15T08:47:34.9100560Z [94m➤[39m YN0007: │ [38;5;173mmicrotime[39m[38;5;111m@[39m[38;5;111mnpm:3.1.1[39m must be built because it never has been before or the last one failed
2025-04-15T08:47:34.9103496Z [94m➤[39m YN0007: │ [38;5;166m@parcel/[39m[38;5;173mwatcher[39m[38;5;111m@[39m[38;5;111mnpm:2.5.1[39m must be built because it never has been before or the last one failed
2025-04-15T08:47:34.9105021Z [94m➤[39m YN0007: │ [38;5;173mcore-js[39m[38;5;111m@[39m[38;5;111mnpm:3.40.0[39m must be built because it never has been before or the last one failed
2025-04-15T08:47:34.9107074Z [94m➤[39m YN0007: │ [38;5;173mcore-js[39m[38;5;111m@[39m[38;5;111mnpm:2.6.12[39m must be built because it never has been before or the last one failed
2025-04-15T08:47:41.6090178Z ##[endgroup]
2025-04-15T08:47:41.6092249Z [94m➤[39m [90mYN0000[39m: └ Completed in 34s 956ms
2025-04-15T08:47:41.9082922Z [93m➤[39m YN0000: · Done with warnings in 1m 9s
2025-04-15T08:47:42.7075753Z yarn build:joi
2025-04-15T08:47:45.9099957Z [36m
2025-04-15T08:47:45.9101108Z [1m./src/index.ts[22m → [1mdist/esm/index.js[22m...[39m
2025-04-15T08:47:53.2861504Z [32mcreated [1mdist/esm/index.js[22m in [1m7.3s[22m[39m
2025-04-15T08:47:53.2861959Z [36m
2025-04-15T08:47:53.2862392Z [1mdist/esm/index.d.ts[22m → [1mdist/index.d.ts[22m...[39m
2025-04-15T08:47:53.3770328Z [32mcreated [1mdist/index.d.ts[22m in [1m91ms[22m[39m
2025-04-15T08:47:53.3770957Z Created bundle index.d.ts: 9.54 kB → 2.26 kB (gzip)
2025-04-15T08:47:53.4593116Z yarn build:core
2025-04-15T08:48:01.4192091Z [log] [2m<DIR>/[22m[32mdist/index.js.map  [39m[2masset[22m[2m │ size: 155.17 kB[22m
2025-04-15T08:48:01.4194947Z [log] [2m<DIR>/[22m[36mdist/index.js      [39m[2mchunk[22m[2m │ size:  61.37 kB[22m
2025-04-15T08:48:01.4197376Z [log] [2m<DIR>/[22m[32mdist/node/index.cjs.js.map  [39m[2masset[22m[2m │ size: 76.93 kB[22m
2025-04-15T08:48:01.4199695Z [log] [2m<DIR>/[22m[36mdist/node/index.cjs.js      [39m[2mchunk[22m[2m │ size: 37.72 kB[22m
2025-04-15T08:48:01.4200548Z [log]
2025-04-15T08:48:01.4201124Z [success] Finished in [1m105.99 ms[22m
2025-04-15T08:48:02.1198131Z [94m➤[39m [90mYN0000[39m: README.md
2025-04-15T08:48:02.1199822Z [94m➤[39m [90mYN0000[39m: dist/browser/core.js
2025-04-15T08:48:02.1200461Z [94m➤[39m [90mYN0000[39m: dist/browser/core.js.map
2025-04-15T08:48:02.1201222Z [94m➤[39m [90mYN0000[39m: dist/browser/events.js
2025-04-15T08:48:02.1202347Z [94m➤[39m [90mYN0000[39m: dist/browser/events.js.map
2025-04-15T08:48:02.1203504Z [94m➤[39m [90mYN0000[39m: dist/browser/extension.js
2025-04-15T08:48:02.1204583Z [94m➤[39m [90mYN0000[39m: dist/browser/extension.js.map
2025-04-15T08:48:02.1206310Z [94m➤[39m [90mYN0000[39m: dist/browser/extensions/assistant.js
2025-04-15T08:48:02.1207740Z [94m➤[39m [90mYN0000[39m: dist/browser/extensions/assistant.js.map
2025-04-15T08:48:02.1208480Z [94m➤[39m [90mYN0000[39m: dist/browser/extensions/conversational.js
2025-04-15T08:48:02.1210017Z [94m➤[39m [90mYN0000[39m: dist/browser/extensions/conversational.js.map
2025-04-15T08:48:02.1210757Z [94m➤[39m [90mYN0000[39m: dist/browser/extensions/engines/AIEngine.js
2025-04-15T08:48:02.1211356Z [94m➤[39m [90mYN0000[39m: dist/browser/extensions/engines/AIEngine.js.map
2025-04-15T08:48:02.1211976Z [94m➤[39m [90mYN0000[39m: dist/browser/extensions/engines/EngineManager.js
2025-04-15T08:48:02.1212595Z [94m➤[39m [90mYN0000[39m: dist/browser/extensions/engines/EngineManager.js.map
2025-04-15T08:48:02.1213378Z [94m➤[39m [90mYN0000[39m: dist/browser/extensions/engines/LocalOAIEngine.js
2025-04-15T08:48:02.1214502Z [94m➤[39m [90mYN0000[39m: dist/browser/extensions/engines/LocalOAIEngine.js.map
2025-04-15T08:48:02.1216519Z [94m➤[39m [90mYN0000[39m: dist/browser/extensions/engines/OAIEngine.js
2025-04-15T08:48:02.1217931Z [94m➤[39m [90mYN0000[39m: dist/browser/extensions/engines/OAIEngine.js.map
2025-04-15T08:48:02.1219233Z [94m➤[39m [90mYN0000[39m: dist/browser/extensions/engines/RemoteOAIEngine.js
2025-04-15T08:48:02.1220859Z [94m➤[39m [90mYN0000[39m: dist/browser/extensions/engines/RemoteOAIEngine.js.map
2025-04-15T08:48:02.1222054Z [94m➤[39m [90mYN0000[39m: dist/browser/extensions/engines/helpers/sse.js
2025-04-15T08:48:02.1222896Z [94m➤[39m [90mYN0000[39m: dist/browser/extensions/engines/helpers/sse.js.map
2025-04-15T08:48:02.1223480Z [94m➤[39m [90mYN0000[39m: dist/browser/extensions/engines/index.js
2025-04-15T08:48:02.1224034Z [94m➤[39m [90mYN0000[39m: dist/browser/extensions/engines/index.js.map
2025-04-15T08:48:02.1224597Z [94m➤[39m [90mYN0000[39m: dist/browser/extensions/enginesManagement.js
2025-04-15T08:48:02.1225186Z [94m➤[39m [90mYN0000[39m: dist/browser/extensions/enginesManagement.js.map
2025-04-15T08:48:02.1227075Z [94m➤[39m [90mYN0000[39m: dist/browser/extensions/hardwareManagement.js
2025-04-15T08:48:02.1228322Z [94m➤[39m [90mYN0000[39m: dist/browser/extensions/hardwareManagement.js.map
2025-04-15T08:48:02.1229376Z [94m➤[39m [90mYN0000[39m: dist/browser/extensions/index.js
2025-04-15T08:48:02.1230353Z [94m➤[39m [90mYN0000[39m: dist/browser/extensions/index.js.map
2025-04-15T08:48:02.1231311Z [94m➤[39m [90mYN0000[39m: dist/browser/extensions/inference.js
2025-04-15T08:48:02.1232529Z [94m➤[39m [90mYN0000[39m: dist/browser/extensions/inference.js.map
2025-04-15T08:48:02.1233500Z [94m➤[39m [90mYN0000[39m: dist/browser/extensions/model.js
2025-04-15T08:48:02.1234422Z [94m➤[39m [90mYN0000[39m: dist/browser/extensions/model.js.map
2025-04-15T08:48:02.1235264Z [94m➤[39m [90mYN0000[39m: dist/browser/fs.js
2025-04-15T08:48:02.1236170Z [94m➤[39m [90mYN0000[39m: dist/browser/fs.js.map
2025-04-15T08:48:02.1237096Z [94m➤[39m [90mYN0000[39m: dist/browser/index.js
2025-04-15T08:48:02.1238224Z [94m➤[39m [90mYN0000[39m: dist/browser/index.js.map
2025-04-15T08:48:02.1239218Z [94m➤[39m [90mYN0000[39m: dist/browser/models/index.js
2025-04-15T08:48:02.1240263Z [94m➤[39m [90mYN0000[39m: dist/browser/models/index.js.map
2025-04-15T08:48:02.1241271Z [94m➤[39m [90mYN0000[39m: dist/browser/models/manager.js
2025-04-15T08:48:02.1242394Z [94m➤[39m [90mYN0000[39m: dist/browser/models/manager.js.map
2025-04-15T08:48:02.1243500Z [94m➤[39m [90mYN0000[39m: dist/browser/models/utils.js
2025-04-15T08:48:02.1244629Z [94m➤[39m [90mYN0000[39m: dist/browser/models/utils.js.map
2025-04-15T08:48:02.1245509Z [94m➤[39m [90mYN0000[39m: dist/index.js
2025-04-15T08:48:02.1246349Z [94m➤[39m [90mYN0000[39m: dist/index.js.map
2025-04-15T08:48:02.1247304Z [94m➤[39m [90mYN0000[39m: dist/node/api/common/adapter.js
2025-04-15T08:48:02.1248306Z [94m➤[39m [90mYN0000[39m: dist/node/api/common/adapter.js.map
2025-04-15T08:48:02.1249580Z [94m➤[39m [90mYN0000[39m: dist/node/api/common/handler.js
2025-04-15T08:48:02.1250607Z [94m➤[39m [90mYN0000[39m: dist/node/api/common/handler.js.map
2025-04-15T08:48:02.1251585Z [94m➤[39m [90mYN0000[39m: dist/node/api/index.js
2025-04-15T08:48:02.1252552Z [94m➤[39m [90mYN0000[39m: dist/node/api/index.js.map
2025-04-15T08:48:02.1253609Z [94m➤[39m [90mYN0000[39m: dist/node/api/processors/Processor.js
2025-04-15T08:48:02.1254816Z [94m➤[39m [90mYN0000[39m: dist/node/api/processors/Processor.js.map
2025-04-15T08:48:02.1256022Z [94m➤[39m [90mYN0000[39m: dist/node/api/processors/app.js
2025-04-15T08:48:02.1257073Z [94m➤[39m [90mYN0000[39m: dist/node/api/processors/app.js.map
2025-04-15T08:48:02.1258128Z [94m➤[39m [90mYN0000[39m: dist/node/api/processors/extension.js
2025-04-15T08:48:02.1259251Z [94m➤[39m [90mYN0000[39m: dist/node/api/processors/extension.js.map
2025-04-15T08:48:02.1260266Z [94m➤[39m [90mYN0000[39m: dist/node/api/processors/fs.js
2025-04-15T08:48:02.1261522Z [94m➤[39m [90mYN0000[39m: dist/node/api/processors/fs.js.map
2025-04-15T08:48:02.1262535Z [94m➤[39m [90mYN0000[39m: dist/node/api/processors/fsExt.js
2025-04-15T08:48:02.1263605Z [94m➤[39m [90mYN0000[39m: dist/node/api/processors/fsExt.js.map
2025-04-15T08:48:02.1264610Z [94m➤[39m [90mYN0000[39m: dist/node/extension/extension.js
2025-04-15T08:48:02.1265935Z [94m➤[39m [90mYN0000[39m: dist/node/extension/extension.js.map
2025-04-15T08:48:02.1267213Z [94m➤[39m [90mYN0000[39m: dist/node/extension/index.js
2025-04-15T08:48:02.1268200Z [94m➤[39m [90mYN0000[39m: dist/node/extension/index.js.map
2025-04-15T08:48:02.1269317Z [94m➤[39m [90mYN0000[39m: dist/node/extension/manager.js
2025-04-15T08:48:02.1270441Z [94m➤[39m [90mYN0000[39m: dist/node/extension/manager.js.map
2025-04-15T08:48:02.1271443Z [94m➤[39m [90mYN0000[39m: dist/node/extension/store.js
2025-04-15T08:48:02.1272610Z [94m➤[39m [90mYN0000[39m: dist/node/extension/store.js.map
2025-04-15T08:48:02.1273831Z [94m➤[39m [90mYN0000[39m: dist/node/helper/config.js
2025-04-15T08:48:02.1274848Z [94m➤[39m [90mYN0000[39m: dist/node/helper/config.js.map
2025-04-15T08:48:02.1275836Z [94m➤[39m [90mYN0000[39m: dist/node/helper/index.js
2025-04-15T08:48:02.1276802Z [94m➤[39m [90mYN0000[39m: dist/node/helper/index.js.map
2025-04-15T08:48:02.1277856Z [94m➤[39m [90mYN0000[39m: dist/node/helper/logger.js
2025-04-15T08:48:02.1278975Z [94m➤[39m [90mYN0000[39m: dist/node/helper/logger.js.map
2025-04-15T08:48:02.1279943Z [94m➤[39m [90mYN0000[39m: dist/node/helper/module.js
2025-04-15T08:48:02.1280922Z [94m➤[39m [90mYN0000[39m: dist/node/helper/module.js.map
2025-04-15T08:48:02.1281841Z [94m➤[39m [90mYN0000[39m: dist/node/helper/path.js
2025-04-15T08:48:02.1282806Z [94m➤[39m [90mYN0000[39m: dist/node/helper/path.js.map
2025-04-15T08:48:02.1284009Z [94m➤[39m [90mYN0000[39m: dist/node/helper/resource.js
2025-04-15T08:48:02.1285022Z [94m➤[39m [90mYN0000[39m: dist/node/helper/resource.js.map
2025-04-15T08:48:02.1286030Z [94m➤[39m [90mYN0000[39m: dist/node/index.cjs.js
2025-04-15T08:48:02.1286945Z [94m➤[39m [90mYN0000[39m: dist/node/index.cjs.js.map
2025-04-15T08:48:02.1287899Z [94m➤[39m [90mYN0000[39m: dist/node/index.js
2025-04-15T08:48:02.1288821Z [94m➤[39m [90mYN0000[39m: dist/node/index.js.map
2025-04-15T08:48:02.1289974Z [94m➤[39m [90mYN0000[39m: dist/types/api/index.js
2025-04-15T08:48:02.1290901Z [94m➤[39m [90mYN0000[39m: dist/types/api/index.js.map
2025-04-15T08:48:02.1291946Z [94m➤[39m [90mYN0000[39m: dist/types/assistant/assistantEntity.js
2025-04-15T08:48:02.1293081Z [94m➤[39m [90mYN0000[39m: dist/types/assistant/assistantEntity.js.map
2025-04-15T08:48:02.1294224Z [94m➤[39m [90mYN0000[39m: dist/types/assistant/assistantEvent.js
2025-04-15T08:48:02.1295513Z [94m➤[39m [90mYN0000[39m: dist/types/assistant/assistantEvent.js.map
2025-04-15T08:48:02.1296684Z [94m➤[39m [90mYN0000[39m: dist/types/assistant/assistantInterface.js
2025-04-15T08:48:02.1297815Z [94m➤[39m [90mYN0000[39m: dist/types/assistant/assistantInterface.js.map
2025-04-15T08:48:02.1298847Z [94m➤[39m [90mYN0000[39m: dist/types/assistant/index.js
2025-04-15T08:48:02.1299879Z [94m➤[39m [90mYN0000[39m: dist/types/assistant/index.js.map
2025-04-15T08:48:02.1300977Z [94m➤[39m [90mYN0000[39m: dist/types/browser/core.d.ts
2025-04-15T08:48:02.1301945Z [94m➤[39m [90mYN0000[39m: dist/types/browser/events.d.ts
2025-04-15T08:48:02.1302916Z [94m➤[39m [90mYN0000[39m: dist/types/browser/extension.d.ts
2025-04-15T08:48:02.1303955Z [94m➤[39m [90mYN0000[39m: dist/types/browser/extensions/assistant.d.ts
2025-04-15T08:48:02.1305095Z [94m➤[39m [90mYN0000[39m: dist/types/browser/extensions/conversational.d.ts
2025-04-15T08:48:02.1306295Z [94m➤[39m [90mYN0000[39m: dist/types/browser/extensions/engines/AIEngine.d.ts
2025-04-15T08:48:02.1307585Z [94m➤[39m [90mYN0000[39m: dist/types/browser/extensions/engines/EngineManager.d.ts
2025-04-15T08:48:02.1308934Z [94m➤[39m [90mYN0000[39m: dist/types/browser/extensions/engines/LocalOAIEngine.d.ts
2025-04-15T08:48:02.1310224Z [94m➤[39m [90mYN0000[39m: dist/types/browser/extensions/engines/OAIEngine.d.ts
2025-04-15T08:48:02.1311467Z [94m➤[39m [90mYN0000[39m: dist/types/browser/extensions/engines/RemoteOAIEngine.d.ts
2025-04-15T08:48:02.1313050Z [94m➤[39m [90mYN0000[39m: dist/types/browser/extensions/engines/helpers/sse.d.ts
2025-04-15T08:48:02.1314290Z [94m➤[39m [90mYN0000[39m: dist/types/browser/extensions/engines/index.d.ts
2025-04-15T08:48:02.1315495Z [94m➤[39m [90mYN0000[39m: dist/types/browser/extensions/enginesManagement.d.ts
2025-04-15T08:48:02.1316764Z [94m➤[39m [90mYN0000[39m: dist/types/browser/extensions/hardwareManagement.d.ts
2025-04-15T08:48:02.1317911Z [94m➤[39m [90mYN0000[39m: dist/types/browser/extensions/index.d.ts
2025-04-15T08:48:02.1319004Z [94m➤[39m [90mYN0000[39m: dist/types/browser/extensions/inference.d.ts
2025-04-15T08:48:02.1321522Z [94m➤[39m [90mYN0000[39m: dist/types/browser/extensions/model.d.ts
2025-04-15T08:48:02.1322642Z [94m➤[39m [90mYN0000[39m: dist/types/browser/fs.d.ts
2025-04-15T08:48:02.1323587Z [94m➤[39m [90mYN0000[39m: dist/types/browser/index.d.ts
2025-04-15T08:48:02.1324559Z [94m➤[39m [90mYN0000[39m: dist/types/browser/models/index.d.ts
2025-04-15T08:48:02.1325602Z [94m➤[39m [90mYN0000[39m: dist/types/browser/models/manager.d.ts
2025-04-15T08:48:02.1326185Z [94m➤[39m [90mYN0000[39m: dist/types/browser/models/utils.d.ts
2025-04-15T08:48:02.1326724Z [94m➤[39m [90mYN0000[39m: dist/types/config/appConfigEntity.js
2025-04-15T08:48:02.1327279Z [94m➤[39m [90mYN0000[39m: dist/types/config/appConfigEntity.js.map
2025-04-15T08:48:02.1327819Z [94m➤[39m [90mYN0000[39m: dist/types/config/appConfigEvent.js
2025-04-15T08:48:02.1328337Z [94m➤[39m [90mYN0000[39m: dist/types/config/appConfigEvent.js.map
2025-04-15T08:48:02.1328812Z [94m➤[39m [90mYN0000[39m: dist/types/config/index.js
2025-04-15T08:48:02.1329288Z [94m➤[39m [90mYN0000[39m: dist/types/config/index.js.map
2025-04-15T08:48:02.1329728Z [94m➤[39m [90mYN0000[39m: dist/types/engine/index.js
2025-04-15T08:48:02.1330176Z [94m➤[39m [90mYN0000[39m: dist/types/engine/index.js.map
2025-04-15T08:48:02.1330618Z [94m➤[39m [90mYN0000[39m: dist/types/file/index.js
2025-04-15T08:48:02.1331058Z [94m➤[39m [90mYN0000[39m: dist/types/file/index.js.map
2025-04-15T08:48:02.1331499Z [94m➤[39m [90mYN0000[39m: dist/types/hardware/index.js
2025-04-15T08:48:02.1331960Z [94m➤[39m [90mYN0000[39m: dist/types/hardware/index.js.map
2025-04-15T08:48:02.1332513Z [94m➤[39m [90mYN0000[39m: dist/types/huggingface/huggingfaceEntity.js
2025-04-15T08:48:02.1333100Z [94m➤[39m [90mYN0000[39m: dist/types/huggingface/huggingfaceEntity.js.map
2025-04-15T08:48:02.1333630Z [94m➤[39m [90mYN0000[39m: dist/types/huggingface/index.js
2025-04-15T08:48:02.1334113Z [94m➤[39m [90mYN0000[39m: dist/types/huggingface/index.js.map
2025-04-15T08:48:02.1334576Z [94m➤[39m [90mYN0000[39m: dist/types/index.d.ts
2025-04-15T08:48:02.1334987Z [94m➤[39m [90mYN0000[39m: dist/types/index.js
2025-04-15T08:48:02.1335389Z [94m➤[39m [90mYN0000[39m: dist/types/index.js.map
2025-04-15T08:48:02.1335833Z [94m➤[39m [90mYN0000[39m: dist/types/inference/index.js
2025-04-15T08:48:02.1336304Z [94m➤[39m [90mYN0000[39m: dist/types/inference/index.js.map
2025-04-15T08:48:02.1336811Z [94m➤[39m [90mYN0000[39m: dist/types/inference/inferenceEntity.js
2025-04-15T08:48:02.1337569Z [94m➤[39m [90mYN0000[39m: dist/types/inference/inferenceEntity.js.map
2025-04-15T08:48:02.1338506Z [94m➤[39m [90mYN0000[39m: dist/types/inference/inferenceEvent.js
2025-04-15T08:48:02.1339257Z [94m➤[39m [90mYN0000[39m: dist/types/inference/inferenceEvent.js.map
2025-04-15T08:48:02.1339819Z [94m➤[39m [90mYN0000[39m: dist/types/inference/inferenceInterface.js
2025-04-15T08:48:02.1340390Z [94m➤[39m [90mYN0000[39m: dist/types/inference/inferenceInterface.js.map
2025-04-15T08:48:02.1340885Z [94m➤[39m [90mYN0000[39m: dist/types/message/index.js
2025-04-15T08:48:02.1341337Z [94m➤[39m [90mYN0000[39m: dist/types/message/index.js.map
2025-04-15T08:48:02.1341816Z [94m➤[39m [90mYN0000[39m: dist/types/message/messageEntity.js
2025-04-15T08:48:02.1342528Z [94m➤[39m [90mYN0000[39m: dist/types/message/messageEntity.js.map
2025-04-15T08:48:02.1343039Z [94m➤[39m [90mYN0000[39m: dist/types/message/messageEvent.js
2025-04-15T08:48:02.1343537Z [94m➤[39m [90mYN0000[39m: dist/types/message/messageEvent.js.map
2025-04-15T08:48:02.1344035Z [94m➤[39m [90mYN0000[39m: dist/types/message/messageInterface.js
2025-04-15T08:48:02.1344562Z [94m➤[39m [90mYN0000[39m: dist/types/message/messageInterface.js.map
2025-04-15T08:48:02.1345087Z [94m➤[39m [90mYN0000[39m: dist/types/message/messageRequestType.js
2025-04-15T08:48:02.1345637Z [94m➤[39m [90mYN0000[39m: dist/types/message/messageRequestType.js.map
2025-04-15T08:48:02.1346251Z [94m➤[39m [90mYN0000[39m: dist/types/miscellaneous/appUpdate.js
2025-04-15T08:48:02.1346787Z [94m➤[39m [90mYN0000[39m: dist/types/miscellaneous/appUpdate.js.map
2025-04-15T08:48:02.1347360Z [94m➤[39m [90mYN0000[39m: dist/types/miscellaneous/index.js
2025-04-15T08:48:02.1347859Z [94m➤[39m [90mYN0000[39m: dist/types/miscellaneous/index.js.map
2025-04-15T08:48:02.1348403Z [94m➤[39m [90mYN0000[39m: dist/types/miscellaneous/promptTemplate.js
2025-04-15T08:48:02.1348971Z [94m➤[39m [90mYN0000[39m: dist/types/miscellaneous/promptTemplate.js.map
2025-04-15T08:48:02.1349516Z [94m➤[39m [90mYN0000[39m: dist/types/miscellaneous/selectFiles.js
2025-04-15T08:48:02.1350039Z [94m➤[39m [90mYN0000[39m: dist/types/miscellaneous/selectFiles.js.map
2025-04-15T08:48:02.1350597Z [94m➤[39m [90mYN0000[39m: dist/types/miscellaneous/systemResourceInfo.js
2025-04-15T08:48:02.1351187Z [94m➤[39m [90mYN0000[39m: dist/types/miscellaneous/systemResourceInfo.js.map
2025-04-15T08:48:02.1351712Z [94m➤[39m [90mYN0000[39m: dist/types/model/index.js
2025-04-15T08:48:02.1352154Z [94m➤[39m [90mYN0000[39m: dist/types/model/index.js.map
2025-04-15T08:48:02.1352616Z [94m➤[39m [90mYN0000[39m: dist/types/model/modelEntity.js
2025-04-15T08:48:02.1353094Z [94m➤[39m [90mYN0000[39m: dist/types/model/modelEntity.js.map
2025-04-15T08:48:02.1353573Z [94m➤[39m [90mYN0000[39m: dist/types/model/modelEvent.js
2025-04-15T08:48:02.1354049Z [94m➤[39m [90mYN0000[39m: dist/types/model/modelEvent.js.map
2025-04-15T08:48:02.1354843Z [94m➤[39m [90mYN0000[39m: dist/types/model/modelImport.js
2025-04-15T08:48:02.1355424Z [94m➤[39m [90mYN0000[39m: dist/types/model/modelImport.js.map
2025-04-15T08:48:02.1355920Z [94m➤[39m [90mYN0000[39m: dist/types/model/modelInterface.js
2025-04-15T08:48:02.1356424Z [94m➤[39m [90mYN0000[39m: dist/types/model/modelInterface.js.map
2025-04-15T08:48:02.1356913Z [94m➤[39m [90mYN0000[39m: dist/types/model/modelSource.js
2025-04-15T08:48:02.1357392Z [94m➤[39m [90mYN0000[39m: dist/types/model/modelSource.js.map
2025-04-15T08:48:02.1358039Z [94m➤[39m [90mYN0000[39m: dist/types/node/api/common/adapter.d.ts
2025-04-15T08:48:02.1358816Z [94m➤[39m [90mYN0000[39m: dist/types/node/api/common/handler.d.ts
2025-04-15T08:48:02.1359450Z [94m➤[39m [90mYN0000[39m: dist/types/node/api/index.d.ts
2025-04-15T08:48:02.1360014Z [94m➤[39m [90mYN0000[39m: dist/types/node/api/processors/Processor.d.ts
2025-04-15T08:48:02.1360567Z [94m➤[39m [90mYN0000[39m: dist/types/node/api/processors/app.d.ts
2025-04-15T08:48:02.1361336Z [94m➤[39m [90mYN0000[39m: dist/types/node/api/processors/extension.d.ts
2025-04-15T08:48:02.1361901Z [94m➤[39m [90mYN0000[39m: dist/types/node/api/processors/fs.d.ts
2025-04-15T08:48:02.1362588Z [94m➤[39m [90mYN0000[39m: dist/types/node/api/processors/fsExt.d.ts
2025-04-15T08:48:02.1363115Z [94m➤[39m [90mYN0000[39m: dist/types/node/extension/extension.d.ts
2025-04-15T08:48:02.1363671Z [94m➤[39m [90mYN0000[39m: dist/types/node/extension/index.d.ts
2025-04-15T08:48:02.1364260Z [94m➤[39m [90mYN0000[39m: dist/types/node/extension/manager.d.ts
2025-04-15T08:48:02.1364761Z [94m➤[39m [90mYN0000[39m: dist/types/node/extension/store.d.ts
2025-04-15T08:48:02.1365469Z [94m➤[39m [90mYN0000[39m: dist/types/node/helper/config.d.ts
2025-04-15T08:48:02.1366365Z [94m➤[39m [90mYN0000[39m: dist/types/node/helper/index.d.ts
2025-04-15T08:48:02.1366887Z [94m➤[39m [90mYN0000[39m: dist/types/node/helper/logger.d.ts
2025-04-15T08:48:02.1367589Z [94m➤[39m [90mYN0000[39m: dist/types/node/helper/module.d.ts
2025-04-15T08:48:02.1368127Z [94m➤[39m [90mYN0000[39m: dist/types/node/helper/path.d.ts
2025-04-15T08:48:02.1368629Z [94m➤[39m [90mYN0000[39m: dist/types/node/helper/resource.d.ts
2025-04-15T08:48:02.1369092Z [94m➤[39m [90mYN0000[39m: dist/types/node/index.d.ts
2025-04-15T08:48:02.1369529Z [94m➤[39m [90mYN0000[39m: dist/types/setting/index.js
2025-04-15T08:48:02.1370095Z [94m➤[39m [90mYN0000[39m: dist/types/setting/index.js.map
2025-04-15T08:48:02.1370823Z [94m➤[39m [90mYN0000[39m: dist/types/setting/settingComponent.js
2025-04-15T08:48:02.1371386Z [94m➤[39m [90mYN0000[39m: dist/types/setting/settingComponent.js.map
2025-04-15T08:48:02.1371869Z [94m➤[39m [90mYN0000[39m: dist/types/thread/index.js
2025-04-15T08:48:02.1372337Z [94m➤[39m [90mYN0000[39m: dist/types/thread/index.js.map
2025-04-15T08:48:02.1372822Z [94m➤[39m [90mYN0000[39m: dist/types/thread/threadEntity.js
2025-04-15T08:48:02.1373540Z [94m➤[39m [90mYN0000[39m: dist/types/thread/threadEntity.js.map
2025-04-15T08:48:02.1374074Z [94m➤[39m [90mYN0000[39m: dist/types/thread/threadInterface.js
2025-04-15T08:48:02.1374827Z [94m➤[39m [90mYN0000[39m: dist/types/thread/threadInterface.js.map
2025-04-15T08:48:02.1375336Z [94m➤[39m [90mYN0000[39m: dist/types/types/api/index.d.ts
2025-04-15T08:48:02.1375879Z [94m➤[39m [90mYN0000[39m: dist/types/types/assistant/assistantEntity.d.ts
2025-04-15T08:48:02.1376462Z [94m➤[39m [90mYN0000[39m: dist/types/types/assistant/assistantEvent.d.ts
2025-04-15T08:48:02.1377193Z [94m➤[39m [90mYN0000[39m: dist/types/types/assistant/assistantInterface.d.ts
2025-04-15T08:48:02.1377823Z [94m➤[39m [90mYN0000[39m: dist/types/types/assistant/index.d.ts
2025-04-15T08:48:02.1378489Z [94m➤[39m [90mYN0000[39m: dist/types/types/config/appConfigEntity.d.ts
2025-04-15T08:48:02.1379041Z [94m➤[39m [90mYN0000[39m: dist/types/types/config/appConfigEvent.d.ts
2025-04-15T08:48:02.1379557Z [94m➤[39m [90mYN0000[39m: dist/types/types/config/index.d.ts
2025-04-15T08:48:02.1380256Z [94m➤[39m [90mYN0000[39m: dist/types/types/engine/index.d.ts
2025-04-15T08:48:02.1380748Z [94m➤[39m [90mYN0000[39m: dist/types/types/file/index.d.ts
2025-04-15T08:48:02.1381238Z [94m➤[39m [90mYN0000[39m: dist/types/types/hardware/index.d.ts
2025-04-15T08:48:02.1381966Z [94m➤[39m [90mYN0000[39m: dist/types/types/huggingface/huggingfaceEntity.d.ts
2025-04-15T08:48:02.1382545Z [94m➤[39m [90mYN0000[39m: dist/types/types/huggingface/index.d.ts
2025-04-15T08:48:02.1383012Z [94m➤[39m [90mYN0000[39m: dist/types/types/index.d.ts
2025-04-15T08:48:02.1383486Z [94m➤[39m [90mYN0000[39m: dist/types/types/inference/index.d.ts
2025-04-15T08:48:02.1384517Z [94m➤[39m [90mYN0000[39m: dist/types/types/inference/inferenceEntity.d.ts
2025-04-15T08:48:02.1385582Z [94m➤[39m [90mYN0000[39m: dist/types/types/inference/inferenceEvent.d.ts
2025-04-15T08:48:02.1386657Z [94m➤[39m [90mYN0000[39m: dist/types/types/inference/inferenceInterface.d.ts
2025-04-15T08:48:02.1387687Z [94m➤[39m [90mYN0000[39m: dist/types/types/message/index.d.ts
2025-04-15T08:48:02.1388751Z [94m➤[39m [90mYN0000[39m: dist/types/types/message/messageEntity.d.ts
2025-04-15T08:48:02.1389860Z [94m➤[39m [90mYN0000[39m: dist/types/types/message/messageEvent.d.ts
2025-04-15T08:48:02.1391019Z [94m➤[39m [90mYN0000[39m: dist/types/types/message/messageInterface.d.ts
2025-04-15T08:48:02.1392154Z [94m➤[39m [90mYN0000[39m: dist/types/types/message/messageRequestType.d.ts
2025-04-15T08:48:02.1393202Z [94m➤[39m [90mYN0000[39m: dist/types/types/miscellaneous/appUpdate.d.ts
2025-04-15T08:48:02.1393801Z [94m➤[39m [90mYN0000[39m: dist/types/types/miscellaneous/index.d.ts
2025-04-15T08:48:02.1394598Z [94m➤[39m [90mYN0000[39m: dist/types/types/miscellaneous/promptTemplate.d.ts
2025-04-15T08:48:02.1395341Z [94m➤[39m [90mYN0000[39m: dist/types/types/miscellaneous/selectFiles.d.ts
2025-04-15T08:48:02.1396130Z [94m➤[39m [90mYN0000[39m: dist/types/types/miscellaneous/systemResourceInfo.d.ts
2025-04-15T08:48:02.1396689Z [94m➤[39m [90mYN0000[39m: dist/types/types/model/index.d.ts
2025-04-15T08:48:02.1397187Z [94m➤[39m [90mYN0000[39m: dist/types/types/model/modelEntity.d.ts
2025-04-15T08:48:02.1397705Z [94m➤[39m [90mYN0000[39m: dist/types/types/model/modelEvent.d.ts
2025-04-15T08:48:02.1398414Z [94m➤[39m [90mYN0000[39m: dist/types/types/model/modelImport.d.ts
2025-04-15T08:48:02.1398993Z [94m➤[39m [90mYN0000[39m: dist/types/types/model/modelInterface.d.ts
2025-04-15T08:48:02.1399740Z [94m➤[39m [90mYN0000[39m: dist/types/types/model/modelSource.d.ts
2025-04-15T08:48:02.1400329Z [94m➤[39m [90mYN0000[39m: dist/types/types/setting/index.d.ts
2025-04-15T08:48:02.1401274Z [94m➤[39m [90mYN0000[39m: dist/types/types/setting/settingComponent.d.ts
2025-04-15T08:48:02.1401818Z [94m➤[39m [90mYN0000[39m: dist/types/types/thread/index.d.ts
2025-04-15T08:48:02.1402341Z [94m➤[39m [90mYN0000[39m: dist/types/types/thread/threadEntity.d.ts
2025-04-15T08:48:02.1402879Z [94m➤[39m [90mYN0000[39m: dist/types/types/thread/threadInterface.d.ts
2025-04-15T08:48:02.1403470Z [94m➤[39m [90mYN0000[39m: package.json
2025-04-15T08:48:02.2540993Z [94m➤[39m YN0000: Package archive generated in [38;5;170mD:\a\jan\jan\core\package.tgz[39m
2025-04-15T08:48:02.2541801Z [94m➤[39m YN0000: Done in 0s 317ms
2025-04-15T08:48:02.2926937Z yarn build:server
2025-04-15T08:48:04.2486193Z [33m[UNRESOLVED_IMPORT] Warning:[0m Could not resolve 'bufferutil' in node_modules/ws/lib/buffer-util.js
2025-04-15T08:48:04.2487183Z      [38;5;246m╭[0m[38;5;246m─[0m[38;5;246m[[0mnode_modules/ws/lib/buffer-util.js:117:32[38;5;246m][0m
2025-04-15T08:48:04.2487933Z      [38;5;246m│[0m
2025-04-15T08:48:04.2489795Z  [38;5;246m117 │[0m [38;5;249m [0m[38;5;249m [0m[38;5;249m [0m[38;5;249m [0m[38;5;249mc[0m[38;5;249mo[0m[38;5;249mn[0m[38;5;249ms[0m[38;5;249mt[0m[38;5;249m [0m[38;5;249mb[0m[38;5;249mu[0m[38;5;249mf[0m[38;5;249mf[0m[38;5;249me[0m[38;5;249mr[0m[38;5;249mU[0m[38;5;249mt[0m[38;5;249mi[0m[38;5;249ml[0m[38;5;249m [0m[38;5;249m=[0m[38;5;249m [0m[38;5;249mr[0m[38;5;249me[0m[38;5;249mq[0m[38;5;249mu[0m[38;5;249mi[0m[38;5;249mr[0m[38;5;249me[0m[38;5;249m([0m'bufferutil'[38;5;249m)[0m[38;5;249m;[0m
2025-04-15T08:48:04.2491254Z  [38;5;240m    │[0m                                ──────┬─────  
2025-04-15T08:48:04.2491891Z  [38;5;240m    │[0m                                      ╰─────── Module not found, treating it as an external dependency
2025-04-15T08:48:04.2492385Z [38;5;246m─────╯[0m
2025-04-15T08:48:04.2492559Z 
2025-04-15T08:48:04.2498538Z [33m[UNRESOLVED_IMPORT] Warning:[0m Could not resolve 'utf-8-validate' in node_modules/ws/lib/validation.js
2025-04-15T08:48:04.2499893Z      [38;5;246m╭[0m[38;5;246m─[0m[38;5;246m[[0mnode_modules/ws/lib/validation.js:144:33[38;5;246m][0m
2025-04-15T08:48:04.2500432Z      [38;5;246m│[0m
2025-04-15T08:48:04.2503152Z  [38;5;246m144 │[0m [38;5;249m [0m[38;5;249m [0m[38;5;249m [0m[38;5;249m [0m[38;5;249mc[0m[38;5;249mo[0m[38;5;249mn[0m[38;5;249ms[0m[38;5;249mt[0m[38;5;249m [0m[38;5;249mi[0m[38;5;249ms[0m[38;5;249mV[0m[38;5;249ma[0m[38;5;249ml[0m[38;5;249mi[0m[38;5;249md[0m[38;5;249mU[0m[38;5;249mT[0m[38;5;249mF[0m[38;5;249m8[0m[38;5;249m [0m[38;5;249m=[0m[38;5;249m [0m[38;5;249mr[0m[38;5;249me[0m[38;5;249mq[0m[38;5;249mu[0m[38;5;249mi[0m[38;5;249mr[0m[38;5;249me[0m[38;5;249m([0m'utf-8-validate'[38;5;249m)[0m[38;5;249m;[0m
2025-04-15T08:48:04.2505734Z  [38;5;240m    │[0m                                 ────────┬───────  
2025-04-15T08:48:04.2506821Z  [38;5;240m    │[0m                                         ╰───────── Module not found, treating it as an external dependency
2025-04-15T08:48:04.2507957Z [38;5;246m─────╯[0m
2025-04-15T08:48:04.2508205Z 
2025-04-15T08:48:04.2509263Z [33m[UNRESOLVED_IMPORT] Warning:[0m Could not resolve 'spdx-license-ids' in ../core/node_modules/spdx-correct/index.js
2025-04-15T08:48:04.2510481Z     [38;5;246m╭[0m[38;5;246m─[0m[38;5;246m[[0m../core/node_modules/spdx-correct/index.js:17:30[38;5;246m][0m
2025-04-15T08:48:04.2511486Z     [38;5;246m│[0m
2025-04-15T08:48:04.2514339Z  [38;5;246m17 │[0m [38;5;249mv[0m[38;5;249ma[0m[38;5;249mr[0m[38;5;249m [0m[38;5;249ms[0m[38;5;249mp[0m[38;5;249md[0m[38;5;249mx[0m[38;5;249mL[0m[38;5;249mi[0m[38;5;249mc[0m[38;5;249me[0m[38;5;249mn[0m[38;5;249ms[0m[38;5;249me[0m[38;5;249mI[0m[38;5;249md[0m[38;5;249ms[0m[38;5;249m [0m[38;5;249m=[0m[38;5;249m [0m[38;5;249mr[0m[38;5;249me[0m[38;5;249mq[0m[38;5;249mu[0m[38;5;249mi[0m[38;5;249mr[0m[38;5;249me[0m[38;5;249m([0m'spdx-license-ids'[38;5;249m)[0m
2025-04-15T08:48:04.2515568Z  [38;5;240m   │[0m                              ─────────┬────────  
2025-04-15T08:48:04.2516136Z  [38;5;240m   │[0m                                       ╰────────── Module not found, treating it as an external dependency
2025-04-15T08:48:04.2516655Z [38;5;246m────╯[0m
2025-04-15T08:48:04.2517022Z 
2025-04-15T08:48:04.2517815Z [33m[UNRESOLVED_IMPORT] Warning:[0m Could not resolve 'spdx-license-ids' in ../core/node_modules/spdx-expression-parse/scan.js
2025-04-15T08:48:04.2518731Z    [38;5;246m╭[0m[38;5;246m─[0m[38;5;246m[[0m../core/node_modules/spdx-expression-parse/scan.js:4:19[38;5;246m][0m
2025-04-15T08:48:04.2519216Z    [38;5;246m│[0m
2025-04-15T08:48:04.2520219Z  [38;5;246m4 │[0m [38;5;249m [0m[38;5;249m [0m[38;5;249m.[0m[38;5;249mc[0m[38;5;249mo[0m[38;5;249mn[0m[38;5;249mc[0m[38;5;249ma[0m[38;5;249mt[0m[38;5;249m([0m[38;5;249mr[0m[38;5;249me[0m[38;5;249mq[0m[38;5;249mu[0m[38;5;249mi[0m[38;5;249mr[0m[38;5;249me[0m[38;5;249m([0m'spdx-license-ids'[38;5;249m)[0m[38;5;249m)[0m
2025-04-15T08:48:04.2521071Z  [38;5;240m  │[0m                   ─────────┬────────  
2025-04-15T08:48:04.2521803Z  [38;5;240m  │[0m                            ╰────────── Module not found, treating it as an external dependency
2025-04-15T08:48:04.2522568Z [38;5;246m───╯[0m
2025-04-15T08:48:04.2522785Z 
2025-04-15T08:48:04.2523617Z [33m[UNRESOLVED_IMPORT] Warning:[0m Could not resolve 'spdx-license-ids/deprecated' in ../core/node_modules/spdx-expression-parse/scan.js
2025-04-15T08:48:04.2524538Z    [38;5;246m╭[0m[38;5;246m─[0m[38;5;246m[[0m../core/node_modules/spdx-expression-parse/scan.js:5:19[38;5;246m][0m
2025-04-15T08:48:04.2524997Z    [38;5;246m│[0m
2025-04-15T08:48:04.2526039Z  [38;5;246m5 │[0m [38;5;249m [0m[38;5;249m [0m[38;5;249m.[0m[38;5;249mc[0m[38;5;249mo[0m[38;5;249mn[0m[38;5;249mc[0m[38;5;249ma[0m[38;5;249mt[0m[38;5;249m([0m[38;5;249mr[0m[38;5;249me[0m[38;5;249mq[0m[38;5;249mu[0m[38;5;249mi[0m[38;5;249mr[0m[38;5;249me[0m[38;5;249m([0m'spdx-license-ids/deprecated'[38;5;249m)[0m[38;5;249m)[0m
2025-04-15T08:48:04.2526947Z  [38;5;240m  │[0m                   ──────────────┬──────────────  
2025-04-15T08:48:04.2527489Z  [38;5;240m  │[0m                                 ╰──────────────── Module not found, treating it as an external dependency
2025-04-15T08:48:04.2527892Z [38;5;246m───╯[0m
2025-04-15T08:48:04.2528055Z 
2025-04-15T08:48:04.2529175Z [33m[UNRESOLVED_IMPORT] Warning:[0m Could not resolve 'spdx-exceptions' in ../core/node_modules/spdx-expression-parse/scan.js
2025-04-15T08:48:04.2530524Z    [38;5;246m╭[0m[38;5;246m─[0m[38;5;246m[[0m../core/node_modules/spdx-expression-parse/scan.js:6:26[38;5;246m][0m
2025-04-15T08:48:04.2531008Z    [38;5;246m│[0m
2025-04-15T08:48:04.2532227Z  [38;5;246m6 │[0m [38;5;249mv[0m[38;5;249ma[0m[38;5;249mr[0m[38;5;249m [0m[38;5;249me[0m[38;5;249mx[0m[38;5;249mc[0m[38;5;249me[0m[38;5;249mp[0m[38;5;249mt[0m[38;5;249mi[0m[38;5;249mo[0m[38;5;249mn[0m[38;5;249ms[0m[38;5;249m [0m[38;5;249m=[0m[38;5;249m [0m[38;5;249mr[0m[38;5;249me[0m[38;5;249mq[0m[38;5;249mu[0m[38;5;249mi[0m[38;5;249mr[0m[38;5;249me[0m[38;5;249m([0m'spdx-exceptions'[38;5;249m)[0m
2025-04-15T08:48:04.2533350Z  [38;5;240m  │[0m                          ────────┬────────  
2025-04-15T08:48:04.2534400Z  [38;5;240m  │[0m                                  ╰────────── Module not found, treating it as an external dependency
2025-04-15T08:48:04.2534854Z [38;5;246m───╯[0m
2025-04-15T08:48:04.2534988Z 
2025-04-15T08:48:04.2535519Z [33m[UNRESOLVED_IMPORT] Warning:[0m Could not resolve 'bluebird' in ../core/node_modules/promise-inflight/inflight.js
2025-04-15T08:48:04.2536363Z    [38;5;246m╭[0m[38;5;246m─[0m[38;5;246m[[0m../core/node_modules/promise-inflight/inflight.js:6:22[38;5;246m][0m
2025-04-15T08:48:04.2536822Z    [38;5;246m│[0m
2025-04-15T08:48:04.2537874Z  [38;5;246m6 │[0m [38;5;249m [0m[38;5;249m [0m[38;5;249mB[0m[38;5;249ml[0m[38;5;249mu[0m[38;5;249me[0m[38;5;249mb[0m[38;5;249mi[0m[38;5;249mr[0m[38;5;249md[0m[38;5;249m [0m[38;5;249m=[0m[38;5;249m [0m[38;5;249mr[0m[38;5;249me[0m[38;5;249mq[0m[38;5;249mu[0m[38;5;249mi[0m[38;5;249mr[0m[38;5;249me[0m[38;5;249m([0m'bluebird'[38;5;249m)[0m
2025-04-15T08:48:04.2538726Z  [38;5;240m  │[0m                      ─────┬────  
2025-04-15T08:48:04.2539416Z  [38;5;240m  │[0m                           ╰────── Module not found, treating it as an external dependency
2025-04-15T08:48:04.2540130Z [38;5;246m───╯[0m
2025-04-15T08:48:04.2540279Z 
2025-04-15T08:48:04.2948708Z [log] [2m<DIR>/[22m[32mdist/index.js.map  [39m[2masset[22m[2m │ size: 10,055.58 kB[22m
2025-04-15T08:48:04.2950360Z [log] [2m<DIR>/[22m[36mdist/index.js      [39m[2mchunk[22m[2m │ size:  5,477.36 kB[22m
2025-04-15T08:48:04.2951125Z [log]
2025-04-15T08:48:04.2951921Z [success] Finished in [1m479.10 ms[22m
2025-04-15T08:48:04.3706375Z yarn build:extensions
2025-04-15T08:48:05.0818860Z No matches found: "./pre-install/*.tgz"
2025-04-15T08:48:10.4807431Z [log] [2m<DIR>/[22m[32mdist/index.js.map  [39m[2masset[22m[2m │ size: 155.17 kB[22m
2025-04-15T08:48:10.4809991Z [log] [2m<DIR>/[22m[36mdist/index.js      [39m[2mchunk[22m[2m │ size:  61.37 kB[22m
2025-04-15T08:48:10.4812092Z [log] [2m<DIR>/[22m[32mdist/node/index.cjs.js.map  [39m[2masset[22m[2m │ size: 76.93 kB[22m
2025-04-15T08:48:10.4813272Z [log] [2m<DIR>/[22m[36mdist/node/index.cjs.js      [39m[2mchunk[22m[2m │ size: 37.72 kB[22m
2025-04-15T08:48:10.4813939Z [log]
2025-04-15T08:48:10.4815038Z [success] Finished in [1m67.75 ms[22m
2025-04-15T08:48:10.9844949Z [94m➤[39m YN0000: · Yarn 4.5.3
2025-04-15T08:48:10.9982903Z [94m➤[39m [90mYN0000[39m: ┌ Resolution step
2025-04-15T08:48:10.9983702Z ##[group]Resolution step
2025-04-15T08:48:11.7265262Z [94m➤[39m YN0085: │ [38;5;70m+[39m [38;5;166m@janhq/[39m[38;5;173mcore[39m[38;5;111m@[39m[38;5;111mfile:../../core/package.tgz#../../core/package.tgz::hash=fb7742&locator=%40janhq%2Fassistant-extension%40workspace%3Aassistant-extension[39m, and [38;5;220m5[39m more.
2025-04-15T08:48:11.7267436Z [94m➤[39m YN0085: │ [38;5;160m-[39m [38;5;166m@anthropic-ai/[39m[38;5;173msdk[39m[38;5;111m@[39m[38;5;111mnpm:0.9.1[39m, and [38;5;220m94[39m more.
2025-04-15T08:48:11.7486118Z ##[endgroup]
2025-04-15T08:48:11.7488687Z [94m➤[39m [90mYN0000[39m: └ Completed in 0s 750ms
2025-04-15T08:48:11.7499782Z [94m➤[39m [90mYN0000[39m: ┌ Post-resolution validation
2025-04-15T08:48:11.7500569Z ##[group]Post-resolution validation
2025-04-15T08:48:11.7502463Z [93m➤[39m YN0002: │ [38;5;166m@janhq/[39m[38;5;173massistant-extension[39m[38;5;111m@[39m[38;5;111mworkspace:assistant-extension[39m doesn't provide [38;5;173mwebpack[39m ([38;5;111mpb9f55[39m), requested by [38;5;173mts-loader[39m.
2025-04-15T08:48:11.7504675Z [93m➤[39m YN0002: │ [38;5;166m@janhq/[39m[38;5;173mconversational-extension[39m[38;5;111m@[39m[38;5;111mworkspace:conversational-extension[39m doesn't provide [38;5;173mwebpack[39m ([38;5;111mpd966f[39m), requested by [38;5;173mts-loader[39m.
2025-04-15T08:48:11.7506952Z [93m➤[39m YN0002: │ [38;5;166m@janhq/[39m[38;5;173mengine-management-extension[39m[38;5;111m@[39m[38;5;111mworkspace:engine-management-extension[39m doesn't provide [38;5;173mwebpack[39m ([38;5;111mp52429[39m), requested by [38;5;173mts-loader[39m.
2025-04-15T08:48:11.7508864Z [93m➤[39m YN0002: │ [38;5;166m@janhq/[39m[38;5;173mhardware-management-extension[39m[38;5;111m@[39m[38;5;111mworkspace:hardware-management-extension[39m doesn't provide [38;5;173mwebpack[39m ([38;5;111mp0df57[39m), requested by [38;5;173mts-loader[39m.
2025-04-15T08:48:11.7510559Z [93m➤[39m YN0086: │ Some peer dependencies are incorrectly met by your project; run [38;5;111myarn explain peer-requirements <hash>[39m for details, where [38;5;111m<hash>[39m is the six-letter p-prefixed code.
2025-04-15T08:48:11.7511686Z ##[endgroup]
2025-04-15T08:48:11.7512272Z [94m➤[39m [90mYN0000[39m: └ Completed
2025-04-15T08:48:11.7514661Z [94m➤[39m [90mYN0000[39m: ┌ Fetch step
2025-04-15T08:48:11.7515141Z ##[group]Fetch step
2025-04-15T08:48:23.7119377Z [94m➤[39m YN0013: │ [38;5;220m181[39m packages were added to the project ([38;5;160m+ 182.14 MiB[39m).
2025-04-15T08:48:23.7120457Z ##[endgroup]
2025-04-15T08:48:23.7122011Z [94m➤[39m [90mYN0000[39m: └ Completed in 11s 960ms
2025-04-15T08:48:23.7508149Z [94m➤[39m [90mYN0000[39m: ┌ Link step
2025-04-15T08:48:23.7510147Z ##[group]Link step
2025-04-15T08:48:31.3150909Z [94m➤[39m YN0007: │ [38;5;173mcore-js[39m[38;5;111m@[39m[38;5;111mnpm:2.6.12[39m must be built because it never has been before or the last one failed
2025-04-15T08:48:31.3160759Z [94m➤[39m YN0007: │ [38;5;173mesbuild[39m[38;5;111m@[39m[38;5;111mnpm:0.24.2[39m must be built because it never has been before or the last one failed
2025-04-15T08:48:32.2847269Z ##[endgroup]
2025-04-15T08:48:32.2848258Z [94m➤[39m [90mYN0000[39m: └ Completed in 8s 534ms
2025-04-15T08:48:32.3369287Z [93m➤[39m YN0000: · Done with warnings in 21s 353ms
2025-04-15T08:48:52.2105124Z [log] [2m<DIR>/[22m[36mdist/index.js  [39m[2mchunk[22m[2m │ size: 52.33 kB[22m
2025-04-15T08:48:52.2105996Z [log]
2025-04-15T08:48:52.2107083Z [success] Finished in [1m22.00 ms[22m
2025-04-15T08:48:52.2107832Z janhq-conversational-extension-1.0.0.tgz
2025-04-15T08:48:52.2109499Z No matches found: "*.tgz"
2025-04-15T08:48:52.2110195Z npm notice
2025-04-15T08:48:52.2110949Z npm notice package: @janhq/conversational-extension@1.0.0
2025-04-15T08:48:52.2111748Z npm notice Tarball Contents
2025-04-15T08:48:52.2112548Z npm notice 52.3kB dist/index.js
2025-04-15T08:48:52.2113387Z npm notice 1.1kB package.json
2025-04-15T08:48:52.2113966Z npm notice Tarball Details
2025-04-15T08:48:52.2116043Z npm notice name: @janhq/conversational-extension
2025-04-15T08:48:52.2116805Z npm notice version: 1.0.0
2025-04-15T08:48:52.2117646Z npm notice filename: janhq-conversational-extension-1.0.0.tgz
2025-04-15T08:48:52.2118557Z npm notice package size: 13.8 kB
2025-04-15T08:48:52.2119227Z npm notice unpacked size: 53.4 kB
2025-04-15T08:48:52.2120064Z npm notice shasum: 5e93b3511d4ad0b42795151d7ed5ddba692d41da
2025-04-15T08:48:52.2121006Z npm notice integrity: sha512-4ZAzccc3D0Bpa[...]Ga2t7d1PJDlQA==
2025-04-15T08:48:52.2121816Z npm notice total files: 2
2025-04-15T08:48:52.2122299Z npm notice
2025-04-15T08:48:56.2089421Z [log] [2m<DIR>/[22m[36mdist/index.js  [39m[2mchunk[22m[2m │ size: 32.60 kB[22m
2025-04-15T08:48:56.2090330Z [log]
2025-04-15T08:48:56.2091009Z [success] Finished in [1m22.33 ms[22m
2025-04-15T08:48:56.2091756Z janhq-assistant-extension-1.0.2.tgz
2025-04-15T08:48:56.2092429Z No matches found: "*.tgz"
2025-04-15T08:48:56.2092931Z npm notice
2025-04-15T08:48:56.2093538Z npm notice package: @janhq/assistant-extension@1.0.2
2025-04-15T08:48:56.2094164Z npm notice Tarball Contents
2025-04-15T08:48:56.2094745Z npm notice 2.6kB README.md
2025-04-15T08:48:56.2095311Z npm notice 32.6kB dist/index.js
2025-04-15T08:48:56.2095928Z npm notice 998B package.json
2025-04-15T08:48:56.2096534Z npm notice Bundled Dependencies
2025-04-15T08:48:56.2097130Z npm notice layerr
2025-04-15T08:48:56.2097615Z npm notice ulidx
2025-04-15T08:48:56.2098130Z npm notice tslib
2025-04-15T08:48:56.2098936Z npm notice rxjs
2025-04-15T08:48:56.2099462Z npm notice @janhq/core
2025-04-15T08:48:56.2099983Z npm notice Tarball Details
2025-04-15T08:48:56.2100682Z npm notice name: @janhq/assistant-extension
2025-04-15T08:48:56.2101359Z npm notice version: 1.0.2
2025-04-15T08:48:56.2102093Z npm notice filename: janhq-assistant-extension-1.0.2.tgz
2025-04-15T08:48:56.2102910Z npm notice package size: 945.6 kB
2025-04-15T08:48:56.2103484Z npm notice unpacked size: 5.3 MB
2025-04-15T08:48:56.2104311Z npm notice shasum: 542e8aae213af226a17712fd534b1bac0819d67e
2025-04-15T08:48:56.2106820Z npm notice integrity: sha512-V/rQ6rlZnLzpX[...]CqNDA3M4rTsKQ==
2025-04-15T08:48:56.2107581Z npm notice bundled deps: 5
2025-04-15T08:48:56.2108051Z npm notice bundled files: 0
2025-04-15T08:48:56.2108521Z npm notice own files: 2576
2025-04-15T08:48:56.2108978Z npm notice total files: 2576
2025-04-15T08:48:56.2109413Z npm notice
2025-04-15T08:49:00.4834021Z [log] [2m<DIR>/[22m[36mdist/index.js  [39m[2mchunk[22m[2m │ size: 121.27 kB[22m
2025-04-15T08:49:00.4835823Z [log] [2m<DIR>/[22m[36mdist/node/index.cjs.js  [39m[2mchunk[22m[2m │ size: 2.85 kB[22m
2025-04-15T08:49:00.4837025Z [log]
2025-04-15T08:49:00.4837778Z [success] Finished in [1m27.52 ms[22m
2025-04-15T08:49:00.4838507Z No codesigning required
2025-04-15T08:49:00.4839246Z janhq-engine-management-extension-1.0.3.tgz
2025-04-15T08:49:00.4840119Z No matches found: "*.tgz"
2025-04-15T08:49:00.4840664Z npm notice
2025-04-15T08:49:00.4841406Z npm notice package: @janhq/engine-management-extension@1.0.3
2025-04-15T08:49:00.4842216Z npm notice Tarball Contents
2025-04-15T08:49:00.4842877Z npm notice 121.3kB dist/index.js
2025-04-15T08:49:00.4843564Z npm notice 2.8kB dist/node/index.cjs.js
2025-04-15T08:49:00.4844260Z npm notice 1.3kB package.json
2025-04-15T08:49:00.4844926Z npm notice Bundled Dependencies
2025-04-15T08:49:00.4845495Z npm notice layerr
2025-04-15T08:49:00.4845998Z npm notice ulidx
2025-04-15T08:49:00.4846489Z npm notice tslib
2025-04-15T08:49:00.4846979Z npm notice rxjs
2025-04-15T08:49:00.4847488Z npm notice @janhq/core
2025-04-15T08:49:00.4848026Z npm notice Tarball Details
2025-04-15T08:49:00.4848767Z npm notice name: @janhq/engine-management-extension
2025-04-15T08:49:00.4849478Z npm notice version: 1.0.3
2025-04-15T08:49:00.4850312Z npm notice filename: janhq-engine-management-extension-1.0.3.tgz
2025-04-15T08:49:00.4851166Z npm notice package size: 957.8 kB
2025-04-15T08:49:00.4875319Z npm notice unpacked size: 5.4 MB
2025-04-15T08:49:00.4876545Z npm notice shasum: 642039ddc065d83e56622884656db687e4f4c5db
2025-04-15T08:49:00.4877557Z npm notice integrity: sha512-q719D5ju4l1sG[...]1ckPRumQhS40g==
2025-04-15T08:49:00.4878364Z npm notice bundled deps: 5
2025-04-15T08:49:00.4878963Z npm notice bundled files: 0
2025-04-15T08:49:00.4879554Z npm notice own files: 2576
2025-04-15T08:49:00.4880127Z npm notice total files: 2576
2025-04-15T08:49:00.4880676Z npm notice
2025-04-15T08:49:04.3807056Z [log] [2m<DIR>/[22m[36mdist/index.js  [39m[2mchunk[22m[2m │ size: 49.00 kB[22m
2025-04-15T08:49:04.3807872Z [log]
2025-04-15T08:49:04.3808858Z [success] Finished in [1m18.54 ms[22m
2025-04-15T08:49:04.3809439Z No codesigning required
2025-04-15T08:49:04.3810069Z janhq-hardware-management-extension-1.0.0.tgz
2025-04-15T08:49:04.3810686Z No matches found: "*.tgz"
2025-04-15T08:49:04.3811104Z npm notice
2025-04-15T08:49:04.3811709Z npm notice package: @janhq/hardware-management-extension@1.0.0
2025-04-15T08:49:04.3812440Z npm notice Tarball Contents
2025-04-15T08:49:04.3812979Z npm notice 49.0kB dist/index.js
2025-04-15T08:49:04.3813476Z npm notice 1.3kB package.json
2025-04-15T08:49:04.3814072Z npm notice Bundled Dependencies
2025-04-15T08:49:04.3814546Z npm notice layerr
2025-04-15T08:49:04.3814943Z npm notice ulidx
2025-04-15T08:49:04.3815346Z npm notice tslib
2025-04-15T08:49:04.3815747Z npm notice rxjs
2025-04-15T08:49:04.3816134Z npm notice @janhq/core
2025-04-15T08:49:04.3816576Z npm notice Tarball Details
2025-04-15T08:49:04.3817178Z npm notice name: @janhq/hardware-management-extension
2025-04-15T08:49:04.3817808Z npm notice version: 1.0.0
2025-04-15T08:49:04.3818553Z npm notice filename: janhq-hardware-management-extension-1.0.0.tgz
2025-04-15T08:49:04.3819339Z npm notice package size: 949.1 kB
2025-04-15T08:49:04.3819885Z npm notice unpacked size: 5.3 MB
2025-04-15T08:49:04.3820649Z npm notice shasum: f5c2a13f060da881b60e64b7353be254fc7449f1
2025-04-15T08:49:04.3821517Z npm notice integrity: sha512-FtcIMTVdRc0wK[...]RcQ54Yrg5EJiw==
2025-04-15T08:49:04.3822170Z npm notice bundled deps: 5
2025-04-15T08:49:04.3822780Z npm notice bundled files: 0
2025-04-15T08:49:04.3823255Z npm notice own files: 2575
2025-04-15T08:49:04.3823759Z npm notice total files: 2575
2025-04-15T08:49:04.3824213Z npm notice
2025-04-15T08:49:07.1474449Z [log] [2m<DIR>/[22m[36mdist/index.js  [39m[2mchunk[22m[2m │ size: 112.49 kB[22m
2025-04-15T08:49:07.1475687Z [log]
2025-04-15T08:49:07.1476756Z [success] Finished in [1m29.70 ms[22m
2025-04-15T08:49:07.1477387Z janhq-model-extension-1.0.36.tgz
2025-04-15T08:49:07.1477942Z No matches found: "*.tgz"
2025-04-15T08:49:07.1478404Z npm notice
2025-04-15T08:49:07.1478944Z npm notice package: @janhq/model-extension@1.0.36
2025-04-15T08:49:07.1479568Z npm notice Tarball Contents
2025-04-15T08:49:07.1480056Z npm notice 2.6kB README.md
2025-04-15T08:49:07.1480425Z npm notice 112.7kB dist/index.js
2025-04-15T08:49:07.1480738Z npm notice 987B package.json
2025-04-15T08:49:07.1481044Z npm notice Tarball Details
2025-04-15T08:49:07.1481356Z npm notice name: @janhq/model-extension
2025-04-15T08:49:07.1481744Z npm notice version: 1.0.36
2025-04-15T08:49:07.1493729Z npm notice filename: janhq-model-extension-1.0.36.tgz
2025-04-15T08:49:07.1494397Z npm notice package size: 27.0 kB
2025-04-15T08:49:07.1494897Z npm notice unpacked size: 116.3 kB
2025-04-15T08:49:07.1495506Z npm notice shasum: 4b5da2441b5705507cb225109c2e5a36667bbb8b
2025-04-15T08:49:07.1496279Z npm notice integrity: sha512-xUj9NeEnyomx4[...]MN/NvZixBOb2w==
2025-04-15T08:49:07.1497001Z npm notice total files: 3
2025-04-15T08:49:07.1497384Z npm notice
2025-04-15T08:50:30.6372304Z [log] [2m<DIR>/[22m[36mdist/index.js  [39m[2mchunk[22m[2m │ size: 74.86 kB[22m
2025-04-15T08:50:30.6373490Z [log] [2m<DIR>/[22m[36mdist/node/index.cjs.js  [39m[2mchunk[22m[2m │ size: 5.01 kB[22m
2025-04-15T08:50:30.6374090Z [log]
2025-04-15T08:50:30.6374584Z [success] Finished in [1m23.61 ms[22m
2025-04-15T08:50:30.6375805Z Processing folder: ./../../electron/shared\engines\cortex.llamacpp\windows-amd64-noavx-cuda-12-0\v0.1.55
2025-04-15T08:50:30.6376586Z         1 file(s) moved.
2025-04-15T08:50:30.6376927Z         1 file(s) moved.
2025-04-15T08:50:30.6377275Z         1 file(s) moved.
2025-04-15T08:50:30.6377612Z         1 file(s) moved.
2025-04-15T08:50:30.6378451Z Processing folder: ./../../electron/shared\engines\cortex.llamacpp\windows-amd64-noavx-cuda-11-7\v0.1.55
2025-04-15T08:50:30.6379191Z         1 file(s) moved.
2025-04-15T08:50:30.6379541Z         1 file(s) moved.
2025-04-15T08:50:30.6379874Z         1 file(s) moved.
2025-04-15T08:50:30.6380300Z         1 file(s) moved.
2025-04-15T08:50:30.6381040Z Processing folder: ./../../electron/shared\engines\cortex.llamacpp\windows-amd64-avx2-cuda-12-0\v0.1.55
2025-04-15T08:50:30.6381817Z         1 file(s) moved.
2025-04-15T08:50:30.6382162Z         1 file(s) moved.
2025-04-15T08:50:30.6382505Z         1 file(s) moved.
2025-04-15T08:50:30.6382850Z         1 file(s) moved.
2025-04-15T08:50:30.6383669Z Processing folder: ./../../electron/shared\engines\cortex.llamacpp\windows-amd64-avx2-cuda-11-7\v0.1.55
2025-04-15T08:50:30.6384421Z         1 file(s) moved.
2025-04-15T08:50:30.6384802Z         1 file(s) moved.
2025-04-15T08:50:30.6385165Z         1 file(s) moved.
2025-04-15T08:50:30.6385530Z         1 file(s) moved.
2025-04-15T08:50:30.6386344Z Processing folder: ./../../electron/shared\engines\cortex.llamacpp\windows-amd64-noavx\v0.1.55
2025-04-15T08:50:30.6387086Z         1 file(s) moved.
2025-04-15T08:50:30.6387446Z         1 file(s) moved.
2025-04-15T08:50:30.6387801Z         1 file(s) moved.
2025-04-15T08:50:30.6388147Z         1 file(s) moved.
2025-04-15T08:50:30.6388896Z Processing folder: ./../../electron/shared\engines\cortex.llamacpp\windows-amd64-avx\v0.1.55
2025-04-15T08:50:30.6389350Z         1 file(s) moved.
2025-04-15T08:50:30.6389570Z         1 file(s) moved.
2025-04-15T08:50:30.6389777Z         1 file(s) moved.
2025-04-15T08:50:30.6390000Z         1 file(s) moved.
2025-04-15T08:50:30.6390454Z Processing folder: ./../../electron/shared\engines\cortex.llamacpp\windows-amd64-avx2\v0.1.55
2025-04-15T08:50:30.6390880Z         1 file(s) moved.
2025-04-15T08:50:30.6391090Z         1 file(s) moved.
2025-04-15T08:50:30.6391306Z         1 file(s) moved.
2025-04-15T08:50:30.6391514Z         1 file(s) moved.
2025-04-15T08:50:30.6391982Z Processing folder: ./../../electron/shared\engines\cortex.llamacpp\windows-amd64-avx512\v0.1.55
2025-04-15T08:50:30.6392414Z         1 file(s) moved.
2025-04-15T08:50:30.6392637Z         1 file(s) moved.
2025-04-15T08:50:30.6392970Z         1 file(s) moved.
2025-04-15T08:50:30.6393279Z         1 file(s) moved.
2025-04-15T08:50:30.6393750Z Processing folder: ./../../electron/shared\engines\cortex.llamacpp\windows-amd64-vulkan\v0.1.55
2025-04-15T08:50:30.6394190Z         1 file(s) moved.
2025-04-15T08:50:30.6394402Z         1 file(s) moved.
2025-04-15T08:50:30.6394624Z         1 file(s) moved.
2025-04-15T08:50:30.6394832Z         1 file(s) moved.
2025-04-15T08:50:30.6395089Z DLL files moved successfully.
2025-04-15T08:50:30.6395431Z janhq-inference-cortex-extension-1.0.25.tgz
2025-04-15T08:50:30.6395760Z No matches found: "*.tgz"
2025-04-15T08:50:30.6396069Z The system cannot find the file specified.
2025-04-15T08:50:30.6396416Z Invalid switch - "bin\cortex-beta.exe".
2025-04-15T08:50:30.6396743Z Invalid switch - "bin\cortex.exe".
2025-04-15T08:50:30.6397005Z npm notice
2025-04-15T08:50:30.6397340Z npm notice package: @janhq/inference-cortex-extension@1.0.25
2025-04-15T08:50:30.6397710Z npm notice Tarball Contents
2025-04-15T08:50:30.6397983Z npm notice 2.6kB README.md
2025-04-15T08:50:30.6398284Z npm notice 14.8MB dist/bin/cortex-server.exe
2025-04-15T08:50:30.6398615Z npm notice 8.7MB dist/bin/cortex.exe
2025-04-15T08:50:30.6398940Z npm notice 146.2MB dist/bin/cublas64_11.dll
2025-04-15T08:50:30.6399279Z npm notice 98.1MB dist/bin/cublas64_12.dll
2025-04-15T08:50:30.6399782Z npm notice 308.6MB dist/bin/cublasLt64_11.dll
2025-04-15T08:50:30.6400132Z npm notice 465.9MB dist/bin/cublasLt64_12.dll
2025-04-15T08:50:30.6400460Z npm notice 527.4kB dist/bin/cudart64_12.dll
2025-04-15T08:50:30.6400798Z npm notice 518.1kB dist/bin/cudart64_110.dll
2025-04-15T08:50:30.6401121Z npm notice 575.0kB dist/bin/msvcp140.dll
2025-04-15T08:50:30.6401448Z npm notice 192.1kB dist/bin/vcomp140.dll
2025-04-15T08:50:30.6401776Z npm notice 49.5kB dist/bin/vcruntime140_1.dll
2025-04-15T08:50:30.6402119Z npm notice 119.7kB dist/bin/vcruntime140.dll
2025-04-15T08:50:30.6402442Z npm notice 6B dist/bin/version.txt
2025-04-15T08:50:30.6402851Z npm notice 1.4MB dist/bin/vulkan-1.dll
2025-04-15T08:50:30.6403188Z npm notice 74.9kB dist/index.js
2025-04-15T08:50:30.6403493Z npm notice 5.0kB dist/node/index.cjs.js
2025-04-15T08:50:30.6403801Z npm notice 2.2kB package.json
2025-04-15T08:50:30.6404088Z npm notice Bundled Dependencies
2025-04-15T08:50:30.6404358Z npm notice fetch-retry
2025-04-15T08:50:30.6404599Z npm notice layerr
2025-04-15T08:50:30.6404823Z npm notice ulidx
2025-04-15T08:50:30.6405038Z npm notice tslib
2025-04-15T08:50:30.6405256Z npm notice rxjs
2025-04-15T08:50:30.6405473Z npm notice @janhq/core
2025-04-15T08:50:30.6405731Z npm notice Tarball Details
2025-04-15T08:50:30.6406069Z npm notice name: @janhq/inference-cortex-extension
2025-04-15T08:50:30.6406396Z npm notice version: 1.0.25
2025-04-15T08:50:30.6406790Z npm notice filename: janhq-inference-cortex-extension-1.0.25.tgz
2025-04-15T08:50:30.6407192Z npm notice package size: 713.3 MB
2025-04-15T08:50:30.6407498Z npm notice unpacked size: 1.1 GB
2025-04-15T08:50:30.6407872Z npm notice shasum: 05c4680d501d881de01b159a5715aec5d208b5ae
2025-04-15T08:50:30.6408333Z npm notice integrity: sha512-Eha4Unl7x3qVa[...]893pCDjqdwl+A==
2025-04-15T08:50:30.6408689Z npm notice bundled deps: 6
2025-04-15T08:50:30.6408956Z npm notice bundled files: 0
2025-04-15T08:50:30.6409217Z npm notice own files: 2608
2025-04-15T08:50:30.6409473Z npm notice total files: 2608
2025-04-15T08:50:30.6409720Z npm notice
2025-04-15T08:50:30.6409921Z Done in 1m 58s
2025-04-15T08:50:30.6899253Z powershell -Command "if ((Get-ChildItem -Path pre-install -Filter *.tgz | Measure-Object | Select-Object -ExpandProperty Count) -ne (Get-ChildItem -Path extensions -Directory | Where-Object Name -like *-extension* | Measure-Object | Select-Object -ExpandProperty Count)) { Write-Host 'Number of .tgz files in pre-install does not match the number of subdirectories in extensions with package.json'; exit 1 } else { Write-Host 'Extension build successful' }"
2025-04-15T08:50:31.1405399Z Extension build successful
2025-04-15T08:50:31.1552407Z yarn build
2025-04-15T08:50:33.8077149Z ⚠ No build cache found. Please configure build caching for faster rebuilds. Read more: https://nextjs.org/docs/messages/no-cache
2025-04-15T08:50:33.8135004Z Attention: Next.js now collects completely anonymous telemetry regarding usage.
2025-04-15T08:50:33.8136110Z This information is used to shape Next.js' roadmap and prioritize features.
2025-04-15T08:50:33.8137282Z You can learn more, including how to opt-out if you'd not like to participate in this anonymous program, by visiting the following URL:
2025-04-15T08:50:33.8138119Z https://nextjs.org/telemetry
2025-04-15T08:50:33.8138376Z 
2025-04-15T08:50:33.9631028Z   ▲ Next.js 14.2.3
2025-04-15T08:50:33.9631571Z 
2025-04-15T08:50:33.9792329Z    Creating an optimized production build ...
2025-04-15T08:50:34.4786480Z  ⚠ Production code optimization has been disabled in your project. Read more: https://nextjs.org/docs/messages/minification-disabled
2025-04-15T08:50:55.6808223Z  ✓ Compiled successfully
2025-04-15T08:50:55.6821558Z    Skipping linting
2025-04-15T08:50:55.6823702Z    Checking validity of types ...
2025-04-15T08:51:11.8589464Z    Collecting page data ...
2025-04-15T08:51:13.2493727Z    Generating static pages (0/8) ...
2025-04-15T08:51:13.9778222Z    Generating static pages (2/8) 
2025-04-15T08:51:13.9779745Z    Generating static pages (4/8) 
2025-04-15T08:51:14.1033385Z    Generating static pages (6/8) 
2025-04-15T08:51:17.1653653Z  ✓ Generating static pages (8/8)
2025-04-15T08:51:17.7218624Z    Finalizing page optimization ...
2025-04-15T08:51:17.7219131Z    Collecting build traces ...
2025-04-15T08:51:24.5575052Z 
2025-04-15T08:51:24.5607822Z Route (app)                              Size     First Load JS
2025-04-15T08:51:24.5609167Z ┌ ○ /                                    1.74 MB        2.15 MB
2025-04-15T08:51:24.5610066Z ├ ○ /_not-found                          1.42 kB         133 kB
2025-04-15T08:51:24.5611366Z ├ ○ /privacy                             336 B           156 kB
2025-04-15T08:51:24.5612351Z ├ ○ /search                              7.47 kB         364 kB
2025-04-15T08:51:24.5613209Z └ ○ /support                             336 B           156 kB
2025-04-15T08:51:24.5613691Z + First Load JS shared by all            132 kB
2025-04-15T08:51:24.5614211Z   ├ chunks/23-8e254c535cad5d3d.js        72.2 kB
2025-04-15T08:51:24.5614637Z   ├ chunks/fd9d1056-099d7b6430ef0309.js  55.3 kB
2025-04-15T08:51:24.5615044Z   └ other shared chunks (total)          4.08 kB
2025-04-15T08:51:24.5615261Z 
2025-04-15T08:51:24.5615267Z 
2025-04-15T08:51:24.5615484Z ○  (Static)  prerendered as static content
2025-04-15T08:51:24.5615693Z 
2025-04-15T08:51:27.0070241Z 'download.bat' is not recognized as an internal or external command,
2025-04-15T08:51:27.0071098Z operable program or batch file.
2025-04-15T08:51:27.0083056Z command not found: download.bat
2025-04-15T08:51:27.1012636Z make: *** [Makefile:120: build] Error 127
2025-04-15T08:51:27.1070789Z ##[error]Process completed with exit code 2.
2025-04-15T08:51:27.1335235Z Post job cleanup.
2025-04-15T08:51:27.5281689Z [command]"C:\Program Files\Git\bin\git.exe" version
2025-04-15T08:51:27.5516054Z git version 2.49.0.windows.1
2025-04-15T08:51:27.5607863Z Temporarily overriding HOME='D:\a\_temp\93e29467-edbc-40b4-9de7-c76edec73705' before making global git config changes
2025-04-15T08:51:27.5609358Z Adding repository directory to the temporary git global config as a safe directory
2025-04-15T08:51:27.5616439Z [command]"C:\Program Files\Git\bin\git.exe" config --global --add safe.directory D:\a\jan\jan
2025-04-15T08:51:27.5922995Z [command]"C:\Program Files\Git\bin\git.exe" config --local --name-only --get-regexp core\.sshCommand
2025-04-15T08:51:27.6180586Z [command]"C:\Program Files\Git\bin\git.exe" submodule foreach --recursive "sh -c \"git config --local --name-only --get-regexp 'core\.sshCommand' && git config --local --unset-all 'core.sshCommand' || :\""
2025-04-15T08:51:28.0721965Z [command]"C:\Program Files\Git\bin\git.exe" config --local --name-only --get-regexp http\.https\:\/\/github\.com\/\.extraheader
2025-04-15T08:51:28.0917694Z http.https://github.com/.extraheader
2025-04-15T08:51:28.0950356Z [command]"C:\Program Files\Git\bin\git.exe" config --local --unset-all http.https://github.com/.extraheader
2025-04-15T08:51:28.1168606Z [command]"C:\Program Files\Git\bin\git.exe" submodule foreach --recursive "sh -c \"git config --local --name-only --get-regexp 'http\.https\:\/\/github\.com\/\.extraheader' && git config --local --unset-all 'http.https://github.com/.extraheader' || :\""
2025-04-15T08:51:28.5184765Z Cleaning up orphan processes
