2025-04-15T03:34:55.3065685Z Requested labels: ubuntu-latest
2025-04-15T03:34:55.3065946Z Job defined at: langgenius/dify/.github/workflows/build-push.yml@refs/heads/main
2025-04-15T03:34:55.3066064Z Waiting for a runner to pick up this job...
2025-04-15T03:34:56.5451949Z Job is waiting for a hosted runner to come online.
2025-04-15T03:35:00.3623078Z Job is about to start running on the hosted runner: GitHub Actions 57 (hosted)
2025-04-15T03:35:02.7671285Z Current runner version: '2.323.0'
2025-04-15T03:35:02.7696210Z ##[group]Operating System
2025-04-15T03:35:02.7696989Z Ubuntu
2025-04-15T03:35:02.7697585Z 24.04.2
2025-04-15T03:35:02.7698094Z LTS
2025-04-15T03:35:02.7698565Z ##[endgroup]
2025-04-15T03:35:02.7699196Z ##[group]Runner Image
2025-04-15T03:35:02.7699780Z Image: ubuntu-24.04
2025-04-15T03:35:02.7700363Z Version: 20250406.1.0
2025-04-15T03:35:02.7701433Z Included Software: https://github.com/actions/runner-images/blob/ubuntu24/20250406.1/images/ubuntu/Ubuntu2404-Readme.md
2025-04-15T03:35:02.7702841Z Image Release: https://github.com/actions/runner-images/releases/tag/ubuntu24%2F20250406.1
2025-04-15T03:35:02.7704006Z ##[endgroup]
2025-04-15T03:35:02.7704563Z ##[group]Runner Image Provisioner
2025-04-15T03:35:02.7705176Z 2.0.422.1
2025-04-15T03:35:02.7705724Z ##[endgroup]
2025-04-15T03:35:02.7708045Z ##[group]GITHUB_TOKEN Permissions
2025-04-15T03:35:02.7710056Z Actions: write
2025-04-15T03:35:02.7710816Z Attestations: write
2025-04-15T03:35:02.7711592Z Checks: write
2025-04-15T03:35:02.7712135Z Contents: write
2025-04-15T03:35:02.7712727Z Deployments: write
2025-04-15T03:35:02.7713449Z Discussions: write
2025-04-15T03:35:02.7713968Z Issues: write
2025-04-15T03:35:02.7714548Z Metadata: read
2025-04-15T03:35:02.7715070Z Models: read
2025-04-15T03:35:02.7715589Z Packages: write
2025-04-15T03:35:02.7716196Z Pages: write
2025-04-15T03:35:02.7716743Z PullRequests: write
2025-04-15T03:35:02.7717337Z RepositoryProjects: write
2025-04-15T03:35:02.7717953Z SecurityEvents: write
2025-04-15T03:35:02.7718522Z Statuses: write
2025-04-15T03:35:02.7719097Z ##[endgroup]
2025-04-15T03:35:02.7721935Z Secret source: Actions
2025-04-15T03:35:02.7722736Z Prepare workflow directory
2025-04-15T03:35:02.8219432Z Prepare all required actions
2025-04-15T03:35:02.8255244Z Getting action download info
2025-04-15T03:35:03.1131175Z ##[group]Download immutable action package 'docker/login-action@v3'
2025-04-15T03:35:03.1132340Z Version: 3.4.0
2025-04-15T03:35:03.1133551Z Digest: sha256:864ebd28db095e1602e6ef999f46a4f575083ea874918fbccf0994c2a7680450
2025-04-15T03:35:03.1134841Z Source commit SHA: 74a5d142397b4f367a81961eba4e8cd7edddf772
2025-04-15T03:35:03.1135682Z ##[endgroup]
2025-04-15T03:35:03.5424049Z ##[group]Download immutable action package 'docker/setup-qemu-action@v3'
2025-04-15T03:35:03.5424834Z Version: 3.6.0
2025-04-15T03:35:03.5425513Z Digest: sha256:4513eecc5584a4dfb57869cf6f5b99dbce1b4db36ad9aa8f26d6a399d2b7fe78
2025-04-15T03:35:03.5426386Z Source commit SHA: 29109295f81e9208d7d86ff1c6c12d2833863392
2025-04-15T03:35:03.5426994Z ##[endgroup]
2025-04-15T03:35:03.8579259Z ##[group]Download immutable action package 'docker/setup-buildx-action@v3'
2025-04-15T03:35:03.8580119Z Version: 3.10.0
2025-04-15T03:35:03.8580838Z Digest: sha256:6377aa62314fdde26434bd58e12019ae489ebac6c72d541f3b1723362eeca7cd
2025-04-15T03:35:03.8581787Z Source commit SHA: b5ca514318bd6ebac0fb2aedd5d36ec1b5c232a2
2025-04-15T03:35:03.8582470Z ##[endgroup]
2025-04-15T03:35:04.1761244Z ##[group]Download immutable action package 'docker/metadata-action@v5'
2025-04-15T03:35:04.1762381Z Version: 5.7.0
2025-04-15T03:35:04.1763643Z Digest: sha256:07ef16ad6d6bb14f4186160e0ea33483a4bf26e4bab63c08b3d5fc5049c11b4e
2025-04-15T03:35:04.1765029Z Source commit SHA: 902fa8ec7d6ecbf8d84d538b9b233a880e428804
2025-04-15T03:35:04.1766285Z ##[endgroup]
2025-04-15T03:35:04.5477779Z ##[group]Download immutable action package 'docker/build-push-action@v6'
2025-04-15T03:35:04.5479751Z Version: 6.15.0
2025-04-15T03:35:04.5481545Z Digest: sha256:2d196dae36b30221f1f8e19fe21c3aaa725a8a8641887cf3fd832e59ddaa7c04
2025-04-15T03:35:04.5484445Z Source commit SHA: 471d1dc4e07e5cdedd4c2171150001c434f0b7a4
2025-04-15T03:35:04.5486184Z ##[endgroup]
2025-04-15T03:35:04.8674946Z ##[group]Download immutable action package 'actions/upload-artifact@v4'
2025-04-15T03:35:04.8675458Z Version: 4.6.2
2025-04-15T03:35:04.8675899Z Digest: sha256:290722aa3281d5caf23d0acdc3dbeb3424786a1a01a9cc97e72f147225e37c38
2025-04-15T03:35:04.8676704Z Source commit SHA: ea165f8d65b6e75b540449e92b4886f43607fa02
2025-04-15T03:35:04.8677253Z ##[endgroup]
2025-04-15T03:35:05.0495013Z Complete job name: build (build-web-amd64, DIFY_WEB_IMAGE_NAME, web, linux/amd64)
2025-04-15T03:35:05.1089716Z ##[group]Run platform=linux/amd64
2025-04-15T03:35:05.1090151Z [36;1mplatform=linux/amd64[0m
2025-04-15T03:35:05.1090527Z [36;1mecho "PLATFORM_PAIR=${platform//\//-}" >> $GITHUB_ENV[0m
2025-04-15T03:35:05.1142299Z shell: /usr/bin/bash -e {0}
2025-04-15T03:35:05.1142868Z env:
2025-04-15T03:35:05.1143580Z   DOCKERHUB_USER: ***
2025-04-15T03:35:05.1143952Z   DOCKERHUB_TOKEN: ***
2025-04-15T03:35:05.1144235Z   DIFY_WEB_IMAGE_NAME: langgenius/dify-web
2025-04-15T03:35:05.1144596Z   DIFY_API_IMAGE_NAME: langgenius/dify-api
2025-04-15T03:35:05.1144918Z ##[endgroup]
2025-04-15T03:35:05.1409545Z ##[group]Run docker/login-action@v3
2025-04-15T03:35:05.1409928Z with:
2025-04-15T03:35:05.1410244Z   username: ***
2025-04-15T03:35:05.1410649Z   password: ***
2025-04-15T03:35:05.1411000Z   ecr: auto
2025-04-15T03:35:05.1414536Z   logout: true
2025-04-15T03:35:05.1414788Z env:
2025-04-15T03:35:05.1415087Z   DOCKERHUB_USER: ***
2025-04-15T03:35:05.1415434Z   DOCKERHUB_TOKEN: ***
2025-04-15T03:35:05.1415716Z   DIFY_WEB_IMAGE_NAME: langgenius/dify-web
2025-04-15T03:35:05.1416043Z   DIFY_API_IMAGE_NAME: langgenius/dify-api
2025-04-15T03:35:05.1416362Z   PLATFORM_PAIR: linux-amd64
2025-04-15T03:35:05.1416630Z ##[endgroup]
2025-04-15T03:35:05.4844526Z Logging into Docker Hub...
2025-04-15T03:35:06.2614622Z Login Succeeded!
2025-04-15T03:35:06.2745624Z ##[group]Run docker/setup-qemu-action@v3
2025-04-15T03:35:06.2745987Z with:
2025-04-15T03:35:06.2746257Z   image: docker.io/tonistiigi/binfmt:latest
2025-04-15T03:35:06.2746578Z   platforms: all
2025-04-15T03:35:06.2746830Z   cache-image: true
2025-04-15T03:35:06.2747086Z env:
2025-04-15T03:35:06.2747435Z   DOCKERHUB_USER: ***
2025-04-15T03:35:06.2747764Z   DOCKERHUB_TOKEN: ***
2025-04-15T03:35:06.2748044Z   DIFY_WEB_IMAGE_NAME: langgenius/dify-web
2025-04-15T03:35:06.2748390Z   DIFY_API_IMAGE_NAME: langgenius/dify-api
2025-04-15T03:35:06.2748701Z   PLATFORM_PAIR: linux-amd64
2025-04-15T03:35:06.2748971Z ##[endgroup]
2025-04-15T03:35:06.5071808Z ##[group]Docker info
2025-04-15T03:35:06.5114851Z [command]/usr/bin/docker version
2025-04-15T03:35:06.5292778Z Client: Docker Engine - Community
2025-04-15T03:35:06.5295641Z  Version:           26.1.3
2025-04-15T03:35:06.5296165Z  API version:       1.45
2025-04-15T03:35:06.5296648Z  Go version:        go1.21.10
2025-04-15T03:35:06.5297229Z  Git commit:        b72abbb
2025-04-15T03:35:06.5297712Z  Built:             Thu May 16 08:33:35 2024
2025-04-15T03:35:06.5298226Z  OS/Arch:           linux/amd64
2025-04-15T03:35:06.5298704Z  Context:           default
2025-04-15T03:35:06.5299003Z 
2025-04-15T03:35:06.5299200Z Server: Docker Engine - Community
2025-04-15T03:35:06.5299684Z  Engine:
2025-04-15T03:35:06.5300056Z   Version:          26.1.3
2025-04-15T03:35:06.5300539Z   API version:      1.45 (minimum version 1.24)
2025-04-15T03:35:06.5301100Z   Go version:       go1.21.10
2025-04-15T03:35:06.5301555Z   Git commit:       8e96db1
2025-04-15T03:35:06.5301844Z   Built:            Thu May 16 08:33:35 2024
2025-04-15T03:35:06.5302360Z   OS/Arch:          linux/amd64
2025-04-15T03:35:06.5302708Z   Experimental:     false
2025-04-15T03:35:06.5302972Z  containerd:
2025-04-15T03:35:06.5303468Z   Version:          1.7.27
2025-04-15T03:35:06.5303784Z   GitCommit:        05044ec0a9a75232cad458027ca83437aae3f4da
2025-04-15T03:35:06.5304121Z  runc:
2025-04-15T03:35:06.5304355Z   Version:          1.2.5
2025-04-15T03:35:06.5304629Z   GitCommit:        v1.2.5-0-g59923ef
2025-04-15T03:35:06.5304933Z  docker-init:
2025-04-15T03:35:06.5305179Z   Version:          0.19.0
2025-04-15T03:35:06.5305470Z   GitCommit:        de40ad0
2025-04-15T03:35:06.5341138Z [command]/usr/bin/docker info
2025-04-15T03:35:06.7528448Z Client: Docker Engine - Community
2025-04-15T03:35:06.7529225Z  Version:    26.1.3
2025-04-15T03:35:06.7529653Z  Context:    default
2025-04-15T03:35:06.7530422Z  Debug Mode: false
2025-04-15T03:35:06.7530824Z  Plugins:
2025-04-15T03:35:06.7531292Z   buildx: Docker Buildx (Docker Inc.)
2025-04-15T03:35:06.7531800Z     Version:  v0.22.0
2025-04-15T03:35:06.7532355Z     Path:     /usr/libexec/docker/cli-plugins/docker-buildx
2025-04-15T03:35:06.7532985Z   compose: Docker Compose (Docker Inc.)
2025-04-15T03:35:06.7533821Z     Version:  v2.27.1
2025-04-15T03:35:06.7534346Z     Path:     /usr/libexec/docker/cli-plugins/docker-compose
2025-04-15T03:35:06.7534804Z 
2025-04-15T03:35:06.7534961Z Server:
2025-04-15T03:35:06.7535346Z  Containers: 0
2025-04-15T03:35:06.7535741Z   Running: 0
2025-04-15T03:35:06.7536166Z   Paused: 0
2025-04-15T03:35:06.7536536Z   Stopped: 0
2025-04-15T03:35:06.7536908Z  Images: 0
2025-04-15T03:35:06.7537288Z  Server Version: 26.1.3
2025-04-15T03:35:06.7537722Z  Storage Driver: overlay2
2025-04-15T03:35:06.7538170Z   Backing Filesystem: extfs
2025-04-15T03:35:06.7538646Z   Supports d_type: true
2025-04-15T03:35:06.7539073Z   Using metacopy: false
2025-04-15T03:35:06.7539506Z   Native Overlay Diff: false
2025-04-15T03:35:06.7539957Z   userxattr: false
2025-04-15T03:35:06.7540373Z  Logging Driver: json-file
2025-04-15T03:35:06.7540830Z  Cgroup Driver: systemd
2025-04-15T03:35:06.7541259Z  Cgroup Version: 2
2025-04-15T03:35:06.7541656Z  Plugins:
2025-04-15T03:35:06.7542048Z   Volume: local
2025-04-15T03:35:06.7542524Z   Network: bridge host ipvlan macvlan null overlay
2025-04-15T03:35:06.7543723Z   Log: awslogs fluentd gcplogs gelf journald json-file local splunk syslog
2025-04-15T03:35:06.7544439Z  Swarm: inactive
2025-04-15T03:35:06.7544853Z  Runtimes: io.containerd.runc.v2 runc
2025-04-15T03:35:06.7545165Z  Default Runtime: runc
2025-04-15T03:35:06.7545510Z  Init Binary: docker-init
2025-04-15T03:35:06.7545892Z  containerd version: 05044ec0a9a75232cad458027ca83437aae3f4da
2025-04-15T03:35:06.7546279Z  runc version: v1.2.5-0-g59923ef
2025-04-15T03:35:06.7546572Z  init version: de40ad0
2025-04-15T03:35:06.7546829Z  Security Options:
2025-04-15T03:35:06.7547086Z   apparmor
2025-04-15T03:35:06.7547303Z   seccomp
2025-04-15T03:35:06.7547522Z    Profile: builtin
2025-04-15T03:35:06.7547806Z   cgroupns
2025-04-15T03:35:06.7548035Z  Kernel Version: 6.8.0-1021-azure
2025-04-15T03:35:06.7548336Z  Operating System: Ubuntu 24.04.2 LTS
2025-04-15T03:35:06.7548627Z  OSType: linux
2025-04-15T03:35:06.7548855Z  Architecture: x86_64
2025-04-15T03:35:06.7549105Z  CPUs: 4
2025-04-15T03:35:06.7549333Z  Total Memory: 15.62GiB
2025-04-15T03:35:06.7549891Z  Name: fv-az1693-957
2025-04-15T03:35:06.7550351Z  ID: 2430cf04-e79a-44be-a222-15247e834da3
2025-04-15T03:35:06.7550884Z  Docker Root Dir: /var/lib/docker
2025-04-15T03:35:06.7551362Z  Debug Mode: false
2025-04-15T03:35:06.7551934Z  Username: ***
2025-04-15T03:35:06.7552344Z  Experimental: false
2025-04-15T03:35:06.7552773Z  Insecure Registries:
2025-04-15T03:35:06.7553402Z   127.0.0.0/8
2025-04-15T03:35:06.7553655Z  Live Restore Enabled: false
2025-04-15T03:35:06.7553834Z 
2025-04-15T03:35:06.7554554Z ##[endgroup]
2025-04-15T03:35:06.7555043Z ##[group]Pulling binfmt Docker image
2025-04-15T03:35:07.0601361Z Cache hit for: docker.io--tonistiigi--binfmt-latest-linux-x64
2025-04-15T03:35:08.3610272Z Received 5514913 of 30680737 (18.0%), 5.3 MBs/sec
2025-04-15T03:35:08.5672081Z Received 30680737 of 30680737 (100.0%), 24.3 MBs/sec
2025-04-15T03:35:08.5674790Z Cache Size: ~29 MB (30680737 B)
2025-04-15T03:35:08.5700217Z [command]/usr/bin/tar -xf /home/runner/work/_temp/3eebfb67-4f8a-4e34-965b-c9e1518b6a3d/cache.tzst -P -C /home/runner/work/dify/dify --use-compress-program unzstd
2025-04-15T03:35:08.7081079Z Cache restored successfully
2025-04-15T03:35:08.7146841Z Restored docker.io--tonistiigi--binfmt-latest-linux-x64 from GitHub Actions cache
2025-04-15T03:35:08.8253457Z Cached to hosted tool cache /opt/hostedtoolcache/docker.io--tonistiigi--binfmt/latest/linux-x64
2025-04-15T03:35:08.9390570Z Image found from cache in /home/runner/.docker/.cache/images/docker.io--tonistiigi--binfmt/latest/linux-x64/image.tar
2025-04-15T03:35:08.9412481Z [command]/usr/bin/docker load -i /home/runner/.docker/.cache/images/docker.io--tonistiigi--binfmt/latest/linux-x64/image.tar
2025-04-15T03:35:09.4490943Z Loaded image: tonistiigi/binfmt:latest
2025-04-15T03:35:09.4669934Z [command]/usr/bin/docker pull docker.io/tonistiigi/binfmt:latest
2025-04-15T03:35:10.4876436Z latest: Pulling from tonistiigi/binfmt
2025-04-15T03:35:10.7456736Z Digest: sha256:1b804311fe87047a4c96d38b4b3ef6f62fca8cd125265917a9e3dc3c996c39e6
2025-04-15T03:35:10.7461641Z Status: Image is up to date for tonistiigi/binfmt:latest
2025-04-15T03:35:10.7471700Z docker.io/tonistiigi/binfmt:latest
2025-04-15T03:35:10.7507687Z [command]/usr/bin/docker save -o /home/runner/work/_temp/docker-actions-toolkit-rWz8Nj/749e64100d3fa0c09bdbc8a02e4fb9cb3ee64266f7f661c98371040689abacb3.tar docker.io/tonistiigi/binfmt:latest
2025-04-15T03:35:11.3764348Z Image cached to /home/runner/.docker/.cache/images/docker.io--tonistiigi--binfmt/latest/linux-x64/image.tar
2025-04-15T03:35:11.3765483Z ##[endgroup]
2025-04-15T03:35:11.3766139Z ##[group]Image info
2025-04-15T03:35:11.3781637Z [command]/usr/bin/docker image inspect docker.io/tonistiigi/binfmt:latest
2025-04-15T03:35:11.3911847Z [
2025-04-15T03:35:11.3912203Z     {
2025-04-15T03:35:11.3912745Z         "Id": "sha256:69b92b14f1ebdc33c46dec2d21e4e306fde34da0f227cf3cf0564045c020f6ed",
2025-04-15T03:35:11.3913653Z         "RepoTags": [
2025-04-15T03:35:11.3914070Z             "tonistiigi/binfmt:latest"
2025-04-15T03:35:11.3914511Z         ],
2025-04-15T03:35:11.3915160Z         "RepoDigests": [
2025-04-15T03:35:11.3915923Z             "tonistiigi/binfmt@sha256:1b804311fe87047a4c96d38b4b3ef6f62fca8cd125265917a9e3dc3c996c39e6"
2025-04-15T03:35:11.3916667Z         ],
2025-04-15T03:35:11.3917007Z         "Parent": "",
2025-04-15T03:35:11.3917420Z         "Comment": "buildkit.dockerfile.v0",
2025-04-15T03:35:11.3917906Z         "Created": "2025-02-27T23:22:54.503419179Z",
2025-04-15T03:35:11.3918350Z         "DockerVersion": "",
2025-04-15T03:35:11.3918973Z         "Author": "",
2025-04-15T03:35:11.3919304Z         "Config": {
2025-04-15T03:35:11.3919616Z             "Hostname": "",
2025-04-15T03:35:11.3919969Z             "Domainname": "",
2025-04-15T03:35:11.3920322Z             "User": "",
2025-04-15T03:35:11.3920659Z             "AttachStdin": false,
2025-04-15T03:35:11.3921050Z             "AttachStdout": false,
2025-04-15T03:35:11.3921441Z             "AttachStderr": false,
2025-04-15T03:35:11.3921814Z             "Tty": false,
2025-04-15T03:35:11.3922158Z             "OpenStdin": false,
2025-04-15T03:35:11.3922524Z             "StdinOnce": false,
2025-04-15T03:35:11.3922871Z             "Env": [
2025-04-15T03:35:11.3923517Z                 "PATH=/usr/local/sbin:/usr/local/bin:/usr/sbin:/usr/bin:/sbin:/bin",
2025-04-15T03:35:11.3924105Z                 "QEMU_PRESERVE_ARGV0=1"
2025-04-15T03:35:11.3924491Z             ],
2025-04-15T03:35:11.3924783Z             "Cmd": null,
2025-04-15T03:35:11.3925117Z             "Image": "",
2025-04-15T03:35:11.3925453Z             "Volumes": {
2025-04-15T03:35:11.3925780Z                 "/tmp": {}
2025-04-15T03:35:11.3926106Z             },
2025-04-15T03:35:11.3926404Z             "WorkingDir": "/",
2025-04-15T03:35:11.3926766Z             "Entrypoint": [
2025-04-15T03:35:11.3927112Z                 "/usr/bin/binfmt"
2025-04-15T03:35:11.3927468Z             ],
2025-04-15T03:35:11.3927761Z             "OnBuild": null,
2025-04-15T03:35:11.3928110Z             "Labels": {
2025-04-15T03:35:11.3928599Z                 "org.opencontainers.image.created": "2025-02-27T22:44:05.618Z",
2025-04-15T03:35:11.3929594Z                 "org.opencontainers.image.description": "Cross-platform emulator collection distributed with Docker images",
2025-04-15T03:35:11.3930505Z                 "org.opencontainers.image.licenses": "MIT",
2025-04-15T03:35:11.3931226Z                 "org.opencontainers.image.revision": "b900248fe6d88370074a844ae6af4eef380ceceb",
2025-04-15T03:35:11.3932009Z                 "org.opencontainers.image.source": "https://github.com/tonistiigi/binfmt",
2025-04-15T03:35:11.3932662Z                 "org.opencontainers.image.title": "Binfmt",
2025-04-15T03:35:11.3933326Z                 "org.opencontainers.image.url": "https://github.com/tonistiigi/binfmt",
2025-04-15T03:35:11.3933785Z                 "org.opencontainers.image.version": "qemu-v9.2.2-52"
2025-04-15T03:35:11.3934084Z             }
2025-04-15T03:35:11.3934264Z         },
2025-04-15T03:35:11.3934450Z         "Architecture": "amd64",
2025-04-15T03:35:11.3934678Z         "Os": "linux",
2025-04-15T03:35:11.3934876Z         "Size": 80865298,
2025-04-15T03:35:11.3935085Z         "GraphDriver": {
2025-04-15T03:35:11.3935285Z             "Data": {
2025-04-15T03:35:11.3935735Z                 "LowerDir": "/var/lib/docker/overlay2/18ae081cae6e644de213f16840301392db3fd3071c8ec415bc4cbc5a8878986f/diff",
2025-04-15T03:35:11.3936626Z                 "MergedDir": "/var/lib/docker/overlay2/c8d0a37d8a53d8a444a181107675094d54a9eea1ed874839cd7741ba83504ee4/merged",
2025-04-15T03:35:11.3937399Z                 "UpperDir": "/var/lib/docker/overlay2/c8d0a37d8a53d8a444a181107675094d54a9eea1ed874839cd7741ba83504ee4/diff",
2025-04-15T03:35:11.3938350Z                 "WorkDir": "/var/lib/docker/overlay2/c8d0a37d8a53d8a444a181107675094d54a9eea1ed874839cd7741ba83504ee4/work"
2025-04-15T03:35:11.3938870Z             },
2025-04-15T03:35:11.3939060Z             "Name": "overlay2"
2025-04-15T03:35:11.3939273Z         },
2025-04-15T03:35:11.3939517Z         "RootFS": {
2025-04-15T03:35:11.3939959Z             "Type": "layers",
2025-04-15T03:35:11.3940222Z             "Layers": [
2025-04-15T03:35:11.3940665Z                 "sha256:b6245b272dd4c758751019654c7b4cac55ea5624168ef3839c1c974e15a9aae0",
2025-04-15T03:35:11.3941317Z                 "sha256:d5059a526abb6347af9f8e21b71fb238e355f84fdb4cc556cb3f1522abb09a06"
2025-04-15T03:35:11.3941690Z             ]
2025-04-15T03:35:11.3941863Z         },
2025-04-15T03:35:11.3942033Z         "Metadata": {
2025-04-15T03:35:11.3942344Z             "LastTagTime": "0001-01-01T00:00:00Z"
2025-04-15T03:35:11.3942613Z         }
2025-04-15T03:35:11.3942815Z     }
2025-04-15T03:35:11.3943296Z ]
2025-04-15T03:35:11.3943966Z ##[endgroup]
2025-04-15T03:35:11.3944353Z ##[group]Binfmt version
2025-04-15T03:35:11.3948201Z [command]/usr/bin/docker run --rm --privileged docker.io/tonistiigi/binfmt:latest --version
2025-04-15T03:35:11.7945235Z binfmt/b900248 qemu/v9.2.2 go/1.23.6
2025-04-15T03:35:11.8710090Z ##[endgroup]
2025-04-15T03:35:11.8710808Z ##[group]Installing QEMU static binaries
2025-04-15T03:35:11.8728185Z [command]/usr/bin/docker run --rm --privileged docker.io/tonistiigi/binfmt:latest --install all
2025-04-15T03:35:12.0725953Z installing: arm64 OK
2025-04-15T03:35:12.0726828Z installing: ppc64le OK
2025-04-15T03:35:12.0727360Z installing: mips64le OK
2025-04-15T03:35:12.0727729Z installing: mips64 OK
2025-04-15T03:35:12.0728079Z installing: loong64 OK
2025-04-15T03:35:12.0728434Z installing: arm OK
2025-04-15T03:35:12.0728754Z installing: s390x OK
2025-04-15T03:35:12.0729119Z installing: riscv64 OK
2025-04-15T03:35:12.0944069Z {
2025-04-15T03:35:12.0944424Z   "supported": [
2025-04-15T03:35:12.0944785Z     "linux/amd64",
2025-04-15T03:35:12.0945107Z     "linux/amd64/v2",
2025-04-15T03:35:12.0945437Z     "linux/amd64/v3",
2025-04-15T03:35:12.0945739Z     "linux/arm64",
2025-04-15T03:35:12.0946042Z     "linux/riscv64",
2025-04-15T03:35:12.0946373Z     "linux/ppc64le",
2025-04-15T03:35:12.0946713Z     "linux/s390x",
2025-04-15T03:35:12.0947171Z     "linux/386",
2025-04-15T03:35:12.0947536Z     "linux/mips64le",
2025-04-15T03:35:12.0947892Z     "linux/mips64",
2025-04-15T03:35:12.0948229Z     "linux/loong64",
2025-04-15T03:35:12.0948516Z     "linux/arm/v7",
2025-04-15T03:35:12.0948805Z     "linux/arm/v6"
2025-04-15T03:35:12.0949087Z   ],
2025-04-15T03:35:12.0949355Z   "emulators": [
2025-04-15T03:35:12.0949675Z     "llvm-16-runtime.binfmt",
2025-04-15T03:35:12.0950061Z     "llvm-17-runtime.binfmt",
2025-04-15T03:35:12.0950423Z     "llvm-18-runtime.binfmt",
2025-04-15T03:35:12.0951286Z     "python3.12",
2025-04-15T03:35:12.0951492Z     "qemu-aarch64",
2025-04-15T03:35:12.0951689Z     "qemu-arm",
2025-04-15T03:35:12.0951885Z     "qemu-loongarch64",
2025-04-15T03:35:12.0952215Z     "qemu-mips64",
2025-04-15T03:35:12.0952522Z     "qemu-mips64el",
2025-04-15T03:35:12.0952829Z     "qemu-ppc64le",
2025-04-15T03:35:12.0953333Z     "qemu-riscv64",
2025-04-15T03:35:12.0953620Z     "qemu-s390x"
2025-04-15T03:35:12.0953918Z   ]
2025-04-15T03:35:12.0954187Z }
2025-04-15T03:35:12.1738380Z ##[endgroup]
2025-04-15T03:35:12.1738836Z ##[group]Extracting available platforms
2025-04-15T03:35:12.4559146Z linux/amd64,linux/amd64/v2,linux/amd64/v3,linux/arm64,linux/riscv64,linux/ppc64le,linux/s390x,linux/386,linux/mips64le,linux/mips64,linux/loong64,linux/arm/v7,linux/arm/v6
2025-04-15T03:35:12.4561035Z ##[endgroup]
2025-04-15T03:35:12.4762985Z ##[group]Run docker/setup-buildx-action@v3
2025-04-15T03:35:12.4763569Z with:
2025-04-15T03:35:12.4763777Z   driver: docker-container
2025-04-15T03:35:12.4764019Z   install: false
2025-04-15T03:35:12.4764207Z   use: true
2025-04-15T03:35:12.4764387Z   cache-binary: true
2025-04-15T03:35:12.4764589Z   cleanup: true
2025-04-15T03:35:12.4764768Z env:
2025-04-15T03:35:12.4765169Z   DOCKERHUB_USER: ***
2025-04-15T03:35:12.4765487Z   DOCKERHUB_TOKEN: ***
2025-04-15T03:35:12.4765715Z   DIFY_WEB_IMAGE_NAME: langgenius/dify-web
2025-04-15T03:35:12.4765992Z   DIFY_API_IMAGE_NAME: langgenius/dify-api
2025-04-15T03:35:12.4766261Z   PLATFORM_PAIR: linux-amd64
2025-04-15T03:35:12.4766484Z ##[endgroup]
2025-04-15T03:35:12.7133847Z ##[group]Docker info
2025-04-15T03:35:12.7161294Z [command]/usr/bin/docker version
2025-04-15T03:35:12.7364175Z Client: Docker Engine - Community
2025-04-15T03:35:12.7364623Z  Version:           26.1.3
2025-04-15T03:35:12.7364990Z  API version:       1.45
2025-04-15T03:35:12.7367698Z  Go version:        go1.21.10
2025-04-15T03:35:12.7368160Z  Git commit:        b72abbb
2025-04-15T03:35:12.7368560Z  Built:             Thu May 16 08:33:35 2024
2025-04-15T03:35:12.7369001Z  OS/Arch:           linux/amd64
2025-04-15T03:35:12.7369364Z  Context:           default
2025-04-15T03:35:12.7369598Z 
2025-04-15T03:35:12.7369748Z Server: Docker Engine - Community
2025-04-15T03:35:12.7370127Z  Engine:
2025-04-15T03:35:12.7370407Z   Version:          26.1.3
2025-04-15T03:35:12.7370796Z   API version:      1.45 (minimum version 1.24)
2025-04-15T03:35:12.7371233Z   Go version:       go1.21.10
2025-04-15T03:35:12.7371600Z   Git commit:       8e96db1
2025-04-15T03:35:12.7371972Z   Built:            Thu May 16 08:33:35 2024
2025-04-15T03:35:12.7372382Z   OS/Arch:          linux/amd64
2025-04-15T03:35:12.7372763Z   Experimental:     false
2025-04-15T03:35:12.7373302Z  containerd:
2025-04-15T03:35:12.7373599Z   Version:          1.7.27
2025-04-15T03:35:12.7374042Z   GitCommit:        05044ec0a9a75232cad458027ca83437aae3f4da
2025-04-15T03:35:12.7374506Z  runc:
2025-04-15T03:35:12.7374775Z   Version:          1.2.5
2025-04-15T03:35:12.7375119Z   GitCommit:        v1.2.5-0-g59923ef
2025-04-15T03:35:12.7375523Z  docker-init:
2025-04-15T03:35:12.7375824Z   Version:          0.19.0
2025-04-15T03:35:12.7376186Z   GitCommit:        de40ad0
2025-04-15T03:35:12.7418945Z [command]/usr/bin/docker info
2025-04-15T03:35:12.7802770Z Client: Docker Engine - Community
2025-04-15T03:35:12.7803796Z  Version:    26.1.3
2025-04-15T03:35:12.7804134Z  Context:    default
2025-04-15T03:35:12.7804469Z  Debug Mode: false
2025-04-15T03:35:12.7804776Z  Plugins:
2025-04-15T03:35:12.7805136Z   buildx: Docker Buildx (Docker Inc.)
2025-04-15T03:35:12.7805537Z     Version:  v0.22.0
2025-04-15T03:35:12.7805823Z     Path:     /usr/libexec/docker/cli-plugins/docker-buildx
2025-04-15T03:35:12.7806149Z   compose: Docker Compose (Docker Inc.)
2025-04-15T03:35:12.7806400Z     Version:  v2.27.1
2025-04-15T03:35:12.7806686Z     Path:     /usr/libexec/docker/cli-plugins/docker-compose
2025-04-15T03:35:12.7807201Z 
2025-04-15T03:35:12.7807319Z Server:
2025-04-15T03:35:12.7807585Z  Containers: 0
2025-04-15T03:35:12.7807867Z   Running: 0
2025-04-15T03:35:12.7808519Z   Paused: 0
2025-04-15T03:35:12.7808800Z   Stopped: 0
2025-04-15T03:35:12.7809085Z  Images: 1
2025-04-15T03:35:12.7809368Z  Server Version: 26.1.3
2025-04-15T03:35:12.7809690Z  Storage Driver: overlay2
2025-04-15T03:35:12.7810043Z   Backing Filesystem: extfs
2025-04-15T03:35:12.7810324Z   Supports d_type: true
2025-04-15T03:35:12.7829816Z   Using metacopy: false
2025-04-15T03:35:12.7830076Z   Native Overlay Diff: false
2025-04-15T03:35:12.7830462Z   userxattr: false
2025-04-15T03:35:12.7830800Z  Logging Driver: json-file
2025-04-15T03:35:12.7831184Z  Cgroup Driver: systemd
2025-04-15T03:35:12.7831534Z  Cgroup Version: 2
2025-04-15T03:35:12.7831841Z  Plugins:
2025-04-15T03:35:12.7832120Z   Volume: local
2025-04-15T03:35:12.7832493Z   Network: bridge host ipvlan macvlan null overlay
2025-04-15T03:35:12.7833643Z   Log: awslogs fluentd gcplogs gelf journald json-file local splunk syslog
2025-04-15T03:35:12.7834246Z  Swarm: inactive
2025-04-15T03:35:12.7834570Z  Runtimes: io.containerd.runc.v2 runc
2025-04-15T03:35:12.7834933Z  Default Runtime: runc
2025-04-15T03:35:12.7835163Z  Init Binary: docker-init
2025-04-15T03:35:12.7835543Z  containerd version: 05044ec0a9a75232cad458027ca83437aae3f4da
2025-04-15T03:35:12.7835881Z  runc version: v1.2.5-0-g59923ef
2025-04-15T03:35:12.7836154Z  init version: de40ad0
2025-04-15T03:35:12.7836411Z  Security Options:
2025-04-15T03:35:12.7836602Z   apparmor
2025-04-15T03:35:12.7836772Z   seccomp
2025-04-15T03:35:12.7837026Z    Profile: builtin
2025-04-15T03:35:12.7837223Z   cgroupns
2025-04-15T03:35:12.7837411Z  Kernel Version: 6.8.0-1021-azure
2025-04-15T03:35:12.7837737Z  Operating System: Ubuntu 24.04.2 LTS
2025-04-15T03:35:12.7837990Z  OSType: linux
2025-04-15T03:35:12.7838202Z  Architecture: x86_64
2025-04-15T03:35:12.7838456Z  CPUs: 4
2025-04-15T03:35:12.7838639Z  Total Memory: 15.62GiB
2025-04-15T03:35:12.7838848Z  Name: fv-az1693-957
2025-04-15T03:35:12.7839138Z  ID: 2430cf04-e79a-44be-a222-15247e834da3
2025-04-15T03:35:12.7839409Z  Docker Root Dir: /var/lib/docker
2025-04-15T03:35:12.7839642Z  Debug Mode: false
2025-04-15T03:35:12.7840059Z  Username: ***
2025-04-15T03:35:12.7840374Z  Experimental: false
2025-04-15T03:35:12.7840707Z  Insecure Registries:
2025-04-15T03:35:12.7841034Z   127.0.0.0/8
2025-04-15T03:35:12.7841349Z  Live Restore Enabled: false
2025-04-15T03:35:12.7841600Z 
2025-04-15T03:35:12.7842131Z ##[endgroup]
2025-04-15T03:35:12.8358339Z ##[group]Buildx version
2025-04-15T03:35:12.8381262Z [command]/usr/bin/docker buildx version
2025-04-15T03:35:12.8794335Z github.com/docker/buildx v0.22.0 18ccba072076ddbfb0aeedd6746d7719b0729b58
2025-04-15T03:35:12.8825084Z ##[endgroup]
2025-04-15T03:35:12.8965683Z ##[group]Inspecting default docker context
2025-04-15T03:35:12.9099495Z [
2025-04-15T03:35:12.9099850Z   {
2025-04-15T03:35:12.9100181Z     "Name": "default",
2025-04-15T03:35:12.9100564Z     "Metadata": {},
2025-04-15T03:35:12.9100909Z     "Endpoints": {
2025-04-15T03:35:12.9101236Z       "docker": {
2025-04-15T03:35:12.9101697Z         "Host": "unix:///var/run/docker.sock",
2025-04-15T03:35:12.9102187Z         "SkipTLSVerify": false
2025-04-15T03:35:12.9102575Z       }
2025-04-15T03:35:12.9102840Z     },
2025-04-15T03:35:12.9103395Z     "TLSMaterial": {},
2025-04-15T03:35:12.9103757Z     "Storage": {
2025-04-15T03:35:12.9104109Z       "MetadataPath": "<IN MEMORY>",
2025-04-15T03:35:12.9104557Z       "TLSPath": "<IN MEMORY>"
2025-04-15T03:35:12.9104933Z     }
2025-04-15T03:35:12.9105257Z   }
2025-04-15T03:35:12.9105526Z ]
2025-04-15T03:35:12.9106380Z ##[endgroup]
2025-04-15T03:35:12.9107008Z ##[group]Creating a new builder instance
2025-04-15T03:35:12.9697514Z [command]/usr/bin/docker buildx create --name builder-68ed9162-4043-4feb-b9c7-e88abd08d16d --driver docker-container --buildkitd-flags --allow-insecure-entitlement security.insecure --allow-insecure-entitlement network.host --use
2025-04-15T03:35:13.0204815Z builder-68ed9162-4043-4feb-b9c7-e88abd08d16d
2025-04-15T03:35:13.0238714Z ##[endgroup]
2025-04-15T03:35:13.0239314Z ##[group]Booting builder
2025-04-15T03:35:13.0278788Z [command]/usr/bin/docker buildx inspect --bootstrap --builder builder-68ed9162-4043-4feb-b9c7-e88abd08d16d
2025-04-15T03:35:13.0773470Z #1 [internal] booting buildkit
2025-04-15T03:35:13.2282563Z #1 pulling image moby/buildkit:buildx-stable-1
2025-04-15T03:35:16.6487721Z #1 pulling image moby/buildkit:buildx-stable-1 3.6s done
2025-04-15T03:35:16.7992205Z #1 creating container buildx_buildkit_builder-68ed9162-4043-4feb-b9c7-e88abd08d16d0
2025-04-15T03:35:17.0295334Z #1 creating container buildx_buildkit_builder-68ed9162-4043-4feb-b9c7-e88abd08d16d0 0.4s done
2025-04-15T03:35:17.0316995Z #1 DONE 4.0s
2025-04-15T03:35:17.0628218Z Name:          builder-68ed9162-4043-4feb-b9c7-e88abd08d16d
2025-04-15T03:35:17.0628875Z Driver:        docker-container
2025-04-15T03:35:17.0629929Z Last Activity: 2025-04-15 03:35:13 +0000 UTC
2025-04-15T03:35:17.0630251Z 
2025-04-15T03:35:17.0630368Z Nodes:
2025-04-15T03:35:17.0631840Z Name:                  builder-68ed9162-4043-4feb-b9c7-e88abd08d16d0
2025-04-15T03:35:17.0632454Z Endpoint:              unix:///var/run/docker.sock
2025-04-15T03:35:17.0633228Z Status:                running
2025-04-15T03:35:17.0634156Z BuildKit daemon flags: --allow-insecure-entitlement security.insecure --allow-insecure-entitlement network.host
2025-04-15T03:35:17.0635006Z BuildKit version:      v0.20.2
2025-04-15T03:35:17.0635909Z Platforms:             linux/amd64, linux/amd64/v2, linux/amd64/v3, linux/arm64, linux/riscv64, linux/ppc64le, linux/s390x, linux/386, linux/mips64le, linux/mips64, linux/loong64, linux/arm/v7, linux/arm/v6
2025-04-15T03:35:17.0636642Z Labels:
2025-04-15T03:35:17.0636888Z  org.mobyproject.buildkit.worker.executor:         oci
2025-04-15T03:35:17.0637291Z  org.mobyproject.buildkit.worker.hostname:         0ac65715cd6c
2025-04-15T03:35:17.0637696Z  org.mobyproject.buildkit.worker.network:          host
2025-04-15T03:35:17.0638079Z  org.mobyproject.buildkit.worker.oci.process-mode: sandbox
2025-04-15T03:35:17.0638468Z  org.mobyproject.buildkit.worker.selinux.enabled:  false
2025-04-15T03:35:17.0638875Z  org.mobyproject.buildkit.worker.snapshotter:      overlayfs
2025-04-15T03:35:17.0639195Z GC Policy rule#0:
2025-04-15T03:35:17.0639387Z  All:            false
2025-04-15T03:35:17.0639710Z  Filters:        type==source.local,type==exec.cachemount,type==source.git.checkout
2025-04-15T03:35:17.0640104Z  Keep Duration:  48h0m0s
2025-04-15T03:35:17.0640439Z  Max Used Space: 488.3MiB
2025-04-15T03:35:17.0640648Z GC Policy rule#1:
2025-04-15T03:35:17.0640829Z  All:            false
2025-04-15T03:35:17.0641020Z  Keep Duration:  1440h0m0s
2025-04-15T03:35:17.0641229Z  Reserved Space: 7.451GiB
2025-04-15T03:35:17.0641428Z  Max Used Space: 54.02GiB
2025-04-15T03:35:17.0641626Z  Min Free Space: 13.97GiB
2025-04-15T03:35:17.0641825Z GC Policy rule#2:
2025-04-15T03:35:17.0642004Z  All:            false
2025-04-15T03:35:17.0642193Z  Reserved Space: 7.451GiB
2025-04-15T03:35:17.0642394Z  Max Used Space: 54.02GiB
2025-04-15T03:35:17.0642588Z  Min Free Space: 13.97GiB
2025-04-15T03:35:17.0642787Z GC Policy rule#3:
2025-04-15T03:35:17.0642963Z  All:            true
2025-04-15T03:35:17.0643381Z  Reserved Space: 7.451GiB
2025-04-15T03:35:17.0643581Z  Max Used Space: 54.02GiB
2025-04-15T03:35:17.0643774Z  Min Free Space: 13.97GiB
2025-04-15T03:35:17.0674876Z ##[endgroup]
2025-04-15T03:35:17.1483480Z ##[group]Inspect builder
2025-04-15T03:35:17.1524412Z {
2025-04-15T03:35:17.1524710Z   "nodes": [
2025-04-15T03:35:17.1525003Z     {
2025-04-15T03:35:17.1525396Z       "name": "builder-68ed9162-4043-4feb-b9c7-e88abd08d16d0",
2025-04-15T03:35:17.1525826Z       "endpoint": "unix:///var/run/docker.sock",
2025-04-15T03:35:17.1526119Z       "status": "running",
2025-04-15T03:35:17.1526653Z       "buildkitd-flags": "--allow-insecure-entitlement security.insecure --allow-insecure-entitlement network.host",
2025-04-15T03:35:17.1527146Z       "buildkit": "v0.20.2",
2025-04-15T03:35:17.1527842Z       "platforms": "linux/amd64,linux/amd64/v2,linux/amd64/v3,linux/arm64,linux/riscv64,linux/ppc64le,linux/s390x,linux/386,linux/mips64le,linux/mips64,linux/loong64,linux/arm/v7,linux/arm/v6",
2025-04-15T03:35:17.1529100Z       "features": {
2025-04-15T03:35:17.1529452Z         "Automatically load images to the Docker Engine image store": true,
2025-04-15T03:35:17.1529889Z         "Cache export": true,
2025-04-15T03:35:17.1530116Z         "Direct push": true,
2025-04-15T03:35:17.1530338Z         "Docker exporter": true,
2025-04-15T03:35:17.1530574Z         "Multi-platform build": true,
2025-04-15T03:35:17.1530823Z         "OCI exporter": true
2025-04-15T03:35:17.1531026Z       },
2025-04-15T03:35:17.1531192Z       "labels": {
2025-04-15T03:35:17.1531562Z         "org.mobyproject.buildkit.worker.executor": "oci",
2025-04-15T03:35:17.1532167Z         "org.mobyproject.buildkit.worker.hostname": "0ac65715cd6c",
2025-04-15T03:35:17.1532551Z         "org.mobyproject.buildkit.worker.network": "host",
2025-04-15T03:35:17.1532941Z         "org.mobyproject.buildkit.worker.oci.process-mode": "sandbox",
2025-04-15T03:35:17.1533589Z         "org.mobyproject.buildkit.worker.selinux.enabled": "false",
2025-04-15T03:35:17.1534005Z         "org.mobyproject.buildkit.worker.snapshotter": "overlayfs"
2025-04-15T03:35:17.1534310Z       },
2025-04-15T03:35:17.1534475Z       "gcPolicy": [
2025-04-15T03:35:17.1534653Z         {
2025-04-15T03:35:17.1534815Z           "all": false,
2025-04-15T03:35:17.1535004Z           "filter": [
2025-04-15T03:35:17.1535201Z             "type==source.local",
2025-04-15T03:35:17.1535437Z             "type==exec.cachemount",
2025-04-15T03:35:17.1535684Z             "type==source.git.checkout"
2025-04-15T03:35:17.1535917Z           ],
2025-04-15T03:35:17.1536099Z           "keepDuration": "48h0m0s"
2025-04-15T03:35:17.1536313Z         },
2025-04-15T03:35:17.1536472Z         {
2025-04-15T03:35:17.1536639Z           "all": false,
2025-04-15T03:35:17.1536843Z           "keepDuration": "1440h0m0s"
2025-04-15T03:35:17.1537061Z         },
2025-04-15T03:35:17.1537222Z         {
2025-04-15T03:35:17.1537385Z           "all": false
2025-04-15T03:35:17.1537558Z         },
2025-04-15T03:35:17.1537713Z         {
2025-04-15T03:35:17.1537871Z           "all": true
2025-04-15T03:35:17.1538050Z         }
2025-04-15T03:35:17.1538203Z       ]
2025-04-15T03:35:17.1538356Z     }
2025-04-15T03:35:17.1538513Z   ],
2025-04-15T03:35:17.1538735Z   "name": "builder-68ed9162-4043-4feb-b9c7-e88abd08d16d",
2025-04-15T03:35:17.1539041Z   "driver": "docker-container",
2025-04-15T03:35:17.1539285Z   "lastActivity": "2025-04-15T03:35:13.000Z"
2025-04-15T03:35:17.1539530Z }
2025-04-15T03:35:17.1539872Z ##[endgroup]
2025-04-15T03:35:17.1540191Z ##[group]BuildKit version
2025-04-15T03:35:17.1540457Z builder-68ed9162-4043-4feb-b9c7-e88abd08d16d0: v0.20.2
2025-04-15T03:35:17.1540866Z ##[endgroup]
2025-04-15T03:35:17.1651273Z ##[group]Run docker/metadata-action@v5
2025-04-15T03:35:17.1651556Z with:
2025-04-15T03:35:17.1651748Z   images: langgenius/dify-web
2025-04-15T03:35:17.1651987Z   context: workflow
2025-04-15T03:35:17.1652310Z   github-token: ***
2025-04-15T03:35:17.1652502Z env:
2025-04-15T03:35:17.1652693Z   DOCKERHUB_USER: ***
2025-04-15T03:35:17.1652960Z   DOCKERHUB_TOKEN: ***
2025-04-15T03:35:17.1653676Z   DIFY_WEB_IMAGE_NAME: langgenius/dify-web
2025-04-15T03:35:17.1654063Z   DIFY_API_IMAGE_NAME: langgenius/dify-api
2025-04-15T03:35:17.1654333Z   PLATFORM_PAIR: linux-amd64
2025-04-15T03:35:17.1654555Z ##[endgroup]
2025-04-15T03:35:17.7491646Z ##[group]Context info
2025-04-15T03:35:17.7492457Z eventName: push
2025-04-15T03:35:17.7493861Z sha: dfc123819e5841313928986a4b1a236b1f41523b
2025-04-15T03:35:17.7494364Z ref: refs/heads/main
2025-04-15T03:35:17.7494758Z workflow: Build and Push API & Web
2025-04-15T03:35:17.7495188Z action: meta
2025-04-15T03:35:17.7495503Z actor: crazywoola
2025-04-15T03:35:17.7495921Z runNumber: 6764
2025-04-15T03:35:17.7496249Z runId: 14460687434
2025-04-15T03:35:17.7503575Z commitDate: Tue Apr 15 2025 03:34:50 GMT+0000 (Coordinated Universal Time)
2025-04-15T03:35:17.7504439Z ##[endgroup]
2025-04-15T03:35:17.7507814Z ##[group]Processing images input
2025-04-15T03:35:17.7508577Z name=langgenius/dify-web,enable=true
2025-04-15T03:35:17.7509955Z ##[endgroup]
2025-04-15T03:35:17.7526139Z ##[group]Processing tags input
2025-04-15T03:35:17.7528166Z type=schedule,pattern=nightly,enable=true,priority=1000
2025-04-15T03:35:17.7529250Z type=ref,event=branch,enable=true,priority=600
2025-04-15T03:35:17.7530092Z type=ref,event=tag,enable=true,priority=600
2025-04-15T03:35:17.7530693Z type=ref,event=pr,prefix=pr-,enable=true,priority=600
2025-04-15T03:35:17.7531433Z ##[endgroup]
2025-04-15T03:35:17.7531983Z ##[group]Processing flavor input
2025-04-15T03:35:17.7532384Z latest=auto
2025-04-15T03:35:17.7532670Z prefix=
2025-04-15T03:35:17.7532949Z prefixLatest=false
2025-04-15T03:35:17.7533445Z suffix=
2025-04-15T03:35:17.7533719Z suffixLatest=false
2025-04-15T03:35:17.7534241Z ##[endgroup]
2025-04-15T03:35:17.7573559Z ##[group]Docker image version
2025-04-15T03:35:17.7574887Z main
2025-04-15T03:35:17.7575905Z ##[endgroup]
2025-04-15T03:35:17.7580419Z ##[group]Docker tags
2025-04-15T03:35:17.7580861Z langgenius/dify-web:main
2025-04-15T03:35:17.7581544Z ##[endgroup]
2025-04-15T03:35:17.7750396Z ##[group]Docker labels
2025-04-15T03:35:17.7751322Z org.opencontainers.image.created=2025-04-15T03:35:17.753Z
2025-04-15T03:35:17.7753380Z org.opencontainers.image.description=Dify is an open-source LLM app development platform. Dify's intuitive interface combines AI workflow, RAG pipeline, agent capabilities, model management, observability features and more, letting you quickly go from prototype to production.
2025-04-15T03:35:17.7755274Z org.opencontainers.image.licenses=NOASSERTION
2025-04-15T03:35:17.7755971Z org.opencontainers.image.revision=dfc123819e5841313928986a4b1a236b1f41523b
2025-04-15T03:35:17.7756821Z org.opencontainers.image.source=https://github.com/langgenius/dify
2025-04-15T03:35:17.7757453Z org.opencontainers.image.title=dify
2025-04-15T03:35:17.7758041Z org.opencontainers.image.url=https://github.com/langgenius/dify
2025-04-15T03:35:17.7758697Z org.opencontainers.image.version=main
2025-04-15T03:35:17.7759362Z ##[endgroup]
2025-04-15T03:35:17.7759888Z ##[group]Annotations
2025-04-15T03:35:17.7760387Z manifest:org.opencontainers.image.created=2025-04-15T03:35:17.753Z
2025-04-15T03:35:17.7762388Z manifest:org.opencontainers.image.description=Dify is an open-source LLM app development platform. Dify's intuitive interface combines AI workflow, RAG pipeline, agent capabilities, model management, observability features and more, letting you quickly go from prototype to production.
2025-04-15T03:35:17.7764473Z manifest:org.opencontainers.image.licenses=NOASSERTION
2025-04-15T03:35:17.7765240Z manifest:org.opencontainers.image.revision=dfc123819e5841313928986a4b1a236b1f41523b
2025-04-15T03:35:17.7766666Z manifest:org.opencontainers.image.source=https://github.com/langgenius/dify
2025-04-15T03:35:17.7767430Z manifest:org.opencontainers.image.title=dify
2025-04-15T03:35:17.7768092Z manifest:org.opencontainers.image.url=https://github.com/langgenius/dify
2025-04-15T03:35:17.7768818Z manifest:org.opencontainers.image.version=main
2025-04-15T03:35:17.7769521Z ##[endgroup]
2025-04-15T03:35:17.7770061Z ##[group]JSON output
2025-04-15T03:35:17.7770391Z {
2025-04-15T03:35:17.7770648Z   "tags": [
2025-04-15T03:35:17.7770958Z     "langgenius/dify-web:main"
2025-04-15T03:35:17.7771314Z   ],
2025-04-15T03:35:17.7771569Z   "labels": {
2025-04-15T03:35:17.7772008Z     "org.opencontainers.image.created": "2025-04-15T03:35:17.753Z",
2025-04-15T03:35:17.7774128Z     "org.opencontainers.image.description": "Dify is an open-source LLM app development platform. Dify's intuitive interface combines AI workflow, RAG pipeline, agent capabilities, model management, observability features and more, letting you quickly go from prototype to production.",
2025-04-15T03:35:17.7776019Z     "org.opencontainers.image.licenses": "NOASSERTION",
2025-04-15T03:35:17.7776751Z     "org.opencontainers.image.revision": "dfc123819e5841313928986a4b1a236b1f41523b",
2025-04-15T03:35:17.7778045Z     "org.opencontainers.image.source": "https://github.com/langgenius/dify",
2025-04-15T03:35:17.7778732Z     "org.opencontainers.image.title": "dify",
2025-04-15T03:35:17.7779393Z     "org.opencontainers.image.url": "https://github.com/langgenius/dify",
2025-04-15T03:35:17.7780067Z     "org.opencontainers.image.version": "main"
2025-04-15T03:35:17.7780514Z   },
2025-04-15T03:35:17.7780796Z   "annotations": [
2025-04-15T03:35:17.7781293Z     "manifest:org.opencontainers.image.created=2025-04-15T03:35:17.753Z",
2025-04-15T03:35:17.7783475Z     "manifest:org.opencontainers.image.description=Dify is an open-source LLM app development platform. Dify's intuitive interface combines AI workflow, RAG pipeline, agent capabilities, model management, observability features and more, letting you quickly go from prototype to production.",
2025-04-15T03:35:17.7785421Z     "manifest:org.opencontainers.image.licenses=NOASSERTION",
2025-04-15T03:35:17.7786235Z     "manifest:org.opencontainers.image.revision=dfc123819e5841313928986a4b1a236b1f41523b",
2025-04-15T03:35:17.7787196Z     "manifest:org.opencontainers.image.source=https://github.com/langgenius/dify",
2025-04-15T03:35:17.7787953Z     "manifest:org.opencontainers.image.title=dify",
2025-04-15T03:35:17.7788680Z     "manifest:org.opencontainers.image.url=https://github.com/langgenius/dify",
2025-04-15T03:35:17.7789424Z     "manifest:org.opencontainers.image.version=main"
2025-04-15T03:35:17.7789899Z   ]
2025-04-15T03:35:17.7790169Z }
2025-04-15T03:35:17.7790723Z ##[endgroup]
2025-04-15T03:35:17.7791264Z ##[group]Bake file definition (tags)
2025-04-15T03:35:17.7791665Z {
2025-04-15T03:35:17.7791931Z   "target": {
2025-04-15T03:35:17.7792255Z     "docker-metadata-action": {
2025-04-15T03:35:17.7792637Z       "tags": [
2025-04-15T03:35:17.7792966Z         "langgenius/dify-web:main"
2025-04-15T03:35:17.7793529Z       ],
2025-04-15T03:35:17.7793807Z       "args": {
2025-04-15T03:35:17.7794170Z         "DOCKER_META_IMAGES": "langgenius/dify-web",
2025-04-15T03:35:17.7794672Z         "DOCKER_META_VERSION": "main"
2025-04-15T03:35:17.7795066Z       }
2025-04-15T03:35:17.7795329Z     }
2025-04-15T03:35:17.7795590Z   }
2025-04-15T03:35:17.7795842Z }
2025-04-15T03:35:17.7796305Z ##[endgroup]
2025-04-15T03:35:17.7796853Z ##[group]Bake file definition (labels)
2025-04-15T03:35:17.7797249Z {
2025-04-15T03:35:17.7797517Z   "target": {
2025-04-15T03:35:17.7797840Z     "docker-metadata-action": {
2025-04-15T03:35:17.7798214Z       "labels": {
2025-04-15T03:35:17.7798681Z         "org.opencontainers.image.created": "2025-04-15T03:35:17.753Z",
2025-04-15T03:35:17.7800830Z         "org.opencontainers.image.description": "Dify is an open-source LLM app development platform. Dify's intuitive interface combines AI workflow, RAG pipeline, agent capabilities, model management, observability features and more, letting you quickly go from prototype to production.",
2025-04-15T03:35:17.7802768Z         "org.opencontainers.image.licenses": "NOASSERTION",
2025-04-15T03:35:17.7803670Z         "org.opencontainers.image.revision": "dfc123819e5841313928986a4b1a236b1f41523b",
2025-04-15T03:35:17.7804534Z         "org.opencontainers.image.source": "https://github.com/langgenius/dify",
2025-04-15T03:35:17.7805230Z         "org.opencontainers.image.title": "dify",
2025-04-15T03:35:17.7805993Z         "org.opencontainers.image.url": "https://github.com/langgenius/dify",
2025-04-15T03:35:17.7806672Z         "org.opencontainers.image.version": "main"
2025-04-15T03:35:17.7807109Z       }
2025-04-15T03:35:17.7807383Z     }
2025-04-15T03:35:17.7807650Z   }
2025-04-15T03:35:17.7807946Z }
2025-04-15T03:35:17.7808492Z ##[endgroup]
2025-04-15T03:35:17.7809072Z ##[group]Bake file definition (annotations)
2025-04-15T03:35:17.7809504Z {
2025-04-15T03:35:17.7809768Z   "target": {
2025-04-15T03:35:17.7810085Z     "docker-metadata-action": {
2025-04-15T03:35:17.7810498Z       "annotations": [
2025-04-15T03:35:17.7811071Z         "manifest:org.opencontainers.image.created=2025-04-15T03:35:17.753Z",
2025-04-15T03:35:17.7813458Z         "manifest:org.opencontainers.image.description=Dify is an open-source LLM app development platform. Dify's intuitive interface combines AI workflow, RAG pipeline, agent capabilities, model management, observability features and more, letting you quickly go from prototype to production.",
2025-04-15T03:35:17.7815405Z         "manifest:org.opencontainers.image.licenses=NOASSERTION",
2025-04-15T03:35:17.7816240Z         "manifest:org.opencontainers.image.revision=dfc123819e5841313928986a4b1a236b1f41523b",
2025-04-15T03:35:17.7817199Z         "manifest:org.opencontainers.image.source=https://github.com/langgenius/dify",
2025-04-15T03:35:17.7818218Z         "manifest:org.opencontainers.image.title=dify",
2025-04-15T03:35:17.7818943Z         "manifest:org.opencontainers.image.url=https://github.com/langgenius/dify",
2025-04-15T03:35:17.7819834Z         "manifest:org.opencontainers.image.version=main"
2025-04-15T03:35:17.7820350Z       ]
2025-04-15T03:35:17.7820618Z     }
2025-04-15T03:35:17.7820888Z   }
2025-04-15T03:35:17.7821218Z }
2025-04-15T03:35:17.7821755Z ##[endgroup]
2025-04-15T03:35:17.8200043Z ##[group]Run docker/build-push-action@v6
2025-04-15T03:35:17.8200352Z with:
2025-04-15T03:35:17.8200547Z   context: {{defaultContext}}:web
2025-04-15T03:35:17.8200797Z   platforms: linux/amd64
2025-04-15T03:35:17.8201087Z   build-args: COMMIT_SHA=dfc123819e5841313928986a4b1a236b1f41523b
2025-04-15T03:35:17.8203650Z   labels: org.opencontainers.image.created=2025-04-15T03:35:17.753Z
org.opencontainers.image.description=Dify is an open-source LLM app development platform. Dify's intuitive interface combines AI workflow, RAG pipeline, agent capabilities, model management, observability features and more, letting you quickly go from prototype to production.
org.opencontainers.image.licenses=NOASSERTION
org.opencontainers.image.revision=dfc123819e5841313928986a4b1a236b1f41523b
org.opencontainers.image.source=https://github.com/langgenius/dify
org.opencontainers.image.title=dify
org.opencontainers.image.url=https://github.com/langgenius/dify
org.opencontainers.image.version=main
2025-04-15T03:35:17.8206149Z   outputs: type=image,name=langgenius/dify-web,push-by-digest=true,name-canonical=true,push=true
2025-04-15T03:35:17.8206602Z   cache-from: type=gha,scope=build-web-amd64
2025-04-15T03:35:17.8206918Z   cache-to: type=gha,mode=max,scope=build-web-amd64
2025-04-15T03:35:17.8207196Z   load: false
2025-04-15T03:35:17.8207379Z   no-cache: false
2025-04-15T03:35:17.8207563Z   pull: false
2025-04-15T03:35:17.8207737Z   push: false
2025-04-15T03:35:17.8208035Z   github-token: ***
2025-04-15T03:35:17.8208227Z env:
2025-04-15T03:35:17.8208429Z   DOCKERHUB_USER: ***
2025-04-15T03:35:17.8208690Z   DOCKERHUB_TOKEN: ***
2025-04-15T03:35:17.8208916Z   DIFY_WEB_IMAGE_NAME: langgenius/dify-web
2025-04-15T03:35:17.8209192Z   DIFY_API_IMAGE_NAME: langgenius/dify-api
2025-04-15T03:35:17.8209455Z   PLATFORM_PAIR: linux-amd64
2025-04-15T03:35:17.8209694Z   DOCKER_METADATA_OUTPUT_VERSION: main
2025-04-15T03:35:17.8210000Z   DOCKER_METADATA_OUTPUT_TAGS: langgenius/dify-web:main
2025-04-15T03:35:17.8212402Z   DOCKER_METADATA_OUTPUT_LABELS: org.opencontainers.image.created=2025-04-15T03:35:17.753Z
org.opencontainers.image.description=Dify is an open-source LLM app development platform. Dify's intuitive interface combines AI workflow, RAG pipeline, agent capabilities, model management, observability features and more, letting you quickly go from prototype to production.
org.opencontainers.image.licenses=NOASSERTION
org.opencontainers.image.revision=dfc123819e5841313928986a4b1a236b1f41523b
org.opencontainers.image.source=https://github.com/langgenius/dify
org.opencontainers.image.title=dify
org.opencontainers.image.url=https://github.com/langgenius/dify
org.opencontainers.image.version=main
2025-04-15T03:35:17.8217250Z   DOCKER_METADATA_OUTPUT_ANNOTATIONS: manifest:org.opencontainers.image.created=2025-04-15T03:35:17.753Z
manifest:org.opencontainers.image.description=Dify is an open-source LLM app development platform. Dify's intuitive interface combines AI workflow, RAG pipeline, agent capabilities, model management, observability features and more, letting you quickly go from prototype to production.
manifest:org.opencontainers.image.licenses=NOASSERTION
manifest:org.opencontainers.image.revision=dfc123819e5841313928986a4b1a236b1f41523b
manifest:org.opencontainers.image.source=https://github.com/langgenius/dify
manifest:org.opencontainers.image.title=dify
manifest:org.opencontainers.image.url=https://github.com/langgenius/dify
manifest:org.opencontainers.image.version=main
2025-04-15T03:35:17.8225172Z   DOCKER_METADATA_OUTPUT_JSON: {"tags":["langgenius/dify-web:main"],"labels":{"org.opencontainers.image.created":"2025-04-15T03:35:17.753Z","org.opencontainers.image.description":"Dify is an open-source LLM app development platform. Dify's intuitive interface combines AI workflow, RAG pipeline, agent capabilities, model management, observability features and more, letting you quickly go from prototype to production.","org.opencontainers.image.licenses":"NOASSERTION","org.opencontainers.image.revision":"dfc123819e5841313928986a4b1a236b1f41523b","org.opencontainers.image.source":"https://github.com/langgenius/dify","org.opencontainers.image.title":"dify","org.opencontainers.image.url":"https://github.com/langgenius/dify","org.opencontainers.image.version":"main"},"annotations":["manifest:org.opencontainers.image.created=2025-04-15T03:35:17.753Z","manifest:org.opencontainers.image.description=Dify is an open-source LLM app development platform. Dify's intuitive interface combines AI workflow, RAG pipeline, agent capabilities, model management, observability features and more, letting you quickly go from prototype to production.","manifest:org.opencontainers.image.licenses=NOASSERTION","manifest:org.opencontainers.image.revision=dfc123819e5841313928986a4b1a236b1f41523b","manifest:org.opencontainers.image.source=https://github.com/langgenius/dify","manifest:org.opencontainers.image.title=dify","manifest:org.opencontainers.image.url=https://github.com/langgenius/dify","manifest:org.opencontainers.image.version=main"]}
2025-04-15T03:35:17.8230597Z   DOCKER_METADATA_OUTPUT_BAKE_FILE_TAGS: /home/runner/work/_temp/docker-actions-toolkit-5mAIZw/docker-metadata-action-bake-tags.json
2025-04-15T03:35:17.8231457Z   DOCKER_METADATA_OUTPUT_BAKE_FILE_LABELS: /home/runner/work/_temp/docker-actions-toolkit-5mAIZw/docker-metadata-action-bake-labels.json
2025-04-15T03:35:17.8232370Z   DOCKER_METADATA_OUTPUT_BAKE_FILE_ANNOTATIONS: /home/runner/work/_temp/docker-actions-toolkit-5mAIZw/docker-metadata-action-bake-annotations.json
2025-04-15T03:35:17.8233434Z   DOCKER_METADATA_OUTPUT_BAKE_FILE: /home/runner/work/_temp/docker-actions-toolkit-5mAIZw/docker-metadata-action-bake.json
2025-04-15T03:35:17.8233943Z ##[endgroup]
2025-04-15T03:35:18.0576230Z ##[group]GitHub Actions runtime token ACs
2025-04-15T03:35:18.0584071Z refs/heads/main: read/write
2025-04-15T03:35:18.0585611Z ##[endgroup]
2025-04-15T03:35:18.0587045Z ##[group]Docker info
2025-04-15T03:35:18.0652241Z [command]/usr/bin/docker version
2025-04-15T03:35:18.0846068Z Client: Docker Engine - Community
2025-04-15T03:35:18.0846788Z  Version:           26.1.3
2025-04-15T03:35:18.0847338Z  API version:       1.45
2025-04-15T03:35:18.0847817Z  Go version:        go1.21.10
2025-04-15T03:35:18.0848390Z  Git commit:        b72abbb
2025-04-15T03:35:18.0848931Z  Built:             Thu May 16 08:33:35 2024
2025-04-15T03:35:18.0868187Z  OS/Arch:           linux/amd64
2025-04-15T03:35:18.0868506Z  Context:           default
2025-04-15T03:35:18.0868663Z 
2025-04-15T03:35:18.0868774Z Server: Docker Engine - Community
2025-04-15T03:35:18.0869020Z  Engine:
2025-04-15T03:35:18.0869224Z   Version:          26.1.3
2025-04-15T03:35:18.0869509Z   API version:      1.45 (minimum version 1.24)
2025-04-15T03:35:18.0869801Z   Go version:       go1.21.10
2025-04-15T03:35:18.0870028Z   Git commit:       8e96db1
2025-04-15T03:35:18.0870257Z   Built:            Thu May 16 08:33:35 2024
2025-04-15T03:35:18.0870511Z   OS/Arch:          linux/amd64
2025-04-15T03:35:18.0871020Z   Experimental:     false
2025-04-15T03:35:18.0871238Z  containerd:
2025-04-15T03:35:18.0871418Z   Version:          1.7.27
2025-04-15T03:35:18.0871685Z   GitCommit:        05044ec0a9a75232cad458027ca83437aae3f4da
2025-04-15T03:35:18.0871972Z  runc:
2025-04-15T03:35:18.0872146Z   Version:          1.2.5
2025-04-15T03:35:18.0872356Z   GitCommit:        v1.2.5-0-g59923ef
2025-04-15T03:35:18.0872603Z  docker-init:
2025-04-15T03:35:18.0872791Z   Version:          0.19.0
2025-04-15T03:35:18.0873263Z   GitCommit:        de40ad0
2025-04-15T03:35:18.0892931Z [command]/usr/bin/docker info
2025-04-15T03:35:18.1248984Z Client: Docker Engine - Community
2025-04-15T03:35:18.1249472Z  Version:    26.1.3
2025-04-15T03:35:18.1249806Z  Context:    default
2025-04-15T03:35:18.1250138Z  Debug Mode: false
2025-04-15T03:35:18.1250452Z  Plugins:
2025-04-15T03:35:18.1250781Z   buildx: Docker Buildx (Docker Inc.)
2025-04-15T03:35:18.1251198Z     Version:  v0.22.0
2025-04-15T03:35:18.1251639Z     Path:     /usr/libexec/docker/cli-plugins/docker-buildx
2025-04-15T03:35:18.1252586Z   compose: Docker Compose (Docker Inc.)
2025-04-15T03:35:18.1253189Z     Version:  v2.27.1
2025-04-15T03:35:18.1253630Z     Path:     /usr/libexec/docker/cli-plugins/docker-compose
2025-04-15T03:35:18.1254007Z 
2025-04-15T03:35:18.1254119Z Server:
2025-04-15T03:35:18.1254395Z  Containers: 1
2025-04-15T03:35:18.1254646Z   Running: 1
2025-04-15T03:35:18.1254834Z   Paused: 0
2025-04-15T03:35:18.1255016Z   Stopped: 0
2025-04-15T03:35:18.1255198Z  Images: 2
2025-04-15T03:35:18.1255379Z  Server Version: 26.1.3
2025-04-15T03:35:18.1255600Z  Storage Driver: overlay2
2025-04-15T03:35:18.1255824Z   Backing Filesystem: extfs
2025-04-15T03:35:18.1256051Z   Supports d_type: true
2025-04-15T03:35:18.1256259Z   Using metacopy: false
2025-04-15T03:35:18.1256466Z   Native Overlay Diff: false
2025-04-15T03:35:18.1256688Z   userxattr: false
2025-04-15T03:35:18.1256890Z  Logging Driver: json-file
2025-04-15T03:35:18.1257107Z  Cgroup Driver: systemd
2025-04-15T03:35:18.1257315Z  Cgroup Version: 2
2025-04-15T03:35:18.1257506Z  Plugins:
2025-04-15T03:35:18.1257685Z   Volume: local
2025-04-15T03:35:18.1257913Z   Network: bridge host ipvlan macvlan null overlay
2025-04-15T03:35:18.1258303Z   Log: awslogs fluentd gcplogs gelf journald json-file local splunk syslog
2025-04-15T03:35:18.1258667Z  Swarm: inactive
2025-04-15T03:35:18.1258879Z  Runtimes: io.containerd.runc.v2 runc
2025-04-15T03:35:18.1259135Z  Default Runtime: runc
2025-04-15T03:35:18.1259345Z  Init Binary: docker-init
2025-04-15T03:35:18.1259645Z  containerd version: 05044ec0a9a75232cad458027ca83437aae3f4da
2025-04-15T03:35:18.1259970Z  runc version: v1.2.5-0-g59923ef
2025-04-15T03:35:18.1260205Z  init version: de40ad0
2025-04-15T03:35:18.1260466Z  Security Options:
2025-04-15T03:35:18.1260800Z   apparmor
2025-04-15T03:35:18.1261046Z   seccomp
2025-04-15T03:35:18.1261219Z    Profile: builtin
2025-04-15T03:35:18.1261405Z   cgroupns
2025-04-15T03:35:18.1261586Z  Kernel Version: 6.8.0-1021-azure
2025-04-15T03:35:18.1261847Z  Operating System: Ubuntu 24.04.2 LTS
2025-04-15T03:35:18.1262094Z  OSType: linux
2025-04-15T03:35:18.1262286Z  Architecture: x86_64
2025-04-15T03:35:18.1262484Z  CPUs: 4
2025-04-15T03:35:18.1262655Z  Total Memory: 15.62GiB
2025-04-15T03:35:18.1262862Z  Name: fv-az1693-957
2025-04-15T03:35:18.1263476Z  ID: 2430cf04-e79a-44be-a222-15247e834da3
2025-04-15T03:35:18.1263762Z  Docker Root Dir: /var/lib/docker
2025-04-15T03:35:18.1264000Z  Debug Mode: false
2025-04-15T03:35:18.1264326Z  Username: ***
2025-04-15T03:35:18.1264518Z  Experimental: false
2025-04-15T03:35:18.1264762Z  Insecure Registries:
2025-04-15T03:35:18.1265099Z   127.0.0.0/8
2025-04-15T03:35:18.1265422Z  Live Restore Enabled: false
2025-04-15T03:35:18.1265581Z 
2025-04-15T03:35:18.1265918Z ##[endgroup]
2025-04-15T03:35:18.1266252Z ##[group]Proxy configuration
2025-04-15T03:35:18.1269954Z No proxy configuration found
2025-04-15T03:35:18.1270662Z ##[endgroup]
2025-04-15T03:35:18.1742804Z ##[group]Buildx version
2025-04-15T03:35:18.1767333Z [command]/usr/bin/docker buildx version
2025-04-15T03:35:18.2173267Z github.com/docker/buildx v0.22.0 18ccba072076ddbfb0aeedd6746d7719b0729b58
2025-04-15T03:35:18.2204351Z ##[endgroup]
2025-04-15T03:35:18.2206166Z ##[group]Builder info
2025-04-15T03:35:18.3011737Z {
2025-04-15T03:35:18.3012100Z   "nodes": [
2025-04-15T03:35:18.3012415Z     {
2025-04-15T03:35:18.3012819Z       "name": "builder-68ed9162-4043-4feb-b9c7-e88abd08d16d0",
2025-04-15T03:35:18.3013593Z       "endpoint": "unix:///var/run/docker.sock",
2025-04-15T03:35:18.3013941Z       "status": "running",
2025-04-15T03:35:18.3014437Z       "buildkitd-flags": "--allow-insecure-entitlement security.insecure --allow-insecure-entitlement network.host",
2025-04-15T03:35:18.3014927Z       "buildkit": "v0.20.2",
2025-04-15T03:35:18.3015632Z       "platforms": "linux/amd64,linux/amd64/v2,linux/amd64/v3,linux/arm64,linux/riscv64,linux/ppc64le,linux/s390x,linux/386,linux/mips64le,linux/mips64,linux/loong64,linux/arm/v7,linux/arm/v6",
2025-04-15T03:35:18.3016379Z       "features": {
2025-04-15T03:35:18.3017234Z         "Automatically load images to the Docker Engine image store": true,
2025-04-15T03:35:18.3017680Z         "Cache export": true,
2025-04-15T03:35:18.3017914Z         "Direct push": true,
2025-04-15T03:35:18.3018150Z         "Docker exporter": true,
2025-04-15T03:35:18.3018394Z         "Multi-platform build": true,
2025-04-15T03:35:18.3018656Z         "OCI exporter": true
2025-04-15T03:35:18.3018870Z       },
2025-04-15T03:35:18.3019034Z       "labels": {
2025-04-15T03:35:18.3019281Z         "org.mobyproject.buildkit.worker.executor": "oci",
2025-04-15T03:35:18.3019660Z         "org.mobyproject.buildkit.worker.hostname": "0ac65715cd6c",
2025-04-15T03:35:18.3020028Z         "org.mobyproject.buildkit.worker.network": "host",
2025-04-15T03:35:18.3020420Z         "org.mobyproject.buildkit.worker.oci.process-mode": "sandbox",
2025-04-15T03:35:18.3020833Z         "org.mobyproject.buildkit.worker.selinux.enabled": "false",
2025-04-15T03:35:18.3021246Z         "org.mobyproject.buildkit.worker.snapshotter": "overlayfs"
2025-04-15T03:35:18.3021553Z       },
2025-04-15T03:35:18.3021723Z       "gcPolicy": [
2025-04-15T03:35:18.3021909Z         {
2025-04-15T03:35:18.3022075Z           "all": false,
2025-04-15T03:35:18.3022267Z           "filter": [
2025-04-15T03:35:18.3022466Z             "type==source.local",
2025-04-15T03:35:18.3022697Z             "type==exec.cachemount",
2025-04-15T03:35:18.3022948Z             "type==source.git.checkout"
2025-04-15T03:35:18.3023668Z           ],
2025-04-15T03:35:18.3023859Z           "keepDuration": "48h0m0s"
2025-04-15T03:35:18.3024092Z         },
2025-04-15T03:35:18.3024256Z         {
2025-04-15T03:35:18.3024423Z           "all": false,
2025-04-15T03:35:18.3024635Z           "keepDuration": "1440h0m0s"
2025-04-15T03:35:18.3024865Z         },
2025-04-15T03:35:18.3025027Z         {
2025-04-15T03:35:18.3025192Z           "all": false
2025-04-15T03:35:18.3025376Z         },
2025-04-15T03:35:18.3025562Z         {
2025-04-15T03:35:18.3025730Z           "all": true
2025-04-15T03:35:18.3025916Z         }
2025-04-15T03:35:18.3026079Z       ]
2025-04-15T03:35:18.3026238Z     }
2025-04-15T03:35:18.3026394Z   ],
2025-04-15T03:35:18.3026689Z   "name": "builder-68ed9162-4043-4feb-b9c7-e88abd08d16d",
2025-04-15T03:35:18.3027250Z   "driver": "docker-container",
2025-04-15T03:35:18.3027627Z   "lastActivity": "2025-04-15T03:35:13.000Z"
2025-04-15T03:35:18.3028005Z }
2025-04-15T03:35:18.3028583Z ##[endgroup]
2025-04-15T03:35:18.4434959Z [command]/usr/bin/docker buildx build --build-arg COMMIT_SHA=dfc123819e5841313928986a4b1a236b1f41523b --cache-from type=gha,scope=build-web-amd64 --cache-to type=gha,mode=max,scope=build-web-amd64 --iidfile /home/runner/work/_temp/docker-actions-toolkit-MzxoXc/build-iidfile-f8190b5962.txt --label org.opencontainers.image.created=2025-04-15T03:35:17.753Z --label org.opencontainers.image.description=Dify is an open-source LLM app development platform. Dify's intuitive interface combines AI workflow, RAG pipeline, agent capabilities, model management, observability features and more, letting you quickly go from prototype to production. --label org.opencontainers.image.licenses=NOASSERTION --label org.opencontainers.image.revision=dfc123819e5841313928986a4b1a236b1f41523b --label org.opencontainers.image.source=https://github.com/langgenius/dify --label org.opencontainers.image.title=dify --label org.opencontainers.image.url=https://github.com/langgenius/dify --label org.opencontainers.image.version=main --output type=image,name=langgenius/dify-web,push-by-digest=true,name-canonical=true,push=true --platform linux/amd64 --attest type=provenance,mode=max,builder-id=https://github.com/langgenius/dify/actions/runs/14460687434/attempts/1 --secret id=GIT_AUTH_TOKEN,src=/home/runner/work/_temp/docker-actions-toolkit-MzxoXc/tmp-2758-qCHSrLIW6poZ --metadata-file /home/runner/work/_temp/docker-actions-toolkit-MzxoXc/build-metadata-a78bb8a5d2.json https://github.com/langgenius/dify.git#dfc123819e5841313928986a4b1a236b1f41523b:web
2025-04-15T03:35:18.6954700Z #0 building with "builder-68ed9162-4043-4feb-b9c7-e88abd08d16d" instance using docker-container driver
2025-04-15T03:35:18.6955470Z 
2025-04-15T03:35:18.6956112Z #1 [internal] load git source https://github.com/langgenius/dify.git#dfc123819e5841313928986a4b1a236b1f41523b:web
2025-04-15T03:35:18.6957347Z #1 0.013 Initialized empty Git repository in /var/lib/buildkit/runc-overlayfs/snapshots/snapshots/1/fs/
2025-04-15T03:35:18.6958147Z #1 0.017 fatal: Not a valid object name dfc123819e5841313928986a4b1a236b1f41523b^{commit}
2025-04-15T03:35:24.8427609Z #1 6.315 From https://github.com/langgenius/dify
2025-04-15T03:35:24.8428389Z #1 6.315  * branch                dfc123819e5841313928986a4b1a236b1f41523b -> FETCH_HEAD
2025-04-15T03:35:25.0199743Z #1 6.319  * [new tag]             0.10.0                   -> 0.10.0
2025-04-15T03:35:25.0200676Z #1 6.319  * [new tag]             0.10.0-beta1             -> 0.10.0-beta1
2025-04-15T03:35:25.0201450Z #1 6.319  * [new tag]             0.10.0-beta2             -> 0.10.0-beta2
2025-04-15T03:35:25.0202211Z #1 6.319  * [new tag]             0.10.0-beta3             -> 0.10.0-beta3
2025-04-15T03:35:25.0203289Z #1 6.319  * [new tag]             0.10.1                   -> 0.10.1
2025-04-15T03:35:25.0204007Z #1 6.319  * [new tag]             0.10.2                   -> 0.10.2
2025-04-15T03:35:25.0204811Z #1 6.319  * [new tag]             0.10.2-fix1              -> 0.10.2-fix1
2025-04-15T03:35:25.0205563Z #1 6.320  * [new tag]             0.11.0                   -> 0.11.0
2025-04-15T03:35:25.0206244Z #1 6.320  * [new tag]             0.11.1                   -> 0.11.1
2025-04-15T03:35:25.0207015Z #1 6.320  * [new tag]             0.11.2                   -> 0.11.2
2025-04-15T03:35:25.0207670Z #1 6.320  * [new tag]             0.12.0                   -> 0.12.0
2025-04-15T03:35:25.0208374Z #1 6.320  * [new tag]             0.12.1                   -> 0.12.1
2025-04-15T03:35:25.0209129Z #1 6.321  * [new tag]             0.13.0                   -> 0.13.0
2025-04-15T03:35:25.0209848Z #1 6.321  * [new tag]             0.13.1                   -> 0.13.1
2025-04-15T03:35:25.0210539Z #1 6.321  * [new tag]             0.13.2                   -> 0.13.2
2025-04-15T03:35:25.0211331Z #1 6.321  * [new tag]             0.14.0                   -> 0.14.0
2025-04-15T03:35:25.0212036Z #1 6.321  * [new tag]             0.14.1                   -> 0.14.1
2025-04-15T03:35:25.0212773Z #1 6.322  * [new tag]             0.14.2                   -> 0.14.2
2025-04-15T03:35:25.0213668Z #1 6.322  * [new tag]             0.15.0                   -> 0.15.0
2025-04-15T03:35:25.0214383Z #1 6.322  * [new tag]             0.15.1                   -> 0.15.1
2025-04-15T03:35:25.0215147Z #1 6.322  * [new tag]             0.15.2                   -> 0.15.2
2025-04-15T03:35:25.0215857Z #1 6.322  * [new tag]             0.15.3                   -> 0.15.3
2025-04-15T03:35:25.0216515Z #1 6.322  * [new tag]             0.15.4                   -> 0.15.4
2025-04-15T03:35:25.0217285Z #1 6.323  * [new tag]             0.15.5                   -> 0.15.5
2025-04-15T03:35:25.0218338Z #1 6.323  * [new tag]             0.15.6-alpha.1           -> 0.15.6-alpha.1
2025-04-15T03:35:25.0219131Z #1 6.323  * [new tag]             0.2.1                    -> 0.2.1
2025-04-15T03:35:25.0219875Z #1 6.323  * [new tag]             0.2.2                    -> 0.2.2
2025-04-15T03:35:25.0220550Z #1 6.323  * [new tag]             0.3.0                    -> 0.3.0
2025-04-15T03:35:25.0221324Z #1 6.323  * [new tag]             0.3.1                    -> 0.3.1
2025-04-15T03:35:25.0222055Z #1 6.324  * [new tag]             0.3.10                   -> 0.3.10
2025-04-15T03:35:25.0222714Z #1 6.324  * [new tag]             0.3.11                   -> 0.3.11
2025-04-15T03:35:25.0223732Z #1 6.324  * [new tag]             0.3.12                   -> 0.3.12
2025-04-15T03:35:25.0224382Z #1 6.324  * [new tag]             0.3.13                   -> 0.3.13
2025-04-15T03:35:25.0225111Z #1 6.324  * [new tag]             0.3.14                   -> 0.3.14
2025-04-15T03:35:25.0226061Z #1 6.325  * [new tag]             0.3.15                   -> 0.3.15
2025-04-15T03:35:25.0226764Z #1 6.325  * [new tag]             0.3.16                   -> 0.3.16
2025-04-15T03:35:25.0227523Z #1 6.325  * [new tag]             0.3.17                   -> 0.3.17
2025-04-15T03:35:25.0228221Z #1 6.325  * [new tag]             0.3.18                   -> 0.3.18
2025-04-15T03:35:25.0228896Z #1 6.325  * [new tag]             0.3.19                   -> 0.3.19
2025-04-15T03:35:25.0229692Z #1 6.325  * [new tag]             0.3.2                    -> 0.3.2
2025-04-15T03:35:25.0230391Z #1 6.326  * [new tag]             0.3.20                   -> 0.3.20
2025-04-15T03:35:25.0231040Z #1 6.326  * [new tag]             0.3.21                   -> 0.3.21
2025-04-15T03:35:25.0231764Z #1 6.326  * [new tag]             0.3.22                   -> 0.3.22
2025-04-15T03:35:25.0232399Z #1 6.326  * [new tag]             0.3.23                   -> 0.3.23
2025-04-15T03:35:25.0233323Z #1 6.326  * [new tag]             0.3.24                   -> 0.3.24
2025-04-15T03:35:25.0234060Z #1 6.326  * [new tag]             0.3.25                   -> 0.3.25
2025-04-15T03:35:25.0234765Z #1 6.327  * [new tag]             0.3.26                   -> 0.3.26
2025-04-15T03:35:25.0235536Z #1 6.327  * [new tag]             0.3.27                   -> 0.3.27
2025-04-15T03:35:25.0236217Z #1 6.327  * [new tag]             0.3.28                   -> 0.3.28
2025-04-15T03:35:25.0236861Z #1 6.327  * [new tag]             0.3.29                   -> 0.3.29
2025-04-15T03:35:25.0237602Z #1 6.327  * [new tag]             0.3.3                    -> 0.3.3
2025-04-15T03:35:25.0238265Z #1 6.328  * [new tag]             0.3.30                   -> 0.3.30
2025-04-15T03:35:25.0238967Z #1 6.328  * [new tag]             0.3.31                   -> 0.3.31
2025-04-15T03:35:25.0239689Z #1 6.328  * [new tag]             0.3.31-fix1              -> 0.3.31-fix1
2025-04-15T03:35:25.0240431Z #1 6.328  * [new tag]             0.3.31-fix2              -> 0.3.31-fix2
2025-04-15T03:35:25.0241223Z #1 6.328  * [new tag]             0.3.31-fix3              -> 0.3.31-fix3
2025-04-15T03:35:25.0241964Z #1 6.328  * [new tag]             0.3.32                   -> 0.3.32
2025-04-15T03:35:25.0242593Z #1 6.329  * [new tag]             0.3.33                   -> 0.3.33
2025-04-15T03:35:25.0243571Z #1 6.329  * [new tag]             0.3.34                   -> 0.3.34
2025-04-15T03:35:25.0244303Z #1 6.329  * [new tag]             0.3.4                    -> 0.3.4
2025-04-15T03:35:25.0244939Z #1 6.329  * [new tag]             0.3.5                    -> 0.3.5
2025-04-15T03:35:25.0245752Z #1 6.329  * [new tag]             0.3.6                    -> 0.3.6
2025-04-15T03:35:25.0246443Z #1 6.329  * [new tag]             0.3.7                    -> 0.3.7
2025-04-15T03:35:25.0247163Z #1 6.330  * [new tag]             0.3.8                    -> 0.3.8
2025-04-15T03:35:25.0247876Z #1 6.330  * [new tag]             0.3.9                    -> 0.3.9
2025-04-15T03:35:25.0248810Z #1 6.330  * [new tag]             0.4.0                    -> 0.4.0
2025-04-15T03:35:25.0249586Z #1 6.330  * [new tag]             0.4.1                    -> 0.4.1
2025-04-15T03:35:25.0250282Z #1 6.330  * [new tag]             0.4.2                    -> 0.4.2
2025-04-15T03:35:25.0250939Z #1 6.330  * [new tag]             0.4.3                    -> 0.4.3
2025-04-15T03:35:25.0251712Z #1 6.331  * [new tag]             0.4.4                    -> 0.4.4
2025-04-15T03:35:25.0252337Z #1 6.331  * [new tag]             0.4.5                    -> 0.4.5
2025-04-15T03:35:25.0253198Z #1 6.331  * [new tag]             0.4.6                    -> 0.4.6
2025-04-15T03:35:25.0253858Z #1 6.331  * [new tag]             0.4.7                    -> 0.4.7
2025-04-15T03:35:25.0254531Z #1 6.331  * [new tag]             0.4.8                    -> 0.4.8
2025-04-15T03:35:25.0255247Z #1 6.332  * [new tag]             0.4.9                    -> 0.4.9
2025-04-15T03:35:25.0255871Z #1 6.332  * [new tag]             0.5.0                    -> 0.5.0
2025-04-15T03:35:25.0258383Z #1 6.332  * [new tag]             0.5.1                    -> 0.5.1
2025-04-15T03:35:25.0259205Z #1 6.332  * [new tag]             0.5.10                   -> 0.5.10
2025-04-15T03:35:25.0259879Z #1 6.332  * [new tag]             0.5.11                   -> 0.5.11
2025-04-15T03:35:25.0260585Z #1 6.332  * [new tag]             0.5.11-fix1              -> 0.5.11-fix1
2025-04-15T03:35:25.0261269Z #1 6.333  * [new tag]             0.5.2                    -> 0.5.2
2025-04-15T03:35:25.0261881Z #1 6.333  * [new tag]             0.5.3                    -> 0.5.3
2025-04-15T03:35:25.0262557Z #1 6.333  * [new tag]             0.5.4                    -> 0.5.4
2025-04-15T03:35:25.0263454Z #1 6.333  * [new tag]             0.5.5                    -> 0.5.5
2025-04-15T03:35:25.0264107Z #1 6.333  * [new tag]             0.5.6                    -> 0.5.6
2025-04-15T03:35:25.0264828Z #1 6.334  * [new tag]             0.5.7                    -> 0.5.7
2025-04-15T03:35:25.0265488Z #1 6.334  * [new tag]             0.5.8                    -> 0.5.8
2025-04-15T03:35:25.0266111Z #1 6.334  * [new tag]             0.5.9                    -> 0.5.9
2025-04-15T03:35:25.0266623Z #1 6.334  * [new tag]             0.6.0                    -> 0.6.0
2025-04-15T03:35:25.0267164Z #1 6.334  * [new tag]             0.6.0-fix1               -> 0.6.0-fix1
2025-04-15T03:35:25.0267796Z #1 6.334  * [new tag]             0.6.0-preview-workflow.1 -> 0.6.0-preview-workflow.1
2025-04-15T03:35:25.0268503Z #1 6.335  * [new tag]             0.6.0-preview-workflow.2 -> 0.6.0-preview-workflow.2
2025-04-15T03:35:25.0269116Z #1 6.335  * [new tag]             0.6.1                    -> 0.6.1
2025-04-15T03:35:25.0269634Z #1 6.335  * [new tag]             0.6.10                   -> 0.6.10
2025-04-15T03:35:25.0270161Z #1 6.335  * [new tag]             0.6.11                   -> 0.6.11
2025-04-15T03:35:25.0270681Z #1 6.335  * [new tag]             0.6.12                   -> 0.6.12
2025-04-15T03:35:25.0271223Z #1 6.336  * [new tag]             0.6.12-fix1              -> 0.6.12-fix1
2025-04-15T03:35:25.0271774Z #1 6.336  * [new tag]             0.6.13                   -> 0.6.13
2025-04-15T03:35:25.0272297Z #1 6.336  * [new tag]             0.6.14                   -> 0.6.14
2025-04-15T03:35:25.0272815Z #1 6.336  * [new tag]             0.6.15                   -> 0.6.15
2025-04-15T03:35:25.0273476Z #1 6.336  * [new tag]             0.6.16                   -> 0.6.16
2025-04-15T03:35:25.0273991Z #1 6.337  * [new tag]             0.6.2                    -> 0.6.2
2025-04-15T03:35:25.0274504Z #1 6.337  * [new tag]             0.6.3                    -> 0.6.3
2025-04-15T03:35:25.0275019Z #1 6.337  * [new tag]             0.6.4                    -> 0.6.4
2025-04-15T03:35:25.0275530Z #1 6.337  * [new tag]             0.6.5                    -> 0.6.5
2025-04-15T03:35:25.0276043Z #1 6.337  * [new tag]             0.6.6                    -> 0.6.6
2025-04-15T03:35:25.0276552Z #1 6.337  * [new tag]             0.6.7                    -> 0.6.7
2025-04-15T03:35:25.0277262Z #1 6.338  * [new tag]             0.6.8                    -> 0.6.8
2025-04-15T03:35:25.0277768Z #1 6.338  * [new tag]             0.6.9                    -> 0.6.9
2025-04-15T03:35:25.0278276Z #1 6.338  * [new tag]             0.7.0                    -> 0.7.0
2025-04-15T03:35:25.0278783Z #1 6.338  * [new tag]             0.7.1                    -> 0.7.1
2025-04-15T03:35:25.0279296Z #1 6.338  * [new tag]             0.7.2                    -> 0.7.2
2025-04-15T03:35:25.0279798Z #1 6.339  * [new tag]             0.7.3                    -> 0.7.3
2025-04-15T03:35:25.0280307Z #1 6.339  * [new tag]             0.8.0                    -> 0.8.0
2025-04-15T03:35:25.0280846Z #1 6.339  * [new tag]             0.8.0-beta1              -> 0.8.0-beta1
2025-04-15T03:35:25.0281382Z #1 6.339  * [new tag]             0.8.1                    -> 0.8.1
2025-04-15T03:35:25.0281892Z #1 6.339  * [new tag]             0.8.2                    -> 0.8.2
2025-04-15T03:35:25.0282409Z #1 6.340  * [new tag]             0.8.3                    -> 0.8.3
2025-04-15T03:35:25.0283285Z #1 6.340  * [new tag]             0.9.0                    -> 0.9.0
2025-04-15T03:35:25.0283816Z #1 6.340  * [new tag]             0.9.1                    -> 0.9.1
2025-04-15T03:35:25.0284336Z #1 6.340  * [new tag]             0.9.1-fix1               -> 0.9.1-fix1
2025-04-15T03:35:25.0284856Z #1 6.340  * [new tag]             0.9.2                    -> 0.9.2
2025-04-15T03:35:25.0285351Z #1 6.340  * [new tag]             1.0.0                    -> 1.0.0
2025-04-15T03:35:25.0285876Z #1 6.340  * [new tag]             1.0.0-beta.1             -> 1.0.0-beta.1
2025-04-15T03:35:25.0286404Z #1 6.340  * [new tag]             1.0.1                    -> 1.0.1
2025-04-15T03:35:25.0286908Z #1 6.341  * [new tag]             1.1.0                    -> 1.1.0
2025-04-15T03:35:25.0287424Z #1 6.341  * [new tag]             1.1.1                    -> 1.1.1
2025-04-15T03:35:25.0287937Z #1 6.341  * [new tag]             1.1.2                    -> 1.1.2
2025-04-15T03:35:25.0288454Z #1 6.341  * [new tag]             1.1.3                    -> 1.1.3
2025-04-15T03:35:25.0289001Z #1 6.341  * [new tag]             1.2.0                    -> 1.2.0
2025-04-15T03:35:25.0289550Z #1 6.341  * [new tag]             v0.8.3-fix1              -> v0.8.3-fix1
2025-04-15T03:35:25.6020662Z #1 DONE 7.1s
2025-04-15T03:35:25.7644542Z 
2025-04-15T03:35:25.7645312Z #2 [internal] load metadata for docker.io/library/node:22-alpine3.21
2025-04-15T03:35:25.9984106Z #2 ...
2025-04-15T03:35:25.9984594Z 
2025-04-15T03:35:25.9984963Z #3 [auth] library/node:pull token for registry-1.docker.io
2025-04-15T03:35:25.9985508Z #3 DONE 0.0s
2025-04-15T03:35:26.1480932Z 
2025-04-15T03:35:26.1481635Z #2 [internal] load metadata for docker.io/library/node:22-alpine3.21
2025-04-15T03:35:26.5718786Z #2 DONE 1.0s
2025-04-15T03:35:26.7340455Z 
2025-04-15T03:35:26.7341584Z #4 [base 1/3] FROM docker.io/library/node:22-alpine3.21@sha256:9bef0ef1e268f60627da9ba7d7605e8831d5b56ad07487d24d1aa386336d1944
2025-04-15T03:35:26.7343262Z #4 resolve docker.io/library/node:22-alpine3.21@sha256:9bef0ef1e268f60627da9ba7d7605e8831d5b56ad07487d24d1aa386336d1944 done
2025-04-15T03:35:26.7344178Z #4 DONE 0.0s
2025-04-15T03:35:26.7344364Z 
2025-04-15T03:35:26.7344595Z #5 importing cache manifest from gha:13623293860510762297
2025-04-15T03:35:27.1671850Z #5 DONE 0.6s
2025-04-15T03:35:27.3200723Z 
2025-04-15T03:35:27.3201374Z #6 [builder 3/4] COPY . .
2025-04-15T03:35:27.3201822Z #6 CACHED
2025-04-15T03:35:27.3202007Z 
2025-04-15T03:35:27.3202263Z #7 [production 5/7] COPY --from=builder /app/web/.next/static ./.next/static
2025-04-15T03:35:27.3202841Z #7 CACHED
2025-04-15T03:35:27.3202982Z 
2025-04-15T03:35:27.3203360Z #8 [production 2/7] WORKDIR /app/web
2025-04-15T03:35:27.3203789Z #8 CACHED
2025-04-15T03:35:27.3203962Z 
2025-04-15T03:35:27.3204089Z #9 [packages 3/4] COPY pnpm-lock.yaml .
2025-04-15T03:35:27.3204461Z #9 CACHED
2025-04-15T03:35:27.3204566Z 
2025-04-15T03:35:27.3205224Z #10 [production 1/7] RUN ln -s /usr/share/zoneinfo/UTC /etc/localtime     && echo UTC > /etc/timezone
2025-04-15T03:35:27.3205666Z #10 CACHED
2025-04-15T03:35:27.3205830Z 
2025-04-15T03:35:27.3206009Z #11 [packages 2/4] COPY package.json .
2025-04-15T03:35:27.3206353Z #11 CACHED
2025-04-15T03:35:27.3206461Z 
2025-04-15T03:35:27.3206662Z #12 [production 6/7] COPY docker/entrypoint.sh ./entrypoint.sh
2025-04-15T03:35:27.3207080Z #12 CACHED
2025-04-15T03:35:27.3207186Z 
2025-04-15T03:35:27.3207310Z #13 [builder 2/4] COPY --from=packages /app/web/ .
2025-04-15T03:35:27.3207589Z #13 CACHED
2025-04-15T03:35:27.3207686Z 
2025-04-15T03:35:27.3207950Z #14 [production 4/7] COPY --from=builder /app/web/.next/standalone ./
2025-04-15T03:35:27.3208277Z #14 CACHED
2025-04-15T03:35:27.3208373Z 
2025-04-15T03:35:27.3208482Z #15 [base 2/3] RUN apk add --no-cache tzdata
2025-04-15T03:35:27.3208733Z #15 CACHED
2025-04-15T03:35:27.3208826Z 
2025-04-15T03:35:27.3208987Z #16 [production 3/7] COPY --from=builder /app/web/public ./public
2025-04-15T03:35:27.3209307Z #16 CACHED
2025-04-15T03:35:27.3209400Z 
2025-04-15T03:35:27.3209686Z #17 [base 3/3] RUN npm install -g pnpm@10.8.0
2025-04-15T03:35:27.3209955Z #17 CACHED
2025-04-15T03:35:27.3210050Z 
2025-04-15T03:35:27.3210187Z #18 [packages 4/4] RUN pnpm install --frozen-lockfile
2025-04-15T03:35:27.3210457Z #18 CACHED
2025-04-15T03:35:27.3210556Z 
2025-04-15T03:35:27.3210655Z #19 [packages 1/4] WORKDIR /app/web
2025-04-15T03:35:27.3210884Z #19 CACHED
2025-04-15T03:35:27.3210983Z 
2025-04-15T03:35:27.3211070Z #20 [builder 4/4] RUN pnpm build
2025-04-15T03:35:27.3211373Z #20 CACHED
2025-04-15T03:35:27.3211506Z 
2025-04-15T03:35:27.3212089Z #21 [production 7/7] RUN pnpm add -g pm2     && mkdir /.pm2     && chown -R 1001:0 /.pm2 /app/web     && chmod -R g=u /.pm2 /app/web
2025-04-15T03:35:27.4229137Z #21 CACHED
2025-04-15T03:35:27.5308991Z 
2025-04-15T03:35:27.5310627Z #22 [auth] langgenius/dify-web:pull,push token for registry-1.docker.io
2025-04-15T03:35:27.6811968Z #22 DONE 0.0s
2025-04-15T03:35:27.6812208Z 
2025-04-15T03:35:27.6812308Z #23 exporting to image
2025-04-15T03:35:27.6812560Z #23 exporting layers done
2025-04-15T03:35:27.6813221Z #23 exporting manifest sha256:d0d3e85f484a578c4bf8f5fb0512e486f3ec1795f3ae8e58ce08a2a7b8f0cfad done
2025-04-15T03:35:27.6813914Z #23 exporting config sha256:d428fa2561141da48ae059617995f51e0a488f4f6961a1164ccfd6a409bb3ef6 done
2025-04-15T03:35:27.6814620Z #23 exporting attestation manifest sha256:9e6a9e84b9686a0f91b61160a9b687c258d9d9597ab9dab9de0e588cf3469fed done
2025-04-15T03:35:27.6815358Z #23 exporting manifest list sha256:08478981dd2f78c20a4fe4f72609a60dbfaff554ea9ade4bcddbb162937fb0ad done
2025-04-15T03:35:27.6815843Z #23 pushing layers
2025-04-15T03:35:28.7079031Z #23 pushing layers 1.3s done
2025-04-15T03:35:28.7079592Z #23 pushing manifest for docker.io/langgenius/dify-web
2025-04-15T03:35:30.3551679Z #23 pushing manifest for docker.io/langgenius/dify-web 1.6s done
2025-04-15T03:35:30.3552329Z #23 DONE 2.9s
2025-04-15T03:35:30.3552541Z 
2025-04-15T03:35:30.3552745Z #24 exporting to GitHub Actions Cache
2025-04-15T03:35:30.3553396Z #24 preparing build cache for export
2025-04-15T03:35:32.9343437Z #24 preparing build cache for export 2.6s done
2025-04-15T03:35:32.9343980Z #24 DONE 2.6s
2025-04-15T03:35:32.9675733Z 
2025-04-15T03:35:32.9676245Z #25 resolving provenance for metadata file
2025-04-15T03:35:32.9676676Z #25 DONE 0.0s
2025-04-15T03:35:32.9742946Z ##[group]ImageID
2025-04-15T03:35:32.9743574Z sha256:08478981dd2f78c20a4fe4f72609a60dbfaff554ea9ade4bcddbb162937fb0ad
2025-04-15T03:35:32.9744887Z ##[endgroup]
2025-04-15T03:35:32.9745250Z ##[group]Digest
2025-04-15T03:35:32.9745628Z sha256:08478981dd2f78c20a4fe4f72609a60dbfaff554ea9ade4bcddbb162937fb0ad
2025-04-15T03:35:32.9746557Z ##[endgroup]
2025-04-15T03:35:32.9747158Z ##[group]Metadata
2025-04-15T03:35:32.9747529Z {
2025-04-15T03:35:32.9747813Z   "buildx.build.provenance": {
2025-04-15T03:35:32.9748211Z     "builder": {
2025-04-15T03:35:32.9748792Z       "id": "https://github.com/langgenius/dify/actions/runs/14460687434/attempts/1"
2025-04-15T03:35:32.9749838Z     },
2025-04-15T03:35:32.9750273Z     "buildType": "https://mobyproject.org/buildkit@v1",
2025-04-15T03:35:32.9750815Z     "materials": [
2025-04-15T03:35:32.9751139Z       {
2025-04-15T03:35:32.9751586Z         "uri": "pkg:docker/node@22-alpine3.21?platform=linux%2Famd64",
2025-04-15T03:35:32.9752151Z         "digest": {
2025-04-15T03:35:32.9752728Z           "sha256": "9bef0ef1e268f60627da9ba7d7605e8831d5b56ad07487d24d1aa386336d1944"
2025-04-15T03:35:32.9754162Z         }
2025-04-15T03:35:32.9754461Z       },
2025-04-15T03:35:32.9754743Z       {
2025-04-15T03:35:32.9755325Z         "uri": "https://github.com/langgenius/dify.git#dfc123819e5841313928986a4b1a236b1f41523b",
2025-04-15T03:35:32.9756011Z         "digest": {
2025-04-15T03:35:32.9756374Z           "sha1": "dfc123819e5841313928986a4b1a236b1f41523b"
2025-04-15T03:35:32.9756812Z         }
2025-04-15T03:35:32.9757080Z       }
2025-04-15T03:35:32.9757366Z     ],
2025-04-15T03:35:32.9757684Z     "invocation": {
2025-04-15T03:35:32.9758038Z       "configSource": {},
2025-04-15T03:35:32.9758673Z       "parameters": {
2025-04-15T03:35:32.9759088Z         "frontend": "dockerfile.v0",
2025-04-15T03:35:32.9759496Z         "args": {
2025-04-15T03:35:32.9759951Z           "build-arg:COMMIT_SHA": "dfc123819e5841313928986a4b1a236b1f41523b",
2025-04-15T03:35:32.9760628Z           "label:org.opencontainers.image.created": "2025-04-15T03:35:17.753Z",
2025-04-15T03:35:32.9762480Z           "label:org.opencontainers.image.description": "Dify is an open-source LLM app development platform. Dify's intuitive interface combines AI workflow, RAG pipeline, agent capabilities, model management, observability features and more, letting you quickly go from prototype to production.",
2025-04-15T03:35:32.9764608Z           "label:org.opencontainers.image.licenses": "NOASSERTION",
2025-04-15T03:35:32.9765396Z           "label:org.opencontainers.image.revision": "dfc123819e5841313928986a4b1a236b1f41523b",
2025-04-15T03:35:32.9766332Z           "label:org.opencontainers.image.source": "https://github.com/langgenius/dify",
2025-04-15T03:35:32.9767065Z           "label:org.opencontainers.image.title": "dify",
2025-04-15T03:35:32.9767761Z           "label:org.opencontainers.image.url": "https://github.com/langgenius/dify",
2025-04-15T03:35:32.9768475Z           "label:org.opencontainers.image.version": "main"
2025-04-15T03:35:32.9768942Z         },
2025-04-15T03:35:32.9769221Z         "secrets": [
2025-04-15T03:35:32.9769525Z           {
2025-04-15T03:35:32.9769817Z             "id": "GIT_AUTH_HEADER",
2025-04-15T03:35:32.9770212Z             "optional": true
2025-04-15T03:35:32.9770552Z           },
2025-04-15T03:35:32.9770812Z           {
2025-04-15T03:35:32.9771099Z             "id": "GIT_AUTH_TOKEN",
2025-04-15T03:35:32.9771501Z             "optional": true
2025-04-15T03:35:32.9771829Z           }
2025-04-15T03:35:32.9772090Z         ]
2025-04-15T03:35:32.9772348Z       },
2025-04-15T03:35:32.9772619Z       "environment": {
2025-04-15T03:35:32.9772956Z         "platform": "linux/amd64"
2025-04-15T03:35:32.9773606Z       }
2025-04-15T03:35:32.9773855Z     }
2025-04-15T03:35:32.9774101Z   },
2025-04-15T03:35:32.9774984Z   "buildx.build.ref": "builder-68ed9162-4043-4feb-b9c7-e88abd08d16d/builder-68ed9162-4043-4feb-b9c7-e88abd08d16d0/fh8k9gix20ixpxehnud02jjq4",
2025-04-15T03:35:32.9776016Z   "containerimage.descriptor": {
2025-04-15T03:35:32.9776498Z     "mediaType": "application/vnd.oci.image.index.v1+json",
2025-04-15T03:35:32.9777212Z     "digest": "sha256:08478981dd2f78c20a4fe4f72609a60dbfaff554ea9ade4bcddbb162937fb0ad",
2025-04-15T03:35:32.9777792Z     "size": 856
2025-04-15T03:35:32.9778065Z   },
2025-04-15T03:35:32.9778682Z   "containerimage.digest": "sha256:08478981dd2f78c20a4fe4f72609a60dbfaff554ea9ade4bcddbb162937fb0ad",
2025-04-15T03:35:32.9779454Z   "image.name": "langgenius/dify-web"
2025-04-15T03:35:32.9779833Z }
2025-04-15T03:35:32.9780347Z ##[endgroup]
2025-04-15T03:35:32.9780845Z ##[group]Reference
2025-04-15T03:35:32.9781855Z builder-68ed9162-4043-4feb-b9c7-e88abd08d16d/builder-68ed9162-4043-4feb-b9c7-e88abd08d16d0/fh8k9gix20ixpxehnud02jjq4
2025-04-15T03:35:32.9782930Z ##[endgroup]
2025-04-15T03:35:32.9783623Z ##[group]Check build summary support
2025-04-15T03:35:32.9784244Z Build summary supported!
2025-04-15T03:35:32.9784784Z ##[endgroup]
2025-04-15T03:35:32.9866143Z ##[group]Run mkdir -p /tmp/digests
2025-04-15T03:35:32.9866478Z [36;1mmkdir -p /tmp/digests[0m
2025-04-15T03:35:32.9866746Z [36;1msanitized_digest=${DIGEST#sha256:}[0m
2025-04-15T03:35:32.9867055Z [36;1mtouch "/tmp/digests/${sanitized_digest}"[0m
2025-04-15T03:35:32.9913382Z shell: /usr/bin/bash -e {0}
2025-04-15T03:35:32.9913612Z env:
2025-04-15T03:35:32.9913880Z   DOCKERHUB_USER: ***
2025-04-15T03:35:32.9914164Z   DOCKERHUB_TOKEN: ***
2025-04-15T03:35:32.9914398Z   DIFY_WEB_IMAGE_NAME: langgenius/dify-web
2025-04-15T03:35:32.9914678Z   DIFY_API_IMAGE_NAME: langgenius/dify-api
2025-04-15T03:35:32.9914941Z   PLATFORM_PAIR: linux-amd64
2025-04-15T03:35:32.9915193Z   DOCKER_METADATA_OUTPUT_VERSION: main
2025-04-15T03:35:32.9915485Z   DOCKER_METADATA_OUTPUT_TAGS: langgenius/dify-web:main
2025-04-15T03:35:32.9917944Z   DOCKER_METADATA_OUTPUT_LABELS: org.opencontainers.image.created=2025-04-15T03:35:17.753Z
org.opencontainers.image.description=Dify is an open-source LLM app development platform. Dify's intuitive interface combines AI workflow, RAG pipeline, agent capabilities, model management, observability features and more, letting you quickly go from prototype to production.
org.opencontainers.image.licenses=NOASSERTION
org.opencontainers.image.revision=dfc123819e5841313928986a4b1a236b1f41523b
org.opencontainers.image.source=https://github.com/langgenius/dify
org.opencontainers.image.title=dify
org.opencontainers.image.url=https://github.com/langgenius/dify
org.opencontainers.image.version=main
2025-04-15T03:35:32.9922616Z   DOCKER_METADATA_OUTPUT_ANNOTATIONS: manifest:org.opencontainers.image.created=2025-04-15T03:35:17.753Z
manifest:org.opencontainers.image.description=Dify is an open-source LLM app development platform. Dify's intuitive interface combines AI workflow, RAG pipeline, agent capabilities, model management, observability features and more, letting you quickly go from prototype to production.
manifest:org.opencontainers.image.licenses=NOASSERTION
manifest:org.opencontainers.image.revision=dfc123819e5841313928986a4b1a236b1f41523b
manifest:org.opencontainers.image.source=https://github.com/langgenius/dify
manifest:org.opencontainers.image.title=dify
manifest:org.opencontainers.image.url=https://github.com/langgenius/dify
manifest:org.opencontainers.image.version=main
2025-04-15T03:35:32.9930031Z   DOCKER_METADATA_OUTPUT_JSON: {"tags":["langgenius/dify-web:main"],"labels":{"org.opencontainers.image.created":"2025-04-15T03:35:17.753Z","org.opencontainers.image.description":"Dify is an open-source LLM app development platform. Dify's intuitive interface combines AI workflow, RAG pipeline, agent capabilities, model management, observability features and more, letting you quickly go from prototype to production.","org.opencontainers.image.licenses":"NOASSERTION","org.opencontainers.image.revision":"dfc123819e5841313928986a4b1a236b1f41523b","org.opencontainers.image.source":"https://github.com/langgenius/dify","org.opencontainers.image.title":"dify","org.opencontainers.image.url":"https://github.com/langgenius/dify","org.opencontainers.image.version":"main"},"annotations":["manifest:org.opencontainers.image.created=2025-04-15T03:35:17.753Z","manifest:org.opencontainers.image.description=Dify is an open-source LLM app development platform. Dify's intuitive interface combines AI workflow, RAG pipeline, agent capabilities, model management, observability features and more, letting you quickly go from prototype to production.","manifest:org.opencontainers.image.licenses=NOASSERTION","manifest:org.opencontainers.image.revision=dfc123819e5841313928986a4b1a236b1f41523b","manifest:org.opencontainers.image.source=https://github.com/langgenius/dify","manifest:org.opencontainers.image.title=dify","manifest:org.opencontainers.image.url=https://github.com/langgenius/dify","manifest:org.opencontainers.image.version=main"]}
2025-04-15T03:35:32.9935722Z   DOCKER_METADATA_OUTPUT_BAKE_FILE_TAGS: /home/runner/work/_temp/docker-actions-toolkit-5mAIZw/docker-metadata-action-bake-tags.json
2025-04-15T03:35:32.9936736Z   DOCKER_METADATA_OUTPUT_BAKE_FILE_LABELS: /home/runner/work/_temp/docker-actions-toolkit-5mAIZw/docker-metadata-action-bake-labels.json
2025-04-15T03:35:32.9937642Z   DOCKER_METADATA_OUTPUT_BAKE_FILE_ANNOTATIONS: /home/runner/work/_temp/docker-actions-toolkit-5mAIZw/docker-metadata-action-bake-annotations.json
2025-04-15T03:35:32.9938487Z   DOCKER_METADATA_OUTPUT_BAKE_FILE: /home/runner/work/_temp/docker-actions-toolkit-5mAIZw/docker-metadata-action-bake.json
2025-04-15T03:35:32.9939121Z   DIGEST: sha256:08478981dd2f78c20a4fe4f72609a60dbfaff554ea9ade4bcddbb162937fb0ad
2025-04-15T03:35:32.9939489Z ##[endgroup]
2025-04-15T03:35:33.0069212Z ##[group]Run actions/upload-artifact@v4
2025-04-15T03:35:33.0069509Z with:
2025-04-15T03:35:33.0069707Z   name: digests-web-linux-amd64
2025-04-15T03:35:33.0069950Z   path: /tmp/digests/*
2025-04-15T03:35:33.0070170Z   if-no-files-found: error
2025-04-15T03:35:33.0070389Z   retention-days: 1
2025-04-15T03:35:33.0070586Z   compression-level: 6
2025-04-15T03:35:33.0070790Z   overwrite: false
2025-04-15T03:35:33.0070992Z   include-hidden-files: false
2025-04-15T03:35:33.0071212Z env:
2025-04-15T03:35:33.0071436Z   DOCKERHUB_USER: ***
2025-04-15T03:35:33.0071702Z   DOCKERHUB_TOKEN: ***
2025-04-15T03:35:33.0071935Z   DIFY_WEB_IMAGE_NAME: langgenius/dify-web
2025-04-15T03:35:33.0072215Z   DIFY_API_IMAGE_NAME: langgenius/dify-api
2025-04-15T03:35:33.0072475Z   PLATFORM_PAIR: linux-amd64
2025-04-15T03:35:33.0072721Z   DOCKER_METADATA_OUTPUT_VERSION: main
2025-04-15T03:35:33.0073213Z   DOCKER_METADATA_OUTPUT_TAGS: langgenius/dify-web:main
2025-04-15T03:35:33.0075760Z   DOCKER_METADATA_OUTPUT_LABELS: org.opencontainers.image.created=2025-04-15T03:35:17.753Z
org.opencontainers.image.description=Dify is an open-source LLM app development platform. Dify's intuitive interface combines AI workflow, RAG pipeline, agent capabilities, model management, observability features and more, letting you quickly go from prototype to production.
org.opencontainers.image.licenses=NOASSERTION
org.opencontainers.image.revision=dfc123819e5841313928986a4b1a236b1f41523b
org.opencontainers.image.source=https://github.com/langgenius/dify
org.opencontainers.image.title=dify
org.opencontainers.image.url=https://github.com/langgenius/dify
org.opencontainers.image.version=main
2025-04-15T03:35:33.0080552Z   DOCKER_METADATA_OUTPUT_ANNOTATIONS: manifest:org.opencontainers.image.created=2025-04-15T03:35:17.753Z
manifest:org.opencontainers.image.description=Dify is an open-source LLM app development platform. Dify's intuitive interface combines AI workflow, RAG pipeline, agent capabilities, model management, observability features and more, letting you quickly go from prototype to production.
manifest:org.opencontainers.image.licenses=NOASSERTION
manifest:org.opencontainers.image.revision=dfc123819e5841313928986a4b1a236b1f41523b
manifest:org.opencontainers.image.source=https://github.com/langgenius/dify
manifest:org.opencontainers.image.title=dify
manifest:org.opencontainers.image.url=https://github.com/langgenius/dify
manifest:org.opencontainers.image.version=main
2025-04-15T03:35:33.0087871Z   DOCKER_METADATA_OUTPUT_JSON: {"tags":["langgenius/dify-web:main"],"labels":{"org.opencontainers.image.created":"2025-04-15T03:35:17.753Z","org.opencontainers.image.description":"Dify is an open-source LLM app development platform. Dify's intuitive interface combines AI workflow, RAG pipeline, agent capabilities, model management, observability features and more, letting you quickly go from prototype to production.","org.opencontainers.image.licenses":"NOASSERTION","org.opencontainers.image.revision":"dfc123819e5841313928986a4b1a236b1f41523b","org.opencontainers.image.source":"https://github.com/langgenius/dify","org.opencontainers.image.title":"dify","org.opencontainers.image.url":"https://github.com/langgenius/dify","org.opencontainers.image.version":"main"},"annotations":["manifest:org.opencontainers.image.created=2025-04-15T03:35:17.753Z","manifest:org.opencontainers.image.description=Dify is an open-source LLM app development platform. Dify's intuitive interface combines AI workflow, RAG pipeline, agent capabilities, model management, observability features and more, letting you quickly go from prototype to production.","manifest:org.opencontainers.image.licenses=NOASSERTION","manifest:org.opencontainers.image.revision=dfc123819e5841313928986a4b1a236b1f41523b","manifest:org.opencontainers.image.source=https://github.com/langgenius/dify","manifest:org.opencontainers.image.title=dify","manifest:org.opencontainers.image.url=https://github.com/langgenius/dify","manifest:org.opencontainers.image.version=main"]}
2025-04-15T03:35:33.0093682Z   DOCKER_METADATA_OUTPUT_BAKE_FILE_TAGS: /home/runner/work/_temp/docker-actions-toolkit-5mAIZw/docker-metadata-action-bake-tags.json
2025-04-15T03:35:33.0094553Z   DOCKER_METADATA_OUTPUT_BAKE_FILE_LABELS: /home/runner/work/_temp/docker-actions-toolkit-5mAIZw/docker-metadata-action-bake-labels.json
2025-04-15T03:35:33.0095452Z   DOCKER_METADATA_OUTPUT_BAKE_FILE_ANNOTATIONS: /home/runner/work/_temp/docker-actions-toolkit-5mAIZw/docker-metadata-action-bake-annotations.json
2025-04-15T03:35:33.0096301Z   DOCKER_METADATA_OUTPUT_BAKE_FILE: /home/runner/work/_temp/docker-actions-toolkit-5mAIZw/docker-metadata-action-bake.json
2025-04-15T03:35:33.0096801Z ##[endgroup]
2025-04-15T03:35:33.2230211Z With the provided path, there will be 1 file uploaded
2025-04-15T03:35:33.2235475Z Artifact name is valid!
2025-04-15T03:35:33.2237195Z Root directory input is valid!
2025-04-15T03:35:33.4921537Z Beginning upload of artifact content to blob storage
2025-04-15T03:35:33.8187472Z Uploaded bytes 244
2025-04-15T03:35:33.9066904Z Finished uploading artifact content to blob storage!
2025-04-15T03:35:33.9069604Z SHA256 digest of uploaded artifact zip is a7334a60f87ecfe13e0be0fe404c85b5d42450bdabf64546ad638d1c68cc3728
2025-04-15T03:35:33.9071321Z Finalizing artifact upload
2025-04-15T03:35:34.0449391Z Artifact digests-web-linux-amd64.zip successfully finalized. Artifact ID 2944874442
2025-04-15T03:35:34.0450553Z Artifact digests-web-linux-amd64 has been successfully uploaded! Final size is 244 bytes. Artifact ID is 2944874442
2025-04-15T03:35:34.0457082Z Artifact download URL: https://github.com/langgenius/dify/actions/runs/14460687434/artifacts/2944874442
2025-04-15T03:35:34.0584410Z Post job cleanup.
2025-04-15T03:35:34.2914945Z ##[group]Generating build summary
2025-04-15T03:35:34.3710483Z exporting build record to /home/runner/work/_temp/docker-actions-toolkit-k3IfKf/export
2025-04-15T03:35:37.3776473Z [command]/usr/bin/mkfifo /home/runner/work/_temp/docker-actions-toolkit-k3IfKf/buildx-in-k0snt6.fifo
2025-04-15T03:35:37.3833224Z [command]/usr/bin/mkfifo /home/runner/work/_temp/docker-actions-toolkit-k3IfKf/buildx-out-wcANma.fifo
2025-04-15T03:35:37.3874898Z [command]docker buildx --builder builder-68ed9162-4043-4feb-b9c7-e88abd08d16d dial-stdio
2025-04-15T03:35:37.3907257Z [command]docker run --rm -i -v /home/runner/.docker/buildx/refs:/buildx-refs -v /home/runner/work/_temp/docker-actions-toolkit-k3IfKf/export:/out docker.io/dockereng/export-build:latest --ref-state-dir=/buildx-refs --node=builder-68ed9162-4043-4feb-b9c7-e88abd08d16d/builder-68ed9162-4043-4feb-b9c7-e88abd08d16d0 --ref=fh8k9gix20ixpxehnud02jjq4 --uid=1001 --gid=118
2025-04-15T03:35:37.4048571Z Unable to find image 'dockereng/export-build:latest' locally
2025-04-15T03:35:38.4089702Z latest: Pulling from dockereng/export-build
2025-04-15T03:35:38.6721698Z 5f398fcfd265: Pulling fs layer
2025-04-15T03:35:38.6722205Z 152e015ae384: Pulling fs layer
2025-04-15T03:35:38.9346781Z 152e015ae384: Download complete
2025-04-15T03:35:39.1518355Z 5f398fcfd265: Verifying Checksum
2025-04-15T03:35:39.1518741Z 5f398fcfd265: Download complete
2025-04-15T03:35:39.2500398Z 5f398fcfd265: Pull complete
2025-04-15T03:35:39.3784301Z 152e015ae384: Pull complete
2025-04-15T03:35:39.3820263Z Digest: sha256:8a8d92fc2d7cc8a8855400970bb971436fc117bd39366595f55f7e1283a1e961
2025-04-15T03:35:39.3832036Z Status: Downloaded newer image for dockereng/export-build:latest
2025-04-15T03:35:39.9482321Z Process "docker run" exited with code 0
2025-04-15T03:35:39.9487816Z Parsing /home/runner/work/_temp/docker-actions-toolkit-k3IfKf/export/summary.json
2025-04-15T03:35:39.9491351Z Build record written to /home/runner/work/_temp/docker-actions-toolkit-k3IfKf/export/langgenius~dify~FH8K9G.dockerbuild (45.99 KB)
2025-04-15T03:35:39.9507404Z Uploading langgenius~dify~FH8K9G.dockerbuild to blob storage
2025-04-15T03:35:39.9827061Z ERROR: read unix @->/run/docker.sock: use of closed network connection
2025-04-15T03:35:39.9828200Z Process "buildx dial-stdio" was killed with signal SIGKILL
2025-04-15T03:35:40.2149103Z Beginning upload of artifact content to blob storage
2025-04-15T03:35:40.2237067Z Uploaded bytes 47089
2025-04-15T03:35:40.6463297Z Finished uploading artifact content to blob storage!
2025-04-15T03:35:40.6467995Z SHA256 hash of uploaded artifact is f7a0725879576e1af1a4648784dc5b156c9ecfd465da493cfd70da7d06849c2c
2025-04-15T03:35:40.6469159Z Finalizing artifact upload
2025-04-15T03:35:40.9274739Z Artifact successfully finalized (2944874823)
2025-04-15T03:35:40.9276112Z Artifact download URL: https://github.com/langgenius/dify/actions/runs/14460687434/artifacts/2944874823
2025-04-15T03:35:40.9302186Z Writing summary
2025-04-15T03:35:40.9314611Z ##[endgroup]
2025-04-15T03:35:40.9315503Z ##[group]Removing temp folder /home/runner/work/_temp/docker-actions-toolkit-MzxoXc
2025-04-15T03:35:40.9324845Z ##[endgroup]
2025-04-15T03:35:40.9325468Z ##[group]Post cache
2025-04-15T03:35:40.9326760Z State not set
2025-04-15T03:35:40.9327384Z ##[endgroup]
2025-04-15T03:35:40.9463624Z Post job cleanup.
2025-04-15T03:35:41.1837971Z ##[group]Removing builder
2025-04-15T03:35:41.2719828Z [command]/usr/bin/docker buildx rm builder-68ed9162-4043-4feb-b9c7-e88abd08d16d
2025-04-15T03:35:41.5524779Z builder-68ed9162-4043-4feb-b9c7-e88abd08d16d removed
2025-04-15T03:35:41.5557808Z ##[endgroup]
2025-04-15T03:35:41.5559092Z ##[group]Cleaning up certificates
2025-04-15T03:35:41.5565180Z ##[endgroup]
2025-04-15T03:35:41.5565748Z ##[group]Post cache
2025-04-15T03:35:41.5567737Z State not set
2025-04-15T03:35:41.5568563Z ##[endgroup]
2025-04-15T03:35:41.5670176Z Post job cleanup.
2025-04-15T03:35:41.7954030Z ##[group]Post cache
2025-04-15T03:35:41.7958079Z Caching docker.io--tonistiigi--binfmt-latest-linux-x64 to GitHub Actions cache
2025-04-15T03:35:41.8154346Z [command]/usr/bin/tar --posix -cf cache.tzst --exclude cache.tzst -P -C /home/runner/work/dify/dify --files-from manifest.txt --use-compress-program zstdmt
2025-04-15T03:35:42.3590153Z Failed to save: Unable to reserve cache with key docker.io--tonistiigi--binfmt-latest-linux-x64, another job may be creating this cache.
2025-04-15T03:35:42.3665385Z ##[endgroup]
2025-04-15T03:35:42.3771772Z Post job cleanup.
2025-04-15T03:35:42.6623529Z [command]/usr/bin/docker logout 
2025-04-15T03:35:42.6747830Z Removing login credentials for https://index.docker.io/v1/
2025-04-15T03:35:42.6779911Z ##[group]Post cache
2025-04-15T03:35:42.6781509Z State not set
2025-04-15T03:35:42.6783287Z ##[endgroup]
2025-04-15T03:35:42.6911137Z Cleaning up orphan processes
