2025-03-28T22:32:36.2210799Z Requested labels: ubuntu-latest
2025-03-28T22:32:36.2211141Z Job defined at: microsoft/markitdown/.github/workflows/tests.yml@refs/pull/1160/merge
2025-03-28T22:32:36.2211252Z Waiting for a runner to pick up this job...
2025-03-28T22:32:39.3456546Z Job is waiting for a hosted runner to come online.
2025-03-28T22:32:42.5346937Z Job is about to start running on the hosted runner: GitHub Actions 781 (hosted)
2025-03-28T22:32:44.5206372Z Current runner version: '2.323.0'
2025-03-28T22:32:44.5229229Z ##[group]Operating System
2025-03-28T22:32:44.5229983Z Ubuntu
2025-03-28T22:32:44.5230452Z 24.04.2
2025-03-28T22:32:44.5231034Z LTS
2025-03-28T22:32:44.5231462Z ##[endgroup]
2025-03-28T22:32:44.5232143Z ##[group]Runner Image
2025-03-28T22:32:44.5232780Z Image: ubuntu-24.04
2025-03-28T22:32:44.5233302Z Version: 20250316.1.0
2025-03-28T22:32:44.5234376Z Included Software: https://github.com/actions/runner-images/blob/ubuntu24/20250316.1/images/ubuntu/Ubuntu2404-Readme.md
2025-03-28T22:32:44.5235745Z Image Release: https://github.com/actions/runner-images/releases/tag/ubuntu24%2F20250316.1
2025-03-28T22:32:44.5236607Z ##[endgroup]
2025-03-28T22:32:44.5237181Z ##[group]Runner Image Provisioner
2025-03-28T22:32:44.5237789Z 2.0.422.1
2025-03-28T22:32:44.5238281Z ##[endgroup]
2025-03-28T22:32:44.5239368Z ##[group]GITHUB_TOKEN Permissions
2025-03-28T22:32:44.5241241Z Contents: read
2025-03-28T22:32:44.5242092Z Metadata: read
2025-03-28T22:32:44.5242833Z Packages: read
2025-03-28T22:32:44.5243455Z ##[endgroup]
2025-03-28T22:32:44.5246409Z Secret source: None
2025-03-28T22:32:44.5247291Z Prepare workflow directory
2025-03-28T22:32:44.5549204Z Prepare all required actions
2025-03-28T22:32:44.5584992Z Getting action download info
2025-03-28T22:32:44.7583907Z ##[group]Download immutable action package 'actions/checkout@v4'
2025-03-28T22:32:44.7584772Z Version: 4.2.2
2025-03-28T22:32:44.7585577Z Digest: sha256:ccb2698953eaebd21c7bf6268a94f9c26518a7e38e27e0b83c1fe1ad049819b1
2025-03-28T22:32:44.7586595Z Source commit SHA: 11bd71901bbe5b1630ceea73d27597364c9af683
2025-03-28T22:32:44.7587211Z ##[endgroup]
2025-03-28T22:32:44.8419325Z ##[group]Download immutable action package 'actions/setup-python@v5'
2025-03-28T22:32:44.8420012Z Version: 5.5.0
2025-03-28T22:32:44.8420642Z Digest: sha256:1fac95d751afd58314aebd2ab01d4bf3b3109a441917bd2cac2a22898ec494f7
2025-03-28T22:32:44.8421475Z Source commit SHA: 8d9ed9ac5c53483de85588cdf95a591a75ab9f55
2025-03-28T22:32:44.8422345Z ##[endgroup]
2025-03-28T22:32:45.2416214Z Complete job name: tests
2025-03-28T22:32:45.3095265Z ##[group]Run actions/checkout@v4
2025-03-28T22:32:45.3096120Z with:
2025-03-28T22:32:45.3096588Z   repository: microsoft/markitdown
2025-03-28T22:32:45.3097284Z   token: ***
2025-03-28T22:32:45.3097694Z   ssh-strict: true
2025-03-28T22:32:45.3098091Z   ssh-user: git
2025-03-28T22:32:45.3098500Z   persist-credentials: true
2025-03-28T22:32:45.3098949Z   clean: true
2025-03-28T22:32:45.3099357Z   sparse-checkout-cone-mode: true
2025-03-28T22:32:45.3099837Z   fetch-depth: 1
2025-03-28T22:32:45.3100229Z   fetch-tags: false
2025-03-28T22:32:45.3100636Z   show-progress: true
2025-03-28T22:32:45.3101048Z   lfs: false
2025-03-28T22:32:45.3101421Z   submodules: false
2025-03-28T22:32:45.3101991Z   set-safe-directory: true
2025-03-28T22:32:45.3102687Z ##[endgroup]
2025-03-28T22:32:45.4789970Z Syncing repository: microsoft/markitdown
2025-03-28T22:32:45.4792148Z ##[group]Getting Git version info
2025-03-28T22:32:45.4792894Z Working directory is '/home/runner/work/markitdown/markitdown'
2025-03-28T22:32:45.4793932Z [command]/usr/bin/git version
2025-03-28T22:32:45.4853291Z git version 2.48.1
2025-03-28T22:32:45.4880297Z ##[endgroup]
2025-03-28T22:32:45.4893315Z Temporarily overriding HOME='/home/runner/work/_temp/27d5936f-662d-4511-a0ed-6fb26021820a' before making global git config changes
2025-03-28T22:32:45.4895523Z Adding repository directory to the temporary git global config as a safe directory
2025-03-28T22:32:45.4898424Z [command]/usr/bin/git config --global --add safe.directory /home/runner/work/markitdown/markitdown
2025-03-28T22:32:45.4931588Z Deleting the contents of '/home/runner/work/markitdown/markitdown'
2025-03-28T22:32:45.4936008Z ##[group]Initializing the repository
2025-03-28T22:32:45.4939827Z [command]/usr/bin/git init /home/runner/work/markitdown/markitdown
2025-03-28T22:32:45.5005489Z hint: Using 'master' as the name for the initial branch. This default branch name
2025-03-28T22:32:45.5007170Z hint: is subject to change. To configure the initial branch name to use in all
2025-03-28T22:32:45.5009171Z hint: of your new repositories, which will suppress this warning, call:
2025-03-28T22:32:45.5010507Z hint:
2025-03-28T22:32:45.5011380Z hint: 	git config --global init.defaultBranch <name>
2025-03-28T22:32:45.5012961Z hint:
2025-03-28T22:32:45.5014009Z hint: Names commonly chosen instead of 'master' are 'main', 'trunk' and
2025-03-28T22:32:45.5015619Z hint: 'development'. The just-created branch can be renamed via this command:
2025-03-28T22:32:45.5016924Z hint:
2025-03-28T22:32:45.5017763Z hint: 	git branch -m <name>
2025-03-28T22:32:45.5019105Z Initialized empty Git repository in /home/runner/work/markitdown/markitdown/.git/
2025-03-28T22:32:45.5023082Z [command]/usr/bin/git remote add origin https://github.com/microsoft/markitdown
2025-03-28T22:32:45.5057183Z ##[endgroup]
2025-03-28T22:32:45.5057892Z ##[group]Disabling automatic garbage collection
2025-03-28T22:32:45.5060976Z [command]/usr/bin/git config --local gc.auto 0
2025-03-28T22:32:45.5088737Z ##[endgroup]
2025-03-28T22:32:45.5089432Z ##[group]Setting up auth
2025-03-28T22:32:45.5095371Z [command]/usr/bin/git config --local --name-only --get-regexp core\.sshCommand
2025-03-28T22:32:45.5124236Z [command]/usr/bin/git submodule foreach --recursive sh -c "git config --local --name-only --get-regexp 'core\.sshCommand' && git config --local --unset-all 'core.sshCommand' || :"
2025-03-28T22:32:45.5425555Z [command]/usr/bin/git config --local --name-only --get-regexp http\.https\:\/\/github\.com\/\.extraheader
2025-03-28T22:32:45.5460039Z [command]/usr/bin/git submodule foreach --recursive sh -c "git config --local --name-only --get-regexp 'http\.https\:\/\/github\.com\/\.extraheader' && git config --local --unset-all 'http.https://github.com/.extraheader' || :"
2025-03-28T22:32:45.5711126Z [command]/usr/bin/git config --local http.https://github.com/.extraheader AUTHORIZATION: basic ***
2025-03-28T22:32:45.5755755Z ##[endgroup]
2025-03-28T22:32:45.5757112Z ##[group]Fetching the repository
2025-03-28T22:32:45.5765579Z [command]/usr/bin/git -c protocol.version=2 fetch --no-tags --prune --no-recurse-submodules --depth=1 origin +8506bb9cd9a9dfc69823c2fe8cd9106161792d1b:refs/remotes/pull/1160/merge
2025-03-28T22:32:46.3121072Z From https://github.com/microsoft/markitdown
2025-03-28T22:32:46.3123340Z  * [new ref]         8506bb9cd9a9dfc69823c2fe8cd9106161792d1b -> pull/1160/merge
2025-03-28T22:32:46.3149041Z ##[endgroup]
2025-03-28T22:32:46.3150414Z ##[group]Determining the checkout info
2025-03-28T22:32:46.3152189Z ##[endgroup]
2025-03-28T22:32:46.3157320Z [command]/usr/bin/git sparse-checkout disable
2025-03-28T22:32:46.3196397Z [command]/usr/bin/git config --local --unset-all extensions.worktreeConfig
2025-03-28T22:32:46.3226290Z ##[group]Checking out the ref
2025-03-28T22:32:46.3230428Z [command]/usr/bin/git checkout --progress --force refs/remotes/pull/1160/merge
2025-03-28T22:32:46.3476874Z Note: switching to 'refs/remotes/pull/1160/merge'.
2025-03-28T22:32:46.3477631Z 
2025-03-28T22:32:46.3478191Z You are in 'detached HEAD' state. You can look around, make experimental
2025-03-28T22:32:46.3479362Z changes and commit them, and you can discard any commits you make in this
2025-03-28T22:32:46.3480514Z state without impacting any branches by switching back to a branch.
2025-03-28T22:32:46.3481296Z 
2025-03-28T22:32:46.3482134Z If you want to create a new branch to retain commits you create, you may
2025-03-28T22:32:46.3483457Z do so (now or later) by using -c with the switch command. Example:
2025-03-28T22:32:46.3484341Z 
2025-03-28T22:32:46.3484798Z   git switch -c <new-branch-name>
2025-03-28T22:32:46.3485397Z 
2025-03-28T22:32:46.3485676Z Or undo this operation with:
2025-03-28T22:32:46.3486155Z 
2025-03-28T22:32:46.3486404Z   git switch -
2025-03-28T22:32:46.3486690Z 
2025-03-28T22:32:46.3487179Z Turn off this advice by setting config variable advice.detachedHead to false
2025-03-28T22:32:46.3487908Z 
2025-03-28T22:32:46.3488803Z HEAD is now at 8506bb9 Merge 344f34c0430d96def4f9629bcd0d154b74f51ccd into 9e067c42b647eaf14e842e70e47540b36c0c4a08
2025-03-28T22:32:46.3491458Z ##[endgroup]
2025-03-28T22:32:46.3519347Z [command]/usr/bin/git log -1 --format=%H
2025-03-28T22:32:46.3541616Z 8506bb9cd9a9dfc69823c2fe8cd9106161792d1b
2025-03-28T22:32:46.3887129Z ##[group]Run actions/setup-python@v5
2025-03-28T22:32:46.3888141Z with:
2025-03-28T22:32:46.3888814Z   python-version: 3.10
3.11
3.12

2025-03-28T22:32:46.3889705Z   check-latest: false
2025-03-28T22:32:46.3890726Z   token: ***
2025-03-28T22:32:46.3891495Z   update-environment: true
2025-03-28T22:32:46.3892606Z   allow-prereleases: false
2025-03-28T22:32:46.3893421Z   freethreaded: false
2025-03-28T22:32:46.3894107Z ##[endgroup]
2025-03-28T22:32:46.5514385Z ##[group]Installed versions
2025-03-28T22:32:46.5573530Z Successfully set up CPython (3.10.16)
2025-03-28T22:32:46.5590008Z Successfully set up CPython (3.11.11)
2025-03-28T22:32:46.5606721Z Successfully set up CPython (3.12.9)
2025-03-28T22:32:46.5608897Z ##[endgroup]
2025-03-28T22:32:46.5748608Z ##[group]Run pipx install hatch
2025-03-28T22:32:46.5749915Z [36;1mpipx install hatch[0m
2025-03-28T22:32:46.5806219Z shell: /usr/bin/bash -e {0}
2025-03-28T22:32:46.5807344Z env:
2025-03-28T22:32:46.5808504Z   pythonLocation: /opt/hostedtoolcache/Python/3.12.9/x64
2025-03-28T22:32:46.5810474Z   PKG_CONFIG_PATH: /opt/hostedtoolcache/Python/3.12.9/x64/lib/pkgconfig
2025-03-28T22:32:46.5812713Z   Python_ROOT_DIR: /opt/hostedtoolcache/Python/3.12.9/x64
2025-03-28T22:32:46.5814450Z   Python2_ROOT_DIR: /opt/hostedtoolcache/Python/3.12.9/x64
2025-03-28T22:32:46.5816211Z   Python3_ROOT_DIR: /opt/hostedtoolcache/Python/3.12.9/x64
2025-03-28T22:32:46.5819469Z   LD_LIBRARY_PATH: /opt/hostedtoolcache/Python/3.12.9/x64/lib:/opt/hostedtoolcache/Python/3.11.11/x64/lib:/opt/hostedtoolcache/Python/3.10.16/x64/lib
2025-03-28T22:32:46.5822618Z ##[endgroup]
2025-03-28T22:32:47.0652362Z creating virtual environment...
2025-03-28T22:32:47.2639965Z installing hatch...
2025-03-28T22:32:55.1677713Z done! ✨ 🌟 ✨
2025-03-28T22:32:55.1678524Z   installed package hatch 1.14.0, installed using Python 3.12.3
2025-03-28T22:32:55.1679409Z   These apps are now globally available
2025-03-28T22:32:55.1681350Z     - hatch
2025-03-28T22:32:55.1882526Z ##[group]Run cd packages/markitdown; hatch test
2025-03-28T22:32:55.1882946Z [36;1mcd packages/markitdown; hatch test[0m
2025-03-28T22:32:55.1933898Z shell: /usr/bin/bash -e {0}
2025-03-28T22:32:55.1934150Z env:
2025-03-28T22:32:55.1934399Z   pythonLocation: /opt/hostedtoolcache/Python/3.12.9/x64
2025-03-28T22:32:55.1934816Z   PKG_CONFIG_PATH: /opt/hostedtoolcache/Python/3.12.9/x64/lib/pkgconfig
2025-03-28T22:32:55.1935223Z   Python_ROOT_DIR: /opt/hostedtoolcache/Python/3.12.9/x64
2025-03-28T22:32:55.1935582Z   Python2_ROOT_DIR: /opt/hostedtoolcache/Python/3.12.9/x64
2025-03-28T22:32:55.1935931Z   Python3_ROOT_DIR: /opt/hostedtoolcache/Python/3.12.9/x64
2025-03-28T22:32:55.1936553Z   LD_LIBRARY_PATH: /opt/hostedtoolcache/Python/3.12.9/x64/lib:/opt/hostedtoolcache/Python/3.11.11/x64/lib:/opt/hostedtoolcache/Python/3.10.16/x64/lib
2025-03-28T22:32:55.1937129Z ##[endgroup]
2025-03-28T22:32:55.4188252Z Creating environment: hatch-test.py3.12
2025-03-28T22:32:55.4683917Z Installing project in development mode
2025-03-28T22:32:57.5044233Z Checking dependencies
2025-03-28T22:32:57.5498033Z Syncing dependencies
2025-03-28T22:33:02.3161412Z ============================= test session starts ==============================
2025-03-28T22:33:02.3162356Z platform linux -- Python 3.12.3, pytest-8.3.5, pluggy-1.5.0
2025-03-28T22:33:02.3163486Z rootdir: /home/runner/work/markitdown/markitdown/packages/markitdown
2025-03-28T22:33:02.3172273Z configfile: pyproject.toml
2025-03-28T22:33:02.3172930Z plugins: rerunfailures-14.0, anyio-4.9.0, xdist-3.6.1, mock-3.14.0
2025-03-28T22:33:02.3173629Z collected 172 items
2025-03-28T22:33:02.3173858Z 
2025-03-28T22:33:04.0185496Z tests/test_cli_misc.py ..                                                [  1%]
2025-03-28T22:33:39.1352850Z tests/test_cli_vectors.py ....................................ssssssssss [ 27%]
2025-03-28T22:33:41.0586916Z ss..                                                                     [ 30%]
2025-03-28T22:33:41.3738249Z tests/test_module_misc.py ......ss.ss                                    [ 36%]
2025-03-28T22:33:44.9363024Z tests/test_module_vectors.py ........................................... [ 61%]
2025-03-28T22:33:51.4183289Z .................sssssssssssssss..................................       [100%]
2025-03-28T22:33:51.4184612Z 
2025-03-28T22:33:51.4185157Z =============================== warnings summary ===============================
2025-03-28T22:33:51.4186439Z ../../../../../.local/share/hatch/env/virtual/markitdown/H_uUSwZ6/hatch-test.py3.12/lib/python3.12/site-packages/pydub/utils.py:170
2025-03-28T22:33:51.4188282Z   /home/runner/.local/share/hatch/env/virtual/markitdown/H_uUSwZ6/hatch-test.py3.12/lib/python3.12/site-packages/pydub/utils.py:170: RuntimeWarning: Couldn't find ffmpeg or avconv - defaulting to ffmpeg, but may not work
2025-03-28T22:33:51.4190033Z     warn("Couldn't find ffmpeg or avconv - defaulting to ffmpeg, but may not work", RuntimeWarning)
2025-03-28T22:33:51.4190688Z 
2025-03-28T22:33:51.4196502Z -- Docs: https://docs.pytest.org/en/stable/how-to/capture-warnings.html
2025-03-28T22:33:51.4197226Z ================= 141 passed, 31 skipped, 1 warning in 52.75s ==================
2025-03-28T22:33:51.7128094Z Post job cleanup.
2025-03-28T22:33:51.8690912Z Post job cleanup.
2025-03-28T22:33:51.9617323Z [command]/usr/bin/git version
2025-03-28T22:33:51.9659470Z git version 2.48.1
2025-03-28T22:33:51.9701252Z Temporarily overriding HOME='/home/runner/work/_temp/ad82da6a-bc8d-42af-8f77-12b829cde156' before making global git config changes
2025-03-28T22:33:51.9702628Z Adding repository directory to the temporary git global config as a safe directory
2025-03-28T22:33:51.9706211Z [command]/usr/bin/git config --global --add safe.directory /home/runner/work/markitdown/markitdown
2025-03-28T22:33:51.9739953Z [command]/usr/bin/git config --local --name-only --get-regexp core\.sshCommand
2025-03-28T22:33:51.9771928Z [command]/usr/bin/git submodule foreach --recursive sh -c "git config --local --name-only --get-regexp 'core\.sshCommand' && git config --local --unset-all 'core.sshCommand' || :"
2025-03-28T22:33:52.0008688Z [command]/usr/bin/git config --local --name-only --get-regexp http\.https\:\/\/github\.com\/\.extraheader
2025-03-28T22:33:52.0029044Z http.https://github.com/.extraheader
2025-03-28T22:33:52.0041007Z [command]/usr/bin/git config --local --unset-all http.https://github.com/.extraheader
2025-03-28T22:33:52.0072489Z [command]/usr/bin/git submodule foreach --recursive sh -c "git config --local --name-only --get-regexp 'http\.https\:\/\/github\.com\/\.extraheader' && git config --local --unset-all 'http.https://github.com/.extraheader' || :"
2025-03-28T22:33:52.0396983Z Cleaning up orphan processes
