2025-04-15T08:44:50.6964733Z Requested labels: ubuntu-latest-unit-tester
2025-04-15T08:44:50.6965004Z Job defined at: run-llama/llama_index/.github/workflows/coverage.yml@refs/pull/18461/merge
2025-04-15T08:44:50.6965145Z Waiting for a runner to pick up this job...
2025-04-15T08:44:53.4132965Z Job is waiting for a runner from 'ubuntu-latest-unit-tester' to come online.
2025-04-15T08:44:53.6907517Z Job is about to start running on the runner: ubuntu-latest-unit-tester_35cfba30ab3f (organization)
2025-04-15T08:44:55.7561469Z Current runner version: '2.323.0'
2025-04-15T08:44:55.7567518Z Runner name: 'ubuntu-latest-unit-tester_35cfba30ab3f'
2025-04-15T08:44:55.7568476Z Runner group name: 'Default'
2025-04-15T08:44:55.7569305Z Machine name: 'runner'
2025-04-15T08:44:55.7585548Z ##[group]Operating System
2025-04-15T08:44:55.7586558Z Ubuntu
2025-04-15T08:44:55.7587061Z 24.04.2
2025-04-15T08:44:55.7587660Z LTS
2025-04-15T08:44:55.7588148Z ##[endgroup]
2025-04-15T08:44:55.7588708Z ##[group]Runner Image
2025-04-15T08:44:55.7589335Z Image: ubuntu-24.04
2025-04-15T08:44:55.7590096Z Version: 20250406.1.0
2025-04-15T08:44:55.7591100Z Included Software: https://github.com/actions/runner-images/blob/ubuntu24/20250406.1/images/ubuntu/Ubuntu2404-Readme.md
2025-04-15T08:44:55.7592566Z Image Release: https://github.com/actions/runner-images/releases/tag/ubuntu24%2F20250406.1
2025-04-15T08:44:55.7593430Z ##[endgroup]
2025-04-15T08:44:55.7595770Z ##[group]GITHUB_TOKEN Permissions
2025-04-15T08:44:55.7597869Z Actions: read
2025-04-15T08:44:55.7598583Z Attestations: read
2025-04-15T08:44:55.7599123Z Checks: read
2025-04-15T08:44:55.7599895Z Contents: read
2025-04-15T08:44:55.7600439Z Deployments: read
2025-04-15T08:44:55.7600983Z Discussions: read
2025-04-15T08:44:55.7601586Z Issues: read
2025-04-15T08:44:55.7602108Z Metadata: read
2025-04-15T08:44:55.7602619Z Models: read
2025-04-15T08:44:55.7603167Z Packages: read
2025-04-15T08:44:55.7603653Z Pages: read
2025-04-15T08:44:55.7604173Z PullRequests: read
2025-04-15T08:44:55.7604770Z RepositoryProjects: read
2025-04-15T08:44:55.7605352Z SecurityEvents: read
2025-04-15T08:44:55.7605869Z Statuses: read
2025-04-15T08:44:55.7606395Z ##[endgroup]
2025-04-15T08:44:55.7609217Z Secret source: None
2025-04-15T08:44:55.7610313Z Prepare workflow directory
2025-04-15T08:44:55.8070499Z Prepare all required actions
2025-04-15T08:44:55.8106871Z Getting action download info
2025-04-15T08:44:56.0382601Z Download action repository 'actions/checkout@v4' (SHA:11bd71901bbe5b1630ceea73d27597364c9af683)
2025-04-15T08:44:56.0988838Z Download action repository 'actions/setup-python@v5' (SHA:8d9ed9ac5c53483de85588cdf95a591a75ab9f55)
2025-04-15T08:44:56.6344965Z Complete job name: test (3.9)
2025-04-15T08:44:56.7013700Z ##[group]Run rm -rf /opt/hostedtoolcache/*
2025-04-15T08:44:56.7014472Z [36;1mrm -rf /opt/hostedtoolcache/*[0m
2025-04-15T08:44:56.7067382Z shell: /usr/bin/bash --noprofile --norc -e -o pipefail {0}
2025-04-15T08:44:56.7068485Z env:
2025-04-15T08:44:56.7068941Z   POETRY_VERSION: 1.8.3
2025-04-15T08:44:56.7069698Z   SYSTEM_VERSION_COMPAT: 1
2025-04-15T08:44:56.7070238Z   CI: true
2025-04-15T08:44:56.7070656Z ##[endgroup]
2025-04-15T08:45:02.3451265Z ##[group]Run actions/checkout@v4
2025-04-15T08:45:02.3452361Z with:
2025-04-15T08:45:02.3453138Z   fetch-depth: 0
2025-04-15T08:45:02.3454025Z   repository: run-llama/llama_index
2025-04-15T08:45:02.3455408Z   token: ***
2025-04-15T08:45:02.3456213Z   ssh-strict: true
2025-04-15T08:45:02.3457051Z   ssh-user: git
2025-04-15T08:45:02.3457934Z   persist-credentials: true
2025-04-15T08:45:02.3458951Z   clean: true
2025-04-15T08:45:02.3459988Z   sparse-checkout-cone-mode: true
2025-04-15T08:45:02.3461090Z   fetch-tags: false
2025-04-15T08:45:02.3461959Z   show-progress: true
2025-04-15T08:45:02.3462842Z   lfs: false
2025-04-15T08:45:02.3463640Z   submodules: false
2025-04-15T08:45:02.3464528Z   set-safe-directory: true
2025-04-15T08:45:02.3465480Z env:
2025-04-15T08:45:02.3466230Z   POETRY_VERSION: 1.8.3
2025-04-15T08:45:02.3467158Z   SYSTEM_VERSION_COMPAT: 1
2025-04-15T08:45:02.3468148Z ##[endgroup]
2025-04-15T08:45:02.4504464Z Syncing repository: run-llama/llama_index
2025-04-15T08:45:02.4507505Z ##[group]Getting Git version info
2025-04-15T08:45:02.4509145Z Working directory is '/home/runner/work/llama_index/llama_index'
2025-04-15T08:45:02.4511545Z [command]/usr/bin/git version
2025-04-15T08:45:02.4512808Z git version 2.49.0
2025-04-15T08:45:02.4537505Z ##[endgroup]
2025-04-15T08:45:02.4550267Z Temporarily overriding HOME='/home/runner/work/_temp/dc49790d-1b15-4e0f-9b2b-5613364ffa86' before making global git config changes
2025-04-15T08:45:02.4554050Z Adding repository directory to the temporary git global config as a safe directory
2025-04-15T08:45:02.4556653Z [command]/usr/bin/git config --global --add safe.directory /home/runner/work/llama_index/llama_index
2025-04-15T08:45:02.4586201Z Deleting the contents of '/home/runner/work/llama_index/llama_index'
2025-04-15T08:45:02.4589798Z ##[group]Initializing the repository
2025-04-15T08:45:02.4593160Z [command]/usr/bin/git init /home/runner/work/llama_index/llama_index
2025-04-15T08:45:02.4652390Z hint: Using 'master' as the name for the initial branch. This default branch name
2025-04-15T08:45:02.4654563Z hint: is subject to change. To configure the initial branch name to use in all
2025-04-15T08:45:02.4656867Z hint: of your new repositories, which will suppress this warning, call:
2025-04-15T08:45:02.4658332Z hint:
2025-04-15T08:45:02.4659289Z hint: 	git config --global init.defaultBranch <name>
2025-04-15T08:45:02.4660948Z hint:
2025-04-15T08:45:02.4662128Z hint: Names commonly chosen instead of 'master' are 'main', 'trunk' and
2025-04-15T08:45:02.4664093Z hint: 'development'. The just-created branch can be renamed via this command:
2025-04-15T08:45:02.4665780Z hint:
2025-04-15T08:45:02.4666530Z hint: 	git branch -m <name>
2025-04-15T08:45:02.4668118Z Initialized empty Git repository in /home/runner/work/llama_index/llama_index/.git/
2025-04-15T08:45:02.4671871Z [command]/usr/bin/git remote add origin https://github.com/run-llama/llama_index
2025-04-15T08:45:02.4696528Z ##[endgroup]
2025-04-15T08:45:02.4697974Z ##[group]Disabling automatic garbage collection
2025-04-15T08:45:02.4699756Z [command]/usr/bin/git config --local gc.auto 0
2025-04-15T08:45:02.4728040Z ##[endgroup]
2025-04-15T08:45:02.4729351Z ##[group]Setting up auth
2025-04-15T08:45:02.4733816Z [command]/usr/bin/git config --local --name-only --get-regexp core\.sshCommand
2025-04-15T08:45:02.4763100Z [command]/usr/bin/git submodule foreach --recursive sh -c "git config --local --name-only --get-regexp 'core\.sshCommand' && git config --local --unset-all 'core.sshCommand' || :"
2025-04-15T08:45:02.5019214Z [command]/usr/bin/git config --local --name-only --get-regexp http\.https\:\/\/github\.com\/\.extraheader
2025-04-15T08:45:02.5048141Z [command]/usr/bin/git submodule foreach --recursive sh -c "git config --local --name-only --get-regexp 'http\.https\:\/\/github\.com\/\.extraheader' && git config --local --unset-all 'http.https://github.com/.extraheader' || :"
2025-04-15T08:45:02.5273425Z [command]/usr/bin/git config --local http.https://github.com/.extraheader AUTHORIZATION: basic ***
2025-04-15T08:45:02.5306119Z ##[endgroup]
2025-04-15T08:45:02.5307518Z ##[group]Fetching the repository
2025-04-15T08:45:02.5316173Z [command]/usr/bin/git -c protocol.version=2 fetch --prune --no-recurse-submodules origin +refs/heads/*:refs/remotes/origin/* +refs/tags/*:refs/tags/* +bd54e7229c5eb16efae2534c9aa582ebedd722de:refs/remotes/pull/18461/merge
2025-04-15T08:45:10.5378649Z From https://github.com/run-llama/llama_index
2025-04-15T08:45:10.5380319Z  * [new branch]          15371-migrate-llama-index-integrations-and-llama-index-packs-to-pydantic-v2 -> origin/15371-migrate-llama-index-integrations-and-llama-index-packs-to-pydantic-v2
2025-04-15T08:45:10.5382312Z  * [new branch]          8147-bug-streaming-on-react-chat-agent-not-working-as-expected -> origin/8147-bug-streaming-on-react-chat-agent-not-working-as-expected
2025-04-15T08:45:10.5383437Z  * [new branch]          8206-bug-indexas_chat_engine -> origin/8206-bug-indexas_chat_engine
2025-04-15T08:45:10.5383991Z  * [new branch]          DJC-GO-SOLO/main        -> origin/DJC-GO-SOLO/main
2025-04-15T08:45:10.5385524Z  * [new branch]          EleniVerteouri/main     -> origin/EleniVerteouri/main
2025-04-15T08:45:10.5400461Z  * [new branch]          HollowMan6/main         -> origin/HollowMan6/main
2025-04-15T08:45:10.5401161Z  * [new branch]          Ja-sonYun/main          -> origin/Ja-sonYun/main
2025-04-15T08:45:10.5401796Z  * [new branch]          Moi1oM/main             -> origin/Moi1oM/main
2025-04-15T08:45:10.5402737Z  * [new branch]          NickNYU/main            -> origin/NickNYU/main
2025-04-15T08:45:10.5403460Z  * [new branch]          Update-Milvus-vectorstore -> origin/Update-Milvus-vectorstore
2025-04-15T08:45:10.5404212Z  * [new branch]          YeonwooSung/main        -> origin/YeonwooSung/main
2025-04-15T08:45:10.5404868Z  * [new branch]          add-bm25-retriever      -> origin/add-bm25-retriever
2025-04-15T08:45:10.5405579Z  * [new branch]          add-duckdb-vector-store -> origin/add-duckdb-vector-store
2025-04-15T08:45:10.5408309Z  * [new branch]          add-dynamodb-url        -> origin/add-dynamodb-url
2025-04-15T08:45:10.5408910Z  * [new branch]          aim_callback            -> origin/aim_callback
2025-04-15T08:45:10.5409308Z  * [new branch]          asif_bagel              -> origin/asif_bagel
2025-04-15T08:45:10.5410173Z  * [new branch]          batmanscode-add-author-metadata-discord -> origin/batmanscode-add-author-metadata-discord
2025-04-15T08:45:10.5428031Z  * [new branch]          chore/makefile          -> origin/chore/makefile
2025-04-15T08:45:10.5428732Z  * [new branch]          chua/heap               -> origin/chua/heap
2025-04-15T08:45:10.5429393Z  * [new branch]          cogniswitch_llama       -> origin/cogniswitch_llama
2025-04-15T08:45:10.5430300Z  * [new branch]          configure-reranker      -> origin/configure-reranker
2025-04-15T08:45:10.5431035Z  * [new branch]          docarray-vectorstore    -> origin/docarray-vectorstore
2025-04-15T08:45:10.5431752Z  * [new branch]          external_kg             -> origin/external_kg
2025-04-15T08:45:10.5432465Z  * [new branch]          fabiofumarola/main      -> origin/fabiofumarola/main
2025-04-15T08:45:10.5433545Z  * [new branch]          feat-enable-custom-download-folder-for-nltk -> origin/feat-enable-custom-download-folder-for-nltk
2025-04-15T08:45:10.5434732Z  * [new branch]          feat-qdrant-metadata-filtering -> origin/feat-qdrant-metadata-filtering
2025-04-15T08:45:10.5435643Z  * [new branch]          feat/async-retriever    -> origin/feat/async-retriever
2025-04-15T08:45:10.5436402Z  * [new branch]          feat/async-synth        -> origin/feat/async-synth
2025-04-15T08:45:10.5437120Z  * [new branch]          feat/aws-semaphore      -> origin/feat/aws-semaphore
2025-04-15T08:45:10.5437701Z  * [new branch]          feature/add-deepeval-integration -> origin/feature/add-deepeval-integration
2025-04-15T08:45:10.5438299Z  * [new branch]          feature/firestore-bactch-insert -> origin/feature/firestore-bactch-insert
2025-04-15T08:45:10.5439063Z  * [new branch]          fix-pgvector            -> origin/fix-pgvector
2025-04-15T08:45:10.5440038Z  * [new branch]          fix-singel-mail-parsing-failure -> origin/fix-singel-mail-parsing-failure
2025-04-15T08:45:10.5440667Z  * [new branch]          fix-validator-empty-is-not-none -> origin/fix-validator-empty-is-not-none
2025-04-15T08:45:10.5443687Z  * [new branch]          fix/remove-node         -> origin/fix/remove-node
2025-04-15T08:45:10.5446128Z  * [new branch]          fix_metadata_extractors_json_dumps_ensure_ascii -> origin/fix_metadata_extractors_json_dumps_ensure_ascii
2025-04-15T08:45:10.5449391Z  * [new branch]          george/verbosity        -> origin/george/verbosity
2025-04-15T08:45:10.5451674Z  * [new branch]          graph_rag_optimization  -> origin/graph_rag_optimization
2025-04-15T08:45:10.5454091Z  * [new branch]          hackgoofer-patch-1      -> origin/hackgoofer-patch-1
2025-04-15T08:45:10.5457100Z  * [new branch]          hz/bug_fix              -> origin/hz/bug_fix
2025-04-15T08:45:10.5459264Z  * [new branch]          hz/colbert_reranker_v1  -> origin/hz/colbert_reranker_v1
2025-04-15T08:45:10.5461468Z  * [new branch]          hz/gpt4v                -> origin/hz/gpt4v
2025-04-15T08:45:10.5463821Z  * [new branch]          hz/hz_filter_v0         -> origin/hz/hz_filter_v0
2025-04-15T08:45:10.5466096Z  * [new branch]          hz/hz_gemini_mm_fix_1   -> origin/hz/hz_gemini_mm_fix_1
2025-04-15T08:45:10.5467922Z  * [new branch]          hz/hz_google            -> origin/hz/hz_google
2025-04-15T08:45:10.5470995Z  * [new branch]          hz/hz_mm_fix_v1         -> origin/hz/hz_mm_fix_v1
2025-04-15T08:45:10.5472455Z  * [new branch]          hz/hz_mm_qe_v1          -> origin/hz/hz_mm_qe_v1
2025-04-15T08:45:10.5474834Z  * [new branch]          hz/hz_mm_table          -> origin/hz/hz_mm_table
2025-04-15T08:45:10.5476888Z  * [new branch]          hz/hz_pdf               -> origin/hz/hz_pdf
2025-04-15T08:45:10.5479658Z  * [new branch]          hz/hz_qe                -> origin/hz/hz_qe
2025-04-15T08:45:10.5481771Z  * [new branch]          hz/hz_qe_1              -> origin/hz/hz_qe_1
2025-04-15T08:45:10.5484007Z  * [new branch]          hz/hz_rank_gpt          -> origin/hz/hz_rank_gpt
2025-04-15T08:45:10.5486404Z  * [new branch]          hz/hz_rerank_v1         -> origin/hz/hz_rerank_v1
2025-04-15T08:45:10.5488376Z  * [new branch]          hz/image_type           -> origin/hz/image_type
2025-04-15T08:45:10.5490999Z  * [new branch]          hz/mm_index             -> origin/hz/mm_index
2025-04-15T08:45:10.5492839Z  * [new branch]          hz/mmr                  -> origin/hz/mmr
2025-04-15T08:45:10.5495177Z  * [new branch]          hz/ollama_mm            -> origin/hz/ollama_mm
2025-04-15T08:45:10.5497375Z  * [new branch]          hz/phi-2                -> origin/hz/phi-2
2025-04-15T08:45:10.5499804Z  * [new branch]          hz/rec_ret_dedup        -> origin/hz/rec_ret_dedup
2025-04-15T08:45:10.5503058Z  * [new branch]          javier/fix-s3fs-pdf-reading -> origin/javier/fix-s3fs-pdf-reading
2025-04-15T08:45:10.5504883Z  * [new branch]          javier/sharepoint-async-support -> origin/javier/sharepoint-async-support
2025-04-15T08:45:10.5508135Z  * [new branch]          jerry/add_ai_assistant_integration -> origin/jerry/add_ai_assistant_integration
2025-04-15T08:45:10.5509984Z  * [new branch]          jerry/add_llm_compiler  -> origin/jerry/add_llm_compiler
2025-04-15T08:45:10.5512513Z  * [new branch]          jerry/add_multi_doc_auto_retrival -> origin/jerry/add_multi_doc_auto_retrival
2025-04-15T08:45:10.5514218Z  * [new branch]          jerry/add_query_pipeline -> origin/jerry/add_query_pipeline
2025-04-15T08:45:10.5516676Z  * [new branch]          jerry/add_query_pipeline_vis -> origin/jerry/add_query_pipeline_vis
2025-04-15T08:45:10.5518456Z  * [new branch]          jerry/add_reflexion_agent -> origin/jerry/add_reflexion_agent
2025-04-15T08:45:10.5521092Z  * [new branch]          jerry/add_semantic_chunking -> origin/jerry/add_semantic_chunking
2025-04-15T08:45:10.5523536Z  * [new branch]          jerry/allow_relative_imports_llama_packs_bak -> origin/jerry/allow_relative_imports_llama_packs_bak
2025-04-15T08:45:10.5525174Z  * [new branch]          jerry/bump_version_0.8.64 -> origin/jerry/bump_version_0.8.64
2025-04-15T08:45:10.5527451Z  * [new branch]          jerry/create_react_chat_engine -> origin/jerry/create_react_chat_engine
2025-04-15T08:45:10.5529939Z  * [new branch]          jerry/custom_query_engine -> origin/jerry/custom_query_engine
2025-04-15T08:45:10.5532154Z  * [new branch]          jerry/edit_raft         -> origin/jerry/edit_raft
2025-04-15T08:45:10.5534397Z  * [new branch]          jerry/escape_json_structured_llm -> origin/jerry/escape_json_structured_llm
2025-04-15T08:45:10.5536209Z  * [new branch]          jerry/expose_prompts    -> origin/jerry/expose_prompts
2025-04-15T08:45:10.5538700Z  * [new branch]          jerry/fix_elasticsearch_guide -> origin/jerry/fix_elasticsearch_guide
2025-04-15T08:45:10.5540990Z  * [new branch]          jerry/fix_observability_doc -> origin/jerry/fix_observability_doc
2025-04-15T08:45:10.5543077Z  * [new branch]          jerry/fix_stuff_for_report_gen -> origin/jerry/fix_stuff_for_report_gen
2025-04-15T08:45:10.5545249Z  * [new branch]          jerry/fix_tool_callbacks -> origin/jerry/fix_tool_callbacks
2025-04-15T08:45:10.5547619Z  * [new branch]          jerry/migrate_builtins  -> origin/jerry/migrate_builtins
2025-04-15T08:45:10.5549963Z  * [new branch]          jerry/openai_llm_function_calling -> origin/jerry/openai_llm_function_calling
2025-04-15T08:45:10.5551946Z  * [new branch]          jerry/small_chroma_fix  -> origin/jerry/small_chroma_fix
2025-04-15T08:45:10.5554633Z  * [new branch]          jerry/test_workflow_query_engine_change -> origin/jerry/test_workflow_query_engine_change
2025-04-15T08:45:10.5556558Z  * [new branch]          jerry/wip_agents        -> origin/jerry/wip_agents
2025-04-15T08:45:10.5560027Z  * [new branch]          joelrorseth/main        -> origin/joelrorseth/main
2025-04-15T08:45:10.5563054Z  * [new branch]          jon-chuang/path-validation -> origin/jon-chuang/path-validation
2025-04-15T08:45:10.5566021Z  * [new branch]          jon/for-test            -> origin/jon/for-test
2025-04-15T08:45:10.5567723Z  * [new branch]          jon/local               -> origin/jon/local
2025-04-15T08:45:10.5570214Z  * [new branch]          kg_vector_custom_retriever -> origin/kg_vector_custom_retriever
2025-04-15T08:45:10.5573410Z  * [new branch]          ljv/learn-overhaul      -> origin/ljv/learn-overhaul
2025-04-15T08:45:10.5576568Z  * [new branch]          logan/add_changelog_to_docs -> origin/logan/add_changelog_to_docs
2025-04-15T08:45:10.5578289Z  * [new branch]          logan/add_docs_build_to_ci -> origin/logan/add_docs_build_to_ci
2025-04-15T08:45:10.5580533Z  * [new branch]          logan/add_openai_dep    -> origin/logan/add_openai_dep
2025-04-15T08:45:10.5582938Z  * [new branch]          logan/agent_streaming   -> origin/logan/agent_streaming
2025-04-15T08:45:10.5584875Z  * [new branch]          logan/agent_streaming_v2 -> origin/logan/agent_streaming_v2
2025-04-15T08:45:10.5586855Z  * [new branch]          logan/ammend_service_context_fix -> origin/logan/ammend_service_context_fix
2025-04-15T08:45:10.5588607Z  * [new branch]          logan/audio_support     -> origin/logan/audio_support
2025-04-15T08:45:10.5590684Z  * [new branch]          logan/bedrock_retriever_nits -> origin/logan/bedrock_retriever_nits
2025-04-15T08:45:10.5592608Z  * [new branch]          logan/bump_mpypy_version -> origin/logan/bump_mpypy_version
2025-04-15T08:45:10.5594648Z  * [new branch]          logan/bump_pinecone_dep -> origin/logan/bump_pinecone_dep
2025-04-15T08:45:10.5596662Z  * [new branch]          logan/bundle_nltk_tiktoken -> origin/logan/bundle_nltk_tiktoken
2025-04-15T08:45:10.5598489Z  * [new branch]          logan/changelog_0.6.22  -> origin/logan/changelog_0.6.22
2025-04-15T08:45:10.5600580Z  * [new branch]          logan/changelog_in_docs -> origin/logan/changelog_in_docs
2025-04-15T08:45:10.5602568Z  * [new branch]          logan/coa_agent         -> origin/logan/coa_agent
2025-04-15T08:45:10.5604559Z  * [new branch]          logan/dispatcher_exception_fix -> origin/logan/dispatcher_exception_fix
2025-04-15T08:45:10.5606360Z  * [new branch]          logan/docker_tool_spec  -> origin/logan/docker_tool_spec
2025-04-15T08:45:10.5608408Z  * [new branch]          logan/document_modelling_refactor_v3 -> origin/logan/document_modelling_refactor_v3
2025-04-15T08:45:10.5610392Z  * [new branch]          logan/download_loader_exists_bug -> origin/logan/download_loader_exists_bug
2025-04-15T08:45:10.5612373Z  * [new branch]          logan/fix_agent_sources -> origin/logan/fix_agent_sources
2025-04-15T08:45:10.5614212Z  * [new branch]          logan/fix_box           -> origin/logan/fix_box
2025-04-15T08:45:10.5616176Z  * [new branch]          logan/fix_chroma_filtesr -> origin/logan/fix_chroma_filtesr
2025-04-15T08:45:10.5618081Z  * [new branch]          logan/fix_core          -> origin/logan/fix_core
2025-04-15T08:45:10.5620110Z  * [new branch]          logan/fix_extractor_docs -> origin/logan/fix_extractor_docs
2025-04-15T08:45:10.5622365Z  * [new branch]          logan/fix_graph_storage_bug_v2 -> origin/logan/fix_graph_storage_bug_v2
2025-04-15T08:45:10.5624144Z  * [new branch]          logan/fix_marshall_edge_case -> origin/logan/fix_marshall_edge_case
2025-04-15T08:45:10.5626047Z  * [new branch]          logan/fix_redis_vector_nodes -> origin/logan/fix_redis_vector_nodes
2025-04-15T08:45:10.5628023Z  * [new branch]          logan/fix_sql_database  -> origin/logan/fix_sql_database
2025-04-15T08:45:10.5629994Z  * [new branch]          logan/fix_version       -> origin/logan/fix_version
2025-04-15T08:45:10.5632196Z  * [new branch]          logan/force_async_tests -> origin/logan/force_async_tests
2025-04-15T08:45:10.5634215Z  * [new branch]          logan/function_calling_agent_streamng -> origin/logan/function_calling_agent_streamng
2025-04-15T08:45:10.5635995Z  * [new branch]          logan/hf_patch_2        -> origin/logan/hf_patch_2
2025-04-15T08:45:10.5637930Z  * [new branch]          logan/hf_tools          -> origin/logan/hf_tools
2025-04-15T08:45:10.5640016Z  * [new branch]          logan/improve_refine    -> origin/logan/improve_refine
2025-04-15T08:45:10.5642168Z  * [new branch]          logan/keyword_index_no_match -> origin/logan/keyword_index_no_match
2025-04-15T08:45:10.5644119Z  * [new branch]          logan/make_docs_great_again -> origin/logan/make_docs_great_again
2025-04-15T08:45:10.5646098Z  * [new branch]          logan/migrate_pydantic  -> origin/logan/migrate_pydantic
2025-04-15T08:45:10.5648032Z  * [new branch]          logan/ollama_base_url   -> origin/logan/ollama_base_url
2025-04-15T08:45:10.5650170Z  * [new branch]          logan/opea_llm          -> origin/logan/opea_llm
2025-04-15T08:45:10.5652138Z  * [new branch]          logan/openai_functions  -> origin/logan/openai_functions
2025-04-15T08:45:10.5654241Z  * [new branch]          logan/pass_in_callback_manager -> origin/logan/pass_in_callback_manager
2025-04-15T08:45:10.5656216Z  * [new branch]          logan/patch_markdown_parser -> origin/logan/patch_markdown_parser
2025-04-15T08:45:10.5658177Z  * [new branch]          logan/portkey_update    -> origin/logan/portkey_update
2025-04-15T08:45:10.5660387Z  * [new branch]          logan/program_examples  -> origin/logan/program_examples
2025-04-15T08:45:10.5662289Z  * [new branch]          logan/prompt_tracking   -> origin/logan/prompt_tracking
2025-04-15T08:45:10.5664309Z  * [new branch]          logan/promptstore       -> origin/logan/promptstore
2025-04-15T08:45:10.5666337Z  * [new branch]          logan/refactor_base_llm -> origin/logan/refactor_base_llm
2025-04-15T08:45:10.5668364Z  * [new branch]          logan/relase_changelog_action -> origin/logan/relase_changelog_action
2025-04-15T08:45:10.5670315Z  * [new branch]          logan/remove_files      -> origin/logan/remove_files
2025-04-15T08:45:10.5672577Z  * [new branch]          logan/remove_old_notebooks -> origin/logan/remove_old_notebooks
2025-04-15T08:45:10.5674778Z  * [new branch]          logan/remove_service_context -> origin/logan/remove_service_context
2025-04-15T08:45:10.5676641Z  * [new branch]          logan/response_builder_ux -> origin/logan/response_builder_ux
2025-04-15T08:45:10.5678570Z  * [new branch]          logan/token_counting    -> origin/logan/token_counting
2025-04-15T08:45:10.5680739Z  * [new branch]          logan/tool_sources      -> origin/logan/tool_sources
2025-04-15T08:45:10.5682691Z  * [new branch]          logan/try_removing_plugins -> origin/logan/try_removing_plugins
2025-04-15T08:45:10.5684817Z  * [new branch]          logan/update_chatbot_tutorial.py -> origin/logan/update_chatbot_tutorial.py
2025-04-15T08:45:10.5686847Z  * [new branch]          logan/update_github_docs -> origin/logan/update_github_docs
2025-04-15T08:45:10.5689027Z  * [new branch]          logan/vector_similarity_speedup -> origin/logan/vector_similarity_speedup
2025-04-15T08:45:10.5691210Z  * [new branch]          logan/weaviate_similarity -> origin/logan/weaviate_similarity
2025-04-15T08:45:10.5693130Z  * [new branch]          logan/weaviate_use_id   -> origin/logan/weaviate_use_id
2025-04-15T08:45:10.5695442Z  * [new branch]          logan/workflow_result_object -> origin/logan/workflow_result_object
2025-04-15T08:45:10.5697395Z  * [new branch]          logan/workflows_session_ux -> origin/logan/workflows_session_ux
2025-04-15T08:45:10.5699554Z  * [new branch]          main                    -> origin/main
2025-04-15T08:45:10.5702485Z  * [new branch]          massi/events-buffer-serialize -> origin/massi/events-buffer-serialize
2025-04-15T08:45:10.5704498Z  * [new branch]          massi/img-to-img-retrieval-example -> origin/massi/img-to-img-retrieval-example
2025-04-15T08:45:10.5706301Z  * [new branch]          monsterapi              -> origin/monsterapi
2025-04-15T08:45:10.5708334Z  * [new branch]          nebulagraph_store_int_vertex_id -> origin/nebulagraph_store_int_vertex_id
2025-04-15T08:45:10.5711209Z  * [new branch]          nerdai/async-timeout-per-step -> origin/nerdai/async-timeout-per-step
2025-04-15T08:45:10.5713115Z  * [new branch]          nerdai/checkpointing-in-workflow -> origin/nerdai/checkpointing-in-workflow
2025-04-15T08:45:10.5714940Z  * [new branch]          nerdai/fix-parallel-processing-bug -> origin/nerdai/fix-parallel-processing-bug
2025-04-15T08:45:10.5716907Z  * [new branch]          nerdai/memory-modules-without-chatstore -> origin/nerdai/memory-modules-without-chatstore
2025-04-15T08:45:10.5718732Z  * [new branch]          nerdai/modify_download_utils_for_pdf -> origin/nerdai/modify_download_utils_for_pdf
2025-04-15T08:45:10.5720766Z  * [new branch]          nerdai/multi-hop-agent  -> origin/nerdai/multi-hop-agent
2025-04-15T08:45:10.5722882Z  * [new branch]          nerdai/networks-postprocessor-diff-privacy-demo -> origin/nerdai/networks-postprocessor-diff-privacy-demo
2025-04-15T08:45:10.5724234Z  * [new branch]          nerdai/pydantic-v2-batch-1 -> origin/nerdai/pydantic-v2-batch-1
2025-04-15T08:45:10.5726467Z  * [new branch]          nerdai/pydantic-v2-graph-stores-indices -> origin/nerdai/pydantic-v2-graph-stores-indices
2025-04-15T08:45:10.5728216Z  * [new branch]          nerdai/pydantic-v2-llms -> origin/nerdai/pydantic-v2-llms
2025-04-15T08:45:10.5730660Z  * [new branch]          nerdai/pydantic-v2-migration-evaluation-response-synthesizers -> origin/nerdai/pydantic-v2-migration-evaluation-response-synthesizers
2025-04-15T08:45:10.5732248Z  * [new branch]          nerdai/pydantic-v2-migration-llama-index-networks -> origin/nerdai/pydantic-v2-migration-llama-index-networks
2025-04-15T08:45:10.5734949Z  * [new branch]          nerdai/pydantic-v2-migration-llama-index-utils-llama-index-cli-llama-index-finetuning-llama-index-experimental -> origin/nerdai/pydantic-v2-migration-llama-index-utils-llama-index-cli-llama-index-finetuning-llama-index-experimental
2025-04-15T08:45:10.5736319Z  * [new branch]          nerdai/pydantic-v2-migration-llama-packs -> origin/nerdai/pydantic-v2-migration-llama-packs
2025-04-15T08:45:10.5738688Z  * [new branch]          nerdai/pydantic-v2-migration-node-parsers-output-parsers -> origin/nerdai/pydantic-v2-migration-node-parsers-output-parsers
2025-04-15T08:45:10.5740318Z  * [new branch]          nerdai/pydantic-v2-migration-readers -> origin/nerdai/pydantic-v2-migration-readers
2025-04-15T08:45:10.5742380Z  * [new branch]          nerdai/pydantic-v2-migration-retrievers-storage -> origin/nerdai/pydantic-v2-migration-retrievers-storage
2025-04-15T08:45:10.5744130Z  * [new branch]          nerdai/pydantic-v2-migration-tools -> origin/nerdai/pydantic-v2-migration-tools
2025-04-15T08:45:10.5746086Z  * [new branch]          nerdai/pydantic-v2-migration-vector-stores -> origin/nerdai/pydantic-v2-migration-vector-stores
2025-04-15T08:45:10.5747783Z  * [new branch]          nerdai/revert-langfuse  -> origin/nerdai/revert-langfuse
2025-04-15T08:45:10.5749853Z  * [new branch]          nerdai/revert-last-comimt -> origin/nerdai/revert-last-comimt
2025-04-15T08:45:10.5752066Z  * [new branch]          nerdai/undo-the-previous-step-workflow -> origin/nerdai/undo-the-previous-step-workflow
2025-04-15T08:45:10.5753815Z  * [new branch]          nerdai/wadave           -> origin/nerdai/wadave
2025-04-15T08:45:10.5755746Z  * [new branch]          next_0.9.0a1            -> origin/next_0.9.0a1
2025-04-15T08:45:10.5757723Z  * [new branch]          next_0.9.0a2            -> origin/next_0.9.0a2
2025-04-15T08:45:10.5759824Z  * [new branch]          next_0.9.0a3            -> origin/next_0.9.0a3
2025-04-15T08:45:10.5763276Z  * [new branch]          nguyetpvt/fix/load-json-with-utf8 -> origin/nguyetpvt/fix/load-json-with-utf8
2025-04-15T08:45:10.5765106Z  * [new branch]          open-ai-key-validation  -> origin/open-ai-key-validation
2025-04-15T08:45:10.5767029Z  * [new branch]          patch-1                 -> origin/patch-1
2025-04-15T08:45:10.5769849Z  * [new branch]          pierre/fix_doc_d_in_search -> origin/pierre/fix_doc_d_in_search
2025-04-15T08:45:10.5771776Z  * [new branch]          pierre/fix_float_parse  -> origin/pierre/fix_float_parse
2025-04-15T08:45:10.5773762Z  * [new branch]          pydantic_through_response_modes -> origin/pydantic_through_response_modes
2025-04-15T08:45:10.5775811Z  * [new branch]          revert-12295-nf-fix-notebook -> origin/revert-12295-nf-fix-notebook
2025-04-15T08:45:10.5777769Z  * [new branch]          revert-9027-main        -> origin/revert-9027-main
2025-04-15T08:45:10.5780032Z  * [new branch]          revert-9842-trt_in_process -> origin/revert-9842-trt_in_process
2025-04-15T08:45:10.5782672Z  * [new branch]          seldo/0.8.53.post3      -> origin/seldo/0.8.53.post3
2025-04-15T08:45:10.5785391Z  * [new branch]          sheresaidon/main        -> origin/sheresaidon/main
2025-04-15T08:45:10.5787357Z  * [new branch]          sphinx_ext              -> origin/sphinx_ext
2025-04-15T08:45:10.5789604Z  * [new branch]          stale_packages          -> origin/stale_packages
2025-04-15T08:45:10.5791754Z  * [new branch]          structured_synth        -> origin/structured_synth
2025-04-15T08:45:10.5794370Z  * [new branch]          suo/0113_table_qa       -> origin/suo/0113_table_qa
2025-04-15T08:45:10.5796228Z  * [new branch]          suo/alpha1              -> origin/suo/alpha1
2025-04-15T08:45:10.5798047Z  * [new branch]          suo/bump_version        -> origin/suo/bump_version
2025-04-15T08:45:10.5800290Z  * [new branch]          suo/drop_gpt            -> origin/suo/drop_gpt
2025-04-15T08:45:10.5801967Z  * [new branch]          suo/guidance            -> origin/suo/guidance
2025-04-15T08:45:10.5803785Z  * [new branch]          suo/llms                -> origin/suo/llms
2025-04-15T08:45:10.5805687Z  * [new branch]          suo/llms_p1             -> origin/suo/llms_p1
2025-04-15T08:45:10.5807576Z  * [new branch]          suo/may29_prompt_helper -> origin/suo/may29_prompt_helper
2025-04-15T08:45:10.5809647Z  * [new branch]          suo/may8_expose_vector_query -> origin/suo/may8_expose_vector_query
2025-04-15T08:45:10.5812044Z  * [new branch]          suo/may9_streaming      -> origin/suo/may9_streaming
2025-04-15T08:45:10.5813712Z  * [new branch]          suo/prompt_cleanup      -> origin/suo/prompt_cleanup
2025-04-15T08:45:10.5815531Z  * [new branch]          suo/rip_off_bandaid     -> origin/suo/rip_off_bandaid
2025-04-15T08:45:10.5817476Z  * [new branch]          suo/tst                 -> origin/suo/tst
2025-04-15T08:45:10.5819380Z  * [new branch]          suo/update_env          -> origin/suo/update_env
2025-04-15T08:45:10.5821642Z  * [new branch]          suo/use_networkx        -> origin/suo/use_networkx
2025-04-15T08:45:10.5823650Z  * [new branch]          support-pydantic-v2     -> origin/support-pydantic-v2
2025-04-15T08:45:10.5825644Z  * [new branch]          vectara                 -> origin/vectara
2025-04-15T08:45:10.5827718Z  * [new branch]          wandbcallback           -> origin/wandbcallback
2025-04-15T08:45:10.5829909Z  * [new branch]          workflows               -> origin/workflows
2025-04-15T08:45:10.5832775Z  * [new tag]             v0.10.0                 -> v0.10.0
2025-04-15T08:45:10.5834146Z  * [new tag]             v0.10.1                 -> v0.10.1
2025-04-15T08:45:10.5835477Z  * [new tag]             v0.10.10                -> v0.10.10
2025-04-15T08:45:10.5836892Z  * [new tag]             v0.10.11                -> v0.10.11
2025-04-15T08:45:10.5838349Z  * [new tag]             v0.10.12                -> v0.10.12
2025-04-15T08:45:10.5839950Z  * [new tag]             v0.10.13                -> v0.10.13
2025-04-15T08:45:10.5841656Z  * [new tag]             v0.10.13.post1          -> v0.10.13.post1
2025-04-15T08:45:10.5843044Z  * [new tag]             v0.10.14                -> v0.10.14
2025-04-15T08:45:10.5844531Z  * [new tag]             v0.10.15                -> v0.10.15
2025-04-15T08:45:10.5846033Z  * [new tag]             v0.10.16                -> v0.10.16
2025-04-15T08:45:10.5847397Z  * [new tag]             v0.10.17                -> v0.10.17
2025-04-15T08:45:10.5848862Z  * [new tag]             v0.10.18                -> v0.10.18
2025-04-15T08:45:10.5850503Z  * [new tag]             v0.10.19                -> v0.10.19
2025-04-15T08:45:10.5851909Z  * [new tag]             v0.10.20                -> v0.10.20
2025-04-15T08:45:10.5853390Z  * [new tag]             v0.10.22                -> v0.10.22
2025-04-15T08:45:10.5854823Z  * [new tag]             v0.10.23                -> v0.10.23
2025-04-15T08:45:10.5856273Z  * [new tag]             v0.10.24                -> v0.10.24
2025-04-15T08:45:10.5857711Z  * [new tag]             v0.10.25                -> v0.10.25
2025-04-15T08:45:10.5859812Z  * [new tag]             v0.10.26                -> v0.10.26
2025-04-15T08:45:10.5860962Z  * [new tag]             v0.10.27                -> v0.10.27
2025-04-15T08:45:10.5862410Z  * [new tag]             v0.10.28                -> v0.10.28
2025-04-15T08:45:10.5863882Z  * [new tag]             v0.10.28.post1          -> v0.10.28.post1
2025-04-15T08:45:10.5865427Z  * [new tag]             v0.10.29                -> v0.10.29
2025-04-15T08:45:10.5866959Z  * [new tag]             v0.10.3                 -> v0.10.3
2025-04-15T08:45:10.5868420Z  * [new tag]             v0.10.30                -> v0.10.30
2025-04-15T08:45:10.5869921Z  * [new tag]             v0.10.31                -> v0.10.31
2025-04-15T08:45:10.5871952Z  * [new tag]             v0.10.32                -> v0.10.32
2025-04-15T08:45:10.5873091Z  * [new tag]             v0.10.33                -> v0.10.33
2025-04-15T08:45:10.5874576Z  * [new tag]             v0.10.34                -> v0.10.34
2025-04-15T08:45:10.5876338Z  * [new tag]             v0.10.35                -> v0.10.35
2025-04-15T08:45:10.5877612Z  * [new tag]             v0.10.36                -> v0.10.36
2025-04-15T08:45:10.5879378Z  * [new tag]             v0.10.37                -> v0.10.37
2025-04-15T08:45:10.5881102Z  * [new tag]             v0.10.38                -> v0.10.38
2025-04-15T08:45:10.5882563Z  * [new tag]             v0.10.39                -> v0.10.39
2025-04-15T08:45:10.5884083Z  * [new tag]             v0.10.40                -> v0.10.40
2025-04-15T08:45:10.5885846Z  * [new tag]             v0.10.41                -> v0.10.41
2025-04-15T08:45:10.5887185Z  * [new tag]             v0.10.42                -> v0.10.42
2025-04-15T08:45:10.5888624Z  * [new tag]             v0.10.43                -> v0.10.43
2025-04-15T08:45:10.5890863Z  * [new tag]             v0.10.44                -> v0.10.44
2025-04-15T08:45:10.5892118Z  * [new tag]             v0.10.45                -> v0.10.45
2025-04-15T08:45:10.5893545Z  * [new tag]             v0.10.45post1           -> v0.10.45post1
2025-04-15T08:45:10.5895021Z  * [new tag]             v0.10.46                -> v0.10.46
2025-04-15T08:45:10.5896755Z  * [new tag]             v0.10.47                -> v0.10.47
2025-04-15T08:45:10.5898173Z  * [new tag]             v0.10.48                -> v0.10.48
2025-04-15T08:45:10.5899919Z  * [new tag]             v0.10.48.post1          -> v0.10.48.post1
2025-04-15T08:45:10.5901621Z  * [new tag]             v0.10.49                -> v0.10.49
2025-04-15T08:45:10.5903030Z  * [new tag]             v0.10.5                 -> v0.10.5
2025-04-15T08:45:10.5904782Z  * [new tag]             v0.10.50                -> v0.10.50
2025-04-15T08:45:10.5906230Z  * [new tag]             v0.10.51                -> v0.10.51
2025-04-15T08:45:10.5907749Z  * [new tag]             v0.10.52                -> v0.10.52
2025-04-15T08:45:10.5909395Z  * [new tag]             v0.10.53                -> v0.10.53
2025-04-15T08:45:10.5911067Z  * [new tag]             v0.10.54                -> v0.10.54
2025-04-15T08:45:10.5912573Z  * [new tag]             v0.10.54post1           -> v0.10.54post1
2025-04-15T08:45:10.5914147Z  * [new tag]             v0.10.55                -> v0.10.55
2025-04-15T08:45:10.5915683Z  * [new tag]             v0.10.56                -> v0.10.56
2025-04-15T08:45:10.5917156Z  * [new tag]             v0.10.57                -> v0.10.57
2025-04-15T08:45:10.5918642Z  * [new tag]             v0.10.58                -> v0.10.58
2025-04-15T08:45:10.5920232Z  * [new tag]             v0.10.59                -> v0.10.59
2025-04-15T08:45:10.5921793Z  * [new tag]             v0.10.6                 -> v0.10.6
2025-04-15T08:45:10.5923299Z  * [new tag]             v0.10.60                -> v0.10.60
2025-04-15T08:45:10.5924773Z  * [new tag]             v0.10.61                -> v0.10.61
2025-04-15T08:45:10.5926298Z  * [new tag]             v0.10.62                -> v0.10.62
2025-04-15T08:45:10.5928176Z  * [new tag]             v0.10.63                -> v0.10.63
2025-04-15T08:45:10.5929385Z  * [new tag]             v0.10.64                -> v0.10.64
2025-04-15T08:45:10.5931068Z  * [new tag]             v0.10.65                -> v0.10.65
2025-04-15T08:45:10.5932813Z  * [new tag]             v0.10.66                -> v0.10.66
2025-04-15T08:45:10.5934329Z  * [new tag]             v0.10.67                -> v0.10.67
2025-04-15T08:45:10.5936095Z  * [new tag]             v0.10.67.post1          -> v0.10.67.post1
2025-04-15T08:45:10.5937599Z  * [new tag]             v0.10.68                -> v0.10.68
2025-04-15T08:45:10.5939637Z  * [new tag]             v0.10.7                 -> v0.10.7
2025-04-15T08:45:10.5941411Z  * [new tag]             v0.10.8                 -> v0.10.8
2025-04-15T08:45:10.5942855Z  * [new tag]             v0.10.9                 -> v0.10.9
2025-04-15T08:45:10.5944727Z  * [new tag]             v0.11.0                 -> v0.11.0
2025-04-15T08:45:10.5946079Z  * [new tag]             v0.11.1                 -> v0.11.1
2025-04-15T08:45:10.5948009Z  * [new tag]             v0.11.10                -> v0.11.10
2025-04-15T08:45:10.5949618Z  * [new tag]             v0.11.11                -> v0.11.11
2025-04-15T08:45:10.5951346Z  * [new tag]             v0.11.12                -> v0.11.12
2025-04-15T08:45:10.5953228Z  * [new tag]             v0.11.13                -> v0.11.13
2025-04-15T08:45:10.5954572Z  * [new tag]             v0.11.14                -> v0.11.14
2025-04-15T08:45:10.5956503Z  * [new tag]             v0.11.15                -> v0.11.15
2025-04-15T08:45:10.5958288Z  * [new tag]             v0.11.16                -> v0.11.16
2025-04-15T08:45:10.5959741Z  * [new tag]             v0.11.17                -> v0.11.17
2025-04-15T08:45:10.5961690Z  * [new tag]             v0.11.17.post1          -> v0.11.17.post1
2025-04-15T08:45:10.5963123Z  * [new tag]             v0.11.18                -> v0.11.18
2025-04-15T08:45:10.5965007Z  * [new tag]             v0.11.19                -> v0.11.19
2025-04-15T08:45:10.5966465Z  * [new tag]             v0.11.2                 -> v0.11.2
2025-04-15T08:45:10.5968488Z  * [new tag]             v0.11.20                -> v0.11.20
2025-04-15T08:45:10.5970141Z  * [new tag]             v0.11.21                -> v0.11.21
2025-04-15T08:45:10.5972114Z  * [new tag]             v0.11.22                -> v0.11.22
2025-04-15T08:45:10.5973595Z  * [new tag]             v0.11.23                -> v0.11.23
2025-04-15T08:45:10.5975521Z  * [new tag]             v0.11.23.post1          -> v0.11.23.post1
2025-04-15T08:45:10.5977062Z  * [new tag]             v0.11.23.post2          -> v0.11.23.post2
2025-04-15T08:45:10.5978964Z  * [new tag]             v0.11.23.post3          -> v0.11.23.post3
2025-04-15T08:45:10.5980651Z  * [new tag]             v0.11.3                 -> v0.11.3
2025-04-15T08:45:10.5982606Z  * [new tag]             v0.11.4                 -> v0.11.4
2025-04-15T08:45:10.5984854Z  * [new tag]             v0.11.5                 -> v0.11.5
2025-04-15T08:45:10.5986221Z  * [new tag]             v0.11.6                 -> v0.11.6
2025-04-15T08:45:10.5988171Z  * [new tag]             v0.11.6.post1           -> v0.11.6.post1
2025-04-15T08:45:10.5989879Z  * [new tag]             v0.11.7                 -> v0.11.7
2025-04-15T08:45:10.5991737Z  * [new tag]             v0.11.8                 -> v0.11.8
2025-04-15T08:45:10.5993312Z  * [new tag]             v0.11.9                 -> v0.11.9
2025-04-15T08:45:10.5994910Z  * [new tag]             v0.12.0                 -> v0.12.0
2025-04-15T08:45:10.5996845Z  * [new tag]             v0.12.0.post1           -> v0.12.0.post1
2025-04-15T08:45:10.5998201Z  * [new tag]             v0.12.1                 -> v0.12.1
2025-04-15T08:45:10.6000081Z  * [new tag]             v0.12.10                -> v0.12.10
2025-04-15T08:45:10.6001777Z  * [new tag]             v0.12.11                -> v0.12.11
2025-04-15T08:45:10.6003535Z  * [new tag]             v0.12.12                -> v0.12.12
2025-04-15T08:45:10.6004995Z  * [new tag]             v0.12.13                -> v0.12.13
2025-04-15T08:45:10.6006951Z  * [new tag]             v0.12.13.post1          -> v0.12.13.post1
2025-04-15T08:45:10.6008439Z  * [new tag]             v0.12.14                -> v0.12.14
2025-04-15T08:45:10.6010793Z  * [new tag]             v0.12.15                -> v0.12.15
2025-04-15T08:45:10.6012174Z  * [new tag]             v0.12.16                -> v0.12.16
2025-04-15T08:45:10.6014167Z  * [new tag]             v0.12.17                -> v0.12.17
2025-04-15T08:45:10.6015531Z  * [new tag]             v0.12.17.post1          -> v0.12.17.post1
2025-04-15T08:45:10.6017516Z  * [new tag]             v0.12.17.post2          -> v0.12.17.post2
2025-04-15T08:45:10.6019011Z  * [new tag]             v0.12.18                -> v0.12.18
2025-04-15T08:45:10.6021321Z  * [new tag]             v0.12.19                -> v0.12.19
2025-04-15T08:45:10.6022784Z  * [new tag]             v0.12.2                 -> v0.12.2
2025-04-15T08:45:10.6024850Z  * [new tag]             v0.12.20                -> v0.12.20
2025-04-15T08:45:10.6026374Z  * [new tag]             v0.12.21                -> v0.12.21
2025-04-15T08:45:10.6028331Z  * [new tag]             v0.12.22                -> v0.12.22
2025-04-15T08:45:10.6029934Z  * [new tag]             v0.12.22.post1          -> v0.12.22.post1
2025-04-15T08:45:10.6032052Z  * [new tag]             v0.12.23                -> v0.12.23
2025-04-15T08:45:10.6033522Z  * [new tag]             v0.12.24                -> v0.12.24
2025-04-15T08:45:10.6035601Z  * [new tag]             v0.12.24.post1          -> v0.12.24.post1
2025-04-15T08:45:10.6037563Z  * [new tag]             v0.12.24.post2          -> v0.12.24.post2
2025-04-15T08:45:10.6039019Z  * [new tag]             v0.12.25                -> v0.12.25
2025-04-15T08:45:10.6041344Z  * [new tag]             v0.12.26                -> v0.12.26
2025-04-15T08:45:10.6042840Z  * [new tag]             v0.12.27                -> v0.12.27
2025-04-15T08:45:10.6044876Z  * [new tag]             v0.12.28                -> v0.12.28
2025-04-15T08:45:10.6046739Z  * [new tag]             v0.12.29                -> v0.12.29
2025-04-15T08:45:10.6048588Z  * [new tag]             v0.12.3                 -> v0.12.3
2025-04-15T08:45:10.6050255Z  * [new tag]             v0.12.30                -> v0.12.30
2025-04-15T08:45:10.6052342Z  * [new tag]             v0.12.4                 -> v0.12.4
2025-04-15T08:45:10.6053991Z  * [new tag]             v0.12.5                 -> v0.12.5
2025-04-15T08:45:10.6055877Z  * [new tag]             v0.12.6                 -> v0.12.6
2025-04-15T08:45:10.6057703Z  * [new tag]             v0.12.7                 -> v0.12.7
2025-04-15T08:45:10.6059602Z  * [new tag]             v0.12.8                 -> v0.12.8
2025-04-15T08:45:10.6061344Z  * [new tag]             v0.12.9                 -> v0.12.9
2025-04-15T08:45:10.6063280Z  * [new tag]             v0.12.9.post1           -> v0.12.9.post1
2025-04-15T08:45:10.6065051Z  * [new tag]             v0.2.17                 -> v0.2.17
2025-04-15T08:45:10.6066626Z  * [new tag]             v0.3.0                  -> v0.3.0
2025-04-15T08:45:10.6068612Z  * [new tag]             v0.3.1                  -> v0.3.1
2025-04-15T08:45:10.6070227Z  * [new tag]             v0.3.2                  -> v0.3.2
2025-04-15T08:45:10.6071960Z  * [new tag]             v0.3.3                  -> v0.3.3
2025-04-15T08:45:10.6073789Z  * [new tag]             v0.3.4                  -> v0.3.4
2025-04-15T08:45:10.6075193Z  * [new tag]             v0.3.5                  -> v0.3.5
2025-04-15T08:45:10.6076914Z  * [new tag]             v0.3.6                  -> v0.3.6
2025-04-15T08:45:10.6078918Z  * [new tag]             v0.4.0                  -> v0.4.0
2025-04-15T08:45:10.6080951Z  * [new tag]             v0.4.1                  -> v0.4.1
2025-04-15T08:45:10.6082448Z  * [new tag]             v0.4.10                 -> v0.4.10
2025-04-15T08:45:10.6084456Z  * [new tag]             v0.4.11                 -> v0.4.11
2025-04-15T08:45:10.6085938Z  * [new tag]             v0.4.12                 -> v0.4.12
2025-04-15T08:45:10.6087667Z  * [new tag]             v0.4.13                 -> v0.4.13
2025-04-15T08:45:10.6089372Z  * [new tag]             v0.4.14                 -> v0.4.14
2025-04-15T08:45:10.6091283Z  * [new tag]             v0.4.15                 -> v0.4.15
2025-04-15T08:45:10.6092780Z  * [new tag]             v0.4.16                 -> v0.4.16
2025-04-15T08:45:10.6094658Z  * [new tag]             v0.4.17                 -> v0.4.17
2025-04-15T08:45:10.6096371Z  * [new tag]             v0.4.18                 -> v0.4.18
2025-04-15T08:45:10.6097911Z  * [new tag]             v0.4.19                 -> v0.4.19
2025-04-15T08:45:10.6099941Z  * [new tag]             v0.4.2                  -> v0.4.2
2025-04-15T08:45:10.6101900Z  * [new tag]             v0.4.20                 -> v0.4.20
2025-04-15T08:45:10.6103300Z  * [new tag]             v0.4.21                 -> v0.4.21
2025-04-15T08:45:10.6105215Z  * [new tag]             v0.4.22                 -> v0.4.22
2025-04-15T08:45:10.6106693Z  * [new tag]             v0.4.22.post1           -> v0.4.22.post1
2025-04-15T08:45:10.6108452Z  * [new tag]             v0.4.23                 -> v0.4.23
2025-04-15T08:45:10.6110324Z  * [new tag]             v0.4.24                 -> v0.4.24
2025-04-15T08:45:10.6112256Z  * [new tag]             v0.4.25                 -> v0.4.25
2025-04-15T08:45:10.6113723Z  * [new tag]             v0.4.26                 -> v0.4.26
2025-04-15T08:45:10.6115625Z  * [new tag]             v0.4.27                 -> v0.4.27
2025-04-15T08:45:10.6117433Z  * [new tag]             v0.4.28                 -> v0.4.28
2025-04-15T08:45:10.6119630Z  * [new tag]             v0.4.29                 -> v0.4.29
2025-04-15T08:45:10.6120875Z  * [new tag]             v0.4.3                  -> v0.4.3
2025-04-15T08:45:10.6122808Z  * [new tag]             v0.4.30                 -> v0.4.30
2025-04-15T08:45:10.6124625Z  * [new tag]             v0.4.31                 -> v0.4.31
2025-04-15T08:45:10.6126083Z  * [new tag]             v0.4.32                 -> v0.4.32
2025-04-15T08:45:10.6127930Z  * [new tag]             v0.4.33                 -> v0.4.33
2025-04-15T08:45:10.6129725Z  * [new tag]             v0.4.34                 -> v0.4.34
2025-04-15T08:45:10.6131446Z  * [new tag]             v0.4.35                 -> v0.4.35
2025-04-15T08:45:10.6133188Z  * [new tag]             v0.4.35.post1           -> v0.4.35.post1
2025-04-15T08:45:10.6134928Z  * [new tag]             v0.4.36                 -> v0.4.36
2025-04-15T08:45:10.6136826Z  * [new tag]             v0.4.37                 -> v0.4.37
2025-04-15T08:45:10.6138730Z  * [new tag]             v0.4.38                 -> v0.4.38
2025-04-15T08:45:10.6140403Z  * [new tag]             v0.4.39                 -> v0.4.39
2025-04-15T08:45:10.6142316Z  * [new tag]             v0.4.4                  -> v0.4.4
2025-04-15T08:45:10.6143787Z  * [new tag]             v0.4.40                 -> v0.4.40
2025-04-15T08:45:10.6145666Z  * [new tag]             v0.4.5                  -> v0.4.5
2025-04-15T08:45:10.6147268Z  * [new tag]             v0.4.6                  -> v0.4.6
2025-04-15T08:45:10.6149244Z  * [new tag]             v0.4.7                  -> v0.4.7
2025-04-15T08:45:10.6150901Z  * [new tag]             v0.4.8                  -> v0.4.8
2025-04-15T08:45:10.6152823Z  * [new tag]             v0.4.9                  -> v0.4.9
2025-04-15T08:45:10.6154547Z  * [new tag]             v0.5.0                  -> v0.5.0
2025-04-15T08:45:10.6156433Z  * [new tag]             v0.5.1                  -> v0.5.1
2025-04-15T08:45:10.6158154Z  * [new tag]             v0.5.10                 -> v0.5.10
2025-04-15T08:45:10.6160177Z  * [new tag]             v0.5.11                 -> v0.5.11
2025-04-15T08:45:10.6162131Z  * [new tag]             v0.5.12                 -> v0.5.12
2025-04-15T08:45:10.6163601Z  * [new tag]             v0.5.13                 -> v0.5.13
2025-04-15T08:45:10.6165616Z  * [new tag]             v0.5.13.post1           -> v0.5.13.post1
2025-04-15T08:45:10.6167135Z  * [new tag]             v0.5.15                 -> v0.5.15
2025-04-15T08:45:10.6169085Z  * [new tag]             v0.5.16                 -> v0.5.16
2025-04-15T08:45:10.6171266Z  * [new tag]             v0.5.17                 -> v0.5.17
2025-04-15T08:45:10.6173033Z  * [new tag]             v0.5.17.post1           -> v0.5.17.post1
2025-04-15T08:45:10.6174712Z  * [new tag]             v0.5.18                 -> v0.5.18
2025-04-15T08:45:10.6176387Z  * [new tag]             v0.5.19                 -> v0.5.19
2025-04-15T08:45:10.6178079Z  * [new tag]             v0.5.2                  -> v0.5.2
2025-04-15T08:45:10.6180067Z  * [new tag]             v0.5.20                 -> v0.5.20
2025-04-15T08:45:10.6181726Z  * [new tag]             v0.5.22                 -> v0.5.22
2025-04-15T08:45:10.6183388Z  * [new tag]             v0.5.23                 -> v0.5.23
2025-04-15T08:45:10.6185108Z  * [new tag]             v0.5.23.post1           -> v0.5.23.post1
2025-04-15T08:45:10.6186783Z  * [new tag]             v0.5.24                 -> v0.5.24
2025-04-15T08:45:10.6188460Z  * [new tag]             v0.5.25                 -> v0.5.25
2025-04-15T08:45:10.6190386Z  * [new tag]             v0.5.26                 -> v0.5.26
2025-04-15T08:45:10.6191976Z  * [new tag]             v0.5.27                 -> v0.5.27
2025-04-15T08:45:10.6193742Z  * [new tag]             v0.5.3                  -> v0.5.3
2025-04-15T08:45:10.6195471Z  * [new tag]             v0.5.4                  -> v0.5.4
2025-04-15T08:45:10.6197137Z  * [new tag]             v0.5.5                  -> v0.5.5
2025-04-15T08:45:10.6198904Z  * [new tag]             v0.5.6                  -> v0.5.6
2025-04-15T08:45:10.6200985Z  * [new tag]             v0.5.7                  -> v0.5.7
2025-04-15T08:45:10.6202522Z  * [new tag]             v0.5.8                  -> v0.5.8
2025-04-15T08:45:10.6204170Z  * [new tag]             v0.5.9                  -> v0.5.9
2025-04-15T08:45:10.6205870Z  * [new tag]             v0.6.0                  -> v0.6.0
2025-04-15T08:45:10.6207607Z  * [new tag]             v0.6.0.alpha1           -> v0.6.0.alpha1
2025-04-15T08:45:10.6209296Z  * [new tag]             v0.6.0.alpha2           -> v0.6.0.alpha2
2025-04-15T08:45:10.6211216Z  * [new tag]             v0.6.0.alpha3           -> v0.6.0.alpha3
2025-04-15T08:45:10.6212939Z  * [new tag]             v0.6.0.alpha4           -> v0.6.0.alpha4
2025-04-15T08:45:10.6238978Z  * [new tag]             v0.6.0.alpha5           -> v0.6.0.alpha5
2025-04-15T08:45:10.6239823Z  * [new tag]             v0.6.0.alpha6           -> v0.6.0.alpha6
2025-04-15T08:45:10.6240426Z  * [new tag]             v0.6.0.alpha7           -> v0.6.0.alpha7
2025-04-15T08:45:10.6241032Z  * [new tag]             v0.6.1                  -> v0.6.1
2025-04-15T08:45:10.6241580Z  * [new tag]             v0.6.13                 -> v0.6.13
2025-04-15T08:45:10.6242132Z  * [new tag]             v0.6.17                 -> v0.6.17
2025-04-15T08:45:10.6242680Z  * [new tag]             v0.6.2                  -> v0.6.2
2025-04-15T08:45:10.6243223Z  * [new tag]             v0.6.21                 -> v0.6.21
2025-04-15T08:45:10.6244070Z  * [new tag]             v0.6.21.post1           -> v0.6.21.post1
2025-04-15T08:45:10.6244639Z  * [new tag]             v0.6.22                 -> v0.6.22
2025-04-15T08:45:10.6245180Z  * [new tag]             v0.6.3                  -> v0.6.3
2025-04-15T08:45:10.6245700Z  * [new tag]             v0.6.37                 -> v0.6.37
2025-04-15T08:45:10.6246214Z  * [new tag]             v0.7.10                 -> v0.7.10
2025-04-15T08:45:10.6246712Z  * [new tag]             v0.7.11                 -> v0.7.11
2025-04-15T08:45:10.6247280Z  * [new tag]             v0.7.11.post1           -> v0.7.11.post1
2025-04-15T08:45:10.6247841Z  * [new tag]             v0.7.12                 -> v0.7.12
2025-04-15T08:45:10.6248361Z  * [new tag]             v0.7.13                 -> v0.7.13
2025-04-15T08:45:10.6248890Z  * [new tag]             v0.7.14                 -> v0.7.14
2025-04-15T08:45:10.6249406Z  * [new tag]             v0.7.19                 -> v0.7.19
2025-04-15T08:45:10.6250138Z  * [new tag]             v0.7.20                 -> v0.7.20
2025-04-15T08:45:10.6250689Z  * [new tag]             v0.7.24.post1           -> v0.7.24.post1
2025-04-15T08:45:10.6251377Z  * [new tag]             v0.7.9                  -> v0.7.9
2025-04-15T08:45:10.6253203Z  * [new tag]             v0.8.1.post1            -> v0.8.1.post1
2025-04-15T08:45:10.6254669Z  * [new tag]             v0.8.10                 -> v0.8.10
2025-04-15T08:45:10.6256339Z  * [new tag]             v0.8.11.post1           -> v0.8.11.post1
2025-04-15T08:45:10.6258003Z  * [new tag]             v0.8.11.post2           -> v0.8.11.post2
2025-04-15T08:45:10.6259909Z  * [new tag]             v0.8.11.post3           -> v0.8.11.post3
2025-04-15T08:45:10.6261613Z  * [new tag]             v0.8.12                 -> v0.8.12
2025-04-15T08:45:10.6263236Z  * [new tag]             v0.8.13                 -> v0.8.13
2025-04-15T08:45:10.6264857Z  * [new tag]             v0.8.14                 -> v0.8.14
2025-04-15T08:45:10.6266500Z  * [new tag]             v0.8.15                 -> v0.8.15
2025-04-15T08:45:10.6268176Z  * [new tag]             v0.8.16                 -> v0.8.16
2025-04-15T08:45:10.6270008Z  * [new tag]             v0.8.17                 -> v0.8.17
2025-04-15T08:45:10.6271610Z  * [new tag]             v0.8.18                 -> v0.8.18
2025-04-15T08:45:10.6273239Z  * [new tag]             v0.8.19                 -> v0.8.19
2025-04-15T08:45:10.6275004Z  * [new tag]             v0.8.2                  -> v0.8.2
2025-04-15T08:45:10.6276680Z  * [new tag]             v0.8.2.post1            -> v0.8.2.post1
2025-04-15T08:45:10.6278548Z  * [new tag]             v0.8.20                 -> v0.8.20
2025-04-15T08:45:10.6280205Z  * [new tag]             v0.8.21                 -> v0.8.21
2025-04-15T08:45:10.6281815Z  * [new tag]             v0.8.22                 -> v0.8.22
2025-04-15T08:45:10.6283469Z  * [new tag]             v0.8.23                 -> v0.8.23
2025-04-15T08:45:10.6285166Z  * [new tag]             v0.8.23.post1           -> v0.8.23.post1
2025-04-15T08:45:10.6286794Z  * [new tag]             v0.8.24                 -> v0.8.24
2025-04-15T08:45:10.6288436Z  * [new tag]             v0.8.24.post1           -> v0.8.24.post1
2025-04-15T08:45:10.6290266Z  * [new tag]             v0.8.25                 -> v0.8.25
2025-04-15T08:45:10.6291986Z  * [new tag]             v0.8.26                 -> v0.8.26
2025-04-15T08:45:10.6293622Z  * [new tag]             v0.8.26.post1           -> v0.8.26.post1
2025-04-15T08:45:10.6295390Z  * [new tag]             v0.8.27                 -> v0.8.27
2025-04-15T08:45:10.6297054Z  * [new tag]             v0.8.28                 -> v0.8.28
2025-04-15T08:45:10.6298638Z  * [new tag]             v0.8.28.alpha1          -> v0.8.28.alpha1
2025-04-15T08:45:10.6300441Z  * [new tag]             v0.8.29                 -> v0.8.29
2025-04-15T08:45:10.6302124Z  * [new tag]             v0.8.29.post1           -> v0.8.29.post1
2025-04-15T08:45:10.6303809Z  * [new tag]             v0.8.3                  -> v0.8.3
2025-04-15T08:45:10.6305616Z  * [new tag]             v0.8.30                 -> v0.8.30
2025-04-15T08:45:10.6307220Z  * [new tag]             v0.8.31                 -> v0.8.31
2025-04-15T08:45:10.6308861Z  * [new tag]             v0.8.32                 -> v0.8.32
2025-04-15T08:45:10.6310722Z  * [new tag]             v0.8.33                 -> v0.8.33
2025-04-15T08:45:10.6312394Z  * [new tag]             v0.8.34                 -> v0.8.34
2025-04-15T08:45:10.6314089Z  * [new tag]             v0.8.35                 -> v0.8.35
2025-04-15T08:45:10.6315773Z  * [new tag]             v0.8.36                 -> v0.8.36
2025-04-15T08:45:10.6317475Z  * [new tag]             v0.8.37                 -> v0.8.37
2025-04-15T08:45:10.6319185Z  * [new tag]             v0.8.38                 -> v0.8.38
2025-04-15T08:45:10.6321063Z  * [new tag]             v0.8.39                 -> v0.8.39
2025-04-15T08:45:10.6322771Z  * [new tag]             v0.8.39.post1           -> v0.8.39.post1
2025-04-15T08:45:10.6324416Z  * [new tag]             v0.8.39.post2           -> v0.8.39.post2
2025-04-15T08:45:10.6326126Z  * [new tag]             v0.8.4                  -> v0.8.4
2025-04-15T08:45:10.6327818Z  * [new tag]             v0.8.40                 -> v0.8.40
2025-04-15T08:45:10.6329648Z  * [new tag]             v0.8.41                 -> v0.8.41
2025-04-15T08:45:10.6331394Z  * [new tag]             v0.8.42                 -> v0.8.42
2025-04-15T08:45:10.6333128Z  * [new tag]             v0.8.43                 -> v0.8.43
2025-04-15T08:45:10.6334846Z  * [new tag]             v0.8.43.post1           -> v0.8.43.post1
2025-04-15T08:45:10.6336560Z  * [new tag]             v0.8.44                 -> v0.8.44
2025-04-15T08:45:10.6338272Z  * [new tag]             v0.8.45                 -> v0.8.45
2025-04-15T08:45:10.6340281Z  * [new tag]             v0.8.45.post1           -> v0.8.45.post1
2025-04-15T08:45:10.6341865Z  * [new tag]             v0.8.46                 -> v0.8.46
2025-04-15T08:45:10.6343621Z  * [new tag]             v0.8.47                 -> v0.8.47
2025-04-15T08:45:10.6345320Z  * [new tag]             v0.8.48                 -> v0.8.48
2025-04-15T08:45:10.6347036Z  * [new tag]             v0.8.49                 -> v0.8.49
2025-04-15T08:45:10.6348843Z  * [new tag]             v0.8.5.post1            -> v0.8.5.post1
2025-04-15T08:45:10.6350820Z  * [new tag]             v0.8.50                 -> v0.8.50
2025-04-15T08:45:10.6352516Z  * [new tag]             v0.8.51                 -> v0.8.51
2025-04-15T08:45:10.6354226Z  * [new tag]             v0.8.51.post1           -> v0.8.51.post1
2025-04-15T08:45:10.6356102Z  * [new tag]             v0.8.52                 -> v0.8.52
2025-04-15T08:45:10.6357638Z  * [new tag]             v0.8.53                 -> v0.8.53
2025-04-15T08:45:10.6359366Z  * [new tag]             v0.8.53.post1           -> v0.8.53.post1
2025-04-15T08:45:10.6361247Z  * [new tag]             v0.8.53.post3           -> v0.8.53.post3
2025-04-15T08:45:10.6362989Z  * [new tag]             v0.8.54                 -> v0.8.54
2025-04-15T08:45:10.6364664Z  * [new tag]             v0.8.55                 -> v0.8.55
2025-04-15T08:45:10.6366427Z  * [new tag]             v0.8.56                 -> v0.8.56
2025-04-15T08:45:10.6368107Z  * [new tag]             v0.8.57                 -> v0.8.57
2025-04-15T08:45:10.6369992Z  * [new tag]             v0.8.58                 -> v0.8.58
2025-04-15T08:45:10.6371689Z  * [new tag]             v0.8.59                 -> v0.8.59
2025-04-15T08:45:10.6373386Z  * [new tag]             v0.8.61                 -> v0.8.61
2025-04-15T08:45:10.6375041Z  * [new tag]             v0.8.62                 -> v0.8.62
2025-04-15T08:45:10.6376762Z  * [new tag]             v0.8.62.post1           -> v0.8.62.post1
2025-04-15T08:45:10.6378450Z  * [new tag]             v0.8.63                 -> v0.8.63
2025-04-15T08:45:10.6380252Z  * [new tag]             v0.8.63.post1           -> v0.8.63.post1
2025-04-15T08:45:10.6382254Z  * [new tag]             v0.8.63.post2           -> v0.8.63.post2
2025-04-15T08:45:10.6384000Z  * [new tag]             v0.8.64                 -> v0.8.64
2025-04-15T08:45:10.6385653Z  * [new tag]             v0.8.64.post1           -> v0.8.64.post1
2025-04-15T08:45:10.6387312Z  * [new tag]             v0.8.65                 -> v0.8.65
2025-04-15T08:45:10.6389101Z  * [new tag]             v0.8.66                 -> v0.8.66
2025-04-15T08:45:10.6391117Z  * [new tag]             v0.8.67                 -> v0.8.67
2025-04-15T08:45:10.6392788Z  * [new tag]             v0.8.68                 -> v0.8.68
2025-04-15T08:45:10.6394574Z  * [new tag]             v0.8.69                 -> v0.8.69
2025-04-15T08:45:10.6396365Z  * [new tag]             v0.8.69.post1           -> v0.8.69.post1
2025-04-15T08:45:10.6398120Z  * [new tag]             v0.8.69.post2           -> v0.8.69.post2
2025-04-15T08:45:10.6400267Z  * [new tag]             v0.8.7                  -> v0.8.7
2025-04-15T08:45:10.6401883Z  * [new tag]             v0.9.0                  -> v0.9.0
2025-04-15T08:45:10.6403557Z  * [new tag]             v0.9.0.post1            -> v0.9.0.post1
2025-04-15T08:45:10.6405200Z  * [new tag]             v0.9.0a1                -> v0.9.0a1
2025-04-15T08:45:10.6406818Z  * [new tag]             v0.9.0a2                -> v0.9.0a2
2025-04-15T08:45:10.6408450Z  * [new tag]             v0.9.0a3                -> v0.9.0a3
2025-04-15T08:45:10.6410242Z  * [new tag]             v0.9.1                  -> v0.9.1
2025-04-15T08:45:10.6412138Z  * [new tag]             v0.9.10                 -> v0.9.10
2025-04-15T08:45:10.6413833Z  * [new tag]             v0.9.11                 -> v0.9.11
2025-04-15T08:45:10.6415626Z  * [new tag]             v0.9.11.post1           -> v0.9.11.post1
2025-04-15T08:45:10.6417455Z  * [new tag]             v0.9.12                 -> v0.9.12
2025-04-15T08:45:10.6419204Z  * [new tag]             v0.9.13                 -> v0.9.13
2025-04-15T08:45:10.6421171Z  * [new tag]             v0.9.14                 -> v0.9.14
2025-04-15T08:45:10.6422877Z  * [new tag]             v0.9.14.post1           -> v0.9.14.post1
2025-04-15T08:45:10.6424565Z  * [new tag]             v0.9.14.post2           -> v0.9.14.post2
2025-04-15T08:45:10.6426403Z  * [new tag]             v0.9.14.post3           -> v0.9.14.post3
2025-04-15T08:45:10.6428131Z  * [new tag]             v0.9.15                 -> v0.9.15
2025-04-15T08:45:10.6430171Z  * [new tag]             v0.9.15.post1           -> v0.9.15.post1
2025-04-15T08:45:10.6431876Z  * [new tag]             v0.9.15.post2           -> v0.9.15.post2
2025-04-15T08:45:10.6433584Z  * [new tag]             v0.9.16                 -> v0.9.16
2025-04-15T08:45:10.6435529Z  * [new tag]             v0.9.16.post1           -> v0.9.16.post1
2025-04-15T08:45:10.6437204Z  * [new tag]             v0.9.17                 -> v0.9.17
2025-04-15T08:45:10.6438947Z  * [new tag]             v0.9.17.dev1            -> v0.9.17.dev1
2025-04-15T08:45:10.6440915Z  * [new tag]             v0.9.18                 -> v0.9.18
2025-04-15T08:45:10.6442674Z  * [new tag]             v0.9.19                 -> v0.9.19
2025-04-15T08:45:10.6444417Z  * [new tag]             v0.9.2                  -> v0.9.2
2025-04-15T08:45:10.6446705Z  * [new tag]             v0.9.20                 -> v0.9.20
2025-04-15T08:45:10.6448471Z  * [new tag]             v0.9.21                 -> v0.9.21
2025-04-15T08:45:10.6450440Z  * [new tag]             v0.9.22                 -> v0.9.22
2025-04-15T08:45:10.6452172Z  * [new tag]             v0.9.23                 -> v0.9.23
2025-04-15T08:45:10.6453896Z  * [new tag]             v0.9.24                 -> v0.9.24
2025-04-15T08:45:10.6455666Z  * [new tag]             v0.9.25                 -> v0.9.25
2025-04-15T08:45:10.6457400Z  * [new tag]             v0.9.25.post1           -> v0.9.25.post1
2025-04-15T08:45:10.6459180Z  * [new tag]             v0.9.26                 -> v0.9.26
2025-04-15T08:45:10.6461148Z  * [new tag]             v0.9.27                 -> v0.9.27
2025-04-15T08:45:10.6462920Z  * [new tag]             v0.9.28                 -> v0.9.28
2025-04-15T08:45:10.6464764Z  * [new tag]             v0.9.28.post1           -> v0.9.28.post1
2025-04-15T08:45:10.6466585Z  * [new tag]             v0.9.28.post2           -> v0.9.28.post2
2025-04-15T08:45:10.6468355Z  * [new tag]             v0.9.29                 -> v0.9.29
2025-04-15T08:45:10.6470156Z  * [new tag]             v0.9.3                  -> v0.9.3
2025-04-15T08:45:10.6472058Z  * [new tag]             v0.9.3.post1            -> v0.9.3.post1
2025-04-15T08:45:10.6473793Z  * [new tag]             v0.9.30                 -> v0.9.30
2025-04-15T08:45:10.6475708Z  * [new tag]             v0.9.31                 -> v0.9.31
2025-04-15T08:45:10.6477455Z  * [new tag]             v0.9.32                 -> v0.9.32
2025-04-15T08:45:10.6479189Z  * [new tag]             v0.9.33                 -> v0.9.33
2025-04-15T08:45:10.6481154Z  * [new tag]             v0.9.34                 -> v0.9.34
2025-04-15T08:45:10.6482867Z  * [new tag]             v0.9.35                 -> v0.9.35
2025-04-15T08:45:10.6484683Z  * [new tag]             v0.9.36                 -> v0.9.36
2025-04-15T08:45:10.6486512Z  * [new tag]             v0.9.37                 -> v0.9.37
2025-04-15T08:45:10.6488300Z  * [new tag]             v0.9.37.post1           -> v0.9.37.post1
2025-04-15T08:45:10.6490185Z  * [new tag]             v0.9.38                 -> v0.9.38
2025-04-15T08:45:10.6492132Z  * [new tag]             v0.9.39                 -> v0.9.39
2025-04-15T08:45:10.6493869Z  * [new tag]             v0.9.4                  -> v0.9.4
2025-04-15T08:45:10.6495694Z  * [new tag]             v0.9.40                 -> v0.9.40
2025-04-15T08:45:10.6497562Z  * [new tag]             v0.9.41                 -> v0.9.41
2025-04-15T08:45:10.6499401Z  * [new tag]             v0.9.42                 -> v0.9.42
2025-04-15T08:45:10.6501455Z  * [new tag]             v0.9.42.post1           -> v0.9.42.post1
2025-04-15T08:45:10.6503276Z  * [new tag]             v0.9.42.post2           -> v0.9.42.post2
2025-04-15T08:45:10.6505069Z  * [new tag]             v0.9.43                 -> v0.9.43
2025-04-15T08:45:10.6506957Z  * [new tag]             v0.9.44                 -> v0.9.44
2025-04-15T08:45:10.6508704Z  * [new tag]             v0.9.45                 -> v0.9.45
2025-04-15T08:45:10.6510865Z  * [new tag]             v0.9.45.post1           -> v0.9.45.post1
2025-04-15T08:45:10.6512733Z  * [new tag]             v0.9.46                 -> v0.9.46
2025-04-15T08:45:10.6514528Z  * [new tag]             v0.9.47                 -> v0.9.47
2025-04-15T08:45:10.6516328Z  * [new tag]             v0.9.48                 -> v0.9.48
2025-04-15T08:45:10.6518343Z  * [new tag]             v0.9.5                  -> v0.9.5
2025-04-15T08:45:10.6520165Z  * [new tag]             v0.9.6                  -> v0.9.6
2025-04-15T08:45:10.6521982Z  * [new tag]             v0.9.6.post1            -> v0.9.6.post1
2025-04-15T08:45:10.6523805Z  * [new tag]             v0.9.6.post2            -> v0.9.6.post2
2025-04-15T08:45:10.6525576Z  * [new tag]             v0.9.7                  -> v0.9.7
2025-04-15T08:45:10.6527237Z  * [new tag]             v0.9.8                  -> v0.9.8
2025-04-15T08:45:10.6529192Z  * [new tag]             v0.9.8.post1            -> v0.9.8.post1
2025-04-15T08:45:10.6531174Z  * [new tag]             v0.9.9                  -> v0.9.9
2025-04-15T08:45:10.6534553Z  * [new ref]             bd54e7229c5eb16efae2534c9aa582ebedd722de -> pull/18461/merge
2025-04-15T08:45:10.6642651Z ##[endgroup]
2025-04-15T08:45:10.6643064Z ##[group]Determining the checkout info
2025-04-15T08:45:10.6643663Z ##[endgroup]
2025-04-15T08:45:10.6649074Z [command]/usr/bin/git sparse-checkout disable
2025-04-15T08:45:10.6686840Z [command]/usr/bin/git config --local --unset-all extensions.worktreeConfig
2025-04-15T08:45:10.6712935Z ##[group]Checking out the ref
2025-04-15T08:45:10.6716820Z [command]/usr/bin/git checkout --progress --force refs/remotes/pull/18461/merge
2025-04-15T08:45:11.6902879Z Updating files:  70% (8513/12035)
2025-04-15T08:45:11.6957921Z Updating files:  71% (8545/12035)
2025-04-15T08:45:11.7014793Z Updating files:  72% (8666/12035)
2025-04-15T08:45:11.7068387Z Updating files:  73% (8786/12035)
2025-04-15T08:45:11.7123166Z Updating files:  74% (8906/12035)
2025-04-15T08:45:11.7177436Z Updating files:  75% (9027/12035)
2025-04-15T08:45:11.7229980Z Updating files:  76% (9147/12035)
2025-04-15T08:45:11.7286884Z Updating files:  77% (9267/12035)
2025-04-15T08:45:11.7343975Z Updating files:  78% (9388/12035)
2025-04-15T08:45:11.7537091Z Updating files:  79% (9508/12035)
2025-04-15T08:45:11.7638264Z Updating files:  80% (9628/12035)
2025-04-15T08:45:11.7693149Z Updating files:  81% (9749/12035)
2025-04-15T08:45:11.7747605Z Updating files:  82% (9869/12035)
2025-04-15T08:45:11.7799282Z Updating files:  83% (9990/12035)
2025-04-15T08:45:11.7850283Z Updating files:  84% (10110/12035)
2025-04-15T08:45:11.7902853Z Updating files:  85% (10230/12035)
2025-04-15T08:45:11.7959179Z Updating files:  86% (10351/12035)
2025-04-15T08:45:11.8015136Z Updating files:  87% (10471/12035)
2025-04-15T08:45:11.8065388Z Updating files:  88% (10591/12035)
2025-04-15T08:45:11.8117624Z Updating files:  89% (10712/12035)
2025-04-15T08:45:11.8197273Z Updating files:  90% (10832/12035)
2025-04-15T08:45:11.8259589Z Updating files:  91% (10952/12035)
2025-04-15T08:45:11.8315637Z Updating files:  92% (11073/12035)
2025-04-15T08:45:11.8367501Z Updating files:  93% (11193/12035)
2025-04-15T08:45:11.8661746Z Updating files:  94% (11313/12035)
2025-04-15T08:45:11.8720248Z Updating files:  95% (11434/12035)
2025-04-15T08:45:11.8890034Z Updating files:  96% (11554/12035)
2025-04-15T08:45:11.9557156Z Updating files:  97% (11674/12035)
2025-04-15T08:45:11.9612007Z Updating files:  98% (11795/12035)
2025-04-15T08:45:11.9677828Z Updating files:  99% (11915/12035)
2025-04-15T08:45:11.9678295Z Updating files: 100% (12035/12035)
2025-04-15T08:45:11.9678645Z Updating files: 100% (12035/12035), done.
2025-04-15T08:45:11.9857222Z Note: switching to 'refs/remotes/pull/18461/merge'.
2025-04-15T08:45:11.9857545Z 
2025-04-15T08:45:11.9857812Z You are in 'detached HEAD' state. You can look around, make experimental
2025-04-15T08:45:11.9858453Z changes and commit them, and you can discard any commits you make in this
2025-04-15T08:45:11.9859070Z state without impacting any branches by switching back to a branch.
2025-04-15T08:45:11.9859639Z 
2025-04-15T08:45:11.9859874Z If you want to create a new branch to retain commits you create, you may
2025-04-15T08:45:11.9860436Z do so (now or later) by using -c with the switch command. Example:
2025-04-15T08:45:11.9860770Z 
2025-04-15T08:45:11.9860888Z   git switch -c <new-branch-name>
2025-04-15T08:45:11.9861069Z 
2025-04-15T08:45:11.9861399Z Or undo this operation with:
2025-04-15T08:45:11.9861564Z 
2025-04-15T08:45:11.9861651Z   git switch -
2025-04-15T08:45:11.9861781Z 
2025-04-15T08:45:11.9861988Z Turn off this advice by setting config variable advice.detachedHead to false
2025-04-15T08:45:11.9862284Z 
2025-04-15T08:45:11.9862611Z HEAD is now at bd54e7229 Merge 05d34d2a766386ce1cfe347d5b8764843fbc9a49 into 8e2ef85ad3f89b08d9010b6f933ad84a6b649639
2025-04-15T08:45:11.9956356Z ##[endgroup]
2025-04-15T08:45:11.9998338Z [command]/usr/bin/git log -1 --format=%H
2025-04-15T08:45:12.0020466Z bd54e7229c5eb16efae2534c9aa582ebedd722de
2025-04-15T08:45:12.0131060Z ##[group]Run pipx install poetry==1.8.3
2025-04-15T08:45:12.0131398Z [36;1mpipx install poetry==1.8.3[0m
2025-04-15T08:45:12.0181408Z shell: /usr/bin/bash -e {0}
2025-04-15T08:45:12.0181667Z env:
2025-04-15T08:45:12.0181865Z   POETRY_VERSION: 1.8.3
2025-04-15T08:45:12.0182099Z   SYSTEM_VERSION_COMPAT: 1
2025-04-15T08:45:12.0182323Z ##[endgroup]
2025-04-15T08:45:12.1494165Z creating virtual environment...
2025-04-15T08:45:12.2393167Z installing poetry from spec 'poetry==1.8.3'...
2025-04-15T08:45:17.2090095Z done! ✨ 🌟 ✨
2025-04-15T08:45:17.2090591Z   installed package poetry 1.8.3, installed using Python 3.12.3
2025-04-15T08:45:17.2091137Z   These apps are now globally available
2025-04-15T08:45:17.2091527Z     - poetry
2025-04-15T08:45:17.2353357Z ##[group]Run actions/setup-python@v5
2025-04-15T08:45:17.2353819Z with:
2025-04-15T08:45:17.2354017Z   python-version: 3.9
2025-04-15T08:45:17.2354235Z   check-latest: false
2025-04-15T08:45:17.2354556Z   token: ***
2025-04-15T08:45:17.2354762Z   update-environment: true
2025-04-15T08:45:17.2355002Z   allow-prereleases: false
2025-04-15T08:45:17.2355217Z   freethreaded: false
2025-04-15T08:45:17.2355416Z env:
2025-04-15T08:45:17.2355592Z   POETRY_VERSION: 1.8.3
2025-04-15T08:45:17.2355804Z   SYSTEM_VERSION_COMPAT: 1
2025-04-15T08:45:17.2356016Z ##[endgroup]
2025-04-15T08:45:17.3972885Z ##[group]Installed versions
2025-04-15T08:45:17.3984041Z Version 3.9 was not found in the local cache
2025-04-15T08:45:17.7997855Z Version 3.9 is available for downloading
2025-04-15T08:45:17.7999865Z Download from "https://github.com/actions/python-versions/releases/download/3.9.22-14344111503/python-3.9.22-linux-24.04-x64.tar.gz"
2025-04-15T08:45:18.3722220Z Extract downloaded archive
2025-04-15T08:45:18.3820615Z [command]/usr/bin/tar xz --warning=no-unknown-keyword --overwrite -C /home/runner/work/_temp/fdcc3722-6053-4cba-8835-dbc13f545663 -f /home/runner/work/_temp/49e92b6a-5f69-4ee5-afb2-2749800b60b5
2025-04-15T08:45:19.6956079Z Execute installation script
2025-04-15T08:45:19.7045078Z Check if Python hostedtoolcache folder exist...
2025-04-15T08:45:19.7045686Z Creating Python hostedtoolcache folder...
2025-04-15T08:45:19.7058148Z Create Python 3.9.22 folder
2025-04-15T08:45:19.7071909Z Copy Python binaries to hostedtoolcache folder
2025-04-15T08:45:20.1795136Z Create additional symlinks (Required for the UsePythonVersion Azure Pipelines task and the setup-python GitHub Action)
2025-04-15T08:45:20.1839100Z Upgrading pip...
2025-04-15T08:45:22.6054383Z Looking in links: /tmp/tmpqhmtxbt8
2025-04-15T08:45:22.6057419Z Requirement already satisfied: setuptools in /opt/hostedtoolcache/Python/3.9.22/x64/lib/python3.9/site-packages (58.1.0)
2025-04-15T08:45:22.6062060Z Requirement already satisfied: pip in /opt/hostedtoolcache/Python/3.9.22/x64/lib/python3.9/site-packages (23.0.1)
2025-04-15T08:45:24.0628577Z Collecting pip
2025-04-15T08:45:24.1042362Z Downloading pip-25.0.1-py3-none-any.whl (1.8 MB)
2025-04-15T08:45:24.1705081Z ━━━━━━━━━━━━━━━━━━━━━━━━━━━━━━━━━━━━━━━━ 1.8/1.8 MB 28.9 MB/s eta 0:00:00
2025-04-15T08:45:24.1705415Z 
2025-04-15T08:45:24.2034889Z Installing collected packages: pip
2025-04-15T08:45:24.2035763Z Attempting uninstall: pip
2025-04-15T08:45:24.2041749Z Found existing installation: pip 23.0.1
2025-04-15T08:45:24.3867231Z Uninstalling pip-23.0.1:
2025-04-15T08:45:24.3937689Z Successfully uninstalled pip-23.0.1
2025-04-15T08:45:25.2078947Z Successfully installed pip-25.0.1
2025-04-15T08:45:25.2562667Z Create complete file
2025-04-15T08:45:25.2600290Z Successfully set up CPython (3.9.22)
2025-04-15T08:45:25.2601605Z ##[endgroup]
2025-04-15T08:45:25.2726263Z ##[group]Run curl --proto '=https' --tlsv1.2 -fsSLO https://static.pantsbuild.org/setup/get-pants.sh
2025-04-15T08:45:25.2726947Z [36;1mcurl --proto '=https' --tlsv1.2 -fsSLO https://static.pantsbuild.org/setup/get-pants.sh[0m
2025-04-15T08:45:25.2727410Z [36;1mchmod +x get-pants.sh[0m
2025-04-15T08:45:25.2727655Z [36;1m./get-pants.sh[0m
2025-04-15T08:45:25.2776598Z shell: /usr/bin/bash -e {0}
2025-04-15T08:45:25.2776850Z env:
2025-04-15T08:45:25.2777046Z   POETRY_VERSION: 1.8.3
2025-04-15T08:45:25.2777278Z   SYSTEM_VERSION_COMPAT: 1
2025-04-15T08:45:25.2777577Z   pythonLocation: /opt/hostedtoolcache/Python/3.9.22/x64
2025-04-15T08:45:25.2778023Z   PKG_CONFIG_PATH: /opt/hostedtoolcache/Python/3.9.22/x64/lib/pkgconfig
2025-04-15T08:45:25.2778431Z   Python_ROOT_DIR: /opt/hostedtoolcache/Python/3.9.22/x64
2025-04-15T08:45:25.2778794Z   Python2_ROOT_DIR: /opt/hostedtoolcache/Python/3.9.22/x64
2025-04-15T08:45:25.2779188Z   Python3_ROOT_DIR: /opt/hostedtoolcache/Python/3.9.22/x64
2025-04-15T08:45:25.2779719Z   LD_LIBRARY_PATH: /opt/hostedtoolcache/Python/3.9.22/x64/lib
2025-04-15T08:45:25.2780032Z ##[endgroup]
2025-04-15T08:45:25.8518690Z Downloading and installing the pants launcher ...
2025-04-15T08:45:26.3100507Z [32mInstalled the pants launcher from https://github.com/pantsbuild/scie-pants/releases/latest/download/scie-pants-linux-x86_64 to /home/runner/.local/bin/pants[0m
2025-04-15T08:45:26.3101639Z [32m
2025-04-15T08:45:26.3102245Z Running `pants` in a Pants-enabled repo will use the version of Pants configured for that repo.[0m
2025-04-15T08:45:26.3102992Z [32mIn a repo not yet Pants-enabled, it will prompt you to set up Pants for that repo.[0m
2025-04-15T08:45:26.3154930Z ##[group]Run pants tailor --check :: -docs/::
2025-04-15T08:45:26.3155286Z [36;1mpants tailor --check :: -docs/::[0m
2025-04-15T08:45:26.3202412Z shell: /usr/bin/bash -e {0}
2025-04-15T08:45:26.3202658Z env:
2025-04-15T08:45:26.3202857Z   POETRY_VERSION: 1.8.3
2025-04-15T08:45:26.3203084Z   SYSTEM_VERSION_COMPAT: 1
2025-04-15T08:45:26.3203365Z   pythonLocation: /opt/hostedtoolcache/Python/3.9.22/x64
2025-04-15T08:45:26.3203775Z   PKG_CONFIG_PATH: /opt/hostedtoolcache/Python/3.9.22/x64/lib/pkgconfig
2025-04-15T08:45:26.3204182Z   Python_ROOT_DIR: /opt/hostedtoolcache/Python/3.9.22/x64
2025-04-15T08:45:26.3204558Z   Python2_ROOT_DIR: /opt/hostedtoolcache/Python/3.9.22/x64
2025-04-15T08:45:26.3204926Z   Python3_ROOT_DIR: /opt/hostedtoolcache/Python/3.9.22/x64
2025-04-15T08:45:26.3205288Z   LD_LIBRARY_PATH: /opt/hostedtoolcache/Python/3.9.22/x64/lib
2025-04-15T08:45:26.3205583Z ##[endgroup]
2025-04-15T08:45:31.1103934Z [32mBootstrapping Pants 2.25.0[0m
2025-04-15T08:45:31.1105227Z [32mInstalling pantsbuild.pants==2.25.0 into a virtual environment at /home/runner/.cache/nce/6d61748cea187199dc28418157b2121ccbbb44e4af2ee6fddf8c04bbed73f76d/bindings/venvs/2.25.0[0m
2025-04-15T08:45:41.2694174Z [32mNew virtual environment successfully created at /home/runner/.cache/nce/6d61748cea187199dc28418157b2121ccbbb44e4af2ee6fddf8c04bbed73f76d/bindings/venvs/2.25.0[0m
2025-04-15T08:45:45.8264941Z 08:45:45.82 [INFO] Initializing scheduler...
2025-04-15T08:45:47.5920879Z 08:45:47.59 [INFO] Scheduler initialized.
2025-04-15T08:46:01.6953923Z ##[group]Run # Get the changed files
2025-04-15T08:46:01.6954440Z [36;1m# Get the changed files[0m
2025-04-15T08:46:01.6954980Z [36;1mCHANGED_FILES=$(pants list --changed-since=origin/main)[0m
2025-04-15T08:46:01.6955389Z [36;1m[0m
2025-04-15T08:46:01.6955689Z [36;1m# Find which roots contain changed files[0m
2025-04-15T08:46:01.6956157Z [36;1mCHANGED_ROOTS=""[0m
2025-04-15T08:46:01.6956484Z [36;1mFILTER_PATTERNS="["[0m
2025-04-15T08:46:01.6956852Z [36;1mfor file in $CHANGED_FILES; do[0m
2025-04-15T08:46:01.6957249Z [36;1m  # Start with the full path[0m
2025-04-15T08:46:01.6957566Z [36;1m  root="$file"[0m
2025-04-15T08:46:01.6958054Z [36;1m  # Keep going up the directory tree until we find a directory containing a marker file[0m
2025-04-15T08:46:01.6958621Z [36;1m  # (e.g., 'pyproject.toml' for python projects)[0m
2025-04-15T08:46:01.6959158Z [36;1m  while [[ ! -f "$root/pyproject.toml" && "$root" != "." && "$root" != "/" && "$root" != "./" ]]; do[0m
2025-04-15T08:46:01.6960001Z [36;1m    root=$(dirname "$root")[0m
2025-04-15T08:46:01.6960310Z [36;1m  done[0m
2025-04-15T08:46:01.6960621Z [36;1m[0m
2025-04-15T08:46:01.6961016Z [36;1m  if [[ "$root" != "." && "$root" != "/" && "$root" != "./" && ! "$FILTER_PATTERNS" =~ "$root" ]]; then[0m
2025-04-15T08:46:01.6961525Z [36;1m    FILTER_PATTERNS="${FILTER_PATTERNS}'${root}/llama_index',"[0m
2025-04-15T08:46:01.6962054Z [36;1m    CHANGED_ROOTS="${CHANGED_ROOTS} ${root}/::"[0m
2025-04-15T08:46:01.6962434Z [36;1m  fi[0m
2025-04-15T08:46:01.6962677Z [36;1mdone[0m
2025-04-15T08:46:01.6963013Z [36;1m[0m
2025-04-15T08:46:01.6963329Z [36;1m# remove the last comma and close the bracket[0m
2025-04-15T08:46:01.6963783Z [36;1mFILTER_PATTERNS="${FILTER_PATTERNS%,}]"[0m
2025-04-15T08:46:01.6964231Z [36;1m[0m
2025-04-15T08:46:01.6964548Z [36;1mecho "Coverage filter patterns: $FILTER_PATTERNS"[0m
2025-04-15T08:46:01.6964970Z [36;1mecho "Changed roots: $CHANGED_ROOTS"[0m
2025-04-15T08:46:01.6965396Z [36;1m[0m
2025-04-15T08:46:01.6965715Z [36;1mpants --level=error --no-local-cache test \[0m
2025-04-15T08:46:01.6966359Z [36;1m  --test-use-coverage \[0m
2025-04-15T08:46:01.6966758Z [36;1m  --coverage-py-filter="${FILTER_PATTERNS}" \[0m
2025-04-15T08:46:01.6967123Z [36;1m  ${CHANGED_ROOTS}[0m
2025-04-15T08:46:01.7013669Z shell: /usr/bin/bash -e {0}
2025-04-15T08:46:01.7013987Z env:
2025-04-15T08:46:01.7014362Z   POETRY_VERSION: 1.8.3
2025-04-15T08:46:01.7014671Z   SYSTEM_VERSION_COMPAT: 1
2025-04-15T08:46:01.7015073Z   pythonLocation: /opt/hostedtoolcache/Python/3.9.22/x64
2025-04-15T08:46:01.7015804Z   PKG_CONFIG_PATH: /opt/hostedtoolcache/Python/3.9.22/x64/lib/pkgconfig
2025-04-15T08:46:01.7016446Z   Python_ROOT_DIR: /opt/hostedtoolcache/Python/3.9.22/x64
2025-04-15T08:46:01.7016940Z   Python2_ROOT_DIR: /opt/hostedtoolcache/Python/3.9.22/x64
2025-04-15T08:46:01.7017422Z   Python3_ROOT_DIR: /opt/hostedtoolcache/Python/3.9.22/x64
2025-04-15T08:46:01.7017847Z   LD_LIBRARY_PATH: /opt/hostedtoolcache/Python/3.9.22/x64/lib
2025-04-15T08:46:01.7018284Z ##[endgroup]
2025-04-15T08:46:05.1096000Z Coverage filter patterns: ['llama-index-integrations/graph_stores/llama-index-graph-stores-nebula/llama_index']
2025-04-15T08:46:05.1097024Z Changed roots:  llama-index-integrations/graph_stores/llama-index-graph-stores-nebula/::
2025-04-15T08:46:49.3142797Z 
2025-04-15T08:46:49.3144218Z ✓ llama-index-integrations/graph_stores/llama-index-graph-stores-nebula/tests/test_graph_stores_nebula.py succeeded in 13.19s.
2025-04-15T08:46:49.3146149Z ✓ llama-index-integrations/graph_stores/llama-index-graph-stores-nebula/tests/test_property_graph.py succeeded in 13.20s.
2025-04-15T08:46:55.3140426Z 
2025-04-15T08:46:55.3141094Z Name                                                                                                                             Stmts   Miss  Cover
2025-04-15T08:46:55.3142442Z ----------------------------------------------------------------------------------------------------------------------------------------------------
2025-04-15T08:46:55.3143964Z llama-index-integrations/graph_stores/llama-index-graph-stores-nebula/llama_index/graph_stores/nebula/__init__.py                    3      0   100%
2025-04-15T08:46:55.3145758Z llama-index-integrations/graph_stores/llama-index-graph-stores-nebula/llama_index/graph_stores/nebula/nebula_graph_store.py        254    212    17%
2025-04-15T08:46:55.3147615Z llama-index-integrations/graph_stores/llama-index-graph-stores-nebula/llama_index/graph_stores/nebula/nebula_property_graph.py     269    223    17%
2025-04-15T08:46:55.3149937Z llama-index-integrations/graph_stores/llama-index-graph-stores-nebula/llama_index/graph_stores/nebula/utils.py                     140    120    14%
2025-04-15T08:46:55.3151366Z ----------------------------------------------------------------------------------------------------------------------------------------------------
2025-04-15T08:46:55.3152228Z TOTAL                                                                                                                              666    555    17%
2025-04-15T08:46:55.3152885Z Coverage failure: total of 17 is less than fail-under=50
2025-04-15T08:46:55.3153285Z 
2025-04-15T08:46:55.3975866Z 
2025-04-15T08:46:55.3976498Z Wrote html coverage report to `dist/coverage/python`
2025-04-15T08:46:55.4046055Z 
2025-04-15T08:46:55.4046562Z Wrote xml coverage report to `dist/coverage/python`
2025-04-15T08:46:55.4056216Z 08:46:55.40 [ERROR] Test goal failed due to insufficient coverage. See coverage reports for details.
2025-04-15T08:46:55.5010539Z ##[error]Process completed with exit code 2.
2025-04-15T08:46:55.5083918Z Post job cleanup.
2025-04-15T08:46:55.5991988Z [command]/usr/bin/git version
2025-04-15T08:46:55.6028201Z git version 2.49.0
2025-04-15T08:46:55.6075703Z Temporarily overriding HOME='/home/runner/work/_temp/8fd773ce-05af-4a6a-a85a-6dade2c5c67a' before making global git config changes
2025-04-15T08:46:55.6076484Z Adding repository directory to the temporary git global config as a safe directory
2025-04-15T08:46:55.6081235Z [command]/usr/bin/git config --global --add safe.directory /home/runner/work/llama_index/llama_index
2025-04-15T08:46:55.6114339Z [command]/usr/bin/git config --local --name-only --get-regexp core\.sshCommand
2025-04-15T08:46:55.6146786Z [command]/usr/bin/git submodule foreach --recursive sh -c "git config --local --name-only --get-regexp 'core\.sshCommand' && git config --local --unset-all 'core.sshCommand' || :"
2025-04-15T08:46:55.6389988Z [command]/usr/bin/git config --local --name-only --get-regexp http\.https\:\/\/github\.com\/\.extraheader
2025-04-15T08:46:55.6410495Z http.https://github.com/.extraheader
2025-04-15T08:46:55.6421873Z [command]/usr/bin/git config --local --unset-all http.https://github.com/.extraheader
2025-04-15T08:46:55.6451666Z [command]/usr/bin/git submodule foreach --recursive sh -c "git config --local --name-only --get-regexp 'http\.https\:\/\/github\.com\/\.extraheader' && git config --local --unset-all 'http.https://github.com/.extraheader' || :"
2025-04-15T08:46:55.6799938Z Cleaning up orphan processes
