2025-04-15T07:55:49.5409796Z Prepare all required actions
2025-04-15T07:55:49.5410253Z Getting action download info
2025-04-15T07:55:49.7055737Z ##[group]Download immutable action package 'actions/cache@v4'
2025-04-15T07:55:49.7056132Z Version: 4.2.3
2025-04-15T07:55:49.7056493Z Digest: sha256:c8a3bb963e1f1826d8fcc8d1354f0dd29d8ac1db1d4f6f20247055ae11b81ed9
2025-04-15T07:55:49.7056988Z Source commit SHA: 5a3ec84eff668545956fd18022155c47e93e2684
2025-04-15T07:55:49.7057340Z ##[endgroup]
2025-04-15T07:55:49.8224764Z ##[group]Run ./.github/actions/godot-cache-restore
2025-04-15T07:55:49.8225079Z with:
2025-04-15T07:55:49.8225270Z   cache-name: linux-editor-mono
2025-04-15T07:55:49.8225550Z   scons-cache: /home/runner/work/godot/godot/.scons_cache/
2025-04-15T07:55:49.8225834Z env:
2025-04-15T07:55:49.8226005Z   GODOT_CPP_BRANCH: 4.4
2025-04-15T07:55:49.8226612Z   SCONSFLAGS: verbose=yes warnings=extra werror=yes module_text_server_fb_enabled=yes strict_checks=yes "accesskit_sdk_path=/home/runner/work/godot/godot/accesskit-c-0.15.1/"
2025-04-15T07:55:49.8227294Z   DOTNET_NOLOGO: true
2025-04-15T07:55:49.8227494Z   DOTNET_CLI_TELEMETRY_OPTOUT: true
2025-04-15T07:55:49.8227900Z   TSAN_OPTIONS: suppressions=/home/runner/work/godot/godot/misc/error_suppressions/tsan.txt
2025-04-15T07:55:49.8228478Z   UBSAN_OPTIONS: suppressions=/home/runner/work/godot/godot/misc/error_suppressions/ubsan.txt
2025-04-15T07:55:49.8229094Z ##[endgroup]
2025-04-15T07:55:49.8350314Z ##[group]Run actions/cache/restore@v4
2025-04-15T07:55:49.8350578Z with:
2025-04-15T07:55:49.8350786Z   path: /home/runner/work/godot/godot/.scons_cache/
2025-04-15T07:55:49.8351167Z   key: linux-editor-mono|master|2a7f8ba09d34d288cc3806880782917a946063fc
2025-04-15T07:55:49.8351532Z   restore-keys: linux-editor-mono|master
2025-04-15T07:55:49.8351794Z   enableCrossOsArchive: false
2025-04-15T07:55:49.8352022Z   fail-on-cache-miss: false
2025-04-15T07:55:49.8352237Z   lookup-only: false
2025-04-15T07:55:49.8352415Z env:
2025-04-15T07:55:49.8352584Z   GODOT_CPP_BRANCH: 4.4
2025-04-15T07:55:49.8353200Z   SCONSFLAGS: verbose=yes warnings=extra werror=yes module_text_server_fb_enabled=yes strict_checks=yes "accesskit_sdk_path=/home/runner/work/godot/godot/accesskit-c-0.15.1/"
2025-04-15T07:55:49.8353836Z   DOTNET_NOLOGO: true
2025-04-15T07:55:49.8354038Z   DOTNET_CLI_TELEMETRY_OPTOUT: true
2025-04-15T07:55:49.8354581Z   TSAN_OPTIONS: suppressions=/home/runner/work/godot/godot/misc/error_suppressions/tsan.txt
2025-04-15T07:55:49.8355168Z   UBSAN_OPTIONS: suppressions=/home/runner/work/godot/godot/misc/error_suppressions/ubsan.txt
2025-04-15T07:55:49.8355574Z ##[endgroup]
2025-04-15T07:55:50.0461089Z Cache hit for: linux-editor-mono|master|2a7f8ba09d34d288cc3806880782917a946063fc
2025-04-15T07:55:51.0789600Z Received 41943040 of 347969823 (12.1%), 40.0 MBs/sec
2025-04-15T07:55:52.0796158Z Received 88080384 of 347969823 (25.3%), 42.0 MBs/sec
2025-04-15T07:55:53.0812388Z Received 104857600 of 347969823 (30.1%), 33.3 MBs/sec
2025-04-15T07:55:54.0817755Z Received 104857600 of 347969823 (30.1%), 25.0 MBs/sec
2025-04-15T07:55:55.0821192Z Received 104857600 of 347969823 (30.1%), 20.0 MBs/sec
2025-04-15T07:55:56.0850128Z Received 293601280 of 347969823 (84.4%), 46.6 MBs/sec
2025-04-15T07:55:56.3418738Z Received 347969823 of 347969823 (100.0%), 53.0 MBs/sec
2025-04-15T07:55:56.3425073Z Cache Size: ~332 MB (347969823 B)
2025-04-15T07:55:56.3529679Z [command]/usr/bin/tar -xf /home/runner/work/_temp/06c84877-4f64-49f3-bfc1-e877af84c3aa/cache.tzst -P -C /home/runner/work/godot/godot --use-compress-program unzstd
2025-04-15T07:55:58.9101325Z Cache restored successfully
2025-04-15T07:55:59.1025803Z Cache restored from key: linux-editor-mono|master|e5ccaa79e2a2d5551369bd6cc1f8ed654a791275
2025-04-15T07:55:59.1164894Z ##[group]Run find "/home/runner/work/godot/godot/.scons_cache/" >> redundant.txt
2025-04-15T07:55:59.1165472Z [36;1mfind "/home/runner/work/godot/godot/.scons_cache/" >> redundant.txt[0m
2025-04-15T07:55:59.1197277Z shell: /usr/bin/sh -e {0}
2025-04-15T07:55:59.1197525Z env:
2025-04-15T07:55:59.1197722Z   GODOT_CPP_BRANCH: 4.4
2025-04-15T07:55:59.1198597Z   SCONSFLAGS: verbose=yes warnings=extra werror=yes module_text_server_fb_enabled=yes strict_checks=yes "accesskit_sdk_path=/home/runner/work/godot/godot/accesskit-c-0.15.1/"
2025-04-15T07:55:59.1199253Z   DOTNET_NOLOGO: true
2025-04-15T07:55:59.1199462Z   DOTNET_CLI_TELEMETRY_OPTOUT: true
2025-04-15T07:55:59.1199883Z   TSAN_OPTIONS: suppressions=/home/runner/work/godot/godot/misc/error_suppressions/tsan.txt
2025-04-15T07:55:59.1200533Z   UBSAN_OPTIONS: suppressions=/home/runner/work/godot/godot/misc/error_suppressions/ubsan.txt
2025-04-15T07:55:59.1200945Z ##[endgroup]
2025-04-15T07:55:59.1363271Z ##[group]Run actions/cache/restore@v4
2025-04-15T07:55:59.1363534Z with:
2025-04-15T07:55:59.1363756Z   path: /home/runner/work/godot/godot/.scons_cache/
2025-04-15T07:55:59.1364161Z   key: linux-editor-mono|105347/merge|2a7f8ba09d34d288cc3806880782917a946063fc
2025-04-15T07:55:59.1364825Z   restore-keys: linux-editor-mono|105347/merge
2025-04-15T07:55:59.1365112Z   enableCrossOsArchive: false
2025-04-15T07:55:59.1365370Z   fail-on-cache-miss: false
2025-04-15T07:55:59.1365597Z   lookup-only: false
2025-04-15T07:55:59.1365794Z env:
2025-04-15T07:55:59.1365975Z   GODOT_CPP_BRANCH: 4.4
2025-04-15T07:55:59.1366598Z   SCONSFLAGS: verbose=yes warnings=extra werror=yes module_text_server_fb_enabled=yes strict_checks=yes "accesskit_sdk_path=/home/runner/work/godot/godot/accesskit-c-0.15.1/"
2025-04-15T07:55:59.1367438Z   DOTNET_NOLOGO: true
2025-04-15T07:55:59.1367653Z   DOTNET_CLI_TELEMETRY_OPTOUT: true
2025-04-15T07:55:59.1368073Z   TSAN_OPTIONS: suppressions=/home/runner/work/godot/godot/misc/error_suppressions/tsan.txt
2025-04-15T07:55:59.1368663Z   UBSAN_OPTIONS: suppressions=/home/runner/work/godot/godot/misc/error_suppressions/ubsan.txt
2025-04-15T07:55:59.1369073Z ##[endgroup]
2025-04-15T07:55:59.3362376Z Cache not found for input keys: linux-editor-mono|105347/merge|2a7f8ba09d34d288cc3806880782917a946063fc, linux-editor-mono|105347/merge
2025-04-15T07:55:59.3423686Z ##[group]Run echo "CACHE_TIMESTAMP=$(date +%s)" >> $GITHUB_ENV
2025-04-15T07:55:59.3424137Z [36;1mecho "CACHE_TIMESTAMP=$(date +%s)" >> $GITHUB_ENV[0m
2025-04-15T07:55:59.3454473Z shell: /usr/bin/sh -e {0}
2025-04-15T07:55:59.3454757Z env:
2025-04-15T07:55:59.3454937Z   GODOT_CPP_BRANCH: 4.4
2025-04-15T07:55:59.3455565Z   SCONSFLAGS: verbose=yes warnings=extra werror=yes module_text_server_fb_enabled=yes strict_checks=yes "accesskit_sdk_path=/home/runner/work/godot/godot/accesskit-c-0.15.1/"
2025-04-15T07:55:59.3456235Z   DOTNET_NOLOGO: true
2025-04-15T07:55:59.3456511Z   DOTNET_CLI_TELEMETRY_OPTOUT: true
2025-04-15T07:55:59.3456930Z   TSAN_OPTIONS: suppressions=/home/runner/work/godot/godot/misc/error_suppressions/tsan.txt
2025-04-15T07:55:59.3457530Z   UBSAN_OPTIONS: suppressions=/home/runner/work/godot/godot/misc/error_suppressions/ubsan.txt
2025-04-15T07:55:59.3457941Z ##[endgroup]
