2025-04-15T07:55:59.3553686Z Prepare all required actions
2025-04-15T07:55:59.3554037Z Getting action download info
2025-04-15T07:55:59.4893349Z ##[group]Download immutable action package 'actions/setup-python@v5'
2025-04-15T07:55:59.4893818Z Version: 5.5.0
2025-04-15T07:55:59.4894217Z Digest: sha256:1fac95d751afd58314aebd2ab01d4bf3b3109a441917bd2cac2a22898ec494f7
2025-04-15T07:55:59.4894993Z Source commit SHA: 8d9ed9ac5c53483de85588cdf95a591a75ab9f55
2025-04-15T07:55:59.4895358Z ##[endgroup]
2025-04-15T07:55:59.7090986Z ##[group]Run ./.github/actions/godot-deps
2025-04-15T07:55:59.7091264Z with:
2025-04-15T07:55:59.7091532Z   python-version: 3.x
2025-04-15T07:55:59.7091854Z   python-arch: x64
2025-04-15T07:55:59.7092185Z   scons-version: 4.9.0
2025-04-15T07:55:59.7092525Z env:
2025-04-15T07:55:59.7092821Z   GODOT_CPP_BRANCH: 4.4
2025-04-15T07:55:59.7093738Z   SCONSFLAGS: verbose=yes warnings=extra werror=yes module_text_server_fb_enabled=yes strict_checks=yes "accesskit_sdk_path=/home/runner/work/godot/godot/accesskit-c-0.15.1/"
2025-04-15T07:55:59.7094571Z   DOTNET_NOLOGO: true
2025-04-15T07:55:59.7094787Z   DOTNET_CLI_TELEMETRY_OPTOUT: true
2025-04-15T07:55:59.7095201Z   TSAN_OPTIONS: suppressions=/home/runner/work/godot/godot/misc/error_suppressions/tsan.txt
2025-04-15T07:55:59.7095802Z   UBSAN_OPTIONS: suppressions=/home/runner/work/godot/godot/misc/error_suppressions/ubsan.txt
2025-04-15T07:55:59.7096222Z   CACHE_TIMESTAMP: 1744703759
2025-04-15T07:55:59.7096447Z ##[endgroup]
2025-04-15T07:55:59.7137875Z ##[group]Run actions/setup-python@v5
2025-04-15T07:55:59.7138123Z with:
2025-04-15T07:55:59.7138300Z   python-version: 3.x
2025-04-15T07:55:59.7138499Z   architecture: x64
2025-04-15T07:55:59.7138693Z   check-latest: false
2025-04-15T07:55:59.7138975Z   token: ***
2025-04-15T07:55:59.7139175Z   update-environment: true
2025-04-15T07:55:59.7139413Z   allow-prereleases: false
2025-04-15T07:55:59.7139639Z   freethreaded: false
2025-04-15T07:55:59.7139832Z env:
2025-04-15T07:55:59.7140007Z   GODOT_CPP_BRANCH: 4.4
2025-04-15T07:55:59.7140641Z   SCONSFLAGS: verbose=yes warnings=extra werror=yes module_text_server_fb_enabled=yes strict_checks=yes "accesskit_sdk_path=/home/runner/work/godot/godot/accesskit-c-0.15.1/"
2025-04-15T07:55:59.7141285Z   DOTNET_NOLOGO: true
2025-04-15T07:55:59.7141498Z   DOTNET_CLI_TELEMETRY_OPTOUT: true
2025-04-15T07:55:59.7141913Z   TSAN_OPTIONS: suppressions=/home/runner/work/godot/godot/misc/error_suppressions/tsan.txt
2025-04-15T07:55:59.7142506Z   UBSAN_OPTIONS: suppressions=/home/runner/work/godot/godot/misc/error_suppressions/ubsan.txt
2025-04-15T07:55:59.7143087Z   CACHE_TIMESTAMP: 1744703759
2025-04-15T07:55:59.7143307Z ##[endgroup]
2025-04-15T07:55:59.8800045Z ##[group]Installed versions
2025-04-15T07:55:59.8854927Z Successfully set up CPython (3.13.2)
2025-04-15T07:55:59.8855990Z ##[endgroup]
2025-04-15T07:55:59.8945985Z ##[group]Run python -c "import sys; print(sys.version)"
2025-04-15T07:55:59.8946364Z [36;1mpython -c "import sys; print(sys.version)"[0m
2025-04-15T07:55:59.8946676Z [36;1mpython -m pip install scons==4.9.0[0m
2025-04-15T07:55:59.8946964Z [36;1mscons --version[0m
2025-04-15T07:55:59.9001363Z shell: /usr/bin/bash --noprofile --norc -e -o pipefail {0}
2025-04-15T07:55:59.9001688Z env:
2025-04-15T07:55:59.9001867Z   GODOT_CPP_BRANCH: 4.4
2025-04-15T07:55:59.9002494Z   SCONSFLAGS: verbose=yes warnings=extra werror=yes module_text_server_fb_enabled=yes strict_checks=yes "accesskit_sdk_path=/home/runner/work/godot/godot/accesskit-c-0.15.1/"
2025-04-15T07:55:59.9003166Z   DOTNET_NOLOGO: true
2025-04-15T07:55:59.9003384Z   DOTNET_CLI_TELEMETRY_OPTOUT: true
2025-04-15T07:55:59.9003799Z   TSAN_OPTIONS: suppressions=/home/runner/work/godot/godot/misc/error_suppressions/tsan.txt
2025-04-15T07:55:59.9004540Z   UBSAN_OPTIONS: suppressions=/home/runner/work/godot/godot/misc/error_suppressions/ubsan.txt
2025-04-15T07:55:59.9004961Z   CACHE_TIMESTAMP: 1744703759
2025-04-15T07:55:59.9005255Z   pythonLocation: /opt/hostedtoolcache/Python/3.13.2/x64
2025-04-15T07:55:59.9005672Z   PKG_CONFIG_PATH: /opt/hostedtoolcache/Python/3.13.2/x64/lib/pkgconfig
2025-04-15T07:55:59.9006293Z   Python_ROOT_DIR: /opt/hostedtoolcache/Python/3.13.2/x64
2025-04-15T07:55:59.9006649Z   Python2_ROOT_DIR: /opt/hostedtoolcache/Python/3.13.2/x64
2025-04-15T07:55:59.9006996Z   Python3_ROOT_DIR: /opt/hostedtoolcache/Python/3.13.2/x64
2025-04-15T07:55:59.9007345Z   LD_LIBRARY_PATH: /opt/hostedtoolcache/Python/3.13.2/x64/lib
2025-04-15T07:55:59.9007657Z ##[endgroup]
2025-04-15T07:56:01.0015026Z 3.13.2 (main, Mar  6 2025, 21:50:26) [GCC 11.4.0]
2025-04-15T07:56:05.7046243Z Collecting scons==4.9.0
2025-04-15T07:56:05.7310649Z   Downloading scons-4.9.0-py3-none-any.whl.metadata (9.0 kB)
2025-04-15T07:56:05.8917723Z Downloading scons-4.9.0-py3-none-any.whl (4.1 MB)
2025-04-15T07:56:05.9441803Z    ‚îÅ‚îÅ‚îÅ‚îÅ‚îÅ‚îÅ‚îÅ‚îÅ‚îÅ‚îÅ‚îÅ‚îÅ‚îÅ‚îÅ‚îÅ‚îÅ‚îÅ‚îÅ‚îÅ‚îÅ‚îÅ‚îÅ‚îÅ‚îÅ‚îÅ‚îÅ‚îÅ‚îÅ‚îÅ‚îÅ‚îÅ‚îÅ‚îÅ‚îÅ‚îÅ‚îÅ‚îÅ‚îÅ‚îÅ‚îÅ 4.1/4.1 MB 106.4 MB/s eta 0:00:00
2025-04-15T07:56:05.9728919Z Installing collected packages: scons
2025-04-15T07:56:06.6632170Z Successfully installed scons-4.9.0
2025-04-15T07:56:06.9745932Z SCons by Steven Knight et al.:
2025-04-15T07:56:06.9747203Z 	SCons: v4.9.0.99a8c86de1ce91d23b102520e185c54ebd968924, Sun, 02 Mar 2025 14:04:50 -0700, by bdbaddog on M1Dog2021
2025-04-15T07:56:06.9748282Z 	SCons path: ['/opt/hostedtoolcache/Python/3.13.2/x64/lib/python3.13/site-packages/SCons']
2025-04-15T07:56:06.9748985Z Copyright (c) 2001 - 2025 The SCons Foundation
2025-04-15T07:56:06.9915172Z ##[group]Run echo ::add-matcher::misc/utility/problem-matchers.json
2025-04-15T07:56:06.9915626Z [36;1mecho ::add-matcher::misc/utility/problem-matchers.json[0m
2025-04-15T07:56:06.9968180Z shell: /usr/bin/bash --noprofile --norc -e -o pipefail {0}
2025-04-15T07:56:06.9968523Z env:
2025-04-15T07:56:06.9968706Z   GODOT_CPP_BRANCH: 4.4
2025-04-15T07:56:06.9969336Z   SCONSFLAGS: verbose=yes warnings=extra werror=yes module_text_server_fb_enabled=yes strict_checks=yes "accesskit_sdk_path=/home/runner/work/godot/godot/accesskit-c-0.15.1/"
2025-04-15T07:56:06.9970012Z   DOTNET_NOLOGO: true
2025-04-15T07:56:06.9970235Z   DOTNET_CLI_TELEMETRY_OPTOUT: true
2025-04-15T07:56:06.9970670Z   TSAN_OPTIONS: suppressions=/home/runner/work/godot/godot/misc/error_suppressions/tsan.txt
2025-04-15T07:56:06.9971263Z   UBSAN_OPTIONS: suppressions=/home/runner/work/godot/godot/misc/error_suppressions/ubsan.txt
2025-04-15T07:56:06.9971704Z   CACHE_TIMESTAMP: 1744703759
2025-04-15T07:56:06.9972003Z   pythonLocation: /opt/hostedtoolcache/Python/3.13.2/x64
2025-04-15T07:56:06.9972405Z   PKG_CONFIG_PATH: /opt/hostedtoolcache/Python/3.13.2/x64/lib/pkgconfig
2025-04-15T07:56:06.9972987Z   Python_ROOT_DIR: /opt/hostedtoolcache/Python/3.13.2/x64
2025-04-15T07:56:06.9973334Z   Python2_ROOT_DIR: /opt/hostedtoolcache/Python/3.13.2/x64
2025-04-15T07:56:06.9973677Z   Python3_ROOT_DIR: /opt/hostedtoolcache/Python/3.13.2/x64
2025-04-15T07:56:06.9974025Z   LD_LIBRARY_PATH: /opt/hostedtoolcache/Python/3.13.2/x64/lib
2025-04-15T07:56:06.9974480Z ##[endgroup]
