2025-04-15T03:28:35.8854869Z ##[group]Run pre-commit/action@v3.0.1
2025-04-15T03:28:35.8855192Z with:
2025-04-15T03:28:35.8855395Z   extra_args: --all-files
2025-04-15T03:28:35.8855621Z env:
2025-04-15T03:28:35.8855792Z   FORCE_COLOR: 1
2025-04-15T03:28:35.8855998Z   RUFF_OUTPUT_FORMAT: github
2025-04-15T03:28:35.8856310Z   pythonLocation: /opt/hostedtoolcache/Python/3.13.2/x64
2025-04-15T03:28:35.8856737Z   PKG_CONFIG_PATH: /opt/hostedtoolcache/Python/3.13.2/x64/lib/pkgconfig
2025-04-15T03:28:35.8857157Z   Python_ROOT_DIR: /opt/hostedtoolcache/Python/3.13.2/x64
2025-04-15T03:28:35.8857525Z   Python2_ROOT_DIR: /opt/hostedtoolcache/Python/3.13.2/x64
2025-04-15T03:28:35.8857883Z   Python3_ROOT_DIR: /opt/hostedtoolcache/Python/3.13.2/x64
2025-04-15T03:28:35.8858243Z   LD_LIBRARY_PATH: /opt/hostedtoolcache/Python/3.13.2/x64/lib
2025-04-15T03:28:35.8858773Z ##[endgroup]
2025-04-15T03:28:35.8944897Z ##[group]Run python -m pip install pre-commit
2025-04-15T03:28:35.8945307Z [36;1mpython -m pip install pre-commit[0m
2025-04-15T03:28:35.8999972Z shell: /usr/bin/bash --noprofile --norc -e -o pipefail {0}
2025-04-15T03:28:35.9000343Z env:
2025-04-15T03:28:35.9000525Z   FORCE_COLOR: 1
2025-04-15T03:28:35.9000729Z   RUFF_OUTPUT_FORMAT: github
2025-04-15T03:28:35.9001078Z   pythonLocation: /opt/hostedtoolcache/Python/3.13.2/x64
2025-04-15T03:28:35.9001487Z   PKG_CONFIG_PATH: /opt/hostedtoolcache/Python/3.13.2/x64/lib/pkgconfig
2025-04-15T03:28:35.9001909Z   Python_ROOT_DIR: /opt/hostedtoolcache/Python/3.13.2/x64
2025-04-15T03:28:35.9002487Z   Python2_ROOT_DIR: /opt/hostedtoolcache/Python/3.13.2/x64
2025-04-15T03:28:35.9002847Z   Python3_ROOT_DIR: /opt/hostedtoolcache/Python/3.13.2/x64
2025-04-15T03:28:35.9003203Z   LD_LIBRARY_PATH: /opt/hostedtoolcache/Python/3.13.2/x64/lib
2025-04-15T03:28:35.9003510Z ##[endgroup]
2025-04-15T03:28:36.5698144Z Collecting pre-commit
2025-04-15T03:28:36.6522947Z   Downloading pre_commit-4.2.0-py2.py3-none-any.whl.metadata (1.3 kB)
2025-04-15T03:28:36.6672757Z Collecting cfgv>=2.0.0 (from pre-commit)
2025-04-15T03:28:36.6872776Z   Downloading cfgv-3.4.0-py2.py3-none-any.whl.metadata (8.5 kB)
2025-04-15T03:28:36.7271033Z Collecting identify>=1.0.0 (from pre-commit)
2025-04-15T03:28:36.7468635Z   Downloading identify-2.6.9-py2.py3-none-any.whl.metadata (4.4 kB)
2025-04-15T03:28:36.7636966Z Collecting nodeenv>=0.11.1 (from pre-commit)
2025-04-15T03:28:36.7832873Z   Downloading nodeenv-1.9.1-py2.py3-none-any.whl.metadata (21 kB)
2025-04-15T03:28:36.8194421Z Collecting pyyaml>=5.1 (from pre-commit)
2025-04-15T03:28:36.8391603Z   Downloading PyYAML-6.0.2-cp313-cp313-manylinux_2_17_x86_64.manylinux2014_x86_64.whl.metadata (2.1 kB)
2025-04-15T03:28:36.8784227Z Collecting virtualenv>=20.10.0 (from pre-commit)
2025-04-15T03:28:36.8983108Z   Downloading virtualenv-20.30.0-py3-none-any.whl.metadata (4.5 kB)
2025-04-15T03:28:36.9182142Z Collecting distlib<1,>=0.3.7 (from virtualenv>=20.10.0->pre-commit)
2025-04-15T03:28:36.9378502Z   Downloading distlib-0.3.9-py2.py3-none-any.whl.metadata (5.2 kB)
2025-04-15T03:28:36.9578572Z Collecting filelock<4,>=3.12.2 (from virtualenv>=20.10.0->pre-commit)
2025-04-15T03:28:36.9776608Z   Downloading filelock-3.18.0-py3-none-any.whl.metadata (2.9 kB)
2025-04-15T03:28:36.9967462Z Collecting platformdirs<5,>=3.9.1 (from virtualenv>=20.10.0->pre-commit)
2025-04-15T03:28:37.0162704Z   Downloading platformdirs-4.3.7-py3-none-any.whl.metadata (11 kB)
2025-04-15T03:28:37.0456165Z Downloading pre_commit-4.2.0-py2.py3-none-any.whl (220 kB)
2025-04-15T03:28:37.1082517Z Downloading cfgv-3.4.0-py2.py3-none-any.whl (7.2 kB)
2025-04-15T03:28:37.1308985Z Downloading identify-2.6.9-py2.py3-none-any.whl (99 kB)
2025-04-15T03:28:37.1547725Z Downloading nodeenv-1.9.1-py2.py3-none-any.whl (22 kB)
2025-04-15T03:28:37.1770846Z Downloading PyYAML-6.0.2-cp313-cp313-manylinux_2_17_x86_64.manylinux2014_x86_64.whl (759 kB)
2025-04-15T03:28:37.2099504Z [?25l   [90m‚îÅ‚îÅ‚îÅ‚îÅ‚îÅ‚îÅ‚îÅ‚îÅ‚îÅ‚îÅ‚îÅ‚îÅ‚îÅ‚îÅ‚îÅ‚îÅ‚îÅ‚îÅ‚îÅ‚îÅ‚îÅ‚îÅ‚îÅ‚îÅ‚îÅ‚îÅ‚îÅ‚îÅ‚îÅ‚îÅ‚îÅ‚îÅ‚îÅ‚îÅ‚îÅ‚îÅ‚îÅ‚îÅ‚îÅ‚îÅ[0m [32m0.0/759.5 kB[0m [31m?[0m eta [36m-:--:--[0m
2025-04-15T03:28:37.2100729Z [2K   [90m‚îÅ‚îÅ‚îÅ‚îÅ‚îÅ‚îÅ‚îÅ‚îÅ‚îÅ‚îÅ‚îÅ‚îÅ‚îÅ‚îÅ‚îÅ‚îÅ‚îÅ‚îÅ‚îÅ‚îÅ‚îÅ‚îÅ‚îÅ‚îÅ‚îÅ‚îÅ‚îÅ‚îÅ‚îÅ‚îÅ‚îÅ‚îÅ‚îÅ‚îÅ‚îÅ‚îÅ‚îÅ‚îÅ‚îÅ‚îÅ[0m [32m759.5/759.5 kB[0m [31m34.7 MB/s[0m eta [36m0:00:00[0m
2025-04-15T03:28:37.2296730Z [?25hDownloading virtualenv-20.30.0-py3-none-any.whl (4.3 MB)
2025-04-15T03:28:37.2819561Z [?25l   [90m‚îÅ‚îÅ‚îÅ‚îÅ‚îÅ‚îÅ‚îÅ‚îÅ‚îÅ‚îÅ‚îÅ‚îÅ‚îÅ‚îÅ‚îÅ‚îÅ‚îÅ‚îÅ‚îÅ‚îÅ‚îÅ‚îÅ‚îÅ‚îÅ‚îÅ‚îÅ‚îÅ‚îÅ‚îÅ‚îÅ‚îÅ‚îÅ‚îÅ‚îÅ‚îÅ‚îÅ‚îÅ‚îÅ‚îÅ‚îÅ[0m [32m0.0/4.3 MB[0m [31m?[0m eta [36m-:--:--[0m
2025-04-15T03:28:37.2820709Z [2K   [90m‚îÅ‚îÅ‚îÅ‚îÅ‚îÅ‚îÅ‚îÅ‚îÅ‚îÅ‚îÅ‚îÅ‚îÅ‚îÅ‚îÅ‚îÅ‚îÅ‚îÅ‚îÅ‚îÅ‚îÅ‚îÅ‚îÅ‚îÅ‚îÅ‚îÅ‚îÅ‚îÅ‚îÅ‚îÅ‚îÅ‚îÅ‚îÅ‚îÅ‚îÅ‚îÅ‚îÅ‚îÅ‚îÅ‚îÅ‚îÅ[0m [32m4.3/4.3 MB[0m [31m83.1 MB/s[0m eta [36m0:00:00[0m
2025-04-15T03:28:37.3020821Z [?25hDownloading distlib-0.3.9-py2.py3-none-any.whl (468 kB)
2025-04-15T03:28:37.3272351Z Downloading filelock-3.18.0-py3-none-any.whl (16 kB)
2025-04-15T03:28:37.3493458Z Downloading platformdirs-4.3.7-py3-none-any.whl (18 kB)
2025-04-15T03:28:37.3825800Z Installing collected packages: distlib, pyyaml, platformdirs, nodeenv, identify, filelock, cfgv, virtualenv, pre-commit
2025-04-15T03:28:37.7713209Z Successfully installed cfgv-3.4.0 distlib-0.3.9 filelock-3.18.0 identify-2.6.9 nodeenv-1.9.1 platformdirs-4.3.7 pre-commit-4.2.0 pyyaml-6.0.2 virtualenv-20.30.0
2025-04-15T03:28:37.9228036Z ##[group]Run python -m pip freeze --local
2025-04-15T03:28:37.9228617Z [36;1mpython -m pip freeze --local[0m
2025-04-15T03:28:37.9274784Z shell: /usr/bin/bash --noprofile --norc -e -o pipefail {0}
2025-04-15T03:28:37.9275113Z env:
2025-04-15T03:28:37.9275289Z   FORCE_COLOR: 1
2025-04-15T03:28:37.9275488Z   RUFF_OUTPUT_FORMAT: github
2025-04-15T03:28:37.9275783Z   pythonLocation: /opt/hostedtoolcache/Python/3.13.2/x64
2025-04-15T03:28:37.9276379Z   PKG_CONFIG_PATH: /opt/hostedtoolcache/Python/3.13.2/x64/lib/pkgconfig
2025-04-15T03:28:37.9276779Z   Python_ROOT_DIR: /opt/hostedtoolcache/Python/3.13.2/x64
2025-04-15T03:28:37.9277135Z   Python2_ROOT_DIR: /opt/hostedtoolcache/Python/3.13.2/x64
2025-04-15T03:28:37.9277480Z   Python3_ROOT_DIR: /opt/hostedtoolcache/Python/3.13.2/x64
2025-04-15T03:28:37.9277828Z   LD_LIBRARY_PATH: /opt/hostedtoolcache/Python/3.13.2/x64/lib
2025-04-15T03:28:37.9278127Z ##[endgroup]
2025-04-15T03:28:38.1903855Z cfgv==3.4.0
2025-04-15T03:28:38.1904256Z distlib==0.3.9
2025-04-15T03:28:38.1904557Z filelock==3.18.0
2025-04-15T03:28:38.1904852Z identify==2.6.9
2025-04-15T03:28:38.1905158Z nodeenv==1.9.1
2025-04-15T03:28:38.1905456Z platformdirs==4.3.7
2025-04-15T03:28:38.1905764Z pre_commit==4.2.0
2025-04-15T03:28:38.1906053Z PyYAML==6.0.2
2025-04-15T03:28:38.1906338Z virtualenv==20.30.0
2025-04-15T03:28:38.2778084Z ##[group]Run actions/cache@v4
2025-04-15T03:28:38.2778579Z with:
2025-04-15T03:28:38.2778805Z   path: ~/.cache/pre-commit
2025-04-15T03:28:38.2779310Z   key: pre-commit-3|/opt/hostedtoolcache/Python/3.13.2/x64|0428c2e8ed80cf0a2d5389423091d2d8769c5a650aa021eb7ff3ea667410ce7a
2025-04-15T03:28:38.2779836Z   enableCrossOsArchive: false
2025-04-15T03:28:38.2780081Z   fail-on-cache-miss: false
2025-04-15T03:28:38.2780304Z   lookup-only: false
2025-04-15T03:28:38.2780502Z   save-always: false
2025-04-15T03:28:38.2780691Z env:
2025-04-15T03:28:38.2780849Z   FORCE_COLOR: 1
2025-04-15T03:28:38.2781045Z   RUFF_OUTPUT_FORMAT: github
2025-04-15T03:28:38.2781352Z   pythonLocation: /opt/hostedtoolcache/Python/3.13.2/x64
2025-04-15T03:28:38.2781757Z   PKG_CONFIG_PATH: /opt/hostedtoolcache/Python/3.13.2/x64/lib/pkgconfig
2025-04-15T03:28:38.2782145Z   Python_ROOT_DIR: /opt/hostedtoolcache/Python/3.13.2/x64
2025-04-15T03:28:38.2782492Z   Python2_ROOT_DIR: /opt/hostedtoolcache/Python/3.13.2/x64
2025-04-15T03:28:38.2782842Z   Python3_ROOT_DIR: /opt/hostedtoolcache/Python/3.13.2/x64
2025-04-15T03:28:38.2783199Z   LD_LIBRARY_PATH: /opt/hostedtoolcache/Python/3.13.2/x64/lib
2025-04-15T03:28:38.2783498Z ##[endgroup]
2025-04-15T03:28:38.5304793Z Cache not found for input keys: pre-commit-3|/opt/hostedtoolcache/Python/3.13.2/x64|0428c2e8ed80cf0a2d5389423091d2d8769c5a650aa021eb7ff3ea667410ce7a
2025-04-15T03:28:38.5371676Z ##[group]Run pre-commit run --show-diff-on-failure --color=always --all-files
2025-04-15T03:28:38.5372199Z [36;1mpre-commit run --show-diff-on-failure --color=always --all-files[0m
2025-04-15T03:28:38.5418291Z shell: /usr/bin/bash --noprofile --norc -e -o pipefail {0}
2025-04-15T03:28:38.5418968Z env:
2025-04-15T03:28:38.5419139Z   FORCE_COLOR: 1
2025-04-15T03:28:38.5419345Z   RUFF_OUTPUT_FORMAT: github
2025-04-15T03:28:38.5419657Z   pythonLocation: /opt/hostedtoolcache/Python/3.13.2/x64
2025-04-15T03:28:38.5420065Z   PKG_CONFIG_PATH: /opt/hostedtoolcache/Python/3.13.2/x64/lib/pkgconfig
2025-04-15T03:28:38.5420462Z   Python_ROOT_DIR: /opt/hostedtoolcache/Python/3.13.2/x64
2025-04-15T03:28:38.5420820Z   Python2_ROOT_DIR: /opt/hostedtoolcache/Python/3.13.2/x64
2025-04-15T03:28:38.5421168Z   Python3_ROOT_DIR: /opt/hostedtoolcache/Python/3.13.2/x64
2025-04-15T03:28:38.5421520Z   LD_LIBRARY_PATH: /opt/hostedtoolcache/Python/3.13.2/x64/lib
2025-04-15T03:28:38.5421818Z ##[endgroup]
2025-04-15T03:28:38.8280516Z [INFO][m Initializing environment for https://github.com/astral-sh/ruff-pre-commit.
2025-04-15T03:28:39.0465585Z [INFO][m Initializing environment for https://github.com/psf/black-pre-commit-mirror.
2025-04-15T03:28:39.2653459Z [INFO][m Initializing environment for https://github.com/pre-commit/pre-commit-hooks.
2025-04-15T03:28:39.5472318Z [INFO][m Initializing environment for https://github.com/python-jsonschema/check-jsonschema.
2025-04-15T03:28:39.9444986Z [INFO][m Initializing environment for https://github.com/rhysd/actionlint.
2025-04-15T03:28:40.3649283Z [INFO][m Initializing environment for https://github.com/woodruffw/zizmor-pre-commit.
2025-04-15T03:28:40.5800949Z [INFO][m Initializing environment for https://github.com/sphinx-contrib/sphinx-lint.
2025-04-15T03:28:40.8244776Z [INFO][m Installing environment for https://github.com/astral-sh/ruff-pre-commit.
2025-04-15T03:28:40.8245711Z [INFO][m Once installed this environment will be reused.
2025-04-15T03:28:40.8246318Z [INFO][m This may take a few minutes...
2025-04-15T03:28:45.2417136Z [INFO][m Installing environment for https://github.com/psf/black-pre-commit-mirror.
2025-04-15T03:28:45.2417850Z [INFO][m Once installed this environment will be reused.
2025-04-15T03:28:45.2418286Z [INFO][m This may take a few minutes...
2025-04-15T03:28:49.2622759Z [INFO][m Installing environment for https://github.com/pre-commit/pre-commit-hooks.
2025-04-15T03:28:49.2623391Z [INFO][m Once installed this environment will be reused.
2025-04-15T03:28:49.2623763Z [INFO][m This may take a few minutes...
2025-04-15T03:28:52.7763357Z [INFO][m Installing environment for https://github.com/python-jsonschema/check-jsonschema.
2025-04-15T03:28:52.7764382Z [INFO][m Once installed this environment will be reused.
2025-04-15T03:28:52.7764975Z [INFO][m This may take a few minutes...
2025-04-15T03:28:57.9767770Z [INFO][m Installing environment for https://github.com/rhysd/actionlint.
2025-04-15T03:28:57.9768553Z [INFO][m Once installed this environment will be reused.
2025-04-15T03:28:57.9768950Z [INFO][m This may take a few minutes...
2025-04-15T03:29:18.5580388Z [INFO][m Installing environment for https://github.com/woodruffw/zizmor-pre-commit.
2025-04-15T03:29:18.5581280Z [INFO][m Once installed this environment will be reused.
2025-04-15T03:29:18.5581712Z [INFO][m This may take a few minutes...
2025-04-15T03:29:22.0627483Z [INFO][m Installing environment for https://github.com/sphinx-contrib/sphinx-lint.
2025-04-15T03:29:22.0628638Z [INFO][m Once installed this environment will be reused.
2025-04-15T03:29:22.0629261Z [INFO][m This may take a few minutes...
2025-04-15T03:29:26.9664672Z Run Ruff (lint) on Doc/..................................................[42mPassed[m
2025-04-15T03:29:27.6767876Z Run Ruff (lint) on Lib/test/.............................................[42mPassed[m
2025-04-15T03:29:28.0560255Z Run Ruff (lint) on Tools/build/check_warnings.py.........................[42mPassed[m
2025-04-15T03:29:28.4428590Z Run Ruff (lint) on Argument Clinic.......................................[42mPassed[m
2025-04-15T03:29:28.8227126Z Run Ruff (format) on Doc/................................................[42mPassed[m
2025-04-15T03:29:29.4250024Z Run Black on Tools/build/check_warnings.py...............................[42mPassed[m
2025-04-15T03:29:30.2287715Z Run Black on Tools/jit/..................................................[42mPassed[m
2025-04-15T03:29:30.7167820Z check for case conflicts.................................................[42mPassed[m
2025-04-15T03:29:31.1558136Z check for merge conflicts................................................[42mPassed[m
2025-04-15T03:29:31.5750900Z check toml...............................................................[42mPassed[m
2025-04-15T03:29:32.1480448Z check yaml...............................................................[42mPassed[m
2025-04-15T03:29:32.5872279Z fix end of files.........................................................[42mPassed[m
2025-04-15T03:29:33.5140873Z trim trailing whitespace.................................................[42mPassed[m
2025-04-15T03:29:34.2211348Z Validate Dependabot Config (v2)..........................................[42mPassed[m
2025-04-15T03:29:35.2260249Z Validate GitHub Workflows................................................[42mPassed[m
2025-04-15T03:29:35.9082729Z Validate ReadTheDocs Config..............................................[42mPassed[m
2025-04-15T03:29:38.0736560Z Lint GitHub Actions workflow files.......................................[42mPassed[m
2025-04-15T03:29:38.5178060Z zizmor...................................................................[42mPassed[m
2025-04-15T03:29:43.6825706Z Sphinx Lint..............................................................[42mPassed[m
2025-04-15T03:29:43.6832714Z Check C API news entries.............................(no files to check)[46;30mSkipped[m
2025-04-15T03:29:43.6839051Z Check Core and Builtins news entries.................(no files to check)[46;30mSkipped[m
2025-04-15T03:29:44.2200039Z Check hooks apply to the repository......................................[42mPassed[m
2025-04-15T03:29:44.7731445Z Check for useless excludes...............................................[42mPassed[m
