2025-04-14T13:08:41.1916591Z Prepare all required actions
2025-04-14T13:08:41.1917073Z Getting action download info
2025-04-14T13:08:41.4527979Z ##[group]Download immutable action package 'actions/github-script@v6'
2025-04-14T13:08:41.4528640Z Version: 6.4.1
2025-04-14T13:08:41.4529247Z Digest: sha256:c493e77940bce2b1f3c9cb8e34f9a4c963412fab10227de97afd5905dec76e82
2025-04-14T13:08:41.4530124Z Source commit SHA: d7906e4ad0b1822421a7e6a35d5ca353c962f410
2025-04-14T13:08:41.4530675Z ##[endgroup]
2025-04-14T13:08:41.6134036Z ##[group]Run ./.github/actions/restore-cache
2025-04-14T13:08:41.6134350Z env:
2025-04-14T13:08:41.6134532Z   FORCE_COLOR: 1
2025-04-14T13:08:41.6134769Z   HEAD_COMMIT: 2d8511b9704d8106a522b294a044fbdc42669271
2025-04-14T13:08:41.6135601Z   CACHED_DEPENDENCY_PATHS: /home/runner/work/Ghost/Ghost/node_modules
/home/runner/work/Ghost/Ghost/apps/*/node_modules
/home/runner/work/Ghost/Ghost/ghost/*/node_modules
~/.cache/ms-playwright/

2025-04-14T13:08:41.6136442Z   CACHED_BUILD_PATHS: /home/runner/work/Ghost/Ghost/ghost/*/build

2025-04-14T13:08:41.6136812Z   NX_REJECT_UNKNOWN_LOCAL_CACHE: 0
2025-04-14T13:08:41.6137049Z   NODE_VERSION: 20.11.1
2025-04-14T13:08:41.6137630Z   DEPENDENCY_CACHE_KEY: dep-cache-51efb1595ff07be908a303407bda16e5c7dd8253e0d356511f7022b9f5f5d5a8-2d8511b9704d8106a522b294a044fbdc42669271
2025-04-14T13:08:41.6138250Z ##[endgroup]
2025-04-14T13:08:41.6219355Z ##[group]Run actions/cache/restore@v4
2025-04-14T13:08:41.6219621Z with:
2025-04-14T13:08:41.6220439Z   path: /home/runner/work/Ghost/Ghost/node_modules
/home/runner/work/Ghost/Ghost/apps/*/node_modules
/home/runner/work/Ghost/Ghost/ghost/*/node_modules
~/.cache/ms-playwright/

2025-04-14T13:08:41.6221699Z   key: dep-cache-51efb1595ff07be908a303407bda16e5c7dd8253e0d356511f7022b9f5f5d5a8-2d8511b9704d8106a522b294a044fbdc42669271
2025-04-14T13:08:41.6222297Z   enableCrossOsArchive: false
2025-04-14T13:08:41.6222541Z   fail-on-cache-miss: false
2025-04-14T13:08:41.6222764Z   lookup-only: false
2025-04-14T13:08:41.6223111Z env:
2025-04-14T13:08:41.6223282Z   FORCE_COLOR: 1
2025-04-14T13:08:41.6223517Z   HEAD_COMMIT: 2d8511b9704d8106a522b294a044fbdc42669271
2025-04-14T13:08:41.6224328Z   CACHED_DEPENDENCY_PATHS: /home/runner/work/Ghost/Ghost/node_modules
/home/runner/work/Ghost/Ghost/apps/*/node_modules
/home/runner/work/Ghost/Ghost/ghost/*/node_modules
~/.cache/ms-playwright/

2025-04-14T13:08:41.6225171Z   CACHED_BUILD_PATHS: /home/runner/work/Ghost/Ghost/ghost/*/build

2025-04-14T13:08:41.6225506Z   NX_REJECT_UNKNOWN_LOCAL_CACHE: 0
2025-04-14T13:08:41.6225750Z   NODE_VERSION: 20.11.1
2025-04-14T13:08:41.6226347Z   DEPENDENCY_CACHE_KEY: dep-cache-51efb1595ff07be908a303407bda16e5c7dd8253e0d356511f7022b9f5f5d5a8-2d8511b9704d8106a522b294a044fbdc42669271
2025-04-14T13:08:41.6226962Z ##[endgroup]
2025-04-14T13:08:41.8583860Z Cache hit for: dep-cache-51efb1595ff07be908a303407bda16e5c7dd8253e0d356511f7022b9f5f5d5a8-2d8511b9704d8106a522b294a044fbdc42669271
2025-04-14T13:08:42.9769325Z Received 246851052 of 246851052 (100.0%), 221.7 MBs/sec
2025-04-14T13:08:42.9772208Z Cache Size: ~235 MB (246851052 B)
2025-04-14T13:08:42.9811903Z [command]/usr/bin/tar -xf /home/runner/work/_temp/5482f4de-74cd-456a-902e-8208cc5d927a/cache.tzst -P -C /home/runner/work/Ghost/Ghost --use-compress-program unzstd
2025-04-14T13:08:50.0039292Z Cache restored successfully
2025-04-14T13:08:50.0944497Z Cache restored from key: dep-cache-51efb1595ff07be908a303407bda16e5c7dd8253e0d356511f7022b9f5f5d5a8-2d8511b9704d8106a522b294a044fbdc42669271
2025-04-14T13:08:50.1130739Z ##[group]Run actions/cache/restore@v4
2025-04-14T13:08:50.1131197Z with:
2025-04-14T13:08:50.1131577Z   path: /home/runner/work/Ghost/Ghost/ghost/*/build

2025-04-14T13:08:50.1132137Z   key: 2d8511b9704d8106a522b294a044fbdc42669271
2025-04-14T13:08:50.1132641Z   enableCrossOsArchive: false
2025-04-14T13:08:50.1133275Z   fail-on-cache-miss: false
2025-04-14T13:08:50.1133678Z   lookup-only: false
2025-04-14T13:08:50.1134021Z env:
2025-04-14T13:08:50.1134307Z   FORCE_COLOR: 1
2025-04-14T13:08:50.1134772Z   HEAD_COMMIT: 2d8511b9704d8106a522b294a044fbdc42669271
2025-04-14T13:08:50.1136657Z   CACHED_DEPENDENCY_PATHS: /home/runner/work/Ghost/Ghost/node_modules
/home/runner/work/Ghost/Ghost/apps/*/node_modules
/home/runner/work/Ghost/Ghost/ghost/*/node_modules
~/.cache/ms-playwright/

2025-04-14T13:08:50.1138246Z   CACHED_BUILD_PATHS: /home/runner/work/Ghost/Ghost/ghost/*/build

2025-04-14T13:08:50.1138868Z   NX_REJECT_UNKNOWN_LOCAL_CACHE: 0
2025-04-14T13:08:50.1139315Z   NODE_VERSION: 20.11.1
2025-04-14T13:08:50.1140483Z   DEPENDENCY_CACHE_KEY: dep-cache-51efb1595ff07be908a303407bda16e5c7dd8253e0d356511f7022b9f5f5d5a8-2d8511b9704d8106a522b294a044fbdc42669271
2025-04-14T13:08:50.1141604Z ##[endgroup]
2025-04-14T13:08:50.3131556Z Cache hit for: 2d8511b9704d8106a522b294a044fbdc42669271
2025-04-14T13:08:50.3920787Z Received 59837 of 59837 (100.0%), 2.1 MBs/sec
2025-04-14T13:08:50.3921948Z Cache Size: ~0 MB (59837 B)
2025-04-14T13:08:50.3958421Z [command]/usr/bin/tar -xf /home/runner/work/_temp/bfb7430b-83f7-4dd8-b4d7-7957ad45e519/cache.tzst -P -C /home/runner/work/Ghost/Ghost --use-compress-program unzstd
2025-04-14T13:08:50.4036011Z Cache restored successfully
2025-04-14T13:08:50.4114676Z Cache restored from key: 2d8511b9704d8106a522b294a044fbdc42669271
