2025-04-15T07:52:48.0772535Z ##[group]Run pre-commit/action@v3.0.1
2025-04-15T07:52:48.0772855Z with:
2025-04-15T07:52:48.0773367Z   extra_args: --files "./modules/gdscript/language_server/gdscript_extend_parser.cpp" "./modules/gdscript/tests/scripts/lsp/class.gd" 
2025-04-15T07:52:48.0773925Z env:
2025-04-15T07:52:48.0774373Z   CHANGED_FILES: "./modules/gdscript/language_server/gdscript_extend_parser.cpp" "./modules/gdscript/tests/scripts/lsp/class.gd" 
2025-04-15T07:52:48.0775086Z ##[endgroup]
2025-04-15T07:52:48.0856047Z ##[group]Run python -m pip install pre-commit
2025-04-15T07:52:48.0856407Z [36;1mpython -m pip install pre-commit[0m
2025-04-15T07:52:48.0909208Z shell: /usr/bin/bash --noprofile --norc -e -o pipefail {0}
2025-04-15T07:52:48.0909553Z env:
2025-04-15T07:52:48.0910042Z   CHANGED_FILES: "./modules/gdscript/language_server/gdscript_extend_parser.cpp" "./modules/gdscript/tests/scripts/lsp/class.gd" 
2025-04-15T07:52:48.0910595Z ##[endgroup]
2025-04-15T07:52:49.1488536Z Defaulting to user installation because normal site-packages is not writeable
2025-04-15T07:52:49.7875724Z Collecting pre-commit
2025-04-15T07:52:49.8322821Z   Downloading pre_commit-4.2.0-py2.py3-none-any.whl.metadata (1.3 kB)
2025-04-15T07:52:49.8588102Z Collecting cfgv>=2.0.0 (from pre-commit)
2025-04-15T07:52:49.8657651Z   Downloading cfgv-3.4.0-py2.py3-none-any.whl.metadata (8.5 kB)
2025-04-15T07:52:49.9406472Z Collecting identify>=1.0.0 (from pre-commit)
2025-04-15T07:52:49.9480806Z   Downloading identify-2.6.9-py2.py3-none-any.whl.metadata (4.4 kB)
2025-04-15T07:52:49.9746042Z Collecting nodeenv>=0.11.1 (from pre-commit)
2025-04-15T07:52:49.9819347Z   Downloading nodeenv-1.9.1-py2.py3-none-any.whl.metadata (21 kB)
2025-04-15T07:52:49.9908668Z Requirement already satisfied: pyyaml>=5.1 in /usr/lib/python3/dist-packages (from pre-commit) (6.0.1)
2025-04-15T07:52:50.0804768Z Collecting virtualenv>=20.10.0 (from pre-commit)
2025-04-15T07:52:50.0876546Z   Downloading virtualenv-20.30.0-py3-none-any.whl.metadata (4.5 kB)
2025-04-15T07:52:50.1310093Z Collecting distlib<1,>=0.3.7 (from virtualenv>=20.10.0->pre-commit)
2025-04-15T07:52:50.1379418Z   Downloading distlib-0.3.9-py2.py3-none-any.whl.metadata (5.2 kB)
2025-04-15T07:52:50.1730174Z Collecting filelock<4,>=3.12.2 (from virtualenv>=20.10.0->pre-commit)
2025-04-15T07:52:50.1804121Z   Downloading filelock-3.18.0-py3-none-any.whl.metadata (2.9 kB)
2025-04-15T07:52:50.1859253Z Requirement already satisfied: platformdirs<5,>=3.9.1 in /usr/local/lib/python3.12/dist-packages (from virtualenv>=20.10.0->pre-commit) (4.3.7)
2025-04-15T07:52:50.2115748Z Downloading pre_commit-4.2.0-py2.py3-none-any.whl (220 kB)
2025-04-15T07:52:50.2295572Z    ━━━━━━━━━━━━━━━━━━━━━━━━━━━━━━━━━━━━━━━━ 220.7/220.7 kB 13.8 MB/s eta 0:00:00
2025-04-15T07:52:50.2363910Z Downloading cfgv-3.4.0-py2.py3-none-any.whl (7.2 kB)
2025-04-15T07:52:50.2456029Z Downloading identify-2.6.9-py2.py3-none-any.whl (99 kB)
2025-04-15T07:52:50.2507595Z    ━━━━━━━━━━━━━━━━━━━━━━━━━━━━━━━━━━━━━━━━ 99.1/99.1 kB 27.4 MB/s eta 0:00:00
2025-04-15T07:52:50.2577125Z Downloading nodeenv-1.9.1-py2.py3-none-any.whl (22 kB)
2025-04-15T07:52:50.2675883Z Downloading virtualenv-20.30.0-py3-none-any.whl (4.3 MB)
2025-04-15T07:52:50.3071698Z    ━━━━━━━━━━━━━━━━━━━━━━━━━━━━━━━━━━━━━━━━ 4.3/4.3 MB 114.8 MB/s eta 0:00:00
2025-04-15T07:52:50.3141926Z Downloading distlib-0.3.9-py2.py3-none-any.whl (468 kB)
2025-04-15T07:52:50.3216408Z    ━━━━━━━━━━━━━━━━━━━━━━━━━━━━━━━━━━━━━━━━ 469.0/469.0 kB 84.4 MB/s eta 0:00:00
2025-04-15T07:52:50.3284288Z Downloading filelock-3.18.0-py3-none-any.whl (16 kB)
2025-04-15T07:52:50.6416429Z Installing collected packages: distlib, nodeenv, identify, filelock, cfgv, virtualenv, pre-commit
2025-04-15T07:52:50.9434273Z Successfully installed cfgv-3.4.0 distlib-0.3.9 filelock-3.18.0 identify-2.6.9 nodeenv-1.9.1 pre-commit-4.2.0 virtualenv-20.30.0
2025-04-15T07:52:51.0215843Z ##[group]Run python -m pip freeze --local
2025-04-15T07:52:51.0216184Z [36;1mpython -m pip freeze --local[0m
2025-04-15T07:52:51.0262064Z shell: /usr/bin/bash --noprofile --norc -e -o pipefail {0}
2025-04-15T07:52:51.0262621Z env:
2025-04-15T07:52:51.0263102Z   CHANGED_FILES: "./modules/gdscript/language_server/gdscript_extend_parser.cpp" "./modules/gdscript/tests/scripts/lsp/class.gd" 
2025-04-15T07:52:51.0263635Z ##[endgroup]
2025-04-15T07:52:51.4333189Z argcomplete==3.6.2
2025-04-15T07:52:51.4333746Z attrs==23.2.0
2025-04-15T07:52:51.4334656Z Automat==22.10.0
2025-04-15T07:52:51.4335045Z Babel==2.10.3
2025-04-15T07:52:51.4335416Z bcc==0.29.1
2025-04-15T07:52:51.4335766Z bcrypt==3.2.2
2025-04-15T07:52:51.4336134Z blinker==1.7.0
2025-04-15T07:52:51.4336499Z boto3==1.34.46
2025-04-15T07:52:51.4336800Z botocore==1.34.46
2025-04-15T07:52:51.4337117Z certifi==2023.11.17
2025-04-15T07:52:51.4337415Z cfgv==3.4.0
2025-04-15T07:52:51.4337603Z chardet==5.2.0
2025-04-15T07:52:51.4337814Z click==8.1.6
2025-04-15T07:52:51.4338240Z cloud-init==24.4
2025-04-15T07:52:51.4338443Z colorama==0.4.6
2025-04-15T07:52:51.4338641Z command-not-found==0.3
2025-04-15T07:52:51.4338862Z configobj==5.0.8
2025-04-15T07:52:51.4339086Z constantly==23.10.4
2025-04-15T07:52:51.4339301Z cryptography==41.0.7
2025-04-15T07:52:51.4339508Z dbus-python==1.3.2
2025-04-15T07:52:51.4339710Z distlib==0.3.9
2025-04-15T07:52:51.4339902Z distro==1.9.0
2025-04-15T07:52:51.4340098Z distro-info==1.7+build1
2025-04-15T07:52:51.4340311Z filelock==3.18.0
2025-04-15T07:52:51.4340500Z httplib2==0.20.4
2025-04-15T07:52:51.4340703Z hyperlink==21.0.0
2025-04-15T07:52:51.4340898Z identify==2.6.9
2025-04-15T07:52:51.4341092Z idna==3.6
2025-04-15T07:52:51.4341275Z incremental==22.10.0
2025-04-15T07:52:51.4341473Z Jinja2==3.1.2
2025-04-15T07:52:51.4341659Z jmespath==1.0.1
2025-04-15T07:52:51.4341852Z jsonpatch==1.32
2025-04-15T07:52:51.4342043Z jsonpointer==2.0
2025-04-15T07:52:51.4342231Z jsonschema==4.10.3
2025-04-15T07:52:51.4342432Z launchpadlib==1.11.0
2025-04-15T07:52:51.4342647Z lazr.restfulclient==0.14.6
2025-04-15T07:52:51.4342873Z lazr.uri==1.0.6
2025-04-15T07:52:51.4343070Z markdown-it-py==3.0.0
2025-04-15T07:52:51.4343277Z MarkupSafe==2.1.5
2025-04-15T07:52:51.4343479Z mdurl==0.1.2
2025-04-15T07:52:51.4343666Z mercurial==6.7.2
2025-04-15T07:52:51.4343859Z netaddr==0.8.0
2025-04-15T07:52:51.4344043Z netifaces==0.11.0
2025-04-15T07:52:51.4344235Z nodeenv==1.9.1
2025-04-15T07:52:51.4344423Z oauthlib==3.2.2
2025-04-15T07:52:51.4344613Z packaging==24.0
2025-04-15T07:52:51.4344803Z pexpect==4.9.0
2025-04-15T07:52:51.4344995Z pipx==1.7.1
2025-04-15T07:52:51.4345182Z platformdirs==4.3.7
2025-04-15T07:52:51.4345383Z pre_commit==4.2.0
2025-04-15T07:52:51.4345585Z ptyprocess==0.7.0
2025-04-15T07:52:51.4345773Z pyasn1==0.4.8
2025-04-15T07:52:51.4345955Z pyasn1-modules==0.2.8
2025-04-15T07:52:51.4346158Z Pygments==2.17.2
2025-04-15T07:52:51.4346344Z PyGObject==3.48.2
2025-04-15T07:52:51.4346536Z PyHamcrest==2.1.0
2025-04-15T07:52:51.4346713Z PyJWT==2.7.0
2025-04-15T07:52:51.4346892Z pyOpenSSL==23.2.0
2025-04-15T07:52:51.4347078Z pyparsing==3.1.1
2025-04-15T07:52:51.4347265Z pyparted==3.12.0
2025-04-15T07:52:51.4347455Z pyrsistent==0.20.0
2025-04-15T07:52:51.4347647Z pyserial==3.5
2025-04-15T07:52:51.4347837Z python-apt==2.7.7+ubuntu4
2025-04-15T07:52:51.4348172Z python-dateutil==2.8.2
2025-04-15T07:52:51.4348387Z python-debian==0.1.49+ubuntu2
2025-04-15T07:52:51.4348694Z python-magic==0.4.27
2025-04-15T07:52:51.4348925Z pytz==2024.1
2025-04-15T07:52:51.4349098Z PyYAML==6.0.1
2025-04-15T07:52:51.4349280Z requests==2.31.0
2025-04-15T07:52:51.4349466Z rich==13.7.1
2025-04-15T07:52:51.4349644Z s3transfer==0.10.1
2025-04-15T07:52:51.4349839Z service-identity==24.1.0
2025-04-15T07:52:51.4350045Z setuptools==68.1.2
2025-04-15T07:52:51.4350229Z six==1.16.0
2025-04-15T07:52:51.4350441Z sos==4.7.2
2025-04-15T07:52:51.4350763Z ssh-import-id==5.11
2025-04-15T07:52:51.4351084Z systemd-python==235
2025-04-15T07:52:51.4351415Z Twisted==24.3.0
2025-04-15T07:52:51.4351735Z typing_extensions==4.10.0
2025-04-15T07:52:51.4352101Z ubuntu-pro-client==8001
2025-04-15T07:52:51.4352388Z ufw==0.36.2
2025-04-15T07:52:51.4352674Z urllib3==2.0.7
2025-04-15T07:52:51.4352984Z userpath==1.9.2
2025-04-15T07:52:51.4353637Z virtualenv==20.30.0
2025-04-15T07:52:51.4354015Z wadllib==1.3.6
2025-04-15T07:52:51.4354342Z WALinuxAgent==2.9.1.1
2025-04-15T07:52:51.4354690Z wheel==0.42.0
2025-04-15T07:52:51.4355003Z zope.interface==6.1
2025-04-15T07:52:51.4355350Z zstandard==0.22.0
2025-04-15T07:52:51.5435527Z ##[group]Run actions/cache@v4
2025-04-15T07:52:51.5436003Z with:
2025-04-15T07:52:51.5436219Z   path: ~/.cache/pre-commit
2025-04-15T07:52:51.5436609Z   key: pre-commit-3||547c64545613726cd8da7487ed54f1edc27ae9843c378e9a06176ef040e53c6c
2025-04-15T07:52:51.5437040Z   enableCrossOsArchive: false
2025-04-15T07:52:51.5437305Z   fail-on-cache-miss: false
2025-04-15T07:52:51.5437550Z   lookup-only: false
2025-04-15T07:52:51.5437786Z   save-always: false
2025-04-15T07:52:51.5438205Z env:
2025-04-15T07:52:51.5438695Z   CHANGED_FILES: "./modules/gdscript/language_server/gdscript_extend_parser.cpp" "./modules/gdscript/tests/scripts/lsp/class.gd" 
2025-04-15T07:52:51.5439239Z ##[endgroup]
2025-04-15T07:52:51.7752193Z Cache not found for input keys: pre-commit-3||547c64545613726cd8da7487ed54f1edc27ae9843c378e9a06176ef040e53c6c
2025-04-15T07:52:51.7826656Z ##[group]Run pre-commit run --show-diff-on-failure --color=always --files "./modules/gdscript/language_server/gdscript_extend_parser.cpp" "./modules/gdscript/tests/scripts/lsp/class.gd" 
2025-04-15T07:52:51.7827847Z [36;1mpre-commit run --show-diff-on-failure --color=always --files "./modules/gdscript/language_server/gdscript_extend_parser.cpp" "./modules/gdscript/tests/scripts/lsp/class.gd" [0m
2025-04-15T07:52:51.7873847Z shell: /usr/bin/bash --noprofile --norc -e -o pipefail {0}
2025-04-15T07:52:51.7874182Z env:
2025-04-15T07:52:51.7874662Z   CHANGED_FILES: "./modules/gdscript/language_server/gdscript_extend_parser.cpp" "./modules/gdscript/tests/scripts/lsp/class.gd" 
2025-04-15T07:52:51.7875196Z ##[endgroup]
2025-04-15T07:52:51.9136824Z [INFO][m Initializing environment for https://github.com/pre-commit/mirrors-clang-format.
2025-04-15T07:52:52.0872667Z [INFO][m Initializing environment for https://github.com/pocc/pre-commit-hooks.
2025-04-15T07:52:52.2973276Z [INFO][m Initializing environment for https://github.com/pocc/pre-commit-hooks:clang-tidy==20.1.0.
2025-04-15T07:52:52.4852163Z [INFO][m Initializing environment for https://github.com/astral-sh/ruff-pre-commit.
2025-04-15T07:52:52.6721201Z [INFO][m Initializing environment for https://github.com/pre-commit/mirrors-mypy.
2025-04-15T07:52:52.8443584Z [INFO][m Initializing environment for https://github.com/codespell-project/codespell.
2025-04-15T07:52:53.1353600Z [INFO][m Initializing environment for https://github.com/codespell-project/codespell:tomli.
2025-04-15T07:52:53.4085732Z [INFO][m Initializing environment for local.
2025-04-15T07:52:53.4134053Z [INFO][m Initializing environment for local:@eslint/js@^9.3.0,@html-eslint/eslint-plugin@^0.24.1,@html-eslint/parser@^0.24.1,@stylistic/eslint-plugin@^2.1.0,eslint@^9.3.0,eslint-plugin-html@^8.1.1,globals@^15.3.0,espree@^10.0.1.
2025-04-15T07:52:53.4169101Z [INFO][m Initializing environment for local:jsdoc@^4.0.3.
2025-04-15T07:52:53.4203118Z [INFO][m Initializing environment for local:svgo@3.3.2.
2025-04-15T07:52:53.4248546Z [INFO][m Installing environment for https://github.com/pre-commit/mirrors-clang-format.
2025-04-15T07:52:53.4249478Z [INFO][m Once installed this environment will be reused.
2025-04-15T07:52:53.4250148Z [INFO][m This may take a few minutes...
2025-04-15T07:52:56.8829956Z [INFO][m Installing environment for https://github.com/astral-sh/ruff-pre-commit.
2025-04-15T07:52:56.8830566Z [INFO][m Once installed this environment will be reused.
2025-04-15T07:52:56.8830938Z [INFO][m This may take a few minutes...
2025-04-15T07:53:00.4796074Z [INFO][m Installing environment for https://github.com/pre-commit/mirrors-mypy.
2025-04-15T07:53:00.4796709Z [INFO][m Once installed this environment will be reused.
2025-04-15T07:53:00.4797088Z [INFO][m This may take a few minutes...
2025-04-15T07:53:05.1459918Z [INFO][m Installing environment for https://github.com/codespell-project/codespell.
2025-04-15T07:53:05.1461200Z [INFO][m Once installed this environment will be reused.
2025-04-15T07:53:05.1461788Z [INFO][m This may take a few minutes...
2025-04-15T07:53:08.8153883Z [INFO][m Installing environment for local.
2025-04-15T07:53:08.8154374Z [INFO][m Once installed this environment will be reused.
2025-04-15T07:53:08.8155051Z [INFO][m This may take a few minutes...
2025-04-15T07:53:11.7143550Z [INFO][m Installing environment for local.
2025-04-15T07:53:11.7144088Z [INFO][m Once installed this environment will be reused.
2025-04-15T07:53:11.7144482Z [INFO][m This may take a few minutes...
2025-04-15T07:53:18.4340506Z [INFO][m Installing environment for local.
2025-04-15T07:53:18.4341255Z [INFO][m Once installed this environment will be reused.
2025-04-15T07:53:18.4341832Z [INFO][m This may take a few minutes...
2025-04-15T07:53:20.8336078Z [INFO][m Installing environment for local.
2025-04-15T07:53:20.8336804Z [INFO][m Once installed this environment will be reused.
2025-04-15T07:53:20.8337437Z [INFO][m This may take a few minutes...
2025-04-15T07:53:24.9665855Z clang-format.............................................................[42mPassed[m
2025-04-15T07:53:24.9667093Z clang-format-glsl....................................(no files to check)[46;30mSkipped[m
2025-04-15T07:53:24.9668462Z ruff.................................................(no files to check)[46;30mSkipped[m
2025-04-15T07:53:24.9669426Z ruff-format..........................................(no files to check)[46;30mSkipped[m
2025-04-15T07:53:24.9670407Z mypy.................................................(no files to check)[46;30mSkipped[m
2025-04-15T07:53:26.1744071Z codespell................................................................[42mPassed[m
2025-04-15T07:53:26.1745504Z make-rst.............................................(no files to check)[46;30mSkipped[m
2025-04-15T07:53:26.1746465Z doc-status...........................................(no files to check)[46;30mSkipped[m
2025-04-15T07:53:26.1747443Z validate-builders....................................(no files to check)[46;30mSkipped[m
2025-04-15T07:53:26.1748644Z eslint...............................................(no files to check)[46;30mSkipped[m
2025-04-15T07:53:26.1749552Z jsdoc................................................(no files to check)[46;30mSkipped[m
2025-04-15T07:53:26.1750314Z svgo.................................................(no files to check)[46;30mSkipped[m
2025-04-15T07:53:28.3097061Z copyright-headers........................................................[42mPassed[m
2025-04-15T07:53:28.3097711Z header-guards........................................(no files to check)[46;30mSkipped[m
2025-04-15T07:53:28.3360366Z file-format..............................................................[42mPassed[m
2025-04-15T07:53:28.3361030Z dotnet-format........................................(no files to check)[46;30mSkipped[m
