2025-03-27T11:47:39.8705022Z Requested labels: ubuntu-22.04
2025-03-27T11:47:39.8705505Z Job defined at: pixijs/pixijs/.github/workflows/pull-unit.yml@refs/pull/11356/merge
2025-03-27T11:47:39.8705677Z Waiting for a runner to pick up this job...
2025-03-27T11:47:40.2373178Z Job is waiting for a hosted runner to come online.
2025-03-27T11:47:42.8080297Z Job is about to start running on the hosted runner: GitHub Actions 13 (hosted)
2025-03-27T11:47:45.2357205Z Current runner version: '2.323.0'
2025-03-27T11:47:45.2382543Z ##[group]Operating System
2025-03-27T11:47:45.2383296Z Ubuntu
2025-03-27T11:47:45.2383818Z 22.04.5
2025-03-27T11:47:45.2384326Z LTS
2025-03-27T11:47:45.2384789Z ##[endgroup]
2025-03-27T11:47:45.2385368Z ##[group]Runner Image
2025-03-27T11:47:45.2385938Z Image: ubuntu-22.04
2025-03-27T11:47:45.2386430Z Version: 20250323.1.0
2025-03-27T11:47:45.2387710Z Included Software: https://github.com/actions/runner-images/blob/ubuntu22/20250323.1/images/ubuntu/Ubuntu2204-Readme.md
2025-03-27T11:47:45.2389067Z Image Release: https://github.com/actions/runner-images/releases/tag/ubuntu22%2F20250323.1
2025-03-27T11:47:45.2389941Z ##[endgroup]
2025-03-27T11:47:45.2390553Z ##[group]Runner Image Provisioner
2025-03-27T11:47:45.2391113Z 2.0.422.1
2025-03-27T11:47:45.2391593Z ##[endgroup]
2025-03-27T11:47:45.2393944Z ##[group]GITHUB_TOKEN Permissions
2025-03-27T11:47:45.2396106Z Actions: write
2025-03-27T11:47:45.2397053Z Attestations: write
2025-03-27T11:47:45.2397762Z Checks: write
2025-03-27T11:47:45.2398281Z Contents: write
2025-03-27T11:47:45.2398807Z Deployments: write
2025-03-27T11:47:45.2399333Z Discussions: write
2025-03-27T11:47:45.2399861Z Issues: write
2025-03-27T11:47:45.2400370Z Metadata: read
2025-03-27T11:47:45.2400900Z Models: read
2025-03-27T11:47:45.2401408Z Packages: write
2025-03-27T11:47:45.2401884Z Pages: write
2025-03-27T11:47:45.2402429Z PullRequests: write
2025-03-27T11:47:45.2402989Z RepositoryProjects: write
2025-03-27T11:47:45.2403546Z SecurityEvents: write
2025-03-27T11:47:45.2404155Z Statuses: write
2025-03-27T11:47:45.2404618Z ##[endgroup]
2025-03-27T11:47:45.2407863Z Secret source: Actions
2025-03-27T11:47:45.2409053Z Prepare workflow directory
2025-03-27T11:47:45.2713762Z Prepare all required actions
2025-03-27T11:47:45.2749761Z Getting action download info
2025-03-27T11:47:45.4740720Z Download action repository 'actions/checkout@v4' (SHA:11bd71901bbe5b1630ceea73d27597364c9af683)
2025-03-27T11:47:45.6715616Z Complete job name: build
2025-03-27T11:47:45.7426674Z ##[group]Run actions/checkout@v4
2025-03-27T11:47:45.7427883Z with:
2025-03-27T11:47:45.7428316Z   repository: pixijs/pixijs
2025-03-27T11:47:45.7428944Z   token: ***
2025-03-27T11:47:45.7429336Z   ssh-strict: true
2025-03-27T11:47:45.7429736Z   ssh-user: git
2025-03-27T11:47:45.7430148Z   persist-credentials: true
2025-03-27T11:47:45.7430599Z   clean: true
2025-03-27T11:47:45.7431010Z   sparse-checkout-cone-mode: true
2025-03-27T11:47:45.7431498Z   fetch-depth: 1
2025-03-27T11:47:45.7431893Z   fetch-tags: false
2025-03-27T11:47:45.7432417Z   show-progress: true
2025-03-27T11:47:45.7432827Z   lfs: false
2025-03-27T11:47:45.7433207Z   submodules: false
2025-03-27T11:47:45.7433637Z   set-safe-directory: true
2025-03-27T11:47:45.7434314Z ##[endgroup]
2025-03-27T11:47:46.0154505Z Syncing repository: pixijs/pixijs
2025-03-27T11:47:46.0157439Z ##[group]Getting Git version info
2025-03-27T11:47:46.0158570Z Working directory is '/home/runner/work/pixijs/pixijs'
2025-03-27T11:47:46.0160292Z [command]/usr/bin/git version
2025-03-27T11:47:46.0260278Z git version 2.49.0
2025-03-27T11:47:46.0291295Z ##[endgroup]
2025-03-27T11:47:46.0307140Z Temporarily overriding HOME='/home/runner/work/_temp/698d8cf6-b212-4273-a956-fb1fc982230e' before making global git config changes
2025-03-27T11:47:46.0309557Z Adding repository directory to the temporary git global config as a safe directory
2025-03-27T11:47:46.0313657Z [command]/usr/bin/git config --global --add safe.directory /home/runner/work/pixijs/pixijs
2025-03-27T11:47:46.0352560Z Deleting the contents of '/home/runner/work/pixijs/pixijs'
2025-03-27T11:47:46.0356708Z ##[group]Initializing the repository
2025-03-27T11:47:46.0361479Z [command]/usr/bin/git init /home/runner/work/pixijs/pixijs
2025-03-27T11:47:46.0442249Z hint: Using 'master' as the name for the initial branch. This default branch name
2025-03-27T11:47:46.0443631Z hint: is subject to change. To configure the initial branch name to use in all
2025-03-27T11:47:46.0444614Z hint: of your new repositories, which will suppress this warning, call:
2025-03-27T11:47:46.0445719Z hint:
2025-03-27T11:47:46.0446206Z hint: 	git config --global init.defaultBranch <name>
2025-03-27T11:47:46.0446773Z hint:
2025-03-27T11:47:46.0447639Z hint: Names commonly chosen instead of 'master' are 'main', 'trunk' and
2025-03-27T11:47:46.0448528Z hint: 'development'. The just-created branch can be renamed via this command:
2025-03-27T11:47:46.0449313Z hint:
2025-03-27T11:47:46.0449706Z hint: 	git branch -m <name>
2025-03-27T11:47:46.0452976Z Initialized empty Git repository in /home/runner/work/pixijs/pixijs/.git/
2025-03-27T11:47:46.0463969Z [command]/usr/bin/git remote add origin https://github.com/pixijs/pixijs
2025-03-27T11:47:46.0503401Z ##[endgroup]
2025-03-27T11:47:46.0504636Z ##[group]Disabling automatic garbage collection
2025-03-27T11:47:46.0508427Z [command]/usr/bin/git config --local gc.auto 0
2025-03-27T11:47:46.0537656Z ##[endgroup]
2025-03-27T11:47:46.0538913Z ##[group]Setting up auth
2025-03-27T11:47:46.0545136Z [command]/usr/bin/git config --local --name-only --get-regexp core\.sshCommand
2025-03-27T11:47:46.0576176Z [command]/usr/bin/git submodule foreach --recursive sh -c "git config --local --name-only --get-regexp 'core\.sshCommand' && git config --local --unset-all 'core.sshCommand' || :"
2025-03-27T11:47:46.1009813Z [command]/usr/bin/git config --local --name-only --get-regexp http\.https\:\/\/github\.com\/\.extraheader
2025-03-27T11:47:46.1039895Z [command]/usr/bin/git submodule foreach --recursive sh -c "git config --local --name-only --get-regexp 'http\.https\:\/\/github\.com\/\.extraheader' && git config --local --unset-all 'http.https://github.com/.extraheader' || :"
2025-03-27T11:47:46.1263607Z [command]/usr/bin/git config --local http.https://github.com/.extraheader AUTHORIZATION: basic ***
2025-03-27T11:47:46.1301152Z ##[endgroup]
2025-03-27T11:47:46.1301875Z ##[group]Fetching the repository
2025-03-27T11:47:46.1311685Z [command]/usr/bin/git -c protocol.version=2 fetch --no-tags --prune --no-recurse-submodules --depth=1 origin +dbc48b69ce4116a63a58ea83f2bd36844e92a4a3:refs/remotes/pull/11356/merge
2025-03-27T11:47:47.1102469Z From https://github.com/pixijs/pixijs
2025-03-27T11:47:47.1136595Z  * [new ref]         dbc48b69ce4116a63a58ea83f2bd36844e92a4a3 -> pull/11356/merge
2025-03-27T11:47:47.1140235Z ##[endgroup]
2025-03-27T11:47:47.1141341Z ##[group]Determining the checkout info
2025-03-27T11:47:47.1142565Z ##[endgroup]
2025-03-27T11:47:47.1144994Z [command]/usr/bin/git sparse-checkout disable
2025-03-27T11:47:47.1188267Z [command]/usr/bin/git config --local --unset-all extensions.worktreeConfig
2025-03-27T11:47:47.1216147Z ##[group]Checking out the ref
2025-03-27T11:47:47.1221262Z [command]/usr/bin/git checkout --progress --force refs/remotes/pull/11356/merge
2025-03-27T11:47:47.2271286Z Note: switching to 'refs/remotes/pull/11356/merge'.
2025-03-27T11:47:47.2272896Z 
2025-03-27T11:47:47.2273770Z You are in 'detached HEAD' state. You can look around, make experimental
2025-03-27T11:47:47.2276023Z changes and commit them, and you can discard any commits you make in this
2025-03-27T11:47:47.2278819Z state without impacting any branches by switching back to a branch.
2025-03-27T11:47:47.2280504Z 
2025-03-27T11:47:47.2281540Z If you want to create a new branch to retain commits you create, you may
2025-03-27T11:47:47.2284019Z do so (now or later) by using -c with the switch command. Example:
2025-03-27T11:47:47.2285728Z 
2025-03-27T11:47:47.2286439Z   git switch -c <new-branch-name>
2025-03-27T11:47:47.2287726Z 
2025-03-27T11:47:47.2288307Z Or undo this operation with:
2025-03-27T11:47:47.2289288Z 
2025-03-27T11:47:47.2289798Z   git switch -
2025-03-27T11:47:47.2290522Z 
2025-03-27T11:47:47.2291794Z Turn off this advice by setting config variable advice.detachedHead to false
2025-03-27T11:47:47.2293701Z 
2025-03-27T11:47:47.2295736Z HEAD is now at dbc48b6 Merge 642a2d4f7905aece9fa4f71ebcf88dd524cdfd21 into 58321a2774886b911b49155d982601c49f2a2629
2025-03-27T11:47:47.2300876Z ##[endgroup]
2025-03-27T11:47:47.2329746Z [command]/usr/bin/git log -1 --format=%H
2025-03-27T11:47:47.2353079Z dbc48b69ce4116a63a58ea83f2bd36844e92a4a3
2025-03-27T11:47:47.2704118Z Prepare all required actions
2025-03-27T11:47:47.2705507Z Getting action download info
2025-03-27T11:47:47.4300746Z Download action repository 'actions/setup-node@v4' (SHA:cdca7365b2dadb8aad0a33bc7601856ffabcc48e)
2025-03-27T11:47:47.5562394Z Download action repository 'actions/cache@v4' (SHA:5a3ec84eff668545956fd18022155c47e93e2684)
2025-03-27T11:47:48.2224314Z ##[group]Run ./.github/actions/setup
2025-03-27T11:47:48.2224675Z with:
2025-03-27T11:47:48.2224904Z   node-version: 20
2025-03-27T11:47:48.2225167Z   npm-version: 8
2025-03-27T11:47:48.2225401Z ##[endgroup]
2025-03-27T11:47:48.2365481Z ##[group]Run actions/setup-node@v4
2025-03-27T11:47:48.2365822Z with:
2025-03-27T11:47:48.2366039Z   node-version: 20
2025-03-27T11:47:48.2366327Z   registry-url: https://registry.npmjs.org
2025-03-27T11:47:48.2366661Z   always-auth: false
2025-03-27T11:47:48.2367053Z   check-latest: false
2025-03-27T11:47:48.2367481Z   token: ***
2025-03-27T11:47:48.2367716Z ##[endgroup]
2025-03-27T11:47:48.4102421Z Found in cache @ /opt/hostedtoolcache/node/20.19.0/x64
2025-03-27T11:47:48.4111430Z ##[group]Environment details
2025-03-27T11:47:59.7530343Z node: v20.19.0
2025-03-27T11:47:59.7530757Z npm: 10.8.2
2025-03-27T11:47:59.7531048Z yarn: 1.22.22
2025-03-27T11:47:59.7532055Z ##[endgroup]
2025-03-27T11:47:59.7684826Z ##[group]Run npm install -g npm@8
2025-03-27T11:47:59.7685231Z [36;1mnpm install -g npm@8[0m
2025-03-27T11:47:59.7798135Z shell: /usr/bin/bash --noprofile --norc -e -o pipefail {0}
2025-03-27T11:47:59.7798577Z env:
2025-03-27T11:47:59.7798872Z   NPM_CONFIG_USERCONFIG: /home/runner/work/_temp/.npmrc
2025-03-27T11:47:59.7799274Z   NODE_AUTH_TOKEN: XXXXX-XXXXX-XXXXX-XXXXX
2025-03-27T11:47:59.7799595Z ##[endgroup]
2025-03-27T11:48:06.9377795Z 
2025-03-27T11:48:06.9386466Z removed 54 packages, and changed 101 packages in 7s
2025-03-27T11:48:06.9387248Z 
2025-03-27T11:48:06.9387650Z 11 packages are looking for funding
2025-03-27T11:48:06.9388223Z   run `npm fund` for details
2025-03-27T11:48:07.2108961Z ##[group]Run actions/cache@v4
2025-03-27T11:48:07.2109202Z with:
2025-03-27T11:48:07.2109375Z   path: node_modules
2025-03-27T11:48:07.2109764Z   key: Linux-node-modules-bf32c163cb712155c8c90c0fed33cbb87b349ce9483520f1516d2f66d6b63e96
2025-03-27T11:48:07.2110222Z   restore-keys: Linux-node-modules-

2025-03-27T11:48:07.2110481Z   enableCrossOsArchive: false
2025-03-27T11:48:07.2110705Z   fail-on-cache-miss: false
2025-03-27T11:48:07.2110928Z   lookup-only: false
2025-03-27T11:48:07.2111117Z   save-always: false
2025-03-27T11:48:07.2111293Z env:
2025-03-27T11:48:07.2111514Z   NPM_CONFIG_USERCONFIG: /home/runner/work/_temp/.npmrc
2025-03-27T11:48:07.2111826Z   NODE_AUTH_TOKEN: XXXXX-XXXXX-XXXXX-XXXXX
2025-03-27T11:48:07.2112078Z ##[endgroup]
2025-03-27T11:48:07.6053055Z Cache hit for: Linux-node-modules-bf32c163cb712155c8c90c0fed33cbb87b349ce9483520f1516d2f66d6b63e96
2025-03-27T11:48:08.9453990Z Received 8388608 of 150071921 (5.6%), 8.0 MBs/sec
2025-03-27T11:48:09.9759284Z Received 134217728 of 150071921 (89.4%), 63.2 MBs/sec
2025-03-27T11:48:10.2201429Z Received 150071921 of 150071921 (100.0%), 62.9 MBs/sec
2025-03-27T11:48:10.2204700Z Cache Size: ~143 MB (150071921 B)
2025-03-27T11:48:10.2312513Z [command]/usr/bin/tar -xf /home/runner/work/_temp/8f549122-7e5d-4490-96c8-cf7602f53624/cache.tzst -P -C /home/runner/work/pixijs/pixijs --use-compress-program unzstd
2025-03-27T11:48:11.9160555Z Cache restored successfully
2025-03-27T11:48:12.1035129Z Cache restored from key: Linux-node-modules-bf32c163cb712155c8c90c0fed33cbb87b349ce9483520f1516d2f66d6b63e96
2025-03-27T11:48:12.1175510Z Prepare all required actions
2025-03-27T11:48:12.1200135Z ##[group]Run ./.github/actions/lint
2025-03-27T11:48:12.1200466Z env:
2025-03-27T11:48:12.1200861Z   NPM_CONFIG_USERCONFIG: /home/runner/work/_temp/.npmrc
2025-03-27T11:48:12.1201303Z   NODE_AUTH_TOKEN: XXXXX-XXXXX-XXXXX-XXXXX
2025-03-27T11:48:12.1201686Z ##[endgroup]
2025-03-27T11:48:12.1221182Z ##[group]Run npm run ci:lint
2025-03-27T11:48:12.1221543Z [36;1mnpm run ci:lint[0m
2025-03-27T11:48:12.1279927Z shell: /usr/bin/bash --noprofile --norc -e -o pipefail {0}
2025-03-27T11:48:12.1280348Z env:
2025-03-27T11:48:12.1280685Z   NPM_CONFIG_USERCONFIG: /home/runner/work/_temp/.npmrc
2025-03-27T11:48:12.1281166Z   NODE_AUTH_TOKEN: XXXXX-XXXXX-XXXXX-XXXXX
2025-03-27T11:48:12.1281538Z ##[endgroup]
2025-03-27T11:48:12.3586743Z 
2025-03-27T11:48:12.3587611Z > pixi.js@8.9.0 ci:lint
2025-03-27T11:48:12.3588314Z > run-s lint test:types test:index prune
2025-03-27T11:48:12.3588665Z 
2025-03-27T11:48:12.6957778Z 
2025-03-27T11:48:12.6959366Z > pixi.js@8.9.0 lint
2025-03-27T11:48:12.6960463Z > eslint ./ --cache --max-warnings 0
2025-03-27T11:48:12.6960867Z 
2025-03-27T11:48:46.6811660Z 
2025-03-27T11:48:46.6812361Z > pixi.js@8.9.0 test:types
2025-03-27T11:48:46.6813198Z > tsc --noEmit
2025-03-27T11:48:46.6813428Z 
2025-03-27T11:48:53.4736413Z ##[error]tests/visual/scenes/mesh/culling-texture.scene.ts(23,13): error TS2322: Type 'Uint16Array' is not assignable to type 'Uint32Array'.
2025-03-27T11:48:53.4737489Z   Types of property 'findLast' are incompatible.
2025-03-27T11:48:53.4739204Z     Type '{ <S extends number>(predicate: (value: number, index: number, array: Uint16Array) => value is S, thisArg?: any): S; (predicate: (value: number, index: number, array: Uint16Array) => unknown, thisArg?: any): number; }' is not assignable to type '{ <S extends number>(predicate: (value: number, index: number, array: Uint32Array) => value is S, thisArg?: any): S; (predicate: (value: number, index: number, array: Uint32Array) => unknown, thisArg?: any): number; }'.
2025-03-27T11:48:53.4740702Z       Types of parameters 'predicate' and 'predicate' are incompatible.
2025-03-27T11:48:53.4741482Z         Type '(value: number, index: number, array: Uint32Array) => unknown' is not assignable to type '(value: number, index: number, array: Uint16Array) => value is any'.
2025-03-27T11:48:53.4742307Z           Signature '(value: number, index: number, array: Uint32Array): unknown' must be a type predicate.
2025-03-27T11:48:53.5202218Z ERROR: "test:types" exited with 2.
2025-03-27T11:48:53.5292826Z ##[error]Process completed with exit code 1.
2025-03-27T11:48:53.5350496Z Post job cleanup.
2025-03-27T11:48:53.5399232Z Post job cleanup.
2025-03-27T11:48:53.6329992Z [command]/usr/bin/git version
2025-03-27T11:48:53.6365252Z git version 2.49.0
2025-03-27T11:48:53.6414269Z Temporarily overriding HOME='/home/runner/work/_temp/8026e9bf-d2ed-427a-941c-9defd221fd39' before making global git config changes
2025-03-27T11:48:53.6415663Z Adding repository directory to the temporary git global config as a safe directory
2025-03-27T11:48:53.6419734Z [command]/usr/bin/git config --global --add safe.directory /home/runner/work/pixijs/pixijs
2025-03-27T11:48:53.6452726Z [command]/usr/bin/git config --local --name-only --get-regexp core\.sshCommand
2025-03-27T11:48:53.6484464Z [command]/usr/bin/git submodule foreach --recursive sh -c "git config --local --name-only --get-regexp 'core\.sshCommand' && git config --local --unset-all 'core.sshCommand' || :"
2025-03-27T11:48:53.6726418Z [command]/usr/bin/git config --local --name-only --get-regexp http\.https\:\/\/github\.com\/\.extraheader
2025-03-27T11:48:53.6747228Z http.https://github.com/.extraheader
2025-03-27T11:48:53.6759460Z [command]/usr/bin/git config --local --unset-all http.https://github.com/.extraheader
2025-03-27T11:48:53.6789082Z [command]/usr/bin/git submodule foreach --recursive sh -c "git config --local --name-only --get-regexp 'http\.https\:\/\/github\.com\/\.extraheader' && git config --local --unset-all 'http.https://github.com/.extraheader' || :"
2025-03-27T11:48:53.7111522Z Cleaning up orphan processes
