2025-04-15T08:31:32.5266792Z Requested labels: ubuntu-latest
2025-04-15T08:31:32.5267079Z Job defined at: grafana/grafana/.github/workflows/go-lint.yml@refs/pull/103976/merge
2025-04-15T08:31:32.5267174Z Waiting for a runner to pick up this job...
2025-04-15T08:31:35.2195139Z Job is waiting for a hosted runner to come online.
2025-04-15T08:31:35.9057508Z Job is about to start running on the hosted runner: GitHub Actions 381 (hosted)
2025-04-15T08:31:38.6255949Z Current runner version: '2.323.0'
2025-04-15T08:31:38.6283084Z ##[group]Operating System
2025-04-15T08:31:38.6283867Z Ubuntu
2025-04-15T08:31:38.6284467Z 24.04.2
2025-04-15T08:31:38.6284971Z LTS
2025-04-15T08:31:38.6285483Z ##[endgroup]
2025-04-15T08:31:38.6286013Z ##[group]Runner Image
2025-04-15T08:31:38.6286597Z Image: ubuntu-24.04
2025-04-15T08:31:38.6287161Z Version: 20250406.1.0
2025-04-15T08:31:38.6288233Z Included Software: https://github.com/actions/runner-images/blob/ubuntu24/20250406.1/images/ubuntu/Ubuntu2404-Readme.md
2025-04-15T08:31:38.6289579Z Image Release: https://github.com/actions/runner-images/releases/tag/ubuntu24%2F20250406.1
2025-04-15T08:31:38.6290552Z ##[endgroup]
2025-04-15T08:31:38.6291053Z ##[group]Runner Image Provisioner
2025-04-15T08:31:38.6291644Z 2.0.422.1
2025-04-15T08:31:38.6292180Z ##[endgroup]
2025-04-15T08:31:38.6293556Z ##[group]GITHUB_TOKEN Permissions
2025-04-15T08:31:38.6295720Z Contents: read
2025-04-15T08:31:38.6296336Z Metadata: read
2025-04-15T08:31:38.6297122Z ##[endgroup]
2025-04-15T08:31:38.6300454Z Secret source: Actions
2025-04-15T08:31:38.6301482Z Prepare workflow directory
2025-04-15T08:31:38.6718786Z Prepare all required actions
2025-04-15T08:31:38.6756497Z Getting action download info
2025-04-15T08:31:38.9341331Z ##[group]Download immutable action package 'actions/checkout@v4'
2025-04-15T08:31:38.9342225Z Version: 4.2.2
2025-04-15T08:31:38.9343277Z Digest: sha256:ccb2698953eaebd21c7bf6268a94f9c26518a7e38e27e0b83c1fe1ad049819b1
2025-04-15T08:31:38.9344321Z Source commit SHA: 11bd71901bbe5b1630ceea73d27597364c9af683
2025-04-15T08:31:38.9344941Z ##[endgroup]
2025-04-15T08:31:39.0205631Z ##[group]Download immutable action package 'actions/setup-go@v5'
2025-04-15T08:31:39.0206319Z Version: 5.4.0
2025-04-15T08:31:39.0206989Z Digest: sha256:68311848b287a7a775bcca80210326f9164ee98b401194794a22edeb87320ac9
2025-04-15T08:31:39.0207855Z Source commit SHA: 0aaccfd150d50ccaeb58ebd88d36e91967a5f35b
2025-04-15T08:31:39.0208464Z ##[endgroup]
2025-04-15T08:31:39.3364243Z Download action repository 'golangci/golangci-lint-action@v7' (SHA:1481404843c368bc19ca9406f87d6e0fc97bdcfd)
2025-04-15T08:31:39.9477591Z Complete job name: lint-go
2025-04-15T08:31:40.0230096Z ##[group]Run actions/checkout@v4
2025-04-15T08:31:40.0231038Z with:
2025-04-15T08:31:40.0231498Z   repository: grafana/grafana
2025-04-15T08:31:40.0232262Z   token: ***
2025-04-15T08:31:40.0232918Z   ssh-strict: true
2025-04-15T08:31:40.0233370Z   ssh-user: git
2025-04-15T08:31:40.0233820Z   persist-credentials: true
2025-04-15T08:31:40.0234326Z   clean: true
2025-04-15T08:31:40.0234786Z   sparse-checkout-cone-mode: true
2025-04-15T08:31:40.0235328Z   fetch-depth: 1
2025-04-15T08:31:40.0235767Z   fetch-tags: false
2025-04-15T08:31:40.0236220Z   show-progress: true
2025-04-15T08:31:40.0236687Z   lfs: false
2025-04-15T08:31:40.0237141Z   submodules: false
2025-04-15T08:31:40.0237600Z   set-safe-directory: true
2025-04-15T08:31:40.0238361Z ##[endgroup]
2025-04-15T08:31:40.2032298Z Syncing repository: grafana/grafana
2025-04-15T08:31:40.2034799Z ##[group]Getting Git version info
2025-04-15T08:31:40.2035574Z Working directory is '/home/runner/work/grafana/grafana'
2025-04-15T08:31:40.2036936Z [command]/usr/bin/git version
2025-04-15T08:31:40.2102292Z git version 2.49.0
2025-04-15T08:31:40.2130477Z ##[endgroup]
2025-04-15T08:31:40.2145587Z Temporarily overriding HOME='/home/runner/work/_temp/f3619f07-c946-4427-9e51-bd70d2a9548e' before making global git config changes
2025-04-15T08:31:40.2147238Z Adding repository directory to the temporary git global config as a safe directory
2025-04-15T08:31:40.2151428Z [command]/usr/bin/git config --global --add safe.directory /home/runner/work/grafana/grafana
2025-04-15T08:31:40.2187471Z Deleting the contents of '/home/runner/work/grafana/grafana'
2025-04-15T08:31:40.2192141Z ##[group]Initializing the repository
2025-04-15T08:31:40.2196356Z [command]/usr/bin/git init /home/runner/work/grafana/grafana
2025-04-15T08:31:40.2266344Z hint: Using 'master' as the name for the initial branch. This default branch name
2025-04-15T08:31:40.2268325Z hint: is subject to change. To configure the initial branch name to use in all
2025-04-15T08:31:40.2269716Z hint: of your new repositories, which will suppress this warning, call:
2025-04-15T08:31:40.2271151Z hint:
2025-04-15T08:31:40.2271898Z hint: 	git config --global init.defaultBranch <name>
2025-04-15T08:31:40.2272965Z hint:
2025-04-15T08:31:40.2273731Z hint: Names commonly chosen instead of 'master' are 'main', 'trunk' and
2025-04-15T08:31:40.2275090Z hint: 'development'. The just-created branch can be renamed via this command:
2025-04-15T08:31:40.2276242Z hint:
2025-04-15T08:31:40.2276864Z hint: 	git branch -m <name>
2025-04-15T08:31:40.2277891Z Initialized empty Git repository in /home/runner/work/grafana/grafana/.git/
2025-04-15T08:31:40.2283268Z [command]/usr/bin/git remote add origin https://github.com/grafana/grafana
2025-04-15T08:31:40.2316034Z ##[endgroup]
2025-04-15T08:31:40.2317014Z ##[group]Disabling automatic garbage collection
2025-04-15T08:31:40.2320259Z [command]/usr/bin/git config --local gc.auto 0
2025-04-15T08:31:40.2351726Z ##[endgroup]
2025-04-15T08:31:40.2353516Z ##[group]Setting up auth
2025-04-15T08:31:40.2360157Z [command]/usr/bin/git config --local --name-only --get-regexp core\.sshCommand
2025-04-15T08:31:40.2394337Z [command]/usr/bin/git submodule foreach --recursive sh -c "git config --local --name-only --get-regexp 'core\.sshCommand' && git config --local --unset-all 'core.sshCommand' || :"
2025-04-15T08:31:40.2677465Z [command]/usr/bin/git config --local --name-only --get-regexp http\.https\:\/\/github\.com\/\.extraheader
2025-04-15T08:31:40.2711309Z [command]/usr/bin/git submodule foreach --recursive sh -c "git config --local --name-only --get-regexp 'http\.https\:\/\/github\.com\/\.extraheader' && git config --local --unset-all 'http.https://github.com/.extraheader' || :"
2025-04-15T08:31:40.2942326Z [command]/usr/bin/git config --local http.https://github.com/.extraheader AUTHORIZATION: basic ***
2025-04-15T08:31:40.2986006Z ##[endgroup]
2025-04-15T08:31:40.2987098Z ##[group]Fetching the repository
2025-04-15T08:31:40.2995866Z [command]/usr/bin/git -c protocol.version=2 fetch --no-tags --prune --no-recurse-submodules --depth=1 origin +55de7c1035cbde994617a41decf5d69ecec61273:refs/remotes/pull/103976/merge
2025-04-15T08:31:45.0289173Z From https://github.com/grafana/grafana
2025-04-15T08:31:45.0291084Z  * [new ref]           55de7c1035cbde994617a41decf5d69ecec61273 -> pull/103976/merge
2025-04-15T08:31:45.0567247Z ##[endgroup]
2025-04-15T08:31:45.0567773Z ##[group]Determining the checkout info
2025-04-15T08:31:45.0568644Z ##[endgroup]
2025-04-15T08:31:45.0574235Z [command]/usr/bin/git sparse-checkout disable
2025-04-15T08:31:45.0619111Z [command]/usr/bin/git config --local --unset-all extensions.worktreeConfig
2025-04-15T08:31:45.0649886Z ##[group]Checking out the ref
2025-04-15T08:31:45.0654387Z [command]/usr/bin/git checkout --progress --force refs/remotes/pull/103976/merge
2025-04-15T08:31:46.1052732Z Updating files:  98% (16908/17159)
2025-04-15T08:31:46.1497102Z Updating files:  99% (16988/17159)
2025-04-15T08:31:46.1497983Z Updating files: 100% (17159/17159)
2025-04-15T08:31:46.1498437Z Updating files: 100% (17159/17159), done.
2025-04-15T08:31:46.1702859Z Note: switching to 'refs/remotes/pull/103976/merge'.
2025-04-15T08:31:46.1703377Z 
2025-04-15T08:31:46.1703717Z You are in 'detached HEAD' state. You can look around, make experimental
2025-04-15T08:31:46.1704451Z changes and commit them, and you can discard any commits you make in this
2025-04-15T08:31:46.1705182Z state without impacting any branches by switching back to a branch.
2025-04-15T08:31:46.1705606Z 
2025-04-15T08:31:46.1705890Z If you want to create a new branch to retain commits you create, you may
2025-04-15T08:31:46.1706584Z do so (now or later) by using -c with the switch command. Example:
2025-04-15T08:31:46.1706967Z 
2025-04-15T08:31:46.1707137Z   git switch -c <new-branch-name>
2025-04-15T08:31:46.1707490Z 
2025-04-15T08:31:46.1707645Z Or undo this operation with:
2025-04-15T08:31:46.1708344Z 
2025-04-15T08:31:46.1708498Z   git switch -
2025-04-15T08:31:46.1708684Z 
2025-04-15T08:31:46.1709023Z Turn off this advice by setting config variable advice.detachedHead to false
2025-04-15T08:31:46.1709529Z 
2025-04-15T08:31:46.1710110Z HEAD is now at 55de7c10 Merge edccce65ddec0e7578bb5f84737b953e1d92ad62 into 8e63782e5b58f4a0323ef73b747778e88e639abf
2025-04-15T08:31:46.1774484Z ##[endgroup]
2025-04-15T08:31:46.1778157Z [command]/usr/bin/git log -1 --format=%H
2025-04-15T08:31:46.1802190Z 55de7c1035cbde994617a41decf5d69ecec61273
2025-04-15T08:31:46.2036631Z ##[group]Run actions/setup-go@v5
2025-04-15T08:31:46.2036935Z with:
2025-04-15T08:31:46.2037128Z   go-version-file: ./go.mod
2025-04-15T08:31:46.2037397Z   check-latest: false
2025-04-15T08:31:46.2037750Z   token: ***
2025-04-15T08:31:46.2037929Z   cache: true
2025-04-15T08:31:46.2038115Z ##[endgroup]
2025-04-15T08:31:46.3676314Z Setup go version spec 1.24.2
2025-04-15T08:31:46.3688039Z Attempting to download 1.24.2...
2025-04-15T08:31:46.8820781Z matching 1.24.2...
2025-04-15T08:31:46.8849022Z Acquiring 1.24.2 from https://github.com/actions/go-versions/releases/download/1.24.2-14210955142/go-1.24.2-linux-x64.tar.gz
2025-04-15T08:31:47.7734007Z Extracting Go...
2025-04-15T08:31:47.7836012Z [command]/usr/bin/tar xz --warning=no-unknown-keyword --overwrite -C /home/runner/work/_temp/21f59ff8-e332-455c-94b4-046f431ae9ea -f /home/runner/work/_temp/f3bf56fd-4c79-4d85-9fc6-38a253043bbd
2025-04-15T08:31:49.5353480Z Successfully extracted go to /home/runner/work/_temp/21f59ff8-e332-455c-94b4-046f431ae9ea
2025-04-15T08:31:49.5353981Z Adding to the cache ...
2025-04-15T08:31:54.1192341Z Successfully cached go to /opt/hostedtoolcache/go/1.24.2/x64
2025-04-15T08:31:54.1195166Z Added go to the path
2025-04-15T08:31:54.1197794Z Successfully set up Go version 1.24.2
2025-04-15T08:31:54.1549355Z [command]/opt/hostedtoolcache/go/1.24.2/x64/bin/go env GOMODCACHE
2025-04-15T08:31:54.1583494Z [command]/opt/hostedtoolcache/go/1.24.2/x64/bin/go env GOCACHE
2025-04-15T08:31:54.1618649Z /home/runner/go/pkg/mod
2025-04-15T08:31:54.1638504Z /home/runner/.cache/go-build
2025-04-15T08:31:54.4253929Z Cache hit for: setup-go-Linux-x64-ubuntu24-go-1.24.2-4d63517195dacf30a5e924b0697e28c502f672c1f0f8eab897c99d9c09cd77cc
2025-04-15T08:31:55.7117608Z Received 16777216 of 1788493596 (0.9%), 16.0 MBs/sec
2025-04-15T08:31:56.7155597Z Received 134217728 of 1788493596 (7.5%), 63.8 MBs/sec
2025-04-15T08:31:57.7225372Z Received 268435456 of 1788493596 (15.0%), 85.0 MBs/sec
2025-04-15T08:31:58.7714353Z Received 402653184 of 1788493596 (22.5%), 94.6 MBs/sec
2025-04-15T08:31:59.7725544Z Received 520093696 of 1788493596 (29.1%), 98.0 MBs/sec
2025-04-15T08:32:00.7730153Z Received 641728512 of 1788493596 (35.9%), 101.0 MBs/sec
2025-04-15T08:32:01.7784690Z Received 742391808 of 1788493596 (41.5%), 100.2 MBs/sec
2025-04-15T08:32:02.7842707Z Received 851443712 of 1788493596 (47.6%), 100.6 MBs/sec
2025-04-15T08:32:03.7791660Z Received 939524096 of 1788493596 (52.5%), 98.8 MBs/sec
2025-04-15T08:32:04.7850660Z Received 1065353216 of 1788493596 (59.6%), 100.9 MBs/sec
2025-04-15T08:32:05.7791513Z Received 1145044992 of 1788493596 (64.0%), 98.7 MBs/sec
2025-04-15T08:32:06.7860198Z Received 1249902592 of 1788493596 (69.9%), 98.7 MBs/sec
2025-04-15T08:32:07.7863898Z Received 1354760192 of 1788493596 (75.7%), 98.8 MBs/sec
2025-04-15T08:32:08.7865415Z Received 1476395008 of 1788493596 (82.5%), 100.0 MBs/sec
2025-04-15T08:32:09.8423986Z Received 1610612736 of 1788493596 (90.1%), 101.5 MBs/sec
2025-04-15T08:32:10.8474711Z Received 1728053248 of 1788493596 (96.6%), 102.1 MBs/sec
2025-04-15T08:32:11.4507203Z Received 1788493596 of 1788493596 (100.0%), 101.9 MBs/sec
2025-04-15T08:32:11.4508294Z Cache Size: ~1706 MB (1788493596 B)
2025-04-15T08:32:11.4625676Z [command]/usr/bin/tar -xf /home/runner/work/_temp/34f2f266-7437-4f34-8543-2fcb564c5b04/cache.tzst -P -C /home/runner/work/grafana/grafana --use-compress-program unzstd
2025-04-15T08:32:24.9721862Z Cache restored successfully
2025-04-15T08:32:25.4407497Z Cache restored from key: setup-go-Linux-x64-ubuntu24-go-1.24.2-4d63517195dacf30a5e924b0697e28c502f672c1f0f8eab897c99d9c09cd77cc
2025-04-15T08:32:25.4434517Z go version go1.24.2 linux/amd64
2025-04-15T08:32:25.4434795Z 
2025-04-15T08:32:25.4435176Z ##[group]go env
2025-04-15T08:32:25.6817655Z AR='ar'
2025-04-15T08:32:25.6818005Z CC='gcc'
2025-04-15T08:32:25.6818420Z CGO_CFLAGS='-O2 -g'
2025-04-15T08:32:25.6818736Z CGO_CPPFLAGS=''
2025-04-15T08:32:25.6819047Z CGO_CXXFLAGS='-O2 -g'
2025-04-15T08:32:25.6819357Z CGO_ENABLED='1'
2025-04-15T08:32:25.6820066Z CGO_FFLAGS='-O2 -g'
2025-04-15T08:32:25.6820392Z CGO_LDFLAGS='-O2 -g'
2025-04-15T08:32:25.6820696Z CXX='g++'
2025-04-15T08:32:25.6820978Z GCCGO='gccgo'
2025-04-15T08:32:25.6821264Z GO111MODULE=''
2025-04-15T08:32:25.6821551Z GOAMD64='v1'
2025-04-15T08:32:25.6821823Z GOARCH='amd64'
2025-04-15T08:32:25.6822098Z GOAUTH='netrc'
2025-04-15T08:32:25.6822651Z GOBIN=''
2025-04-15T08:32:25.6823013Z GOCACHE='/home/runner/.cache/go-build'
2025-04-15T08:32:25.6823473Z GOCACHEPROG=''
2025-04-15T08:32:25.6823770Z GODEBUG=''
2025-04-15T08:32:25.6824098Z GOENV='/home/runner/.config/go/env'
2025-04-15T08:32:25.6824515Z GOEXE=''
2025-04-15T08:32:25.6824834Z GOEXPERIMENT=''
2025-04-15T08:32:25.6825188Z GOFIPS140='off'
2025-04-15T08:32:25.6825527Z GOFLAGS=''
2025-04-15T08:32:25.6826451Z GOGCCFLAGS='-fPIC -m64 -pthread -Wl,--no-gc-sections -fmessage-length=0 -ffile-prefix-map=/tmp/go-build1712694416=/tmp/go-build -gno-record-gcc-switches'
2025-04-15T08:32:25.6827096Z GOHOSTARCH='amd64'
2025-04-15T08:32:25.6827313Z GOHOSTOS='linux'
2025-04-15T08:32:25.6827504Z GOINSECURE=''
2025-04-15T08:32:25.6827732Z GOMOD='/home/runner/work/grafana/grafana/go.mod'
2025-04-15T08:32:25.6828042Z GOMODCACHE='/home/runner/go/pkg/mod'
2025-04-15T08:32:25.6828491Z GONOPROXY=''
2025-04-15T08:32:25.6828790Z GONOSUMDB=''
2025-04-15T08:32:25.6829084Z GOOS='linux'
2025-04-15T08:32:25.6829408Z GOPATH='/home/runner/go'
2025-04-15T08:32:25.6829766Z GOPRIVATE=''
2025-04-15T08:32:25.6830169Z GOPROXY='https://proxy.golang.org,direct'
2025-04-15T08:32:25.6830725Z GOROOT='/opt/hostedtoolcache/go/1.24.2/x64'
2025-04-15T08:32:25.6831202Z GOSUMDB='sum.golang.org'
2025-04-15T08:32:25.6831582Z GOTELEMETRY='local'
2025-04-15T08:32:25.6832003Z GOTELEMETRYDIR='/home/runner/.config/go/telemetry'
2025-04-15T08:32:25.6832705Z GOTMPDIR=''
2025-04-15T08:32:25.6833023Z GOTOOLCHAIN='auto'
2025-04-15T08:32:25.6833558Z GOTOOLDIR='/opt/hostedtoolcache/go/1.24.2/x64/pkg/tool/linux_amd64'
2025-04-15T08:32:25.6834133Z GOVCS=''
2025-04-15T08:32:25.6834430Z GOVERSION='go1.24.2'
2025-04-15T08:32:25.6834874Z GOWORK='/home/runner/work/grafana/grafana/go.work'
2025-04-15T08:32:25.6835393Z PKG_CONFIG='pkg-config'
2025-04-15T08:32:25.6835622Z 
2025-04-15T08:32:25.6836212Z ##[endgroup]
2025-04-15T08:32:25.6996256Z ##[group]Run make gen-go
2025-04-15T08:32:25.6996558Z [36;1mmake gen-go[0m
2025-04-15T08:32:25.7051544Z shell: /usr/bin/bash -e {0}
2025-04-15T08:32:25.7051800Z ##[endgroup]
2025-04-15T08:32:25.9805844Z generate go files
2025-04-15T08:32:25.9806540Z go run  ./pkg/build/wire/cmd/wire/main.go gen -tags "oss" ./pkg/server
2025-04-15T08:32:44.7847112Z wire: github.com/grafana/grafana/pkg/server: wrote /home/runner/work/grafana/grafana/pkg/server/wire_gen.go
2025-04-15T08:32:44.9969855Z ##[group]Run golangci/golangci-lint-action@v7
2025-04-15T08:32:44.9970169Z with:
2025-04-15T08:32:44.9970353Z   version: v2.0.2
2025-04-15T08:32:44.9970706Z   args: --verbose $(go list -m -f '{{.Dir}}' | xargs -I{} sh -c 'test ! -f {}/.nolint && echo {}/...')

2025-04-15T08:32:44.9971082Z   install-mode: binary
2025-04-15T08:32:44.9971414Z   github-token: ***
2025-04-15T08:32:44.9971603Z   verify: true
2025-04-15T08:32:44.9971798Z   only-new-issues: false
2025-04-15T08:32:44.9972016Z   skip-cache: false
2025-04-15T08:32:44.9972208Z   skip-save-cache: false
2025-04-15T08:32:44.9972616Z   problem-matchers: false
2025-04-15T08:32:44.9972850Z   cache-invalidation-interval: 7
2025-04-15T08:32:44.9973083Z ##[endgroup]
2025-04-15T08:32:45.1719504Z ##[group]prepare environment
2025-04-15T08:32:45.1724236Z Checking for go.mod: go.mod
2025-04-15T08:32:45.4613125Z Cache hit for: golangci-lint.cache-Linux-2884-70ff253f8fa610b4e12e03d77837ed9a37aa2582
2025-04-15T08:32:46.7251210Z Received 7280543 of 11474847 (63.4%), 6.9 MBs/sec
2025-04-15T08:32:46.8528321Z Received 11474847 of 11474847 (100.0%), 9.7 MBs/sec
2025-04-15T08:32:46.8529141Z Cache Size: ~11 MB (11474847 B)
2025-04-15T08:32:46.8558727Z [command]/usr/bin/tar -xf /home/runner/work/_temp/22a3102b-d10c-4a74-bd76-3de76fce229a/cache.tzst -P -C /home/runner/work/grafana/grafana --use-compress-program unzstd
2025-04-15T08:32:49.5985824Z Cache restored successfully
2025-04-15T08:32:49.6016154Z Restored cache for golangci-lint from key 'golangci-lint.cache-Linux-2884-70ff253f8fa610b4e12e03d77837ed9a37aa2582' in 4429ms
2025-04-15T08:32:49.6017989Z Finding needed golangci-lint version...
2025-04-15T08:32:49.6021318Z Installation mode: binary
2025-04-15T08:32:49.6022780Z Installing golangci-lint binary v2.0.2...
2025-04-15T08:32:49.6024248Z Downloading binary https://github.com/golangci/golangci-lint/releases/download/v2.0.2/golangci-lint-2.0.2-linux-amd64.tar.gz ...
2025-04-15T08:32:50.2128005Z [command]/usr/bin/tar xz --overwrite --warning=no-unknown-keyword --overwrite -C /home/runner -f /home/runner/work/_temp/54a68747-b043-4ba1-8e3a-d631e2986d16
2025-04-15T08:32:50.4305418Z Installed golangci-lint into /home/runner/golangci-lint-2.0.2-linux-amd64/golangci-lint in 828ms
2025-04-15T08:32:50.4306315Z Prepared env in 5259ms
2025-04-15T08:32:50.4307162Z ##[endgroup]
2025-04-15T08:32:50.4310034Z ##[group]run golangci-lint
2025-04-15T08:32:50.4317683Z Running [/home/runner/golangci-lint-2.0.2-linux-amd64/golangci-lint config path] in [/home/runner/work/grafana/grafana] ...
2025-04-15T08:32:50.5271456Z Running [/home/runner/golangci-lint-2.0.2-linux-amd64/golangci-lint config verify] in [/home/runner/work/grafana/grafana] ...
2025-04-15T08:32:50.6766936Z Running [/home/runner/golangci-lint-2.0.2-linux-amd64/golangci-lint run  --verbose $(go list -m -f '{{.Dir}}' | xargs -I{} sh -c 'test ! -f {}/.nolint && echo {}/...')] in [/home/runner/work/grafana/grafana] ...
2025-04-15T08:42:52.6520432Z ##[error]pkg/registry/apis/provisioning/jobs/migrate/legacy_test.go:357:19: Error return value is not checked (errcheck)
2025-04-15T08:42:52.6529349Z 				clone.BeforeFn()
2025-04-15T08:42:52.6529834Z 				              ^
2025-04-15T08:42:52.6531427Z ##[error]pkg/registry/apis/provisioning/jobs/migrate/legacy_test.go:361:18: Error return value is not checked (errcheck)
2025-04-15T08:42:52.6533308Z 				push.BeforeFn()
2025-04-15T08:42:52.6533673Z 				             ^
2025-04-15T08:42:52.6534749Z ##[error]pkg/registry/apis/provisioning/jobs/migrate/folders_test.go:159:3: unnecessary trailing newline (whitespace)
2025-04-15T08:42:52.6536297Z 		}).Return(&resource.BulkResponse{}, nil)
2025-04-15T08:42:52.6536701Z 		^
2025-04-15T08:42:52.6537744Z ##[error]pkg/registry/apis/provisioning/jobs/migrate/folders_test.go:222:3: unnecessary trailing newline (whitespace)
2025-04-15T08:42:52.6539389Z 		}).Return(&resource.BulkResponse{}, nil)
2025-04-15T08:42:52.6539814Z 		^
2025-04-15T08:42:52.6540071Z 4 issues:
2025-04-15T08:42:52.6540334Z * errcheck: 2
2025-04-15T08:42:52.6546667Z * whitespace: 2
2025-04-15T08:42:52.6546951Z 
2025-04-15T08:42:52.6547468Z level=info msg="golangci-lint has version 2.0.2 built with go1.24.1 from 2b224c2c on 2025-03-25T21:36:18Z"
2025-04-15T08:42:52.6548880Z level=info msg="[config_reader] Config search paths: [./ /home/runner/work/grafana/grafana /home/runner/work/grafana /home/runner/work /home/runner /home /]"
2025-04-15T08:42:52.6550107Z level=info msg="[config_reader] Used config file .golangci.yml"
2025-04-15T08:42:52.6551258Z level=info msg="[goenv] Read go env for 3.022728ms: map[string]string{\"GOCACHE\":\"/home/runner/.cache/go-build\", \"GOROOT\":\"/opt/hostedtoolcache/go/1.24.2/x64\"}"
2025-04-15T08:42:52.6556533Z level=info msg="[lintersdb] Active 21 linters: [asciicheck bodyclose depguard dogsled errcheck errorlint exhaustive gocyclo goimports goprintffuncname gosec govet ineffassign misspell nakedret prealloc revive staticcheck unconvert unused whitespace]"
2025-04-15T08:42:52.6558963Z level=info msg="[loader] Go packages loading at mode 8767 (files|imports|name|compiled_files|deps|types_sizes|exports_file) took 6m36.706123296s"
2025-04-15T08:42:52.6560055Z level=info msg="[runner/filename_unadjuster] Pre-built 0 adjustments in 463.754414ms"
2025-04-15T08:42:52.6562274Z level=info msg="[linters_context/goanalysis] analyzers took 48m35.445243861s with top 10 stages: buildir: 25m14.717475577s, goimports: 4m45.98871378s, unconvert: 1m49.762447486s, the_only_name: 1m44.075823058s, nilness: 1m24.02449329s, gosec: 1m16.721714874s, exhaustive: 35.29311562s, S1038: 29.732097774s, fact_deprecated: 28.608511997s, buildssa: 28.372111656s"
2025-04-15T08:42:52.6564601Z level=info msg="[runner/exclusion_paths] Skipped 19 issues by pattern \"devenv\""
2025-04-15T08:42:52.6565469Z level=info msg="[runner/exclusion_paths] Skipped 19 issues by pattern \"scripts\""
2025-04-15T08:42:52.6566405Z level=info msg="[runner/exclusion_paths] Skipped 0 issues by pattern \"third_party$\""
2025-04-15T08:42:52.6567291Z level=info msg="[runner/exclusion_paths] Skipped 0 issues by pattern \"builtin$\""
2025-04-15T08:42:52.6568135Z level=info msg="[runner/exclusion_paths] Skipped 0 issues by pattern \"examples$\""
2025-04-15T08:42:52.6569163Z level=info msg="[runner/exclusion_rules] Skipped 0 issues by rules: [Path: \"builtin$\", Linters: \"goimports\"]"
2025-04-15T08:42:52.6570037Z level=info msg="[runner/exclusion_rules] Skipped 45 issues by rules: [Text: \"ST1001\", Linters: \"staticcheck\"]"
2025-04-15T08:42:52.6570727Z level=info msg="[runner/exclusion_rules] Skipped 1 issues by rules: [Text: \"G108\", Linters: \"gosec\"]"
2025-04-15T08:42:52.6571365Z level=info msg="[runner/exclusion_rules] Skipped 0 issues by rules: [Text: \"ST1020\", Linters: \"staticcheck\"]"
2025-04-15T08:42:52.6572028Z level=info msg="[runner/exclusion_rules] Skipped 0 issues by rules: [Path: \"devenv\", Linters: \"goimports\"]"
2025-04-15T08:42:52.6572965Z level=info msg="[runner/exclusion_rules] Skipped 0 issues by rules: [Path: \"third_party$\", Linters: \"goimports\"]"
2025-04-15T08:42:52.6573653Z level=info msg="[runner/exclusion_rules] Skipped 0 issues by rules: [Path: \"examples$\", Linters: \"goimports\"]"
2025-04-15T08:42:52.6574312Z level=info msg="[runner/exclusion_rules] Skipped 0 issues by rules: [Text: \"ST1003\", Linters: \"staticcheck\"]"
2025-04-15T08:42:52.6574945Z level=info msg="[runner/exclusion_rules] Skipped 2 issues by rules: [Text: \"G110\", Linters: \"gosec\"]"
2025-04-15T08:42:52.6575567Z level=info msg="[runner/exclusion_rules] Skipped 103 issues by rules: [Text: \"G115\", Linters: \"gosec\"]"
2025-04-15T08:42:52.6576175Z level=info msg="[runner/exclusion_rules] Skipped 0 issues by rules: [Text: \"G201\", Linters: \"gosec\"]"
2025-04-15T08:42:52.6576775Z level=info msg="[runner/exclusion_rules] Skipped 0 issues by rules: [Text: \"G202\", Linters: \"gosec\"]"
2025-04-15T08:42:52.6577412Z level=info msg="[runner/exclusion_rules] Skipped 24 issues by rules: [Text: \"G306\", Linters: \"gosec\"]"
2025-04-15T08:42:52.6578228Z level=info msg="[runner/exclusion_rules] Skipped 16 issues by rules: [Text: \"501\", Linters: \"gosec\"]"
2025-04-15T08:42:52.6578850Z level=info msg="[runner/exclusion_rules] Skipped 267 issues by rules: [Text: \"404\", Linters: \"gosec\"]"
2025-04-15T08:42:52.6579538Z level=info msg="[runner/exclusion_rules] Skipped 8 issues by rules: [Text: \"SA1019: strings.Title\", Linters: \"staticcheck\"]"
2025-04-15T08:42:52.6580399Z level=info msg="[runner/exclusion_rules] Skipped 2 issues by rules: [Text: \"SA1019: \\\"go.opentelemetry.io/otel/exporters/jaeger\\\"\", Linters: \"staticcheck\"]"
2025-04-15T08:42:52.6581351Z level=info msg="[runner/exclusion_rules] Skipped 54 issues by rules: [Text: \"use fake service and real access control evaluator instead\", Linters: \"staticcheck\"]"
2025-04-15T08:42:52.6582131Z level=info msg="[runner/exclusion_rules] Skipped 34 issues by rules: [Text: \"401\", Linters: \"gosec\"]"
2025-04-15T08:42:52.6583505Z level=info msg="[runner/exclusion_rules] Skipped 185 issues by rules: [Text: \"non-wrapping format verb for fmt.Errorf\", Linters: \"errorlint\"]"
2025-04-15T08:42:52.6584277Z level=info msg="[runner/exclusion_rules] Skipped 0 issues by rules: [Text: \"ST1000\", Linters: \"staticcheck\"]"
2025-04-15T08:42:52.6584930Z level=info msg="[runner/exclusion_rules] Skipped 0 issues by rules: [Text: \"ST1021\", Linters: \"staticcheck\"]"
2025-04-15T08:42:52.6585642Z level=info msg="[runner/exclusion_rules] Skipped 0 issues by rules: [Text: \"G601\", Path: \"(.+)_test\\\\.go\", Linters: \"gosec\"]"
2025-04-15T08:42:52.6586400Z level=info msg="[runner/exclusion_rules] Skipped 2 issues by rules: [Text: \"SA1019: http.CloseNotifier\", Linters: \"staticcheck\"]"
2025-04-15T08:42:52.6587086Z level=info msg="[runner/exclusion_rules] Skipped 23 issues by rules: [Text: \"402\", Linters: \"gosec\"]"
2025-04-15T08:42:52.6587715Z level=info msg="[runner/exclusion_rules] Skipped 0 issues by rules: [Path: \"scripts\", Linters: \"goimports\"]"
2025-04-15T08:42:52.6588350Z level=warning msg="[runner/nolint_filter] Found unknown linters in //nolint directives: deadcode"
2025-04-15T08:42:52.6588893Z level=info msg="[runner] Issues before processing: 2309, after processing: 4"
2025-04-15T08:42:52.6590636Z level=info msg="[runner] Processors filtering stat (in/out): cgo: 2309/2309, path_relativity: 2309/2309, exclusion_rules: 1507/741, uniq_by_line: 6/4, severity-rules: 4/4, path_prettifier: 4/4, invalid_issue: 2309/2309, exclusion_paths: 2309/2271, nolint_filter: 741/6, fixer: 6/6, max_same_issues: 4/4, sort_results: 4/4, path_absoluter: 2309/2309, filename_unadjuster: 2309/2309, generated_file_filter: 2271/1507, diff: 6/6, path_shortener: 4/4, max_per_file_from_linter: 4/4, max_from_linter: 4/4, source_code: 4/4"
2025-04-15T08:42:52.6594700Z level=info msg="[runner] processing took 173.303177ms with stages: nolint_filter: 155.455941ms, generated_file_filter: 12.627582ms, exclusion_rules: 2.654842ms, path_relativity: 1.288328ms, exclusion_paths: 708.303µs, invalid_issue: 178.002µs, cgo: 137.626µs, path_absoluter: 123.641µs, filename_unadjuster: 69.029µs, source_code: 47.489µs, uniq_by_line: 3.086µs, sort_results: 2.505µs, max_from_linter: 2.074µs, path_shortener: 1.302µs, max_per_file_from_linter: 1.112µs, max_same_issues: 943ns, diff: 601ns, fixer: 450ns, path_prettifier: 210ns, severity-rules: 111ns"
2025-04-15T08:42:52.6596537Z level=info msg="[runner] linters took 3m24.098090366s with stages: goanalysis_metalinter: 3m23.924642338s"
2025-04-15T08:42:52.6597052Z level=info msg="File cache stats: 2 entries of total size 24.4KiB"
2025-04-15T08:42:52.6597467Z level=info msg="Memory: 5210 samples, avg is 1543.3MB, max is 9775.0MB"
2025-04-15T08:42:52.6597827Z level=info msg="Execution took 10m1.277355757s"
2025-04-15T08:42:52.6598019Z 
2025-04-15T08:42:52.6606754Z ##[error]issues found
2025-04-15T08:42:52.6607514Z Ran golangci-lint in 601972ms
2025-04-15T08:42:52.6607951Z ##[endgroup]
2025-04-15T08:42:52.6671225Z Post job cleanup.
2025-04-15T08:42:52.8517865Z Cache hit occurred on the primary key golangci-lint.cache-Linux-2884-70ff253f8fa610b4e12e03d77837ed9a37aa2582, not saving cache.
2025-04-15T08:42:52.8655726Z Post job cleanup.
2025-04-15T08:42:52.9640852Z [command]/usr/bin/git version
2025-04-15T08:42:52.9683700Z git version 2.49.0
2025-04-15T08:42:52.9727100Z Temporarily overriding HOME='/home/runner/work/_temp/092b48f5-e9fc-4981-88e8-e428923ada3c' before making global git config changes
2025-04-15T08:42:52.9728455Z Adding repository directory to the temporary git global config as a safe directory
2025-04-15T08:42:52.9733385Z [command]/usr/bin/git config --global --add safe.directory /home/runner/work/grafana/grafana
2025-04-15T08:42:52.9768246Z [command]/usr/bin/git config --local --name-only --get-regexp core\.sshCommand
2025-04-15T08:42:52.9800714Z [command]/usr/bin/git submodule foreach --recursive sh -c "git config --local --name-only --get-regexp 'core\.sshCommand' && git config --local --unset-all 'core.sshCommand' || :"
2025-04-15T08:42:53.0087472Z [command]/usr/bin/git config --local --name-only --get-regexp http\.https\:\/\/github\.com\/\.extraheader
2025-04-15T08:42:53.0110122Z http.https://github.com/.extraheader
2025-04-15T08:42:53.0123985Z [command]/usr/bin/git config --local --unset-all http.https://github.com/.extraheader
2025-04-15T08:42:53.0158946Z [command]/usr/bin/git submodule foreach --recursive sh -c "git config --local --name-only --get-regexp 'http\.https\:\/\/github\.com\/\.extraheader' && git config --local --unset-all 'http.https://github.com/.extraheader' || :"
2025-04-15T08:42:53.0512560Z Cleaning up orphan processes
