2025-04-14T13:47:55.1356343Z Requested labels: ubuntu-latest
2025-04-14T13:47:55.1356847Z Job defined at: TryGhost/Ghost/.github/workflows/ci.yml@refs/pull/22887/merge
2025-04-14T13:47:55.1356993Z Waiting for a runner to pick up this job...
2025-04-14T13:47:55.6336293Z Job is waiting for a hosted runner to come online.
2025-04-14T13:47:58.7312624Z Job is about to start running on the hosted runner: GitHub Actions 29 (hosted)
2025-04-14T13:48:00.3499082Z Current runner version: '2.323.0'
2025-04-14T13:48:00.3525569Z ##[group]Operating System
2025-04-14T13:48:00.3526445Z Ubuntu
2025-04-14T13:48:00.3526978Z 24.04.2
2025-04-14T13:48:00.3527705Z LTS
2025-04-14T13:48:00.3528216Z ##[endgroup]
2025-04-14T13:48:00.3528859Z ##[group]Runner Image
2025-04-14T13:48:00.3529524Z Image: ubuntu-24.04
2025-04-14T13:48:00.3530086Z Version: 20250406.1.0
2025-04-14T13:48:00.3531076Z Included Software: https://github.com/actions/runner-images/blob/ubuntu24/20250406.1/images/ubuntu/Ubuntu2404-Readme.md
2025-04-14T13:48:00.3532548Z Image Release: https://github.com/actions/runner-images/releases/tag/ubuntu24%2F20250406.1
2025-04-14T13:48:00.3533486Z ##[endgroup]
2025-04-14T13:48:00.3534075Z ##[group]Runner Image Provisioner
2025-04-14T13:48:00.3534699Z 2.0.422.1
2025-04-14T13:48:00.3535212Z ##[endgroup]
2025-04-14T13:48:00.3537888Z ##[group]GITHUB_TOKEN Permissions
2025-04-14T13:48:00.3539980Z Actions: write
2025-04-14T13:48:00.3540835Z Attestations: write
2025-04-14T13:48:00.3541505Z Checks: write
2025-04-14T13:48:00.3542109Z Contents: write
2025-04-14T13:48:00.3542689Z Deployments: write
2025-04-14T13:48:00.3543309Z Discussions: write
2025-04-14T13:48:00.3543874Z Issues: write
2025-04-14T13:48:00.3544350Z Metadata: read
2025-04-14T13:48:00.3544899Z Models: read
2025-04-14T13:48:00.3545452Z Packages: write
2025-04-14T13:48:00.3545978Z Pages: write
2025-04-14T13:48:00.3546565Z PullRequests: write
2025-04-14T13:48:00.3547125Z RepositoryProjects: write
2025-04-14T13:48:00.3548051Z SecurityEvents: write
2025-04-14T13:48:00.3548709Z Statuses: write
2025-04-14T13:48:00.3549196Z ##[endgroup]
2025-04-14T13:48:00.3552190Z Secret source: Actions
2025-04-14T13:48:00.3553212Z Prepare workflow directory
2025-04-14T13:48:00.4190746Z Prepare all required actions
2025-04-14T13:48:00.4229731Z Getting action download info
2025-04-14T13:48:00.6862048Z ##[group]Download immutable action package 'actions/checkout@v4'
2025-04-14T13:48:00.6862938Z Version: 4.2.2
2025-04-14T13:48:00.6863788Z Digest: sha256:ccb2698953eaebd21c7bf6268a94f9c26518a7e38e27e0b83c1fe1ad049819b1
2025-04-14T13:48:00.6864836Z Source commit SHA: 11bd71901bbe5b1630ceea73d27597364c9af683
2025-04-14T13:48:00.6865466Z ##[endgroup]
2025-04-14T13:48:00.7832129Z ##[group]Download immutable action package 'actions/setup-node@v4'
2025-04-14T13:48:00.7832855Z Version: 4.4.0
2025-04-14T13:48:00.7833509Z Digest: sha256:9427cefe82346e992fb5b949e3569b39d537ae41aa3086483b14eceebfc16bc1
2025-04-14T13:48:00.7834374Z Source commit SHA: 49933ea5288caeca8642d1e84afbd3f7d6820020
2025-04-14T13:48:00.7834984Z ##[endgroup]
2025-04-14T13:48:01.0479360Z ##[group]Download immutable action package 'actions/cache@v4'
2025-04-14T13:48:01.0480053Z Version: 4.2.3
2025-04-14T13:48:01.0480745Z Digest: sha256:c8a3bb963e1f1826d8fcc8d1354f0dd29d8ac1db1d4f6f20247055ae11b81ed9
2025-04-14T13:48:01.0481626Z Source commit SHA: 5a3ec84eff668545956fd18022155c47e93e2684
2025-04-14T13:48:01.0482245Z ##[endgroup]
2025-04-14T13:48:01.1547576Z Download action repository 'tryghost/actions@main' (SHA:0ae9e7106ad098932c6b71dbf54e71d31cecc7ec)
2025-04-14T13:48:01.7472640Z Complete job name: Lint
2025-04-14T13:48:01.8217010Z ##[group]Run actions/checkout@v4
2025-04-14T13:48:01.8218305Z with:
2025-04-14T13:48:01.8218846Z   fetch-depth: 1000
2025-04-14T13:48:01.8219481Z   repository: TryGhost/Ghost
2025-04-14T13:48:01.8220460Z   token: ***
2025-04-14T13:48:01.8221010Z   ssh-strict: true
2025-04-14T13:48:01.8221593Z   ssh-user: git
2025-04-14T13:48:01.8222196Z   persist-credentials: true
2025-04-14T13:48:01.8222872Z   clean: true
2025-04-14T13:48:01.8223476Z   sparse-checkout-cone-mode: true
2025-04-14T13:48:01.8224231Z   fetch-tags: false
2025-04-14T13:48:01.8224812Z   show-progress: true
2025-04-14T13:48:01.8225399Z   lfs: false
2025-04-14T13:48:01.8225959Z   submodules: false
2025-04-14T13:48:01.8226554Z   set-safe-directory: true
2025-04-14T13:48:01.8227576Z env:
2025-04-14T13:48:01.8228080Z   FORCE_COLOR: 1
2025-04-14T13:48:01.8228805Z   HEAD_COMMIT: 163f847c4c660f84a639e752dd94fd03895ddbdb
2025-04-14T13:48:01.8232028Z   CACHED_DEPENDENCY_PATHS: /home/runner/work/Ghost/Ghost/node_modules
/home/runner/work/Ghost/Ghost/apps/*/node_modules
/home/runner/work/Ghost/Ghost/ghost/*/node_modules
~/.cache/ms-playwright/

2025-04-14T13:48:01.8235063Z   CACHED_BUILD_PATHS: /home/runner/work/Ghost/Ghost/ghost/*/build

2025-04-14T13:48:01.8236129Z   NX_REJECT_UNKNOWN_LOCAL_CACHE: 0
2025-04-14T13:48:01.8236859Z   NODE_VERSION: 20.11.1
2025-04-14T13:48:01.8237637Z ##[endgroup]
2025-04-14T13:48:02.0380051Z Syncing repository: TryGhost/Ghost
2025-04-14T13:48:02.0382431Z ##[group]Getting Git version info
2025-04-14T13:48:02.0383555Z Working directory is '/home/runner/work/Ghost/Ghost'
2025-04-14T13:48:02.0385141Z [command]/usr/bin/git version
2025-04-14T13:48:02.0433208Z git version 2.49.0
2025-04-14T13:48:02.0461301Z ##[endgroup]
2025-04-14T13:48:02.0475678Z Temporarily overriding HOME='/home/runner/work/_temp/b05603d8-a33c-4500-b811-a9fb2ce38d30' before making global git config changes
2025-04-14T13:48:02.0478611Z Adding repository directory to the temporary git global config as a safe directory
2025-04-14T13:48:02.0481111Z [command]/usr/bin/git config --global --add safe.directory /home/runner/work/Ghost/Ghost
2025-04-14T13:48:02.0515540Z Deleting the contents of '/home/runner/work/Ghost/Ghost'
2025-04-14T13:48:02.0519432Z ##[group]Initializing the repository
2025-04-14T13:48:02.0523569Z [command]/usr/bin/git init /home/runner/work/Ghost/Ghost
2025-04-14T13:48:02.0591565Z hint: Using 'master' as the name for the initial branch. This default branch name
2025-04-14T13:48:02.0593859Z hint: is subject to change. To configure the initial branch name to use in all
2025-04-14T13:48:02.0596544Z hint: of your new repositories, which will suppress this warning, call:
2025-04-14T13:48:02.0599357Z hint:
2025-04-14T13:48:02.0601242Z hint: 	git config --global init.defaultBranch <name>
2025-04-14T13:48:02.0603531Z hint:
2025-04-14T13:48:02.0605644Z hint: Names commonly chosen instead of 'master' are 'main', 'trunk' and
2025-04-14T13:48:02.0609292Z hint: 'development'. The just-created branch can be renamed via this command:
2025-04-14T13:48:02.0612056Z hint:
2025-04-14T13:48:02.0613576Z hint: 	git branch -m <name>
2025-04-14T13:48:02.0616311Z Initialized empty Git repository in /home/runner/work/Ghost/Ghost/.git/
2025-04-14T13:48:02.0620496Z [command]/usr/bin/git remote add origin https://github.com/TryGhost/Ghost
2025-04-14T13:48:02.0652172Z ##[endgroup]
2025-04-14T13:48:02.0655037Z ##[group]Disabling automatic garbage collection
2025-04-14T13:48:02.0657652Z [command]/usr/bin/git config --local gc.auto 0
2025-04-14T13:48:02.0687991Z ##[endgroup]
2025-04-14T13:48:02.0690532Z ##[group]Setting up auth
2025-04-14T13:48:02.0695670Z [command]/usr/bin/git config --local --name-only --get-regexp core\.sshCommand
2025-04-14T13:48:02.0729833Z [command]/usr/bin/git submodule foreach --recursive sh -c "git config --local --name-only --get-regexp 'core\.sshCommand' && git config --local --unset-all 'core.sshCommand' || :"
2025-04-14T13:48:02.1038391Z [command]/usr/bin/git config --local --name-only --get-regexp http\.https\:\/\/github\.com\/\.extraheader
2025-04-14T13:48:02.1071812Z [command]/usr/bin/git submodule foreach --recursive sh -c "git config --local --name-only --get-regexp 'http\.https\:\/\/github\.com\/\.extraheader' && git config --local --unset-all 'http.https://github.com/.extraheader' || :"
2025-04-14T13:48:02.1309545Z [command]/usr/bin/git config --local http.https://github.com/.extraheader AUTHORIZATION: basic ***
2025-04-14T13:48:02.1347760Z ##[endgroup]
2025-04-14T13:48:02.1349564Z ##[group]Fetching the repository
2025-04-14T13:48:02.1357996Z [command]/usr/bin/git -c protocol.version=2 fetch --no-tags --prune --no-recurse-submodules --depth=1000 origin +163f847c4c660f84a639e752dd94fd03895ddbdb:refs/remotes/pull/22887/merge
2025-04-14T13:48:06.1081371Z From https://github.com/TryGhost/Ghost
2025-04-14T13:48:06.1083430Z  * [new ref]           163f847c4c660f84a639e752dd94fd03895ddbdb -> pull/22887/merge
2025-04-14T13:48:06.1148270Z ##[endgroup]
2025-04-14T13:48:06.1149579Z ##[group]Determining the checkout info
2025-04-14T13:48:06.1150596Z ##[endgroup]
2025-04-14T13:48:06.1156001Z [command]/usr/bin/git sparse-checkout disable
2025-04-14T13:48:06.1195408Z [command]/usr/bin/git config --local --unset-all extensions.worktreeConfig
2025-04-14T13:48:06.1223330Z ##[group]Checking out the ref
2025-04-14T13:48:06.1227840Z [command]/usr/bin/git checkout --progress --force refs/remotes/pull/22887/merge
2025-04-14T13:48:06.5519893Z Note: switching to 'refs/remotes/pull/22887/merge'.
2025-04-14T13:48:06.5520533Z 
2025-04-14T13:48:06.5520997Z You are in 'detached HEAD' state. You can look around, make experimental
2025-04-14T13:48:06.5522147Z changes and commit them, and you can discard any commits you make in this
2025-04-14T13:48:06.5523373Z state without impacting any branches by switching back to a branch.
2025-04-14T13:48:06.5524076Z 
2025-04-14T13:48:06.5524538Z If you want to create a new branch to retain commits you create, you may
2025-04-14T13:48:06.5525639Z do so (now or later) by using -c with the switch command. Example:
2025-04-14T13:48:06.5526271Z 
2025-04-14T13:48:06.5526548Z   git switch -c <new-branch-name>
2025-04-14T13:48:06.5526984Z 
2025-04-14T13:48:06.5527458Z Or undo this operation with:
2025-04-14T13:48:06.5527847Z 
2025-04-14T13:48:06.5528066Z   git switch -
2025-04-14T13:48:06.5528398Z 
2025-04-14T13:48:06.5528922Z Turn off this advice by setting config variable advice.detachedHead to false
2025-04-14T13:48:06.5529725Z 
2025-04-14T13:48:06.5530680Z HEAD is now at 163f847c Merge 21a915d6912d261fc1fa3b7679a70d652dc933a2 into 2d8511b9704d8106a522b294a044fbdc42669271
2025-04-14T13:48:06.5551440Z ##[endgroup]
2025-04-14T13:48:06.5593545Z [command]/usr/bin/git log -1 --format=%H
2025-04-14T13:48:06.5619298Z 163f847c4c660f84a639e752dd94fd03895ddbdb
2025-04-14T13:48:06.5882549Z ##[group]Run actions/setup-node@v4
2025-04-14T13:48:06.5882845Z with:
2025-04-14T13:48:06.5883043Z   node-version: 20.11.1
2025-04-14T13:48:06.5883253Z   always-auth: false
2025-04-14T13:48:06.5883462Z   check-latest: false
2025-04-14T13:48:06.5883804Z   token: ***
2025-04-14T13:48:06.5883978Z env:
2025-04-14T13:48:06.5884159Z   FORCE_COLOR: 0
2025-04-14T13:48:06.5884391Z   HEAD_COMMIT: 163f847c4c660f84a639e752dd94fd03895ddbdb
2025-04-14T13:48:06.5885220Z   CACHED_DEPENDENCY_PATHS: /home/runner/work/Ghost/Ghost/node_modules
/home/runner/work/Ghost/Ghost/apps/*/node_modules
/home/runner/work/Ghost/Ghost/ghost/*/node_modules
~/.cache/ms-playwright/

2025-04-14T13:48:06.5886122Z   CACHED_BUILD_PATHS: /home/runner/work/Ghost/Ghost/ghost/*/build

2025-04-14T13:48:06.5886473Z   NX_REJECT_UNKNOWN_LOCAL_CACHE: 0
2025-04-14T13:48:06.5886704Z   NODE_VERSION: 20.11.1
2025-04-14T13:48:06.5886894Z ##[endgroup]
2025-04-14T13:48:06.7578788Z Attempting to download 20.11.1...
2025-04-14T13:48:07.0925569Z Acquiring 20.11.1 - x64 from https://github.com/actions/node-versions/releases/download/20.11.1-7910924545/node-20.11.1-linux-x64.tar.gz
2025-04-14T13:48:07.5254249Z Extracting ...
2025-04-14T13:48:07.5352947Z [command]/usr/bin/tar xz --strip 1 --warning=no-unknown-keyword --overwrite -C /home/runner/work/_temp/f4ed2d7c-83f3-41a3-879d-061bd2b6f669 -f /home/runner/work/_temp/25894689-c8a7-4126-b483-51e6a6a33632
2025-04-14T13:48:08.5245368Z Adding to the cache ...
2025-04-14T13:48:10.3167403Z ##[group]Environment details
2025-04-14T13:48:10.5521005Z node: v20.11.1
2025-04-14T13:48:10.5521374Z npm: 10.2.4
2025-04-14T13:48:10.5521651Z yarn: 1.22.22
2025-04-14T13:48:10.5522387Z ##[endgroup]
2025-04-14T13:48:10.5747854Z Prepare all required actions
2025-04-14T13:48:10.5748345Z Getting action download info
2025-04-14T13:48:10.7009202Z ##[group]Download immutable action package 'actions/github-script@v6'
2025-04-14T13:48:10.7009606Z Version: 6.4.1
2025-04-14T13:48:10.7009967Z Digest: sha256:c493e77940bce2b1f3c9cb8e34f9a4c963412fab10227de97afd5905dec76e82
2025-04-14T13:48:10.7010474Z Source commit SHA: d7906e4ad0b1822421a7e6a35d5ca353c962f410
2025-04-14T13:48:10.7010797Z ##[endgroup]
2025-04-14T13:48:10.9562556Z ##[group]Run ./.github/actions/restore-cache
2025-04-14T13:48:10.9562819Z env:
2025-04-14T13:48:10.9562989Z   FORCE_COLOR: 1
2025-04-14T13:48:10.9563219Z   HEAD_COMMIT: 163f847c4c660f84a639e752dd94fd03895ddbdb
2025-04-14T13:48:10.9564030Z   CACHED_DEPENDENCY_PATHS: /home/runner/work/Ghost/Ghost/node_modules
/home/runner/work/Ghost/Ghost/apps/*/node_modules
/home/runner/work/Ghost/Ghost/ghost/*/node_modules
~/.cache/ms-playwright/

2025-04-14T13:48:10.9564898Z   CACHED_BUILD_PATHS: /home/runner/work/Ghost/Ghost/ghost/*/build

2025-04-14T13:48:10.9565230Z   NX_REJECT_UNKNOWN_LOCAL_CACHE: 0
2025-04-14T13:48:10.9565475Z   NODE_VERSION: 20.11.1
2025-04-14T13:48:10.9566041Z   DEPENDENCY_CACHE_KEY: dep-cache-51efb1595ff07be908a303407bda16e5c7dd8253e0d356511f7022b9f5f5d5a8-163f847c4c660f84a639e752dd94fd03895ddbdb
2025-04-14T13:48:10.9566639Z ##[endgroup]
2025-04-14T13:48:10.9653540Z ##[group]Run actions/cache/restore@v4
2025-04-14T13:48:10.9653784Z with:
2025-04-14T13:48:10.9654443Z   path: /home/runner/work/Ghost/Ghost/node_modules
/home/runner/work/Ghost/Ghost/apps/*/node_modules
/home/runner/work/Ghost/Ghost/ghost/*/node_modules
~/.cache/ms-playwright/

2025-04-14T13:48:10.9655466Z   key: dep-cache-51efb1595ff07be908a303407bda16e5c7dd8253e0d356511f7022b9f5f5d5a8-163f847c4c660f84a639e752dd94fd03895ddbdb
2025-04-14T13:48:10.9656026Z   enableCrossOsArchive: false
2025-04-14T13:48:10.9656259Z   fail-on-cache-miss: false
2025-04-14T13:48:10.9656477Z   lookup-only: false
2025-04-14T13:48:10.9656669Z env:
2025-04-14T13:48:10.9656843Z   FORCE_COLOR: 1
2025-04-14T13:48:10.9657069Z   HEAD_COMMIT: 163f847c4c660f84a639e752dd94fd03895ddbdb
2025-04-14T13:48:10.9658030Z   CACHED_DEPENDENCY_PATHS: /home/runner/work/Ghost/Ghost/node_modules
/home/runner/work/Ghost/Ghost/apps/*/node_modules
/home/runner/work/Ghost/Ghost/ghost/*/node_modules
~/.cache/ms-playwright/

2025-04-14T13:48:10.9658872Z   CACHED_BUILD_PATHS: /home/runner/work/Ghost/Ghost/ghost/*/build

2025-04-14T13:48:10.9659192Z   NX_REJECT_UNKNOWN_LOCAL_CACHE: 0
2025-04-14T13:48:10.9659426Z   NODE_VERSION: 20.11.1
2025-04-14T13:48:10.9659991Z   DEPENDENCY_CACHE_KEY: dep-cache-51efb1595ff07be908a303407bda16e5c7dd8253e0d356511f7022b9f5f5d5a8-163f847c4c660f84a639e752dd94fd03895ddbdb
2025-04-14T13:48:10.9660581Z ##[endgroup]
2025-04-14T13:48:11.1794778Z Cache hit for: dep-cache-51efb1595ff07be908a303407bda16e5c7dd8253e0d356511f7022b9f5f5d5a8-163f847c4c660f84a639e752dd94fd03895ddbdb
2025-04-14T13:48:12.2139148Z Received 201326592 of 246375812 (81.7%), 191.4 MBs/sec
2025-04-14T13:48:12.4107724Z Received 246375812 of 246375812 (100.0%), 195.8 MBs/sec
2025-04-14T13:48:12.4111513Z Cache Size: ~235 MB (246375812 B)
2025-04-14T13:48:12.4171357Z [command]/usr/bin/tar -xf /home/runner/work/_temp/f8e4676c-c2f1-46c3-bf89-159173dd1d1f/cache.tzst -P -C /home/runner/work/Ghost/Ghost --use-compress-program unzstd
2025-04-14T13:48:19.6395769Z Cache restored successfully
2025-04-14T13:48:20.0835871Z Cache restored from key: dep-cache-51efb1595ff07be908a303407bda16e5c7dd8253e0d356511f7022b9f5f5d5a8-163f847c4c660f84a639e752dd94fd03895ddbdb
2025-04-14T13:48:20.0984698Z ##[group]Run actions/cache/restore@v4
2025-04-14T13:48:20.0984956Z with:
2025-04-14T13:48:20.0985188Z   path: /home/runner/work/Ghost/Ghost/ghost/*/build

2025-04-14T13:48:20.0985506Z   key: 163f847c4c660f84a639e752dd94fd03895ddbdb
2025-04-14T13:48:20.0985790Z   enableCrossOsArchive: false
2025-04-14T13:48:20.0986031Z   fail-on-cache-miss: false
2025-04-14T13:48:20.0986254Z   lookup-only: false
2025-04-14T13:48:20.0986697Z env:
2025-04-14T13:48:20.0986878Z   FORCE_COLOR: 1
2025-04-14T13:48:20.0987113Z   HEAD_COMMIT: 163f847c4c660f84a639e752dd94fd03895ddbdb
2025-04-14T13:48:20.0988156Z   CACHED_DEPENDENCY_PATHS: /home/runner/work/Ghost/Ghost/node_modules
/home/runner/work/Ghost/Ghost/apps/*/node_modules
/home/runner/work/Ghost/Ghost/ghost/*/node_modules
~/.cache/ms-playwright/

2025-04-14T13:48:20.0988993Z   CACHED_BUILD_PATHS: /home/runner/work/Ghost/Ghost/ghost/*/build

2025-04-14T13:48:20.0989327Z   NX_REJECT_UNKNOWN_LOCAL_CACHE: 0
2025-04-14T13:48:20.0989738Z   NODE_VERSION: 20.11.1
2025-04-14T13:48:20.0990312Z   DEPENDENCY_CACHE_KEY: dep-cache-51efb1595ff07be908a303407bda16e5c7dd8253e0d356511f7022b9f5f5d5a8-163f847c4c660f84a639e752dd94fd03895ddbdb
2025-04-14T13:48:20.0990913Z ##[endgroup]
2025-04-14T13:48:20.3154213Z Cache hit for: 163f847c4c660f84a639e752dd94fd03895ddbdb
2025-04-14T13:48:20.3575854Z Received 59779 of 59779 (100.0%), 5.7 MBs/sec
2025-04-14T13:48:20.3576959Z Cache Size: ~0 MB (59779 B)
2025-04-14T13:48:20.3606250Z [command]/usr/bin/tar -xf /home/runner/work/_temp/0236cbab-8282-49cd-8401-61ae24f56c42/cache.tzst -P -C /home/runner/work/Ghost/Ghost --use-compress-program unzstd
2025-04-14T13:48:20.3684359Z Cache restored successfully
2025-04-14T13:48:20.3765520Z Cache restored from key: 163f847c4c660f84a639e752dd94fd03895ddbdb
2025-04-14T13:48:20.3915475Z ##[group]Run actions/cache@v4
2025-04-14T13:48:20.3915753Z with:
2025-04-14T13:48:20.3915946Z   path: ghost/**/.eslintcache
2025-04-14T13:48:20.3916190Z   key: eslint-cache
2025-04-14T13:48:20.3916423Z   enableCrossOsArchive: false
2025-04-14T13:48:20.3916673Z   fail-on-cache-miss: false
2025-04-14T13:48:20.3916910Z   lookup-only: false
2025-04-14T13:48:20.3917116Z   save-always: false
2025-04-14T13:48:20.3917544Z env:
2025-04-14T13:48:20.3917721Z   FORCE_COLOR: 1
2025-04-14T13:48:20.3917965Z   HEAD_COMMIT: 163f847c4c660f84a639e752dd94fd03895ddbdb
2025-04-14T13:48:20.3918800Z   CACHED_DEPENDENCY_PATHS: /home/runner/work/Ghost/Ghost/node_modules
/home/runner/work/Ghost/Ghost/apps/*/node_modules
/home/runner/work/Ghost/Ghost/ghost/*/node_modules
~/.cache/ms-playwright/

2025-04-14T13:48:20.3919664Z   CACHED_BUILD_PATHS: /home/runner/work/Ghost/Ghost/ghost/*/build

2025-04-14T13:48:20.3920006Z   NX_REJECT_UNKNOWN_LOCAL_CACHE: 0
2025-04-14T13:48:20.3920246Z   NODE_VERSION: 20.11.1
2025-04-14T13:48:20.3920481Z ##[endgroup]
2025-04-14T13:48:20.6028205Z Cache hit for: eslint-cache
2025-04-14T13:48:20.6606625Z Received 106531 of 106531 (100.0%), 6.8 MBs/sec
2025-04-14T13:48:20.6607985Z Cache Size: ~0 MB (106531 B)
2025-04-14T13:48:20.6658363Z [command]/usr/bin/tar -xf /home/runner/work/_temp/70422c81-e6ff-431c-b5d8-9e5b85889593/cache.tzst -P -C /home/runner/work/Ghost/Ghost --use-compress-program unzstd
2025-04-14T13:48:20.6754601Z Cache restored successfully
2025-04-14T13:48:20.6863136Z Cache restored from key: eslint-cache
2025-04-14T13:48:20.6949334Z ##[group]Run yarn nx affected -t lint --base=f34af077dd2cfcb86daadfc79b70a3d384e66ee0
2025-04-14T13:48:20.6949976Z [36;1myarn nx affected -t lint --base=f34af077dd2cfcb86daadfc79b70a3d384e66ee0[0m
2025-04-14T13:48:20.6999118Z shell: /usr/bin/bash -e {0}
2025-04-14T13:48:20.6999373Z env:
2025-04-14T13:48:20.6999555Z   FORCE_COLOR: 1
2025-04-14T13:48:20.6999825Z   HEAD_COMMIT: 163f847c4c660f84a639e752dd94fd03895ddbdb
2025-04-14T13:48:20.7000671Z   CACHED_DEPENDENCY_PATHS: /home/runner/work/Ghost/Ghost/node_modules
/home/runner/work/Ghost/Ghost/apps/*/node_modules
/home/runner/work/Ghost/Ghost/ghost/*/node_modules
~/.cache/ms-playwright/

2025-04-14T13:48:20.7001551Z   CACHED_BUILD_PATHS: /home/runner/work/Ghost/Ghost/ghost/*/build

2025-04-14T13:48:20.7001897Z   NX_REJECT_UNKNOWN_LOCAL_CACHE: 0
2025-04-14T13:48:20.7002142Z   NODE_VERSION: 20.11.1
2025-04-14T13:48:20.7002348Z ##[endgroup]
2025-04-14T13:48:20.8292706Z [2K[1G[1myarn run v1.22.22[22m
2025-04-14T13:48:20.8647120Z [2K[1G[2m$ /home/runner/work/Ghost/Ghost/node_modules/.bin/nx affected -t lint --base=f34af077dd2cfcb86daadfc79b70a3d384e66ee0[22m
2025-04-14T13:48:22.6631914Z 
2025-04-14T13:48:22.6633143Z  NX   Running target lint for 44 projects:
2025-04-14T13:48:22.6633676Z 
2025-04-14T13:48:22.6633966Z - @tryghost/admin-x-settings
2025-04-14T13:48:22.6638238Z - @tryghost/shade
2025-04-14T13:48:22.6638796Z - @tryghost/admin-x-activitypub
2025-04-14T13:48:22.6639295Z - @tryghost/admin-x-framework
2025-04-14T13:48:22.6639770Z - @tryghost/admin-x-demo
2025-04-14T13:48:22.6640185Z - @tryghost/posts
2025-04-14T13:48:22.6640565Z - @tryghost/stats
2025-04-14T13:48:22.6641304Z - ghost-admin
2025-04-14T13:48:22.6641876Z - @tryghost/custom-theme-settings-service
2025-04-14T13:48:22.6642351Z - ghost
2025-04-14T13:48:22.6642627Z - @tryghost/email-suppression-list
2025-04-14T13:48:22.6643196Z - @tryghost/admin-x-design-system
2025-04-14T13:48:22.6643737Z - @tryghost/member-attribution
2025-04-14T13:48:22.6644206Z - @tryghost/members-api
2025-04-14T13:48:22.6644670Z - @tryghost/prometheus-metrics
2025-04-14T13:48:22.6645141Z - @tryghost/html-to-plaintext
2025-04-14T13:48:22.6645592Z - @tryghost/email-service
2025-04-14T13:48:22.6645977Z - @tryghost/mw-error-handler
2025-04-14T13:48:22.6646268Z - @tryghost/announcement-bar
2025-04-14T13:48:22.6646543Z - @tryghost/email-addresses
2025-04-14T13:48:22.6646820Z - @tryghost/post-revisions
2025-04-14T13:48:22.6647091Z - @tryghost/api-framework
2025-04-14T13:48:22.6647583Z - @tryghost/domain-events
2025-04-14T13:48:22.6647923Z - @tryghost/members-offers
2025-04-14T13:48:22.6648192Z - @tryghost/link-replacer
2025-04-14T13:48:22.6648447Z - @tryghost/member-events
2025-04-14T13:48:22.6648718Z - @tryghost/posts-service
2025-04-14T13:48:22.6648981Z - @tryghost/custom-fonts
2025-04-14T13:48:22.6649246Z - @tryghost/job-manager
2025-04-14T13:48:22.6649499Z - @tryghost/members-csv
2025-04-14T13:48:22.6649736Z - @tryghost/post-events
2025-04-14T13:48:22.6649974Z - @tryghost/webmentions
2025-04-14T13:48:22.6650211Z - @tryghost/comments-ui
2025-04-14T13:48:22.6650437Z - @tryghost/magic-link
2025-04-14T13:48:22.6650676Z - @tryghost/milestones
2025-04-14T13:48:22.6650903Z - @tryghost/signup-form
2025-04-14T13:48:22.6651135Z - @tryghost/sodo-search
2025-04-14T13:48:22.6651366Z - @tryghost/constants
2025-04-14T13:48:22.6651590Z - @tryghost/donations
2025-04-14T13:48:22.6651808Z - @tryghost/mw-vhost
2025-04-14T13:48:22.6652035Z - @tryghost/security
2025-04-14T13:48:22.6652253Z - @tryghost/portal
2025-04-14T13:48:22.6652475Z - @tryghost/tiers
2025-04-14T13:48:22.6652679Z - @tryghost/i18n
2025-04-14T13:48:22.6652807Z 
2025-04-14T13:48:22.6652814Z 
2025-04-14T13:48:27.7048250Z 
2025-04-14T13:48:27.7049973Z ##[group]✅ > nx run @tryghost/i18n:lint
2025-04-14T13:48:27.7050574Z 
2025-04-14T13:48:27.7051309Z [2K[1G[2m$ yarn lint:code && yarn lint:test[22m
2025-04-14T13:48:27.7052439Z [2K[1G[2m$ eslint *.js lib/ --ext .js --cache[22m
2025-04-14T13:48:27.7053968Z [2K[1G[2m$ eslint -c test/.eslintrc.js test/ --ext .js --cache[22m
2025-04-14T13:48:34.0931658Z ##[endgroup]
2025-04-14T13:48:34.0946177Z ##[group]✅ > nx run @tryghost/shade:lint
2025-04-14T13:48:34.0946607Z 
2025-04-14T13:48:34.0948887Z [2K[1G[2m$ yarn lint:code && yarn lint:test[22m
2025-04-14T13:48:34.0949960Z [2K[1G[2m$ eslint --ext .js,.ts,.cjs,.tsx src/ --cache[22m
2025-04-14T13:48:34.0950645Z [0m[0m
2025-04-14T13:48:34.0951724Z [0m[4m/home/runner/work/Ghost/Ghost/apps/shade/src/components/ui/breadcrumb.tsx[24m[0m
2025-04-14T13:48:34.0953681Z [0m  [2m101:25[22m  [33mwarning[39m  Classnames 'h-4, w-4' could be replaced by the 'size-4' shorthand!  [2mtailwindcss/enforces-shorthand[22m[0m
2025-04-14T13:48:34.0954821Z [0m[0m
2025-04-14T13:48:34.0955835Z [0m[4m/home/runner/work/Ghost/Ghost/apps/shade/src/components/ui/chart.tsx[24m[0m
2025-04-14T13:48:34.0957977Z [0m  [2m301:37[22m  [33mwarning[39m  Classnames 'h-2, w-2' could be replaced by the 'size-2' shorthand!  [2mtailwindcss/enforces-shorthand[22m[0m
2025-04-14T13:48:34.0959135Z [0m[0m
2025-04-14T13:48:34.0960186Z [0m[4m/home/runner/work/Ghost/Ghost/apps/shade/src/components/ui/dropdown-menu.tsx[24m[0m
2025-04-14T13:48:34.0962222Z [0m  [2m111:15[22m  [33mwarning[39m  Classnames 'h-3.5, w-3.5' could be replaced by the 'size-3.5' shorthand!  [2mtailwindcss/enforces-shorthand[22m[0m
2025-04-14T13:48:34.0964425Z [0m  [2m113:24[22m  [33mwarning[39m  Classnames 'h-4, w-4' could be replaced by the 'size-4' shorthand!        [2mtailwindcss/enforces-shorthand[22m[0m
2025-04-14T13:48:34.0966668Z [0m  [2m134:15[22m  [33mwarning[39m  Classnames 'h-3.5, w-3.5' could be replaced by the 'size-3.5' shorthand!  [2mtailwindcss/enforces-shorthand[22m[0m
2025-04-14T13:48:34.1010411Z [0m  [2m136:25[22m  [33mwarning[39m  Classnames 'h-2, w-2' could be replaced by the 'size-2' shorthand!        [2mtailwindcss/enforces-shorthand[22m[0m
2025-04-14T13:48:34.1011461Z [0m[0m
2025-04-14T13:48:34.1012380Z [0m[4m/home/runner/work/Ghost/Ghost/apps/shade/src/components/ui/icon.ts[24m[0m
2025-04-14T13:48:34.1013937Z [0m  [2m5:22[22m  [33mwarning[39m  Classnames 'h-3, w-3' could be replaced by the 'size-3' shorthand!  [2mtailwindcss/enforces-shorthand[22m[0m
2025-04-14T13:48:34.1015817Z [0m  [2m5:22[22m  [33mwarning[39m  Classnames 'h-4, w-4' could be replaced by the 'size-4' shorthand!  [2mtailwindcss/enforces-shorthand[22m[0m
2025-04-14T13:48:34.1017870Z [0m  [2m5:22[22m  [33mwarning[39m  Classnames 'h-6, w-6' could be replaced by the 'size-6' shorthand!  [2mtailwindcss/enforces-shorthand[22m[0m
2025-04-14T13:48:34.1019786Z [0m  [2m5:22[22m  [33mwarning[39m  Classnames 'h-8, w-8' could be replaced by the 'size-8' shorthand!  [2mtailwindcss/enforces-shorthand[22m[0m
2025-04-14T13:48:34.1020896Z [0m[0m
2025-04-14T13:48:34.1021843Z [0m[4m/home/runner/work/Ghost/Ghost/apps/shade/src/components/ui/sheet.tsx[24m[0m
2025-04-14T13:48:34.1023557Z [0m  [2m68:20[22m  [33mwarning[39m  Classnames 'h-4, w-4' could be replaced by the 'size-4' shorthand!  [2mtailwindcss/enforces-shorthand[22m[0m
2025-04-14T13:48:34.1024720Z [0m[0m
2025-04-14T13:48:34.1025636Z [0m[4m/home/runner/work/Ghost/Ghost/apps/shade/src/components/ui/sidebar.tsx[24m[0m
2025-04-14T13:48:34.1027740Z [0m  [2m208:30[22m  [33mwarning[39m  Classnames 'h-full, w-full' could be replaced by the 'size-full' shorthand!  [2mtailwindcss/enforces-shorthand[22m[0m
2025-04-14T13:48:34.1036091Z [0m  [2m249:25[22m  [33mwarning[39m  Classnames 'h-full, w-full' could be replaced by the 'size-full' shorthand!  [2mtailwindcss/enforces-shorthand[22m[0m
2025-04-14T13:48:34.1037446Z [0m[0m
2025-04-14T13:48:34.1038536Z [0m[33m[1m✖ 13 problems (0 errors, 13 warnings)[22m[39m[0m
2025-04-14T13:48:34.1040006Z [0m[33m[1m[22m[39m[33m[1m  0 errors and 13 warnings potentially fixable with the `--fix` option.[22m[39m[0m
2025-04-14T13:48:34.1040992Z [0m[33m[1m[22m[39m[0m
2025-04-14T13:48:34.1042293Z [2K[1G[2m$ eslint -c test/.eslintrc.cjs --ext .js,.ts,.cjs,.tsx test/ --cache[22m
2025-04-14T13:48:34.3809068Z ##[endgroup]
2025-04-14T13:48:34.3858826Z ##[group]✅ > nx run @tryghost/domain-events:lint
2025-04-14T13:48:34.3859308Z 
2025-04-14T13:48:34.3859865Z [2K[1G[2m$ yarn lint:code && yarn lint:test[22m
2025-04-14T13:48:34.3860716Z [2K[1G[2m$ eslint *.js lib/ --ext .js --cache[22m
2025-04-14T13:48:34.3861711Z [2K[1G[2m$ eslint -c test/.eslintrc.js test/ --ext .js --cache[22m
2025-04-14T13:48:34.8731516Z ##[endgroup]
2025-04-14T13:48:34.8733101Z ##[group]✅ > nx run @tryghost/admin-x-framework:lint
2025-04-14T13:48:34.8733968Z 
2025-04-14T13:48:34.8734648Z [2K[1G[2m$ yarn lint:code && yarn lint:test[22m
2025-04-14T13:48:34.8735780Z [2K[1G[2m$ eslint --ext .js,.ts,.cjs,.tsx src/ --cache[22m
2025-04-14T13:48:34.8736829Z [2K[1G[2m$ eslint -c test/.eslintrc.cjs --ext .js,.ts,.cjs,.tsx test/ --cache[22m
2025-04-14T13:48:36.6948287Z ##[endgroup]
2025-04-14T13:48:36.6949392Z ##[group]✅ > nx run @tryghost/admin-x-design-system:lint
2025-04-14T13:48:36.6949912Z 
2025-04-14T13:48:36.6954770Z [2K[1G[2m$ yarn lint:code && yarn lint:test[22m
2025-04-14T13:48:36.6955675Z [2K[1G[2m$ eslint --ext .js,.ts,.cjs,.tsx src/ --cache[22m
2025-04-14T13:48:36.6956264Z [0m[0m
2025-04-14T13:48:36.6958335Z [0m[4m/home/runner/work/Ghost/Ghost/apps/admin-x-design-system/src/global/Avatar.tsx[24m[0m
2025-04-14T13:48:36.6960344Z [0m  [2m51:40[22m  [33mwarning[39m  Classnames 'h-full, w-full' could be replaced by the 'size-full' shorthand!  [2mtailwindcss/enforces-shorthand[22m[0m
2025-04-14T13:48:36.6962462Z [0m  [2m52:23[22m  [33mwarning[39m  Classnames 'h-full, w-full' could be replaced by the 'size-full' shorthand!  [2mtailwindcss/enforces-shorthand[22m[0m
2025-04-14T13:48:36.6964964Z [0m  [2m55:27[22m  [33mwarning[39m  Classnames 'h-full, w-full' could be replaced by the 'size-full' shorthand!  [2mtailwindcss/enforces-shorthand[22m[0m
2025-04-14T13:48:36.6965999Z [0m[0m
2025-04-14T13:48:36.6967061Z [0m[4m/home/runner/work/Ghost/Ghost/apps/admin-x-design-system/src/global/Pagination.tsx[24m[0m
2025-04-14T13:48:36.6969228Z [0m  [2m19:64[22m  [33mwarning[39m  Classnames 'h-[10px], w-[10px]' could be replaced by the 'size-[10px]' shorthand!  [2mtailwindcss/enforces-shorthand[22m[0m
2025-04-14T13:48:36.6971343Z [0m  [2m21:64[22m  [33mwarning[39m  Classnames 'h-[10px], w-[10px]' could be replaced by the 'size-[10px]' shorthand!  [2mtailwindcss/enforces-shorthand[22m[0m
2025-04-14T13:48:36.6972367Z [0m[0m
2025-04-14T13:48:36.6973378Z [0m[4m/home/runner/work/Ghost/Ghost/apps/admin-x-design-system/src/global/SortMenu.tsx[24m[0m
2025-04-14T13:48:36.6975009Z [0m  [2m77:54[22m  [33mwarning[39m  Classnames 'h-6, w-6' could be replaced by the 'size-6' shorthand!  [2mtailwindcss/enforces-shorthand[22m[0m
2025-04-14T13:48:36.6975859Z [0m[0m
2025-04-14T13:48:36.6976848Z [0m[4m/home/runner/work/Ghost/Ghost/apps/admin-x-design-system/src/global/chrome/DesktopChrome.tsx[24m[0m
2025-04-14T13:48:36.6984519Z [0m   [2m9:14[22m  [33mwarning[39m  Classnames 'h-full, w-full' could be replaced by the 'size-full' shorthand!  [2mtailwindcss/enforces-shorthand[22m[0m
2025-04-14T13:48:36.6986746Z [0m  [2m10:18[22m  [33mwarning[39m  Classnames 'h-full, w-full' could be replaced by the 'size-full' shorthand!  [2mtailwindcss/enforces-shorthand[22m[0m
2025-04-14T13:48:36.6992624Z [0m[0m
2025-04-14T13:48:36.6993764Z [0m[4m/home/runner/work/Ghost/Ghost/apps/admin-x-design-system/src/global/form/Checkbox.tsx[24m[0m
2025-04-14T13:48:36.6995689Z [0m  [2m33:45[22m  [33mwarning[39m  Classnames 'h-4, w-4' could be replaced by the 'size-4' shorthand!  [2mtailwindcss/enforces-shorthand[22m[0m
2025-04-14T13:48:36.6996702Z [0m[0m
2025-04-14T13:48:36.7009007Z [0m[4m/home/runner/work/Ghost/Ghost/apps/admin-x-design-system/src/global/form/ColorIndicator.tsx[24m[0m
2025-04-14T13:48:36.7011258Z [0m  [2m95:53[22m  [33mwarning[39m  Classnames 'h-8, w-8' could be replaced by the 'size-8' shorthand!  [2mtailwindcss/enforces-shorthand[22m[0m
2025-04-14T13:48:36.7012341Z [0m[0m
2025-04-14T13:48:36.7013571Z [0m[4m/home/runner/work/Ghost/Ghost/apps/admin-x-design-system/src/global/form/ColorPicker.tsx[24m[0m
2025-04-14T13:48:36.7015544Z [0m  [2m118:29[22m  [33mwarning[39m  Classnames 'h-4, w-4' could be replaced by the 'size-4' shorthand!           [2mtailwindcss/enforces-shorthand[22m[0m
2025-04-14T13:48:36.7048166Z [0m  [2m122:45[22m  [33mwarning[39m  Classnames 'h-full, w-full' could be replaced by the 'size-full' shorthand!  [2mtailwindcss/enforces-shorthand[22m[0m
2025-04-14T13:48:36.7049392Z [0m[0m
2025-04-14T13:48:36.7050599Z [0m[4m/home/runner/work/Ghost/Ghost/apps/admin-x-design-system/src/global/form/ImageUpload.tsx[24m[0m
2025-04-14T13:48:36.7052677Z [0m  [2m103:37[22m  [33mwarning[39m  Classnames 'h-8, w-8' could be replaced by the 'size-8' shorthand!  [2mtailwindcss/enforces-shorthand[22m[0m
2025-04-14T13:48:36.7054847Z [0m  [2m110:35[22m  [33mwarning[39m  Classnames 'h-8, w-8' could be replaced by the 'size-8' shorthand!  [2mtailwindcss/enforces-shorthand[22m[0m
2025-04-14T13:48:36.7057032Z [0m  [2m117:39[22m  [33mwarning[39m  Classnames 'h-8, w-8' could be replaced by the 'size-8' shorthand!  [2mtailwindcss/enforces-shorthand[22m[0m
2025-04-14T13:48:36.7098531Z [0m[0m
2025-04-14T13:48:36.7099722Z [0m[4m/home/runner/work/Ghost/Ghost/apps/admin-x-design-system/src/global/form/MultiSelect.tsx[24m[0m
2025-04-14T13:48:36.7101730Z [0m  [2m69:18[22m  [33mwarning[39m  Classnames 'h-2, w-2' could be replaced by the 'size-2' shorthand!  [2mtailwindcss/enforces-shorthand[22m[0m
2025-04-14T13:48:36.7103125Z [0m[0m
2025-04-14T13:48:36.7104195Z [0m[4m/home/runner/work/Ghost/Ghost/apps/admin-x-design-system/src/global/form/Radio.tsx[24m[0m
2025-04-14T13:48:36.7106308Z [0m  [2m31:46[22m  [33mwarning[39m  Classnames 'h-4, w-4' could be replaced by the 'size-4' shorthand!                                [2mtailwindcss/enforces-shorthand[22m[0m
2025-04-14T13:48:36.7108900Z [0m  [2m32:55[22m  [33mwarning[39m  Classnames 'h-full, w-full' could be replaced by the 'size-full' shorthand!                       [2mtailwindcss/enforces-shorthand[22m[0m
2025-04-14T13:48:36.7111435Z [0m  [2m32:55[22m  [33mwarning[39m  Classnames 'after:h-[6px], after:w-[6px]' could be replaced by the 'after:size-[6px]' shorthand!  [2mtailwindcss/enforces-shorthand[22m[0m
2025-04-14T13:48:36.7112632Z [0m[0m
2025-04-14T13:48:36.7113879Z [0m[4m/home/runner/work/Ghost/Ghost/apps/admin-x-design-system/src/global/layout/Page.stories.tsx[24m[0m
2025-04-14T13:48:36.7116023Z [0m  [2m292:22[22m  [33mwarning[39m  Classnames 'h-24, w-24' could be replaced by the 'size-24' shorthand!  [2mtailwindcss/enforces-shorthand[22m[0m
2025-04-14T13:48:36.7118353Z [0m  [2m457:34[22m  [33mwarning[39m  Classnames 'h-16, w-16' could be replaced by the 'size-16' shorthand!  [2mtailwindcss/enforces-shorthand[22m[0m
2025-04-14T13:48:36.7119544Z [0m[0m
2025-04-14T13:48:36.7120785Z [0m[4m/home/runner/work/Ghost/Ghost/apps/admin-x-design-system/src/global/modal/PreviewModal.tsx[24m[0m
2025-04-14T13:48:36.7122976Z [0m  [2m283:26[22m  [33mwarning[39m  Classnames 'h-full, w-full' could be replaced by the 'size-full' shorthand!  [2mtailwindcss/enforces-shorthand[22m[0m
2025-04-14T13:48:36.7124141Z [0m[0m
2025-04-14T13:48:36.7125312Z [0m[4m/home/runner/work/Ghost/Ghost/apps/admin-x-design-system/src/settings/SettingNavItem.tsx[24m[0m
2025-04-14T13:48:36.7167748Z [0m  [2m31:28[22m  [33mwarning[39m  Classnames 'h-[16px], w-[16px]' could be replaced by the 'size-[16px]' shorthand!  [2mtailwindcss/enforces-shorthand[22m[0m
2025-04-14T13:48:36.7168994Z [0m[0m
2025-04-14T13:48:36.7169803Z [0m[33m[1m✖ 23 problems (0 errors, 23 warnings)[22m[39m[0m
2025-04-14T13:48:36.7171198Z [0m[33m[1m[22m[39m[33m[1m  0 errors and 23 warnings potentially fixable with the `--fix` option.[22m[39m[0m
2025-04-14T13:48:36.7172174Z [0m[33m[1m[22m[39m[0m
2025-04-14T13:48:36.7173386Z [2K[1G[2m$ eslint -c test/.eslintrc.cjs --ext .js,.ts,.cjs,.tsx test/ --cache[22m
2025-04-14T13:48:38.9387434Z ##[endgroup]
2025-04-14T13:48:38.9392482Z ##[group]✅ > nx run @tryghost/member-events:lint
2025-04-14T13:48:38.9396896Z 
2025-04-14T13:48:38.9402326Z [2K[1G[2m$ yarn lint:code && yarn lint:test[22m
2025-04-14T13:48:38.9407075Z [2K[1G[2m$ eslint *.js lib/ --ext .js --cache[22m
2025-04-14T13:48:38.9412303Z [2K[1G[2m$ eslint -c test/.eslintrc.js test/ --ext .js --cache[22m
2025-04-14T13:48:39.0849235Z ##[endgroup]
2025-04-14T13:48:39.0854668Z ##[group]✅ > nx run @tryghost/magic-link:lint
2025-04-14T13:48:39.0859755Z 
2025-04-14T13:48:39.0864272Z [2K[1G[2m$ yarn lint:code && yarn lint:test[22m
2025-04-14T13:48:39.0869128Z [2K[1G[2m$ eslint *.js lib/ --ext .js --cache[22m
2025-04-14T13:48:39.0875243Z [2K[1G[2m$ eslint -c test/.eslintrc.js test/ --ext .js --cache[22m
2025-04-14T13:48:39.6606529Z ##[endgroup]
2025-04-14T13:48:39.6615019Z ##[group]✅ > nx run @tryghost/members-csv:lint
2025-04-14T13:48:39.6619908Z 
2025-04-14T13:48:39.6624364Z [2K[1G[2m$ yarn lint:code && yarn lint:test[22m
2025-04-14T13:48:39.6629416Z [2K[1G[2m$ eslint *.js lib/ --ext .js --cache[22m
2025-04-14T13:48:39.6633386Z [2K[1G[2m$ eslint -c test/.eslintrc.js test/ --ext .js --cache[22m
2025-04-14T13:48:42.6502906Z ##[endgroup]
2025-04-14T13:48:42.6544758Z ##[group]✅ > nx run @tryghost/custom-fonts:lint
2025-04-14T13:48:42.6547660Z 
2025-04-14T13:48:42.6548461Z [2K[1G[2m$ yarn lint:code && yarn lint:test[22m
2025-04-14T13:48:42.6549573Z [2K[1G[2m$ eslint src/ --ext .ts --cache[22m
2025-04-14T13:48:42.6550834Z [2K[1G[2m$ eslint -c test/.eslintrc.js test/ --ext .ts --cache[22m
2025-04-14T13:48:43.7206303Z ##[endgroup]
2025-04-14T13:48:43.7211887Z ##[group]✅ > nx run @tryghost/html-to-plaintext:lint
2025-04-14T13:48:43.7216086Z 
2025-04-14T13:48:43.7220755Z [2K[1G[2m$ yarn lint:code && yarn lint:test[22m
2025-04-14T13:48:43.7221802Z [2K[1G[2m$ eslint *.js lib/ --ext .js --cache[22m
2025-04-14T13:48:43.7222873Z [2K[1G[2m$ eslint -c test/.eslintrc.js test/ --ext .js --cache[22m
2025-04-14T13:48:44.6924097Z ##[endgroup]
2025-04-14T13:48:44.6929360Z ##[group]✅ > nx run @tryghost/member-attribution:lint
2025-04-14T13:48:44.6936446Z 
2025-04-14T13:48:44.6938890Z [2K[1G[2m$ yarn lint:code && yarn lint:test[22m
2025-04-14T13:48:44.6943621Z [2K[1G[2m$ eslint *.js lib/ --ext .js --cache[22m
2025-04-14T13:48:44.6944641Z [2K[1G[2m$ eslint -c test/.eslintrc.js test/ --ext .js --cache[22m
2025-04-14T13:48:45.8870679Z ##[endgroup]
2025-04-14T13:48:45.8876635Z ##[group]✅ > nx run @tryghost/post-events:lint
2025-04-14T13:48:45.8884375Z 
2025-04-14T13:48:45.8889224Z [2K[1G[2m$ yarn lint:code && yarn lint:test[22m
2025-04-14T13:48:45.8894005Z [2K[1G[2m$ eslint src/ --ext .ts --cache[22m
2025-04-14T13:48:45.8898076Z [2K[1G[2m$ eslint -c test/.eslintrc.js test/ --ext .ts --cache[22m
2025-04-14T13:48:47.5197054Z ##[endgroup]
2025-04-14T13:48:47.5208723Z ##[group]✅ > nx run @tryghost/mw-vhost:lint
2025-04-14T13:48:47.5209524Z 
2025-04-14T13:48:47.5210305Z [2K[1G[2m$ yarn lint:code && yarn lint:test[22m
2025-04-14T13:48:47.5211459Z [2K[1G[2m$ eslint *.js lib/ --ext .js --cache[22m
2025-04-14T13:48:47.5212589Z [2K[1G[2m$ eslint -c test/.eslintrc.js test/ --ext .js --cache[22m
2025-04-14T13:48:48.2997738Z ##[endgroup]
2025-04-14T13:48:48.3003877Z ##[group]✅ > nx run @tryghost/constants:lint
2025-04-14T13:48:48.3008867Z 
2025-04-14T13:48:48.3013681Z [2K[1G[2m$ yarn lint:code && yarn lint:test[22m
2025-04-14T13:48:48.3018984Z [2K[1G[2m$ eslint *.js lib/ --ext .js --cache[22m
2025-04-14T13:48:48.3050654Z [2K[1G[2m$ eslint -c test/.eslintrc.js test/ --ext .js --cache[22m
2025-04-14T13:48:50.5728990Z ##[endgroup]
2025-04-14T13:48:50.5742171Z ##[group]✅ > nx run @tryghost/webmentions:lint
2025-04-14T13:48:50.5746545Z 
2025-04-14T13:48:50.5751217Z [2K[1G[2m$ yarn lint:code && yarn lint:test[22m
2025-04-14T13:48:50.5756591Z [2K[1G[2m$ eslint *.js lib/ --ext .js --cache[22m
2025-04-14T13:48:50.5762744Z [2K[1G[2m$ eslint -c test/.eslintrc.js test/ --ext .js --cache[22m
2025-04-14T13:48:51.7028202Z ##[endgroup]
2025-04-14T13:48:51.7033962Z ##[group]✅ > nx run @tryghost/members-offers:lint
2025-04-14T13:48:51.7038965Z 
2025-04-14T13:48:51.7043786Z [2K[1G[2m$ yarn lint:code && yarn lint:test[22m
2025-04-14T13:48:51.7064112Z [2K[1G[2m$ eslint *.js lib/ --ext .js --cache[22m
2025-04-14T13:48:51.7069338Z [2K[1G[2m$ eslint -c test/.eslintrc.js test/ --ext .js --cache[22m
2025-04-14T13:48:53.9614033Z ##[endgroup]
2025-04-14T13:48:53.9619824Z ##[group]✅ > nx run @tryghost/api-framework:lint
2025-04-14T13:48:53.9624314Z 
2025-04-14T13:48:53.9629158Z [2K[1G[2m$ yarn lint:code && yarn lint:test[22m
2025-04-14T13:48:53.9678801Z [2K[1G[2m$ eslint *.js lib/ --ext .js --cache[22m
2025-04-14T13:48:53.9680408Z [2K[1G[2m$ eslint -c test/.eslintrc.js test/ --ext .js --cache[22m
2025-04-14T13:48:55.3034638Z ##[endgroup]
2025-04-14T13:48:55.3040874Z ##[group]✅ > nx run @tryghost/email-addresses:lint
2025-04-14T13:48:55.3045579Z 
2025-04-14T13:48:55.3050712Z [2K[1G[2m$ yarn lint:code && yarn lint:test[22m
2025-04-14T13:48:55.3055507Z [2K[1G[2m$ eslint src/ --ext .ts --cache[22m
2025-04-14T13:48:55.3062151Z [2K[1G[2m$ eslint -c test/.eslintrc.js test/ --ext .ts --cache[22m
2025-04-14T13:48:56.0025230Z ##[endgroup]
2025-04-14T13:48:56.0030284Z ##[group]✅ > nx run @tryghost/mw-error-handler:lint
2025-04-14T13:48:56.0034408Z 
2025-04-14T13:48:56.0038798Z [2K[1G[2m$ yarn lint:code && yarn lint:test[22m
2025-04-14T13:48:56.0043382Z [2K[1G[2m$ eslint *.js lib/ --ext .js --cache[22m
2025-04-14T13:48:56.0048940Z [2K[1G[2m$ eslint -c test/.eslintrc.js test/ --ext .js --cache[22m
2025-04-14T13:48:58.7917686Z ##[endgroup]
2025-04-14T13:48:58.7919181Z ##[group]✅ > nx run @tryghost/members-api:lint
2025-04-14T13:48:58.7919873Z 
2025-04-14T13:48:58.7924625Z [2K[1G[2m$ yarn lint:code && yarn lint:test[22m
2025-04-14T13:48:58.7925806Z [2K[1G[2m$ eslint *.js lib/ --ext .js --cache[22m
2025-04-14T13:48:58.7927835Z [2K[1G[2m$ eslint -c test/.eslintrc.js test/ --ext .js --cache[22m
2025-04-14T13:48:59.2561970Z ##[endgroup]
2025-04-14T13:48:59.2564562Z ##[group]✅ > nx run @tryghost/custom-theme-settings-service:lint
2025-04-14T13:48:59.2565681Z 
2025-04-14T13:48:59.2575208Z [2K[1G[2m$ yarn lint:code && yarn lint:test[22m
2025-04-14T13:48:59.2577953Z [2K[1G[2m$ eslint *.js lib/ --ext .js --cache[22m
2025-04-14T13:48:59.2579675Z [2K[1G[2m$ eslint -c test/.eslintrc.js test/ --ext .js --cache[22m
2025-04-14T13:49:00.1710475Z ##[endgroup]
2025-04-14T13:49:00.1714154Z ##[group]✅ > nx run @tryghost/email-suppression-list:lint
2025-04-14T13:49:00.1714677Z 
2025-04-14T13:49:00.1715159Z [2K[1G[2m$ yarn lint:code && yarn lint:test[22m
2025-04-14T13:49:00.1715993Z [2K[1G[2m$ eslint *.js lib/ --ext .js --cache[22m
2025-04-14T13:49:00.1716890Z [2K[1G[2m$ eslint -c test/.eslintrc.js test/ --ext .js --cache[22m
2025-04-14T13:49:03.0875992Z ##[endgroup]
2025-04-14T13:49:03.0882224Z ##[group]✅ > nx run @tryghost/prometheus-metrics:lint
2025-04-14T13:49:03.0886392Z 
2025-04-14T13:49:03.0895766Z [2K[1G[2m$ yarn lint:code && yarn lint:test[22m
2025-04-14T13:49:03.0898978Z [2K[1G[2m$ eslint src/ --ext .ts --cache[22m
2025-04-14T13:49:03.0901937Z [2K[1G[2m$ eslint -c test/.eslintrc.js test/ --ext .ts --cache[22m
2025-04-14T13:49:05.0521057Z ##[endgroup]
2025-04-14T13:49:05.0526388Z ##[group]✅ > nx run @tryghost/link-replacer:lint
2025-04-14T13:49:05.0531972Z 
2025-04-14T13:49:05.0536389Z [2K[1G[2m$ yarn lint:code && yarn lint:test[22m
2025-04-14T13:49:05.0541094Z [2K[1G[2m$ eslint *.js lib/ --ext .js --cache[22m
2025-04-14T13:49:05.0545610Z [2K[1G[2m$ eslint -c test/.eslintrc.js test/ --ext .js --cache[22m
2025-04-14T13:49:06.0568752Z ##[endgroup]
2025-04-14T13:49:06.0571144Z ##[group]✅ > nx run @tryghost/post-revisions:lint
2025-04-14T13:49:06.0572576Z 
2025-04-14T13:49:06.0575026Z [2K[1G[2m$ yarn lint:code && yarn lint:test[22m
2025-04-14T13:49:06.0577603Z [2K[1G[2m$ eslint src/ --ext .ts --cache[22m
2025-04-14T13:49:06.0579153Z [2K[1G[2m$ eslint -c test/.eslintrc.js test/ --ext .ts --cache[22m
2025-04-14T13:49:06.7916351Z ##[endgroup]
2025-04-14T13:49:06.7925954Z ##[group]✅ > nx run @tryghost/email-service:lint
2025-04-14T13:49:06.7931545Z 
2025-04-14T13:49:06.7933854Z [2K[1G[2m$ yarn lint:code && yarn lint:test[22m
2025-04-14T13:49:06.7937375Z [2K[1G[2m$ eslint *.js lib/ --ext .js --cache[22m
2025-04-14T13:49:06.7938878Z [2K[1G[2m$ eslint -c test/.eslintrc.js test/ --ext .js --cache[22m
2025-04-14T13:49:08.6134850Z ##[endgroup]
2025-04-14T13:49:08.6141144Z ##[group]✅ > nx run @tryghost/posts-service:lint
2025-04-14T13:49:08.6152896Z 
2025-04-14T13:49:08.6162732Z [2K[1G[2m$ yarn lint:code && yarn lint:test[22m
2025-04-14T13:49:08.6168109Z [2K[1G[2m$ eslint *.js lib/ --ext .js --cache[22m
2025-04-14T13:49:08.6172987Z [2K[1G[2m$ eslint -c test/.eslintrc.js test/ --ext .js --cache[22m
2025-04-14T13:49:10.9214728Z ##[endgroup]
2025-04-14T13:49:10.9218549Z ##[group]✅ > nx run @tryghost/job-manager:lint
2025-04-14T13:49:10.9218982Z 
2025-04-14T13:49:10.9219473Z [2K[1G[2m$ yarn lint:code && yarn lint:test[22m
2025-04-14T13:49:10.9220278Z [2K[1G[2m$ eslint *.js lib/ --ext .js --cache[22m
2025-04-14T13:49:10.9221188Z [2K[1G[2m$ eslint -c test/.eslintrc.js test/ --ext .js --cache[22m
2025-04-14T13:49:10.9221820Z [0m[0m
2025-04-14T13:49:10.9222764Z [0m[4m/home/runner/work/Ghost/Ghost/ghost/job-manager/test/job-manager.test.js[24m[0m
2025-04-14T13:49:10.9224284Z [0m  [2m734:9[22m  [33mwarning[39m  Unexpected pending mocha test  [2mghost/mocha/no-pending-tests[22m[0m
2025-04-14T13:49:10.9225611Z [0m[0m
2025-04-14T13:49:10.9226326Z [0m[33m[1m✖ 1 problem (0 errors, 1 warning)[22m[39m[0m
2025-04-14T13:49:10.9227051Z [0m[33m[1m[22m[39m[0m
2025-04-14T13:49:11.4595913Z ##[endgroup]
2025-04-14T13:49:11.4598085Z ##[group]✅ > nx run @tryghost/milestones:lint
2025-04-14T13:49:11.4599999Z 
2025-04-14T13:49:11.4609828Z [2K[1G[2m$ yarn lint:code && yarn lint:test[22m
2025-04-14T13:49:11.4612181Z [2K[1G[2m$ eslint *.js lib/ --ext .js --cache[22m
2025-04-14T13:49:11.4617862Z [2K[1G[2m$ eslint -c test/.eslintrc.js test/ --ext .js --cache[22m
2025-04-14T13:49:12.8810535Z ##[endgroup]
2025-04-14T13:49:12.8816122Z ##[group]✅ > nx run @tryghost/donations:lint
2025-04-14T13:49:12.8828971Z 
2025-04-14T13:49:12.8833852Z [2K[1G[2m$ yarn lint:code && yarn lint:test[22m
2025-04-14T13:49:12.8836298Z [2K[1G[2m$ eslint src/ --ext .ts --cache[22m
2025-04-14T13:49:12.8839204Z [2K[1G[2m$ eslint -c test/.eslintrc.js test/ --ext .ts --cache[22m
2025-04-14T13:49:13.7866706Z ##[endgroup]
2025-04-14T13:49:13.7873204Z ##[group]✅ > nx run @tryghost/security:lint
2025-04-14T13:49:13.7878124Z 
2025-04-14T13:49:13.7882703Z [2K[1G[2m$ yarn lint:code && yarn lint:test[22m
2025-04-14T13:49:13.7885038Z [2K[1G[2m$ eslint *.js lib/ --ext .js --cache[22m
2025-04-14T13:49:13.7892200Z [2K[1G[2m$ eslint -c test/.eslintrc.js test/ --ext .js --cache[22m
2025-04-14T13:49:16.1350578Z ##[endgroup]
2025-04-14T13:49:16.1372266Z ##[group]✅ > nx run @tryghost/tiers:lint
2025-04-14T13:49:16.1376575Z 
2025-04-14T13:49:16.1381053Z [2K[1G[2m$ yarn lint:code && yarn lint:test[22m
2025-04-14T13:49:16.1385752Z [2K[1G[2m$ eslint *.js lib/ --ext .js --cache[22m
2025-04-14T13:49:16.1390803Z [2K[1G[2m$ eslint -c test/.eslintrc.js test/ --ext .js --cache[22m
2025-04-14T13:49:19.1999642Z ##[endgroup]
2025-04-14T13:49:19.2005416Z ##[group]✅ > nx run @tryghost/signup-form:lint
2025-04-14T13:49:19.2010062Z 
2025-04-14T13:49:19.2014710Z [2K[1G[2m$ yarn run lint:js[22m
2025-04-14T13:49:19.2019998Z [2K[1G[2m$ eslint --ext .js,.ts,.cjs,.tsx --cache src test[22m
2025-04-14T13:49:19.3997843Z ##[endgroup]
2025-04-14T13:49:19.4002775Z ##[group]✅ > nx run @tryghost/portal:lint
2025-04-14T13:49:19.4006238Z 
2025-04-14T13:49:19.4039560Z [2K[1G[2m$ eslint src --ext .js --cache[22m
2025-04-14T13:49:29.2181523Z ##[endgroup]
2025-04-14T13:49:29.2186461Z ##[group]✅ > nx run @tryghost/posts:lint
2025-04-14T13:49:29.2187115Z 
2025-04-14T13:49:29.2191587Z [2K[1G[2m$ yarn run lint:code && yarn run lint:test[22m
2025-04-14T13:49:29.2193019Z [2K[1G[2m$ eslint --ext .js,.ts,.cjs,.tsx --cache src[22m
2025-04-14T13:49:29.2194110Z [0m[0m
2025-04-14T13:49:29.2216945Z [0m[4m/home/runner/work/Ghost/Ghost/apps/posts/src/views/post-analytics/components/overview/Conversions.tsx[24m[0m
2025-04-14T13:49:29.2234420Z [0m  [2m52:49[22m  [33mwarning[39m  Classnames 'h-5, w-5' could be replaced by the 'size-5' shorthand!  [2mtailwindcss/enforces-shorthand[22m[0m
2025-04-14T13:49:29.2237672Z [0m[0m
2025-04-14T13:49:29.2238429Z [0m[33m[1m✖ 1 problem (0 errors, 1 warning)[22m[39m[0m
2025-04-14T13:49:29.2239708Z [0m[33m[1m[22m[39m[33m[1m  0 errors and 1 warning potentially fixable with the `--fix` option.[22m[39m[0m
2025-04-14T13:49:29.2240569Z [0m[33m[1m[22m[39m[0m
2025-04-14T13:49:29.2241485Z [2K[1G[2m$ eslint -c test/.eslintrc.cjs --ext .js,.ts,.cjs,.tsx --cache test[22m
2025-04-14T13:49:35.1362205Z ##[endgroup]
2025-04-14T13:49:35.1367135Z ##[group]❌ > nx run @tryghost/admin-x-settings:lint
2025-04-14T13:49:35.1371936Z 
2025-04-14T13:49:35.1372767Z [2K[1G[2m$ yarn run lint:js[22m
2025-04-14T13:49:35.1373853Z [2K[1G[2m$ eslint --ext .js,.ts,.cjs,.tsx --cache src test[22m
2025-04-14T13:49:35.1374451Z [0m[0m
2025-04-14T13:49:35.1375436Z [0m[4m/home/runner/work/Ghost/Ghost/apps/admin-x-settings/src/components/Sidebar.tsx[24m[0m
2025-04-14T13:49:35.1379089Z [0m   [2m95:28[22m  [33mwarning[39m  The ref value 'searchInputRef.current' will likely have changed by the time this effect cleanup function runs. If this ref points to a node rendered by React, copy 'searchInputRef.current' to a variable inside the effect, and use that variable in the cleanup function  [2mreact-hooks/exhaustive-deps[22m[0m
2025-04-14T13:49:35.1383283Z [0m  [2m213:43[22m  [33mwarning[39m  Classnames 'h-[18px], w-[18px]' could be replaced by the 'size-[18px]' shorthand!                                                                                                                                                                                            [2mtailwindcss/enforces-shorthand[22m[0m
2025-04-14T13:49:35.1384435Z [0m[0m
2025-04-14T13:49:35.1385665Z [0m[4m/home/runner/work/Ghost/Ghost/apps/admin-x-settings/src/components/settings/advanced/Integrations.tsx[24m[0m
2025-04-14T13:49:35.1387825Z [0m  [2m107:35[22m  [33mwarning[39m  Classnames 'h-8, w-8' could be replaced by the 'size-8' shorthand!           [2mtailwindcss/enforces-shorthand[22m[0m
2025-04-14T13:49:35.1389828Z [0m  [2m117:34[22m  [33mwarning[39m  Classnames 'h-8, w-8' could be replaced by the 'size-8' shorthand!           [2mtailwindcss/enforces-shorthand[22m[0m
2025-04-14T13:49:35.1391800Z [0m  [2m127:37[22m  [33mwarning[39m  Classnames 'h-8, w-8' could be replaced by the 'size-8' shorthand!           [2mtailwindcss/enforces-shorthand[22m[0m
2025-04-14T13:49:35.1393886Z [0m  [2m137:42[22m  [33mwarning[39m  Classnames 'h-8, w-8' could be replaced by the 'size-8' shorthand!           [2mtailwindcss/enforces-shorthand[22m[0m
2025-04-14T13:49:35.1395907Z [0m  [2m147:36[22m  [33mwarning[39m  Classnames 'h-8, w-8' could be replaced by the 'size-8' shorthand!           [2mtailwindcss/enforces-shorthand[22m[0m
2025-04-14T13:49:35.1398109Z [0m  [2m170:38[22m  [33mwarning[39m  Classnames 'h-8, w-8' could be replaced by the 'size-8' shorthand!           [2mtailwindcss/enforces-shorthand[22m[0m
2025-04-14T13:49:35.1400132Z [0m  [2m246:30[22m  [33mwarning[39m  Classnames 'h-full, w-full' could be replaced by the 'size-full' shorthand!  [2mtailwindcss/enforces-shorthand[22m[0m
2025-04-14T13:49:35.1401165Z [0m[0m
2025-04-14T13:49:35.1402792Z [0m[4m/home/runner/work/Ghost/Ghost/apps/admin-x-settings/src/components/settings/advanced/integrations/FirstPromoterModal.tsx[24m[0m
2025-04-14T13:49:35.1404930Z [0m  [2m79:29[22m  [33mwarning[39m  Classnames 'h-14, w-14' could be replaced by the 'size-14' shorthand!  [2mtailwindcss/enforces-shorthand[22m[0m
2025-04-14T13:49:35.1405885Z [0m[0m
2025-04-14T13:49:35.1407476Z [0m[4m/home/runner/work/Ghost/Ghost/apps/admin-x-settings/src/components/settings/advanced/integrations/IntegrationHeader.tsx[24m[0m
2025-04-14T13:49:35.1409612Z [0m  [2m18:18[22m  [33mwarning[39m  Classnames 'h-14, w-14' could be replaced by the 'size-14' shorthand!  [2mtailwindcss/enforces-shorthand[22m[0m
2025-04-14T13:49:35.1410582Z [0m[0m
2025-04-14T13:49:35.1412022Z [0m[4m/home/runner/work/Ghost/Ghost/apps/admin-x-settings/src/components/settings/advanced/integrations/PinturaModal.tsx[24m[0m
2025-04-14T13:49:35.1414213Z [0m  [2m111:29[22m  [33mwarning[39m  Classnames 'h-12, w-12' could be replaced by the 'size-12' shorthand!  [2mtailwindcss/enforces-shorthand[22m[0m
2025-04-14T13:49:35.1415217Z [0m[0m
2025-04-14T13:49:35.1416620Z [0m[4m/home/runner/work/Ghost/Ghost/apps/admin-x-settings/src/components/settings/advanced/integrations/SlackModal.tsx[24m[0m
2025-04-14T13:49:35.1418978Z [0m  [2m61:29[22m  [33mwarning[39m  Classnames 'h-14, w-14' could be replaced by the 'size-14' shorthand!  [2mtailwindcss/enforces-shorthand[22m[0m
2025-04-14T13:49:35.1420039Z [0m[0m
2025-04-14T13:49:35.1421501Z [0m[4m/home/runner/work/Ghost/Ghost/apps/admin-x-settings/src/components/settings/advanced/integrations/UnsplashModal.tsx[24m[0m
2025-04-14T13:49:35.1423721Z [0m  [2m61:29[22m  [33mwarning[39m  Classnames 'h-12, w-12' could be replaced by the 'size-12' shorthand!  [2mtailwindcss/enforces-shorthand[22m[0m
2025-04-14T13:49:35.1425047Z [0m[0m
2025-04-14T13:49:35.1426498Z [0m[4m/home/runner/work/Ghost/Ghost/apps/admin-x-settings/src/components/settings/advanced/integrations/ZapierModal.tsx[24m[0m
2025-04-14T13:49:35.1428951Z [0m  [2m110:35[22m  [33mwarning[39m  Classnames 'h-14, w-14' could be replaced by the 'size-14' shorthand!  [2mtailwindcss/enforces-shorthand[22m[0m
2025-04-14T13:49:35.1431118Z [0m  [2m123:42[22m  [33mwarning[39m  Classnames 'h-8, w-8' could be replaced by the 'size-8' shorthand!     [2mtailwindcss/enforces-shorthand[22m[0m
2025-04-14T13:49:35.1433217Z [0m  [2m125:42[22m  [33mwarning[39m  Classnames 'h-8, w-8' could be replaced by the 'size-8' shorthand!     [2mtailwindcss/enforces-shorthand[22m[0m
2025-04-14T13:49:35.1434256Z [0m[0m
2025-04-14T13:49:35.1435427Z [0m[4m/home/runner/work/Ghost/Ghost/apps/admin-x-settings/src/components/settings/general/Facebook.tsx[24m[0m
2025-04-14T13:49:35.1437597Z [0m  [2m67:35[22m  [33mwarning[39m  Classnames 'h-10, w-10' could be replaced by the 'size-10' shorthand!  [2mtailwindcss/enforces-shorthand[22m[0m
2025-04-14T13:49:35.1438588Z [0m[0m
2025-04-14T13:49:35.1439795Z [0m[4m/home/runner/work/Ghost/Ghost/apps/admin-x-settings/src/components/settings/general/Metadata.tsx[24m[0m
2025-04-14T13:49:35.1441615Z [0m  [2m38:30[22m  [33mwarning[39m  Classnames 'h-7, w-7' could be replaced by the 'size-7' shorthand!  [2mtailwindcss/enforces-shorthand[22m[0m
2025-04-14T13:49:35.1442537Z [0m[0m
2025-04-14T13:49:35.1443779Z [0m[4m/home/runner/work/Ghost/Ghost/apps/admin-x-settings/src/components/settings/general/UserDetailModal.tsx[24m[0m
2025-04-14T13:49:35.1445497Z [0m  [2m365:22[22m  [31merror[39m  Invalid Tailwind CSS classnames order  [2mtailwindcss/classnames-order[22m[0m
2025-04-14T13:49:35.1446292Z [0m[0m
2025-04-14T13:49:35.1447844Z [0m[4m/home/runner/work/Ghost/Ghost/apps/admin-x-settings/src/components/settings/growth/embedSignup/EmbedSignupPreview.tsx[24m[0m
2025-04-14T13:49:35.1449952Z [0m  [2m32:13[22m  [33mwarning[39m  Classnames 'h-full, w-full' could be replaced by the 'size-full' shorthand!  [2mtailwindcss/enforces-shorthand[22m[0m
2025-04-14T13:49:35.1450932Z [0m[0m
2025-04-14T13:49:35.1452458Z [0m[4m/home/runner/work/Ghost/Ghost/apps/admin-x-settings/src/components/settings/growth/offers/AddOfferModal.tsx[24m[0m
2025-04-14T13:49:35.1454513Z [0m  [2m39:22[22m  [33mwarning[39m  Classnames 'h-4, w-4' could be replaced by the 'size-4' shorthand!  [2mtailwindcss/enforces-shorthand[22m[0m
2025-04-14T13:49:35.1455467Z [0m[0m
2025-04-14T13:49:35.1457017Z [0m[4m/home/runner/work/Ghost/Ghost/apps/admin-x-settings/src/components/settings/growth/recommendations/EditRecommendationModal.tsx[24m[0m
2025-04-14T13:49:35.1459265Z [0m  [2m96:165[22m  [33mwarning[39m  Unexpected any. Specify a different type  [2m@typescript-eslint/no-explicit-any[22m[0m
2025-04-14T13:49:35.1460182Z [0m[0m
2025-04-14T13:49:35.1461677Z [0m[4m/home/runner/work/Ghost/Ghost/apps/admin-x-settings/src/components/settings/growth/recommendations/RecommendationIcon.tsx[24m[0m
2025-04-14T13:49:35.1463822Z [0m  [2m20:21[22m  [33mwarning[39m  Classnames 'h-6, w-6' could be replaced by the 'size-6' shorthand!                 [2mtailwindcss/enforces-shorthand[22m[0m
2025-04-14T13:49:35.1465845Z [0m  [2m27:14[22m  [33mwarning[39m  Classnames 'h-6, w-6' could be replaced by the 'size-6' shorthand!                 [2mtailwindcss/enforces-shorthand[22m[0m
2025-04-14T13:49:35.1468117Z [0m  [2m28:30[22m  [33mwarning[39m  Classnames 'h-6, w-6' could be replaced by the 'size-6' shorthand!                 [2mtailwindcss/enforces-shorthand[22m[0m
2025-04-14T13:49:35.1470192Z [0m  [2m29:51[22m  [33mwarning[39m  Classnames 'h-[14px], w-[14px]' could be replaced by the 'size-[14px]' shorthand!  [2mtailwindcss/enforces-shorthand[22m[0m
2025-04-14T13:49:35.1471148Z [0m[0m
2025-04-14T13:49:35.1472305Z [0m[4m/home/runner/work/Ghost/Ghost/apps/admin-x-settings/src/components/settings/membership/Tiers.tsx[24m[0m
2025-04-14T13:49:35.1474459Z [0m  [2m18:19[22m  [33mwarning[39m  Classnames 'h-2, w-2' could be replaced by the 'size-2' shorthand!  [2mtailwindcss/enforces-shorthand[22m[0m
2025-04-14T13:49:35.1475411Z [0m[0m
2025-04-14T13:49:35.1476870Z [0m[4m/home/runner/work/Ghost/Ghost/apps/admin-x-settings/src/components/settings/membership/portal/LookAndFeel.tsx[24m[0m
2025-04-14T13:49:35.1479121Z [0m  [2m96:45[22m  [33mwarning[39m  Classnames 'h-5, w-5' could be replaced by the 'size-5' shorthand!  [2mtailwindcss/enforces-shorthand[22m[0m
2025-04-14T13:49:35.1480047Z [0m[0m
2025-04-14T13:49:35.1481366Z [0m[4m/home/runner/work/Ghost/Ghost/apps/admin-x-settings/src/components/settings/membership/stripe/StripeConnectModal.tsx[24m[0m
2025-04-14T13:49:35.1483435Z [0m  [2m187:43[22m  [33mwarning[39m  Classnames 'h-16, w-16' could be replaced by the 'size-16' shorthand!  [2mtailwindcss/enforces-shorthand[22m[0m
2025-04-14T13:49:35.1485309Z [0m  [2m188:44[22m  [33mwarning[39m  Classnames 'h-16, w-16' could be replaced by the 'size-16' shorthand!  [2mtailwindcss/enforces-shorthand[22m[0m
2025-04-14T13:49:35.1487362Z [0m  [2m200:51[22m  [33mwarning[39m  Classnames 'h-4, w-4' could be replaced by the 'size-4' shorthand!     [2mtailwindcss/enforces-shorthand[22m[0m
2025-04-14T13:49:35.1488387Z [0m[0m
2025-04-14T13:49:35.1489819Z [0m[4m/home/runner/work/Ghost/Ghost/apps/admin-x-settings/src/components/settings/membership/tiers/TierDetailModal.tsx[24m[0m
2025-04-14T13:49:35.1491996Z [0m  [2m302:38[22m  [33mwarning[39m  Classnames 'h-6, w-6' could be replaced by the 'size-6' shorthand!  [2mtailwindcss/enforces-shorthand[22m[0m
2025-04-14T13:49:35.1493015Z [0m[0m
2025-04-14T13:49:35.1494375Z [0m[4m/home/runner/work/Ghost/Ghost/apps/admin-x-settings/src/components/settings/membership/tiers/TiersList.tsx[24m[0m
2025-04-14T13:49:35.1496579Z [0m  [2m79:26[22m  [33mwarning[39m  Classnames 'h-full, w-full' could be replaced by the 'size-full' shorthand!  [2mtailwindcss/enforces-shorthand[22m[0m
2025-04-14T13:49:35.1497846Z [0m[0m
2025-04-14T13:49:35.1499038Z [0m[4m/home/runner/work/Ghost/Ghost/apps/admin-x-settings/src/components/settings/site/ThemeModal.tsx[24m[0m
2025-04-14T13:49:35.1501212Z [0m  [2m155:49[22m  [33mwarning[39m  Unexpected any. Specify a different type  [2m@typescript-eslint/no-explicit-any[22m[0m
2025-04-14T13:49:35.1502139Z [0m[0m
2025-04-14T13:49:35.1503611Z [0m[4m/home/runner/work/Ghost/Ghost/apps/admin-x-settings/src/components/settings/site/announcementBar/AnnouncementBarPreview.tsx[24m[0m
2025-04-14T13:49:35.1506030Z [0m  [2m74:13[22m  [33mwarning[39m  Classnames 'h-[110%], w-[110%]' could be replaced by the 'size-[110%]' shorthand!                                         [2mtailwindcss/enforces-shorthand[22m[0m
2025-04-14T13:49:35.1508649Z [0m  [2m74:13[22m  [33mwarning[39m  Classnames 'max-[1600px]:h-[130%], max-[1600px]:w-[130%]' could be replaced by the 'max-[1600px]:size-[130%]' shorthand!  [2mtailwindcss/enforces-shorthand[22m[0m
2025-04-14T13:49:35.1509844Z [0m[0m
2025-04-14T13:49:35.1511306Z [0m[4m/home/runner/work/Ghost/Ghost/apps/admin-x-settings/src/components/settings/site/designAndBranding/GlobalSettings.tsx[24m[0m
2025-04-14T13:49:35.1513473Z [0m   [2m59:22[22m  [33mwarning[39m  Classnames 'h-12, w-12' could be replaced by the 'size-12' shorthand!  [2mtailwindcss/enforces-shorthand[22m[0m
2025-04-14T13:49:35.1515472Z [0m   [2m73:22[22m  [33mwarning[39m  Classnames 'h-12, w-12' could be replaced by the 'size-12' shorthand!  [2mtailwindcss/enforces-shorthand[22m[0m
2025-04-14T13:49:35.1517610Z [0m  [2m289:48[22m  [33mwarning[39m  Unexpected any. Specify a different type                               [2m@typescript-eslint/no-explicit-any[22m[0m
2025-04-14T13:49:35.1518630Z [0m[0m
2025-04-14T13:49:35.1520134Z [0m[4m/home/runner/work/Ghost/Ghost/apps/admin-x-settings/src/components/settings/site/designAndBranding/ThemePreview.tsx[24m[0m
2025-04-14T13:49:35.1522860Z [0m  [2m116:13[22m  [33mwarning[39m  Classnames 'h-[110%], w-[110%]' could be replaced by the 'size-[110%]' shorthand!                                         [2mtailwindcss/enforces-shorthand[22m[0m
2025-04-14T13:49:35.1525421Z [0m  [2m116:13[22m  [33mwarning[39m  Classnames 'max-[1600px]:h-[130%], max-[1600px]:w-[130%]' could be replaced by the 'max-[1600px]:size-[130%]' shorthand!  [2mtailwindcss/enforces-shorthand[22m[0m
2025-04-14T13:49:35.1526626Z [0m[0m
2025-04-14T13:49:35.1528306Z [0m[4m/home/runner/work/Ghost/Ghost/apps/admin-x-settings/src/components/settings/site/theme/AdvancedThemeSettings.tsx[24m[0m
2025-04-14T13:49:35.1530284Z [0m  [2m67:49[22m  [33mwarning[39m  Unexpected any. Specify a different type  [2m@typescript-eslint/no-explicit-any[22m[0m
2025-04-14T13:49:35.1531174Z [0m[0m
2025-04-14T13:49:35.1532537Z [0m[4m/home/runner/work/Ghost/Ghost/apps/admin-x-settings/src/components/settings/site/theme/InvalidThemeModal.tsx[24m[0m
2025-04-14T13:49:35.1534802Z [0m  [2m24:22[22m  [33mwarning[39m  Classnames 'before:h-2, before:w-2' could be replaced by the 'before:size-2' shorthand!  [2mtailwindcss/enforces-shorthand[22m[0m
2025-04-14T13:49:35.1535921Z [0m[0m
2025-04-14T13:49:35.1537438Z [0m[4m/home/runner/work/Ghost/Ghost/apps/admin-x-settings/src/components/settings/site/theme/OfficialThemes.tsx[24m[0m
2025-04-14T13:49:35.1539511Z [0m  [2m76:60[22m  [33mwarning[39m  Classnames 'h-full, w-full' could be replaced by the 'size-full' shorthand!  [2mtailwindcss/enforces-shorthand[22m[0m
2025-04-14T13:49:35.1541512Z [0m  [2m89:41[22m  [33mwarning[39m  Classnames 'h-full, w-full' could be replaced by the 'size-full' shorthand!  [2mtailwindcss/enforces-shorthand[22m[0m
2025-04-14T13:49:35.1542500Z [0m[0m
2025-04-14T13:49:35.1543844Z [0m[4m/home/runner/work/Ghost/Ghost/apps/admin-x-settings/src/components/settings/site/theme/ThemeInstalledModal.tsx[24m[0m
2025-04-14T13:49:35.1545992Z [0m  [2m14:22[22m  [33mwarning[39m  Classnames 'before:h-2, before:w-2' could be replaced by the 'before:size-2' shorthand!  [2mtailwindcss/enforces-shorthand[22m[0m
2025-04-14T13:49:35.1547050Z [0m[0m
2025-04-14T13:49:35.1548687Z [0m[4m/home/runner/work/Ghost/Ghost/apps/admin-x-settings/src/components/settings/site/theme/ThemePreview.tsx[24m[0m
2025-04-14T13:49:35.1550695Z [0m  [2m168:29[22m  [33mwarning[39m  Classnames 'h-full, w-full' could be replaced by the 'size-full' shorthand!  [2mtailwindcss/enforces-shorthand[22m[0m
2025-04-14T13:49:35.1552792Z [0m  [2m176:29[22m  [33mwarning[39m  Classnames 'h-full, w-full' could be replaced by the 'size-full' shorthand!  [2mtailwindcss/enforces-shorthand[22m[0m
2025-04-14T13:49:35.1553811Z [0m[0m
2025-04-14T13:49:35.1554848Z [0m[4m/home/runner/work/Ghost/Ghost/apps/admin-x-settings/src/utils/linkToGithubReleases.ts[24m[0m
2025-04-14T13:49:35.1556426Z [0m  [2m15:88[22m  [33mwarning[39m  Unexpected any. Specify a different type  [2m@typescript-eslint/no-explicit-any[22m[0m
2025-04-14T13:49:35.1557489Z [0m[0m
2025-04-14T13:49:35.1558187Z [0m[31m[1m✖ 50 problems (1 error, 49 warnings)[22m[39m[0m
2025-04-14T13:49:35.1559411Z [0m[31m[1m[22m[39m[31m[1m  1 error and 43 warnings potentially fixable with the `--fix` option.[22m[39m[0m
2025-04-14T13:49:35.1560304Z [0m[31m[1m[22m[39m[0m
2025-04-14T13:49:35.1560983Z [2K[1G[31merror[39m Command failed with exit code 1.
2025-04-14T13:49:35.1562232Z [2K[1G[34minfo[39m Visit [1mhttps://yarnpkg.com/en/docs/cli/run[22m for documentation about this command.
2025-04-14T13:49:35.1563325Z [2K[1G[31merror[39m Command failed with exit code 1.
2025-04-14T13:49:35.1564585Z [2K[1G[34minfo[39m Visit [1mhttps://yarnpkg.com/en/docs/cli/run[22m for documentation about this command.
2025-04-14T13:49:44.2517072Z ##[endgroup]
2025-04-14T13:49:44.2526894Z ##[group]✅ > nx run @tryghost/admin-x-demo:lint
2025-04-14T13:49:44.2531330Z 
2025-04-14T13:49:44.2536005Z [2K[1G[2m$ yarn run lint:code && yarn run lint:test[22m
2025-04-14T13:49:44.2540900Z [2K[1G[2m$ eslint --ext .js,.ts,.cjs,.tsx --cache src[22m
2025-04-14T13:49:44.2545179Z [0m[0m
2025-04-14T13:49:44.2549997Z [0m[4m/home/runner/work/Ghost/Ghost/apps/admin-x-demo/src/DetailPage.tsx[24m[0m
2025-04-14T13:49:44.2555635Z [0m  [2m113:34[22m  [33mwarning[39m  Classnames 'h-16, w-16' could be replaced by the 'size-16' shorthand!  [2mtailwindcss/enforces-shorthand[22m[0m
2025-04-14T13:49:44.2560696Z [0m[0m
2025-04-14T13:49:44.2566797Z [0m[33m[1m✖ 1 problem (0 errors, 1 warning)[22m[39m[0m
2025-04-14T13:49:44.2571901Z [0m[33m[1m[22m[39m[33m[1m  0 errors and 1 warning potentially fixable with the `--fix` option.[22m[39m[0m
2025-04-14T13:49:44.2578674Z [0m[33m[1m[22m[39m[0m
2025-04-14T13:49:44.2579643Z [2K[1G[2m$ eslint -c test/.eslintrc.cjs --ext .js,.ts,.cjs,.tsx --cache test[22m
2025-04-14T13:49:44.5505525Z ##[endgroup]
2025-04-14T13:49:44.5506828Z ##[group]✅ > nx run @tryghost/admin-x-activitypub:lint
2025-04-14T13:49:44.5507581Z 
2025-04-14T13:49:44.5510841Z [2K[1G[2m$ yarn run lint:code && yarn run lint:test[22m
2025-04-14T13:49:44.5511740Z [2K[1G[2m$ eslint --ext .js,.ts,.cjs,.tsx --cache src[22m
2025-04-14T13:49:44.5512312Z [0m[0m
2025-04-14T13:49:44.5513600Z [0m[4m/home/runner/work/Ghost/Ghost/apps/admin-x-activitypub/src/components/activities/NotificationIcon.tsx[24m[0m
2025-04-14T13:49:44.5515840Z [0m  [2m40:14[22m  [33mwarning[39m  Classnames 'h-10, w-10' could be replaced by the 'size-10' shorthand!  [2mtailwindcss/enforces-shorthand[22m[0m
2025-04-14T13:49:44.5516950Z [0m[0m
2025-04-14T13:49:44.5518442Z [0m[4m/home/runner/work/Ghost/Ghost/apps/admin-x-activitypub/src/components/layout/Onboarding/Step1.tsx[24m[0m
2025-04-14T13:49:44.5520634Z [0m  [2m71:45[22m  [33mwarning[39m  Classnames 'h-6, w-6' could be replaced by the 'size-6' shorthand!                          [2mtailwindcss/enforces-shorthand[22m[0m
2025-04-14T13:49:44.5522815Z [0m  [2m89:34[22m  [33mwarning[39m  Classnames '[&>*]:h-5, [&>*]:w-5' could be replaced by the '[&>*]:size-5' shorthand!        [2mtailwindcss/enforces-shorthand[22m[0m
2025-04-14T13:49:44.5525355Z [0m  [2m89:34[22m  [33mwarning[39m  Classnames '[&_img]:h-5, [&_img]:w-5' could be replaced by the '[&_img]:size-5' shorthand!  [2mtailwindcss/enforces-shorthand[22m[0m
2025-04-14T13:49:44.5526498Z [0m[0m
2025-04-14T13:49:44.5528042Z [0m[4m/home/runner/work/Ghost/Ghost/apps/admin-x-activitypub/src/components/layout/Onboarding/Step2.tsx[24m[0m
2025-04-14T13:49:44.5530157Z [0m   [2m20:25[22m  [33mwarning[39m  Classnames 'h-9, w-9' could be replaced by the 'size-9' shorthand!           [2mtailwindcss/enforces-shorthand[22m[0m
2025-04-14T13:49:44.5532223Z [0m   [2m50:22[22m  [33mwarning[39m  Classnames 'h-9, w-9' could be replaced by the 'size-9' shorthand!           [2mtailwindcss/enforces-shorthand[22m[0m
2025-04-14T13:49:44.5534509Z [0m   [2m71:14[22m  [33mwarning[39m  Classnames 'h-full, w-full' could be replaced by the 'size-full' shorthand!  [2mtailwindcss/enforces-shorthand[22m[0m
2025-04-14T13:49:44.5536763Z [0m   [2m98:45[22m  [33mwarning[39m  Classnames 'h-9, w-9' could be replaced by the 'size-9' shorthand!           [2mtailwindcss/enforces-shorthand[22m[0m
2025-04-14T13:49:44.5539146Z [0m  [2m102:45[22m  [33mwarning[39m  Classnames 'h-9, w-9' could be replaced by the 'size-9' shorthand!           [2mtailwindcss/enforces-shorthand[22m[0m
2025-04-14T13:49:44.5541390Z [0m  [2m106:45[22m  [33mwarning[39m  Classnames 'h-9, w-9' could be replaced by the 'size-9' shorthand!           [2mtailwindcss/enforces-shorthand[22m[0m
2025-04-14T13:49:44.5543694Z [0m  [2m119:45[22m  [33mwarning[39m  Classnames 'h-9, w-9' could be replaced by the 'size-9' shorthand!           [2mtailwindcss/enforces-shorthand[22m[0m
2025-04-14T13:49:44.5546058Z [0m  [2m123:45[22m  [33mwarning[39m  Classnames 'h-9, w-9' could be replaced by the 'size-9' shorthand!           [2mtailwindcss/enforces-shorthand[22m[0m
2025-04-14T13:49:44.5548932Z [0m  [2m127:45[22m  [33mwarning[39m  Classnames 'h-9, w-9' could be replaced by the 'size-9' shorthand!           [2mtailwindcss/enforces-shorthand[22m[0m
2025-04-14T13:49:44.5551331Z [0m  [2m131:45[22m  [33mwarning[39m  Classnames 'h-9, w-9' could be replaced by the 'size-9' shorthand!           [2mtailwindcss/enforces-shorthand[22m[0m
2025-04-14T13:49:44.5553520Z [0m  [2m135:45[22m  [33mwarning[39m  Classnames 'h-9, w-9' could be replaced by the 'size-9' shorthand!           [2mtailwindcss/enforces-shorthand[22m[0m
2025-04-14T13:49:44.5599200Z [0m  [2m144:45[22m  [33mwarning[39m  Classnames 'h-9, w-9' could be replaced by the 'size-9' shorthand!           [2mtailwindcss/enforces-shorthand[22m[0m
2025-04-14T13:49:44.5610489Z [0m  [2m148:45[22m  [33mwarning[39m  Classnames 'h-9, w-9' could be replaced by the 'size-9' shorthand!           [2mtailwindcss/enforces-shorthand[22m[0m
2025-04-14T13:49:44.5646315Z [0m[0m
2025-04-14T13:49:44.5647923Z [0m[4m/home/runner/work/Ghost/Ghost/apps/admin-x-activitypub/src/components/layout/Onboarding/Step3.tsx[24m[0m
2025-04-14T13:49:44.5650018Z [0m  [2m134:42[22m  [33mwarning[39m  Classnames 'h-4, w-4' could be replaced by the 'size-4' shorthand!           [2mtailwindcss/enforces-shorthand[22m[0m
2025-04-14T13:49:44.5652098Z [0m  [2m219:33[22m  [33mwarning[39m  Classnames 'h-9, w-9' could be replaced by the 'size-9' shorthand!           [2mtailwindcss/enforces-shorthand[22m[0m
2025-04-14T13:49:44.5654233Z [0m  [2m228:38[22m  [33mwarning[39m  Classnames 'h-9, w-9' could be replaced by the 'size-9' shorthand!           [2mtailwindcss/enforces-shorthand[22m[0m
2025-04-14T13:49:44.5656341Z [0m  [2m271:26[22m  [33mwarning[39m  Classnames 'h-9, w-9' could be replaced by the 'size-9' shorthand!           [2mtailwindcss/enforces-shorthand[22m[0m
2025-04-14T13:49:44.5688213Z [0m  [2m324:14[22m  [33mwarning[39m  Classnames 'h-full, w-full' could be replaced by the 'size-full' shorthand!  [2mtailwindcss/enforces-shorthand[22m[0m
2025-04-14T13:49:44.5690523Z [0m  [2m372:34[22m  [33mwarning[39m  Classnames 'h-2, w-2' could be replaced by the 'size-2' shorthand!           [2mtailwindcss/enforces-shorthand[22m[0m
2025-04-14T13:49:44.5693267Z [0m  [2m373:34[22m  [33mwarning[39m  Classnames 'h-2, w-2' could be replaced by the 'size-2' shorthand!           [2mtailwindcss/enforces-shorthand[22m[0m
2025-04-14T13:49:44.5695488Z [0m  [2m374:34[22m  [33mwarning[39m  Classnames 'h-2, w-2' could be replaced by the 'size-2' shorthand!           [2mtailwindcss/enforces-shorthand[22m[0m
2025-04-14T13:49:44.5696607Z [0m[0m
2025-04-14T13:49:44.5697590Z [0m[33m[1m✖ 25 problems (0 errors, 25 warnings)[22m[39m[0m
2025-04-14T13:49:44.5699025Z [0m[33m[1m[22m[39m[33m[1m  0 errors and 25 warnings potentially fixable with the `--fix` option.[22m[39m[0m
2025-04-14T13:49:44.5699979Z [0m[33m[1m[22m[39m[0m
2025-04-14T13:49:44.5700917Z [2K[1G[2m$ eslint -c test/.eslintrc.cjs --ext .js,.ts,.cjs,.tsx --cache test[22m
2025-04-14T13:49:47.5804239Z ##[endgroup]
2025-04-14T13:49:47.5805446Z ##[group]✅ > nx run @tryghost/announcement-bar:lint
2025-04-14T13:49:47.5805886Z 
2025-04-14T13:49:47.5806390Z [2K[1G[2m$ eslint src --ext .js --cache[22m
2025-04-14T13:49:53.1091479Z ##[endgroup]
2025-04-14T13:49:53.1092446Z ##[group]✅ > nx run @tryghost/stats:lint
2025-04-14T13:49:53.1092842Z 
2025-04-14T13:49:53.1093371Z [2K[1G[2m$ yarn run lint:code && yarn run lint:test[22m
2025-04-14T13:49:53.1094232Z [2K[1G[2m$ eslint --ext .js,.ts,.cjs,.tsx --cache src[22m
2025-04-14T13:49:53.1095266Z [2K[1G[2m$ eslint -c test/.eslintrc.cjs --ext .js,.ts,.cjs,.tsx --cache test[22m
2025-04-14T13:49:56.6277348Z ##[endgroup]
2025-04-14T13:49:56.6278406Z ##[group]✅ > nx run @tryghost/comments-ui:lint
2025-04-14T13:49:56.6278848Z 
2025-04-14T13:49:56.6279427Z [2K[1G[2m$ eslint src --ext .js,.ts,.jsx,.tsx --cache[22m
2025-04-14T13:49:56.6280397Z [0m[0m
2025-04-14T13:49:56.6281291Z [0m[4m/home/runner/work/Ghost/Ghost/apps/comments-ui/src/AppContext.ts[24m[0m
2025-04-14T13:49:56.6282935Z [0m   [2m70:20[22m   [33mwarning[39m  Unexpected any. Specify a different type  [2m@typescript-eslint/no-explicit-any[22m[0m
2025-04-14T13:49:56.6284800Z [0m   [2m71:19[22m   [33mwarning[39m  Unexpected any. Specify a different type  [2m@typescript-eslint/no-explicit-any[22m[0m
2025-04-14T13:49:56.6286672Z [0m   [2m95:150[22m  [33mwarning[39m  Unexpected any. Specify a different type  [2m@typescript-eslint/no-explicit-any[22m[0m
2025-04-14T13:49:56.6288755Z [0m   [2m95:224[22m  [33mwarning[39m  Unexpected any. Specify a different type  [2m@typescript-eslint/no-explicit-any[22m[0m
2025-04-14T13:49:56.6290637Z [0m  [2m101:69[22m   [33mwarning[39m  Unexpected any. Specify a different type  [2m@typescript-eslint/no-explicit-any[22m[0m
2025-04-14T13:49:56.6291622Z [0m[0m
2025-04-14T13:49:56.6292551Z [0m[4m/home/runner/work/Ghost/Ghost/apps/comments-ui/src/actions.ts[24m[0m
2025-04-14T13:49:56.6294183Z [0m   [2m58:138[22m  [33mwarning[39m  Unexpected any. Specify a different type  [2m@typescript-eslint/no-explicit-any[22m[0m
2025-04-14T13:49:56.6295989Z [0m   [2m90:119[22m  [33mwarning[39m  Unexpected any. Specify a different type  [2m@typescript-eslint/no-explicit-any[22m[0m
2025-04-14T13:49:56.6304403Z [0m   [2m90:132[22m  [33mwarning[39m  Unexpected any. Specify a different type  [2m@typescript-eslint/no-explicit-any[22m[0m
2025-04-14T13:49:56.6306278Z [0m  [2m120:90[22m   [33mwarning[39m  Unexpected any. Specify a different type  [2m@typescript-eslint/no-explicit-any[22m[0m
2025-04-14T13:49:56.6308296Z [0m  [2m154:110[22m  [33mwarning[39m  Unexpected any. Specify a different type  [2m@typescript-eslint/no-explicit-any[22m[0m
2025-04-14T13:49:56.6310088Z [0m  [2m488:30[22m   [33mwarning[39m  Unexpected any. Specify a different type  [2m@typescript-eslint/no-explicit-any[22m[0m
2025-04-14T13:49:56.6311873Z [0m  [2m492:127[22m  [33mwarning[39m  Unexpected any. Specify a different type  [2m@typescript-eslint/no-explicit-any[22m[0m
2025-04-14T13:49:56.6313969Z [0m  [2m495:87[22m   [33mwarning[39m  Unexpected any. Specify a different type  [2m@typescript-eslint/no-explicit-any[22m[0m
2025-04-14T13:49:56.6315708Z [0m  [2m501:113[22m  [33mwarning[39m  Unexpected any. Specify a different type  [2m@typescript-eslint/no-explicit-any[22m[0m
2025-04-14T13:49:56.6317593Z [0m  [2m505:65[22m   [33mwarning[39m  Unexpected any. Specify a different type  [2m@typescript-eslint/no-explicit-any[22m[0m
2025-04-14T13:49:56.6318474Z [0m[0m
2025-04-14T13:49:56.6319387Z [0m[4m/home/runner/work/Ghost/Ghost/apps/comments-ui/src/components/Frame.tsx[24m[0m
2025-04-14T13:49:56.6320971Z [0m  [2m60:41[22m  [33mwarning[39m  Unexpected any. Specify a different type  [2m@typescript-eslint/no-explicit-any[22m[0m
2025-04-14T13:49:56.6321849Z [0m[0m
2025-04-14T13:49:56.6322741Z [0m[4m/home/runner/work/Ghost/Ghost/apps/comments-ui/src/components/IFrame.tsx[24m[0m
2025-04-14T13:49:56.6324304Z [0m   [2m7:32[22m  [33mwarning[39m  Unexpected any. Specify a different type  [2m@typescript-eslint/no-explicit-any[22m[0m
2025-04-14T13:49:56.6325965Z [0m   [2m8:11[22m  [33mwarning[39m  Unexpected any. Specify a different type  [2m@typescript-eslint/no-explicit-any[22m[0m
2025-04-14T13:49:56.6327805Z [0m   [2m9:17[22m  [33mwarning[39m  Unexpected any. Specify a different type  [2m@typescript-eslint/no-explicit-any[22m[0m
2025-04-14T13:49:56.6329508Z [0m  [2m10:17[22m  [33mwarning[39m  Unexpected any. Specify a different type  [2m@typescript-eslint/no-explicit-any[22m[0m
2025-04-14T13:49:56.6331174Z [0m  [2m11:17[22m  [33mwarning[39m  Unexpected any. Specify a different type  [2m@typescript-eslint/no-explicit-any[22m[0m
2025-04-14T13:49:56.6332844Z [0m  [2m13:73[22m  [33mwarning[39m  Unexpected any. Specify a different type  [2m@typescript-eslint/no-explicit-any[22m[0m
2025-04-14T13:49:56.6334818Z [0m  [2m60:19[22m  [33mwarning[39m  Unexpected any. Specify a different type  [2m@typescript-eslint/no-explicit-any[22m[0m
2025-04-14T13:49:56.6336531Z [0m  [2m78:48[22m  [33mwarning[39m  Unexpected any. Specify a different type  [2m@typescript-eslint/no-explicit-any[22m[0m
2025-04-14T13:49:56.6337794Z [0m[0m
2025-04-14T13:49:56.6338712Z [0m[4m/home/runner/work/Ghost/Ghost/apps/comments-ui/src/components/PopupBox.tsx[24m[0m
2025-04-14T13:49:56.6340320Z [0m  [2m54:50[22m  [33mwarning[39m  Unexpected any. Specify a different type  [2m@typescript-eslint/no-explicit-any[22m[0m
2025-04-14T13:49:56.6341247Z [0m[0m
2025-04-14T13:49:56.6342215Z [0m[4m/home/runner/work/Ghost/Ghost/apps/comments-ui/src/components/content/Avatar.tsx[24m[0m
2025-04-14T13:49:56.6343940Z [0m  [2m14:29[22m  [33mwarning[39m  Classnames 'h-7, w-7' could be replaced by the 'size-7' shorthand!  [2mtailwindcss/enforces-shorthand[22m[0m
2025-04-14T13:49:56.6344910Z [0m[0m
2025-04-14T13:49:56.6345932Z [0m[4m/home/runner/work/Ghost/Ghost/apps/comments-ui/src/components/content/Loading.tsx[24m[0m
2025-04-14T13:49:56.6347934Z [0m  [2m6:26[22m  [33mwarning[39m  Classnames 'h-12, w-12' could be replaced by the 'size-12' shorthand!  [2mtailwindcss/enforces-shorthand[22m[0m
2025-04-14T13:49:56.6348928Z [0m[0m
2025-04-14T13:49:56.6350221Z [0m[4m/home/runner/work/Ghost/Ghost/apps/comments-ui/src/components/content/context-menus/CommentContextMenu.tsx[24m[0m
2025-04-14T13:49:56.6352115Z [0m  [2m42:78[22m  [33mwarning[39m  Unexpected any. Specify a different type  [2m@typescript-eslint/no-explicit-any[22m[0m
2025-04-14T13:49:56.6353867Z [0m  [2m44:78[22m  [33mwarning[39m  Unexpected any. Specify a different type  [2m@typescript-eslint/no-explicit-any[22m[0m
2025-04-14T13:49:56.6355607Z [0m  [2m60:80[22m  [33mwarning[39m  Unexpected any. Specify a different type  [2m@typescript-eslint/no-explicit-any[22m[0m
2025-04-14T13:49:56.6356576Z [0m[0m
2025-04-14T13:49:56.6357832Z [0m[4m/home/runner/work/Ghost/Ghost/apps/comments-ui/src/components/content/forms/Form.tsx[24m[0m
2025-04-14T13:49:56.6360097Z [0m   [2m57:35[22m  [33mwarning[39m  Classnames 'h-[24px], w-[24px]' could be replaced by the 'size-[24px]' shorthand!  [2mtailwindcss/enforces-shorthand[22m[0m
2025-04-14T13:49:56.6362199Z [0m  [2m128:87[22m  [33mwarning[39m  Unexpected any. Specify a different type                                           [2m@typescript-eslint/no-explicit-any[22m[0m
2025-04-14T13:49:56.6364240Z [0m  [2m203:49[22m  [33mwarning[39m  Classnames 'h-[12px], w-[12px]' could be replaced by the 'size-[12px]' shorthand!  [2mtailwindcss/enforces-shorthand[22m[0m
2025-04-14T13:49:56.6365297Z [0m[0m
2025-04-14T13:49:56.6366401Z [0m[4m/home/runner/work/Ghost/Ghost/apps/comments-ui/src/components/content/forms/MainForm.tsx[24m[0m
2025-04-14T13:49:56.6368530Z [0m  [2m80:87[22m  [33mwarning[39m  Unexpected any. Specify a different type  [2m@typescript-eslint/no-explicit-any[22m[0m
2025-04-14T13:49:56.6369467Z [0m[0m
2025-04-14T13:49:56.6370634Z [0m[4m/home/runner/work/Ghost/Ghost/apps/comments-ui/src/components/content/forms/SortingForm.tsx[24m[0m
2025-04-14T13:49:56.6372556Z [0m  [2m37:78[22m  [33mwarning[39m  Unexpected any. Specify a different type                            [2m@typescript-eslint/no-explicit-any[22m[0m
2025-04-14T13:49:56.6374511Z [0m  [2m39:78[22m  [33mwarning[39m  Unexpected any. Specify a different type                            [2m@typescript-eslint/no-explicit-any[22m[0m
2025-04-14T13:49:56.6376434Z [0m  [2m57:23[22m  [33mwarning[39m  Classnames 'h-2, w-2' could be replaced by the 'size-2' shorthand!  [2mtailwindcss/enforces-shorthand[22m[0m
2025-04-14T13:49:56.6377623Z [0m[0m
2025-04-14T13:49:56.6378762Z [0m[4m/home/runner/work/Ghost/Ghost/apps/comments-ui/src/components/popups/AddDetailsPopup.tsx[24m[0m
2025-04-14T13:49:56.6381033Z [0m  [2m83:30[22m  [33mwarning[39m  Classnames 'h-10, w-10' could be replaced by the 'size-10' shorthand!  [2mtailwindcss/enforces-shorthand[22m[0m
2025-04-14T13:49:56.6381931Z [0m[0m
2025-04-14T13:49:56.6382889Z [0m[4m/home/runner/work/Ghost/Ghost/apps/comments-ui/src/components/popups/CloseButton.tsx[24m[0m
2025-04-14T13:49:56.6384391Z [0m  [2m10:24[22m  [33mwarning[39m  Classnames 'h-5, w-5' could be replaced by the 'size-5' shorthand!  [2mtailwindcss/enforces-shorthand[22m[0m
2025-04-14T13:49:56.6385347Z [0m[0m
2025-04-14T13:49:56.6386384Z [0m[4m/home/runner/work/Ghost/Ghost/apps/comments-ui/src/components/popups/DeletePopup.tsx[24m[0m
2025-04-14T13:49:56.6388368Z [0m  [2m27:38[22m  [33mwarning[39m  Classnames 'h-[24px], w-[24px]' could be replaced by the 'size-[24px]' shorthand!  [2mtailwindcss/enforces-shorthand[22m[0m
2025-04-14T13:49:56.6390298Z [0m  [2m28:38[22m  [33mwarning[39m  Classnames 'h-[16px], w-[16px]' could be replaced by the 'size-[16px]' shorthand!  [2mtailwindcss/enforces-shorthand[22m[0m
2025-04-14T13:49:56.6391268Z [0m[0m
2025-04-14T13:49:56.6392279Z [0m[4m/home/runner/work/Ghost/Ghost/apps/comments-ui/src/components/popups/GenericPopup.tsx[24m[0m
2025-04-14T13:49:56.6393886Z [0m  [2m32:80[22m  [33mwarning[39m  Unexpected any. Specify a different type  [2m@typescript-eslint/no-explicit-any[22m[0m
2025-04-14T13:49:56.6394721Z [0m[0m
2025-04-14T13:49:56.6395752Z [0m[4m/home/runner/work/Ghost/Ghost/apps/comments-ui/src/components/popups/ReportPopup.tsx[24m[0m
2025-04-14T13:49:56.6397819Z [0m  [2m26:38[22m  [33mwarning[39m  Classnames 'h-[24px], w-[24px]' could be replaced by the 'size-[24px]' shorthand!  [2mtailwindcss/enforces-shorthand[22m[0m
2025-04-14T13:49:56.6399804Z [0m  [2m27:38[22m  [33mwarning[39m  Classnames 'h-[16px], w-[16px]' could be replaced by the 'size-[16px]' shorthand!  [2mtailwindcss/enforces-shorthand[22m[0m
2025-04-14T13:49:56.6400754Z [0m[0m
2025-04-14T13:49:56.6401562Z [0m[4m/home/runner/work/Ghost/Ghost/apps/comments-ui/src/utils/adminApi.ts[24m[0m
2025-04-14T13:49:56.6403019Z [0m   [2m4:69[22m  [33mwarning[39m  Unexpected any. Specify a different type  [2m@typescript-eslint/no-explicit-any[22m[0m
2025-04-14T13:49:56.6404847Z [0m  [2m33:45[22m  [33mwarning[39m  Unexpected any. Specify a different type  [2m@typescript-eslint/no-explicit-any[22m[0m
2025-04-14T13:49:56.6406497Z [0m  [2m33:59[22m  [33mwarning[39m  Unexpected any. Specify a different type  [2m@typescript-eslint/no-explicit-any[22m[0m
2025-04-14T13:49:56.6408269Z [0m  [2m35:62[22m  [33mwarning[39m  Unexpected any. Specify a different type  [2m@typescript-eslint/no-explicit-any[22m[0m
2025-04-14T13:49:56.6409110Z [0m[0m
2025-04-14T13:49:56.6409952Z [0m[4m/home/runner/work/Ghost/Ghost/apps/comments-ui/src/utils/api.test.ts[24m[0m
2025-04-14T13:49:56.6411446Z [0m   [2m9:10[22m  [33mwarning[39m  Unexpected any. Specify a different type  [2m@typescript-eslint/no-explicit-any[22m[0m
2025-04-14T13:49:56.6413013Z [0m  [2m32:10[22m  [33mwarning[39m  Unexpected any. Specify a different type  [2m@typescript-eslint/no-explicit-any[22m[0m
2025-04-14T13:49:56.6413844Z [0m[0m
2025-04-14T13:49:56.6414603Z [0m[4m/home/runner/work/Ghost/Ghost/apps/comments-ui/src/utils/api.ts[24m[0m
2025-04-14T13:49:56.6416114Z [0m   [2m20:147[22m  [33mwarning[39m  Unexpected any. Specify a different type  [2m@typescript-eslint/no-explicit-any[22m[0m
2025-04-14T13:49:56.6417877Z [0m   [2m20:166[22m  [33mwarning[39m  Unexpected any. Specify a different type  [2m@typescript-eslint/no-explicit-any[22m[0m
2025-04-14T13:49:56.6419432Z [0m   [2m20:178[22m  [33mwarning[39m  Unexpected any. Specify a different type  [2m@typescript-eslint/no-explicit-any[22m[0m
2025-04-14T13:49:56.6421077Z [0m  [2m293:53[22m   [33mwarning[39m  Unexpected any. Specify a different type  [2m@typescript-eslint/no-explicit-any[22m[0m
2025-04-14T13:49:56.6422702Z [0m  [2m293:64[22m   [33mwarning[39m  Unexpected any. Specify a different type  [2m@typescript-eslint/no-explicit-any[22m[0m
2025-04-14T13:49:56.6423774Z [0m[0m
2025-04-14T13:49:56.6424444Z [0m[33m[1m✖ 55 problems (0 errors, 55 warnings)[22m[39m[0m
2025-04-14T13:49:56.6425635Z [0m[33m[1m[22m[39m[33m[1m  0 errors and 11 warnings potentially fixable with the `--fix` option.[22m[39m[0m
2025-04-14T13:49:56.6426412Z [0m[33m[1m[22m[39m[0m
2025-04-14T13:49:56.7320577Z ##[endgroup]
2025-04-14T13:49:56.7332108Z ##[group]✅ > nx run @tryghost/sodo-search:lint
2025-04-14T13:49:56.7332576Z 
2025-04-14T13:49:56.7333084Z [2K[1G[2m$ eslint src --ext .js --cache[22m
2025-04-14T13:50:09.5659673Z ##[endgroup]
2025-04-14T13:50:09.5664862Z ##[group]✅ > nx run ghost:lint
2025-04-14T13:50:09.5665416Z 
2025-04-14T13:50:09.5666420Z [2K[1G[33mwarning[39m ghost@5.116.2: The engine "cli" appears to be invalid.
2025-04-14T13:50:09.5669648Z [2K[1G[2m$ yarn lint:server && yarn lint:shared && yarn lint:frontend && yarn lint:test && yarn lint:types[22m
2025-04-14T13:50:09.5672384Z [2K[1G[33mwarning[39m ghost@5.116.2: The engine "cli" appears to be invalid.
2025-04-14T13:50:09.5673969Z [2K[1G[2m$ eslint --ignore-path .eslintignore 'core/server/**/*.js' 'core/*.js' '*.js' --cache[22m
2025-04-14T13:50:09.5676832Z [0m[0m
2025-04-14T13:50:09.5678210Z [0m[4m/home/runner/work/Ghost/Ghost/ghost/core/core/server/services/route-settings/validate.js[24m[0m
2025-04-14T13:50:09.5680318Z [0m  [2m432:31[22m  [33mwarning[39m  '../../../frontend/services/routing/config' module is restricted from being used. Invalid require of core/frontend from core/server  [2mghost/node/no-restricted-require[22m[0m
2025-04-14T13:50:09.5681113Z [0m[0m
2025-04-14T13:50:09.5681675Z [0m[4m/home/runner/work/Ghost/Ghost/ghost/core/core/server/web/parent/frontend.js[24m[0m
2025-04-14T13:50:09.5682904Z [0m  [2m22:34[22m  [33mwarning[39m  '../../../frontend/web' module is restricted from being used. Invalid require of core/frontend from core/server  [2mghost/node/no-restricted-require[22m[0m
2025-04-14T13:50:09.5683582Z [0m[0m
2025-04-14T13:50:09.5683996Z [0m[33m[1m✖ 2 problems (0 errors, 2 warnings)[22m[39m[0m
2025-04-14T13:50:09.5684367Z [0m[33m[1m[22m[39m[0m
2025-04-14T13:50:09.5685152Z [2K[1G[33mwarning[39m ghost@5.116.2: The engine "cli" appears to be invalid.
2025-04-14T13:50:09.5685811Z [2K[1G[2m$ eslint --ignore-path .eslintignore 'core/shared/**/*.js' --cache[22m
2025-04-14T13:50:09.5686440Z [2K[1G[33mwarning[39m ghost@5.116.2: The engine "cli" appears to be invalid.
2025-04-14T13:50:09.5687068Z [2K[1G[2m$ eslint --ignore-path .eslintignore 'core/frontend/**/*.js' --cache[22m
2025-04-14T13:50:09.5688024Z [2K[1G[33mwarning[39m ghost@5.116.2: The engine "cli" appears to be invalid.
2025-04-14T13:50:09.5688726Z [2K[1G[2m$ eslint -c test/.eslintrc.js --ignore-path test/.eslintignore 'test/**/*.js' --cache[22m
2025-04-14T13:50:09.5689386Z [2K[1G[33mwarning[39m ghost@5.116.2: The engine "cli" appears to be invalid.
2025-04-14T13:50:09.5690026Z [2K[1G[2m$ eslint --ignore-path .eslintignore '**/*.ts' --cache && tsc --noEmit[22m
2025-04-14T13:50:17.4997404Z ##[endgroup]
2025-04-14T13:50:17.4998304Z ##[group]✅ > nx run ghost-admin:lint
2025-04-14T13:50:17.4998569Z 
2025-04-14T13:50:17.4998902Z [2K[1G[2m$ yarn lint:js && yarn lint:hbs[22m
2025-04-14T13:50:17.4999358Z [2K[1G[2m$ eslint . --cache[22m
2025-04-14T13:50:17.4999660Z [0m[0m
2025-04-14T13:50:17.5000393Z [0m[4m/home/runner/work/Ghost/Ghost/ghost/admin/tests/acceptance/custom-post-templates-test.js[24m[0m
2025-04-14T13:50:17.5001435Z [0m  [2m100:9[22m  [33mwarning[39m  Unexpected pending mocha test  [2mghost/mocha/no-pending-tests[22m[0m
2025-04-14T13:50:17.5001956Z [0m[0m
2025-04-14T13:50:17.5002612Z [0m[4m/home/runner/work/Ghost/Ghost/ghost/admin/tests/acceptance/editor/lexical-test.js[24m[0m
2025-04-14T13:50:17.5003590Z [0m  [2m78:9[22m  [33mwarning[39m  Unexpected pending mocha test  [2mghost/mocha/no-pending-tests[22m[0m
2025-04-14T13:50:17.5004392Z [0m[0m
2025-04-14T13:50:17.5005091Z [0m[4m/home/runner/work/Ghost/Ghost/ghost/admin/tests/acceptance/editor/publish-flow-test.js[24m[0m
2025-04-14T13:50:17.5006097Z [0m   [2m66:5[22m  [33mwarning[39m  Unexpected pending mocha test  [2mghost/mocha/no-pending-tests[22m[0m
2025-04-14T13:50:17.5007038Z [0m  [2m447:9[22m  [33mwarning[39m  Unexpected pending mocha test  [2mghost/mocha/no-pending-tests[22m[0m
2025-04-14T13:50:17.5008587Z [0m  [2m448:9[22m  [33mwarning[39m  Unexpected pending mocha test  [2mghost/mocha/no-pending-tests[22m[0m
2025-04-14T13:50:17.5009440Z [0m  [2m628:9[22m  [33mwarning[39m  Unexpected pending mocha test  [2mghost/mocha/no-pending-tests[22m[0m
2025-04-14T13:50:17.5010245Z [0m  [2m629:9[22m  [33mwarning[39m  Unexpected pending mocha test  [2mghost/mocha/no-pending-tests[22m[0m
2025-04-14T13:50:17.5010677Z [0m[0m
2025-04-14T13:50:17.5011341Z [0m[4m/home/runner/work/Ghost/Ghost/ghost/admin/tests/integration/components/gh-image-uploader-test.js[24m[0m
2025-04-14T13:50:17.5012256Z [0m  [2m358:9[22m  [33mwarning[39m  Unexpected pending mocha test  [2mghost/mocha/no-pending-tests[22m[0m
2025-04-14T13:50:17.5013052Z [0m  [2m359:9[22m  [33mwarning[39m  Unexpected pending mocha test  [2mghost/mocha/no-pending-tests[22m[0m
2025-04-14T13:50:17.5013852Z [0m  [2m360:9[22m  [33mwarning[39m  Unexpected pending mocha test  [2mghost/mocha/no-pending-tests[22m[0m
2025-04-14T13:50:17.5014644Z [0m  [2m361:9[22m  [33mwarning[39m  Unexpected pending mocha test  [2mghost/mocha/no-pending-tests[22m[0m
2025-04-14T13:50:17.5015080Z [0m[0m
2025-04-14T13:50:17.5016048Z [0m[4m/home/runner/work/Ghost/Ghost/ghost/admin/tests/integration/components/gh-unsplash-photo-test.js[24m[0m
2025-04-14T13:50:17.5016970Z [0m  [2m109:5[22m  [33mwarning[39m  Unexpected pending mocha test  [2mghost/mocha/no-pending-tests[22m[0m
2025-04-14T13:50:17.5017994Z [0m  [2m110:5[22m  [33mwarning[39m  Unexpected pending mocha test  [2mghost/mocha/no-pending-tests[22m[0m
2025-04-14T13:50:17.5018814Z [0m  [2m113:9[22m  [33mwarning[39m  Unexpected pending mocha test  [2mghost/mocha/no-pending-tests[22m[0m
2025-04-14T13:50:17.5019805Z [0m  [2m114:9[22m  [33mwarning[39m  Unexpected pending mocha test  [2mghost/mocha/no-pending-tests[22m[0m
2025-04-14T13:50:17.5021145Z [0m  [2m115:9[22m  [33mwarning[39m  Unexpected pending mocha test  [2mghost/mocha/no-pending-tests[22m[0m
2025-04-14T13:50:17.5021933Z [0m[0m
2025-04-14T13:50:17.5023065Z [0m[4m/home/runner/work/Ghost/Ghost/ghost/admin/tests/integration/components/gh-unsplash-test.js[24m[0m
2025-04-14T13:50:17.5024669Z [0m  [2m24:5[22m  [33mwarning[39m  Unexpected pending mocha test  [2mghost/mocha/no-pending-tests[22m[0m
2025-04-14T13:50:17.5026070Z [0m  [2m25:5[22m  [33mwarning[39m  Unexpected pending mocha test  [2mghost/mocha/no-pending-tests[22m[0m
2025-04-14T13:50:17.5026862Z [0m  [2m26:5[22m  [33mwarning[39m  Unexpected pending mocha test  [2mghost/mocha/no-pending-tests[22m[0m
2025-04-14T13:50:17.5028232Z [0m  [2m27:5[22m  [33mwarning[39m  Unexpected pending mocha test  [2mghost/mocha/no-pending-tests[22m[0m
2025-04-14T13:50:17.5029066Z [0m  [2m28:5[22m  [33mwarning[39m  Unexpected pending mocha test  [2mghost/mocha/no-pending-tests[22m[0m
2025-04-14T13:50:17.5029847Z [0m  [2m29:5[22m  [33mwarning[39m  Unexpected pending mocha test  [2mghost/mocha/no-pending-tests[22m[0m
2025-04-14T13:50:17.5030634Z [0m  [2m30:5[22m  [33mwarning[39m  Unexpected pending mocha test  [2mghost/mocha/no-pending-tests[22m[0m
2025-04-14T13:50:17.5031412Z [0m  [2m33:9[22m  [33mwarning[39m  Unexpected pending mocha test  [2mghost/mocha/no-pending-tests[22m[0m
2025-04-14T13:50:17.5032199Z [0m  [2m34:9[22m  [33mwarning[39m  Unexpected pending mocha test  [2mghost/mocha/no-pending-tests[22m[0m
2025-04-14T13:50:17.5032973Z [0m  [2m35:9[22m  [33mwarning[39m  Unexpected pending mocha test  [2mghost/mocha/no-pending-tests[22m[0m
2025-04-14T13:50:17.5033929Z [0m  [2m39:9[22m  [33mwarning[39m  Unexpected pending mocha test  [2mghost/mocha/no-pending-tests[22m[0m
2025-04-14T13:50:17.5034707Z [0m  [2m40:9[22m  [33mwarning[39m  Unexpected pending mocha test  [2mghost/mocha/no-pending-tests[22m[0m
2025-04-14T13:50:17.5035501Z [0m  [2m41:9[22m  [33mwarning[39m  Unexpected pending mocha test  [2mghost/mocha/no-pending-tests[22m[0m
2025-04-14T13:50:17.5035929Z [0m[0m
2025-04-14T13:50:17.5036528Z [0m[4m/home/runner/work/Ghost/Ghost/ghost/admin/tests/unit/mixins/validation-engine-test.js[24m[0m
2025-04-14T13:50:17.5037731Z [0m  [2m11:9[22m   [33mwarning[39m  Unexpected pending mocha test  [2mghost/mocha/no-pending-tests[22m[0m
2025-04-14T13:50:17.5038555Z [0m  [2m12:9[22m   [33mwarning[39m  Unexpected pending mocha test  [2mghost/mocha/no-pending-tests[22m[0m
2025-04-14T13:50:17.5039339Z [0m  [2m13:9[22m   [33mwarning[39m  Unexpected pending mocha test  [2mghost/mocha/no-pending-tests[22m[0m
2025-04-14T13:50:17.5040154Z [0m  [2m14:9[22m   [33mwarning[39m  Unexpected pending mocha test  [2mghost/mocha/no-pending-tests[22m[0m
2025-04-14T13:50:17.5040938Z [0m  [2m15:9[22m   [33mwarning[39m  Unexpected pending mocha test  [2mghost/mocha/no-pending-tests[22m[0m
2025-04-14T13:50:17.5041730Z [0m  [2m18:13[22m  [33mwarning[39m  Unexpected pending mocha test  [2mghost/mocha/no-pending-tests[22m[0m
2025-04-14T13:50:17.5042513Z [0m  [2m19:13[22m  [33mwarning[39m  Unexpected pending mocha test  [2mghost/mocha/no-pending-tests[22m[0m
2025-04-14T13:50:17.5043303Z [0m  [2m20:13[22m  [33mwarning[39m  Unexpected pending mocha test  [2mghost/mocha/no-pending-tests[22m[0m
2025-04-14T13:50:17.5044082Z [0m  [2m21:13[22m  [33mwarning[39m  Unexpected pending mocha test  [2mghost/mocha/no-pending-tests[22m[0m
2025-04-14T13:50:17.5044863Z [0m  [2m24:9[22m   [33mwarning[39m  Unexpected pending mocha test  [2mghost/mocha/no-pending-tests[22m[0m
2025-04-14T13:50:17.5045650Z [0m  [2m25:9[22m   [33mwarning[39m  Unexpected pending mocha test  [2mghost/mocha/no-pending-tests[22m[0m
2025-04-14T13:50:17.5046429Z [0m  [2m29:9[22m   [33mwarning[39m  Unexpected pending mocha test  [2mghost/mocha/no-pending-tests[22m[0m
2025-04-14T13:50:17.5047610Z [0m  [2m30:9[22m   [33mwarning[39m  Unexpected pending mocha test  [2mghost/mocha/no-pending-tests[22m[0m
2025-04-14T13:50:17.5048449Z [0m  [2m31:9[22m   [33mwarning[39m  Unexpected pending mocha test  [2mghost/mocha/no-pending-tests[22m[0m
2025-04-14T13:50:17.5049231Z [0m  [2m32:9[22m   [33mwarning[39m  Unexpected pending mocha test  [2mghost/mocha/no-pending-tests[22m[0m
2025-04-14T13:50:17.5049656Z [0m[0m
2025-04-14T13:50:17.5050204Z [0m[4m/home/runner/work/Ghost/Ghost/ghost/admin/tests/unit/services/unsplash-test.js[24m[0m
2025-04-14T13:50:17.5051034Z [0m  [2m21:5[22m  [33mwarning[39m  Unexpected pending mocha test  [2mghost/mocha/no-pending-tests[22m[0m
2025-04-14T13:50:17.5051824Z [0m  [2m22:5[22m  [33mwarning[39m  Unexpected pending mocha test  [2mghost/mocha/no-pending-tests[22m[0m
2025-04-14T13:50:17.5052613Z [0m  [2m25:9[22m  [33mwarning[39m  Unexpected pending mocha test  [2mghost/mocha/no-pending-tests[22m[0m
2025-04-14T13:50:17.5053402Z [0m  [2m26:9[22m  [33mwarning[39m  Unexpected pending mocha test  [2mghost/mocha/no-pending-tests[22m[0m
2025-04-14T13:50:17.5054184Z [0m  [2m27:9[22m  [33mwarning[39m  Unexpected pending mocha test  [2mghost/mocha/no-pending-tests[22m[0m
2025-04-14T13:50:17.5054968Z [0m  [2m28:9[22m  [33mwarning[39m  Unexpected pending mocha test  [2mghost/mocha/no-pending-tests[22m[0m
2025-04-14T13:50:17.5055742Z [0m  [2m29:9[22m  [33mwarning[39m  Unexpected pending mocha test  [2mghost/mocha/no-pending-tests[22m[0m
2025-04-14T13:50:17.5056527Z [0m  [2m33:9[22m  [33mwarning[39m  Unexpected pending mocha test  [2mghost/mocha/no-pending-tests[22m[0m
2025-04-14T13:50:17.5057563Z [0m  [2m34:9[22m  [33mwarning[39m  Unexpected pending mocha test  [2mghost/mocha/no-pending-tests[22m[0m
2025-04-14T13:50:17.5058348Z [0m  [2m87:9[22m  [33mwarning[39m  Unexpected pending mocha test  [2mghost/mocha/no-pending-tests[22m[0m
2025-04-14T13:50:17.5059134Z [0m  [2m88:9[22m  [33mwarning[39m  Unexpected pending mocha test  [2mghost/mocha/no-pending-tests[22m[0m
2025-04-14T13:50:17.5059913Z [0m  [2m89:9[22m  [33mwarning[39m  Unexpected pending mocha test  [2mghost/mocha/no-pending-tests[22m[0m
2025-04-14T13:50:17.5060693Z [0m  [2m90:9[22m  [33mwarning[39m  Unexpected pending mocha test  [2mghost/mocha/no-pending-tests[22m[0m
2025-04-14T13:50:17.5061466Z [0m  [2m91:9[22m  [33mwarning[39m  Unexpected pending mocha test  [2mghost/mocha/no-pending-tests[22m[0m
2025-04-14T13:50:17.5061893Z [0m[0m
2025-04-14T13:50:17.5062303Z [0m[33m[1m✖ 58 problems (0 errors, 58 warnings)[22m[39m[0m
2025-04-14T13:50:17.5062670Z [0m[33m[1m[22m[39m[0m
2025-04-14T13:50:17.5063021Z [2K[1G[2m$ ember-template-lint .[22m
2025-04-14T13:50:17.5063439Z [4mapp/components/gh-post-settings-menu.hbs[24m
2025-04-14T13:50:17.5064235Z [2m  73:109[22m  [33mwarning[39m  Do not use `action` as {{action ...}}. Instead, use the `on` modifier and `fn` helper.  [2mno-action[22m
2025-04-14T13:50:17.5065191Z [2m  80:92[22m  [33mwarning[39m  Do not use `action` as {{action ...}}. Instead, use the `on` modifier and `fn` helper.  [2mno-action[22m
2025-04-14T13:50:17.5065585Z 
2025-04-14T13:50:17.5065801Z [4mapp/components/gh-psm-tags-input.hbs[24m
2025-04-14T13:50:17.5066553Z [2m  5:14[22m  [33mwarning[39m  Do not use `action` as {{action ...}}. Instead, use the `on` modifier and `fn` helper.  [2mno-action[22m
2025-04-14T13:50:17.5066940Z 
2025-04-14T13:50:17.5067406Z [31m[1m✖ 3 problems (0 errors, 3 warnings)[22m[39m
2025-04-14T13:50:17.5067969Z ##[endgroup]
2025-04-14T13:50:17.5068088Z 
2025-04-14T13:50:17.5068094Z 
2025-04-14T13:50:17.5068258Z  NX   Running target lint for 44 projects failed
2025-04-14T13:50:17.5068454Z 
2025-04-14T13:50:17.5068543Z Failed tasks:
2025-04-14T13:50:17.5068659Z 
2025-04-14T13:50:17.5068804Z - @tryghost/admin-x-settings:lint
2025-04-14T13:50:17.5068976Z 
2025-04-14T13:50:17.6566430Z [2K[1G[31merror[39m Command failed with exit code 1.
2025-04-14T13:50:17.6568913Z [2K[1G[34minfo[39m Visit [1mhttps://yarnpkg.com/en/docs/cli/run[22m for documentation about this command.
2025-04-14T13:50:17.6683265Z ##[error]Process completed with exit code 1.
2025-04-14T13:50:17.6769414Z Post job cleanup.
2025-04-14T13:50:17.7799964Z [command]/usr/bin/git version
2025-04-14T13:50:17.7845098Z git version 2.49.0
2025-04-14T13:50:17.7889353Z Temporarily overriding HOME='/home/runner/work/_temp/f0a40d56-1767-4bed-924f-ee1cfb0a6647' before making global git config changes
2025-04-14T13:50:17.7890271Z Adding repository directory to the temporary git global config as a safe directory
2025-04-14T13:50:17.7894750Z [command]/usr/bin/git config --global --add safe.directory /home/runner/work/Ghost/Ghost
2025-04-14T13:50:17.7931618Z [command]/usr/bin/git config --local --name-only --get-regexp core\.sshCommand
2025-04-14T13:50:17.7967598Z [command]/usr/bin/git submodule foreach --recursive sh -c "git config --local --name-only --get-regexp 'core\.sshCommand' && git config --local --unset-all 'core.sshCommand' || :"
2025-04-14T13:50:17.8212651Z [command]/usr/bin/git config --local --name-only --get-regexp http\.https\:\/\/github\.com\/\.extraheader
2025-04-14T13:50:17.8234237Z http.https://github.com/.extraheader
2025-04-14T13:50:17.8246244Z [command]/usr/bin/git config --local --unset-all http.https://github.com/.extraheader
2025-04-14T13:50:17.8278065Z [command]/usr/bin/git submodule foreach --recursive sh -c "git config --local --name-only --get-regexp 'http\.https\:\/\/github\.com\/\.extraheader' && git config --local --unset-all 'http.https://github.com/.extraheader' || :"
2025-04-14T13:50:17.8625983Z Cleaning up orphan processes
