2025-02-06T20:35:52.6197695Z ##[group]Run ytdl-org/setup-python@v1
2025-02-06T20:35:52.6197980Z with:
2025-02-06T20:35:52.6198160Z   python-version: 3.11
2025-02-06T20:35:52.6198356Z   cache-build: true
2025-02-06T20:35:52.6198528Z   allow-build: info
2025-02-06T20:35:52.6198701Z   check-latest: false
2025-02-06T20:35:52.6199022Z   token: ***
2025-02-06T20:35:52.6199202Z   update-environment: true
2025-02-06T20:35:52.6199429Z   allow-prereleases: false
2025-02-06T20:35:52.6199625Z env:
2025-02-06T20:35:52.6199890Z   all-cpython-versions: 2.6, 2.7, 3.2, 3.3, 3.4, 3.5, 3.6, 3.7, 3.8, 3.9, 3.10, 3.11, 3.12
2025-02-06T20:35:52.6200265Z   main-cpython-versions: 2.7, 3.2, 3.5, 3.9, 3.11
2025-02-06T20:35:52.6200557Z   pypy-versions: pypy-2.7, pypy-3.6, pypy-3.7
2025-02-06T20:35:52.6200812Z   cpython-versions: main
2025-02-06T20:35:52.6201023Z   test-set: core
2025-02-06T20:35:52.6201193Z   next: 3.13
2025-02-06T20:35:52.6201369Z   PIP: python -m pip
2025-02-06T20:35:52.6201573Z   PIP_DISABLE_PIP_VERSION_CHECK: true
2025-02-06T20:35:52.6201808Z   PIP_NO_PYTHON_VERSION_WARNING: true
2025-02-06T20:35:52.6202140Z   PIP_TRUSTED_HOST: pypi.python.org pypi.org files.pythonhosted.org
2025-02-06T20:35:52.6202472Z ##[endgroup]
2025-02-06T20:35:52.6283022Z ##[group]Run MatteoH2O1999/build-and-install-python@004dc2989b38616af18eb8aba45fe49d5f813264
2025-02-06T20:35:52.6283444Z with:
2025-02-06T20:35:52.6283618Z   python-version: 3.11
2025-02-06T20:35:52.6283816Z   check-latest: false
2025-02-06T20:35:52.6284007Z   cache-build: true
2025-02-06T20:35:52.6284185Z   allow-build: info
2025-02-06T20:35:52.6284491Z   token: ***
2025-02-06T20:35:52.6284678Z   allow-prereleases: false
2025-02-06T20:35:52.6284891Z env:
2025-02-06T20:35:52.6285156Z   all-cpython-versions: 2.6, 2.7, 3.2, 3.3, 3.4, 3.5, 3.6, 3.7, 3.8, 3.9, 3.10, 3.11, 3.12
2025-02-06T20:35:52.6285527Z   main-cpython-versions: 2.7, 3.2, 3.5, 3.9, 3.11
2025-02-06T20:35:52.6285830Z   pypy-versions: pypy-2.7, pypy-3.6, pypy-3.7
2025-02-06T20:35:52.6286087Z   cpython-versions: main
2025-02-06T20:35:52.6286295Z   test-set: core
2025-02-06T20:35:52.6286476Z   next: 3.13
2025-02-06T20:35:52.6286645Z   PIP: python -m pip
2025-02-06T20:35:52.6286854Z   PIP_DISABLE_PIP_VERSION_CHECK: true
2025-02-06T20:35:52.6287105Z   PIP_NO_PYTHON_VERSION_WARNING: true
2025-02-06T20:35:52.6287420Z   PIP_TRUSTED_HOST: pypi.python.org pypi.org files.pythonhosted.org
2025-02-06T20:35:52.6287745Z ##[endgroup]
2025-02-06T20:35:52.7523995Z CPython version 3.11.x is supported by actions/setup-python with specific version 3.11.11.
2025-02-06T20:35:52.7656477Z ##[group]Run actions/setup-python@bd6b4b6205c4dbad673328db7b31b7fab9e241c0
2025-02-06T20:35:52.7656844Z with:
2025-02-06T20:35:52.7657027Z   python-version: 3.11.11
2025-02-06T20:35:52.7657242Z   architecture: x64
2025-02-06T20:35:52.7657427Z   check-latest: false
2025-02-06T20:35:52.7657793Z   token: ***
2025-02-06T20:35:52.7657982Z   update-environment: true
2025-02-06T20:35:52.7658216Z   allow-prereleases: false
2025-02-06T20:35:52.7658416Z env:
2025-02-06T20:35:52.7658687Z   all-cpython-versions: 2.6, 2.7, 3.2, 3.3, 3.4, 3.5, 3.6, 3.7, 3.8, 3.9, 3.10, 3.11, 3.12
2025-02-06T20:35:52.7659070Z   main-cpython-versions: 2.7, 3.2, 3.5, 3.9, 3.11
2025-02-06T20:35:52.7659362Z   pypy-versions: pypy-2.7, pypy-3.6, pypy-3.7
2025-02-06T20:35:52.7659630Z   cpython-versions: main
2025-02-06T20:35:52.7659831Z   test-set: core
2025-02-06T20:35:52.7660004Z   next: 3.13
2025-02-06T20:35:52.7660178Z   PIP: python -m pip
2025-02-06T20:35:52.7660381Z   PIP_DISABLE_PIP_VERSION_CHECK: true
2025-02-06T20:35:52.7660641Z   PIP_NO_PYTHON_VERSION_WARNING: true
2025-02-06T20:35:52.7660974Z   PIP_TRUSTED_HOST: pypi.python.org pypi.org files.pythonhosted.org
2025-02-06T20:35:52.7661298Z ##[endgroup]
2025-02-06T20:35:52.8900502Z ##[group]Installed versions
2025-02-06T20:35:52.8942042Z Successfully set up CPython (3.11.11)
2025-02-06T20:35:52.8943094Z ##[endgroup]
2025-02-06T20:35:52.9024404Z ##[group]Run /home/runner/work/_actions/ytdl-org/setup-python/v1/setup_pip.ps1
2025-02-06T20:35:52.9024957Z [36;1m/home/runner/work/_actions/ytdl-org/setup-python/v1/setup_pip.ps1[0m
2025-02-06T20:35:52.9055458Z shell: /usr/bin/pwsh -command ". '{0}'"
2025-02-06T20:35:52.9055728Z env:
2025-02-06T20:35:52.9056012Z   all-cpython-versions: 2.6, 2.7, 3.2, 3.3, 3.4, 3.5, 3.6, 3.7, 3.8, 3.9, 3.10, 3.11, 3.12
2025-02-06T20:35:52.9056386Z   main-cpython-versions: 2.7, 3.2, 3.5, 3.9, 3.11
2025-02-06T20:35:52.9056692Z   pypy-versions: pypy-2.7, pypy-3.6, pypy-3.7
2025-02-06T20:35:52.9056969Z   cpython-versions: main
2025-02-06T20:35:52.9057177Z   test-set: core
2025-02-06T20:35:52.9057345Z   next: 3.13
2025-02-06T20:35:52.9057518Z   PIP: python -m pip
2025-02-06T20:35:52.9057726Z   PIP_DISABLE_PIP_VERSION_CHECK: true
2025-02-06T20:35:52.9057970Z   PIP_NO_PYTHON_VERSION_WARNING: true
2025-02-06T20:35:52.9058264Z   pythonLocation: /opt/hostedtoolcache/Python/3.11.11/x64
2025-02-06T20:35:52.9058691Z   PKG_CONFIG_PATH: /opt/hostedtoolcache/Python/3.11.11/x64/lib/pkgconfig
2025-02-06T20:35:52.9059085Z   Python_ROOT_DIR: /opt/hostedtoolcache/Python/3.11.11/x64
2025-02-06T20:35:52.9059436Z   Python2_ROOT_DIR: /opt/hostedtoolcache/Python/3.11.11/x64
2025-02-06T20:35:52.9059783Z   Python3_ROOT_DIR: /opt/hostedtoolcache/Python/3.11.11/x64
2025-02-06T20:35:52.9060124Z   LD_LIBRARY_PATH: /opt/hostedtoolcache/Python/3.11.11/x64/lib
2025-02-06T20:35:52.9060510Z   PIP_TRUSTED_HOST: pypi.python.org pypi.org files.pythonhosted.org
2025-02-06T20:35:52.9060832Z   PYTHON_VERSION: 3.11.11
2025-02-06T20:35:52.9061120Z   SETUP_PYTHON_PATH: /opt/hostedtoolcache/Python/3.11.11/x64/bin/python
2025-02-06T20:35:52.9061445Z ##[endgroup]
2025-02-06T20:35:58.7514763Z Setting up pip for python 3.11.11 in path /opt/hostedtoolcache/Python/3.11.11/x64/bin/python
2025-02-06T20:35:58.7576354Z Using ensurepip...
2025-02-06T20:36:00.7246247Z Looking in links: /tmp/tmps8d3fqa1
2025-02-06T20:36:00.7256745Z Requirement already satisfied: setuptools in /opt/hostedtoolcache/Python/3.11.11/x64/lib/python3.11/site-packages (65.5.0)
2025-02-06T20:36:00.7265386Z Requirement already satisfied: pip in /opt/hostedtoolcache/Python/3.11.11/x64/lib/python3.11/site-packages (25.0)
2025-02-06T20:36:01.1661416Z DEPRECATION: --no-python-version-warning is deprecated. pip 25.1 will enforce this behaviour change. A possible replacement is to remove the flag as it's a no-op. Discussion can be found at https://github.com/pypa/pip/issues/13154
2025-02-06T20:36:01.2920728Z Requirement already satisfied: pip in /opt/hostedtoolcache/Python/3.11.11/x64/lib/python3.11/site-packages (25.0)
2025-02-06T20:36:01.3935040Z Installing wheel and setuptools...
2025-02-06T20:36:01.6117899Z DEPRECATION: --no-python-version-warning is deprecated. pip 25.1 will enforce this behaviour change. A possible replacement is to remove the flag as it's a no-op. Discussion can be found at https://github.com/pypa/pip/issues/13154
2025-02-06T20:36:01.7727557Z Collecting wheel
2025-02-06T20:36:01.7961592Z   Downloading wheel-0.45.1-py3-none-any.whl.metadata (2.3 kB)
2025-02-06T20:36:01.8010405Z Requirement already satisfied: setuptools in /opt/hostedtoolcache/Python/3.11.11/x64/lib/python3.11/site-packages (65.5.0)
2025-02-06T20:36:01.9086757Z Collecting setuptools
2025-02-06T20:36:01.9178983Z   Downloading setuptools-75.8.0-py3-none-any.whl.metadata (6.7 kB)
2025-02-06T20:36:01.9378451Z Downloading wheel-0.45.1-py3-none-any.whl (72 kB)
2025-02-06T20:36:01.9539453Z Downloading setuptools-75.8.0-py3-none-any.whl (1.2 MB)
2025-02-06T20:36:01.9793168Z    ‚îÅ‚îÅ‚îÅ‚îÅ‚îÅ‚îÅ‚îÅ‚îÅ‚îÅ‚îÅ‚îÅ‚îÅ‚îÅ‚îÅ‚îÅ‚îÅ‚îÅ‚îÅ‚îÅ‚îÅ‚îÅ‚îÅ‚îÅ‚îÅ‚îÅ‚îÅ‚îÅ‚îÅ‚îÅ‚îÅ‚îÅ‚îÅ‚îÅ‚îÅ‚îÅ‚îÅ‚îÅ‚îÅ‚îÅ‚îÅ 1.2/1.2 MB 56.0 MB/s eta 0:00:00
2025-02-06T20:36:01.9962964Z Installing collected packages: wheel, setuptools
2025-02-06T20:36:02.0396188Z   Attempting uninstall: setuptools
2025-02-06T20:36:02.0414822Z     Found existing installation: setuptools 65.5.0
2025-02-06T20:36:02.0712516Z     Uninstalling setuptools-65.5.0:
2025-02-06T20:36:02.0805498Z       Successfully uninstalled setuptools-65.5.0
2025-02-06T20:36:02.7732669Z Successfully installed setuptools-75.8.0 wheel-0.45.1
