2025-04-12T19:51:07.0202541Z Requested labels: ubuntu-latest
2025-04-12T19:51:07.0202772Z Job defined at: rasbt/LLMs-from-scratch/.github/workflows/pep8-linter.yml@refs/heads/main
2025-04-12T19:51:07.0202868Z Waiting for a runner to pick up this job...
2025-04-12T19:51:07.3878063Z Job is waiting for a hosted runner to come online.
2025-04-12T19:51:11.9075537Z Job is about to start running on the hosted runner: GitHub Actions 3 (hosted)
2025-04-12T19:51:14.5883408Z Current runner version: '2.323.0'
2025-04-12T19:51:14.5911898Z ##[group]Operating System
2025-04-12T19:51:14.5912707Z Ubuntu
2025-04-12T19:51:14.5913195Z 24.04.2
2025-04-12T19:51:14.5913789Z LTS
2025-04-12T19:51:14.5914228Z ##[endgroup]
2025-04-12T19:51:14.5914907Z ##[group]Runner Image
2025-04-12T19:51:14.5915581Z Image: ubuntu-24.04
2025-04-12T19:51:14.5916110Z Version: 20250406.1.0
2025-04-12T19:51:14.5917198Z Included Software: https://github.com/actions/runner-images/blob/ubuntu24/20250406.1/images/ubuntu/Ubuntu2404-Readme.md
2025-04-12T19:51:14.5918545Z Image Release: https://github.com/actions/runner-images/releases/tag/ubuntu24%2F20250406.1
2025-04-12T19:51:14.5919464Z ##[endgroup]
2025-04-12T19:51:14.5920064Z ##[group]Runner Image Provisioner
2025-04-12T19:51:14.5920683Z 2.0.422.1
2025-04-12T19:51:14.5921209Z ##[endgroup]
2025-04-12T19:51:14.5922329Z ##[group]GITHUB_TOKEN Permissions
2025-04-12T19:51:14.5924329Z Contents: read
2025-04-12T19:51:14.5925175Z Metadata: read
2025-04-12T19:51:14.5925903Z Packages: read
2025-04-12T19:51:14.5926626Z ##[endgroup]
2025-04-12T19:51:14.5929856Z Secret source: Actions
2025-04-12T19:51:14.5930856Z Prepare workflow directory
2025-04-12T19:51:14.6237489Z Prepare all required actions
2025-04-12T19:51:14.6273802Z Getting action download info
2025-04-12T19:51:14.8557695Z ##[group]Download immutable action package 'actions/checkout@v4'
2025-04-12T19:51:14.8558913Z Version: 4.2.2
2025-04-12T19:51:14.8559910Z Digest: sha256:ccb2698953eaebd21c7bf6268a94f9c26518a7e38e27e0b83c1fe1ad049819b1
2025-04-12T19:51:14.8561137Z Source commit SHA: 11bd71901bbe5b1630ceea73d27597364c9af683
2025-04-12T19:51:14.8561913Z ##[endgroup]
2025-04-12T19:51:14.9613693Z ##[group]Download immutable action package 'actions/setup-python@v5'
2025-04-12T19:51:14.9614822Z Version: 5.5.0
2025-04-12T19:51:14.9615575Z Digest: sha256:1fac95d751afd58314aebd2ab01d4bf3b3109a441917bd2cac2a22898ec494f7
2025-04-12T19:51:14.9616642Z Source commit SHA: 8d9ed9ac5c53483de85588cdf95a591a75ab9f55
2025-04-12T19:51:14.9617411Z ##[endgroup]
2025-04-12T19:51:15.3325877Z Complete job name: flake8
2025-04-12T19:51:15.4011438Z ##[group]Run actions/checkout@v4
2025-04-12T19:51:15.4012292Z with:
2025-04-12T19:51:15.4012723Z   repository: rasbt/LLMs-from-scratch
2025-04-12T19:51:15.4013427Z   token: ***
2025-04-12T19:51:15.4013822Z   ssh-strict: true
2025-04-12T19:51:15.4014222Z   ssh-user: git
2025-04-12T19:51:15.4014946Z   persist-credentials: true
2025-04-12T19:51:15.4015414Z   clean: true
2025-04-12T19:51:15.4015821Z   sparse-checkout-cone-mode: true
2025-04-12T19:51:15.4016309Z   fetch-depth: 1
2025-04-12T19:51:15.4016709Z   fetch-tags: false
2025-04-12T19:51:15.4017122Z   show-progress: true
2025-04-12T19:51:15.4017540Z   lfs: false
2025-04-12T19:51:15.4017912Z   submodules: false
2025-04-12T19:51:15.4018332Z   set-safe-directory: true
2025-04-12T19:51:15.4019031Z ##[endgroup]
2025-04-12T19:51:15.6187893Z Syncing repository: rasbt/LLMs-from-scratch
2025-04-12T19:51:15.6189886Z ##[group]Getting Git version info
2025-04-12T19:51:15.6190785Z Working directory is '/home/runner/work/LLMs-from-scratch/LLMs-from-scratch'
2025-04-12T19:51:15.6191841Z [command]/usr/bin/git version
2025-04-12T19:51:15.6283184Z git version 2.49.0
2025-04-12T19:51:15.6313994Z ##[endgroup]
2025-04-12T19:51:15.6334642Z Temporarily overriding HOME='/home/runner/work/_temp/f4811c97-098a-4db3-872a-dd07cf25bcc1' before making global git config changes
2025-04-12T19:51:15.6339804Z Adding repository directory to the temporary git global config as a safe directory
2025-04-12T19:51:15.6341150Z [command]/usr/bin/git config --global --add safe.directory /home/runner/work/LLMs-from-scratch/LLMs-from-scratch
2025-04-12T19:51:15.6375649Z Deleting the contents of '/home/runner/work/LLMs-from-scratch/LLMs-from-scratch'
2025-04-12T19:51:15.6379281Z ##[group]Initializing the repository
2025-04-12T19:51:15.6383161Z [command]/usr/bin/git init /home/runner/work/LLMs-from-scratch/LLMs-from-scratch
2025-04-12T19:51:15.6465708Z hint: Using 'master' as the name for the initial branch. This default branch name
2025-04-12T19:51:15.6467450Z hint: is subject to change. To configure the initial branch name to use in all
2025-04-12T19:51:15.6468411Z hint: of your new repositories, which will suppress this warning, call:
2025-04-12T19:51:15.6469200Z hint:
2025-04-12T19:51:15.6469824Z hint: 	git config --global init.defaultBranch <name>
2025-04-12T19:51:15.6470818Z hint:
2025-04-12T19:51:15.6471797Z hint: Names commonly chosen instead of 'master' are 'main', 'trunk' and
2025-04-12T19:51:15.6473692Z hint: 'development'. The just-created branch can be renamed via this command:
2025-04-12T19:51:15.6475210Z hint:
2025-04-12T19:51:15.6475903Z hint: 	git branch -m <name>
2025-04-12T19:51:15.6479453Z Initialized empty Git repository in /home/runner/work/LLMs-from-scratch/LLMs-from-scratch/.git/
2025-04-12T19:51:15.6493268Z [command]/usr/bin/git remote add origin https://github.com/rasbt/LLMs-from-scratch
2025-04-12T19:51:15.6537527Z ##[endgroup]
2025-04-12T19:51:15.6538740Z ##[group]Disabling automatic garbage collection
2025-04-12T19:51:15.6542638Z [command]/usr/bin/git config --local gc.auto 0
2025-04-12T19:51:15.6575087Z ##[endgroup]
2025-04-12T19:51:15.6576392Z ##[group]Setting up auth
2025-04-12T19:51:15.6583016Z [command]/usr/bin/git config --local --name-only --get-regexp core\.sshCommand
2025-04-12T19:51:15.6618721Z [command]/usr/bin/git submodule foreach --recursive sh -c "git config --local --name-only --get-regexp 'core\.sshCommand' && git config --local --unset-all 'core.sshCommand' || :"
2025-04-12T19:51:15.6970876Z [command]/usr/bin/git config --local --name-only --get-regexp http\.https\:\/\/github\.com\/\.extraheader
2025-04-12T19:51:15.7005379Z [command]/usr/bin/git submodule foreach --recursive sh -c "git config --local --name-only --get-regexp 'http\.https\:\/\/github\.com\/\.extraheader' && git config --local --unset-all 'http.https://github.com/.extraheader' || :"
2025-04-12T19:51:15.7236159Z [command]/usr/bin/git config --local http.https://github.com/.extraheader AUTHORIZATION: basic ***
2025-04-12T19:51:15.7282050Z ##[endgroup]
2025-04-12T19:51:15.7283321Z ##[group]Fetching the repository
2025-04-12T19:51:15.7291986Z [command]/usr/bin/git -c protocol.version=2 fetch --no-tags --prune --no-recurse-submodules --depth=1 origin +92b308e5126d437d9a50d70945868b7a8bc42866:refs/remotes/origin/main
2025-04-12T19:51:16.5481023Z From https://github.com/rasbt/LLMs-from-scratch
2025-04-12T19:51:16.5482721Z  * [new ref]         92b308e5126d437d9a50d70945868b7a8bc42866 -> origin/main
2025-04-12T19:51:16.5518052Z ##[endgroup]
2025-04-12T19:51:16.5519471Z ##[group]Determining the checkout info
2025-04-12T19:51:16.5521286Z ##[endgroup]
2025-04-12T19:51:16.5528320Z [command]/usr/bin/git sparse-checkout disable
2025-04-12T19:51:16.5575741Z [command]/usr/bin/git config --local --unset-all extensions.worktreeConfig
2025-04-12T19:51:16.5605851Z ##[group]Checking out the ref
2025-04-12T19:51:16.5610907Z [command]/usr/bin/git checkout --progress --force -B main refs/remotes/origin/main
2025-04-12T19:51:16.5962096Z Switched to a new branch 'main'
2025-04-12T19:51:16.5963760Z branch 'main' set up to track 'origin/main'.
2025-04-12T19:51:16.5972055Z ##[endgroup]
2025-04-12T19:51:16.6011056Z [command]/usr/bin/git log -1 --format=%H
2025-04-12T19:51:16.6033743Z 92b308e5126d437d9a50d70945868b7a8bc42866
2025-04-12T19:51:16.6313806Z ##[group]Run actions/setup-python@v5
2025-04-12T19:51:16.6314853Z with:
2025-04-12T19:51:16.6315368Z   python-version: 3.13
2025-04-12T19:51:16.6316027Z   check-latest: false
2025-04-12T19:51:16.6316927Z   token: ***
2025-04-12T19:51:16.6317511Z   update-environment: true
2025-04-12T19:51:16.6318243Z   allow-prereleases: false
2025-04-12T19:51:16.6318945Z   freethreaded: false
2025-04-12T19:51:16.6319566Z ##[endgroup]
2025-04-12T19:51:16.8047676Z ##[group]Installed versions
2025-04-12T19:51:16.8103948Z Successfully set up CPython (3.13.2)
2025-04-12T19:51:16.8106305Z ##[endgroup]
2025-04-12T19:51:16.8327315Z ##[group]Run curl -LsSf https://astral.sh/uv/install.sh | sh
2025-04-12T19:51:16.8329097Z [36;1mcurl -LsSf https://astral.sh/uv/install.sh | sh[0m
2025-04-12T19:51:16.8330768Z [36;1muv sync --dev --python=3.10[0m
2025-04-12T19:51:16.8331995Z [36;1muv add ruff[0m
2025-04-12T19:51:16.8387967Z shell: /usr/bin/bash -e {0}
2025-04-12T19:51:16.8389116Z env:
2025-04-12T19:51:16.8390235Z   pythonLocation: /opt/hostedtoolcache/Python/3.13.2/x64
2025-04-12T19:51:16.8391865Z   PKG_CONFIG_PATH: /opt/hostedtoolcache/Python/3.13.2/x64/lib/pkgconfig
2025-04-12T19:51:16.8393485Z   Python_ROOT_DIR: /opt/hostedtoolcache/Python/3.13.2/x64
2025-04-12T19:51:16.8395131Z   Python2_ROOT_DIR: /opt/hostedtoolcache/Python/3.13.2/x64
2025-04-12T19:51:16.8396621Z   Python3_ROOT_DIR: /opt/hostedtoolcache/Python/3.13.2/x64
2025-04-12T19:51:16.8398109Z   LD_LIBRARY_PATH: /opt/hostedtoolcache/Python/3.13.2/x64/lib
2025-04-12T19:51:16.8399389Z ##[endgroup]
2025-04-12T19:51:17.4160246Z downloading uv 0.6.14 x86_64-unknown-linux-gnu
2025-04-12T19:51:17.8739441Z no checksums to verify
2025-04-12T19:51:18.1792518Z installing to /home/runner/.local/bin
2025-04-12T19:51:18.1835364Z   uv
2025-04-12T19:51:18.1857128Z   uvx
2025-04-12T19:51:18.1857686Z everything's installed!
2025-04-12T19:51:18.8339951Z Downloading cpython-3.10.17-linux-x86_64-gnu (19.8MiB)
2025-04-12T19:51:19.4864194Z  Downloaded cpython-3.10.17-linux-x86_64-gnu
2025-04-12T19:51:19.6972166Z Using CPython 3.10.17
2025-04-12T19:51:19.6972877Z Creating virtual environment at: .venv
2025-04-12T19:51:20.1686963Z Resolved 187 packages in 470ms
2025-04-12T19:51:20.1865545Z    Building llms-from-scratch @ file:///home/runner/work/LLMs-from-scratch/LLMs-from-scratch
2025-04-12T19:51:20.1998780Z Downloading numpy (18.6MiB)
2025-04-12T19:51:20.2004002Z Downloading jupyterlab (11.7MiB)
2025-04-12T19:51:20.2005680Z Downloading babel (9.7MiB)
2025-04-12T19:51:20.2006140Z Downloading tensorboard (5.2MiB)
2025-04-12T19:51:20.2006827Z Downloading tensorflow-io-gcs-filesystem (4.9MiB)
2025-04-12T19:51:20.2010808Z Downloading ml-dtypes (4.5MiB)
2025-04-12T19:51:20.2012302Z Downloading pillow (4.4MiB)
2025-04-12T19:51:20.2012814Z Downloading h5py (4.3MiB)
2025-04-12T19:51:20.2013583Z Downloading cryptography (4.0MiB)
2025-04-12T19:51:20.2014118Z Downloading pip (1.8MiB)
2025-04-12T19:51:20.2015856Z Downloading networkx (1.6MiB)
2025-04-12T19:51:20.2018339Z Downloading kiwisolver (1.6MiB)
2025-04-12T19:51:20.2020238Z Downloading jedi (1.5MiB)
2025-04-12T19:51:20.2020671Z Downloading keras (1.3MiB)
2025-04-12T19:51:20.2021201Z Downloading setuptools (1.2MiB)
2025-04-12T19:51:20.2024618Z Downloading pygments (1.2MiB)
2025-04-12T19:51:20.2137567Z Downloading nvidia-cuda-cupti-cu12 (13.2MiB)
2025-04-12T19:51:20.2141370Z Downloading nvidia-cublas-cu12 (346.6MiB)
2025-04-12T19:51:20.2142486Z Downloading nvidia-cufft-cu12 (201.7MiB)
2025-04-12T19:51:20.2146032Z Downloading nvidia-cusparselt-cu12 (143.1MiB)
2025-04-12T19:51:20.2146608Z Downloading nvidia-cusolver-cu12 (122.0MiB)
2025-04-12T19:51:20.2147151Z Downloading nvidia-curand-cu12 (53.7MiB)
2025-04-12T19:51:20.2148777Z Downloading libclang (23.4MiB)
2025-04-12T19:51:20.2150880Z Downloading matplotlib (8.2MiB)
2025-04-12T19:51:20.2151571Z Downloading sympy (5.9MiB)
2025-04-12T19:51:20.2153640Z Downloading debugpy (3.4MiB)
2025-04-12T19:51:20.2154805Z Downloading tiktoken (1.1MiB)
2025-04-12T19:51:20.2157716Z Downloading nvidia-cudnn-cu12 (634.0MiB)
2025-04-12T19:51:20.2158540Z Downloading tensorflow (614.9MiB)
2025-04-12T19:51:20.2160029Z Downloading fonttools (4.4MiB)
2025-04-12T19:51:20.2161087Z Downloading nvidia-nvjitlink-cu12 (20.1MiB)
2025-04-12T19:51:20.2162088Z Downloading nvidia-nccl-cu12 (179.9MiB)
2025-04-12T19:51:20.2163103Z Downloading tensorboard-data-server (6.3MiB)
2025-04-12T19:51:20.2165353Z Downloading nvidia-cuda-nvrtc-cu12 (23.5MiB)
2025-04-12T19:51:20.2166214Z Downloading grpcio (5.7MiB)
2025-04-12T19:51:20.2167651Z Downloading nvidia-cusparse-cu12 (197.8MiB)
2025-04-12T19:51:20.2170825Z Downloading torch (731.2MiB)
2025-04-12T19:51:20.2172396Z Downloading pandas (12.5MiB)
2025-04-12T19:51:20.2173167Z Downloading triton (241.4MiB)
2025-04-12T19:51:20.9257532Z  Downloaded tiktoken
2025-04-12T19:51:21.1377266Z  Downloaded pygments
2025-04-12T19:51:21.1570442Z  Downloaded kiwisolver
2025-04-12T19:51:21.4163493Z  Downloaded pip
2025-04-12T19:51:21.6336479Z  Downloaded setuptools
2025-04-12T19:51:21.8490031Z  Downloaded networkx
2025-04-12T19:51:22.0080584Z  Downloaded keras
2025-04-12T19:51:22.0403772Z  Downloaded debugpy
2025-04-12T19:51:22.3822153Z  Downloaded cryptography
2025-04-12T19:51:22.4682488Z  Downloaded fonttools
2025-04-12T19:51:22.4943332Z  Downloaded pillow
2025-04-12T19:51:22.5092327Z  Downloaded ml-dtypes
2025-04-12T19:51:22.5332500Z  Downloaded tensorflow-io-gcs-filesystem
2025-04-12T19:51:22.5468244Z  Downloaded h5py
2025-04-12T19:51:22.7608173Z  Downloaded tensorboard
2025-04-12T19:51:22.8620779Z  Downloaded grpcio
2025-04-12T19:51:22.9725139Z       Built llms-from-scratch @ file:///home/runner/work/LLMs-from-scratch/LLMs-from-scratch
2025-04-12T19:51:22.9782011Z  Downloaded tensorboard-data-server
2025-04-12T19:51:23.3935139Z  Downloaded matplotlib
2025-04-12T19:51:23.5500464Z  Downloaded sympy
2025-04-12T19:51:23.7742694Z  Downloaded babel
2025-04-12T19:51:24.1901464Z  Downloaded nvidia-cuda-cupti-cu12
2025-04-12T19:51:24.2969039Z  Downloaded jupyterlab
2025-04-12T19:51:24.5128652Z  Downloaded pandas
2025-04-12T19:51:24.5236950Z  Downloaded jedi
2025-04-12T19:51:25.1044162Z  Downloaded nvidia-nvjitlink-cu12
2025-04-12T19:51:25.4642336Z  Downloaded libclang
2025-04-12T19:51:25.5045704Z  Downloaded nvidia-cuda-nvrtc-cu12
2025-04-12T19:51:25.8783448Z  Downloaded numpy
2025-04-12T19:51:28.2080067Z  Downloaded nvidia-curand-cu12
2025-04-12T19:51:33.6668478Z  Downloaded nvidia-cusolver-cu12
2025-04-12T19:51:35.2070834Z  Downloaded nvidia-cusparselt-cu12
2025-04-12T19:51:37.2805117Z  Downloaded nvidia-nccl-cu12
2025-04-12T19:51:38.1222137Z  Downloaded nvidia-cufft-cu12
2025-04-12T19:51:38.1557780Z  Downloaded nvidia-cusparse-cu12
2025-04-12T19:51:43.1115336Z  Downloaded nvidia-cublas-cu12
2025-04-12T19:51:43.2580805Z  Downloaded triton
2025-04-12T19:51:48.7362060Z  Downloaded nvidia-cudnn-cu12
2025-04-12T19:51:51.3689212Z  Downloaded torch
2025-04-12T19:51:52.7306799Z  Downloaded tensorflow
2025-04-12T19:51:52.7309353Z Prepared 177 packages in 32.55s
2025-04-12T19:51:53.3538113Z Installed 177 packages in 622ms
2025-04-12T19:51:53.3539700Z  + absl-py==2.2.2
2025-04-12T19:51:53.3541867Z  + anyio==4.9.0
2025-04-12T19:51:53.3542654Z  + argon2-cffi==23.1.0
2025-04-12T19:51:53.3543231Z  + argon2-cffi-bindings==21.2.0
2025-04-12T19:51:53.3543850Z  + arrow==1.3.0
2025-04-12T19:51:53.3544334Z  + asttokens==3.0.0
2025-04-12T19:51:53.3545011Z  + astunparse==1.6.3
2025-04-12T19:51:53.3545427Z  + async-lru==2.0.5
2025-04-12T19:51:53.3545815Z  + attrs==25.3.0
2025-04-12T19:51:53.3546196Z  + babel==2.17.0
2025-04-12T19:51:53.3546604Z  + backports-tarfile==1.2.0
2025-04-12T19:51:53.3547081Z  + beautifulsoup4==4.13.3
2025-04-12T19:51:53.3547524Z  + bleach==6.2.0
2025-04-12T19:51:53.3547926Z  + build==1.2.2.post1
2025-04-12T19:51:53.3548346Z  + certifi==2025.1.31
2025-04-12T19:51:53.3548763Z  + cffi==1.17.1
2025-04-12T19:51:53.3549170Z  + charset-normalizer==3.4.1
2025-04-12T19:51:53.3549634Z  + comm==0.2.2
2025-04-12T19:51:53.3550010Z  + contourpy==1.3.1
2025-04-12T19:51:53.3550425Z  + cryptography==44.0.2
2025-04-12T19:51:53.3550848Z  + cycler==0.12.1
2025-04-12T19:51:53.3551234Z  + debugpy==1.8.14
2025-04-12T19:51:53.3551629Z  + decorator==5.2.1
2025-04-12T19:51:53.3552022Z  + defusedxml==0.7.1
2025-04-12T19:51:53.3552430Z  + docutils==0.21.2
2025-04-12T19:51:53.3552839Z  + exceptiongroup==1.2.2
2025-04-12T19:51:53.3553281Z  + executing==2.2.0
2025-04-12T19:51:53.3553684Z  + fastjsonschema==2.21.1
2025-04-12T19:51:53.3554945Z  + filelock==3.18.0
2025-04-12T19:51:53.3555274Z  + flatbuffers==25.2.10
2025-04-12T19:51:53.3555965Z  + fonttools==4.57.0
2025-04-12T19:51:53.3556278Z  + fqdn==1.5.1
2025-04-12T19:51:53.3556909Z  + fsspec==2025.3.2
2025-04-12T19:51:53.3557216Z  + gast==0.6.0
2025-04-12T19:51:53.3557516Z  + google-pasta==0.2.0
2025-04-12T19:51:53.3558009Z  + grpcio==1.71.0
2025-04-12T19:51:53.3558299Z  + h11==0.14.0
2025-04-12T19:51:53.3558577Z  + h5py==3.13.0
2025-04-12T19:51:53.3558859Z  + httpcore==1.0.8
2025-04-12T19:51:53.3559273Z  + httpx==0.28.1
2025-04-12T19:51:53.3559559Z  + id==1.5.0
2025-04-12T19:51:53.3559832Z  + idna==3.10
2025-04-12T19:51:53.3560134Z  + importlib-metadata==8.6.1
2025-04-12T19:51:53.3560500Z  + iniconfig==2.1.0
2025-04-12T19:51:53.3560807Z  + ipykernel==6.29.5
2025-04-12T19:51:53.3561112Z  + ipython==8.35.0
2025-04-12T19:51:53.3561421Z  + isoduration==20.11.0
2025-04-12T19:51:53.3561749Z  + jaraco-classes==3.4.0
2025-04-12T19:51:53.3562092Z  + jaraco-context==6.0.1
2025-04-12T19:51:53.3562439Z  + jaraco-functools==4.1.0
2025-04-12T19:51:53.3562778Z  + jedi==0.19.2
2025-04-12T19:51:53.3563064Z  + jeepney==0.9.0
2025-04-12T19:51:53.3563351Z  + jinja2==3.1.6
2025-04-12T19:51:53.3563643Z  + json5==0.12.0
2025-04-12T19:51:53.3563939Z  + jsonpointer==3.0.0
2025-04-12T19:51:53.3564845Z  + jsonschema==4.23.0
2025-04-12T19:51:53.3565228Z  + jsonschema-specifications==2024.10.1
2025-04-12T19:51:53.3565666Z  + jupyter-client==8.6.3
2025-04-12T19:51:53.3566015Z  + jupyter-core==5.7.2
2025-04-12T19:51:53.3566362Z  + jupyter-events==0.12.0
2025-04-12T19:51:53.3566718Z  + jupyter-lsp==2.2.5
2025-04-12T19:51:53.3567058Z  + jupyter-server==2.15.0
2025-04-12T19:51:53.3567432Z  + jupyter-server-terminals==0.5.3
2025-04-12T19:51:53.3567842Z  + jupyterlab==4.4.0
2025-04-12T19:51:53.3568224Z  + jupyterlab-pygments==0.3.0
2025-04-12T19:51:53.3568741Z  + jupyterlab-server==2.27.3
2025-04-12T19:51:53.3569114Z  + keras==3.9.2
2025-04-12T19:51:53.3569413Z  + keyring==25.6.0
2025-04-12T19:51:53.3569730Z  + kiwisolver==1.4.8
2025-04-12T19:51:53.3570043Z  + libclang==18.1.1
2025-04-12T19:51:53.3570662Z  + llms-from-scratch==1.0.6 (from file:///home/runner/work/LLMs-from-scratch/LLMs-from-scratch)
2025-04-12T19:51:53.3571357Z  + markdown==3.8
2025-04-12T19:51:53.3571677Z  + markdown-it-py==3.0.0
2025-04-12T19:51:53.3572033Z  + markupsafe==3.0.2
2025-04-12T19:51:53.3572359Z  + matplotlib==3.10.1
2025-04-12T19:51:53.3572706Z  + matplotlib-inline==0.1.7
2025-04-12T19:51:53.3573067Z  + mdurl==0.1.2
2025-04-12T19:51:53.3573364Z  + mistune==3.1.3
2025-04-12T19:51:53.3573665Z  + ml-dtypes==0.5.1
2025-04-12T19:51:53.3574010Z  + more-itertools==10.6.0
2025-04-12T19:51:53.3574357Z  + mpmath==1.3.0
2025-04-12T19:51:53.3574847Z  + namex==0.0.8
2025-04-12T19:51:53.3575150Z  + nbclient==0.10.2
2025-04-12T19:51:53.3575457Z  + nbconvert==7.16.6
2025-04-12T19:51:53.3575771Z  + nbformat==5.10.4
2025-04-12T19:51:53.3576090Z  + nest-asyncio==1.6.0
2025-04-12T19:51:53.3576418Z  + networkx==3.4.2
2025-04-12T19:51:53.3576717Z  + nh3==0.2.21
2025-04-12T19:51:53.3577015Z  + notebook-shim==0.2.4
2025-04-12T19:51:53.3577347Z  + numpy==2.0.2
2025-04-12T19:51:53.3577668Z  + nvidia-cublas-cu12==12.4.5.8
2025-04-12T19:51:53.3578082Z  + nvidia-cuda-cupti-cu12==12.4.127
2025-04-12T19:51:53.3578521Z  + nvidia-cuda-nvrtc-cu12==12.4.127
2025-04-12T19:51:53.3578943Z  + nvidia-cuda-runtime-cu12==12.4.127
2025-04-12T19:51:53.3579390Z  + nvidia-cudnn-cu12==9.1.0.70
2025-04-12T19:51:53.3579771Z  + nvidia-cufft-cu12==11.2.1.3
2025-04-12T19:51:53.3580153Z  + nvidia-curand-cu12==10.3.5.147
2025-04-12T19:51:53.3580560Z  + nvidia-cusolver-cu12==11.6.1.9
2025-04-12T19:51:53.3580956Z  + nvidia-cusparse-cu12==12.3.1.170
2025-04-12T19:51:53.3581375Z  + nvidia-cusparselt-cu12==0.6.2
2025-04-12T19:51:53.3581769Z  + nvidia-nccl-cu12==2.21.5
2025-04-12T19:51:53.3582150Z  + nvidia-nvjitlink-cu12==12.4.127
2025-04-12T19:51:53.3582557Z  + nvidia-nvtx-cu12==12.4.127
2025-04-12T19:51:53.3582918Z  + opt-einsum==3.4.0
2025-04-12T19:51:53.3583242Z  + optree==0.15.0
2025-04-12T19:51:53.3583552Z  + overrides==7.7.0
2025-04-12T19:51:53.3583867Z  + packaging==24.2
2025-04-12T19:51:53.3584192Z  + pandas==2.2.3
2025-04-12T19:51:53.3584667Z  + pandocfilters==1.5.1
2025-04-12T19:51:53.3585003Z  + parso==0.8.4
2025-04-12T19:51:53.3585519Z  + pexpect==4.9.0
2025-04-12T19:51:53.3585845Z  + pillow==11.2.1
2025-04-12T19:51:53.3586293Z  + pip==25.0.1
2025-04-12T19:51:53.3586592Z  + platformdirs==4.3.7
2025-04-12T19:51:53.3586943Z  + pluggy==1.5.0
2025-04-12T19:51:53.3588362Z  + prometheus-client==0.21.1
2025-04-12T19:51:53.3588774Z  + prompt-toolkit==3.0.50
2025-04-12T19:51:53.3589117Z  + protobuf==5.29.4
2025-04-12T19:51:53.3589411Z  + psutil==7.0.0
2025-04-12T19:51:53.3589717Z  + ptyprocess==0.7.0
2025-04-12T19:51:53.3590032Z  + pure-eval==0.2.3
2025-04-12T19:51:53.3590336Z  + pycparser==2.22
2025-04-12T19:51:53.3590625Z  + pygments==2.19.1
2025-04-12T19:51:53.3591078Z  + pyparsing==3.2.3
2025-04-12T19:51:53.3591473Z  + pyproject-hooks==1.2.0
2025-04-12T19:51:53.3591865Z  + pytest==8.3.5
2025-04-12T19:51:53.3592205Z  + python-dateutil==2.9.0.post0
2025-04-12T19:51:53.3592657Z  + python-json-logger==3.3.0
2025-04-12T19:51:53.3593084Z  + pytz==2025.2
2025-04-12T19:51:53.3593417Z  + pyyaml==6.0.2
2025-04-12T19:51:53.3593795Z  + pyzmq==26.4.0
2025-04-12T19:51:53.3594111Z  + readme-renderer==44.0
2025-04-12T19:51:53.3594641Z  + referencing==0.36.2
2025-04-12T19:51:53.3594983Z  + regex==2024.11.6
2025-04-12T19:51:53.3595275Z  + requests==2.32.3
2025-04-12T19:51:53.3595570Z  + requests-toolbelt==1.0.0
2025-04-12T19:51:53.3595924Z  + rfc3339-validator==0.1.4
2025-04-12T19:51:53.3596231Z  + rfc3986==2.0.0
2025-04-12T19:51:53.3596528Z  + rfc3986-validator==0.1.1
2025-04-12T19:51:53.3596842Z  + rich==14.0.0
2025-04-12T19:51:53.3597125Z  + rpds-py==0.24.0
2025-04-12T19:51:53.3597417Z  + secretstorage==3.3.3
2025-04-12T19:51:53.3597727Z  + send2trash==1.8.3
2025-04-12T19:51:53.3598030Z  + setuptools==78.1.0
2025-04-12T19:51:53.3598316Z  + six==1.17.0
2025-04-12T19:51:53.3598577Z  + sniffio==1.3.1
2025-04-12T19:51:53.3598869Z  + soupsieve==2.6
2025-04-12T19:51:53.3599158Z  + stack-data==0.6.3
2025-04-12T19:51:53.3599446Z  + sympy==1.13.1
2025-04-12T19:51:53.3599743Z  + tensorboard==2.19.0
2025-04-12T19:51:53.3600116Z  + tensorboard-data-server==0.7.2
2025-04-12T19:51:53.3600524Z  + tensorflow==2.19.0
2025-04-12T19:51:53.3600906Z  + tensorflow-io-gcs-filesystem==0.37.1
2025-04-12T19:51:53.3601356Z  + termcolor==3.0.1
2025-04-12T19:51:53.3601672Z  + terminado==0.18.1
2025-04-12T19:51:53.3602003Z  + tiktoken==0.9.0
2025-04-12T19:51:53.3602317Z  + tinycss2==1.4.0
2025-04-12T19:51:53.3602627Z  + tomli==2.2.1
2025-04-12T19:51:53.3602933Z  + torch==2.6.0
2025-04-12T19:51:53.3603226Z  + tornado==6.4.2
2025-04-12T19:51:53.3603509Z  + tqdm==4.67.1
2025-04-12T19:51:53.3603760Z  + traitlets==5.14.3
2025-04-12T19:51:53.3604022Z  + triton==3.2.0
2025-04-12T19:51:53.3604270Z  + twine==6.1.0
2025-04-12T19:51:53.3604756Z  + types-python-dateutil==2.9.0.20241206
2025-04-12T19:51:53.3605141Z  + typing-extensions==4.13.2
2025-04-12T19:51:53.3605444Z  + tzdata==2025.2
2025-04-12T19:51:53.3605715Z  + uri-template==1.3.0
2025-04-12T19:51:53.3606003Z  + urllib3==2.4.0
2025-04-12T19:51:53.3606254Z  + wcwidth==0.2.13
2025-04-12T19:51:53.3606526Z  + webcolors==24.11.1
2025-04-12T19:51:53.3606809Z  + webencodings==0.5.1
2025-04-12T19:51:53.3607111Z  + websocket-client==1.8.0
2025-04-12T19:51:53.3607423Z  + werkzeug==3.1.3
2025-04-12T19:51:53.3607683Z  + wheel==0.45.1
2025-04-12T19:51:53.3607937Z  + wrapt==1.17.2
2025-04-12T19:51:53.3608188Z  + zipp==3.21.0
2025-04-12T19:51:53.5557191Z Resolved 188 packages in 95ms
2025-04-12T19:51:53.6019060Z    Building llms-from-scratch @ file:///home/runner/work/LLMs-from-scratch/LLMs-from-scratch
2025-04-12T19:51:53.6087539Z Downloading ruff (10.8MiB)
2025-04-12T19:51:53.7264061Z  Downloaded ruff
2025-04-12T19:51:54.2780986Z       Built llms-from-scratch @ file:///home/runner/work/LLMs-from-scratch/LLMs-from-scratch
2025-04-12T19:51:54.2789088Z Prepared 2 packages in 677ms
2025-04-12T19:51:54.2794214Z Uninstalled 1 package in 0.40ms
2025-04-12T19:51:54.2805970Z Installed 2 packages in 1ms
2025-04-12T19:51:54.2806684Z  ~ llms-from-scratch==1.0.6 (from file:///home/runner/work/LLMs-from-scratch/LLMs-from-scratch)
2025-04-12T19:51:54.2807429Z  + ruff==0.11.5
2025-04-12T19:51:54.2923608Z ##[group]Run source .venv/bin/activate
2025-04-12T19:51:54.2923933Z [36;1msource .venv/bin/activate[0m
2025-04-12T19:51:54.2924360Z [36;1mruff check .[0m
2025-04-12T19:51:54.2973945Z shell: /usr/bin/bash -e {0}
2025-04-12T19:51:54.2974192Z env:
2025-04-12T19:51:54.2974686Z   pythonLocation: /opt/hostedtoolcache/Python/3.13.2/x64
2025-04-12T19:51:54.2975282Z   PKG_CONFIG_PATH: /opt/hostedtoolcache/Python/3.13.2/x64/lib/pkgconfig
2025-04-12T19:51:54.2975722Z   Python_ROOT_DIR: /opt/hostedtoolcache/Python/3.13.2/x64
2025-04-12T19:51:54.2976105Z   Python2_ROOT_DIR: /opt/hostedtoolcache/Python/3.13.2/x64
2025-04-12T19:51:54.2976493Z   Python3_ROOT_DIR: /opt/hostedtoolcache/Python/3.13.2/x64
2025-04-12T19:51:54.2976893Z   LD_LIBRARY_PATH: /opt/hostedtoolcache/Python/3.13.2/x64/lib
2025-04-12T19:51:54.2977232Z ##[endgroup]
2025-04-12T19:51:54.3435823Z All checks passed!
2025-04-12T19:51:54.3517548Z Post job cleanup.
2025-04-12T19:51:54.5123456Z Post job cleanup.
2025-04-12T19:51:54.6048728Z [command]/usr/bin/git version
2025-04-12T19:51:54.6084287Z git version 2.49.0
2025-04-12T19:51:54.6126149Z Temporarily overriding HOME='/home/runner/work/_temp/f5621ea9-5c8b-4681-a4a9-0b31dadb6c59' before making global git config changes
2025-04-12T19:51:54.6127301Z Adding repository directory to the temporary git global config as a safe directory
2025-04-12T19:51:54.6131938Z [command]/usr/bin/git config --global --add safe.directory /home/runner/work/LLMs-from-scratch/LLMs-from-scratch
2025-04-12T19:51:54.6167930Z [command]/usr/bin/git config --local --name-only --get-regexp core\.sshCommand
2025-04-12T19:51:54.6199800Z [command]/usr/bin/git submodule foreach --recursive sh -c "git config --local --name-only --get-regexp 'core\.sshCommand' && git config --local --unset-all 'core.sshCommand' || :"
2025-04-12T19:51:54.6430074Z [command]/usr/bin/git config --local --name-only --get-regexp http\.https\:\/\/github\.com\/\.extraheader
2025-04-12T19:51:54.6451059Z http.https://github.com/.extraheader
2025-04-12T19:51:54.6487491Z [command]/usr/bin/git config --local --unset-all http.https://github.com/.extraheader
2025-04-12T19:51:54.6497484Z [command]/usr/bin/git submodule foreach --recursive sh -c "git config --local --name-only --get-regexp 'http\.https\:\/\/github\.com\/\.extraheader' && git config --local --unset-all 'http.https://github.com/.extraheader' || :"
2025-04-12T19:51:54.6825439Z Cleaning up orphan processes
