2025-04-15T04:30:36.6073897Z Prepare all required actions
2025-04-15T04:30:36.6074474Z Getting action download info
2025-04-15T04:30:36.7966167Z ##[group]Download immutable action package 'actions/cache@v4'
2025-04-15T04:30:36.7966757Z Version: 4.2.3
2025-04-15T04:30:36.7967350Z Digest: sha256:c8a3bb963e1f1826d8fcc8d1354f0dd29d8ac1db1d4f6f20247055ae11b81ed9
2025-04-15T04:30:36.7968446Z Source commit SHA: 5a3ec84eff668545956fd18022155c47e93e2684
2025-04-15T04:30:36.7968959Z ##[endgroup]
2025-04-15T04:30:36.9069318Z ##[group]Download immutable action package 'actions/github-script@v6'
2025-04-15T04:30:36.9069685Z Version: 6.4.1
2025-04-15T04:30:36.9070016Z Digest: sha256:c493e77940bce2b1f3c9cb8e34f9a4c963412fab10227de97afd5905dec76e82
2025-04-15T04:30:36.9070449Z Source commit SHA: d7906e4ad0b1822421a7e6a35d5ca353c962f410
2025-04-15T04:30:36.9070739Z ##[endgroup]
2025-04-15T04:30:37.1716822Z ##[group]Run ./.github/actions/restore-cache
2025-04-15T04:30:37.1717117Z env:
2025-04-15T04:30:37.1717282Z   FORCE_COLOR: 1
2025-04-15T04:30:37.1717552Z   HEAD_COMMIT: c8f42f52035033f81069a80122b5fe3ea07b7639
2025-04-15T04:30:37.1718361Z   CACHED_DEPENDENCY_PATHS: /home/runner/work/Ghost/Ghost/node_modules
/home/runner/work/Ghost/Ghost/apps/*/node_modules
/home/runner/work/Ghost/Ghost/ghost/*/node_modules
~/.cache/ms-playwright/

2025-04-15T04:30:37.1719189Z   CACHED_BUILD_PATHS: /home/runner/work/Ghost/Ghost/ghost/*/build

2025-04-15T04:30:37.1719517Z   NX_REJECT_UNKNOWN_LOCAL_CACHE: 0
2025-04-15T04:30:37.1719744Z   NODE_VERSION: 20.11.1
2025-04-15T04:30:37.1720311Z   DEPENDENCY_CACHE_KEY: dep-cache-46d3612baa49315b21e584047a36e462ad8fb4a9efc89c11fd35d8c48fd71c98-c8f42f52035033f81069a80122b5fe3ea07b7639
2025-04-15T04:30:37.1720912Z ##[endgroup]
2025-04-15T04:30:37.1809204Z ##[group]Run actions/cache/restore@v4
2025-04-15T04:30:37.1809453Z with:
2025-04-15T04:30:37.1810099Z   path: /home/runner/work/Ghost/Ghost/node_modules
/home/runner/work/Ghost/Ghost/apps/*/node_modules
/home/runner/work/Ghost/Ghost/ghost/*/node_modules
~/.cache/ms-playwright/

2025-04-15T04:30:37.1811120Z   key: dep-cache-46d3612baa49315b21e584047a36e462ad8fb4a9efc89c11fd35d8c48fd71c98-c8f42f52035033f81069a80122b5fe3ea07b7639
2025-04-15T04:30:37.1811675Z   enableCrossOsArchive: false
2025-04-15T04:30:37.1811907Z   fail-on-cache-miss: false
2025-04-15T04:30:37.1812119Z   lookup-only: false
2025-04-15T04:30:37.1812314Z env:
2025-04-15T04:30:37.1812468Z   FORCE_COLOR: 1
2025-04-15T04:30:37.1812688Z   HEAD_COMMIT: c8f42f52035033f81069a80122b5fe3ea07b7639
2025-04-15T04:30:37.1813467Z   CACHED_DEPENDENCY_PATHS: /home/runner/work/Ghost/Ghost/node_modules
/home/runner/work/Ghost/Ghost/apps/*/node_modules
/home/runner/work/Ghost/Ghost/ghost/*/node_modules
~/.cache/ms-playwright/

2025-04-15T04:30:37.1814427Z   CACHED_BUILD_PATHS: /home/runner/work/Ghost/Ghost/ghost/*/build

2025-04-15T04:30:37.1814755Z   NX_REJECT_UNKNOWN_LOCAL_CACHE: 0
2025-04-15T04:30:37.1814982Z   NODE_VERSION: 20.11.1
2025-04-15T04:30:37.1815537Z   DEPENDENCY_CACHE_KEY: dep-cache-46d3612baa49315b21e584047a36e462ad8fb4a9efc89c11fd35d8c48fd71c98-c8f42f52035033f81069a80122b5fe3ea07b7639
2025-04-15T04:30:37.1816130Z ##[endgroup]
2025-04-15T04:30:37.5841209Z Cache hit for: dep-cache-46d3612baa49315b21e584047a36e462ad8fb4a9efc89c11fd35d8c48fd71c98-c8f42f52035033f81069a80122b5fe3ea07b7639
2025-04-15T04:30:38.8653025Z Received 4194304 of 247028079 (1.7%), 4.0 MBs/sec
2025-04-15T04:30:39.8659249Z Received 134217728 of 247028079 (54.3%), 64.0 MBs/sec
2025-04-15T04:30:40.6318749Z Received 247028079 of 247028079 (100.0%), 85.2 MBs/sec
2025-04-15T04:30:40.6321164Z Cache Size: ~236 MB (247028079 B)
2025-04-15T04:30:40.6361542Z [command]/usr/bin/tar -xf /home/runner/work/_temp/0a342240-fd51-49c2-beb9-2abdc0744775/cache.tzst -P -C /home/runner/work/Ghost/Ghost --use-compress-program unzstd
2025-04-15T04:30:47.6452725Z Cache restored successfully
2025-04-15T04:30:47.7878577Z Cache restored from key: dep-cache-46d3612baa49315b21e584047a36e462ad8fb4a9efc89c11fd35d8c48fd71c98-c8f42f52035033f81069a80122b5fe3ea07b7639
2025-04-15T04:30:47.8065102Z ##[group]Run actions/cache/restore@v4
2025-04-15T04:30:47.8065823Z with:
2025-04-15T04:30:47.8066204Z   path: /home/runner/work/Ghost/Ghost/ghost/*/build

2025-04-15T04:30:47.8066748Z   key: c8f42f52035033f81069a80122b5fe3ea07b7639
2025-04-15T04:30:47.8067234Z   enableCrossOsArchive: false
2025-04-15T04:30:47.8067656Z   fail-on-cache-miss: false
2025-04-15T04:30:47.8068261Z   lookup-only: false
2025-04-15T04:30:47.8068597Z env:
2025-04-15T04:30:47.8068886Z   FORCE_COLOR: 1
2025-04-15T04:30:47.8069283Z   HEAD_COMMIT: c8f42f52035033f81069a80122b5fe3ea07b7639
2025-04-15T04:30:47.8070749Z   CACHED_DEPENDENCY_PATHS: /home/runner/work/Ghost/Ghost/node_modules
/home/runner/work/Ghost/Ghost/apps/*/node_modules
/home/runner/work/Ghost/Ghost/ghost/*/node_modules
~/.cache/ms-playwright/

2025-04-15T04:30:47.8072266Z   CACHED_BUILD_PATHS: /home/runner/work/Ghost/Ghost/ghost/*/build

2025-04-15T04:30:47.8072844Z   NX_REJECT_UNKNOWN_LOCAL_CACHE: 0
2025-04-15T04:30:47.8073236Z   NODE_VERSION: 20.11.1
2025-04-15T04:30:47.8074445Z   DEPENDENCY_CACHE_KEY: dep-cache-46d3612baa49315b21e584047a36e462ad8fb4a9efc89c11fd35d8c48fd71c98-c8f42f52035033f81069a80122b5fe3ea07b7639
2025-04-15T04:30:47.8075534Z ##[endgroup]
2025-04-15T04:30:48.2310885Z Cache hit for: c8f42f52035033f81069a80122b5fe3ea07b7639
2025-04-15T04:30:48.7494637Z Received 60480 of 60480 (100.0%), 0.3 MBs/sec
2025-04-15T04:30:48.7495403Z Cache Size: ~0 MB (60480 B)
2025-04-15T04:30:48.7531286Z [command]/usr/bin/tar -xf /home/runner/work/_temp/9294d7f5-6a58-49cb-8455-5565633a4845/cache.tzst -P -C /home/runner/work/Ghost/Ghost --use-compress-program unzstd
2025-04-15T04:30:48.7606644Z Cache restored successfully
2025-04-15T04:30:48.7683595Z Cache restored from key: c8f42f52035033f81069a80122b5fe3ea07b7639
