2025-04-14T19:12:42.7901572Z Requested labels: ubuntu-latest
2025-04-14T19:12:42.7901867Z Job defined at: cypress-io/cypress/.github/workflows/semantic-pull-request.yml@refs/heads/develop
2025-04-14T19:12:42.7902005Z Waiting for a runner to pick up this job...
2025-04-14T19:12:43.1656461Z Job is waiting for a hosted runner to come online.
2025-04-14T19:12:46.8318665Z Job is about to start running on the hosted runner: GitHub Actions 69 (hosted)
2025-04-14T19:12:48.7722583Z Current runner version: '2.323.0'
2025-04-14T19:12:48.7748863Z ##[group]Operating System
2025-04-14T19:12:48.7749637Z Ubuntu
2025-04-14T19:12:48.7750133Z 24.04.2
2025-04-14T19:12:48.7750785Z LTS
2025-04-14T19:12:48.7751285Z ##[endgroup]
2025-04-14T19:12:48.7751823Z ##[group]Runner Image
2025-04-14T19:12:48.7752460Z Image: ubuntu-24.04
2025-04-14T19:12:48.7753263Z Version: 20250406.1.0
2025-04-14T19:12:48.7754373Z Included Software: https://github.com/actions/runner-images/blob/ubuntu24/20250406.1/images/ubuntu/Ubuntu2404-Readme.md
2025-04-14T19:12:48.7755730Z Image Release: https://github.com/actions/runner-images/releases/tag/ubuntu24%2F20250406.1
2025-04-14T19:12:48.7756620Z ##[endgroup]
2025-04-14T19:12:48.7757188Z ##[group]Runner Image Provisioner
2025-04-14T19:12:48.7757790Z 2.0.422.1
2025-04-14T19:12:48.7758281Z ##[endgroup]
2025-04-14T19:12:48.7759414Z ##[group]GITHUB_TOKEN Permissions
2025-04-14T19:12:48.7761180Z Contents: read
2025-04-14T19:12:48.7761804Z Metadata: read
2025-04-14T19:12:48.7762513Z PullRequests: read
2025-04-14T19:12:48.7763383Z ##[endgroup]
2025-04-14T19:12:48.7766492Z Secret source: Actions
2025-04-14T19:12:48.7767189Z Prepare workflow directory
2025-04-14T19:12:48.8184446Z Prepare all required actions
2025-04-14T19:12:48.8221829Z Getting action download info
2025-04-14T19:12:49.0686203Z ##[group]Download immutable action package 'actions/checkout@v4'
2025-04-14T19:12:49.0687189Z Version: 4.2.2
2025-04-14T19:12:49.0688071Z Digest: sha256:ccb2698953eaebd21c7bf6268a94f9c26518a7e38e27e0b83c1fe1ad049819b1
2025-04-14T19:12:49.0689147Z Source commit SHA: 11bd71901bbe5b1630ceea73d27597364c9af683
2025-04-14T19:12:49.0689830Z ##[endgroup]
2025-04-14T19:12:49.1549536Z ##[group]Download immutable action package 'actions/github-script@v7'
2025-04-14T19:12:49.1550306Z Version: 7.0.1
2025-04-14T19:12:49.1550981Z Digest: sha256:bce02966afe3a75123f766b765abe432fac5464b74976015dc06b811ac9054c7
2025-04-14T19:12:49.1551911Z Source commit SHA: 60a0d83039c74a4aee543508d2ffcb1c3799cdea
2025-04-14T19:12:49.1552559Z ##[endgroup]
2025-04-14T19:12:49.4100336Z Complete job name: Semantic Pull Request
2025-04-14T19:12:49.4856660Z ##[group]Run actions/checkout@v4
2025-04-14T19:12:49.4857566Z with:
2025-04-14T19:12:49.4858035Z   ref: renovate/socket.io-packages
2025-04-14T19:12:49.4858619Z   repository: cypress-io/cypress
2025-04-14T19:12:49.4859304Z   token: ***
2025-04-14T19:12:49.4859734Z   ssh-strict: true
2025-04-14T19:12:49.4860165Z   ssh-user: git
2025-04-14T19:12:49.4860611Z   persist-credentials: true
2025-04-14T19:12:49.4861109Z   clean: true
2025-04-14T19:12:49.4861562Z   sparse-checkout-cone-mode: true
2025-04-14T19:12:49.4862081Z   fetch-depth: 1
2025-04-14T19:12:49.4862514Z   fetch-tags: false
2025-04-14T19:12:49.4863393Z   show-progress: true
2025-04-14T19:12:49.4863873Z   lfs: false
2025-04-14T19:12:49.4864292Z   submodules: false
2025-04-14T19:12:49.4864751Z   set-safe-directory: true
2025-04-14T19:12:49.4865579Z ##[endgroup]
2025-04-14T19:12:49.6870249Z Syncing repository: cypress-io/cypress
2025-04-14T19:12:49.6872235Z ##[group]Getting Git version info
2025-04-14T19:12:49.6873354Z Working directory is '/home/runner/work/cypress/cypress'
2025-04-14T19:12:49.6874416Z [command]/usr/bin/git version
2025-04-14T19:12:49.6939782Z git version 2.49.0
2025-04-14T19:12:49.6969031Z ##[endgroup]
2025-04-14T19:12:49.6985913Z Temporarily overriding HOME='/home/runner/work/_temp/2fb02759-72f9-4c32-9411-4e97c518426e' before making global git config changes
2025-04-14T19:12:49.6988628Z Adding repository directory to the temporary git global config as a safe directory
2025-04-14T19:12:49.6992846Z [command]/usr/bin/git config --global --add safe.directory /home/runner/work/cypress/cypress
2025-04-14T19:12:49.7029762Z Deleting the contents of '/home/runner/work/cypress/cypress'
2025-04-14T19:12:49.7033970Z ##[group]Initializing the repository
2025-04-14T19:12:49.7038793Z [command]/usr/bin/git init /home/runner/work/cypress/cypress
2025-04-14T19:12:49.7120040Z hint: Using 'master' as the name for the initial branch. This default branch name
2025-04-14T19:12:49.7121811Z hint: is subject to change. To configure the initial branch name to use in all
2025-04-14T19:12:49.7123083Z hint: of your new repositories, which will suppress this warning, call:
2025-04-14T19:12:49.7123821Z hint:
2025-04-14T19:12:49.7124379Z hint: 	git config --global init.defaultBranch <name>
2025-04-14T19:12:49.7125171Z hint:
2025-04-14T19:12:49.7126352Z hint: Names commonly chosen instead of 'master' are 'main', 'trunk' and
2025-04-14T19:12:49.7128154Z hint: 'development'. The just-created branch can be renamed via this command:
2025-04-14T19:12:49.7129684Z hint:
2025-04-14T19:12:49.7130571Z hint: 	git branch -m <name>
2025-04-14T19:12:49.7132098Z Initialized empty Git repository in /home/runner/work/cypress/cypress/.git/
2025-04-14T19:12:49.7140030Z [command]/usr/bin/git remote add origin https://github.com/cypress-io/cypress
2025-04-14T19:12:49.7176667Z ##[endgroup]
2025-04-14T19:12:49.7178077Z ##[group]Disabling automatic garbage collection
2025-04-14T19:12:49.7181653Z [command]/usr/bin/git config --local gc.auto 0
2025-04-14T19:12:49.7210860Z ##[endgroup]
2025-04-14T19:12:49.7212341Z ##[group]Setting up auth
2025-04-14T19:12:49.7218907Z [command]/usr/bin/git config --local --name-only --get-regexp core\.sshCommand
2025-04-14T19:12:49.7251348Z [command]/usr/bin/git submodule foreach --recursive sh -c "git config --local --name-only --get-regexp 'core\.sshCommand' && git config --local --unset-all 'core.sshCommand' || :"
2025-04-14T19:12:49.7559066Z [command]/usr/bin/git config --local --name-only --get-regexp http\.https\:\/\/github\.com\/\.extraheader
2025-04-14T19:12:49.7589075Z [command]/usr/bin/git submodule foreach --recursive sh -c "git config --local --name-only --get-regexp 'http\.https\:\/\/github\.com\/\.extraheader' && git config --local --unset-all 'http.https://github.com/.extraheader' || :"
2025-04-14T19:12:49.7822791Z [command]/usr/bin/git config --local http.https://github.com/.extraheader AUTHORIZATION: basic ***
2025-04-14T19:12:49.7872085Z ##[endgroup]
2025-04-14T19:12:49.7873311Z ##[group]Fetching the repository
2025-04-14T19:12:49.7885383Z [command]/usr/bin/git -c protocol.version=2 fetch --no-tags --prune --no-recurse-submodules --depth=1 origin +refs/heads/renovate/socket.io-packages*:refs/remotes/origin/renovate/socket.io-packages* +refs/tags/renovate/socket.io-packages*:refs/tags/renovate/socket.io-packages*
2025-04-14T19:12:51.8917091Z From https://github.com/cypress-io/cypress
2025-04-14T19:12:51.8919626Z  * [new branch]      renovate/socket.io-packages -> origin/renovate/socket.io-packages
2025-04-14T19:12:51.8943328Z ##[endgroup]
2025-04-14T19:12:51.8945049Z ##[group]Determining the checkout info
2025-04-14T19:12:51.8950861Z [command]/usr/bin/git branch --list --remote origin/renovate/socket.io-packages
2025-04-14T19:12:51.8973248Z   origin/renovate/socket.io-packages
2025-04-14T19:12:51.8980744Z ##[endgroup]
2025-04-14T19:12:51.8985274Z [command]/usr/bin/git sparse-checkout disable
2025-04-14T19:12:51.9027163Z [command]/usr/bin/git config --local --unset-all extensions.worktreeConfig
2025-04-14T19:12:51.9055885Z ##[group]Checking out the ref
2025-04-14T19:12:51.9059291Z [command]/usr/bin/git checkout --progress --force -B renovate/socket.io-packages refs/remotes/origin/renovate/socket.io-packages
2025-04-14T19:12:52.5186411Z Switched to a new branch 'renovate/socket.io-packages'
2025-04-14T19:12:52.5187357Z branch 'renovate/socket.io-packages' set up to track 'origin/renovate/socket.io-packages'.
2025-04-14T19:12:52.5215602Z ##[endgroup]
2025-04-14T19:12:52.5260965Z [command]/usr/bin/git log -1 --format=%H
2025-04-14T19:12:52.5286038Z b4e5b10ac1076d5c8d87bd5aedd1e56c6bf6cb9e
2025-04-14T19:12:52.5613418Z ##[group]Run npm install
2025-04-14T19:12:52.5613767Z [36;1mnpm install[0m
2025-04-14T19:12:52.5667093Z shell: /usr/bin/bash -e {0}
2025-04-14T19:12:52.5667406Z ##[endgroup]
2025-04-14T19:12:55.4646282Z 
2025-04-14T19:12:55.4647822Z added 74 packages, and audited 75 packages in 3s
2025-04-14T19:12:55.4648468Z 
2025-04-14T19:12:55.4649228Z 13 packages are looking for funding
2025-04-14T19:12:55.4649792Z   run `npm fund` for details
2025-04-14T19:12:55.4656876Z 
2025-04-14T19:12:55.4657305Z found 0 vulnerabilities
2025-04-14T19:12:55.4869016Z ##[group]Run actions/github-script@v7
2025-04-14T19:12:55.4869329Z with:
2025-04-14T19:12:55.4869906Z   script: const verifyPullRequest = require('./scripts/github-actions/semantic-pull-request')

await verifyPullRequest({ context, core, github })

2025-04-14T19:12:55.4870682Z   github-token: ***
2025-04-14T19:12:55.4870890Z   debug: false
2025-04-14T19:12:55.4871089Z   user-agent: actions/github-script
2025-04-14T19:12:55.4871377Z   result-encoding: json
2025-04-14T19:12:55.4871584Z   retries: 0
2025-04-14T19:12:55.4871799Z   retry-exempt-status-codes: 400,401,403,404,422
2025-04-14T19:12:55.4872081Z ##[endgroup]
2025-04-14T19:12:56.4280102Z A changelog entry was not found in cli/CHANGELOG.md.
2025-04-14T19:12:56.4280593Z 
2025-04-14T19:12:56.4281006Z Please add a changelog entry that describes the changes. Include this entry under the section:
2025-04-14T19:12:56.4281450Z 
2025-04-14T19:12:56.4281545Z **Bugfixes:**
2025-04-14T19:12:56.4281684Z 
2025-04-14T19:12:56.4282052Z  - <Insert change details>. Fixed in [#29011](https://github.com/cypress-io/cypress/pull/29011).
2025-04-14T19:12:56.4282463Z 
2025-04-14T19:12:56.4308041Z ##[error]There was one or more errors when validating the changelog. See above for details.
2025-04-14T19:12:56.4448311Z Post job cleanup.
2025-04-14T19:12:56.5381837Z [command]/usr/bin/git version
2025-04-14T19:12:56.5418126Z git version 2.49.0
2025-04-14T19:12:56.5463189Z Temporarily overriding HOME='/home/runner/work/_temp/02e653bf-89cf-41cc-9c35-f01359450d9f' before making global git config changes
2025-04-14T19:12:56.5464538Z Adding repository directory to the temporary git global config as a safe directory
2025-04-14T19:12:56.5469533Z [command]/usr/bin/git config --global --add safe.directory /home/runner/work/cypress/cypress
2025-04-14T19:12:56.5507827Z [command]/usr/bin/git config --local --name-only --get-regexp core\.sshCommand
2025-04-14T19:12:56.5544317Z [command]/usr/bin/git submodule foreach --recursive sh -c "git config --local --name-only --get-regexp 'core\.sshCommand' && git config --local --unset-all 'core.sshCommand' || :"
2025-04-14T19:12:56.5804717Z [command]/usr/bin/git config --local --name-only --get-regexp http\.https\:\/\/github\.com\/\.extraheader
2025-04-14T19:12:56.5828708Z http.https://github.com/.extraheader
2025-04-14T19:12:56.5841495Z [command]/usr/bin/git config --local --unset-all http.https://github.com/.extraheader
2025-04-14T19:12:56.5875041Z [command]/usr/bin/git submodule foreach --recursive sh -c "git config --local --name-only --get-regexp 'http\.https\:\/\/github\.com\/\.extraheader' && git config --local --unset-all 'http.https://github.com/.extraheader' || :"
2025-04-14T19:12:56.6263426Z Cleaning up orphan processes
