2025-04-14T17:13:02.0021207Z Requested labels: ubuntu-latest
2025-04-14T17:13:02.0021500Z Job defined at: open-webui/open-webui/.github/workflows/format-backend.yaml@refs/pull/12860/merge
2025-04-14T17:13:02.0022036Z Waiting for a runner to pick up this job...
2025-04-14T17:13:03.1467790Z Job is waiting for a hosted runner to come online.
2025-04-14T17:13:05.9204789Z Job is about to start running on the hosted runner: GitHub Actions 13 (hosted)
2025-04-14T17:13:07.5329951Z Current runner version: '2.323.0'
2025-04-14T17:13:07.5355020Z ##[group]Operating System
2025-04-14T17:13:07.5355876Z Ubuntu
2025-04-14T17:13:07.5356350Z 24.04.2
2025-04-14T17:13:07.5356848Z LTS
2025-04-14T17:13:07.5357383Z ##[endgroup]
2025-04-14T17:13:07.5358162Z ##[group]Runner Image
2025-04-14T17:13:07.5358862Z Image: ubuntu-24.04
2025-04-14T17:13:07.5359450Z Version: 20250406.1.0
2025-04-14T17:13:07.5360505Z Included Software: https://github.com/actions/runner-images/blob/ubuntu24/20250406.1/images/ubuntu/Ubuntu2404-Readme.md
2025-04-14T17:13:07.5361878Z Image Release: https://github.com/actions/runner-images/releases/tag/ubuntu24%2F20250406.1
2025-04-14T17:13:07.5362865Z ##[endgroup]
2025-04-14T17:13:07.5363391Z ##[group]Runner Image Provisioner
2025-04-14T17:13:07.5364025Z 2.0.422.1
2025-04-14T17:13:07.5364502Z ##[endgroup]
2025-04-14T17:13:07.5366708Z ##[group]GITHUB_TOKEN Permissions
2025-04-14T17:13:07.5369113Z Actions: read
2025-04-14T17:13:07.5369858Z Attestations: read
2025-04-14T17:13:07.5370610Z Checks: read
2025-04-14T17:13:07.5371138Z Contents: read
2025-04-14T17:13:07.5371771Z Deployments: read
2025-04-14T17:13:07.5372291Z Discussions: read
2025-04-14T17:13:07.5372821Z Issues: read
2025-04-14T17:13:07.5373413Z Metadata: read
2025-04-14T17:13:07.5373955Z Models: read
2025-04-14T17:13:07.5374504Z Packages: read
2025-04-14T17:13:07.5375127Z Pages: read
2025-04-14T17:13:07.5375651Z PullRequests: read
2025-04-14T17:13:07.5376252Z RepositoryProjects: read
2025-04-14T17:13:07.5376897Z SecurityEvents: read
2025-04-14T17:13:07.5377439Z Statuses: read
2025-04-14T17:13:07.5378235Z ##[endgroup]
2025-04-14T17:13:07.5381383Z Secret source: None
2025-04-14T17:13:07.5382486Z Prepare workflow directory
2025-04-14T17:13:07.5777016Z Prepare all required actions
2025-04-14T17:13:07.5814553Z Getting action download info
2025-04-14T17:13:07.7334312Z ##[group]Download immutable action package 'actions/checkout@v4'
2025-04-14T17:13:07.7335176Z Version: 4.2.2
2025-04-14T17:13:07.7335997Z Digest: sha256:ccb2698953eaebd21c7bf6268a94f9c26518a7e38e27e0b83c1fe1ad049819b1
2025-04-14T17:13:07.7337022Z Source commit SHA: 11bd71901bbe5b1630ceea73d27597364c9af683
2025-04-14T17:13:07.7337637Z ##[endgroup]
2025-04-14T17:13:07.8208347Z ##[group]Download immutable action package 'actions/setup-python@v5'
2025-04-14T17:13:07.8209081Z Version: 5.5.0
2025-04-14T17:13:07.8209739Z Digest: sha256:1fac95d751afd58314aebd2ab01d4bf3b3109a441917bd2cac2a22898ec494f7
2025-04-14T17:13:07.8210648Z Source commit SHA: 8d9ed9ac5c53483de85588cdf95a591a75ab9f55
2025-04-14T17:13:07.8211313Z ##[endgroup]
2025-04-14T17:13:08.1200718Z Complete job name: Format Backend (3.11.x)
2025-04-14T17:13:08.1995532Z ##[group]Run actions/checkout@v4
2025-04-14T17:13:08.1996369Z with:
2025-04-14T17:13:08.1996779Z   repository: open-webui/open-webui
2025-04-14T17:13:08.1997445Z   token: ***
2025-04-14T17:13:08.1998093Z   ssh-strict: true
2025-04-14T17:13:08.1998559Z   ssh-user: git
2025-04-14T17:13:08.1998998Z   persist-credentials: true
2025-04-14T17:13:08.1999498Z   clean: true
2025-04-14T17:13:08.1999953Z   sparse-checkout-cone-mode: true
2025-04-14T17:13:08.2000438Z   fetch-depth: 1
2025-04-14T17:13:08.2000832Z   fetch-tags: false
2025-04-14T17:13:08.2001228Z   show-progress: true
2025-04-14T17:13:08.2001636Z   lfs: false
2025-04-14T17:13:08.2002008Z   submodules: false
2025-04-14T17:13:08.2002418Z   set-safe-directory: true
2025-04-14T17:13:08.2003151Z ##[endgroup]
2025-04-14T17:13:08.3840142Z Syncing repository: open-webui/open-webui
2025-04-14T17:13:08.3841984Z ##[group]Getting Git version info
2025-04-14T17:13:08.3842746Z Working directory is '/home/runner/work/open-webui/open-webui'
2025-04-14T17:13:08.3843862Z [command]/usr/bin/git version
2025-04-14T17:13:08.3890725Z git version 2.49.0
2025-04-14T17:13:08.3918332Z ##[endgroup]
2025-04-14T17:13:08.3932678Z Temporarily overriding HOME='/home/runner/work/_temp/5a68ff9e-baa8-403e-a3c7-644a775ddb6e' before making global git config changes
2025-04-14T17:13:08.3934070Z Adding repository directory to the temporary git global config as a safe directory
2025-04-14T17:13:08.3938144Z [command]/usr/bin/git config --global --add safe.directory /home/runner/work/open-webui/open-webui
2025-04-14T17:13:08.3972728Z Deleting the contents of '/home/runner/work/open-webui/open-webui'
2025-04-14T17:13:08.3976624Z ##[group]Initializing the repository
2025-04-14T17:13:08.3981065Z [command]/usr/bin/git init /home/runner/work/open-webui/open-webui
2025-04-14T17:13:08.4041488Z hint: Using 'master' as the name for the initial branch. This default branch name
2025-04-14T17:13:08.4042707Z hint: is subject to change. To configure the initial branch name to use in all
2025-04-14T17:13:08.4043692Z hint: of your new repositories, which will suppress this warning, call:
2025-04-14T17:13:08.4044404Z hint:
2025-04-14T17:13:08.4044977Z hint: 	git config --global init.defaultBranch <name>
2025-04-14T17:13:08.4045928Z hint:
2025-04-14T17:13:08.4046602Z hint: Names commonly chosen instead of 'master' are 'main', 'trunk' and
2025-04-14T17:13:08.4047476Z hint: 'development'. The just-created branch can be renamed via this command:
2025-04-14T17:13:08.4048452Z hint:
2025-04-14T17:13:08.4048890Z hint: 	git branch -m <name>
2025-04-14T17:13:08.4049668Z Initialized empty Git repository in /home/runner/work/open-webui/open-webui/.git/
2025-04-14T17:13:08.4057368Z [command]/usr/bin/git remote add origin https://github.com/open-webui/open-webui
2025-04-14T17:13:08.4092532Z ##[endgroup]
2025-04-14T17:13:08.4093744Z ##[group]Disabling automatic garbage collection
2025-04-14T17:13:08.4097361Z [command]/usr/bin/git config --local gc.auto 0
2025-04-14T17:13:08.4127111Z ##[endgroup]
2025-04-14T17:13:08.4128664Z ##[group]Setting up auth
2025-04-14T17:13:08.4134994Z [command]/usr/bin/git config --local --name-only --get-regexp core\.sshCommand
2025-04-14T17:13:08.4166773Z [command]/usr/bin/git submodule foreach --recursive sh -c "git config --local --name-only --get-regexp 'core\.sshCommand' && git config --local --unset-all 'core.sshCommand' || :"
2025-04-14T17:13:08.4456739Z [command]/usr/bin/git config --local --name-only --get-regexp http\.https\:\/\/github\.com\/\.extraheader
2025-04-14T17:13:08.4496231Z [command]/usr/bin/git submodule foreach --recursive sh -c "git config --local --name-only --get-regexp 'http\.https\:\/\/github\.com\/\.extraheader' && git config --local --unset-all 'http.https://github.com/.extraheader' || :"
2025-04-14T17:13:08.4721217Z [command]/usr/bin/git config --local http.https://github.com/.extraheader AUTHORIZATION: basic ***
2025-04-14T17:13:08.4762720Z ##[endgroup]
2025-04-14T17:13:08.4763510Z ##[group]Fetching the repository
2025-04-14T17:13:08.4772017Z [command]/usr/bin/git -c protocol.version=2 fetch --no-tags --prune --no-recurse-submodules --depth=1 origin +d6ed133bbdf3f3d7aff92df4eee72d48acb840a4:refs/remotes/pull/12860/merge
2025-04-14T17:13:10.4063654Z From https://github.com/open-webui/open-webui
2025-04-14T17:13:10.4065537Z  * [new ref]         d6ed133bbdf3f3d7aff92df4eee72d48acb840a4 -> pull/12860/merge
2025-04-14T17:13:10.4095494Z ##[endgroup]
2025-04-14T17:13:10.4097243Z ##[group]Determining the checkout info
2025-04-14T17:13:10.4099194Z ##[endgroup]
2025-04-14T17:13:10.4103632Z [command]/usr/bin/git sparse-checkout disable
2025-04-14T17:13:10.4143430Z [command]/usr/bin/git config --local --unset-all extensions.worktreeConfig
2025-04-14T17:13:10.4170888Z ##[group]Checking out the ref
2025-04-14T17:13:10.4175059Z [command]/usr/bin/git checkout --progress --force refs/remotes/pull/12860/merge
2025-04-14T17:13:11.0067035Z Note: switching to 'refs/remotes/pull/12860/merge'.
2025-04-14T17:13:11.0068410Z 
2025-04-14T17:13:11.0069233Z You are in 'detached HEAD' state. You can look around, make experimental
2025-04-14T17:13:11.0071009Z changes and commit them, and you can discard any commits you make in this
2025-04-14T17:13:11.0072774Z state without impacting any branches by switching back to a branch.
2025-04-14T17:13:11.0073821Z 
2025-04-14T17:13:11.0074524Z If you want to create a new branch to retain commits you create, you may
2025-04-14T17:13:11.0076456Z do so (now or later) by using -c with the switch command. Example:
2025-04-14T17:13:11.0077307Z 
2025-04-14T17:13:11.0077634Z   git switch -c <new-branch-name>
2025-04-14T17:13:11.0078426Z 
2025-04-14T17:13:11.0078779Z Or undo this operation with:
2025-04-14T17:13:11.0079298Z 
2025-04-14T17:13:11.0079600Z   git switch -
2025-04-14T17:13:11.0080069Z 
2025-04-14T17:13:11.0080789Z Turn off this advice by setting config variable advice.detachedHead to false
2025-04-14T17:13:11.0081795Z 
2025-04-14T17:13:11.0082892Z HEAD is now at d6ed133 Merge 628651cac6e9d3258edb52ac310c84ac67c07fae into e4c7417522638086bb07a7c97b913ec1d141fa90
2025-04-14T17:13:11.0096811Z ##[endgroup]
2025-04-14T17:13:11.0136538Z [command]/usr/bin/git log -1 --format=%H
2025-04-14T17:13:11.0160577Z d6ed133bbdf3f3d7aff92df4eee72d48acb840a4
2025-04-14T17:13:11.0473590Z ##[group]Run actions/setup-python@v5
2025-04-14T17:13:11.0474829Z with:
2025-04-14T17:13:11.0475701Z   python-version: 3.11.x
2025-04-14T17:13:11.0476768Z   check-latest: false
2025-04-14T17:13:11.0478276Z   token: ***
2025-04-14T17:13:11.0479215Z   update-environment: true
2025-04-14T17:13:11.0480334Z   allow-prereleases: false
2025-04-14T17:13:11.0481435Z   freethreaded: false
2025-04-14T17:13:11.0482412Z ##[endgroup]
2025-04-14T17:13:11.2156609Z ##[group]Installed versions
2025-04-14T17:13:11.2219405Z Successfully set up CPython (3.11.11)
2025-04-14T17:13:11.2222282Z ##[endgroup]
2025-04-14T17:13:11.2374685Z ##[group]Run python -m pip install --upgrade pip
2025-04-14T17:13:11.2376028Z [36;1mpython -m pip install --upgrade pip[0m
2025-04-14T17:13:11.2377112Z [36;1mpip install black[0m
2025-04-14T17:13:11.2431574Z shell: /usr/bin/bash -e {0}
2025-04-14T17:13:11.2432487Z env:
2025-04-14T17:13:11.2433459Z   pythonLocation: /opt/hostedtoolcache/Python/3.11.11/x64
2025-04-14T17:13:11.2434959Z   PKG_CONFIG_PATH: /opt/hostedtoolcache/Python/3.11.11/x64/lib/pkgconfig
2025-04-14T17:13:11.2436418Z   Python_ROOT_DIR: /opt/hostedtoolcache/Python/3.11.11/x64
2025-04-14T17:13:11.2437779Z   Python2_ROOT_DIR: /opt/hostedtoolcache/Python/3.11.11/x64
2025-04-14T17:13:11.2439470Z   Python3_ROOT_DIR: /opt/hostedtoolcache/Python/3.11.11/x64
2025-04-14T17:13:11.2440822Z   LD_LIBRARY_PATH: /opt/hostedtoolcache/Python/3.11.11/x64/lib
2025-04-14T17:13:11.2441957Z ##[endgroup]
2025-04-14T17:13:11.8547038Z Requirement already satisfied: pip in /opt/hostedtoolcache/Python/3.11.11/x64/lib/python3.11/site-packages (25.0.1)
2025-04-14T17:13:12.5318841Z Collecting black
2025-04-14T17:13:12.5855692Z   Downloading black-25.1.0-cp311-cp311-manylinux_2_17_x86_64.manylinux2014_x86_64.manylinux_2_28_x86_64.whl.metadata (81 kB)
2025-04-14T17:13:12.6265375Z Collecting click>=8.0.0 (from black)
2025-04-14T17:13:12.6348716Z   Downloading click-8.1.8-py3-none-any.whl.metadata (2.3 kB)
2025-04-14T17:13:12.6498917Z Collecting mypy-extensions>=0.4.3 (from black)
2025-04-14T17:13:12.6572784Z   Downloading mypy_extensions-1.0.0-py3-none-any.whl.metadata (1.1 kB)
2025-04-14T17:13:12.6769382Z Collecting packaging>=22.0 (from black)
2025-04-14T17:13:12.6844247Z   Downloading packaging-24.2-py3-none-any.whl.metadata (3.2 kB)
2025-04-14T17:13:12.7019793Z Collecting pathspec>=0.9.0 (from black)
2025-04-14T17:13:12.7091674Z   Downloading pathspec-0.12.1-py3-none-any.whl.metadata (21 kB)
2025-04-14T17:13:12.7398712Z Collecting platformdirs>=2 (from black)
2025-04-14T17:13:12.7505801Z   Downloading platformdirs-4.3.7-py3-none-any.whl.metadata (11 kB)
2025-04-14T17:13:12.7662961Z Downloading black-25.1.0-cp311-cp311-manylinux_2_17_x86_64.manylinux2014_x86_64.manylinux_2_28_x86_64.whl (1.7 MB)
2025-04-14T17:13:12.7952325Z    ‚îÅ‚îÅ‚îÅ‚îÅ‚îÅ‚îÅ‚îÅ‚îÅ‚îÅ‚îÅ‚îÅ‚îÅ‚îÅ‚îÅ‚îÅ‚îÅ‚îÅ‚îÅ‚îÅ‚îÅ‚îÅ‚îÅ‚îÅ‚îÅ‚îÅ‚îÅ‚îÅ‚îÅ‚îÅ‚îÅ‚îÅ‚îÅ‚îÅ‚îÅ‚îÅ‚îÅ‚îÅ‚îÅ‚îÅ‚îÅ 1.7/1.7 MB 75.4 MB/s eta 0:00:00
2025-04-14T17:13:12.8029373Z Downloading click-8.1.8-py3-none-any.whl (98 kB)
2025-04-14T17:13:12.8134352Z Downloading mypy_extensions-1.0.0-py3-none-any.whl (4.7 kB)
2025-04-14T17:13:12.8228817Z Downloading packaging-24.2-py3-none-any.whl (65 kB)
2025-04-14T17:13:12.8327486Z Downloading pathspec-0.12.1-py3-none-any.whl (31 kB)
2025-04-14T17:13:12.8422737Z Downloading platformdirs-4.3.7-py3-none-any.whl (18 kB)
2025-04-14T17:13:12.8704638Z Installing collected packages: platformdirs, pathspec, packaging, mypy-extensions, click, black
2025-04-14T17:13:13.1246660Z Successfully installed black-25.1.0 click-8.1.8 mypy-extensions-1.0.0 packaging-24.2 pathspec-0.12.1 platformdirs-4.3.7
2025-04-14T17:13:13.2047094Z ##[group]Run npm run format:backend
2025-04-14T17:13:13.2047438Z [36;1mnpm run format:backend[0m
2025-04-14T17:13:13.2097248Z shell: /usr/bin/bash -e {0}
2025-04-14T17:13:13.2097493Z env:
2025-04-14T17:13:13.2097746Z   pythonLocation: /opt/hostedtoolcache/Python/3.11.11/x64
2025-04-14T17:13:13.2098336Z   PKG_CONFIG_PATH: /opt/hostedtoolcache/Python/3.11.11/x64/lib/pkgconfig
2025-04-14T17:13:13.2098741Z   Python_ROOT_DIR: /opt/hostedtoolcache/Python/3.11.11/x64
2025-04-14T17:13:13.2099135Z   Python2_ROOT_DIR: /opt/hostedtoolcache/Python/3.11.11/x64
2025-04-14T17:13:13.2099518Z   Python3_ROOT_DIR: /opt/hostedtoolcache/Python/3.11.11/x64
2025-04-14T17:13:13.2099887Z   LD_LIBRARY_PATH: /opt/hostedtoolcache/Python/3.11.11/x64/lib
2025-04-14T17:13:13.2100182Z ##[endgroup]
2025-04-14T17:13:13.4656885Z 
2025-04-14T17:13:13.4657280Z > open-webui@0.6.5 format:backend
2025-04-14T17:13:13.4658011Z > black . --exclude ".venv/|/venv/"
2025-04-14T17:13:13.4658361Z 
2025-04-14T17:13:16.2934971Z All done! ‚ú® üç∞ ‚ú®
2025-04-14T17:13:16.2935295Z 156 files left unchanged.
2025-04-14T17:13:16.3247126Z ##[group]Run git diff --exit-code
2025-04-14T17:13:16.3247440Z [36;1mgit diff --exit-code[0m
2025-04-14T17:13:16.3295268Z shell: /usr/bin/bash -e {0}
2025-04-14T17:13:16.3295512Z env:
2025-04-14T17:13:16.3295766Z   pythonLocation: /opt/hostedtoolcache/Python/3.11.11/x64
2025-04-14T17:13:16.3296190Z   PKG_CONFIG_PATH: /opt/hostedtoolcache/Python/3.11.11/x64/lib/pkgconfig
2025-04-14T17:13:16.3296602Z   Python_ROOT_DIR: /opt/hostedtoolcache/Python/3.11.11/x64
2025-04-14T17:13:16.3296951Z   Python2_ROOT_DIR: /opt/hostedtoolcache/Python/3.11.11/x64
2025-04-14T17:13:16.3297317Z   Python3_ROOT_DIR: /opt/hostedtoolcache/Python/3.11.11/x64
2025-04-14T17:13:16.3297679Z   LD_LIBRARY_PATH: /opt/hostedtoolcache/Python/3.11.11/x64/lib
2025-04-14T17:13:16.3298089Z ##[endgroup]
2025-04-14T17:13:16.3540932Z Post job cleanup.
2025-04-14T17:13:16.5134629Z Post job cleanup.
2025-04-14T17:13:16.6078042Z [command]/usr/bin/git version
2025-04-14T17:13:16.6123178Z git version 2.49.0
2025-04-14T17:13:16.6165606Z Temporarily overriding HOME='/home/runner/work/_temp/9ad9b620-6094-43b6-be91-15b0f39026e4' before making global git config changes
2025-04-14T17:13:16.6166918Z Adding repository directory to the temporary git global config as a safe directory
2025-04-14T17:13:16.6171400Z [command]/usr/bin/git config --global --add safe.directory /home/runner/work/open-webui/open-webui
2025-04-14T17:13:16.6206676Z [command]/usr/bin/git config --local --name-only --get-regexp core\.sshCommand
2025-04-14T17:13:16.6239801Z [command]/usr/bin/git submodule foreach --recursive sh -c "git config --local --name-only --get-regexp 'core\.sshCommand' && git config --local --unset-all 'core.sshCommand' || :"
2025-04-14T17:13:16.6480728Z [command]/usr/bin/git config --local --name-only --get-regexp http\.https\:\/\/github\.com\/\.extraheader
2025-04-14T17:13:16.6502610Z http.https://github.com/.extraheader
2025-04-14T17:13:16.6515460Z [command]/usr/bin/git config --local --unset-all http.https://github.com/.extraheader
2025-04-14T17:13:16.6547579Z [command]/usr/bin/git submodule foreach --recursive sh -c "git config --local --name-only --get-regexp 'http\.https\:\/\/github\.com\/\.extraheader' && git config --local --unset-all 'http.https://github.com/.extraheader' || :"
2025-04-14T17:13:16.6892740Z Cleaning up orphan processes
