2025-03-27T11:47:47.2704084Z Prepare all required actions
2025-03-27T11:47:47.2705502Z Getting action download info
2025-03-27T11:47:47.4300711Z Download action repository 'actions/setup-node@v4' (SHA:cdca7365b2dadb8aad0a33bc7601856ffabcc48e)
2025-03-27T11:47:47.5562366Z Download action repository 'actions/cache@v4' (SHA:5a3ec84eff668545956fd18022155c47e93e2684)
2025-03-27T11:47:48.2224284Z ##[group]Run ./.github/actions/setup
2025-03-27T11:47:48.2224671Z with:
2025-03-27T11:47:48.2224900Z   node-version: 20
2025-03-27T11:47:48.2225163Z   npm-version: 8
2025-03-27T11:47:48.2225398Z ##[endgroup]
2025-03-27T11:47:48.2365455Z ##[group]Run actions/setup-node@v4
2025-03-27T11:47:48.2365818Z with:
2025-03-27T11:47:48.2366036Z   node-version: 20
2025-03-27T11:47:48.2366323Z   registry-url: https://registry.npmjs.org
2025-03-27T11:47:48.2366658Z   always-auth: false
2025-03-27T11:47:48.2367049Z   check-latest: false
2025-03-27T11:47:48.2367476Z   token: ***
2025-03-27T11:47:48.2367713Z ##[endgroup]
2025-03-27T11:47:48.4102250Z Found in cache @ /opt/hostedtoolcache/node/20.19.0/x64
2025-03-27T11:47:48.4111408Z ##[group]Environment details
2025-03-27T11:47:59.7530291Z node: v20.19.0
2025-03-27T11:47:59.7530753Z npm: 10.8.2
2025-03-27T11:47:59.7531045Z yarn: 1.22.22
2025-03-27T11:47:59.7532041Z ##[endgroup]
2025-03-27T11:47:59.7684798Z ##[group]Run npm install -g npm@8
2025-03-27T11:47:59.7685227Z [36;1mnpm install -g npm@8[0m
2025-03-27T11:47:59.7798108Z shell: /usr/bin/bash --noprofile --norc -e -o pipefail {0}
2025-03-27T11:47:59.7798574Z env:
2025-03-27T11:47:59.7798867Z   NPM_CONFIG_USERCONFIG: /home/runner/work/_temp/.npmrc
2025-03-27T11:47:59.7799257Z   NODE_AUTH_TOKEN: XXXXX-XXXXX-XXXXX-XXXXX
2025-03-27T11:47:59.7799591Z ##[endgroup]
2025-03-27T11:48:06.9377727Z 
2025-03-27T11:48:06.9386440Z removed 54 packages, and changed 101 packages in 7s
2025-03-27T11:48:06.9387232Z 
2025-03-27T11:48:06.9387615Z 11 packages are looking for funding
2025-03-27T11:48:06.9388212Z   run `npm fund` for details
2025-03-27T11:48:07.2108930Z ##[group]Run actions/cache@v4
2025-03-27T11:48:07.2109199Z with:
2025-03-27T11:48:07.2109372Z   path: node_modules
2025-03-27T11:48:07.2109761Z   key: Linux-node-modules-bf32c163cb712155c8c90c0fed33cbb87b349ce9483520f1516d2f66d6b63e96
2025-03-27T11:48:07.2110217Z   restore-keys: Linux-node-modules-

2025-03-27T11:48:07.2110479Z   enableCrossOsArchive: false
2025-03-27T11:48:07.2110702Z   fail-on-cache-miss: false
2025-03-27T11:48:07.2110926Z   lookup-only: false
2025-03-27T11:48:07.2111114Z   save-always: false
2025-03-27T11:48:07.2111290Z env:
2025-03-27T11:48:07.2111511Z   NPM_CONFIG_USERCONFIG: /home/runner/work/_temp/.npmrc
2025-03-27T11:48:07.2111823Z   NODE_AUTH_TOKEN: XXXXX-XXXXX-XXXXX-XXXXX
2025-03-27T11:48:07.2112075Z ##[endgroup]
2025-03-27T11:48:07.6053033Z Cache hit for: Linux-node-modules-bf32c163cb712155c8c90c0fed33cbb87b349ce9483520f1516d2f66d6b63e96
2025-03-27T11:48:08.9453940Z Received 8388608 of 150071921 (5.6%), 8.0 MBs/sec
2025-03-27T11:48:09.9759209Z Received 134217728 of 150071921 (89.4%), 63.2 MBs/sec
2025-03-27T11:48:10.2201387Z Received 150071921 of 150071921 (100.0%), 62.9 MBs/sec
2025-03-27T11:48:10.2204687Z Cache Size: ~143 MB (150071921 B)
2025-03-27T11:48:10.2312489Z [command]/usr/bin/tar -xf /home/runner/work/_temp/8f549122-7e5d-4490-96c8-cf7602f53624/cache.tzst -P -C /home/runner/work/pixijs/pixijs --use-compress-program unzstd
2025-03-27T11:48:11.9160515Z Cache restored successfully
2025-03-27T11:48:12.1035084Z Cache restored from key: Linux-node-modules-bf32c163cb712155c8c90c0fed33cbb87b349ce9483520f1516d2f66d6b63e96
