2025-04-15T08:39:09.7167506Z Requested labels: ubuntu-24.04
2025-04-15T08:39:09.7167845Z Job defined at: microsoft/playwright/.github/workflows/infra.yml@refs/pull/35613/merge
2025-04-15T08:39:09.7167962Z Waiting for a runner to pick up this job...
2025-04-15T08:39:14.1881069Z Job is waiting for a hosted runner to come online.
2025-04-15T08:39:14.2529377Z Job is about to start running on the hosted runner: GitHub Actions 314 (hosted)
2025-04-15T08:39:16.7158326Z Current runner version: '2.323.0'
2025-04-15T08:39:16.7183422Z ##[group]Operating System
2025-04-15T08:39:16.7184161Z Ubuntu
2025-04-15T08:39:16.7184769Z 24.04.2
2025-04-15T08:39:16.7185375Z LTS
2025-04-15T08:39:16.7185996Z ##[endgroup]
2025-04-15T08:39:16.7186533Z ##[group]Runner Image
2025-04-15T08:39:16.7187090Z Image: ubuntu-24.04
2025-04-15T08:39:16.7187693Z Version: 20250406.1.0
2025-04-15T08:39:16.7189026Z Included Software: https://github.com/actions/runner-images/blob/ubuntu24/20250406.1/images/ubuntu/Ubuntu2404-Readme.md
2025-04-15T08:39:16.7190611Z Image Release: https://github.com/actions/runner-images/releases/tag/ubuntu24%2F20250406.1
2025-04-15T08:39:16.7191581Z ##[endgroup]
2025-04-15T08:39:16.7192125Z ##[group]Runner Image Provisioner
2025-04-15T08:39:16.7192683Z 2.0.422.1
2025-04-15T08:39:16.7193212Z ##[endgroup]
2025-04-15T08:39:16.7194284Z ##[group]GITHUB_TOKEN Permissions
2025-04-15T08:39:16.7196412Z Contents: read
2025-04-15T08:39:16.7196947Z Metadata: read
2025-04-15T08:39:16.7197728Z Packages: read
2025-04-15T08:39:16.7198295Z ##[endgroup]
2025-04-15T08:39:16.7201715Z Secret source: None
2025-04-15T08:39:16.7202534Z Prepare workflow directory
2025-04-15T08:39:16.7659011Z Prepare all required actions
2025-04-15T08:39:16.7695947Z Getting action download info
2025-04-15T08:39:16.9723099Z ##[group]Download immutable action package 'actions/checkout@v4'
2025-04-15T08:39:16.9723981Z Version: 4.2.2
2025-04-15T08:39:16.9724793Z Digest: sha256:ccb2698953eaebd21c7bf6268a94f9c26518a7e38e27e0b83c1fe1ad049819b1
2025-04-15T08:39:16.9725798Z Source commit SHA: 11bd71901bbe5b1630ceea73d27597364c9af683
2025-04-15T08:39:16.9726414Z ##[endgroup]
2025-04-15T08:39:17.0554103Z ##[group]Download immutable action package 'actions/setup-node@v4'
2025-04-15T08:39:17.0554819Z Version: 4.4.0
2025-04-15T08:39:17.0555466Z Digest: sha256:9427cefe82346e992fb5b949e3569b39d537ae41aa3086483b14eceebfc16bc1
2025-04-15T08:39:17.0556324Z Source commit SHA: 49933ea5288caeca8642d1e84afbd3f7d6820020
2025-04-15T08:39:17.0556946Z ##[endgroup]
2025-04-15T08:39:17.3536119Z Complete job name: docs & lint
2025-04-15T08:39:17.4304656Z ##[group]Run actions/checkout@v4
2025-04-15T08:39:17.4305573Z with:
2025-04-15T08:39:17.4306001Z   repository: microsoft/playwright
2025-04-15T08:39:17.4306705Z   token: ***
2025-04-15T08:39:17.4307101Z   ssh-strict: true
2025-04-15T08:39:17.4307504Z   ssh-user: git
2025-04-15T08:39:17.4307917Z   persist-credentials: true
2025-04-15T08:39:17.4308371Z   clean: true
2025-04-15T08:39:17.4308937Z   sparse-checkout-cone-mode: true
2025-04-15T08:39:17.4309433Z   fetch-depth: 1
2025-04-15T08:39:17.4309837Z   fetch-tags: false
2025-04-15T08:39:17.4310241Z   show-progress: true
2025-04-15T08:39:17.4310652Z   lfs: false
2025-04-15T08:39:17.4311031Z   submodules: false
2025-04-15T08:39:17.4311447Z   set-safe-directory: true
2025-04-15T08:39:17.4312128Z env:
2025-04-15T08:39:17.4312528Z   ELECTRON_SKIP_BINARY_DOWNLOAD: 1
2025-04-15T08:39:17.4313014Z ##[endgroup]
2025-04-15T08:39:17.6016434Z Syncing repository: microsoft/playwright
2025-04-15T08:39:17.6018415Z ##[group]Getting Git version info
2025-04-15T08:39:17.6019480Z Working directory is '/home/runner/work/playwright/playwright'
2025-04-15T08:39:17.6020470Z [command]/usr/bin/git version
2025-04-15T08:39:17.6073031Z git version 2.49.0
2025-04-15T08:39:17.6100392Z ##[endgroup]
2025-04-15T08:39:17.6114141Z Temporarily overriding HOME='/home/runner/work/_temp/f97faea0-fe45-4354-99cb-50104467c607' before making global git config changes
2025-04-15T08:39:17.6116421Z Adding repository directory to the temporary git global config as a safe directory
2025-04-15T08:39:17.6119398Z [command]/usr/bin/git config --global --add safe.directory /home/runner/work/playwright/playwright
2025-04-15T08:39:17.6153253Z Deleting the contents of '/home/runner/work/playwright/playwright'
2025-04-15T08:39:17.6156869Z ##[group]Initializing the repository
2025-04-15T08:39:17.6161038Z [command]/usr/bin/git init /home/runner/work/playwright/playwright
2025-04-15T08:39:17.6218194Z hint: Using 'master' as the name for the initial branch. This default branch name
2025-04-15T08:39:17.6220311Z hint: is subject to change. To configure the initial branch name to use in all
2025-04-15T08:39:17.6221919Z hint: of your new repositories, which will suppress this warning, call:
2025-04-15T08:39:17.6223158Z hint:
2025-04-15T08:39:17.6223977Z hint: 	git config --global init.defaultBranch <name>
2025-04-15T08:39:17.6224993Z hint:
2025-04-15T08:39:17.6225649Z hint: Names commonly chosen instead of 'master' are 'main', 'trunk' and
2025-04-15T08:39:17.6226613Z hint: 'development'. The just-created branch can be renamed via this command:
2025-04-15T08:39:17.6227359Z hint:
2025-04-15T08:39:17.6227760Z hint: 	git branch -m <name>
2025-04-15T08:39:17.6229158Z Initialized empty Git repository in /home/runner/work/playwright/playwright/.git/
2025-04-15T08:39:17.6235471Z [command]/usr/bin/git remote add origin https://github.com/microsoft/playwright
2025-04-15T08:39:17.6266701Z ##[endgroup]
2025-04-15T08:39:17.6267422Z ##[group]Disabling automatic garbage collection
2025-04-15T08:39:17.6270962Z [command]/usr/bin/git config --local gc.auto 0
2025-04-15T08:39:17.6298741Z ##[endgroup]
2025-04-15T08:39:17.6299435Z ##[group]Setting up auth
2025-04-15T08:39:17.6305374Z [command]/usr/bin/git config --local --name-only --get-regexp core\.sshCommand
2025-04-15T08:39:17.6335405Z [command]/usr/bin/git submodule foreach --recursive sh -c "git config --local --name-only --get-regexp 'core\.sshCommand' && git config --local --unset-all 'core.sshCommand' || :"
2025-04-15T08:39:17.6612163Z [command]/usr/bin/git config --local --name-only --get-regexp http\.https\:\/\/github\.com\/\.extraheader
2025-04-15T08:39:17.6644811Z [command]/usr/bin/git submodule foreach --recursive sh -c "git config --local --name-only --get-regexp 'http\.https\:\/\/github\.com\/\.extraheader' && git config --local --unset-all 'http.https://github.com/.extraheader' || :"
2025-04-15T08:39:17.6906452Z [command]/usr/bin/git config --local http.https://github.com/.extraheader AUTHORIZATION: basic ***
2025-04-15T08:39:17.6958177Z ##[endgroup]
2025-04-15T08:39:17.6960188Z ##[group]Fetching the repository
2025-04-15T08:39:17.6969284Z [command]/usr/bin/git -c protocol.version=2 fetch --no-tags --prune --no-recurse-submodules --depth=1 origin +c11b021f0f4860bf89681c1455a3bcdd3edead43:refs/remotes/pull/35613/merge
2025-04-15T08:39:19.1491130Z From https://github.com/microsoft/playwright
2025-04-15T08:39:19.1492315Z  * [new ref]         c11b021f0f4860bf89681c1455a3bcdd3edead43 -> pull/35613/merge
2025-04-15T08:39:19.1549681Z ##[endgroup]
2025-04-15T08:39:19.1551092Z ##[group]Determining the checkout info
2025-04-15T08:39:19.1552730Z ##[endgroup]
2025-04-15T08:39:19.1558138Z [command]/usr/bin/git sparse-checkout disable
2025-04-15T08:39:19.1603326Z [command]/usr/bin/git config --local --unset-all extensions.worktreeConfig
2025-04-15T08:39:19.1634612Z ##[group]Checking out the ref
2025-04-15T08:39:19.1640233Z [command]/usr/bin/git checkout --progress --force refs/remotes/pull/35613/merge
2025-04-15T08:39:19.3866204Z Note: switching to 'refs/remotes/pull/35613/merge'.
2025-04-15T08:39:19.3867345Z 
2025-04-15T08:39:19.3868016Z You are in 'detached HEAD' state. You can look around, make experimental
2025-04-15T08:39:19.3869737Z changes and commit them, and you can discard any commits you make in this
2025-04-15T08:39:19.3871179Z state without impacting any branches by switching back to a branch.
2025-04-15T08:39:19.3872016Z 
2025-04-15T08:39:19.3872590Z If you want to create a new branch to retain commits you create, you may
2025-04-15T08:39:19.3873897Z do so (now or later) by using -c with the switch command. Example:
2025-04-15T08:39:19.3874669Z 
2025-04-15T08:39:19.3875221Z   git switch -c <new-branch-name>
2025-04-15T08:39:19.3876254Z 
2025-04-15T08:39:19.3876944Z Or undo this operation with:
2025-04-15T08:39:19.3877880Z 
2025-04-15T08:39:19.3878368Z   git switch -
2025-04-15T08:39:19.3879322Z 
2025-04-15T08:39:19.3880258Z Turn off this advice by setting config variable advice.detachedHead to false
2025-04-15T08:39:19.3882134Z 
2025-04-15T08:39:19.3883810Z HEAD is now at c11b021 Merge 53d88558975ab8a8e024de13296cbf13b52f1f0f into 76ee48dc9d4034536e3ec5b2c7ce8be3b79418a8
2025-04-15T08:39:19.3889477Z ##[endgroup]
2025-04-15T08:39:19.3923164Z [command]/usr/bin/git log -1 --format=%H
2025-04-15T08:39:19.3945952Z c11b021f0f4860bf89681c1455a3bcdd3edead43
2025-04-15T08:39:19.4256340Z ##[group]Run actions/setup-node@v4
2025-04-15T08:39:19.4257418Z with:
2025-04-15T08:39:19.4258251Z   node-version: 18
2025-04-15T08:39:19.4259317Z   always-auth: false
2025-04-15T08:39:19.4260245Z   check-latest: false
2025-04-15T08:39:19.4261415Z   token: ***
2025-04-15T08:39:19.4262242Z env:
2025-04-15T08:39:19.4263103Z   ELECTRON_SKIP_BINARY_DOWNLOAD: 1
2025-04-15T08:39:19.4264126Z ##[endgroup]
2025-04-15T08:39:19.5970807Z Found in cache @ /opt/hostedtoolcache/node/18.20.8/x64
2025-04-15T08:39:19.5977442Z ##[group]Environment details
2025-04-15T08:39:19.9735801Z node: v18.20.8
2025-04-15T08:39:19.9736337Z npm: 10.8.2
2025-04-15T08:39:19.9736804Z yarn: 1.22.22
2025-04-15T08:39:19.9738013Z ##[endgroup]
2025-04-15T08:39:19.9846255Z ##[group]Run npm ci
2025-04-15T08:39:19.9846605Z [36;1mnpm ci[0m
2025-04-15T08:39:19.9899234Z shell: /usr/bin/bash -e {0}
2025-04-15T08:39:19.9899553Z env:
2025-04-15T08:39:19.9899796Z   ELECTRON_SKIP_BINARY_DOWNLOAD: 1
2025-04-15T08:39:19.9900084Z ##[endgroup]
2025-04-15T08:39:22.4067939Z npm warn deprecated xterm-addon-fit@0.7.0: This package is now deprecated. Move to @xterm/addon-fit instead.
2025-04-15T08:39:22.6295505Z npm warn deprecated readdir-scoped-modules@1.1.0: This functionality has been moved to @npmcli/fs
2025-04-15T08:39:22.8207062Z npm warn deprecated read-package-json@2.1.2: This package is no longer supported. Please use @npmcli/package-json instead.
2025-04-15T08:39:22.8222440Z npm warn deprecated osenv@0.1.5: This package is no longer supported.
2025-04-15T08:39:23.2136519Z npm warn deprecated inflight@1.0.6: This module is not supported, and leaks memory. Do not use it. Check out lru-cache if you want a good and tested way to coalesce async requests by a key value, which is much more comprehensive and powerful.
2025-04-15T08:39:23.2460768Z npm warn deprecated glob@7.2.3: Glob versions prior to v9 are no longer supported
2025-04-15T08:39:23.3075499Z npm warn deprecated read-installed@4.0.3: This package is no longer supported.
2025-04-15T08:39:23.6854640Z npm warn deprecated debuglog@1.0.1: Package no longer supported. Contact Support at https://www.npmjs.com/support for more info.
2025-04-15T08:39:23.9364116Z npm warn deprecated @types/immutable@3.8.7: This is a stub types definition for Facebook's Immutable (https://github.com/facebook/immutable-js). Facebook's Immutable provides its own type definitions, so you don't need @types/immutable installed!
2025-04-15T08:39:24.0286143Z npm warn deprecated boolean@3.2.0: Package no longer supported. Contact Support at https://www.npmjs.com/support for more info.
2025-04-15T08:39:25.9351503Z npm warn deprecated xterm@5.3.0: This package is now deprecated. Move to @xterm/xterm instead.
2025-04-15T08:39:33.5280724Z 
2025-04-15T08:39:33.5281558Z added 557 packages, and audited 580 packages in 13s
2025-04-15T08:39:33.5282227Z 
2025-04-15T08:39:33.5282555Z 147 packages are looking for funding
2025-04-15T08:39:33.5283173Z   run `npm fund` for details
2025-04-15T08:39:33.5440566Z 
2025-04-15T08:39:33.5441378Z 2 moderate severity vulnerabilities
2025-04-15T08:39:33.5441737Z 
2025-04-15T08:39:33.5441998Z To address all issues, run:
2025-04-15T08:39:33.5442641Z   npm audit fix
2025-04-15T08:39:33.5442946Z 
2025-04-15T08:39:33.5443204Z Run `npm audit` for details.
2025-04-15T08:39:33.5751376Z ##[group]Run npm run build
2025-04-15T08:39:33.5751664Z [36;1mnpm run build[0m
2025-04-15T08:39:33.5800161Z shell: /usr/bin/bash -e {0}
2025-04-15T08:39:33.5800391Z env:
2025-04-15T08:39:33.5800583Z   ELECTRON_SKIP_BINARY_DOWNLOAD: 1
2025-04-15T08:39:33.5800816Z ##[endgroup]
2025-04-15T08:39:33.7117238Z 
2025-04-15T08:39:33.7117942Z > playwright-internal@1.52.0-next build
2025-04-15T08:39:33.7119415Z > node utils/build/build.js
2025-04-15T08:39:33.7119707Z 
2025-04-15T08:39:33.8721500Z ==== Running npm ci --save=false --fund=false --audit=false in /home/runner/work/playwright/playwright/tests/playwright-test/stable-test-runner
2025-04-15T08:39:34.5950700Z 
2025-04-15T08:39:34.5951367Z added 3 packages in 653ms
2025-04-15T08:39:34.6032121Z ==== Running npm ci --save=false --fund=false --audit=false --omit=optional in /home/runner/work/playwright/playwright/packages/playwright/bundles/babel
2025-04-15T08:39:35.8815323Z 
2025-04-15T08:39:35.8815986Z added 75 packages in 1s
2025-04-15T08:39:35.8918848Z ==== Running npm ci --save=false --fund=false --audit=false --omit=optional in /home/runner/work/playwright/playwright/packages/playwright/bundles/expect
2025-04-15T08:39:36.7237071Z 
2025-04-15T08:39:36.7237917Z added 51 packages in 764ms
2025-04-15T08:39:36.7343433Z ==== Running npm ci --save=false --fund=false --audit=false --omit=optional in /home/runner/work/playwright/playwright/packages/playwright/bundles/utils
2025-04-15T08:39:37.6224974Z 
2025-04-15T08:39:37.6225586Z added 26 packages in 820ms
2025-04-15T08:39:37.6307953Z ==== Running npm ci --save=false --fund=false --audit=false --omit=optional in /home/runner/work/playwright/playwright/packages/playwright-core/bundles/utils
2025-04-15T08:39:38.5540035Z 
2025-04-15T08:39:38.5540938Z added 45 packages in 854ms
2025-04-15T08:39:38.5643169Z ==== Running npm ci --save=false --fund=false --audit=false --omit=optional in /home/runner/work/playwright/playwright/packages/playwright-core/bundles/zip
2025-04-15T08:39:39.1775367Z 
2025-04-15T08:39:39.1775991Z added 16 packages in 545ms
2025-04-15T08:39:39.1848075Z ==== Running node /home/runner/work/playwright/playwright/utils/generate_third_party_notice.js in /home/runner/work/playwright/playwright
2025-04-15T08:39:43.3724678Z ==== Running node utils/generate_clip_paths.js in /home/runner/work/playwright/playwright
2025-04-15T08:39:43.4402213Z ==== Running node utils/generate_injected.js in /home/runner/work/playwright/playwright
2025-04-15T08:39:43.5591191Z ==== Running npx esbuild "/home/runner/work/playwright/playwright/packages/playwright/src/**/*.ts" --outdir="/home/runner/work/playwright/playwright/packages/playwright/lib" --platform=node --format=cjs in /home/runner/work/playwright/playwright
2025-04-15T08:39:43.9495757Z 
2025-04-15T08:39:43.9496455Z   packages/playwright/lib/index.js                     28.8kb
2025-04-15T08:39:43.9497199Z   packages/playwright/lib/reporters/html.js            23.7kb
2025-04-15T08:39:43.9497911Z   packages/playwright/lib/worker/workerMain.js         21.5kb
2025-04-15T08:39:43.9500304Z   packages/playwright/lib/reporters/base.js            21.1kb
2025-04-15T08:39:43.9501097Z   packages/playwright/lib/program.js                   20.4kb
2025-04-15T08:39:43.9501836Z   packages/playwright/lib/runner/testServer.js         20.2kb
2025-04-15T08:39:43.9502566Z   packages/playwright/lib/runner/dispatcher.js         18.4kb
2025-04-15T08:39:43.9503301Z   packages/playwright/lib/matchers/matchers.js         18.1kb
2025-04-15T08:39:43.9504094Z   packages/playwright/lib/matchers/toMatchSnapshot.js  18.0kb
2025-04-15T08:39:43.9504815Z   packages/playwright/lib/reporters/merge.js           17.8kb
2025-04-15T08:39:43.9505591Z   packages/playwright/lib/worker/testInfo.js           17.7kb
2025-04-15T08:39:43.9506382Z   packages/playwright/lib/common/configLoader.js       17.4kb
2025-04-15T08:39:43.9507143Z   packages/playwright/lib/runner/tasks.js              16.2kb
2025-04-15T08:39:43.9507603Z   packages/playwright/lib/runner/watchMode.js          15.5kb
2025-04-15T08:39:43.9508320Z   packages/playwright/lib/util.js                      15.1kb
2025-04-15T08:39:43.9508997Z   packages/playwright/lib/isomorphic/teleReceiver.js   14.7kb
2025-04-15T08:39:43.9509415Z   packages/playwright/lib/common/testType.js           14.1kb
2025-04-15T08:39:43.9509814Z   packages/playwright/lib/runner/loadUtils.js          14.0kb
2025-04-15T08:39:43.9510211Z   packages/playwright/lib/matchers/expect.js           13.4kb
2025-04-15T08:39:43.9511001Z   packages/playwright/lib/worker/testTracing.js        13.2kb
2025-04-15T08:39:43.9511659Z   ...and 73 more output files...
2025-04-15T08:39:43.9511948Z 
2025-04-15T08:39:43.9512405Z âš¡ Done in 41ms
2025-04-15T08:39:43.9598148Z ==== Running npx esbuild "/home/runner/work/playwright/playwright/packages/playwright-core/src/**/*.ts" --outdir="/home/runner/work/playwright/playwright/packages/playwright-core/lib" --platform=node --format=cjs in /home/runner/work/playwright/playwright
2025-04-15T08:39:44.4272779Z 
2025-04-15T08:39:44.4273653Z   packages/playwright-core/lib/generated/injectedScriptSource.js      273.8kb
2025-04-15T08:39:44.4274822Z   packages/playwright-core/lib/protocol/validator.js                  212.5kb
2025-04-15T08:39:44.4275712Z   packages/playwright-core/lib/generated/consoleApiSource.js           77.7kb
2025-04-15T08:39:44.4276579Z   packages/playwright-core/lib/server/frames.js                        64.7kb
2025-04-15T08:39:44.4277413Z   packages/playwright-core/lib/server/registry/index.js                62.8kb
2025-04-15T08:39:44.4278281Z   packages/playwright-core/lib/generated/pollingRecorderSource.js      58.5kb
2025-04-15T08:39:44.4279461Z   packages/playwright-core/lib/server/webkit/wkPage.js                 49.6kb
2025-04-15T08:39:44.4280298Z   packages/playwright-core/lib/server/chromium/crPage.js               45.1kb
2025-04-15T08:39:44.4281130Z   packages/playwright-core/lib/server/dom.js                           36.4kb
2025-04-15T08:39:44.4282041Z   packages/playwright-core/lib/server/registry/nativeDeps.js           31.3kb
2025-04-15T08:39:44.4282936Z   packages/playwright-core/lib/server/page.js                          29.9kb
2025-04-15T08:39:44.4283836Z   packages/playwright-core/lib/server/chromium/crNetworkManager.js     29.8kb
2025-04-15T08:39:44.4284737Z   packages/playwright-core/lib/client/page.js                          28.3kb
2025-04-15T08:39:44.4285632Z   packages/playwright-core/lib/utils/isomorphic/cssTokenizer.js        26.2kb
2025-04-15T08:39:44.4286513Z   packages/playwright-core/lib/cli/program.js                          25.9kb
2025-04-15T08:39:44.4287279Z   packages/playwright-core/lib/server/fetch.js                         25.3kb
2025-04-15T08:39:44.4288072Z   packages/playwright-core/lib/server/browserContext.js                25.1kb
2025-04-15T08:39:44.4289180Z   packages/playwright-core/lib/utils/isomorphic/locatorGenerators.js   24.7kb
2025-04-15T08:39:44.4290097Z   packages/playwright-core/lib/client/network.js                       24.5kb
2025-04-15T08:39:44.4290995Z   packages/playwright-core/lib/server/har/harTracer.js                 23.7kb
2025-04-15T08:39:44.4291655Z   ...and 261 more output files...
2025-04-15T08:39:44.4291920Z 
2025-04-15T08:39:44.4292308Z âš¡ Done in 119ms
2025-04-15T08:39:44.4382594Z ==== Running npx esbuild "/home/runner/work/playwright/playwright/packages/playwright-dashboard/src/**/*.ts" --outdir="/home/runner/work/playwright/playwright/packages/playwright-dashboard/lib" --platform=node --format=cjs in /home/runner/work/playwright/playwright
2025-04-15T08:39:44.7965141Z 
2025-04-15T08:39:44.8058256Z   packages/playwright-dashboard/lib/markdownReporter.js     5.4kb
2025-04-15T08:39:44.8059852Z   packages/playwright-dashboard/lib/ghaMarkdownReporter.js  5.1kb
2025-04-15T08:39:44.8060341Z 
2025-04-15T08:39:44.8060781Z âš¡ Done in 3ms
2025-04-15T08:39:44.8063393Z ==== Running npx esbuild "/home/runner/work/playwright/playwright/packages/playwright-ct-core/src/**/*.ts" --outdir="/home/runner/work/playwright/playwright/packages/playwright-ct-core/lib" --platform=node --format=cjs in /home/runner/work/playwright/playwright
2025-04-15T08:39:45.1643057Z 
2025-04-15T08:39:45.1643833Z   packages/playwright-ct-core/lib/vitePlugin.js               9.9kb
2025-04-15T08:39:45.1644715Z   packages/playwright-ct-core/lib/viteUtils.js                7.2kb
2025-04-15T08:39:45.1645497Z   packages/playwright-ct-core/lib/tsxTransform.js             6.5kb
2025-04-15T08:39:45.1646261Z   packages/playwright-ct-core/lib/router.js                   6.1kb
2025-04-15T08:39:45.1647076Z   packages/playwright-ct-core/lib/generated/indexSource.js    4.4kb
2025-04-15T08:39:45.1647556Z   packages/playwright-ct-core/lib/devServer.js                4.3kb
2025-04-15T08:39:45.1647995Z   packages/playwright-ct-core/lib/mount.js                    4.3kb
2025-04-15T08:39:45.1648426Z   packages/playwright-ct-core/lib/injected/serializers.js     3.6kb
2025-04-15T08:39:45.1649176Z   packages/playwright-ct-core/lib/injected/importRegistry.js  2.1kb
2025-04-15T08:39:45.1649626Z   packages/playwright-ct-core/lib/program.js                  1.1kb
2025-04-15T08:39:45.1650057Z   packages/playwright-ct-core/lib/injected/index.js           312b 
2025-04-15T08:39:45.1650313Z 
2025-04-15T08:39:45.1650611Z âš¡ Done in 6ms
2025-04-15T08:39:45.1735790Z ==== Running npm run build in /home/runner/work/playwright/playwright/packages/playwright/bundles/babel
2025-04-15T08:39:45.3268698Z 
2025-04-15T08:39:45.3269218Z > babel-bundle@0.0.1 build
2025-04-15T08:39:45.3269654Z > npm run esbuild -- --minify
2025-04-15T08:39:45.3269855Z 
2025-04-15T08:39:45.4835456Z 
2025-04-15T08:39:45.4835895Z > babel-bundle@0.0.1 esbuild
2025-04-15T08:39:45.4837415Z > esbuild ./src/babelBundleImpl.ts --bundle --outdir=../../lib/transform --format=cjs --platform=node --target=ES2019 --external:playwright --minify
2025-04-15T08:39:45.4838431Z 
2025-04-15T08:39:45.5921255Z 
2025-04-15T08:39:45.5922278Z   ../../lib/transform/babelBundleImpl.js  1.3mb âš ï¸
2025-04-15T08:39:45.5922675Z 
2025-04-15T08:39:45.5923517Z âš¡ Done in 101ms
2025-04-15T08:39:45.6071433Z ==== Running npm run build in /home/runner/work/playwright/playwright/packages/playwright/bundles/expect
2025-04-15T08:39:45.7583876Z 
2025-04-15T08:39:45.7584697Z > expect-bundle@0.0.1 build
2025-04-15T08:39:45.7585108Z > npm run esbuild -- --minify
2025-04-15T08:39:45.7585322Z 
2025-04-15T08:39:45.9140299Z 
2025-04-15T08:39:45.9140862Z > expect-bundle@0.0.1 esbuild
2025-04-15T08:39:45.9141967Z > esbuild ./src/expectBundleImpl.ts --bundle --outdir=../../lib/common --format=cjs --platform=node --target=ES2019 --minify
2025-04-15T08:39:45.9142637Z 
2025-04-15T08:39:45.9501834Z 
2025-04-15T08:39:45.9502396Z   ../../lib/common/expectBundleImpl.js  249.6kb
2025-04-15T08:39:45.9502750Z 
2025-04-15T08:39:45.9503055Z âš¡ Done in 30ms
2025-04-15T08:39:45.9642490Z ==== Running npm run build in /home/runner/work/playwright/playwright/packages/playwright/bundles/utils
2025-04-15T08:39:46.1153561Z 
2025-04-15T08:39:46.1154141Z > utils-bundle@0.0.1 build
2025-04-15T08:39:46.1154708Z > npm run esbuild -- --minify
2025-04-15T08:39:46.1155016Z 
2025-04-15T08:39:46.2717063Z 
2025-04-15T08:39:46.2717622Z > utils-bundle@0.0.1 esbuild
2025-04-15T08:39:46.2718113Z > node build.js --minify
2025-04-15T08:39:46.2718320Z 
2025-04-15T08:39:46.3687835Z ==== Running npm run build in /home/runner/work/playwright/playwright/packages/playwright-core/bundles/utils
2025-04-15T08:39:46.5220643Z 
2025-04-15T08:39:46.5221154Z > utils-bundle@0.0.1 build
2025-04-15T08:39:46.5221812Z > npm run esbuild -- --minify
2025-04-15T08:39:46.5222049Z 
2025-04-15T08:39:46.6769834Z 
2025-04-15T08:39:46.6770414Z > utils-bundle@0.0.1 esbuild
2025-04-15T08:39:46.6770947Z > node build.js --minify
2025-04-15T08:39:46.6771177Z 
2025-04-15T08:39:46.8046833Z ==== Running npm run build in /home/runner/work/playwright/playwright/packages/playwright-core/bundles/zip
2025-04-15T08:39:46.9560013Z 
2025-04-15T08:39:46.9560573Z > zip-bundle@0.0.1 build
2025-04-15T08:39:46.9561110Z > npm run esbuild -- --minify
2025-04-15T08:39:46.9561389Z 
2025-04-15T08:39:47.1145650Z 
2025-04-15T08:39:47.1146560Z > zip-bundle@0.0.1 esbuild
2025-04-15T08:39:47.1147021Z > node build.js --minify
2025-04-15T08:39:47.1147225Z 
2025-04-15T08:39:47.1928675Z ==== Running npm run build in /home/runner/work/playwright/playwright/packages/playwright-client
2025-04-15T08:39:47.3553683Z 
2025-04-15T08:39:47.3554265Z > @playwright/client@0.0.0 build
2025-04-15T08:39:47.3555267Z > esbuild ./src/index.ts --outdir=lib --format=cjs --bundle --platform=node --target=ES2019
2025-04-15T08:39:47.3556301Z 
2025-04-15T08:39:47.3844507Z 
2025-04-15T08:39:47.3844815Z   lib/index.js  395.3kb
2025-04-15T08:39:47.3845098Z 
2025-04-15T08:39:47.3845471Z âš¡ Done in 22ms
2025-04-15T08:39:47.3920608Z ==== Running npx vite --config vite.sw.config.ts build in /home/runner/work/playwright/playwright/packages/trace-viewer
2025-04-15T08:39:47.9514865Z [36mvite v6.2.6 [32mbuilding for production...[36m[39m
2025-04-15T08:39:47.9999325Z transforming...
2025-04-15T08:39:48.4254654Z [32mâœ“[39m 35 modules transformed.
2025-04-15T08:39:48.4964546Z rendering chunks...
2025-04-15T08:39:48.4994781Z computing gzip size...
2025-04-15T08:39:48.5043127Z [2mpublic/[22m[36msw.bundle.js  [39m[1m[2m94.25 kB[22m[1m[22m[2m â”‚ gzip: 32.93 kB[22m
2025-04-15T08:39:48.5044285Z [32mâœ“ built in 530ms[39m
2025-04-15T08:39:48.5269809Z ==== Running npx vite build in /home/runner/work/playwright/playwright/packages/html-reporter
2025-04-15T08:39:49.0815676Z [36mvite v6.2.6 [32mbuilding for production...[36m[39m
2025-04-15T08:39:49.1464143Z transforming...
2025-04-15T08:39:50.2040993Z [32mâœ“[39m 88 modules transformed.
2025-04-15T08:39:50.3444059Z rendering chunks...
2025-04-15T08:39:50.3645813Z computing gzip size...
2025-04-15T08:39:50.3812679Z [2mdist/[22m[32mindex.html                 [39m[1m[2m456.59 kB[22m[1m[22m[2m â”‚ gzip: 174.33 kB[22m
2025-04-15T08:39:50.3813677Z [2mdist/[22m[2massets/[22m[35mstyle-PnV1rYJ2.css  [39m[1m[2m104.86 kB[22m[1m[22m[2m â”‚ gzip:  17.51 kB[22m
2025-04-15T08:39:50.3814532Z [2mdist/[22m[2massets/[22m[36mindex-D1RSRgJq.js   [39m[1m[2m351.31 kB[22m[1m[22m[2m â”‚ gzip: 156.38 kB[22m
2025-04-15T08:39:50.3815737Z [32mâœ“ built in 1.28s[39m
2025-04-15T08:39:50.4074040Z ==== Running npx vite build in /home/runner/work/playwright/playwright/packages/recorder
2025-04-15T08:39:50.9632433Z [36mvite v6.2.6 [32mbuilding for production...[36m[39m
2025-04-15T08:39:51.0273492Z transforming...
2025-04-15T08:39:53.2686880Z [32mâœ“[39m 163 modules transformed.
2025-04-15T08:39:53.5209914Z rendering chunks...
2025-04-15T08:39:53.5474471Z computing gzip size...
2025-04-15T08:39:53.5870852Z [2m../playwright-core/lib/vite/recorder/[22m[32mindex.html                            [39m[1m[2m  1.06 kB[22m[1m[22m[2m â”‚ gzip:  0.65 kB[22m
2025-04-15T08:39:53.5873733Z [2m../playwright-core/lib/vite/recorder/[22m[2massets/[22m[32mcodicon-DCmgc-ay.ttf           [39m[1m[2m 80.34 kB[22m[1m[22m
2025-04-15T08:39:53.5876756Z [2m../playwright-core/lib/vite/recorder/[22m[2massets/[22m[35mcodeMirrorModule-C3UTv-Ge.css  [39m[1m[2m  6.01 kB[22m[1m[22m[2m â”‚ gzip:  1.57 kB[22m
2025-04-15T08:39:53.5880285Z [2m../playwright-core/lib/vite/recorder/[22m[2massets/[22m[35mindex-eHBmevrY.css             [39m[1m[2m 92.01 kB[22m[1m[22m[2m â”‚ gzip: 15.29 kB[22m
2025-04-15T08:39:53.5897647Z [2m../playwright-core/lib/vite/recorder/[22m[2massets/[22m[36mcodeMirrorModule-DVQi6prl.js   [39m[1m[2m293.14 kB[22m[1m[22m[2m â”‚ gzip: 96.81 kB[22m
2025-04-15T08:39:53.5899879Z [2m../playwright-core/lib/vite/recorder/[22m[2massets/[22m[36mindex-97EUAAbk.js              [39m[1m[2m310.50 kB[22m[1m[22m[2m â”‚ gzip: 96.98 kB[22m
2025-04-15T08:39:53.5900583Z [32mâœ“ built in 2.60s[39m
2025-04-15T08:39:53.6378245Z ==== Running npx vite build in /home/runner/work/playwright/playwright/packages/trace-viewer
2025-04-15T08:39:54.1933046Z [36mvite v6.2.6 [32mbuilding for production...[36m[39m
2025-04-15T08:39:54.2602026Z transforming...
2025-04-15T08:39:57.9619246Z [32mâœ“[39m 275 modules transformed.
2025-04-15T08:39:58.1964062Z rendering chunks...
2025-04-15T08:39:58.3971466Z computing gzip size...
2025-04-15T08:39:58.4206841Z [2m../playwright-core/lib/vite/traceViewer/[22m[32muiMode.html                             [39m[1m[2m  0.63 kB[22m[1m[22m[2m â”‚ gzip:   0.36 kB[22m
2025-04-15T08:39:58.4208777Z [2m../playwright-core/lib/vite/traceViewer/[22m[32msnapshot.html                           [39m[1m[2m  0.80 kB[22m[1m[22m[2m â”‚ gzip:   0.42 kB[22m
2025-04-15T08:39:58.4210873Z [2m../playwright-core/lib/vite/traceViewer/[22m[32mindex.html                              [39m[1m[2m  2.26 kB[22m[1m[22m[2m â”‚ gzip:   1.01 kB[22m
2025-04-15T08:39:58.4212063Z [2m../playwright-core/lib/vite/traceViewer/[22m[32mcodicon.DCmgc-ay.ttf                    [39m[1m[2m 80.34 kB[22m[1m[22m
2025-04-15T08:39:58.4213097Z [2m../playwright-core/lib/vite/traceViewer/[22m[35mindex.CFOW-Ezb.css                      [39m[1m[2m  1.38 kB[22m[1m[22m[2m â”‚ gzip:   0.59 kB[22m
2025-04-15T08:39:58.4214784Z [2m../playwright-core/lib/vite/traceViewer/[22m[35mxtermModule.Beg8tuEN.css                [39m[1m[2m  3.97 kB[22m[1m[22m[2m â”‚ gzip:   1.64 kB[22m
2025-04-15T08:39:58.4216001Z [2m../playwright-core/lib/vite/traceViewer/[22m[35mcodeMirrorModule.C3UTv-Ge.css           [39m[1m[2m  6.01 kB[22m[1m[22m[2m â”‚ gzip:   1.57 kB[22m
2025-04-15T08:39:58.4217382Z [2m../playwright-core/lib/vite/traceViewer/[22m[35muiMode.BatfzHMG.css                     [39m[1m[2m 59.97 kB[22m[1m[22m[2m â”‚ gzip:   9.13 kB[22m
2025-04-15T08:39:58.4218715Z [2m../playwright-core/lib/vite/traceViewer/[22m[35mdefaultSettingsView.QdHITyLI.css        [39m[1m[2m110.58 kB[22m[1m[22m[2m â”‚ gzip:  18.83 kB[22m
2025-04-15T08:39:58.4219986Z [2m../playwright-core/lib/vite/traceViewer/[22m[36mindex.DvtSwn6E.js                       [39m[1m[2m  6.83 kB[22m[1m[22m[2m â”‚ gzip:   2.80 kB[22m
2025-04-15T08:39:58.4220564Z [33m
2025-04-15T08:39:58.4220935Z (!) Some chunks are larger than 500 kB after minification. Consider:
2025-04-15T08:39:58.4221455Z - Using dynamic import() to code-split the application
2025-04-15T08:39:58.4222721Z - Use build.rollupOptions.output.manualChunks to improve chunking: https://rollupjs.org/configuration-options/#output-manualchunks
2025-04-15T08:39:58.4223607Z - Adjust chunk size limit for this warning via build.chunkSizeWarningLimit.[39m
2025-04-15T08:39:58.4224515Z [2m../playwright-core/lib/vite/traceViewer/[22m[36muiMode.cQdgTfV-.js                      [39m[1m[2m 34.77 kB[22m[1m[22m[2m â”‚ gzip:  11.99 kB[22m
2025-04-15T08:39:58.4225627Z [2m../playwright-core/lib/vite/traceViewer/[22m[2massets/[22m[36mxtermModule-BoAIEibi.js          [39m[1m[2m283.88 kB[22m[1m[22m[2m â”‚ gzip:  70.59 kB[22m
2025-04-15T08:39:58.4226800Z [2m../playwright-core/lib/vite/traceViewer/[22m[2massets/[22m[36mcodeMirrorModule-DwAiTpyC.js     [39m[1m[2m293.16 kB[22m[1m[22m[2m â”‚ gzip:  96.81 kB[22m
2025-04-15T08:39:58.4227996Z [2m../playwright-core/lib/vite/traceViewer/[22m[2massets/[22m[36mdefaultSettingsView-DkkRvn5X.js  [39m[1m[33m574.63 kB[39m[22m[2m â”‚ gzip: 175.92 kB[22m
2025-04-15T08:39:58.4228890Z [32mâœ“ built in 4.21s[39m
2025-04-15T08:39:58.4659495Z ==== Running node /home/runner/work/playwright/playwright/utils/generate_injected.js in /home/runner/work/playwright/playwright
2025-04-15T08:39:58.5847226Z ==== Running node /home/runner/work/playwright/playwright/utils/generate_channels.js in /home/runner/work/playwright/playwright
2025-04-15T08:39:58.7913256Z ==== Running node /home/runner/work/playwright/playwright/utils/generate_types/index.js in /home/runner/work/playwright/playwright
2025-04-15T08:40:01.9406167Z ##[group]Run npx playwright install --with-deps
2025-04-15T08:40:01.9406755Z [36;1mnpx playwright install --with-deps[0m
2025-04-15T08:40:01.9457508Z shell: /usr/bin/bash -e {0}
2025-04-15T08:40:01.9457746Z env:
2025-04-15T08:40:01.9457925Z   ELECTRON_SKIP_BINARY_DOWNLOAD: 1
2025-04-15T08:40:01.9458160Z ##[endgroup]
2025-04-15T08:40:02.8359798Z Installing dependencies...
2025-04-15T08:40:02.8425740Z Switching to root user to install dependencies...
2025-04-15T08:40:02.9180228Z Get:1 file:/etc/apt/apt-mirrors.txt Mirrorlist [142 B]
2025-04-15T08:40:02.9465638Z Hit:2 http://azure.archive.ubuntu.com/ubuntu noble InRelease
2025-04-15T08:40:02.9469560Z Hit:6 https://packages.microsoft.com/repos/azure-cli noble InRelease
2025-04-15T08:40:02.9476409Z Get:7 https://packages.microsoft.com/ubuntu/24.04/prod noble InRelease [3600 B]
2025-04-15T08:40:02.9484719Z Get:3 http://azure.archive.ubuntu.com/ubuntu noble-updates InRelease [126 kB]
2025-04-15T08:40:02.9526883Z Hit:4 http://azure.archive.ubuntu.com/ubuntu noble-backports InRelease
2025-04-15T08:40:02.9538400Z Get:5 http://azure.archive.ubuntu.com/ubuntu noble-security InRelease [126 kB]
2025-04-15T08:40:03.1163156Z Get:8 https://packages.microsoft.com/ubuntu/24.04/prod noble/main arm64 Packages [17.1 kB]
2025-04-15T08:40:03.1279861Z Get:9 https://packages.microsoft.com/ubuntu/24.04/prod noble/main amd64 Packages [27.2 kB]
2025-04-15T08:40:03.1647209Z Get:10 http://azure.archive.ubuntu.com/ubuntu noble-updates/main amd64 Packages [992 kB]
2025-04-15T08:40:03.1716922Z Get:11 http://azure.archive.ubuntu.com/ubuntu noble-updates/main Translation-en [219 kB]
2025-04-15T08:40:03.1743817Z Get:12 http://azure.archive.ubuntu.com/ubuntu noble-updates/universe amd64 Packages [1054 kB]
2025-04-15T08:40:03.1824343Z Get:13 http://azure.archive.ubuntu.com/ubuntu noble-updates/universe Translation-en [266 kB]
2025-04-15T08:40:03.1861119Z Get:14 http://azure.archive.ubuntu.com/ubuntu noble-updates/restricted Translation-en [182 kB]
2025-04-15T08:40:03.2852323Z Get:15 http://azure.archive.ubuntu.com/ubuntu noble-security/main amd64 Packages [748 kB]
2025-04-15T08:40:03.2902696Z Get:16 http://azure.archive.ubuntu.com/ubuntu noble-security/main Translation-en [143 kB]
2025-04-15T08:40:03.2922331Z Get:17 http://azure.archive.ubuntu.com/ubuntu noble-security/universe amd64 Packages [830 kB]
2025-04-15T08:40:03.3044426Z Get:18 http://azure.archive.ubuntu.com/ubuntu noble-security/universe Translation-en [181 kB]
2025-04-15T08:40:03.3067487Z Get:19 http://azure.archive.ubuntu.com/ubuntu noble-security/restricted Translation-en [175 kB]
2025-04-15T08:40:08.3822311Z Fetched 5090 kB in 1s (6823 kB/s)
2025-04-15T08:40:09.0206458Z Reading package lists...
2025-04-15T08:40:09.0453937Z Reading package lists...
2025-04-15T08:40:09.2103655Z Building dependency tree...
2025-04-15T08:40:09.2110850Z Reading state information...
2025-04-15T08:40:09.2248301Z libasound2t64 is already the newest version (1.2.11-1build2).
2025-04-15T08:40:09.2249513Z libasound2t64 set to manually installed.
2025-04-15T08:40:09.2250131Z libatk-bridge2.0-0t64 is already the newest version (2.52.0-1build1).
2025-04-15T08:40:09.2250746Z libatk-bridge2.0-0t64 set to manually installed.
2025-04-15T08:40:09.2251344Z libatk1.0-0t64 is already the newest version (2.52.0-1build1).
2025-04-15T08:40:09.2251863Z libatk1.0-0t64 set to manually installed.
2025-04-15T08:40:09.2252671Z libatspi2.0-0t64 is already the newest version (2.52.0-1build1).
2025-04-15T08:40:09.2253223Z libatspi2.0-0t64 set to manually installed.
2025-04-15T08:40:09.2253759Z libcairo2 is already the newest version (1.18.0-3build1).
2025-04-15T08:40:09.2254254Z libcairo2 set to manually installed.
2025-04-15T08:40:09.2254804Z libcups2t64 is already the newest version (2.4.7-1.2ubuntu7.3).
2025-04-15T08:40:09.2255351Z libcups2t64 set to manually installed.
2025-04-15T08:40:09.2255884Z libdbus-1-3 is already the newest version (1.14.10-4ubuntu4.1).
2025-04-15T08:40:09.2256396Z libdbus-1-3 set to manually installed.
2025-04-15T08:40:09.2257462Z libdrm2 is already the newest version (2.4.122-1~ubuntu0.24.04.1).
2025-04-15T08:40:09.2258011Z libdrm2 set to manually installed.
2025-04-15T08:40:09.2258778Z libgbm1 is already the newest version (24.2.8-1ubuntu1~24.04.1).
2025-04-15T08:40:09.2259297Z libgbm1 set to manually installed.
2025-04-15T08:40:09.2259841Z libglib2.0-0t64 is already the newest version (2.80.0-6ubuntu3.2).
2025-04-15T08:40:09.2260387Z libglib2.0-0t64 set to manually installed.
2025-04-15T08:40:09.2260926Z libnspr4 is already the newest version (2:4.35-1.1build1).
2025-04-15T08:40:09.2261420Z libnspr4 set to manually installed.
2025-04-15T08:40:09.2261910Z libnss3 is already the newest version (2:3.98-1build1).
2025-04-15T08:40:09.2262386Z libnss3 set to manually installed.
2025-04-15T08:40:09.2263072Z libpango-1.0-0 is already the newest version (1.52.1+ds-1build1).
2025-04-15T08:40:09.2263448Z libpango-1.0-0 set to manually installed.
2025-04-15T08:40:09.2263816Z libx11-6 is already the newest version (2:1.8.7-1build1).
2025-04-15T08:40:09.2264153Z libx11-6 set to manually installed.
2025-04-15T08:40:09.2264482Z libxcb1 is already the newest version (1.15-1ubuntu2).
2025-04-15T08:40:09.2264808Z libxcb1 set to manually installed.
2025-04-15T08:40:09.2265180Z libxcomposite1 is already the newest version (1:0.4.5-1build3).
2025-04-15T08:40:09.2265550Z libxcomposite1 set to manually installed.
2025-04-15T08:40:09.2265927Z libxdamage1 is already the newest version (1:1.1.6-1build1).
2025-04-15T08:40:09.2266275Z libxdamage1 set to manually installed.
2025-04-15T08:40:09.2266624Z libxext6 is already the newest version (2:1.3.4-1build2).
2025-04-15T08:40:09.2266951Z libxext6 set to manually installed.
2025-04-15T08:40:09.2267294Z libxfixes3 is already the newest version (1:6.0.0-2build1).
2025-04-15T08:40:09.2267639Z libxfixes3 set to manually installed.
2025-04-15T08:40:09.2268004Z libxkbcommon0 is already the newest version (1.6.0-1build1).
2025-04-15T08:40:09.2268356Z libxkbcommon0 set to manually installed.
2025-04-15T08:40:09.2268840Z libxrandr2 is already the newest version (2:1.5.2-2build1).
2025-04-15T08:40:09.2269181Z libxrandr2 set to manually installed.
2025-04-15T08:40:09.2269576Z libcairo-gobject2 is already the newest version (1.18.0-3build1).
2025-04-15T08:40:09.2269972Z libcairo-gobject2 set to manually installed.
2025-04-15T08:40:09.2270371Z libfontconfig1 is already the newest version (2.15.0-1.1ubuntu2).
2025-04-15T08:40:09.2270747Z libfontconfig1 set to manually installed.
2025-04-15T08:40:09.2271139Z libfreetype6 is already the newest version (2.13.2+dfsg-1build3).
2025-04-15T08:40:09.2271515Z libfreetype6 set to manually installed.
2025-04-15T08:40:09.2271967Z libgdk-pixbuf-2.0-0 is already the newest version (2.42.10+dfsg-3ubuntu3.1).
2025-04-15T08:40:09.2272402Z libgdk-pixbuf-2.0-0 set to manually installed.
2025-04-15T08:40:09.2272836Z libpangocairo-1.0-0 is already the newest version (1.52.1+ds-1build1).
2025-04-15T08:40:09.2273251Z libpangocairo-1.0-0 set to manually installed.
2025-04-15T08:40:09.2273650Z libx11-xcb1 is already the newest version (2:1.8.7-1build1).
2025-04-15T08:40:09.2274009Z libx11-xcb1 set to manually installed.
2025-04-15T08:40:09.2274363Z libxcb-shm0 is already the newest version (1.15-1ubuntu2).
2025-04-15T08:40:09.2274706Z libxcb-shm0 set to manually installed.
2025-04-15T08:40:09.2275068Z libxcursor1 is already the newest version (1:1.2.1-1build1).
2025-04-15T08:40:09.2275417Z libxcursor1 set to manually installed.
2025-04-15T08:40:09.2275756Z libxi6 is already the newest version (2:1.8.1-1build1).
2025-04-15T08:40:09.2276085Z libxi6 set to manually installed.
2025-04-15T08:40:09.2276446Z libxrender1 is already the newest version (1:0.9.10-1.1build1).
2025-04-15T08:40:09.2276827Z libxrender1 set to manually installed.
2025-04-15T08:40:09.2277294Z libicu74 is already the newest version (74.2-1ubuntu3.1).
2025-04-15T08:40:09.2277632Z libicu74 set to manually installed.
2025-04-15T08:40:09.2278003Z libatomic1 is already the newest version (14.2.0-4ubuntu2~24.04).
2025-04-15T08:40:09.2278639Z libatomic1 set to manually installed.
2025-04-15T08:40:09.2279045Z libenchant-2-2 is already the newest version (2.3.3-2build2).
2025-04-15T08:40:09.2279416Z libenchant-2-2 set to manually installed.
2025-04-15T08:40:09.2279781Z libepoxy0 is already the newest version (1.5.10-1build1).
2025-04-15T08:40:09.2280120Z libepoxy0 set to manually installed.
2025-04-15T08:40:09.2280515Z libgstreamer1.0-0 is already the newest version (1.24.2-1ubuntu0.1).
2025-04-15T08:40:09.2280906Z libgstreamer1.0-0 set to manually installed.
2025-04-15T08:40:09.2281291Z libharfbuzz0b is already the newest version (8.3.0-2build2).
2025-04-15T08:40:09.2281651Z libharfbuzz0b set to manually installed.
2025-04-15T08:40:09.2282034Z libjpeg-turbo8 is already the newest version (2.1.5-2ubuntu2).
2025-04-15T08:40:09.2282530Z libjpeg-turbo8 set to manually installed.
2025-04-15T08:40:09.2285133Z liblcms2-2 is already the newest version (2.14-2build1).
2025-04-15T08:40:09.2285715Z liblcms2-2 set to manually installed.
2025-04-15T08:40:09.2286345Z libpng16-16t64 is already the newest version (1.6.43-5build1).
2025-04-15T08:40:09.3597731Z libpng16-16t64 set to manually installed.
2025-04-15T08:40:09.3599221Z libwayland-client0 is already the newest version (1.22.0-2.1build1).
2025-04-15T08:40:09.3600396Z libwayland-client0 set to manually installed.
2025-04-15T08:40:09.3601291Z libwayland-egl1 is already the newest version (1.22.0-2.1build1).
2025-04-15T08:40:09.3602165Z libwayland-egl1 set to manually installed.
2025-04-15T08:40:09.3603278Z libwayland-server0 is already the newest version (1.22.0-2.1build1).
2025-04-15T08:40:09.3604257Z libwayland-server0 set to manually installed.
2025-04-15T08:40:09.3605281Z libwebp7 is already the newest version (1.3.2-0.4build3).
2025-04-15T08:40:09.3605989Z libwebp7 set to manually installed.
2025-04-15T08:40:09.3606825Z libwebpdemux2 is already the newest version (1.3.2-0.4build3).
2025-04-15T08:40:09.3607627Z libwebpdemux2 set to manually installed.
2025-04-15T08:40:09.3608170Z libxml2 is already the newest version (2.9.14+dfsg-1.3ubuntu3.2).
2025-04-15T08:40:09.3608934Z libxml2 set to manually installed.
2025-04-15T08:40:09.3609424Z xvfb is already the newest version (2:21.1.12-1ubuntu1.3).
2025-04-15T08:40:09.3610085Z fonts-noto-color-emoji is already the newest version (2.047-0ubuntu0.24.04.1).
2025-04-15T08:40:09.3610736Z fonts-liberation is already the newest version (1:2.1.5-3).
2025-04-15T08:40:09.3611234Z fonts-liberation set to manually installed.
2025-04-15T08:40:09.3611716Z The following additional packages will be installed:
2025-04-15T08:40:09.3612289Z   glib-networking glib-networking-common glib-networking-services
2025-04-15T08:40:09.3612956Z   gsettings-desktop-schemas gtk-update-icon-cache libaa1 libabsl20220623t64
2025-04-15T08:40:09.3613970Z   libass9 libasyncns0 libavc1394-0 libavcodec60 libavfilter9 libavformat60
2025-04-15T08:40:09.3614723Z   libavtp0 libavutil58 libblas3 libbluray2 libbs2b0 libcaca0
2025-04-15T08:40:09.3615522Z   libcairo-script-interpreter2 libcdparanoia0 libchromaprint1 libcjson1
2025-04-15T08:40:09.3616144Z   libcodec2-1.2 libdav1d7 libdc1394-25 libdca0 libdecor-0-0
2025-04-15T08:40:09.3616582Z   libdirectfb-1.7-7t64 libdv4t64 libdvdnav4 libdvdread8t64 libegl-mesa0
2025-04-15T08:40:09.3617153Z   libegl1 libfaad2 libflac12t64 libfluidsynth3 libfreeaptx0 libgav1-1 libgme0
2025-04-15T08:40:09.3617658Z   libgraphene-1.0-0 libgsm1 libgssdp-1.6-0 libgstreamer-plugins-good1.0-0
2025-04-15T08:40:09.3618164Z   libgtk-3-common libgtk-4-common libgupnp-1.6-0 libgupnp-igd-1.6-0 libhwy1t64
2025-04-15T08:40:09.3618853Z   libiec61883-0 libimath-3-1-29t64 libinstpatch-1.0-2 libjack-jackd2-0
2025-04-15T08:40:09.3619335Z   libjxl0.7 liblapack3 liblc3-1 libldacbt-enc2 liblilv-0-0 liblrdf0 libltc11
2025-04-15T08:40:09.3619937Z   libmbedcrypto7t64 libmfx1 libmjpegutils-2.1-0t64 libmodplug1 libmp3lame0
2025-04-15T08:40:09.3620435Z   libmpcdec6 libmpeg2encpp-2.1-0t64 libmpg123-0t64 libmplex2-2.1-0t64
2025-04-15T08:40:09.3620870Z   libmysofa1 libneon27t64 libnice10 libopenal-data libopenal1
2025-04-15T08:40:09.3621568Z   libopenexr-3-1-30 libopenh264-7 libopenmpt0t64 libopenni2-0 liborc-0.4-0t64
2025-04-15T08:40:09.3622072Z   libpipewire-0.3-0t64 libplacebo338 libpocketsphinx3 libpostproc57
2025-04-15T08:40:09.3622545Z   libproxy1v5 libpulse0 libqrencode4 libraptor2-0 librav1e0 libraw1394-11
2025-04-15T08:40:09.3623044Z   librist4 librsvg2-2 librubberband2 libsamplerate0 libsbc1 libsdl2-2.0-0
2025-04-15T08:40:09.3623530Z   libsecret-common libserd-0-0 libshine3 libshout3 libsndfile1 libsndio7.0
2025-04-15T08:40:09.3624092Z   libsord-0-0 libsoundtouch1 libsoup-3.0-0 libsoup-3.0-common libsoxr0
2025-04-15T08:40:09.3624582Z   libspa-0.2-modules libspandsp2t64 libspeex1 libsphinxbase3t64 libsratom-0-0
2025-04-15T08:40:09.3625091Z   libsrt1.5-gnutls libsrtp2-1 libssh-gcrypt-4 libsvtav1enc1d1 libswresample4
2025-04-15T08:40:09.3626282Z   libswscale7 libtag1v5 libtag1v5-vanilla libtheora0 libtwolame0 libudfread0
2025-04-15T08:40:09.3627093Z   libunibreak5 libv4l-0t64 libv4lconvert0t64 libva-drm2 libva-x11-2 libva2
2025-04-15T08:40:09.3627912Z   libvdpau1 libvidstab1.1 libvisual-0.4-0 libvo-aacenc0 libvo-amrwbenc0
2025-04-15T08:40:09.3628901Z   libvorbisenc2 libvpl2 libwavpack1 libwebrtc-audio-processing1 libwildmidi2
2025-04-15T08:40:09.3629434Z   libx265-199 libxcb-xkb1 libxkbcommon-x11-0 libxvidcore4 libyuv0 libzbar0t64
2025-04-15T08:40:09.3629937Z   libzimg2 libzix-0-0 libzvbi-common libzvbi0t64 libzxing3 ocl-icd-libopencl1
2025-04-15T08:40:09.3630431Z   session-migration timgm6mb-soundfont xfonts-encodings xfonts-utils
2025-04-15T08:40:09.3630788Z Suggested packages:
2025-04-15T08:40:09.3631134Z   frei0r-plugins gvfs libcuda1 libnvcuvid1 libnvidia-encode1 libbluray-bdj
2025-04-15T08:40:09.3631632Z   libdirectfb-extra libdv-bin oss-compat libdvdcss2 libvisual-0.4-plugins
2025-04-15T08:40:09.3632114Z   jackd2 liblrdf0-dev libportaudio2 opus-tools pipewire pulseaudio
2025-04-15T08:40:09.3632563Z   raptor2-utils libraw1394-doc librsvg2-bin serdi sndiod sordi speex
2025-04-15T08:40:09.3632973Z   libwildmidi-config opencl-icd fluid-soundfont-gm
2025-04-15T08:40:09.3633282Z Recommended packages:
2025-04-15T08:40:09.3633601Z   fonts-ipafont-mincho fonts-tlwg-loma gstreamer1.0-x libaacs0
2025-04-15T08:40:09.3634057Z   default-libdecor-0-plugin-1 | libdecor-0-plugin-1 gstreamer1.0-gl
2025-04-15T08:40:09.3634528Z   libgtk-3-bin librsvg2-common libgtk-4-bin libgtk-4-media-gstreamer
2025-04-15T08:40:09.3634994Z   libpipewire-0.3-common pocketsphinx-en-us va-driver-all | va-driver
2025-04-15T08:40:09.3635446Z   vdpau-driver-all | vdpau-driver libmagickcore-6.q16-7-extra
2025-04-15T08:40:09.4272857Z The following NEW packages will be installed:
2025-04-15T08:40:09.4274089Z   fonts-freefont-ttf fonts-ipafont-gothic fonts-tlwg-loma-otf fonts-unifont
2025-04-15T08:40:09.4275349Z   fonts-wqy-zenhei glib-networking glib-networking-common
2025-04-15T08:40:09.4276512Z   glib-networking-services gsettings-desktop-schemas gstreamer1.0-libav
2025-04-15T08:40:09.4277416Z   gstreamer1.0-plugins-bad gstreamer1.0-plugins-base gstreamer1.0-plugins-good
2025-04-15T08:40:09.4278247Z   libaa1 libabsl20220623t64 libass9 libasyncns0 libavc1394-0 libavcodec60
2025-04-15T08:40:09.4279433Z   libavfilter9 libavformat60 libavif16 libavtp0 libavutil58 libblas3
2025-04-15T08:40:09.4280243Z   libbluray2 libbs2b0 libcaca0 libcairo-script-interpreter2 libcdparanoia0
2025-04-15T08:40:09.4280900Z   libchromaprint1 libcjson1 libcodec2-1.2 libdav1d7 libdc1394-25 libdca0
2025-04-15T08:40:09.4281640Z   libdecor-0-0 libdirectfb-1.7-7t64 libdv4t64 libdvdnav4 libdvdread8t64
2025-04-15T08:40:09.4282658Z   libegl-mesa0 libegl1 libevent-2.1-7t64 libfaad2 libflac12t64 libflite1
2025-04-15T08:40:09.4283435Z   libfluidsynth3 libfreeaptx0 libgav1-1 libgles2 libgme0 libgraphene-1.0-0
2025-04-15T08:40:09.4284104Z   libgsm1 libgssdp-1.6-0 libgstreamer-gl1.0-0 libgstreamer-plugins-bad1.0-0
2025-04-15T08:40:09.4284794Z   libgstreamer-plugins-base1.0-0 libgstreamer-plugins-good1.0-0 libgtk-4-1
2025-04-15T08:40:09.4285439Z   libgtk-4-common libgupnp-1.6-0 libgupnp-igd-1.6-0 libharfbuzz-icu0
2025-04-15T08:40:09.4286714Z   libhwy1t64 libhyphen0 libiec61883-0 libimath-3-1-29t64 libinstpatch-1.0-2
2025-04-15T08:40:09.4287618Z   libjack-jackd2-0 libjxl0.7 liblapack3 liblc3-1 libldacbt-enc2 liblilv-0-0
2025-04-15T08:40:09.4288114Z   liblrdf0 libltc11 libmanette-0.2-0 libmbedcrypto7t64 libmfx1
2025-04-15T08:40:09.4288808Z   libmjpegutils-2.1-0t64 libmodplug1 libmp3lame0 libmpcdec6
2025-04-15T08:40:09.4289307Z   libmpeg2encpp-2.1-0t64 libmpg123-0t64 libmplex2-2.1-0t64 libmysofa1
2025-04-15T08:40:09.4289789Z   libneon27t64 libnice10 libopenal-data libopenal1 libopenexr-3-1-30
2025-04-15T08:40:09.4290252Z   libopenh264-7 libopenmpt0t64 libopenni2-0 libopus0 liborc-0.4-0t64
2025-04-15T08:40:09.4290705Z   libpipewire-0.3-0t64 libplacebo338 libpocketsphinx3 libpostproc57
2025-04-15T08:40:09.4291371Z   libproxy1v5 libpulse0 libqrencode4 libraptor2-0 librav1e0 libraw1394-11
2025-04-15T08:40:09.4291911Z   librist4 librsvg2-2 librubberband2 libsamplerate0 libsbc1 libsdl2-2.0-0
2025-04-15T08:40:09.4292817Z   libsecret-1-0 libsecret-common libserd-0-0 libshine3 libshout3 libsndfile1
2025-04-15T08:40:09.4293452Z   libsndio7.0 libsord-0-0 libsoundtouch1 libsoup-3.0-0 libsoup-3.0-common
2025-04-15T08:40:09.4293948Z   libsoxr0 libspa-0.2-modules libspandsp2t64 libspeex1 libsphinxbase3t64
2025-04-15T08:40:09.4294445Z   libsratom-0-0 libsrt1.5-gnutls libsrtp2-1 libssh-gcrypt-4 libsvtav1enc1d1
2025-04-15T08:40:09.4294929Z   libswresample4 libswscale7 libtag1v5 libtag1v5-vanilla libtheora0
2025-04-15T08:40:09.4295382Z   libtwolame0 libudfread0 libunibreak5 libv4l-0t64 libv4lconvert0t64
2025-04-15T08:40:09.4295839Z   libva-drm2 libva-x11-2 libva2 libvdpau1 libvidstab1.1 libvisual-0.4-0
2025-04-15T08:40:09.4296313Z   libvo-aacenc0 libvo-amrwbenc0 libvorbisenc2 libvpl2 libvpx9 libwavpack1
2025-04-15T08:40:09.4296825Z   libwebrtc-audio-processing1 libwildmidi2 libwoff1 libx264-164 libx265-199
2025-04-15T08:40:09.4297347Z   libxcb-xkb1 libxkbcommon-x11-0 libxvidcore4 libyuv0 libzbar0t64 libzimg2
2025-04-15T08:40:09.4297832Z   libzix-0-0 libzvbi-common libzvbi0t64 libzxing3 ocl-icd-libopencl1
2025-04-15T08:40:09.4298305Z   session-migration timgm6mb-soundfont xfonts-cyrillic xfonts-encodings
2025-04-15T08:40:09.4298829Z   xfonts-scalable xfonts-utils
2025-04-15T08:40:09.4299170Z The following packages will be upgraded:
2025-04-15T08:40:09.4299553Z   gtk-update-icon-cache libgtk-3-0t64 libgtk-3-common libxslt1.1
2025-04-15T08:40:09.4506580Z 4 upgraded, 179 newly installed, 0 to remove and 97 not upgraded.
2025-04-15T08:40:09.4507233Z Need to get 118 MB of archives.
2025-04-15T08:40:09.4507641Z After this operation, 364 MB of additional disk space will be used.
2025-04-15T08:40:09.4508094Z Get:1 file:/etc/apt/apt-mirrors.txt Mirrorlist [142 B]
2025-04-15T08:40:09.4803762Z Get:2 http://azure.archive.ubuntu.com/ubuntu noble/universe amd64 fonts-ipafont-gothic all 00303-21ubuntu1 [3513 kB]
2025-04-15T08:40:09.5372921Z Get:3 http://azure.archive.ubuntu.com/ubuntu noble/main amd64 fonts-freefont-ttf all 20211204+svn4273-2 [5641 kB]
2025-04-15T08:40:09.6063006Z Get:4 http://azure.archive.ubuntu.com/ubuntu noble/universe amd64 fonts-tlwg-loma-otf all 1:0.7.3-1 [107 kB]
2025-04-15T08:40:09.6213901Z Get:5 http://azure.archive.ubuntu.com/ubuntu noble/universe amd64 fonts-unifont all 1:15.1.01-1build1 [2993 kB]
2025-04-15T08:40:09.6671093Z Get:6 http://azure.archive.ubuntu.com/ubuntu noble/universe amd64 fonts-wqy-zenhei all 0.9.45-8 [7472 kB]
2025-04-15T08:40:09.7580169Z Get:7 http://azure.archive.ubuntu.com/ubuntu noble/main amd64 libproxy1v5 amd64 0.5.4-4build1 [26.5 kB]
2025-04-15T08:40:09.7719933Z Get:8 http://azure.archive.ubuntu.com/ubuntu noble/main amd64 glib-networking-common all 2.80.0-1build1 [6702 B]
2025-04-15T08:40:09.7854925Z Get:9 http://azure.archive.ubuntu.com/ubuntu noble/main amd64 glib-networking-services amd64 2.80.0-1build1 [12.8 kB]
2025-04-15T08:40:09.7991162Z Get:10 http://azure.archive.ubuntu.com/ubuntu noble/main amd64 session-migration amd64 0.3.9build1 [9034 B]
2025-04-15T08:40:09.8129781Z Get:11 http://azure.archive.ubuntu.com/ubuntu noble-updates/main amd64 gsettings-desktop-schemas all 46.1-0ubuntu1 [35.6 kB]
2025-04-15T08:40:09.8267468Z Get:12 http://azure.archive.ubuntu.com/ubuntu noble/main amd64 glib-networking amd64 2.80.0-1build1 [64.1 kB]
2025-04-15T08:40:09.8412447Z Get:13 http://azure.archive.ubuntu.com/ubuntu noble/universe amd64 libva2 amd64 2.20.0-2build1 [66.2 kB]
2025-04-15T08:40:09.8952070Z Get:14 http://azure.archive.ubuntu.com/ubuntu noble/universe amd64 libva-drm2 amd64 2.20.0-2build1 [7124 B]
2025-04-15T08:40:09.9087088Z Get:15 http://azure.archive.ubuntu.com/ubuntu noble/universe amd64 libva-x11-2 amd64 2.20.0-2build1 [12.0 kB]
2025-04-15T08:40:09.9223944Z Get:16 http://azure.archive.ubuntu.com/ubuntu noble/main amd64 libvdpau1 amd64 1.5-2build1 [27.8 kB]
2025-04-15T08:40:09.9382244Z Get:17 http://azure.archive.ubuntu.com/ubuntu noble/universe amd64 libvpl2 amd64 2023.3.0-1build1 [99.8 kB]
2025-04-15T08:40:09.9529483Z Get:18 http://azure.archive.ubuntu.com/ubuntu noble/universe amd64 ocl-icd-libopencl1 amd64 2.3.2-1build1 [38.5 kB]
2025-04-15T08:40:09.9671513Z Get:19 http://azure.archive.ubuntu.com/ubuntu noble/universe amd64 libavutil58 amd64 7:6.1.1-3ubuntu5 [401 kB]
2025-04-15T08:40:10.0280235Z Get:20 http://azure.archive.ubuntu.com/ubuntu noble/universe amd64 libcodec2-1.2 amd64 1.2.0-2build1 [8998 kB]
2025-04-15T08:40:10.1285446Z Get:21 http://azure.archive.ubuntu.com/ubuntu noble/universe amd64 libdav1d7 amd64 1.4.1-1build1 [604 kB]
2025-04-15T08:40:10.1563030Z Get:22 http://azure.archive.ubuntu.com/ubuntu noble/universe amd64 libgsm1 amd64 1.0.22-1build1 [27.8 kB]
2025-04-15T08:40:10.1702421Z Get:23 http://azure.archive.ubuntu.com/ubuntu noble/universe amd64 libhwy1t64 amd64 1.0.7-8.1build1 [584 kB]
2025-04-15T08:40:10.1960479Z Get:24 http://azure.archive.ubuntu.com/ubuntu noble/universe amd64 libjxl0.7 amd64 0.7.0-10.2ubuntu6 [999 kB]
2025-04-15T08:40:10.2247711Z Get:25 http://azure.archive.ubuntu.com/ubuntu noble/main amd64 libmp3lame0 amd64 3.100-6build1 [142 kB]
2025-04-15T08:40:10.2394943Z Get:26 http://azure.archive.ubuntu.com/ubuntu noble/main amd64 libopus0 amd64 1.4-1build1 [208 kB]
2025-04-15T08:40:10.2549483Z Get:27 http://azure.archive.ubuntu.com/ubuntu noble/universe amd64 librav1e0 amd64 0.7.1-2 [1022 kB]
2025-04-15T08:40:10.2863780Z Get:28 http://azure.archive.ubuntu.com/ubuntu noble/main amd64 librsvg2-2 amd64 2.58.0+dfsg-1build1 [2135 kB]
2025-04-15T08:40:10.3316758Z Get:29 http://azure.archive.ubuntu.com/ubuntu noble/universe amd64 libshine3 amd64 3.1.1-2build1 [23.2 kB]
2025-04-15T08:40:10.3455224Z Get:30 http://azure.archive.ubuntu.com/ubuntu noble-updates/main amd64 libspeex1 amd64 1.2.1-2ubuntu2.24.04.1 [59.6 kB]
2025-04-15T08:40:10.3606673Z Get:31 http://azure.archive.ubuntu.com/ubuntu noble/universe amd64 libsvtav1enc1d1 amd64 1.7.0+dfsg-2build1 [2425 kB]
2025-04-15T08:40:10.4052835Z Get:32 http://azure.archive.ubuntu.com/ubuntu noble/universe amd64 libsoxr0 amd64 0.1.3-4build3 [80.0 kB]
2025-04-15T08:40:10.4600320Z Get:33 http://azure.archive.ubuntu.com/ubuntu noble/universe amd64 libswresample4 amd64 7:6.1.1-3ubuntu5 [63.8 kB]
2025-04-15T08:40:10.4740155Z Get:34 http://azure.archive.ubuntu.com/ubuntu noble/main amd64 libtheora0 amd64 1.1.1+dfsg.1-16.1build3 [211 kB]
2025-04-15T08:40:10.4920166Z Get:35 http://azure.archive.ubuntu.com/ubuntu noble/main amd64 libtwolame0 amd64 0.4.0-2build3 [52.3 kB]
2025-04-15T08:40:10.5061322Z Get:36 http://azure.archive.ubuntu.com/ubuntu noble/main amd64 libvorbisenc2 amd64 1.3.7-1build3 [80.8 kB]
2025-04-15T08:40:10.5202060Z Get:37 http://azure.archive.ubuntu.com/ubuntu noble-updates/main amd64 libvpx9 amd64 1.14.0-1ubuntu2.1 [1143 kB]
2025-04-15T08:40:10.5573187Z Get:38 http://azure.archive.ubuntu.com/ubuntu noble/universe amd64 libx264-164 amd64 2:0.164.3108+git31e19f9-1 [604 kB]
2025-04-15T08:40:10.6269231Z Get:39 http://azure.archive.ubuntu.com/ubuntu noble/universe amd64 libx265-199 amd64 3.5-2build1 [1226 kB]
2025-04-15T08:40:10.6585753Z Get:40 http://azure.archive.ubuntu.com/ubuntu noble/universe amd64 libxvidcore4 amd64 2:1.3.7-1build1 [219 kB]
2025-04-15T08:40:10.6738179Z Get:41 http://azure.archive.ubuntu.com/ubuntu noble/universe amd64 libzvbi-common all 0.2.42-2 [42.4 kB]
2025-04-15T08:40:10.6889104Z Get:42 http://azure.archive.ubuntu.com/ubuntu noble/universe amd64 libzvbi0t64 amd64 0.2.42-2 [261 kB]
2025-04-15T08:40:10.7046995Z Get:43 http://azure.archive.ubuntu.com/ubuntu noble/universe amd64 libavcodec60 amd64 7:6.1.1-3ubuntu5 [5851 kB]
2025-04-15T08:40:10.7886768Z Get:44 http://azure.archive.ubuntu.com/ubuntu noble/universe amd64 libunibreak5 amd64 5.1-2build1 [25.0 kB]
2025-04-15T08:40:10.8028359Z Get:45 http://azure.archive.ubuntu.com/ubuntu noble/universe amd64 libass9 amd64 1:0.17.1-2build1 [104 kB]
2025-04-15T08:40:10.8171838Z Get:46 http://azure.archive.ubuntu.com/ubuntu noble/universe amd64 libudfread0 amd64 1.1.2-1build1 [19.0 kB]
2025-04-15T08:40:10.8311706Z Get:47 http://azure.archive.ubuntu.com/ubuntu noble/universe amd64 libbluray2 amd64 1:1.3.4-1build1 [159 kB]
2025-04-15T08:40:10.8461247Z Get:48 http://azure.archive.ubuntu.com/ubuntu noble/universe amd64 libchromaprint1 amd64 1.5.1-5 [30.5 kB]
2025-04-15T08:40:10.8601677Z Get:49 http://azure.archive.ubuntu.com/ubuntu noble/universe amd64 libgme0 amd64 0.6.3-7build1 [134 kB]
2025-04-15T08:40:10.8775529Z Get:50 http://azure.archive.ubuntu.com/ubuntu noble-updates/main amd64 libmpg123-0t64 amd64 1.32.5-1ubuntu1.1 [169 kB]
2025-04-15T08:40:10.8942589Z Get:51 http://azure.archive.ubuntu.com/ubuntu noble/universe amd64 libopenmpt0t64 amd64 0.7.3-1.1build3 [647 kB]
2025-04-15T08:40:10.9129198Z Get:52 http://azure.archive.ubuntu.com/ubuntu noble/universe amd64 libcjson1 amd64 1.7.17-1 [24.8 kB]
2025-04-15T08:40:10.9274444Z Get:53 http://azure.archive.ubuntu.com/ubuntu noble/universe amd64 libmbedcrypto7t64 amd64 2.28.8-1 [209 kB]
2025-04-15T08:40:10.9425200Z Get:54 http://azure.archive.ubuntu.com/ubuntu noble/universe amd64 librist4 amd64 0.2.10+dfsg-2 [74.9 kB]
2025-04-15T08:40:10.9677275Z Get:55 http://azure.archive.ubuntu.com/ubuntu noble/universe amd64 libsrt1.5-gnutls amd64 1.5.3-1build2 [316 kB]
2025-04-15T08:40:10.9802764Z Get:56 http://azure.archive.ubuntu.com/ubuntu noble/main amd64 libssh-gcrypt-4 amd64 0.10.6-2build2 [223 kB]
2025-04-15T08:40:11.0517710Z Get:57 http://azure.archive.ubuntu.com/ubuntu noble/universe amd64 libavformat60 amd64 7:6.1.1-3ubuntu5 [1153 kB]
2025-04-15T08:40:11.0925177Z Get:58 http://azure.archive.ubuntu.com/ubuntu noble/universe amd64 libbs2b0 amd64 3.1.0+dfsg-7build1 [10.6 kB]
2025-04-15T08:40:11.1087476Z Get:59 http://azure.archive.ubuntu.com/ubuntu noble/universe amd64 libflite1 amd64 2.2-6build3 [13.6 MB]
2025-04-15T08:40:11.2665091Z Get:60 http://azure.archive.ubuntu.com/ubuntu noble/universe amd64 libserd-0-0 amd64 0.32.2-1 [43.6 kB]
2025-04-15T08:40:11.2808911Z Get:61 http://azure.archive.ubuntu.com/ubuntu noble/universe amd64 libzix-0-0 amd64 0.4.2-2build1 [23.6 kB]
2025-04-15T08:40:11.3060411Z Get:62 http://azure.archive.ubuntu.com/ubuntu noble/universe amd64 libsord-0-0 amd64 0.16.16-2build1 [15.8 kB]
2025-04-15T08:40:11.3194742Z Get:63 http://azure.archive.ubuntu.com/ubuntu noble/universe amd64 libsratom-0-0 amd64 0.6.16-1build1 [17.3 kB]
2025-04-15T08:40:11.3350060Z Get:64 http://azure.archive.ubuntu.com/ubuntu noble/universe amd64 liblilv-0-0 amd64 0.24.22-1build1 [41.0 kB]
2025-04-15T08:40:11.3526234Z Get:65 http://azure.archive.ubuntu.com/ubuntu noble/universe amd64 libmysofa1 amd64 1.3.2+dfsg-2ubuntu2 [1158 kB]
2025-04-15T08:40:11.3836000Z Get:66 http://azure.archive.ubuntu.com/ubuntu noble/universe amd64 libplacebo338 amd64 6.338.2-2build1 [2654 kB]
2025-04-15T08:40:11.4254033Z Get:67 http://azure.archive.ubuntu.com/ubuntu noble-updates/main amd64 libblas3 amd64 3.12.0-3build1.1 [238 kB]
2025-04-15T08:40:11.4414576Z Get:68 http://azure.archive.ubuntu.com/ubuntu noble-updates/main amd64 liblapack3 amd64 3.12.0-3build1.1 [2646 kB]
2025-04-15T08:40:11.4838961Z Get:69 http://azure.archive.ubuntu.com/ubuntu noble/main amd64 libasyncns0 amd64 0.8-6build4 [11.3 kB]
2025-04-15T08:40:11.4985166Z Get:70 http://azure.archive.ubuntu.com/ubuntu noble/main amd64 libflac12t64 amd64 1.4.3+ds-2.1ubuntu2 [197 kB]
2025-04-15T08:40:11.5136877Z Get:71 http://azure.archive.ubuntu.com/ubuntu noble-updates/main amd64 libsndfile1 amd64 1.2.2-1ubuntu5.24.04.1 [209 kB]
2025-04-15T08:40:11.5345440Z Get:72 http://azure.archive.ubuntu.com/ubuntu noble-updates/main amd64 libpulse0 amd64 1:16.1+dfsg1-2ubuntu10.1 [292 kB]
2025-04-15T08:40:11.5699644Z Get:73 http://azure.archive.ubuntu.com/ubuntu noble/universe amd64 libsphinxbase3t64 amd64 0.8+5prealpha+1-17build2 [126 kB]
2025-04-15T08:40:11.5804978Z Get:74 http://azure.archive.ubuntu.com/ubuntu noble/universe amd64 libpocketsphinx3 amd64 0.8.0+real5prealpha+1-15ubuntu5 [133 kB]
2025-04-15T08:40:11.5956372Z Get:75 http://azure.archive.ubuntu.com/ubuntu noble/universe amd64 libpostproc57 amd64 7:6.1.1-3ubuntu5 [49.9 kB]
2025-04-15T08:40:11.6506604Z Get:76 http://azure.archive.ubuntu.com/ubuntu noble/main amd64 libsamplerate0 amd64 0.2.2-4build1 [1344 kB]
2025-04-15T08:40:11.6866790Z Get:77 http://azure.archive.ubuntu.com/ubuntu noble/universe amd64 librubberband2 amd64 3.3.0+dfsg-2build1 [130 kB]
2025-04-15T08:40:11.7522296Z Get:78 http://azure.archive.ubuntu.com/ubuntu noble/universe amd64 libswscale7 amd64 7:6.1.1-3ubuntu5 [193 kB]
2025-04-15T08:40:11.7675035Z Get:79 http://azure.archive.ubuntu.com/ubuntu noble/universe amd64 libvidstab1.1 amd64 1.1.0-2build1 [38.5 kB]
2025-04-15T08:40:11.7829386Z Get:80 http://azure.archive.ubuntu.com/ubuntu noble/universe amd64 libzimg2 amd64 3.0.5+ds1-1build1 [254 kB]
2025-04-15T08:40:11.8015232Z Get:81 http://azure.archive.ubuntu.com/ubuntu noble/universe amd64 libavfilter9 amd64 7:6.1.1-3ubuntu5 [4235 kB]
2025-04-15T08:40:11.8614217Z Get:82 http://azure.archive.ubuntu.com/ubuntu noble-updates/main amd64 liborc-0.4-0t64 amd64 1:0.4.38-1ubuntu0.1 [207 kB]
2025-04-15T08:40:11.8772667Z Get:83 http://azure.archive.ubuntu.com/ubuntu noble-updates/main amd64 libgstreamer-plugins-base1.0-0 amd64 1.24.2-1ubuntu0.2 [862 kB]
2025-04-15T08:40:11.9047047Z Get:84 http://azure.archive.ubuntu.com/ubuntu noble/universe amd64 gstreamer1.0-libav amd64 1.24.1-1build1 [103 kB]
2025-04-15T08:40:11.9235977Z Get:85 http://azure.archive.ubuntu.com/ubuntu noble/main amd64 libcdparanoia0 amd64 3.10.2+debian-14build3 [48.5 kB]
2025-04-15T08:40:11.9430659Z Get:86 http://azure.archive.ubuntu.com/ubuntu noble/main amd64 libvisual-0.4-0 amd64 0.4.2-2build1 [115 kB]
2025-04-15T08:40:11.9601957Z Get:87 http://azure.archive.ubuntu.com/ubuntu noble-updates/main amd64 gstreamer1.0-plugins-base amd64 1.24.2-1ubuntu0.2 [721 kB]
2025-04-15T08:40:11.9933853Z Get:88 http://azure.archive.ubuntu.com/ubuntu noble/main amd64 libaa1 amd64 1.4p5-51.1 [49.9 kB]
2025-04-15T08:40:12.0082793Z Get:89 http://azure.archive.ubuntu.com/ubuntu noble/main amd64 libraw1394-11 amd64 2.1.2-2build3 [26.2 kB]
2025-04-15T08:40:12.0246661Z Get:90 http://azure.archive.ubuntu.com/ubuntu noble/main amd64 libavc1394-0 amd64 0.5.4-5build3 [15.4 kB]
2025-04-15T08:40:12.0397159Z Get:91 http://azure.archive.ubuntu.com/ubuntu noble/main amd64 libcaca0 amd64 0.99.beta20-4build2 [208 kB]
2025-04-15T08:40:12.0588012Z Get:92 http://azure.archive.ubuntu.com/ubuntu noble/main amd64 libdv4t64 amd64 1.0.0-17.1build1 [63.2 kB]
2025-04-15T08:40:12.0742956Z Get:93 http://azure.archive.ubuntu.com/ubuntu noble-updates/main amd64 libgstreamer-plugins-good1.0-0 amd64 1.24.2-1ubuntu1.1 [32.9 kB]
2025-04-15T08:40:12.1316929Z Get:94 http://azure.archive.ubuntu.com/ubuntu noble/main amd64 libiec61883-0 amd64 1.2.0-6build1 [24.5 kB]
2025-04-15T08:40:12.1469190Z Get:95 http://azure.archive.ubuntu.com/ubuntu noble/main amd64 libshout3 amd64 2.4.6-1build2 [50.3 kB]
2025-04-15T08:40:12.1630848Z Get:96 http://azure.archive.ubuntu.com/ubuntu noble/main amd64 libtag1v5-vanilla amd64 1.13.1-1build1 [326 kB]
2025-04-15T08:40:12.1917730Z Get:97 http://azure.archive.ubuntu.com/ubuntu noble/main amd64 libtag1v5 amd64 1.13.1-1build1 [11.7 kB]
2025-04-15T08:40:12.2063171Z Get:98 http://azure.archive.ubuntu.com/ubuntu noble/main amd64 libv4lconvert0t64 amd64 1.26.1-4build3 [87.6 kB]
2025-04-15T08:40:12.2212128Z Get:99 http://azure.archive.ubuntu.com/ubuntu noble/main amd64 libv4l-0t64 amd64 1.26.1-4build3 [46.9 kB]
2025-04-15T08:40:12.2368947Z Get:100 http://azure.archive.ubuntu.com/ubuntu noble/main amd64 libwavpack1 amd64 5.6.0-1build1 [84.6 kB]
2025-04-15T08:40:12.2512411Z Get:101 http://azure.archive.ubuntu.com/ubuntu noble-updates/main amd64 libsoup-3.0-common all 3.4.4-5ubuntu0.2 [10.6 kB]
2025-04-15T08:40:12.2667535Z Get:102 http://azure.archive.ubuntu.com/ubuntu noble-updates/main amd64 libsoup-3.0-0 amd64 3.4.4-5ubuntu0.2 [287 kB]
2025-04-15T08:40:12.2867360Z Get:103 http://azure.archive.ubuntu.com/ubuntu noble-updates/main amd64 gstreamer1.0-plugins-good amd64 1.24.2-1ubuntu1.1 [2238 kB]
2025-04-15T08:40:12.3603939Z Get:104 http://azure.archive.ubuntu.com/ubuntu noble-updates/main amd64 gtk-update-icon-cache amd64 3.24.41-4ubuntu1.3 [51.9 kB]
2025-04-15T08:40:12.3776778Z Get:105 http://azure.archive.ubuntu.com/ubuntu noble/main amd64 libabsl20220623t64 amd64 20220623.1-3.1ubuntu3 [423 kB]
2025-04-15T08:40:12.4059840Z Get:106 http://azure.archive.ubuntu.com/ubuntu noble/universe amd64 libgav1-1 amd64 0.18.0-1build3 [357 kB]
2025-04-15T08:40:12.4460501Z Get:107 http://azure.archive.ubuntu.com/ubuntu noble/universe amd64 libyuv0 amd64 0.0~git202401110.af6ac82-1 [178 kB]
2025-04-15T08:40:12.4662811Z Get:108 http://azure.archive.ubuntu.com/ubuntu noble/universe amd64 libavif16 amd64 1.0.4-1ubuntu3 [91.2 kB]
2025-04-15T08:40:12.4844199Z Get:109 http://azure.archive.ubuntu.com/ubuntu noble/universe amd64 libavtp0 amd64 0.2.0-1build1 [6414 B]
2025-04-15T08:40:12.4986890Z Get:110 http://azure.archive.ubuntu.com/ubuntu noble/main amd64 libcairo-script-interpreter2 amd64 1.18.0-3build1 [60.3 kB]
2025-04-15T08:40:12.5134801Z Get:111 http://azure.archive.ubuntu.com/ubuntu noble/universe amd64 libdc1394-25 amd64 2.2.6-4build1 [90.1 kB]
2025-04-15T08:40:12.5341566Z Get:112 http://azure.archive.ubuntu.com/ubuntu noble/main amd64 libdecor-0-0 amd64 0.2.2-1build2 [16.5 kB]
2025-04-15T08:40:12.5487873Z Get:113 http://azure.archive.ubuntu.com/ubuntu noble/main amd64 libgles2 amd64 1.7.0-1build1 [17.1 kB]
2025-04-15T08:40:12.5641794Z Get:114 http://azure.archive.ubuntu.com/ubuntu noble/universe amd64 libdirectfb-1.7-7t64 amd64 1.7.7-11.1ubuntu2 [1035 kB]
2025-04-15T08:40:12.6002075Z Get:115 http://azure.archive.ubuntu.com/ubuntu noble/universe amd64 libdvdread8t64 amd64 6.1.3-1.1build1 [54.7 kB]
2025-04-15T08:40:12.6156690Z Get:116 http://azure.archive.ubuntu.com/ubuntu noble/universe amd64 libdvdnav4 amd64 6.1.1-3build1 [39.5 kB]
2025-04-15T08:40:12.6307857Z Get:117 http://azure.archive.ubuntu.com/ubuntu noble-updates/main amd64 libegl-mesa0 amd64 24.2.8-1ubuntu1~24.04.1 [129 kB]
2025-04-15T08:40:12.6518864Z Get:118 http://azure.archive.ubuntu.com/ubuntu noble/main amd64 libevent-2.1-7t64 amd64 2.1.12-stable-9ubuntu2 [145 kB]
2025-04-15T08:40:12.6733718Z Get:119 http://azure.archive.ubuntu.com/ubuntu noble/universe amd64 libfaad2 amd64 2.11.1-1build1 [207 kB]
2025-04-15T08:40:12.6972161Z Get:120 http://azure.archive.ubuntu.com/ubuntu noble/universe amd64 libinstpatch-1.0-2 amd64 1.1.6-1build2 [251 kB]
2025-04-15T08:40:12.7704833Z Get:121 http://azure.archive.ubuntu.com/ubuntu noble/main amd64 libjack-jackd2-0 amd64 1.9.21~dfsg-3ubuntu3 [289 kB]
2025-04-15T08:40:12.7933100Z Get:122 http://azure.archive.ubuntu.com/ubuntu noble/main amd64 libwebrtc-audio-processing1 amd64 0.3.1-0ubuntu6 [290 kB]
2025-04-15T08:40:12.8162663Z Get:123 http://azure.archive.ubuntu.com/ubuntu noble-updates/main amd64 libspa-0.2-modules amd64 1.0.5-1ubuntu3 [626 kB]
2025-04-15T08:40:12.8517065Z Get:124 http://azure.archive.ubuntu.com/ubuntu noble-updates/main amd64 libpipewire-0.3-0t64 amd64 1.0.5-1ubuntu3 [252 kB]
2025-04-15T08:40:12.8728973Z Get:125 http://azure.archive.ubuntu.com/ubuntu noble/main amd64 libsdl2-2.0-0 amd64 2.30.0+dfsg-1build3 [685 kB]
2025-04-15T08:40:12.9039032Z Get:126 http://azure.archive.ubuntu.com/ubuntu noble/universe amd64 timgm6mb-soundfont all 1.3-5 [5427 kB]
2025-04-15T08:40:13.0226076Z Get:127 http://azure.archive.ubuntu.com/ubuntu noble/universe amd64 libfluidsynth3 amd64 2.3.4-1build3 [249 kB]
2025-04-15T08:40:13.0409690Z Get:128 http://azure.archive.ubuntu.com/ubuntu noble/main amd64 libfreeaptx0 amd64 0.1.1-2build1 [13.5 kB]
2025-04-15T08:40:13.0559643Z Get:129 http://azure.archive.ubuntu.com/ubuntu noble/main amd64 libgraphene-1.0-0 amd64 1.10.8-3build2 [46.2 kB]
2025-04-15T08:40:13.0759777Z Get:130 http://azure.archive.ubuntu.com/ubuntu noble/main amd64 libgssdp-1.6-0 amd64 1.6.3-1build3 [40.4 kB]
2025-04-15T08:40:13.0931220Z Get:131 http://azure.archive.ubuntu.com/ubuntu noble/main amd64 libegl1 amd64 1.7.0-1build1 [28.7 kB]
2025-04-15T08:40:13.1082930Z Get:132 http://azure.archive.ubuntu.com/ubuntu noble-updates/main amd64 libgstreamer-gl1.0-0 amd64 1.24.2-1ubuntu0.2 [214 kB]
2025-04-15T08:40:13.1290565Z Get:133 http://azure.archive.ubuntu.com/ubuntu noble-updates/main amd64 libgtk-3-common all 3.24.41-4ubuntu1.3 [1426 kB]
2025-04-15T08:40:13.1742931Z Get:134 http://azure.archive.ubuntu.com/ubuntu noble-updates/main amd64 libgtk-3-0t64 amd64 3.24.41-4ubuntu1.3 [2913 kB]
2025-04-15T08:40:13.2493612Z Get:135 http://azure.archive.ubuntu.com/ubuntu noble-updates/main amd64 libgtk-4-common all 4.14.2+ds-1ubuntu2 [1496 kB]
2025-04-15T08:40:13.3039664Z Get:136 http://azure.archive.ubuntu.com/ubuntu noble-updates/main amd64 libgtk-4-1 amd64 4.14.2+ds-1ubuntu2 [3288 kB]
2025-04-15T08:40:13.4084030Z Get:137 http://azure.archive.ubuntu.com/ubuntu noble/main amd64 libgupnp-1.6-0 amd64 1.6.6-1build3 [92.7 kB]
2025-04-15T08:40:13.4256371Z Get:138 http://azure.archive.ubuntu.com/ubuntu noble/universe amd64 libgupnp-igd-1.6-0 amd64 1.6.0-3build3 [16.5 kB]
2025-04-15T08:40:13.4831492Z Get:139 http://azure.archive.ubuntu.com/ubuntu noble/main amd64 libharfbuzz-icu0 amd64 8.3.0-2build2 [13.3 kB]
2025-04-15T08:40:13.4983072Z Get:140 http://azure.archive.ubuntu.com/ubuntu noble/main amd64 libhyphen0 amd64 2.8.8-7build3 [26.5 kB]
2025-04-15T08:40:13.5144080Z Get:141 http://azure.archive.ubuntu.com/ubuntu noble/universe amd64 libimath-3-1-29t64 amd64 3.1.9-3.1ubuntu2 [72.2 kB]
2025-04-15T08:40:13.5307730Z Get:142 http://azure.archive.ubuntu.com/ubuntu noble/main amd64 liblc3-1 amd64 1.0.4-3build1 [69.7 kB]
2025-04-15T08:40:13.5481991Z Get:143 http://azure.archive.ubuntu.com/ubuntu noble/main amd64 libldacbt-enc2 amd64 2.0.2.3+git20200429+ed310a0-4ubuntu2 [27.1 kB]
2025-04-15T08:40:13.5633389Z Get:144 http://azure.archive.ubuntu.com/ubuntu noble-updates/main amd64 libxslt1.1 amd64 1.1.39-0exp1ubuntu0.24.04.2 [167 kB]
2025-04-15T08:40:13.5812883Z Get:145 http://azure.archive.ubuntu.com/ubuntu noble-updates/main amd64 libraptor2-0 amd64 2.0.16-3ubuntu0.1 [165 kB]
2025-04-15T08:40:13.6002093Z Get:146 http://azure.archive.ubuntu.com/ubuntu noble/universe amd64 liblrdf0 amd64 0.6.1-4build1 [18.5 kB]
2025-04-15T08:40:13.6151180Z Get:147 http://azure.archive.ubuntu.com/ubuntu noble/universe amd64 libltc11 amd64 1.3.2-1build1 [13.0 kB]
2025-04-15T08:40:13.6305651Z Get:148 http://azure.archive.ubuntu.com/ubuntu noble/main amd64 libmanette-0.2-0 amd64 0.2.7-1build2 [30.6 kB]
2025-04-15T08:40:13.6454053Z Get:149 http://azure.archive.ubuntu.com/ubuntu noble/universe amd64 libmfx1 amd64 22.5.4-1 [3124 kB]
2025-04-15T08:40:13.7054405Z Get:150 http://azure.archive.ubuntu.com/ubuntu noble/universe amd64 libmjpegutils-2.1-0t64 amd64 1:2.1.0+debian-8.1build1 [25.5 kB]
2025-04-15T08:40:13.7209788Z Get:151 http://azure.archive.ubuntu.com/ubuntu noble/universe amd64 libmodplug1 amd64 1:0.8.9.0-3build1 [166 kB]
2025-04-15T08:40:13.7424676Z Get:152 http://azure.archive.ubuntu.com/ubuntu noble/universe amd64 libmpcdec6 amd64 2:0.1~r495-2build1 [32.7 kB]
2025-04-15T08:40:13.7584426Z Get:153 http://azure.archive.ubuntu.com/ubuntu noble/universe amd64 libmpeg2encpp-2.1-0t64 amd64 1:2.1.0+debian-8.1build1 [75.6 kB]
2025-04-15T08:40:13.7747392Z Get:154 http://azure.archive.ubuntu.com/ubuntu noble/universe amd64 libmplex2-2.1-0t64 amd64 1:2.1.0+debian-8.1build1 [46.1 kB]
2025-04-15T08:40:13.7909570Z Get:155 http://azure.archive.ubuntu.com/ubuntu noble/universe amd64 libneon27t64 amd64 0.33.0-1.1build3 [102 kB]
2025-04-15T08:40:13.8074797Z Get:156 http://azure.archive.ubuntu.com/ubuntu noble/universe amd64 libnice10 amd64 0.1.21-2build3 [157 kB]
2025-04-15T08:40:13.8664636Z Get:157 http://azure.archive.ubuntu.com/ubuntu noble/universe amd64 libopenal-data all 1:1.23.1-4build1 [161 kB]
2025-04-15T08:40:13.8871277Z Get:158 http://azure.archive.ubuntu.com/ubuntu noble/universe amd64 libopenexr-3-1-30 amd64 3.1.5-5.1build3 [1004 kB]
2025-04-15T08:40:13.9304968Z Get:159 http://azure.archive.ubuntu.com/ubuntu noble/universe amd64 libopenh264-7 amd64 2.4.1+dfsg-1 [409 kB]
2025-04-15T08:40:13.9587330Z Get:160 http://azure.archive.ubuntu.com/ubuntu noble/universe amd64 libopenni2-0 amd64 2.2.0.33+dfsg-18 [370 kB]
2025-04-15T08:40:13.9797787Z Get:161 http://azure.archive.ubuntu.com/ubuntu noble/universe amd64 libqrencode4 amd64 4.1.1-1build2 [25.0 kB]
2025-04-15T08:40:13.9955888Z Get:162 http://azure.archive.ubuntu.com/ubuntu noble/main amd64 libsecret-common all 0.21.4-1build3 [4962 B]
2025-04-15T08:40:14.0096713Z Get:163 http://azure.archive.ubuntu.com/ubuntu noble/main amd64 libsecret-1-0 amd64 0.21.4-1build3 [116 kB]
2025-04-15T08:40:14.0265658Z Get:164 http://azure.archive.ubuntu.com/ubuntu noble/universe amd64 libsndio7.0 amd64 1.9.0-0.3build3 [29.6 kB]
2025-04-15T08:40:14.0414129Z Get:165 http://azure.archive.ubuntu.com/ubuntu noble/universe amd64 libsoundtouch1 amd64 2.3.2+ds1-1build1 [60.5 kB]
2025-04-15T08:40:14.0569324Z Get:166 http://azure.archive.ubuntu.com/ubuntu noble/universe amd64 libspandsp2t64 amd64 0.0.6+dfsg-2.1build1 [311 kB]
2025-04-15T08:40:14.0871962Z Get:167 http://azure.archive.ubuntu.com/ubuntu noble/universe amd64 libsrtp2-1 amd64 2.5.0-3build1 [41.9 kB]
2025-04-15T08:40:14.1019166Z Get:168 http://azure.archive.ubuntu.com/ubuntu noble/universe amd64 libwildmidi2 amd64 0.4.3-1build3 [68.5 kB]
2025-04-15T08:40:14.1177277Z Get:169 http://azure.archive.ubuntu.com/ubuntu noble/main amd64 libwoff1 amd64 1.0.2-2build1 [45.3 kB]
2025-04-15T08:40:14.1337289Z Get:170 http://azure.archive.ubuntu.com/ubuntu noble/main amd64 libxcb-xkb1 amd64 1.15-1ubuntu2 [32.3 kB]
2025-04-15T08:40:14.1503465Z Get:171 http://azure.archive.ubuntu.com/ubuntu noble/main amd64 libxkbcommon-x11-0 amd64 1.6.0-1build1 [14.5 kB]
2025-04-15T08:40:14.1654783Z Get:172 http://azure.archive.ubuntu.com/ubuntu noble/universe amd64 libzbar0t64 amd64 0.23.93-4build3 [123 kB]
2025-04-15T08:40:14.1839836Z Get:173 http://azure.archive.ubuntu.com/ubuntu noble/universe amd64 libzxing3 amd64 2.2.1-3 [583 kB]
2025-04-15T08:40:14.2147085Z Get:174 http://azure.archive.ubuntu.com/ubuntu noble/main amd64 xfonts-encodings all 1:1.0.5-0ubuntu2 [578 kB]
2025-04-15T08:40:14.2458959Z Get:175 http://azure.archive.ubuntu.com/ubuntu noble/main amd64 xfonts-utils amd64 1:7.7+6build3 [94.4 kB]
2025-04-15T08:40:14.3114077Z Get:176 http://azure.archive.ubuntu.com/ubuntu noble/universe amd64 xfonts-cyrillic all 1:1.0.5+nmu1 [384 kB]
2025-04-15T08:40:14.3344192Z Get:177 http://azure.archive.ubuntu.com/ubuntu noble/main amd64 xfonts-scalable all 1:1.0.3-1.3 [304 kB]
2025-04-15T08:40:14.3553676Z Get:178 http://azure.archive.ubuntu.com/ubuntu noble/universe amd64 libgstreamer-plugins-bad1.0-0 amd64 1.24.2-1ubuntu4 [797 kB]
2025-04-15T08:40:14.3858911Z Get:179 http://azure.archive.ubuntu.com/ubuntu noble/universe amd64 libdca0 amd64 0.0.7-2build1 [93.8 kB]
2025-04-15T08:40:14.4013248Z Get:180 http://azure.archive.ubuntu.com/ubuntu noble/universe amd64 libopenal1 amd64 1:1.23.1-4build1 [540 kB]
2025-04-15T08:40:14.4437611Z Get:181 http://azure.archive.ubuntu.com/ubuntu noble/main amd64 libsbc1 amd64 2.0-1build1 [33.9 kB]
2025-04-15T08:40:14.4590885Z Get:182 http://azure.archive.ubuntu.com/ubuntu noble/universe amd64 libvo-aacenc0 amd64 0.1.3-2build1 [67.8 kB]
2025-04-15T08:40:14.5177556Z Get:183 http://azure.archive.ubuntu.com/ubuntu noble/universe amd64 libvo-amrwbenc0 amd64 0.1.3-2build1 [76.7 kB]
2025-04-15T08:40:14.5473446Z Get:184 http://azure.archive.ubuntu.com/ubuntu noble/universe amd64 gstreamer1.0-plugins-bad amd64 1.24.2-1ubuntu4 [3081 kB]
2025-04-15T08:40:15.0276376Z Fetched 118 MB in 5s (22.9 MB/s)
2025-04-15T08:40:15.0550156Z Selecting previously unselected package fonts-ipafont-gothic.
2025-04-15T08:40:15.0756382Z (Reading database ... 
2025-04-15T08:40:15.0756869Z (Reading database ... 5%
2025-04-15T08:40:15.0757247Z (Reading database ... 10%
2025-04-15T08:40:15.0757502Z (Reading database ... 15%
2025-04-15T08:40:15.0757749Z (Reading database ... 20%
2025-04-15T08:40:15.0757995Z (Reading database ... 25%
2025-04-15T08:40:15.0758241Z (Reading database ... 30%
2025-04-15T08:40:15.0758703Z (Reading database ... 35%
2025-04-15T08:40:15.0759242Z (Reading database ... 40%
2025-04-15T08:40:15.0759649Z (Reading database ... 45%
2025-04-15T08:40:15.0759991Z (Reading database ... 50%
2025-04-15T08:40:15.0834969Z (Reading database ... 55%
2025-04-15T08:40:15.1166109Z (Reading database ... 60%
2025-04-15T08:40:15.1349862Z (Reading database ... 65%
2025-04-15T08:40:15.1618959Z (Reading database ... 70%
2025-04-15T08:40:15.1880326Z (Reading database ... 75%
2025-04-15T08:40:15.2160198Z (Reading database ... 80%
2025-04-15T08:40:15.2642938Z (Reading database ... 85%
2025-04-15T08:40:15.3226276Z (Reading database ... 90%
2025-04-15T08:40:15.3544586Z (Reading database ... 95%
2025-04-15T08:40:15.3545193Z (Reading database ... 100%
2025-04-15T08:40:15.3546164Z (Reading database ... 221801 files and directories currently installed.)
2025-04-15T08:40:15.3589922Z Preparing to unpack .../000-fonts-ipafont-gothic_00303-21ubuntu1_all.deb ...
2025-04-15T08:40:15.3696286Z Unpacking fonts-ipafont-gothic (00303-21ubuntu1) ...
2025-04-15T08:40:15.5981685Z Selecting previously unselected package fonts-freefont-ttf.
2025-04-15T08:40:15.6122358Z Preparing to unpack .../001-fonts-freefont-ttf_20211204+svn4273-2_all.deb ...
2025-04-15T08:40:15.6131410Z Unpacking fonts-freefont-ttf (20211204+svn4273-2) ...
2025-04-15T08:40:15.7065595Z Selecting previously unselected package fonts-tlwg-loma-otf.
2025-04-15T08:40:15.7203044Z Preparing to unpack .../002-fonts-tlwg-loma-otf_1%3a0.7.3-1_all.deb ...
2025-04-15T08:40:15.7211786Z Unpacking fonts-tlwg-loma-otf (1:0.7.3-1) ...
2025-04-15T08:40:15.7423689Z Selecting previously unselected package fonts-unifont.
2025-04-15T08:40:15.7560469Z Preparing to unpack .../003-fonts-unifont_1%3a15.1.01-1build1_all.deb ...
2025-04-15T08:40:15.7570286Z Unpacking fonts-unifont (1:15.1.01-1build1) ...
2025-04-15T08:40:15.8802878Z Selecting previously unselected package fonts-wqy-zenhei.
2025-04-15T08:40:15.8943692Z Preparing to unpack .../004-fonts-wqy-zenhei_0.9.45-8_all.deb ...
2025-04-15T08:40:15.9068197Z Unpacking fonts-wqy-zenhei (0.9.45-8) ...
2025-04-15T08:40:16.3806396Z Selecting previously unselected package libproxy1v5:amd64.
2025-04-15T08:40:16.3943584Z Preparing to unpack .../005-libproxy1v5_0.5.4-4build1_amd64.deb ...
2025-04-15T08:40:16.3963430Z Unpacking libproxy1v5:amd64 (0.5.4-4build1) ...
2025-04-15T08:40:16.4181788Z Selecting previously unselected package glib-networking-common.
2025-04-15T08:40:16.4319492Z Preparing to unpack .../006-glib-networking-common_2.80.0-1build1_all.deb ...
2025-04-15T08:40:16.4327873Z Unpacking glib-networking-common (2.80.0-1build1) ...
2025-04-15T08:40:16.4520560Z Selecting previously unselected package glib-networking-services.
2025-04-15T08:40:16.4659221Z Preparing to unpack .../007-glib-networking-services_2.80.0-1build1_amd64.deb ...
2025-04-15T08:40:16.4668099Z Unpacking glib-networking-services (2.80.0-1build1) ...
2025-04-15T08:40:16.4879184Z Selecting previously unselected package session-migration.
2025-04-15T08:40:16.5020501Z Preparing to unpack .../008-session-migration_0.3.9build1_amd64.deb ...
2025-04-15T08:40:16.5030063Z Unpacking session-migration (0.3.9build1) ...
2025-04-15T08:40:16.5263891Z Selecting previously unselected package gsettings-desktop-schemas.
2025-04-15T08:40:16.5406467Z Preparing to unpack .../009-gsettings-desktop-schemas_46.1-0ubuntu1_all.deb ...
2025-04-15T08:40:16.5415659Z Unpacking gsettings-desktop-schemas (46.1-0ubuntu1) ...
2025-04-15T08:40:16.5695226Z Selecting previously unselected package glib-networking:amd64.
2025-04-15T08:40:16.5834566Z Preparing to unpack .../010-glib-networking_2.80.0-1build1_amd64.deb ...
2025-04-15T08:40:16.5843026Z Unpacking glib-networking:amd64 (2.80.0-1build1) ...
2025-04-15T08:40:16.6074515Z Selecting previously unselected package libva2:amd64.
2025-04-15T08:40:16.6213948Z Preparing to unpack .../011-libva2_2.20.0-2build1_amd64.deb ...
2025-04-15T08:40:16.6223210Z Unpacking libva2:amd64 (2.20.0-2build1) ...
2025-04-15T08:40:16.6444705Z Selecting previously unselected package libva-drm2:amd64.
2025-04-15T08:40:16.6591760Z Preparing to unpack .../012-libva-drm2_2.20.0-2build1_amd64.deb ...
2025-04-15T08:40:16.6601077Z Unpacking libva-drm2:amd64 (2.20.0-2build1) ...
2025-04-15T08:40:16.6817046Z Selecting previously unselected package libva-x11-2:amd64.
2025-04-15T08:40:16.6955070Z Preparing to unpack .../013-libva-x11-2_2.20.0-2build1_amd64.deb ...
2025-04-15T08:40:16.6964424Z Unpacking libva-x11-2:amd64 (2.20.0-2build1) ...
2025-04-15T08:40:16.7185097Z Selecting previously unselected package libvdpau1:amd64.
2025-04-15T08:40:16.7327549Z Preparing to unpack .../014-libvdpau1_1.5-2build1_amd64.deb ...
2025-04-15T08:40:16.7337592Z Unpacking libvdpau1:amd64 (1.5-2build1) ...
2025-04-15T08:40:16.7561751Z Selecting previously unselected package libvpl2.
2025-04-15T08:40:16.7700424Z Preparing to unpack .../015-libvpl2_2023.3.0-1build1_amd64.deb ...
2025-04-15T08:40:16.7709561Z Unpacking libvpl2 (2023.3.0-1build1) ...
2025-04-15T08:40:16.7933819Z Selecting previously unselected package ocl-icd-libopencl1:amd64.
2025-04-15T08:40:16.8073951Z Preparing to unpack .../016-ocl-icd-libopencl1_2.3.2-1build1_amd64.deb ...
2025-04-15T08:40:16.8084996Z Unpacking ocl-icd-libopencl1:amd64 (2.3.2-1build1) ...
2025-04-15T08:40:16.8393923Z Selecting previously unselected package libavutil58:amd64.
2025-04-15T08:40:16.8538423Z Preparing to unpack .../017-libavutil58_7%3a6.1.1-3ubuntu5_amd64.deb ...
2025-04-15T08:40:16.8548049Z Unpacking libavutil58:amd64 (7:6.1.1-3ubuntu5) ...
2025-04-15T08:40:16.8824878Z Selecting previously unselected package libcodec2-1.2:amd64.
2025-04-15T08:40:16.8963004Z Preparing to unpack .../018-libcodec2-1.2_1.2.0-2build1_amd64.deb ...
2025-04-15T08:40:16.8972180Z Unpacking libcodec2-1.2:amd64 (1.2.0-2build1) ...
2025-04-15T08:40:16.9963458Z Selecting previously unselected package libdav1d7:amd64.
2025-04-15T08:40:17.0101445Z Preparing to unpack .../019-libdav1d7_1.4.1-1build1_amd64.deb ...
2025-04-15T08:40:17.0110471Z Unpacking libdav1d7:amd64 (1.4.1-1build1) ...
2025-04-15T08:40:17.0420227Z Selecting previously unselected package libgsm1:amd64.
2025-04-15T08:40:17.0559071Z Preparing to unpack .../020-libgsm1_1.0.22-1build1_amd64.deb ...
2025-04-15T08:40:17.0570119Z Unpacking libgsm1:amd64 (1.0.22-1build1) ...
2025-04-15T08:40:17.1015686Z Selecting previously unselected package libhwy1t64:amd64.
2025-04-15T08:40:17.1152834Z Preparing to unpack .../021-libhwy1t64_1.0.7-8.1build1_amd64.deb ...
2025-04-15T08:40:17.1162541Z Unpacking libhwy1t64:amd64 (1.0.7-8.1build1) ...
2025-04-15T08:40:17.1534311Z Selecting previously unselected package libjxl0.7:amd64.
2025-04-15T08:40:17.1674926Z Preparing to unpack .../022-libjxl0.7_0.7.0-10.2ubuntu6_amd64.deb ...
2025-04-15T08:40:17.1684651Z Unpacking libjxl0.7:amd64 (0.7.0-10.2ubuntu6) ...
2025-04-15T08:40:17.2082633Z Selecting previously unselected package libmp3lame0:amd64.
2025-04-15T08:40:17.2219046Z Preparing to unpack .../023-libmp3lame0_3.100-6build1_amd64.deb ...
2025-04-15T08:40:17.2229769Z Unpacking libmp3lame0:amd64 (3.100-6build1) ...
2025-04-15T08:40:17.2460848Z Selecting previously unselected package libopus0:amd64.
2025-04-15T08:40:17.2599861Z Preparing to unpack .../024-libopus0_1.4-1build1_amd64.deb ...
2025-04-15T08:40:17.2609345Z Unpacking libopus0:amd64 (1.4-1build1) ...
2025-04-15T08:40:17.2844844Z Selecting previously unselected package librav1e0:amd64.
2025-04-15T08:40:17.2983969Z Preparing to unpack .../025-librav1e0_0.7.1-2_amd64.deb ...
2025-04-15T08:40:17.2993766Z Unpacking librav1e0:amd64 (0.7.1-2) ...
2025-04-15T08:40:17.3364278Z Selecting previously unselected package librsvg2-2:amd64.
2025-04-15T08:40:17.3503689Z Preparing to unpack .../026-librsvg2-2_2.58.0+dfsg-1build1_amd64.deb ...
2025-04-15T08:40:17.3513411Z Unpacking librsvg2-2:amd64 (2.58.0+dfsg-1build1) ...
2025-04-15T08:40:17.4061541Z Selecting previously unselected package libshine3:amd64.
2025-04-15T08:40:17.4201450Z Preparing to unpack .../027-libshine3_3.1.1-2build1_amd64.deb ...
2025-04-15T08:40:17.4211662Z Unpacking libshine3:amd64 (3.1.1-2build1) ...
2025-04-15T08:40:17.4420927Z Selecting previously unselected package libspeex1:amd64.
2025-04-15T08:40:17.4560339Z Preparing to unpack .../028-libspeex1_1.2.1-2ubuntu2.24.04.1_amd64.deb ...
2025-04-15T08:40:17.4570206Z Unpacking libspeex1:amd64 (1.2.1-2ubuntu2.24.04.1) ...
2025-04-15T08:40:17.4844828Z Selecting previously unselected package libsvtav1enc1d1:amd64.
2025-04-15T08:40:17.5013540Z Preparing to unpack .../029-libsvtav1enc1d1_1.7.0+dfsg-2build1_amd64.deb ...
2025-04-15T08:40:17.5026584Z Unpacking libsvtav1enc1d1:amd64 (1.7.0+dfsg-2build1) ...
2025-04-15T08:40:17.5616823Z Selecting previously unselected package libsoxr0:amd64.
2025-04-15T08:40:17.5758234Z Preparing to unpack .../030-libsoxr0_0.1.3-4build3_amd64.deb ...
2025-04-15T08:40:17.5767786Z Unpacking libsoxr0:amd64 (0.1.3-4build3) ...
2025-04-15T08:40:17.6007136Z Selecting previously unselected package libswresample4:amd64.
2025-04-15T08:40:17.6147200Z Preparing to unpack .../031-libswresample4_7%3a6.1.1-3ubuntu5_amd64.deb ...
2025-04-15T08:40:17.6156579Z Unpacking libswresample4:amd64 (7:6.1.1-3ubuntu5) ...
2025-04-15T08:40:17.6392221Z Selecting previously unselected package libtheora0:amd64.
2025-04-15T08:40:17.6530443Z Preparing to unpack .../032-libtheora0_1.1.1+dfsg.1-16.1build3_amd64.deb ...
2025-04-15T08:40:17.6539953Z Unpacking libtheora0:amd64 (1.1.1+dfsg.1-16.1build3) ...
2025-04-15T08:40:17.6795190Z Selecting previously unselected package libtwolame0:amd64.
2025-04-15T08:40:17.6934858Z Preparing to unpack .../033-libtwolame0_0.4.0-2build3_amd64.deb ...
2025-04-15T08:40:17.6946675Z Unpacking libtwolame0:amd64 (0.4.0-2build3) ...
2025-04-15T08:40:17.7174286Z Selecting previously unselected package libvorbisenc2:amd64.
2025-04-15T08:40:17.7340790Z Preparing to unpack .../034-libvorbisenc2_1.3.7-1build3_amd64.deb ...
2025-04-15T08:40:17.7352068Z Unpacking libvorbisenc2:amd64 (1.3.7-1build3) ...
2025-04-15T08:40:17.7608420Z Selecting previously unselected package libvpx9:amd64.
2025-04-15T08:40:17.7800848Z Preparing to unpack .../035-libvpx9_1.14.0-1ubuntu2.1_amd64.deb ...
2025-04-15T08:40:17.7811495Z Unpacking libvpx9:amd64 (1.14.0-1ubuntu2.1) ...
2025-04-15T08:40:17.8232743Z Selecting previously unselected package libx264-164:amd64.
2025-04-15T08:40:17.8374808Z Preparing to unpack .../036-libx264-164_2%3a0.164.3108+git31e19f9-1_amd64.deb ...
2025-04-15T08:40:17.8385574Z Unpacking libx264-164:amd64 (2:0.164.3108+git31e19f9-1) ...
2025-04-15T08:40:17.8710241Z Selecting previously unselected package libx265-199:amd64.
2025-04-15T08:40:17.8849522Z Preparing to unpack .../037-libx265-199_3.5-2build1_amd64.deb ...
2025-04-15T08:40:17.8860333Z Unpacking libx265-199:amd64 (3.5-2build1) ...
2025-04-15T08:40:17.9733499Z Selecting previously unselected package libxvidcore4:amd64.
2025-04-15T08:40:17.9871355Z Preparing to unpack .../038-libxvidcore4_2%3a1.3.7-1build1_amd64.deb ...
2025-04-15T08:40:17.9880607Z Unpacking libxvidcore4:amd64 (2:1.3.7-1build1) ...
2025-04-15T08:40:18.0118342Z Selecting previously unselected package libzvbi-common.
2025-04-15T08:40:18.0257459Z Preparing to unpack .../039-libzvbi-common_0.2.42-2_all.deb ...
2025-04-15T08:40:18.0266802Z Unpacking libzvbi-common (0.2.42-2) ...
2025-04-15T08:40:18.0857920Z Selecting previously unselected package libzvbi0t64:amd64.
2025-04-15T08:40:18.0994112Z Preparing to unpack .../040-libzvbi0t64_0.2.42-2_amd64.deb ...
2025-04-15T08:40:18.1003748Z Unpacking libzvbi0t64:amd64 (0.2.42-2) ...
2025-04-15T08:40:18.1260211Z Selecting previously unselected package libavcodec60:amd64.
2025-04-15T08:40:18.1398789Z Preparing to unpack .../041-libavcodec60_7%3a6.1.1-3ubuntu5_amd64.deb ...
2025-04-15T08:40:18.1407801Z Unpacking libavcodec60:amd64 (7:6.1.1-3ubuntu5) ...
2025-04-15T08:40:18.2454874Z Selecting previously unselected package libunibreak5:amd64.
2025-04-15T08:40:18.2590193Z Preparing to unpack .../042-libunibreak5_5.1-2build1_amd64.deb ...
2025-04-15T08:40:18.2599918Z Unpacking libunibreak5:amd64 (5.1-2build1) ...
2025-04-15T08:40:18.2824819Z Selecting previously unselected package libass9:amd64.
2025-04-15T08:40:18.2961639Z Preparing to unpack .../043-libass9_1%3a0.17.1-2build1_amd64.deb ...
2025-04-15T08:40:18.2970753Z Unpacking libass9:amd64 (1:0.17.1-2build1) ...
2025-04-15T08:40:18.3198682Z Selecting previously unselected package libudfread0:amd64.
2025-04-15T08:40:18.3333801Z Preparing to unpack .../044-libudfread0_1.1.2-1build1_amd64.deb ...
2025-04-15T08:40:18.3343178Z Unpacking libudfread0:amd64 (1.1.2-1build1) ...
2025-04-15T08:40:18.3565119Z Selecting previously unselected package libbluray2:amd64.
2025-04-15T08:40:18.3700680Z Preparing to unpack .../045-libbluray2_1%3a1.3.4-1build1_amd64.deb ...
2025-04-15T08:40:18.3710850Z Unpacking libbluray2:amd64 (1:1.3.4-1build1) ...
2025-04-15T08:40:18.3951820Z Selecting previously unselected package libchromaprint1:amd64.
2025-04-15T08:40:18.4086361Z Preparing to unpack .../046-libchromaprint1_1.5.1-5_amd64.deb ...
2025-04-15T08:40:18.4096043Z Unpacking libchromaprint1:amd64 (1.5.1-5) ...
2025-04-15T08:40:18.4317052Z Selecting previously unselected package libgme0:amd64.
2025-04-15T08:40:18.4453245Z Preparing to unpack .../047-libgme0_0.6.3-7build1_amd64.deb ...
2025-04-15T08:40:18.4463122Z Unpacking libgme0:amd64 (0.6.3-7build1) ...
2025-04-15T08:40:18.4703340Z Selecting previously unselected package libmpg123-0t64:amd64.
2025-04-15T08:40:18.4839323Z Preparing to unpack .../048-libmpg123-0t64_1.32.5-1ubuntu1.1_amd64.deb ...
2025-04-15T08:40:18.4848813Z Unpacking libmpg123-0t64:amd64 (1.32.5-1ubuntu1.1) ...
2025-04-15T08:40:18.5114590Z Selecting previously unselected package libopenmpt0t64:amd64.
2025-04-15T08:40:18.5249793Z Preparing to unpack .../049-libopenmpt0t64_0.7.3-1.1build3_amd64.deb ...
2025-04-15T08:40:18.5259512Z Unpacking libopenmpt0t64:amd64 (0.7.3-1.1build3) ...
2025-04-15T08:40:18.5554602Z Selecting previously unselected package libcjson1:amd64.
2025-04-15T08:40:18.5692237Z Preparing to unpack .../050-libcjson1_1.7.17-1_amd64.deb ...
2025-04-15T08:40:18.5704090Z Unpacking libcjson1:amd64 (1.7.17-1) ...
2025-04-15T08:40:18.5929673Z Selecting previously unselected package libmbedcrypto7t64:amd64.
2025-04-15T08:40:18.6066173Z Preparing to unpack .../051-libmbedcrypto7t64_2.28.8-1_amd64.deb ...
2025-04-15T08:40:18.6086467Z Unpacking libmbedcrypto7t64:amd64 (2.28.8-1) ...
2025-04-15T08:40:18.6333687Z Selecting previously unselected package librist4:amd64.
2025-04-15T08:40:18.6470994Z Preparing to unpack .../052-librist4_0.2.10+dfsg-2_amd64.deb ...
2025-04-15T08:40:18.6481083Z Unpacking librist4:amd64 (0.2.10+dfsg-2) ...
2025-04-15T08:40:18.6706898Z Selecting previously unselected package libsrt1.5-gnutls:amd64.
2025-04-15T08:40:18.6843219Z Preparing to unpack .../053-libsrt1.5-gnutls_1.5.3-1build2_amd64.deb ...
2025-04-15T08:40:18.6852914Z Unpacking libsrt1.5-gnutls:amd64 (1.5.3-1build2) ...
2025-04-15T08:40:18.7108990Z Selecting previously unselected package libssh-gcrypt-4:amd64.
2025-04-15T08:40:18.7245402Z Preparing to unpack .../054-libssh-gcrypt-4_0.10.6-2build2_amd64.deb ...
2025-04-15T08:40:18.7255397Z Unpacking libssh-gcrypt-4:amd64 (0.10.6-2build2) ...
2025-04-15T08:40:18.7504371Z Selecting previously unselected package libavformat60:amd64.
2025-04-15T08:40:18.7638959Z Preparing to unpack .../055-libavformat60_7%3a6.1.1-3ubuntu5_amd64.deb ...
2025-04-15T08:40:18.7666914Z Unpacking libavformat60:amd64 (7:6.1.1-3ubuntu5) ...
2025-04-15T08:40:18.8029998Z Selecting previously unselected package libbs2b0:amd64.
2025-04-15T08:40:18.8167141Z Preparing to unpack .../056-libbs2b0_3.1.0+dfsg-7build1_amd64.deb ...
2025-04-15T08:40:18.8178253Z Unpacking libbs2b0:amd64 (3.1.0+dfsg-7build1) ...
2025-04-15T08:40:18.8418697Z Selecting previously unselected package libflite1:amd64.
2025-04-15T08:40:18.8555537Z Preparing to unpack .../057-libflite1_2.2-6build3_amd64.deb ...
2025-04-15T08:40:18.8566750Z Unpacking libflite1:amd64 (2.2-6build3) ...
2025-04-15T08:40:18.9751941Z Selecting previously unselected package libserd-0-0:amd64.
2025-04-15T08:40:18.9888852Z Preparing to unpack .../058-libserd-0-0_0.32.2-1_amd64.deb ...
2025-04-15T08:40:18.9901520Z Unpacking libserd-0-0:amd64 (0.32.2-1) ...
2025-04-15T08:40:19.0246079Z Selecting previously unselected package libzix-0-0:amd64.
2025-04-15T08:40:19.0383048Z Preparing to unpack .../059-libzix-0-0_0.4.2-2build1_amd64.deb ...
2025-04-15T08:40:19.0392474Z Unpacking libzix-0-0:amd64 (0.4.2-2build1) ...
2025-04-15T08:40:19.0605543Z Selecting previously unselected package libsord-0-0:amd64.
2025-04-15T08:40:19.0742023Z Preparing to unpack .../060-libsord-0-0_0.16.16-2build1_amd64.deb ...
2025-04-15T08:40:19.0750552Z Unpacking libsord-0-0:amd64 (0.16.16-2build1) ...
2025-04-15T08:40:19.0965741Z Selecting previously unselected package libsratom-0-0:amd64.
2025-04-15T08:40:19.1107326Z Preparing to unpack .../061-libsratom-0-0_0.6.16-1build1_amd64.deb ...
2025-04-15T08:40:19.1118789Z Unpacking libsratom-0-0:amd64 (0.6.16-1build1) ...
2025-04-15T08:40:19.1333226Z Selecting previously unselected package liblilv-0-0:amd64.
2025-04-15T08:40:19.1470163Z Preparing to unpack .../062-liblilv-0-0_0.24.22-1build1_amd64.deb ...
2025-04-15T08:40:19.1480094Z Unpacking liblilv-0-0:amd64 (0.24.22-1build1) ...
2025-04-15T08:40:19.1702191Z Selecting previously unselected package libmysofa1:amd64.
2025-04-15T08:40:19.1838804Z Preparing to unpack .../063-libmysofa1_1.3.2+dfsg-2ubuntu2_amd64.deb ...
2025-04-15T08:40:19.1848318Z Unpacking libmysofa1:amd64 (1.3.2+dfsg-2ubuntu2) ...
2025-04-15T08:40:19.2119947Z Selecting previously unselected package libplacebo338:amd64.
2025-04-15T08:40:19.2257943Z Preparing to unpack .../064-libplacebo338_6.338.2-2build1_amd64.deb ...
2025-04-15T08:40:19.2270449Z Unpacking libplacebo338:amd64 (6.338.2-2build1) ...
2025-04-15T08:40:19.2910603Z Selecting previously unselected package libblas3:amd64.
2025-04-15T08:40:19.3044864Z Preparing to unpack .../065-libblas3_3.12.0-3build1.1_amd64.deb ...
2025-04-15T08:40:19.3075750Z Unpacking libblas3:amd64 (3.12.0-3build1.1) ...
2025-04-15T08:40:19.3323108Z Selecting previously unselected package liblapack3:amd64.
2025-04-15T08:40:19.3459357Z Preparing to unpack .../066-liblapack3_3.12.0-3build1.1_amd64.deb ...
2025-04-15T08:40:19.3493004Z Unpacking liblapack3:amd64 (3.12.0-3build1.1) ...
2025-04-15T08:40:19.4064690Z Selecting previously unselected package libasyncns0:amd64.
2025-04-15T08:40:19.4200377Z Preparing to unpack .../067-libasyncns0_0.8-6build4_amd64.deb ...
2025-04-15T08:40:19.4209983Z Unpacking libasyncns0:amd64 (0.8-6build4) ...
2025-04-15T08:40:19.4428152Z Selecting previously unselected package libflac12t64:amd64.
2025-04-15T08:40:19.4564841Z Preparing to unpack .../068-libflac12t64_1.4.3+ds-2.1ubuntu2_amd64.deb ...
2025-04-15T08:40:19.4576462Z Unpacking libflac12t64:amd64 (1.4.3+ds-2.1ubuntu2) ...
2025-04-15T08:40:19.4817031Z Selecting previously unselected package libsndfile1:amd64.
2025-04-15T08:40:19.4954215Z Preparing to unpack .../069-libsndfile1_1.2.2-1ubuntu5.24.04.1_amd64.deb ...
2025-04-15T08:40:19.4964118Z Unpacking libsndfile1:amd64 (1.2.2-1ubuntu5.24.04.1) ...
2025-04-15T08:40:19.5226642Z Selecting previously unselected package libpulse0:amd64.
2025-04-15T08:40:19.5364056Z Preparing to unpack .../070-libpulse0_1%3a16.1+dfsg1-2ubuntu10.1_amd64.deb ...
2025-04-15T08:40:19.5432885Z Unpacking libpulse0:amd64 (1:16.1+dfsg1-2ubuntu10.1) ...
2025-04-15T08:40:19.5695205Z Selecting previously unselected package libsphinxbase3t64:amd64.
2025-04-15T08:40:19.5832091Z Preparing to unpack .../071-libsphinxbase3t64_0.8+5prealpha+1-17build2_amd64.deb ...
2025-04-15T08:40:19.5841338Z Unpacking libsphinxbase3t64:amd64 (0.8+5prealpha+1-17build2) ...
2025-04-15T08:40:19.6073495Z Selecting previously unselected package libpocketsphinx3:amd64.
2025-04-15T08:40:19.6209546Z Preparing to unpack .../072-libpocketsphinx3_0.8.0+real5prealpha+1-15ubuntu5_amd64.deb ...
2025-04-15T08:40:19.6218679Z Unpacking libpocketsphinx3:amd64 (0.8.0+real5prealpha+1-15ubuntu5) ...
2025-04-15T08:40:19.6486699Z Selecting previously unselected package libpostproc57:amd64.
2025-04-15T08:40:19.6625481Z Preparing to unpack .../073-libpostproc57_7%3a6.1.1-3ubuntu5_amd64.deb ...
2025-04-15T08:40:19.6635915Z Unpacking libpostproc57:amd64 (7:6.1.1-3ubuntu5) ...
2025-04-15T08:40:19.6860522Z Selecting previously unselected package libsamplerate0:amd64.
2025-04-15T08:40:19.6997575Z Preparing to unpack .../074-libsamplerate0_0.2.2-4build1_amd64.deb ...
2025-04-15T08:40:19.7007084Z Unpacking libsamplerate0:amd64 (0.2.2-4build1) ...
2025-04-15T08:40:19.7295496Z Selecting previously unselected package librubberband2:amd64.
2025-04-15T08:40:19.7431954Z Preparing to unpack .../075-librubberband2_3.3.0+dfsg-2build1_amd64.deb ...
2025-04-15T08:40:19.7442669Z Unpacking librubberband2:amd64 (3.3.0+dfsg-2build1) ...
2025-04-15T08:40:19.7679665Z Selecting previously unselected package libswscale7:amd64.
2025-04-15T08:40:19.7816273Z Preparing to unpack .../076-libswscale7_7%3a6.1.1-3ubuntu5_amd64.deb ...
2025-04-15T08:40:19.7825654Z Unpacking libswscale7:amd64 (7:6.1.1-3ubuntu5) ...
2025-04-15T08:40:19.8157536Z Selecting previously unselected package libvidstab1.1:amd64.
2025-04-15T08:40:19.8294301Z Preparing to unpack .../077-libvidstab1.1_1.1.0-2build1_amd64.deb ...
2025-04-15T08:40:19.8303955Z Unpacking libvidstab1.1:amd64 (1.1.0-2build1) ...
2025-04-15T08:40:19.8522148Z Selecting previously unselected package libzimg2:amd64.
2025-04-15T08:40:19.8661506Z Preparing to unpack .../078-libzimg2_3.0.5+ds1-1build1_amd64.deb ...
2025-04-15T08:40:19.8672670Z Unpacking libzimg2:amd64 (3.0.5+ds1-1build1) ...
2025-04-15T08:40:19.8942306Z Selecting previously unselected package libavfilter9:amd64.
2025-04-15T08:40:19.9077308Z Preparing to unpack .../079-libavfilter9_7%3a6.1.1-3ubuntu5_amd64.deb ...
2025-04-15T08:40:19.9086001Z Unpacking libavfilter9:amd64 (7:6.1.1-3ubuntu5) ...
2025-04-15T08:40:19.9923686Z Selecting previously unselected package liborc-0.4-0t64:amd64.
2025-04-15T08:40:20.0060510Z Preparing to unpack .../080-liborc-0.4-0t64_1%3a0.4.38-1ubuntu0.1_amd64.deb ...
2025-04-15T08:40:20.0070162Z Unpacking liborc-0.4-0t64:amd64 (1:0.4.38-1ubuntu0.1) ...
2025-04-15T08:40:20.0328412Z Selecting previously unselected package libgstreamer-plugins-base1.0-0:amd64.
2025-04-15T08:40:20.0464583Z Preparing to unpack .../081-libgstreamer-plugins-base1.0-0_1.24.2-1ubuntu0.2_amd64.deb ...
2025-04-15T08:40:20.0474948Z Unpacking libgstreamer-plugins-base1.0-0:amd64 (1.24.2-1ubuntu0.2) ...
2025-04-15T08:40:20.1048855Z Selecting previously unselected package gstreamer1.0-libav:amd64.
2025-04-15T08:40:20.1186503Z Preparing to unpack .../082-gstreamer1.0-libav_1.24.1-1build1_amd64.deb ...
2025-04-15T08:40:20.1195031Z Unpacking gstreamer1.0-libav:amd64 (1.24.1-1build1) ...
2025-04-15T08:40:20.1421916Z Selecting previously unselected package libcdparanoia0:amd64.
2025-04-15T08:40:20.1560793Z Preparing to unpack .../083-libcdparanoia0_3.10.2+debian-14build3_amd64.deb ...
2025-04-15T08:40:20.1570697Z Unpacking libcdparanoia0:amd64 (3.10.2+debian-14build3) ...
2025-04-15T08:40:20.1806989Z Selecting previously unselected package libvisual-0.4-0:amd64.
2025-04-15T08:40:20.1943069Z Preparing to unpack .../084-libvisual-0.4-0_0.4.2-2build1_amd64.deb ...
2025-04-15T08:40:20.1951759Z Unpacking libvisual-0.4-0:amd64 (0.4.2-2build1) ...
2025-04-15T08:40:20.2186894Z Selecting previously unselected package gstreamer1.0-plugins-base:amd64.
2025-04-15T08:40:20.2324991Z Preparing to unpack .../085-gstreamer1.0-plugins-base_1.24.2-1ubuntu0.2_amd64.deb ...
2025-04-15T08:40:20.2340727Z Unpacking gstreamer1.0-plugins-base:amd64 (1.24.2-1ubuntu0.2) ...
2025-04-15T08:40:20.2692947Z Selecting previously unselected package libaa1:amd64.
2025-04-15T08:40:20.2833060Z Preparing to unpack .../086-libaa1_1.4p5-51.1_amd64.deb ...
2025-04-15T08:40:20.2846522Z Unpacking libaa1:amd64 (1.4p5-51.1) ...
2025-04-15T08:40:20.3074830Z Selecting previously unselected package libraw1394-11:amd64.
2025-04-15T08:40:20.3209520Z Preparing to unpack .../087-libraw1394-11_2.1.2-2build3_amd64.deb ...
2025-04-15T08:40:20.3218292Z Unpacking libraw1394-11:amd64 (2.1.2-2build3) ...
2025-04-15T08:40:20.3434205Z Selecting previously unselected package libavc1394-0:amd64.
2025-04-15T08:40:20.3572768Z Preparing to unpack .../088-libavc1394-0_0.5.4-5build3_amd64.deb ...
2025-04-15T08:40:20.3588062Z Unpacking libavc1394-0:amd64 (0.5.4-5build3) ...
2025-04-15T08:40:20.3816196Z Selecting previously unselected package libcaca0:amd64.
2025-04-15T08:40:20.3953178Z Preparing to unpack .../089-libcaca0_0.99.beta20-4build2_amd64.deb ...
2025-04-15T08:40:20.3963835Z Unpacking libcaca0:amd64 (0.99.beta20-4build2) ...
2025-04-15T08:40:20.4229108Z Selecting previously unselected package libdv4t64:amd64.
2025-04-15T08:40:20.4365842Z Preparing to unpack .../090-libdv4t64_1.0.0-17.1build1_amd64.deb ...
2025-04-15T08:40:20.4375324Z Unpacking libdv4t64:amd64 (1.0.0-17.1build1) ...
2025-04-15T08:40:20.4608925Z Selecting previously unselected package libgstreamer-plugins-good1.0-0:amd64.
2025-04-15T08:40:20.4746664Z Preparing to unpack .../091-libgstreamer-plugins-good1.0-0_1.24.2-1ubuntu1.1_amd64.deb ...
2025-04-15T08:40:20.4756309Z Unpacking libgstreamer-plugins-good1.0-0:amd64 (1.24.2-1ubuntu1.1) ...
2025-04-15T08:40:20.5014218Z Selecting previously unselected package libiec61883-0:amd64.
2025-04-15T08:40:20.5156907Z Preparing to unpack .../092-libiec61883-0_1.2.0-6build1_amd64.deb ...
2025-04-15T08:40:20.5166776Z Unpacking libiec61883-0:amd64 (1.2.0-6build1) ...
2025-04-15T08:40:20.5416533Z Selecting previously unselected package libshout3:amd64.
2025-04-15T08:40:20.5557198Z Preparing to unpack .../093-libshout3_2.4.6-1build2_amd64.deb ...
2025-04-15T08:40:20.5567646Z Unpacking libshout3:amd64 (2.4.6-1build2) ...
2025-04-15T08:40:20.5812426Z Selecting previously unselected package libtag1v5-vanilla:amd64.
2025-04-15T08:40:20.5951195Z Preparing to unpack .../094-libtag1v5-vanilla_1.13.1-1build1_amd64.deb ...
2025-04-15T08:40:20.5962853Z Unpacking libtag1v5-vanilla:amd64 (1.13.1-1build1) ...
2025-04-15T08:40:20.6225729Z Selecting previously unselected package libtag1v5:amd64.
2025-04-15T08:40:20.6364000Z Preparing to unpack .../095-libtag1v5_1.13.1-1build1_amd64.deb ...
2025-04-15T08:40:20.6373374Z Unpacking libtag1v5:amd64 (1.13.1-1build1) ...
2025-04-15T08:40:20.6596203Z Selecting previously unselected package libv4lconvert0t64:amd64.
2025-04-15T08:40:20.6735121Z Preparing to unpack .../096-libv4lconvert0t64_1.26.1-4build3_amd64.deb ...
2025-04-15T08:40:20.6744709Z Unpacking libv4lconvert0t64:amd64 (1.26.1-4build3) ...
2025-04-15T08:40:20.6989346Z Selecting previously unselected package libv4l-0t64:amd64.
2025-04-15T08:40:20.7129538Z Preparing to unpack .../097-libv4l-0t64_1.26.1-4build3_amd64.deb ...
2025-04-15T08:40:20.7139386Z Unpacking libv4l-0t64:amd64 (1.26.1-4build3) ...
2025-04-15T08:40:20.7391096Z Selecting previously unselected package libwavpack1:amd64.
2025-04-15T08:40:20.7530245Z Preparing to unpack .../098-libwavpack1_5.6.0-1build1_amd64.deb ...
2025-04-15T08:40:20.7540489Z Unpacking libwavpack1:amd64 (5.6.0-1build1) ...
2025-04-15T08:40:20.7764629Z Selecting previously unselected package libsoup-3.0-common.
2025-04-15T08:40:20.7902988Z Preparing to unpack .../099-libsoup-3.0-common_3.4.4-5ubuntu0.2_all.deb ...
2025-04-15T08:40:20.7913633Z Unpacking libsoup-3.0-common (3.4.4-5ubuntu0.2) ...
2025-04-15T08:40:20.8125576Z Selecting previously unselected package libsoup-3.0-0:amd64.
2025-04-15T08:40:20.8264234Z Preparing to unpack .../100-libsoup-3.0-0_3.4.4-5ubuntu0.2_amd64.deb ...
2025-04-15T08:40:20.8273208Z Unpacking libsoup-3.0-0:amd64 (3.4.4-5ubuntu0.2) ...
2025-04-15T08:40:20.8514987Z Selecting previously unselected package gstreamer1.0-plugins-good:amd64.
2025-04-15T08:40:20.8651960Z Preparing to unpack .../101-gstreamer1.0-plugins-good_1.24.2-1ubuntu1.1_amd64.deb ...
2025-04-15T08:40:20.8661190Z Unpacking gstreamer1.0-plugins-good:amd64 (1.24.2-1ubuntu1.1) ...
2025-04-15T08:40:20.9439882Z Preparing to unpack .../102-gtk-update-icon-cache_3.24.41-4ubuntu1.3_amd64.deb ...
2025-04-15T08:40:20.9468294Z Unpacking gtk-update-icon-cache (3.24.41-4ubuntu1.3) over (3.24.41-4ubuntu1.2) ...
2025-04-15T08:40:20.9713744Z Selecting previously unselected package libabsl20220623t64:amd64.
2025-04-15T08:40:20.9852918Z Preparing to unpack .../103-libabsl20220623t64_20220623.1-3.1ubuntu3_amd64.deb ...
2025-04-15T08:40:20.9862869Z Unpacking libabsl20220623t64:amd64 (20220623.1-3.1ubuntu3) ...
2025-04-15T08:40:21.0312311Z Selecting previously unselected package libgav1-1:amd64.
2025-04-15T08:40:21.0450841Z Preparing to unpack .../104-libgav1-1_0.18.0-1build3_amd64.deb ...
2025-04-15T08:40:21.0470761Z Unpacking libgav1-1:amd64 (0.18.0-1build3) ...
2025-04-15T08:40:21.0805323Z Selecting previously unselected package libyuv0:amd64.
2025-04-15T08:40:21.0953125Z Preparing to unpack .../105-libyuv0_0.0~git202401110.af6ac82-1_amd64.deb ...
2025-04-15T08:40:21.0964627Z Unpacking libyuv0:amd64 (0.0~git202401110.af6ac82-1) ...
2025-04-15T08:40:21.1272575Z Selecting previously unselected package libavif16:amd64.
2025-04-15T08:40:21.1413824Z Preparing to unpack .../106-libavif16_1.0.4-1ubuntu3_amd64.deb ...
2025-04-15T08:40:21.1424667Z Unpacking libavif16:amd64 (1.0.4-1ubuntu3) ...
2025-04-15T08:40:21.1663405Z Selecting previously unselected package libavtp0:amd64.
2025-04-15T08:40:21.1802709Z Preparing to unpack .../107-libavtp0_0.2.0-1build1_amd64.deb ...
2025-04-15T08:40:21.1813596Z Unpacking libavtp0:amd64 (0.2.0-1build1) ...
2025-04-15T08:40:21.2040992Z Selecting previously unselected package libcairo-script-interpreter2:amd64.
2025-04-15T08:40:21.2183907Z Preparing to unpack .../108-libcairo-script-interpreter2_1.18.0-3build1_amd64.deb ...
2025-04-15T08:40:21.2194192Z Unpacking libcairo-script-interpreter2:amd64 (1.18.0-3build1) ...
2025-04-15T08:40:21.2479602Z Selecting previously unselected package libdc1394-25:amd64.
2025-04-15T08:40:21.2619886Z Preparing to unpack .../109-libdc1394-25_2.2.6-4build1_amd64.deb ...
2025-04-15T08:40:21.2629867Z Unpacking libdc1394-25:amd64 (2.2.6-4build1) ...
2025-04-15T08:40:21.2863880Z Selecting previously unselected package libdecor-0-0:amd64.
2025-04-15T08:40:21.3001351Z Preparing to unpack .../110-libdecor-0-0_0.2.2-1build2_amd64.deb ...
2025-04-15T08:40:21.3013360Z Unpacking libdecor-0-0:amd64 (0.2.2-1build2) ...
2025-04-15T08:40:21.3230094Z Selecting previously unselected package libgles2:amd64.
2025-04-15T08:40:21.3367484Z Preparing to unpack .../111-libgles2_1.7.0-1build1_amd64.deb ...
2025-04-15T08:40:21.3376570Z Unpacking libgles2:amd64 (1.7.0-1build1) ...
2025-04-15T08:40:21.3596446Z Selecting previously unselected package libdirectfb-1.7-7t64:amd64.
2025-04-15T08:40:21.3734602Z Preparing to unpack .../112-libdirectfb-1.7-7t64_1.7.7-11.1ubuntu2_amd64.deb ...
2025-04-15T08:40:21.3744112Z Unpacking libdirectfb-1.7-7t64:amd64 (1.7.7-11.1ubuntu2) ...
2025-04-15T08:40:21.4200678Z Selecting previously unselected package libdvdread8t64:amd64.
2025-04-15T08:40:21.4339823Z Preparing to unpack .../113-libdvdread8t64_6.1.3-1.1build1_amd64.deb ...
2025-04-15T08:40:21.4352025Z Unpacking libdvdread8t64:amd64 (6.1.3-1.1build1) ...
2025-04-15T08:40:21.4603770Z Selecting previously unselected package libdvdnav4:amd64.
2025-04-15T08:40:21.4741711Z Preparing to unpack .../114-libdvdnav4_6.1.1-3build1_amd64.deb ...
2025-04-15T08:40:21.4750620Z Unpacking libdvdnav4:amd64 (6.1.1-3build1) ...
2025-04-15T08:40:21.4987605Z Selecting previously unselected package libegl-mesa0:amd64.
2025-04-15T08:40:21.5127265Z Preparing to unpack .../115-libegl-mesa0_24.2.8-1ubuntu1~24.04.1_amd64.deb ...
2025-04-15T08:40:21.5140903Z Unpacking libegl-mesa0:amd64 (24.2.8-1ubuntu1~24.04.1) ...
2025-04-15T08:40:21.5404196Z Selecting previously unselected package libevent-2.1-7t64:amd64.
2025-04-15T08:40:21.5544560Z Preparing to unpack .../116-libevent-2.1-7t64_2.1.12-stable-9ubuntu2_amd64.deb ...
2025-04-15T08:40:21.5555808Z Unpacking libevent-2.1-7t64:amd64 (2.1.12-stable-9ubuntu2) ...
2025-04-15T08:40:21.5795403Z Selecting previously unselected package libfaad2:amd64.
2025-04-15T08:40:21.5935155Z Preparing to unpack .../117-libfaad2_2.11.1-1build1_amd64.deb ...
2025-04-15T08:40:21.5946021Z Unpacking libfaad2:amd64 (2.11.1-1build1) ...
2025-04-15T08:40:21.6199514Z Selecting previously unselected package libinstpatch-1.0-2:amd64.
2025-04-15T08:40:21.6340252Z Preparing to unpack .../118-libinstpatch-1.0-2_1.1.6-1build2_amd64.deb ...
2025-04-15T08:40:21.6349636Z Unpacking libinstpatch-1.0-2:amd64 (1.1.6-1build2) ...
2025-04-15T08:40:21.6617193Z Selecting previously unselected package libjack-jackd2-0:amd64.
2025-04-15T08:40:21.6756614Z Preparing to unpack .../119-libjack-jackd2-0_1.9.21~dfsg-3ubuntu3_amd64.deb ...
2025-04-15T08:40:21.6766193Z Unpacking libjack-jackd2-0:amd64 (1.9.21~dfsg-3ubuntu3) ...
2025-04-15T08:40:21.7045514Z Selecting previously unselected package libwebrtc-audio-processing1:amd64.
2025-04-15T08:40:21.7184403Z Preparing to unpack .../120-libwebrtc-audio-processing1_0.3.1-0ubuntu6_amd64.deb ...
2025-04-15T08:40:21.7193597Z Unpacking libwebrtc-audio-processing1:amd64 (0.3.1-0ubuntu6) ...
2025-04-15T08:40:21.7449977Z Selecting previously unselected package libspa-0.2-modules:amd64.
2025-04-15T08:40:21.7589870Z Preparing to unpack .../121-libspa-0.2-modules_1.0.5-1ubuntu3_amd64.deb ...
2025-04-15T08:40:21.7600184Z Unpacking libspa-0.2-modules:amd64 (1.0.5-1ubuntu3) ...
2025-04-15T08:40:21.7945821Z Selecting previously unselected package libpipewire-0.3-0t64:amd64.
2025-04-15T08:40:21.8085204Z Preparing to unpack .../122-libpipewire-0.3-0t64_1.0.5-1ubuntu3_amd64.deb ...
2025-04-15T08:40:21.8094154Z Unpacking libpipewire-0.3-0t64:amd64 (1.0.5-1ubuntu3) ...
2025-04-15T08:40:21.8367006Z Selecting previously unselected package libsdl2-2.0-0:amd64.
2025-04-15T08:40:21.8504104Z Preparing to unpack .../123-libsdl2-2.0-0_2.30.0+dfsg-1build3_amd64.deb ...
2025-04-15T08:40:21.8515689Z Unpacking libsdl2-2.0-0:amd64 (2.30.0+dfsg-1build3) ...
2025-04-15T08:40:21.8843741Z Selecting previously unselected package timgm6mb-soundfont.
2025-04-15T08:40:21.8983180Z Preparing to unpack .../124-timgm6mb-soundfont_1.3-5_all.deb ...
2025-04-15T08:40:21.8992288Z Unpacking timgm6mb-soundfont (1.3-5) ...
2025-04-15T08:40:22.2446319Z Selecting previously unselected package libfluidsynth3:amd64.
2025-04-15T08:40:22.2585206Z Preparing to unpack .../125-libfluidsynth3_2.3.4-1build3_amd64.deb ...
2025-04-15T08:40:22.2595826Z Unpacking libfluidsynth3:amd64 (2.3.4-1build3) ...
2025-04-15T08:40:22.2855307Z Selecting previously unselected package libfreeaptx0:amd64.
2025-04-15T08:40:22.2994627Z Preparing to unpack .../126-libfreeaptx0_0.1.1-2build1_amd64.deb ...
2025-04-15T08:40:22.3004521Z Unpacking libfreeaptx0:amd64 (0.1.1-2build1) ...
2025-04-15T08:40:22.3226642Z Selecting previously unselected package libgraphene-1.0-0:amd64.
2025-04-15T08:40:22.3368163Z Preparing to unpack .../127-libgraphene-1.0-0_1.10.8-3build2_amd64.deb ...
2025-04-15T08:40:22.3379226Z Unpacking libgraphene-1.0-0:amd64 (1.10.8-3build2) ...
2025-04-15T08:40:22.3609265Z Selecting previously unselected package libgssdp-1.6-0:amd64.
2025-04-15T08:40:22.3752228Z Preparing to unpack .../128-libgssdp-1.6-0_1.6.3-1build3_amd64.deb ...
2025-04-15T08:40:22.3762604Z Unpacking libgssdp-1.6-0:amd64 (1.6.3-1build3) ...
2025-04-15T08:40:22.3999582Z Selecting previously unselected package libegl1:amd64.
2025-04-15T08:40:22.4138381Z Preparing to unpack .../129-libegl1_1.7.0-1build1_amd64.deb ...
2025-04-15T08:40:22.4147751Z Unpacking libegl1:amd64 (1.7.0-1build1) ...
2025-04-15T08:40:22.4373753Z Selecting previously unselected package libgstreamer-gl1.0-0:amd64.
2025-04-15T08:40:22.4512022Z Preparing to unpack .../130-libgstreamer-gl1.0-0_1.24.2-1ubuntu0.2_amd64.deb ...
2025-04-15T08:40:22.4522330Z Unpacking libgstreamer-gl1.0-0:amd64 (1.24.2-1ubuntu0.2) ...
2025-04-15T08:40:22.4904853Z Preparing to unpack .../131-libgtk-3-common_3.24.41-4ubuntu1.3_all.deb ...
2025-04-15T08:40:22.4931085Z Unpacking libgtk-3-common (3.24.41-4ubuntu1.3) over (3.24.41-4ubuntu1.2) ...
2025-04-15T08:40:22.5573942Z Preparing to unpack .../132-libgtk-3-0t64_3.24.41-4ubuntu1.3_amd64.deb ...
2025-04-15T08:40:22.5637457Z Unpacking libgtk-3-0t64:amd64 (3.24.41-4ubuntu1.3) over (3.24.41-4ubuntu1.2) ...
2025-04-15T08:40:22.6406227Z Selecting previously unselected package libgtk-4-common.
2025-04-15T08:40:22.6548365Z Preparing to unpack .../133-libgtk-4-common_4.14.2+ds-1ubuntu2_all.deb ...
2025-04-15T08:40:22.6559288Z Unpacking libgtk-4-common (4.14.2+ds-1ubuntu2) ...
2025-04-15T08:40:22.7097453Z Selecting previously unselected package libgtk-4-1:amd64.
2025-04-15T08:40:22.7236455Z Preparing to unpack .../134-libgtk-4-1_4.14.2+ds-1ubuntu2_amd64.deb ...
2025-04-15T08:40:22.7248985Z Unpacking libgtk-4-1:amd64 (4.14.2+ds-1ubuntu2) ...
2025-04-15T08:40:22.8048113Z Selecting previously unselected package libgupnp-1.6-0:amd64.
2025-04-15T08:40:22.8187961Z Preparing to unpack .../135-libgupnp-1.6-0_1.6.6-1build3_amd64.deb ...
2025-04-15T08:40:22.8198121Z Unpacking libgupnp-1.6-0:amd64 (1.6.6-1build3) ...
2025-04-15T08:40:22.8431124Z Selecting previously unselected package libgupnp-igd-1.6-0:amd64.
2025-04-15T08:40:22.8570463Z Preparing to unpack .../136-libgupnp-igd-1.6-0_1.6.0-3build3_amd64.deb ...
2025-04-15T08:40:22.8582246Z Unpacking libgupnp-igd-1.6-0:amd64 (1.6.0-3build3) ...
2025-04-15T08:40:22.8807410Z Selecting previously unselected package libharfbuzz-icu0:amd64.
2025-04-15T08:40:22.8946271Z Preparing to unpack .../137-libharfbuzz-icu0_8.3.0-2build2_amd64.deb ...
2025-04-15T08:40:22.8956522Z Unpacking libharfbuzz-icu0:amd64 (8.3.0-2build2) ...
2025-04-15T08:40:22.9170932Z Selecting previously unselected package libhyphen0:amd64.
2025-04-15T08:40:22.9308401Z Preparing to unpack .../138-libhyphen0_2.8.8-7build3_amd64.deb ...
2025-04-15T08:40:22.9317116Z Unpacking libhyphen0:amd64 (2.8.8-7build3) ...
2025-04-15T08:40:22.9545879Z Selecting previously unselected package libimath-3-1-29t64:amd64.
2025-04-15T08:40:22.9687506Z Preparing to unpack .../139-libimath-3-1-29t64_3.1.9-3.1ubuntu2_amd64.deb ...
2025-04-15T08:40:22.9700584Z Unpacking libimath-3-1-29t64:amd64 (3.1.9-3.1ubuntu2) ...
2025-04-15T08:40:22.9942529Z Selecting previously unselected package liblc3-1:amd64.
2025-04-15T08:40:23.0082312Z Preparing to unpack .../140-liblc3-1_1.0.4-3build1_amd64.deb ...
2025-04-15T08:40:23.0092435Z Unpacking liblc3-1:amd64 (1.0.4-3build1) ...
2025-04-15T08:40:23.0338049Z Selecting previously unselected package libldacbt-enc2:amd64.
2025-04-15T08:40:23.0475182Z Preparing to unpack .../141-libldacbt-enc2_2.0.2.3+git20200429+ed310a0-4ubuntu2_amd64.deb ...
2025-04-15T08:40:23.0485038Z Unpacking libldacbt-enc2:amd64 (2.0.2.3+git20200429+ed310a0-4ubuntu2) ...
2025-04-15T08:40:23.0848238Z Preparing to unpack .../142-libxslt1.1_1.1.39-0exp1ubuntu0.24.04.2_amd64.deb ...
2025-04-15T08:40:23.0968147Z Unpacking libxslt1.1:amd64 (1.1.39-0exp1ubuntu0.24.04.2) over (1.1.39-0exp1build1) ...
2025-04-15T08:40:23.1240687Z Selecting previously unselected package libraptor2-0:amd64.
2025-04-15T08:40:23.1382076Z Preparing to unpack .../143-libraptor2-0_2.0.16-3ubuntu0.1_amd64.deb ...
2025-04-15T08:40:23.1391862Z Unpacking libraptor2-0:amd64 (2.0.16-3ubuntu0.1) ...
2025-04-15T08:40:23.1629744Z Selecting previously unselected package liblrdf0:amd64.
2025-04-15T08:40:23.1765715Z Preparing to unpack .../144-liblrdf0_0.6.1-4build1_amd64.deb ...
2025-04-15T08:40:23.1774690Z Unpacking liblrdf0:amd64 (0.6.1-4build1) ...
2025-04-15T08:40:23.1996267Z Selecting previously unselected package libltc11:amd64.
2025-04-15T08:40:23.2131928Z Preparing to unpack .../145-libltc11_1.3.2-1build1_amd64.deb ...
2025-04-15T08:40:23.2140930Z Unpacking libltc11:amd64 (1.3.2-1build1) ...
2025-04-15T08:40:23.2358921Z Selecting previously unselected package libmanette-0.2-0:amd64.
2025-04-15T08:40:23.2492464Z Preparing to unpack .../146-libmanette-0.2-0_0.2.7-1build2_amd64.deb ...
2025-04-15T08:40:23.2502149Z Unpacking libmanette-0.2-0:amd64 (0.2.7-1build2) ...
2025-04-15T08:40:23.2739289Z Selecting previously unselected package libmfx1:amd64.
2025-04-15T08:40:23.2872286Z Preparing to unpack .../147-libmfx1_22.5.4-1_amd64.deb ...
2025-04-15T08:40:23.2881614Z Unpacking libmfx1:amd64 (22.5.4-1) ...
2025-04-15T08:40:23.3978906Z Selecting previously unselected package libmjpegutils-2.1-0t64:amd64.
2025-04-15T08:40:23.4115259Z Preparing to unpack .../148-libmjpegutils-2.1-0t64_1%3a2.1.0+debian-8.1build1_amd64.deb ...
2025-04-15T08:40:23.4125021Z Unpacking libmjpegutils-2.1-0t64:amd64 (1:2.1.0+debian-8.1build1) ...
2025-04-15T08:40:23.4348185Z Selecting previously unselected package libmodplug1:amd64.
2025-04-15T08:40:23.4484846Z Preparing to unpack .../149-libmodplug1_1%3a0.8.9.0-3build1_amd64.deb ...
2025-04-15T08:40:23.4494504Z Unpacking libmodplug1:amd64 (1:0.8.9.0-3build1) ...
2025-04-15T08:40:23.4724406Z Selecting previously unselected package libmpcdec6:amd64.
2025-04-15T08:40:23.4860390Z Preparing to unpack .../150-libmpcdec6_2%3a0.1~r495-2build1_amd64.deb ...
2025-04-15T08:40:23.4871954Z Unpacking libmpcdec6:amd64 (2:0.1~r495-2build1) ...
2025-04-15T08:40:23.5083855Z Selecting previously unselected package libmpeg2encpp-2.1-0t64:amd64.
2025-04-15T08:40:23.5221046Z Preparing to unpack .../151-libmpeg2encpp-2.1-0t64_1%3a2.1.0+debian-8.1build1_amd64.deb ...
2025-04-15T08:40:23.5230834Z Unpacking libmpeg2encpp-2.1-0t64:amd64 (1:2.1.0+debian-8.1build1) ...
2025-04-15T08:40:23.5453035Z Selecting previously unselected package libmplex2-2.1-0t64:amd64.
2025-04-15T08:40:23.5589202Z Preparing to unpack .../152-libmplex2-2.1-0t64_1%3a2.1.0+debian-8.1build1_amd64.deb ...
2025-04-15T08:40:23.5602440Z Unpacking libmplex2-2.1-0t64:amd64 (1:2.1.0+debian-8.1build1) ...
2025-04-15T08:40:23.5822568Z Selecting previously unselected package libneon27t64:amd64.
2025-04-15T08:40:23.5958788Z Preparing to unpack .../153-libneon27t64_0.33.0-1.1build3_amd64.deb ...
2025-04-15T08:40:23.5971024Z Unpacking libneon27t64:amd64 (0.33.0-1.1build3) ...
2025-04-15T08:40:23.6216263Z Selecting previously unselected package libnice10:amd64.
2025-04-15T08:40:23.6353145Z Preparing to unpack .../154-libnice10_0.1.21-2build3_amd64.deb ...
2025-04-15T08:40:23.6363879Z Unpacking libnice10:amd64 (0.1.21-2build3) ...
2025-04-15T08:40:23.6598238Z Selecting previously unselected package libopenal-data.
2025-04-15T08:40:23.6737599Z Preparing to unpack .../155-libopenal-data_1%3a1.23.1-4build1_all.deb ...
2025-04-15T08:40:23.6746433Z Unpacking libopenal-data (1:1.23.1-4build1) ...
2025-04-15T08:40:23.6991740Z Selecting previously unselected package libopenexr-3-1-30:amd64.
2025-04-15T08:40:23.7129954Z Preparing to unpack .../156-libopenexr-3-1-30_3.1.5-5.1build3_amd64.deb ...
2025-04-15T08:40:23.7140031Z Unpacking libopenexr-3-1-30:amd64 (3.1.5-5.1build3) ...
2025-04-15T08:40:23.7541994Z Selecting previously unselected package libopenh264-7:amd64.
2025-04-15T08:40:23.7677434Z Preparing to unpack .../157-libopenh264-7_2.4.1+dfsg-1_amd64.deb ...
2025-04-15T08:40:23.7687350Z Unpacking libopenh264-7:amd64 (2.4.1+dfsg-1) ...
2025-04-15T08:40:23.7977882Z Selecting previously unselected package libopenni2-0:amd64.
2025-04-15T08:40:23.8117089Z Preparing to unpack .../158-libopenni2-0_2.2.0.33+dfsg-18_amd64.deb ...
2025-04-15T08:40:23.8150297Z Unpacking libopenni2-0:amd64 (2.2.0.33+dfsg-18) ...
2025-04-15T08:40:23.8440245Z Selecting previously unselected package libqrencode4:amd64.
2025-04-15T08:40:23.8577577Z Preparing to unpack .../159-libqrencode4_4.1.1-1build2_amd64.deb ...
2025-04-15T08:40:23.8590367Z Unpacking libqrencode4:amd64 (4.1.1-1build2) ...
2025-04-15T08:40:23.8815447Z Selecting previously unselected package libsecret-common.
2025-04-15T08:40:23.8953915Z Preparing to unpack .../160-libsecret-common_0.21.4-1build3_all.deb ...
2025-04-15T08:40:23.8962871Z Unpacking libsecret-common (0.21.4-1build3) ...
2025-04-15T08:40:23.9333045Z Selecting previously unselected package libsecret-1-0:amd64.
2025-04-15T08:40:23.9473077Z Preparing to unpack .../161-libsecret-1-0_0.21.4-1build3_amd64.deb ...
2025-04-15T08:40:23.9483434Z Unpacking libsecret-1-0:amd64 (0.21.4-1build3) ...
2025-04-15T08:40:23.9733167Z Selecting previously unselected package libsndio7.0:amd64.
2025-04-15T08:40:23.9871981Z Preparing to unpack .../162-libsndio7.0_1.9.0-0.3build3_amd64.deb ...
2025-04-15T08:40:23.9882037Z Unpacking libsndio7.0:amd64 (1.9.0-0.3build3) ...
2025-04-15T08:40:24.0112203Z Selecting previously unselected package libsoundtouch1:amd64.
2025-04-15T08:40:24.0250319Z Preparing to unpack .../163-libsoundtouch1_2.3.2+ds1-1build1_amd64.deb ...
2025-04-15T08:40:24.0260068Z Unpacking libsoundtouch1:amd64 (2.3.2+ds1-1build1) ...
2025-04-15T08:40:24.0495772Z Selecting previously unselected package libspandsp2t64:amd64.
2025-04-15T08:40:24.0635278Z Preparing to unpack .../164-libspandsp2t64_0.0.6+dfsg-2.1build1_amd64.deb ...
2025-04-15T08:40:24.0646491Z Unpacking libspandsp2t64:amd64 (0.0.6+dfsg-2.1build1) ...
2025-04-15T08:40:24.0915588Z Selecting previously unselected package libsrtp2-1:amd64.
2025-04-15T08:40:24.1054337Z Preparing to unpack .../165-libsrtp2-1_2.5.0-3build1_amd64.deb ...
2025-04-15T08:40:24.1064383Z Unpacking libsrtp2-1:amd64 (2.5.0-3build1) ...
2025-04-15T08:40:24.1290969Z Selecting previously unselected package libwildmidi2:amd64.
2025-04-15T08:40:24.1429811Z Preparing to unpack .../166-libwildmidi2_0.4.3-1build3_amd64.deb ...
2025-04-15T08:40:24.1439725Z Unpacking libwildmidi2:amd64 (0.4.3-1build3) ...
2025-04-15T08:40:24.1686351Z Selecting previously unselected package libwoff1:amd64.
2025-04-15T08:40:24.1826874Z Preparing to unpack .../167-libwoff1_1.0.2-2build1_amd64.deb ...
2025-04-15T08:40:24.1837838Z Unpacking libwoff1:amd64 (1.0.2-2build1) ...
2025-04-15T08:40:24.2090168Z Selecting previously unselected package libxcb-xkb1:amd64.
2025-04-15T08:40:24.2228193Z Preparing to unpack .../168-libxcb-xkb1_1.15-1ubuntu2_amd64.deb ...
2025-04-15T08:40:24.2237634Z Unpacking libxcb-xkb1:amd64 (1.15-1ubuntu2) ...
2025-04-15T08:40:24.2473610Z Selecting previously unselected package libxkbcommon-x11-0:amd64.
2025-04-15T08:40:24.2614264Z Preparing to unpack .../169-libxkbcommon-x11-0_1.6.0-1build1_amd64.deb ...
2025-04-15T08:40:24.2625315Z Unpacking libxkbcommon-x11-0:amd64 (1.6.0-1build1) ...
2025-04-15T08:40:24.2854239Z Selecting previously unselected package libzbar0t64:amd64.
2025-04-15T08:40:24.2993246Z Preparing to unpack .../170-libzbar0t64_0.23.93-4build3_amd64.deb ...
2025-04-15T08:40:24.3004658Z Unpacking libzbar0t64:amd64 (0.23.93-4build3) ...
2025-04-15T08:40:24.3245075Z Selecting previously unselected package libzxing3:amd64.
2025-04-15T08:40:24.3383019Z Preparing to unpack .../171-libzxing3_2.2.1-3_amd64.deb ...
2025-04-15T08:40:24.3392016Z Unpacking libzxing3:amd64 (2.2.1-3) ...
2025-04-15T08:40:24.3674211Z Selecting previously unselected package xfonts-encodings.
2025-04-15T08:40:24.3813461Z Preparing to unpack .../172-xfonts-encodings_1%3a1.0.5-0ubuntu2_all.deb ...
2025-04-15T08:40:24.3822091Z Unpacking xfonts-encodings (1:1.0.5-0ubuntu2) ...
2025-04-15T08:40:24.4144319Z Selecting previously unselected package xfonts-utils.
2025-04-15T08:40:24.4282469Z Preparing to unpack .../173-xfonts-utils_1%3a7.7+6build3_amd64.deb ...
2025-04-15T08:40:24.4291501Z Unpacking xfonts-utils (1:7.7+6build3) ...
2025-04-15T08:40:24.4637640Z Selecting previously unselected package xfonts-cyrillic.
2025-04-15T08:40:24.4773668Z Preparing to unpack .../174-xfonts-cyrillic_1%3a1.0.5+nmu1_all.deb ...
2025-04-15T08:40:24.4782640Z Unpacking xfonts-cyrillic (1:1.0.5+nmu1) ...
2025-04-15T08:40:24.5151554Z Selecting previously unselected package xfonts-scalable.
2025-04-15T08:40:24.5289443Z Preparing to unpack .../175-xfonts-scalable_1%3a1.0.3-1.3_all.deb ...
2025-04-15T08:40:24.5298105Z Unpacking xfonts-scalable (1:1.0.3-1.3) ...
2025-04-15T08:40:24.5555145Z Selecting previously unselected package libgstreamer-plugins-bad1.0-0:amd64.
2025-04-15T08:40:24.5692892Z Preparing to unpack .../176-libgstreamer-plugins-bad1.0-0_1.24.2-1ubuntu4_amd64.deb ...
2025-04-15T08:40:24.5702045Z Unpacking libgstreamer-plugins-bad1.0-0:amd64 (1.24.2-1ubuntu4) ...
2025-04-15T08:40:24.6109269Z Selecting previously unselected package libdca0:amd64.
2025-04-15T08:40:24.6246706Z Preparing to unpack .../177-libdca0_0.0.7-2build1_amd64.deb ...
2025-04-15T08:40:24.6256546Z Unpacking libdca0:amd64 (0.0.7-2build1) ...
2025-04-15T08:40:24.6498977Z Selecting previously unselected package libopenal1:amd64.
2025-04-15T08:40:24.6636635Z Preparing to unpack .../178-libopenal1_1%3a1.23.1-4build1_amd64.deb ...
2025-04-15T08:40:24.6647532Z Unpacking libopenal1:amd64 (1:1.23.1-4build1) ...
2025-04-15T08:40:24.6930818Z Selecting previously unselected package libsbc1:amd64.
2025-04-15T08:40:24.7067226Z Preparing to unpack .../179-libsbc1_2.0-1build1_amd64.deb ...
2025-04-15T08:40:24.7075532Z Unpacking libsbc1:amd64 (2.0-1build1) ...
2025-04-15T08:40:24.7295996Z Selecting previously unselected package libvo-aacenc0:amd64.
2025-04-15T08:40:24.7432005Z Preparing to unpack .../180-libvo-aacenc0_0.1.3-2build1_amd64.deb ...
2025-04-15T08:40:24.7442362Z Unpacking libvo-aacenc0:amd64 (0.1.3-2build1) ...
2025-04-15T08:40:24.7675690Z Selecting previously unselected package libvo-amrwbenc0:amd64.
2025-04-15T08:40:24.7812899Z Preparing to unpack .../181-libvo-amrwbenc0_0.1.3-2build1_amd64.deb ...
2025-04-15T08:40:24.7824891Z Unpacking libvo-amrwbenc0:amd64 (0.1.3-2build1) ...
2025-04-15T08:40:24.8048013Z Selecting previously unselected package gstreamer1.0-plugins-bad:amd64.
2025-04-15T08:40:24.8184936Z Preparing to unpack .../182-gstreamer1.0-plugins-bad_1.24.2-1ubuntu4_amd64.deb ...
2025-04-15T08:40:24.8193691Z Unpacking gstreamer1.0-plugins-bad:amd64 (1.24.2-1ubuntu4) ...
2025-04-15T08:40:24.9930341Z Setting up libgme0:amd64 (0.6.3-7build1) ...
2025-04-15T08:40:24.9962580Z Setting up libchromaprint1:amd64 (1.5.1-5) ...
2025-04-15T08:40:24.9991671Z Setting up libssh-gcrypt-4:amd64 (0.10.6-2build2) ...
2025-04-15T08:40:25.0013466Z Setting up libhwy1t64:amd64 (1.0.7-8.1build1) ...
2025-04-15T08:40:25.0041837Z Setting up libcairo-script-interpreter2:amd64 (1.18.0-3build1) ...
2025-04-15T08:40:25.0068156Z Setting up libfreeaptx0:amd64 (0.1.1-2build1) ...
2025-04-15T08:40:25.0090325Z Setting up libdvdread8t64:amd64 (6.1.3-1.1build1) ...
2025-04-15T08:40:25.0112020Z Setting up libudfread0:amd64 (1.1.2-1build1) ...
2025-04-15T08:40:25.0166769Z Setting up libmodplug1:amd64 (1:0.8.9.0-3build1) ...
2025-04-15T08:40:25.0190623Z Setting up libcdparanoia0:amd64 (3.10.2+debian-14build3) ...
2025-04-15T08:40:25.0213296Z Setting up gtk-update-icon-cache (3.24.41-4ubuntu1.3) ...
2025-04-15T08:40:25.0239801Z Setting up libvo-amrwbenc0:amd64 (0.1.3-2build1) ...
2025-04-15T08:40:25.0262341Z Setting up session-migration (0.3.9build1) ...
2025-04-15T08:40:25.1343296Z Created symlink /etc/systemd/user/graphical-session-pre.target.wants/session-migration.service â†’ /usr/lib/systemd/user/session-migration.service.
2025-04-15T08:40:25.1343980Z 
2025-04-15T08:40:25.1376295Z Setting up libraw1394-11:amd64 (2.1.2-2build3) ...
2025-04-15T08:40:25.1400029Z Setting up libsbc1:amd64 (2.0-1build1) ...
2025-04-15T08:40:25.1423518Z Setting up libproxy1v5:amd64 (0.5.4-4build1) ...
2025-04-15T08:40:25.1450116Z Setting up libneon27t64:amd64 (0.33.0-1.1build3) ...
2025-04-15T08:40:25.1482526Z Setting up libtag1v5-vanilla:amd64 (1.13.1-1build1) ...
2025-04-15T08:40:25.1505372Z Setting up libharfbuzz-icu0:amd64 (8.3.0-2build2) ...
2025-04-15T08:40:25.1530829Z Setting up libopenni2-0:amd64 (2.2.0.33+dfsg-18) ...
2025-04-15T08:40:25.1743543Z Setting up libspeex1:amd64 (1.2.1-2ubuntu2.24.04.1) ...
2025-04-15T08:40:25.1769530Z Setting up libshine3:amd64 (3.1.1-2build1) ...
2025-04-15T08:40:25.1795295Z Setting up libcaca0:amd64 (0.99.beta20-4build2) ...
2025-04-15T08:40:25.1821824Z Setting up libvpl2 (2023.3.0-1build1) ...
2025-04-15T08:40:25.1848027Z Setting up libv4lconvert0t64:amd64 (1.26.1-4build3) ...
2025-04-15T08:40:25.1870558Z Setting up libx264-164:amd64 (2:0.164.3108+git31e19f9-1) ...
2025-04-15T08:40:25.1895858Z Setting up libtwolame0:amd64 (0.4.0-2build3) ...
2025-04-15T08:40:25.1919943Z Setting up libmbedcrypto7t64:amd64 (2.28.8-1) ...
2025-04-15T08:40:25.1945129Z Setting up libwoff1:amd64 (1.0.2-2build1) ...
2025-04-15T08:40:25.1975870Z Setting up liblc3-1:amd64 (1.0.4-3build1) ...
2025-04-15T08:40:25.2000690Z Setting up libqrencode4:amd64 (4.1.1-1build2) ...
2025-04-15T08:40:25.2024762Z Setting up libhyphen0:amd64 (2.8.8-7build3) ...
2025-04-15T08:40:25.2049462Z Setting up libgsm1:amd64 (1.0.22-1build1) ...
2025-04-15T08:40:25.2075916Z Setting up libvisual-0.4-0:amd64 (0.4.2-2build1) ...
2025-04-15T08:40:25.2098771Z Setting up libsoxr0:amd64 (0.1.3-4build3) ...
2025-04-15T08:40:25.2124100Z Setting up libzix-0-0:amd64 (0.4.2-2build1) ...
2025-04-15T08:40:25.2149994Z Setting up libcodec2-1.2:amd64 (1.2.0-2build1) ...
2025-04-15T08:40:25.2172503Z Setting up libmanette-0.2-0:amd64 (0.2.7-1build2) ...
2025-04-15T08:40:25.2198132Z Setting up libsrtp2-1:amd64 (2.5.0-3build1) ...
2025-04-15T08:40:25.2225197Z Setting up libmysofa1:amd64 (1.3.2+dfsg-2ubuntu2) ...
2025-04-15T08:40:25.2248390Z Setting up libldacbt-enc2:amd64 (2.0.2.3+git20200429+ed310a0-4ubuntu2) ...
2025-04-15T08:40:25.2272084Z Setting up fonts-wqy-zenhei (0.9.45-8) ...
2025-04-15T08:40:25.2402870Z Setting up libwebrtc-audio-processing1:amd64 (0.3.1-0ubuntu6) ...
2025-04-15T08:40:25.2429925Z Setting up fonts-freefont-ttf (20211204+svn4273-2) ...
2025-04-15T08:40:25.2452316Z Setting up libevent-2.1-7t64:amd64 (2.1.12-stable-9ubuntu2) ...
2025-04-15T08:40:25.2474147Z Setting up libsvtav1enc1d1:amd64 (1.7.0+dfsg-2build1) ...
2025-04-15T08:40:25.2499050Z Setting up libsoup-3.0-common (3.4.4-5ubuntu0.2) ...
2025-04-15T08:40:25.2521743Z Setting up libmpg123-0t64:amd64 (1.32.5-1ubuntu1.1) ...
2025-04-15T08:40:25.2544151Z Setting up libcjson1:amd64 (1.7.17-1) ...
2025-04-15T08:40:25.2570301Z Setting up libxvidcore4:amd64 (2:1.3.7-1build1) ...
2025-04-15T08:40:25.2611945Z Setting up libmpcdec6:amd64 (2:0.1~r495-2build1) ...
2025-04-15T08:40:25.2636509Z Setting up libmjpegutils-2.1-0t64:amd64 (1:2.1.0+debian-8.1build1) ...
2025-04-15T08:40:25.2661642Z Setting up librav1e0:amd64 (0.7.1-2) ...
2025-04-15T08:40:25.2684908Z Setting up liborc-0.4-0t64:amd64 (1:0.4.38-1ubuntu0.1) ...
2025-04-15T08:40:25.2711738Z Setting up libxcb-xkb1:amd64 (1.15-1ubuntu2) ...
2025-04-15T08:40:25.2740074Z Setting up libvo-aacenc0:amd64 (0.1.3-2build1) ...
2025-04-15T08:40:25.2763083Z Setting up librist4:amd64 (0.2.10+dfsg-2) ...
2025-04-15T08:40:25.2786901Z Setting up librsvg2-2:amd64 (2.58.0+dfsg-1build1) ...
2025-04-15T08:40:25.2815720Z Setting up libblas3:amd64 (3.12.0-3build1.1) ...
2025-04-15T08:40:25.2878989Z update-alternatives: using /usr/lib/x86_64-linux-gnu/blas/libblas.so.3 to provide /usr/lib/x86_64-linux-gnu/libblas.so.3 (libblas.so.3-x86_64-linux-gnu) in auto mode
2025-04-15T08:40:25.2896043Z Setting up libegl-mesa0:amd64 (24.2.8-1ubuntu1~24.04.1) ...
2025-04-15T08:40:25.2930425Z Setting up libsoundtouch1:amd64 (2.3.2+ds1-1build1) ...
2025-04-15T08:40:25.2952225Z Setting up libplacebo338:amd64 (6.338.2-2build1) ...
2025-04-15T08:40:25.2980595Z Setting up libgles2:amd64 (1.7.0-1build1) ...
2025-04-15T08:40:25.3007543Z Setting up fonts-tlwg-loma-otf (1:0.7.3-1) ...
2025-04-15T08:40:25.3030137Z Setting up libva2:amd64 (2.20.0-2build1) ...
2025-04-15T08:40:25.3052705Z Setting up libspa-0.2-modules:amd64 (1.0.5-1ubuntu3) ...
2025-04-15T08:40:25.3078066Z Setting up libzxing3:amd64 (2.2.1-3) ...
2025-04-15T08:40:25.3102414Z Setting up xfonts-encodings (1:1.0.5-0ubuntu2) ...
2025-04-15T08:40:25.3127476Z Setting up libopus0:amd64 (1.4-1build1) ...
2025-04-15T08:40:25.3151138Z Setting up libfaad2:amd64 (2.11.1-1build1) ...
2025-04-15T08:40:25.3174249Z Setting up libxkbcommon-x11-0:amd64 (1.6.0-1build1) ...
2025-04-15T08:40:25.3200938Z Setting up libdc1394-25:amd64 (2.2.6-4build1) ...
2025-04-15T08:40:25.3224508Z Setting up libimath-3-1-29t64:amd64 (3.1.9-3.1ubuntu2) ...
2025-04-15T08:40:25.3250473Z Setting up libunibreak5:amd64 (5.1-2build1) ...
2025-04-15T08:40:25.3276073Z Setting up libdv4t64:amd64 (1.0.0-17.1build1) ...
2025-04-15T08:40:25.3300851Z Setting up libjxl0.7:amd64 (0.7.0-10.2ubuntu6) ...
2025-04-15T08:40:25.3326608Z Setting up libopenh264-7:amd64 (2.4.1+dfsg-1) ...
2025-04-15T08:40:25.3351330Z Setting up libltc11:amd64 (1.3.2-1build1) ...
2025-04-15T08:40:25.3373799Z Setting up libx265-199:amd64 (3.5-2build1) ...
2025-04-15T08:40:25.3399640Z Setting up libv4l-0t64:amd64 (1.26.1-4build3) ...
2025-04-15T08:40:25.3426590Z Setting up libavtp0:amd64 (0.2.0-1build1) ...
2025-04-15T08:40:25.3449476Z Setting up libsndio7.0:amd64 (1.9.0-0.3build3) ...
2025-04-15T08:40:25.3473217Z Setting up libdirectfb-1.7-7t64:amd64 (1.7.7-11.1ubuntu2) ...
2025-04-15T08:40:25.3633656Z Setting up libspandsp2t64:amd64 (0.0.6+dfsg-2.1build1) ...
2025-04-15T08:40:25.3663899Z Setting up libvidstab1.1:amd64 (1.1.0-2build1) ...
2025-04-15T08:40:25.3684832Z Setting up libvpx9:amd64 (1.14.0-1ubuntu2.1) ...
2025-04-15T08:40:25.3708254Z Setting up libsrt1.5-gnutls:amd64 (1.5.3-1build2) ...
2025-04-15T08:40:25.3736462Z Setting up libtag1v5:amd64 (1.13.1-1build1) ...
2025-04-15T08:40:25.3761712Z Setting up libflite1:amd64 (2.2-6build3) ...
2025-04-15T08:40:25.3790854Z Setting up libdav1d7:amd64 (1.4.1-1build1) ...
2025-04-15T08:40:25.3819547Z Setting up libva-drm2:amd64 (2.20.0-2build1) ...
2025-04-15T08:40:25.3842678Z Setting up fonts-ipafont-gothic (00303-21ubuntu1) ...
2025-04-15T08:40:25.3925131Z update-alternatives: using /usr/share/fonts/opentype/ipafont-gothic/ipag.ttf to provide /usr/share/fonts/truetype/fonts-japanese-gothic.ttf (fonts-japanese-gothic.ttf) in auto mode
2025-04-15T08:40:25.3946494Z Setting up ocl-icd-libopencl1:amd64 (2.3.2-1build1) ...
2025-04-15T08:40:25.3969491Z Setting up libasyncns0:amd64 (0.8-6build4) ...
2025-04-15T08:40:25.3993681Z Setting up libwildmidi2:amd64 (0.4.3-1build3) ...
2025-04-15T08:40:25.4022007Z Setting up libvdpau1:amd64 (1.5-2build1) ...
2025-04-15T08:40:25.4056298Z Setting up libwavpack1:amd64 (5.6.0-1build1) ...
2025-04-15T08:40:25.4080589Z Setting up libbs2b0:amd64 (3.1.0+dfsg-7build1) ...
2025-04-15T08:40:25.4106808Z Setting up libtheora0:amd64 (1.1.1+dfsg.1-16.1build3) ...
2025-04-15T08:40:25.4130805Z Setting up libxslt1.1:amd64 (1.1.39-0exp1ubuntu0.24.04.2) ...
2025-04-15T08:40:25.4153941Z Setting up libegl1:amd64 (1.7.0-1build1) ...
2025-04-15T08:40:25.4179199Z Setting up libdecor-0-0:amd64 (0.2.2-1build2) ...
2025-04-15T08:40:25.4211997Z Setting up libdca0:amd64 (0.0.7-2build1) ...
2025-04-15T08:40:25.4237687Z Setting up libzimg2:amd64 (3.0.5+ds1-1build1) ...
2025-04-15T08:40:25.4263131Z Setting up libopenal-data (1:1.23.1-4build1) ...
2025-04-15T08:40:25.4293724Z Setting up libabsl20220623t64:amd64 (20220623.1-3.1ubuntu3) ...
2025-04-15T08:40:25.4317752Z Setting up libflac12t64:amd64 (1.4.3+ds-2.1ubuntu2) ...
2025-04-15T08:40:25.4339614Z Setting up libgtk-4-common (4.14.2+ds-1ubuntu2) ...
2025-04-15T08:40:25.4368196Z Setting up libmpeg2encpp-2.1-0t64:amd64 (1:2.1.0+debian-8.1build1) ...
2025-04-15T08:40:25.4390650Z Setting up glib-networking-common (2.80.0-1build1) ...
2025-04-15T08:40:25.4414956Z Setting up libmfx1:amd64 (22.5.4-1) ...
2025-04-15T08:40:25.4439572Z Setting up libbluray2:amd64 (1:1.3.4-1build1) ...
2025-04-15T08:40:25.4462253Z Setting up libsamplerate0:amd64 (0.2.2-4build1) ...
2025-04-15T08:40:25.4484594Z Setting up timgm6mb-soundfont (1.3-5) ...
2025-04-15T08:40:25.4573998Z update-alternatives: using /usr/share/sounds/sf2/TimGM6mb.sf2 to provide /usr/share/sounds/sf2/default-GM.sf2 (default-GM.sf2) in auto mode
2025-04-15T08:40:25.4616462Z update-alternatives: using /usr/share/sounds/sf2/TimGM6mb.sf2 to provide /usr/share/sounds/sf3/default-GM.sf3 (default-GM.sf3) in auto mode
2025-04-15T08:40:25.4633335Z Setting up libva-x11-2:amd64 (2.20.0-2build1) ...
2025-04-15T08:40:25.4654837Z Setting up libyuv0:amd64 (0.0~git202401110.af6ac82-1) ...
2025-04-15T08:40:25.4684583Z Setting up libmplex2-2.1-0t64:amd64 (1:2.1.0+debian-8.1build1) ...
2025-04-15T08:40:25.4710372Z Setting up libpipewire-0.3-0t64:amd64 (1.0.5-1ubuntu3) ...
2025-04-15T08:40:25.4738211Z Setting up libopenmpt0t64:amd64 (0.7.3-1.1build3) ...
2025-04-15T08:40:25.4760276Z Setting up libzvbi-common (0.2.42-2) ...
2025-04-15T08:40:25.4783395Z Setting up libsecret-common (0.21.4-1build3) ...
2025-04-15T08:40:25.4804251Z Setting up libgtk-3-common (3.24.41-4ubuntu1.3) ...
2025-04-15T08:40:25.4844311Z Setting up libmp3lame0:amd64 (3.100-6build1) ...
2025-04-15T08:40:25.4868228Z Setting up libgraphene-1.0-0:amd64 (1.10.8-3build2) ...
2025-04-15T08:40:25.4889728Z Setting up libvorbisenc2:amd64 (1.3.7-1build3) ...
2025-04-15T08:40:25.4913859Z Setting up libdvdnav4:amd64 (6.1.1-3build1) ...
2025-04-15T08:40:25.4940244Z Setting up fonts-unifont (1:15.1.01-1build1) ...
2025-04-15T08:40:25.4962444Z Setting up libaa1:amd64 (1.4p5-51.1) ...
2025-04-15T08:40:25.4988955Z Setting up libiec61883-0:amd64 (1.2.0-6build1) ...
2025-04-15T08:40:25.5012511Z Setting up libserd-0-0:amd64 (0.32.2-1) ...
2025-04-15T08:40:25.5035825Z Setting up libavc1394-0:amd64 (0.5.4-5build3) ...
2025-04-15T08:40:25.5060484Z Setting up gsettings-desktop-schemas (46.1-0ubuntu1) ...
2025-04-15T08:40:25.5081706Z Setting up glib-networking-services (2.80.0-1build1) ...
2025-04-15T08:40:25.5103775Z Setting up liblapack3:amd64 (3.12.0-3build1.1) ...
2025-04-15T08:40:25.5169476Z update-alternatives: using /usr/lib/x86_64-linux-gnu/lapack/liblapack.so.3 to provide /usr/lib/x86_64-linux-gnu/liblapack.so.3 (liblapack.so.3-x86_64-linux-gnu) in auto mode
2025-04-15T08:40:25.5187692Z Setting up libzvbi0t64:amd64 (0.2.42-2) ...
2025-04-15T08:40:25.5209345Z Setting up libraptor2-0:amd64 (2.0.16-3ubuntu0.1) ...
2025-04-15T08:40:25.5233511Z Setting up libzbar0t64:amd64 (0.23.93-4build3) ...
2025-04-15T08:40:25.5257427Z Setting up libgstreamer-plugins-base1.0-0:amd64 (1.24.2-1ubuntu0.2) ...
2025-04-15T08:40:25.5280750Z Setting up libavutil58:amd64 (7:6.1.1-3ubuntu5) ...
2025-04-15T08:40:25.5309608Z Setting up libopenal1:amd64 (1:1.23.1-4build1) ...
2025-04-15T08:40:25.5332157Z Setting up xfonts-utils (1:7.7+6build3) ...
2025-04-15T08:40:25.5378937Z Setting up libsecret-1-0:amd64 (0.21.4-1build3) ...
2025-04-15T08:40:25.5400585Z Setting up libgstreamer-plugins-good1.0-0:amd64 (1.24.2-1ubuntu1.1) ...
2025-04-15T08:40:25.5422771Z Setting up libgstreamer-gl1.0-0:amd64 (1.24.2-1ubuntu0.2) ...
2025-04-15T08:40:25.5449761Z Setting up gstreamer1.0-plugins-base:amd64 (1.24.2-1ubuntu0.2) ...
2025-04-15T08:40:25.5475898Z Setting up libass9:amd64 (1:0.17.1-2build1) ...
2025-04-15T08:40:25.5499265Z Setting up libswresample4:amd64 (7:6.1.1-3ubuntu5) ...
2025-04-15T08:40:25.5524245Z Setting up libopenexr-3-1-30:amd64 (3.1.5-5.1build3) ...
2025-04-15T08:40:25.5550042Z Setting up libshout3:amd64 (2.4.6-1build2) ...
2025-04-15T08:40:25.5572073Z Setting up libgav1-1:amd64 (0.18.0-1build3) ...
2025-04-15T08:40:25.5595709Z Setting up libavcodec60:amd64 (7:6.1.1-3ubuntu5) ...
2025-04-15T08:40:25.5617912Z Setting up librubberband2:amd64 (3.3.0+dfsg-2build1) ...
2025-04-15T08:40:25.5649099Z Setting up libjack-jackd2-0:amd64 (1.9.21~dfsg-3ubuntu3) ...
2025-04-15T08:40:25.5674058Z Setting up libsord-0-0:amd64 (0.16.16-2build1) ...
2025-04-15T08:40:25.5699882Z Setting up xfonts-cyrillic (1:1.0.5+nmu1) ...
2025-04-15T08:40:25.6010933Z Setting up libpostproc57:amd64 (7:6.1.1-3ubuntu5) ...
2025-04-15T08:40:25.6033667Z Setting up libsratom-0-0:amd64 (0.6.16-1build1) ...
2025-04-15T08:40:25.6059179Z Setting up libsndfile1:amd64 (1.2.2-1ubuntu5.24.04.1) ...
2025-04-15T08:40:25.6084768Z Setting up liblilv-0-0:amd64 (0.24.22-1build1) ...
2025-04-15T08:40:25.6109625Z Setting up libinstpatch-1.0-2:amd64 (1.1.6-1build2) ...
2025-04-15T08:40:25.6136618Z Setting up xfonts-scalable (1:1.0.3-1.3) ...
2025-04-15T08:40:25.6410671Z Setting up libswscale7:amd64 (7:6.1.1-3ubuntu5) ...
2025-04-15T08:40:25.6451338Z Setting up libavif16:amd64 (1.0.4-1ubuntu3) ...
2025-04-15T08:40:25.6477873Z Setting up libpulse0:amd64 (1:16.1+dfsg1-2ubuntu10.1) ...
2025-04-15T08:40:25.6690899Z Setting up liblrdf0:amd64 (0.6.1-4build1) ...
2025-04-15T08:40:25.6715293Z Setting up libavformat60:amd64 (7:6.1.1-3ubuntu5) ...
2025-04-15T08:40:25.6735856Z Setting up libsphinxbase3t64:amd64 (0.8+5prealpha+1-17build2) ...
2025-04-15T08:40:25.6761582Z Setting up libsdl2-2.0-0:amd64 (2.30.0+dfsg-1build3) ...
2025-04-15T08:40:25.6785478Z Setting up libfluidsynth3:amd64 (2.3.4-1build3) ...
2025-04-15T08:40:25.6812905Z Setting up libpocketsphinx3:amd64 (0.8.0+real5prealpha+1-15ubuntu5) ...
2025-04-15T08:40:25.6835780Z Setting up libavfilter9:amd64 (7:6.1.1-3ubuntu5) ...
2025-04-15T08:40:25.6860652Z Setting up gstreamer1.0-libav:amd64 (1.24.1-1build1) ...
2025-04-15T08:40:25.7146771Z Processing triggers for fontconfig (2.15.0-1.1ubuntu2) ...
2025-04-15T08:40:25.7900757Z Processing triggers for libc-bin (2.39-0ubuntu8.4) ...
2025-04-15T08:40:25.8343998Z Processing triggers for man-db (2.12.0-4build2) ...
2025-04-15T08:40:32.5404473Z Processing triggers for libglib2.0-0t64:amd64 (2.80.0-6ubuntu3.2) ...
2025-04-15T08:40:32.5756196Z Setting up libgtk-3-0t64:amd64 (3.24.41-4ubuntu1.3) ...
2025-04-15T08:40:32.6138034Z Setting up libgtk-4-1:amd64 (4.14.2+ds-1ubuntu2) ...
2025-04-15T08:40:32.6587925Z Setting up glib-networking:amd64 (2.80.0-1build1) ...
2025-04-15T08:40:32.6658927Z Setting up libsoup-3.0-0:amd64 (3.4.4-5ubuntu0.2) ...
2025-04-15T08:40:32.6693586Z Setting up libgssdp-1.6-0:amd64 (1.6.3-1build3) ...
2025-04-15T08:40:32.6776379Z Setting up gstreamer1.0-plugins-good:amd64 (1.24.2-1ubuntu1.1) ...
2025-04-15T08:40:32.6810113Z Setting up libgupnp-1.6-0:amd64 (1.6.6-1build3) ...
2025-04-15T08:40:32.6878972Z Setting up libgupnp-igd-1.6-0:amd64 (1.6.0-3build3) ...
2025-04-15T08:40:32.6918704Z Setting up libnice10:amd64 (0.1.21-2build3) ...
2025-04-15T08:40:32.6978340Z Setting up libgstreamer-plugins-bad1.0-0:amd64 (1.24.2-1ubuntu4) ...
2025-04-15T08:40:32.7023298Z Setting up gstreamer1.0-plugins-bad:amd64 (1.24.2-1ubuntu4) ...
2025-04-15T08:40:32.7051564Z Processing triggers for libc-bin (2.39-0ubuntu8.4) ...
2025-04-15T08:40:33.3425586Z 
2025-04-15T08:40:33.3426364Z Running kernel seems to be up-to-date.
2025-04-15T08:40:33.3426727Z 
2025-04-15T08:40:33.3426869Z Restarting services...
2025-04-15T08:40:33.3499624Z  systemctl restart php8.3-fpm.service
2025-04-15T08:40:33.4540032Z 
2025-04-15T08:40:33.4541804Z No containers need to be restarted.
2025-04-15T08:40:33.4542187Z 
2025-04-15T08:40:33.4542502Z No user sessions are running outdated binaries.
2025-04-15T08:40:33.4542854Z 
2025-04-15T08:40:33.4543352Z No VM guests are running outdated hypervisor (qemu) binaries on this host.
2025-04-15T08:40:34.3346221Z Downloading Chromium 136.0.7103.25 (playwright build v1169) from https://cdn.playwright.dev/dbazure/download/playwright/builds/chromium/1169/chromium-linux.zip
2025-04-15T08:40:34.5191600Z |                                                                                |   0% of 167.7 MiB
2025-04-15T08:40:34.6807988Z |â– â– â– â– â– â– â– â–                                                                         |  10% of 167.7 MiB
2025-04-15T08:40:34.7924616Z |â– â– â– â– â– â– â– â– â– â– â– â– â– â– â– â–                                                                 |  20% of 167.7 MiB
2025-04-15T08:40:34.8817110Z |â– â– â– â– â– â– â– â– â– â– â– â– â– â– â– â– â– â– â– â– â– â– â– â–                                                         |  30% of 167.7 MiB
2025-04-15T08:40:34.9632323Z |â– â– â– â– â– â– â– â– â– â– â– â– â– â– â– â– â– â– â– â– â– â– â– â– â– â– â– â– â– â– â– â–                                                 |  40% of 167.7 MiB
2025-04-15T08:40:35.0428737Z |â– â– â– â– â– â– â– â– â– â– â– â– â– â– â– â– â– â– â– â– â– â– â– â– â– â– â– â– â– â– â– â– â– â– â– â– â– â– â– â–                                         |  50% of 167.7 MiB
2025-04-15T08:40:35.1155576Z |â– â– â– â– â– â– â– â– â– â– â– â– â– â– â– â– â– â– â– â– â– â– â– â– â– â– â– â– â– â– â– â– â– â– â– â– â– â– â– â– â– â– â– â– â– â– â– â–                                 |  60% of 167.7 MiB
2025-04-15T08:40:35.1881377Z |â– â– â– â– â– â– â– â– â– â– â– â– â– â– â– â– â– â– â– â– â– â– â– â– â– â– â– â– â– â– â– â– â– â– â– â– â– â– â– â– â– â– â– â– â– â– â– â– â– â– â– â– â– â– â– â–                         |  70% of 167.7 MiB
2025-04-15T08:40:35.2563808Z |â– â– â– â– â– â– â– â– â– â– â– â– â– â– â– â– â– â– â– â– â– â– â– â– â– â– â– â– â– â– â– â– â– â– â– â– â– â– â– â– â– â– â– â– â– â– â– â– â– â– â– â– â– â– â– â– â– â– â– â– â– â– â– â–                 |  80% of 167.7 MiB
2025-04-15T08:40:35.3382950Z |â– â– â– â– â– â– â– â– â– â– â– â– â– â– â– â– â– â– â– â– â– â– â– â– â– â– â– â– â– â– â– â– â– â– â– â– â– â– â– â– â– â– â– â– â– â– â– â– â– â– â– â– â– â– â– â– â– â– â– â– â– â– â– â– â– â– â– â– â– â– â– â–         |  90% of 167.7 MiB
2025-04-15T08:40:35.4059056Z |â– â– â– â– â– â– â– â– â– â– â– â– â– â– â– â– â– â– â– â– â– â– â– â– â– â– â– â– â– â– â– â– â– â– â– â– â– â– â– â– â– â– â– â– â– â– â– â– â– â– â– â– â– â– â– â– â– â– â– â– â– â– â– â– â– â– â– â– â– â– â– â– â– â– â– â– â– â– â– â– | 100% of 167.7 MiB
2025-04-15T08:40:39.1025168Z Chromium 136.0.7103.25 (playwright build v1169) downloaded to /home/runner/.cache/ms-playwright/chromium-1169
2025-04-15T08:40:39.1029537Z Downloading Chromium Headless Shell 136.0.7103.25 (playwright build v1169) from https://cdn.playwright.dev/dbazure/download/playwright/builds/chromium/1169/chromium-headless-shell-linux.zip
2025-04-15T08:40:39.2826818Z |                                                                                |   0% of 101.4 MiB
2025-04-15T08:40:39.3918675Z |â– â– â– â– â– â– â– â–                                                                         |  10% of 101.4 MiB
2025-04-15T08:40:39.4584238Z |â– â– â– â– â– â– â– â– â– â– â– â– â– â– â– â–                                                                 |  20% of 101.4 MiB
2025-04-15T08:40:39.5186471Z |â– â– â– â– â– â– â– â– â– â– â– â– â– â– â– â– â– â– â– â– â– â– â– â–                                                         |  30% of 101.4 MiB
2025-04-15T08:40:39.5812246Z |â– â– â– â– â– â– â– â– â– â– â– â– â– â– â– â– â– â– â– â– â– â– â– â– â– â– â– â– â– â– â– â–                                                 |  40% of 101.4 MiB
2025-04-15T08:40:39.6356971Z |â– â– â– â– â– â– â– â– â– â– â– â– â– â– â– â– â– â– â– â– â– â– â– â– â– â– â– â– â– â– â– â– â– â– â– â– â– â– â– â–                                         |  50% of 101.4 MiB
2025-04-15T08:40:39.6793634Z |â– â– â– â– â– â– â– â– â– â– â– â– â– â– â– â– â– â– â– â– â– â– â– â– â– â– â– â– â– â– â– â– â– â– â– â– â– â– â– â– â– â– â– â– â– â– â– â–                                 |  60% of 101.4 MiB
2025-04-15T08:40:39.7257796Z |â– â– â– â– â– â– â– â– â– â– â– â– â– â– â– â– â– â– â– â– â– â– â– â– â– â– â– â– â– â– â– â– â– â– â– â– â– â– â– â– â– â– â– â– â– â– â– â– â– â– â– â– â– â– â– â–                         |  70% of 101.4 MiB
2025-04-15T08:40:39.7719296Z |â– â– â– â– â– â– â– â– â– â– â– â– â– â– â– â– â– â– â– â– â– â– â– â– â– â– â– â– â– â– â– â– â– â– â– â– â– â– â– â– â– â– â– â– â– â– â– â– â– â– â– â– â– â– â– â– â– â– â– â– â– â– â– â–                 |  80% of 101.4 MiB
2025-04-15T08:40:40.0869554Z |â– â– â– â– â– â– â– â– â– â– â– â– â– â– â– â– â– â– â– â– â– â– â– â– â– â– â– â– â– â– â– â– â– â– â– â– â– â– â– â– â– â– â– â– â– â– â– â– â– â– â– â– â– â– â– â– â– â– â– â– â– â– â– â– â– â– â– â– â– â– â– â–         |  90% of 101.4 MiB
2025-04-15T08:40:40.1298951Z |â– â– â– â– â– â– â– â– â– â– â– â– â– â– â– â– â– â– â– â– â– â– â– â– â– â– â– â– â– â– â– â– â– â– â– â– â– â– â– â– â– â– â– â– â– â– â– â– â– â– â– â– â– â– â– â– â– â– â– â– â– â– â– â– â– â– â– â– â– â– â– â– â– â– â– â– â– â– â– â– | 100% of 101.4 MiB
2025-04-15T08:40:42.1343856Z Chromium Headless Shell 136.0.7103.25 (playwright build v1169) downloaded to /home/runner/.cache/ms-playwright/chromium_headless_shell-1169
2025-04-15T08:40:42.1346822Z Downloading Firefox 137.0 (playwright build v1482) from https://cdn.playwright.dev/dbazure/download/playwright/builds/firefox/1482/firefox-ubuntu-24.04.zip
2025-04-15T08:40:42.3058684Z |                                                                                |   0% of 91 MiB
2025-04-15T08:40:42.4652437Z |â– â– â– â– â– â– â– â–                                                                         |  10% of 91 MiB
2025-04-15T08:40:42.5379206Z |â– â– â– â– â– â– â– â– â– â– â– â– â– â– â– â–                                                                 |  20% of 91 MiB
2025-04-15T08:40:42.6049025Z |â– â– â– â– â– â– â– â– â– â– â– â– â– â– â– â– â– â– â– â– â– â– â– â–                                                         |  30% of 91 MiB
2025-04-15T08:40:42.6539217Z |â– â– â– â– â– â– â– â– â– â– â– â– â– â– â– â– â– â– â– â– â– â– â– â– â– â– â– â– â– â– â– â–                                                 |  40% of 91 MiB
2025-04-15T08:40:42.7073574Z |â– â– â– â– â– â– â– â– â– â– â– â– â– â– â– â– â– â– â– â– â– â– â– â– â– â– â– â– â– â– â– â– â– â– â– â– â– â– â– â–                                         |  50% of 91 MiB
2025-04-15T08:40:42.7534536Z |â– â– â– â– â– â– â– â– â– â– â– â– â– â– â– â– â– â– â– â– â– â– â– â– â– â– â– â– â– â– â– â– â– â– â– â– â– â– â– â– â– â– â– â– â– â– â– â–                                 |  60% of 91 MiB
2025-04-15T08:40:42.7946582Z |â– â– â– â– â– â– â– â– â– â– â– â– â– â– â– â– â– â– â– â– â– â– â– â– â– â– â– â– â– â– â– â– â– â– â– â– â– â– â– â– â– â– â– â– â– â– â– â– â– â– â– â– â– â– â– â–                         |  70% of 91 MiB
2025-04-15T08:40:42.8339966Z |â– â– â– â– â– â– â– â– â– â– â– â– â– â– â– â– â– â– â– â– â– â– â– â– â– â– â– â– â– â– â– â– â– â– â– â– â– â– â– â– â– â– â– â– â– â– â– â– â– â– â– â– â– â– â– â– â– â– â– â– â– â– â– â–                 |  80% of 91 MiB
2025-04-15T08:40:42.8721906Z |â– â– â– â– â– â– â– â– â– â– â– â– â– â– â– â– â– â– â– â– â– â– â– â– â– â– â– â– â– â– â– â– â– â– â– â– â– â– â– â– â– â– â– â– â– â– â– â– â– â– â– â– â– â– â– â– â– â– â– â– â– â– â– â– â– â– â– â– â– â– â– â–         |  90% of 91 MiB
2025-04-15T08:40:42.9103369Z |â– â– â– â– â– â– â– â– â– â– â– â– â– â– â– â– â– â– â– â– â– â– â– â– â– â– â– â– â– â– â– â– â– â– â– â– â– â– â– â– â– â– â– â– â– â– â– â– â– â– â– â– â– â– â– â– â– â– â– â– â– â– â– â– â– â– â– â– â– â– â– â– â– â– â– â– â– â– â– â– | 100% of 91 MiB
2025-04-15T08:40:44.7778732Z Firefox 137.0 (playwright build v1482) downloaded to /home/runner/.cache/ms-playwright/firefox-1482
2025-04-15T08:40:44.7781995Z Downloading Webkit 18.4 (playwright build v2158) from https://cdn.playwright.dev/dbazure/download/playwright/builds/webkit/2158/webkit-ubuntu-24.04.zip
2025-04-15T08:40:44.9464666Z |                                                                                |   0% of 93.5 MiB
2025-04-15T08:40:45.0657424Z |â– â– â– â– â– â– â– â–                                                                         |  10% of 93.5 MiB
2025-04-15T08:40:45.1267605Z |â– â– â– â– â– â– â– â– â– â– â– â– â– â– â– â–                                                                 |  20% of 93.5 MiB
2025-04-15T08:40:45.3453713Z |â– â– â– â– â– â– â– â– â– â– â– â– â– â– â– â– â– â– â– â– â– â– â– â–                                                         |  30% of 93.5 MiB
2025-04-15T08:40:45.3966464Z |â– â– â– â– â– â– â– â– â– â– â– â– â– â– â– â– â– â– â– â– â– â– â– â– â– â– â– â– â– â– â– â–                                                 |  40% of 93.5 MiB
2025-04-15T08:40:45.4481024Z |â– â– â– â– â– â– â– â– â– â– â– â– â– â– â– â– â– â– â– â– â– â– â– â– â– â– â– â– â– â– â– â– â– â– â– â– â– â– â– â–                                         |  50% of 93.5 MiB
2025-04-15T08:40:45.4976313Z |â– â– â– â– â– â– â– â– â– â– â– â– â– â– â– â– â– â– â– â– â– â– â– â– â– â– â– â– â– â– â– â– â– â– â– â– â– â– â– â– â– â– â– â– â– â– â– â–                                 |  60% of 93.5 MiB
2025-04-15T08:40:45.5410821Z |â– â– â– â– â– â– â– â– â– â– â– â– â– â– â– â– â– â– â– â– â– â– â– â– â– â– â– â– â– â– â– â– â– â– â– â– â– â– â– â– â– â– â– â– â– â– â– â– â– â– â– â– â– â– â– â–                         |  70% of 93.5 MiB
2025-04-15T08:40:45.5832444Z |â– â– â– â– â– â– â– â– â– â– â– â– â– â– â– â– â– â– â– â– â– â– â– â– â– â– â– â– â– â– â– â– â– â– â– â– â– â– â– â– â– â– â– â– â– â– â– â– â– â– â– â– â– â– â– â– â– â– â– â– â– â– â– â–                 |  80% of 93.5 MiB
2025-04-15T08:40:45.6222967Z |â– â– â– â– â– â– â– â– â– â– â– â– â– â– â– â– â– â– â– â– â– â– â– â– â– â– â– â– â– â– â– â– â– â– â– â– â– â– â– â– â– â– â– â– â– â– â– â– â– â– â– â– â– â– â– â– â– â– â– â– â– â– â– â– â– â– â– â– â– â– â– â–         |  90% of 93.5 MiB
2025-04-15T08:40:45.6616367Z |â– â– â– â– â– â– â– â– â– â– â– â– â– â– â– â– â– â– â– â– â– â– â– â– â– â– â– â– â– â– â– â– â– â– â– â– â– â– â– â– â– â– â– â– â– â– â– â– â– â– â– â– â– â– â– â– â– â– â– â– â– â– â– â– â– â– â– â– â– â– â– â– â– â– â– â– â– â– â– â– | 100% of 93.5 MiB
2025-04-15T08:40:47.6713491Z Webkit 18.4 (playwright build v2158) downloaded to /home/runner/.cache/ms-playwright/webkit-2158
2025-04-15T08:40:47.6714669Z Downloading FFMPEG playwright build v1011 from https://cdn.playwright.dev/dbazure/download/playwright/builds/ffmpeg/1011/ffmpeg-linux.zip
2025-04-15T08:40:47.8455582Z |                                                                                |   0% of 2.3 MiB
2025-04-15T08:40:47.8608285Z |â– â– â– â– â– â– â– â–                                                                         |  10% of 2.3 MiB
2025-04-15T08:40:47.8675477Z |â– â– â– â– â– â– â– â– â– â– â– â– â– â– â– â–                                                                 |  20% of 2.3 MiB
2025-04-15T08:40:47.8723050Z |â– â– â– â– â– â– â– â– â– â– â– â– â– â– â– â– â– â– â– â– â– â– â– â–                                                         |  30% of 2.3 MiB
2025-04-15T08:40:47.8746284Z |â– â– â– â– â– â– â– â– â– â– â– â– â– â– â– â– â– â– â– â– â– â– â– â– â– â– â– â– â– â– â– â–                                                 |  40% of 2.3 MiB
2025-04-15T08:40:47.8775728Z |â– â– â– â– â– â– â– â– â– â– â– â– â– â– â– â– â– â– â– â– â– â– â– â– â– â– â– â– â– â– â– â– â– â– â– â– â– â– â– â–                                         |  50% of 2.3 MiB
2025-04-15T08:40:47.8800095Z |â– â– â– â– â– â– â– â– â– â– â– â– â– â– â– â– â– â– â– â– â– â– â– â– â– â– â– â– â– â– â– â– â– â– â– â– â– â– â– â– â– â– â– â– â– â– â– â–                                 |  60% of 2.3 MiB
2025-04-15T08:40:47.8824617Z |â– â– â– â– â– â– â– â– â– â– â– â– â– â– â– â– â– â– â– â– â– â– â– â– â– â– â– â– â– â– â– â– â– â– â– â– â– â– â– â– â– â– â– â– â– â– â– â– â– â– â– â– â– â– â– â–                         |  70% of 2.3 MiB
2025-04-15T08:40:47.8846266Z |â– â– â– â– â– â– â– â– â– â– â– â– â– â– â– â– â– â– â– â– â– â– â– â– â– â– â– â– â– â– â– â– â– â– â– â– â– â– â– â– â– â– â– â– â– â– â– â– â– â– â– â– â– â– â– â– â– â– â– â– â– â– â– â–                 |  80% of 2.3 MiB
2025-04-15T08:40:47.8868795Z |â– â– â– â– â– â– â– â– â– â– â– â– â– â– â– â– â– â– â– â– â– â– â– â– â– â– â– â– â– â– â– â– â– â– â– â– â– â– â– â– â– â– â– â– â– â– â– â– â– â– â– â– â– â– â– â– â– â– â– â– â– â– â– â– â– â– â– â– â– â– â– â–         |  90% of 2.3 MiB
2025-04-15T08:40:47.8889674Z |â– â– â– â– â– â– â– â– â– â– â– â– â– â– â– â– â– â– â– â– â– â– â– â– â– â– â– â– â– â– â– â– â– â– â– â– â– â– â– â– â– â– â– â– â– â– â– â– â– â– â– â– â– â– â– â– â– â– â– â– â– â– â– â– â– â– â– â– â– â– â– â– â– â– â– â– â– â– â– â– | 100% of 2.3 MiB
2025-04-15T08:40:47.9585534Z FFMPEG playwright build v1011 downloaded to /home/runner/.cache/ms-playwright/ffmpeg-1011
2025-04-15T08:40:48.3768356Z ##[group]Run npm run lint
2025-04-15T08:40:48.3768840Z [36;1mnpm run lint[0m
2025-04-15T08:40:48.3816303Z shell: /usr/bin/bash -e {0}
2025-04-15T08:40:48.3816565Z env:
2025-04-15T08:40:48.3816781Z   ELECTRON_SKIP_BINARY_DOWNLOAD: 1
2025-04-15T08:40:48.3817062Z ##[endgroup]
2025-04-15T08:40:48.5153965Z 
2025-04-15T08:40:48.5154627Z > playwright-internal@1.52.0-next lint
2025-04-15T08:40:48.5156449Z > npm run eslint && npm run tsc && npm run doc && npm run check-deps && node utils/generate_channels.js && node utils/generate_types/ && npm run lint-tests && npm run test-types && npm run lint-packages
2025-04-15T08:40:48.5157529Z 
2025-04-15T08:40:48.6395412Z 
2025-04-15T08:40:48.6395856Z > playwright-internal@1.52.0-next eslint
2025-04-15T08:40:48.6396191Z > eslint --cache
2025-04-15T08:40:48.6396326Z 
2025-04-15T08:41:41.4004089Z 
2025-04-15T08:41:41.4004748Z > playwright-internal@1.52.0-next tsc
2025-04-15T08:41:41.4005498Z > tsc -p . && tsc -p packages/html-reporter/
2025-04-15T08:41:41.4005970Z 
2025-04-15T08:41:58.5602566Z 
2025-04-15T08:41:58.5603246Z > playwright-internal@1.52.0-next doc
2025-04-15T08:41:58.5603875Z > node utils/doclint/cli.js
2025-04-15T08:41:58.5604166Z 
2025-04-15T08:42:03.4159808Z 
2025-04-15T08:42:03.4160442Z > playwright-internal@1.52.0-next check-deps
2025-04-15T08:42:03.4160853Z > node utils/check_deps.js
2025-04-15T08:42:03.4161021Z 
2025-04-15T08:42:03.6225002Z Checking DEPS for html-reporter
2025-04-15T08:42:04.4189015Z Checking DEPS for playwright-ct-core
2025-04-15T08:42:06.1697250Z Checking DEPS for protocol
2025-04-15T08:42:06.5144701Z Checking DEPS for recorder
2025-04-15T08:42:06.8994757Z Checking DEPS for trace-viewer
2025-04-15T08:42:07.4334480Z Checking DEPS for trace
2025-04-15T08:42:07.7696533Z Checking DEPS for web
2025-04-15T08:42:08.1165206Z Checking DEPS for injected
2025-04-15T08:42:08.4947802Z Checking DEPS for playwright-core
2025-04-15T08:42:09.4886864Z Checking DEPS for playwright
2025-04-15T08:42:10.9298696Z Disallowed import src/transform/babelBundle.ts in src/errorContext.ts
2025-04-15T08:42:10.9300640Z --------------------------------------------------------
2025-04-15T08:42:10.9301811Z Changing the project structure or adding new components?
2025-04-15T08:42:10.9302769Z Update DEPS in /home/runner/work/playwright/playwright/packages/playwright
2025-04-15T08:42:10.9303573Z --------------------------------------------------------
2025-04-15T08:42:10.9854168Z ##[error]Process completed with exit code 1.
2025-04-15T08:42:10.9957905Z Post job cleanup.
2025-04-15T08:42:11.0885908Z [command]/usr/bin/git version
2025-04-15T08:42:11.0922439Z git version 2.49.0
2025-04-15T08:42:11.0973714Z Temporarily overriding HOME='/home/runner/work/_temp/4f0ea51a-be92-4229-ae5c-5e47316725b5' before making global git config changes
2025-04-15T08:42:11.0975158Z Adding repository directory to the temporary git global config as a safe directory
2025-04-15T08:42:11.0980394Z [command]/usr/bin/git config --global --add safe.directory /home/runner/work/playwright/playwright
2025-04-15T08:42:11.1019007Z [command]/usr/bin/git config --local --name-only --get-regexp core\.sshCommand
2025-04-15T08:42:11.1053977Z [command]/usr/bin/git submodule foreach --recursive sh -c "git config --local --name-only --get-regexp 'core\.sshCommand' && git config --local --unset-all 'core.sshCommand' || :"
2025-04-15T08:42:11.1294069Z [command]/usr/bin/git config --local --name-only --get-regexp http\.https\:\/\/github\.com\/\.extraheader
2025-04-15T08:42:11.1316019Z http.https://github.com/.extraheader
2025-04-15T08:42:11.1329064Z [command]/usr/bin/git config --local --unset-all http.https://github.com/.extraheader
2025-04-15T08:42:11.1359648Z [command]/usr/bin/git submodule foreach --recursive sh -c "git config --local --name-only --get-regexp 'http\.https\:\/\/github\.com\/\.extraheader' && git config --local --unset-all 'http.https://github.com/.extraheader' || :"
2025-04-15T08:42:11.1705027Z Cleaning up orphan processes
