2025-02-09T17:02:56.4016051Z Requested labels: ubuntu-latest
2025-02-09T17:02:56.4016305Z Job defined at: exelban/stats/.github/workflows/i18n.yaml@refs/heads/master
2025-02-09T17:02:56.4016446Z Waiting for a runner to pick up this job...
2025-02-09T17:02:56.7360431Z Job is waiting for a hosted runner to come online.
2025-02-09T17:02:59.9599848Z Job is about to start running on the hosted runner: GitHub Actions 20 (hosted)
2025-02-09T17:03:02.2324514Z Current runner version: '2.322.0'
2025-02-09T17:03:02.2350294Z ##[group]Operating System
2025-02-09T17:03:02.2351167Z Ubuntu
2025-02-09T17:03:02.2351658Z 24.04.1
2025-02-09T17:03:02.2352161Z LTS
2025-02-09T17:03:02.2352688Z ##[endgroup]
2025-02-09T17:03:02.2353240Z ##[group]Runner Image
2025-02-09T17:03:02.2353980Z Image: ubuntu-24.04
2025-02-09T17:03:02.2354523Z Version: 20250202.1.0
2025-02-09T17:03:02.2355601Z Included Software: https://github.com/actions/runner-images/blob/ubuntu24/20250202.1/images/ubuntu/Ubuntu2404-Readme.md
2025-02-09T17:03:02.2356981Z Image Release: https://github.com/actions/runner-images/releases/tag/ubuntu24%2F20250202.1
2025-02-09T17:03:02.2357969Z ##[endgroup]
2025-02-09T17:03:02.2358502Z ##[group]Runner Image Provisioner
2025-02-09T17:03:02.2359077Z 2.0.422.1
2025-02-09T17:03:02.2359637Z ##[endgroup]
2025-02-09T17:03:02.2361903Z ##[group]GITHUB_TOKEN Permissions
2025-02-09T17:03:02.2364252Z Actions: write
2025-02-09T17:03:02.2364995Z Attestations: write
2025-02-09T17:03:02.2365706Z Checks: write
2025-02-09T17:03:02.2366210Z Contents: write
2025-02-09T17:03:02.2366779Z Deployments: write
2025-02-09T17:03:02.2367296Z Discussions: write
2025-02-09T17:03:02.2367809Z Issues: write
2025-02-09T17:03:02.2368358Z Metadata: read
2025-02-09T17:03:02.2368885Z Packages: write
2025-02-09T17:03:02.2369419Z Pages: write
2025-02-09T17:03:02.2369931Z PullRequests: write
2025-02-09T17:03:02.2370497Z RepositoryProjects: write
2025-02-09T17:03:02.2371095Z SecurityEvents: write
2025-02-09T17:03:02.2371684Z Statuses: write
2025-02-09T17:03:02.2372204Z ##[endgroup]
2025-02-09T17:03:02.2375466Z Secret source: Actions
2025-02-09T17:03:02.2376290Z Prepare workflow directory
2025-02-09T17:03:02.2703975Z Prepare all required actions
2025-02-09T17:03:02.2741725Z Getting action download info
2025-02-09T17:03:02.4616972Z Download action repository 'actions/checkout@v3' (SHA:f43a0e5ff2bd294095638e18286ca9a3d1956744)
2025-02-09T17:03:02.5442998Z Download action repository 'actions/setup-python@v2' (SHA:e9aba2c848f5ebd159c070c61ea2c4e2b122355e)
2025-02-09T17:03:02.7317899Z Complete job name: i18n
2025-02-09T17:03:02.8040315Z ##[group]Run actions/checkout@v3
2025-02-09T17:03:02.8041239Z with:
2025-02-09T17:03:02.8041687Z   repository: exelban/stats
2025-02-09T17:03:02.8042401Z   token: ***
2025-02-09T17:03:02.8042805Z   ssh-strict: true
2025-02-09T17:03:02.8043244Z   persist-credentials: true
2025-02-09T17:03:02.8044007Z   clean: true
2025-02-09T17:03:02.8044432Z   sparse-checkout-cone-mode: true
2025-02-09T17:03:02.8044922Z   fetch-depth: 1
2025-02-09T17:03:02.8045335Z   fetch-tags: false
2025-02-09T17:03:02.8045744Z   lfs: false
2025-02-09T17:03:02.8046182Z   submodules: false
2025-02-09T17:03:02.8046615Z   set-safe-directory: true
2025-02-09T17:03:02.8047706Z ##[endgroup]
2025-02-09T17:03:02.9598539Z Syncing repository: exelban/stats
2025-02-09T17:03:02.9600274Z ##[group]Getting Git version info
2025-02-09T17:03:02.9600922Z Working directory is '/home/runner/work/stats/stats'
2025-02-09T17:03:02.9601826Z [command]/usr/bin/git version
2025-02-09T17:03:02.9648003Z git version 2.48.1
2025-02-09T17:03:02.9676782Z ##[endgroup]
2025-02-09T17:03:02.9694227Z Temporarily overriding HOME='/home/runner/work/_temp/d2622c4b-3ab1-4b0d-8906-7a76f60fb03a' before making global git config changes
2025-02-09T17:03:02.9695962Z Adding repository directory to the temporary git global config as a safe directory
2025-02-09T17:03:02.9698511Z [command]/usr/bin/git config --global --add safe.directory /home/runner/work/stats/stats
2025-02-09T17:03:02.9732610Z Deleting the contents of '/home/runner/work/stats/stats'
2025-02-09T17:03:02.9737929Z ##[group]Initializing the repository
2025-02-09T17:03:02.9740782Z [command]/usr/bin/git init /home/runner/work/stats/stats
2025-02-09T17:03:02.9804402Z hint: Using 'master' as the name for the initial branch. This default branch name
2025-02-09T17:03:02.9805422Z hint: is subject to change. To configure the initial branch name to use in all
2025-02-09T17:03:02.9806330Z hint: of your new repositories, which will suppress this warning, call:
2025-02-09T17:03:02.9807351Z hint:
2025-02-09T17:03:02.9807864Z hint: 	git config --global init.defaultBranch <name>
2025-02-09T17:03:02.9808770Z hint:
2025-02-09T17:03:02.9809531Z hint: Names commonly chosen instead of 'master' are 'main', 'trunk' and
2025-02-09T17:03:02.9810432Z hint: 'development'. The just-created branch can be renamed via this command:
2025-02-09T17:03:02.9811137Z hint:
2025-02-09T17:03:02.9811547Z hint: 	git branch -m <name>
2025-02-09T17:03:02.9812249Z Initialized empty Git repository in /home/runner/work/stats/stats/.git/
2025-02-09T17:03:02.9819244Z [command]/usr/bin/git remote add origin https://github.com/exelban/stats
2025-02-09T17:03:02.9854302Z ##[endgroup]
2025-02-09T17:03:02.9855094Z ##[group]Disabling automatic garbage collection
2025-02-09T17:03:02.9857061Z [command]/usr/bin/git config --local gc.auto 0
2025-02-09T17:03:02.9885290Z ##[endgroup]
2025-02-09T17:03:02.9886049Z ##[group]Setting up auth
2025-02-09T17:03:02.9890533Z [command]/usr/bin/git config --local --name-only --get-regexp core\.sshCommand
2025-02-09T17:03:02.9918464Z [command]/usr/bin/git submodule foreach --recursive sh -c "git config --local --name-only --get-regexp 'core\.sshCommand' && git config --local --unset-all 'core.sshCommand' || :"
2025-02-09T17:03:03.0194995Z [command]/usr/bin/git config --local --name-only --get-regexp http\.https\:\/\/github\.com\/\.extraheader
2025-02-09T17:03:03.0222423Z [command]/usr/bin/git submodule foreach --recursive sh -c "git config --local --name-only --get-regexp 'http\.https\:\/\/github\.com\/\.extraheader' && git config --local --unset-all 'http.https://github.com/.extraheader' || :"
2025-02-09T17:03:03.0455978Z [command]/usr/bin/git config --local http.https://github.com/.extraheader AUTHORIZATION: basic ***
2025-02-09T17:03:03.0491308Z ##[endgroup]
2025-02-09T17:03:03.0492429Z ##[group]Fetching the repository
2025-02-09T17:03:03.0499845Z [command]/usr/bin/git -c protocol.version=2 fetch --no-tags --prune --progress --no-recurse-submodules --depth=1 origin +ed73aaeaa802c80d5b684fae33161d221fb33ac0:refs/remotes/origin/master
2025-02-09T17:03:03.5052694Z remote: Enumerating objects: 492, done.        
2025-02-09T17:03:03.5054320Z remote: Counting objects:   0% (1/492)        
2025-02-09T17:03:03.5055608Z remote: Counting objects:   1% (5/492)        
2025-02-09T17:03:03.5056799Z remote: Counting objects:   2% (10/492)        
2025-02-09T17:03:03.5058183Z remote: Counting objects:   3% (15/492)        
2025-02-09T17:03:03.5059361Z remote: Counting objects:   4% (20/492)        
2025-02-09T17:03:03.5060434Z remote: Counting objects:   5% (25/492)        
2025-02-09T17:03:03.5061608Z remote: Counting objects:   6% (30/492)        
2025-02-09T17:03:03.5062604Z remote: Counting objects:   7% (35/492)        
2025-02-09T17:03:03.5063866Z remote: Counting objects:   8% (40/492)        
2025-02-09T17:03:03.5064680Z remote: Counting objects:   9% (45/492)        
2025-02-09T17:03:03.5065357Z remote: Counting objects:  10% (50/492)        
2025-02-09T17:03:03.5066066Z remote: Counting objects:  11% (55/492)        
2025-02-09T17:03:03.5066718Z remote: Counting objects:  12% (60/492)        
2025-02-09T17:03:03.5067409Z remote: Counting objects:  13% (64/492)        
2025-02-09T17:03:03.5068088Z remote: Counting objects:  14% (69/492)        
2025-02-09T17:03:03.5068739Z remote: Counting objects:  15% (74/492)        
2025-02-09T17:03:03.5069405Z remote: Counting objects:  16% (79/492)        
2025-02-09T17:03:03.5070053Z remote: Counting objects:  17% (84/492)        
2025-02-09T17:03:03.5070698Z remote: Counting objects:  18% (89/492)        
2025-02-09T17:03:03.5071336Z remote: Counting objects:  19% (94/492)        
2025-02-09T17:03:03.5072249Z remote: Counting objects:  20% (99/492)        
2025-02-09T17:03:03.5072936Z remote: Counting objects:  21% (104/492)        
2025-02-09T17:03:03.5073822Z remote: Counting objects:  22% (109/492)        
2025-02-09T17:03:03.5074480Z remote: Counting objects:  23% (114/492)        
2025-02-09T17:03:03.5075135Z remote: Counting objects:  24% (119/492)        
2025-02-09T17:03:03.5076150Z remote: Counting objects:  25% (123/492)        
2025-02-09T17:03:03.5076820Z remote: Counting objects:  26% (128/492)        
2025-02-09T17:03:03.5077483Z remote: Counting objects:  27% (133/492)        
2025-02-09T17:03:03.5078220Z remote: Counting objects:  28% (138/492)        
2025-02-09T17:03:03.5078913Z remote: Counting objects:  29% (143/492)        
2025-02-09T17:03:03.5079568Z remote: Counting objects:  30% (148/492)        
2025-02-09T17:03:03.5080220Z remote: Counting objects:  31% (153/492)        
2025-02-09T17:03:03.5080852Z remote: Counting objects:  32% (158/492)        
2025-02-09T17:03:03.5081496Z remote: Counting objects:  33% (163/492)        
2025-02-09T17:03:03.5082140Z remote: Counting objects:  34% (168/492)        
2025-02-09T17:03:03.5082786Z remote: Counting objects:  35% (173/492)        
2025-02-09T17:03:03.5083654Z remote: Counting objects:  36% (178/492)        
2025-02-09T17:03:03.5084319Z remote: Counting objects:  37% (183/492)        
2025-02-09T17:03:03.5084987Z remote: Counting objects:  38% (187/492)        
2025-02-09T17:03:03.5085636Z remote: Counting objects:  39% (192/492)        
2025-02-09T17:03:03.5086273Z remote: Counting objects:  40% (197/492)        
2025-02-09T17:03:03.5086914Z remote: Counting objects:  41% (202/492)        
2025-02-09T17:03:03.5087550Z remote: Counting objects:  42% (207/492)        
2025-02-09T17:03:03.5088194Z remote: Counting objects:  43% (212/492)        
2025-02-09T17:03:03.5088836Z remote: Counting objects:  44% (217/492)        
2025-02-09T17:03:03.5089473Z remote: Counting objects:  45% (222/492)        
2025-02-09T17:03:03.5090104Z remote: Counting objects:  46% (227/492)        
2025-02-09T17:03:03.5090738Z remote: Counting objects:  47% (232/492)        
2025-02-09T17:03:03.5091380Z remote: Counting objects:  48% (237/492)        
2025-02-09T17:03:03.5092017Z remote: Counting objects:  49% (242/492)        
2025-02-09T17:03:03.5092663Z remote: Counting objects:  50% (246/492)        
2025-02-09T17:03:03.5093685Z remote: Counting objects:  51% (251/492)        
2025-02-09T17:03:03.5094403Z remote: Counting objects:  52% (256/492)        
2025-02-09T17:03:03.5095050Z remote: Counting objects:  53% (261/492)        
2025-02-09T17:03:03.5095701Z remote: Counting objects:  54% (266/492)        
2025-02-09T17:03:03.5096348Z remote: Counting objects:  55% (271/492)        
2025-02-09T17:03:03.5096990Z remote: Counting objects:  56% (276/492)        
2025-02-09T17:03:03.5097630Z remote: Counting objects:  57% (281/492)        
2025-02-09T17:03:03.5098269Z remote: Counting objects:  58% (286/492)        
2025-02-09T17:03:03.5098905Z remote: Counting objects:  59% (291/492)        
2025-02-09T17:03:03.5099551Z remote: Counting objects:  60% (296/492)        
2025-02-09T17:03:03.5100193Z remote: Counting objects:  61% (301/492)        
2025-02-09T17:03:03.5100833Z remote: Counting objects:  62% (306/492)        
2025-02-09T17:03:03.5101470Z remote: Counting objects:  63% (310/492)        
2025-02-09T17:03:03.5102152Z remote: Counting objects:  64% (315/492)        
2025-02-09T17:03:03.5102795Z remote: Counting objects:  65% (320/492)        
2025-02-09T17:03:03.5103556Z remote: Counting objects:  66% (325/492)        
2025-02-09T17:03:03.5104197Z remote: Counting objects:  67% (330/492)        
2025-02-09T17:03:03.5104841Z remote: Counting objects:  68% (335/492)        
2025-02-09T17:03:03.5105477Z remote: Counting objects:  69% (340/492)        
2025-02-09T17:03:03.5106115Z remote: Counting objects:  70% (345/492)        
2025-02-09T17:03:03.5106754Z remote: Counting objects:  71% (350/492)        
2025-02-09T17:03:03.5107392Z remote: Counting objects:  72% (355/492)        
2025-02-09T17:03:03.5108034Z remote: Counting objects:  73% (360/492)        
2025-02-09T17:03:03.5108680Z remote: Counting objects:  74% (365/492)        
2025-02-09T17:03:03.5109313Z remote: Counting objects:  75% (369/492)        
2025-02-09T17:03:03.5109948Z remote: Counting objects:  76% (374/492)        
2025-02-09T17:03:03.5110742Z remote: Counting objects:  77% (379/492)        
2025-02-09T17:03:03.5111395Z remote: Counting objects:  78% (384/492)        
2025-02-09T17:03:03.5112040Z remote: Counting objects:  79% (389/492)        
2025-02-09T17:03:03.5112687Z remote: Counting objects:  80% (394/492)        
2025-02-09T17:03:03.5113446Z remote: Counting objects:  81% (399/492)        
2025-02-09T17:03:03.5114100Z remote: Counting objects:  82% (404/492)        
2025-02-09T17:03:03.5114746Z remote: Counting objects:  83% (409/492)        
2025-02-09T17:03:03.5115392Z remote: Counting objects:  84% (414/492)        
2025-02-09T17:03:03.5116023Z remote: Counting objects:  85% (419/492)        
2025-02-09T17:03:03.5116654Z remote: Counting objects:  86% (424/492)        
2025-02-09T17:03:03.5117300Z remote: Counting objects:  87% (429/492)        
2025-02-09T17:03:03.5117937Z remote: Counting objects:  88% (433/492)        
2025-02-09T17:03:03.5118604Z remote: Counting objects:  89% (438/492)        
2025-02-09T17:03:03.5119329Z remote: Counting objects:  90% (443/492)        
2025-02-09T17:03:03.5119979Z remote: Counting objects:  91% (448/492)        
2025-02-09T17:03:03.5120621Z remote: Counting objects:  92% (453/492)        
2025-02-09T17:03:03.5121257Z remote: Counting objects:  93% (458/492)        
2025-02-09T17:03:03.5121894Z remote: Counting objects:  94% (463/492)        
2025-02-09T17:03:03.5122531Z remote: Counting objects:  95% (468/492)        
2025-02-09T17:03:03.5123163Z remote: Counting objects:  96% (473/492)        
2025-02-09T17:03:03.5123962Z remote: Counting objects:  97% (478/492)        
2025-02-09T17:03:03.5124601Z remote: Counting objects:  98% (483/492)        
2025-02-09T17:03:03.5125261Z remote: Counting objects:  99% (488/492)        
2025-02-09T17:03:03.5125910Z remote: Counting objects: 100% (492/492)        
2025-02-09T17:03:03.5126593Z remote: Counting objects: 100% (492/492), done.        
2025-02-09T17:03:03.5127285Z remote: Compressing objects:   0% (1/368)        
2025-02-09T17:03:03.5127983Z remote: Compressing objects:   1% (4/368)        
2025-02-09T17:03:03.5128786Z remote: Compressing objects:   2% (8/368)        
2025-02-09T17:03:03.5129524Z remote: Compressing objects:   3% (12/368)        
2025-02-09T17:03:03.5398771Z remote: Compressing objects:   4% (15/368)        
2025-02-09T17:03:03.5399766Z remote: Compressing objects:   5% (19/368)        
2025-02-09T17:03:03.5400605Z remote: Compressing objects:   6% (23/368)        
2025-02-09T17:03:03.5401434Z remote: Compressing objects:   7% (26/368)        
2025-02-09T17:03:03.5402271Z remote: Compressing objects:   8% (30/368)        
2025-02-09T17:03:03.5403094Z remote: Compressing objects:   9% (34/368)        
2025-02-09T17:03:03.5404164Z remote: Compressing objects:  10% (37/368)        
2025-02-09T17:03:03.5404989Z remote: Compressing objects:  11% (41/368)        
2025-02-09T17:03:03.5405805Z remote: Compressing objects:  12% (45/368)        
2025-02-09T17:03:03.5406611Z remote: Compressing objects:  13% (48/368)        
2025-02-09T17:03:03.5407340Z remote: Compressing objects:  14% (52/368)        
2025-02-09T17:03:03.5408001Z remote: Compressing objects:  15% (56/368)        
2025-02-09T17:03:03.5408703Z remote: Compressing objects:  16% (59/368)        
2025-02-09T17:03:03.5409360Z remote: Compressing objects:  17% (63/368)        
2025-02-09T17:03:03.5410023Z remote: Compressing objects:  18% (67/368)        
2025-02-09T17:03:03.5428941Z remote: Compressing objects:  19% (70/368)        
2025-02-09T17:03:03.5470245Z remote: Compressing objects:  20% (74/368)        
2025-02-09T17:03:03.5495840Z remote: Compressing objects:  21% (78/368)        
2025-02-09T17:03:03.5525467Z remote: Compressing objects:  22% (81/368)        
2025-02-09T17:03:03.5548269Z remote: Compressing objects:  23% (85/368)        
2025-02-09T17:03:03.5559375Z remote: Compressing objects:  24% (89/368)        
2025-02-09T17:03:03.5573620Z remote: Compressing objects:  25% (92/368)        
2025-02-09T17:03:03.5606956Z remote: Compressing objects:  26% (96/368)        
2025-02-09T17:03:03.5608541Z remote: Compressing objects:  27% (100/368)        
2025-02-09T17:03:03.5614102Z remote: Compressing objects:  28% (104/368)        
2025-02-09T17:03:03.5627707Z remote: Compressing objects:  29% (107/368)        
2025-02-09T17:03:03.5644463Z remote: Compressing objects:  30% (111/368)        
2025-02-09T17:03:03.5659659Z remote: Compressing objects:  31% (115/368)        
2025-02-09T17:03:03.5670581Z remote: Compressing objects:  32% (118/368)        
2025-02-09T17:03:03.5695368Z remote: Compressing objects:  33% (122/368)        
2025-02-09T17:03:03.5727026Z remote: Compressing objects:  34% (126/368)        
2025-02-09T17:03:03.5748491Z remote: Compressing objects:  35% (129/368)        
2025-02-09T17:03:03.5778309Z remote: Compressing objects:  36% (133/368)        
2025-02-09T17:03:03.5810825Z remote: Compressing objects:  37% (137/368)        
2025-02-09T17:03:03.5846582Z remote: Compressing objects:  38% (140/368)        
2025-02-09T17:03:03.5891189Z remote: Compressing objects:  39% (144/368)        
2025-02-09T17:03:03.5896394Z remote: Compressing objects:  40% (148/368)        
2025-02-09T17:03:03.5920716Z remote: Compressing objects:  41% (151/368)        
2025-02-09T17:03:03.5922898Z remote: Compressing objects:  42% (155/368)        
2025-02-09T17:03:03.5924567Z remote: Compressing objects:  43% (159/368)        
2025-02-09T17:03:03.5925433Z remote: Compressing objects:  44% (162/368)        
2025-02-09T17:03:03.5926267Z remote: Compressing objects:  45% (166/368)        
2025-02-09T17:03:03.5927108Z remote: Compressing objects:  46% (170/368)        
2025-02-09T17:03:03.5927871Z remote: Compressing objects:  47% (173/368)        
2025-02-09T17:03:03.5951046Z remote: Compressing objects:  48% (177/368)        
2025-02-09T17:03:03.5965260Z remote: Compressing objects:  49% (181/368)        
2025-02-09T17:03:03.5969142Z remote: Compressing objects:  50% (184/368)        
2025-02-09T17:03:03.5969911Z remote: Compressing objects:  51% (188/368)        
2025-02-09T17:03:03.5970644Z remote: Compressing objects:  52% (192/368)        
2025-02-09T17:03:03.5971683Z remote: Compressing objects:  53% (196/368)        
2025-02-09T17:03:03.5972375Z remote: Compressing objects:  54% (199/368)        
2025-02-09T17:03:03.5973551Z remote: Compressing objects:  55% (203/368)        
2025-02-09T17:03:03.5974725Z remote: Compressing objects:  56% (207/368)        
2025-02-09T17:03:03.5975564Z remote: Compressing objects:  57% (210/368)        
2025-02-09T17:03:03.5976234Z remote: Compressing objects:  58% (214/368)        
2025-02-09T17:03:03.5976892Z remote: Compressing objects:  59% (218/368)        
2025-02-09T17:03:03.5977555Z remote: Compressing objects:  60% (221/368)        
2025-02-09T17:03:03.5978211Z remote: Compressing objects:  61% (225/368)        
2025-02-09T17:03:03.5978859Z remote: Compressing objects:  62% (229/368)        
2025-02-09T17:03:03.5979512Z remote: Compressing objects:  63% (232/368)        
2025-02-09T17:03:03.5980168Z remote: Compressing objects:  64% (236/368)        
2025-02-09T17:03:03.5980848Z remote: Compressing objects:  65% (240/368)        
2025-02-09T17:03:03.5981513Z remote: Compressing objects:  66% (243/368)        
2025-02-09T17:03:03.5982180Z remote: Compressing objects:  67% (247/368)        
2025-02-09T17:03:03.5982877Z remote: Compressing objects:  68% (251/368)        
2025-02-09T17:03:03.5990478Z remote: Compressing objects:  69% (254/368)        
2025-02-09T17:03:03.5991923Z remote: Compressing objects:  70% (258/368)        
2025-02-09T17:03:03.5996253Z remote: Compressing objects:  71% (262/368)        
2025-02-09T17:03:03.5996959Z remote: Compressing objects:  72% (265/368)        
2025-02-09T17:03:03.5997649Z remote: Compressing objects:  73% (269/368)        
2025-02-09T17:03:03.5998347Z remote: Compressing objects:  74% (273/368)        
2025-02-09T17:03:03.5999021Z remote: Compressing objects:  75% (276/368)        
2025-02-09T17:03:03.6002438Z remote: Compressing objects:  76% (280/368)        
2025-02-09T17:03:03.6003669Z remote: Compressing objects:  77% (284/368)        
2025-02-09T17:03:03.6053488Z remote: Compressing objects:  78% (288/368)        
2025-02-09T17:03:03.6054594Z remote: Compressing objects:  79% (291/368)        
2025-02-09T17:03:03.6055429Z remote: Compressing objects:  80% (295/368)        
2025-02-09T17:03:03.6056300Z remote: Compressing objects:  81% (299/368)        
2025-02-09T17:03:03.6057130Z remote: Compressing objects:  82% (302/368)        
2025-02-09T17:03:03.6058000Z remote: Compressing objects:  83% (306/368)        
2025-02-09T17:03:03.6058667Z remote: Compressing objects:  84% (310/368)        
2025-02-09T17:03:03.6059330Z remote: Compressing objects:  85% (313/368)        
2025-02-09T17:03:03.6060004Z remote: Compressing objects:  86% (317/368)        
2025-02-09T17:03:03.6060677Z remote: Compressing objects:  87% (321/368)        
2025-02-09T17:03:03.6061338Z remote: Compressing objects:  88% (324/368)        
2025-02-09T17:03:03.6062001Z remote: Compressing objects:  89% (328/368)        
2025-02-09T17:03:03.6062706Z remote: Compressing objects:  90% (332/368)        
2025-02-09T17:03:03.6063581Z remote: Compressing objects:  91% (335/368)        
2025-02-09T17:03:03.6064264Z remote: Compressing objects:  92% (339/368)        
2025-02-09T17:03:03.6064954Z remote: Compressing objects:  93% (343/368)        
2025-02-09T17:03:03.6065631Z remote: Compressing objects:  94% (346/368)        
2025-02-09T17:03:03.6151732Z remote: Compressing objects:  95% (350/368)        
2025-02-09T17:03:03.6153814Z remote: Compressing objects:  96% (354/368)        
2025-02-09T17:03:03.6154875Z remote: Compressing objects:  97% (357/368)        
2025-02-09T17:03:03.6155562Z remote: Compressing objects:  98% (361/368)        
2025-02-09T17:03:03.6156286Z remote: Compressing objects:  99% (365/368)        
2025-02-09T17:03:03.6156978Z remote: Compressing objects: 100% (368/368)        
2025-02-09T17:03:03.6157743Z remote: Compressing objects: 100% (368/368), done.        
2025-02-09T17:03:03.6158543Z Receiving objects:   0% (1/492)
2025-02-09T17:03:03.6159141Z Receiving objects:   1% (5/492)
2025-02-09T17:03:03.6159909Z Receiving objects:   2% (10/492)
2025-02-09T17:03:03.6160471Z Receiving objects:   3% (15/492)
2025-02-09T17:03:03.6161005Z Receiving objects:   4% (20/492)
2025-02-09T17:03:03.6161549Z Receiving objects:   5% (25/492)
2025-02-09T17:03:03.6162083Z Receiving objects:   6% (30/492)
2025-02-09T17:03:03.6172187Z Receiving objects:   7% (35/492)
2025-02-09T17:03:03.6173960Z Receiving objects:   8% (40/492)
2025-02-09T17:03:03.6174970Z Receiving objects:   9% (45/492)
2025-02-09T17:03:03.6175532Z Receiving objects:  10% (50/492)
2025-02-09T17:03:03.6203692Z Receiving objects:  11% (55/492)
2025-02-09T17:03:03.6286391Z Receiving objects:  12% (60/492)
2025-02-09T17:03:03.6456077Z Receiving objects:  13% (64/492)
2025-02-09T17:03:03.6484124Z Receiving objects:  14% (69/492)
2025-02-09T17:03:03.6527423Z Receiving objects:  15% (74/492)
2025-02-09T17:03:03.6666691Z Receiving objects:  16% (79/492)
2025-02-09T17:03:03.6668070Z Receiving objects:  17% (84/492)
2025-02-09T17:03:03.7644986Z Receiving objects:  18% (89/492)
2025-02-09T17:03:03.7646337Z Receiving objects:  19% (94/492)
2025-02-09T17:03:03.7653112Z Receiving objects:  20% (99/492)
2025-02-09T17:03:03.7655353Z Receiving objects:  21% (104/492)
2025-02-09T17:03:03.7659702Z Receiving objects:  22% (109/492)
2025-02-09T17:03:03.7662711Z Receiving objects:  23% (114/492)
2025-02-09T17:03:03.7665508Z Receiving objects:  24% (119/492)
2025-02-09T17:03:03.7666395Z Receiving objects:  25% (123/492)
2025-02-09T17:03:03.7667590Z Receiving objects:  26% (128/492)
2025-02-09T17:03:03.7670615Z Receiving objects:  27% (133/492)
2025-02-09T17:03:03.7781487Z Receiving objects:  28% (138/492)
2025-02-09T17:03:03.7782693Z Receiving objects:  29% (143/492)
2025-02-09T17:03:03.7783962Z Receiving objects:  30% (148/492)
2025-02-09T17:03:03.7788264Z Receiving objects:  31% (153/492)
2025-02-09T17:03:03.7800130Z Receiving objects:  32% (158/492)
2025-02-09T17:03:03.7803752Z Receiving objects:  33% (163/492)
2025-02-09T17:03:03.7805815Z Receiving objects:  34% (168/492)
2025-02-09T17:03:03.7809156Z Receiving objects:  35% (173/492)
2025-02-09T17:03:03.7843715Z Receiving objects:  36% (178/492)
2025-02-09T17:03:03.7846653Z Receiving objects:  37% (183/492)
2025-02-09T17:03:03.7848386Z Receiving objects:  38% (187/492)
2025-02-09T17:03:03.7853985Z Receiving objects:  39% (192/492)
2025-02-09T17:03:03.7856800Z Receiving objects:  40% (197/492)
2025-02-09T17:03:03.7870607Z Receiving objects:  41% (202/492)
2025-02-09T17:03:03.7899266Z Receiving objects:  42% (207/492)
2025-02-09T17:03:03.7900771Z Receiving objects:  43% (212/492)
2025-02-09T17:03:03.7958026Z Receiving objects:  44% (217/492)
2025-02-09T17:03:03.7959188Z Receiving objects:  45% (222/492)
2025-02-09T17:03:03.7959963Z Receiving objects:  46% (227/492)
2025-02-09T17:03:03.7963490Z Receiving objects:  47% (232/492)
2025-02-09T17:03:03.8211488Z Receiving objects:  48% (237/492)
2025-02-09T17:03:03.8776307Z Receiving objects:  49% (242/492)
2025-02-09T17:03:03.8777546Z Receiving objects:  50% (246/492)
2025-02-09T17:03:03.8778612Z Receiving objects:  51% (251/492)
2025-02-09T17:03:03.8779571Z Receiving objects:  52% (256/492)
2025-02-09T17:03:03.8785776Z Receiving objects:  53% (261/492)
2025-02-09T17:03:03.8790658Z Receiving objects:  54% (266/492)
2025-02-09T17:03:03.8796985Z Receiving objects:  55% (271/492)
2025-02-09T17:03:03.8798699Z Receiving objects:  56% (276/492)
2025-02-09T17:03:03.8908242Z Receiving objects:  57% (281/492)
2025-02-09T17:03:03.8919559Z Receiving objects:  58% (286/492)
2025-02-09T17:03:03.8927943Z Receiving objects:  59% (291/492)
2025-02-09T17:03:03.8928981Z Receiving objects:  60% (296/492)
2025-02-09T17:03:03.8962977Z Receiving objects:  61% (301/492)
2025-02-09T17:03:03.8964755Z Receiving objects:  62% (306/492)
2025-02-09T17:03:03.8965801Z Receiving objects:  63% (310/492)
2025-02-09T17:03:03.8966695Z Receiving objects:  64% (315/492)
2025-02-09T17:03:03.8967591Z Receiving objects:  65% (320/492)
2025-02-09T17:03:03.8968954Z Receiving objects:  66% (325/492)
2025-02-09T17:03:03.8970343Z Receiving objects:  67% (330/492)
2025-02-09T17:03:03.8971503Z Receiving objects:  68% (335/492)
2025-02-09T17:03:03.8972662Z Receiving objects:  69% (340/492)
2025-02-09T17:03:03.8973791Z Receiving objects:  70% (345/492)
2025-02-09T17:03:03.8974369Z Receiving objects:  71% (350/492)
2025-02-09T17:03:03.8974905Z Receiving objects:  72% (355/492)
2025-02-09T17:03:03.8975429Z Receiving objects:  73% (360/492)
2025-02-09T17:03:03.8975946Z Receiving objects:  74% (365/492)
2025-02-09T17:03:03.8976466Z Receiving objects:  75% (369/492)
2025-02-09T17:03:03.8976996Z Receiving objects:  76% (374/492)
2025-02-09T17:03:03.8977519Z Receiving objects:  77% (379/492)
2025-02-09T17:03:03.8978085Z Receiving objects:  78% (384/492)
2025-02-09T17:03:03.8979367Z Receiving objects:  79% (389/492)
2025-02-09T17:03:03.8984653Z Receiving objects:  80% (394/492)
2025-02-09T17:03:03.8988738Z Receiving objects:  81% (399/492)
2025-02-09T17:03:03.8994184Z Receiving objects:  82% (404/492)
2025-02-09T17:03:03.8995396Z Receiving objects:  83% (409/492)
2025-02-09T17:03:03.9000019Z Receiving objects:  84% (414/492)
2025-02-09T17:03:03.9005309Z Receiving objects:  85% (419/492)
2025-02-09T17:03:03.9009540Z Receiving objects:  86% (424/492)
2025-02-09T17:03:03.9012864Z Receiving objects:  87% (429/492)
2025-02-09T17:03:03.9017933Z Receiving objects:  88% (433/492)
2025-02-09T17:03:03.9108496Z Receiving objects:  89% (438/492)
2025-02-09T17:03:04.8238124Z Receiving objects:  90% (443/492)
2025-02-09T17:03:04.8240640Z Receiving objects:  90% (447/492), 2.83 MiB | 2.87 MiB/s
2025-02-09T17:03:04.8241780Z Receiving objects:  91% (448/492), 2.83 MiB | 2.87 MiB/s
2025-02-09T17:03:04.8243857Z Receiving objects:  92% (453/492), 2.83 MiB | 2.87 MiB/s
2025-02-09T17:03:04.8246057Z Receiving objects:  93% (458/492), 2.83 MiB | 2.87 MiB/s
2025-02-09T17:03:04.8247361Z remote: Total 492 (delta 107), reused 362 (delta 56), pack-reused 0 (from 0)        
2025-02-09T17:03:04.8254522Z Receiving objects:  94% (463/492), 2.83 MiB | 2.87 MiB/s
2025-02-09T17:03:04.8259194Z Receiving objects:  95% (468/492), 2.83 MiB | 2.87 MiB/s
2025-02-09T17:03:04.8264237Z Receiving objects:  96% (473/492), 2.83 MiB | 2.87 MiB/s
2025-02-09T17:03:04.8265946Z Receiving objects:  97% (478/492), 2.83 MiB | 2.87 MiB/s
2025-02-09T17:03:04.8266855Z Receiving objects:  98% (483/492), 2.83 MiB | 2.87 MiB/s
2025-02-09T17:03:04.8267644Z Receiving objects:  99% (488/492), 2.83 MiB | 2.87 MiB/s
2025-02-09T17:03:04.8268426Z Receiving objects: 100% (492/492), 2.83 MiB | 2.87 MiB/s
2025-02-09T17:03:04.8269248Z Receiving objects: 100% (492/492), 14.32 MiB | 11.80 MiB/s, done.
2025-02-09T17:03:04.8270217Z Resolving deltas:   0% (0/107)
2025-02-09T17:03:04.8271178Z Resolving deltas:   1% (2/107)
2025-02-09T17:03:04.8272153Z Resolving deltas:   2% (3/107)
2025-02-09T17:03:04.8272799Z Resolving deltas:   3% (4/107)
2025-02-09T17:03:04.8273638Z Resolving deltas:   4% (5/107)
2025-02-09T17:03:04.8274433Z Resolving deltas:   5% (6/107)
2025-02-09T17:03:04.8274928Z Resolving deltas:   6% (7/107)
2025-02-09T17:03:04.8275276Z Resolving deltas:   7% (8/107)
2025-02-09T17:03:04.8275598Z Resolving deltas:   8% (9/107)
2025-02-09T17:03:04.8275910Z Resolving deltas:   9% (10/107)
2025-02-09T17:03:04.8276238Z Resolving deltas:  10% (11/107)
2025-02-09T17:03:04.8276737Z Resolving deltas:  11% (12/107)
2025-02-09T17:03:04.8277345Z Resolving deltas:  12% (13/107)
2025-02-09T17:03:04.8277946Z Resolving deltas:  13% (14/107)
2025-02-09T17:03:04.8278498Z Resolving deltas:  14% (15/107)
2025-02-09T17:03:04.8279168Z Resolving deltas:  15% (17/107)
2025-02-09T17:03:04.8280006Z Resolving deltas:  16% (18/107)
2025-02-09T17:03:04.8280621Z Resolving deltas:  17% (19/107)
2025-02-09T17:03:04.8281228Z Resolving deltas:  18% (20/107)
2025-02-09T17:03:04.8281800Z Resolving deltas:  19% (21/107)
2025-02-09T17:03:04.8282364Z Resolving deltas:  20% (22/107)
2025-02-09T17:03:04.8282906Z Resolving deltas:  21% (23/107)
2025-02-09T17:03:04.8283689Z Resolving deltas:  22% (24/107)
2025-02-09T17:03:04.8284544Z Resolving deltas:  23% (25/107)
2025-02-09T17:03:04.8285169Z Resolving deltas:  24% (26/107)
2025-02-09T17:03:04.8285749Z Resolving deltas:  25% (27/107)
2025-02-09T17:03:04.8286277Z Resolving deltas:  26% (28/107)
2025-02-09T17:03:04.8286860Z Resolving deltas:  27% (29/107)
2025-02-09T17:03:04.8287391Z Resolving deltas:  28% (30/107)
2025-02-09T17:03:04.8287914Z Resolving deltas:  29% (32/107)
2025-02-09T17:03:04.8288470Z Resolving deltas:  30% (33/107)
2025-02-09T17:03:04.8289075Z Resolving deltas:  31% (34/107)
2025-02-09T17:03:04.8289700Z Resolving deltas:  32% (35/107)
2025-02-09T17:03:04.8290313Z Resolving deltas:  33% (36/107)
2025-02-09T17:03:04.8290870Z Resolving deltas:  34% (37/107)
2025-02-09T17:03:04.8291314Z Resolving deltas:  35% (38/107)
2025-02-09T17:03:04.8291848Z Resolving deltas:  37% (40/107)
2025-02-09T17:03:04.8292218Z Resolving deltas:  38% (41/107)
2025-02-09T17:03:04.8292552Z Resolving deltas:  39% (42/107)
2025-02-09T17:03:04.8293024Z Resolving deltas:  40% (43/107)
2025-02-09T17:03:04.8293803Z Resolving deltas:  41% (44/107)
2025-02-09T17:03:04.8294345Z Resolving deltas:  42% (45/107)
2025-02-09T17:03:04.8294886Z Resolving deltas:  43% (47/107)
2025-02-09T17:03:04.8295429Z Resolving deltas:  44% (48/107)
2025-02-09T17:03:04.8295964Z Resolving deltas:  45% (49/107)
2025-02-09T17:03:04.8296508Z Resolving deltas:  46% (50/107)
2025-02-09T17:03:04.8297073Z Resolving deltas:  47% (51/107)
2025-02-09T17:03:04.8297636Z Resolving deltas:  49% (53/107)
2025-02-09T17:03:04.8298179Z Resolving deltas:  50% (54/107)
2025-02-09T17:03:04.8298754Z Resolving deltas:  51% (55/107)
2025-02-09T17:03:04.8299315Z Resolving deltas:  52% (56/107)
2025-02-09T17:03:04.8299856Z Resolving deltas:  53% (57/107)
2025-02-09T17:03:04.8300394Z Resolving deltas:  54% (58/107)
2025-02-09T17:03:04.8300952Z Resolving deltas:  56% (60/107)
2025-02-09T17:03:04.8301500Z Resolving deltas:  57% (61/107)
2025-02-09T17:03:04.8302040Z Resolving deltas:  58% (63/107)
2025-02-09T17:03:04.8302906Z Resolving deltas:  59% (64/107)
2025-02-09T17:03:04.8303653Z Resolving deltas:  60% (65/107)
2025-02-09T17:03:04.8304275Z Resolving deltas:  61% (66/107)
2025-02-09T17:03:04.8304839Z Resolving deltas:  62% (67/107)
2025-02-09T17:03:04.8305387Z Resolving deltas:  63% (68/107)
2025-02-09T17:03:04.8305931Z Resolving deltas:  64% (69/107)
2025-02-09T17:03:04.8306466Z Resolving deltas:  65% (70/107)
2025-02-09T17:03:04.8307014Z Resolving deltas:  66% (71/107)
2025-02-09T17:03:04.8307549Z Resolving deltas:  67% (72/107)
2025-02-09T17:03:04.8308098Z Resolving deltas:  68% (73/107)
2025-02-09T17:03:04.8308646Z Resolving deltas:  69% (74/107)
2025-02-09T17:03:04.8309184Z Resolving deltas:  71% (76/107)
2025-02-09T17:03:04.8309759Z Resolving deltas:  73% (79/107)
2025-02-09T17:03:04.8310284Z Resolving deltas:  75% (81/107)
2025-02-09T17:03:04.8310829Z Resolving deltas:  76% (82/107)
2025-02-09T17:03:04.8311368Z Resolving deltas:  77% (83/107)
2025-02-09T17:03:04.8311912Z Resolving deltas:  79% (85/107)
2025-02-09T17:03:04.8312469Z Resolving deltas:  80% (86/107)
2025-02-09T17:03:04.8313003Z Resolving deltas:  81% (87/107)
2025-02-09T17:03:04.8313711Z Resolving deltas:  82% (88/107)
2025-02-09T17:03:04.8314256Z Resolving deltas:  83% (89/107)
2025-02-09T17:03:04.8314795Z Resolving deltas:  84% (90/107)
2025-02-09T17:03:04.8315336Z Resolving deltas:  85% (91/107)
2025-02-09T17:03:04.8315888Z Resolving deltas:  86% (93/107)
2025-02-09T17:03:04.8316451Z Resolving deltas:  87% (94/107)
2025-02-09T17:03:04.8316992Z Resolving deltas:  88% (95/107)
2025-02-09T17:03:04.8317543Z Resolving deltas:  89% (96/107)
2025-02-09T17:03:04.8318092Z Resolving deltas:  90% (97/107)
2025-02-09T17:03:04.8318633Z Resolving deltas:  91% (98/107)
2025-02-09T17:03:04.8319192Z Resolving deltas:  92% (99/107)
2025-02-09T17:03:04.8320054Z Resolving deltas:  93% (100/107)
2025-02-09T17:03:04.8320669Z Resolving deltas:  94% (101/107)
2025-02-09T17:03:04.8322808Z Resolving deltas:  95% (102/107)
2025-02-09T17:03:04.8323667Z Resolving deltas:  96% (103/107)
2025-02-09T17:03:04.8324524Z Resolving deltas:  97% (104/107)
2025-02-09T17:03:04.8325052Z Resolving deltas:  98% (105/107)
2025-02-09T17:03:04.8325563Z Resolving deltas:  99% (106/107)
2025-02-09T17:03:04.8326200Z Resolving deltas: 100% (107/107)
2025-02-09T17:03:04.8326799Z Resolving deltas: 100% (107/107), done.
2025-02-09T17:03:04.8547701Z From https://github.com/exelban/stats
2025-02-09T17:03:04.8548577Z  * [new ref]         ed73aaeaa802c80d5b684fae33161d221fb33ac0 -> origin/master
2025-02-09T17:03:04.8574621Z ##[endgroup]
2025-02-09T17:03:04.8575538Z ##[group]Determining the checkout info
2025-02-09T17:03:04.8576645Z ##[endgroup]
2025-02-09T17:03:04.8577542Z ##[group]Checking out the ref
2025-02-09T17:03:04.8581872Z [command]/usr/bin/git checkout --progress --force -B master refs/remotes/origin/master
2025-02-09T17:03:04.9872321Z Reset branch 'master'
2025-02-09T17:03:04.9874135Z branch 'master' set up to track 'origin/master'.
2025-02-09T17:03:04.9886440Z ##[endgroup]
2025-02-09T17:03:04.9924220Z [command]/usr/bin/git log -1 --format='%H'
2025-02-09T17:03:04.9947451Z 'ed73aaeaa802c80d5b684fae33161d221fb33ac0'
2025-02-09T17:03:05.0139330Z ##[group]Run actions/setup-python@v2
2025-02-09T17:03:05.0139736Z with:
2025-02-09T17:03:05.0140002Z   python-version: 3.x
2025-02-09T17:03:05.0140458Z   token: ***
2025-02-09T17:03:05.0140717Z ##[endgroup]
2025-02-09T17:03:05.1273155Z Successfully setup CPython (3.13.1)
2025-02-09T17:03:05.1398423Z ##[group]Run python3 Kit/scripts/i18n.py
2025-02-09T17:03:05.1398946Z [36;1mpython3 Kit/scripts/i18n.py[0m
2025-02-09T17:03:05.1434410Z shell: /usr/bin/bash -e {0}
2025-02-09T17:03:05.1434770Z env:
2025-02-09T17:03:05.1435124Z   pythonLocation: /opt/hostedtoolcache/Python/3.13.1/x64
2025-02-09T17:03:05.1435629Z   LD_LIBRARY_PATH: /opt/hostedtoolcache/Python/3.13.1/x64/lib
2025-02-09T17:03:05.1436046Z ##[endgroup]
2025-02-09T17:03:05.3593607Z missing key `Save` in `pl` on line `98`
2025-02-09T17:03:05.3594323Z running check command...
2025-02-09T17:03:05.3635362Z ##[error]Process completed with exit code 1.
2025-02-09T17:03:05.3732410Z Post job cleanup.
2025-02-09T17:03:05.4475288Z [command]/usr/bin/git version
2025-02-09T17:03:05.4510607Z git version 2.48.1
2025-02-09T17:03:05.4554179Z Temporarily overriding HOME='/home/runner/work/_temp/412fb8ed-4455-469a-bc88-4d9ed1f951d9' before making global git config changes
2025-02-09T17:03:05.4555225Z Adding repository directory to the temporary git global config as a safe directory
2025-02-09T17:03:05.4558252Z [command]/usr/bin/git config --global --add safe.directory /home/runner/work/stats/stats
2025-02-09T17:03:05.4590722Z [command]/usr/bin/git config --local --name-only --get-regexp core\.sshCommand
2025-02-09T17:03:05.4619704Z [command]/usr/bin/git submodule foreach --recursive sh -c "git config --local --name-only --get-regexp 'core\.sshCommand' && git config --local --unset-all 'core.sshCommand' || :"
2025-02-09T17:03:05.4856431Z [command]/usr/bin/git config --local --name-only --get-regexp http\.https\:\/\/github\.com\/\.extraheader
2025-02-09T17:03:05.4876612Z http.https://github.com/.extraheader
2025-02-09T17:03:05.4887770Z [command]/usr/bin/git config --local --unset-all http.https://github.com/.extraheader
2025-02-09T17:03:05.4918062Z [command]/usr/bin/git submodule foreach --recursive sh -c "git config --local --name-only --get-regexp 'http\.https\:\/\/github\.com\/\.extraheader' && git config --local --unset-all 'http.https://github.com/.extraheader' || :"
2025-02-09T17:03:05.5254640Z Cleaning up orphan processes
