2025-04-14T18:42:54.2382196Z Requested labels: ubuntu-latest
2025-04-14T18:42:54.2382643Z Job defined at: run-llama/llama_index/.github/workflows/lint.yml@refs/pull/18456/merge
2025-04-14T18:42:54.2382773Z Waiting for a runner to pick up this job...
2025-04-14T18:42:56.9526457Z Job is waiting for a hosted runner to come online.
2025-04-14T18:42:58.6870352Z Job is about to start running on the hosted runner: GitHub Actions 148 (hosted)
2025-04-14T18:43:01.4441926Z Current runner version: '2.323.0'
2025-04-14T18:43:01.4469080Z ##[group]Operating System
2025-04-14T18:43:01.4469898Z Ubuntu
2025-04-14T18:43:01.4470487Z 24.04.2
2025-04-14T18:43:01.4471020Z LTS
2025-04-14T18:43:01.4471472Z ##[endgroup]
2025-04-14T18:43:01.4472054Z ##[group]Runner Image
2025-04-14T18:43:01.4472679Z Image: ubuntu-24.04
2025-04-14T18:43:01.4473207Z Version: 20250406.1.0
2025-04-14T18:43:01.4474343Z Included Software: https://github.com/actions/runner-images/blob/ubuntu24/20250406.1/images/ubuntu/Ubuntu2404-Readme.md
2025-04-14T18:43:01.4475988Z Image Release: https://github.com/actions/runner-images/releases/tag/ubuntu24%2F20250406.1
2025-04-14T18:43:01.4476903Z ##[endgroup]
2025-04-14T18:43:01.4477540Z ##[group]Runner Image Provisioner
2025-04-14T18:43:01.4478157Z 2.0.422.1
2025-04-14T18:43:01.4478655Z ##[endgroup]
2025-04-14T18:43:01.4481012Z ##[group]GITHUB_TOKEN Permissions
2025-04-14T18:43:01.4483044Z Actions: read
2025-04-14T18:43:01.4483947Z Attestations: read
2025-04-14T18:43:01.4484855Z Checks: read
2025-04-14T18:43:01.4485398Z Contents: read
2025-04-14T18:43:01.4485951Z Deployments: read
2025-04-14T18:43:01.4486560Z Discussions: read
2025-04-14T18:43:01.4487110Z Issues: read
2025-04-14T18:43:01.4487635Z Metadata: read
2025-04-14T18:43:01.4488163Z Models: read
2025-04-14T18:43:01.4488698Z Packages: read
2025-04-14T18:43:01.4489237Z Pages: read
2025-04-14T18:43:01.4489794Z PullRequests: read
2025-04-14T18:43:01.4490375Z RepositoryProjects: read
2025-04-14T18:43:01.4490925Z SecurityEvents: read
2025-04-14T18:43:01.4491518Z Statuses: read
2025-04-14T18:43:01.4492049Z ##[endgroup]
2025-04-14T18:43:01.4495384Z Secret source: None
2025-04-14T18:43:01.4496370Z Prepare workflow directory
2025-04-14T18:43:01.5002694Z Prepare all required actions
2025-04-14T18:43:01.5041647Z Getting action download info
2025-04-14T18:43:01.7464987Z ##[group]Download immutable action package 'actions/checkout@v4'
2025-04-14T18:43:01.7465929Z Version: 4.2.2
2025-04-14T18:43:01.7466786Z Digest: sha256:ccb2698953eaebd21c7bf6268a94f9c26518a7e38e27e0b83c1fe1ad049819b1
2025-04-14T18:43:01.7467847Z Source commit SHA: 11bd71901bbe5b1630ceea73d27597364c9af683
2025-04-14T18:43:01.7468463Z ##[endgroup]
2025-04-14T18:43:01.8370455Z ##[group]Download immutable action package 'actions/setup-python@v5'
2025-04-14T18:43:01.8371197Z Version: 5.5.0
2025-04-14T18:43:01.8371852Z Digest: sha256:1fac95d751afd58314aebd2ab01d4bf3b3109a441917bd2cac2a22898ec494f7
2025-04-14T18:43:01.8372733Z Source commit SHA: 8d9ed9ac5c53483de85588cdf95a591a75ab9f55
2025-04-14T18:43:01.8373353Z ##[endgroup]
2025-04-14T18:43:02.3463655Z Complete job name: build (3.9)
2025-04-14T18:43:02.4148536Z ##[group]Run actions/checkout@v4
2025-04-14T18:43:02.4149411Z with:
2025-04-14T18:43:02.4149800Z   fetch-depth: 2
2025-04-14T18:43:02.4150237Z   repository: run-llama/llama_index
2025-04-14T18:43:02.4150950Z   token: ***
2025-04-14T18:43:02.4151396Z   ssh-strict: true
2025-04-14T18:43:02.4151808Z   ssh-user: git
2025-04-14T18:43:02.4152220Z   persist-credentials: true
2025-04-14T18:43:02.4152717Z   clean: true
2025-04-14T18:43:02.4153141Z   sparse-checkout-cone-mode: true
2025-04-14T18:43:02.4153641Z   fetch-tags: false
2025-04-14T18:43:02.4154058Z   show-progress: true
2025-04-14T18:43:02.4154465Z   lfs: false
2025-04-14T18:43:02.4155085Z   submodules: false
2025-04-14T18:43:02.4155515Z   set-safe-directory: true
2025-04-14T18:43:02.4156282Z env:
2025-04-14T18:43:02.4156676Z   POETRY_VERSION: 1.8.3
2025-04-14T18:43:02.4157104Z ##[endgroup]
2025-04-14T18:43:02.6468295Z Syncing repository: run-llama/llama_index
2025-04-14T18:43:02.6470064Z ##[group]Getting Git version info
2025-04-14T18:43:02.6470870Z Working directory is '/home/runner/work/llama_index/llama_index'
2025-04-14T18:43:02.6471885Z [command]/usr/bin/git version
2025-04-14T18:43:02.6529055Z git version 2.49.0
2025-04-14T18:43:02.6558373Z ##[endgroup]
2025-04-14T18:43:02.6572000Z Temporarily overriding HOME='/home/runner/work/_temp/50ec07cd-5a08-4d11-a764-cfd48e9bbfb8' before making global git config changes
2025-04-14T18:43:02.6573672Z Adding repository directory to the temporary git global config as a safe directory
2025-04-14T18:43:02.6577561Z [command]/usr/bin/git config --global --add safe.directory /home/runner/work/llama_index/llama_index
2025-04-14T18:43:02.6612485Z Deleting the contents of '/home/runner/work/llama_index/llama_index'
2025-04-14T18:43:02.6616201Z ##[group]Initializing the repository
2025-04-14T18:43:02.6620366Z [command]/usr/bin/git init /home/runner/work/llama_index/llama_index
2025-04-14T18:43:02.6690016Z hint: Using 'master' as the name for the initial branch. This default branch name
2025-04-14T18:43:02.6691510Z hint: is subject to change. To configure the initial branch name to use in all
2025-04-14T18:43:02.6692891Z hint: of your new repositories, which will suppress this warning, call:
2025-04-14T18:43:02.6694073Z hint:
2025-04-14T18:43:02.6695076Z hint: 	git config --global init.defaultBranch <name>
2025-04-14T18:43:02.6696036Z hint:
2025-04-14T18:43:02.6696943Z hint: Names commonly chosen instead of 'master' are 'main', 'trunk' and
2025-04-14T18:43:02.6698049Z hint: 'development'. The just-created branch can be renamed via this command:
2025-04-14T18:43:02.6698909Z hint:
2025-04-14T18:43:02.6699502Z hint: 	git branch -m <name>
2025-04-14T18:43:02.6700648Z Initialized empty Git repository in /home/runner/work/llama_index/llama_index/.git/
2025-04-14T18:43:02.6708090Z [command]/usr/bin/git remote add origin https://github.com/run-llama/llama_index
2025-04-14T18:43:02.6751412Z ##[endgroup]
2025-04-14T18:43:02.6752155Z ##[group]Disabling automatic garbage collection
2025-04-14T18:43:02.6755785Z [command]/usr/bin/git config --local gc.auto 0
2025-04-14T18:43:02.6783033Z ##[endgroup]
2025-04-14T18:43:02.6783715Z ##[group]Setting up auth
2025-04-14T18:43:02.6789855Z [command]/usr/bin/git config --local --name-only --get-regexp core\.sshCommand
2025-04-14T18:43:02.6819496Z [command]/usr/bin/git submodule foreach --recursive sh -c "git config --local --name-only --get-regexp 'core\.sshCommand' && git config --local --unset-all 'core.sshCommand' || :"
2025-04-14T18:43:02.7118946Z [command]/usr/bin/git config --local --name-only --get-regexp http\.https\:\/\/github\.com\/\.extraheader
2025-04-14T18:43:02.7149827Z [command]/usr/bin/git submodule foreach --recursive sh -c "git config --local --name-only --get-regexp 'http\.https\:\/\/github\.com\/\.extraheader' && git config --local --unset-all 'http.https://github.com/.extraheader' || :"
2025-04-14T18:43:02.7388035Z [command]/usr/bin/git config --local http.https://github.com/.extraheader AUTHORIZATION: basic ***
2025-04-14T18:43:02.7429059Z ##[endgroup]
2025-04-14T18:43:02.7430350Z ##[group]Fetching the repository
2025-04-14T18:43:02.7438545Z [command]/usr/bin/git -c protocol.version=2 fetch --no-tags --prune --no-recurse-submodules --depth=2 origin +7d8193056294b5988bef80ba41819da497efd509:refs/remotes/pull/18456/merge
2025-04-14T18:43:08.9636275Z From https://github.com/run-llama/llama_index
2025-04-14T18:43:08.9638976Z  * [new ref]         7d8193056294b5988bef80ba41819da497efd509 -> pull/18456/merge
2025-04-14T18:43:08.9692714Z ##[endgroup]
2025-04-14T18:43:08.9694109Z ##[group]Determining the checkout info
2025-04-14T18:43:08.9702881Z ##[endgroup]
2025-04-14T18:43:08.9703595Z [command]/usr/bin/git sparse-checkout disable
2025-04-14T18:43:08.9749698Z [command]/usr/bin/git config --local --unset-all extensions.worktreeConfig
2025-04-14T18:43:08.9784371Z ##[group]Checking out the ref
2025-04-14T18:43:08.9790823Z [command]/usr/bin/git checkout --progress --force refs/remotes/pull/18456/merge
2025-04-14T18:43:09.9997259Z Updating files:  78% (9391/12022)
2025-04-14T18:43:10.0191492Z Updating files:  79% (9498/12022)
2025-04-14T18:43:10.0269054Z Updating files:  80% (9618/12022)
2025-04-14T18:43:10.0323666Z Updating files:  81% (9738/12022)
2025-04-14T18:43:10.0421234Z Updating files:  82% (9859/12022)
2025-04-14T18:43:10.0474166Z Updating files:  83% (9979/12022)
2025-04-14T18:43:10.0525591Z Updating files:  84% (10099/12022)
2025-04-14T18:43:10.0577834Z Updating files:  85% (10219/12022)
2025-04-14T18:43:10.0633776Z Updating files:  86% (10339/12022)
2025-04-14T18:43:10.0690126Z Updating files:  87% (10460/12022)
2025-04-14T18:43:10.0739942Z Updating files:  88% (10580/12022)
2025-04-14T18:43:10.0792012Z Updating files:  89% (10700/12022)
2025-04-14T18:43:10.0873180Z Updating files:  90% (10820/12022)
2025-04-14T18:43:10.0936067Z Updating files:  91% (10941/12022)
2025-04-14T18:43:10.0992271Z Updating files:  92% (11061/12022)
2025-04-14T18:43:10.1045333Z Updating files:  93% (11181/12022)
2025-04-14T18:43:10.1341748Z Updating files:  94% (11301/12022)
2025-04-14T18:43:10.1455610Z Updating files:  95% (11421/12022)
2025-04-14T18:43:10.1608314Z Updating files:  96% (11542/12022)
2025-04-14T18:43:10.2272171Z Updating files:  97% (11662/12022)
2025-04-14T18:43:10.2325289Z Updating files:  98% (11782/12022)
2025-04-14T18:43:10.2390992Z Updating files:  99% (11902/12022)
2025-04-14T18:43:10.2391717Z Updating files: 100% (12022/12022)
2025-04-14T18:43:10.2392331Z Updating files: 100% (12022/12022), done.
2025-04-14T18:43:10.2551581Z Note: switching to 'refs/remotes/pull/18456/merge'.
2025-04-14T18:43:10.2552379Z 
2025-04-14T18:43:10.2552747Z You are in 'detached HEAD' state. You can look around, make experimental
2025-04-14T18:43:10.2553510Z changes and commit them, and you can discard any commits you make in this
2025-04-14T18:43:10.2554230Z state without impacting any branches by switching back to a branch.
2025-04-14T18:43:10.2554990Z 
2025-04-14T18:43:10.2555320Z If you want to create a new branch to retain commits you create, you may
2025-04-14T18:43:10.2556111Z do so (now or later) by using -c with the switch command. Example:
2025-04-14T18:43:10.2556490Z 
2025-04-14T18:43:10.2556684Z   git switch -c <new-branch-name>
2025-04-14T18:43:10.2556957Z 
2025-04-14T18:43:10.2557126Z Or undo this operation with:
2025-04-14T18:43:10.2557373Z 
2025-04-14T18:43:10.2557524Z   git switch -
2025-04-14T18:43:10.2557728Z 
2025-04-14T18:43:10.2558055Z Turn off this advice by setting config variable advice.detachedHead to false
2025-04-14T18:43:10.2558525Z 
2025-04-14T18:43:10.2559049Z HEAD is now at 7d81930 Merge 34c4fa1fdf10e93048c272042fd75c266b1e55b6 into 67b05c0daa70292d9150915a38f3be30bb9ae36a
2025-04-14T18:43:10.2611441Z ##[endgroup]
2025-04-14T18:43:10.2651553Z [command]/usr/bin/git log -1 --format=%H
2025-04-14T18:43:10.2674509Z 7d8193056294b5988bef80ba41819da497efd509
2025-04-14T18:43:10.2857019Z ##[group]Run pipx install poetry==1.8.3
2025-04-14T18:43:10.2857443Z [36;1mpipx install poetry==1.8.3[0m
2025-04-14T18:43:10.2907944Z shell: /usr/bin/bash -e {0}
2025-04-14T18:43:10.2908274Z env:
2025-04-14T18:43:10.2908504Z   POETRY_VERSION: 1.8.3
2025-04-14T18:43:10.2908762Z ##[endgroup]
2025-04-14T18:43:10.5247475Z creating virtual environment...
2025-04-14T18:43:10.6871328Z installing poetry from spec 'poetry==1.8.3'...
2025-04-14T18:43:17.4409740Z done! ✨ 🌟 ✨
2025-04-14T18:43:17.4410335Z   installed package poetry 1.8.3, installed using Python 3.12.3
2025-04-14T18:43:17.4411051Z   These apps are now globally available
2025-04-14T18:43:17.4411555Z     - poetry
2025-04-14T18:43:17.4669797Z ##[group]Run actions/setup-python@v5
2025-04-14T18:43:17.4670096Z with:
2025-04-14T18:43:17.4670289Z   python-version: 3.9
2025-04-14T18:43:17.4670504Z   cache: poetry
2025-04-14T18:43:17.4670724Z   cache-dependency-path: **/poetry.lock
2025-04-14T18:43:17.4670984Z   check-latest: false
2025-04-14T18:43:17.4671303Z   token: ***
2025-04-14T18:43:17.4671507Z   update-environment: true
2025-04-14T18:43:17.4671743Z   allow-prereleases: false
2025-04-14T18:43:17.4671965Z   freethreaded: false
2025-04-14T18:43:17.4672158Z env:
2025-04-14T18:43:17.4672326Z   POETRY_VERSION: 1.8.3
2025-04-14T18:43:17.4672525Z ##[endgroup]
2025-04-14T18:43:17.6347506Z ##[group]Installed versions
2025-04-14T18:43:17.6411528Z Successfully set up CPython (3.9.21)
2025-04-14T18:43:17.6412393Z ##[endgroup]
2025-04-14T18:43:19.1123767Z [command]/opt/pipx_bin/poetry config --list
2025-04-14T18:43:19.4923782Z cache-dir = "/home/runner/.cache/pypoetry"
2025-04-14T18:43:19.4925430Z experimental.system-git-client = false
2025-04-14T18:43:19.4926008Z installer.max-workers = null
2025-04-14T18:43:19.4926559Z installer.modern-installation = true
2025-04-14T18:43:19.4926970Z installer.no-binary = null
2025-04-14T18:43:19.4927248Z installer.parallel = true
2025-04-14T18:43:19.4927510Z keyring.enabled = true
2025-04-14T18:43:19.4927768Z solver.lazy-wheel = true
2025-04-14T18:43:19.4928061Z virtualenvs.create = true
2025-04-14T18:43:19.4928378Z virtualenvs.in-project = null
2025-04-14T18:43:19.4928684Z virtualenvs.options.always-copy = false
2025-04-14T18:43:19.4929013Z virtualenvs.options.no-pip = false
2025-04-14T18:43:19.4929341Z virtualenvs.options.no-setuptools = false
2025-04-14T18:43:19.4929720Z virtualenvs.options.system-site-packages = false
2025-04-14T18:43:19.4930242Z virtualenvs.path = "{cache-dir}/virtualenvs"  # /home/runner/.cache/pypoetry/virtualenvs
2025-04-14T18:43:19.4930740Z virtualenvs.prefer-active-python = false
2025-04-14T18:43:19.4931147Z virtualenvs.prompt = "{project_name}-py{python_version}"
2025-04-14T18:43:19.4931517Z warnings.export = true
2025-04-14T18:43:19.5863206Z [command]/opt/pipx_bin/poetry config --list
2025-04-14T18:43:19.9518072Z cache-dir = "/home/runner/.cache/pypoetry"
2025-04-14T18:43:19.9518899Z experimental.system-git-client = false
2025-04-14T18:43:19.9519559Z installer.max-workers = null
2025-04-14T18:43:19.9541471Z installer.modern-installation = true
2025-04-14T18:43:19.9541998Z installer.no-binary = null
2025-04-14T18:43:19.9542415Z installer.parallel = true
2025-04-14T18:43:19.9542815Z keyring.enabled = true
2025-04-14T18:43:19.9543377Z repositories.nvidia-pypi.url = "https://pypi.nvidia.com"
2025-04-14T18:43:19.9543986Z solver.lazy-wheel = true
2025-04-14T18:43:19.9544370Z virtualenvs.create = true
2025-04-14T18:43:19.9544943Z virtualenvs.in-project = null
2025-04-14T18:43:19.9545326Z virtualenvs.options.always-copy = false
2025-04-14T18:43:19.9545630Z virtualenvs.options.no-pip = false
2025-04-14T18:43:19.9545933Z virtualenvs.options.no-setuptools = false
2025-04-14T18:43:19.9546287Z virtualenvs.options.system-site-packages = false
2025-04-14T18:43:19.9546748Z virtualenvs.path = "{cache-dir}/virtualenvs"  # /home/runner/.cache/pypoetry/virtualenvs
2025-04-14T18:43:19.9547171Z virtualenvs.prefer-active-python = false
2025-04-14T18:43:19.9547504Z virtualenvs.prompt = "{project_name}-py{python_version}"
2025-04-14T18:43:19.9547803Z warnings.export = true
2025-04-14T18:43:20.1754009Z [command]/opt/pipx_bin/poetry config --list
2025-04-14T18:43:20.5354068Z cache-dir = "/home/runner/.cache/pypoetry"
2025-04-14T18:43:20.5354941Z experimental.system-git-client = false
2025-04-14T18:43:20.5355390Z installer.max-workers = null
2025-04-14T18:43:20.5355770Z installer.modern-installation = true
2025-04-14T18:43:20.5356201Z installer.no-binary = null
2025-04-14T18:43:20.5356532Z installer.parallel = true
2025-04-14T18:43:20.5356864Z keyring.enabled = true
2025-04-14T18:43:20.5357216Z solver.lazy-wheel = true
2025-04-14T18:43:20.5357582Z virtualenvs.create = true
2025-04-14T18:43:20.5358465Z virtualenvs.in-project = null
2025-04-14T18:43:20.5358880Z virtualenvs.options.always-copy = false
2025-04-14T18:43:20.5359295Z virtualenvs.options.no-pip = false
2025-04-14T18:43:20.5359710Z virtualenvs.options.no-setuptools = false
2025-04-14T18:43:20.5360208Z virtualenvs.options.system-site-packages = false
2025-04-14T18:43:20.5360929Z virtualenvs.path = "{cache-dir}/virtualenvs"  # /home/runner/.cache/pypoetry/virtualenvs
2025-04-14T18:43:20.5361586Z virtualenvs.prefer-active-python = false
2025-04-14T18:43:20.5362089Z virtualenvs.prompt = "{project_name}-py{python_version}"
2025-04-14T18:43:20.5362537Z warnings.export = true
2025-04-14T18:43:20.6291093Z [command]/opt/pipx_bin/poetry config --list
2025-04-14T18:43:20.9925785Z cache-dir = "/home/runner/.cache/pypoetry"
2025-04-14T18:43:20.9926360Z experimental.system-git-client = false
2025-04-14T18:43:20.9926882Z installer.max-workers = null
2025-04-14T18:43:20.9927377Z installer.modern-installation = true
2025-04-14T18:43:20.9928174Z installer.no-binary = null
2025-04-14T18:43:20.9928452Z installer.parallel = true
2025-04-14T18:43:20.9928725Z keyring.enabled = true
2025-04-14T18:43:20.9928975Z solver.lazy-wheel = true
2025-04-14T18:43:20.9929222Z virtualenvs.create = true
2025-04-14T18:43:20.9929486Z virtualenvs.in-project = null
2025-04-14T18:43:20.9929792Z virtualenvs.options.always-copy = false
2025-04-14T18:43:20.9930125Z virtualenvs.options.no-pip = false
2025-04-14T18:43:20.9930452Z virtualenvs.options.no-setuptools = false
2025-04-14T18:43:20.9930823Z virtualenvs.options.system-site-packages = false
2025-04-14T18:43:20.9931345Z virtualenvs.path = "{cache-dir}/virtualenvs"  # /home/runner/.cache/pypoetry/virtualenvs
2025-04-14T18:43:20.9931841Z virtualenvs.prefer-active-python = false
2025-04-14T18:43:20.9932230Z virtualenvs.prompt = "{project_name}-py{python_version}"
2025-04-14T18:43:20.9932587Z warnings.export = true
2025-04-14T18:43:21.7539903Z [command]/opt/pipx_bin/poetry config --list
2025-04-14T18:43:22.1098030Z cache-dir = "/home/runner/.cache/pypoetry"
2025-04-14T18:43:22.1098920Z experimental.system-git-client = false
2025-04-14T18:43:22.1099504Z installer.max-workers = null
2025-04-14T18:43:22.1099917Z installer.modern-installation = true
2025-04-14T18:43:22.1100333Z installer.no-binary = null
2025-04-14T18:43:22.1100687Z installer.parallel = true
2025-04-14T18:43:22.1101029Z keyring.enabled = true
2025-04-14T18:43:22.1101494Z repositories.nvidia-pypi.url = "https://pypi.nvidia.com"
2025-04-14T18:43:22.1102022Z solver.lazy-wheel = true
2025-04-14T18:43:22.1102365Z virtualenvs.create = true
2025-04-14T18:43:22.1102718Z virtualenvs.in-project = null
2025-04-14T18:43:22.1103126Z virtualenvs.options.always-copy = false
2025-04-14T18:43:22.1103575Z virtualenvs.options.no-pip = false
2025-04-14T18:43:22.1103957Z virtualenvs.options.no-setuptools = false
2025-04-14T18:43:22.1104367Z virtualenvs.options.system-site-packages = false
2025-04-14T18:43:22.1105182Z virtualenvs.path = "{cache-dir}/virtualenvs"  # /home/runner/.cache/pypoetry/virtualenvs
2025-04-14T18:43:22.1105643Z virtualenvs.prefer-active-python = false
2025-04-14T18:43:22.1105972Z virtualenvs.prompt = "{project_name}-py{python_version}"
2025-04-14T18:43:22.1106274Z warnings.export = true
2025-04-14T18:43:22.4097147Z Cache hit for: setup-python-Linux-x64-python-3.9.21-poetry-v2-ab366c9290617afb141e89a540d90d8a59aa81ddc3965c5893090cd6b7540404
2025-04-14T18:43:23.6717113Z Received 12766487 of 16960791 (75.3%), 12.2 MBs/sec
2025-04-14T18:43:23.7179772Z Received 16960791 of 16960791 (100.0%), 15.4 MBs/sec
2025-04-14T18:43:23.7180411Z Cache Size: ~16 MB (16960791 B)
2025-04-14T18:43:23.7208018Z [command]/usr/bin/tar -xf /home/runner/work/_temp/b9504f7c-4ec6-4b55-9cd0-731be0064175/cache.tzst -P -C /home/runner/work/llama_index/llama_index --use-compress-program unzstd
2025-04-14T18:43:23.9783625Z Cache restored successfully
2025-04-14T18:43:23.9851270Z [command]/opt/pipx_bin/poetry env use /opt/hostedtoolcache/Python/3.9.21/x64/bin/python
2025-04-14T18:43:24.4398222Z 
2025-04-14T18:43:24.4399396Z The specified Python version (3.9.21) is not supported by the project (^3.11).
2025-04-14T18:43:24.4400157Z Please choose a compatible version or loosen the python constraint specified in the pyproject.toml file.
2025-04-14T18:43:24.4810625Z [warning]
2025-04-14T18:43:24.4811252Z The specified Python version (3.9.21) is not supported by the project (^3.11).
2025-04-14T18:43:24.4812229Z Please choose a compatible version or loosen the python constraint specified in the pyproject.toml file.
2025-04-14T18:43:24.4812864Z 
2025-04-14T18:43:24.4826456Z [command]/opt/pipx_bin/poetry env use /opt/hostedtoolcache/Python/3.9.21/x64/bin/python
2025-04-14T18:43:24.8923807Z Using virtualenv: /home/runner/.cache/pypoetry/virtualenvs/llama-index-core-RN9Tl8Fa-py3.9
2025-04-14T18:43:24.9337810Z [command]/opt/pipx_bin/poetry env use /opt/hostedtoolcache/Python/3.9.21/x64/bin/python
2025-04-14T18:43:25.3284478Z Using virtualenv: /home/runner/.cache/pypoetry/virtualenvs/llama-index-llms-contextual-BToxwBar-py3.9
2025-04-14T18:43:25.3686902Z [command]/opt/pipx_bin/poetry env use /opt/hostedtoolcache/Python/3.9.21/x64/bin/python
2025-04-14T18:43:25.7599032Z Using virtualenv: /home/runner/.cache/pypoetry/virtualenvs/llama-index-llms-nvidia-np2AAyTD-py3.9
2025-04-14T18:43:25.7972117Z [command]/opt/pipx_bin/poetry env use /opt/hostedtoolcache/Python/3.9.21/x64/bin/python
2025-04-14T18:43:26.1930174Z Using virtualenv: /home/runner/.cache/pypoetry/virtualenvs/llama-index-MknZL8ZV-py3.9
2025-04-14T18:43:26.2304292Z Cache restored from key: setup-python-Linux-x64-python-3.9.21-poetry-v2-ab366c9290617afb141e89a540d90d8a59aa81ddc3965c5893090cd6b7540404
2025-04-14T18:43:26.2454030Z ##[group]Run poetry run pip install pre-commit
2025-04-14T18:43:26.2454425Z [36;1mpoetry run pip install pre-commit[0m
2025-04-14T18:43:26.2507928Z shell: /usr/bin/bash --noprofile --norc -e -o pipefail {0}
2025-04-14T18:43:26.2508255Z env:
2025-04-14T18:43:26.2508440Z   POETRY_VERSION: 1.8.3
2025-04-14T18:43:26.2508751Z   pythonLocation: /opt/hostedtoolcache/Python/3.9.21/x64
2025-04-14T18:43:26.2509176Z   PKG_CONFIG_PATH: /opt/hostedtoolcache/Python/3.9.21/x64/lib/pkgconfig
2025-04-14T18:43:26.2509585Z   Python_ROOT_DIR: /opt/hostedtoolcache/Python/3.9.21/x64
2025-04-14T18:43:26.2509949Z   Python2_ROOT_DIR: /opt/hostedtoolcache/Python/3.9.21/x64
2025-04-14T18:43:26.2510322Z   Python3_ROOT_DIR: /opt/hostedtoolcache/Python/3.9.21/x64
2025-04-14T18:43:26.2510678Z   LD_LIBRARY_PATH: /opt/hostedtoolcache/Python/3.9.21/x64/lib
2025-04-14T18:43:26.2510982Z ##[endgroup]
2025-04-14T18:43:27.0556941Z Requirement already satisfied: pre-commit in /home/runner/.cache/pypoetry/virtualenvs/llama-index-MknZL8ZV-py3.9/lib/python3.9/site-packages (4.2.0)
2025-04-14T18:43:27.0577049Z Requirement already satisfied: cfgv>=2.0.0 in /home/runner/.cache/pypoetry/virtualenvs/llama-index-MknZL8ZV-py3.9/lib/python3.9/site-packages (from pre-commit) (3.4.0)
2025-04-14T18:43:27.0581966Z Requirement already satisfied: identify>=1.0.0 in /home/runner/.cache/pypoetry/virtualenvs/llama-index-MknZL8ZV-py3.9/lib/python3.9/site-packages (from pre-commit) (2.6.9)
2025-04-14T18:43:27.0586871Z Requirement already satisfied: nodeenv>=0.11.1 in /home/runner/.cache/pypoetry/virtualenvs/llama-index-MknZL8ZV-py3.9/lib/python3.9/site-packages (from pre-commit) (1.9.1)
2025-04-14T18:43:27.0591523Z Requirement already satisfied: pyyaml>=5.1 in /home/runner/.cache/pypoetry/virtualenvs/llama-index-MknZL8ZV-py3.9/lib/python3.9/site-packages (from pre-commit) (6.0.2)
2025-04-14T18:43:27.0596425Z Requirement already satisfied: virtualenv>=20.10.0 in /home/runner/.cache/pypoetry/virtualenvs/llama-index-MknZL8ZV-py3.9/lib/python3.9/site-packages (from pre-commit) (20.30.0)
2025-04-14T18:43:27.0734107Z Requirement already satisfied: distlib<1,>=0.3.7 in /home/runner/.cache/pypoetry/virtualenvs/llama-index-MknZL8ZV-py3.9/lib/python3.9/site-packages (from virtualenv>=20.10.0->pre-commit) (0.3.9)
2025-04-14T18:43:27.0742002Z Requirement already satisfied: filelock<4,>=3.12.2 in /home/runner/.cache/pypoetry/virtualenvs/llama-index-MknZL8ZV-py3.9/lib/python3.9/site-packages (from virtualenv>=20.10.0->pre-commit) (3.18.0)
2025-04-14T18:43:27.0750329Z Requirement already satisfied: platformdirs<5,>=3.9.1 in /home/runner/.cache/pypoetry/virtualenvs/llama-index-MknZL8ZV-py3.9/lib/python3.9/site-packages (from virtualenv>=20.10.0->pre-commit) (4.3.7)
2025-04-14T18:43:27.2410312Z ##[group]Run poetry run make lint
2025-04-14T18:43:27.2410643Z [36;1mpoetry run make lint[0m
2025-04-14T18:43:27.2458503Z shell: /usr/bin/bash --noprofile --norc -e -o pipefail {0}
2025-04-14T18:43:27.2458830Z env:
2025-04-14T18:43:27.2459023Z   POETRY_VERSION: 1.8.3
2025-04-14T18:43:27.2459315Z   pythonLocation: /opt/hostedtoolcache/Python/3.9.21/x64
2025-04-14T18:43:27.2459730Z   PKG_CONFIG_PATH: /opt/hostedtoolcache/Python/3.9.21/x64/lib/pkgconfig
2025-04-14T18:43:27.2460137Z   Python_ROOT_DIR: /opt/hostedtoolcache/Python/3.9.21/x64
2025-04-14T18:43:27.2460501Z   Python2_ROOT_DIR: /opt/hostedtoolcache/Python/3.9.21/x64
2025-04-14T18:43:27.2461062Z   Python3_ROOT_DIR: /opt/hostedtoolcache/Python/3.9.21/x64
2025-04-14T18:43:27.2461420Z   LD_LIBRARY_PATH: /opt/hostedtoolcache/Python/3.9.21/x64/lib
2025-04-14T18:43:27.2461718Z ##[endgroup]
2025-04-14T18:43:27.6750225Z pre-commit install && git ls-files | xargs pre-commit run --show-diff-on-failure --files
2025-04-14T18:43:27.8390339Z pre-commit installed at .git/hooks/pre-commit
2025-04-14T18:43:28.0332919Z [INFO] Initializing environment for https://github.com/pre-commit/pre-commit-hooks.
2025-04-14T18:43:28.5762672Z [WARNING] repo `https://github.com/pre-commit/pre-commit-hooks` uses deprecated stage names (commit, push) which will be removed in a future version.  Hint: often `pre-commit autoupdate --repo https://github.com/pre-commit/pre-commit-hooks` will fix this.  if it does not -- consider reporting an issue to that repo.
2025-04-14T18:43:28.5813693Z [INFO] Initializing environment for https://github.com/charliermarsh/ruff-pre-commit.
2025-04-14T18:43:29.0612389Z [INFO] Initializing environment for https://github.com/psf/black-pre-commit-mirror.
2025-04-14T18:43:29.5067409Z [INFO] Initializing environment for https://github.com/psf/black-pre-commit-mirror:.[jupyter].
2025-04-14T18:43:29.9507458Z [INFO] Initializing environment for https://github.com/pre-commit/mirrors-mypy.
2025-04-14T18:43:30.3876252Z [INFO] Initializing environment for https://github.com/pre-commit/mirrors-mypy:types-requests,types-Deprecated,types-redis,types-setuptools,types-PyYAML,types-protobuf==4.24.0.4.
2025-04-14T18:43:30.7942849Z [INFO] Initializing environment for https://github.com/adamchainz/blacken-docs.
2025-04-14T18:43:31.2858560Z [INFO] Initializing environment for https://github.com/adamchainz/blacken-docs:black==23.10.1.
2025-04-14T18:43:31.7606089Z [INFO] Initializing environment for https://github.com/pre-commit/mirrors-prettier.
2025-04-14T18:43:32.2121622Z [INFO] Initializing environment for https://github.com/pre-commit/mirrors-prettier:prettier@3.0.3.
2025-04-14T18:43:32.6558528Z [INFO] Initializing environment for https://github.com/codespell-project/codespell.
2025-04-14T18:43:33.3087745Z [INFO] Initializing environment for https://github.com/codespell-project/codespell:tomli.
2025-04-14T18:43:33.9080673Z [INFO] Initializing environment for https://github.com/srstevenson/nb-clean.
2025-04-14T18:43:34.4329902Z [INFO] Initializing environment for https://github.com/pappasam/toml-sort.
2025-04-14T18:43:34.9827333Z [INFO] Installing environment for https://github.com/pre-commit/pre-commit-hooks.
2025-04-14T18:43:34.9827909Z [INFO] Once installed this environment will be reused.
2025-04-14T18:43:34.9828269Z [INFO] This may take a few minutes...
2025-04-14T18:43:38.5069223Z [INFO] Installing environment for https://github.com/charliermarsh/ruff-pre-commit.
2025-04-14T18:43:38.5070265Z [INFO] Once installed this environment will be reused.
2025-04-14T18:43:38.5070911Z [INFO] This may take a few minutes...
2025-04-14T18:43:42.5491239Z [INFO] Installing environment for https://github.com/psf/black-pre-commit-mirror.
2025-04-14T18:43:42.5491808Z [INFO] Once installed this environment will be reused.
2025-04-14T18:43:42.5492126Z [INFO] This may take a few minutes...
2025-04-14T18:43:49.7085984Z [INFO] Installing environment for https://github.com/pre-commit/mirrors-mypy.
2025-04-14T18:43:49.7086920Z [INFO] Once installed this environment will be reused.
2025-04-14T18:43:49.7087295Z [INFO] This may take a few minutes...
2025-04-14T18:43:54.5829783Z [INFO] Installing environment for https://github.com/adamchainz/blacken-docs.
2025-04-14T18:43:54.5830275Z [INFO] Once installed this environment will be reused.
2025-04-14T18:43:54.5830585Z [INFO] This may take a few minutes...
2025-04-14T18:43:58.2923594Z [INFO] Installing environment for https://github.com/pre-commit/mirrors-prettier.
2025-04-14T18:43:58.2924465Z [INFO] Once installed this environment will be reused.
2025-04-14T18:43:58.2925261Z [INFO] This may take a few minutes...
2025-04-14T18:44:00.0739560Z [INFO] Installing environment for https://github.com/codespell-project/codespell.
2025-04-14T18:44:00.0740797Z [INFO] Once installed this environment will be reused.
2025-04-14T18:44:00.0741345Z [INFO] This may take a few minutes...
2025-04-14T18:44:04.0883785Z [INFO] Installing environment for https://github.com/srstevenson/nb-clean.
2025-04-14T18:44:04.0884892Z [INFO] Once installed this environment will be reused.
2025-04-14T18:44:04.0885502Z [INFO] This may take a few minutes...
2025-04-14T18:44:07.8345659Z [INFO] Installing environment for https://github.com/pappasam/toml-sort.
2025-04-14T18:44:07.8346165Z [INFO] Once installed this environment will be reused.
2025-04-14T18:44:07.8346485Z [INFO] This may take a few minutes...
2025-04-14T18:44:10.7912899Z check BOM - deprecated: use fix-byte-order-marker........................Passed
2025-04-14T18:44:11.0217790Z check for merge conflicts................................................Passed
2025-04-14T18:44:11.0247577Z check for broken symlinks............................(no files to check)Skipped
2025-04-14T18:44:11.3028393Z check toml...............................................................Passed
2025-04-14T18:44:11.5870450Z check yaml...............................................................Passed
2025-04-14T18:44:11.9445107Z detect private key.......................................................Passed
2025-04-14T18:44:12.1832881Z fix end of files.........................................................Passed
2025-04-14T18:44:12.7086777Z mixed line ending........................................................Passed
2025-04-14T18:44:13.2630919Z trim trailing whitespace.................................................Passed
2025-04-14T18:44:13.5403031Z ruff.....................................................................Passed
2025-04-14T18:44:17.4579887Z black-src................................................................Passed
2025-04-14T18:44:17.6248238Z mypy.....................................................................Passed
2025-04-14T18:44:32.5490138Z black-docs-py............................................................Passed
2025-04-14T18:44:33.5344870Z black-docs-text..........................................................Passed
2025-04-14T18:44:37.3120092Z prettier.................................................................Passed
2025-04-14T18:44:37.9211703Z codespell................................................................Passed
2025-04-14T18:44:40.5535379Z nb-clean.................................................................Passed
2025-04-14T18:44:40.7302397Z toml-sort-fix............................................................Passed
2025-04-14T18:44:41.1197124Z check BOM - deprecated: use fix-byte-order-marker........................Passed
2025-04-14T18:44:41.2031384Z check for merge conflicts................................................Passed
2025-04-14T18:44:41.2052493Z check for broken symlinks............................(no files to check)Skipped
2025-04-14T18:44:41.3576127Z check toml...............................................................Passed
2025-04-14T18:44:41.4249833Z check yaml...............................................................Passed
2025-04-14T18:44:41.5115602Z detect private key.......................................................Passed
2025-04-14T18:44:41.5965193Z fix end of files.........................................................Passed
2025-04-14T18:44:41.7026993Z mixed line ending........................................................Passed
2025-04-14T18:44:41.8113799Z trim trailing whitespace.................................................Passed
2025-04-14T18:44:41.9962498Z ruff.....................................................................Passed
2025-04-14T18:44:46.9864450Z black-src................................................................Passed
2025-04-14T18:44:47.0097051Z mypy.....................................................................Passed
2025-04-14T18:44:47.0108036Z black-docs-py........................................(no files to check)Skipped
2025-04-14T18:44:47.2773898Z black-docs-text..........................................................Passed
2025-04-14T18:44:49.8712428Z prettier.................................................................Passed
2025-04-14T18:44:50.3210994Z codespell................................................................Passed
2025-04-14T18:44:50.5590034Z nb-clean.................................................................Passed
2025-04-14T18:44:51.3463508Z toml-sort-fix............................................................Passed
2025-04-14T18:44:51.7398250Z check BOM - deprecated: use fix-byte-order-marker........................Passed
2025-04-14T18:44:51.8242637Z check for merge conflicts................................................Passed
2025-04-14T18:44:51.8263656Z check for broken symlinks............................(no files to check)Skipped
2025-04-14T18:44:52.0109913Z check toml...............................................................Passed
2025-04-14T18:44:52.0900119Z check yaml...............................................................Passed
2025-04-14T18:44:52.1804853Z detect private key.......................................................Passed
2025-04-14T18:44:52.2648204Z fix end of files.........................................................Passed
2025-04-14T18:44:52.3767530Z mixed line ending........................................................Passed
2025-04-14T18:44:52.4905829Z trim trailing whitespace.................................................Passed
2025-04-14T18:44:52.6692581Z ruff.....................................................................Passed
2025-04-14T18:44:57.7642560Z black-src................................................................Failed
2025-04-14T18:44:57.7642996Z - hook id: black-jupyter
2025-04-14T18:44:57.7643253Z - files were modified by this hook
2025-04-14T18:44:57.7643429Z 
2025-04-14T18:44:57.7643741Z reformatted llama-index-integrations/llms/llama-index-llms-openai/llama_index/llms/openai/utils.py
2025-04-14T18:44:57.7644149Z 
2025-04-14T18:44:57.7644444Z All done! ✨ 🍰 ✨
2025-04-14T18:44:57.7645135Z 1 file reformatted, 626 files left unchanged.
2025-04-14T18:44:57.7645341Z 
2025-04-14T18:44:57.7894967Z mypy.....................................................................Passed
2025-04-14T18:44:57.7906087Z black-docs-py........................................(no files to check)Skipped
2025-04-14T18:44:58.2476766Z black-docs-text..........................................................Passed
2025-04-14T18:45:01.3940926Z prettier.................................................................Passed
2025-04-14T18:45:01.9081779Z codespell................................................................Passed
2025-04-14T18:45:02.1836232Z nb-clean.................................................................Passed
2025-04-14T18:45:03.1172944Z toml-sort-fix............................................................Passed
2025-04-14T18:45:03.1173995Z All changes made by hooks:
2025-04-14T18:45:03.1332500Z diff --git a/llama-index-integrations/llms/llama-index-llms-openai/llama_index/llms/openai/utils.py b/llama-index-integrations/llms/llama-index-llms-openai/llama_index/llms/openai/utils.py
2025-04-14T18:45:03.1333946Z index 0791abc..ed455b0 100644
2025-04-14T18:45:03.1334821Z --- a/llama-index-integrations/llms/llama-index-llms-openai/llama_index/llms/openai/utils.py
2025-04-14T18:45:03.1335927Z +++ b/llama-index-integrations/llms/llama-index-llms-openai/llama_index/llms/openai/utils.py
2025-04-14T18:45:03.1336438Z @@ -94,11 +94,11 @@ GPT4_MODELS: Dict[str, int] = {
2025-04-14T18:45:03.1336724Z      "gpt-4-32k-0314": 32768,
2025-04-14T18:45:03.1336949Z      # GPT 4.1 Models
2025-04-14T18:45:03.1337148Z      "gpt-4.1": 1000000,
2025-04-14T18:45:03.1337356Z -    "gpt-4.1-mini":1000000,
2025-04-14T18:45:03.1337575Z -    "gpt-4.1-nano":1000000,
2025-04-14T18:45:03.1337784Z +    "gpt-4.1-mini": 1000000,
2025-04-14T18:45:03.1337996Z +    "gpt-4.1-nano": 1000000,
2025-04-14T18:45:03.1338212Z      "gpt-4.1-2025-04-14": 1000000,
2025-04-14T18:45:03.1338625Z -    "gpt-4.1-mini-2025-04-14":1000000,
2025-04-14T18:45:03.1338884Z -    "gpt-4.1-nano-2025-04-14":1000000,
2025-04-14T18:45:03.1339134Z +    "gpt-4.1-mini-2025-04-14": 1000000,
2025-04-14T18:45:03.1339383Z +    "gpt-4.1-nano-2025-04-14": 1000000,
2025-04-14T18:45:03.1339611Z  }
2025-04-14T18:45:03.1339767Z  
2025-04-14T18:45:03.1339952Z  AZURE_TURBO_MODELS: Dict[str, int] = {
2025-04-14T18:45:03.5176282Z check BOM - deprecated: use fix-byte-order-marker........................Passed
2025-04-14T18:45:03.6023189Z check for merge conflicts................................................Passed
2025-04-14T18:45:03.6043409Z check for broken symlinks............................(no files to check)Skipped
2025-04-14T18:45:03.7066379Z check toml...............................................................Passed
2025-04-14T18:45:03.7077621Z check yaml...........................................(no files to check)Skipped
2025-04-14T18:45:03.7921594Z detect private key.......................................................Passed
2025-04-14T18:45:03.8771885Z fix end of files.........................................................Passed
2025-04-14T18:45:03.9720133Z mixed line ending........................................................Passed
2025-04-14T18:45:04.0690747Z trim trailing whitespace.................................................Passed
2025-04-14T18:45:04.1941005Z ruff.....................................................................Passed
2025-04-14T18:45:06.6017614Z black-src................................................................Passed
2025-04-14T18:45:06.6259027Z mypy.....................................................................Passed
2025-04-14T18:45:06.6270107Z black-docs-py........................................(no files to check)Skipped
2025-04-14T18:45:06.9839090Z black-docs-text..........................................................Passed
2025-04-14T18:45:09.8397027Z prettier.................................................................Passed
2025-04-14T18:45:10.2033421Z codespell................................................................Passed
2025-04-14T18:45:10.5300741Z nb-clean.................................................................Passed
2025-04-14T18:45:11.3608009Z toml-sort-fix............................................................Passed
2025-04-14T18:45:11.7532304Z check BOM - deprecated: use fix-byte-order-marker........................Passed
2025-04-14T18:45:11.8381120Z check for merge conflicts................................................Passed
2025-04-14T18:45:11.8401307Z check for broken symlinks............................(no files to check)Skipped
2025-04-14T18:45:11.9449197Z check toml...............................................................Passed
2025-04-14T18:45:11.9460885Z check yaml...........................................(no files to check)Skipped
2025-04-14T18:45:12.0322779Z detect private key.......................................................Passed
2025-04-14T18:45:12.1179493Z fix end of files.........................................................Passed
2025-04-14T18:45:12.2134297Z mixed line ending........................................................Passed
2025-04-14T18:45:12.3102934Z trim trailing whitespace.................................................Passed
2025-04-14T18:45:12.4290229Z ruff.....................................................................Passed
2025-04-14T18:45:14.3317830Z black-src................................................................Passed
2025-04-14T18:45:14.3566727Z mypy.....................................................................Passed
2025-04-14T18:45:14.3577645Z black-docs-py........................................(no files to check)Skipped
2025-04-14T18:45:14.7358830Z black-docs-text..........................................................Passed
2025-04-14T18:45:17.9792112Z prettier.................................................................Passed
2025-04-14T18:45:18.4533902Z codespell................................................................Passed
2025-04-14T18:45:18.8141848Z nb-clean.................................................................Passed
2025-04-14T18:45:19.8670443Z toml-sort-fix............................................................Passed
2025-04-14T18:45:20.2823441Z check BOM - deprecated: use fix-byte-order-marker........................Passed
2025-04-14T18:45:20.3886028Z check for merge conflicts................................................Passed
2025-04-14T18:45:20.3919408Z check for broken symlinks............................(no files to check)Skipped
2025-04-14T18:45:20.5276119Z check toml...............................................................Passed
2025-04-14T18:45:20.6002758Z check yaml...............................................................Passed
2025-04-14T18:45:20.7198868Z detect private key.......................................................Passed
2025-04-14T18:45:20.8306828Z fix end of files.........................................................Passed
2025-04-14T18:45:20.9617000Z mixed line ending........................................................Passed
2025-04-14T18:45:21.0658001Z trim trailing whitespace.................................................Passed
2025-04-14T18:45:21.1878710Z ruff.....................................................................Passed
2025-04-14T18:45:23.8969912Z black-src................................................................Passed
2025-04-14T18:45:23.9222927Z mypy.....................................................................Passed
2025-04-14T18:45:23.9233940Z black-docs-py........................................(no files to check)Skipped
2025-04-14T18:45:24.2266841Z black-docs-text..........................................................Passed
2025-04-14T18:45:26.8362400Z prettier.................................................................Passed
2025-04-14T18:45:27.1937620Z codespell................................................................Passed
2025-04-14T18:45:27.6727609Z nb-clean.................................................................Passed
2025-04-14T18:45:28.5178762Z toml-sort-fix............................................................Passed
2025-04-14T18:45:28.9069013Z check BOM - deprecated: use fix-byte-order-marker........................Passed
2025-04-14T18:45:28.9911941Z check for merge conflicts................................................Passed
2025-04-14T18:45:28.9932375Z check for broken symlinks............................(no files to check)Skipped
2025-04-14T18:45:29.0940053Z check toml...............................................................Passed
2025-04-14T18:45:29.1706996Z check yaml...............................................................Passed
2025-04-14T18:45:29.2617341Z detect private key.......................................................Passed
2025-04-14T18:45:29.3476888Z fix end of files.........................................................Passed
2025-04-14T18:45:29.4537864Z mixed line ending........................................................Passed
2025-04-14T18:45:29.5657848Z trim trailing whitespace.................................................Passed
2025-04-14T18:45:29.7033386Z ruff.....................................................................Passed
2025-04-14T18:45:33.4988001Z black-src................................................................Passed
2025-04-14T18:45:33.5233024Z mypy.....................................................................Passed
2025-04-14T18:45:33.5243818Z black-docs-py........................................(no files to check)Skipped
2025-04-14T18:45:33.8436919Z black-docs-text..........................................................Passed
2025-04-14T18:45:36.6909721Z prettier.................................................................Passed
2025-04-14T18:45:37.0737098Z codespell................................................................Passed
2025-04-14T18:45:37.6226363Z nb-clean.................................................................Passed
2025-04-14T18:45:38.4157934Z toml-sort-fix............................................................Passed
2025-04-14T18:45:38.7547839Z check BOM - deprecated: use fix-byte-order-marker........................Passed
2025-04-14T18:45:38.8341892Z check for merge conflicts................................................Passed
2025-04-14T18:45:38.8347710Z check for broken symlinks............................(no files to check)Skipped
2025-04-14T18:45:38.9964302Z check toml...............................................................Passed
2025-04-14T18:45:38.9968511Z check yaml...........................................(no files to check)Skipped
2025-04-14T18:45:39.0757392Z detect private key.......................................................Passed
2025-04-14T18:45:39.1494459Z fix end of files.........................................................Passed
2025-04-14T18:45:39.2307725Z mixed line ending........................................................Passed
2025-04-14T18:45:39.3118938Z trim trailing whitespace.................................................Passed
2025-04-14T18:45:39.3629664Z ruff.....................................................................Passed
2025-04-14T18:45:40.5210767Z black-src................................................................Passed
2025-04-14T18:45:40.5438815Z mypy.....................................................................Passed
2025-04-14T18:45:40.5442655Z black-docs-py........................................(no files to check)Skipped
2025-04-14T18:45:40.8028645Z black-docs-text..........................................................Passed
2025-04-14T18:45:41.9134032Z prettier.................................................................Passed
2025-04-14T18:45:42.1779851Z codespell................................................................Passed
2025-04-14T18:45:42.5967392Z nb-clean.................................................................Passed
2025-04-14T18:45:42.9989608Z toml-sort-fix............................................................Passed
2025-04-14T18:45:43.0163637Z make: *** [Makefile:11: lint] Error 123
2025-04-14T18:45:43.0180203Z ##[error]Process completed with exit code 2.
2025-04-14T18:45:43.0277819Z Post job cleanup.
2025-04-14T18:45:43.1215095Z [command]/usr/bin/git version
2025-04-14T18:45:43.1252169Z git version 2.49.0
2025-04-14T18:45:43.1301478Z Temporarily overriding HOME='/home/runner/work/_temp/3ea5b084-ef8f-470b-967c-5552ee39cedf' before making global git config changes
2025-04-14T18:45:43.1302751Z Adding repository directory to the temporary git global config as a safe directory
2025-04-14T18:45:43.1306944Z [command]/usr/bin/git config --global --add safe.directory /home/runner/work/llama_index/llama_index
2025-04-14T18:45:43.1341680Z [command]/usr/bin/git config --local --name-only --get-regexp core\.sshCommand
2025-04-14T18:45:43.1373932Z [command]/usr/bin/git submodule foreach --recursive sh -c "git config --local --name-only --get-regexp 'core\.sshCommand' && git config --local --unset-all 'core.sshCommand' || :"
2025-04-14T18:45:43.1624379Z [command]/usr/bin/git config --local --name-only --get-regexp http\.https\:\/\/github\.com\/\.extraheader
2025-04-14T18:45:43.1647763Z http.https://github.com/.extraheader
2025-04-14T18:45:43.1660030Z [command]/usr/bin/git config --local --unset-all http.https://github.com/.extraheader
2025-04-14T18:45:43.1691405Z [command]/usr/bin/git submodule foreach --recursive sh -c "git config --local --name-only --get-regexp 'http\.https\:\/\/github\.com\/\.extraheader' && git config --local --unset-all 'http.https://github.com/.extraheader' || :"
2025-04-14T18:45:43.2048367Z Cleaning up orphan processes
