2025-04-11T03:05:35.6731424Z Requested labels: ubuntu-latest
2025-04-11T03:05:35.6731782Z Job defined at: square/okhttp/.github/workflows/build.yml@refs/pull/8737/merge
2025-04-11T03:05:35.6731954Z Waiting for a runner to pick up this job...
2025-04-11T03:05:37.0434167Z Job is waiting for a hosted runner to come online.
2025-04-11T03:05:39.3695893Z Job is about to start running on the hosted runner: GitHub Actions 131 (hosted)
2025-04-11T03:05:41.6858147Z Current runner version: '2.323.0'
2025-04-11T03:05:41.6885105Z ##[group]Operating System
2025-04-11T03:05:41.6885921Z Ubuntu
2025-04-11T03:05:41.6886438Z 24.04.2
2025-04-11T03:05:41.6886984Z LTS
2025-04-11T03:05:41.6887463Z ##[endgroup]
2025-04-11T03:05:41.6887965Z ##[group]Runner Image
2025-04-11T03:05:41.6888594Z Image: ubuntu-24.04
2025-04-11T03:05:41.6889135Z Version: 20250406.1.0
2025-04-11T03:05:41.6890162Z Included Software: https://github.com/actions/runner-images/blob/ubuntu24/20250406.1/images/ubuntu/Ubuntu2404-Readme.md
2025-04-11T03:05:41.6891794Z Image Release: https://github.com/actions/runner-images/releases/tag/ubuntu24%2F20250406.1
2025-04-11T03:05:41.6892736Z ##[endgroup]
2025-04-11T03:05:41.6893217Z ##[group]Runner Image Provisioner
2025-04-11T03:05:41.6893891Z 2.0.422.1
2025-04-11T03:05:41.6894390Z ##[endgroup]
2025-04-11T03:05:41.6895443Z ##[group]GITHUB_TOKEN Permissions
2025-04-11T03:05:41.6897364Z Checks: write
2025-04-11T03:05:41.6897927Z Metadata: read
2025-04-11T03:05:41.6898752Z ##[endgroup]
2025-04-11T03:05:41.6902092Z Secret source: Actions
2025-04-11T03:05:41.6902887Z Prepare workflow directory
2025-04-11T03:05:41.7369480Z Prepare all required actions
2025-04-11T03:05:41.7406211Z Getting action download info
2025-04-11T03:05:41.9929503Z ##[group]Download immutable action package 'actions/checkout@v4'
2025-04-11T03:05:41.9930771Z Version: 4.2.2
2025-04-11T03:05:41.9931781Z Digest: sha256:ccb2698953eaebd21c7bf6268a94f9c26518a7e38e27e0b83c1fe1ad049819b1
2025-04-11T03:05:41.9932817Z Source commit SHA: 11bd71901bbe5b1630ceea73d27597364c9af683
2025-04-11T03:05:41.9933443Z ##[endgroup]
2025-04-11T03:05:42.0841938Z ##[group]Download immutable action package 'actions/setup-java@v4'
2025-04-11T03:05:42.0842643Z Version: 4.7.1
2025-04-11T03:05:42.0843268Z Digest: sha256:23223d64943473efb4336f60463c0429cd4f422cd5fc6c48a5cf0d5907c1aeac
2025-04-11T03:05:42.0844131Z Source commit SHA: c5195efecf7bdfc987ee8bae7a71cb8b11521c00
2025-04-11T03:05:42.0844738Z ##[endgroup]
2025-04-11T03:05:42.4730916Z Download action repository 'graalvm/setup-graalvm@v1' (SHA:01ed653ac833fe80569f1ef9f25585ba2811baab)
2025-04-11T03:05:43.0198562Z Download action repository 'gradle/actions@v4' (SHA:06832c7b30a0129d7fb559bcc6e43d26f6374244)
2025-04-11T03:05:44.2567236Z Complete job name: checkjdk11
2025-04-11T03:05:44.3236834Z ##[group]Run actions/checkout@v4
2025-04-11T03:05:44.3237474Z with:
2025-04-11T03:05:44.3237711Z   fetch-depth: 0
2025-04-11T03:05:44.3237961Z   repository: square/okhttp
2025-04-11T03:05:44.3238388Z   token: ***
2025-04-11T03:05:44.3238617Z   ssh-strict: true
2025-04-11T03:05:44.3238847Z   ssh-user: git
2025-04-11T03:05:44.3239083Z   persist-credentials: true
2025-04-11T03:05:44.3239342Z   clean: true
2025-04-11T03:05:44.3239578Z   sparse-checkout-cone-mode: true
2025-04-11T03:05:44.3239855Z   fetch-tags: false
2025-04-11T03:05:44.3240095Z   show-progress: true
2025-04-11T03:05:44.3240338Z   lfs: false
2025-04-11T03:05:44.3240730Z   submodules: false
2025-04-11T03:05:44.3240962Z   set-safe-directory: true
2025-04-11T03:05:44.3241473Z env:
2025-04-11T03:05:44.3241964Z   GRADLE_OPTS: -Dorg.gradle.jvmargs=-Xmx4g -Dorg.gradle.daemon=false -Dkotlin.incremental=false
2025-04-11T03:05:44.3242439Z ##[endgroup]
2025-04-11T03:05:44.5032329Z Syncing repository: square/okhttp
2025-04-11T03:05:44.5033759Z ##[group]Getting Git version info
2025-04-11T03:05:44.5034190Z Working directory is '/home/runner/work/okhttp/okhttp'
2025-04-11T03:05:44.5034770Z [command]/usr/bin/git version
2025-04-11T03:05:44.5098206Z git version 2.49.0
2025-04-11T03:05:44.5125425Z ##[endgroup]
2025-04-11T03:05:44.5139139Z Temporarily overriding HOME='/home/runner/work/_temp/7449252c-2653-44b8-92b9-36099deb92b6' before making global git config changes
2025-04-11T03:05:44.5140037Z Adding repository directory to the temporary git global config as a safe directory
2025-04-11T03:05:44.5144469Z [command]/usr/bin/git config --global --add safe.directory /home/runner/work/okhttp/okhttp
2025-04-11T03:05:44.5176828Z Deleting the contents of '/home/runner/work/okhttp/okhttp'
2025-04-11T03:05:44.5180826Z ##[group]Initializing the repository
2025-04-11T03:05:44.5184815Z [command]/usr/bin/git init /home/runner/work/okhttp/okhttp
2025-04-11T03:05:44.5252891Z hint: Using 'master' as the name for the initial branch. This default branch name
2025-04-11T03:05:44.5253630Z hint: is subject to change. To configure the initial branch name to use in all
2025-04-11T03:05:44.5254168Z hint: of your new repositories, which will suppress this warning, call:
2025-04-11T03:05:44.5254560Z hint:
2025-04-11T03:05:44.5255081Z hint: 	git config --global init.defaultBranch <name>
2025-04-11T03:05:44.5255642Z hint:
2025-04-11T03:05:44.5255968Z hint: Names commonly chosen instead of 'master' are 'main', 'trunk' and
2025-04-11T03:05:44.5256472Z hint: 'development'. The just-created branch can be renamed via this command:
2025-04-11T03:05:44.5256892Z hint:
2025-04-11T03:05:44.5257118Z hint: 	git branch -m <name>
2025-04-11T03:05:44.5258310Z Initialized empty Git repository in /home/runner/work/okhttp/okhttp/.git/
2025-04-11T03:05:44.5269157Z [command]/usr/bin/git remote add origin https://github.com/square/okhttp
2025-04-11T03:05:44.5309307Z ##[endgroup]
2025-04-11T03:05:44.5310067Z ##[group]Disabling automatic garbage collection
2025-04-11T03:05:44.5311012Z [command]/usr/bin/git config --local gc.auto 0
2025-04-11T03:05:44.5338746Z ##[endgroup]
2025-04-11T03:05:44.5339183Z ##[group]Setting up auth
2025-04-11T03:05:44.5346004Z [command]/usr/bin/git config --local --name-only --get-regexp core\.sshCommand
2025-04-11T03:05:44.5375674Z [command]/usr/bin/git submodule foreach --recursive sh -c "git config --local --name-only --get-regexp 'core\.sshCommand' && git config --local --unset-all 'core.sshCommand' || :"
2025-04-11T03:05:44.5658182Z [command]/usr/bin/git config --local --name-only --get-regexp http\.https\:\/\/github\.com\/\.extraheader
2025-04-11T03:05:44.5686520Z [command]/usr/bin/git submodule foreach --recursive sh -c "git config --local --name-only --get-regexp 'http\.https\:\/\/github\.com\/\.extraheader' && git config --local --unset-all 'http.https://github.com/.extraheader' || :"
2025-04-11T03:05:44.5914847Z [command]/usr/bin/git config --local http.https://github.com/.extraheader AUTHORIZATION: basic ***
2025-04-11T03:05:44.5952105Z ##[endgroup]
2025-04-11T03:05:44.5953170Z ##[group]Fetching the repository
2025-04-11T03:05:44.5961377Z [command]/usr/bin/git -c protocol.version=2 fetch --prune --no-recurse-submodules origin +refs/heads/*:refs/remotes/origin/* +refs/tags/*:refs/tags/* +3cee6b56082bf23b5d5bbcb53a824c4ed4d40abc:refs/remotes/pull/8737/merge
2025-04-11T03:05:49.0948073Z From https://github.com/square/okhttp
2025-04-11T03:05:49.0949093Z  * [new branch]          ase-code-scanning-rollout -> origin/ase-code-scanning-rollout
2025-04-11T03:05:49.0953016Z  * [new branch]          enelson-jwilson-pretend-to-be-okio -> origin/enelson-jwilson-pretend-to-be-okio
2025-04-11T03:05:49.0955651Z  * [new branch]          feature.peckb.address-policy-max-calls-per-connection -> origin/feature.peckb.address-policy-max-calls-per-connection
2025-04-11T03:05:49.0956751Z  * [new branch]          fix_reads               -> origin/fix_reads
2025-04-11T03:05:49.0957406Z  * [new branch]          gh-pages                -> origin/gh-pages
2025-04-11T03:05:49.0958165Z  * [new branch]          ghpages-javadocs        -> origin/ghpages-javadocs
2025-04-11T03:05:49.0959037Z  * [new branch]          jwilson.0107.spotless_ktlint110 -> origin/jwilson.0107.spotless_ktlint110
2025-04-11T03:05:49.0960816Z  * [new branch]          jwilson.01206.deflater_other_tests -> origin/jwilson.01206.deflater_other_tests
2025-04-11T03:05:49.0963320Z  * [new branch]          jwilson.0122.apidump    -> origin/jwilson.0122.apidump
2025-04-11T03:05:49.0965587Z  * [new branch]          jwilson.0207.split_connection -> origin/jwilson.0207.split_connection
2025-04-11T03:05:49.0967596Z  * [new branch]          jwilson.0326.canceling_calls -> origin/jwilson.0326.canceling_calls
2025-04-11T03:05:49.0969981Z  * [new branch]          jwilson.0409.mockwebserver2015 -> origin/jwilson.0409.mockwebserver2015
2025-04-11T03:05:49.0971625Z  * [new branch]          jwilson.0414.skip_host  -> origin/jwilson.0414.skip_host
2025-04-11T03:05:49.0974378Z  * [new branch]          jwilson.0422.build_4x   -> origin/jwilson.0422.build_4x
2025-04-11T03:05:49.0976856Z  * [new branch]          jwilson.0422.release_build -> origin/jwilson.0422.release_build
2025-04-11T03:05:49.0978385Z  * [new branch]          jwilson.0422.release_build_ -> origin/jwilson.0422.release_build_
2025-04-11T03:05:49.0981150Z  * [new branch]          jwilson.0613.berchmerkz -> origin/jwilson.0613.berchmerkz
2025-04-11T03:05:49.0983287Z  * [new branch]          jwilson.1120.no_name    -> origin/jwilson.1120.no_name
2025-04-11T03:05:49.0984840Z  * [new branch]          jwilson.1205.submodule_fix -> origin/jwilson.1205.submodule_fix
2025-04-11T03:05:49.0987571Z  * [new branch]          jwilson.1206.deflater   -> origin/jwilson.1206.deflater
2025-04-11T03:05:49.0988899Z  * [new branch]          kmp_again               -> origin/kmp_again
2025-04-11T03:05:49.0991251Z  * [new branch]          master                  -> origin/master
2025-04-11T03:05:49.0992917Z  * [new branch]          okhttp_27               -> origin/okhttp_27
2025-04-11T03:05:49.0995239Z  * [new branch]          okhttp_3.10.x           -> origin/okhttp_3.10.x
2025-04-11T03:05:49.0997970Z  * [new branch]          okhttp_3.11.x           -> origin/okhttp_3.11.x
2025-04-11T03:05:49.1000051Z  * [new branch]          okhttp_3.12.x           -> origin/okhttp_3.12.x
2025-04-11T03:05:49.1002629Z  * [new branch]          okhttp_3.13.x           -> origin/okhttp_3.13.x
2025-04-11T03:05:49.1004442Z  * [new branch]          okhttp_3.14.x           -> origin/okhttp_3.14.x
2025-04-11T03:05:49.1007385Z  * [new branch]          okhttp_3.9.x            -> origin/okhttp_3.9.x
2025-04-11T03:05:49.1008827Z  * [new branch]          okhttp_4.0.x            -> origin/okhttp_4.0.x
2025-04-11T03:05:49.1012017Z  * [new branch]          okhttp_4.1.x            -> origin/okhttp_4.1.x
2025-04-11T03:05:49.1013778Z  * [new branch]          okhttp_4.10.x           -> origin/okhttp_4.10.x
2025-04-11T03:05:49.1016132Z  * [new branch]          okhttp_4.2.x            -> origin/okhttp_4.2.x
2025-04-11T03:05:49.1018115Z  * [new branch]          okhttp_4.3.x            -> origin/okhttp_4.3.x
2025-04-11T03:05:49.1020601Z  * [new branch]          okhttp_4.4.x            -> origin/okhttp_4.4.x
2025-04-11T03:05:49.1022980Z  * [new branch]          okhttp_4.9.x            -> origin/okhttp_4.9.x
2025-04-11T03:05:49.1024606Z  * [new branch]          okhttp_4x               -> origin/okhttp_4x
2025-04-11T03:05:49.1027881Z  * [new branch]          renovate/bnd            -> origin/renovate/bnd
2025-04-11T03:05:49.1030833Z  * [new branch]          renovate/com.squareup-kotlinpoet-2.x -> origin/renovate/com.squareup-kotlinpoet-2.x
2025-04-11T03:05:49.1032330Z  * [new branch]          renovate/com.squareup.okio -> origin/renovate/com.squareup.okio
2025-04-11T03:05:49.1035051Z  * [new branch]          renovate/graalvm        -> origin/renovate/graalvm
2025-04-11T03:05:49.1037059Z  * [new branch]          renovate/kotlin-monorepo -> origin/renovate/kotlin-monorepo
2025-04-11T03:05:49.1039402Z  * [new branch]          renovate/major-bnd      -> origin/renovate/major-bnd
2025-04-11T03:05:49.1042180Z  * [new branch]          renovate/org.gradle.toolchains.foojay-resolver-convention-0.x -> origin/renovate/org.gradle.toolchains.foojay-resolver-convention-0.x
2025-04-11T03:05:49.1045485Z  * [new branch]          renovate/ru.vyarus-gradle-animalsniffer-plugin-2.x -> origin/renovate/ru.vyarus-gradle-animalsniffer-plugin-2.x
2025-04-11T03:05:49.1046671Z  * [new branch]          vscode                  -> origin/vscode
2025-04-11T03:05:49.1047754Z  * [new branch]          yschimke-hostnames      -> origin/yschimke-hostnames
2025-04-11T03:05:49.1051258Z  * [new tag]             1.3.0                   -> 1.3.0
2025-04-11T03:05:49.1052848Z  * [new tag]             jesse-5.0.0-alpha.11    -> jesse-5.0.0-alpha.11
2025-04-11T03:05:49.1054072Z  * [new tag]             jesse-5.0.0-alpha.11.b  -> jesse-5.0.0-alpha.11.b
2025-04-11T03:05:49.1057152Z  * [new tag]             list                    -> list
2025-04-11T03:05:49.1058187Z  * [new tag]             parent-1.0.0            -> parent-1.0.0
2025-04-11T03:05:49.1059614Z  * [new tag]             parent-1.0.1            -> parent-1.0.1
2025-04-11T03:05:49.1061146Z  * [new tag]             parent-1.0.2            -> parent-1.0.2
2025-04-11T03:05:49.1062284Z  * [new tag]             parent-1.1.0            -> parent-1.1.0
2025-04-11T03:05:49.1063154Z  * [new tag]             parent-1.1.1            -> parent-1.1.1
2025-04-11T03:05:49.1064900Z  * [new tag]             parent-1.2.0            -> parent-1.2.0
2025-04-11T03:05:49.1065833Z  * [new tag]             parent-1.2.1            -> parent-1.2.1
2025-04-11T03:05:49.1068136Z  * [new tag]             parent-1.5.0            -> parent-1.5.0
2025-04-11T03:05:49.1069056Z  * [new tag]             parent-1.5.1            -> parent-1.5.1
2025-04-11T03:05:49.1071083Z  * [new tag]             parent-1.5.2            -> parent-1.5.2
2025-04-11T03:05:49.1073713Z  * [new tag]             parent-1.5.3            -> parent-1.5.3
2025-04-11T03:05:49.1074438Z  * [new tag]             parent-1.5.4            -> parent-1.5.4
2025-04-11T03:05:49.1075037Z  * [new tag]             parent-1.6.0            -> parent-1.6.0
2025-04-11T03:05:49.1076362Z  * [new tag]             parent-2.0.0            -> parent-2.0.0
2025-04-11T03:05:49.1077361Z  * [new tag]             parent-2.0.0-RC1        -> parent-2.0.0-RC1
2025-04-11T03:05:49.1079651Z  * [new tag]             parent-2.0.0-RC2        -> parent-2.0.0-RC2
2025-04-11T03:05:49.1081566Z  * [new tag]             parent-2.1.0            -> parent-2.1.0
2025-04-11T03:05:49.1082214Z  * [new tag]             parent-2.1.0-RC1        -> parent-2.1.0-RC1
2025-04-11T03:05:49.1083134Z  * [new tag]             parent-2.2.0            -> parent-2.2.0
2025-04-11T03:05:49.1086200Z  * [new tag]             parent-2.3.0            -> parent-2.3.0
2025-04-11T03:05:49.1087014Z  * [new tag]             parent-2.4.0            -> parent-2.4.0
2025-04-11T03:05:49.1089488Z  * [new tag]             parent-2.4.0-RC1        -> parent-2.4.0-RC1
2025-04-11T03:05:49.1090292Z  * [new tag]             parent-2.5.0            -> parent-2.5.0
2025-04-11T03:05:49.1092004Z  * [new tag]             parent-2.6.0            -> parent-2.6.0
2025-04-11T03:05:49.1092883Z  * [new tag]             parent-2.7.0            -> parent-2.7.0
2025-04-11T03:05:49.1094753Z  * [new tag]             parent-2.7.1            -> parent-2.7.1
2025-04-11T03:05:49.1095669Z  * [new tag]             parent-2.7.2            -> parent-2.7.2
2025-04-11T03:05:49.1098364Z  * [new tag]             parent-2.7.3            -> parent-2.7.3
2025-04-11T03:05:49.1101204Z  * [new tag]             parent-2.7.4            -> parent-2.7.4
2025-04-11T03:05:49.1102184Z  * [new tag]             parent-2.7.5            -> parent-2.7.5
2025-04-11T03:05:49.1102826Z  * [new tag]             parent-3.0.0            -> parent-3.0.0
2025-04-11T03:05:49.1103730Z  * [new tag]             parent-3.0.0-RC1        -> parent-3.0.0-RC1
2025-04-11T03:05:49.1105074Z  * [new tag]             parent-3.0.1            -> parent-3.0.1
2025-04-11T03:05:49.1105723Z  * [new tag]             parent-3.1.0            -> parent-3.1.0
2025-04-11T03:05:49.1106983Z  * [new tag]             parent-3.1.1            -> parent-3.1.1
2025-04-11T03:05:49.1108404Z  * [new tag]             parent-3.1.2            -> parent-3.1.2
2025-04-11T03:05:49.1110711Z  * [new tag]             parent-3.10.0           -> parent-3.10.0
2025-04-11T03:05:49.1114117Z  * [new tag]             parent-3.11.0           -> parent-3.11.0
2025-04-11T03:05:49.1115986Z  * [new tag]             parent-3.12.0           -> parent-3.12.0
2025-04-11T03:05:49.1116622Z  * [new tag]             parent-3.12.1           -> parent-3.12.1
2025-04-11T03:05:49.1117411Z  * [new tag]             parent-3.12.10          -> parent-3.12.10
2025-04-11T03:05:49.1118448Z  * [new tag]             parent-3.12.11          -> parent-3.12.11
2025-04-11T03:05:49.1119230Z  * [new tag]             parent-3.12.12          -> parent-3.12.12
2025-04-11T03:05:49.1126415Z  * [new tag]             parent-3.12.13          -> parent-3.12.13
2025-04-11T03:05:49.1128987Z  * [new tag]             parent-3.12.2           -> parent-3.12.2
2025-04-11T03:05:49.1129610Z  * [new tag]             parent-3.12.3           -> parent-3.12.3
2025-04-11T03:05:49.1130207Z  * [new tag]             parent-3.12.4           -> parent-3.12.4
2025-04-11T03:05:49.1130986Z  * [new tag]             parent-3.12.5           -> parent-3.12.5
2025-04-11T03:05:49.1131551Z  * [new tag]             parent-3.12.6           -> parent-3.12.6
2025-04-11T03:05:49.1132122Z  * [new tag]             parent-3.12.7           -> parent-3.12.7
2025-04-11T03:05:49.1133910Z  * [new tag]             parent-3.12.8           -> parent-3.12.8
2025-04-11T03:05:49.1134714Z  * [new tag]             parent-3.12.9           -> parent-3.12.9
2025-04-11T03:05:49.1135431Z  * [new tag]             parent-3.13.0           -> parent-3.13.0
2025-04-11T03:05:49.1136033Z  * [new tag]             parent-3.13.1           -> parent-3.13.1
2025-04-11T03:05:49.1136872Z  * [new tag]             parent-3.14.0           -> parent-3.14.0
2025-04-11T03:05:49.1137615Z  * [new tag]             parent-3.14.1           -> parent-3.14.1
2025-04-11T03:05:49.1140877Z  * [new tag]             parent-3.14.2           -> parent-3.14.2
2025-04-11T03:05:49.1144216Z  * [new tag]             parent-3.14.3           -> parent-3.14.3
2025-04-11T03:05:49.1144844Z  * [new tag]             parent-3.14.4           -> parent-3.14.4
2025-04-11T03:05:49.1145423Z  * [new tag]             parent-3.14.5           -> parent-3.14.5
2025-04-11T03:05:49.1147075Z  * [new tag]             parent-3.14.6           -> parent-3.14.6
2025-04-11T03:05:49.1147714Z  * [new tag]             parent-3.14.7           -> parent-3.14.7
2025-04-11T03:05:49.1148325Z  * [new tag]             parent-3.14.8           -> parent-3.14.8
2025-04-11T03:05:49.1149914Z  * [new tag]             parent-3.14.9           -> parent-3.14.9
2025-04-11T03:05:49.1151270Z  * [new tag]             parent-3.2.0            -> parent-3.2.0
2025-04-11T03:05:49.1153781Z  * [new tag]             parent-3.3.0            -> parent-3.3.0
2025-04-11T03:05:49.1154740Z  * [new tag]             parent-3.3.1            -> parent-3.3.1
2025-04-11T03:05:49.1157025Z  * [new tag]             parent-3.4.0            -> parent-3.4.0
2025-04-11T03:05:49.1158776Z  * [new tag]             parent-3.4.0-RC1        -> parent-3.4.0-RC1
2025-04-11T03:05:49.1161126Z  * [new tag]             parent-3.4.1            -> parent-3.4.1
2025-04-11T03:05:49.1162792Z  * [new tag]             parent-3.4.2            -> parent-3.4.2
2025-04-11T03:05:49.1164049Z  * [new tag]             parent-3.5.0            -> parent-3.5.0
2025-04-11T03:05:49.1164678Z  * [new tag]             parent-3.6.0            -> parent-3.6.0
2025-04-11T03:05:49.1167626Z  * [new tag]             parent-3.7.0            -> parent-3.7.0
2025-04-11T03:05:49.1169244Z  * [new tag]             parent-3.8.0            -> parent-3.8.0
2025-04-11T03:05:49.1170646Z  * [new tag]             parent-3.8.1            -> parent-3.8.1
2025-04-11T03:05:49.1171263Z  * [new tag]             parent-3.9.0            -> parent-3.9.0
2025-04-11T03:05:49.1172433Z  * [new tag]             parent-3.9.1            -> parent-3.9.1
2025-04-11T03:05:49.1173026Z  * [new tag]             parent-4.0.0            -> parent-4.0.0
2025-04-11T03:05:49.1174322Z  * [new tag]             parent-4.0.0-ALPHA01    -> parent-4.0.0-ALPHA01
2025-04-11T03:05:49.1176018Z  * [new tag]             parent-4.0.0-RC1        -> parent-4.0.0-RC1
2025-04-11T03:05:49.1176943Z  * [new tag]             parent-4.0.0-RC2        -> parent-4.0.0-RC2
2025-04-11T03:05:49.1178450Z  * [new tag]             parent-4.0.0-RC3        -> parent-4.0.0-RC3
2025-04-11T03:05:49.1179988Z  * [new tag]             parent-4.0.0-alpha02    -> parent-4.0.0-alpha02
2025-04-11T03:05:49.1181706Z  * [new tag]             parent-4.0.1            -> parent-4.0.1
2025-04-11T03:05:49.1183092Z  * [new tag]             parent-4.1.0            -> parent-4.1.0
2025-04-11T03:05:49.1184596Z  * [new tag]             parent-4.1.1            -> parent-4.1.1
2025-04-11T03:05:49.1186102Z  * [new tag]             parent-4.10.0           -> parent-4.10.0
2025-04-11T03:05:49.1187572Z  * [new tag]             parent-4.10.0-RC1       -> parent-4.10.0-RC1
2025-04-11T03:05:49.1189089Z  * [new tag]             parent-4.11.0           -> parent-4.11.0
2025-04-11T03:05:49.1190744Z  * [new tag]             parent-4.12.0           -> parent-4.12.0
2025-04-11T03:05:49.1192320Z  * [new tag]             parent-4.2.0            -> parent-4.2.0
2025-04-11T03:05:49.1193801Z  * [new tag]             parent-4.2.1            -> parent-4.2.1
2025-04-11T03:05:49.1195308Z  * [new tag]             parent-4.2.2            -> parent-4.2.2
2025-04-11T03:05:49.1196884Z  * [new tag]             parent-4.3.0            -> parent-4.3.0
2025-04-11T03:05:49.1198432Z  * [new tag]             parent-4.3.1            -> parent-4.3.1
2025-04-11T03:05:49.1200115Z  * [new tag]             parent-4.4.0            -> parent-4.4.0
2025-04-11T03:05:49.1203129Z  * [new tag]             parent-4.4.1            -> parent-4.4.1
2025-04-11T03:05:49.1204227Z  * [new tag]             parent-4.5.0            -> parent-4.5.0
2025-04-11T03:05:49.1205241Z  * [new tag]             parent-4.5.0-RC1        -> parent-4.5.0-RC1
2025-04-11T03:05:49.1206790Z  * [new tag]             parent-4.6.0            -> parent-4.6.0
2025-04-11T03:05:49.1208316Z  * [new tag]             parent-4.7.0            -> parent-4.7.0
2025-04-11T03:05:49.1209833Z  * [new tag]             parent-4.7.1            -> parent-4.7.1
2025-04-11T03:05:49.1211555Z  * [new tag]             parent-4.7.2            -> parent-4.7.2
2025-04-11T03:05:49.1213050Z  * [new tag]             parent-4.8.0            -> parent-4.8.0
2025-04-11T03:05:49.1214613Z  * [new tag]             parent-4.8.1            -> parent-4.8.1
2025-04-11T03:05:49.1216141Z  * [new tag]             parent-4.9.0            -> parent-4.9.0
2025-04-11T03:05:49.1217645Z  * [new tag]             parent-4.9.1            -> parent-4.9.1
2025-04-11T03:05:49.1219420Z  * [new tag]             parent-4.9.2            -> parent-4.9.2
2025-04-11T03:05:49.1220942Z  * [new tag]             parent-4.9.3            -> parent-4.9.3
2025-04-11T03:05:49.1222577Z  * [new tag]             parent-5.0.0-alpha.1    -> parent-5.0.0-alpha.1
2025-04-11T03:05:49.1224216Z  * [new tag]             parent-5.0.0-alpha.10   -> parent-5.0.0-alpha.10
2025-04-11T03:05:49.1226070Z  * [new tag]             parent-5.0.0-alpha.11   -> parent-5.0.0-alpha.11
2025-04-11T03:05:49.1227346Z  * [new tag]             parent-5.0.0-alpha.12   -> parent-5.0.0-alpha.12
2025-04-11T03:05:49.1228879Z  * [new tag]             parent-5.0.0-alpha.13   -> parent-5.0.0-alpha.13
2025-04-11T03:05:49.1230652Z  * [new tag]             parent-5.0.0-alpha.14   -> parent-5.0.0-alpha.14
2025-04-11T03:05:49.1232223Z  * [new tag]             parent-5.0.0-alpha.2    -> parent-5.0.0-alpha.2
2025-04-11T03:05:49.1233747Z  * [new tag]             parent-5.0.0-alpha.3    -> parent-5.0.0-alpha.3
2025-04-11T03:05:49.1235364Z  * [new tag]             parent-5.0.0-alpha.4    -> parent-5.0.0-alpha.4
2025-04-11T03:05:49.1237837Z  * [new tag]             parent-5.0.0-alpha.5    -> parent-5.0.0-alpha.5
2025-04-11T03:05:49.1238564Z  * [new tag]             parent-5.0.0-alpha.6    -> parent-5.0.0-alpha.6
2025-04-11T03:05:49.1240125Z  * [new tag]             parent-5.0.0-alpha.7    -> parent-5.0.0-alpha.7
2025-04-11T03:05:49.1241847Z  * [new tag]             parent-5.0.0-alpha.8    -> parent-5.0.0-alpha.8
2025-04-11T03:05:49.1243400Z  * [new tag]             parent-5.0.0-alpha.9    -> parent-5.0.0-alpha.9
2025-04-11T03:05:49.1247506Z  * [new ref]             3cee6b56082bf23b5d5bbcb53a824c4ed4d40abc -> pull/8737/merge
2025-04-11T03:05:49.1299178Z ##[endgroup]
2025-04-11T03:05:49.1299774Z ##[group]Determining the checkout info
2025-04-11T03:05:49.1300839Z ##[endgroup]
2025-04-11T03:05:49.1305875Z [command]/usr/bin/git sparse-checkout disable
2025-04-11T03:05:49.1346303Z [command]/usr/bin/git config --local --unset-all extensions.worktreeConfig
2025-04-11T03:05:49.1373937Z ##[group]Checking out the ref
2025-04-11T03:05:49.1378205Z [command]/usr/bin/git checkout --progress --force refs/remotes/pull/8737/merge
2025-04-11T03:05:49.2127013Z Note: switching to 'refs/remotes/pull/8737/merge'.
2025-04-11T03:05:49.2127438Z 
2025-04-11T03:05:49.2127804Z You are in 'detached HEAD' state. You can look around, make experimental
2025-04-11T03:05:49.2128559Z changes and commit them, and you can discard any commits you make in this
2025-04-11T03:05:49.2129516Z state without impacting any branches by switching back to a branch.
2025-04-11T03:05:49.2129955Z 
2025-04-11T03:05:49.2130242Z If you want to create a new branch to retain commits you create, you may
2025-04-11T03:05:49.2131123Z do so (now or later) by using -c with the switch command. Example:
2025-04-11T03:05:49.2131550Z 
2025-04-11T03:05:49.2131709Z   git switch -c <new-branch-name>
2025-04-11T03:05:49.2131993Z 
2025-04-11T03:05:49.2132151Z Or undo this operation with:
2025-04-11T03:05:49.2132401Z 
2025-04-11T03:05:49.2132519Z   git switch -
2025-04-11T03:05:49.2132713Z 
2025-04-11T03:05:49.2133048Z Turn off this advice by setting config variable advice.detachedHead to false
2025-04-11T03:05:49.2133529Z 
2025-04-11T03:05:49.2134119Z HEAD is now at 3cee6b560 Merge 874ff7d7fd35a4b7ab5d24949d54c9cbdfa5603b into 76aeda76c213ef398fe7d5ace10f36562c1fbdd8
2025-04-11T03:05:49.2142663Z ##[endgroup]
2025-04-11T03:05:49.2182952Z [command]/usr/bin/git log -1 --format=%H
2025-04-11T03:05:49.2205375Z 3cee6b56082bf23b5d5bbcb53a824c4ed4d40abc
2025-04-11T03:05:49.2443137Z ##[group]Run actions/setup-java@v4
2025-04-11T03:05:49.2443407Z with:
2025-04-11T03:05:49.2443591Z   distribution: zulu
2025-04-11T03:05:49.2443786Z   java-version: 11
2025-04-11T03:05:49.2443972Z   java-package: jdk
2025-04-11T03:05:49.2444176Z   check-latest: false
2025-04-11T03:05:49.2444365Z   server-id: github
2025-04-11T03:05:49.2444560Z   server-username: GITHUB_ACTOR
2025-04-11T03:05:49.2444795Z   server-password: GITHUB_TOKEN
2025-04-11T03:05:49.2445024Z   overwrite-settings: true
2025-04-11T03:05:49.2445238Z   job-status: success
2025-04-11T03:05:49.2445560Z   token: ***
2025-04-11T03:05:49.2445736Z env:
2025-04-11T03:05:49.2446094Z   GRADLE_OPTS: -Dorg.gradle.jvmargs=-Xmx4g -Dorg.gradle.daemon=false -Dkotlin.incremental=false
2025-04-11T03:05:49.2446502Z ##[endgroup]
2025-04-11T03:05:49.4350798Z ##[group]Installed distributions
2025-04-11T03:05:49.4374885Z Trying to resolve the latest version from remote
2025-04-11T03:05:49.5294265Z Resolved latest version as 11.0.26+4
2025-04-11T03:05:49.5294906Z Trying to download...
2025-04-11T03:05:49.5295758Z Downloading Java 11.0.26+4 (Zulu) from https://cdn.azul.com/zulu/bin/zulu11.78.15-ca-jdk11.0.26-linux_x64.tar.gz ...
2025-04-11T03:05:51.6328716Z Extracting Java archive...
2025-04-11T03:05:51.6426641Z [command]/usr/bin/tar xz --warning=no-unknown-keyword --overwrite -C /home/runner/work/_temp/488c751d-b2a0-446e-b154-a7adb020f1e1 -f /home/runner/work/_temp/b926636d-54d5-4608-b858-a44df9bc477e
2025-04-11T03:05:54.2270324Z Java 11.0.26+4 was downloaded
2025-04-11T03:05:54.2270963Z Setting Java 11.0.26+4 as the default
2025-04-11T03:05:54.2283827Z Creating toolchains.xml for JDK version 11 from zulu
2025-04-11T03:05:54.2361151Z Writing to /home/runner/.m2/toolchains.xml
2025-04-11T03:05:54.2361649Z 
2025-04-11T03:05:54.2361797Z Java configuration:
2025-04-11T03:05:54.2362139Z   Distribution: zulu
2025-04-11T03:05:54.2362458Z   Version: 11.0.26+4
2025-04-11T03:05:54.2362858Z   Path: /opt/hostedtoolcache/Java_Zulu_jdk/11.0.26-4/x64
2025-04-11T03:05:54.2363256Z 
2025-04-11T03:05:54.2364111Z ##[endgroup]
2025-04-11T03:05:54.2377366Z Creating settings.xml with server-id: github
2025-04-11T03:05:54.2378975Z Writing to /home/runner/.m2/settings.xml
2025-04-11T03:05:54.2554369Z ##[group]Run actions/setup-java@v4
2025-04-11T03:05:54.2554785Z with:
2025-04-11T03:05:54.2554962Z   distribution: zulu
2025-04-11T03:05:54.2555164Z   java-version: 17
2025-04-11T03:05:54.2555360Z   java-package: jdk
2025-04-11T03:05:54.2555556Z   check-latest: false
2025-04-11T03:05:54.2555741Z   server-id: github
2025-04-11T03:05:54.2555933Z   server-username: GITHUB_ACTOR
2025-04-11T03:05:54.2556173Z   server-password: GITHUB_TOKEN
2025-04-11T03:05:54.2556406Z   overwrite-settings: true
2025-04-11T03:05:54.2556614Z   job-status: success
2025-04-11T03:05:54.2556931Z   token: ***
2025-04-11T03:05:54.2557105Z env:
2025-04-11T03:05:54.2557464Z   GRADLE_OPTS: -Dorg.gradle.jvmargs=-Xmx4g -Dorg.gradle.daemon=false -Dkotlin.incremental=false
2025-04-11T03:05:54.2557955Z   JAVA_HOME: /opt/hostedtoolcache/Java_Zulu_jdk/11.0.26-4/x64
2025-04-11T03:05:54.2558327Z   JAVA_HOME_11_X64: /opt/hostedtoolcache/Java_Zulu_jdk/11.0.26-4/x64
2025-04-11T03:05:54.2558622Z ##[endgroup]
2025-04-11T03:05:54.4449498Z ##[group]Installed distributions
2025-04-11T03:05:54.4482955Z Trying to resolve the latest version from remote
2025-04-11T03:05:54.5259975Z Resolved latest version as 17.0.14+7
2025-04-11T03:05:54.5260729Z Trying to download...
2025-04-11T03:05:54.5261623Z Downloading Java 17.0.14+7 (Zulu) from https://cdn.azul.com/zulu/bin/zulu17.56.15-ca-crac-jdk17.0.14-linux_x64.tar.gz ...
2025-04-11T03:05:57.0513379Z Extracting Java archive...
2025-04-11T03:05:57.0617547Z [command]/usr/bin/tar xz --warning=no-unknown-keyword --overwrite -C /home/runner/work/_temp/77924934-4318-48d6-8a9e-24d9582712bd -f /home/runner/work/_temp/b2e4efd3-6219-4a52-a686-260460a2bc25
2025-04-11T03:05:59.7667760Z Java 17.0.14+7 was downloaded
2025-04-11T03:05:59.7668235Z Setting Java 17.0.14+7 as the default
2025-04-11T03:05:59.7677535Z Creating toolchains.xml for JDK version 17 from zulu
2025-04-11T03:05:59.7771204Z Overwriting existing file /home/runner/.m2/toolchains.xml
2025-04-11T03:05:59.7772121Z 
2025-04-11T03:05:59.7772748Z Java configuration:
2025-04-11T03:05:59.7773320Z   Distribution: zulu
2025-04-11T03:05:59.7773865Z   Version: 17.0.14+7
2025-04-11T03:05:59.7774613Z   Path: /opt/hostedtoolcache/Java_Zulu_jdk/17.0.14-7/x64
2025-04-11T03:05:59.7775191Z 
2025-04-11T03:05:59.7775867Z ##[endgroup]
2025-04-11T03:05:59.7784690Z Creating settings.xml with server-id: github
2025-04-11T03:05:59.7795435Z Overwriting existing file /home/runner/.m2/settings.xml
2025-04-11T03:05:59.7976899Z ##[group]Run graalvm/setup-graalvm@v1
2025-04-11T03:05:59.7977176Z with:
2025-04-11T03:05:59.7977359Z   distribution: graalvm
2025-04-11T03:05:59.7977559Z   java-version: 21
2025-04-11T03:05:59.7977981Z   github-token: ***
2025-04-11T03:05:59.7978183Z   cache: gradle
2025-04-11T03:05:59.7978394Z   native-image-job-reports: true
2025-04-11T03:05:59.7978656Z   components: native-image
2025-04-11T03:05:59.7978882Z   java-package: jdk
2025-04-11T03:05:59.7979077Z   set-java-home: true
2025-04-11T03:05:59.7979287Z   check-for-updates: true
2025-04-11T03:05:59.7979514Z   native-image-musl: false
2025-04-11T03:05:59.7979760Z   native-image-pr-reports: false
2025-04-11T03:05:59.7980056Z   native-image-pr-reports-update-existing: false
2025-04-11T03:05:59.7980362Z   native-image-enable-sbom: false
2025-04-11T03:05:59.7980751Z env:
2025-04-11T03:05:59.7981112Z   GRADLE_OPTS: -Dorg.gradle.jvmargs=-Xmx4g -Dorg.gradle.daemon=false -Dkotlin.incremental=false
2025-04-11T03:05:59.7981646Z   JAVA_HOME: /opt/hostedtoolcache/Java_Zulu_jdk/17.0.14-7/x64
2025-04-11T03:05:59.7982035Z   JAVA_HOME_11_X64: /opt/hostedtoolcache/Java_Zulu_jdk/11.0.26-4/x64
2025-04-11T03:05:59.7982443Z   JAVA_HOME_17_X64: /opt/hostedtoolcache/Java_Zulu_jdk/17.0.14-7/x64
2025-04-11T03:05:59.7982756Z ##[endgroup]
2025-04-11T03:06:02.6667395Z [command]/usr/bin/tar xz --warning=no-unknown-keyword --overwrite -C /home/runner/work/_temp/771b504e-17db-4f49-94ab-e0cac109c1cb -f /home/runner/work/_temp/b393540b-b59b-42e5-9030-09ce2a82c752
2025-04-11T03:06:06.7702939Z Adding graalvm-jdk-21_linux-x64_bin 21 to tool-cache ...
2025-04-11T03:06:08.5567125Z ##[warning]Please remove "components: 'native-image'" from your workflow file. It is automatically included since GraalVM for JDK 17: https://github.com/oracle/graal/pull/5995
2025-04-11T03:06:08.9981341Z gradle cache is not found
2025-04-11T03:06:08.9987337Z ##[group]Successfully set up 'graalvm-jdk-21.0.6+8.1'
2025-04-11T03:06:08.9991216Z [command]/opt/hostedtoolcache/graalvm-jdk-21_linux-x64_bin/21.0.0/x64/graalvm-jdk-21.0.6+8.1/bin/java --version
2025-04-11T03:06:09.0574078Z java 21.0.6 2025-01-21 LTS
2025-04-11T03:06:09.0574594Z Java(TM) SE Runtime Environment Oracle GraalVM 21.0.6+8.1 (build 21.0.6+8-LTS-jvmci-23.1-b55)
2025-04-11T03:06:09.0575277Z Java HotSpot(TM) 64-Bit Server VM Oracle GraalVM 21.0.6+8.1 (build 21.0.6+8-LTS-jvmci-23.1-b55, mixed mode, sharing)
2025-04-11T03:06:09.0618313Z ##[endgroup]
2025-04-11T03:06:09.0808516Z ##[group]Run gradle/actions/setup-gradle@v4
2025-04-11T03:06:09.0808807Z with:
2025-04-11T03:06:09.0808993Z   cache-disabled: false
2025-04-11T03:06:09.0809205Z   cache-read-only: true
2025-04-11T03:06:09.0809425Z   cache-write-only: false
2025-04-11T03:06:09.0809659Z   cache-overwrite-existing: false
2025-04-11T03:06:09.0809908Z   cache-cleanup: on-success
2025-04-11T03:06:09.0810179Z   gradle-home-cache-includes: caches
notifications

2025-04-11T03:06:09.0810663Z   add-job-summary: always
2025-04-11T03:06:09.0810900Z   add-job-summary-as-pr-comment: never
2025-04-11T03:06:09.0811165Z   dependency-graph: disabled
2025-04-11T03:06:09.0811453Z   dependency-graph-report-dir: dependency-graph-reports
2025-04-11T03:06:09.0811796Z   dependency-graph-continue-on-failure: true
2025-04-11T03:06:09.0812076Z   build-scan-publish: false
2025-04-11T03:06:09.0812299Z   validate-wrappers: true
2025-04-11T03:06:09.0812528Z   allow-snapshot-wrappers: false
2025-04-11T03:06:09.0812819Z   gradle-home-cache-strict-match: false
2025-04-11T03:06:09.0813078Z   workflow-job-context: null
2025-04-11T03:06:09.0813435Z   github-token: ***
2025-04-11T03:06:09.0813616Z env:
2025-04-11T03:06:09.0813965Z   GRADLE_OPTS: -Dorg.gradle.jvmargs=-Xmx4g -Dorg.gradle.daemon=false -Dkotlin.incremental=false
2025-04-11T03:06:09.0814584Z   JAVA_HOME: /opt/hostedtoolcache/graalvm-jdk-21_linux-x64_bin/21.0.0/x64/graalvm-jdk-21.0.6+8.1
2025-04-11T03:06:09.0815078Z   JAVA_HOME_11_X64: /opt/hostedtoolcache/Java_Zulu_jdk/11.0.26-4/x64
2025-04-11T03:06:09.0815452Z   JAVA_HOME_17_X64: /opt/hostedtoolcache/Java_Zulu_jdk/17.0.14-7/x64
2025-04-11T03:06:09.0815936Z   GRAALVM_HOME: /opt/hostedtoolcache/graalvm-jdk-21_linux-x64_bin/21.0.0/x64/graalvm-jdk-21.0.6+8.1
2025-04-11T03:06:09.0816435Z   NATIVE_IMAGE_CONFIG_FILE: /tmp/native-image-options.properties
2025-04-11T03:06:09.0816744Z ##[endgroup]
2025-04-11T03:06:09.5293479Z Merged default JDK locations into /home/runner/.m2/toolchains.xml
2025-04-11T03:06:09.5296710Z ##[group]Restore Gradle state from cache
2025-04-11T03:06:09.7980047Z Cache hit for: gradle-home-v1|Linux-X64|checkjdk11[debe7e2089933f89baa724f718db4c25]-3cee6b56082bf23b5d5bbcb53a824c4ed4d40abc
2025-04-11T03:06:11.1079796Z Received 4194304 of 24749095 (16.9%), 4.0 MBs/sec
2025-04-11T03:06:11.3335188Z Received 24749095 of 24749095 (100.0%), 19.3 MBs/sec
2025-04-11T03:06:11.3337267Z Cache Size: ~24 MB (24749095 B)
2025-04-11T03:06:11.3366527Z [command]/usr/bin/tar -xf /home/runner/work/_temp/7bbe6c67-f50f-425a-895d-e2fcef30c44e/cache.tzst -P -C /home/runner/work/okhttp/okhttp --use-compress-program unzstd
2025-04-11T03:06:11.6113850Z Cache restored successfully
2025-04-11T03:06:11.6168401Z Restored cache entry with key gradle-home-v1|Linux-X64|checkjdk11[debe7e2089933f89baa724f718db4c25]-3cee6b56082bf23b5d5bbcb53a824c4ed4d40abc to /home/runner/.gradle/caches,/home/runner/.gradle/notifications,/home/runner/.gradle/.setup-gradle in 2086ms
2025-04-11T03:06:11.8617468Z Cache hit for: gradle-kotlin-dsl-v1-40ce75a9feb655a965a1b75886a5851c
2025-04-11T03:06:11.8750158Z Cache hit for: gradle-instrumented-jars-v1-737a1b930abd2515b7524007a6c41f22
2025-04-11T03:06:11.8787289Z Cache hit for: gradle-generated-gradle-jars-v1-697f81ec8d80712ce7da03f513960371
2025-04-11T03:06:11.8847962Z Cache hit for: gradle-transforms-v1-f7e638c46ec95ffbdcb7de3562afa08d
2025-04-11T03:06:11.8882612Z Cache hit for: gradle-dependencies-v1-c295e3ee0586f3321b6f827295e0e0eb
2025-04-11T03:06:11.8903610Z Cache hit for: gradle-wrapper-zips-v1-27b0df0fa405636de00fcbfa0ab79410
2025-04-11T03:06:11.8952847Z Cache hit for: gradle-groovy-dsl-v1-911c2ff7bf28f9032753ebb54d2ebea7
2025-04-11T03:06:12.3534304Z Received 75499 of 75499 (100.0%), 0.3 MBs/sec
2025-04-11T03:06:12.3534927Z Cache Size: ~0 MB (75499 B)
2025-04-11T03:06:12.3571887Z [command]/usr/bin/tar -xf /home/runner/work/_temp/4437f597-4f89-4c83-9201-36cba2340de2/cache.tzst -P -C /home/runner/work/okhttp/okhttp --use-compress-program unzstd
2025-04-11T03:06:12.3736172Z Cache restored successfully
2025-04-11T03:06:12.3739085Z Restored cache entry with key gradle-instrumented-jars-v1-737a1b930abd2515b7524007a6c41f22 to /home/runner/.gradle/caches/jars-*/*/ in 755ms
2025-04-11T03:06:12.5390560Z Received 124767 of 124767 (100.0%), 0.4 MBs/sec
2025-04-11T03:06:12.5391077Z Cache Size: ~0 MB (124767 B)
2025-04-11T03:06:12.5423784Z [command]/usr/bin/tar -xf /home/runner/work/_temp/5bf04e81-2ea2-4524-bbda-30b7612678bf/cache.tzst -P -C /home/runner/work/okhttp/okhttp --use-compress-program unzstd
2025-04-11T03:06:12.5658488Z Cache restored successfully
2025-04-11T03:06:12.5668706Z Restored cache entry with key gradle-groovy-dsl-v1-911c2ff7bf28f9032753ebb54d2ebea7 to /home/runner/.gradle/caches/*/groovy-dsl/*/ in 947ms
2025-04-11T03:06:13.0997066Z Received 2680462 of 2680462 (100.0%), 2.8 MBs/sec
2025-04-11T03:06:13.0997887Z Cache Size: ~3 MB (2680462 B)
2025-04-11T03:06:13.1553766Z [command]/usr/bin/tar -xf /home/runner/work/_temp/ae29f902-b977-4ef1-a9e2-04477d8b09d5/cache.tzst -P -C /home/runner/work/okhttp/okhttp --use-compress-program unzstd
2025-04-11T03:06:13.1618272Z Received 4194304 of 922933473 (0.5%), 4.0 MBs/sec
2025-04-11T03:06:13.1934274Z Received 8388608 of 186820111 (4.5%), 7.9 MBs/sec
2025-04-11T03:06:13.2240737Z Received 4194304 of 172283988 (2.4%), 3.9 MBs/sec
2025-04-11T03:06:13.2245033Z Received 0 of 40868785 (0.0%), 0.0 MBs/sec
2025-04-11T03:06:13.6886495Z Received 40868785 of 40868785 (100.0%), 26.4 MBs/sec
2025-04-11T03:06:13.6889585Z Cache Size: ~39 MB (40868785 B)
2025-04-11T03:06:13.7488987Z [command]/usr/bin/tar -xf /home/runner/work/_temp/7d6bef7b-c36d-44f9-b577-afb6c565177e/cache.tzst -P -C /home/runner/work/okhttp/okhttp --use-compress-program unzstd
2025-04-11T03:06:14.1634138Z Received 104857600 of 922933473 (11.4%), 49.9 MBs/sec
2025-04-11T03:06:14.1763646Z Cache restored successfully
2025-04-11T03:06:14.1905211Z Restored cache entry with key gradle-generated-gradle-jars-v1-697f81ec8d80712ce7da03f513960371 to /home/runner/.gradle/caches/8.13/generated-gradle-jars/gradle-api-8.13.jar in 2573ms
2025-04-11T03:06:14.1968511Z Received 104857600 of 186820111 (56.1%), 49.5 MBs/sec
2025-04-11T03:06:14.2284715Z Received 79691776 of 172283988 (46.3%), 37.4 MBs/sec
2025-04-11T03:06:14.4921458Z Cache restored successfully
2025-04-11T03:06:14.5973239Z Restored cache entry with key gradle-kotlin-dsl-v1-40ce75a9feb655a965a1b75886a5851c to /home/runner/.gradle/caches/*/kotlin-dsl/accessors/*/,/home/runner/.gradle/caches/*/kotlin-dsl/scripts/*/ in 2976ms
2025-04-11T03:06:15.1636292Z Received 192937984 of 922933473 (20.9%), 61.2 MBs/sec
2025-04-11T03:06:15.1969474Z Received 182625807 of 186820111 (97.8%), 57.7 MBs/sec
2025-04-11T03:06:15.2531727Z Received 186820111 of 186820111 (100.0%), 57.9 MBs/sec
2025-04-11T03:06:15.2532450Z Cache Size: ~178 MB (186820111 B)
2025-04-11T03:06:15.2565647Z Received 146800640 of 172283988 (85.2%), 45.7 MBs/sec
2025-04-11T03:06:15.2888085Z [command]/usr/bin/tar -xf /home/runner/work/_temp/c3dc0193-b235-413b-ab1b-28f299f7c182/cache.tzst -P -C /home/runner/work/okhttp/okhttp --use-compress-program unzstd
2025-04-11T03:06:15.5734913Z Received 172283988 of 172283988 (100.0%), 48.6 MBs/sec
2025-04-11T03:06:15.5736539Z Cache Size: ~164 MB (172283988 B)
2025-04-11T03:06:15.6193289Z [command]/usr/bin/tar -xf /home/runner/work/_temp/586093fa-1cd2-4fc5-87ce-d0e2fc438990/cache.tzst -P -C /home/runner/work/okhttp/okhttp --use-compress-program unzstd
2025-04-11T03:06:16.1671838Z Received 272629760 of 922933473 (29.5%), 64.9 MBs/sec
2025-04-11T03:06:17.1642492Z Received 394264576 of 922933473 (42.7%), 75.1 MBs/sec
2025-04-11T03:06:18.1636697Z Received 486539264 of 922933473 (52.7%), 77.3 MBs/sec
2025-04-11T03:06:19.1661651Z Received 566231040 of 922933473 (61.4%), 77.1 MBs/sec
2025-04-11T03:06:20.2403090Z Received 671088640 of 922933473 (72.7%), 79.2 MBs/sec
2025-04-11T03:06:20.2480980Z Cache restored successfully
2025-04-11T03:06:20.2877557Z Restored cache entry with key gradle-wrapper-zips-v1-27b0df0fa405636de00fcbfa0ab79410 to /home/runner/.gradle/wrapper/dists/gradle-8.13-all/54h0s9kvb6g2sinako7ub77ku in 8670ms
2025-04-11T03:06:20.6839866Z Cache restored successfully
2025-04-11T03:06:20.7571002Z Restored cache entry with key gradle-transforms-v1-f7e638c46ec95ffbdcb7de3562afa08d to /home/runner/.gradle/caches/transforms-4/*/,/home/runner/.gradle/caches/*/transforms/*/ in 9137ms
2025-04-11T03:06:21.2404530Z Received 767557632 of 922933473 (83.2%), 80.6 MBs/sec
2025-04-11T03:06:22.2404915Z Received 843055104 of 922933473 (91.3%), 79.7 MBs/sec
2025-04-11T03:06:23.1983851Z Received 922933473 of 922933473 (100.0%), 79.7 MBs/sec
2025-04-11T03:06:23.2041319Z Cache Size: ~880 MB (922933473 B)
2025-04-11T03:06:23.2133681Z [command]/usr/bin/tar -xf /home/runner/work/_temp/324c5657-4711-4b71-bfb2-068fdb612c5d/cache.tzst -P -C /home/runner/work/okhttp/okhttp --use-compress-program unzstd
2025-04-11T03:06:24.9664871Z Cache restored successfully
2025-04-11T03:06:25.1429737Z Restored cache entry with key gradle-dependencies-v1-c295e3ee0586f3321b6f827295e0e0eb to /home/runner/.gradle/caches/modules-*/files-*/*/*/*/* in 13524ms
2025-04-11T03:06:25.1556336Z ##[endgroup]
2025-04-11T03:06:25.1861076Z ##[group]All Gradle Wrapper jars are valid
2025-04-11T03:06:25.1862240Z ✓ Found known Gradle Wrapper JAR files:
2025-04-11T03:06:25.1863231Z   81a82aaea5abcc8ff68b3dfcb58b3c3c429378efd98e7433460610fecd7ae45f gradle/wrapper/gradle-wrapper.jar
2025-04-11T03:06:25.1864411Z ##[endgroup]
2025-04-11T03:06:25.2959836Z ##[group]Run ./gradlew check -PandroidBuild=true -PgraalBuild=true -x test -x test
2025-04-11T03:06:25.2961092Z [36;1m./gradlew check -PandroidBuild=true -PgraalBuild=true -x test -x test[0m
2025-04-11T03:06:25.3012093Z shell: /usr/bin/bash -e {0}
2025-04-11T03:06:25.3012390Z env:
2025-04-11T03:06:25.3012841Z   GRADLE_OPTS: -Dorg.gradle.jvmargs=-Xmx4g -Dorg.gradle.daemon=false -Dkotlin.incremental=false
2025-04-11T03:06:25.3013522Z   JAVA_HOME: /opt/hostedtoolcache/graalvm-jdk-21_linux-x64_bin/21.0.0/x64/graalvm-jdk-21.0.6+8.1
2025-04-11T03:06:25.3014084Z   JAVA_HOME_11_X64: /opt/hostedtoolcache/Java_Zulu_jdk/11.0.26-4/x64
2025-04-11T03:06:25.3014522Z   JAVA_HOME_17_X64: /opt/hostedtoolcache/Java_Zulu_jdk/17.0.14-7/x64
2025-04-11T03:06:25.3015066Z   GRAALVM_HOME: /opt/hostedtoolcache/graalvm-jdk-21_linux-x64_bin/21.0.0/x64/graalvm-jdk-21.0.6+8.1
2025-04-11T03:06:25.3015669Z   NATIVE_IMAGE_CONFIG_FILE: /tmp/native-image-options.properties
2025-04-11T03:06:25.3016111Z   GRADLE_ACTION_ID: gradle/actions/setup-gradle
2025-04-11T03:06:25.3016442Z   GRADLE_USER_HOME: /home/runner/.gradle
2025-04-11T03:06:25.3016758Z   GRADLE_BUILD_ACTION_SETUP_COMPLETED: true
2025-04-11T03:06:25.3017079Z   GRADLE_BUILD_ACTION_CACHE_RESTORED: true
2025-04-11T03:06:25.3017533Z   DEVELOCITY_INJECTION_INIT_SCRIPT_NAME: gradle-actions.inject-develocity.init.gradle
2025-04-11T03:06:25.3018045Z   DEVELOCITY_AUTO_INJECTION_CUSTOM_VALUE: gradle-actions
2025-04-11T03:06:25.3018400Z   GITHUB_DEPENDENCY_GRAPH_ENABLED: false
2025-04-11T03:06:25.3018693Z ##[endgroup]
2025-04-11T03:06:26.0372210Z To honour the JVM settings for this build a single-use Daemon process will be forked. For more on this, please refer to https://docs.gradle.org/8.13/userguide/gradle_daemon.html#sec:disabling_the_daemon in the Gradle documentation.
2025-04-11T03:06:27.0362607Z Daemon will be stopped at the end of the build 
2025-04-11T03:06:36.4357393Z Type-safe project accessors is an incubating feature.
2025-04-11T03:06:41.6371755Z > Task :buildSrc:checkKotlinGradlePluginConfigurationErrors SKIPPED
2025-04-11T03:06:45.3358143Z > Task :buildSrc:pluginDescriptors
2025-04-11T03:06:45.3359511Z > Task :buildSrc:processResources NO-SOURCE
2025-04-11T03:06:50.5358658Z > Task :buildSrc:compileKotlin
2025-04-11T03:06:50.5361001Z > Task :buildSrc:compileJava NO-SOURCE
2025-04-11T03:06:50.5363665Z > Task :buildSrc:compileGroovy NO-SOURCE
2025-04-11T03:06:50.5364237Z > Task :buildSrc:classes UP-TO-DATE
2025-04-11T03:06:50.5364986Z 
2025-04-11T03:06:50.5365834Z > Task :buildSrc:jar
2025-04-11T03:06:50.5369443Z :jar: No valid plugin descriptors were found in META-INF/gradle-plugins
2025-04-11T03:06:55.1356202Z 
2025-04-11T03:06:55.1357233Z > Configure project :
2025-04-11T03:06:55.1358125Z warning: Dokka Gradle plugin V1 is deprecated
2025-04-11T03:06:55.1362774Z     
2025-04-11T03:06:55.1363452Z     Dokka Gradle plugin V1 is deprecated, and will be removed in Dokka version 2.1.0
2025-04-11T03:06:55.1364568Z     Please migrate to Dokka Gradle plugin V2. This will require updating your project.
2025-04-11T03:06:55.1365697Z     To learn about migrating read the migration guide https://kotl.in/dokka-gradle-migration
2025-04-11T03:06:55.1366522Z     
2025-04-11T03:06:55.1367001Z     To start migrating to Dokka Gradle plugin V2 add
2025-04-11T03:06:55.1367886Z         org.jetbrains.dokka.experimental.gradle.pluginMode=V2EnabledWithHelpers
2025-04-11T03:06:55.1368824Z     into your project's `gradle.properties` file.
2025-04-11T03:06:55.1369420Z     
2025-04-11T03:06:55.1369856Z     We would appreciate your feedback!
2025-04-11T03:06:55.1370962Z      - Please report any feedback or problems https://kotl.in/dokka-issues
2025-04-11T03:06:55.1373949Z      - Chat with the community visit #dokka in https://kotlinlang.slack.com/ (To sign up visit https://kotl.in/slack)
2025-04-11T03:06:55.1375122Z     
2025-04-11T03:07:15.4362762Z 
2025-04-11T03:07:15.4370920Z > Configure project :regression-test
2025-04-11T03:07:15.4376712Z w: file:///home/runner/work/okhttp/okhttp/regression-test/build.gradle.kts:13:5: 'targetSdk: Int?' is deprecated. Will be removed from library DSL in v9.0. Use testOptions.targetSdk or/and lint.targetSdk instead
2025-04-11T03:07:18.3356255Z 
2025-04-11T03:07:18.3357338Z > Configure project :samples:tlssurvey
2025-04-11T03:07:18.3358504Z ksp-2.1.0-1.0.29 is too old for kotlin-2.1.10. Please upgrade ksp or downgrade kotlin-gradle-plugin to 2.1.0.
2025-04-11T03:07:18.3360763Z ksp-2.1.0-1.0.29 is too old for kotlin-2.1.10. Please upgrade ksp or downgrade kotlin-gradle-plugin to 2.1.0.
2025-04-11T03:07:18.3361944Z ksp-2.1.0-1.0.29 is too old for kotlin-2.1.10. Please upgrade ksp or downgrade kotlin-gradle-plugin to 2.1.0.
2025-04-11T03:07:18.3363100Z ksp-2.1.0-1.0.29 is too old for kotlin-2.1.10. Please upgrade ksp or downgrade kotlin-gradle-plugin to 2.1.0.
2025-04-11T03:07:21.2361465Z 
2025-04-11T03:07:21.2363524Z > Task :okhttp-idna-mapping-table:checkKotlinGradlePluginConfigurationErrors SKIPPED
2025-04-11T03:07:21.2364648Z > Task :okhttp:checkKotlinGradlePluginConfigurationErrors SKIPPED
2025-04-11T03:07:21.2365391Z > Task :android-test:preBuild UP-TO-DATE
2025-04-11T03:07:21.2365973Z > Task :android-test:preDebugBuild UP-TO-DATE
2025-04-11T03:07:21.3404688Z > Task :spotlessInternalRegisterDependencies
2025-04-11T03:07:21.3405545Z > Task :android-test:mergeDebugJniLibFolders
2025-04-11T03:07:21.3406330Z > Task :android-test:mergeDebugNativeLibs NO-SOURCE
2025-04-11T03:07:21.3407107Z > Task :android-test:stripDebugDebugSymbols NO-SOURCE
2025-04-11T03:07:21.4361165Z > Task :okhttp:copyKotlinTemplates
2025-04-11T03:07:21.4362120Z > Task :android-test:checkKotlinGradlePluginConfigurationErrors SKIPPED
2025-04-11T03:07:21.4362916Z > Task :android-test:generateDebugResValues
2025-04-11T03:07:21.4363521Z > Task :android-test:generateDebugResources
2025-04-11T03:07:21.5369148Z > Task :android-test:packageDebugResources
2025-04-11T03:07:22.2357924Z > Task :android-test:copyDebugJniLibsProjectAndLocalJars
2025-04-11T03:07:22.2411380Z > Task :okhttp:preBuild UP-TO-DATE
2025-04-11T03:07:22.2424996Z > Task :okhttp:preDebugBuild UP-TO-DATE
2025-04-11T03:07:22.2428907Z > Task :okhttp:generateDebugResValues FROM-CACHE
2025-04-11T03:07:22.2429565Z > Task :okhttp:generateDebugResources
2025-04-11T03:07:22.2430120Z > Task :okhttp:packageDebugResources
2025-04-11T03:07:22.3357501Z > Task :okhttp:parseDebugLocalResources
2025-04-11T03:07:22.3363403Z > Task :android-test:parseDebugLocalResources
2025-04-11T03:07:22.4366028Z > Task :android-test:generateDebugRFile
2025-04-11T03:07:22.4372024Z > Task :okhttp:generateDebugRFile
2025-04-11T03:07:22.4377585Z > Task :android-test:extractDeepLinksForAarDebug
2025-04-11T03:07:22.4401534Z > Task :okhttp:javaPreCompileDebug
2025-04-11T03:07:22.4405893Z > Task :android-test:mergeDebugShaders
2025-04-11T03:07:22.4410310Z > Task :android-test:compileDebugShaders NO-SOURCE
2025-04-11T03:07:22.4415283Z > Task :android-test:generateDebugAssets UP-TO-DATE
2025-04-11T03:07:22.4416417Z > Task :okhttp:mergeDebugJniLibFolders
2025-04-11T03:07:22.4417257Z > Task :okhttp:mergeDebugNativeLibs NO-SOURCE
2025-04-11T03:07:22.4451232Z > Task :android-test:mergeDebugAssets
2025-04-11T03:07:22.4452196Z > Task :okhttp:stripDebugDebugSymbols NO-SOURCE
2025-04-11T03:07:22.4452855Z > Task :android-test:javaPreCompileDebug FROM-CACHE
2025-04-11T03:07:22.4453502Z > Task :okhttp:copyDebugJniLibsProjectAndLocalJars
2025-04-11T03:07:22.4454121Z > Task :android-test:prepareDebugArtProfile
2025-04-11T03:07:22.4454746Z > Task :okhttp:extractDeepLinksForAarDebug FROM-CACHE
2025-04-11T03:07:22.4455378Z > Task :android-test:prepareLintJarForPublish
2025-04-11T03:07:22.4455955Z > Task :okhttp:mergeDebugShaders
2025-04-11T03:07:22.4456469Z > Task :okhttp:compileDebugShaders NO-SOURCE
2025-04-11T03:07:22.5360639Z > Task :okhttp:debugAssetsCopyForAGP NO-SOURCE
2025-04-11T03:07:22.5369158Z > Task :okhttp:generateDebugAssets UP-TO-DATE
2025-04-11T03:07:22.5370254Z > Task :okhttp:mergeDebugAssets
2025-04-11T03:07:22.5371287Z > Task :android-test:writeDebugAarMetadata
2025-04-11T03:07:22.6381787Z > Task :okhttp:prepareDebugArtProfile
2025-04-11T03:07:22.6384967Z > Task :okhttp:prepareLintJarForPublish
2025-04-11T03:07:22.6385378Z 
2025-04-11T03:07:22.6385611Z > Task :android-test:processDebugManifest
2025-04-11T03:07:22.6386796Z package="okhttp.android.test" found in source AndroidManifest.xml: /home/runner/work/okhttp/okhttp/android-test/src/main/AndroidManifest.xml.
2025-04-11T03:07:22.6388501Z Setting the namespace via the package attribute in the source AndroidManifest.xml is no longer supported, and the value is ignored.
2025-04-11T03:07:22.6397528Z Recommendation: remove package="okhttp.android.test" from the source AndroidManifest.xml: /home/runner/work/okhttp/okhttp/android-test/src/main/AndroidManifest.xml.
2025-04-11T03:07:22.6398692Z 
2025-04-11T03:07:22.6399017Z > Task :android-test:preDebugAndroidTestBuild UP-TO-DATE
2025-04-11T03:07:22.6399856Z > Task :android-test:generateDebugAndroidTestResValues FROM-CACHE
2025-04-11T03:07:22.6400872Z > Task :android-test:writeDebugLintModelMetadata
2025-04-11T03:07:22.6401502Z > Task :okhttp:writeDebugAarMetadata
2025-04-11T03:07:22.6401870Z 
2025-04-11T03:07:22.6402086Z > Task :okhttp:processDebugManifest
2025-04-11T03:07:22.6403244Z package="okhttp.okhttp3" found in source AndroidManifest.xml: /home/runner/work/okhttp/okhttp/okhttp/src/androidMain/AndroidManifest.xml.
2025-04-11T03:07:22.6404928Z Setting the namespace via the package attribute in the source AndroidManifest.xml is no longer supported, and the value is ignored.
2025-04-11T03:07:22.6406736Z Recommendation: remove package="okhttp.okhttp3" from the source AndroidManifest.xml: /home/runner/work/okhttp/okhttp/okhttp/src/androidMain/AndroidManifest.xml.
2025-04-11T03:07:22.6407864Z 
2025-04-11T03:07:22.6408359Z > Task :logging-interceptor:checkKotlinGradlePluginConfigurationErrors SKIPPED
2025-04-11T03:07:22.6409277Z > Task :android-test:writeFiltersDebugAndroidTest
2025-04-11T03:07:22.6410307Z > Task :logging-interceptor:processResources NO-SOURCE
2025-04-11T03:07:22.6411248Z > Task :logging-interceptor:writeJvmLintModelMetadata
2025-04-11T03:07:22.6411901Z > Task :okhttp:jvmProcessResources
2025-04-11T03:07:22.6412694Z > Task :mockwebserver3:checkKotlinGradlePluginConfigurationErrors SKIPPED
2025-04-11T03:07:22.6413763Z > Task :mockwebserver3-junit4:checkKotlinGradlePluginConfigurationErrors SKIPPED
2025-04-11T03:07:22.6414671Z > Task :mockwebserver3:processResources NO-SOURCE
2025-04-11T03:07:22.6415378Z > Task :mockwebserver3-junit4:processResources NO-SOURCE
2025-04-11T03:07:22.6416054Z > Task :mockwebserver3:writeJvmLintModelMetadata
2025-04-11T03:07:22.6416761Z > Task :mockwebserver3-junit4:writeJvmLintModelMetadata
2025-04-11T03:07:22.6417692Z > Task :mockwebserver3-junit5:checkKotlinGradlePluginConfigurationErrors SKIPPED
2025-04-11T03:07:22.6418558Z > Task :okhttp:writeDebugLintModelMetadata
2025-04-11T03:07:22.6419379Z > Task :okhttp-brotli:checkKotlinGradlePluginConfigurationErrors SKIPPED
2025-04-11T03:07:22.6420258Z > Task :okhttp-brotli:processResources NO-SOURCE
2025-04-11T03:07:22.6421131Z > Task :mockwebserver3-junit5:processResources
2025-04-11T03:07:22.6421786Z > Task :okhttp-brotli:writeJvmLintModelMetadata
2025-04-11T03:07:22.6422470Z > Task :mockwebserver3-junit5:writeJvmLintModelMetadata
2025-04-11T03:07:22.6423380Z > Task :okhttp-dnsoverhttps:checkKotlinGradlePluginConfigurationErrors SKIPPED
2025-04-11T03:07:22.6424394Z > Task :okhttp-sse:checkKotlinGradlePluginConfigurationErrors SKIPPED
2025-04-11T03:07:22.6425145Z > Task :okhttp-sse:processResources NO-SOURCE
2025-04-11T03:07:22.6425816Z > Task :okhttp-dnsoverhttps:processResources NO-SOURCE
2025-04-11T03:07:22.7396444Z > Task :okhttp-sse:writeJvmLintModelMetadata
2025-04-11T03:07:22.7413490Z > Task :okhttp-dnsoverhttps:writeJvmLintModelMetadata
2025-04-11T03:07:22.7415497Z > Task :okhttp-tls:checkKotlinGradlePluginConfigurationErrors SKIPPED
2025-04-11T03:07:22.7416566Z > Task :okhttp-testing-support:checkKotlinGradlePluginConfigurationErrors SKIPPED
2025-04-11T03:07:22.7417825Z > Task :okhttp-tls:processResources NO-SOURCE
2025-04-11T03:07:22.7418522Z > Task :okhttp-testing-support:processResources
2025-04-11T03:07:22.7419157Z > Task :okhttp-tls:writeJvmLintModelMetadata
2025-04-11T03:07:22.7419823Z > Task :okhttp-testing-support:writeJvmLintModelMetadata
2025-04-11T03:07:22.7420696Z > Task :android-test:extractProguardFiles
2025-04-11T03:07:22.7421352Z > Task :android-test:preDebugUnitTestBuild UP-TO-DATE
2025-04-11T03:07:22.7421990Z > Task :okhttp:extractProguardFiles
2025-04-11T03:07:22.7422577Z > Task :okhttp:preDebugAndroidTestBuild UP-TO-DATE
2025-04-11T03:07:22.7423294Z > Task :okhttp:generateDebugAndroidTestResValues FROM-CACHE
2025-04-11T03:07:22.7424019Z > Task :okhttp-idna-mapping-table:processResources
2025-04-11T03:07:22.7424670Z > Task :okhttp:preDebugUnitTestBuild UP-TO-DATE
2025-04-11T03:07:22.7425263Z > Task :okhttp:preReleaseBuild UP-TO-DATE
2025-04-11T03:07:22.7425779Z > Task :okhttp:mergeReleaseJniLibFolders
2025-04-11T03:07:22.7426346Z > Task :okhttp:mergeReleaseNativeLibs NO-SOURCE
2025-04-11T03:07:22.8357582Z > Task :okhttp:stripReleaseDebugSymbols NO-SOURCE
2025-04-11T03:07:22.8358410Z > Task :okhttp:copyReleaseJniLibsProjectAndLocalJars
2025-04-11T03:07:22.8359835Z > Task :okhttp:generateReleaseResValues FROM-CACHE
2025-04-11T03:07:22.8360724Z > Task :okhttp:extractDeepLinksForAarRelease FROM-CACHE
2025-04-11T03:07:22.8361362Z > Task :okhttp:generateReleaseResources
2025-04-11T03:07:22.8361953Z > Task :android-test-app:buildKotlinToolingMetadata
2025-04-11T03:07:22.8362942Z > Task :android-test-app:checkKotlinGradlePluginConfigurationErrors SKIPPED
2025-04-11T03:07:22.8364186Z > Task :android-test-app:preBuild UP-TO-DATE
2025-04-11T03:07:22.8365211Z > Task :android-test-app:preReleaseBuild UP-TO-DATE
2025-04-11T03:07:22.9386558Z > Task :okhttp:packageReleaseResources
2025-04-11T03:07:22.9387666Z > Task :android-test-app:generateReleaseResValues FROM-CACHE
2025-04-11T03:07:22.9389005Z > Task :okhttp:parseReleaseLocalResources FROM-CACHE
2025-04-11T03:07:22.9390293Z > Task :okhttp:generateReleaseRFile FROM-CACHE
2025-04-11T03:07:22.9391344Z > Task :okhttp:mergeReleaseShaders
2025-04-11T03:07:22.9392132Z > Task :okhttp:compileReleaseShaders NO-SOURCE
2025-04-11T03:07:22.9393033Z > Task :okhttp:generateReleaseAssets UP-TO-DATE
2025-04-11T03:07:22.9393869Z > Task :okhttp:releaseAssetsCopyForAGP NO-SOURCE
2025-04-11T03:07:22.9394657Z > Task :okhttp:mergeReleaseAssets
2025-04-11T03:07:23.0373494Z > Task :okhttp:javaPreCompileRelease FROM-CACHE
2025-04-11T03:07:23.0374528Z > Task :okhttp:prepareReleaseArtProfile
2025-04-11T03:07:23.0376669Z > Task :okhttp:processReleaseManifest FROM-CACHE
2025-04-11T03:07:23.1401563Z > Task :okhttp:writeReleaseAarMetadata
2025-04-11T03:07:23.1402556Z > Task :okhttp:extractDeepLinksRelease
2025-04-11T03:07:23.1403370Z > Task :okhttp:writeReleaseLintModelMetadata
2025-04-11T03:07:23.1404241Z > Task :okhttp:preReleaseUnitTestBuild UP-TO-DATE
2025-04-11T03:07:23.1405119Z > Task :container-tests:check
2025-04-11T03:07:23.1405936Z > Task :logging-interceptor:sympathyForMrMaven
2025-04-11T03:07:23.1406985Z > Task :mockwebserver:checkKotlinGradlePluginConfigurationErrors SKIPPED
2025-04-11T03:07:23.1408055Z > Task :mockwebserver:processResources NO-SOURCE
2025-04-11T03:07:23.1408947Z > Task :mockwebserver:sympathyForMrMaven
2025-04-11T03:07:23.2374601Z > Task :mockwebserver3:sympathyForMrMaven
2025-04-11T03:07:23.2379025Z > Task :mockwebserver3-junit4:sympathyForMrMaven
2025-04-11T03:07:23.2381444Z > Task :mockwebserver3-junit5:sympathyForMrMaven
2025-04-11T03:07:23.2384021Z > Task :native-image-tests:checkKotlinGradlePluginConfigurationErrors SKIPPED
2025-04-11T03:07:23.2385585Z > Task :okhttp-java-net-cookiejar:checkKotlinGradlePluginConfigurationErrors SKIPPED
2025-04-11T03:07:23.2386749Z > Task :okhttp-java-net-cookiejar:processResources NO-SOURCE
2025-04-11T03:07:23.2387633Z > Task :native-image-tests:processResources NO-SOURCE
2025-04-11T03:07:23.2392055Z > Task :mockwebserver:writeJvmLintModelMetadata
2025-04-11T03:07:23.2394350Z > Task :okhttp-java-net-cookiejar:writeJvmLintModelMetadata
2025-04-11T03:07:23.9383673Z > Task :native-image-tests:sympathyForMrMaven
2025-04-11T03:07:23.9384534Z > Task :okcurl:checkKotlinGradlePluginConfigurationErrors SKIPPED
2025-04-11T03:07:24.0372152Z > Task :okcurl:copyResourcesTemplates
2025-04-11T03:07:24.0376659Z > Task :okcurl:processResources
2025-04-11T03:07:24.0380611Z > Task :okcurl:sympathyForMrMaven
2025-04-11T03:07:24.0384867Z > Task :okhttp-coroutines:checkKotlinGradlePluginConfigurationErrors SKIPPED
2025-04-11T03:07:24.0389382Z > Task :okhttp-coroutines:processResources NO-SOURCE
2025-04-11T03:07:24.0392242Z > Task :okhttp-urlconnection:checkKotlinGradlePluginConfigurationErrors SKIPPED
2025-04-11T03:07:24.0393547Z > Task :okhttp-urlconnection:processResources NO-SOURCE
2025-04-11T03:07:24.1401972Z > Task :okhttp:jvmTestProcessResources
2025-04-11T03:07:24.3355926Z > Task :android-test-app:mapReleaseSourceSetPaths
2025-04-11T03:07:24.4384713Z > Task :okhttp:checkDebugUnitTestAarMetadata
2025-04-11T03:07:24.4385689Z > Task :android-test-app:checkReleaseAarMetadata
2025-04-11T03:07:24.4386589Z > Task :android-test-app:generateReleaseResources
2025-04-11T03:07:25.4431857Z > Task :okhttp:compileDebugLibraryResources
2025-04-11T03:07:25.4456966Z > Task :okhttp:generateDebugUnitTestResValues FROM-CACHE
2025-04-11T03:07:25.5402111Z > Task :okhttp:mapDebugUnitTestSourceSetPaths
2025-04-11T03:07:25.5403209Z > Task :okhttp:generateDebugUnitTestResources
2025-04-11T03:07:26.7363089Z > Task :okhttp:mergeDebugUnitTestResources
2025-04-11T03:07:26.7367239Z > Task :android-test-app:packageReleaseResources
2025-04-11T03:07:26.8357370Z > Task :android-test-app:parseReleaseLocalResources
2025-04-11T03:07:26.8364073Z > Task :android-test-app:createReleaseCompatibleScreenManifests
2025-04-11T03:07:26.8364941Z > Task :android-test-app:extractDeepLinksRelease FROM-CACHE
2025-04-11T03:07:27.0395436Z > Task :android-test-app:mergeReleaseResources
2025-04-11T03:07:27.0396574Z > Task :okhttp:extractDeepLinksDebug FROM-CACHE
2025-04-11T03:07:27.3392200Z > Task :okhttp:processDebugUnitTestManifest
2025-04-11T03:07:27.3393351Z 
2025-04-11T03:07:27.3393865Z > Task :android-test-app:processReleaseMainManifest
2025-04-11T03:07:27.3395370Z package="okhttp.android.testapp" found in source AndroidManifest.xml: /home/runner/work/okhttp/okhttp/android-test-app/src/main/AndroidManifest.xml.
2025-04-11T03:07:27.3397039Z Setting the namespace via the package attribute in the source AndroidManifest.xml is no longer supported, and the value is ignored.
2025-04-11T03:07:27.3398821Z Recommendation: remove package="okhttp.android.testapp" from the source AndroidManifest.xml: /home/runner/work/okhttp/okhttp/android-test-app/src/main/AndroidManifest.xml.
2025-04-11T03:07:27.5355211Z 
2025-04-11T03:07:27.5357750Z > Task :android-test-app:processReleaseManifest
2025-04-11T03:07:27.5363591Z > Task :android-test-app:processReleaseManifestForPackage
2025-04-11T03:07:27.7386217Z > Task :okhttp:processDebugUnitTestResources
2025-04-11T03:07:27.7387818Z > Task :android-test-app:javaPreCompileRelease FROM-CACHE
2025-04-11T03:07:27.7388637Z > Task :android-test-app:preReleaseAndroidTestBuild SKIPPED
2025-04-11T03:07:27.8359506Z > Task :android-test-app:generateReleaseAndroidTestResValues FROM-CACHE
2025-04-11T03:07:27.8360848Z > Task :android-test-app:extractProguardFiles
2025-04-11T03:07:27.8361783Z > Task :android-test-app:preReleaseUnitTestBuild UP-TO-DATE
2025-04-11T03:07:27.8362788Z > Task :okhttp:javaPreCompileDebugUnitTest FROM-CACHE
2025-04-11T03:07:27.8363637Z > Task :okhttp:generateDebugUnitTestAssets UP-TO-DATE
2025-04-11T03:07:27.9441941Z > Task :okhttp:mergeDebugUnitTestAssets
2025-04-11T03:07:27.9456696Z > Task :okhttp:packageDebugUnitTestForUnitTest
2025-04-11T03:07:27.9457716Z > Task :okhttp:generateDebugUnitTestConfig
2025-04-11T03:07:28.0357596Z > Task :okhttp:checkReleaseUnitTestAarMetadata
2025-04-11T03:07:28.0358689Z > Task :okhttp:compileReleaseLibraryResources
2025-04-11T03:07:28.0359686Z > Task :okhttp:generateReleaseUnitTestResValues FROM-CACHE
2025-04-11T03:07:28.1376835Z > Task :okhttp:mapReleaseUnitTestSourceSetPaths
2025-04-11T03:07:28.1411352Z > Task :okhttp:generateReleaseUnitTestResources
2025-04-11T03:07:28.2357345Z > Task :okhttp:mergeReleaseUnitTestResources
2025-04-11T03:07:28.2358491Z > Task :android-test-app:processReleaseResources
2025-04-11T03:07:28.2359366Z > Task :okhttp-bom:check UP-TO-DATE
2025-04-11T03:07:28.2360202Z > Task :okhttp:processReleaseUnitTestManifest
2025-04-11T03:07:28.3385615Z > Task :okhttp-brotli:sympathyForMrMaven
2025-04-11T03:07:28.3389945Z > Task :okhttp-coroutines:sympathyForMrMaven
2025-04-11T03:07:28.3391065Z > Task :okhttp:javaPreCompileReleaseUnitTest FROM-CACHE
2025-04-11T03:07:28.3392029Z > Task :okhttp:generateReleaseUnitTestAssets UP-TO-DATE
2025-04-11T03:07:28.3392962Z > Task :okhttp:mergeReleaseUnitTestAssets
2025-04-11T03:07:28.3393662Z > Task :okhttp:compileJava NO-SOURCE
2025-04-11T03:07:28.3394358Z > Task :okhttp:processResources
2025-04-11T03:07:28.3394959Z > Task :okhttp:classes
2025-04-11T03:07:28.6356456Z > Task :okhttp:processReleaseUnitTestResources
2025-04-11T03:07:28.6393003Z > Task :okhttp-dnsoverhttps:sympathyForMrMaven
2025-04-11T03:07:28.6396810Z > Task :okhttp-hpacktests:checkKotlinGradlePluginConfigurationErrors SKIPPED
2025-04-11T03:07:28.6399351Z > Task :okhttp-hpacktests:compileKotlin NO-SOURCE
2025-04-11T03:07:28.6402119Z > Task :okhttp-hpacktests:compileJava NO-SOURCE
2025-04-11T03:07:28.6410100Z > Task :okhttp-hpacktests:processResources NO-SOURCE
2025-04-11T03:07:28.6441157Z > Task :okhttp-hpacktests:classes UP-TO-DATE
2025-04-11T03:07:28.6456461Z > Task :okhttp-hpacktests:animalsnifferMain SKIPPED
2025-04-11T03:07:28.6457172Z > Task :okhttp-hpacktests:checkstyleMain NO-SOURCE
2025-04-11T03:07:28.8373288Z > Task :okhttp-hpacktests:generateJvmMainLintModel
2025-04-11T03:07:29.5362174Z > Task :okhttp-hpacktests:jar
2025-04-11T03:07:30.4367306Z 
2025-04-11T03:07:30.4400861Z > Task :okhttp:animalsnifferMain
2025-04-11T03:07:30.4408889Z [/home/runner/work/okhttp/okhttp/okhttp/src/androidDebug/kotlin, /home/runner/work/okhttp/okhttp/okhttp/src/debug/java, /home/runner/work/okhttp/okhttp/okhttp/src/debug/kotlin]
2025-04-11T03:07:30.4411889Z [/home/runner/work/okhttp/okhttp/okhttp/src/androidInstrumentedTest/kotlin, /home/runner/work/okhttp/okhttp/okhttp/src/androidTest/java, /home/runner/work/okhttp/okhttp/okhttp/src/androidTest/kotlin]
2025-04-11T03:07:30.4414975Z [/home/runner/work/okhttp/okhttp/okhttp/src/androidInstrumentedTestDebug/kotlin, /home/runner/work/okhttp/okhttp/okhttp/src/androidTestDebug/java, /home/runner/work/okhttp/okhttp/okhttp/src/androidTestDebug/kotlin]
2025-04-11T03:07:30.4417799Z [/home/runner/work/okhttp/okhttp/okhttp/src/androidMain/kotlin, /home/runner/work/okhttp/okhttp/okhttp/src/main/java, /home/runner/work/okhttp/okhttp/okhttp/src/main/kotlin]
2025-04-11T03:07:30.4420339Z [/home/runner/work/okhttp/okhttp/okhttp/src/androidRelease/kotlin, /home/runner/work/okhttp/okhttp/okhttp/src/release/java, /home/runner/work/okhttp/okhttp/okhttp/src/release/kotlin]
2025-04-11T03:07:30.4423148Z [/home/runner/work/okhttp/okhttp/okhttp/src/androidUnitTest/kotlin, /home/runner/work/okhttp/okhttp/okhttp/src/test/java, /home/runner/work/okhttp/okhttp/okhttp/src/test/kotlin]
2025-04-11T03:07:30.4425864Z [/home/runner/work/okhttp/okhttp/okhttp/src/androidUnitTestDebug/kotlin, /home/runner/work/okhttp/okhttp/okhttp/src/testDebug/java, /home/runner/work/okhttp/okhttp/okhttp/src/testDebug/kotlin]
2025-04-11T03:07:30.4428743Z [/home/runner/work/okhttp/okhttp/okhttp/src/androidUnitTestRelease/kotlin, /home/runner/work/okhttp/okhttp/okhttp/src/testRelease/java, /home/runner/work/okhttp/okhttp/okhttp/src/testRelease/kotlin]
2025-04-11T03:07:30.4432070Z [/home/runner/work/okhttp/okhttp/okhttp/src/commonJvmAndroid/kotlin, /home/runner/work/okhttp/okhttp/okhttp/build/generated/sources/kotlinTemplates, /home/runner/work/okhttp/okhttp/okhttp/build/generated/sources/idnaMappingTable]
2025-04-11T03:07:30.4434581Z [/home/runner/work/okhttp/okhttp/okhttp/src/commonMain/kotlin]
2025-04-11T03:07:30.4435932Z [/home/runner/work/okhttp/okhttp/okhttp/src/commonTest/kotlin]
2025-04-11T03:07:30.4436959Z [/home/runner/work/okhttp/okhttp/okhttp/src/jvmMain/kotlin]
2025-04-11T03:07:30.4437894Z [/home/runner/work/okhttp/okhttp/okhttp/src/jvmTest/kotlin]
2025-04-11T03:07:33.6357351Z 
2025-04-11T03:07:33.6358293Z > Task :okhttp:packageReleaseUnitTestForUnitTest
2025-04-11T03:07:33.6359139Z > Task :okhttp:generateReleaseUnitTestConfig
2025-04-11T03:07:33.6359895Z > Task :okhttp:klibApiExtractForValidation SKIPPED
2025-04-11T03:07:33.6360872Z > Task :okhttp:klibApiMerge SKIPPED
2025-04-11T03:07:33.6361555Z > Task :okhttp:klibApiCheck SKIPPED
2025-04-11T03:07:33.6362249Z > Task :okhttp:checkstyleMain NO-SOURCE
2025-04-11T03:07:33.6362754Z 
2025-04-11T03:07:33.6363095Z > Task :okhttp:sympathyForMrMaven
2025-04-11T03:07:33.6363813Z [maven-sympathy] No configurations detected!
2025-04-11T03:07:34.0359740Z 
2025-04-11T03:07:34.0360924Z > Task :okhttp-hpacktests:sympathyForMrMaven
2025-04-11T03:07:34.1358159Z > Task :okhttp-idna-mapping-table:sympathyForMrMaven
2025-04-11T03:07:34.2357200Z > Task :okhttp-java-net-cookiejar:sympathyForMrMaven
2025-04-11T03:07:34.2358510Z > Task :okhttp-osgi-tests:checkKotlinGradlePluginConfigurationErrors SKIPPED
2025-04-11T03:07:34.2359586Z > Task :okhttp-osgi-tests:processResources NO-SOURCE
2025-04-11T03:07:34.2360697Z > Task :okhttp-coroutines:writeJvmLintModelMetadata
2025-04-11T03:07:34.2361595Z > Task :okhttp-urlconnection:writeJvmLintModelMetadata
2025-04-11T03:07:34.6371437Z > Task :okhttp-osgi-tests:sympathyForMrMaven
2025-04-11T03:07:34.7356722Z > Task :okhttp-sse:sympathyForMrMaven
2025-04-11T03:07:34.8381996Z > Task :okhttp-testing-support:sympathyForMrMaven
2025-04-11T03:07:34.9360194Z > Task :okhttp-tls:sympathyForMrMaven
2025-04-11T03:07:34.9361507Z > Task :okhttp-urlconnection:sympathyForMrMaven
2025-04-11T03:07:34.9362343Z > Task :regression-test:preBuild UP-TO-DATE
2025-04-11T03:07:34.9363641Z > Task :regression-test:preDebugBuild UP-TO-DATE
2025-04-11T03:07:34.9364474Z > Task :regression-test:mergeDebugJniLibFolders
2025-04-11T03:07:34.9365318Z > Task :regression-test:mergeDebugNativeLibs NO-SOURCE
2025-04-11T03:07:34.9366194Z > Task :regression-test:stripDebugDebugSymbols NO-SOURCE
2025-04-11T03:07:34.9367137Z > Task :regression-test:copyDebugJniLibsProjectAndLocalJars
2025-04-11T03:07:34.9368253Z > Task :regression-test:checkKotlinGradlePluginConfigurationErrors SKIPPED
2025-04-11T03:07:34.9369301Z > Task :regression-test:generateDebugResValues FROM-CACHE
2025-04-11T03:07:34.9370146Z > Task :regression-test:generateDebugResources
2025-04-11T03:07:35.0374761Z > Task :regression-test:packageDebugResources
2025-04-11T03:07:35.0380198Z > Task :regression-test:parseDebugLocalResources
2025-04-11T03:07:35.1356564Z > Task :regression-test:generateDebugRFile
2025-04-11T03:07:35.1361484Z > Task :regression-test:compileDebugKotlin NO-SOURCE
2025-04-11T03:07:37.1356311Z > Task :regression-test:extractDebugAnnotations
2025-04-11T03:07:37.1361237Z > Task :regression-test:extractDeepLinksForAarDebug FROM-CACHE
2025-04-11T03:07:37.1365611Z > Task :regression-test:mergeDebugShaders
2025-04-11T03:07:37.1369975Z > Task :regression-test:compileDebugShaders NO-SOURCE
2025-04-11T03:07:37.1374349Z > Task :regression-test:generateDebugAssets UP-TO-DATE
2025-04-11T03:07:37.1378545Z > Task :regression-test:mergeDebugAssets
2025-04-11T03:07:37.1383098Z > Task :regression-test:javaPreCompileDebug FROM-CACHE
2025-04-11T03:07:37.1387613Z > Task :regression-test:compileDebugJavaWithJavac NO-SOURCE
2025-04-11T03:07:37.2357513Z > Task :regression-test:mergeDebugGeneratedProguardFiles
2025-04-11T03:07:37.2358941Z > Task :regression-test:mergeDebugConsumerProguardFiles
2025-04-11T03:07:37.2359954Z > Task :regression-test:prepareDebugArtProfile
2025-04-11T03:07:37.2365739Z > Task :regression-test:prepareLintJarForPublish
2025-04-11T03:07:37.2367698Z 
2025-04-11T03:07:37.2368435Z > Task :regression-test:processDebugManifest
2025-04-11T03:07:37.2371899Z package="okhttp.android.regression" found in source AndroidManifest.xml: /home/runner/work/okhttp/okhttp/regression-test/src/main/AndroidManifest.xml.
2025-04-11T03:07:37.2374215Z Setting the namespace via the package attribute in the source AndroidManifest.xml is no longer supported, and the value is ignored.
2025-04-11T03:07:37.2376597Z Recommendation: remove package="okhttp.android.regression" from the source AndroidManifest.xml: /home/runner/work/okhttp/okhttp/regression-test/src/main/AndroidManifest.xml.
2025-04-11T03:07:37.2378017Z 
2025-04-11T03:07:37.2378448Z > Task :regression-test:processDebugJavaRes NO-SOURCE
2025-04-11T03:07:37.4357834Z > Task :regression-test:mergeDebugJavaResource
2025-04-11T03:07:37.4358874Z > Task :regression-test:syncDebugLibJars
2025-04-11T03:07:37.4360982Z > Task :regression-test:writeDebugAarMetadata
2025-04-11T03:07:37.4361545Z 
2025-04-11T03:07:37.4362939Z > Task :okhttp-idna-mapping-table:compileKotlin
2025-04-11T03:07:37.4364256Z w: Opt-in requirement marker okhttp3.ExperimentalOkHttpApi is unresolved. Please make sure it's present in the module dependencies
2025-04-11T03:07:37.5356032Z 
2025-04-11T03:07:37.5359443Z > Task :regression-test:bundleDebugLocalLintAar
2025-04-11T03:07:37.5360899Z > Task :okhttp-idna-mapping-table:compileJava NO-SOURCE
2025-04-11T03:07:37.5362352Z > Task :okhttp-idna-mapping-table:classes
2025-04-11T03:07:37.6357055Z > Task :regression-test:bundleLibRuntimeToJarDebug
2025-04-11T03:07:37.6358243Z > Task :regression-test:createFullJarDebug
2025-04-11T03:07:37.6359194Z > Task :regression-test:preDebugAndroidTestBuild UP-TO-DATE
2025-04-11T03:07:37.6365057Z > Task :regression-test:generateDebugAndroidTestResValues FROM-CACHE
2025-04-11T03:07:37.6367366Z > Task :regression-test:writeDebugLintModelMetadata
2025-04-11T03:07:37.9357202Z > Task :okhttp-idna-mapping-table:jar
2025-04-11T03:07:39.1355991Z > Task :okhttp:generateIdnaMappingTable
2025-04-11T03:07:40.2356277Z > Task :regression-test:generateDebugAndroidTestLintModel
2025-04-11T03:07:41.6358643Z 
2025-04-11T03:07:41.6372638Z > Task :okhttp-idna-mapping-table:animalsnifferMain
2025-04-11T03:07:41.6373709Z 
2025-04-11T03:07:41.6379961Z 7 AnimalSniffer violations were found in 4 files. See the report at: file:////home/runner/work/okhttp/okhttp/okhttp-idna-mapping-table/build/reports/animalsniffer/main.text
2025-04-11T03:07:41.6381794Z 
2025-04-11T03:07:41.6382724Z [Undefined reference | android-api-level-21-5.0.1_r2] okhttp3.internal.idn.(GenerateIdnaMappingTableCode.kt:86)
2025-04-11T03:07:41.6385571Z   >> java.util.stream.IntStream String.codePoints()
2025-04-11T03:07:41.6387218Z 
2025-04-11T03:07:41.6388270Z [Undefined reference | android-api-level-21-5.0.1_r2] okhttp3.internal.idn.(GenerateIdnaMappingTableCode.kt:86)
2025-04-11T03:07:41.6389652Z   >> java.util.PrimitiveIterator.OfInt java.util.stream.IntStream.iterator()
2025-04-11T03:07:41.6402188Z 
2025-04-11T03:07:41.6403435Z [Undefined reference | android-api-level-21-5.0.1_r2] okhttp3.internal.idn.(GenerateIdnaMappingTableCode.kt:86)
2025-04-11T03:07:41.6404533Z   >> boolean java.util.PrimitiveIterator.OfInt.hasNext()
2025-04-11T03:07:41.6404994Z 
2025-04-11T03:07:41.6405621Z [Undefined reference | android-api-level-21-5.0.1_r2] okhttp3.internal.idn.(GenerateIdnaMappingTableCode.kt:86)
2025-04-11T03:07:41.6406702Z   >> Integer java.util.PrimitiveIterator.OfInt.next()
2025-04-11T03:07:41.6407136Z 
2025-04-11T03:07:41.6407662Z [Undefined reference | android-api-level-21-5.0.1_r2] okhttp3.internal.idn.(MappedRange.kt:1)
2025-04-11T03:07:41.6408497Z   >> int Integer.hashCode(int)
2025-04-11T03:07:41.6408798Z 
2025-04-11T03:07:41.6409334Z [Undefined reference | android-api-level-21-5.0.1_r2] okhttp3.internal.idn.(SimpleIdnaMappingTable.kt:1)
2025-04-11T03:07:41.6410354Z   >> int Integer.hashCode(int)
2025-04-11T03:07:41.6410938Z 
2025-04-11T03:07:41.6411725Z [Undefined reference | android-api-level-21-5.0.1_r2] okhttp3.internal.idn.(MappingTables.kt:116)
2025-04-11T03:07:41.6412982Z   >> java.util.stream.IntStream String.codePoints()
2025-04-11T03:07:41.6413527Z 
2025-04-11T03:07:44.9357098Z 
2025-04-11T03:07:44.9358927Z > Task :okhttp-hpacktests:lintAnalyzeJvmMain
2025-04-11T03:07:51.3356023Z > Task :spotlessKotlin
2025-04-11T03:08:09.1356339Z > Task :okhttp:compileDebugKotlinAndroid
2025-04-11T03:08:11.6383770Z > Task :okhttp:compileKotlinJvm
2025-04-11T03:08:14.9363064Z > Task :okhttp:compileReleaseKotlinAndroid
2025-04-11T03:08:18.4390284Z > Task :spotlessKotlinCheck
2025-04-11T03:08:18.4391398Z > Task :spotlessCheck
2025-04-11T03:08:18.4392084Z > Task :check
2025-04-11T03:08:18.5373338Z > Task :okhttp-idna-mapping-table:checkstyleMain NO-SOURCE
2025-04-11T03:08:18.5374573Z > Task :okhttp-idna-mapping-table:generateJvmMainLintModel
2025-04-11T03:08:18.6356262Z > Task :okhttp-idna-mapping-table:generateJvmTestLintModel
2025-04-11T03:08:32.6355999Z > Task :okhttp-idna-mapping-table:lintAnalyzeJvmMain
2025-04-11T03:08:36.5355210Z 
2025-04-11T03:08:36.5356985Z > Task :okhttp:compileDebugKotlinAndroid
2025-04-11T03:08:36.5359703Z w: file:///home/runner/work/okhttp/okhttp/okhttp/src/androidMain/kotlin/okhttp3/internal/platform/PlatformRegistry.kt:21:1 'expect'/'actual' classes (including interfaces, objects, annotations, enums, and 'actual' typealiases) are in Beta. You can use -Xexpect-actual-classes flag to suppress this warning. Also see: https://youtrack.jetbrains.com/issue/KT-61573
2025-04-11T03:08:36.5363697Z w: file:///home/runner/work/okhttp/okhttp/okhttp/src/commonJvmAndroid/kotlin/okhttp3/internal/-HeadersCommon.kt:176:13 Condition is always 'true'.
2025-04-11T03:08:36.5370190Z w: file:///home/runner/work/okhttp/okhttp/okhttp/src/commonJvmAndroid/kotlin/okhttp3/internal/-HeadersCommon.kt:205:33 Unchecked cast of 'kotlin.Array<kotlin.String?>' to 'kotlin.Array<kotlin.String>'.
2025-04-11T03:08:36.5373381Z w: file:///home/runner/work/okhttp/okhttp/okhttp/src/commonJvmAndroid/kotlin/okhttp3/internal/-ResponseCommon.kt:83:1 '@JvmOverloads' annotation has no effect for methods without default arguments.
2025-04-11T03:08:36.5376921Z w: file:///home/runner/work/okhttp/okhttp/okhttp/src/commonJvmAndroid/kotlin/okhttp3/internal/SuppressSignatureCheck.kt:25:1 This annotation is deprecated in Kotlin. Use '@kotlin.annotation.MustBeDocumented' instead.
2025-04-11T03:08:36.5379729Z w: file:///home/runner/work/okhttp/okhttp/okhttp/src/commonJvmAndroid/kotlin/okhttp3/internal/http/BridgeInterceptor.kt:99:11 Condition is always 'true'.
2025-04-11T03:08:36.5383661Z w: file:///home/runner/work/okhttp/okhttp/okhttp/src/commonJvmAndroid/kotlin/okhttp3/internal/platform/PlatformRegistry.kt:3:1 'expect'/'actual' classes (including interfaces, objects, annotations, enums, and 'actual' typealiases) are in Beta. You can use -Xexpect-actual-classes flag to suppress this warning. Also see: https://youtrack.jetbrains.com/issue/KT-61573
2025-04-11T03:08:36.8355017Z 
2025-04-11T03:08:36.8356066Z > Task :okhttp-idna-mapping-table:lintAnalyzeJvmTest
2025-04-11T03:08:36.8356834Z 
2025-04-11T03:08:36.8361083Z > Task :okhttp:compileKotlinJvm
2025-04-11T03:08:36.8363662Z w: file:///home/runner/work/okhttp/okhttp/okhttp/src/commonJvmAndroid/kotlin/okhttp3/internal/-HeadersCommon.kt:176:13 Condition is always 'true'.
2025-04-11T03:08:36.8366384Z w: file:///home/runner/work/okhttp/okhttp/okhttp/src/commonJvmAndroid/kotlin/okhttp3/internal/-HeadersCommon.kt:205:33 Unchecked cast of 'kotlin.Array<kotlin.String?>' to 'kotlin.Array<kotlin.String>'.
2025-04-11T03:08:36.8372100Z w: file:///home/runner/work/okhttp/okhttp/okhttp/src/commonJvmAndroid/kotlin/okhttp3/internal/-ResponseCommon.kt:83:1 '@JvmOverloads' annotation has no effect for methods without default arguments.
2025-04-11T03:08:36.8374945Z w: file:///home/runner/work/okhttp/okhttp/okhttp/src/commonJvmAndroid/kotlin/okhttp3/internal/SuppressSignatureCheck.kt:25:1 This annotation is deprecated in Kotlin. Use '@kotlin.annotation.MustBeDocumented' instead.
2025-04-11T03:08:36.8377573Z w: file:///home/runner/work/okhttp/okhttp/okhttp/src/commonJvmAndroid/kotlin/okhttp3/internal/http/BridgeInterceptor.kt:99:11 Condition is always 'true'.
2025-04-11T03:08:36.8381566Z w: file:///home/runner/work/okhttp/okhttp/okhttp/src/commonJvmAndroid/kotlin/okhttp3/internal/platform/PlatformRegistry.kt:3:1 'expect'/'actual' classes (including interfaces, objects, annotations, enums, and 'actual' typealiases) are in Beta. You can use -Xexpect-actual-classes flag to suppress this warning. Also see: https://youtrack.jetbrains.com/issue/KT-61573
2025-04-11T03:08:36.8386225Z w: file:///home/runner/work/okhttp/okhttp/okhttp/src/jvmMain/kotlin/okhttp3/internal/platform/PlatformRegistry.kt:5:1 'expect'/'actual' classes (including interfaces, objects, annotations, enums, and 'actual' typealiases) are in Beta. You can use -Xexpect-actual-classes flag to suppress this warning. Also see: https://youtrack.jetbrains.com/issue/KT-61573
2025-04-11T03:08:36.9357783Z 
2025-04-11T03:08:36.9362132Z > Task :okhttp:jvmMainClasses
2025-04-11T03:08:36.9366857Z > Task :okhttp-idna-mapping-table:lintReportJvm
2025-04-11T03:08:36.9367893Z > Task :okhttp-idna-mapping-table:lintJvm
2025-04-11T03:08:36.9368626Z > Task :okhttp-idna-mapping-table:lint
2025-04-11T03:08:36.9369192Z > Task :okhttp-idna-mapping-table:check
2025-04-11T03:08:36.9369750Z > Task :regression-test:extractProguardFiles
2025-04-11T03:08:36.9370116Z 
2025-04-11T03:08:36.9370333Z > Task :okhttp:compileReleaseKotlinAndroid
2025-04-11T03:08:36.9372972Z w: file:///home/runner/work/okhttp/okhttp/okhttp/src/androidMain/kotlin/okhttp3/internal/platform/PlatformRegistry.kt:21:1 'expect'/'actual' classes (including interfaces, objects, annotations, enums, and 'actual' typealiases) are in Beta. You can use -Xexpect-actual-classes flag to suppress this warning. Also see: https://youtrack.jetbrains.com/issue/KT-61573
2025-04-11T03:08:36.9376280Z w: file:///home/runner/work/okhttp/okhttp/okhttp/src/commonJvmAndroid/kotlin/okhttp3/internal/-HeadersCommon.kt:176:13 Condition is always 'true'.
2025-04-11T03:08:36.9378591Z w: file:///home/runner/work/okhttp/okhttp/okhttp/src/commonJvmAndroid/kotlin/okhttp3/internal/-HeadersCommon.kt:205:33 Unchecked cast of 'kotlin.Array<kotlin.String?>' to 'kotlin.Array<kotlin.String>'.
2025-04-11T03:08:36.9381744Z w: file:///home/runner/work/okhttp/okhttp/okhttp/src/commonJvmAndroid/kotlin/okhttp3/internal/-ResponseCommon.kt:83:1 '@JvmOverloads' annotation has no effect for methods without default arguments.
2025-04-11T03:08:36.9384516Z w: file:///home/runner/work/okhttp/okhttp/okhttp/src/commonJvmAndroid/kotlin/okhttp3/internal/SuppressSignatureCheck.kt:25:1 This annotation is deprecated in Kotlin. Use '@kotlin.annotation.MustBeDocumented' instead.
2025-04-11T03:08:36.9387052Z w: file:///home/runner/work/okhttp/okhttp/okhttp/src/commonJvmAndroid/kotlin/okhttp3/internal/http/BridgeInterceptor.kt:99:11 Condition is always 'true'.
2025-04-11T03:08:36.9390613Z w: file:///home/runner/work/okhttp/okhttp/okhttp/src/commonJvmAndroid/kotlin/okhttp3/internal/platform/PlatformRegistry.kt:3:1 'expect'/'actual' classes (including interfaces, objects, annotations, enums, and 'actual' typealiases) are in Beta. You can use -Xexpect-actual-classes flag to suppress this warning. Also see: https://youtrack.jetbrains.com/issue/KT-61573
2025-04-11T03:08:37.0363047Z 
2025-04-11T03:08:37.0363931Z > Task :regression-test:generateDebugLintReportModel
2025-04-11T03:08:37.0366752Z > Task :regression-test:preDebugUnitTestBuild UP-TO-DATE
2025-04-11T03:08:37.0367661Z > Task :samples:compare:checkKotlinGradlePluginConfigurationErrors SKIPPED
2025-04-11T03:08:37.0368529Z > Task :samples:compare:compileKotlin NO-SOURCE
2025-04-11T03:08:37.0369147Z > Task :samples:compileJava NO-SOURCE
2025-04-11T03:08:37.0369726Z > Task :samples:compare:compileJava NO-SOURCE
2025-04-11T03:08:37.0370348Z > Task :samples:processResources NO-SOURCE
2025-04-11T03:08:37.0371196Z > Task :samples:compare:processResources NO-SOURCE
2025-04-11T03:08:37.0371820Z > Task :samples:classes UP-TO-DATE
2025-04-11T03:08:37.0372364Z > Task :samples:compare:classes UP-TO-DATE
2025-04-11T03:08:37.0379254Z > Task :samples:compare:animalsnifferMain SKIPPED
2025-04-11T03:08:37.0379900Z > Task :samples:animalsnifferMain SKIPPED
2025-04-11T03:08:37.0380974Z > Task :samples:compare:checkstyleMain NO-SOURCE
2025-04-11T03:08:37.0381637Z > Task :samples:checkstyleMain NO-SOURCE
2025-04-11T03:08:37.0382257Z > Task :samples:compare:generateJvmMainLintModel
2025-04-11T03:08:37.0382962Z > Task :regression-test:generateDebugUnitTestLintModel
2025-04-11T03:08:37.1374042Z > Task :samples:compare:jar
2025-04-11T03:08:37.2390311Z > Task :samples:sympathyForMrMaven
2025-04-11T03:08:38.7356379Z > Task :regression-test:lintAnalyzeDebugUnitTest
2025-04-11T03:08:38.7357276Z > Task :samples:check
2025-04-11T03:08:39.6356137Z > Task :okhttp:jvmJar
2025-04-11T03:08:39.6356727Z > Task :okhttp:compileDebugJavaWithJavac NO-SOURCE
2025-04-11T03:08:39.8356158Z > Task :okhttp:bundleLibCompileToJarDebug
2025-04-11T03:08:39.8357217Z > Task :android-test:compileDebugKotlin NO-SOURCE
2025-04-11T03:08:40.1372321Z > Task :android-test:extractDebugAnnotations
2025-04-11T03:08:40.1385684Z > Task :android-test:compileDebugJavaWithJavac NO-SOURCE
2025-04-11T03:08:40.1386709Z > Task :android-test:mergeDebugGeneratedProguardFiles
2025-04-11T03:08:40.1387650Z > Task :android-test:mergeDebugConsumerProguardFiles
2025-04-11T03:08:40.1388484Z > Task :android-test:processDebugJavaRes NO-SOURCE
2025-04-11T03:08:40.1389208Z > Task :android-test:mergeDebugJavaResource
2025-04-11T03:08:40.2393683Z > Task :android-test:syncDebugLibJars
2025-04-11T03:08:40.2394878Z > Task :android-test:bundleDebugLocalLintAar
2025-04-11T03:08:40.5356810Z > Task :okhttp:extractDebugAnnotations
2025-04-11T03:08:40.5357995Z > Task :okhttp:mergeDebugGeneratedProguardFiles
2025-04-11T03:08:40.6361889Z > Task :okhttp:mergeDebugConsumerProguardFiles
2025-04-11T03:08:40.6363065Z > Task :okhttp:processDebugJavaRes
2025-04-11T03:08:40.7400027Z > Task :okhttp:mergeDebugJavaResource
2025-04-11T03:08:40.9355734Z > Task :okhttp:syncDebugLibJars
2025-04-11T03:08:41.0373226Z > Task :okhttp:bundleDebugLocalLintAar
2025-04-11T03:08:41.0374470Z > Task :samples:compare:lintAnalyzeJvmMain
2025-04-11T03:08:41.0377337Z > Task :android-test:bundleLibRuntimeToJarDebug
2025-04-11T03:08:41.1356085Z > Task :android-test:createFullJarDebug
2025-04-11T03:08:41.2356385Z > Task :regression-test:lintAnalyzeDebug
2025-04-11T03:08:41.2357266Z > Task :okhttp:bundleLibRuntimeToJarDebug
2025-04-11T03:08:41.2357952Z > Task :okhttp:createFullJarDebug
2025-04-11T03:08:41.8356155Z > Task :regression-test:lintAnalyzeDebugAndroidTest
2025-04-11T03:08:42.4365732Z > Task :okhttp-brotli:compileKotlin
2025-04-11T03:08:42.4366388Z > Task :okhttp-brotli:compileJava NO-SOURCE
2025-04-11T03:08:42.4367002Z > Task :okhttp-brotli:classes UP-TO-DATE
2025-04-11T03:08:42.5375139Z 
2025-04-11T03:08:42.5387500Z > Task :okhttp-brotli:jar
2025-04-11T03:08:42.5388544Z warning: Unused -privatepackage instructions , no such package(s) on the class path: [okhttp3.brotli.internal]
2025-04-11T03:08:44.0355120Z 
2025-04-11T03:08:44.0356078Z > Task :logging-interceptor:compileKotlin
2025-04-11T03:08:44.0358955Z w: file:///home/runner/work/okhttp/okhttp/okhttp-logging-interceptor/src/main/kotlin/okhttp3/logging/HttpLoggingInterceptor.kt:16:36 This code uses error suppression for 'INVISIBLE_REFERENCE'. While it might compile and work, the compiler behavior is UNSPECIFIED and WON'T BE PRESERVED. Please report your use case to the Kotlin issue tracker instead: https://kotl.in/issue
2025-04-11T03:08:44.1355740Z 
2025-04-11T03:08:44.1356746Z > Task :logging-interceptor:compileJava NO-SOURCE
2025-04-11T03:08:44.1357614Z > Task :logging-interceptor:classes UP-TO-DATE
2025-04-11T03:08:44.3362991Z 
2025-04-11T03:08:44.3363785Z > Task :logging-interceptor:jar
2025-04-11T03:08:44.3365475Z warning: Unused -privatepackage instructions , no such package(s) on the class path: [okhttp3.logging.internal]
2025-04-11T03:08:44.3366454Z 
2025-04-11T03:08:44.3366779Z > Task :okhttp-dnsoverhttps:compileKotlin
2025-04-11T03:08:44.3367331Z > Task :okhttp-sse:compileKotlin
2025-04-11T03:08:44.3367887Z > Task :okhttp-dnsoverhttps:compileJava NO-SOURCE
2025-04-11T03:08:44.3368525Z > Task :okhttp-sse:compileJava NO-SOURCE
2025-04-11T03:08:44.3369396Z > Task :okhttp-sse:classes UP-TO-DATE
2025-04-11T03:08:44.3370008Z > Task :okhttp-dnsoverhttps:classes UP-TO-DATE
2025-04-11T03:08:44.5386521Z 
2025-04-11T03:08:44.5430037Z > Task :okhttp-sse:jar
2025-04-11T03:08:44.5431140Z warning: Unused -privatepackage instructions , no such package(s) on the class path: [okhttp3.sse.internal]
2025-04-11T03:08:44.5431878Z 
2025-04-11T03:08:44.5432070Z > Task :okhttp-dnsoverhttps:jar
2025-04-11T03:08:44.5432568Z > Task :okhttp:generateDebugLintModel
2025-04-11T03:08:44.6356286Z > Task :android-test:generateDebugLintReportModel
2025-04-11T03:08:45.8355071Z 
2025-04-11T03:08:45.8355613Z > Task :mockwebserver3:compileKotlin
2025-04-11T03:08:45.8357982Z w: file:///home/runner/work/okhttp/okhttp/mockwebserver/src/main/kotlin/mockwebserver3/MockResponse.kt:16:36 This code uses error suppression for 'INVISIBLE_REFERENCE'. While it might compile and work, the compiler behavior is UNSPECIFIED and WON'T BE PRESERVED. Please report your use case to the Kotlin issue tracker instead: https://kotl.in/issue
2025-04-11T03:08:45.8362640Z w: file:///home/runner/work/okhttp/okhttp/mockwebserver/src/main/kotlin/mockwebserver3/MockWebServer.kt:17:36 This code uses error suppression for 'INVISIBLE_REFERENCE'. While it might compile and work, the compiler behavior is UNSPECIFIED and WON'T BE PRESERVED. Please report your use case to the Kotlin issue tracker instead: https://kotl.in/issue
2025-04-11T03:08:45.9355445Z 
2025-04-11T03:08:45.9361540Z > Task :mockwebserver3:compileJava NO-SOURCE
2025-04-11T03:08:45.9366114Z > Task :mockwebserver3:classes UP-TO-DATE
2025-04-11T03:08:46.2358532Z > Task :mockwebserver3:jar
2025-04-11T03:08:46.3360233Z > Task :logging-interceptor:animalsnifferMain
2025-04-11T03:08:47.4360607Z > Task :mockwebserver3-junit4:compileKotlin
2025-04-11T03:08:47.4361765Z > Task :mockwebserver3-junit4:compileJava NO-SOURCE
2025-04-11T03:08:47.4362650Z > Task :mockwebserver3-junit4:classes UP-TO-DATE
2025-04-11T03:08:47.5355782Z > Task :mockwebserver3-junit4:jar
2025-04-11T03:08:47.6404170Z > Task :okhttp:generateDebugAndroidTestLintModel
2025-04-11T03:08:47.6409592Z > Task :mockwebserver3-junit5:compileKotlin
2025-04-11T03:08:47.6410720Z > Task :mockwebserver3-junit5:compileJava NO-SOURCE
2025-04-11T03:08:47.6411653Z > Task :mockwebserver3-junit5:classes
2025-04-11T03:08:47.7367244Z > Task :mockwebserver3-junit5:jar
2025-04-11T03:08:47.9391037Z > Task :okhttp:extractReleaseAnnotations
2025-04-11T03:08:47.9421222Z > Task :okhttp:compileReleaseJavaWithJavac NO-SOURCE
2025-04-11T03:08:48.0361814Z > Task :okhttp:mergeReleaseGeneratedProguardFiles
2025-04-11T03:08:48.0362571Z > Task :okhttp:mergeReleaseConsumerProguardFiles
2025-04-11T03:08:48.0363216Z > Task :okhttp:processReleaseJavaRes
2025-04-11T03:08:48.0363783Z > Task :okhttp:mergeReleaseJavaResource
2025-04-11T03:08:48.4356212Z > Task :okhttp:syncReleaseLibJars
2025-04-11T03:08:48.4356869Z > Task :okhttp:bundleReleaseLocalLintAar
2025-04-11T03:08:48.5373471Z > Task :okhttp:bundleLibCompileToJarRelease
2025-04-11T03:08:49.0361542Z 
2025-04-11T03:08:49.0362324Z > Task :okhttp-tls:compileKotlin
2025-04-11T03:08:49.0365036Z w: file:///home/runner/work/okhttp/okhttp/okhttp-tls/src/main/kotlin/okhttp3/tls/HandshakeCertificates.kt:16:36 This code uses error suppression for 'INVISIBLE_REFERENCE'. While it might compile and work, the compiler behavior is UNSPECIFIED and WON'T BE PRESERVED. Please report your use case to the Kotlin issue tracker instead: https://kotl.in/issue
2025-04-11T03:08:49.0369727Z w: file:///home/runner/work/okhttp/okhttp/okhttp-tls/src/main/kotlin/okhttp3/tls/internal/InsecureExtendedTrustManager.kt:16:36 This code uses error suppression for 'INVISIBLE_REFERENCE'. While it might compile and work, the compiler behavior is UNSPECIFIED and WON'T BE PRESERVED. Please report your use case to the Kotlin issue tracker instead: https://kotl.in/issue
2025-04-11T03:08:49.0377759Z w: file:///home/runner/work/okhttp/okhttp/okhttp-tls/src/main/kotlin/okhttp3/tls/internal/der/Adapters.kt:382:40 Unchecked cast of 'okhttp3.tls.internal.der.DerAdapter<*>' to 'okhttp3.tls.internal.der.DerAdapter<kotlin.Any?>'.
2025-04-11T03:08:49.0380998Z w: file:///home/runner/work/okhttp/okhttp/okhttp-tls/src/main/kotlin/okhttp3/tls/internal/der/Adapters.kt:421:18 Unchecked cast of 'okhttp3.tls.internal.der.DerAdapter<*>' to 'okhttp3.tls.internal.der.DerAdapter<kotlin.Any?>'.
2025-04-11T03:08:49.0383944Z w: file:///home/runner/work/okhttp/okhttp/okhttp-tls/src/main/kotlin/okhttp3/tls/internal/der/Adapters.kt:447:48 Unchecked cast of 'okhttp3.tls.internal.der.DerAdapter<*>?' to 'okhttp3.tls.internal.der.DerAdapter<kotlin.Any?>?'.
2025-04-11T03:08:49.0386861Z w: file:///home/runner/work/okhttp/okhttp/okhttp-tls/src/main/kotlin/okhttp3/tls/internal/der/Adapters.kt:455:48 Unchecked cast of 'okhttp3.tls.internal.der.DerAdapter<*>?' to 'okhttp3.tls.internal.der.DerAdapter<kotlin.Any?>?'.
2025-04-11T03:08:49.0389797Z w: file:///home/runner/work/okhttp/okhttp/okhttp-tls/src/main/kotlin/okhttp3/tls/internal/der/Adapters.kt:505:26 Unchecked cast of 'okhttp3.tls.internal.der.DerAdapter<*>' to 'okhttp3.tls.internal.der.DerAdapter<kotlin.Any?>'.
2025-04-11T03:08:49.0392538Z w: file:///home/runner/work/okhttp/okhttp/okhttp-tls/src/main/kotlin/okhttp3/tls/internal/der/BasicDerAdapter.kt:51:43 Unchecked cast of 'T?' to 'T'.
2025-04-11T03:08:49.1355505Z 
2025-04-11T03:08:49.1356392Z > Task :okhttp-tls:compileJava NO-SOURCE
2025-04-11T03:08:49.1357249Z > Task :okhttp-tls:classes UP-TO-DATE
2025-04-11T03:08:49.8355485Z 
2025-04-11T03:08:49.8356317Z > Task :okhttp-tls:jar
2025-04-11T03:08:49.8358680Z warning: Unused -privatepackage instructions , no such package(s) on the class path: [okhttp3.tls.internal, okhttp3.tls.internal.der]
2025-04-11T03:08:52.4355955Z 
2025-04-11T03:08:52.4356598Z > Task :android-test-app:compileReleaseKotlin
2025-04-11T03:08:52.4359294Z > Task :android-test-app:compileReleaseJavaWithJavac NO-SOURCE
2025-04-11T03:08:52.5401965Z > Task :android-test-app:bundleReleaseClassesToCompileJar
2025-04-11T03:08:52.5403393Z > Task :okhttp:bundleLibRuntimeToJarRelease
2025-04-11T03:08:52.6355898Z > Task :okhttp:createFullJarRelease
2025-04-11T03:08:52.9356371Z > Task :android-test-app:generateReleaseAndroidTestLintModel
2025-04-11T03:08:53.0355538Z > Task :okhttp:generateReleaseLintModel
2025-04-11T03:08:53.0356489Z > Task :android-test-app:generateReleaseLintReportModel
2025-04-11T03:08:53.1356291Z > Task :android-test-app:generateReleaseUnitTestLintModel
2025-04-11T03:09:02.7358551Z > Task :okhttp:lintAnalyzeDebugAndroidTest
2025-04-11T03:09:02.8357178Z 
2025-04-11T03:09:02.8362165Z > Task :okhttp-testing-support:compileKotlin
2025-04-11T03:09:02.8370659Z w: file:///home/runner/work/okhttp/okhttp/okhttp-testing-support/src/main/kotlin/okhttp3/CallEvent.kt:16:36 This code uses error suppression for 'INVISIBLE_REFERENCE'. While it might compile and work, the compiler behavior is UNSPECIFIED and WON'T BE PRESERVED. Please report your use case to the Kotlin issue tracker instead: https://kotl.in/issue
2025-04-11T03:09:02.8375308Z w: file:///home/runner/work/okhttp/okhttp/okhttp-testing-support/src/main/kotlin/okhttp3/ConnectionEvent.kt:16:36 This code uses error suppression for 'INVISIBLE_REFERENCE'. While it might compile and work, the compiler behavior is UNSPECIFIED and WON'T BE PRESERVED. Please report your use case to the Kotlin issue tracker instead: https://kotl.in/issue
2025-04-11T03:09:02.8379025Z w: file:///home/runner/work/okhttp/okhttp/okhttp-testing-support/src/main/kotlin/okhttp3/DelegatingSSLSession.kt:23:8 'class X509Certificate : Certificate' is deprecated. Deprecated in Java.
2025-04-11T03:09:02.8387558Z w: file:///home/runner/work/okhttp/okhttp/okhttp-testing-support/src/main/kotlin/okhttp3/DelegatingSSLSession.kt:64:16 This declaration overrides a deprecated member but is not marked as deprecated itself. Please add the '@Deprecated' annotation or suppress the diagnostic.
2025-04-11T03:09:02.8391509Z w: file:///home/runner/work/okhttp/okhttp/okhttp-testing-support/src/main/kotlin/okhttp3/DelegatingSSLSession.kt:64:49 'class X509Certificate : Certificate' is deprecated. Deprecated in Java.
2025-04-11T03:09:02.8394429Z w: file:///home/runner/work/okhttp/okhttp/okhttp-testing-support/src/main/kotlin/okhttp3/DelegatingSSLSession.kt:64:79 'val peerCertificateChain: Array<(out) X509Certificate!>!' is deprecated. Deprecated in Java.
2025-04-11T03:09:02.8425279Z w: file:///home/runner/work/okhttp/okhttp/okhttp-testing-support/src/main/kotlin/okhttp3/FakeSSLSession.kt:24:8 'class X509Certificate : Certificate' is deprecated. Deprecated in Java.
2025-04-11T03:09:02.8431948Z w: file:///home/runner/work/okhttp/okhttp/okhttp-testing-support/src/main/kotlin/okhttp3/FakeSSLSession.kt:57:16 This declaration overrides a deprecated member but is not marked as deprecated itself. Please add the '@Deprecated' annotation or suppress the diagnostic.
2025-04-11T03:09:02.8435000Z w: file:///home/runner/work/okhttp/okhttp/okhttp-testing-support/src/main/kotlin/okhttp3/FakeSSLSession.kt:57:49 'class X509Certificate : Certificate' is deprecated. Deprecated in Java.
2025-04-11T03:09:02.8438430Z w: file:///home/runner/work/okhttp/okhttp/okhttp-testing-support/src/main/kotlin/okhttp3/OkHttpClientTestRule.kt:16:36 This code uses error suppression for 'INVISIBLE_REFERENCE'. While it might compile and work, the compiler behavior is UNSPECIFIED and WON'T BE PRESERVED. Please report your use case to the Kotlin issue tracker instead: https://kotl.in/issue
2025-04-11T03:09:02.8442882Z w: file:///home/runner/work/okhttp/okhttp/okhttp-testing-support/src/main/kotlin/okhttp3/TestValueFactory.kt:17:3 This code uses error suppression for 'CANNOT_OVERRIDE_INVISIBLE_MEMBER'. While it might compile and work, the compiler behavior is UNSPECIFIED and WON'T BE PRESERVED. Please report your use case to the Kotlin issue tracker instead: https://kotl.in/issue
2025-04-11T03:09:02.8447189Z w: file:///home/runner/work/okhttp/okhttp/okhttp-testing-support/src/main/kotlin/okhttp3/TestValueFactory.kt:19:3 This code uses error suppression for 'INVISIBLE_REFERENCE'. While it might compile and work, the compiler behavior is UNSPECIFIED and WON'T BE PRESERVED. Please report your use case to the Kotlin issue tracker instead: https://kotl.in/issue
2025-04-11T03:09:02.8452373Z w: file:///home/runner/work/okhttp/okhttp/okhttp-testing-support/src/main/kotlin/okhttp3/internal/concurrent/TaskFaker.kt:16:36 This code uses error suppression for 'INVISIBLE_REFERENCE'. While it might compile and work, the compiler behavior is UNSPECIFIED and WON'T BE PRESERVED. Please report your use case to the Kotlin issue tracker instead: https://kotl.in/issue
2025-04-11T03:09:02.8456787Z w: file:///home/runner/work/okhttp/okhttp/okhttp-testing-support/src/main/kotlin/okhttp3/internal/http/RecordingProxySelector.kt:16:36 This code uses error suppression for 'INVISIBLE_REFERENCE'. While it might compile and work, the compiler behavior is UNSPECIFIED and WON'T BE PRESERVED. Please report your use case to the Kotlin issue tracker instead: https://kotl.in/issue
2025-04-11T03:09:02.9381677Z 
2025-04-11T03:09:02.9383808Z > Task :okhttp-testing-support:compileJava NO-SOURCE
2025-04-11T03:09:02.9385904Z > Task :okhttp-testing-support:classes
2025-04-11T03:09:03.7396253Z > Task :okhttp-testing-support:jar
2025-04-11T03:09:03.8373340Z > Task :android-test-app:lintAnalyzeReleaseAndroidTest
2025-04-11T03:09:03.9356116Z > Task :okhttp:generateDebugUnitTestLintModel
2025-04-11T03:09:04.0365257Z > Task :android-test:generateDebugAndroidTestLintModel
2025-04-11T03:09:04.1356370Z > Task :android-test:generateDebugUnitTestLintModel
2025-04-11T03:09:10.7356012Z > Task :okhttp:lintAnalyzeDebug
2025-04-11T03:09:10.7356974Z > Task :okhttp:lintAnalyzeRelease
2025-04-11T03:09:10.9355907Z > Task :okhttp:lintAnalyzeDebugUnitTest
2025-04-11T03:09:13.2383517Z > Task :android-test-app:lintAnalyzeRelease
2025-04-11T03:09:13.4356196Z > Task :android-test-app:lintAnalyzeReleaseUnitTest
2025-04-11T03:09:13.5355847Z > Task :okhttp:generateReleaseUnitTestLintModel
2025-04-11T03:09:14.5355499Z > Task :android-test:lintAnalyzeDebug
2025-04-11T03:09:14.9356453Z > Task :logging-interceptor:apiBuild
2025-04-11T03:09:14.9357742Z > Task :logging-interceptor:apiCheck
2025-04-11T03:09:14.9358681Z > Task :logging-interceptor:checkstyleMain NO-SOURCE
2025-04-11T03:09:14.9359627Z > Task :logging-interceptor:generateJvmMainLintModel
2025-04-11T03:09:14.9360702Z > Task :mockwebserver3:generateJvmMainLintModel
2025-04-11T03:09:15.0356193Z > Task :mockwebserver3-junit5:generateJvmMainLintModel
2025-04-11T03:09:15.0361352Z > Task :okhttp-tls:generateJvmMainLintModel
2025-04-11T03:09:15.0366326Z > Task :okhttp-testing-support:generateJvmMainLintModel
2025-04-11T03:09:15.1355728Z > Task :logging-interceptor:generateJvmTestLintModel
2025-04-11T03:09:15.5357176Z > Task :android-test:lintAnalyzeDebugUnitTest
2025-04-11T03:09:19.3361958Z > Task :okhttp:lintAnalyzeReleaseUnitTest
2025-04-11T03:09:19.4356057Z 
2025-04-11T03:09:19.4360731Z > Task :android-test-app:lintReportRelease
2025-04-11T03:09:19.4362264Z Wrote HTML report to file:///home/runner/work/okhttp/okhttp/android-test-app/build/reports/lint-results-release.html
2025-04-11T03:09:19.4367128Z 
2025-04-11T03:09:19.4367724Z > Task :android-test-app:lintRelease
2025-04-11T03:09:19.4372738Z > Task :android-test-app:lint
2025-04-11T03:09:19.4373607Z > Task :android-test-app:check
2025-04-11T03:09:20.8356392Z 
2025-04-11T03:09:20.8357397Z > Task :mockwebserver:compileKotlin
2025-04-11T03:09:20.8360681Z w: file:///home/runner/work/okhttp/okhttp/mockwebserver-deprecated/src/main/kotlin/okhttp3/mockwebserver/MockResponse.kt:16:36 This code uses error suppression for 'INVISIBLE_REFERENCE'. While it might compile and work, the compiler behavior is UNSPECIFIED and WON'T BE PRESERVED. Please report your use case to the Kotlin issue tracker instead: https://kotl.in/issue
2025-04-11T03:09:20.8363340Z 
2025-04-11T03:09:20.8363781Z > Task :mockwebserver:compileJava NO-SOURCE
2025-04-11T03:09:20.8364607Z > Task :mockwebserver:classes UP-TO-DATE
2025-04-11T03:09:22.3355877Z > Task :logging-interceptor:lintAnalyzeJvmMain
2025-04-11T03:09:22.8356158Z > Task :mockwebserver:animalsnifferMain
2025-04-11T03:09:23.4356429Z > Task :mockwebserver:apiBuild
2025-04-11T03:09:23.4357444Z > Task :mockwebserver:apiCheck
2025-04-11T03:09:23.4358256Z > Task :mockwebserver:checkstyleMain NO-SOURCE
2025-04-11T03:09:23.4359206Z > Task :mockwebserver:generateJvmMainLintModel
2025-04-11T03:09:23.6356354Z > Task :mockwebserver:jar
2025-04-11T03:09:23.6361742Z > Task :mockwebserver:generateJvmTestLintModel
2025-04-11T03:09:25.7355950Z > Task :android-test:lintAnalyzeDebugAndroidTest
2025-04-11T03:09:25.9365891Z 
2025-04-11T03:09:25.9366761Z > Task :android-test:lintReportDebug
2025-04-11T03:09:25.9368054Z Wrote HTML report to file:///home/runner/work/okhttp/okhttp/android-test/build/reports/lint-results-debug.html
2025-04-11T03:09:25.9369122Z 
2025-04-11T03:09:25.9369552Z > Task :android-test:lintDebug
2025-04-11T03:09:25.9370638Z > Task :android-test:lint
2025-04-11T03:09:25.9371329Z > Task :android-test:check
2025-04-11T03:09:26.2355868Z > Task :logging-interceptor:lintAnalyzeJvmTest
2025-04-11T03:09:26.3356222Z > Task :logging-interceptor:lintReportJvm
2025-04-11T03:09:26.3358382Z > Task :logging-interceptor:lintJvm
2025-04-11T03:09:26.3360126Z > Task :logging-interceptor:lint
2025-04-11T03:09:26.3362098Z > Task :logging-interceptor:check
2025-04-11T03:09:27.4356443Z > Task :mockwebserver3:animalsnifferMain
2025-04-11T03:09:27.6356214Z > Task :mockwebserver3-junit4:animalsnifferMain
2025-04-11T03:09:27.6360619Z > Task :mockwebserver3:checkstyleMain NO-SOURCE
2025-04-11T03:09:27.6364654Z > Task :mockwebserver3:generateJvmTestLintModel
2025-04-11T03:09:28.1355801Z > Task :mockwebserver3:apiBuild
2025-04-11T03:09:28.1356743Z > Task :mockwebserver3:apiCheck
2025-04-11T03:09:28.4356127Z > Task :mockwebserver3-junit4:apiBuild
2025-04-11T03:09:28.4357194Z > Task :mockwebserver3-junit4:apiCheck
2025-04-11T03:09:28.4357950Z > Task :mockwebserver3-junit4:checkstyleMain NO-SOURCE
2025-04-11T03:09:28.4358666Z > Task :mockwebserver3-junit4:generateJvmMainLintModel
2025-04-11T03:09:28.5355960Z > Task :mockwebserver3-junit4:generateJvmTestLintModel
2025-04-11T03:09:31.2374182Z > Task :mockwebserver:lintAnalyzeJvmTest
2025-04-11T03:09:31.3381741Z > Task :mockwebserver3-junit4:lintAnalyzeJvmTest
2025-04-11T03:09:32.1381361Z 
2025-04-11T03:09:32.1381937Z > Task :okhttp-java-net-cookiejar:compileKotlin
2025-04-11T03:09:32.1384658Z w: file:///home/runner/work/okhttp/okhttp/okhttp-java-net-cookiejar/src/main/kotlin/okhttp3/java/net/cookiejar/JavaNetCookieJar.kt:16:36 This code uses error suppression for 'INVISIBLE_REFERENCE'. While it might compile and work, the compiler behavior is UNSPECIFIED and WON'T BE PRESERVED. Please report your use case to the Kotlin issue tracker instead: https://kotl.in/issue
2025-04-11T03:09:32.2374737Z 
2025-04-11T03:09:32.2376169Z > Task :okhttp-java-net-cookiejar:compileJava NO-SOURCE
2025-04-11T03:09:32.2376966Z > Task :okhttp-java-net-cookiejar:classes UP-TO-DATE
2025-04-11T03:09:32.4374311Z > Task :okhttp-java-net-cookiejar:jar
2025-04-11T03:09:32.4375849Z > Task :native-image-tests:compileKotlin NO-SOURCE
2025-04-11T03:09:32.4376577Z > Task :native-image-tests:compileJava NO-SOURCE
2025-04-11T03:09:32.4377224Z > Task :native-image-tests:classes UP-TO-DATE
2025-04-11T03:09:32.4377869Z > Task :native-image-tests:animalsnifferMain SKIPPED
2025-04-11T03:09:32.4378561Z > Task :native-image-tests:checkstyleMain NO-SOURCE
2025-04-11T03:09:32.4379221Z > Task :okhttp-brotli:generateJvmMainLintModel
2025-04-11T03:09:32.5355811Z > Task :okhttp-dnsoverhttps:generateJvmMainLintModel
2025-04-11T03:09:32.5361526Z > Task :okhttp-java-net-cookiejar:generateJvmMainLintModel
2025-04-11T03:09:32.5367215Z > Task :okhttp-sse:generateJvmMainLintModel
2025-04-11T03:09:32.6363551Z > Task :native-image-tests:generateJvmMainLintModel
2025-04-11T03:09:32.7379648Z > Task :mockwebserver3-junit5:animalsnifferMain
2025-04-11T03:09:32.8356116Z > Task :native-image-tests:jar
2025-04-11T03:09:32.8361368Z > Task :mockwebserver3-junit5:checkstyleMain NO-SOURCE
2025-04-11T03:09:32.9359555Z > Task :mockwebserver3-junit5:generateJvmTestLintModel
2025-04-11T03:09:33.1366220Z > Task :mockwebserver3-junit5:apiBuild
2025-04-11T03:09:33.1372876Z > Task :mockwebserver3-junit5:apiCheck
2025-04-11T03:09:33.2359045Z > Task :native-image-tests:generateJvmTestLintModel
2025-04-11T03:09:35.0355908Z > Task :mockwebserver3:lintAnalyzeJvmMain
2025-04-11T03:09:36.0355767Z > Task :mockwebserver3-junit5:lintAnalyzeJvmTest
2025-04-11T03:09:36.3356763Z > Task :mockwebserver3:lintAnalyzeJvmTest
2025-04-11T03:09:36.3357494Z 
2025-04-11T03:09:36.3357851Z > Task :mockwebserver3:lintReportJvm
2025-04-11T03:09:36.3358448Z Wrote HTML report to file:///home/runner/work/okhttp/okhttp/mockwebserver/build/reports/lint-results.html
2025-04-11T03:09:36.3358879Z 
2025-04-11T03:09:36.3358992Z > Task :mockwebserver3:lintJvm
2025-04-11T03:09:36.3359290Z > Task :mockwebserver3:lint
2025-04-11T03:09:36.3359554Z > Task :mockwebserver3:check
2025-04-11T03:09:36.9361245Z > Task :okhttp-brotli:lintAnalyzeJvmMain
2025-04-11T03:09:38.1382902Z > Task :mockwebserver3-junit5:lintAnalyzeJvmMain
2025-04-11T03:09:38.1385104Z > Task :mockwebserver3-junit5:lintReportJvm
2025-04-11T03:09:38.1394490Z > Task :mockwebserver3-junit5:lintJvm
2025-04-11T03:09:38.1395039Z > Task :mockwebserver3-junit5:lint
2025-04-11T03:09:38.1395557Z > Task :mockwebserver3-junit5:check
2025-04-11T03:09:38.8359416Z > Task :mockwebserver3-junit4:lintAnalyzeJvmMain
2025-04-11T03:09:38.8364528Z > Task :mockwebserver3-junit4:lintReportJvm
2025-04-11T03:09:38.8365218Z > Task :mockwebserver3-junit4:lintJvm
2025-04-11T03:09:38.8365812Z > Task :mockwebserver3-junit4:lint
2025-04-11T03:09:38.8366373Z > Task :mockwebserver3-junit4:check
2025-04-11T03:09:41.2381601Z > Task :okhttp-sse:lintAnalyzeJvmMain
2025-04-11T03:09:41.6357053Z > Task :mockwebserver:lintAnalyzeJvmMain
2025-04-11T03:09:41.6357519Z 
2025-04-11T03:09:41.6357730Z > Task :mockwebserver:lintReportJvm
2025-04-11T03:09:41.6358766Z Wrote HTML report to file:///home/runner/work/okhttp/okhttp/mockwebserver-deprecated/build/reports/lint-results.html
2025-04-11T03:09:41.6359545Z 
2025-04-11T03:09:41.6360118Z > Task :mockwebserver:lintJvm
2025-04-11T03:09:41.6360899Z > Task :mockwebserver:lint
2025-04-11T03:09:41.6361363Z > Task :mockwebserver:check
2025-04-11T03:09:42.1357042Z > Task :okhttp-java-net-cookiejar:lintAnalyzeJvmMain
2025-04-11T03:09:44.4355716Z > Task :okcurl:compileKotlin
2025-04-11T03:09:44.4359812Z > Task :okcurl:compileJava NO-SOURCE
2025-04-11T03:09:44.4363827Z > Task :okcurl:classes
2025-04-11T03:09:45.2355556Z > Task :okhttp-dnsoverhttps:lintAnalyzeJvmMain
2025-04-11T03:09:46.2355980Z 
2025-04-11T03:09:46.2356868Z > Task :okhttp-coroutines:compileKotlin
2025-04-11T03:09:46.2359348Z w: file:///home/runner/work/okhttp/okhttp/okhttp-coroutines/src/main/kotlin/okhttp3/coroutines/ExecuteAsync.kt:48:24 'fun resume(value: Response, onCancellation: ((@ParameterName(...) Throwable) -> Unit)?): Unit' is deprecated. Use the overload that also accepts the `value` and the coroutine context in lambda.
2025-04-11T03:09:46.2361764Z 
2025-04-11T03:09:46.2362272Z > Task :okhttp-coroutines:compileJava NO-SOURCE
2025-04-11T03:09:46.2363144Z > Task :okhttp-coroutines:classes UP-TO-DATE
2025-04-11T03:09:46.3361209Z 
2025-04-11T03:09:46.3361695Z 
2025-04-11T03:09:46.3362424Z > Task :okcurl:animalsnifferMain
2025-04-11T03:09:46.3363061Z 
2025-04-11T03:09:46.3363457Z > Task :okcurl:checkstyleMain NO-SOURCE
2025-04-11T03:09:46.3364986Z 26 AnimalSniffer violations were found in 1 files. See the report at: file:////home/runner/work/okhttp/okhttp/okcurl/build/reports/animalsniffer/main.text
2025-04-11T03:09:46.3366116Z 
2025-04-11T03:09:46.3366878Z [Undefined reference | android-api-level-21-5.0.1_r2] okhttp3.curl.logging.(OneLineLogFormat.kt:1) field d
2025-04-11T03:09:46.3368078Z   >> java.time.format.DateTimeFormatter
2025-04-11T03:09:46.3368671Z 
2025-04-11T03:09:46.3369455Z [Undefined reference | android-api-level-21-5.0.1_r2] okhttp3.curl.logging.(OneLineLogFormat.kt:1) field offset
2025-04-11T03:09:46.3371208Z   >> java.time.ZoneId
2025-04-11T03:09:46.3371679Z 
2025-04-11T03:09:46.3372374Z [Undefined reference | android-api-level-21-5.0.1_r2] okhttp3.curl.logging.(OneLineLogFormat.kt:38)
2025-04-11T03:09:46.3373472Z   >> java.time.format.DateTimeFormatterBuilder
2025-04-11T03:09:46.3374050Z 
2025-04-11T03:09:46.3374738Z [Undefined reference | android-api-level-21-5.0.1_r2] okhttp3.curl.logging.(OneLineLogFormat.kt:38)
2025-04-11T03:09:46.3375968Z   >> void java.time.format.DateTimeFormatterBuilder.<init>()
2025-04-11T03:09:46.3376645Z 
2025-04-11T03:09:46.3377373Z [Undefined reference | android-api-level-21-5.0.1_r2] okhttp3.curl.logging.(OneLineLogFormat.kt:39)
2025-04-11T03:09:46.3378730Z   >> java.time.temporal.ChronoField java.time.temporal.ChronoField.HOUR_OF_DAY
2025-04-11T03:09:46.3379538Z 
2025-04-11T03:09:46.3380279Z [Undefined reference | android-api-level-21-5.0.1_r2] okhttp3.curl.logging.(OneLineLogFormat.kt:39)
2025-04-11T03:09:46.3381617Z   >> java.time.temporal.TemporalField
2025-04-11T03:09:46.3382191Z 
2025-04-11T03:09:46.3382990Z [Undefined reference | android-api-level-21-5.0.1_r2] okhttp3.curl.logging.(OneLineLogFormat.kt:39)
2025-04-11T03:09:46.3384774Z   >> java.time.format.DateTimeFormatterBuilder java.time.format.DateTimeFormatterBuilder.appendValue(java.time.temporal.TemporalField, int)
2025-04-11T03:09:46.3386068Z 
2025-04-11T03:09:46.3386793Z [Undefined reference | android-api-level-21-5.0.1_r2] okhttp3.curl.logging.(OneLineLogFormat.kt:40)
2025-04-11T03:09:46.3388353Z   >> java.time.format.DateTimeFormatterBuilder java.time.format.DateTimeFormatterBuilder.appendLiteral(char)
2025-04-11T03:09:46.3389345Z 
2025-04-11T03:09:46.3390017Z [Undefined reference | android-api-level-21-5.0.1_r2] okhttp3.curl.logging.(OneLineLogFormat.kt:41)
2025-04-11T03:09:46.3391458Z   >> java.time.temporal.ChronoField java.time.temporal.ChronoField.MINUTE_OF_HOUR
2025-04-11T03:09:46.3392210Z 
2025-04-11T03:09:46.3392863Z [Undefined reference | android-api-level-21-5.0.1_r2] okhttp3.curl.logging.(OneLineLogFormat.kt:41)
2025-04-11T03:09:46.3393925Z   >> java.time.temporal.TemporalField
2025-04-11T03:09:46.3394498Z 
2025-04-11T03:09:46.3395476Z [Undefined reference | android-api-level-21-5.0.1_r2] okhttp3.curl.logging.(OneLineLogFormat.kt:41)
2025-04-11T03:09:46.3397257Z   >> java.time.format.DateTimeFormatterBuilder java.time.format.DateTimeFormatterBuilder.appendValue(java.time.temporal.TemporalField, int)
2025-04-11T03:09:46.3398473Z 
2025-04-11T03:09:46.3399124Z [Undefined reference | android-api-level-21-5.0.1_r2] okhttp3.curl.logging.(OneLineLogFormat.kt:42)
2025-04-11T03:09:46.3400721Z   >> java.time.format.DateTimeFormatterBuilder java.time.format.DateTimeFormatterBuilder.optionalStart()
2025-04-11T03:09:46.3401683Z 
2025-04-11T03:09:46.3402355Z [Undefined reference | android-api-level-21-5.0.1_r2] okhttp3.curl.logging.(OneLineLogFormat.kt:43)
2025-04-11T03:09:46.3403831Z   >> java.time.format.DateTimeFormatterBuilder java.time.format.DateTimeFormatterBuilder.appendLiteral(char)
2025-04-11T03:09:46.3404806Z 
2025-04-11T03:09:46.3425656Z [Undefined reference | android-api-level-21-5.0.1_r2] okhttp3.curl.logging.(OneLineLogFormat.kt:44)
2025-04-11T03:09:46.3426842Z   >> java.time.temporal.ChronoField java.time.temporal.ChronoField.SECOND_OF_MINUTE
2025-04-11T03:09:46.3427467Z 
2025-04-11T03:09:46.3427986Z [Undefined reference | android-api-level-21-5.0.1_r2] okhttp3.curl.logging.(OneLineLogFormat.kt:44)
2025-04-11T03:09:46.3428881Z   >> java.time.temporal.TemporalField
2025-04-11T03:09:46.3429238Z 
2025-04-11T03:09:46.3429761Z [Undefined reference | android-api-level-21-5.0.1_r2] okhttp3.curl.logging.(OneLineLogFormat.kt:44)
2025-04-11T03:09:46.3431477Z   >> java.time.format.DateTimeFormatterBuilder java.time.format.DateTimeFormatterBuilder.appendValue(java.time.temporal.TemporalField, int)
2025-04-11T03:09:46.3432503Z 
2025-04-11T03:09:46.3433021Z [Undefined reference | android-api-level-21-5.0.1_r2] okhttp3.curl.logging.(OneLineLogFormat.kt:45)
2025-04-11T03:09:46.3434348Z   >> java.time.format.DateTimeFormatterBuilder java.time.format.DateTimeFormatterBuilder.optionalStart()
2025-04-11T03:09:46.3435417Z 
2025-04-11T03:09:46.3435977Z [Undefined reference | android-api-level-21-5.0.1_r2] okhttp3.curl.logging.(OneLineLogFormat.kt:46)
2025-04-11T03:09:46.3437127Z   >> java.time.temporal.ChronoField java.time.temporal.ChronoField.NANO_OF_SECOND
2025-04-11T03:09:46.3437748Z 
2025-04-11T03:09:46.3438292Z [Undefined reference | android-api-level-21-5.0.1_r2] okhttp3.curl.logging.(OneLineLogFormat.kt:46)
2025-04-11T03:09:46.3439226Z   >> java.time.temporal.TemporalField
2025-04-11T03:09:46.3439603Z 
2025-04-11T03:09:46.3440143Z [Undefined reference | android-api-level-21-5.0.1_r2] okhttp3.curl.logging.(OneLineLogFormat.kt:46)
2025-04-11T03:09:46.3481261Z   >> java.time.format.DateTimeFormatterBuilder java.time.format.DateTimeFormatterBuilder.appendFraction(java.time.temporal.TemporalField, int, int, boolean)
2025-04-11T03:09:46.3482430Z 
2025-04-11T03:09:46.3482952Z [Undefined reference | android-api-level-21-5.0.1_r2] okhttp3.curl.logging.(OneLineLogFormat.kt:47)
2025-04-11T03:09:46.3484219Z   >> java.time.format.DateTimeFormatter java.time.format.DateTimeFormatterBuilder.toFormatter()
2025-04-11T03:09:46.3484957Z 
2025-04-11T03:09:46.3485468Z [Undefined reference | android-api-level-21-5.0.1_r2] okhttp3.curl.logging.(OneLineLogFormat.kt:49)
2025-04-11T03:09:46.3486449Z   >> java.time.ZoneId java.time.ZoneOffset.systemDefault()
2025-04-11T03:09:46.3486894Z 
2025-04-11T03:09:46.3487401Z [Undefined reference | android-api-level-21-5.0.1_r2] okhttp3.curl.logging.(OneLineLogFormat.kt:54)
2025-04-11T03:09:46.3488361Z   >> java.time.Instant java.time.Instant.ofEpochMilli(long)
2025-04-11T03:09:46.3488785Z 
2025-04-11T03:09:46.3489301Z [Undefined reference | android-api-level-21-5.0.1_r2] okhttp3.curl.logging.(OneLineLogFormat.kt:54)
2025-04-11T03:09:46.3490348Z   >> java.time.ZonedDateTime java.time.Instant.atZone(java.time.ZoneId)
2025-04-11T03:09:46.3491294Z 
2025-04-11T03:09:46.3491816Z [Undefined reference | android-api-level-21-5.0.1_r2] okhttp3.curl.logging.(OneLineLogFormat.kt:60)
2025-04-11T03:09:46.3493202Z   >> String java.time.ZonedDateTime.format(java.time.format.DateTimeFormatter)
2025-04-11T03:09:46.3493808Z 
2025-04-11T03:09:46.3494332Z [Undefined reference | android-api-level-21-5.0.1_r2] okhttp3.curl.logging.(OneLineLogFormat.kt:62)
2025-04-11T03:09:46.3495479Z   >> String java.time.ZonedDateTime.format(java.time.format.DateTimeFormatter)
2025-04-11T03:09:46.3496059Z 
2025-04-11T03:09:46.4404377Z > Task :okcurl:generateJvmMainLintModel
2025-04-11T03:09:46.4505095Z > Task :okhttp-coroutines:jar
2025-04-11T03:09:46.5356931Z > Task :okcurl:jar
2025-04-11T03:09:46.6372961Z > Task :okcurl:generateJvmTestLintModel
2025-04-11T03:09:47.0355759Z 
2025-04-11T03:09:47.0360331Z > Task :okhttp-urlconnection:compileKotlin
2025-04-11T03:09:47.0363495Z w: file:///home/runner/work/okhttp/okhttp/okhttp-urlconnection/src/main/kotlin/okhttp3/JavaNetCookieJar.kt:16:36 This code uses error suppression for 'INVISIBLE_REFERENCE'. While it might compile and work, the compiler behavior is UNSPECIFIED and WON'T BE PRESERVED. Please report your use case to the Kotlin issue tracker instead: https://kotl.in/issue
2025-04-11T03:09:51.1391213Z 
2025-04-11T03:09:51.1392281Z > Task :okcurl:lintAnalyzeJvmTest
2025-04-11T03:09:51.1393246Z > Task :okhttp-urlconnection:compileJava NO-SOURCE
2025-04-11T03:09:51.1394113Z > Task :okhttp-urlconnection:classes UP-TO-DATE
2025-04-11T03:09:51.1394899Z > Task :okhttp-urlconnection:jar
2025-04-11T03:09:52.0355921Z > Task :okcurl:lintAnalyzeJvmMain
2025-04-11T03:09:52.1384803Z > Task :okcurl:lintReportJvm
2025-04-11T03:09:52.2355358Z > Task :okcurl:lintJvm
2025-04-11T03:09:52.2356307Z > Task :okcurl:lint
2025-04-11T03:09:52.2357956Z > Task :okcurl:check
2025-04-11T03:09:52.3383409Z > Task :native-image-tests:lintAnalyzeJvmTest
2025-04-11T03:09:53.7356332Z > Task :okhttp-brotli:animalsnifferMain
2025-04-11T03:09:54.9355577Z > Task :okhttp-brotli:apiBuild
2025-04-11T03:09:56.2364576Z > Task :okhttp-tls:lintAnalyzeJvmMain
2025-04-11T03:09:56.3356283Z 
2025-04-11T03:09:56.3360637Z > Task :okhttp:compileReleaseUnitTestKotlinAndroid
2025-04-11T03:09:56.3363353Z w: file:///home/runner/work/okhttp/okhttp/okhttp/src/androidUnitTest/kotlin/okhttp3/test/BaseJavaTest.android.kt:26:1 'expect'/'actual' classes (including interfaces, objects, annotations, enums, and 'actual' typealiases) are in Beta. You can use -Xexpect-actual-classes flag to suppress this warning. Also see: https://youtrack.jetbrains.com/issue/KT-61573
2025-04-11T03:09:56.3369627Z w: file:///home/runner/work/okhttp/okhttp/okhttp/src/commonTest/kotlin/okhttp3/test/BaseJavaTest.kt:18:1 'expect'/'actual' classes (including interfaces, objects, annotations, enums, and 'actual' typealiases) are in Beta. You can use -Xexpect-actual-classes flag to suppress this warning. Also see: https://youtrack.jetbrains.com/issue/KT-61573
2025-04-11T03:09:56.3372081Z 
2025-04-11T03:09:56.3372457Z > Task :okhttp:compileReleaseUnitTestJavaWithJavac NO-SOURCE
2025-04-11T03:09:56.3372927Z 
2025-04-11T03:09:56.3373195Z > Task :okhttp:compileDebugUnitTestKotlinAndroid
2025-04-11T03:09:56.3375695Z w: file:///home/runner/work/okhttp/okhttp/okhttp/src/androidUnitTest/kotlin/okhttp3/test/BaseJavaTest.android.kt:26:1 'expect'/'actual' classes (including interfaces, objects, annotations, enums, and 'actual' typealiases) are in Beta. You can use -Xexpect-actual-classes flag to suppress this warning. Also see: https://youtrack.jetbrains.com/issue/KT-61573
2025-04-11T03:09:56.3380078Z w: file:///home/runner/work/okhttp/okhttp/okhttp/src/commonTest/kotlin/okhttp3/test/BaseJavaTest.kt:18:1 'expect'/'actual' classes (including interfaces, objects, annotations, enums, and 'actual' typealiases) are in Beta. You can use -Xexpect-actual-classes flag to suppress this warning. Also see: https://youtrack.jetbrains.com/issue/KT-61573
2025-04-11T03:09:56.4356436Z 
2025-04-11T03:09:56.4361334Z > Task :okhttp-brotli:apiCheck
2025-04-11T03:09:56.4362273Z > Task :okhttp:processReleaseUnitTestJavaRes
2025-04-11T03:09:56.4363343Z > Task :okhttp-brotli:checkstyleMain NO-SOURCE
2025-04-11T03:09:56.4364582Z > Task :okhttp:compileDebugUnitTestJavaWithJavac NO-SOURCE
2025-04-11T03:09:56.4365316Z > Task :okhttp:processDebugUnitTestJavaRes
2025-04-11T03:09:56.4365929Z > Task :okhttp-brotli:generateJvmTestLintModel
2025-04-11T03:09:59.4356311Z > Task :okhttp-brotli:lintAnalyzeJvmTest
2025-04-11T03:09:59.4361343Z > Task :okhttp-brotli:lintReportJvm
2025-04-11T03:09:59.4365834Z > Task :okhttp-brotli:lintJvm
2025-04-11T03:09:59.4370321Z > Task :okhttp-brotli:lint
2025-04-11T03:09:59.4374786Z > Task :okhttp-brotli:check
2025-04-11T03:10:01.2355928Z > Task :okhttp-coroutines:animalsnifferMain
2025-04-11T03:10:03.6390196Z > Task :okhttp-coroutines:apiBuild
2025-04-11T03:10:03.6391113Z > Task :okhttp-coroutines:apiCheck
2025-04-11T03:10:03.6419761Z > Task :okhttp-coroutines:checkstyleMain NO-SOURCE
2025-04-11T03:10:03.6425281Z > Task :okhttp-coroutines:generateJvmMainLintModel
2025-04-11T03:10:03.9355760Z > Task :okhttp-coroutines:generateJvmTestLintModel
2025-04-11T03:10:07.3391973Z > Task :okhttp-coroutines:lintAnalyzeJvmMain
2025-04-11T03:10:10.9355661Z > Task :okhttp-coroutines:lintAnalyzeJvmTest
2025-04-11T03:10:11.0381998Z > Task :okhttp-coroutines:lintReportJvm
2025-04-11T03:10:11.0386688Z > Task :okhttp-coroutines:lintJvm
2025-04-11T03:10:11.0387653Z > Task :okhttp-coroutines:lint
2025-04-11T03:10:11.0388410Z > Task :okhttp-coroutines:check
2025-04-11T03:10:12.8372139Z > Task :okhttp-dnsoverhttps:animalsnifferMain
2025-04-11T03:10:13.5362274Z > Task :okhttp-dnsoverhttps:apiBuild
2025-04-11T03:10:13.5368519Z > Task :okhttp-dnsoverhttps:apiCheck
2025-04-11T03:10:13.5373251Z > Task :okhttp-dnsoverhttps:checkstyleMain NO-SOURCE
2025-04-11T03:10:13.7355912Z > Task :okhttp-dnsoverhttps:generateJvmTestLintModel
2025-04-11T03:10:19.8371799Z > Task :okhttp-dnsoverhttps:lintAnalyzeJvmTest
2025-04-11T03:10:19.9356104Z > Task :okhttp-dnsoverhttps:lintReportJvm
2025-04-11T03:10:19.9356772Z > Task :okhttp-dnsoverhttps:lintJvm
2025-04-11T03:10:19.9357720Z > Task :okhttp-dnsoverhttps:lint
2025-04-11T03:10:19.9358250Z > Task :okhttp-dnsoverhttps:check
2025-04-11T03:10:19.9358853Z > Task :okhttp-hpacktests:generateJvmTestLintModel
2025-04-11T03:10:20.0356408Z > Task :okhttp:testDebugUnitTest
2025-04-11T03:10:21.1355379Z > Task :okhttp:compileTestKotlinJvm
2025-04-11T03:10:24.4355867Z > Task :okhttp-hpacktests:lintAnalyzeJvmTest
2025-04-11T03:10:24.4360194Z > Task :okhttp-testing-support:lintAnalyzeJvmMain
2025-04-11T03:10:25.5391626Z > Task :okhttp-hpacktests:lintReportJvm
2025-04-11T03:10:25.5396855Z > Task :okhttp-hpacktests:lintJvm
2025-04-11T03:10:25.6364550Z > Task :okhttp-hpacktests:lint
2025-04-11T03:10:25.6365808Z > Task :okhttp-hpacktests:check
2025-04-11T03:10:27.0355885Z > Task :okhttp-java-net-cookiejar:animalsnifferMain
2025-04-11T03:10:27.5357141Z > Task :okhttp-java-net-cookiejar:apiBuild
2025-04-11T03:10:27.5358345Z > Task :okhttp-java-net-cookiejar:apiCheck
2025-04-11T03:10:27.5359428Z > Task :okhttp-java-net-cookiejar:checkstyleMain NO-SOURCE
2025-04-11T03:10:27.5360836Z > Task :okhttp-java-net-cookiejar:generateJvmTestLintModel
2025-04-11T03:10:28.8355965Z > Task :native-image-tests:lintAnalyzeJvmMain
2025-04-11T03:10:28.9357232Z > Task :native-image-tests:lintReportJvm
2025-04-11T03:10:28.9358306Z > Task :native-image-tests:lintJvm
2025-04-11T03:10:28.9359155Z > Task :native-image-tests:lint
2025-04-11T03:10:28.9359859Z > Task :native-image-tests:check
2025-04-11T03:10:28.9360852Z > Task :okhttp-osgi-tests:compileKotlin NO-SOURCE
2025-04-11T03:10:28.9361731Z > Task :okhttp-osgi-tests:compileJava NO-SOURCE
2025-04-11T03:10:28.9362566Z > Task :okhttp-osgi-tests:classes UP-TO-DATE
2025-04-11T03:10:28.9393422Z > Task :okhttp-osgi-tests:animalsnifferMain SKIPPED
2025-04-11T03:10:28.9394693Z > Task :okhttp-osgi-tests:checkstyleMain NO-SOURCE
2025-04-11T03:10:28.9395549Z > Task :okhttp-urlconnection:generateJvmMainLintModel
2025-04-11T03:10:29.1363017Z > Task :okhttp-osgi-tests:generateJvmMainLintModel
2025-04-11T03:10:29.2355557Z > Task :okhttp-osgi-tests:jar
2025-04-11T03:10:29.2360951Z > Task :okhttp-osgi-tests:generateJvmTestLintModel
2025-04-11T03:10:29.7356307Z > Task :okhttp-java-net-cookiejar:lintAnalyzeJvmTest
2025-04-11T03:10:29.8356602Z > Task :okhttp-java-net-cookiejar:lintReportJvm
2025-04-11T03:10:29.8360710Z > Task :okhttp-java-net-cookiejar:lintJvm
2025-04-11T03:10:29.8361300Z > Task :okhttp-java-net-cookiejar:lint
2025-04-11T03:10:29.8361854Z > Task :okhttp-java-net-cookiejar:check
2025-04-11T03:10:31.8355633Z > Task :okhttp:testReleaseUnitTest
2025-04-11T03:10:32.3356839Z > Task :okhttp-urlconnection:lintAnalyzeJvmMain
2025-04-11T03:10:35.1383729Z > Task :okhttp:androidApiBuild
2025-04-11T03:10:35.1384346Z > Task :okhttp:androidApiCheck
2025-04-11T03:10:35.1384908Z > Task :okhttp-osgi-tests:lintAnalyzeJvmTest
2025-04-11T03:10:35.1385562Z > Task :okhttp:generateDebugLintReportModel
2025-04-11T03:10:35.2355975Z > Task :okhttp:jvmApiBuild
2025-04-11T03:10:35.2357002Z > Task :okhttp:jvmApiCheck
2025-04-11T03:10:35.2357896Z > Task :okhttp:apiCheck
2025-04-11T03:10:35.8355541Z > Task :okhttp:lintReportDebug
2025-04-11T03:10:35.8360280Z > Task :okhttp:lintDebug
2025-04-11T03:10:35.8361344Z > Task :okhttp:lint
2025-04-11T03:10:35.8365730Z > Task :okhttp-testing-support:animalsnifferMain SKIPPED
2025-04-11T03:10:35.8366778Z > Task :okhttp-testing-support:checkstyleMain NO-SOURCE
2025-04-11T03:10:35.8371657Z > Task :okhttp-testing-support:generateJvmTestLintModel
2025-04-11T03:10:36.4355411Z > Task :okhttp-sse:animalsnifferMain
2025-04-11T03:10:36.8355774Z > Task :okhttp-sse:apiBuild
2025-04-11T03:10:36.8356350Z > Task :okhttp-sse:apiCheck
2025-04-11T03:10:36.8356892Z > Task :okhttp-sse:checkstyleMain NO-SOURCE
2025-04-11T03:10:36.9355773Z > Task :okhttp-sse:generateJvmTestLintModel
2025-04-11T03:10:37.8355685Z > Task :okhttp-osgi-tests:lintAnalyzeJvmMain
2025-04-11T03:10:37.9356278Z > Task :okhttp-osgi-tests:lintReportJvm
2025-04-11T03:10:37.9356964Z > Task :okhttp-osgi-tests:lintJvm
2025-04-11T03:10:37.9357514Z > Task :okhttp-osgi-tests:lint
2025-04-11T03:10:37.9358547Z > Task :okhttp-osgi-tests:check
2025-04-11T03:10:38.8355781Z > Task :okhttp-tls:animalsnifferMain
2025-04-11T03:10:39.7356384Z > Task :okhttp-tls:apiBuild
2025-04-11T03:10:39.7357207Z > Task :okhttp-tls:apiCheck
2025-04-11T03:10:39.7357983Z > Task :okhttp-tls:checkstyleMain NO-SOURCE
2025-04-11T03:10:39.7358563Z > Task :okhttp-tls:generateJvmTestLintModel
2025-04-11T03:10:41.0356088Z > Task :okhttp-testing-support:lintAnalyzeJvmTest
2025-04-11T03:10:41.1356189Z 
2025-04-11T03:10:41.1357195Z > Task :okhttp-testing-support:lintReportJvm
2025-04-11T03:10:41.1358643Z Wrote HTML report to file:///home/runner/work/okhttp/okhttp/okhttp-testing-support/build/reports/lint-results.html
2025-04-11T03:10:41.1359595Z 
2025-04-11T03:10:41.1360033Z > Task :okhttp-testing-support:lintJvm
2025-04-11T03:10:41.1360945Z > Task :okhttp-testing-support:lint
2025-04-11T03:10:41.1361917Z > Task :okhttp-testing-support:check
2025-04-11T03:10:41.2383569Z > Task :okhttp-sse:lintAnalyzeJvmTest
2025-04-11T03:10:41.3356202Z > Task :okhttp-sse:lintReportJvm
2025-04-11T03:10:41.3360893Z > Task :okhttp-sse:lintJvm
2025-04-11T03:10:41.3362865Z > Task :okhttp-sse:lint
2025-04-11T03:10:41.3365859Z > Task :okhttp-sse:check
2025-04-11T03:10:41.4392777Z 
2025-04-11T03:10:41.4393746Z > Task :regression-test:lintReportDebug
2025-04-11T03:10:41.4395145Z Wrote HTML report to file:///home/runner/work/okhttp/okhttp/regression-test/build/reports/lint-results-debug.html
2025-04-11T03:10:41.4396158Z 
2025-04-11T03:10:41.4396549Z > Task :regression-test:lintDebug
2025-04-11T03:10:41.4397275Z > Task :regression-test:lint
2025-04-11T03:10:41.4397990Z > Task :regression-test:check
2025-04-11T03:10:41.5355599Z > Task :samples:compare:generateJvmTestLintModel
2025-04-11T03:10:42.2356398Z > Task :okhttp-urlconnection:animalsnifferMain
2025-04-11T03:10:42.5356407Z > Task :okhttp-urlconnection:apiBuild
2025-04-11T03:10:42.5357597Z > Task :okhttp-urlconnection:apiCheck
2025-04-11T03:10:42.5358382Z > Task :okhttp-urlconnection:checkstyleMain NO-SOURCE
2025-04-11T03:10:42.5359189Z > Task :okhttp-urlconnection:generateJvmTestLintModel
2025-04-11T03:10:45.3356146Z > Task :samples:compare:lintAnalyzeJvmTest
2025-04-11T03:10:45.4384274Z > Task :samples:compare:lintReportJvm
2025-04-11T03:10:45.4385203Z > Task :samples:compare:lintJvm
2025-04-11T03:10:45.4385903Z > Task :samples:compare:lint
2025-04-11T03:10:45.8356408Z > Task :samples:compare:sympathyForMrMaven
2025-04-11T03:10:45.8357538Z > Task :samples:compare:check
2025-04-11T03:10:45.8358640Z > Task :samples:crawler:checkKotlinGradlePluginConfigurationErrors SKIPPED
2025-04-11T03:10:45.8359814Z > Task :samples:crawler:compileKotlin NO-SOURCE
2025-04-11T03:10:45.9356638Z > Task :samples:crawler:compileJava FROM-CACHE
2025-04-11T03:10:45.9357907Z > Task :samples:crawler:processResources NO-SOURCE
2025-04-11T03:10:45.9358917Z > Task :samples:crawler:classes UP-TO-DATE
2025-04-11T03:10:46.0355636Z > Task :okhttp-urlconnection:lintAnalyzeJvmTest
2025-04-11T03:10:46.1372047Z > Task :okhttp-urlconnection:lintReportJvm
2025-04-11T03:10:46.1373220Z > Task :okhttp-urlconnection:lintJvm
2025-04-11T03:10:46.1374460Z > Task :okhttp-urlconnection:lint
2025-04-11T03:10:46.1375320Z > Task :okhttp-urlconnection:check
2025-04-11T03:10:46.1376239Z > Task :samples:guide:checkKotlinGradlePluginConfigurationErrors SKIPPED
2025-04-11T03:10:47.0359187Z > Task :samples:crawler:animalsnifferMain
2025-04-11T03:10:47.1356089Z > Task :samples:crawler:checkstyleMain FROM-CACHE
2025-04-11T03:10:47.1357276Z > Task :samples:crawler:generateJvmMainLintModel
2025-04-11T03:10:47.1358168Z > Task :samples:crawler:jar
2025-04-11T03:10:47.2355849Z > Task :samples:crawler:generateJvmTestLintModel
2025-04-11T03:10:48.9385562Z 
2025-04-11T03:10:48.9386323Z > Task :okhttp:compileTestKotlinJvm
2025-04-11T03:10:48.9388937Z w: file:///home/runner/work/okhttp/okhttp/okhttp/src/commonTest/kotlin/okhttp3/test/BaseJavaTest.kt:18:1 'expect'/'actual' classes (including interfaces, objects, annotations, enums, and 'actual' typealiases) are in Beta. You can use -Xexpect-actual-classes flag to suppress this warning. Also see: https://youtrack.jetbrains.com/issue/KT-61573
2025-04-11T03:10:48.9393173Z w: file:///home/runner/work/okhttp/okhttp/okhttp/src/jvmTest/kotlin/okhttp3/CacheControlJvmTest.kt:152:41 'fun <T> Assert<T>.isSameAs(expected: T): Unit' is deprecated. renamed to isSameInstanceAs.
2025-04-11T03:10:48.9395539Z w: file:///home/runner/work/okhttp/okhttp/okhttp/src/jvmTest/kotlin/okhttp3/CacheControlJvmTest.kt:196:41 'fun <T> Assert<T>.isSameAs(expected: T): Unit' is deprecated. renamed to isSameInstanceAs.
2025-04-11T03:10:48.9397847Z w: file:///home/runner/work/okhttp/okhttp/okhttp/src/jvmTest/kotlin/okhttp3/CallKotlinTest.kt:254:32 'fun Assert<Any?>.isNotSameAs(expected: Any?): Unit' is deprecated. renamed to isNotSameInstanceAs.
2025-04-11T03:10:48.9400057Z w: file:///home/runner/work/okhttp/okhttp/okhttp/src/jvmTest/kotlin/okhttp3/CallKotlinTest.kt:277:32 'fun Assert<Any?>.isNotSameAs(expected: Any?): Unit' is deprecated. renamed to isNotSameInstanceAs.
2025-04-11T03:10:48.9402684Z w: file:///home/runner/work/okhttp/okhttp/okhttp/src/jvmTest/kotlin/okhttp3/CallTest.kt:1634:37 'fun Assert<Any?>.isNotSameAs(expected: Any?): Unit' is deprecated. renamed to isNotSameInstanceAs.
2025-04-11T03:10:48.9405406Z w: file:///home/runner/work/okhttp/okhttp/okhttp/src/jvmTest/kotlin/okhttp3/CertificatePinnerTest.kt:88:23 'fun check(hostname: String, vararg peerCertificates: Certificate): Unit' is deprecated. replaced with {@link #check(String, List)}.
2025-04-11T03:10:48.9408456Z w: file:///home/runner/work/okhttp/okhttp/okhttp/src/jvmTest/kotlin/okhttp3/CertificatePinnerTest.kt:112:25 'fun check(hostname: String, vararg peerCertificates: Certificate): Unit' is deprecated. replaced with {@link #check(String, List)}.
2025-04-11T03:10:48.9411446Z w: file:///home/runner/work/okhttp/okhttp/okhttp/src/jvmTest/kotlin/okhttp3/CipherSuiteTest.kt:46:8 'fun <T> Assert<T>.isSameAs(expected: T): Unit' is deprecated. renamed to isSameInstanceAs.
2025-04-11T03:10:48.9414180Z w: file:///home/runner/work/okhttp/okhttp/okhttp/src/jvmTest/kotlin/okhttp3/CipherSuiteTest.kt:48:8 'fun <T> Assert<T>.isSameAs(expected: T): Unit' is deprecated. renamed to isSameInstanceAs.
2025-04-11T03:10:48.9416622Z w: file:///home/runner/work/okhttp/okhttp/okhttp/src/jvmTest/kotlin/okhttp3/CipherSuiteTest.kt:61:8 'fun <T> Assert<T>.isSameAs(expected: T): Unit' is deprecated. renamed to isSameInstanceAs.
2025-04-11T03:10:48.9419577Z w: file:///home/runner/work/okhttp/okhttp/okhttp/src/jvmTest/kotlin/okhttp3/ConnectionSpecTest.kt:80:10 'fun supportsTlsExtensions(supportsTlsExtensions: Boolean): ConnectionSpec.Builder' is deprecated. since OkHttp 3.13 all TLS-connections are expected to support TLS extensions.
2025-04-11T03:10:48.9422308Z In a future release setting this to true will be unnecessary and setting it to false
2025-04-11T03:10:48.9423071Z will have no effect.
2025-04-11T03:10:48.9425163Z w: file:///home/runner/work/okhttp/okhttp/okhttp/src/jvmTest/kotlin/okhttp3/ConnectionSpecTest.kt:95:10 'fun supportsTlsExtensions(supportsTlsExtensions: Boolean): ConnectionSpec.Builder' is deprecated. since OkHttp 3.13 all TLS-connections are expected to support TLS extensions.
2025-04-11T03:10:48.9427587Z In a future release setting this to true will be unnecessary and setting it to false
2025-04-11T03:10:48.9428365Z will have no effect.
2025-04-11T03:10:48.9430348Z w: file:///home/runner/work/okhttp/okhttp/okhttp/src/jvmTest/kotlin/okhttp3/ConnectionSpecTest.kt:111:10 'fun supportsTlsExtensions(supportsTlsExtensions: Boolean): ConnectionSpec.Builder' is deprecated. since OkHttp 3.13 all TLS-connections are expected to support TLS extensions.
2025-04-11T03:10:48.9483139Z In a future release setting this to true will be unnecessary and setting it to false
2025-04-11T03:10:48.9483950Z will have no effect.
2025-04-11T03:10:48.9486432Z w: file:///home/runner/work/okhttp/okhttp/okhttp/src/jvmTest/kotlin/okhttp3/ConnectionSpecTest.kt:144:10 'fun supportsTlsExtensions(supportsTlsExtensions: Boolean): ConnectionSpec.Builder' is deprecated. since OkHttp 3.13 all TLS-connections are expected to support TLS extensions.
2025-04-11T03:10:48.9489239Z In a future release setting this to true will be unnecessary and setting it to false
2025-04-11T03:10:48.9490035Z will have no effect.
2025-04-11T03:10:48.9492349Z w: file:///home/runner/work/okhttp/okhttp/okhttp/src/jvmTest/kotlin/okhttp3/ConnectionSpecTest.kt:181:10 'fun supportsTlsExtensions(supportsTlsExtensions: Boolean): ConnectionSpec.Builder' is deprecated. since OkHttp 3.13 all TLS-connections are expected to support TLS extensions.
2025-04-11T03:10:48.9494767Z In a future release setting this to true will be unnecessary and setting it to false
2025-04-11T03:10:48.9495547Z will have no effect.
2025-04-11T03:10:48.9497579Z w: file:///home/runner/work/okhttp/okhttp/okhttp/src/jvmTest/kotlin/okhttp3/ConnectionSpecTest.kt:228:10 'fun supportsTlsExtensions(supportsTlsExtensions: Boolean): ConnectionSpec.Builder' is deprecated. since OkHttp 3.13 all TLS-connections are expected to support TLS extensions.
2025-04-11T03:10:48.9500067Z In a future release setting this to true will be unnecessary and setting it to false
2025-04-11T03:10:48.9501155Z will have no effect.
2025-04-11T03:10:48.9503302Z w: file:///home/runner/work/okhttp/okhttp/okhttp/src/jvmTest/kotlin/okhttp3/ConnectionSpecTest.kt:374:10 'fun supportsTlsExtensions(supportsTlsExtensions: Boolean): ConnectionSpec.Builder' is deprecated. since OkHttp 3.13 all TLS-connections are expected to support TLS extensions.
2025-04-11T03:10:48.9505712Z In a future release setting this to true will be unnecessary and setting it to false
2025-04-11T03:10:48.9506503Z will have no effect.
2025-04-11T03:10:48.9507868Z w: file:///home/runner/work/okhttp/okhttp/okhttp/src/jvmTest/kotlin/okhttp3/EventListenerTest.kt:677:31 'fun <T> Assert<T>.isSameAs(expected: T): Unit' is deprecated. renamed to isSameInstanceAs.
2025-04-11T03:10:48.9510221Z w: file:///home/runner/work/okhttp/okhttp/okhttp/src/jvmTest/kotlin/okhttp3/EventListenerTest.kt:680:29 'fun <T> Assert<T>.isSameAs(expected: T): Unit' is deprecated. renamed to isSameInstanceAs.
2025-04-11T03:10:48.9513119Z w: file:///home/runner/work/okhttp/okhttp/okhttp/src/jvmTest/kotlin/okhttp3/EventListenerTest.kt:770:33 'fun <T> Assert<T>.isSameAs(expected: T): Unit' is deprecated. renamed to isSameInstanceAs.
2025-04-11T03:10:48.9515640Z w: file:///home/runner/work/okhttp/okhttp/okhttp/src/jvmTest/kotlin/okhttp3/EventListenerTest.kt:794:33 'fun <T> Assert<T>.isSameAs(expected: T): Unit' is deprecated. renamed to isSameInstanceAs.
2025-04-11T03:10:48.9517986Z w: file:///home/runner/work/okhttp/okhttp/okhttp/src/jvmTest/kotlin/okhttp3/EventListenerTest.kt:816:35 'fun <T> Assert<T>.isSameAs(expected: T): Unit' is deprecated. renamed to isSameInstanceAs.
2025-04-11T03:10:48.9520344Z w: file:///home/runner/work/okhttp/okhttp/okhttp/src/jvmTest/kotlin/okhttp3/EventListenerTest.kt:820:33 'fun <T> Assert<T>.isSameAs(expected: T): Unit' is deprecated. renamed to isSameInstanceAs.
2025-04-11T03:10:48.9523000Z w: file:///home/runner/work/okhttp/okhttp/okhttp/src/jvmTest/kotlin/okhttp3/EventListenerTest.kt:847:35 'fun <T> Assert<T>.isSameAs(expected: T): Unit' is deprecated. renamed to isSameInstanceAs.
2025-04-11T03:10:48.9525452Z w: file:///home/runner/work/okhttp/okhttp/okhttp/src/jvmTest/kotlin/okhttp3/EventListenerTest.kt:851:36 'fun <T> Assert<T>.isSameAs(expected: T): Unit' is deprecated. renamed to isSameInstanceAs.
2025-04-11T03:10:48.9527886Z w: file:///home/runner/work/okhttp/okhttp/okhttp/src/jvmTest/kotlin/okhttp3/EventListenerTest.kt:910:35 'fun <T> Assert<T>.isSameAs(expected: T): Unit' is deprecated. renamed to isSameInstanceAs.
2025-04-11T03:10:48.9530318Z w: file:///home/runner/work/okhttp/okhttp/okhttp/src/jvmTest/kotlin/okhttp3/EventListenerTest.kt:916:33 'fun <T> Assert<T>.isSameAs(expected: T): Unit' is deprecated. renamed to isSameInstanceAs.
2025-04-11T03:10:48.9532956Z w: file:///home/runner/work/okhttp/okhttp/okhttp/src/jvmTest/kotlin/okhttp3/EventListenerTest.kt:948:35 'fun <T> Assert<T>.isSameAs(expected: T): Unit' is deprecated. renamed to isSameInstanceAs.
2025-04-11T03:10:48.9535762Z w: file:///home/runner/work/okhttp/okhttp/okhttp/src/jvmTest/kotlin/okhttp3/EventListenerTest.kt:952:33 'fun <T> Assert<T>.isSameAs(expected: T): Unit' is deprecated. renamed to isSameInstanceAs.
2025-04-11T03:10:48.9538261Z w: file:///home/runner/work/okhttp/okhttp/okhttp/src/jvmTest/kotlin/okhttp3/EventListenerTest.kt:1014:34 'fun <T> Assert<T>.isSameAs(expected: T): Unit' is deprecated. renamed to isSameInstanceAs.
2025-04-11T03:10:48.9540992Z w: file:///home/runner/work/okhttp/okhttp/okhttp/src/jvmTest/kotlin/okhttp3/EventListenerTest.kt:1016:32 'fun <T> Assert<T>.isSameAs(expected: T): Unit' is deprecated. renamed to isSameInstanceAs.
2025-04-11T03:10:48.9543512Z w: file:///home/runner/work/okhttp/okhttp/okhttp/src/jvmTest/kotlin/okhttp3/EventListenerTest.kt:1040:34 'fun <T> Assert<T>.isSameAs(expected: T): Unit' is deprecated. renamed to isSameInstanceAs.
2025-04-11T03:10:48.9546063Z w: file:///home/runner/work/okhttp/okhttp/okhttp/src/jvmTest/kotlin/okhttp3/EventListenerTest.kt:1042:33 'fun <T> Assert<T>.isSameAs(expected: T): Unit' is deprecated. renamed to isSameInstanceAs.
2025-04-11T03:10:48.9548917Z w: file:///home/runner/work/okhttp/okhttp/okhttp/src/jvmTest/kotlin/okhttp3/EventListenerTest.kt:1072:34 'fun <T> Assert<T>.isSameAs(expected: T): Unit' is deprecated. renamed to isSameInstanceAs.
2025-04-11T03:10:48.9551663Z w: file:///home/runner/work/okhttp/okhttp/okhttp/src/jvmTest/kotlin/okhttp3/EventListenerTest.kt:1074:32 'fun <T> Assert<T>.isSameAs(expected: T): Unit' is deprecated. renamed to isSameInstanceAs.
2025-04-11T03:10:48.9554209Z w: file:///home/runner/work/okhttp/okhttp/okhttp/src/jvmTest/kotlin/okhttp3/EventListenerTest.kt:1161:41 'fun <T> Assert<T>.isSameAs(expected: T): Unit' is deprecated. renamed to isSameInstanceAs.
2025-04-11T03:10:48.9556751Z w: file:///home/runner/work/okhttp/okhttp/okhttp/src/jvmTest/kotlin/okhttp3/EventListenerTest.kt:1223:48 'fun <T> Assert<T>.isSameAs(expected: T): Unit' is deprecated. renamed to isSameInstanceAs.
2025-04-11T03:10:48.9559858Z w: file:///home/runner/work/okhttp/okhttp/okhttp/src/jvmTest/kotlin/okhttp3/HeadersJvmTest.kt:154:36 Unchecked cast of 'kotlin.collections.Map<kotlin.String, kotlin.Nothing?>' to 'kotlin.collections.Map<kotlin.String, kotlin.String>'.
2025-04-11T03:10:48.9562916Z w: file:///home/runner/work/okhttp/okhttp/okhttp/src/jvmTest/kotlin/okhttp3/OkHttpClientTest.kt:152:30 'fun <T> Assert<T>.isSameAs(expected: T): Unit' is deprecated. renamed to isSameInstanceAs.
2025-04-11T03:10:48.9565419Z w: file:///home/runner/work/okhttp/okhttp/okhttp/src/jvmTest/kotlin/okhttp3/OkHttpClientTest.kt:153:34 'fun <T> Assert<T>.isSameAs(expected: T): Unit' is deprecated. renamed to isSameInstanceAs.
2025-04-11T03:10:48.9567900Z w: file:///home/runner/work/okhttp/okhttp/okhttp/src/jvmTest/kotlin/okhttp3/OkHttpClientTest.kt:154:36 'fun <T> Assert<T>.isSameAs(expected: T): Unit' is deprecated. renamed to isSameInstanceAs.
2025-04-11T03:10:48.9570386Z w: file:///home/runner/work/okhttp/okhttp/okhttp/src/jvmTest/kotlin/okhttp3/OkHttpClientTest.kt:155:36 'fun <T> Assert<T>.isSameAs(expected: T): Unit' is deprecated. renamed to isSameInstanceAs.
2025-04-11T03:10:48.9573370Z w: file:///home/runner/work/okhttp/okhttp/okhttp/src/jvmTest/kotlin/okhttp3/OkHttpClientTest.kt:173:48 Unchecked cast of 'kotlin.collections.List<kotlin.Nothing?>' to 'kotlin.collections.List<okhttp3.Interceptor>'.
2025-04-11T03:10:48.9587980Z w: file:///home/runner/work/okhttp/okhttp/okhttp/src/jvmTest/kotlin/okhttp3/OkHttpClientTest.kt:183:55 Unchecked cast of 'kotlin.collections.List<kotlin.Nothing?>' to 'kotlin.collections.List<okhttp3.Interceptor>'.
2025-04-11T03:10:48.9591037Z w: file:///home/runner/work/okhttp/okhttp/okhttp/src/jvmTest/kotlin/okhttp3/OkHttpClientTest.kt:270:9 Unchecked cast of 'okhttp3.<anonymous>' to 'kotlin.collections.List<okhttp3.Protocol>'.
2025-04-11T03:10:48.9593917Z w: file:///home/runner/work/okhttp/okhttp/okhttp/src/jvmTest/kotlin/okhttp3/OkHttpClientTest.kt:291:30 Unchecked cast of 'kotlin.collections.MutableList<okhttp3.Protocol?>' to 'kotlin.collections.List<okhttp3.Protocol>'.
2025-04-11T03:10:48.9597063Z w: file:///home/runner/work/okhttp/okhttp/okhttp/src/jvmTest/kotlin/okhttp3/OkHttpClientTest.kt:321:30 'fun <T> Assert<T>.isSameAs(expected: T): Unit' is deprecated. renamed to isSameInstanceAs.
2025-04-11T03:10:48.9599631Z w: file:///home/runner/work/okhttp/okhttp/okhttp/src/jvmTest/kotlin/okhttp3/RequestCommonTest.kt:230:36 'fun <T> Assert<T>.isSameAs(expected: T): Unit' is deprecated. renamed to isSameInstanceAs.
2025-04-11T03:10:48.9602435Z w: file:///home/runner/work/okhttp/okhttp/okhttp/src/jvmTest/kotlin/okhttp3/RequestCommonTest.kt:231:41 'fun <T> Assert<T>.isSameAs(expected: T): Unit' is deprecated. renamed to isSameInstanceAs.
2025-04-11T03:10:48.9613613Z w: file:///home/runner/work/okhttp/okhttp/okhttp/src/jvmTest/kotlin/okhttp3/RequestCommonTest.kt:235:36 'fun <T> Assert<T>.isSameAs(expected: T): Unit' is deprecated. renamed to isSameInstanceAs.
2025-04-11T03:10:48.9616204Z w: file:///home/runner/work/okhttp/okhttp/okhttp/src/jvmTest/kotlin/okhttp3/RequestCommonTest.kt:236:41 'fun <T> Assert<T>.isSameAs(expected: T): Unit' is deprecated. renamed to isSameInstanceAs.
2025-04-11T03:10:48.9618777Z w: file:///home/runner/work/okhttp/okhttp/okhttp/src/jvmTest/kotlin/okhttp3/RequestCommonTest.kt:271:36 'fun <T> Assert<T>.isSameAs(expected: T): Unit' is deprecated. renamed to isSameInstanceAs.
2025-04-11T03:10:48.9621513Z w: file:///home/runner/work/okhttp/okhttp/okhttp/src/jvmTest/kotlin/okhttp3/RequestCommonTest.kt:272:41 'fun <T> Assert<T>.isSameAs(expected: T): Unit' is deprecated. renamed to isSameInstanceAs.
2025-04-11T03:10:48.9624032Z w: file:///home/runner/work/okhttp/okhttp/okhttp/src/jvmTest/kotlin/okhttp3/RequestCommonTest.kt:276:41 'fun <T> Assert<T>.isSameAs(expected: T): Unit' is deprecated. renamed to isSameInstanceAs.
2025-04-11T03:10:48.9626565Z w: file:///home/runner/work/okhttp/okhttp/okhttp/src/jvmTest/kotlin/okhttp3/RequestCommonTest.kt:277:36 'fun <T> Assert<T>.isSameAs(expected: T): Unit' is deprecated. renamed to isSameInstanceAs.
2025-04-11T03:10:48.9629402Z w: file:///home/runner/work/okhttp/okhttp/okhttp/src/jvmTest/kotlin/okhttp3/RequestCommonTest.kt:289:39 'fun <T> Assert<T>.isSameAs(expected: T): Unit' is deprecated. renamed to isSameInstanceAs.
2025-04-11T03:10:48.9632180Z w: file:///home/runner/work/okhttp/okhttp/okhttp/src/jvmTest/kotlin/okhttp3/RequestCommonTest.kt:293:44 'fun <T> Assert<T>.isSameAs(expected: T): Unit' is deprecated. renamed to isSameInstanceAs.
2025-04-11T03:10:48.9634736Z w: file:///home/runner/work/okhttp/okhttp/okhttp/src/jvmTest/kotlin/okhttp3/RequestCommonTest.kt:306:44 'fun <T> Assert<T>.isSameAs(expected: T): Unit' is deprecated. renamed to isSameInstanceAs.
2025-04-11T03:10:48.9637255Z w: file:///home/runner/work/okhttp/okhttp/okhttp/src/jvmTest/kotlin/okhttp3/RequestCommonTest.kt:309:44 'fun <T> Assert<T>.isSameAs(expected: T): Unit' is deprecated. renamed to isSameInstanceAs.
2025-04-11T03:10:48.9639796Z w: file:///home/runner/work/okhttp/okhttp/okhttp/src/jvmTest/kotlin/okhttp3/RequestCommonTest.kt:310:39 'fun <T> Assert<T>.isSameAs(expected: T): Unit' is deprecated. renamed to isSameInstanceAs.
2025-04-11T03:10:48.9642530Z w: file:///home/runner/work/okhttp/okhttp/okhttp/src/jvmTest/kotlin/okhttp3/RequestCommonTest.kt:324:44 'fun <T> Assert<T>.isSameAs(expected: T): Unit' is deprecated. renamed to isSameInstanceAs.
2025-04-11T03:10:48.9645028Z w: file:///home/runner/work/okhttp/okhttp/okhttp/src/jvmTest/kotlin/okhttp3/RequestCommonTest.kt:340:36 'fun <T> Assert<T>.isSameAs(expected: T): Unit' is deprecated. renamed to isSameInstanceAs.
2025-04-11T03:10:48.9647526Z w: file:///home/runner/work/okhttp/okhttp/okhttp/src/jvmTest/kotlin/okhttp3/RequestCommonTest.kt:341:41 'fun <T> Assert<T>.isSameAs(expected: T): Unit' is deprecated. renamed to isSameInstanceAs.
2025-04-11T03:10:48.9649985Z w: file:///home/runner/work/okhttp/okhttp/okhttp/src/jvmTest/kotlin/okhttp3/RequestCommonTest.kt:342:44 'fun <T> Assert<T>.isSameAs(expected: T): Unit' is deprecated. renamed to isSameInstanceAs.
2025-04-11T03:10:48.9652966Z w: file:///home/runner/work/okhttp/okhttp/okhttp/src/jvmTest/kotlin/okhttp3/RequestCommonTest.kt:358:45 'fun <T> Assert<T>.isSameAs(expected: T): Unit' is deprecated. renamed to isSameInstanceAs.
2025-04-11T03:10:48.9655177Z w: file:///home/runner/work/okhttp/okhttp/okhttp/src/jvmTest/kotlin/okhttp3/RequestCommonTest.kt:359:45 'fun <T> Assert<T>.isSameAs(expected: T): Unit' is deprecated. renamed to isSameInstanceAs.
2025-04-11T03:10:48.9657517Z w: file:///home/runner/work/okhttp/okhttp/okhttp/src/jvmTest/kotlin/okhttp3/RequestCommonTest.kt:360:45 'fun <T> Assert<T>.isSameAs(expected: T): Unit' is deprecated. renamed to isSameInstanceAs.
2025-04-11T03:10:48.9659817Z w: file:///home/runner/work/okhttp/okhttp/okhttp/src/jvmTest/kotlin/okhttp3/RequestTest.kt:379:31 'fun <T> Assert<T>.isSameAs(expected: T): Unit' is deprecated. renamed to isSameInstanceAs.
2025-04-11T03:10:48.9664118Z w: file:///home/runner/work/okhttp/okhttp/okhttp/src/jvmTest/kotlin/okhttp3/RequestTest.kt:380:46 'fun <T> Assert<T>.isSameAs(expected: T): Unit' is deprecated. renamed to isSameInstanceAs.
2025-04-11T03:10:48.9666550Z w: file:///home/runner/work/okhttp/okhttp/okhttp/src/jvmTest/kotlin/okhttp3/RequestTest.kt:385:36 'fun <T> Assert<T>.isSameAs(expected: T): Unit' is deprecated. renamed to isSameInstanceAs.
2025-04-11T03:10:48.9668960Z w: file:///home/runner/work/okhttp/okhttp/okhttp/src/jvmTest/kotlin/okhttp3/RequestTest.kt:386:41 'fun <T> Assert<T>.isSameAs(expected: T): Unit' is deprecated. renamed to isSameInstanceAs.
2025-04-11T03:10:48.9671572Z w: file:///home/runner/work/okhttp/okhttp/okhttp/src/jvmTest/kotlin/okhttp3/RequestTest.kt:421:31 'fun <T> Assert<T>.isSameAs(expected: T): Unit' is deprecated. renamed to isSameInstanceAs.
2025-04-11T03:10:48.9674017Z w: file:///home/runner/work/okhttp/okhttp/okhttp/src/jvmTest/kotlin/okhttp3/RequestTest.kt:422:46 'fun <T> Assert<T>.isSameAs(expected: T): Unit' is deprecated. renamed to isSameInstanceAs.
2025-04-11T03:10:48.9676748Z w: file:///home/runner/work/okhttp/okhttp/okhttp/src/jvmTest/kotlin/okhttp3/RequestTest.kt:427:41 'fun <T> Assert<T>.isSameAs(expected: T): Unit' is deprecated. renamed to isSameInstanceAs.
2025-04-11T03:10:48.9679245Z w: file:///home/runner/work/okhttp/okhttp/okhttp/src/jvmTest/kotlin/okhttp3/RequestTest.kt:428:36 'fun <T> Assert<T>.isSameAs(expected: T): Unit' is deprecated. renamed to isSameInstanceAs.
2025-04-11T03:10:48.9681896Z w: file:///home/runner/work/okhttp/okhttp/okhttp/src/jvmTest/kotlin/okhttp3/RequestTest.kt:442:47 'fun <T> Assert<T>.isSameAs(expected: T): Unit' is deprecated. renamed to isSameInstanceAs.
2025-04-11T03:10:48.9684303Z w: file:///home/runner/work/okhttp/okhttp/okhttp/src/jvmTest/kotlin/okhttp3/RequestTest.kt:446:42 'fun <T> Assert<T>.isSameAs(expected: T): Unit' is deprecated. renamed to isSameInstanceAs.
2025-04-11T03:10:48.9686706Z w: file:///home/runner/work/okhttp/okhttp/okhttp/src/jvmTest/kotlin/okhttp3/RequestTest.kt:447:37 'fun <T> Assert<T>.isSameAs(expected: T): Unit' is deprecated. renamed to isSameInstanceAs.
2025-04-11T03:10:48.9689522Z w: file:///home/runner/work/okhttp/okhttp/okhttp/src/jvmTest/kotlin/okhttp3/RequestTest.kt:461:37 'fun <T> Assert<T>.isSameAs(expected: T): Unit' is deprecated. renamed to isSameInstanceAs.
2025-04-11T03:10:48.9692156Z w: file:///home/runner/work/okhttp/okhttp/okhttp/src/jvmTest/kotlin/okhttp3/RequestTest.kt:465:47 'fun <T> Assert<T>.isSameAs(expected: T): Unit' is deprecated. renamed to isSameInstanceAs.
2025-04-11T03:10:48.9694565Z w: file:///home/runner/work/okhttp/okhttp/okhttp/src/jvmTest/kotlin/okhttp3/RequestTest.kt:466:42 'fun <T> Assert<T>.isSameAs(expected: T): Unit' is deprecated. renamed to isSameInstanceAs.
2025-04-11T03:10:48.9696953Z w: file:///home/runner/work/okhttp/okhttp/okhttp/src/jvmTest/kotlin/okhttp3/RequestTest.kt:480:42 'fun <T> Assert<T>.isSameAs(expected: T): Unit' is deprecated. renamed to isSameInstanceAs.
2025-04-11T03:10:48.9699320Z w: file:///home/runner/work/okhttp/okhttp/okhttp/src/jvmTest/kotlin/okhttp3/RequestTest.kt:484:47 'fun <T> Assert<T>.isSameAs(expected: T): Unit' is deprecated. renamed to isSameInstanceAs.
2025-04-11T03:10:48.9702225Z w: file:///home/runner/work/okhttp/okhttp/okhttp/src/jvmTest/kotlin/okhttp3/RequestTest.kt:485:37 'fun <T> Assert<T>.isSameAs(expected: T): Unit' is deprecated. renamed to isSameInstanceAs.
2025-04-11T03:10:48.9704671Z w: file:///home/runner/work/okhttp/okhttp/okhttp/src/jvmTest/kotlin/okhttp3/RequestTest.kt:499:47 'fun <T> Assert<T>.isSameAs(expected: T): Unit' is deprecated. renamed to isSameInstanceAs.
2025-04-11T03:10:48.9707075Z w: file:///home/runner/work/okhttp/okhttp/okhttp/src/jvmTest/kotlin/okhttp3/RequestTest.kt:517:31 'fun <T> Assert<T>.isSameAs(expected: T): Unit' is deprecated. renamed to isSameInstanceAs.
2025-04-11T03:10:48.9709495Z w: file:///home/runner/work/okhttp/okhttp/okhttp/src/jvmTest/kotlin/okhttp3/RequestTest.kt:518:46 'fun <T> Assert<T>.isSameAs(expected: T): Unit' is deprecated. renamed to isSameInstanceAs.
2025-04-11T03:10:48.9712179Z w: file:///home/runner/work/okhttp/okhttp/okhttp/src/jvmTest/kotlin/okhttp3/RequestTest.kt:519:47 'fun <T> Assert<T>.isSameAs(expected: T): Unit' is deprecated. renamed to isSameInstanceAs.
2025-04-11T03:10:48.9714608Z w: file:///home/runner/work/okhttp/okhttp/okhttp/src/jvmTest/kotlin/okhttp3/RequestTest.kt:520:49 'fun <T> Assert<T>.isSameAs(expected: T): Unit' is deprecated. renamed to isSameInstanceAs.
2025-04-11T03:10:48.9716990Z w: file:///home/runner/work/okhttp/okhttp/okhttp/src/jvmTest/kotlin/okhttp3/RequestTest.kt:521:57 'fun <T> Assert<T>.isSameAs(expected: T): Unit' is deprecated. renamed to isSameInstanceAs.
2025-04-11T03:10:49.0358678Z w: file:///home/runner/work/okhttp/okhttp/okhttp/src/jvmTest/kotlin/okhttp3/RequestTest.kt:534:50 'fun <T> Assert<T>.isSameAs(expected: T): Unit' is deprecated. renamed to isSameInstanceAs.
2025-04-11T03:10:49.0364098Z w: file:///home/runner/work/okhttp/okhttp/okhttp/src/jvmTest/kotlin/okhttp3/RequestTest.kt:535:50 'fun <T> Assert<T>.isSameAs(expected: T): Unit' is deprecated. renamed to isSameInstanceAs.
2025-04-11T03:10:49.0367962Z w: file:///home/runner/work/okhttp/okhttp/okhttp/src/jvmTest/kotlin/okhttp3/RequestTest.kt:536:50 'fun <T> Assert<T>.isSameAs(expected: T): Unit' is deprecated. renamed to isSameInstanceAs.
2025-04-11T03:10:49.0371605Z w: file:///home/runner/work/okhttp/okhttp/okhttp/src/jvmTest/kotlin/okhttp3/ResponseBodyTest.kt:35:25 Condition is always 'true'.
2025-04-11T03:10:49.0374265Z w: file:///home/runner/work/okhttp/okhttp/okhttp/src/jvmTest/kotlin/okhttp3/SocketChannelTest.kt:130:20 'fun supportsTlsExtensions(supportsTlsExtensions: Boolean): ConnectionSpec.Builder' is deprecated. since OkHttp 3.13 all TLS-connections are expected to support TLS extensions.
2025-04-11T03:10:49.0376526Z In a future release setting this to true will be unnecessary and setting it to false
2025-04-11T03:10:49.0377233Z will have no effect.
2025-04-11T03:10:49.0378665Z w: file:///home/runner/work/okhttp/okhttp/okhttp/src/jvmTest/kotlin/okhttp3/TestTls13Request.kt:83:60 'fun provideTrustManager(): Conscrypt.ProviderBuilder!' is deprecated. Deprecated in Java.
2025-04-11T03:10:49.0381440Z w: file:///home/runner/work/okhttp/okhttp/okhttp/src/jvmTest/kotlin/okhttp3/URLConnectionTest.kt:1273:19 'static fun setDefaultRequestProperty(p0: String!, p1: String!): Unit' is deprecated. Deprecated in Java.
2025-04-11T03:10:49.0383939Z w: file:///home/runner/work/okhttp/okhttp/okhttp/src/jvmTest/kotlin/okhttp3/URLConnectionTest.kt:1274:30 'static fun getDefaultRequestProperty(p0: String!): String!' is deprecated. Deprecated in Java.
2025-04-11T03:10:49.0386477Z w: file:///home/runner/work/okhttp/okhttp/okhttp/src/jvmTest/kotlin/okhttp3/internal/cache/DiskLruCacheTest.kt:817:39 'fun <T> Assert<T>.isSameAs(expected: T): Unit' is deprecated. renamed to isSameInstanceAs.
2025-04-11T03:10:49.0389191Z w: file:///home/runner/work/okhttp/okhttp/okhttp/src/jvmTest/kotlin/okhttp3/internal/concurrent/TaskRunnerTest.kt:678:28 'fun <T> Assert<T>.isSameAs(expected: T): Unit' is deprecated. renamed to isSameInstanceAs.
2025-04-11T03:10:49.0392731Z w: file:///home/runner/work/okhttp/okhttp/okhttp/src/jvmTest/kotlin/okhttp3/internal/connection/RouteSelectorTest.kt:391:34 'fun <T> Assert<T>.isSameAs(expected: T): Unit' is deprecated. renamed to isSameInstanceAs.
2025-04-11T03:10:49.0423340Z w: file:///home/runner/work/okhttp/okhttp/okhttp/src/jvmTest/kotlin/okhttp3/internal/connection/RouteSelectorTest.kt:392:34 'fun <T> Assert<T>.isSameAs(expected: T): Unit' is deprecated. renamed to isSameInstanceAs.
2025-04-11T03:10:49.0428615Z w: file:///home/runner/work/okhttp/okhttp/okhttp/src/jvmTest/kotlin/okhttp3/internal/ws/WebSocketRecorder.kt:177:25 'fun <T> Assert<T>.isSameAs(expected: T): Unit' is deprecated. renamed to isSameInstanceAs.
2025-04-11T03:10:49.0432203Z w: file:///home/runner/work/okhttp/okhttp/okhttp/src/jvmTest/kotlin/okhttp3/test/BaseJavaTest.kt:18:1 'expect'/'actual' classes (including interfaces, objects, annotations, enums, and 'actual' typealiases) are in Beta. You can use -Xexpect-actual-classes flag to suppress this warning. Also see: https://youtrack.jetbrains.com/issue/KT-61573
2025-04-11T03:10:49.6355541Z 
2025-04-11T03:10:49.6356165Z > Task :okhttp-tls:lintAnalyzeJvmTest
2025-04-11T03:10:49.6356784Z > Task :okhttp:jvmTestClasses
2025-04-11T03:10:49.8411122Z 
2025-04-11T03:10:49.8411719Z > Task :okhttp-tls:lintReportJvm
2025-04-11T03:10:49.8412800Z Wrote HTML report to file:///home/runner/work/okhttp/okhttp/okhttp-tls/build/reports/lint-results.html
2025-04-11T03:10:49.8413610Z 
2025-04-11T03:10:49.8414055Z > Task :okhttp-tls:lintJvm
2025-04-11T03:10:49.8414508Z > Task :okhttp-tls:lint
2025-04-11T03:10:49.8414927Z > Task :okhttp-tls:check
2025-04-11T03:10:56.5355340Z 
2025-04-11T03:10:56.5356190Z > Task :samples:guide:kaptGenerateStubsKotlin
2025-04-11T03:10:56.5357769Z w: Support for language version 2.0+ in kapt is in Alpha and must be enabled explicitly. Falling back to 1.9.
2025-04-11T03:10:57.0355356Z 
2025-04-11T03:10:57.0356382Z > Task :samples:crawler:sympathyForMrMaven
2025-04-11T03:10:59.0356143Z > Task :samples:crawler:lintAnalyzeJvmTest
2025-04-11T03:10:59.0379742Z > Task :samples:simple-client:checkKotlinGradlePluginConfigurationErrors SKIPPED
2025-04-11T03:10:59.0381247Z > Task :samples:simple-client:compileKotlin NO-SOURCE
2025-04-11T03:10:59.1356030Z > Task :samples:simple-client:compileJava FROM-CACHE
2025-04-11T03:10:59.1360992Z > Task :samples:simple-client:processResources NO-SOURCE
2025-04-11T03:10:59.1361914Z > Task :samples:simple-client:classes UP-TO-DATE
2025-04-11T03:11:00.5356099Z > Task :samples:simple-client:animalsnifferMain
2025-04-11T03:11:00.5361078Z > Task :samples:simple-client:checkstyleMain FROM-CACHE
2025-04-11T03:11:00.5366026Z > Task :samples:simple-client:generateJvmMainLintModel
2025-04-11T03:11:00.6356375Z > Task :samples:simple-client:jar
2025-04-11T03:11:00.6357657Z > Task :samples:simple-client:generateJvmTestLintModel
2025-04-11T03:11:00.6358688Z > Task :samples:crawler:lintAnalyzeJvmMain
2025-04-11T03:11:02.9376453Z > Task :samples:simple-client:lintAnalyzeJvmMain
2025-04-11T03:11:02.9380021Z > Task :samples:guide:processResources NO-SOURCE
2025-04-11T03:11:03.1364288Z > Task :samples:guide:sympathyForMrMaven
2025-04-11T03:11:06.4364305Z 
2025-04-11T03:11:06.4366108Z > Task :samples:guide:kaptKotlin
2025-04-11T03:11:06.4368589Z warning: Kapt support in Moshi Kotlin Code Gen is deprecated and will be removed in 2.0. Please migrate to KSP. https://github.com/square/moshi#codegen
2025-04-11T03:11:09.7354924Z 
2025-04-11T03:11:09.7355898Z > Task :samples:guide:compileKotlin
2025-04-11T03:11:09.7358028Z w: file:///home/runner/work/okhttp/okhttp/samples/guide/src/main/java/okhttp3/recipes/kt/CustomTrust.kt:174:56 'val subjectDN: Principal!' is deprecated. Deprecated in Java.
2025-04-11T03:11:09.7361658Z w: file:///home/runner/work/okhttp/okhttp/samples/guide/src/main/java/okhttp3/recipes/kt/WiresharkExample.kt:16:36 This code uses error suppression for 'INVISIBLE_REFERENCE'. While it might compile and work, the compiler behavior is UNSPECIFIED and WON'T BE PRESERVED. Please report your use case to the Kotlin issue tracker instead: https://kotl.in/issue
2025-04-11T03:11:09.7366403Z w: file:///home/runner/work/okhttp/okhttp/samples/guide/src/main/java/okhttp3/recipes/kt/YubikeyClientAuth.kt:16:36 This code uses error suppression for 'INVISIBLE_REFERENCE'. While it might compile and work, the compiler behavior is UNSPECIFIED and WON'T BE PRESERVED. Please report your use case to the Kotlin issue tracker instead: https://kotl.in/issue
2025-04-11T03:11:09.9356350Z 
2025-04-11T03:11:09.9360334Z > Task :samples:guide:compileJava FROM-CACHE
2025-04-11T03:11:09.9364842Z > Task :samples:guide:classes UP-TO-DATE
2025-04-11T03:11:11.9355862Z > Task :samples:guide:animalsnifferMain
2025-04-11T03:11:11.9361186Z > Task :samples:guide:checkstyleMain FROM-CACHE
2025-04-11T03:11:12.0357551Z > Task :samples:guide:generateJvmMainLintModel
2025-04-11T03:11:12.3356768Z > Task :samples:guide:jar
2025-04-11T03:11:12.3359140Z > Task :samples:guide:generateJvmTestLintModel
2025-04-11T03:11:19.6360338Z > Task :okhttp:jvmTest
2025-04-11T03:11:30.6355440Z > Task :samples:crawler:lintReportJvm
2025-04-11T03:11:33.1356120Z > Task :samples:simple-client:lintAnalyzeJvmTest
2025-04-11T03:11:35.8355580Z > Task :samples:guide:lintAnalyzeJvmMain
2025-04-11T03:11:37.0355687Z > Task :samples:guide:lintAnalyzeJvmTest
2025-04-11T03:11:37.0358122Z 
2025-04-11T03:11:37.0358490Z > Task :samples:guide:lintReportJvm
2025-04-11T03:11:37.0359451Z Wrote HTML report to file:///home/runner/work/okhttp/okhttp/samples/guide/build/reports/lint-results.html
2025-04-11T03:11:37.0360210Z 
2025-04-11T03:11:37.0360594Z > Task :samples:guide:lintJvm
2025-04-11T03:11:37.0361236Z > Task :samples:guide:lint
2025-04-11T03:11:37.0361699Z > Task :samples:guide:check
2025-04-11T03:11:37.3355690Z > Task :samples:simple-client:sympathyForMrMaven
2025-04-11T03:11:37.3356839Z > Task :samples:slack:checkKotlinGradlePluginConfigurationErrors SKIPPED
2025-04-11T03:11:37.3357631Z > Task :samples:slack:compileKotlin NO-SOURCE
2025-04-11T03:11:37.3358231Z > Task :samples:slack:compileJava FROM-CACHE
2025-04-11T03:11:37.3359115Z > Task :samples:slack:processResources NO-SOURCE
2025-04-11T03:11:37.3359698Z > Task :samples:slack:classes UP-TO-DATE
2025-04-11T03:11:37.9356501Z > Task :samples:slack:animalsnifferMain
2025-04-11T03:11:37.9360843Z > Task :samples:slack:checkstyleMain FROM-CACHE
2025-04-11T03:11:37.9375149Z > Task :samples:slack:generateJvmMainLintModel
2025-04-11T03:11:37.9375657Z > Task :samples:slack:jar
2025-04-11T03:11:37.9376098Z > Task :samples:slack:generateJvmTestLintModel
2025-04-11T03:11:39.3355405Z > Task :samples:crawler:lintJvm
2025-04-11T03:11:39.3360190Z > Task :samples:crawler:lint
2025-04-11T03:11:39.3365049Z > Task :samples:crawler:check
2025-04-11T03:11:39.3368938Z > Task :samples:slack:lintAnalyzeJvmMain
2025-04-11T03:11:39.5358120Z > Task :samples:slack:sympathyForMrMaven
2025-04-11T03:11:39.5361085Z > Task :samples:static-server:checkKotlinGradlePluginConfigurationErrors SKIPPED
2025-04-11T03:11:39.5373729Z > Task :samples:static-server:compileKotlin NO-SOURCE
2025-04-11T03:11:39.5374464Z > Task :samples:static-server:compileJava FROM-CACHE
2025-04-11T03:11:39.5375190Z > Task :samples:static-server:processResources NO-SOURCE
2025-04-11T03:11:39.5375869Z > Task :samples:static-server:classes UP-TO-DATE
2025-04-11T03:11:39.9355951Z > Task :samples:simple-client:lintReportJvm
2025-04-11T03:11:39.9360644Z > Task :samples:simple-client:lintJvm
2025-04-11T03:11:39.9364797Z > Task :samples:simple-client:lint
2025-04-11T03:11:39.9365953Z > Task :samples:simple-client:check
2025-04-11T03:11:39.9367292Z > Task :samples:tlssurvey:checkKotlinGradlePluginConfigurationErrors SKIPPED
2025-04-11T03:11:40.3372498Z > Task :samples:static-server:animalsnifferMain
2025-04-11T03:11:40.4356520Z > Task :samples:static-server:checkstyleMain FROM-CACHE
2025-04-11T03:11:40.4357722Z > Task :samples:static-server:generateJvmMainLintModel
2025-04-11T03:11:40.4358775Z > Task :samples:static-server:jar
2025-04-11T03:11:40.4360125Z > Task :samples:static-server:generateJvmTestLintModel
2025-04-11T03:11:40.6355926Z > Task :samples:slack:lintAnalyzeJvmTest
2025-04-11T03:11:40.7354902Z 
2025-04-11T03:11:40.7360669Z > Task :samples:slack:lintReportJvm
2025-04-11T03:11:40.7365446Z Wrote HTML report to file:///home/runner/work/okhttp/okhttp/samples/slack/build/reports/lint-results.html
2025-04-11T03:11:40.7369840Z 
2025-04-11T03:11:40.7371034Z > Task :samples:slack:lintJvm
2025-04-11T03:11:40.7372148Z > Task :samples:slack:lint
2025-04-11T03:11:40.7373491Z > Task :samples:slack:check
2025-04-11T03:11:41.2356635Z > Task :samples:tlssurvey:kspKotlin
2025-04-11T03:11:41.4373013Z > Task :samples:static-server:sympathyForMrMaven
2025-04-11T03:11:42.3355566Z > Task :samples:static-server:lintAnalyzeJvmMain
2025-04-11T03:11:42.3356571Z > Task :samples:tlssurvey:processResources
2025-04-11T03:11:42.5355840Z > Task :samples:tlssurvey:sympathyForMrMaven
2025-04-11T03:11:42.5357175Z > Task :samples:unixdomainsockets:checkKotlinGradlePluginConfigurationErrors SKIPPED
2025-04-11T03:11:42.6356528Z > Task :samples:unixdomainsockets:compileKotlin NO-SOURCE
2025-04-11T03:11:42.6357766Z > Task :samples:unixdomainsockets:compileJava FROM-CACHE
2025-04-11T03:11:42.6358770Z > Task :samples:unixdomainsockets:processResources NO-SOURCE
2025-04-11T03:11:42.6365416Z > Task :samples:unixdomainsockets:classes UP-TO-DATE
2025-04-11T03:11:42.6366532Z > Task :samples:tlssurvey:compileKotlin
2025-04-11T03:11:42.6367414Z > Task :samples:tlssurvey:compileJava NO-SOURCE
2025-04-11T03:11:42.6373626Z > Task :samples:tlssurvey:classes
2025-04-11T03:11:43.3355478Z > Task :samples:static-server:lintAnalyzeJvmTest
2025-04-11T03:11:43.3359629Z 
2025-04-11T03:11:43.3363549Z > Task :samples:static-server:lintReportJvm
2025-04-11T03:11:43.3368307Z Wrote HTML report to file:///home/runner/work/okhttp/okhttp/samples/static-server/build/reports/lint-results.html
2025-04-11T03:11:43.3372939Z 
2025-04-11T03:11:43.3374306Z > Task :samples:static-server:lintJvm
2025-04-11T03:11:43.3381283Z > Task :samples:static-server:lint
2025-04-11T03:11:43.3382184Z > Task :samples:static-server:check
2025-04-11T03:11:43.8361897Z > Task :samples:unixdomainsockets:animalsnifferMain
2025-04-11T03:11:43.8364928Z > Task :samples:unixdomainsockets:checkstyleMain FROM-CACHE
2025-04-11T03:11:43.9356295Z > Task :samples:unixdomainsockets:generateJvmMainLintModel
2025-04-11T03:11:43.9359160Z > Task :samples:unixdomainsockets:jar
2025-04-11T03:11:43.9361078Z > Task :samples:tlssurvey:animalsnifferMain
2025-04-11T03:11:43.9362826Z > Task :samples:tlssurvey:checkstyleMain NO-SOURCE
2025-04-11T03:11:43.9364631Z > Task :samples:unixdomainsockets:generateJvmTestLintModel
2025-04-11T03:11:43.9367023Z > Task :samples:tlssurvey:generateJvmMainLintModel
2025-04-11T03:11:44.0356669Z > Task :samples:tlssurvey:jar
2025-04-11T03:11:44.0358819Z > Task :samples:tlssurvey:kspTestKotlin NO-SOURCE
2025-04-11T03:11:44.1357543Z > Task :samples:tlssurvey:generateJvmTestLintModel
2025-04-11T03:11:45.3382227Z > Task :samples:unixdomainsockets:lintAnalyzeJvmTest
2025-04-11T03:11:47.3355822Z > Task :samples:unixdomainsockets:lintAnalyzeJvmMain
2025-04-11T03:11:47.3356703Z > Task :samples:unixdomainsockets:lintReportJvm
2025-04-11T03:11:47.3393379Z > Task :samples:unixdomainsockets:lintJvm
2025-04-11T03:11:47.3445593Z > Task :samples:unixdomainsockets:lint
2025-04-11T03:11:47.5366942Z > Task :samples:unixdomainsockets:sympathyForMrMaven
2025-04-11T03:11:47.5372650Z > Task :samples:unixdomainsockets:check
2025-04-11T03:11:47.9355808Z > Task :samples:tlssurvey:lintAnalyzeJvmMain
2025-04-11T03:11:48.0355786Z > Task :samples:tlssurvey:lintAnalyzeJvmTest
2025-04-11T03:11:48.0356286Z > Task :samples:tlssurvey:lintReportJvm
2025-04-11T03:11:48.0356685Z > Task :samples:tlssurvey:lintJvm
2025-04-11T03:11:48.0357052Z > Task :samples:tlssurvey:lint
2025-04-11T03:11:48.0357395Z > Task :samples:tlssurvey:check
2025-04-11T03:13:30.0371856Z 
2025-04-11T03:13:30.0373855Z > Task :okhttp:jvmTest
2025-04-11T03:13:30.0378719Z 
2025-04-11T03:13:30.0380008Z HttpOverHttp2Test[jvm] > connectionWindowUpdateAfterCanceling(Protocol, MockWebServer)[jvm] > [1] h2_prior_knowledge[jvm] FAILED
2025-04-11T03:13:30.0381487Z     java.lang.AssertionError: Timed out waiting for log message.
2025-04-11T03:13:30.0382243Z         at okhttp3.TestLogHandler.take(TestLogHandler.kt:93)
2025-04-11T03:13:30.0383213Z         at okhttp3.internal.http2.HttpOverHttp2Test.waitForDataFrames(HttpOverHttp2Test.kt:431)
2025-04-11T03:13:30.0384590Z         at okhttp3.internal.http2.HttpOverHttp2Test.connectionWindowUpdateAfterCanceling(HttpOverHttp2Test.kt:412)
2025-04-11T03:13:57.2372466Z 
2025-04-11T03:13:57.2373204Z 2924 tests completed, 1 failed, 171 skipped
2025-04-11T03:13:57.4357044Z There were failing tests. See the report at: file:///home/runner/work/okhttp/okhttp/okhttp/build/reports/tests/jvmTest/index.html
2025-04-11T03:13:57.6355985Z 
2025-04-11T03:13:57.6358753Z > Task :okhttp:allTests FAILED
2025-04-11T03:13:57.7355582Z 
2025-04-11T03:13:57.7356616Z gradle/actions: Writing build results to /home/runner/work/_temp/.gradle-actions/build-results/__run-1744340788608.json
2025-04-11T03:13:57.7365656Z FAILURE: Build failed with an exception.
2025-04-11T03:13:57.7366760Z 
2025-04-11T03:13:57.7367261Z * What went wrong:
2025-04-11T03:13:57.7367752Z Execution failed for task ':okhttp:allTests'.
2025-04-11T03:13:57.7368873Z > There were failing tests. See the report at: file:///home/runner/work/okhttp/okhttp/okhttp/build/reports/tests/allTests/index.html
2025-04-11T03:13:57.7369773Z 
2025-04-11T03:13:57.7369931Z * Try:
2025-04-11T03:13:57.7370618Z > Run with --stacktrace option to get the stack trace.
2025-04-11T03:13:57.7371330Z > Run with --info or --debug option to get more log output.
2025-04-11T03:13:57.7371966Z > Run with --scan to get full insights.
2025-04-11T03:13:57.7372562Z > Get more help at https://help.gradle.org.
2025-04-11T03:13:57.7372949Z 
2025-04-11T03:13:57.7373120Z BUILD FAILED in 7m 32s
2025-04-11T03:13:57.7373385Z 
2025-04-11T03:13:57.7374124Z [Incubating] Problems report is available at: file:///home/runner/work/okhttp/okhttp/build/reports/problems/problems-report.html
2025-04-11T03:13:57.7375454Z 
2025-04-11T03:13:57.7375955Z Deprecated Gradle features were used in this build, making it incompatible with Gradle 9.0.
2025-04-11T03:13:57.7376592Z 
2025-04-11T03:13:57.7377314Z You can use '--warning-mode all' to show the individual deprecation warnings and determine if they come from your own scripts or plugins.
2025-04-11T03:13:57.7378189Z 
2025-04-11T03:13:57.7379065Z For more on this, please refer to https://docs.gradle.org/8.13/userguide/command_line_interface.html#sec:command_line_warnings in the Gradle documentation.
2025-04-11T03:13:57.7380302Z 523 actionable tasks: 487 executed, 36 from cache
2025-04-11T03:13:58.2045932Z ##[error]Process completed with exit code 1.
2025-04-11T03:13:58.2129037Z Post job cleanup.
2025-04-11T03:13:58.5585447Z In post-action step
2025-04-11T03:13:58.5595152Z Cache is read-only: will not save state for use in subsequent builds.
2025-04-11T03:13:58.5601793Z Generating Job Summary
2025-04-11T03:13:58.5625870Z Completed post-action step
2025-04-11T03:13:58.5793119Z Post job cleanup.
2025-04-11T03:13:58.7652959Z Post job cleanup.
2025-04-11T03:13:58.9363781Z Post job cleanup.
2025-04-11T03:13:59.0335177Z [command]/usr/bin/git version
2025-04-11T03:13:59.0377986Z git version 2.49.0
2025-04-11T03:13:59.0421623Z Temporarily overriding HOME='/home/runner/work/_temp/a7f84631-03fd-4cfd-baf2-d1254baecc18' before making global git config changes
2025-04-11T03:13:59.0423042Z Adding repository directory to the temporary git global config as a safe directory
2025-04-11T03:13:59.0428192Z [command]/usr/bin/git config --global --add safe.directory /home/runner/work/okhttp/okhttp
2025-04-11T03:13:59.0463788Z [command]/usr/bin/git config --local --name-only --get-regexp core\.sshCommand
2025-04-11T03:13:59.0496825Z [command]/usr/bin/git submodule foreach --recursive sh -c "git config --local --name-only --get-regexp 'core\.sshCommand' && git config --local --unset-all 'core.sshCommand' || :"
2025-04-11T03:13:59.0767741Z [command]/usr/bin/git config --local --name-only --get-regexp http\.https\:\/\/github\.com\/\.extraheader
2025-04-11T03:13:59.0788133Z http.https://github.com/.extraheader
2025-04-11T03:13:59.0801369Z [command]/usr/bin/git config --local --unset-all http.https://github.com/.extraheader
2025-04-11T03:13:59.0832300Z [command]/usr/bin/git submodule foreach --recursive sh -c "git config --local --name-only --get-regexp 'http\.https\:\/\/github\.com\/\.extraheader' && git config --local --unset-all 'http.https://github.com/.extraheader' || :"
2025-04-11T03:13:59.1161932Z Cleaning up orphan processes
2025-04-11T03:13:59.1461608Z Terminate orphan process: pid (2137) (java)
2025-04-11T03:13:59.1500569Z Terminate orphan process: pid (2326) (java)
