2025-02-06T20:35:39.4651208Z Requested labels: ubuntu-20.04
2025-02-06T20:35:39.4651488Z Job defined at: ytdl-org/youtube-dl/.github/workflows/ci.yml@refs/pull/33049/merge
2025-02-06T20:35:39.4651588Z Waiting for a runner to pick up this job...
2025-02-06T20:35:40.5686442Z Job is waiting for a hosted runner to come online.
2025-02-06T20:35:41.8034579Z Job is about to start running on the hosted runner: GitHub Actions 14 (hosted)
2025-02-06T20:35:43.4563247Z Current runner version: '2.322.0'
2025-02-06T20:35:43.4587825Z ##[group]Operating System
2025-02-06T20:35:43.4588667Z Ubuntu
2025-02-06T20:35:43.4589146Z 20.04.6
2025-02-06T20:35:43.4589586Z LTS
2025-02-06T20:35:43.4590102Z ##[endgroup]
2025-02-06T20:35:43.4590631Z ##[group]Runner Image
2025-02-06T20:35:43.4591132Z Image: ubuntu-20.04
2025-02-06T20:35:43.4591671Z Version: 20250202.1.0
2025-02-06T20:35:43.4592664Z Included Software: https://github.com/actions/runner-images/blob/ubuntu20/20250202.1/images/ubuntu/Ubuntu2004-Readme.md
2025-02-06T20:35:43.4593966Z Image Release: https://github.com/actions/runner-images/releases/tag/ubuntu20%2F20250202.1
2025-02-06T20:35:43.4594881Z ##[endgroup]
2025-02-06T20:35:43.4595395Z ##[group]Runner Image Provisioner
2025-02-06T20:35:43.4595915Z 2.0.422.1
2025-02-06T20:35:43.4596402Z ##[endgroup]
2025-02-06T20:35:43.4597418Z ##[group]GITHUB_TOKEN Permissions
2025-02-06T20:35:43.4599553Z Contents: read
2025-02-06T20:35:43.4600102Z Metadata: read
2025-02-06T20:35:43.4600799Z Packages: read
2025-02-06T20:35:43.4601355Z ##[endgroup]
2025-02-06T20:35:43.4604157Z Secret source: None
2025-02-06T20:35:43.4604908Z Prepare workflow directory
2025-02-06T20:35:43.5049015Z Prepare all required actions
2025-02-06T20:35:43.5085532Z Getting action download info
2025-02-06T20:35:43.6752473Z Download action repository 'actions/checkout@v3' (SHA:f43a0e5ff2bd294095638e18286ca9a3d1956744)
2025-02-06T20:35:43.7669580Z Download action repository 'ytdl-org/setup-python@v1' (SHA:721f2cd130736a528673de59e74be6fb0d0a8784)
2025-02-06T20:35:43.9990677Z Download action repository 'actions/cache@v3' (SHA:f4b3439a656ba812b8cb417d2d49f9c810103092)
2025-02-06T20:35:44.1166478Z Download action repository 'actions/setup-java@v3' (SHA:0ab4596768b603586c0de567f2430c30f5b0d2b0)
2025-02-06T20:35:44.4236506Z Getting action download info
2025-02-06T20:35:44.5357740Z Download action repository 'MatteoH2O1999/build-and-install-python@004dc2989b38616af18eb8aba45fe49d5f813264' (SHA:004dc2989b38616af18eb8aba45fe49d5f813264)
2025-02-06T20:35:44.8524956Z Download action repository 'actions/setup-python@bd6b4b6205c4dbad673328db7b31b7fab9e241c0' (SHA:bd6b4b6205c4dbad673328db7b31b7fab9e241c0)
2025-02-06T20:35:45.0401700Z Complete job name: Run tests (ubuntu-20.04, 3.11, cpython, core, sh)
2025-02-06T20:35:45.1254903Z ##[group]Run # apt in runner, if needed, may not be up-to-date
2025-02-06T20:35:45.1256444Z [36;1m# apt in runner, if needed, may not be up-to-date[0m
2025-02-06T20:35:45.1257594Z [36;1msudo apt-get update[0m
2025-02-06T20:35:45.1479387Z shell: /usr/bin/bash --noprofile --norc -e -o pipefail {0}
2025-02-06T20:35:45.1481077Z env:
2025-02-06T20:35:45.1482182Z   all-cpython-versions: 2.6, 2.7, 3.2, 3.3, 3.4, 3.5, 3.6, 3.7, 3.8, 3.9, 3.10, 3.11, 3.12
2025-02-06T20:35:45.1483833Z   main-cpython-versions: 2.7, 3.2, 3.5, 3.9, 3.11
2025-02-06T20:35:45.1485114Z   pypy-versions: pypy-2.7, pypy-3.6, pypy-3.7
2025-02-06T20:35:45.1486264Z   cpython-versions: main
2025-02-06T20:35:45.1487082Z   test-set: core
2025-02-06T20:35:45.1487840Z   next: 3.13
2025-02-06T20:35:45.1488581Z   PIP: python -m pip
2025-02-06T20:35:45.1489443Z   PIP_DISABLE_PIP_VERSION_CHECK: true
2025-02-06T20:35:45.1490451Z   PIP_NO_PYTHON_VERSION_WARNING: true
2025-02-06T20:35:45.1491394Z ##[endgroup]
2025-02-06T20:35:45.2553446Z Get:1 file:/etc/apt/apt-mirrors.txt Mirrorlist [142 B]
2025-02-06T20:35:45.2936335Z Hit:6 https://packages.microsoft.com/repos/azure-cli focal InRelease
2025-02-06T20:35:45.2940273Z Get:7 https://packages.microsoft.com/ubuntu/20.04/prod focal InRelease [3632 B]
2025-02-06T20:35:45.2984308Z Hit:2 http://azure.archive.ubuntu.com/ubuntu focal InRelease
2025-02-06T20:35:45.3000863Z Get:3 http://azure.archive.ubuntu.com/ubuntu focal-updates InRelease [128 kB]
2025-02-06T20:35:45.3076241Z Get:4 http://azure.archive.ubuntu.com/ubuntu focal-backports InRelease [128 kB]
2025-02-06T20:35:45.3100769Z Get:5 http://azure.archive.ubuntu.com/ubuntu focal-security InRelease [128 kB]
2025-02-06T20:35:45.4539101Z Get:8 https://packages.microsoft.com/ubuntu/20.04/prod focal/main amd64 Packages [332 kB]
2025-02-06T20:35:45.4699007Z Get:9 https://packages.microsoft.com/ubuntu/20.04/prod focal/main arm64 Packages [71.2 kB]
2025-02-06T20:35:45.6415521Z Get:10 http://azure.archive.ubuntu.com/ubuntu focal-updates/main amd64 Packages [3772 kB]
2025-02-06T20:35:45.6749580Z Get:11 http://azure.archive.ubuntu.com/ubuntu focal-updates/main Translation-en [576 kB]
2025-02-06T20:35:45.6828665Z Get:12 http://azure.archive.ubuntu.com/ubuntu focal-updates/restricted amd64 Packages [3547 kB]
2025-02-06T20:35:45.7173178Z Get:13 http://azure.archive.ubuntu.com/ubuntu focal-updates/restricted Translation-en [496 kB]
2025-02-06T20:35:45.7235560Z Get:14 http://azure.archive.ubuntu.com/ubuntu focal-updates/universe amd64 Packages [1254 kB]
2025-02-06T20:35:45.7399690Z Get:15 http://azure.archive.ubuntu.com/ubuntu focal-updates/universe Translation-en [301 kB]
2025-02-06T20:35:45.8704973Z Get:16 http://azure.archive.ubuntu.com/ubuntu focal-security/main amd64 Packages [3393 kB]
2025-02-06T20:35:45.9051610Z Get:17 http://azure.archive.ubuntu.com/ubuntu focal-security/main Translation-en [496 kB]
2025-02-06T20:35:45.9103209Z Get:18 http://azure.archive.ubuntu.com/ubuntu focal-security/restricted amd64 Packages [3400 kB]
2025-02-06T20:35:45.9438395Z Get:19 http://azure.archive.ubuntu.com/ubuntu focal-security/restricted Translation-en [476 kB]
2025-02-06T20:35:45.9930294Z Get:20 http://azure.archive.ubuntu.com/ubuntu focal-security/universe amd64 Packages [1032 kB]
2025-02-06T20:35:46.0106793Z Get:21 http://azure.archive.ubuntu.com/ubuntu focal-security/universe Translation-en [218 kB]
2025-02-06T20:35:50.4520871Z Fetched 19.8 MB in 3s (6521 kB/s)
2025-02-06T20:35:51.4590506Z Reading package lists...
2025-02-06T20:35:51.4952093Z ##[group]Run actions/checkout@v3
2025-02-06T20:35:51.4952510Z with:
2025-02-06T20:35:51.4952744Z   repository: ytdl-org/youtube-dl
2025-02-06T20:35:51.4953182Z   token: ***
2025-02-06T20:35:51.4953412Z   ssh-strict: true
2025-02-06T20:35:51.4953655Z   persist-credentials: true
2025-02-06T20:35:51.4953939Z   clean: true
2025-02-06T20:35:51.4954181Z   sparse-checkout-cone-mode: true
2025-02-06T20:35:51.4954469Z   fetch-depth: 1
2025-02-06T20:35:51.4954688Z   fetch-tags: false
2025-02-06T20:35:51.4954919Z   lfs: false
2025-02-06T20:35:51.4955131Z   submodules: false
2025-02-06T20:35:51.4955367Z   set-safe-directory: true
2025-02-06T20:35:51.4955653Z env:
2025-02-06T20:35:51.4955969Z   all-cpython-versions: 2.6, 2.7, 3.2, 3.3, 3.4, 3.5, 3.6, 3.7, 3.8, 3.9, 3.10, 3.11, 3.12
2025-02-06T20:35:51.4956374Z   main-cpython-versions: 2.7, 3.2, 3.5, 3.9, 3.11
2025-02-06T20:35:51.4956706Z   pypy-versions: pypy-2.7, pypy-3.6, pypy-3.7
2025-02-06T20:35:51.4957015Z   cpython-versions: main
2025-02-06T20:35:51.4957292Z   test-set: core
2025-02-06T20:35:51.4957499Z   next: 3.13
2025-02-06T20:35:51.4957713Z   PIP: python -m pip
2025-02-06T20:35:51.4957970Z   PIP_DISABLE_PIP_VERSION_CHECK: true
2025-02-06T20:35:51.4958254Z   PIP_NO_PYTHON_VERSION_WARNING: true
2025-02-06T20:35:51.4958529Z ##[endgroup]
2025-02-06T20:35:51.6508459Z Syncing repository: ytdl-org/youtube-dl
2025-02-06T20:35:51.6509938Z ##[group]Getting Git version info
2025-02-06T20:35:51.6510401Z Working directory is '/home/runner/work/youtube-dl/youtube-dl'
2025-02-06T20:35:51.6511008Z [command]/usr/bin/git version
2025-02-06T20:35:51.6542858Z git version 2.48.1
2025-02-06T20:35:51.6572056Z ##[endgroup]
2025-02-06T20:35:51.6588716Z Temporarily overriding HOME='/home/runner/work/_temp/33efedb2-8669-4174-8ced-1e6e3514f408' before making global git config changes
2025-02-06T20:35:51.6589808Z Adding repository directory to the temporary git global config as a safe directory
2025-02-06T20:35:51.6592501Z [command]/usr/bin/git config --global --add safe.directory /home/runner/work/youtube-dl/youtube-dl
2025-02-06T20:35:51.6627030Z Deleting the contents of '/home/runner/work/youtube-dl/youtube-dl'
2025-02-06T20:35:51.6630857Z ##[group]Initializing the repository
2025-02-06T20:35:51.6634543Z [command]/usr/bin/git init /home/runner/work/youtube-dl/youtube-dl
2025-02-06T20:35:51.6696307Z hint: Using 'master' as the name for the initial branch. This default branch name
2025-02-06T20:35:51.6697305Z hint: is subject to change. To configure the initial branch name to use in all
2025-02-06T20:35:51.6698295Z hint: of your new repositories, which will suppress this warning, call:
2025-02-06T20:35:51.6698728Z hint:
2025-02-06T20:35:51.6699149Z hint: 	git config --global init.defaultBranch <name>
2025-02-06T20:35:51.6699751Z hint:
2025-02-06T20:35:51.6700364Z hint: Names commonly chosen instead of 'master' are 'main', 'trunk' and
2025-02-06T20:35:51.6701343Z hint: 'development'. The just-created branch can be renamed via this command:
2025-02-06T20:35:51.6702138Z hint:
2025-02-06T20:35:51.6702571Z hint: 	git branch -m <name>
2025-02-06T20:35:51.6703374Z Initialized empty Git repository in /home/runner/work/youtube-dl/youtube-dl/.git/
2025-02-06T20:35:51.6709322Z [command]/usr/bin/git remote add origin https://github.com/ytdl-org/youtube-dl
2025-02-06T20:35:51.6741060Z ##[endgroup]
2025-02-06T20:35:51.6741865Z ##[group]Disabling automatic garbage collection
2025-02-06T20:35:51.6745089Z [command]/usr/bin/git config --local gc.auto 0
2025-02-06T20:35:51.6771480Z ##[endgroup]
2025-02-06T20:35:51.6772234Z ##[group]Setting up auth
2025-02-06T20:35:51.6778440Z [command]/usr/bin/git config --local --name-only --get-regexp core\.sshCommand
2025-02-06T20:35:51.6805181Z [command]/usr/bin/git submodule foreach --recursive sh -c "git config --local --name-only --get-regexp 'core\.sshCommand' && git config --local --unset-all 'core.sshCommand' || :"
2025-02-06T20:35:51.7085579Z [command]/usr/bin/git config --local --name-only --get-regexp http\.https\:\/\/github\.com\/\.extraheader
2025-02-06T20:35:51.7113246Z [command]/usr/bin/git submodule foreach --recursive sh -c "git config --local --name-only --get-regexp 'http\.https\:\/\/github\.com\/\.extraheader' && git config --local --unset-all 'http.https://github.com/.extraheader' || :"
2025-02-06T20:35:51.7326063Z [command]/usr/bin/git config --local http.https://github.com/.extraheader AUTHORIZATION: basic ***
2025-02-06T20:35:51.7388248Z ##[endgroup]
2025-02-06T20:35:51.7398082Z ##[group]Fetching the repository
2025-02-06T20:35:51.7399107Z [command]/usr/bin/git -c protocol.version=2 fetch --no-tags --prune --progress --no-recurse-submodules --depth=1 origin +c7728c8520961eab0e89156cf8b9c95aa4f2c440:refs/remotes/pull/33049/merge
2025-02-06T20:35:52.0214588Z remote: Enumerating objects: 1003, done.        
2025-02-06T20:35:52.0215391Z remote: Counting objects:   0% (1/1003)        
2025-02-06T20:35:52.0215932Z remote: Counting objects:   1% (11/1003)        
2025-02-06T20:35:52.0216470Z remote: Counting objects:   2% (21/1003)        
2025-02-06T20:35:52.0217019Z remote: Counting objects:   3% (31/1003)        
2025-02-06T20:35:52.0217537Z remote: Counting objects:   4% (41/1003)        
2025-02-06T20:35:52.0218051Z remote: Counting objects:   5% (51/1003)        
2025-02-06T20:35:52.0218576Z remote: Counting objects:   6% (61/1003)        
2025-02-06T20:35:52.0219121Z remote: Counting objects:   7% (71/1003)        
2025-02-06T20:35:52.0219631Z remote: Counting objects:   8% (81/1003)        
2025-02-06T20:35:52.0220135Z remote: Counting objects:   9% (91/1003)        
2025-02-06T20:35:52.0220648Z remote: Counting objects:  10% (101/1003)        
2025-02-06T20:35:52.0221173Z remote: Counting objects:  11% (111/1003)        
2025-02-06T20:35:52.0221679Z remote: Counting objects:  12% (121/1003)        
2025-02-06T20:35:52.0222196Z remote: Counting objects:  13% (131/1003)        
2025-02-06T20:35:52.0222722Z remote: Counting objects:  14% (141/1003)        
2025-02-06T20:35:52.0223273Z remote: Counting objects:  15% (151/1003)        
2025-02-06T20:35:52.0223784Z remote: Counting objects:  16% (161/1003)        
2025-02-06T20:35:52.0224276Z remote: Counting objects:  17% (171/1003)        
2025-02-06T20:35:52.0224764Z remote: Counting objects:  18% (181/1003)        
2025-02-06T20:35:52.0225248Z remote: Counting objects:  19% (191/1003)        
2025-02-06T20:35:52.0226084Z remote: Counting objects:  20% (201/1003)        
2025-02-06T20:35:52.0226566Z remote: Counting objects:  21% (211/1003)        
2025-02-06T20:35:52.0227051Z remote: Counting objects:  22% (221/1003)        
2025-02-06T20:35:52.0227536Z remote: Counting objects:  23% (231/1003)        
2025-02-06T20:35:52.0228015Z remote: Counting objects:  24% (241/1003)        
2025-02-06T20:35:52.0228516Z remote: Counting objects:  25% (251/1003)        
2025-02-06T20:35:52.0229007Z remote: Counting objects:  26% (261/1003)        
2025-02-06T20:35:52.0229493Z remote: Counting objects:  27% (271/1003)        
2025-02-06T20:35:52.0230009Z remote: Counting objects:  28% (281/1003)        
2025-02-06T20:35:52.0230507Z remote: Counting objects:  29% (291/1003)        
2025-02-06T20:35:52.0231006Z remote: Counting objects:  30% (301/1003)        
2025-02-06T20:35:52.0231496Z remote: Counting objects:  31% (311/1003)        
2025-02-06T20:35:52.0231990Z remote: Counting objects:  32% (321/1003)        
2025-02-06T20:35:52.0232517Z remote: Counting objects:  33% (331/1003)        
2025-02-06T20:35:52.0233017Z remote: Counting objects:  34% (342/1003)        
2025-02-06T20:35:52.0233503Z remote: Counting objects:  35% (352/1003)        
2025-02-06T20:35:52.0233994Z remote: Counting objects:  36% (362/1003)        
2025-02-06T20:35:52.0234489Z remote: Counting objects:  37% (372/1003)        
2025-02-06T20:35:52.0234980Z remote: Counting objects:  38% (382/1003)        
2025-02-06T20:35:52.0235466Z remote: Counting objects:  39% (392/1003)        
2025-02-06T20:35:52.0235946Z remote: Counting objects:  40% (402/1003)        
2025-02-06T20:35:52.0236439Z remote: Counting objects:  41% (412/1003)        
2025-02-06T20:35:52.0237171Z remote: Counting objects:  42% (422/1003)        
2025-02-06T20:35:52.0237697Z remote: Counting objects:  43% (432/1003)        
2025-02-06T20:35:52.0238202Z remote: Counting objects:  44% (442/1003)        
2025-02-06T20:35:52.0238710Z remote: Counting objects:  45% (452/1003)        
2025-02-06T20:35:52.0239231Z remote: Counting objects:  46% (462/1003)        
2025-02-06T20:35:52.0239731Z remote: Counting objects:  47% (472/1003)        
2025-02-06T20:35:52.0240235Z remote: Counting objects:  48% (482/1003)        
2025-02-06T20:35:52.0240716Z remote: Counting objects:  49% (492/1003)        
2025-02-06T20:35:52.0241222Z remote: Counting objects:  50% (502/1003)        
2025-02-06T20:35:52.0241714Z remote: Counting objects:  51% (512/1003)        
2025-02-06T20:35:52.0242185Z remote: Counting objects:  52% (522/1003)        
2025-02-06T20:35:52.0242610Z remote: Counting objects:  53% (532/1003)        
2025-02-06T20:35:52.0243076Z remote: Counting objects:  54% (542/1003)        
2025-02-06T20:35:52.0243506Z remote: Counting objects:  55% (552/1003)        
2025-02-06T20:35:52.0243941Z remote: Counting objects:  56% (562/1003)        
2025-02-06T20:35:52.0244391Z remote: Counting objects:  57% (572/1003)        
2025-02-06T20:35:52.0244880Z remote: Counting objects:  58% (582/1003)        
2025-02-06T20:35:52.0245382Z remote: Counting objects:  59% (592/1003)        
2025-02-06T20:35:52.0245877Z remote: Counting objects:  60% (602/1003)        
2025-02-06T20:35:52.0246381Z remote: Counting objects:  61% (612/1003)        
2025-02-06T20:35:52.0246844Z remote: Counting objects:  62% (622/1003)        
2025-02-06T20:35:52.0247352Z remote: Counting objects:  63% (632/1003)        
2025-02-06T20:35:52.0247896Z remote: Counting objects:  64% (642/1003)        
2025-02-06T20:35:52.0248411Z remote: Counting objects:  65% (652/1003)        
2025-02-06T20:35:52.0248904Z remote: Counting objects:  66% (662/1003)        
2025-02-06T20:35:52.0249415Z remote: Counting objects:  67% (673/1003)        
2025-02-06T20:35:52.0249909Z remote: Counting objects:  68% (683/1003)        
2025-02-06T20:35:52.0250390Z remote: Counting objects:  69% (693/1003)        
2025-02-06T20:35:52.0250907Z remote: Counting objects:  70% (703/1003)        
2025-02-06T20:35:52.0251405Z remote: Counting objects:  71% (713/1003)        
2025-02-06T20:35:52.0252101Z remote: Counting objects:  72% (723/1003)        
2025-02-06T20:35:52.0252623Z remote: Counting objects:  73% (733/1003)        
2025-02-06T20:35:52.0253122Z remote: Counting objects:  74% (743/1003)        
2025-02-06T20:35:52.0253629Z remote: Counting objects:  75% (753/1003)        
2025-02-06T20:35:52.0272638Z remote: Counting objects:  76% (763/1003)        
2025-02-06T20:35:52.0273479Z remote: Counting objects:  77% (773/1003)        
2025-02-06T20:35:52.0274150Z remote: Counting objects:  78% (783/1003)        
2025-02-06T20:35:52.0274748Z remote: Counting objects:  79% (793/1003)        
2025-02-06T20:35:52.0275348Z remote: Counting objects:  80% (803/1003)        
2025-02-06T20:35:52.0275942Z remote: Counting objects:  81% (813/1003)        
2025-02-06T20:35:52.0276516Z remote: Counting objects:  82% (823/1003)        
2025-02-06T20:35:52.0276989Z remote: Counting objects:  83% (833/1003)        
2025-02-06T20:35:52.0277365Z remote: Counting objects:  84% (843/1003)        
2025-02-06T20:35:52.0277742Z remote: Counting objects:  85% (853/1003)        
2025-02-06T20:35:52.0278087Z remote: Counting objects:  86% (863/1003)        
2025-02-06T20:35:52.0278430Z remote: Counting objects:  87% (873/1003)        
2025-02-06T20:35:52.0278756Z remote: Counting objects:  88% (883/1003)        
2025-02-06T20:35:52.0279151Z remote: Counting objects:  89% (893/1003)        
2025-02-06T20:35:52.0279488Z remote: Counting objects:  90% (903/1003)        
2025-02-06T20:35:52.0279815Z remote: Counting objects:  91% (913/1003)        
2025-02-06T20:35:52.0280149Z remote: Counting objects:  92% (923/1003)        
2025-02-06T20:35:52.0280792Z remote: Counting objects:  93% (933/1003)        
2025-02-06T20:35:52.0281132Z remote: Counting objects:  94% (943/1003)        
2025-02-06T20:35:52.0281467Z remote: Counting objects:  95% (953/1003)        
2025-02-06T20:35:52.0281798Z remote: Counting objects:  96% (963/1003)        
2025-02-06T20:35:52.0282108Z remote: Counting objects:  97% (973/1003)        
2025-02-06T20:35:52.0282382Z remote: Counting objects:  98% (983/1003)        
2025-02-06T20:35:52.0282651Z remote: Counting objects:  99% (993/1003)        
2025-02-06T20:35:52.0282918Z remote: Counting objects: 100% (1003/1003)        
2025-02-06T20:35:52.0283232Z remote: Counting objects: 100% (1003/1003), done.        
2025-02-06T20:35:52.0283545Z remote: Compressing objects:   0% (1/985)        
2025-02-06T20:35:52.0285244Z remote: Compressing objects:   1% (10/985)        
2025-02-06T20:35:52.0319487Z remote: Compressing objects:   2% (20/985)        
2025-02-06T20:35:52.0347492Z remote: Compressing objects:   3% (30/985)        
2025-02-06T20:35:52.0382517Z remote: Compressing objects:   4% (40/985)        
2025-02-06T20:35:52.0410079Z remote: Compressing objects:   5% (50/985)        
2025-02-06T20:35:52.0417240Z remote: Compressing objects:   6% (60/985)        
2025-02-06T20:35:52.0455770Z remote: Compressing objects:   7% (69/985)        
2025-02-06T20:35:52.0481838Z remote: Compressing objects:   8% (79/985)        
2025-02-06T20:35:52.0514363Z remote: Compressing objects:   9% (89/985)        
2025-02-06T20:35:52.0540406Z remote: Compressing objects:  10% (99/985)        
2025-02-06T20:35:52.0582987Z remote: Compressing objects:  11% (109/985)        
2025-02-06T20:35:52.0611640Z remote: Compressing objects:  12% (119/985)        
2025-02-06T20:35:52.0633916Z remote: Compressing objects:  13% (129/985)        
2025-02-06T20:35:52.0658727Z remote: Compressing objects:  14% (138/985)        
2025-02-06T20:35:52.0685902Z remote: Compressing objects:  15% (148/985)        
2025-02-06T20:35:52.0710243Z remote: Compressing objects:  16% (158/985)        
2025-02-06T20:35:52.0740480Z remote: Compressing objects:  17% (168/985)        
2025-02-06T20:35:52.0779372Z remote: Compressing objects:  18% (178/985)        
2025-02-06T20:35:52.0811655Z remote: Compressing objects:  19% (188/985)        
2025-02-06T20:35:52.0825617Z remote: Compressing objects:  20% (197/985)        
2025-02-06T20:35:52.0840538Z remote: Compressing objects:  21% (207/985)        
2025-02-06T20:35:52.0876443Z remote: Compressing objects:  22% (217/985)        
2025-02-06T20:35:52.0922707Z remote: Compressing objects:  23% (227/985)        
2025-02-06T20:35:52.0954470Z remote: Compressing objects:  24% (237/985)        
2025-02-06T20:35:52.0972809Z remote: Compressing objects:  25% (247/985)        
2025-02-06T20:35:52.0993911Z remote: Compressing objects:  26% (257/985)        
2025-02-06T20:35:52.1035612Z remote: Compressing objects:  27% (266/985)        
2025-02-06T20:35:52.1050919Z remote: Compressing objects:  28% (276/985)        
2025-02-06T20:35:52.1082804Z remote: Compressing objects:  29% (286/985)        
2025-02-06T20:35:52.1108260Z remote: Compressing objects:  30% (296/985)        
2025-02-06T20:35:52.1149362Z remote: Compressing objects:  31% (306/985)        
2025-02-06T20:35:52.1178620Z remote: Compressing objects:  32% (316/985)        
2025-02-06T20:35:52.1223556Z remote: Compressing objects:  33% (326/985)        
2025-02-06T20:35:52.1254254Z remote: Compressing objects:  34% (335/985)        
2025-02-06T20:35:52.1272678Z remote: Compressing objects:  35% (345/985)        
2025-02-06T20:35:52.1304250Z remote: Compressing objects:  36% (355/985)        
2025-02-06T20:35:52.1346589Z remote: Compressing objects:  37% (365/985)        
2025-02-06T20:35:52.1369193Z remote: Compressing objects:  38% (375/985)        
2025-02-06T20:35:52.1398590Z remote: Compressing objects:  39% (385/985)        
2025-02-06T20:35:52.1466308Z remote: Compressing objects:  40% (394/985)        
2025-02-06T20:35:52.1516464Z remote: Compressing objects:  41% (404/985)        
2025-02-06T20:35:52.1537039Z remote: Compressing objects:  42% (414/985)        
2025-02-06T20:35:52.1560690Z remote: Compressing objects:  43% (424/985)        
2025-02-06T20:35:52.1586759Z remote: Compressing objects:  44% (434/985)        
2025-02-06T20:35:52.1616453Z remote: Compressing objects:  45% (444/985)        
2025-02-06T20:35:52.1634639Z remote: Compressing objects:  46% (454/985)        
2025-02-06T20:35:52.1647584Z remote: Compressing objects:  47% (463/985)        
2025-02-06T20:35:52.1679138Z remote: Compressing objects:  48% (473/985)        
2025-02-06T20:35:52.1698998Z remote: Compressing objects:  49% (483/985)        
2025-02-06T20:35:52.1739408Z remote: Compressing objects:  50% (493/985)        
2025-02-06T20:35:52.1767623Z remote: Compressing objects:  51% (503/985)        
2025-02-06T20:35:52.1803158Z remote: Compressing objects:  52% (513/985)        
2025-02-06T20:35:52.1831138Z remote: Compressing objects:  53% (523/985)        
2025-02-06T20:35:52.1870012Z remote: Compressing objects:  54% (532/985)        
2025-02-06T20:35:52.1921157Z remote: Compressing objects:  55% (542/985)        
2025-02-06T20:35:52.1967365Z remote: Compressing objects:  56% (552/985)        
2025-02-06T20:35:52.2022522Z remote: Compressing objects:  57% (562/985)        
2025-02-06T20:35:52.2063479Z remote: Compressing objects:  58% (572/985)        
2025-02-06T20:35:52.2090351Z remote: Compressing objects:  59% (582/985)        
2025-02-06T20:35:52.2156090Z remote: Compressing objects:  60% (591/985)        
2025-02-06T20:35:52.2192186Z remote: Compressing objects:  61% (601/985)        
2025-02-06T20:35:52.2223876Z remote: Compressing objects:  62% (611/985)        
2025-02-06T20:35:52.2270931Z remote: Compressing objects:  63% (621/985)        
2025-02-06T20:35:52.2310848Z remote: Compressing objects:  64% (631/985)        
2025-02-06T20:35:52.2346869Z remote: Compressing objects:  65% (641/985)        
2025-02-06T20:35:52.2379081Z remote: Compressing objects:  66% (651/985)        
2025-02-06T20:35:52.2399206Z remote: Compressing objects:  67% (660/985)        
2025-02-06T20:35:52.2427870Z remote: Compressing objects:  68% (670/985)        
2025-02-06T20:35:52.2447660Z remote: Compressing objects:  69% (680/985)        
2025-02-06T20:35:52.2480301Z remote: Compressing objects:  70% (690/985)        
2025-02-06T20:35:52.2508021Z remote: Compressing objects:  71% (700/985)        
2025-02-06T20:35:52.2543816Z remote: Compressing objects:  72% (710/985)        
2025-02-06T20:35:52.2604099Z remote: Compressing objects:  73% (720/985)        
2025-02-06T20:35:52.2628414Z remote: Compressing objects:  74% (729/985)        
2025-02-06T20:35:52.2676168Z remote: Compressing objects:  75% (739/985)        
2025-02-06T20:35:52.2725836Z remote: Compressing objects:  76% (749/985)        
2025-02-06T20:35:52.2760284Z remote: Compressing objects:  77% (759/985)        
2025-02-06T20:35:52.2798605Z remote: Compressing objects:  78% (769/985)        
2025-02-06T20:35:52.2817840Z remote: Compressing objects:  79% (779/985)        
2025-02-06T20:35:52.2863058Z remote: Compressing objects:  80% (788/985)        
2025-02-06T20:35:52.2889033Z remote: Compressing objects:  81% (798/985)        
2025-02-06T20:35:52.2908476Z remote: Compressing objects:  82% (808/985)        
2025-02-06T20:35:52.2938642Z remote: Compressing objects:  83% (818/985)        
2025-02-06T20:35:52.2973548Z remote: Compressing objects:  84% (828/985)        
2025-02-06T20:35:52.3006538Z remote: Compressing objects:  85% (838/985)        
2025-02-06T20:35:52.3037187Z remote: Compressing objects:  86% (848/985)        
2025-02-06T20:35:52.3093801Z remote: Compressing objects:  87% (857/985)        
2025-02-06T20:35:52.3139792Z remote: Compressing objects:  88% (867/985)        
2025-02-06T20:35:52.3154617Z remote: Compressing objects:  89% (877/985)        
2025-02-06T20:35:52.3176953Z remote: Compressing objects:  90% (887/985)        
2025-02-06T20:35:52.3185688Z remote: Compressing objects:  91% (897/985)        
2025-02-06T20:35:52.3186090Z remote: Compressing objects:  92% (907/985)        
2025-02-06T20:35:52.3193673Z remote: Compressing objects:  93% (917/985)        
2025-02-06T20:35:52.3194050Z remote: Compressing objects:  94% (926/985)        
2025-02-06T20:35:52.3200317Z remote: Compressing objects:  95% (936/985)        
2025-02-06T20:35:52.3207932Z remote: Compressing objects:  96% (946/985)        
2025-02-06T20:35:52.3220652Z remote: Compressing objects:  97% (956/985)        
2025-02-06T20:35:52.3226645Z remote: Compressing objects:  98% (966/985)        
2025-02-06T20:35:52.3227028Z remote: Compressing objects:  99% (976/985)        
2025-02-06T20:35:52.3227410Z remote: Compressing objects: 100% (985/985)        
2025-02-06T20:35:52.3227787Z remote: Compressing objects: 100% (985/985), done.        
2025-02-06T20:35:52.3260725Z Receiving objects:   0% (1/1003)
2025-02-06T20:35:52.3263437Z Receiving objects:   1% (11/1003)
2025-02-06T20:35:52.3454109Z Receiving objects:   2% (21/1003)
2025-02-06T20:35:52.3457372Z Receiving objects:   3% (31/1003)
2025-02-06T20:35:52.3459634Z Receiving objects:   4% (41/1003)
2025-02-06T20:35:52.3462406Z Receiving objects:   5% (51/1003)
2025-02-06T20:35:52.3464878Z Receiving objects:   6% (61/1003)
2025-02-06T20:35:52.3503839Z Receiving objects:   7% (71/1003)
2025-02-06T20:35:52.3505400Z Receiving objects:   8% (81/1003)
2025-02-06T20:35:52.3514934Z Receiving objects:   9% (91/1003)
2025-02-06T20:35:52.3521498Z Receiving objects:  10% (101/1003)
2025-02-06T20:35:52.3561239Z Receiving objects:  11% (111/1003)
2025-02-06T20:35:52.3570766Z Receiving objects:  12% (121/1003)
2025-02-06T20:35:52.3571253Z Receiving objects:  13% (131/1003)
2025-02-06T20:35:52.3575958Z Receiving objects:  14% (141/1003)
2025-02-06T20:35:52.3622756Z Receiving objects:  15% (151/1003)
2025-02-06T20:35:52.3681596Z Receiving objects:  16% (161/1003)
2025-02-06T20:35:52.3725319Z Receiving objects:  17% (171/1003)
2025-02-06T20:35:52.3734187Z Receiving objects:  18% (181/1003)
2025-02-06T20:35:52.3739518Z Receiving objects:  19% (191/1003)
2025-02-06T20:35:52.3792820Z Receiving objects:  20% (201/1003)
2025-02-06T20:35:52.3797906Z Receiving objects:  21% (211/1003)
2025-02-06T20:35:52.3806886Z Receiving objects:  22% (221/1003)
2025-02-06T20:35:52.3845083Z Receiving objects:  23% (231/1003)
2025-02-06T20:35:52.3849483Z Receiving objects:  24% (241/1003)
2025-02-06T20:35:52.3856758Z Receiving objects:  25% (251/1003)
2025-02-06T20:35:52.3863128Z Receiving objects:  26% (261/1003)
2025-02-06T20:35:52.3897159Z Receiving objects:  27% (271/1003)
2025-02-06T20:35:52.3902653Z Receiving objects:  28% (281/1003)
2025-02-06T20:35:52.3905739Z Receiving objects:  29% (291/1003)
2025-02-06T20:35:52.3932271Z Receiving objects:  30% (301/1003)
2025-02-06T20:35:52.3957512Z Receiving objects:  31% (311/1003)
2025-02-06T20:35:52.3962826Z Receiving objects:  32% (321/1003)
2025-02-06T20:35:52.3968055Z Receiving objects:  33% (331/1003)
2025-02-06T20:35:52.3973544Z Receiving objects:  34% (342/1003)
2025-02-06T20:35:52.4001070Z Receiving objects:  35% (352/1003)
2025-02-06T20:35:52.4009064Z Receiving objects:  36% (362/1003)
2025-02-06T20:35:52.4017135Z Receiving objects:  37% (372/1003)
2025-02-06T20:35:52.4021914Z Receiving objects:  38% (382/1003)
2025-02-06T20:35:52.4027009Z Receiving objects:  39% (392/1003)
2025-02-06T20:35:52.4041153Z Receiving objects:  40% (402/1003)
2025-02-06T20:35:52.4074273Z Receiving objects:  41% (412/1003)
2025-02-06T20:35:52.4079827Z Receiving objects:  42% (422/1003)
2025-02-06T20:35:52.4083828Z Receiving objects:  43% (432/1003)
2025-02-06T20:35:52.4108681Z Receiving objects:  44% (442/1003)
2025-02-06T20:35:52.4121409Z Receiving objects:  45% (452/1003)
2025-02-06T20:35:52.4127557Z Receiving objects:  46% (462/1003)
2025-02-06T20:35:52.4134788Z Receiving objects:  47% (472/1003)
2025-02-06T20:35:52.4139389Z Receiving objects:  48% (482/1003)
2025-02-06T20:35:52.4143039Z Receiving objects:  49% (492/1003)
2025-02-06T20:35:52.4174392Z Receiving objects:  50% (502/1003)
2025-02-06T20:35:52.4181406Z Receiving objects:  51% (512/1003)
2025-02-06T20:35:52.4189160Z Receiving objects:  52% (522/1003)
2025-02-06T20:35:52.4194638Z Receiving objects:  53% (532/1003)
2025-02-06T20:35:52.4202898Z Receiving objects:  54% (542/1003)
2025-02-06T20:35:52.4210115Z Receiving objects:  55% (552/1003)
2025-02-06T20:35:52.4228786Z Receiving objects:  56% (562/1003)
2025-02-06T20:35:52.4234494Z Receiving objects:  57% (572/1003)
2025-02-06T20:35:52.4248993Z Receiving objects:  58% (582/1003)
2025-02-06T20:35:52.4263065Z Receiving objects:  59% (592/1003)
2025-02-06T20:35:52.4268508Z Receiving objects:  60% (602/1003)
2025-02-06T20:35:52.4285988Z Receiving objects:  61% (612/1003)
2025-02-06T20:35:52.4292925Z Receiving objects:  62% (622/1003)
2025-02-06T20:35:52.4302912Z Receiving objects:  63% (632/1003)
2025-02-06T20:35:52.4315017Z Receiving objects:  64% (642/1003)
2025-02-06T20:35:52.4320596Z Receiving objects:  65% (652/1003)
2025-02-06T20:35:52.4335467Z Receiving objects:  66% (662/1003)
2025-02-06T20:35:52.4343199Z Receiving objects:  67% (673/1003)
2025-02-06T20:35:52.4354682Z Receiving objects:  68% (683/1003)
2025-02-06T20:35:52.4365992Z Receiving objects:  69% (693/1003)
2025-02-06T20:35:52.4374450Z Receiving objects:  70% (703/1003)
2025-02-06T20:35:52.4394960Z Receiving objects:  71% (713/1003)
2025-02-06T20:35:52.4407523Z Receiving objects:  72% (723/1003)
2025-02-06T20:35:52.4416011Z Receiving objects:  73% (733/1003)
2025-02-06T20:35:52.4432933Z Receiving objects:  74% (743/1003)
2025-02-06T20:35:52.4449417Z Receiving objects:  75% (753/1003)
2025-02-06T20:35:52.4460054Z Receiving objects:  76% (763/1003)
2025-02-06T20:35:52.4471046Z Receiving objects:  77% (773/1003)
2025-02-06T20:35:52.4486967Z Receiving objects:  78% (783/1003)
2025-02-06T20:35:52.4498306Z Receiving objects:  79% (793/1003)
2025-02-06T20:35:52.4511945Z Receiving objects:  80% (803/1003)
2025-02-06T20:35:52.4526672Z Receiving objects:  81% (813/1003)
2025-02-06T20:35:52.4538747Z Receiving objects:  82% (823/1003)
2025-02-06T20:35:52.4547100Z Receiving objects:  83% (833/1003)
2025-02-06T20:35:52.4561490Z Receiving objects:  84% (843/1003)
2025-02-06T20:35:52.4576192Z Receiving objects:  85% (853/1003)
2025-02-06T20:35:52.4600794Z Receiving objects:  86% (863/1003)
2025-02-06T20:35:52.4620855Z Receiving objects:  87% (873/1003)
2025-02-06T20:35:52.4632679Z Receiving objects:  88% (883/1003)
2025-02-06T20:35:52.4653463Z Receiving objects:  89% (893/1003)
2025-02-06T20:35:52.4689112Z Receiving objects:  90% (903/1003)
2025-02-06T20:35:52.4709823Z Receiving objects:  91% (913/1003)
2025-02-06T20:35:52.4719880Z Receiving objects:  92% (923/1003)
2025-02-06T20:35:52.4732461Z Receiving objects:  93% (933/1003)
2025-02-06T20:35:52.4744023Z Receiving objects:  94% (943/1003)
2025-02-06T20:35:52.4761547Z Receiving objects:  95% (953/1003)
2025-02-06T20:35:52.4778194Z Receiving objects:  96% (963/1003)
2025-02-06T20:35:52.4862093Z Receiving objects:  97% (973/1003)
2025-02-06T20:35:52.4906205Z Receiving objects:  98% (983/1003)
2025-02-06T20:35:52.5014870Z Receiving objects:  99% (993/1003)
2025-02-06T20:35:52.5032349Z remote: Total 1003 (delta 21), reused 224 (delta 10), pack-reused 0 (from 0)        
2025-02-06T20:35:52.5032975Z Receiving objects: 100% (1003/1003)
2025-02-06T20:35:52.5033318Z Receiving objects: 100% (1003/1003), 2.01 MiB | 11.32 MiB/s, done.
2025-02-06T20:35:52.5074732Z Resolving deltas:   0% (0/21)
2025-02-06T20:35:52.5076521Z Resolving deltas:   4% (1/21)
2025-02-06T20:35:52.5077018Z Resolving deltas:   9% (2/21)
2025-02-06T20:35:52.5077474Z Resolving deltas:  14% (3/21)
2025-02-06T20:35:52.5077921Z Resolving deltas:  19% (4/21)
2025-02-06T20:35:52.5078362Z Resolving deltas:  23% (5/21)
2025-02-06T20:35:52.5079267Z Resolving deltas:  28% (6/21)
2025-02-06T20:35:52.5079728Z Resolving deltas:  33% (7/21)
2025-02-06T20:35:52.5080227Z Resolving deltas:  38% (8/21)
2025-02-06T20:35:52.5080681Z Resolving deltas:  42% (9/21)
2025-02-06T20:35:52.5081143Z Resolving deltas:  47% (10/21)
2025-02-06T20:35:52.5081593Z Resolving deltas:  52% (11/21)
2025-02-06T20:35:52.5081989Z Resolving deltas:  57% (12/21)
2025-02-06T20:35:52.5082707Z Resolving deltas:  61% (13/21)
2025-02-06T20:35:52.5083166Z Resolving deltas:  66% (14/21)
2025-02-06T20:35:52.5083561Z Resolving deltas:  71% (15/21)
2025-02-06T20:35:52.5084087Z Resolving deltas:  76% (16/21)
2025-02-06T20:35:52.5085661Z Resolving deltas:  80% (17/21)
2025-02-06T20:35:52.5086379Z Resolving deltas:  85% (18/21)
2025-02-06T20:35:52.5086821Z Resolving deltas:  90% (19/21)
2025-02-06T20:35:52.5090104Z Resolving deltas:  95% (20/21)
2025-02-06T20:35:52.5095919Z Resolving deltas: 100% (21/21)
2025-02-06T20:35:52.5096500Z Resolving deltas: 100% (21/21), done.
2025-02-06T20:35:52.5188279Z From https://github.com/ytdl-org/youtube-dl
2025-02-06T20:35:52.5188970Z  * [new ref]         c7728c8520961eab0e89156cf8b9c95aa4f2c440 -> pull/33049/merge
2025-02-06T20:35:52.5212857Z ##[endgroup]
2025-02-06T20:35:52.5213487Z ##[group]Determining the checkout info
2025-02-06T20:35:52.5216209Z ##[endgroup]
2025-02-06T20:35:52.5216793Z ##[group]Checking out the ref
2025-02-06T20:35:52.5221187Z [command]/usr/bin/git checkout --progress --force refs/remotes/pull/33049/merge
2025-02-06T20:35:52.5888082Z Note: switching to 'refs/remotes/pull/33049/merge'.
2025-02-06T20:35:52.5888445Z 
2025-02-06T20:35:52.5888793Z You are in 'detached HEAD' state. You can look around, make experimental
2025-02-06T20:35:52.5889334Z changes and commit them, and you can discard any commits you make in this
2025-02-06T20:35:52.5889902Z state without impacting any branches by switching back to a branch.
2025-02-06T20:35:52.5890226Z 
2025-02-06T20:35:52.5890448Z If you want to create a new branch to retain commits you create, you may
2025-02-06T20:35:52.5890932Z do so (now or later) by using -c with the switch command. Example:
2025-02-06T20:35:52.5891225Z 
2025-02-06T20:35:52.5891344Z   git switch -c <new-branch-name>
2025-02-06T20:35:52.5891553Z 
2025-02-06T20:35:52.5891663Z Or undo this operation with:
2025-02-06T20:35:52.5891843Z 
2025-02-06T20:35:52.5891943Z   git switch -
2025-02-06T20:35:52.5892093Z 
2025-02-06T20:35:52.5892400Z Turn off this advice by setting config variable advice.detachedHead to false
2025-02-06T20:35:52.5892779Z 
2025-02-06T20:35:52.5893169Z HEAD is now at c7728c8 Merge fe779a18fd473d441afc4f2da552e720c8ce6a11 into 5975d7bb96095fae7c35e7cfcd819255a5b57087
2025-02-06T20:35:52.5899986Z ##[endgroup]
2025-02-06T20:35:52.5934343Z [command]/usr/bin/git log -1 --format='%H'
2025-02-06T20:35:52.5955221Z 'c7728c8520961eab0e89156cf8b9c95aa4f2c440'
2025-02-06T20:35:52.6197706Z ##[group]Run ytdl-org/setup-python@v1
2025-02-06T20:35:52.6197984Z with:
2025-02-06T20:35:52.6198163Z   python-version: 3.11
2025-02-06T20:35:52.6198359Z   cache-build: true
2025-02-06T20:35:52.6198530Z   allow-build: info
2025-02-06T20:35:52.6198703Z   check-latest: false
2025-02-06T20:35:52.6199025Z   token: ***
2025-02-06T20:35:52.6199205Z   update-environment: true
2025-02-06T20:35:52.6199431Z   allow-prereleases: false
2025-02-06T20:35:52.6199628Z env:
2025-02-06T20:35:52.6199893Z   all-cpython-versions: 2.6, 2.7, 3.2, 3.3, 3.4, 3.5, 3.6, 3.7, 3.8, 3.9, 3.10, 3.11, 3.12
2025-02-06T20:35:52.6200267Z   main-cpython-versions: 2.7, 3.2, 3.5, 3.9, 3.11
2025-02-06T20:35:52.6200560Z   pypy-versions: pypy-2.7, pypy-3.6, pypy-3.7
2025-02-06T20:35:52.6200821Z   cpython-versions: main
2025-02-06T20:35:52.6201026Z   test-set: core
2025-02-06T20:35:52.6201195Z   next: 3.13
2025-02-06T20:35:52.6201372Z   PIP: python -m pip
2025-02-06T20:35:52.6201576Z   PIP_DISABLE_PIP_VERSION_CHECK: true
2025-02-06T20:35:52.6201835Z   PIP_NO_PYTHON_VERSION_WARNING: true
2025-02-06T20:35:52.6202143Z   PIP_TRUSTED_HOST: pypi.python.org pypi.org files.pythonhosted.org
2025-02-06T20:35:52.6202475Z ##[endgroup]
2025-02-06T20:35:52.6283032Z ##[group]Run MatteoH2O1999/build-and-install-python@004dc2989b38616af18eb8aba45fe49d5f813264
2025-02-06T20:35:52.6283447Z with:
2025-02-06T20:35:52.6283621Z   python-version: 3.11
2025-02-06T20:35:52.6283818Z   check-latest: false
2025-02-06T20:35:52.6284009Z   cache-build: true
2025-02-06T20:35:52.6284188Z   allow-build: info
2025-02-06T20:35:52.6284493Z   token: ***
2025-02-06T20:35:52.6284682Z   allow-prereleases: false
2025-02-06T20:35:52.6284893Z env:
2025-02-06T20:35:52.6285160Z   all-cpython-versions: 2.6, 2.7, 3.2, 3.3, 3.4, 3.5, 3.6, 3.7, 3.8, 3.9, 3.10, 3.11, 3.12
2025-02-06T20:35:52.6285531Z   main-cpython-versions: 2.7, 3.2, 3.5, 3.9, 3.11
2025-02-06T20:35:52.6285834Z   pypy-versions: pypy-2.7, pypy-3.6, pypy-3.7
2025-02-06T20:35:52.6286090Z   cpython-versions: main
2025-02-06T20:35:52.6286302Z   test-set: core
2025-02-06T20:35:52.6286479Z   next: 3.13
2025-02-06T20:35:52.6286647Z   PIP: python -m pip
2025-02-06T20:35:52.6286857Z   PIP_DISABLE_PIP_VERSION_CHECK: true
2025-02-06T20:35:52.6287108Z   PIP_NO_PYTHON_VERSION_WARNING: true
2025-02-06T20:35:52.6287424Z   PIP_TRUSTED_HOST: pypi.python.org pypi.org files.pythonhosted.org
2025-02-06T20:35:52.6287748Z ##[endgroup]
2025-02-06T20:35:52.7524036Z CPython version 3.11.x is supported by actions/setup-python with specific version 3.11.11.
2025-02-06T20:35:52.7656492Z ##[group]Run actions/setup-python@bd6b4b6205c4dbad673328db7b31b7fab9e241c0
2025-02-06T20:35:52.7656849Z with:
2025-02-06T20:35:52.7657031Z   python-version: 3.11.11
2025-02-06T20:35:52.7657245Z   architecture: x64
2025-02-06T20:35:52.7657431Z   check-latest: false
2025-02-06T20:35:52.7657795Z   token: ***
2025-02-06T20:35:52.7657986Z   update-environment: true
2025-02-06T20:35:52.7658219Z   allow-prereleases: false
2025-02-06T20:35:52.7658419Z env:
2025-02-06T20:35:52.7658702Z   all-cpython-versions: 2.6, 2.7, 3.2, 3.3, 3.4, 3.5, 3.6, 3.7, 3.8, 3.9, 3.10, 3.11, 3.12
2025-02-06T20:35:52.7659073Z   main-cpython-versions: 2.7, 3.2, 3.5, 3.9, 3.11
2025-02-06T20:35:52.7659365Z   pypy-versions: pypy-2.7, pypy-3.6, pypy-3.7
2025-02-06T20:35:52.7659633Z   cpython-versions: main
2025-02-06T20:35:52.7659834Z   test-set: core
2025-02-06T20:35:52.7660006Z   next: 3.13
2025-02-06T20:35:52.7660180Z   PIP: python -m pip
2025-02-06T20:35:52.7660384Z   PIP_DISABLE_PIP_VERSION_CHECK: true
2025-02-06T20:35:52.7660644Z   PIP_NO_PYTHON_VERSION_WARNING: true
2025-02-06T20:35:52.7660978Z   PIP_TRUSTED_HOST: pypi.python.org pypi.org files.pythonhosted.org
2025-02-06T20:35:52.7661301Z ##[endgroup]
2025-02-06T20:35:52.8900542Z ##[group]Installed versions
2025-02-06T20:35:52.8942070Z Successfully set up CPython (3.11.11)
2025-02-06T20:35:52.8943101Z ##[endgroup]
2025-02-06T20:35:52.9024419Z ##[group]Run /home/runner/work/_actions/ytdl-org/setup-python/v1/setup_pip.ps1
2025-02-06T20:35:52.9025171Z [36;1m/home/runner/work/_actions/ytdl-org/setup-python/v1/setup_pip.ps1[0m
2025-02-06T20:35:52.9055467Z shell: /usr/bin/pwsh -command ". '{0}'"
2025-02-06T20:35:52.9055732Z env:
2025-02-06T20:35:52.9056017Z   all-cpython-versions: 2.6, 2.7, 3.2, 3.3, 3.4, 3.5, 3.6, 3.7, 3.8, 3.9, 3.10, 3.11, 3.12
2025-02-06T20:35:52.9056390Z   main-cpython-versions: 2.7, 3.2, 3.5, 3.9, 3.11
2025-02-06T20:35:52.9056696Z   pypy-versions: pypy-2.7, pypy-3.6, pypy-3.7
2025-02-06T20:35:52.9056972Z   cpython-versions: main
2025-02-06T20:35:52.9057180Z   test-set: core
2025-02-06T20:35:52.9057348Z   next: 3.13
2025-02-06T20:35:52.9057521Z   PIP: python -m pip
2025-02-06T20:35:52.9057730Z   PIP_DISABLE_PIP_VERSION_CHECK: true
2025-02-06T20:35:52.9057973Z   PIP_NO_PYTHON_VERSION_WARNING: true
2025-02-06T20:35:52.9058268Z   pythonLocation: /opt/hostedtoolcache/Python/3.11.11/x64
2025-02-06T20:35:52.9058695Z   PKG_CONFIG_PATH: /opt/hostedtoolcache/Python/3.11.11/x64/lib/pkgconfig
2025-02-06T20:35:52.9059095Z   Python_ROOT_DIR: /opt/hostedtoolcache/Python/3.11.11/x64
2025-02-06T20:35:52.9059439Z   Python2_ROOT_DIR: /opt/hostedtoolcache/Python/3.11.11/x64
2025-02-06T20:35:52.9059786Z   Python3_ROOT_DIR: /opt/hostedtoolcache/Python/3.11.11/x64
2025-02-06T20:35:52.9060127Z   LD_LIBRARY_PATH: /opt/hostedtoolcache/Python/3.11.11/x64/lib
2025-02-06T20:35:52.9060513Z   PIP_TRUSTED_HOST: pypi.python.org pypi.org files.pythonhosted.org
2025-02-06T20:35:52.9060835Z   PYTHON_VERSION: 3.11.11
2025-02-06T20:35:52.9061124Z   SETUP_PYTHON_PATH: /opt/hostedtoolcache/Python/3.11.11/x64/bin/python
2025-02-06T20:35:52.9061449Z ##[endgroup]
2025-02-06T20:35:58.7514844Z Setting up pip for python 3.11.11 in path /opt/hostedtoolcache/Python/3.11.11/x64/bin/python
2025-02-06T20:35:58.7576371Z Using ensurepip...
2025-02-06T20:36:00.7246292Z Looking in links: /tmp/tmps8d3fqa1
2025-02-06T20:36:00.7256761Z Requirement already satisfied: setuptools in /opt/hostedtoolcache/Python/3.11.11/x64/lib/python3.11/site-packages (65.5.0)
2025-02-06T20:36:00.7265421Z Requirement already satisfied: pip in /opt/hostedtoolcache/Python/3.11.11/x64/lib/python3.11/site-packages (25.0)
2025-02-06T20:36:01.1661460Z DEPRECATION: --no-python-version-warning is deprecated. pip 25.1 will enforce this behaviour change. A possible replacement is to remove the flag as it's a no-op. Discussion can be found at https://github.com/pypa/pip/issues/13154
2025-02-06T20:36:01.2920770Z Requirement already satisfied: pip in /opt/hostedtoolcache/Python/3.11.11/x64/lib/python3.11/site-packages (25.0)
2025-02-06T20:36:01.3935091Z Installing wheel and setuptools...
2025-02-06T20:36:01.6117940Z DEPRECATION: --no-python-version-warning is deprecated. pip 25.1 will enforce this behaviour change. A possible replacement is to remove the flag as it's a no-op. Discussion can be found at https://github.com/pypa/pip/issues/13154
2025-02-06T20:36:01.7727604Z Collecting wheel
2025-02-06T20:36:01.7961638Z   Downloading wheel-0.45.1-py3-none-any.whl.metadata (2.3 kB)
2025-02-06T20:36:01.8010463Z Requirement already satisfied: setuptools in /opt/hostedtoolcache/Python/3.11.11/x64/lib/python3.11/site-packages (65.5.0)
2025-02-06T20:36:01.9086805Z Collecting setuptools
2025-02-06T20:36:01.9179004Z   Downloading setuptools-75.8.0-py3-none-any.whl.metadata (6.7 kB)
2025-02-06T20:36:01.9378469Z Downloading wheel-0.45.1-py3-none-any.whl (72 kB)
2025-02-06T20:36:01.9539468Z Downloading setuptools-75.8.0-py3-none-any.whl (1.2 MB)
2025-02-06T20:36:01.9793188Z    ━━━━━━━━━━━━━━━━━━━━━━━━━━━━━━━━━━━━━━━━ 1.2/1.2 MB 56.0 MB/s eta 0:00:00
2025-02-06T20:36:01.9962983Z Installing collected packages: wheel, setuptools
2025-02-06T20:36:02.0396208Z   Attempting uninstall: setuptools
2025-02-06T20:36:02.0414832Z     Found existing installation: setuptools 65.5.0
2025-02-06T20:36:02.0712533Z     Uninstalling setuptools-65.5.0:
2025-02-06T20:36:02.0805515Z       Successfully uninstalled setuptools-65.5.0
2025-02-06T20:36:02.7732711Z Successfully installed setuptools-75.8.0 wheel-0.45.1
2025-02-06T20:36:03.1382699Z ##[group]Run echo "PYTHONHOME=${pythonLocation}" >> "$GITHUB_ENV"
2025-02-06T20:36:03.1383183Z [36;1mecho "PYTHONHOME=${pythonLocation}" >> "$GITHUB_ENV"[0m
2025-02-06T20:36:03.1383614Z [36;1mexport expected="/opt/hostedtoolcache/Python/3.11.11/x64/bin/python"[0m
2025-02-06T20:36:03.1383981Z [36;1mdirname() { printf '%s\n' \[0m
2025-02-06T20:36:03.1384221Z [36;1m    'import os, sys' \[0m
2025-02-06T20:36:03.1384477Z [36;1m    'print(os.path.dirname(sys.argv[1]))' \[0m
2025-02-06T20:36:03.1384751Z [36;1m    | ${expected} - "$1"; }[0m
2025-02-06T20:36:03.1384982Z [36;1mexpd="$(dirname "$expected")"[0m
2025-02-06T20:36:03.1385247Z [36;1mexport python="$(command -v python)"[0m
2025-02-06T20:36:03.1385614Z [36;1m[ "$expd" = "$(dirname "$python")" ] || echo "PATH=$expd:${PATH}" >> "$GITHUB_ENV"[0m
2025-02-06T20:36:03.1385971Z [36;1m[ -x "$python" ] || printf '%s\n' \[0m
2025-02-06T20:36:03.1386218Z [36;1m    'import os' \[0m
2025-02-06T20:36:03.1386502Z [36;1m    'exp = os.environ["expected"]' \[0m
2025-02-06T20:36:03.1386765Z [36;1m    'python = os.environ["python"]' \[0m
2025-02-06T20:36:03.1387036Z [36;1m    'exps = os.path.split(exp)' \[0m
2025-02-06T20:36:03.1387354Z [36;1m    'if python and (os.path.dirname(python) == exp[0]):' \[0m
2025-02-06T20:36:03.1387645Z [36;1m    '    exit(0)' \[0m
2025-02-06T20:36:03.1387912Z [36;1m    'exps[1] = "python" + os.path.splitext(exps[1])[1]' \[0m
2025-02-06T20:36:03.1388221Z [36;1m    'python = os.path.join(*exps)' \[0m
2025-02-06T20:36:03.1388465Z [36;1m    'try:' \[0m
2025-02-06T20:36:03.1388678Z [36;1m    '    os.symlink(exp, python)' \[0m
2025-02-06T20:36:03.1388939Z [36;1m    'except AttributeError:' \[0m
2025-02-06T20:36:03.1389198Z [36;1m    '    os.rename(exp, python)' \[0m
2025-02-06T20:36:03.1389437Z [36;1m    | ${expected} -[0m
2025-02-06T20:36:03.1389651Z [36;1mprintf '%s\n' \[0m
2025-02-06T20:36:03.1389849Z [36;1m    'import sys' \[0m
2025-02-06T20:36:03.1390061Z [36;1m    'print(sys.path)' \[0m
2025-02-06T20:36:03.1390285Z [36;1m    | ${expected} -[0m
2025-02-06T20:36:03.1449175Z shell: /usr/bin/bash --noprofile --norc -e -o pipefail {0}
2025-02-06T20:36:03.1449488Z env:
2025-02-06T20:36:03.1449768Z   all-cpython-versions: 2.6, 2.7, 3.2, 3.3, 3.4, 3.5, 3.6, 3.7, 3.8, 3.9, 3.10, 3.11, 3.12
2025-02-06T20:36:03.1450153Z   main-cpython-versions: 2.7, 3.2, 3.5, 3.9, 3.11
2025-02-06T20:36:03.1450455Z   pypy-versions: pypy-2.7, pypy-3.6, pypy-3.7
2025-02-06T20:36:03.1450711Z   cpython-versions: main
2025-02-06T20:36:03.1450904Z   test-set: core
2025-02-06T20:36:03.1451072Z   next: 3.13
2025-02-06T20:36:03.1451232Z   PIP: python -m pip
2025-02-06T20:36:03.1451438Z   PIP_DISABLE_PIP_VERSION_CHECK: true
2025-02-06T20:36:03.1451682Z   PIP_NO_PYTHON_VERSION_WARNING: true
2025-02-06T20:36:03.1451965Z   pythonLocation: /opt/hostedtoolcache/Python/3.11.11/x64
2025-02-06T20:36:03.1452369Z   PKG_CONFIG_PATH: /opt/hostedtoolcache/Python/3.11.11/x64/lib/pkgconfig
2025-02-06T20:36:03.1452773Z   Python_ROOT_DIR: /opt/hostedtoolcache/Python/3.11.11/x64
2025-02-06T20:36:03.1453121Z   Python2_ROOT_DIR: /opt/hostedtoolcache/Python/3.11.11/x64
2025-02-06T20:36:03.1453457Z   Python3_ROOT_DIR: /opt/hostedtoolcache/Python/3.11.11/x64
2025-02-06T20:36:03.1453802Z   LD_LIBRARY_PATH: /opt/hostedtoolcache/Python/3.11.11/x64/lib
2025-02-06T20:36:03.1454089Z ##[endgroup]
2025-02-06T20:36:03.1842451Z ['', '/opt/hostedtoolcache/Python/3.11.11/x64/lib/python311.zip', '/opt/hostedtoolcache/Python/3.11.11/x64/lib/python3.11', '/opt/hostedtoolcache/Python/3.11.11/x64/lib/python3.11/lib-dynload', '/opt/hostedtoolcache/Python/3.11.11/x64/lib/python3.11/site-packages']
2025-02-06T20:36:03.1991030Z ##[group]Run echo "$PATH"
2025-02-06T20:36:03.1991308Z [36;1mecho "$PATH"[0m
2025-02-06T20:36:03.1991516Z [36;1mecho "$PYTHONHOME"[0m
2025-02-06T20:36:03.1991874Z [36;1m# curl is available on both Windows and Linux, -L follows redirects, -O gets name[0m
2025-02-06T20:36:03.1992535Z [36;1mpython -m ensurepip || python -m pip --version || { \[0m
2025-02-06T20:36:03.1992840Z [36;1m  get_pip=""; \[0m
2025-02-06T20:36:03.1993156Z [36;1m  curl -L -O "https://bootstrap.pypa.io/pip/${get_pip}get-pip.py"; \[0m
2025-02-06T20:36:03.1993527Z [36;1m  python get-pip.py; }[0m
2025-02-06T20:36:03.2051532Z shell: /usr/bin/bash --noprofile --norc -e -o pipefail {0}
2025-02-06T20:36:03.2051838Z env:
2025-02-06T20:36:03.2052110Z   all-cpython-versions: 2.6, 2.7, 3.2, 3.3, 3.4, 3.5, 3.6, 3.7, 3.8, 3.9, 3.10, 3.11, 3.12
2025-02-06T20:36:03.2052473Z   main-cpython-versions: 2.7, 3.2, 3.5, 3.9, 3.11
2025-02-06T20:36:03.2052771Z   pypy-versions: pypy-2.7, pypy-3.6, pypy-3.7
2025-02-06T20:36:03.2053067Z   cpython-versions: main
2025-02-06T20:36:03.2053258Z   test-set: core
2025-02-06T20:36:03.2053425Z   next: 3.13
2025-02-06T20:36:03.2053596Z   PIP: python -m pip
2025-02-06T20:36:03.2053797Z   PIP_DISABLE_PIP_VERSION_CHECK: true
2025-02-06T20:36:03.2054062Z   PIP_NO_PYTHON_VERSION_WARNING: true
2025-02-06T20:36:03.2054362Z   pythonLocation: /opt/hostedtoolcache/Python/3.11.11/x64
2025-02-06T20:36:03.2054908Z   PKG_CONFIG_PATH: /opt/hostedtoolcache/Python/3.11.11/x64/lib/pkgconfig
2025-02-06T20:36:03.2055325Z   Python_ROOT_DIR: /opt/hostedtoolcache/Python/3.11.11/x64
2025-02-06T20:36:03.2055668Z   Python2_ROOT_DIR: /opt/hostedtoolcache/Python/3.11.11/x64
2025-02-06T20:36:03.2056001Z   Python3_ROOT_DIR: /opt/hostedtoolcache/Python/3.11.11/x64
2025-02-06T20:36:03.2056340Z   LD_LIBRARY_PATH: /opt/hostedtoolcache/Python/3.11.11/x64/lib
2025-02-06T20:36:03.2056670Z   PYTHONHOME: /opt/hostedtoolcache/Python/3.11.11/x64
2025-02-06T20:36:03.2056934Z ##[endgroup]
2025-02-06T20:36:03.2134298Z /opt/hostedtoolcache/Python/3.11.11/x64/bin:/opt/hostedtoolcache/Python/3.11.11/x64:/snap/bin:/home/runner/.local/bin:/opt/pipx_bin:/home/runner/.cargo/bin:/home/runner/.config/composer/vendor/bin:/usr/local/.ghcup/bin:/home/runner/.dotnet/tools:/usr/local/sbin:/usr/local/bin:/usr/sbin:/usr/bin:/sbin:/bin:/usr/games:/usr/local/games:/snap/bin
2025-02-06T20:36:03.2135795Z /opt/hostedtoolcache/Python/3.11.11/x64
2025-02-06T20:36:04.8268947Z Looking in links: /tmp/tmpc_xrbabv
2025-02-06T20:36:04.8280327Z Requirement already satisfied: setuptools in /opt/hostedtoolcache/Python/3.11.11/x64/lib/python3.11/site-packages (75.8.0)
2025-02-06T20:36:04.8288815Z Requirement already satisfied: pip in /opt/hostedtoolcache/Python/3.11.11/x64/lib/python3.11/site-packages (25.0)
2025-02-06T20:36:04.9582548Z ##[group]Run echo "$PATH"
2025-02-06T20:36:04.9582838Z [36;1mecho "$PATH"[0m
2025-02-06T20:36:04.9583043Z [36;1mecho "$PYTHONHOME"[0m
2025-02-06T20:36:04.9583308Z [36;1m# Use PyNose for recent Pythons instead of Nose[0m
2025-02-06T20:36:04.9583628Z [36;1mpy3ver="3.11"[0m
2025-02-06T20:36:04.9583828Z [36;1mpy3ver=${py3ver#3.}[0m
2025-02-06T20:36:04.9584098Z [36;1m[ "$py3ver" != "3.11" ] && py3ver=${py3ver%.*} || py3ver=0[0m
2025-02-06T20:36:04.9584442Z [36;1m[ "$py3ver" -ge 9 ] && nose=pynose || nose=nose[0m
2025-02-06T20:36:04.9584760Z [36;1m$PIP -qq show $nose || $PIP install $nose[0m
2025-02-06T20:36:04.9643062Z shell: /usr/bin/bash --noprofile --norc -e -o pipefail {0}
2025-02-06T20:36:04.9643369Z env:
2025-02-06T20:36:04.9643642Z   all-cpython-versions: 2.6, 2.7, 3.2, 3.3, 3.4, 3.5, 3.6, 3.7, 3.8, 3.9, 3.10, 3.11, 3.12
2025-02-06T20:36:04.9644019Z   main-cpython-versions: 2.7, 3.2, 3.5, 3.9, 3.11
2025-02-06T20:36:04.9644338Z   pypy-versions: pypy-2.7, pypy-3.6, pypy-3.7
2025-02-06T20:36:04.9644590Z   cpython-versions: main
2025-02-06T20:36:04.9644786Z   test-set: core
2025-02-06T20:36:04.9644951Z   next: 3.13
2025-02-06T20:36:04.9645111Z   PIP: python -m pip
2025-02-06T20:36:04.9645310Z   PIP_DISABLE_PIP_VERSION_CHECK: true
2025-02-06T20:36:04.9645559Z   PIP_NO_PYTHON_VERSION_WARNING: true
2025-02-06T20:36:04.9645843Z   pythonLocation: /opt/hostedtoolcache/Python/3.11.11/x64
2025-02-06T20:36:04.9646243Z   PKG_CONFIG_PATH: /opt/hostedtoolcache/Python/3.11.11/x64/lib/pkgconfig
2025-02-06T20:36:04.9646619Z   Python_ROOT_DIR: /opt/hostedtoolcache/Python/3.11.11/x64
2025-02-06T20:36:04.9647148Z   Python2_ROOT_DIR: /opt/hostedtoolcache/Python/3.11.11/x64
2025-02-06T20:36:04.9647492Z   Python3_ROOT_DIR: /opt/hostedtoolcache/Python/3.11.11/x64
2025-02-06T20:36:04.9647827Z   LD_LIBRARY_PATH: /opt/hostedtoolcache/Python/3.11.11/x64/lib
2025-02-06T20:36:04.9648162Z   PYTHONHOME: /opt/hostedtoolcache/Python/3.11.11/x64
2025-02-06T20:36:04.9648435Z ##[endgroup]
2025-02-06T20:36:04.9725861Z /opt/hostedtoolcache/Python/3.11.11/x64/bin:/opt/hostedtoolcache/Python/3.11.11/x64:/snap/bin:/home/runner/.local/bin:/opt/pipx_bin:/home/runner/.cargo/bin:/home/runner/.config/composer/vendor/bin:/usr/local/.ghcup/bin:/home/runner/.dotnet/tools:/usr/local/sbin:/usr/local/bin:/usr/sbin:/usr/bin:/sbin:/bin:/usr/games:/usr/local/games:/snap/bin
2025-02-06T20:36:04.9728165Z /opt/hostedtoolcache/Python/3.11.11/x64
2025-02-06T20:36:05.3659294Z DEPRECATION: --no-python-version-warning is deprecated. pip 25.1 will enforce this behaviour change. A possible replacement is to remove the flag as it's a no-op. Discussion can be found at https://github.com/pypa/pip/issues/13154
2025-02-06T20:36:05.5864682Z Collecting pynose
2025-02-06T20:36:05.6099292Z   Downloading pynose-1.5.3-py3-none-any.whl.metadata (19 kB)
2025-02-06T20:36:05.6255597Z Downloading pynose-1.5.3-py3-none-any.whl (130 kB)
2025-02-06T20:36:05.6518080Z Installing collected packages: pynose
2025-02-06T20:36:05.7255664Z Successfully installed pynose-1.5.3
2025-02-06T20:36:05.7731683Z ##[group]Run # set PYTHON_VER
2025-02-06T20:36:05.7732227Z [36;1m# set PYTHON_VER[0m
2025-02-06T20:36:05.7732616Z [36;1mPYTHON_VER=3.11[0m
2025-02-06T20:36:05.7733151Z [36;1m[ "${PYTHON_VER#*-}" != "$PYTHON_VER" ] || PYTHON_VER="cpython-${PYTHON_VER}"[0m
2025-02-06T20:36:05.7733865Z [36;1mecho "PYTHON_VER=$PYTHON_VER" >> "$GITHUB_ENV"[0m
2025-02-06T20:36:05.7734440Z [36;1mecho "PYTHON_IMPL=cpython" >> "$GITHUB_ENV"[0m
2025-02-06T20:36:05.7735248Z [36;1m# define a test to validate the Python version used by nosetests[0m
2025-02-06T20:36:05.7735852Z [36;1mprintf '%s\n' \[0m
2025-02-06T20:36:05.7736278Z [36;1m  'from __future__ import unicode_literals' \[0m
2025-02-06T20:36:05.7736794Z [36;1m  'import sys, os, platform' \[0m
2025-02-06T20:36:05.7737218Z [36;1m  'try:' \[0m
2025-02-06T20:36:05.7737589Z [36;1m  '    import unittest2 as unittest' \[0m
2025-02-06T20:36:05.7738062Z [36;1m  'except ImportError:' \[0m
2025-02-06T20:36:05.7738519Z [36;1m  '    import unittest' \[0m
2025-02-06T20:36:05.7738989Z [36;1m  'class TestPython(unittest.TestCase):' \[0m
2025-02-06T20:36:05.7739480Z [36;1m  '    def setUp(self):' \[0m
2025-02-06T20:36:05.7739990Z [36;1m  '        self.ver = os.environ["PYTHON_VER"].split("-")' \[0m
2025-02-06T20:36:05.7740559Z [36;1m  '    def test_python_ver(self):' \[0m
2025-02-06T20:36:05.7741271Z [36;1m  '        self.assertEqual(["%d" % v for v in sys.version_info[:2]], self.ver[-1].split(".")[:2])' \[0m
2025-02-06T20:36:05.7742104Z [36;1m  '        self.assertTrue(sys.version.startswith(self.ver[-1]))' \[0m
2025-02-06T20:36:05.7743035Z [36;1m  '        self.assertIn(self.ver[0], ",".join((sys.version, platform.python_implementation())).lower())' \[0m
2025-02-06T20:36:05.7743810Z [36;1m  '    def test_python_impl(self):' \[0m
2025-02-06T20:36:05.7744646Z [36;1m  '        self.assertIn(platform.python_implementation().lower(), (os.environ["PYTHON_IMPL"], self.ver[0]))' \[0m
2025-02-06T20:36:05.7745472Z [36;1m  > test/test_python.py[0m
2025-02-06T20:36:05.7808186Z shell: /usr/bin/bash --noprofile --norc -e -o pipefail {0}
2025-02-06T20:36:05.7808507Z env:
2025-02-06T20:36:05.7808776Z   all-cpython-versions: 2.6, 2.7, 3.2, 3.3, 3.4, 3.5, 3.6, 3.7, 3.8, 3.9, 3.10, 3.11, 3.12
2025-02-06T20:36:05.7809141Z   main-cpython-versions: 2.7, 3.2, 3.5, 3.9, 3.11
2025-02-06T20:36:05.7809430Z   pypy-versions: pypy-2.7, pypy-3.6, pypy-3.7
2025-02-06T20:36:05.7809698Z   cpython-versions: main
2025-02-06T20:36:05.7809900Z   test-set: core
2025-02-06T20:36:05.7810069Z   next: 3.13
2025-02-06T20:36:05.7810444Z   PIP: python -m pip
2025-02-06T20:36:05.7810652Z   PIP_DISABLE_PIP_VERSION_CHECK: true
2025-02-06T20:36:05.7810896Z   PIP_NO_PYTHON_VERSION_WARNING: true
2025-02-06T20:36:05.7811177Z   pythonLocation: /opt/hostedtoolcache/Python/3.11.11/x64
2025-02-06T20:36:05.7811572Z   PKG_CONFIG_PATH: /opt/hostedtoolcache/Python/3.11.11/x64/lib/pkgconfig
2025-02-06T20:36:05.7811956Z   Python_ROOT_DIR: /opt/hostedtoolcache/Python/3.11.11/x64
2025-02-06T20:36:05.7812305Z   Python2_ROOT_DIR: /opt/hostedtoolcache/Python/3.11.11/x64
2025-02-06T20:36:05.7812647Z   Python3_ROOT_DIR: /opt/hostedtoolcache/Python/3.11.11/x64
2025-02-06T20:36:05.7812987Z   LD_LIBRARY_PATH: /opt/hostedtoolcache/Python/3.11.11/x64/lib
2025-02-06T20:36:05.7813342Z   PYTHONHOME: /opt/hostedtoolcache/Python/3.11.11/x64
2025-02-06T20:36:05.7813607Z ##[endgroup]
2025-02-06T20:36:05.7924966Z ##[group]Run ./devscripts/run_tests.sh
2025-02-06T20:36:05.7925268Z [36;1m./devscripts/run_tests.sh[0m
2025-02-06T20:36:05.7981659Z shell: /usr/bin/bash -e {0}
2025-02-06T20:36:05.7981902Z env:
2025-02-06T20:36:05.7982180Z   all-cpython-versions: 2.6, 2.7, 3.2, 3.3, 3.4, 3.5, 3.6, 3.7, 3.8, 3.9, 3.10, 3.11, 3.12
2025-02-06T20:36:05.7982565Z   main-cpython-versions: 2.7, 3.2, 3.5, 3.9, 3.11
2025-02-06T20:36:05.7982856Z   pypy-versions: pypy-2.7, pypy-3.6, pypy-3.7
2025-02-06T20:36:05.7983117Z   cpython-versions: main
2025-02-06T20:36:05.7983317Z   test-set: core
2025-02-06T20:36:05.7983487Z   next: 3.13
2025-02-06T20:36:05.7983654Z   PIP: python -m pip
2025-02-06T20:36:05.7983864Z   PIP_DISABLE_PIP_VERSION_CHECK: true
2025-02-06T20:36:05.7984105Z   PIP_NO_PYTHON_VERSION_WARNING: true
2025-02-06T20:36:05.7984390Z   pythonLocation: /opt/hostedtoolcache/Python/3.11.11/x64
2025-02-06T20:36:05.7984781Z   PKG_CONFIG_PATH: /opt/hostedtoolcache/Python/3.11.11/x64/lib/pkgconfig
2025-02-06T20:36:05.7985193Z   Python_ROOT_DIR: /opt/hostedtoolcache/Python/3.11.11/x64
2025-02-06T20:36:05.7985532Z   Python2_ROOT_DIR: /opt/hostedtoolcache/Python/3.11.11/x64
2025-02-06T20:36:05.7985878Z   Python3_ROOT_DIR: /opt/hostedtoolcache/Python/3.11.11/x64
2025-02-06T20:36:05.7986208Z   LD_LIBRARY_PATH: /opt/hostedtoolcache/Python/3.11.11/x64/lib
2025-02-06T20:36:05.7986536Z   PYTHONHOME: /opt/hostedtoolcache/Python/3.11.11/x64
2025-02-06T20:36:05.7986806Z   PYTHON_VER: cpython-3.11
2025-02-06T20:36:05.7987002Z   PYTHON_IMPL: cpython
2025-02-06T20:36:05.7987189Z   YTDL_TEST_SET: core
2025-02-06T20:36:05.7987371Z ##[endgroup]
2025-02-06T20:36:07.3176754Z test_download_json (test.test_InfoExtractor.TestInfoExtractor.test_download_json) ... WARNING: [Dummy] None: Failed to parse JSON Expecting value: line 1 column 9 (char 8)
2025-02-06T20:36:07.3177809Z ok
2025-02-06T20:36:07.3229843Z test_extract_jwplayer_data_realworld (test.test_InfoExtractor.TestInfoExtractor.test_extract_jwplayer_data_realworld) ... ok
2025-02-06T20:36:07.3258328Z test_html_search_meta (test.test_InfoExtractor.TestInfoExtractor.test_html_search_meta) ... ok
2025-02-06T20:36:07.3267791Z test_html_search_regex (test.test_InfoExtractor.TestInfoExtractor.test_html_search_regex) ... ok
2025-02-06T20:36:07.3276196Z test_ie_key (test.test_InfoExtractor.TestInfoExtractor.test_ie_key) ... ok
2025-02-06T20:36:07.3341293Z test_opengraph (test.test_InfoExtractor.TestInfoExtractor.test_opengraph) ... ok
2025-02-06T20:36:07.3352217Z test_parse_f4m_formats (test.test_InfoExtractor.TestInfoExtractor.test_parse_f4m_formats) ... ok
2025-02-06T20:36:07.3383522Z test_parse_html5_media_entries (test.test_InfoExtractor.TestInfoExtractor.test_parse_html5_media_entries) ... ok
2025-02-06T20:36:07.3424057Z test_parse_m3u8_formats (test.test_InfoExtractor.TestInfoExtractor.test_parse_m3u8_formats) ... ok
2025-02-06T20:36:07.3617791Z test_parse_mpd_formats (test.test_InfoExtractor.TestInfoExtractor.test_parse_mpd_formats) ... WARNING: Unknown codec stpp
2025-02-06T20:36:07.3641663Z ok
2025-02-06T20:36:07.3655785Z test_parse_xspf (test.test_InfoExtractor.TestInfoExtractor.test_parse_xspf) ... ok
2025-02-06T20:36:07.3678311Z test_response_with_expected_status_returns_content (test.test_InfoExtractor.TestInfoExtractor.test_response_with_expected_status_returns_content) ... ok
2025-02-06T20:36:07.3841575Z test_search_json_ld_realworld (test.test_InfoExtractor.TestInfoExtractor.test_search_json_ld_realworld) ... ok
2025-02-06T20:36:07.3851572Z test_search_nextjs_data (test.test_InfoExtractor.TestInfoExtractor.test_search_nextjs_data) ... ok
2025-02-06T20:36:07.3865524Z test_search_nuxt_data (test.test_InfoExtractor.TestInfoExtractor.test_search_nuxt_data) ... ok
2025-02-06T20:36:07.3908774Z test_audio_only_extractor_format_selection (test.test_YoutubeDL.TestFormatSelection.test_audio_only_extractor_format_selection) ... ok
2025-02-06T20:36:07.3943522Z test_default_format_spec (test.test_YoutubeDL.TestFormatSelection.test_default_format_spec) ... ok
2025-02-06T20:36:07.4095806Z test_format_filtering (test.test_YoutubeDL.TestFormatSelection.test_format_filtering) ... ok
2025-02-06T20:36:07.4108500Z test_format_not_available (test.test_YoutubeDL.TestFormatSelection.test_format_not_available) ... ok
2025-02-06T20:36:07.4185113Z test_format_selection (test.test_YoutubeDL.TestFormatSelection.test_format_selection) ... ok
2025-02-06T20:36:07.4219582Z test_format_selection_audio (test.test_YoutubeDL.TestFormatSelection.test_format_selection_audio) ... ok
2025-02-06T20:36:07.4261003Z test_format_selection_audio_exts (test.test_YoutubeDL.TestFormatSelection.test_format_selection_audio_exts) ... ok
2025-02-06T20:36:07.4277457Z test_format_selection_issue_10083 (test.test_YoutubeDL.TestFormatSelection.test_format_selection_issue_10083) ... ok
2025-02-06T20:36:07.4421055Z test_format_selection_string_ops (test.test_YoutubeDL.TestFormatSelection.test_format_selection_string_ops) ... ok
2025-02-06T20:36:07.4465911Z test_format_selection_video (test.test_YoutubeDL.TestFormatSelection.test_format_selection_video) ... ok
2025-02-06T20:36:07.4515502Z test_invalid_format_specs (test.test_YoutubeDL.TestFormatSelection.test_invalid_format_specs) ... ok
2025-02-06T20:36:07.4560471Z test_prefer_free_formats (test.test_YoutubeDL.TestFormatSelection.test_prefer_free_formats) ... ok
2025-02-06T20:36:07.5767837Z test_youtube_format_selection (test.test_YoutubeDL.TestFormatSelection.test_youtube_format_selection) ... ok
2025-02-06T20:36:07.5769064Z test_add_extra_info (test.test_YoutubeDL.TestYoutubeDL.test_add_extra_info) ... ok
2025-02-06T20:36:07.5847881Z Test addition of missing upload/release/_date from /release_/timestamp ... ok
2025-02-06T20:36:07.5862133Z test_do_not_override_ie_key_in_url_transparent (test.test_YoutubeDL.TestYoutubeDL.test_do_not_override_ie_key_in_url_transparent) ... ok
2025-02-06T20:36:07.5872234Z test_format_note (test.test_YoutubeDL.TestYoutubeDL.test_format_note) ... ok
2025-02-06T20:36:07.5892119Z test_ignoreerrors_for_playlist_with_url_transparent_iterable_entries (test.test_YoutubeDL.TestYoutubeDL.test_ignoreerrors_for_playlist_with_url_transparent_iterable_entries) ... ok
2025-02-06T20:36:07.6065727Z test_match_filter (test.test_YoutubeDL.TestYoutubeDL.test_match_filter) ... ok
2025-02-06T20:36:07.6244888Z test_playlist_items_selection (test.test_YoutubeDL.TestYoutubeDL.test_playlist_items_selection) ... ok
2025-02-06T20:36:07.6264058Z Deleting original file post-processor-testfile.mp4 (pass -k to keep)
2025-02-06T20:36:07.6264889Z [Dummy] Downloading JSON metadata
2025-02-06T20:36:07.6265326Z [Dummy] Downloading JSON metadata
2025-02-06T20:36:07.6265750Z [Dummy] Downloading JSON metadata
2025-02-06T20:36:07.6266166Z [Dummy] Downloading JSON metadata
2025-02-06T20:36:07.6266571Z [Dummy] None: Downloading webpage
2025-02-06T20:36:07.6278415Z test_postprocessors (test.test_YoutubeDL.TestYoutubeDL.test_postprocessors) ... ok
2025-02-06T20:36:07.6470700Z test_prepare_filename (test.test_YoutubeDL.TestYoutubeDL.test_prepare_filename) ... ok
2025-02-06T20:36:07.6533931Z test_subtitles (test.test_YoutubeDL.TestYoutubeDL.test_subtitles) ... ok
2025-02-06T20:36:07.6543411Z test_urlopen_no_file_protocol (test.test_YoutubeDL.TestYoutubeDL.test_urlopen_no_file_protocol) ... ok
2025-02-06T20:36:07.6547509Z test_add_headers_cookie (test.test_YoutubeDL.TestYoutubeDLCookies.test_add_headers_cookie) ... WARNING: Passing cookies as a header is a potential security risk; they will be scoped to the domain of the downloaded urls. Please consider loading cookies from a file or browser instead.
2025-02-06T20:36:07.6563147Z ok
2025-02-06T20:36:07.6585740Z test_header_cookies (test.test_YoutubeDL.TestYoutubeDLCookies.test_header_cookies) ... ok
2025-02-06T20:36:07.6596328Z test_infojson_cookies (test.test_YoutubeDL.TestYoutubeDLCookies.test_infojson_cookies) ... WARNING: The extractor result contains an unscoped cookie as an HTTP header. If you are specifying an input URL, ; please report this issue on https://github.com/ytdl-org/youtube-dl/issues , using the appropriate issue template. Make sure you are using the latest version; see  https://github.com/ytdl-org/youtube-dl/#user-content-installation  on how to update. Be sure to call youtube-dl with the --verbose option and include the complete output.
2025-02-06T20:36:07.6705885Z ok
2025-02-06T20:36:07.6710731Z test_get_cookie_header (test.test_YoutubeDLCookieJar.TestYoutubeDLCookieJar.test_get_cookie_header) ... ok
2025-02-06T20:36:07.6714158Z test_get_cookies_for_url (test.test_YoutubeDLCookieJar.TestYoutubeDLCookieJar.test_get_cookies_for_url) ... ok
2025-02-06T20:36:07.6722115Z test_keep_session_cookies (test.test_YoutubeDLCookieJar.TestYoutubeDLCookieJar.test_keep_session_cookies) ... ok
2025-02-06T20:36:07.6724165Z test_malformed_cookies (test.test_YoutubeDLCookieJar.TestYoutubeDLCookieJar.test_malformed_cookies) ... WARNING: skipping cookie file entry due to invalid length 6: 'www.foobar.foobar\tFALSE\t/\tFALSE\t0\tCOOKIE\n'
2025-02-06T20:36:07.6726387Z WARNING: skipping cookie file entry due to invalid expires at 1.7976931348623157e+308: 'www.foobar.foobar\tFALSE\t/\tFALSE\t1.7976931348623157e+308\tCOOKIE\tVALUE\n'
2025-02-06T20:36:07.6727505Z ok
2025-02-06T20:36:07.6728308Z test_strip_httponly_prefix (test.test_YoutubeDLCookieJar.TestYoutubeDLCookieJar.test_strip_httponly_prefix) ... ok
2025-02-06T20:36:07.6732618Z test_cbc_decrypt (test.test_aes.TestAES.test_cbc_decrypt) ... ok
2025-02-06T20:36:07.6737707Z test_cbc_encrypt (test.test_aes.TestAES.test_cbc_encrypt) ... ok
2025-02-06T20:36:07.6752269Z test_decrypt_text (test.test_aes.TestAES.test_decrypt_text) ... ok
2025-02-06T20:36:07.6757024Z test_ecb_encrypt (test.test_aes.TestAES.test_ecb_encrypt) ... ok
2025-02-06T20:36:07.6757745Z test_encrypt (test.test_aes.TestAES.test_encrypt) ... ok
2025-02-06T20:36:07.6783116Z test_facebook_matching (test.test_all_urls.TestAllURLsMatching.test_facebook_matching) ... ok
2025-02-06T20:36:07.8914585Z test_keywords (test.test_all_urls.TestAllURLsMatching.test_keywords) ... ok
2025-02-06T20:36:07.8939457Z test_no_duplicated_ie_names (test.test_all_urls.TestAllURLsMatching.test_no_duplicated_ie_names) ... ok
2025-02-06T20:36:15.1284587Z test_no_duplicates (test.test_all_urls.TestAllURLsMatching.test_no_duplicates) ... ok
2025-02-06T20:36:15.1315030Z test_pbs (test.test_all_urls.TestAllURLsMatching.test_pbs) ... ok
2025-02-06T20:36:15.1334843Z test_soundcloud_not_matching_sets (test.test_all_urls.TestAllURLsMatching.test_soundcloud_not_matching_sets) ... ok
2025-02-06T20:36:15.1365302Z test_tumblr (test.test_all_urls.TestAllURLsMatching.test_tumblr) ... ok
2025-02-06T20:36:15.1436837Z test_vimeo_matching (test.test_all_urls.TestAllURLsMatching.test_vimeo_matching) ... ok
2025-02-06T20:36:15.1484631Z test_youtube_channel_matching (test.test_all_urls.TestAllURLsMatching.test_youtube_channel_matching) ... ok
2025-02-06T20:36:15.1536908Z test_youtube_feeds (test.test_all_urls.TestAllURLsMatching.test_youtube_feeds) ... ok
2025-02-06T20:36:15.1588116Z test_youtube_matching (test.test_all_urls.TestAllURLsMatching.test_youtube_matching) ... ok
2025-02-06T20:36:15.1685561Z test_youtube_playlist_matching (test.test_all_urls.TestAllURLsMatching.test_youtube_playlist_matching) ... ok
2025-02-06T20:36:15.1717371Z test_youtube_search_matching (test.test_all_urls.TestAllURLsMatching.test_youtube_search_matching) ... ok
2025-02-06T20:36:15.1736792Z test_youtube_user_matching (test.test_all_urls.TestAllURLsMatching.test_youtube_user_matching) ... ok
2025-02-06T20:36:15.1756606Z test_cache (test.test_cache.TestCache.test_cache) ... ok
2025-02-06T20:36:15.1769847Z test_cache_validation (test.test_cache.TestCache.test_cache_validation) ... ok
2025-02-06T20:36:15.1780343Z test_all_present (test.test_compat.TestCompat.test_all_present) ... FAIL
2025-02-06T20:36:15.1781402Z test_compat_casefold (test.test_compat.TestCompat.test_compat_casefold) ... ok
2025-02-06T20:36:15.1782858Z test_compat_etree_Element (test.test_compat.TestCompat.test_compat_etree_Element) ... ok
2025-02-06T20:36:15.1784036Z test_compat_etree_fromstring (test.test_compat.TestCompat.test_compat_etree_fromstring) ... ok
2025-02-06T20:36:15.1785643Z test_compat_etree_fromstring_doctype (test.test_compat.TestCompat.test_compat_etree_fromstring_doctype) ... ok
2025-02-06T20:36:15.1786849Z test_compat_expanduser (test.test_compat.TestCompat.test_compat_expanduser) ... ok
2025-02-06T20:36:15.1787747Z test_compat_getenv (test.test_compat.TestCompat.test_compat_getenv) ... ok
2025-02-06T20:36:15.1788608Z test_compat_setenv (test.test_compat.TestCompat.test_compat_setenv) ... ok
2025-02-06T20:36:15.1789508Z test_compat_shlex_split (test.test_compat.TestCompat.test_compat_shlex_split) ... ok
2025-02-06T20:36:15.1790462Z test_compat_struct_unpack (test.test_compat.TestCompat.test_compat_struct_unpack) ... ok
2025-02-06T20:36:15.1791602Z test_compat_urllib_parse_unquote (test.test_compat.TestCompat.test_compat_urllib_parse_unquote) ... ok
2025-02-06T20:36:15.1792852Z test_compat_urllib_parse_unquote_plus (test.test_compat.TestCompat.test_compat_urllib_parse_unquote_plus) ... ok
2025-02-06T20:36:15.1794115Z test_compat_urllib_parse_urlencode (test.test_compat.TestCompat.test_compat_urllib_parse_urlencode) ... ok
2025-02-06T20:36:15.1795351Z test_compat_urllib_request_Request (test.test_compat.TestCompat.test_compat_urllib_request_Request) ... ok
2025-02-06T20:36:15.1810803Z test_make_cmd (test.test_downloader_external.TestAria2cFD.test_make_cmd) ... ok
2025-02-06T20:36:15.1811892Z test_chunked (test.test_downloader_external.TestAria2pFD.test_chunked) ... SKIP: aria2p not found
2025-02-06T20:36:15.1813317Z test_regular (test.test_downloader_external.TestAria2pFD.test_regular) ... SKIP: aria2p not found
2025-02-06T20:36:15.1814447Z test_make_cmd (test.test_downloader_external.TestAxelFD.test_make_cmd) ... SKIP: axel not found
2025-02-06T20:36:15.1827794Z test_make_cmd (test.test_downloader_external.TestCurlFD.test_make_cmd) ... ok
2025-02-06T20:36:15.1828968Z test_make_cmd (test.test_downloader_external.TestFFmpegFD.test_make_cmd) ... SKIP: ffmpeg not found
2025-02-06T20:36:15.1830624Z test_make_cmd (test.test_downloader_external.TestHttpieFD.test_make_cmd) ... SKIP: httpie not found
2025-02-06T20:36:15.1845083Z test_make_cmd (test.test_downloader_external.TestWgetFD.test_make_cmd) ... ok
2025-02-06T20:36:15.2054457Z test_chunked (test.test_downloader_http.TestHttpFD.test_chunked) ... ok
2025-02-06T20:36:15.2136341Z test_regular (test.test_downloader_http.TestHttpFD.test_regular) ... ok
2025-02-06T20:36:15.4618059Z test_cmdline_umlauts (test.test_execution.TestExecution.test_cmdline_umlauts) ... ok
2025-02-06T20:36:15.7075213Z test_import (test.test_execution.TestExecution.test_import) ... ok
2025-02-06T20:36:15.7293349Z test_lazy_extractors (test.test_execution.TestExecution.test_lazy_extractors) ... WARNING: Lazy loading extractors is an experimental feature that may not always work
2025-02-06T20:36:23.9432696Z ..............
2025-02-06T20:36:23.9433179Z ----------------------------------------------------------------------
2025-02-06T20:36:23.9433670Z Ran 14 tests in 7.632s
2025-02-06T20:36:23.9433866Z 
2025-02-06T20:36:23.9433979Z OK
2025-02-06T20:36:23.9823144Z ok
2025-02-06T20:36:24.2316634Z test_main_exec (test.test_execution.TestExecution.test_main_exec) ... ok
2025-02-06T20:36:24.4756787Z test_module_exec (test.test_execution.TestExecution.test_module_exec) ... ok
2025-02-06T20:36:24.4772923Z test_file_urls (test.test_http.TestFileURL.test_file_urls) ... ok
2025-02-06T20:36:24.4774127Z test_brotli (test.test_http.TestHTTP.test_brotli) ... SKIP: brotli support is not installed
2025-02-06T20:36:25.4831368Z test_content_type (test.test_http.TestHTTP.test_content_type) ... ok
2025-02-06T20:36:26.4855499Z test_cookiejar (test.test_http.TestHTTP.test_cookiejar) ... ok
2025-02-06T20:36:27.4878719Z test_deflate (test.test_http.TestHTTP.test_deflate) ... ok
2025-02-06T20:36:28.4901737Z test_gzip (test.test_http.TestHTTP.test_gzip) ... ok
2025-02-06T20:36:29.4926225Z test_gzip_trailing_garbage (test.test_http.TestHTTP.test_gzip_trailing_garbage) ... ok
2025-02-06T20:36:30.4948945Z test_multiple_encodings (test.test_http.TestHTTP.test_multiple_encodings) ... ok
2025-02-06T20:36:31.4973008Z test_no_compression_compat_header (test.test_http.TestHTTP.test_no_compression_compat_header) ... ok
2025-02-06T20:36:32.0043786Z test_nocheckcertificate (test.test_http.TestHTTP.test_nocheckcertificate) ... ok
2025-02-06T20:36:33.0065174Z test_passed_cookie_header (test.test_http.TestHTTP.test_passed_cookie_header) ... ok
2025-02-06T20:36:33.5082529Z test_percent_encode (test.test_http.TestHTTP.test_percent_encode) ... ok
2025-02-06T20:36:34.0098700Z test_redirect (test.test_http.TestHTTP.test_redirect) ... ok
2025-02-06T20:36:34.5118122Z test_remove_dot_segments (test.test_http.TestHTTP.test_remove_dot_segments) ... ok
2025-02-06T20:36:35.0135715Z test_unicode_path_redirection (test.test_http.TestHTTP.test_unicode_path_redirection) ... ok
2025-02-06T20:36:36.0158962Z test_unsupported_encoding (test.test_http.TestHTTP.test_unsupported_encoding) ... ok
2025-02-06T20:36:36.5176516Z test_update_req (test.test_http.TestHTTP.test_update_req) ... ok
2025-02-06T20:36:37.0218000Z test_proxy (test.test_http.TestProxy.test_proxy) ... ok
2025-02-06T20:36:38.0236315Z test_proxy_with_idn (test.test_http.TestProxy.test_proxy_with_idn) ... ok
2025-02-06T20:36:38.0392564Z test_32066 (test.test_jsinterp.TestJSInterpreter.test_32066) ... ok
2025-02-06T20:36:38.0448805Z test_Date (test.test_jsinterp.TestJSInterpreter.test_Date) ... ok
2025-02-06T20:36:38.0488164Z test_add (test.test_jsinterp.TestJSInterpreter.test_add) ... ok
2025-02-06T20:36:38.0494275Z test_array_access (test.test_jsinterp.TestJSInterpreter.test_array_access) ... ok
2025-02-06T20:36:38.0504219Z test_assignments (test.test_jsinterp.TestJSInterpreter.test_assignments) ... ok
2025-02-06T20:36:38.0506597Z test_basic (test.test_jsinterp.TestJSInterpreter.test_basic) ... ok
2025-02-06T20:36:38.0512822Z test_bitwise_operators_overflow (test.test_jsinterp.TestJSInterpreter.test_bitwise_operators_overflow) ... ok
2025-02-06T20:36:38.0533412Z test_bitwise_operators_typecast (test.test_jsinterp.TestJSInterpreter.test_bitwise_operators_typecast) ... ok
2025-02-06T20:36:38.0534808Z test_builtins (test.test_jsinterp.TestJSInterpreter.test_builtins) ... ok
2025-02-06T20:36:38.0539248Z test_calc (test.test_jsinterp.TestJSInterpreter.test_calc) ... ok
2025-02-06T20:36:38.0561970Z test_call (test.test_jsinterp.TestJSInterpreter.test_call) ... ok
2025-02-06T20:36:38.0565834Z test_catch (test.test_jsinterp.TestJSInterpreter.test_catch) ... ok
2025-02-06T20:36:38.0596621Z test_char_code_at (test.test_jsinterp.TestJSInterpreter.test_char_code_at) ... ok
2025-02-06T20:36:38.0613472Z test_comma (test.test_jsinterp.TestJSInterpreter.test_comma) ... ok
2025-02-06T20:36:38.0627816Z test_comments (test.test_jsinterp.TestJSInterpreter.test_comments) ... ok
2025-02-06T20:36:38.0646128Z test_div (test.test_jsinterp.TestJSInterpreter.test_div) ... ok
2025-02-06T20:36:38.0653186Z test_elseif (test.test_jsinterp.TestJSInterpreter.test_elseif) ... ok
2025-02-06T20:36:38.0654470Z test_empty_return (test.test_jsinterp.TestJSInterpreter.test_empty_return) ... ok
2025-02-06T20:36:38.0673116Z test_exp (test.test_jsinterp.TestJSInterpreter.test_exp) ... ok
2025-02-06T20:36:38.0677040Z test_finally (test.test_jsinterp.TestJSInterpreter.test_finally) ... ok
2025-02-06T20:36:38.0719282Z test_forEach (test.test_jsinterp.TestJSInterpreter.test_forEach) ... ok
2025-02-06T20:36:38.0748303Z test_for_loop (test.test_jsinterp.TestJSInterpreter.test_for_loop) ... ok
2025-02-06T20:36:38.0753325Z test_for_loop_break (test.test_jsinterp.TestJSInterpreter.test_for_loop_break) ... ok
2025-02-06T20:36:38.0782024Z test_for_loop_continue (test.test_jsinterp.TestJSInterpreter.test_for_loop_continue) ... ok
2025-02-06T20:36:38.0789348Z test_for_loop_try (test.test_jsinterp.TestJSInterpreter.test_for_loop_try) ... ok
2025-02-06T20:36:38.0797341Z test_if (test.test_jsinterp.TestJSInterpreter.test_if) ... ok
2025-02-06T20:36:38.0823880Z test_indexing (test.test_jsinterp.TestJSInterpreter.test_indexing) ... ok
2025-02-06T20:36:38.0873654Z test_join (test.test_jsinterp.TestJSInterpreter.test_join) ... ok
2025-02-06T20:36:38.0878498Z test_literal_list (test.test_jsinterp.TestJSInterpreter.test_literal_list) ... ok
2025-02-06T20:36:38.0890408Z test_mod (test.test_jsinterp.TestJSInterpreter.test_mod) ... ok
2025-02-06T20:36:38.0896221Z test_morespace (test.test_jsinterp.TestJSInterpreter.test_morespace) ... ok
2025-02-06T20:36:38.0908442Z test_mul (test.test_jsinterp.TestJSInterpreter.test_mul) ... ok
2025-02-06T20:36:38.0924900Z test_negative (test.test_jsinterp.TestJSInterpreter.test_negative) ... ok
2025-02-06T20:36:38.0928311Z test_nested_try (test.test_jsinterp.TestJSInterpreter.test_nested_try) ... ok
2025-02-06T20:36:38.0942205Z test_null (test.test_jsinterp.TestJSInterpreter.test_null) ... ok
2025-02-06T20:36:38.0957896Z test_object (test.test_jsinterp.TestJSInterpreter.test_object) ... ok
2025-02-06T20:36:38.1032166Z test_operators (test.test_jsinterp.TestJSInterpreter.test_operators) ... ok
2025-02-06T20:36:38.1033380Z test_packed (test.test_jsinterp.TestJSInterpreter.test_packed) ... SKIP: Not yet working
2025-02-06T20:36:38.1046793Z test_parens (test.test_jsinterp.TestJSInterpreter.test_parens) ... ok
2025-02-06T20:36:38.1065584Z test_pop (test.test_jsinterp.TestJSInterpreter.test_pop) ... ok
2025-02-06T20:36:38.1074558Z test_precedence (test.test_jsinterp.TestJSInterpreter.test_precedence) ... ok
2025-02-06T20:36:38.1076263Z test_quotes (test.test_jsinterp.TestJSInterpreter.test_quotes) ... ok
2025-02-06T20:36:38.1093625Z test_regex (test.test_jsinterp.TestJSInterpreter.test_regex) ... ok
2025-02-06T20:36:38.1132198Z test_replace (test.test_jsinterp.TestJSInterpreter.test_replace) ... ok
2025-02-06T20:36:38.1136255Z test_return_function (test.test_jsinterp.TestJSInterpreter.test_return_function) ... ok
2025-02-06T20:36:38.1155704Z test_shift (test.test_jsinterp.TestJSInterpreter.test_shift) ... ok
2025-02-06T20:36:38.1294424Z test_slice (test.test_jsinterp.TestJSInterpreter.test_slice) ... ok
2025-02-06T20:36:38.1360870Z test_split (test.test_jsinterp.TestJSInterpreter.test_split) ... ok
2025-02-06T20:36:38.1367934Z test_strange_chars (test.test_jsinterp.TestJSInterpreter.test_strange_chars) ... ok
2025-02-06T20:36:38.1382287Z test_sub (test.test_jsinterp.TestJSInterpreter.test_sub) ... ok
2025-02-06T20:36:38.1395944Z test_switch (test.test_jsinterp.TestJSInterpreter.test_switch) ... ok
2025-02-06T20:36:38.1409002Z test_switch_default (test.test_jsinterp.TestJSInterpreter.test_switch_default) ... ok
2025-02-06T20:36:38.1410545Z test_try (test.test_jsinterp.TestJSInterpreter.test_try) ... ok
2025-02-06T20:36:38.1435157Z test_typeof (test.test_jsinterp.TestJSInterpreter.test_typeof) ... ok
2025-02-06T20:36:38.1491671Z test_undefined (test.test_jsinterp.TestJSInterpreter.test_undefined) ... ok
2025-02-06T20:36:38.1495006Z test_void (test.test_jsinterp.TestJSInterpreter.test_void) ... ok
2025-02-06T20:36:38.1516479Z test_while_loop (test.test_jsinterp.TestJSInterpreter.test_while_loop) ... ok
2025-02-06T20:36:38.1538605Z test_netrc_present (test.test_netrc.TestNetRc.test_netrc_present) ... ok
2025-02-06T20:36:38.1543046Z test_hide_login_info (test.test_options.TestOptions.test_hide_login_info) ... ok
2025-02-06T20:36:38.1546175Z test_format_to_regex (test.test_postprocessors.TestMetadataFromTitle.test_format_to_regex) ... ok
2025-02-06T20:36:38.1547558Z test_python_impl (test.test_python.TestPython.test_python_impl) ... ok
2025-02-06T20:36:38.1548388Z test_python_ver (test.test_python.TestPython.test_python_ver) ... ok
2025-02-06T20:36:38.1563587Z test_swf_ArrayAccess (test.test_swfinterp.TestSWFInterpreter.test_swf_ArrayAccess) ... SKIP: mxmlc not found!
2025-02-06T20:36:38.1575472Z test_swf_ClassCall (test.test_swfinterp.TestSWFInterpreter.test_swf_ClassCall) ... SKIP: mxmlc not found!
2025-02-06T20:36:38.1587569Z test_swf_ClassConstruction (test.test_swfinterp.TestSWFInterpreter.test_swf_ClassConstruction) ... SKIP: mxmlc not found!
2025-02-06T20:36:38.1599207Z test_swf_ConstArrayAccess (test.test_swfinterp.TestSWFInterpreter.test_swf_ConstArrayAccess) ... SKIP: mxmlc not found!
2025-02-06T20:36:38.1611262Z test_swf_ConstantInt (test.test_swfinterp.TestSWFInterpreter.test_swf_ConstantInt) ... SKIP: mxmlc not found!
2025-02-06T20:36:38.1622837Z test_swf_DictCall (test.test_swfinterp.TestSWFInterpreter.test_swf_DictCall) ... SKIP: mxmlc not found!
2025-02-06T20:36:38.1634764Z test_swf_EqualsOperator (test.test_swfinterp.TestSWFInterpreter.test_swf_EqualsOperator) ... SKIP: mxmlc not found!
2025-02-06T20:36:38.1646310Z test_swf_LocalVars (test.test_swfinterp.TestSWFInterpreter.test_swf_LocalVars) ... SKIP: mxmlc not found!
2025-02-06T20:36:38.1658371Z test_swf_MemberAssignment (test.test_swfinterp.TestSWFInterpreter.test_swf_MemberAssignment) ... SKIP: mxmlc not found!
2025-02-06T20:36:38.1669753Z test_swf_NeOperator (test.test_swfinterp.TestSWFInterpreter.test_swf_NeOperator) ... SKIP: mxmlc not found!
2025-02-06T20:36:38.1681331Z test_swf_PrivateCall (test.test_swfinterp.TestSWFInterpreter.test_swf_PrivateCall) ... SKIP: mxmlc not found!
2025-02-06T20:36:38.1692965Z test_swf_PrivateVoidCall (test.test_swfinterp.TestSWFInterpreter.test_swf_PrivateVoidCall) ... SKIP: mxmlc not found!
2025-02-06T20:36:38.1704650Z test_swf_StaticAssignment (test.test_swfinterp.TestSWFInterpreter.test_swf_StaticAssignment) ... SKIP: mxmlc not found!
2025-02-06T20:36:38.1716183Z test_swf_StaticRetrieval (test.test_swfinterp.TestSWFInterpreter.test_swf_StaticRetrieval) ... SKIP: mxmlc not found!
2025-02-06T20:36:38.1727729Z test_swf_StringBasics (test.test_swfinterp.TestSWFInterpreter.test_swf_StringBasics) ... SKIP: mxmlc not found!
2025-02-06T20:36:38.1740078Z test_swf_StringCharCodeAt (test.test_swfinterp.TestSWFInterpreter.test_swf_StringCharCodeAt) ... SKIP: mxmlc not found!
2025-02-06T20:36:38.1751783Z test_swf_StringConversion (test.test_swfinterp.TestSWFInterpreter.test_swf_StringConversion) ... SKIP: mxmlc not found!
2025-02-06T20:36:38.1758638Z test_dict_get (test.test_traversal.TestTraversal.test_dict_get) ... ok
2025-02-06T20:36:38.1759670Z test_get_first (test.test_traversal.TestTraversal.test_get_first) ... ok
2025-02-06T20:36:38.1766404Z test_traversal_morsel (test.test_traversal.TestTraversal.test_traversal_morsel) ... ok
2025-02-06T20:36:38.1772987Z test_traversal_unbranching (test.test_traversal.TestTraversal.test_traversal_unbranching) ... ok
2025-02-06T20:36:38.1825151Z test_traverse_obj (test.test_traversal.TestTraversal.test_traverse_obj) ... ok
2025-02-06T20:36:38.3127084Z test_all_files (test.test_unicode_literals.TestUnicodeLiterals.test_all_files) ... ok
2025-02-06T20:36:38.3130812Z test_rsa_verify (test.test_update.TestUpdate.test_rsa_verify) ... ok
2025-02-06T20:36:38.3133807Z test_LazyList (test.test_utils.TestUtil.test_LazyList) ... ok
2025-02-06T20:36:38.3134822Z test_LazyList_laziness (test.test_utils.TestUtil.test_LazyList_laziness) ... ok
2025-02-06T20:36:38.3135736Z test_age_restricted (test.test_utils.TestUtil.test_age_restricted) ... ok
2025-02-06T20:36:38.3136500Z test_args_to_str (test.test_utils.TestUtil.test_args_to_str) ... ok
2025-02-06T20:36:38.3138591Z test_base_url (test.test_utils.TestUtil.test_base_url) ... ok
2025-02-06T20:36:38.3139415Z test_caesar (test.test_utils.TestUtil.test_caesar) ... ok
2025-02-06T20:36:38.3143516Z test_clean_html (test.test_utils.TestUtil.test_clean_html) ... ok
2025-02-06T20:36:38.3148494Z test_clean_podcast_url (test.test_utils.TestUtil.test_clean_podcast_url) ... ok
2025-02-06T20:36:38.3149393Z test_cli_bool_option (test.test_utils.TestUtil.test_cli_bool_option) ... ok
2025-02-06T20:36:38.3150761Z test_cli_option (test.test_utils.TestUtil.test_cli_option) ... ok
2025-02-06T20:36:38.3151257Z test_cli_valueless_option (test.test_utils.TestUtil.test_cli_valueless_option) ... ok
2025-02-06T20:36:38.3153840Z test_date_from_str (test.test_utils.TestUtil.test_date_from_str) ... ok
2025-02-06T20:36:38.3155932Z test_daterange (test.test_utils.TestUtil.test_daterange) ... ok
2025-02-06T20:36:38.3157872Z test_detect_exe_version (test.test_utils.TestUtil.test_detect_exe_version) ... ok
2025-02-06T20:36:38.3159487Z test_determine_ext (test.test_utils.TestUtil.test_determine_ext) ... ok
2025-02-06T20:36:38.3182824Z test_dfxp2srt (test.test_utils.TestUtil.test_dfxp2srt) ... ok
2025-02-06T20:36:38.3183560Z test_encode_base_n (test.test_utils.TestUtil.test_encode_base_n) ... ok
2025-02-06T20:36:38.3184273Z test_encode_compat_str (test.test_utils.TestUtil.test_encode_compat_str) ... ok
2025-02-06T20:36:38.3185595Z test_escape_rfc3986 (test.test_utils.TestUtil.test_escape_rfc3986) ... ok
2025-02-06T20:36:38.3190625Z test_escape_url (test.test_utils.TestUtil.test_escape_url) ... ok
2025-02-06T20:36:38.3192971Z test_expand_path (test.test_utils.TestUtil.test_expand_path) ... ok
2025-02-06T20:36:38.3197878Z test_extract_attributes (test.test_utils.TestUtil.test_extract_attributes) ... ok
2025-02-06T20:36:38.3201399Z test_find_xpath_attr (test.test_utils.TestUtil.test_find_xpath_attr) ... ok
2025-02-06T20:36:38.3203747Z test_fix_xml_ampersands (test.test_utils.TestUtil.test_fix_xml_ampersands) ... ok
2025-02-06T20:36:38.3204377Z test_float_or_none (test.test_utils.TestUtil.test_float_or_none) ... ok
2025-02-06T20:36:38.3221673Z test_get_element_by_attribute (test.test_utils.TestUtil.test_get_element_by_attribute) ... ok
2025-02-06T20:36:38.3231013Z test_get_element_by_class (test.test_utils.TestUtil.test_get_element_by_class) ... ok
2025-02-06T20:36:38.3232085Z test_get_elements_by_attribute (test.test_utils.TestUtil.test_get_elements_by_attribute) ... ok
2025-02-06T20:36:38.3233137Z test_get_elements_by_class (test.test_utils.TestUtil.test_get_elements_by_class) ... ok
2025-02-06T20:36:38.3233994Z test_int_or_none (test.test_utils.TestUtil.test_int_or_none) ... ok
2025-02-06T20:36:38.3234813Z test_intlist_to_bytes (test.test_utils.TestUtil.test_intlist_to_bytes) ... ok
2025-02-06T20:36:38.3775552Z test_is_html (test.test_utils.TestUtil.test_is_html) ... ok
2025-02-06T20:36:38.3776920Z test_join_nonempty (test.test_utils.TestUtil.test_join_nonempty) ... ok
2025-02-06T20:36:38.3788531Z test_js_to_json_edgecases (test.test_utils.TestUtil.test_js_to_json_edgecases) ... ok
2025-02-06T20:36:38.3789558Z test_js_to_json_malformed (test.test_utils.TestUtil.test_js_to_json_malformed) ... ok
2025-02-06T20:36:38.3794467Z test_js_to_json_realworld (test.test_utils.TestUtil.test_js_to_json_realworld) ... ok
2025-02-06T20:36:38.3799529Z test_js_to_json_template_literal (test.test_utils.TestUtil.test_js_to_json_template_literal) ... ok
2025-02-06T20:36:38.3804694Z test_js_to_json_vars_strings (test.test_utils.TestUtil.test_js_to_json_vars_strings) ... ok
2025-02-06T20:36:38.3805624Z test_limit_length (test.test_utils.TestUtil.test_limit_length) ... ok
2025-02-06T20:36:38.3818846Z test_lowercase_escape (test.test_utils.TestUtil.test_lowercase_escape) ... ok
2025-02-06T20:36:38.3834765Z test_match_str (test.test_utils.TestUtil.test_match_str) ... ok
2025-02-06T20:36:38.3835541Z test_merge_dicts (test.test_utils.TestUtil.test_merge_dicts) ... ok
2025-02-06T20:36:38.3836662Z test_mimetype2ext (test.test_utils.TestUtil.test_mimetype2ext) ... ok
2025-02-06T20:36:38.3837485Z test_month_by_name (test.test_utils.TestUtil.test_month_by_name) ... ok
2025-02-06T20:36:38.3838588Z test_multipart_encode (test.test_utils.TestUtil.test_multipart_encode) ... ok
2025-02-06T20:36:38.3839605Z test_ohdave_rsa_encrypt (test.test_utils.TestUtil.test_ohdave_rsa_encrypt) ... ok
2025-02-06T20:36:38.3841033Z test_ordered_set (test.test_utils.TestUtil.test_ordered_set) ... ok
2025-02-06T20:36:38.3843829Z test_paged_list (test.test_utils.TestUtil.test_paged_list) ... ok
2025-02-06T20:36:38.3847360Z test_parse_age_limit (test.test_utils.TestUtil.test_parse_age_limit) ... ok
2025-02-06T20:36:38.3848719Z test_parse_bitrate (test.test_utils.TestUtil.test_parse_bitrate) ... ok
2025-02-06T20:36:38.3849848Z test_parse_codecs (test.test_utils.TestUtil.test_parse_codecs) ... WARNING: Unknown codec newcodec
2025-02-06T20:36:38.3850668Z WARNING: Unknown codec unknownvcodec
2025-02-06T20:36:38.3851129Z WARNING: Unknown codec unknownacodec
2025-02-06T20:36:38.3851569Z WARNING: Unknown codec unknown
2025-02-06T20:36:38.3851954Z ok
2025-02-06T20:36:38.3855665Z test_parse_count (test.test_utils.TestUtil.test_parse_count) ... ok
2025-02-06T20:36:38.3856599Z test_parse_dfxp_time_expr (test.test_utils.TestUtil.test_parse_dfxp_time_expr) ... ok
2025-02-06T20:36:38.3869192Z test_parse_duration (test.test_utils.TestUtil.test_parse_duration) ... ok
2025-02-06T20:36:38.3872640Z test_parse_filesize (test.test_utils.TestUtil.test_parse_filesize) ... ok
2025-02-06T20:36:38.3875911Z test_parse_iso8601 (test.test_utils.TestUtil.test_parse_iso8601) ... ok
2025-02-06T20:36:38.3879167Z test_parse_resolution (test.test_utils.TestUtil.test_parse_resolution) ... ok
2025-02-06T20:36:38.3880051Z test_pkcs1pad (test.test_utils.TestUtil.test_pkcs1pad) ... ok
2025-02-06T20:36:38.3882324Z test_prepend_extension (test.test_utils.TestUtil.test_prepend_extension) ... ok
2025-02-06T20:36:38.3883104Z test_read_batch_urls (test.test_utils.TestUtil.test_read_batch_urls) ... ok
2025-02-06T20:36:38.3887735Z test_remove_dot_segments (test.test_utils.TestUtil.test_remove_dot_segments) ... ok
2025-02-06T20:36:38.3888506Z test_remove_end (test.test_utils.TestUtil.test_remove_end) ... ok
2025-02-06T20:36:38.3889186Z test_remove_quotes (test.test_utils.TestUtil.test_remove_quotes) ... ok
2025-02-06T20:36:38.3889896Z test_remove_start (test.test_utils.TestUtil.test_remove_start) ... ok
2025-02-06T20:36:38.3890597Z test_render_table (test.test_utils.TestUtil.test_render_table) ... ok
2025-02-06T20:36:38.3892506Z test_replace_extension (test.test_utils.TestUtil.test_replace_extension) ... ok
2025-02-06T20:36:38.3893190Z test_rot47 (test.test_utils.TestUtil.test_rot47) ... ok
2025-02-06T20:36:38.3896127Z test_sanitize_filename (test.test_utils.TestUtil.test_sanitize_filename) ... ok
2025-02-06T20:36:38.3906206Z test_sanitize_filename_restricted (test.test_utils.TestUtil.test_sanitize_filename_restricted) ... ok
2025-02-06T20:36:38.3908305Z test_sanitize_ids (test.test_utils.TestUtil.test_sanitize_ids) ... ok
2025-02-06T20:36:38.3910145Z test_sanitize_path (test.test_utils.TestUtil.test_sanitize_path) ... ok
2025-02-06T20:36:38.3910818Z test_sanitize_url (test.test_utils.TestUtil.test_sanitize_url) ... ok
2025-02-06T20:36:38.3912611Z test_sanitized_Request (test.test_utils.TestUtil.test_sanitized_Request) ... ok
2025-02-06T20:36:38.3913379Z test_shell_quote (test.test_utils.TestUtil.test_shell_quote) ... ok
2025-02-06T20:36:38.3915475Z test_smuggle_url (test.test_utils.TestUtil.test_smuggle_url) ... ok
2025-02-06T20:36:38.3916254Z test_str_to_int (test.test_utils.TestUtil.test_str_to_int) ... ok
2025-02-06T20:36:38.3919954Z test_strip_jsonp (test.test_utils.TestUtil.test_strip_jsonp) ... ok
2025-02-06T20:36:38.3920650Z test_strip_or_none (test.test_utils.TestUtil.test_strip_or_none) ... ok
2025-02-06T20:36:38.3921492Z test_subtitles_filename (test.test_utils.TestUtil.test_subtitles_filename) ... ok
2025-02-06T20:36:38.3922268Z test_timeconvert (test.test_utils.TestUtil.test_timeconvert) ... ok
2025-02-06T20:36:38.3922955Z test_try_call (test.test_utils.TestUtil.test_try_call) ... ok
2025-02-06T20:36:38.3925278Z test_unescape_html (test.test_utils.TestUtil.test_unescape_html) ... ok
2025-02-06T20:36:38.4046624Z test_unified_dates (test.test_utils.TestUtil.test_unified_dates) ... ok
2025-02-06T20:36:38.4138462Z test_unified_timestamps (test.test_utils.TestUtil.test_unified_timestamps) ... ok
2025-02-06T20:36:38.4143660Z test_update_url_query (test.test_utils.TestUtil.test_update_url_query) ... ok
2025-02-06T20:36:38.4145166Z test_uppercase_escape (test.test_utils.TestUtil.test_uppercase_escape) ... ok
2025-02-06T20:36:38.4146480Z test_url_basename (test.test_utils.TestUtil.test_url_basename) ... ok
2025-02-06T20:36:38.4151290Z test_url_or_none (test.test_utils.TestUtil.test_url_or_none) ... ok
2025-02-06T20:36:38.4152145Z test_urlencode_postdata (test.test_utils.TestUtil.test_urlencode_postdata) ... ok
2025-02-06T20:36:38.4156311Z test_urljoin (test.test_utils.TestUtil.test_urljoin) ... ok
2025-02-06T20:36:38.4156940Z test_urshift (test.test_utils.TestUtil.test_urshift) ... ok
2025-02-06T20:36:38.4159862Z test_variadic (test.test_utils.TestUtil.test_variadic) ... ok
2025-02-06T20:36:38.4160820Z test_version_tuple (test.test_utils.TestUtil.test_version_tuple) ... ok
2025-02-06T20:36:38.4163598Z test_xpath_attr (test.test_utils.TestUtil.test_xpath_attr) ... ok
2025-02-06T20:36:38.4165751Z test_xpath_element (test.test_utils.TestUtil.test_xpath_element) ... ok
2025-02-06T20:36:38.4166918Z test_xpath_text (test.test_utils.TestUtil.test_xpath_text) ... ok
2025-02-06T20:36:38.4168292Z test_xpath_with_ns (test.test_utils.TestUtil.test_xpath_with_ns) ... ok
2025-02-06T20:36:40.3192983Z test_private_info_arg (test.test_verbose_output.TestVerboseOutput.test_private_info_arg) ... ok
2025-02-06T20:36:40.6129025Z test_private_info_eq (test.test_verbose_output.TestVerboseOutput.test_private_info_eq) ... ok
2025-02-06T20:36:40.9049329Z test_private_info_shortarg (test.test_verbose_output.TestVerboseOutput.test_private_info_shortarg) ... ok
2025-02-06T20:36:41.1932984Z test_private_info_shortarg_eq (test.test_verbose_output.TestVerboseOutput.test_private_info_shortarg_eq) ... ok
2025-02-06T20:36:41.1989185Z test_youtube_extract (test.test_youtube_misc.TestYoutubeMisc.test_youtube_extract) ... ok
2025-02-06T20:36:41.1993625Z 
2025-02-06T20:36:41.1993852Z ======================================================================
2025-02-06T20:36:41.1994688Z FAIL: test_all_present (test.test_compat.TestCompat.test_all_present)
2025-02-06T20:36:41.1995282Z ----------------------------------------------------------------------
2025-02-06T20:36:41.1995733Z Traceback (most recent call last):
2025-02-06T20:36:41.2001971Z   File "/home/runner/work/youtube-dl/youtube-dl/test/test_compat.py", line 57, in test_all_present
2025-02-06T20:36:41.2002609Z     self.assertEqual(all_names, sorted(present_names))
2025-02-06T20:36:41.2003457Z AssertionError: Lists differ: ['com[997 chars]t_integer_types', 'compat_itertools_count', 'c[1216 chars]161'] != ['com[997 chars]t_int', 'compat_integer_types', 'compat_iterto[1230 chars]161']
2025-02-06T20:36:41.2004152Z 
2025-02-06T20:36:41.2004265Z First differing element 40:
2025-02-06T20:36:41.2004523Z 'compat_integer_types'
2025-02-06T20:36:41.2004742Z 'compat_int'
2025-02-06T20:36:41.2004863Z 
2025-02-06T20:36:41.2004982Z Second list contains 1 additional elements.
2025-02-06T20:36:41.2005286Z First extra element 90:
2025-02-06T20:36:41.2005523Z 'workaround_optparse_bug9161'
2025-02-06T20:36:41.2005700Z 
2025-02-06T20:36:41.2005882Z Diff is 2556 characters long. Set self.maxDiff to None to see it.
2025-02-06T20:36:41.2006167Z 
2025-02-06T20:36:41.2006280Z ----------------------------------------
2025-02-06T20:36:41.2006565Z Ran 304 tests in 33.886s
2025-02-06T20:36:41.2006723Z 
2025-02-06T20:36:41.2006815Z FAILED (SKIP=24, failures=1)
2025-02-06T20:36:41.2007189Z [info] Writing test metadata as JSON to: test_infojson_cookies.info.json
2025-02-06T20:36:41.2007705Z [info] Writing test metadata as JSON to: test_infojson_cookies.info.json
2025-02-06T20:36:41.2008164Z [info] Writing test metadata as JSON to: test_infojson_cookies.info.json
2025-02-06T20:36:41.2008577Z [info] Writing test metadata as JSON to: test_infojson_cookies.info.json
2025-02-06T20:36:41.2008974Z [info] Writing test metadata as JSON to: test_infojson_cookies.info.json
2025-02-06T20:36:41.2009721Z [info] Writing test metadata as JSON to: test_infojson_cookies.info.json
2025-02-06T20:36:41.2010119Z [info] Writing test metadata as JSON to: test_infojson_cookies.info.json
2025-02-06T20:36:41.2010578Z Removing cache dir /home/runner/work/youtube-dl/youtube-dl/test/testdata/cache_test .
2025-02-06T20:36:41.2010951Z .
2025-02-06T20:36:41.2011092Z .
2025-02-06T20:36:41.2011313Z Discarding old cache from version 2021.12.17 (needs 2022.12.17)
2025-02-06T20:36:41.2011707Z [download] Writing temporary cookies file to "/tmp/tmpuxpqh5j7.cookies"
2025-02-06T20:36:41.2012125Z [download] Writing temporary cookies file to "/tmp/tmp97j0ffar.cookies"
2025-02-06T20:36:41.2530076Z ##[error]Process completed with exit code 1.
2025-02-06T20:36:41.2617831Z Post job cleanup.
2025-02-06T20:36:41.2662488Z Post job cleanup.
2025-02-06T20:36:41.3370308Z [command]/usr/bin/git version
2025-02-06T20:36:41.3401840Z git version 2.48.1
2025-02-06T20:36:41.3444136Z Temporarily overriding HOME='/home/runner/work/_temp/b73b5796-9897-40f3-9163-403804f87808' before making global git config changes
2025-02-06T20:36:41.3445460Z Adding repository directory to the temporary git global config as a safe directory
2025-02-06T20:36:41.3449103Z [command]/usr/bin/git config --global --add safe.directory /home/runner/work/youtube-dl/youtube-dl
2025-02-06T20:36:41.3478866Z [command]/usr/bin/git config --local --name-only --get-regexp core\.sshCommand
2025-02-06T20:36:41.3507830Z [command]/usr/bin/git submodule foreach --recursive sh -c "git config --local --name-only --get-regexp 'core\.sshCommand' && git config --local --unset-all 'core.sshCommand' || :"
2025-02-06T20:36:41.3723726Z [command]/usr/bin/git config --local --name-only --get-regexp http\.https\:\/\/github\.com\/\.extraheader
2025-02-06T20:36:41.3742396Z http.https://github.com/.extraheader
2025-02-06T20:36:41.3754204Z [command]/usr/bin/git config --local --unset-all http.https://github.com/.extraheader
2025-02-06T20:36:41.3782826Z [command]/usr/bin/git submodule foreach --recursive sh -c "git config --local --name-only --get-regexp 'http\.https\:\/\/github\.com\/\.extraheader' && git config --local --unset-all 'http.https://github.com/.extraheader' || :"
2025-02-06T20:36:41.4098428Z Cleaning up orphan processes
