2025-04-15T02:19:41.3727262Z Requested labels: windows-latest
2025-04-15T02:19:41.3727509Z Job defined at: menloresearch/jan/.github/workflows/template-build-windows-x64.yml@refs/heads/s/test/tauri
2025-04-15T02:19:41.3727729Z Reusable workflow chain:
2025-04-15T02:19:41.3727820Z menloresearch/jan/.github/workflows/jan-electron-build-nightly.yml@refs/heads/s/test/tauri (9bf247e05a6cfd09034c7b9dd5d214f6c1052df4)
2025-04-15T02:19:41.3727907Z -> menloresearch/jan/.github/workflows/template-build-windows-x64.yml@refs/heads/s/test/tauri (9bf247e05a6cfd09034c7b9dd5d214f6c1052df4)
2025-04-15T02:19:41.3727981Z Waiting for a runner to pick up this job...
2025-04-15T02:19:42.9004933Z Job is waiting for a hosted runner to come online.
2025-04-15T02:19:45.8149993Z Job is about to start running on the hosted runner: GitHub Actions 124 (hosted)
2025-04-15T02:19:48.5280524Z Current runner version: '2.323.0'
2025-04-15T02:19:48.5303825Z ##[group]Operating System
2025-04-15T02:19:48.5304660Z Microsoft Windows Server 2022
2025-04-15T02:19:48.5305324Z 10.0.20348
2025-04-15T02:19:48.5305830Z Datacenter
2025-04-15T02:19:48.5306669Z ##[endgroup]
2025-04-15T02:19:48.5307211Z ##[group]Runner Image
2025-04-15T02:19:48.5307828Z Image: windows-2022
2025-04-15T02:19:48.5308387Z Version: 20250406.1.0
2025-04-15T02:19:48.5309477Z Included Software: https://github.com/actions/runner-images/blob/win22/20250406.1/images/windows/Windows2022-Readme.md
2025-04-15T02:19:48.5310937Z Image Release: https://github.com/actions/runner-images/releases/tag/win22%2F20250406.1
2025-04-15T02:19:48.5311916Z ##[endgroup]
2025-04-15T02:19:48.5312468Z ##[group]Runner Image Provisioner
2025-04-15T02:19:48.5313131Z 2.0.422.1
2025-04-15T02:19:48.5313647Z ##[endgroup]
2025-04-15T02:19:48.5314908Z ##[group]GITHUB_TOKEN Permissions
2025-04-15T02:19:48.5317514Z Contents: write
2025-04-15T02:19:48.5318221Z Metadata: read
2025-04-15T02:19:48.5318779Z ##[endgroup]
2025-04-15T02:19:48.5321007Z Secret source: Actions
2025-04-15T02:19:48.5321907Z Prepare workflow directory
2025-04-15T02:19:48.5648287Z Prepare all required actions
2025-04-15T02:19:48.5685498Z Getting action download info
2025-04-15T02:19:48.7965954Z ##[group]Download immutable action package 'actions/checkout@v3'
2025-04-15T02:19:48.7967084Z Version: 3.6.0
2025-04-15T02:19:48.7968122Z Digest: sha256:942562b9c7d4b1f2557f1da21f4d3eb4eb4fd01f2ad78b2a6e187d1b193e0a0f
2025-04-15T02:19:48.7969417Z Source commit SHA: f43a0e5ff2bd294095638e18286ca9a3d1956744
2025-04-15T02:19:48.7970223Z ##[endgroup]
2025-04-15T02:19:48.9118103Z ##[group]Download immutable action package 'actions/setup-node@v1'
2025-04-15T02:19:48.9118975Z Version: 1.4.6
2025-04-15T02:19:48.9119732Z Digest: sha256:32f633f14a7cc5bd964877b7e6c6294e7ff72af250c1a637979f76a05f60ebef
2025-04-15T02:19:48.9120765Z Source commit SHA: f1f314fca9dfce2769ece7d933488f076716723e
2025-04-15T02:19:48.9121487Z ##[endgroup]
2025-04-15T02:19:49.0921940Z Download action repository 'dcarbone/install-jq-action@v2.0.1' (SHA:c1548c666da8422e8207a67fae0df364cf9ee7fe)
2025-04-15T02:19:49.2846528Z ##[group]Download immutable action package 'actions/upload-artifact@v4'
2025-04-15T02:19:49.2847336Z Version: 4.6.2
2025-04-15T02:19:49.2848035Z Digest: sha256:290722aa3281d5caf23d0acdc3dbeb3424786a1a01a9cc97e72f147225e37c38
2025-04-15T02:19:49.2848954Z Source commit SHA: ea165f8d65b6e75b540449e92b4886f43607fa02
2025-04-15T02:19:49.2849595Z ##[endgroup]
2025-04-15T02:19:49.7996815Z Uses: menloresearch/jan/.github/workflows/template-build-windows-x64.yml@refs/heads/s/test/tauri (9bf247e05a6cfd09034c7b9dd5d214f6c1052df4)
2025-04-15T02:19:49.7999753Z ##[group] Inputs
2025-04-15T02:19:49.8000362Z   public_provider: none
2025-04-15T02:19:49.8000940Z   ref: refs/heads/s/test/tauri
2025-04-15T02:19:49.8001535Z   new_version: 0.5.16-1267
2025-04-15T02:19:49.8002127Z   aws_s3_prefix: /latest/
2025-04-15T02:19:49.8003090Z   beta: false
2025-04-15T02:19:49.8003577Z   nightly: true
2025-04-15T02:19:49.8004077Z   cortex_api_port: 39261
2025-04-15T02:19:49.8004618Z ##[endgroup]
2025-04-15T02:19:49.8005210Z Complete job name: build-windows-x64 / build-windows-x64
2025-04-15T02:19:49.9075129Z ##[group]Run actions/checkout@v3
2025-04-15T02:19:49.9076271Z with:
2025-04-15T02:19:49.9076767Z   ref: refs/heads/s/test/tauri
2025-04-15T02:19:49.9077392Z   repository: menloresearch/jan
2025-04-15T02:19:49.9078215Z   token: ***
2025-04-15T02:19:49.9078705Z   ssh-strict: true
2025-04-15T02:19:49.9079221Z   persist-credentials: true
2025-04-15T02:19:49.9079763Z   clean: true
2025-04-15T02:19:49.9080246Z   sparse-checkout-cone-mode: true
2025-04-15T02:19:49.9080824Z   fetch-depth: 1
2025-04-15T02:19:49.9081312Z   fetch-tags: false
2025-04-15T02:19:49.9081791Z   lfs: false
2025-04-15T02:19:49.9082242Z   submodules: false
2025-04-15T02:19:49.9082747Z   set-safe-directory: true
2025-04-15T02:19:49.9083531Z ##[endgroup]
2025-04-15T02:19:50.2373967Z Syncing repository: menloresearch/jan
2025-04-15T02:19:50.2376607Z ##[group]Getting Git version info
2025-04-15T02:19:50.2377690Z Working directory is 'D:\a\jan\jan'
2025-04-15T02:19:50.4004779Z [command]"C:\Program Files\Git\bin\git.exe" version
2025-04-15T02:19:50.4385566Z git version 2.49.0.windows.1
2025-04-15T02:19:50.4536892Z ##[endgroup]
2025-04-15T02:19:50.4592709Z Temporarily overriding HOME='D:\a\_temp\69b9b5f7-163a-467b-9372-f541a640581c' before making global git config changes
2025-04-15T02:19:50.4595946Z Adding repository directory to the temporary git global config as a safe directory
2025-04-15T02:19:50.4600987Z [command]"C:\Program Files\Git\bin\git.exe" config --global --add safe.directory D:\a\jan\jan
2025-04-15T02:19:50.5155196Z Deleting the contents of 'D:\a\jan\jan'
2025-04-15T02:19:50.5161938Z ##[group]Initializing the repository
2025-04-15T02:19:50.5245909Z [command]"C:\Program Files\Git\bin\git.exe" init D:\a\jan\jan
2025-04-15T02:19:50.5736733Z Initialized empty Git repository in D:/a/jan/jan/.git/
2025-04-15T02:19:50.5786135Z [command]"C:\Program Files\Git\bin\git.exe" remote add origin https://github.com/menloresearch/jan
2025-04-15T02:19:50.6194839Z ##[endgroup]
2025-04-15T02:19:50.6198237Z ##[group]Disabling automatic garbage collection
2025-04-15T02:19:50.6202166Z [command]"C:\Program Files\Git\bin\git.exe" config --local gc.auto 0
2025-04-15T02:19:50.6445356Z ##[endgroup]
2025-04-15T02:19:50.6446845Z ##[group]Setting up auth
2025-04-15T02:19:50.6455816Z [command]"C:\Program Files\Git\bin\git.exe" config --local --name-only --get-regexp core\.sshCommand
2025-04-15T02:19:50.6696574Z [command]"C:\Program Files\Git\bin\git.exe" submodule foreach --recursive "sh -c \"git config --local --name-only --get-regexp 'core\.sshCommand' && git config --local --unset-all 'core.sshCommand' || :\""
2025-04-15T02:19:51.8165719Z [command]"C:\Program Files\Git\bin\git.exe" config --local --name-only --get-regexp http\.https\:\/\/github\.com\/\.extraheader
2025-04-15T02:19:51.8433772Z [command]"C:\Program Files\Git\bin\git.exe" submodule foreach --recursive "sh -c \"git config --local --name-only --get-regexp 'http\.https\:\/\/github\.com\/\.extraheader' && git config --local --unset-all 'http.https://github.com/.extraheader' || :\""
2025-04-15T02:19:52.2759266Z [command]"C:\Program Files\Git\bin\git.exe" config --local http.https://github.com/.extraheader "AUTHORIZATION: basic ***"
2025-04-15T02:19:52.3007917Z ##[endgroup]
2025-04-15T02:19:52.3008888Z ##[group]Fetching the repository
2025-04-15T02:19:52.3020683Z [command]"C:\Program Files\Git\bin\git.exe" -c protocol.version=2 fetch --no-tags --prune --progress --no-recurse-submodules --depth=1 origin +refs/heads/s/test/tauri:refs/remotes/origin/s/test/tauri
2025-04-15T02:19:53.0458778Z remote: Enumerating objects: 1590, done.        
2025-04-15T02:19:53.0459786Z remote: Counting objects:   0% (1/1590)        
2025-04-15T02:19:53.0461070Z remote: Counting objects:   1% (16/1590)        
2025-04-15T02:19:53.0462028Z remote: Counting objects:   2% (32/1590)        
2025-04-15T02:19:53.0462938Z remote: Counting objects:   3% (48/1590)        
2025-04-15T02:19:53.0463848Z remote: Counting objects:   4% (64/1590)        
2025-04-15T02:19:53.0466357Z remote: Counting objects:   5% (80/1590)        
2025-04-15T02:19:53.0466987Z remote: Counting objects:   6% (96/1590)        
2025-04-15T02:19:53.0467514Z remote: Counting objects:   7% (112/1590)        
2025-04-15T02:19:53.0468081Z remote: Counting objects:   8% (128/1590)        
2025-04-15T02:19:53.0468587Z remote: Counting objects:   9% (144/1590)        
2025-04-15T02:19:53.0469449Z remote: Counting objects:  10% (159/1590)        
2025-04-15T02:19:53.0470347Z remote: Counting objects:  11% (175/1590)        
2025-04-15T02:19:53.0471424Z remote: Counting objects:  12% (191/1590)        
2025-04-15T02:19:53.0472722Z remote: Counting objects:  13% (207/1590)        
2025-04-15T02:19:53.0473425Z remote: Counting objects:  14% (223/1590)        
2025-04-15T02:19:53.0474702Z remote: Counting objects:  15% (239/1590)        
2025-04-15T02:19:53.0475083Z remote: Counting objects:  16% (255/1590)        
2025-04-15T02:19:53.0475622Z remote: Counting objects:  17% (271/1590)        
2025-04-15T02:19:53.0476197Z remote: Counting objects:  18% (287/1590)        
2025-04-15T02:19:53.0476592Z remote: Counting objects:  19% (303/1590)        
2025-04-15T02:19:53.0476943Z remote: Counting objects:  20% (318/1590)        
2025-04-15T02:19:53.0477291Z remote: Counting objects:  21% (334/1590)        
2025-04-15T02:19:53.0477676Z remote: Counting objects:  22% (350/1590)        
2025-04-15T02:19:53.0478075Z remote: Counting objects:  23% (366/1590)        
2025-04-15T02:19:53.0478418Z remote: Counting objects:  24% (382/1590)        
2025-04-15T02:19:53.0478765Z remote: Counting objects:  25% (398/1590)        
2025-04-15T02:19:53.0479109Z remote: Counting objects:  26% (414/1590)        
2025-04-15T02:19:53.0479458Z remote: Counting objects:  27% (430/1590)        
2025-04-15T02:19:53.0479803Z remote: Counting objects:  28% (446/1590)        
2025-04-15T02:19:53.0480148Z remote: Counting objects:  29% (462/1590)        
2025-04-15T02:19:53.0480499Z remote: Counting objects:  30% (477/1590)        
2025-04-15T02:19:53.0480841Z remote: Counting objects:  31% (493/1590)        
2025-04-15T02:19:53.0481237Z remote: Counting objects:  32% (509/1590)        
2025-04-15T02:19:53.0481789Z remote: Counting objects:  33% (525/1590)        
2025-04-15T02:19:53.0482174Z remote: Counting objects:  34% (541/1590)        
2025-04-15T02:19:53.0482824Z remote: Counting objects:  35% (557/1590)        
2025-04-15T02:19:53.0483528Z remote: Counting objects:  36% (573/1590)        
2025-04-15T02:19:53.0484098Z remote: Counting objects:  37% (589/1590)        
2025-04-15T02:19:53.0484469Z remote: Counting objects:  38% (605/1590)        
2025-04-15T02:19:53.0484820Z remote: Counting objects:  39% (621/1590)        
2025-04-15T02:19:53.0485172Z remote: Counting objects:  40% (636/1590)        
2025-04-15T02:19:53.0485576Z remote: Counting objects:  41% (652/1590)        
2025-04-15T02:19:53.0485939Z remote: Counting objects:  42% (668/1590)        
2025-04-15T02:19:53.0486305Z remote: Counting objects:  43% (684/1590)        
2025-04-15T02:19:53.0486670Z remote: Counting objects:  44% (700/1590)        
2025-04-15T02:19:53.0487027Z remote: Counting objects:  45% (716/1590)        
2025-04-15T02:19:53.0487406Z remote: Counting objects:  46% (732/1590)        
2025-04-15T02:19:53.0487797Z remote: Counting objects:  47% (748/1590)        
2025-04-15T02:19:53.0488162Z remote: Counting objects:  48% (764/1590)        
2025-04-15T02:19:53.0488517Z remote: Counting objects:  49% (780/1590)        
2025-04-15T02:19:53.0488881Z remote: Counting objects:  50% (795/1590)        
2025-04-15T02:19:53.0489244Z remote: Counting objects:  51% (811/1590)        
2025-04-15T02:19:53.0489605Z remote: Counting objects:  52% (827/1590)        
2025-04-15T02:19:53.0490000Z remote: Counting objects:  53% (843/1590)        
2025-04-15T02:19:53.0490363Z remote: Counting objects:  54% (859/1590)        
2025-04-15T02:19:53.0490740Z remote: Counting objects:  55% (875/1590)        
2025-04-15T02:19:53.0491744Z remote: Counting objects:  56% (891/1590)        
2025-04-15T02:19:53.0492140Z remote: Counting objects:  57% (907/1590)        
2025-04-15T02:19:53.0492493Z remote: Counting objects:  58% (923/1590)        
2025-04-15T02:19:53.0492832Z remote: Counting objects:  59% (939/1590)        
2025-04-15T02:19:53.0493176Z remote: Counting objects:  60% (954/1590)        
2025-04-15T02:19:53.0493516Z remote: Counting objects:  61% (970/1590)        
2025-04-15T02:19:53.0493862Z remote: Counting objects:  62% (986/1590)        
2025-04-15T02:19:53.0494211Z remote: Counting objects:  63% (1002/1590)        
2025-04-15T02:19:53.0494566Z remote: Counting objects:  64% (1018/1590)        
2025-04-15T02:19:53.0494911Z remote: Counting objects:  65% (1034/1590)        
2025-04-15T02:19:53.0495616Z remote: Counting objects:  66% (1050/1590)        
2025-04-15T02:19:53.0495972Z remote: Counting objects:  67% (1066/1590)        
2025-04-15T02:19:53.0496324Z remote: Counting objects:  68% (1082/1590)        
2025-04-15T02:19:53.0496682Z remote: Counting objects:  69% (1098/1590)        
2025-04-15T02:19:53.0497034Z remote: Counting objects:  70% (1113/1590)        
2025-04-15T02:19:53.0497374Z remote: Counting objects:  71% (1129/1590)        
2025-04-15T02:19:53.0497713Z remote: Counting objects:  72% (1145/1590)        
2025-04-15T02:19:53.0498058Z remote: Counting objects:  73% (1161/1590)        
2025-04-15T02:19:53.0498395Z remote: Counting objects:  74% (1177/1590)        
2025-04-15T02:19:53.0498737Z remote: Counting objects:  75% (1193/1590)        
2025-04-15T02:19:53.0499072Z remote: Counting objects:  76% (1209/1590)        
2025-04-15T02:19:53.0499420Z remote: Counting objects:  77% (1225/1590)        
2025-04-15T02:19:53.0499755Z remote: Counting objects:  78% (1241/1590)        
2025-04-15T02:19:53.0500110Z remote: Counting objects:  79% (1257/1590)        
2025-04-15T02:19:53.0500449Z remote: Counting objects:  80% (1272/1590)        
2025-04-15T02:19:53.0500802Z remote: Counting objects:  81% (1288/1590)        
2025-04-15T02:19:53.0501145Z remote: Counting objects:  82% (1304/1590)        
2025-04-15T02:19:53.0501489Z remote: Counting objects:  83% (1320/1590)        
2025-04-15T02:19:53.0501828Z remote: Counting objects:  84% (1336/1590)        
2025-04-15T02:19:53.0502171Z remote: Counting objects:  85% (1352/1590)        
2025-04-15T02:19:53.0502508Z remote: Counting objects:  86% (1368/1590)        
2025-04-15T02:19:53.0502845Z remote: Counting objects:  87% (1384/1590)        
2025-04-15T02:19:53.0503183Z remote: Counting objects:  88% (1400/1590)        
2025-04-15T02:19:53.0503524Z remote: Counting objects:  89% (1416/1590)        
2025-04-15T02:19:53.0503861Z remote: Counting objects:  90% (1431/1590)        
2025-04-15T02:19:53.0504210Z remote: Counting objects:  91% (1447/1590)        
2025-04-15T02:19:53.0504555Z remote: Counting objects:  92% (1463/1590)        
2025-04-15T02:19:53.0504897Z remote: Counting objects:  93% (1479/1590)        
2025-04-15T02:19:53.0505241Z remote: Counting objects:  94% (1495/1590)        
2025-04-15T02:19:53.0505588Z remote: Counting objects:  95% (1511/1590)        
2025-04-15T02:19:53.0505931Z remote: Counting objects:  96% (1527/1590)        
2025-04-15T02:19:53.0506274Z remote: Counting objects:  97% (1543/1590)        
2025-04-15T02:19:53.0506614Z remote: Counting objects:  98% (1559/1590)        
2025-04-15T02:19:53.0506958Z remote: Counting objects:  99% (1575/1590)        
2025-04-15T02:19:53.0507300Z remote: Counting objects: 100% (1590/1590)        
2025-04-15T02:19:53.0507673Z remote: Counting objects: 100% (1590/1590), done.        
2025-04-15T02:19:53.0508091Z remote: Compressing objects:   0% (1/1388)        
2025-04-15T02:19:53.0644658Z remote: Compressing objects:   1% (14/1388)        
2025-04-15T02:19:53.0645382Z remote: Compressing objects:   2% (28/1388)        
2025-04-15T02:19:53.0645950Z remote: Compressing objects:   3% (42/1388)        
2025-04-15T02:19:53.0646474Z remote: Compressing objects:   4% (56/1388)        
2025-04-15T02:19:53.0647159Z remote: Compressing objects:   5% (70/1388)        
2025-04-15T02:19:53.0647677Z remote: Compressing objects:   6% (84/1388)        
2025-04-15T02:19:53.0811169Z remote: Compressing objects:   7% (98/1388)        
2025-04-15T02:19:53.0811943Z remote: Compressing objects:   8% (112/1388)        
2025-04-15T02:19:53.0812488Z remote: Compressing objects:   9% (125/1388)        
2025-04-15T02:19:53.0813014Z remote: Compressing objects:  10% (139/1388)        
2025-04-15T02:19:53.0813539Z remote: Compressing objects:  11% (153/1388)        
2025-04-15T02:19:53.0814050Z remote: Compressing objects:  12% (167/1388)        
2025-04-15T02:19:53.0814565Z remote: Compressing objects:  13% (181/1388)        
2025-04-15T02:19:53.0815278Z remote: Compressing objects:  14% (195/1388)        
2025-04-15T02:19:53.0815798Z remote: Compressing objects:  15% (209/1388)        
2025-04-15T02:19:53.0816309Z remote: Compressing objects:  16% (223/1388)        
2025-04-15T02:19:53.0816831Z remote: Compressing objects:  17% (236/1388)        
2025-04-15T02:19:53.0959092Z remote: Compressing objects:  18% (250/1388)        
2025-04-15T02:19:53.0959907Z remote: Compressing objects:  19% (264/1388)        
2025-04-15T02:19:53.0960464Z remote: Compressing objects:  20% (278/1388)        
2025-04-15T02:19:53.0960956Z remote: Compressing objects:  21% (292/1388)        
2025-04-15T02:19:53.0961429Z remote: Compressing objects:  22% (306/1388)        
2025-04-15T02:19:53.0961902Z remote: Compressing objects:  23% (320/1388)        
2025-04-15T02:19:53.0962363Z remote: Compressing objects:  24% (334/1388)        
2025-04-15T02:19:53.0962833Z remote: Compressing objects:  25% (347/1388)        
2025-04-15T02:19:53.0963349Z remote: Compressing objects:  26% (361/1388)        
2025-04-15T02:19:53.0963859Z remote: Compressing objects:  27% (375/1388)        
2025-04-15T02:19:53.0964330Z remote: Compressing objects:  28% (389/1388)        
2025-04-15T02:19:53.0964805Z remote: Compressing objects:  29% (403/1388)        
2025-04-15T02:19:53.0965270Z remote: Compressing objects:  30% (417/1388)        
2025-04-15T02:19:53.0965739Z remote: Compressing objects:  31% (431/1388)        
2025-04-15T02:19:53.0966200Z remote: Compressing objects:  32% (445/1388)        
2025-04-15T02:19:53.1114047Z remote: Compressing objects:  33% (459/1388)        
2025-04-15T02:19:53.1114745Z remote: Compressing objects:  34% (472/1388)        
2025-04-15T02:19:53.1115199Z remote: Compressing objects:  35% (486/1388)        
2025-04-15T02:19:53.1115639Z remote: Compressing objects:  36% (500/1388)        
2025-04-15T02:19:53.1116091Z remote: Compressing objects:  37% (514/1388)        
2025-04-15T02:19:53.1116529Z remote: Compressing objects:  38% (528/1388)        
2025-04-15T02:19:53.1116993Z remote: Compressing objects:  39% (542/1388)        
2025-04-15T02:19:53.1117435Z remote: Compressing objects:  40% (556/1388)        
2025-04-15T02:19:53.1117864Z remote: Compressing objects:  41% (570/1388)        
2025-04-15T02:19:53.1118298Z remote: Compressing objects:  42% (583/1388)        
2025-04-15T02:19:53.1118739Z remote: Compressing objects:  43% (597/1388)        
2025-04-15T02:19:53.1119170Z remote: Compressing objects:  44% (611/1388)        
2025-04-15T02:19:53.1119612Z remote: Compressing objects:  45% (625/1388)        
2025-04-15T02:19:53.1120043Z remote: Compressing objects:  46% (639/1388)        
2025-04-15T02:19:53.1120476Z remote: Compressing objects:  47% (653/1388)        
2025-04-15T02:19:53.1120903Z remote: Compressing objects:  48% (667/1388)        
2025-04-15T02:19:53.1121334Z remote: Compressing objects:  49% (681/1388)        
2025-04-15T02:19:53.1121762Z remote: Compressing objects:  50% (694/1388)        
2025-04-15T02:19:53.1269067Z remote: Compressing objects:  51% (708/1388)        
2025-04-15T02:19:53.1269670Z remote: Compressing objects:  52% (722/1388)        
2025-04-15T02:19:53.1270155Z remote: Compressing objects:  53% (736/1388)        
2025-04-15T02:19:53.1270961Z remote: Compressing objects:  54% (750/1388)        
2025-04-15T02:19:53.1271649Z remote: Compressing objects:  55% (764/1388)        
2025-04-15T02:19:53.1272162Z remote: Compressing objects:  56% (778/1388)        
2025-04-15T02:19:53.1272636Z remote: Compressing objects:  57% (792/1388)        
2025-04-15T02:19:53.1273110Z remote: Compressing objects:  58% (806/1388)        
2025-04-15T02:19:53.1273572Z remote: Compressing objects:  59% (819/1388)        
2025-04-15T02:19:53.1274030Z remote: Compressing objects:  60% (833/1388)        
2025-04-15T02:19:53.1274493Z remote: Compressing objects:  61% (847/1388)        
2025-04-15T02:19:53.1425951Z remote: Compressing objects:  62% (861/1388)        
2025-04-15T02:19:53.1426510Z remote: Compressing objects:  63% (875/1388)        
2025-04-15T02:19:53.1428110Z remote: Compressing objects:  64% (889/1388)        
2025-04-15T02:19:53.1428610Z remote: Compressing objects:  65% (903/1388)        
2025-04-15T02:19:53.3895480Z remote: Compressing objects:  66% (917/1388)        
2025-04-15T02:19:53.3896045Z remote: Compressing objects:  67% (930/1388)        
2025-04-15T02:19:53.3896469Z remote: Compressing objects:  68% (944/1388)        
2025-04-15T02:19:53.3896878Z remote: Compressing objects:  69% (958/1388)        
2025-04-15T02:19:53.3897273Z remote: Compressing objects:  70% (972/1388)        
2025-04-15T02:19:53.3897681Z remote: Compressing objects:  71% (986/1388)        
2025-04-15T02:19:53.5593442Z remote: Compressing objects:  72% (1000/1388)        
2025-04-15T02:19:53.5594233Z remote: Compressing objects:  73% (1014/1388)        
2025-04-15T02:19:53.5594941Z remote: Compressing objects:  74% (1028/1388)        
2025-04-15T02:19:53.5595676Z remote: Compressing objects:  75% (1041/1388)        
2025-04-15T02:19:53.5596225Z remote: Compressing objects:  76% (1055/1388)        
2025-04-15T02:19:53.5596740Z remote: Compressing objects:  77% (1069/1388)        
2025-04-15T02:19:53.5597242Z remote: Compressing objects:  78% (1083/1388)        
2025-04-15T02:19:53.5597789Z remote: Compressing objects:  79% (1097/1388)        
2025-04-15T02:19:53.5598304Z remote: Compressing objects:  80% (1111/1388)        
2025-04-15T02:19:53.5598842Z remote: Compressing objects:  81% (1125/1388)        
2025-04-15T02:19:53.5599359Z remote: Compressing objects:  82% (1139/1388)        
2025-04-15T02:19:53.5599868Z remote: Compressing objects:  83% (1153/1388)        
2025-04-15T02:19:53.5600370Z remote: Compressing objects:  84% (1166/1388)        
2025-04-15T02:19:53.5600881Z remote: Compressing objects:  85% (1180/1388)        
2025-04-15T02:19:53.5601380Z remote: Compressing objects:  86% (1194/1388)        
2025-04-15T02:19:53.5602178Z remote: Compressing objects:  87% (1208/1388)        
2025-04-15T02:19:53.5603025Z remote: Compressing objects:  88% (1222/1388)        
2025-04-15T02:19:53.5604149Z remote: Compressing objects:  89% (1236/1388)        
2025-04-15T02:19:53.5604848Z remote: Compressing objects:  90% (1250/1388)        
2025-04-15T02:19:53.5605578Z remote: Compressing objects:  91% (1264/1388)        
2025-04-15T02:19:53.5606133Z remote: Compressing objects:  92% (1277/1388)        
2025-04-15T02:19:53.5606937Z remote: Compressing objects:  93% (1291/1388)        
2025-04-15T02:19:53.5607745Z remote: Compressing objects:  94% (1305/1388)        
2025-04-15T02:19:53.5608461Z remote: Compressing objects:  95% (1319/1388)        
2025-04-15T02:19:53.5609142Z remote: Compressing objects:  96% (1333/1388)        
2025-04-15T02:19:53.5609818Z remote: Compressing objects:  97% (1347/1388)        
2025-04-15T02:19:53.5610492Z remote: Compressing objects:  98% (1361/1388)        
2025-04-15T02:19:53.5611000Z remote: Compressing objects:  99% (1375/1388)        
2025-04-15T02:19:53.5611489Z remote: Compressing objects: 100% (1388/1388)        
2025-04-15T02:19:53.5612074Z remote: Compressing objects: 100% (1388/1388), done.        
2025-04-15T02:19:53.6041212Z Receiving objects:   0% (1/1590)
2025-04-15T02:19:53.6048911Z Receiving objects:   1% (16/1590)
2025-04-15T02:19:53.6576492Z Receiving objects:   2% (32/1590)
2025-04-15T02:19:53.6578885Z Receiving objects:   3% (48/1590)
2025-04-15T02:19:53.6584741Z Receiving objects:   4% (64/1590)
2025-04-15T02:19:53.6592195Z Receiving objects:   5% (80/1590)
2025-04-15T02:19:53.6598649Z Receiving objects:   6% (96/1590)
2025-04-15T02:19:53.6602625Z Receiving objects:   7% (112/1590)
2025-04-15T02:19:53.6608111Z Receiving objects:   8% (128/1590)
2025-04-15T02:19:53.6612860Z Receiving objects:   9% (144/1590)
2025-04-15T02:19:53.6615289Z Receiving objects:  10% (159/1590)
2025-04-15T02:19:53.6617720Z Receiving objects:  11% (175/1590)
2025-04-15T02:19:53.6620977Z Receiving objects:  12% (191/1590)
2025-04-15T02:19:53.6625935Z Receiving objects:  13% (207/1590)
2025-04-15T02:19:53.7739505Z Receiving objects:  14% (223/1590)
2025-04-15T02:19:54.0894917Z Receiving objects:  15% (239/1590)
2025-04-15T02:19:54.5983753Z Receiving objects:  16% (255/1590)
2025-04-15T02:19:54.7748149Z Receiving objects:  16% (268/1590), 88.54 MiB | 88.54 MiB/s
2025-04-15T02:19:55.6779396Z Receiving objects:  17% (271/1590), 88.54 MiB | 88.54 MiB/s
2025-04-15T02:19:55.9006588Z Receiving objects:  17% (280/1590), 180.21 MiB | 90.10 MiB/s
2025-04-15T02:19:55.9663296Z Receiving objects:  18% (287/1590), 180.21 MiB | 90.10 MiB/s
2025-04-15T02:19:56.0946241Z Receiving objects:  19% (303/1590), 180.21 MiB | 90.10 MiB/s
2025-04-15T02:19:56.1083816Z Receiving objects:  20% (318/1590), 180.21 MiB | 90.10 MiB/s
2025-04-15T02:19:56.1088511Z Receiving objects:  21% (334/1590), 219.27 MiB | 87.71 MiB/s
2025-04-15T02:19:56.1097727Z Receiving objects:  22% (350/1590), 219.27 MiB | 87.71 MiB/s
2025-04-15T02:19:56.1103833Z Receiving objects:  23% (366/1590), 219.27 MiB | 87.71 MiB/s
2025-04-15T02:19:56.1107354Z Receiving objects:  24% (382/1590), 219.27 MiB | 87.71 MiB/s
2025-04-15T02:19:56.1254033Z Receiving objects:  25% (398/1590), 219.27 MiB | 87.71 MiB/s
2025-04-15T02:19:56.1260089Z Receiving objects:  26% (414/1590), 219.27 MiB | 87.71 MiB/s
2025-04-15T02:19:56.1264446Z Receiving objects:  27% (430/1590), 219.27 MiB | 87.71 MiB/s
2025-04-15T02:19:56.1269216Z Receiving objects:  28% (446/1590), 219.27 MiB | 87.71 MiB/s
2025-04-15T02:19:56.1444891Z Receiving objects:  29% (462/1590), 219.27 MiB | 87.71 MiB/s
2025-04-15T02:19:56.1448133Z Receiving objects:  30% (477/1590), 219.27 MiB | 87.71 MiB/s
2025-04-15T02:19:56.1452741Z Receiving objects:  31% (493/1590), 219.27 MiB | 87.71 MiB/s
2025-04-15T02:19:56.1457560Z Receiving objects:  32% (509/1590), 219.27 MiB | 87.71 MiB/s
2025-04-15T02:19:56.1935398Z Receiving objects:  33% (525/1590), 219.27 MiB | 87.71 MiB/s
2025-04-15T02:19:56.2446121Z Receiving objects:  34% (541/1590), 219.27 MiB | 87.71 MiB/s
2025-04-15T02:19:56.2800237Z Receiving objects:  35% (557/1590), 219.27 MiB | 87.71 MiB/s
2025-04-15T02:19:56.3194263Z Receiving objects:  36% (573/1590), 219.27 MiB | 87.71 MiB/s
2025-04-15T02:19:56.3298730Z Receiving objects:  37% (589/1590), 219.27 MiB | 87.71 MiB/s
2025-04-15T02:19:56.3304482Z Receiving objects:  38% (605/1590), 219.27 MiB | 87.71 MiB/s
2025-04-15T02:19:56.3309570Z Receiving objects:  39% (621/1590), 219.27 MiB | 87.71 MiB/s
2025-04-15T02:19:56.3455390Z Receiving objects:  40% (636/1590), 219.27 MiB | 87.71 MiB/s
2025-04-15T02:19:56.4583170Z Receiving objects:  41% (652/1590), 219.27 MiB | 87.71 MiB/s
2025-04-15T02:19:56.5514762Z Receiving objects:  42% (668/1590), 219.27 MiB | 87.71 MiB/s
2025-04-15T02:19:56.6191030Z Receiving objects:  43% (684/1590), 219.27 MiB | 87.71 MiB/s
2025-04-15T02:19:56.6195438Z Receiving objects:  43% (694/1590), 254.66 MiB | 84.88 MiB/s
2025-04-15T02:19:56.6200838Z Receiving objects:  44% (700/1590), 254.66 MiB | 84.88 MiB/s
2025-04-15T02:19:56.6235987Z Receiving objects:  45% (716/1590), 254.66 MiB | 84.88 MiB/s
2025-04-15T02:19:56.6260657Z Receiving objects:  46% (732/1590), 254.66 MiB | 84.88 MiB/s
2025-04-15T02:19:56.6275047Z Receiving objects:  47% (748/1590), 254.66 MiB | 84.88 MiB/s
2025-04-15T02:19:56.6277513Z Receiving objects:  48% (764/1590), 254.66 MiB | 84.88 MiB/s
2025-04-15T02:19:56.6280482Z Receiving objects:  49% (780/1590), 254.66 MiB | 84.88 MiB/s
2025-04-15T02:19:56.6282899Z Receiving objects:  50% (795/1590), 254.66 MiB | 84.88 MiB/s
2025-04-15T02:19:56.6285777Z Receiving objects:  51% (811/1590), 254.66 MiB | 84.88 MiB/s
2025-04-15T02:19:56.6288455Z Receiving objects:  52% (827/1590), 254.66 MiB | 84.88 MiB/s
2025-04-15T02:19:56.6292567Z Receiving objects:  53% (843/1590), 254.66 MiB | 84.88 MiB/s
2025-04-15T02:19:56.6294072Z Receiving objects:  54% (859/1590), 254.66 MiB | 84.88 MiB/s
2025-04-15T02:19:56.6301388Z Receiving objects:  55% (875/1590), 254.66 MiB | 84.88 MiB/s
2025-04-15T02:19:56.6330958Z Receiving objects:  56% (891/1590), 254.66 MiB | 84.88 MiB/s
2025-04-15T02:19:56.6334254Z Receiving objects:  57% (907/1590), 254.66 MiB | 84.88 MiB/s
2025-04-15T02:19:56.6338244Z Receiving objects:  58% (923/1590), 254.66 MiB | 84.88 MiB/s
2025-04-15T02:19:56.6341008Z Receiving objects:  59% (939/1590), 254.66 MiB | 84.88 MiB/s
2025-04-15T02:19:56.6344088Z Receiving objects:  60% (954/1590), 254.66 MiB | 84.88 MiB/s
2025-04-15T02:19:56.6348113Z Receiving objects:  61% (970/1590), 254.66 MiB | 84.88 MiB/s
2025-04-15T02:19:56.6362650Z Receiving objects:  62% (986/1590), 254.66 MiB | 84.88 MiB/s
2025-04-15T02:19:56.6371210Z Receiving objects:  63% (1002/1590), 254.66 MiB | 84.88 MiB/s
2025-04-15T02:19:56.6375689Z Receiving objects:  64% (1018/1590), 254.66 MiB | 84.88 MiB/s
2025-04-15T02:19:56.6380039Z Receiving objects:  65% (1034/1590), 254.66 MiB | 84.88 MiB/s
2025-04-15T02:19:56.6382100Z Receiving objects:  66% (1050/1590), 254.66 MiB | 84.88 MiB/s
2025-04-15T02:19:56.6385096Z Receiving objects:  67% (1066/1590), 254.66 MiB | 84.88 MiB/s
2025-04-15T02:19:56.6389221Z Receiving objects:  68% (1082/1590), 254.66 MiB | 84.88 MiB/s
2025-04-15T02:19:56.6395096Z Receiving objects:  69% (1098/1590), 254.66 MiB | 84.88 MiB/s
2025-04-15T02:19:56.6398295Z Receiving objects:  70% (1113/1590), 254.66 MiB | 84.88 MiB/s
2025-04-15T02:19:56.6403324Z Receiving objects:  71% (1129/1590), 254.66 MiB | 84.88 MiB/s
2025-04-15T02:19:56.6408987Z Receiving objects:  72% (1145/1590), 254.66 MiB | 84.88 MiB/s
2025-04-15T02:19:56.6414036Z Receiving objects:  73% (1161/1590), 254.66 MiB | 84.88 MiB/s
2025-04-15T02:19:56.6416976Z Receiving objects:  74% (1177/1590), 254.66 MiB | 84.88 MiB/s
2025-04-15T02:19:56.6420292Z Receiving objects:  75% (1193/1590), 254.66 MiB | 84.88 MiB/s
2025-04-15T02:19:56.6425479Z Receiving objects:  76% (1209/1590), 254.66 MiB | 84.88 MiB/s
2025-04-15T02:19:56.6429889Z Receiving objects:  77% (1225/1590), 254.66 MiB | 84.88 MiB/s
2025-04-15T02:19:56.6435646Z Receiving objects:  78% (1241/1590), 254.66 MiB | 84.88 MiB/s
2025-04-15T02:19:56.6440424Z Receiving objects:  79% (1257/1590), 254.66 MiB | 84.88 MiB/s
2025-04-15T02:19:56.6445719Z Receiving objects:  80% (1272/1590), 254.66 MiB | 84.88 MiB/s
2025-04-15T02:19:56.6775170Z Receiving objects:  81% (1288/1590), 254.66 MiB | 84.88 MiB/s
2025-04-15T02:19:56.7130121Z Receiving objects:  82% (1304/1590), 254.66 MiB | 84.88 MiB/s
2025-04-15T02:19:56.7188803Z Receiving objects:  83% (1320/1590), 254.66 MiB | 84.88 MiB/s
2025-04-15T02:19:56.7212377Z Receiving objects:  84% (1336/1590), 254.66 MiB | 84.88 MiB/s
2025-04-15T02:19:56.7218089Z Receiving objects:  85% (1352/1590), 254.66 MiB | 84.88 MiB/s
2025-04-15T02:19:56.7222136Z Receiving objects:  86% (1368/1590), 254.66 MiB | 84.88 MiB/s
2025-04-15T02:19:56.7226932Z Receiving objects:  87% (1384/1590), 254.66 MiB | 84.88 MiB/s
2025-04-15T02:19:56.7232063Z Receiving objects:  88% (1400/1590), 254.66 MiB | 84.88 MiB/s
2025-04-15T02:19:56.7236461Z Receiving objects:  89% (1416/1590), 254.66 MiB | 84.88 MiB/s
2025-04-15T02:19:56.7238808Z Receiving objects:  90% (1431/1590), 254.66 MiB | 84.88 MiB/s
2025-04-15T02:19:56.7245684Z Receiving objects:  91% (1447/1590), 254.66 MiB | 84.88 MiB/s
2025-04-15T02:19:56.7249441Z Receiving objects:  92% (1463/1590), 254.66 MiB | 84.88 MiB/s
2025-04-15T02:19:56.7253019Z Receiving objects:  93% (1479/1590), 254.66 MiB | 84.88 MiB/s
2025-04-15T02:19:56.7257246Z Receiving objects:  94% (1495/1590), 254.66 MiB | 84.88 MiB/s
2025-04-15T02:19:56.7262812Z Receiving objects:  95% (1511/1590), 254.66 MiB | 84.88 MiB/s
2025-04-15T02:19:56.7283276Z Receiving objects:  96% (1527/1590), 254.66 MiB | 84.88 MiB/s
2025-04-15T02:19:56.7289385Z Receiving objects:  97% (1543/1590), 254.66 MiB | 84.88 MiB/s
2025-04-15T02:19:56.7292575Z Receiving objects:  98% (1559/1590), 254.66 MiB | 84.88 MiB/s
2025-04-15T02:19:56.7349511Z Receiving objects:  99% (1575/1590), 254.66 MiB | 84.88 MiB/s
2025-04-15T02:19:56.7350303Z remote: Total 1590 (delta 119), reused 1038 (delta 64), pack-reused 0 (from 0)        
2025-04-15T02:19:56.7352613Z Receiving objects: 100% (1590/1590), 254.66 MiB | 84.88 MiB/s
2025-04-15T02:19:56.7353319Z Receiving objects: 100% (1590/1590), 264.73 MiB | 84.40 MiB/s, done.
2025-04-15T02:19:56.7362609Z Resolving deltas:   0% (0/119)
2025-04-15T02:19:56.7364449Z Resolving deltas:   1% (2/119)
2025-04-15T02:19:56.7365087Z Resolving deltas:   2% (3/119)
2025-04-15T02:19:56.7366477Z Resolving deltas:   3% (4/119)
2025-04-15T02:19:56.7367133Z Resolving deltas:   4% (5/119)
2025-04-15T02:19:56.7367549Z Resolving deltas:   5% (7/119)
2025-04-15T02:19:56.7371482Z Resolving deltas:   6% (8/119)
2025-04-15T02:19:56.7373932Z Resolving deltas:   8% (10/119)
2025-04-15T02:19:56.7376169Z Resolving deltas:   9% (11/119)
2025-04-15T02:19:56.7377364Z Resolving deltas:  10% (12/119)
2025-04-15T02:19:56.7385274Z Resolving deltas:  11% (14/119)
2025-04-15T02:19:56.7388411Z Resolving deltas:  13% (16/119)
2025-04-15T02:19:56.7388833Z Resolving deltas:  14% (17/119)
2025-04-15T02:19:56.7389447Z Resolving deltas:  15% (18/119)
2025-04-15T02:19:56.7391231Z Resolving deltas:  16% (20/119)
2025-04-15T02:19:56.7394845Z Resolving deltas:  17% (21/119)
2025-04-15T02:19:56.7395346Z Resolving deltas:  19% (23/119)
2025-04-15T02:19:56.7395761Z Resolving deltas:  20% (24/119)
2025-04-15T02:19:56.7401056Z Resolving deltas:  21% (25/119)
2025-04-15T02:19:56.7401513Z Resolving deltas:  22% (27/119)
2025-04-15T02:19:56.7402794Z Resolving deltas:  23% (28/119)
2025-04-15T02:19:56.7404638Z Resolving deltas:  24% (29/119)
2025-04-15T02:19:56.7405548Z Resolving deltas:  25% (30/119)
2025-04-15T02:19:56.7408006Z Resolving deltas:  26% (31/119)
2025-04-15T02:19:56.7408823Z Resolving deltas:  27% (33/119)
2025-04-15T02:19:56.7410256Z Resolving deltas:  28% (34/119)
2025-04-15T02:19:56.7410641Z Resolving deltas:  29% (35/119)
2025-04-15T02:19:56.7411007Z Resolving deltas:  30% (36/119)
2025-04-15T02:19:56.7411369Z Resolving deltas:  31% (37/119)
2025-04-15T02:19:56.7411713Z Resolving deltas:  32% (39/119)
2025-04-15T02:19:56.7412083Z Resolving deltas:  33% (40/119)
2025-04-15T02:19:56.7412442Z Resolving deltas:  34% (41/119)
2025-04-15T02:19:56.7412804Z Resolving deltas:  35% (42/119)
2025-04-15T02:19:56.7413163Z Resolving deltas:  36% (44/119)
2025-04-15T02:19:56.7413533Z Resolving deltas:  37% (45/119)
2025-04-15T02:19:56.7413895Z Resolving deltas:  38% (46/119)
2025-04-15T02:19:56.7414266Z Resolving deltas:  39% (47/119)
2025-04-15T02:19:56.7414631Z Resolving deltas:  40% (48/119)
2025-04-15T02:19:56.7414992Z Resolving deltas:  41% (49/119)
2025-04-15T02:19:56.7415349Z Resolving deltas:  42% (50/119)
2025-04-15T02:19:56.7415703Z Resolving deltas:  43% (52/119)
2025-04-15T02:19:56.7416044Z Resolving deltas:  45% (54/119)
2025-04-15T02:19:56.7416471Z Resolving deltas:  46% (55/119)
2025-04-15T02:19:56.7416829Z Resolving deltas:  47% (56/119)
2025-04-15T02:19:56.7417188Z Resolving deltas:  48% (58/119)
2025-04-15T02:19:56.7417545Z Resolving deltas:  49% (59/119)
2025-04-15T02:19:56.7417923Z Resolving deltas:  50% (60/119)
2025-04-15T02:19:56.7418293Z Resolving deltas:  51% (61/119)
2025-04-15T02:19:56.7418643Z Resolving deltas:  52% (62/119)
2025-04-15T02:19:56.7419005Z Resolving deltas:  53% (64/119)
2025-04-15T02:19:56.7419650Z Resolving deltas:  54% (65/119)
2025-04-15T02:19:56.7420043Z Resolving deltas:  55% (66/119)
2025-04-15T02:19:56.7420413Z Resolving deltas:  57% (68/119)
2025-04-15T02:19:56.7420790Z Resolving deltas:  58% (70/119)
2025-04-15T02:19:56.7421151Z Resolving deltas:  59% (71/119)
2025-04-15T02:19:56.7421384Z Resolving deltas:  60% (72/119)
2025-04-15T02:19:56.7421670Z Resolving deltas:  61% (73/119)
2025-04-15T02:19:56.7422240Z Resolving deltas:  62% (74/119)
2025-04-15T02:19:56.7422613Z Resolving deltas:  63% (75/119)
2025-04-15T02:19:56.7423014Z Resolving deltas:  64% (77/119)
2025-04-15T02:19:56.7423257Z Resolving deltas:  65% (78/119)
2025-04-15T02:19:56.7423500Z Resolving deltas:  66% (79/119)
2025-04-15T02:19:56.7423745Z Resolving deltas:  67% (80/119)
2025-04-15T02:19:56.7425111Z Resolving deltas:  68% (81/119)
2025-04-15T02:19:56.7425509Z Resolving deltas:  69% (83/119)
2025-04-15T02:19:56.7425922Z Resolving deltas:  70% (84/119)
2025-04-15T02:19:56.7426299Z Resolving deltas:  72% (86/119)
2025-04-15T02:19:56.7426739Z Resolving deltas:  73% (87/119)
2025-04-15T02:19:56.7427118Z Resolving deltas:  74% (89/119)
2025-04-15T02:19:56.7427495Z Resolving deltas:  75% (90/119)
2025-04-15T02:19:56.7427887Z Resolving deltas:  76% (91/119)
2025-04-15T02:19:56.7428272Z Resolving deltas:  77% (92/119)
2025-04-15T02:19:56.7428689Z Resolving deltas:  78% (93/119)
2025-04-15T02:19:56.7429102Z Resolving deltas:  79% (95/119)
2025-04-15T02:19:56.7429533Z Resolving deltas:  80% (96/119)
2025-04-15T02:19:56.7429927Z Resolving deltas:  81% (97/119)
2025-04-15T02:19:56.7430417Z Resolving deltas:  82% (98/119)
2025-04-15T02:19:56.7430733Z Resolving deltas:  83% (99/119)
2025-04-15T02:19:56.7430985Z Resolving deltas:  84% (100/119)
2025-04-15T02:19:56.7431225Z Resolving deltas:  85% (102/119)
2025-04-15T02:19:56.7431546Z Resolving deltas:  86% (103/119)
2025-04-15T02:19:56.7431965Z Resolving deltas:  87% (104/119)
2025-04-15T02:19:56.7432290Z Resolving deltas:  88% (105/119)
2025-04-15T02:19:56.7432523Z Resolving deltas:  89% (106/119)
2025-04-15T02:19:56.7432815Z Resolving deltas:  90% (108/119)
2025-04-15T02:19:56.7433150Z Resolving deltas:  91% (109/119)
2025-04-15T02:19:56.7433381Z Resolving deltas:  92% (110/119)
2025-04-15T02:19:56.7433614Z Resolving deltas:  93% (111/119)
2025-04-15T02:19:56.7433885Z Resolving deltas:  94% (112/119)
2025-04-15T02:19:56.7434301Z Resolving deltas:  96% (115/119)
2025-04-15T02:19:56.7434690Z Resolving deltas:  97% (116/119)
2025-04-15T02:19:56.7435095Z Resolving deltas:  98% (117/119)
2025-04-15T02:19:56.7435657Z Resolving deltas:  99% (118/119)
2025-04-15T02:19:56.7435996Z Resolving deltas: 100% (119/119)
2025-04-15T02:19:56.7436250Z Resolving deltas: 100% (119/119), done.
2025-04-15T02:19:57.0504349Z From https://github.com/menloresearch/jan
2025-04-15T02:19:57.0505143Z  * [new branch]      s/test/tauri -> origin/s/test/tauri
2025-04-15T02:19:57.0661306Z ##[endgroup]
2025-04-15T02:19:57.0661715Z ##[group]Determining the checkout info
2025-04-15T02:19:57.0664783Z ##[endgroup]
2025-04-15T02:19:57.0665200Z ##[group]Checking out the ref
2025-04-15T02:19:57.0675881Z [command]"C:\Program Files\Git\bin\git.exe" checkout --progress --force -B s/test/tauri refs/remotes/origin/s/test/tauri
2025-04-15T02:19:58.1166254Z Updating files:  18% (243/1291)
2025-04-15T02:19:58.1335288Z Updating files:  19% (246/1291)
2025-04-15T02:19:58.1789846Z Updating files:  20% (259/1291)
2025-04-15T02:19:58.1898888Z Updating files:  21% (272/1291)
2025-04-15T02:19:58.1902784Z Updating files:  22% (285/1291)
2025-04-15T02:19:58.1932944Z Updating files:  23% (297/1291)
2025-04-15T02:19:58.1955997Z Updating files:  24% (310/1291)
2025-04-15T02:19:58.2027105Z Updating files:  25% (323/1291)
2025-04-15T02:19:58.2051251Z Updating files:  26% (336/1291)
2025-04-15T02:19:58.2070640Z Updating files:  27% (349/1291)
2025-04-15T02:19:58.2096941Z Updating files:  28% (362/1291)
2025-04-15T02:19:58.2178771Z Updating files:  29% (375/1291)
2025-04-15T02:19:58.2204989Z Updating files:  30% (388/1291)
2025-04-15T02:19:58.2220497Z Updating files:  31% (401/1291)
2025-04-15T02:19:58.2250879Z Updating files:  32% (414/1291)
2025-04-15T02:19:58.2305899Z Updating files:  33% (427/1291)
2025-04-15T02:19:58.2472811Z Updating files:  34% (439/1291)
2025-04-15T02:19:58.2673898Z Updating files:  35% (452/1291)
2025-04-15T02:19:58.2830412Z Updating files:  36% (465/1291)
2025-04-15T02:19:58.2994521Z Updating files:  37% (478/1291)
2025-04-15T02:19:58.3167402Z Updating files:  38% (491/1291)
2025-04-15T02:19:58.3191379Z Updating files:  39% (504/1291)
2025-04-15T02:19:58.3211408Z Updating files:  40% (517/1291)
2025-04-15T02:19:58.3297978Z Updating files:  41% (530/1291)
2025-04-15T02:19:58.3352222Z Updating files:  42% (543/1291)
2025-04-15T02:19:58.4220665Z Updating files:  43% (556/1291)
2025-04-15T02:19:58.4437756Z Updating files:  44% (569/1291)
2025-04-15T02:19:58.4812839Z Updating files:  45% (581/1291)
2025-04-15T02:19:58.4833478Z Updating files:  46% (594/1291)
2025-04-15T02:19:58.4857741Z Updating files:  47% (607/1291)
2025-04-15T02:19:58.4914668Z Updating files:  48% (620/1291)
2025-04-15T02:19:58.4949671Z Updating files:  49% (633/1291)
2025-04-15T02:19:58.4967501Z Updating files:  50% (646/1291)
2025-04-15T02:19:58.4983782Z Updating files:  51% (659/1291)
2025-04-15T02:19:58.5004790Z Updating files:  52% (672/1291)
2025-04-15T02:19:58.5022917Z Updating files:  53% (685/1291)
2025-04-15T02:19:58.5042310Z Updating files:  54% (698/1291)
2025-04-15T02:19:58.5063372Z Updating files:  55% (711/1291)
2025-04-15T02:19:58.5087141Z Updating files:  56% (723/1291)
2025-04-15T02:19:58.5110355Z Updating files:  57% (736/1291)
2025-04-15T02:19:58.5131723Z Updating files:  58% (749/1291)
2025-04-15T02:19:58.5170370Z Updating files:  59% (762/1291)
2025-04-15T02:19:58.5191115Z Updating files:  60% (775/1291)
2025-04-15T02:19:58.5214525Z Updating files:  61% (788/1291)
2025-04-15T02:19:58.5233410Z Updating files:  62% (801/1291)
2025-04-15T02:19:58.5260111Z Updating files:  63% (814/1291)
2025-04-15T02:19:58.5287649Z Updating files:  64% (827/1291)
2025-04-15T02:19:58.5318975Z Updating files:  65% (840/1291)
2025-04-15T02:19:58.5339475Z Updating files:  66% (853/1291)
2025-04-15T02:19:58.5360664Z Updating files:  67% (865/1291)
2025-04-15T02:19:58.5385797Z Updating files:  68% (878/1291)
2025-04-15T02:19:58.5412042Z Updating files:  69% (891/1291)
2025-04-15T02:19:58.5438062Z Updating files:  70% (904/1291)
2025-04-15T02:19:58.5461874Z Updating files:  71% (917/1291)
2025-04-15T02:19:58.5485220Z Updating files:  72% (930/1291)
2025-04-15T02:19:58.5506856Z Updating files:  73% (943/1291)
2025-04-15T02:19:58.5528033Z Updating files:  74% (956/1291)
2025-04-15T02:19:58.5547633Z Updating files:  75% (969/1291)
2025-04-15T02:19:58.5568734Z Updating files:  76% (982/1291)
2025-04-15T02:19:58.5589770Z Updating files:  77% (995/1291)
2025-04-15T02:19:58.5610108Z Updating files:  78% (1007/1291)
2025-04-15T02:19:58.5628302Z Updating files:  79% (1020/1291)
2025-04-15T02:19:58.5648397Z Updating files:  80% (1033/1291)
2025-04-15T02:19:58.5666552Z Updating files:  81% (1046/1291)
2025-04-15T02:19:58.5760210Z Updating files:  82% (1059/1291)
2025-04-15T02:19:58.5903184Z Updating files:  83% (1072/1291)
2025-04-15T02:19:58.5994211Z Updating files:  84% (1085/1291)
2025-04-15T02:19:58.6029711Z Updating files:  85% (1098/1291)
2025-04-15T02:19:58.6062067Z Updating files:  86% (1111/1291)
2025-04-15T02:19:58.6085126Z Updating files:  87% (1124/1291)
2025-04-15T02:19:58.6109773Z Updating files:  88% (1137/1291)
2025-04-15T02:19:58.6134450Z Updating files:  89% (1149/1291)
2025-04-15T02:19:58.6162232Z Updating files:  90% (1162/1291)
2025-04-15T02:19:58.6192710Z Updating files:  91% (1175/1291)
2025-04-15T02:19:58.6231044Z Updating files:  92% (1188/1291)
2025-04-15T02:19:58.6252964Z Updating files:  93% (1201/1291)
2025-04-15T02:19:58.6273615Z Updating files:  94% (1214/1291)
2025-04-15T02:19:58.6299467Z Updating files:  95% (1227/1291)
2025-04-15T02:19:58.6319706Z Updating files:  96% (1240/1291)
2025-04-15T02:19:58.6337183Z Updating files:  97% (1253/1291)
2025-04-15T02:19:58.6352688Z Updating files:  98% (1266/1291)
2025-04-15T02:19:58.6409303Z Updating files:  99% (1279/1291)
2025-04-15T02:19:58.6410044Z Updating files: 100% (1291/1291)
2025-04-15T02:19:58.6410346Z Updating files: 100% (1291/1291), done.
2025-04-15T02:19:58.6537380Z branch 's/test/tauri' set up to track 'origin/s/test/tauri'.
2025-04-15T02:19:58.6542895Z Switched to a new branch 's/test/tauri'
2025-04-15T02:19:58.6795928Z ##[endgroup]
2025-04-15T02:19:58.7089341Z [command]"C:\Program Files\Git\bin\git.exe" log -1 --format='%H'
2025-04-15T02:19:58.7304486Z '9bf247e05a6cfd09034c7b9dd5d214f6c1052df4'
2025-04-15T02:19:58.7729933Z ##[group]Run rm -rf electron/icons/*
2025-04-15T02:19:58.7730555Z [36;1mrm -rf electron/icons/*[0m
2025-04-15T02:19:58.7730822Z [36;1m[0m
2025-04-15T02:19:58.7731189Z [36;1mcp electron/icons_dev/jan-nightly-512x512.png electron/icons/512x512.png[0m
2025-04-15T02:19:58.7731695Z [36;1mcp electron/icons_dev/jan-nightly.ico electron/icons/icon.ico[0m
2025-04-15T02:19:58.7732140Z [36;1mcp electron/icons_dev/jan-nightly.png electron/icons/icon.png[0m
2025-04-15T02:19:58.7732657Z [36;1mcp electron/icons_dev/jan-nightly-tray@2x.png electron/icons/icon-tray@2x.png[0m
2025-04-15T02:19:58.7733182Z [36;1mcp electron/icons_dev/jan-nightly-tray.png electron/icons/icon-tray.png[0m
2025-04-15T02:19:58.7749394Z shell: C:\Program Files\Git\bin\bash.EXE --noprofile --norc -e -o pipefail {0}
2025-04-15T02:19:58.7749826Z ##[endgroup]
2025-04-15T02:19:59.4504273Z ##[group]Run actions/setup-node@v1
2025-04-15T02:19:59.4504614Z with:
2025-04-15T02:19:59.4504802Z   node-version: 20
2025-04-15T02:19:59.4505013Z   always-auth: false
2025-04-15T02:19:59.4505253Z ##[endgroup]
2025-04-15T02:20:00.0046195Z [command]C:\hostedtoolcache\windows\node\20.19.0\x64\node.exe --version
2025-04-15T02:20:02.5787084Z v20.19.0
2025-04-15T02:20:02.5843150Z [command]C:\Windows\system32\cmd.exe /D /S /C "C:\hostedtoolcache\windows\node\20.19.0\x64\npm.cmd --version"
2025-04-15T02:20:10.7540374Z 10.8.2
2025-04-15T02:20:10.7879462Z ##[group]Run dcarbone/install-jq-action@v2.0.1
2025-04-15T02:20:10.7879823Z with:
2025-04-15T02:20:10.7879998Z   version: 1.7
2025-04-15T02:20:10.7880189Z   force: false
2025-04-15T02:20:10.7880367Z ##[endgroup]
2025-04-15T02:20:10.8056929Z ##[group]Run if (Get-Command "jq.exe" -ErrorAction SilentlyContinue)
2025-04-15T02:20:10.8057454Z [36;1mif (Get-Command "jq.exe" -ErrorAction SilentlyContinue)[0m
2025-04-15T02:20:10.8057871Z [36;1m{[0m
2025-04-15T02:20:10.8058214Z [36;1m    Add-Content $Env:GITHUB_OUTPUT "found=true"[0m
2025-04-15T02:20:10.8058551Z [36;1m}[0m
2025-04-15T02:20:10.8058828Z [36;1melse[0m
2025-04-15T02:20:10.8059081Z [36;1m{[0m
2025-04-15T02:20:10.8059398Z [36;1m    Add-Content $Env:GITHUB_OUTPUT "found=false"[0m
2025-04-15T02:20:10.8059753Z [36;1m}[0m
2025-04-15T02:20:10.8091126Z shell: C:\Windows\System32\WindowsPowerShell\v1.0\powershell.EXE -command ". '{0}'"
2025-04-15T02:20:10.8108750Z ##[endgroup]
2025-04-15T02:20:11.0544287Z ##[group]Run echo "Version: 0.5.16-1267"
2025-04-15T02:20:11.0544727Z [36;1mecho "Version: 0.5.16-1267"[0m
2025-04-15T02:20:11.0545068Z [36;1m# Update the version in electron/package.json[0m
2025-04-15T02:20:11.0545564Z [36;1mjq --arg version "0.5.16-1267" '.version = $version' electron/package.json > /tmp/package.json[0m
2025-04-15T02:20:11.0546019Z [36;1mmv /tmp/package.json electron/package.json[0m
2025-04-15T02:20:11.0546295Z [36;1m[0m
2025-04-15T02:20:11.0546638Z [36;1mjq --arg version "0.5.16-1267" '.version = $version' web/package.json > /tmp/package.json[0m
2025-04-15T02:20:11.0547074Z [36;1mmv /tmp/package.json web/package.json[0m
2025-04-15T02:20:11.0547355Z [36;1m[0m
2025-04-15T02:20:11.0548568Z [36;1mjq '.build.publish = [{"provider": "generic", "url": "https://delta.jan.ai/nightly", "channel": "latest"}, {"provider": "s3", "acl": null, "bucket": "***", "region": "***", "path": "temp-nightly", "channel": "latest"}]' electron/package.json > /tmp/package.json[0m
2025-04-15T02:20:11.0549415Z [36;1mmv /tmp/package.json electron/package.json[0m
2025-04-15T02:20:11.0549692Z [36;1m[0m
2025-04-15T02:20:11.0549993Z [36;1mjq '.build.win.sign = "./sign.js"' electron/package.json > /tmp/package.json[0m
2025-04-15T02:20:11.0550410Z [36;1mmv /tmp/package.json electron/package.json[0m
2025-04-15T02:20:11.0550704Z [36;1mcat electron/package.json[0m
2025-04-15T02:20:11.0550950Z [36;1m[0m
2025-04-15T02:20:11.0551166Z [36;1mchmod +x .github/scripts/rename-app.sh[0m
2025-04-15T02:20:11.0551560Z [36;1m.github/scripts/rename-app.sh ./electron/package.json nightly[0m
2025-04-15T02:20:11.0551969Z [36;1mchmod +x .github/scripts/rename-workspace.sh[0m
2025-04-15T02:20:11.0552560Z [36;1m.github/scripts/rename-workspace.sh ./package.json nightly[0m
2025-04-15T02:20:11.0552958Z [36;1mchmod +x .github/scripts/rename-uninstaller.sh[0m
2025-04-15T02:20:11.0553320Z [36;1m.github/scripts/rename-uninstaller.sh nightly[0m
2025-04-15T02:20:11.0553626Z [36;1mecho "------------------------"[0m
2025-04-15T02:20:11.0553903Z [36;1mcat ./electron/package.json[0m
2025-04-15T02:20:11.0554162Z [36;1mecho "------------------------"[0m
2025-04-15T02:20:11.0554431Z [36;1mcat ./package.json[0m
2025-04-15T02:20:11.0554668Z [36;1mecho "------------------------"[0m
2025-04-15T02:20:11.0566000Z shell: C:\Program Files\Git\bin\bash.EXE --noprofile --norc -e -o pipefail {0}
2025-04-15T02:20:11.0566406Z ##[endgroup]
2025-04-15T02:20:11.0860551Z Version: 0.5.16-1267
2025-04-15T02:20:12.2459210Z {
2025-04-15T02:20:12.2459679Z   "name": "jan",
2025-04-15T02:20:12.2460077Z   "version": "0.5.16-1267",
2025-04-15T02:20:12.2460561Z   "main": "./build/main.js",
2025-04-15T02:20:12.2461088Z   "author": "Jan <service@jan.ai>",
2025-04-15T02:20:12.2461518Z   "license": "MIT",
2025-04-15T02:20:12.2461881Z   "productName": "Jan",
2025-04-15T02:20:12.2462529Z   "homepage": "https://github.com/menloresearch/jan/tree/main/electron",
2025-04-15T02:20:12.2463767Z   "description": "Use offline LLMs with your own data. Run open source models like Llama2 or Falcon on your internal computers/servers.",
2025-04-15T02:20:12.2464716Z   "build": {
2025-04-15T02:20:12.2465059Z     "appId": "jan.ai.app",
2025-04-15T02:20:12.2465480Z     "productName": "Jan",
2025-04-15T02:20:12.2465861Z     "files": [
2025-04-15T02:20:12.2466195Z       "renderer/**/*",
2025-04-15T02:20:12.2466572Z       "build/**/*.{js,map}",
2025-04-15T02:20:12.2466966Z       "pre-install",
2025-04-15T02:20:12.2467312Z       "themes",
2025-04-15T02:20:12.2467665Z       "scripts/**/*",
2025-04-15T02:20:12.2468027Z       "icons/**/*",
2025-04-15T02:20:12.2468372Z       "themes",
2025-04-15T02:20:12.2468729Z       "shared"
2025-04-15T02:20:12.2469052Z     ],
2025-04-15T02:20:12.2469370Z     "asarUnpack": [
2025-04-15T02:20:12.2469741Z       "pre-install",
2025-04-15T02:20:12.2470089Z       "themes",
2025-04-15T02:20:12.2470408Z       "docs",
2025-04-15T02:20:12.2470725Z       "scripts",
2025-04-15T02:20:12.2473579Z       "icons",
2025-04-15T02:20:12.2474019Z       "themes",
2025-04-15T02:20:12.2474385Z       "shared"
2025-04-15T02:20:12.2474704Z     ],
2025-04-15T02:20:12.2475019Z     "publish": [
2025-04-15T02:20:12.2475362Z       {
2025-04-15T02:20:12.2475793Z         "provider": "generic",
2025-04-15T02:20:12.2476356Z         "url": "https://delta.jan.ai/nightly",
2025-04-15T02:20:12.2476879Z         "channel": "latest"
2025-04-15T02:20:12.2477277Z       },
2025-04-15T02:20:12.2477572Z       {
2025-04-15T02:20:12.2477891Z         "provider": "s3",
2025-04-15T02:20:12.2478276Z         "acl": null,
2025-04-15T02:20:12.2479033Z         "bucket": "***",
2025-04-15T02:20:12.2479577Z         "region": "***",
2025-04-15T02:20:12.2480019Z         "path": "temp-nightly",
2025-04-15T02:20:12.2480447Z         "channel": "latest"
2025-04-15T02:20:12.2480825Z       }
2025-04-15T02:20:12.2481103Z     ],
2025-04-15T02:20:12.2481419Z     "extends": null,
2025-04-15T02:20:12.2481834Z     "mac": {
2025-04-15T02:20:12.2482188Z       "type": "distribution",
2025-04-15T02:20:12.2482715Z       "entitlements": "./entitlements.mac.plist",
2025-04-15T02:20:12.2483170Z       "entitlementsInherit": "./entitlements.mac.plist",
2025-04-15T02:20:12.2483477Z       "notarize": {
2025-04-15T02:20:12.2483710Z         "teamId": "F8AH6NHVY5"
2025-04-15T02:20:12.2483926Z       },
2025-04-15T02:20:12.2484130Z       "icon": "icons/icon.png"
2025-04-15T02:20:12.2484342Z     },
2025-04-15T02:20:12.2484514Z     "linux": {
2025-04-15T02:20:12.2484708Z       "target": [
2025-04-15T02:20:12.2484898Z         "deb"
2025-04-15T02:20:12.2485069Z       ],
2025-04-15T02:20:12.2485463Z       "category": "Utility",
2025-04-15T02:20:12.2485690Z       "icon": "icons/"
2025-04-15T02:20:12.2485878Z     },
2025-04-15T02:20:12.2486125Z     "win": {
2025-04-15T02:20:12.2486494Z       "icon": "icons/icon.png",
2025-04-15T02:20:12.2486911Z       "target": [
2025-04-15T02:20:12.2487287Z         "nsis"
2025-04-15T02:20:12.2487617Z       ],
2025-04-15T02:20:12.2487936Z       "sign": "./sign.js"
2025-04-15T02:20:12.2488304Z     },
2025-04-15T02:20:12.2488598Z     "nsis": {
2025-04-15T02:20:12.2488930Z       "oneClick": true,
2025-04-15T02:20:12.2489595Z       "installerIcon": "icons/icon.ico",
2025-04-15T02:20:12.2490126Z       "uninstallerIcon": "icons/icon.ico",
2025-04-15T02:20:12.2490652Z       "include": "scripts/uninstaller.nsh",
2025-04-15T02:20:12.2491177Z       "deleteAppDataOnUninstall": true
2025-04-15T02:20:12.2491595Z     },
2025-04-15T02:20:12.2491895Z     "protocols": [
2025-04-15T02:20:12.2492231Z       {
2025-04-15T02:20:12.2492549Z         "name": "Jan",
2025-04-15T02:20:12.2492920Z         "schemes": [
2025-04-15T02:20:12.2493262Z           "jan"
2025-04-15T02:20:12.2493572Z         ]
2025-04-15T02:20:12.2493852Z       }
2025-04-15T02:20:12.2494133Z     ],
2025-04-15T02:20:12.2494583Z     "artifactName": "jan-${os}-${arch}-${version}.${ext}"
2025-04-15T02:20:12.2495068Z   },
2025-04-15T02:20:12.2495335Z   "scripts": {
2025-04-15T02:20:12.2495743Z     "lint": "eslint . --ext \".js,.jsx,.ts,.tsx\"",
2025-04-15T02:20:12.2496439Z     "test:e2e": "DEBUG=pw:browser xvfb-maybe -- playwright test --workers=1",
2025-04-15T02:20:12.2497428Z     "copy:assets": "rimraf --glob \"./pre-install/*.tgz\" && cpx \"../pre-install/*.tgz\" \"./pre-install\"",
2025-04-15T02:20:12.2498228Z     "version-patch": "run-script-os",
2025-04-15T02:20:12.2499561Z     "version-patch:darwin:linux": "jq '.version' package.json | tr -d '\"' > .version.bak && jq --arg ver \"0.1.$(date +%s)\" '.version = $ver' package.json > package.tmp && mv package.tmp package.json",
2025-04-15T02:20:12.2501626Z     "version-patch:win32": "node -e \"const fs=require('fs');const pkg=require('./package.json');const bak=pkg.version;fs.writeFileSync('.version.bak',bak);pkg.version='0.1.'+Math.floor(Date.now()/1000);fs.writeFileSync('package.json',JSON.stringify(pkg,null,2));\"",
2025-04-15T02:20:12.2503802Z     "version-restore": "run-script-os",
2025-04-15T02:20:12.2504860Z     "version-restore:darwin:linux": "jq --arg ver $(cat .version.bak) '.version = $ver' package.json > package.tmp && mv package.tmp package.json && rm .version.bak",
2025-04-15T02:20:12.2506078Z     "version-restore:win32": "node -e \"const fs=require('fs');const pkg=require('./package.json');const bak=fs.readFileSync('.version.bak','utf8');pkg.version=bak;fs.writeFileSync('package.json',JSON.stringify(pkg,null,2));\"",
2025-04-15T02:20:12.2507101Z     "dev:darwin:linux": "yarn copy:assets && tsc -p . && yarn version-patch && electron . && yarn version-restore",
2025-04-15T02:20:12.2507908Z     "dev:windows": "yarn copy:assets && tsc -p . && electron .",
2025-04-15T02:20:12.2508269Z     "dev": "run-script-os",
2025-04-15T02:20:12.2508506Z     "compile": "tsc -p .",
2025-04-15T02:20:12.2508729Z     "start": "electron .",
2025-04-15T02:20:12.2508999Z     "build": "yarn copy:assets && run-script-os",
2025-04-15T02:20:12.2509352Z     "build:test": "yarn copy:assets && run-script-os",
2025-04-15T02:20:12.2509780Z     "build:test:darwin": "tsc -p . && electron-builder -p never -m --dir",
2025-04-15T02:20:12.2510263Z     "build:test:win32": "tsc -p . && electron-builder -p never -w --dir",
2025-04-15T02:20:12.2511008Z     "build:test:linux": "tsc -p . && electron-builder -p never -l --dir",
2025-04-15T02:20:12.2511774Z     "build:darwin": "tsc -p . && electron-builder -p never -m --universal",
2025-04-15T02:20:12.2512496Z     "build:win32": "tsc -p . && electron-builder -p never -w",
2025-04-15T02:20:12.2513050Z     "build:linux": "tsc -p . && electron-builder -p never -l deb -l AppImage",
2025-04-15T02:20:12.2513473Z     "build:publish": "yarn copy:assets && run-script-os",
2025-04-15T02:20:12.2514072Z     "build:publish:darwin": "tsc -p . && electron-builder -p always -m --universal",
2025-04-15T02:20:12.2514555Z     "build:publish:win32": "tsc -p . && electron-builder -p always -w",
2025-04-15T02:20:12.2515053Z     "build:publish:linux": "tsc -p . && electron-builder -p always -l deb -l AppImage"
2025-04-15T02:20:12.2515424Z   },
2025-04-15T02:20:12.2515605Z   "dependencies": {
2025-04-15T02:20:12.2515836Z     "@alumna/reflect": "^1.1.3",
2025-04-15T02:20:12.2516101Z     "@janhq/core": "link:../core",
2025-04-15T02:20:12.2516382Z     "@janhq/server": "link:../server",
2025-04-15T02:20:12.2516692Z     "@kirillvakalov/nut-tree__nut-js": "4.2.1-2",
2025-04-15T02:20:12.2517050Z     "@npmcli/arborist": "^7.1.0",
2025-04-15T02:20:12.2517484Z     "electron-store": "^8.1.0",
2025-04-15T02:20:12.2517905Z     "electron-updater": "^6.1.7",
2025-04-15T02:20:12.2518233Z     "fs-extra": "^11.2.0",
2025-04-15T02:20:12.2518455Z     "pacote": "^21.0.0",
2025-04-15T02:20:12.2518677Z     "request": "^2.88.2",
2025-04-15T02:20:12.2518916Z     "request-progress": "^3.0.0",
2025-04-15T02:20:12.2519156Z     "ulidx": "^2.3.0"
2025-04-15T02:20:12.2519348Z   },
2025-04-15T02:20:12.2519585Z   "devDependencies": {
2025-04-15T02:20:12.2519827Z     "@electron/notarize": "^2.5.0",
2025-04-15T02:20:12.2520096Z     "@playwright/test": "^1.38.1",
2025-04-15T02:20:12.2520396Z     "@reportportal/agent-js-playwright": "^5.1.7",
2025-04-15T02:20:12.2520714Z     "@types/npmcli__arborist": "^5.6.4",
2025-04-15T02:20:12.2520979Z     "@types/pacote": "^11.1.7",
2025-04-15T02:20:12.2521232Z     "@types/request": "^2.48.12",
2025-04-15T02:20:12.2521518Z     "@typescript-eslint/eslint-plugin": "^6.7.3",
2025-04-15T02:20:12.2521835Z     "@typescript-eslint/parser": "^6.7.3",
2025-04-15T02:20:12.2522088Z     "electron": "30.0.6",
2025-04-15T02:20:12.2522327Z     "electron-builder": "^24.13.3",
2025-04-15T02:20:12.2522638Z     "electron-builder-squirrel-windows": "^24.13.3",
2025-04-15T02:20:12.2522980Z     "electron-devtools-installer": "^3.2.0",
2025-04-15T02:20:12.2523284Z     "electron-playwright-helpers": "^1.6.0",
2025-04-15T02:20:12.2523543Z     "eslint": "8.57.0",
2025-04-15T02:20:12.2523780Z     "eslint-plugin-react": "^7.34.0",
2025-04-15T02:20:12.2524139Z     "rimraf": "^5.0.5",
2025-04-15T02:20:12.2524393Z     "run-script-os": "^1.1.6",
2025-04-15T02:20:12.2524634Z     "typescript": "^5.3.3",
2025-04-15T02:20:12.2524854Z     "xvfb-maybe": "^0.2.1"
2025-04-15T02:20:12.2525058Z   },
2025-04-15T02:20:12.2525308Z   "installConfig": {
2025-04-15T02:20:12.2525737Z     "hoistingLimits": "workspaces"
2025-04-15T02:20:12.2526161Z   },
2025-04-15T02:20:12.2526517Z   "packageManager": "yarn@4.5.3"
2025-04-15T02:20:12.2526986Z }
2025-04-15T02:20:12.4098367Z {
2025-04-15T02:20:12.4098827Z   "name": "jan-nightly",
2025-04-15T02:20:12.4099408Z   "version": "0.5.16-1267",
2025-04-15T02:20:12.4100139Z   "main": "./build/main.js",
2025-04-15T02:20:12.4100525Z   "author": "Jan <service@jan.ai>",
2025-04-15T02:20:12.4100977Z   "license": "MIT",
2025-04-15T02:20:12.4101374Z   "productName": "Jan-nightly",
2025-04-15T02:20:12.4102072Z   "homepage": "https://github.com/menloresearch/jan/tree/main/electron",
2025-04-15T02:20:12.4102837Z   "description": "Use offline LLMs with your own data. Run open source models like Llama2 or Falcon on your internal computers/servers.",
2025-04-15T02:20:12.4103344Z   "build": {
2025-04-15T02:20:12.4103572Z     "appId": "jan-nightly.ai.app",
2025-04-15T02:20:12.4103855Z     "productName": "Jan-nightly",
2025-04-15T02:20:12.4104087Z     "files": [
2025-04-15T02:20:12.4104288Z       "renderer/**/*",
2025-04-15T02:20:12.4104505Z       "build/**/*.{js,map}",
2025-04-15T02:20:12.4104734Z       "pre-install",
2025-04-15T02:20:12.4104927Z       "themes",
2025-04-15T02:20:12.4105119Z       "scripts/**/*",
2025-04-15T02:20:12.4105311Z       "icons/**/*",
2025-04-15T02:20:12.4105502Z       "themes",
2025-04-15T02:20:12.4105892Z       "shared"
2025-04-15T02:20:12.4106068Z     ],
2025-04-15T02:20:12.4106251Z     "asarUnpack": [
2025-04-15T02:20:12.4106456Z       "pre-install",
2025-04-15T02:20:12.4106665Z       "themes",
2025-04-15T02:20:12.4106935Z       "docs",
2025-04-15T02:20:12.4107189Z       "scripts",
2025-04-15T02:20:12.4107390Z       "icons",
2025-04-15T02:20:12.4107570Z       "themes",
2025-04-15T02:20:12.4107739Z       "shared"
2025-04-15T02:20:12.4107913Z     ],
2025-04-15T02:20:12.4108081Z     "publish": [
2025-04-15T02:20:12.4108263Z       {
2025-04-15T02:20:12.4108470Z         "provider": "generic",
2025-04-15T02:20:12.4108767Z         "url": "https://delta.jan.ai/nightly",
2025-04-15T02:20:12.4109105Z         "channel": "latest"
2025-04-15T02:20:12.4109481Z       },
2025-04-15T02:20:12.4109735Z       {
2025-04-15T02:20:12.4109918Z         "provider": "s3",
2025-04-15T02:20:12.4110138Z         "acl": null,
2025-04-15T02:20:12.4110553Z         "bucket": "***",
2025-04-15T02:20:12.4110993Z         "region": "***",
2025-04-15T02:20:12.4111373Z         "path": "temp-nightly",
2025-04-15T02:20:12.4111724Z         "channel": "latest"
2025-04-15T02:20:12.4112036Z       }
2025-04-15T02:20:12.4112290Z     ],
2025-04-15T02:20:12.4112554Z     "extends": null,
2025-04-15T02:20:12.4112854Z     "mac": {
2025-04-15T02:20:12.4113165Z       "type": "distribution",
2025-04-15T02:20:12.4113637Z       "entitlements": "./entitlements.mac.plist",
2025-04-15T02:20:12.4114235Z       "entitlementsInherit": "./entitlements.mac.plist",
2025-04-15T02:20:12.4114737Z       "notarize": {
2025-04-15T02:20:12.4115099Z         "teamId": "F8AH6NHVY5"
2025-04-15T02:20:12.4115468Z       },
2025-04-15T02:20:12.4115780Z       "icon": "icons/icon.png"
2025-04-15T02:20:12.4116138Z     },
2025-04-15T02:20:12.4116402Z     "linux": {
2025-04-15T02:20:12.4116707Z       "target": [
2025-04-15T02:20:12.4117027Z         "deb"
2025-04-15T02:20:12.4117309Z       ],
2025-04-15T02:20:12.4117595Z       "category": "Utility",
2025-04-15T02:20:12.4118009Z       "icon": "icons/"
2025-04-15T02:20:12.4118350Z     },
2025-04-15T02:20:12.4118628Z     "win": {
2025-04-15T02:20:12.4118975Z       "icon": "icons/icon.png",
2025-04-15T02:20:12.4119359Z       "target": [
2025-04-15T02:20:12.4119688Z         "nsis"
2025-04-15T02:20:12.4119981Z       ],
2025-04-15T02:20:12.4120517Z       "sign": "./sign.js"
2025-04-15T02:20:12.4120879Z     },
2025-04-15T02:20:12.4121169Z     "nsis": {
2025-04-15T02:20:12.4121486Z       "oneClick": true,
2025-04-15T02:20:12.4121922Z       "installerIcon": "icons/icon.ico",
2025-04-15T02:20:12.4122451Z       "uninstallerIcon": "icons/icon.ico",
2025-04-15T02:20:12.4122993Z       "include": "scripts/uninstaller.nsh",
2025-04-15T02:20:12.4123528Z       "deleteAppDataOnUninstall": true
2025-04-15T02:20:12.4123963Z     },
2025-04-15T02:20:12.4124261Z     "protocols": [
2025-04-15T02:20:12.4124624Z       {
2025-04-15T02:20:12.4124957Z         "name": "Jan-nightly",
2025-04-15T02:20:12.4125354Z         "schemes": [
2025-04-15T02:20:12.4125705Z           "jan-nightly"
2025-04-15T02:20:12.4126040Z         ]
2025-04-15T02:20:12.4126327Z       }
2025-04-15T02:20:12.4126604Z     ],
2025-04-15T02:20:12.4127113Z     "artifactName": "jan-nightly-${os}-${arch}-${version}.${ext}"
2025-04-15T02:20:12.4127653Z   },
2025-04-15T02:20:12.4127963Z   "scripts": {
2025-04-15T02:20:12.4128243Z     "lint": "eslint . --ext \".js,.jsx,.ts,.tsx\"",
2025-04-15T02:20:12.4128671Z     "test:e2e": "DEBUG=pw:browser xvfb-maybe -- playwright test --workers=1",
2025-04-15T02:20:12.4129251Z     "copy:assets": "rimraf --glob \"./pre-install/*.tgz\" && cpx \"../pre-install/*.tgz\" \"./pre-install\"",
2025-04-15T02:20:12.4129717Z     "version-patch": "run-script-os",
2025-04-15T02:20:12.4130447Z     "version-patch:darwin:linux": "jq '.version' package.json | tr -d '\"' > .version.bak && jq --arg ver \"0.1.$(date +%s)\" '.version = $ver' package.json > package.tmp && mv package.tmp package.json",
2025-04-15T02:20:12.4131797Z     "version-patch:win32": "node -e \"const fs=require('fs');const pkg=require('./package.json');const bak=pkg.version;fs.writeFileSync('.version.bak',bak);pkg.version='0.1.'+Math.floor(Date.now()/1000);fs.writeFileSync('package.json',JSON.stringify(pkg,null,2));\"",
2025-04-15T02:20:12.4132998Z     "version-restore": "run-script-os",
2025-04-15T02:20:12.4133904Z     "version-restore:darwin:linux": "jq --arg ver $(cat .version.bak) '.version = $ver' package.json > package.tmp && mv package.tmp package.json && rm .version.bak",
2025-04-15T02:20:12.4135109Z     "version-restore:win32": "node -e \"const fs=require('fs');const pkg=require('./package.json');const bak=fs.readFileSync('.version.bak','utf8');pkg.version=bak;fs.writeFileSync('package.json',JSON.stringify(pkg,null,2));\"",
2025-04-15T02:20:12.4136249Z     "dev:darwin:linux": "yarn copy:assets && tsc -p . && yarn version-patch && electron . && yarn version-restore",
2025-04-15T02:20:12.4137250Z     "dev:windows": "yarn copy:assets && tsc -p . && electron .",
2025-04-15T02:20:12.4137792Z     "dev": "run-script-os",
2025-04-15T02:20:12.4138176Z     "compile": "tsc -p .",
2025-04-15T02:20:12.4138549Z     "start": "electron .",
2025-04-15T02:20:12.4138881Z     "build": "yarn copy:assets && run-script-os",
2025-04-15T02:20:12.4139227Z     "build:test": "yarn copy:assets && run-script-os",
2025-04-15T02:20:12.4139643Z     "build:test:darwin": "tsc -p . && electron-builder -p never -m --dir",
2025-04-15T02:20:12.4140100Z     "build:test:win32": "tsc -p . && electron-builder -p never -w --dir",
2025-04-15T02:20:12.4140547Z     "build:test:linux": "tsc -p . && electron-builder -p never -l --dir",
2025-04-15T02:20:12.4140990Z     "build:darwin": "tsc -p . && electron-builder -p never -m --universal",
2025-04-15T02:20:12.4141416Z     "build:win32": "tsc -p . && electron-builder -p never -w",
2025-04-15T02:20:12.4141848Z     "build:linux": "tsc -p . && electron-builder -p never -l deb -l AppImage",
2025-04-15T02:20:12.4142276Z     "build:publish": "yarn copy:assets && run-script-os",
2025-04-15T02:20:12.4142784Z     "build:publish:darwin": "tsc -p . && electron-builder -p always -m --universal",
2025-04-15T02:20:12.4143639Z     "build:publish:win32": "tsc -p . && electron-builder -p always -w",
2025-04-15T02:20:12.4145206Z     "build:publish:linux": "tsc -p . && electron-builder -p always -l deb -l AppImage"
2025-04-15T02:20:12.4145636Z   },
2025-04-15T02:20:12.4145816Z   "dependencies": {
2025-04-15T02:20:12.4146057Z     "@alumna/reflect": "^1.1.3",
2025-04-15T02:20:12.4146320Z     "@janhq/core": "link:../core",
2025-04-15T02:20:12.4146597Z     "@janhq/server": "link:../server",
2025-04-15T02:20:12.4146900Z     "@kirillvakalov/nut-tree__nut-js": "4.2.1-2",
2025-04-15T02:20:12.4147198Z     "@npmcli/arborist": "^7.1.0",
2025-04-15T02:20:12.4147457Z     "electron-store": "^8.1.0",
2025-04-15T02:20:12.4147718Z     "electron-updater": "^6.1.7",
2025-04-15T02:20:12.4147952Z     "fs-extra": "^11.2.0",
2025-04-15T02:20:12.4148170Z     "pacote": "^21.0.0",
2025-04-15T02:20:12.4148382Z     "request": "^2.88.2",
2025-04-15T02:20:12.4148614Z     "request-progress": "^3.0.0",
2025-04-15T02:20:12.4148848Z     "ulidx": "^2.3.0"
2025-04-15T02:20:12.4149036Z   },
2025-04-15T02:20:12.4149244Z   "devDependencies": {
2025-04-15T02:20:12.4149481Z     "@electron/notarize": "^2.5.0",
2025-04-15T02:20:12.4149754Z     "@playwright/test": "^1.38.1",
2025-04-15T02:20:12.4150055Z     "@reportportal/agent-js-playwright": "^5.1.7",
2025-04-15T02:20:12.4150374Z     "@types/npmcli__arborist": "^5.6.4",
2025-04-15T02:20:12.4150649Z     "@types/pacote": "^11.1.7",
2025-04-15T02:20:12.4150904Z     "@types/request": "^2.48.12",
2025-04-15T02:20:12.4151192Z     "@typescript-eslint/eslint-plugin": "^6.7.3",
2025-04-15T02:20:12.4151506Z     "@typescript-eslint/parser": "^6.7.3",
2025-04-15T02:20:12.4151769Z     "electron": "30.0.6",
2025-04-15T02:20:12.4152011Z     "electron-builder": "^24.13.3",
2025-04-15T02:20:12.4152326Z     "electron-builder-squirrel-windows": "^24.13.3",
2025-04-15T02:20:12.4153129Z     "electron-devtools-installer": "^3.2.0",
2025-04-15T02:20:12.4153446Z     "electron-playwright-helpers": "^1.6.0",
2025-04-15T02:20:12.4153718Z     "eslint": "8.57.0",
2025-04-15T02:20:12.4153980Z     "eslint-plugin-react": "^7.34.0",
2025-04-15T02:20:12.4154227Z     "rimraf": "^5.0.5",
2025-04-15T02:20:12.4154467Z     "run-script-os": "^1.1.6",
2025-04-15T02:20:12.4154701Z     "typescript": "^5.3.3",
2025-04-15T02:20:12.4154934Z     "xvfb-maybe": "^0.2.1"
2025-04-15T02:20:12.4155141Z   },
2025-04-15T02:20:12.4155322Z   "installConfig": {
2025-04-15T02:20:12.4155564Z     "hoistingLimits": "workspaces"
2025-04-15T02:20:12.4155796Z   },
2025-04-15T02:20:12.4155998Z   "packageManager": "yarn@4.5.3"
2025-04-15T02:20:12.4156286Z }
2025-04-15T02:20:12.4540014Z File has been updated: web/app/layout.tsx
2025-04-15T02:20:12.5030225Z File has been updated: ./package.json
2025-04-15T02:20:12.5662171Z File has been updated: electron/scripts/uninstaller.nsh
2025-04-15T02:20:12.5668902Z ------------------------
2025-04-15T02:20:12.5794040Z {
2025-04-15T02:20:12.5794599Z   "name": "jan-nightly",
2025-04-15T02:20:12.5795157Z   "version": "0.5.16-1267",
2025-04-15T02:20:12.5796234Z   "main": "./build/main.js",
2025-04-15T02:20:12.5796932Z   "author": "Jan <service@jan.ai>",
2025-04-15T02:20:12.5797583Z   "license": "MIT",
2025-04-15T02:20:12.5798077Z   "productName": "Jan-nightly",
2025-04-15T02:20:12.5798899Z   "homepage": "https://github.com/menloresearch/jan/tree/main/electron",
2025-04-15T02:20:12.5819854Z   "description": "Use offline LLMs with your own data. Run open source models like Llama2 or Falcon on your internal computers/servers.",
2025-04-15T02:20:12.5820827Z   "build": {
2025-04-15T02:20:12.5821234Z     "appId": "jan-nightly.ai.app",
2025-04-15T02:20:12.5821733Z     "productName": "Jan-nightly",
2025-04-15T02:20:12.5822149Z     "files": [
2025-04-15T02:20:12.5822534Z       "renderer/**/*",
2025-04-15T02:20:12.5822899Z       "build/**/*.{js,map}",
2025-04-15T02:20:12.5823281Z       "pre-install",
2025-04-15T02:20:12.5823627Z       "themes",
2025-04-15T02:20:12.5823930Z       "scripts/**/*",
2025-04-15T02:20:12.5824252Z       "icons/**/*",
2025-04-15T02:20:12.5824548Z       "themes",
2025-04-15T02:20:12.5824835Z       "shared"
2025-04-15T02:20:12.5825121Z     ],
2025-04-15T02:20:12.5825661Z     "asarUnpack": [
2025-04-15T02:20:12.5826012Z       "pre-install",
2025-04-15T02:20:12.5826327Z       "themes",
2025-04-15T02:20:12.5826637Z       "docs",
2025-04-15T02:20:12.5826929Z       "scripts",
2025-04-15T02:20:12.5827262Z       "icons",
2025-04-15T02:20:12.5827525Z       "themes",
2025-04-15T02:20:12.5827717Z       "shared"
2025-04-15T02:20:12.5827893Z     ],
2025-04-15T02:20:12.5828111Z     "publish": [
2025-04-15T02:20:12.5828295Z       {
2025-04-15T02:20:12.5828512Z         "provider": "generic",
2025-04-15T02:20:12.5828808Z         "url": "https://delta.jan.ai/nightly",
2025-04-15T02:20:12.5829111Z         "channel": "latest"
2025-04-15T02:20:12.5829335Z       },
2025-04-15T02:20:12.5829498Z       {
2025-04-15T02:20:12.5829685Z         "provider": "s3",
2025-04-15T02:20:12.5829902Z         "acl": null,
2025-04-15T02:20:12.5830600Z         "bucket": "***",
2025-04-15T02:20:12.5830893Z         "region": "***",
2025-04-15T02:20:12.5831156Z         "path": "temp-nightly",
2025-04-15T02:20:12.5831420Z         "channel": "latest"
2025-04-15T02:20:12.5831635Z       }
2025-04-15T02:20:12.5831799Z     ],
2025-04-15T02:20:12.5831979Z     "extends": null,
2025-04-15T02:20:12.5832175Z     "mac": {
2025-04-15T02:20:12.5832375Z       "type": "distribution",
2025-04-15T02:20:12.5832670Z       "entitlements": "./entitlements.mac.plist",
2025-04-15T02:20:12.5833055Z       "entitlementsInherit": "./entitlements.mac.plist",
2025-04-15T02:20:12.5833361Z       "notarize": {
2025-04-15T02:20:12.5833594Z         "teamId": "F8AH6NHVY5"
2025-04-15T02:20:12.5833814Z       },
2025-04-15T02:20:12.5834024Z       "icon": "icons/icon.png"
2025-04-15T02:20:12.5834435Z     },
2025-04-15T02:20:12.5834611Z     "linux": {
2025-04-15T02:20:12.5834791Z       "target": [
2025-04-15T02:20:12.5834985Z         "deb"
2025-04-15T02:20:12.5835156Z       ],
2025-04-15T02:20:12.5835346Z       "category": "Utility",
2025-04-15T02:20:12.5835571Z       "icon": "icons/"
2025-04-15T02:20:12.5835761Z     },
2025-04-15T02:20:12.5835925Z     "win": {
2025-04-15T02:20:12.5836133Z       "icon": "icons/icon.png",
2025-04-15T02:20:12.5836375Z       "target": [
2025-04-15T02:20:12.5836560Z         "nsis"
2025-04-15T02:20:12.5836739Z       ],
2025-04-15T02:20:12.5836918Z       "sign": "./sign.js"
2025-04-15T02:20:12.5837123Z     },
2025-04-15T02:20:12.5837407Z     "nsis": {
2025-04-15T02:20:12.5837732Z       "oneClick": true,
2025-04-15T02:20:12.5838011Z       "installerIcon": "icons/icon.ico",
2025-04-15T02:20:12.5838333Z       "uninstallerIcon": "icons/icon.ico",
2025-04-15T02:20:12.5838641Z       "include": "scripts/uninstaller.nsh",
2025-04-15T02:20:12.5838965Z       "deleteAppDataOnUninstall": true
2025-04-15T02:20:12.5839216Z     },
2025-04-15T02:20:12.5839402Z     "protocols": [
2025-04-15T02:20:12.5839603Z       {
2025-04-15T02:20:12.5839802Z         "name": "Jan-nightly",
2025-04-15T02:20:12.5840042Z         "schemes": [
2025-04-15T02:20:12.5840325Z           "jan-nightly"
2025-04-15T02:20:12.5840650Z         ]
2025-04-15T02:20:12.5840915Z       }
2025-04-15T02:20:12.5841180Z     ],
2025-04-15T02:20:12.5841663Z     "artifactName": "jan-nightly-${os}-${arch}-${version}.${ext}"
2025-04-15T02:20:12.5842189Z   },
2025-04-15T02:20:12.5842399Z   "scripts": {
2025-04-15T02:20:12.5842670Z     "lint": "eslint . --ext \".js,.jsx,.ts,.tsx\"",
2025-04-15T02:20:12.5843088Z     "test:e2e": "DEBUG=pw:browser xvfb-maybe -- playwright test --workers=1",
2025-04-15T02:20:12.5843669Z     "copy:assets": "rimraf --glob \"./pre-install/*.tgz\" && cpx \"../pre-install/*.tgz\" \"./pre-install\"",
2025-04-15T02:20:12.5844127Z     "version-patch": "run-script-os",
2025-04-15T02:20:12.5844872Z     "version-patch:darwin:linux": "jq '.version' package.json | tr -d '\"' > .version.bak && jq --arg ver \"0.1.$(date +%s)\" '.version = $ver' package.json > package.tmp && mv package.tmp package.json",
2025-04-15T02:20:12.5846380Z     "version-patch:win32": "node -e \"const fs=require('fs');const pkg=require('./package.json');const bak=pkg.version;fs.writeFileSync('.version.bak',bak);pkg.version='0.1.'+Math.floor(Date.now()/1000);fs.writeFileSync('package.json',JSON.stringify(pkg,null,2));\"",
2025-04-15T02:20:12.5847474Z     "version-restore": "run-script-os",
2025-04-15T02:20:12.5848479Z     "version-restore:darwin:linux": "jq --arg ver $(cat .version.bak) '.version = $ver' package.json > package.tmp && mv package.tmp package.json && rm .version.bak",
2025-04-15T02:20:12.5849694Z     "version-restore:win32": "node -e \"const fs=require('fs');const pkg=require('./package.json');const bak=fs.readFileSync('.version.bak','utf8');pkg.version=bak;fs.writeFileSync('package.json',JSON.stringify(pkg,null,2));\"",
2025-04-15T02:20:12.5850715Z     "dev:darwin:linux": "yarn copy:assets && tsc -p . && yarn version-patch && electron . && yarn version-restore",
2025-04-15T02:20:12.5851612Z     "dev:windows": "yarn copy:assets && tsc -p . && electron .",
2025-04-15T02:20:12.5852120Z     "dev": "run-script-os",
2025-04-15T02:20:12.5852493Z     "compile": "tsc -p .",
2025-04-15T02:20:12.5852865Z     "start": "electron .",
2025-04-15T02:20:12.5853314Z     "build": "yarn copy:assets && run-script-os",
2025-04-15T02:20:12.5853902Z     "build:test": "yarn copy:assets && run-script-os",
2025-04-15T02:20:12.5854626Z     "build:test:darwin": "tsc -p . && electron-builder -p never -m --dir",
2025-04-15T02:20:12.5855413Z     "build:test:win32": "tsc -p . && electron-builder -p never -w --dir",
2025-04-15T02:20:12.5856180Z     "build:test:linux": "tsc -p . && electron-builder -p never -l --dir",
2025-04-15T02:20:12.5856751Z     "build:darwin": "tsc -p . && electron-builder -p never -m --universal",
2025-04-15T02:20:12.5857424Z     "build:win32": "tsc -p . && electron-builder -p never -w",
2025-04-15T02:20:12.5857870Z     "build:linux": "tsc -p . && electron-builder -p never -l deb -l AppImage",
2025-04-15T02:20:12.5858289Z     "build:publish": "yarn copy:assets && run-script-os",
2025-04-15T02:20:12.5858742Z     "build:publish:darwin": "tsc -p . && electron-builder -p always -m --universal",
2025-04-15T02:20:12.5859226Z     "build:publish:win32": "tsc -p . && electron-builder -p always -w",
2025-04-15T02:20:12.5859719Z     "build:publish:linux": "tsc -p . && electron-builder -p always -l deb -l AppImage"
2025-04-15T02:20:12.5860074Z   },
2025-04-15T02:20:12.5860267Z   "dependencies": {
2025-04-15T02:20:12.5860499Z     "@alumna/reflect": "^1.1.3",
2025-04-15T02:20:12.5860767Z     "@janhq/core": "link:../core",
2025-04-15T02:20:12.5861040Z     "@janhq/server": "link:../server",
2025-04-15T02:20:12.5861356Z     "@kirillvakalov/nut-tree__nut-js": "4.2.1-2",
2025-04-15T02:20:12.5861654Z     "@npmcli/arborist": "^7.1.0",
2025-04-15T02:20:12.5861914Z     "electron-store": "^8.1.0",
2025-04-15T02:20:12.5862178Z     "electron-updater": "^6.1.7",
2025-04-15T02:20:12.5862422Z     "fs-extra": "^11.2.0",
2025-04-15T02:20:12.5862646Z     "pacote": "^21.0.0",
2025-04-15T02:20:12.5862859Z     "request": "^2.88.2",
2025-04-15T02:20:12.5863112Z     "request-progress": "^3.0.0",
2025-04-15T02:20:12.5863348Z     "ulidx": "^2.3.0"
2025-04-15T02:20:12.5863545Z   },
2025-04-15T02:20:12.5863722Z   "devDependencies": {
2025-04-15T02:20:12.5863966Z     "@electron/notarize": "^2.5.0",
2025-04-15T02:20:12.5864233Z     "@playwright/test": "^1.38.1",
2025-04-15T02:20:12.5864551Z     "@reportportal/agent-js-playwright": "^5.1.7",
2025-04-15T02:20:12.5864872Z     "@types/npmcli__arborist": "^5.6.4",
2025-04-15T02:20:12.5865160Z     "@types/pacote": "^11.1.7",
2025-04-15T02:20:12.5865415Z     "@types/request": "^2.48.12",
2025-04-15T02:20:12.5865715Z     "@typescript-eslint/eslint-plugin": "^6.7.3",
2025-04-15T02:20:12.5866033Z     "@typescript-eslint/parser": "^6.7.3",
2025-04-15T02:20:12.5866297Z     "electron": "30.0.6",
2025-04-15T02:20:12.5866536Z     "electron-builder": "^24.13.3",
2025-04-15T02:20:12.5866853Z     "electron-builder-squirrel-windows": "^24.13.3",
2025-04-15T02:20:12.5867292Z     "electron-devtools-installer": "^3.2.0",
2025-04-15T02:20:12.5867619Z     "electron-playwright-helpers": "^1.6.0",
2025-04-15T02:20:12.5867886Z     "eslint": "8.57.0",
2025-04-15T02:20:12.5868135Z     "eslint-plugin-react": "^7.34.0",
2025-04-15T02:20:12.5868383Z     "rimraf": "^5.0.5",
2025-04-15T02:20:12.5868612Z     "run-script-os": "^1.1.6",
2025-04-15T02:20:12.5868857Z     "typescript": "^5.3.3",
2025-04-15T02:20:12.5869084Z     "xvfb-maybe": "^0.2.1"
2025-04-15T02:20:12.5869299Z   },
2025-04-15T02:20:12.5869473Z   "installConfig": {
2025-04-15T02:20:12.5869717Z     "hoistingLimits": "workspaces"
2025-04-15T02:20:12.5869951Z   },
2025-04-15T02:20:12.5870156Z   "packageManager": "yarn@4.5.3"
2025-04-15T02:20:12.5870717Z }
2025-04-15T02:20:12.5871046Z ------------------------
2025-04-15T02:20:12.5940662Z {
2025-04-15T02:20:12.5941066Z   "name": "jan-app",
2025-04-15T02:20:12.5941459Z   "private": true,
2025-04-15T02:20:12.5941834Z   "workspaces": {
2025-04-15T02:20:12.5942173Z     "packages": [
2025-04-15T02:20:12.5942518Z       "joi",
2025-04-15T02:20:12.5942812Z       "core",
2025-04-15T02:20:12.5943126Z       "electron",
2025-04-15T02:20:12.5943438Z       "web",
2025-04-15T02:20:12.5943741Z       "server"
2025-04-15T02:20:12.5944037Z     ]
2025-04-15T02:20:12.5944314Z   },
2025-04-15T02:20:12.5944594Z   "scripts": {
2025-04-15T02:20:12.5945561Z     "lint": "yarn workspace jan-nightly lint && yarn workspace @janhq/web lint",
2025-04-15T02:20:12.5947255Z     "test:unit": "jest",
2025-04-15T02:20:12.5947779Z     "test:coverage": "jest --coverage",
2025-04-15T02:20:12.5948366Z     "test": "yarn workspace jan-nightly test:e2e",
2025-04-15T02:20:12.5949321Z     "test-local": "yarn lint && yarn build:test && yarn test",
2025-04-15T02:20:12.5950444Z     "copy:assets": "cpx \"pre-install/*.tgz\" \"electron/pre-install/\" && cpx \"themes/**\" \"electron/themes\"",
2025-04-15T02:20:12.5951450Z     "copy:assets:tauri": "cpx \"pre-install/*.tgz\" \"src-tauri/resources/pre-install/\" && cpx \"themes/**\" \"src-tauri/resources/themes\"",
2025-04-15T02:20:12.5952401Z     "dev:electron": "yarn copy:assets && yarn workspace jan-nightly dev",
2025-04-15T02:20:12.5953928Z     "dev:web:standalone": "concurrently \"yarn workspace @janhq/web dev\" \"wait-on http://localhost:3000 && rsync -av --prune-empty-dirs --include '*/' --include 'dist/***' --include 'package.json' --include 'tsconfig.json' --exclude '*' ./extensions/ web/.next/static/extensions/\"",
2025-04-15T02:20:12.5954944Z     "dev:web": "yarn workspace @janhq/web dev",
2025-04-15T02:20:12.5955299Z     "dev:server": "yarn workspace @janhq/server dev",
2025-04-15T02:20:12.5955872Z     "dev": "concurrently -n \"NEXT,ELECTRON\" -c \"yellow,blue\" --kill-others \"yarn dev:web\" \"yarn dev:electron\"",
2025-04-15T02:20:12.5956484Z     "install:cortex:linux:darwin": "cd src-tauri/binaries && ./download.sh",
2025-04-15T02:20:12.5956994Z     "install:cortex:win32": "cd src-tauri/binaries && download.bat",
2025-04-15T02:20:12.5957381Z     "install:cortex": "run-script-os",
2025-04-15T02:20:12.5957757Z     "dev:tauri": "yarn build:icon && yarn copy:assets:tauri && tauri dev",
2025-04-15T02:20:12.5958239Z     "build:tauri": "yarn build:icon && yarn copy:assets:tauri && yarn tauri build",
2025-04-15T02:20:12.5958675Z     "build:icon": "tauri icon ./src-tauri/icons/icon.png",
2025-04-15T02:20:12.5959027Z     "build:server": "cd server && yarn build",
2025-04-15T02:20:12.5959364Z     "build:core": "cd core && yarn build && yarn pack",
2025-04-15T02:20:12.5959851Z     "build:web": "yarn workspace @janhq/web build && cpx \"web/out/**\" \"electron/renderer/\"",
2025-04-15T02:20:12.5960377Z     "build:electron": "yarn copy:assets && yarn workspace jan-nightly build",
2025-04-15T02:20:12.5960849Z     "build:electron:test": "yarn workspace jan-nightly build:test",
2025-04-15T02:20:12.5963099Z     "build:extensions": "rimraf ./pre-install/*.tgz || true && yarn workspace @janhq/core build && cd extensions && yarn install && yarn workspaces foreach -Apt run build:publish",
2025-04-15T02:20:12.5964934Z     "build:test": "yarn copy:assets && yarn workspace @janhq/web build && cpx \"web/out/**\" \"electron/renderer/\" && yarn workspace jan-nightly build:test",
2025-04-15T02:20:12.5966082Z     "build": "yarn build:web && yarn build:tauri",
2025-04-15T02:20:12.5966976Z     "build:publish": "yarn copy:assets && yarn build:web && yarn workspace jan-nightly build:publish",
2025-04-15T02:20:12.5968042Z     "dev:joi": "yarn workspace @janhq/joi install && yarn workspace @janhq/joi dev",
2025-04-15T02:20:12.5968813Z     "build:joi": "yarn workspace @janhq/joi build",
2025-04-15T02:20:12.5969302Z     "prepare": "husky"
2025-04-15T02:20:12.5969632Z   },
2025-04-15T02:20:12.5969955Z   "devDependencies": {
2025-04-15T02:20:12.5970347Z     "@tauri-apps/cli": "^2.2.5",
2025-04-15T02:20:12.5970769Z     "concurrently": "^9.1.0",
2025-04-15T02:20:12.5971152Z     "cpx": "^1.5.0",
2025-04-15T02:20:12.5971492Z     "husky": "^9.1.5",
2025-04-15T02:20:12.5971813Z     "jest": "^29.7.0",
2025-04-15T02:20:12.5972219Z     "jest-environment-jsdom": "^29.7.0",
2025-04-15T02:20:12.5972672Z     "rimraf": "^3.0.2",
2025-04-15T02:20:12.5973046Z     "run-script-os": "^1.1.6",
2025-04-15T02:20:12.5973445Z     "wait-on": "^7.0.1"
2025-04-15T02:20:12.5973764Z   },
2025-04-15T02:20:12.5974071Z   "version": "0.0.0",
2025-04-15T02:20:12.5974424Z   "installConfig": {
2025-04-15T02:20:12.5974802Z     "hoistingLimits": "workspaces"
2025-04-15T02:20:12.5975169Z   },
2025-04-15T02:20:12.5975369Z   "resolutions": {
2025-04-15T02:20:12.5975582Z     "yallist": "4.0.0"
2025-04-15T02:20:12.5975779Z   },
2025-04-15T02:20:12.5975988Z   "packageManager": "yarn@4.5.3"
2025-04-15T02:20:12.5976397Z }
2025-04-15T02:20:12.5976608Z ------------------------
2025-04-15T02:20:12.6090824Z ##[group]Run dotnet tool install --global AzureSignTool
2025-04-15T02:20:12.6091519Z [36;1mdotnet tool install --global AzureSignTool[0m
2025-04-15T02:20:12.6123688Z shell: C:\Program Files\PowerShell\7\pwsh.EXE -command ". '{0}'"
2025-04-15T02:20:12.6124036Z ##[endgroup]
2025-04-15T02:21:05.6258837Z You can invoke the tool using the following command: azuresigntool
2025-04-15T02:21:05.6259834Z Tool 'azuresigntool' (version '6.0.1') was successfully installed.
2025-04-15T02:21:05.8265982Z ##[group]Run # check public_provider is true or not
2025-04-15T02:21:05.8266461Z [36;1m# check public_provider is true or not[0m
2025-04-15T02:21:05.8266796Z [36;1mecho "public_provider is none"[0m
2025-04-15T02:21:05.8267084Z [36;1mif [ "none" == "none" ]; then[0m
2025-04-15T02:21:05.8267346Z [36;1m  make build[0m
2025-04-15T02:21:05.8267558Z [36;1melse[0m
2025-04-15T02:21:05.8267781Z [36;1m  make build-and-publish[0m
2025-04-15T02:21:05.8268044Z [36;1mfi[0m
2025-04-15T02:21:05.8279454Z shell: C:\Program Files\Git\bin\bash.EXE --noprofile --norc -e -o pipefail {0}
2025-04-15T02:21:05.8279849Z env:
2025-04-15T02:21:05.8280252Z   AZURE_KEY_VAULT_URI: ***
2025-04-15T02:21:05.8280555Z   AZURE_CLIENT_ID: ***
2025-04-15T02:21:05.8280841Z   AZURE_TENANT_ID: ***
2025-04-15T02:21:05.8281256Z   AZURE_CLIENT_SECRET: ***
2025-04-15T02:21:05.8281512Z   AZURE_CERT_NAME: homebrewltd
2025-04-15T02:21:05.8281786Z   AWS_ACCESS_KEY_ID: ***
2025-04-15T02:21:05.8282189Z   AWS_SECRET_ACCESS_KEY: ***
2025-04-15T02:21:05.8282436Z   AWS_DEFAULT_REGION: auto
2025-04-15T02:21:05.8282686Z   AWS_EC2_METADATA_DISABLED: true
2025-04-15T02:21:05.8282937Z   AWS_MAX_ATTEMPTS: 5
2025-04-15T02:21:05.8283272Z   POSTHOG_KEY: ***
2025-04-15T02:21:05.8283522Z   POSTHOG_HOST: ***
2025-04-15T02:21:05.8283746Z   CORTEX_API_PORT: 39261
2025-04-15T02:21:05.8283962Z ##[endgroup]
2025-04-15T02:21:05.8568265Z public_provider is none
2025-04-15T02:21:06.1794782Z corepack enable
2025-04-15T02:21:07.0837020Z corepack prepare yarn@4.5.3 --activate
2025-04-15T02:21:07.1807158Z Preparing yarn@4.5.3 for immediate activation...
2025-04-15T02:21:08.2738085Z yarn --version
2025-04-15T02:21:08.6420203Z 4.5.3
2025-04-15T02:21:08.6711828Z yarn config set -H enableImmutableInstalls false
2025-04-15T02:21:08.9421987Z [94m➤[39m YN0000: Successfully set enableImmutableInstalls to [33mfalse[39m
2025-04-15T02:21:08.9573907Z echo "skip"
2025-04-15T02:21:08.9747527Z skip
2025-04-15T02:21:08.9760523Z yarn install
2025-04-15T02:21:09.4446899Z [94m➤[39m YN0000: · Yarn 4.5.3
2025-04-15T02:21:09.4490636Z [94m➤[39m [90mYN0000[39m: ┌ Project validation
2025-04-15T02:21:09.4492343Z ##[group]Project validation
2025-04-15T02:21:09.4494301Z [93m➤[39m YN0057: │ [38;5;166m@janhq/[39m[38;5;173mweb[39m: Resolutions field will be ignored
2025-04-15T02:21:09.4495571Z ##[endgroup]
2025-04-15T02:21:09.4496316Z [94m➤[39m [90mYN0000[39m: └ Completed
2025-04-15T02:21:09.4624883Z [94m➤[39m [90mYN0000[39m: ┌ Resolution step
2025-04-15T02:21:09.4625546Z ##[group]Resolution step
2025-04-15T02:21:10.8888065Z [94m➤[39m YN0085: │ [38;5;70m+[39m [38;5;166m@janhq/[39m[38;5;173mcore[39m[38;5;111m@[39m[38;5;111mlink:../core::locator=jan-nightly%40workspace%3Aelectron[39m, [38;5;166m@janhq/[39m[38;5;173mserver[39m[38;5;111m@[39m[38;5;111mlink:../server::locator=jan-nightly%40workspace%3Aelectron[39m, and [38;5;220m24[39m more.
2025-04-15T02:21:10.8891221Z [94m➤[39m YN0085: │ [38;5;160m-[39m [38;5;166m@janhq/[39m[38;5;173mcore[39m[38;5;111m@[39m[38;5;111mlink:../core::locator=jan%40workspace%3Aelectron[39m, [38;5;166m@janhq/[39m[38;5;173mserver[39m[38;5;111m@[39m[38;5;111mlink:../server::locator=jan%40workspace%3Aelectron[39m, [38;5;173mjan[39m[38;5;111m@[39m[38;5;111mworkspace:electron[39m
2025-04-15T02:21:10.9533371Z ##[endgroup]
2025-04-15T02:21:10.9535377Z [94m➤[39m [90mYN0000[39m: └ Completed in 1s 485ms
2025-04-15T02:21:10.9536746Z [94m➤[39m [90mYN0000[39m: ┌ Post-resolution validation
2025-04-15T02:21:10.9556544Z ##[group]Post-resolution validation
2025-04-15T02:21:10.9559768Z [93m➤[39m YN0060: │ [38;5;166m@types/[39m[38;5;173mreact[39m is listed by your project with version [38;5;111m18.3.18[39m ([38;5;111mp7e37c[39m), which doesn't satisfy what [38;5;166m@types/[39m[38;5;173mreact-dom[39m and other dependencies request ([38;5;37m^19.0.0[39m).
2025-04-15T02:21:10.9579360Z [93m➤[39m YN0002: │ [38;5;166m@janhq/[39m[38;5;173mjoi[39m[38;5;111m@[39m[38;5;111mworkspace:joi[39m doesn't provide [38;5;173mpostcss[39m ([38;5;111mpf0e0f[39m), requested by [38;5;173mautoprefixer[39m and other dependencies.
2025-04-15T02:21:10.9582678Z [93m➤[39m YN0002: │ [38;5;166m@janhq/[39m[38;5;173mserver[39m[38;5;111m@[39m[38;5;111mworkspace:server[39m doesn't provide [38;5;173meslint[39m ([38;5;111mp97e11[39m), requested by [38;5;166m@typescript-eslint/[39m[38;5;173meslint-plugin[39m and other dependencies.
2025-04-15T02:21:10.9585793Z [93m➤[39m YN0002: │ [38;5;166m@janhq/[39m[38;5;173mweb[39m[38;5;111m@[39m[38;5;111mworkspace:web[39m doesn't provide [38;5;166m@babel/[39m[38;5;173mcore[39m ([38;5;111mp54af4[39m), requested by [38;5;173mbabel-loader[39m and other dependencies.
2025-04-15T02:21:10.9588420Z [93m➤[39m YN0002: │ [38;5;166m@janhq/[39m[38;5;173mweb[39m[38;5;111m@[39m[38;5;111mworkspace:web[39m doesn't provide [38;5;166m@rrweb/[39m[38;5;173mtypes[39m ([38;5;111mp9c7ba[39m), requested by [38;5;173mposthog-js[39m.
2025-04-15T02:21:10.9590721Z [93m➤[39m YN0002: │ [38;5;166m@janhq/[39m[38;5;173mweb[39m[38;5;111m@[39m[38;5;111mworkspace:web[39m doesn't provide [38;5;173mjest[39m ([38;5;111mp7d887[39m), requested by [38;5;173mts-jest[39m.
2025-04-15T02:21:10.9594477Z [93m➤[39m YN0002: │ [38;5;166m@janhq/[39m[38;5;173mweb[39m[38;5;111m@[39m[38;5;111mworkspace:web[39m doesn't provide [38;5;173munified[39m ([38;5;111mp70c73[39m), requested by [38;5;173mrehype-highlight-code-lines[39m.
2025-04-15T02:21:10.9596679Z [93m➤[39m YN0002: │ [38;5;166m@janhq/[39m[38;5;173mweb[39m[38;5;111m@[39m[38;5;111mworkspace:web[39m doesn't provide [38;5;173mwebpack[39m ([38;5;111mpc1afe[39m), requested by [38;5;173mbabel-loader[39m.
2025-04-15T02:21:10.9598513Z [93m➤[39m YN0086: │ Some peer dependencies are incorrectly met by your project; run [38;5;111myarn explain peer-requirements <hash>[39m for details, where [38;5;111m<hash>[39m is the six-letter p-prefixed code.
2025-04-15T02:21:10.9600228Z [93m➤[39m YN0086: │ Some peer dependencies are incorrectly met by dependencies; run [38;5;111myarn explain peer-requirements[39m for details.
2025-04-15T02:21:10.9601047Z ##[endgroup]
2025-04-15T02:21:10.9601573Z [94m➤[39m [90mYN0000[39m: └ Completed
2025-04-15T02:21:10.9601983Z [94m➤[39m [90mYN0000[39m: ┌ Fetch step
2025-04-15T02:21:10.9602548Z ##[group]Fetch step
2025-04-15T02:21:36.7720835Z [94m➤[39m YN0013: │ [38;5;220m1829[39m packages were added to the project ([38;5;160m+ 932.31 MiB[39m).
2025-04-15T02:21:36.7722170Z ##[endgroup]
2025-04-15T02:21:36.7722903Z [94m➤[39m [90mYN0000[39m: └ Completed in 25s 822ms
2025-04-15T02:21:36.8703282Z [94m➤[39m [90mYN0000[39m: ┌ Link step
2025-04-15T02:21:36.8704343Z ##[group]Link step
2025-04-15T02:22:04.1191048Z [94m➤[39m YN0007: │ [38;5;173melectron[39m[38;5;111m@[39m[38;5;111mnpm:33.2.1[39m must be built because it never has been before or the last one failed
2025-04-15T02:22:04.1197937Z [94m➤[39m YN0007: │ [38;5;173melectron[39m[38;5;111m@[39m[38;5;111mnpm:30.0.6[39m must be built because it never has been before or the last one failed
2025-04-15T02:22:04.1205095Z [94m➤[39m YN0007: │ [38;5;173mmicrotime[39m[38;5;111m@[39m[38;5;111mnpm:3.1.1[39m must be built because it never has been before or the last one failed
2025-04-15T02:22:04.1208230Z [94m➤[39m YN0007: │ [38;5;166m@parcel/[39m[38;5;173mwatcher[39m[38;5;111m@[39m[38;5;111mnpm:2.5.1[39m must be built because it never has been before or the last one failed
2025-04-15T02:22:04.1210136Z [94m➤[39m YN0007: │ [38;5;173mcore-js[39m[38;5;111m@[39m[38;5;111mnpm:3.40.0[39m must be built because it never has been before or the last one failed
2025-04-15T02:22:04.1211390Z [94m➤[39m YN0007: │ [38;5;173mcore-js[39m[38;5;111m@[39m[38;5;111mnpm:2.6.12[39m must be built because it never has been before or the last one failed
2025-04-15T02:22:11.0223554Z ##[endgroup]
2025-04-15T02:22:11.0225578Z [94m➤[39m [90mYN0000[39m: └ Completed in 34s 154ms
2025-04-15T02:22:11.1838184Z [93m➤[39m YN0000: · Done with warnings in 1m 2s
2025-04-15T02:22:12.0527074Z yarn build:joi
2025-04-15T02:22:15.2007273Z [36m
2025-04-15T02:22:15.2008084Z [1m./src/index.ts[22m → [1mdist/esm/index.js[22m...[39m
2025-04-15T02:22:23.0870407Z [32mcreated [1mdist/esm/index.js[22m in [1m7.8s[22m[39m
2025-04-15T02:22:23.0871122Z [36m
2025-04-15T02:22:23.0871793Z [1mdist/esm/index.d.ts[22m → [1mdist/index.d.ts[22m...[39m
2025-04-15T02:22:23.1898912Z [32mcreated [1mdist/index.d.ts[22m in [1m103ms[22m[39m
2025-04-15T02:22:23.1899551Z Created bundle index.d.ts: 9.54 kB → 2.26 kB (gzip)
2025-04-15T02:22:23.2797309Z yarn build:core
2025-04-15T02:22:31.1752198Z [log] [2m<DIR>/[22m[32mdist/index.js.map  [39m[2masset[22m[2m │ size: 155.17 kB[22m
2025-04-15T02:22:31.1755507Z [log] [2m<DIR>/[22m[36mdist/index.js      [39m[2mchunk[22m[2m │ size:  61.37 kB[22m
2025-04-15T02:22:31.1758366Z [log] [2m<DIR>/[22m[32mdist/node/index.cjs.js.map  [39m[2masset[22m[2m │ size: 76.93 kB[22m
2025-04-15T02:22:31.1759766Z [log] [2m<DIR>/[22m[36mdist/node/index.cjs.js      [39m[2mchunk[22m[2m │ size: 37.72 kB[22m
2025-04-15T02:22:31.1760425Z [log]
2025-04-15T02:22:31.1760939Z [success] Finished in [1m109.73 ms[22m
2025-04-15T02:22:31.9297561Z [94m➤[39m [90mYN0000[39m: README.md
2025-04-15T02:22:31.9299117Z [94m➤[39m [90mYN0000[39m: dist/browser/core.js
2025-04-15T02:22:31.9299993Z [94m➤[39m [90mYN0000[39m: dist/browser/core.js.map
2025-04-15T02:22:31.9300760Z [94m➤[39m [90mYN0000[39m: dist/browser/events.js
2025-04-15T02:22:31.9301476Z [94m➤[39m [90mYN0000[39m: dist/browser/events.js.map
2025-04-15T02:22:31.9302479Z [94m➤[39m [90mYN0000[39m: dist/browser/extension.js
2025-04-15T02:22:31.9303885Z [94m➤[39m [90mYN0000[39m: dist/browser/extension.js.map
2025-04-15T02:22:31.9305536Z [94m➤[39m [90mYN0000[39m: dist/browser/extensions/assistant.js
2025-04-15T02:22:31.9307290Z [94m➤[39m [90mYN0000[39m: dist/browser/extensions/assistant.js.map
2025-04-15T02:22:31.9308278Z [94m➤[39m [90mYN0000[39m: dist/browser/extensions/conversational.js
2025-04-15T02:22:31.9309418Z [94m➤[39m [90mYN0000[39m: dist/browser/extensions/conversational.js.map
2025-04-15T02:22:31.9310357Z [94m➤[39m [90mYN0000[39m: dist/browser/extensions/engines/AIEngine.js
2025-04-15T02:22:31.9311524Z [94m➤[39m [90mYN0000[39m: dist/browser/extensions/engines/AIEngine.js.map
2025-04-15T02:22:31.9312604Z [94m➤[39m [90mYN0000[39m: dist/browser/extensions/engines/EngineManager.js
2025-04-15T02:22:31.9313288Z [94m➤[39m [90mYN0000[39m: dist/browser/extensions/engines/EngineManager.js.map
2025-04-15T02:22:31.9314355Z [94m➤[39m [90mYN0000[39m: dist/browser/extensions/engines/LocalOAIEngine.js
2025-04-15T02:22:31.9315415Z [94m➤[39m [90mYN0000[39m: dist/browser/extensions/engines/LocalOAIEngine.js.map
2025-04-15T02:22:31.9316312Z [94m➤[39m [90mYN0000[39m: dist/browser/extensions/engines/OAIEngine.js
2025-04-15T02:22:31.9317216Z [94m➤[39m [90mYN0000[39m: dist/browser/extensions/engines/OAIEngine.js.map
2025-04-15T02:22:31.9318201Z [94m➤[39m [90mYN0000[39m: dist/browser/extensions/engines/RemoteOAIEngine.js
2025-04-15T02:22:31.9319252Z [94m➤[39m [90mYN0000[39m: dist/browser/extensions/engines/RemoteOAIEngine.js.map
2025-04-15T02:22:31.9320457Z [94m➤[39m [90mYN0000[39m: dist/browser/extensions/engines/helpers/sse.js
2025-04-15T02:22:31.9321789Z [94m➤[39m [90mYN0000[39m: dist/browser/extensions/engines/helpers/sse.js.map
2025-04-15T02:22:31.9322408Z [94m➤[39m [90mYN0000[39m: dist/browser/extensions/engines/index.js
2025-04-15T02:22:31.9322962Z [94m➤[39m [90mYN0000[39m: dist/browser/extensions/engines/index.js.map
2025-04-15T02:22:31.9323728Z [94m➤[39m [90mYN0000[39m: dist/browser/extensions/enginesManagement.js
2025-04-15T02:22:31.9324683Z [94m➤[39m [90mYN0000[39m: dist/browser/extensions/enginesManagement.js.map
2025-04-15T02:22:31.9325895Z [94m➤[39m [90mYN0000[39m: dist/browser/extensions/hardwareManagement.js
2025-04-15T02:22:31.9327049Z [94m➤[39m [90mYN0000[39m: dist/browser/extensions/hardwareManagement.js.map
2025-04-15T02:22:31.9327935Z [94m➤[39m [90mYN0000[39m: dist/browser/extensions/index.js
2025-04-15T02:22:31.9328788Z [94m➤[39m [90mYN0000[39m: dist/browser/extensions/index.js.map
2025-04-15T02:22:31.9329597Z [94m➤[39m [90mYN0000[39m: dist/browser/extensions/inference.js
2025-04-15T02:22:31.9330436Z [94m➤[39m [90mYN0000[39m: dist/browser/extensions/inference.js.map
2025-04-15T02:22:31.9331235Z [94m➤[39m [90mYN0000[39m: dist/browser/extensions/model.js
2025-04-15T02:22:31.9332206Z [94m➤[39m [90mYN0000[39m: dist/browser/extensions/model.js.map
2025-04-15T02:22:31.9333105Z [94m➤[39m [90mYN0000[39m: dist/browser/fs.js
2025-04-15T02:22:31.9333829Z [94m➤[39m [90mYN0000[39m: dist/browser/fs.js.map
2025-04-15T02:22:31.9334569Z [94m➤[39m [90mYN0000[39m: dist/browser/index.js
2025-04-15T02:22:31.9335246Z [94m➤[39m [90mYN0000[39m: dist/browser/index.js.map
2025-04-15T02:22:31.9335985Z [94m➤[39m [90mYN0000[39m: dist/browser/models/index.js
2025-04-15T02:22:31.9337040Z [94m➤[39m [90mYN0000[39m: dist/browser/models/index.js.map
2025-04-15T02:22:31.9337861Z [94m➤[39m [90mYN0000[39m: dist/browser/models/manager.js
2025-04-15T02:22:31.9338883Z [94m➤[39m [90mYN0000[39m: dist/browser/models/manager.js.map
2025-04-15T02:22:31.9339704Z [94m➤[39m [90mYN0000[39m: dist/browser/models/utils.js
2025-04-15T02:22:31.9340469Z [94m➤[39m [90mYN0000[39m: dist/browser/models/utils.js.map
2025-04-15T02:22:31.9341146Z [94m➤[39m [90mYN0000[39m: dist/index.js
2025-04-15T02:22:31.9341779Z [94m➤[39m [90mYN0000[39m: dist/index.js.map
2025-04-15T02:22:31.9342463Z [94m➤[39m [90mYN0000[39m: dist/node/api/common/adapter.js
2025-04-15T02:22:31.9343212Z [94m➤[39m [90mYN0000[39m: dist/node/api/common/adapter.js.map
2025-04-15T02:22:31.9344190Z [94m➤[39m [90mYN0000[39m: dist/node/api/common/handler.js
2025-04-15T02:22:31.9345189Z [94m➤[39m [90mYN0000[39m: dist/node/api/common/handler.js.map
2025-04-15T02:22:31.9345904Z [94m➤[39m [90mYN0000[39m: dist/node/api/index.js
2025-04-15T02:22:31.9346555Z [94m➤[39m [90mYN0000[39m: dist/node/api/index.js.map
2025-04-15T02:22:31.9347292Z [94m➤[39m [90mYN0000[39m: dist/node/api/processors/Processor.js
2025-04-15T02:22:31.9348127Z [94m➤[39m [90mYN0000[39m: dist/node/api/processors/Processor.js.map
2025-04-15T02:22:31.9348910Z [94m➤[39m [90mYN0000[39m: dist/node/api/processors/app.js
2025-04-15T02:22:31.9349475Z [94m➤[39m [90mYN0000[39m: dist/node/api/processors/app.js.map
2025-04-15T02:22:31.9350002Z [94m➤[39m [90mYN0000[39m: dist/node/api/processors/extension.js
2025-04-15T02:22:31.9350817Z [94m➤[39m [90mYN0000[39m: dist/node/api/processors/extension.js.map
2025-04-15T02:22:31.9351371Z [94m➤[39m [90mYN0000[39m: dist/node/api/processors/fs.js
2025-04-15T02:22:31.9351867Z [94m➤[39m [90mYN0000[39m: dist/node/api/processors/fs.js.map
2025-04-15T02:22:31.9352385Z [94m➤[39m [90mYN0000[39m: dist/node/api/processors/fsExt.js
2025-04-15T02:22:31.9353222Z [94m➤[39m [90mYN0000[39m: dist/node/api/processors/fsExt.js.map
2025-04-15T02:22:31.9353882Z [94m➤[39m [90mYN0000[39m: dist/node/extension/extension.js
2025-04-15T02:22:31.9354370Z [94m➤[39m [90mYN0000[39m: dist/node/extension/extension.js.map
2025-04-15T02:22:31.9355035Z [94m➤[39m [90mYN0000[39m: dist/node/extension/index.js
2025-04-15T02:22:31.9355496Z [94m➤[39m [90mYN0000[39m: dist/node/extension/index.js.map
2025-04-15T02:22:31.9355956Z [94m➤[39m [90mYN0000[39m: dist/node/extension/manager.js
2025-04-15T02:22:31.9356421Z [94m➤[39m [90mYN0000[39m: dist/node/extension/manager.js.map
2025-04-15T02:22:31.9356878Z [94m➤[39m [90mYN0000[39m: dist/node/extension/store.js
2025-04-15T02:22:31.9357328Z [94m➤[39m [90mYN0000[39m: dist/node/extension/store.js.map
2025-04-15T02:22:31.9357874Z [94m➤[39m [90mYN0000[39m: dist/node/helper/config.js
2025-04-15T02:22:31.9358336Z [94m➤[39m [90mYN0000[39m: dist/node/helper/config.js.map
2025-04-15T02:22:31.9358772Z [94m➤[39m [90mYN0000[39m: dist/node/helper/index.js
2025-04-15T02:22:31.9359207Z [94m➤[39m [90mYN0000[39m: dist/node/helper/index.js.map
2025-04-15T02:22:31.9359645Z [94m➤[39m [90mYN0000[39m: dist/node/helper/logger.js
2025-04-15T02:22:31.9360097Z [94m➤[39m [90mYN0000[39m: dist/node/helper/logger.js.map
2025-04-15T02:22:31.9360522Z [94m➤[39m [90mYN0000[39m: dist/node/helper/module.js
2025-04-15T02:22:31.9360954Z [94m➤[39m [90mYN0000[39m: dist/node/helper/module.js.map
2025-04-15T02:22:31.9361386Z [94m➤[39m [90mYN0000[39m: dist/node/helper/path.js
2025-04-15T02:22:31.9361875Z [94m➤[39m [90mYN0000[39m: dist/node/helper/path.js.map
2025-04-15T02:22:31.9362312Z [94m➤[39m [90mYN0000[39m: dist/node/helper/resource.js
2025-04-15T02:22:31.9362769Z [94m➤[39m [90mYN0000[39m: dist/node/helper/resource.js.map
2025-04-15T02:22:31.9363203Z [94m➤[39m [90mYN0000[39m: dist/node/index.cjs.js
2025-04-15T02:22:31.9363613Z [94m➤[39m [90mYN0000[39m: dist/node/index.cjs.js.map
2025-04-15T02:22:31.9364018Z [94m➤[39m [90mYN0000[39m: dist/node/index.js
2025-04-15T02:22:31.9364411Z [94m➤[39m [90mYN0000[39m: dist/node/index.js.map
2025-04-15T02:22:31.9364819Z [94m➤[39m [90mYN0000[39m: dist/types/api/index.js
2025-04-15T02:22:31.9365250Z [94m➤[39m [90mYN0000[39m: dist/types/api/index.js.map
2025-04-15T02:22:31.9365736Z [94m➤[39m [90mYN0000[39m: dist/types/assistant/assistantEntity.js
2025-04-15T02:22:31.9366263Z [94m➤[39m [90mYN0000[39m: dist/types/assistant/assistantEntity.js.map
2025-04-15T02:22:31.9366789Z [94m➤[39m [90mYN0000[39m: dist/types/assistant/assistantEvent.js
2025-04-15T02:22:31.9367312Z [94m➤[39m [90mYN0000[39m: dist/types/assistant/assistantEvent.js.map
2025-04-15T02:22:31.9367850Z [94m➤[39m [90mYN0000[39m: dist/types/assistant/assistantInterface.js
2025-04-15T02:22:31.9368403Z [94m➤[39m [90mYN0000[39m: dist/types/assistant/assistantInterface.js.map
2025-04-15T02:22:31.9368902Z [94m➤[39m [90mYN0000[39m: dist/types/assistant/index.js
2025-04-15T02:22:31.9369363Z [94m➤[39m [90mYN0000[39m: dist/types/assistant/index.js.map
2025-04-15T02:22:31.9369810Z [94m➤[39m [90mYN0000[39m: dist/types/browser/core.d.ts
2025-04-15T02:22:31.9370258Z [94m➤[39m [90mYN0000[39m: dist/types/browser/events.d.ts
2025-04-15T02:22:31.9370727Z [94m➤[39m [90mYN0000[39m: dist/types/browser/extension.d.ts
2025-04-15T02:22:31.9371497Z [94m➤[39m [90mYN0000[39m: dist/types/browser/extensions/assistant.d.ts
2025-04-15T02:22:31.9372675Z [94m➤[39m [90mYN0000[39m: dist/types/browser/extensions/conversational.d.ts
2025-04-15T02:22:31.9373714Z [94m➤[39m [90mYN0000[39m: dist/types/browser/extensions/engines/AIEngine.d.ts
2025-04-15T02:22:31.9374574Z [94m➤[39m [90mYN0000[39m: dist/types/browser/extensions/engines/EngineManager.d.ts
2025-04-15T02:22:31.9375257Z [94m➤[39m [90mYN0000[39m: dist/types/browser/extensions/engines/LocalOAIEngine.d.ts
2025-04-15T02:22:31.9375899Z [94m➤[39m [90mYN0000[39m: dist/types/browser/extensions/engines/OAIEngine.d.ts
2025-04-15T02:22:31.9376533Z [94m➤[39m [90mYN0000[39m: dist/types/browser/extensions/engines/RemoteOAIEngine.d.ts
2025-04-15T02:22:31.9377174Z [94m➤[39m [90mYN0000[39m: dist/types/browser/extensions/engines/helpers/sse.d.ts
2025-04-15T02:22:31.9378346Z [94m➤[39m [90mYN0000[39m: dist/types/browser/extensions/engines/index.d.ts
2025-04-15T02:22:31.9378949Z [94m➤[39m [90mYN0000[39m: dist/types/browser/extensions/enginesManagement.d.ts
2025-04-15T02:22:31.9379570Z [94m➤[39m [90mYN0000[39m: dist/types/browser/extensions/hardwareManagement.d.ts
2025-04-15T02:22:31.9380132Z [94m➤[39m [90mYN0000[39m: dist/types/browser/extensions/index.d.ts
2025-04-15T02:22:31.9380670Z [94m➤[39m [90mYN0000[39m: dist/types/browser/extensions/inference.d.ts
2025-04-15T02:22:31.9382111Z [94m➤[39m [90mYN0000[39m: dist/types/browser/extensions/model.d.ts
2025-04-15T02:22:31.9382664Z [94m➤[39m [90mYN0000[39m: dist/types/browser/fs.d.ts
2025-04-15T02:22:31.9383452Z [94m➤[39m [90mYN0000[39m: dist/types/browser/index.d.ts
2025-04-15T02:22:31.9384172Z [94m➤[39m [90mYN0000[39m: dist/types/browser/models/index.d.ts
2025-04-15T02:22:31.9384685Z [94m➤[39m [90mYN0000[39m: dist/types/browser/models/manager.d.ts
2025-04-15T02:22:31.9385186Z [94m➤[39m [90mYN0000[39m: dist/types/browser/models/utils.d.ts
2025-04-15T02:22:31.9385677Z [94m➤[39m [90mYN0000[39m: dist/types/config/appConfigEntity.js
2025-04-15T02:22:31.9386182Z [94m➤[39m [90mYN0000[39m: dist/types/config/appConfigEntity.js.map
2025-04-15T02:22:31.9386699Z [94m➤[39m [90mYN0000[39m: dist/types/config/appConfigEvent.js
2025-04-15T02:22:31.9387196Z [94m➤[39m [90mYN0000[39m: dist/types/config/appConfigEvent.js.map
2025-04-15T02:22:31.9387673Z [94m➤[39m [90mYN0000[39m: dist/types/config/index.js
2025-04-15T02:22:31.9388125Z [94m➤[39m [90mYN0000[39m: dist/types/config/index.js.map
2025-04-15T02:22:31.9388556Z [94m➤[39m [90mYN0000[39m: dist/types/engine/index.js
2025-04-15T02:22:31.9389224Z [94m➤[39m [90mYN0000[39m: dist/types/engine/index.js.map
2025-04-15T02:22:31.9389905Z [94m➤[39m [90mYN0000[39m: dist/types/file/index.js
2025-04-15T02:22:31.9390340Z [94m➤[39m [90mYN0000[39m: dist/types/file/index.js.map
2025-04-15T02:22:31.9390779Z [94m➤[39m [90mYN0000[39m: dist/types/hardware/index.js
2025-04-15T02:22:31.9391238Z [94m➤[39m [90mYN0000[39m: dist/types/hardware/index.js.map
2025-04-15T02:22:31.9391745Z [94m➤[39m [90mYN0000[39m: dist/types/huggingface/huggingfaceEntity.js
2025-04-15T02:22:31.9392320Z [94m➤[39m [90mYN0000[39m: dist/types/huggingface/huggingfaceEntity.js.map
2025-04-15T02:22:31.9392842Z [94m➤[39m [90mYN0000[39m: dist/types/huggingface/index.js
2025-04-15T02:22:31.9393323Z [94m➤[39m [90mYN0000[39m: dist/types/huggingface/index.js.map
2025-04-15T02:22:31.9393766Z [94m➤[39m [90mYN0000[39m: dist/types/index.d.ts
2025-04-15T02:22:31.9394162Z [94m➤[39m [90mYN0000[39m: dist/types/index.js
2025-04-15T02:22:31.9394574Z [94m➤[39m [90mYN0000[39m: dist/types/index.js.map
2025-04-15T02:22:31.9395435Z [94m➤[39m [90mYN0000[39m: dist/types/inference/index.js
2025-04-15T02:22:31.9395958Z [94m➤[39m [90mYN0000[39m: dist/types/inference/index.js.map
2025-04-15T02:22:31.9396463Z [94m➤[39m [90mYN0000[39m: dist/types/inference/inferenceEntity.js
2025-04-15T02:22:31.9397003Z [94m➤[39m [90mYN0000[39m: dist/types/inference/inferenceEntity.js.map
2025-04-15T02:22:31.9397532Z [94m➤[39m [90mYN0000[39m: dist/types/inference/inferenceEvent.js
2025-04-15T02:22:31.9398048Z [94m➤[39m [90mYN0000[39m: dist/types/inference/inferenceEvent.js.map
2025-04-15T02:22:31.9398576Z [94m➤[39m [90mYN0000[39m: dist/types/inference/inferenceInterface.js
2025-04-15T02:22:31.9399125Z [94m➤[39m [90mYN0000[39m: dist/types/inference/inferenceInterface.js.map
2025-04-15T02:22:31.9399625Z [94m➤[39m [90mYN0000[39m: dist/types/message/index.js
2025-04-15T02:22:31.9400067Z [94m➤[39m [90mYN0000[39m: dist/types/message/index.js.map
2025-04-15T02:22:31.9400556Z [94m➤[39m [90mYN0000[39m: dist/types/message/messageEntity.js
2025-04-15T02:22:31.9401506Z [94m➤[39m [90mYN0000[39m: dist/types/message/messageEntity.js.map
2025-04-15T02:22:31.9402042Z [94m➤[39m [90mYN0000[39m: dist/types/message/messageEvent.js
2025-04-15T02:22:31.9402683Z [94m➤[39m [90mYN0000[39m: dist/types/message/messageEvent.js.map
2025-04-15T02:22:31.9403178Z [94m➤[39m [90mYN0000[39m: dist/types/message/messageInterface.js
2025-04-15T02:22:31.9403699Z [94m➤[39m [90mYN0000[39m: dist/types/message/messageInterface.js.map
2025-04-15T02:22:31.9404236Z [94m➤[39m [90mYN0000[39m: dist/types/message/messageRequestType.js
2025-04-15T02:22:31.9404771Z [94m➤[39m [90mYN0000[39m: dist/types/message/messageRequestType.js.map
2025-04-15T02:22:31.9405387Z [94m➤[39m [90mYN0000[39m: dist/types/miscellaneous/appUpdate.js
2025-04-15T02:22:31.9405911Z [94m➤[39m [90mYN0000[39m: dist/types/miscellaneous/appUpdate.js.map
2025-04-15T02:22:31.9406557Z [94m➤[39m [90mYN0000[39m: dist/types/miscellaneous/index.js
2025-04-15T02:22:31.9407353Z [94m➤[39m [90mYN0000[39m: dist/types/miscellaneous/index.js.map
2025-04-15T02:22:31.9407881Z [94m➤[39m [90mYN0000[39m: dist/types/miscellaneous/promptTemplate.js
2025-04-15T02:22:31.9408453Z [94m➤[39m [90mYN0000[39m: dist/types/miscellaneous/promptTemplate.js.map
2025-04-15T02:22:31.9408989Z [94m➤[39m [90mYN0000[39m: dist/types/miscellaneous/selectFiles.js
2025-04-15T02:22:31.9409507Z [94m➤[39m [90mYN0000[39m: dist/types/miscellaneous/selectFiles.js.map
2025-04-15T02:22:31.9410058Z [94m➤[39m [90mYN0000[39m: dist/types/miscellaneous/systemResourceInfo.js
2025-04-15T02:22:31.9410647Z [94m➤[39m [90mYN0000[39m: dist/types/miscellaneous/systemResourceInfo.js.map
2025-04-15T02:22:31.9411160Z [94m➤[39m [90mYN0000[39m: dist/types/model/index.js
2025-04-15T02:22:31.9411586Z [94m➤[39m [90mYN0000[39m: dist/types/model/index.js.map
2025-04-15T02:22:31.9412038Z [94m➤[39m [90mYN0000[39m: dist/types/model/modelEntity.js
2025-04-15T02:22:31.9412766Z [94m➤[39m [90mYN0000[39m: dist/types/model/modelEntity.js.map
2025-04-15T02:22:31.9413489Z [94m➤[39m [90mYN0000[39m: dist/types/model/modelEvent.js
2025-04-15T02:22:31.9413974Z [94m➤[39m [90mYN0000[39m: dist/types/model/modelEvent.js.map
2025-04-15T02:22:31.9414451Z [94m➤[39m [90mYN0000[39m: dist/types/model/modelImport.js
2025-04-15T02:22:31.9414926Z [94m➤[39m [90mYN0000[39m: dist/types/model/modelImport.js.map
2025-04-15T02:22:31.9415390Z [94m➤[39m [90mYN0000[39m: dist/types/model/modelInterface.js
2025-04-15T02:22:31.9416014Z [94m➤[39m [90mYN0000[39m: dist/types/model/modelInterface.js.map
2025-04-15T02:22:31.9416685Z [94m➤[39m [90mYN0000[39m: dist/types/model/modelSource.js
2025-04-15T02:22:31.9417169Z [94m➤[39m [90mYN0000[39m: dist/types/model/modelSource.js.map
2025-04-15T02:22:31.9417677Z [94m➤[39m [90mYN0000[39m: dist/types/node/api/common/adapter.d.ts
2025-04-15T02:22:31.9418321Z [94m➤[39m [90mYN0000[39m: dist/types/node/api/common/handler.d.ts
2025-04-15T02:22:31.9419117Z [94m➤[39m [90mYN0000[39m: dist/types/node/api/index.d.ts
2025-04-15T02:22:31.9419631Z [94m➤[39m [90mYN0000[39m: dist/types/node/api/processors/Processor.d.ts
2025-04-15T02:22:31.9420188Z [94m➤[39m [90mYN0000[39m: dist/types/node/api/processors/app.d.ts
2025-04-15T02:22:31.9420721Z [94m➤[39m [90mYN0000[39m: dist/types/node/api/processors/extension.d.ts
2025-04-15T02:22:31.9421250Z [94m➤[39m [90mYN0000[39m: dist/types/node/api/processors/fs.d.ts
2025-04-15T02:22:31.9421758Z [94m➤[39m [90mYN0000[39m: dist/types/node/api/processors/fsExt.d.ts
2025-04-15T02:22:31.9422282Z [94m➤[39m [90mYN0000[39m: dist/types/node/extension/extension.d.ts
2025-04-15T02:22:31.9422792Z [94m➤[39m [90mYN0000[39m: dist/types/node/extension/index.d.ts
2025-04-15T02:22:31.9423276Z [94m➤[39m [90mYN0000[39m: dist/types/node/extension/manager.d.ts
2025-04-15T02:22:31.9423763Z [94m➤[39m [90mYN0000[39m: dist/types/node/extension/store.d.ts
2025-04-15T02:22:31.9424526Z [94m➤[39m [90mYN0000[39m: dist/types/node/helper/config.d.ts
2025-04-15T02:22:31.9425224Z [94m➤[39m [90mYN0000[39m: dist/types/node/helper/index.d.ts
2025-04-15T02:22:31.9425828Z [94m➤[39m [90mYN0000[39m: dist/types/node/helper/logger.d.ts
2025-04-15T02:22:31.9426302Z [94m➤[39m [90mYN0000[39m: dist/types/node/helper/module.d.ts
2025-04-15T02:22:31.9426763Z [94m➤[39m [90mYN0000[39m: dist/types/node/helper/path.d.ts
2025-04-15T02:22:31.9427244Z [94m➤[39m [90mYN0000[39m: dist/types/node/helper/resource.d.ts
2025-04-15T02:22:31.9427698Z [94m➤[39m [90mYN0000[39m: dist/types/node/index.d.ts
2025-04-15T02:22:31.9428124Z [94m➤[39m [90mYN0000[39m: dist/types/setting/index.js
2025-04-15T02:22:31.9428650Z [94m➤[39m [90mYN0000[39m: dist/types/setting/index.js.map
2025-04-15T02:22:31.9429137Z [94m➤[39m [90mYN0000[39m: dist/types/setting/settingComponent.js
2025-04-15T02:22:31.9429663Z [94m➤[39m [90mYN0000[39m: dist/types/setting/settingComponent.js.map
2025-04-15T02:22:31.9430402Z [94m➤[39m [90mYN0000[39m: dist/types/thread/index.js
2025-04-15T02:22:31.9431049Z [94m➤[39m [90mYN0000[39m: dist/types/thread/index.js.map
2025-04-15T02:22:31.9431519Z [94m➤[39m [90mYN0000[39m: dist/types/thread/threadEntity.js
2025-04-15T02:22:31.9432020Z [94m➤[39m [90mYN0000[39m: dist/types/thread/threadEntity.js.map
2025-04-15T02:22:31.9432513Z [94m➤[39m [90mYN0000[39m: dist/types/thread/threadInterface.js
2025-04-15T02:22:31.9433016Z [94m➤[39m [90mYN0000[39m: dist/types/thread/threadInterface.js.map
2025-04-15T02:22:31.9433503Z [94m➤[39m [90mYN0000[39m: dist/types/types/api/index.d.ts
2025-04-15T02:22:31.9434028Z [94m➤[39m [90mYN0000[39m: dist/types/types/assistant/assistantEntity.d.ts
2025-04-15T02:22:31.9434601Z [94m➤[39m [90mYN0000[39m: dist/types/types/assistant/assistantEvent.d.ts
2025-04-15T02:22:31.9435177Z [94m➤[39m [90mYN0000[39m: dist/types/types/assistant/assistantInterface.d.ts
2025-04-15T02:22:31.9435716Z [94m➤[39m [90mYN0000[39m: dist/types/types/assistant/index.d.ts
2025-04-15T02:22:31.9436678Z [94m➤[39m [90mYN0000[39m: dist/types/types/config/appConfigEntity.d.ts
2025-04-15T02:22:31.9437629Z [94m➤[39m [90mYN0000[39m: dist/types/types/config/appConfigEvent.d.ts
2025-04-15T02:22:31.9438141Z [94m➤[39m [90mYN0000[39m: dist/types/types/config/index.d.ts
2025-04-15T02:22:31.9438610Z [94m➤[39m [90mYN0000[39m: dist/types/types/engine/index.d.ts
2025-04-15T02:22:31.9439074Z [94m➤[39m [90mYN0000[39m: dist/types/types/file/index.d.ts
2025-04-15T02:22:31.9439542Z [94m➤[39m [90mYN0000[39m: dist/types/types/hardware/index.d.ts
2025-04-15T02:22:31.9440104Z [94m➤[39m [90mYN0000[39m: dist/types/types/huggingface/huggingfaceEntity.d.ts
2025-04-15T02:22:31.9440652Z [94m➤[39m [90mYN0000[39m: dist/types/types/huggingface/index.d.ts
2025-04-15T02:22:31.9441117Z [94m➤[39m [90mYN0000[39m: dist/types/types/index.d.ts
2025-04-15T02:22:31.9441584Z [94m➤[39m [90mYN0000[39m: dist/types/types/inference/index.d.ts
2025-04-15T02:22:31.9442115Z [94m➤[39m [90mYN0000[39m: dist/types/types/inference/inferenceEntity.d.ts
2025-04-15T02:22:31.9443130Z [94m➤[39m [90mYN0000[39m: dist/types/types/inference/inferenceEvent.d.ts
2025-04-15T02:22:31.9443923Z [94m➤[39m [90mYN0000[39m: dist/types/types/inference/inferenceInterface.d.ts
2025-04-15T02:22:31.9444465Z [94m➤[39m [90mYN0000[39m: dist/types/types/message/index.d.ts
2025-04-15T02:22:31.9444972Z [94m➤[39m [90mYN0000[39m: dist/types/types/message/messageEntity.d.ts
2025-04-15T02:22:31.9445507Z [94m➤[39m [90mYN0000[39m: dist/types/types/message/messageEvent.d.ts
2025-04-15T02:22:31.9446069Z [94m➤[39m [90mYN0000[39m: dist/types/types/message/messageInterface.d.ts
2025-04-15T02:22:31.9446645Z [94m➤[39m [90mYN0000[39m: dist/types/types/message/messageRequestType.d.ts
2025-04-15T02:22:31.9447216Z [94m➤[39m [90mYN0000[39m: dist/types/types/miscellaneous/appUpdate.d.ts
2025-04-15T02:22:31.9447755Z [94m➤[39m [90mYN0000[39m: dist/types/types/miscellaneous/index.d.ts
2025-04-15T02:22:31.9448694Z [94m➤[39m [90mYN0000[39m: dist/types/types/miscellaneous/promptTemplate.d.ts
2025-04-15T02:22:31.9449457Z [94m➤[39m [90mYN0000[39m: dist/types/types/miscellaneous/selectFiles.d.ts
2025-04-15T02:22:31.9450067Z [94m➤[39m [90mYN0000[39m: dist/types/types/miscellaneous/systemResourceInfo.d.ts
2025-04-15T02:22:31.9450621Z [94m➤[39m [90mYN0000[39m: dist/types/types/model/index.d.ts
2025-04-15T02:22:31.9451533Z [94m➤[39m [90mYN0000[39m: dist/types/types/model/modelEntity.d.ts
2025-04-15T02:22:31.9452133Z [94m➤[39m [90mYN0000[39m: dist/types/types/model/modelEvent.d.ts
2025-04-15T02:22:31.9453053Z [94m➤[39m [90mYN0000[39m: dist/types/types/model/modelImport.d.ts
2025-04-15T02:22:31.9453644Z [94m➤[39m [90mYN0000[39m: dist/types/types/model/modelInterface.d.ts
2025-04-15T02:22:31.9454625Z [94m➤[39m [90mYN0000[39m: dist/types/types/model/modelSource.d.ts
2025-04-15T02:22:31.9455409Z [94m➤[39m [90mYN0000[39m: dist/types/types/setting/index.d.ts
2025-04-15T02:22:31.9455946Z [94m➤[39m [90mYN0000[39m: dist/types/types/setting/settingComponent.d.ts
2025-04-15T02:22:31.9456651Z [94m➤[39m [90mYN0000[39m: dist/types/types/thread/index.d.ts
2025-04-15T02:22:31.9457169Z [94m➤[39m [90mYN0000[39m: dist/types/types/thread/threadEntity.d.ts
2025-04-15T02:22:31.9457707Z [94m➤[39m [90mYN0000[39m: dist/types/types/thread/threadInterface.d.ts
2025-04-15T02:22:31.9458307Z [94m➤[39m [90mYN0000[39m: package.json
2025-04-15T02:22:32.0720433Z [94m➤[39m YN0000: Package archive generated in [38;5;170mD:\a\jan\jan\core\package.tgz[39m
2025-04-15T02:22:32.0721256Z [94m➤[39m YN0000: Done in 0s 346ms
2025-04-15T02:22:32.1122938Z yarn build:server
2025-04-15T02:22:34.2161976Z [33m[UNRESOLVED_IMPORT] Warning:[0m Could not resolve 'utf-8-validate' in node_modules/ws/lib/validation.js
2025-04-15T02:22:34.2163206Z      [38;5;246m╭[0m[38;5;246m─[0m[38;5;246m[[0mnode_modules/ws/lib/validation.js:144:33[38;5;246m][0m
2025-04-15T02:22:34.2163710Z      [38;5;246m│[0m
2025-04-15T02:22:34.2165331Z  [38;5;246m144 │[0m [38;5;249m [0m[38;5;249m [0m[38;5;249m [0m[38;5;249m [0m[38;5;249mc[0m[38;5;249mo[0m[38;5;249mn[0m[38;5;249ms[0m[38;5;249mt[0m[38;5;249m [0m[38;5;249mi[0m[38;5;249ms[0m[38;5;249mV[0m[38;5;249ma[0m[38;5;249ml[0m[38;5;249mi[0m[38;5;249md[0m[38;5;249mU[0m[38;5;249mT[0m[38;5;249mF[0m[38;5;249m8[0m[38;5;249m [0m[38;5;249m=[0m[38;5;249m [0m[38;5;249mr[0m[38;5;249me[0m[38;5;249mq[0m[38;5;249mu[0m[38;5;249mi[0m[38;5;249mr[0m[38;5;249me[0m[38;5;249m([0m'utf-8-validate'[38;5;249m)[0m[38;5;249m;[0m
2025-04-15T02:22:34.2166907Z  [38;5;240m    │[0m                                 ────────┬───────  
2025-04-15T02:22:34.2168004Z  [38;5;240m    │[0m                                         ╰───────── Module not found, treating it as an external dependency
2025-04-15T02:22:34.2168466Z [38;5;246m─────╯[0m
2025-04-15T02:22:34.2168623Z 
2025-04-15T02:22:34.2174277Z [33m[UNRESOLVED_IMPORT] Warning:[0m Could not resolve 'bufferutil' in node_modules/ws/lib/buffer-util.js
2025-04-15T02:22:34.2175645Z      [38;5;246m╭[0m[38;5;246m─[0m[38;5;246m[[0mnode_modules/ws/lib/buffer-util.js:117:32[38;5;246m][0m
2025-04-15T02:22:34.2176434Z      [38;5;246m│[0m
2025-04-15T02:22:34.2178634Z  [38;5;246m117 │[0m [38;5;249m [0m[38;5;249m [0m[38;5;249m [0m[38;5;249m [0m[38;5;249mc[0m[38;5;249mo[0m[38;5;249mn[0m[38;5;249ms[0m[38;5;249mt[0m[38;5;249m [0m[38;5;249mb[0m[38;5;249mu[0m[38;5;249mf[0m[38;5;249mf[0m[38;5;249me[0m[38;5;249mr[0m[38;5;249mU[0m[38;5;249mt[0m[38;5;249mi[0m[38;5;249ml[0m[38;5;249m [0m[38;5;249m=[0m[38;5;249m [0m[38;5;249mr[0m[38;5;249me[0m[38;5;249mq[0m[38;5;249mu[0m[38;5;249mi[0m[38;5;249mr[0m[38;5;249me[0m[38;5;249m([0m'bufferutil'[38;5;249m)[0m[38;5;249m;[0m
2025-04-15T02:22:34.2181029Z  [38;5;240m    │[0m                                ──────┬─────  
2025-04-15T02:22:34.2182006Z  [38;5;240m    │[0m                                      ╰─────── Module not found, treating it as an external dependency
2025-04-15T02:22:34.2183213Z [38;5;246m─────╯[0m
2025-04-15T02:22:34.2183460Z 
2025-04-15T02:22:34.2184515Z [33m[UNRESOLVED_IMPORT] Warning:[0m Could not resolve 'bluebird' in ../core/node_modules/promise-inflight/inflight.js
2025-04-15T02:22:34.2186173Z    [38;5;246m╭[0m[38;5;246m─[0m[38;5;246m[[0m../core/node_modules/promise-inflight/inflight.js:6:22[38;5;246m][0m
2025-04-15T02:22:34.2186972Z    [38;5;246m│[0m
2025-04-15T02:22:34.2190720Z  [38;5;246m6 │[0m [38;5;249m [0m[38;5;249m [0m[38;5;249mB[0m[38;5;249ml[0m[38;5;249mu[0m[38;5;249me[0m[38;5;249mb[0m[38;5;249mi[0m[38;5;249mr[0m[38;5;249md[0m[38;5;249m [0m[38;5;249m=[0m[38;5;249m [0m[38;5;249mr[0m[38;5;249me[0m[38;5;249mq[0m[38;5;249mu[0m[38;5;249mi[0m[38;5;249mr[0m[38;5;249me[0m[38;5;249m([0m'bluebird'[38;5;249m)[0m
2025-04-15T02:22:34.2192083Z  [38;5;240m  │[0m                      ─────┬────  
2025-04-15T02:22:34.2192641Z  [38;5;240m  │[0m                           ╰────── Module not found, treating it as an external dependency
2025-04-15T02:22:34.2193083Z [38;5;246m───╯[0m
2025-04-15T02:22:34.2193229Z 
2025-04-15T02:22:34.2193768Z [33m[UNRESOLVED_IMPORT] Warning:[0m Could not resolve 'spdx-license-ids' in ../core/node_modules/spdx-correct/index.js
2025-04-15T02:22:34.2194608Z     [38;5;246m╭[0m[38;5;246m─[0m[38;5;246m[[0m../core/node_modules/spdx-correct/index.js:17:30[38;5;246m][0m
2025-04-15T02:22:34.2195048Z     [38;5;246m│[0m
2025-04-15T02:22:34.2196588Z  [38;5;246m17 │[0m [38;5;249mv[0m[38;5;249ma[0m[38;5;249mr[0m[38;5;249m [0m[38;5;249ms[0m[38;5;249mp[0m[38;5;249md[0m[38;5;249mx[0m[38;5;249mL[0m[38;5;249mi[0m[38;5;249mc[0m[38;5;249me[0m[38;5;249mn[0m[38;5;249ms[0m[38;5;249me[0m[38;5;249mI[0m[38;5;249md[0m[38;5;249ms[0m[38;5;249m [0m[38;5;249m=[0m[38;5;249m [0m[38;5;249mr[0m[38;5;249me[0m[38;5;249mq[0m[38;5;249mu[0m[38;5;249mi[0m[38;5;249mr[0m[38;5;249me[0m[38;5;249m([0m'spdx-license-ids'[38;5;249m)[0m
2025-04-15T02:22:34.2198061Z  [38;5;240m   │[0m                              ─────────┬────────  
2025-04-15T02:22:34.2198625Z  [38;5;240m   │[0m                                       ╰────────── Module not found, treating it as an external dependency
2025-04-15T02:22:34.2199054Z [38;5;246m────╯[0m
2025-04-15T02:22:34.2199194Z 
2025-04-15T02:22:34.2199751Z [33m[UNRESOLVED_IMPORT] Warning:[0m Could not resolve 'spdx-license-ids' in ../core/node_modules/spdx-expression-parse/scan.js
2025-04-15T02:22:34.2201006Z    [38;5;246m╭[0m[38;5;246m─[0m[38;5;246m[[0m../core/node_modules/spdx-expression-parse/scan.js:4:19[38;5;246m][0m
2025-04-15T02:22:34.2201488Z    [38;5;246m│[0m
2025-04-15T02:22:34.2202608Z  [38;5;246m4 │[0m [38;5;249m [0m[38;5;249m [0m[38;5;249m.[0m[38;5;249mc[0m[38;5;249mo[0m[38;5;249mn[0m[38;5;249mc[0m[38;5;249ma[0m[38;5;249mt[0m[38;5;249m([0m[38;5;249mr[0m[38;5;249me[0m[38;5;249mq[0m[38;5;249mu[0m[38;5;249mi[0m[38;5;249mr[0m[38;5;249me[0m[38;5;249m([0m'spdx-license-ids'[38;5;249m)[0m[38;5;249m)[0m
2025-04-15T02:22:34.2203901Z  [38;5;240m  │[0m                   ─────────┬────────  
2025-04-15T02:22:34.2204509Z  [38;5;240m  │[0m                            ╰────────── Module not found, treating it as an external dependency
2025-04-15T02:22:34.2204934Z [38;5;246m───╯[0m
2025-04-15T02:22:34.2205063Z 
2025-04-15T02:22:34.2205682Z [33m[UNRESOLVED_IMPORT] Warning:[0m Could not resolve 'spdx-license-ids/deprecated' in ../core/node_modules/spdx-expression-parse/scan.js
2025-04-15T02:22:34.2206585Z    [38;5;246m╭[0m[38;5;246m─[0m[38;5;246m[[0m../core/node_modules/spdx-expression-parse/scan.js:5:19[38;5;246m][0m
2025-04-15T02:22:34.2207037Z    [38;5;246m│[0m
2025-04-15T02:22:34.2208089Z  [38;5;246m5 │[0m [38;5;249m [0m[38;5;249m [0m[38;5;249m.[0m[38;5;249mc[0m[38;5;249mo[0m[38;5;249mn[0m[38;5;249mc[0m[38;5;249ma[0m[38;5;249mt[0m[38;5;249m([0m[38;5;249mr[0m[38;5;249me[0m[38;5;249mq[0m[38;5;249mu[0m[38;5;249mi[0m[38;5;249mr[0m[38;5;249me[0m[38;5;249m([0m'spdx-license-ids/deprecated'[38;5;249m)[0m[38;5;249m)[0m
2025-04-15T02:22:34.2209632Z  [38;5;240m  │[0m                   ──────────────┬──────────────  
2025-04-15T02:22:34.2210187Z  [38;5;240m  │[0m                                 ╰──────────────── Module not found, treating it as an external dependency
2025-04-15T02:22:34.2210612Z [38;5;246m───╯[0m
2025-04-15T02:22:34.2210733Z 
2025-04-15T02:22:34.2211404Z [33m[UNRESOLVED_IMPORT] Warning:[0m Could not resolve 'spdx-exceptions' in ../core/node_modules/spdx-expression-parse/scan.js
2025-04-15T02:22:34.2212259Z    [38;5;246m╭[0m[38;5;246m─[0m[38;5;246m[[0m../core/node_modules/spdx-expression-parse/scan.js:6:26[38;5;246m][0m
2025-04-15T02:22:34.2212716Z    [38;5;246m│[0m
2025-04-15T02:22:34.2213915Z  [38;5;246m6 │[0m [38;5;249mv[0m[38;5;249ma[0m[38;5;249mr[0m[38;5;249m [0m[38;5;249me[0m[38;5;249mx[0m[38;5;249mc[0m[38;5;249me[0m[38;5;249mp[0m[38;5;249mt[0m[38;5;249mi[0m[38;5;249mo[0m[38;5;249mn[0m[38;5;249ms[0m[38;5;249m [0m[38;5;249m=[0m[38;5;249m [0m[38;5;249mr[0m[38;5;249me[0m[38;5;249mq[0m[38;5;249mu[0m[38;5;249mi[0m[38;5;249mr[0m[38;5;249me[0m[38;5;249m([0m'spdx-exceptions'[38;5;249m)[0m
2025-04-15T02:22:34.2215273Z  [38;5;240m  │[0m                          ────────┬────────  
2025-04-15T02:22:34.2215799Z  [38;5;240m  │[0m                                  ╰────────── Module not found, treating it as an external dependency
2025-04-15T02:22:34.2216221Z [38;5;246m───╯[0m
2025-04-15T02:22:34.2216352Z 
2025-04-15T02:22:34.2661546Z [log] [2m<DIR>/[22m[32mdist/index.js.map  [39m[2masset[22m[2m │ size: 10,055.58 kB[22m
2025-04-15T02:22:34.2662574Z [log] [2m<DIR>/[22m[36mdist/index.js      [39m[2mchunk[22m[2m │ size:  5,477.36 kB[22m
2025-04-15T02:22:34.2663116Z [log]
2025-04-15T02:22:34.2664440Z [success] Finished in [1m507.99 ms[22m
2025-04-15T02:22:34.3510756Z yarn build:extensions
2025-04-15T02:22:35.0826020Z No matches found: "./pre-install/*.tgz"
2025-04-15T02:22:40.6988726Z [log] [2m<DIR>/[22m[32mdist/index.js.map  [39m[2masset[22m[2m │ size: 155.17 kB[22m
2025-04-15T02:22:40.6990988Z [log] [2m<DIR>/[22m[36mdist/index.js      [39m[2mchunk[22m[2m │ size:  61.37 kB[22m
2025-04-15T02:22:40.6993556Z [log] [2m<DIR>/[22m[32mdist/node/index.cjs.js.map  [39m[2masset[22m[2m │ size: 76.93 kB[22m
2025-04-15T02:22:40.6994523Z [log] [2m<DIR>/[22m[36mdist/node/index.cjs.js      [39m[2mchunk[22m[2m │ size: 37.72 kB[22m
2025-04-15T02:22:40.6994952Z [log]
2025-04-15T02:22:40.6995991Z [success] Finished in [1m71.58 ms[22m
2025-04-15T02:22:41.1871397Z [94m➤[39m YN0000: · Yarn 4.5.3
2025-04-15T02:22:41.2018074Z [94m➤[39m [90mYN0000[39m: ┌ Resolution step
2025-04-15T02:22:41.2018952Z ##[group]Resolution step
2025-04-15T02:22:41.9970792Z [94m➤[39m YN0085: │ [38;5;70m+[39m [38;5;166m@janhq/[39m[38;5;173mcore[39m[38;5;111m@[39m[38;5;111mfile:../../core/package.tgz#../../core/package.tgz::hash=fb7742&locator=%40janhq%2Fassistant-extension%40workspace%3Aassistant-extension[39m, and [38;5;220m5[39m more.
2025-04-15T02:22:41.9972660Z [94m➤[39m YN0085: │ [38;5;160m-[39m [38;5;166m@anthropic-ai/[39m[38;5;173msdk[39m[38;5;111m@[39m[38;5;111mnpm:0.9.1[39m, and [38;5;220m94[39m more.
2025-04-15T02:22:42.0186313Z ##[endgroup]
2025-04-15T02:22:42.0187194Z [94m➤[39m [90mYN0000[39m: └ Completed in 0s 817ms
2025-04-15T02:22:42.0197197Z [94m➤[39m [90mYN0000[39m: ┌ Post-resolution validation
2025-04-15T02:22:42.0198124Z ##[group]Post-resolution validation
2025-04-15T02:22:42.0199791Z [93m➤[39m YN0002: │ [38;5;166m@janhq/[39m[38;5;173massistant-extension[39m[38;5;111m@[39m[38;5;111mworkspace:assistant-extension[39m doesn't provide [38;5;173mwebpack[39m ([38;5;111mpb9f55[39m), requested by [38;5;173mts-loader[39m.
2025-04-15T02:22:42.0201755Z [93m➤[39m YN0002: │ [38;5;166m@janhq/[39m[38;5;173mconversational-extension[39m[38;5;111m@[39m[38;5;111mworkspace:conversational-extension[39m doesn't provide [38;5;173mwebpack[39m ([38;5;111mpd966f[39m), requested by [38;5;173mts-loader[39m.
2025-04-15T02:22:42.0203743Z [93m➤[39m YN0002: │ [38;5;166m@janhq/[39m[38;5;173mengine-management-extension[39m[38;5;111m@[39m[38;5;111mworkspace:engine-management-extension[39m doesn't provide [38;5;173mwebpack[39m ([38;5;111mp52429[39m), requested by [38;5;173mts-loader[39m.
2025-04-15T02:22:42.0205551Z [93m➤[39m YN0002: │ [38;5;166m@janhq/[39m[38;5;173mhardware-management-extension[39m[38;5;111m@[39m[38;5;111mworkspace:hardware-management-extension[39m doesn't provide [38;5;173mwebpack[39m ([38;5;111mp0df57[39m), requested by [38;5;173mts-loader[39m.
2025-04-15T02:22:42.0207376Z [93m➤[39m YN0086: │ Some peer dependencies are incorrectly met by your project; run [38;5;111myarn explain peer-requirements <hash>[39m for details, where [38;5;111m<hash>[39m is the six-letter p-prefixed code.
2025-04-15T02:22:42.0209029Z ##[endgroup]
2025-04-15T02:22:42.0209614Z [94m➤[39m [90mYN0000[39m: └ Completed
2025-04-15T02:22:42.0210714Z [94m➤[39m [90mYN0000[39m: ┌ Fetch step
2025-04-15T02:22:42.0211327Z ##[group]Fetch step
2025-04-15T02:22:49.9479026Z [94m➤[39m YN0013: │ [38;5;220m181[39m packages were added to the project ([38;5;160m+ 182.14 MiB[39m).
2025-04-15T02:22:49.9480910Z ##[endgroup]
2025-04-15T02:22:49.9482321Z [94m➤[39m [90mYN0000[39m: └ Completed in 7s 927ms
2025-04-15T02:22:49.9963045Z [94m➤[39m [90mYN0000[39m: ┌ Link step
2025-04-15T02:22:49.9964716Z ##[group]Link step
2025-04-15T02:22:57.8377714Z [94m➤[39m YN0007: │ [38;5;173mcore-js[39m[38;5;111m@[39m[38;5;111mnpm:2.6.12[39m must be built because it never has been before or the last one failed
2025-04-15T02:22:57.8388091Z [94m➤[39m YN0007: │ [38;5;173mesbuild[39m[38;5;111m@[39m[38;5;111mnpm:0.24.2[39m must be built because it never has been before or the last one failed
2025-04-15T02:22:58.5853626Z ##[endgroup]
2025-04-15T02:22:58.5855182Z [94m➤[39m [90mYN0000[39m: └ Completed in 8s 589ms
2025-04-15T02:22:58.6410254Z [93m➤[39m YN0000: · Done with warnings in 17s 455ms
2025-04-15T02:23:18.0723844Z [log] [2m<DIR>/[22m[36mdist/index.js  [39m[2mchunk[22m[2m │ size: 52.33 kB[22m
2025-04-15T02:23:18.0724936Z [log]
2025-04-15T02:23:18.0726264Z [success] Finished in [1m21.31 ms[22m
2025-04-15T02:23:18.0728019Z janhq-conversational-extension-1.0.0.tgz
2025-04-15T02:23:18.0729364Z No matches found: "*.tgz"
2025-04-15T02:23:18.0730121Z npm notice
2025-04-15T02:23:18.0731413Z npm notice package: @janhq/conversational-extension@1.0.0
2025-04-15T02:23:18.0732142Z npm notice Tarball Contents
2025-04-15T02:23:18.0733315Z npm notice 52.3kB dist/index.js
2025-04-15T02:23:18.0733839Z npm notice 1.1kB package.json
2025-04-15T02:23:18.0734387Z npm notice Tarball Details
2025-04-15T02:23:18.0735204Z npm notice name: @janhq/conversational-extension
2025-04-15T02:23:18.0735970Z npm notice version: 1.0.0
2025-04-15T02:23:18.0738751Z npm notice filename: janhq-conversational-extension-1.0.0.tgz
2025-04-15T02:23:18.0739676Z npm notice package size: 13.8 kB
2025-04-15T02:23:18.0740945Z npm notice unpacked size: 53.4 kB
2025-04-15T02:23:18.0741814Z npm notice shasum: 5e93b3511d4ad0b42795151d7ed5ddba692d41da
2025-04-15T02:23:18.0742665Z npm notice integrity: sha512-4ZAzccc3D0Bpa[...]Ga2t7d1PJDlQA==
2025-04-15T02:23:18.0743774Z npm notice total files: 2
2025-04-15T02:23:18.0744422Z npm notice
2025-04-15T02:23:22.0873093Z [log] [2m<DIR>/[22m[36mdist/index.js  [39m[2mchunk[22m[2m │ size: 32.60 kB[22m
2025-04-15T02:23:22.0873984Z [log]
2025-04-15T02:23:22.0875308Z [success] Finished in [1m21.28 ms[22m
2025-04-15T02:23:22.0876018Z janhq-assistant-extension-1.0.2.tgz
2025-04-15T02:23:22.0876664Z No matches found: "*.tgz"
2025-04-15T02:23:22.0877139Z npm notice
2025-04-15T02:23:22.0877801Z npm notice package: @janhq/assistant-extension@1.0.2
2025-04-15T02:23:22.0878450Z npm notice Tarball Contents
2025-04-15T02:23:22.0879057Z npm notice 2.6kB README.md
2025-04-15T02:23:22.0879576Z npm notice 32.6kB dist/index.js
2025-04-15T02:23:22.0880092Z npm notice 998B package.json
2025-04-15T02:23:22.0880730Z npm notice Bundled Dependencies
2025-04-15T02:23:22.0881260Z npm notice layerr
2025-04-15T02:23:22.0881796Z npm notice ulidx
2025-04-15T02:23:22.0882234Z npm notice tslib
2025-04-15T02:23:22.0882709Z npm notice rxjs
2025-04-15T02:23:22.0883165Z npm notice @janhq/core
2025-04-15T02:23:22.0883696Z npm notice Tarball Details
2025-04-15T02:23:22.0884302Z npm notice name: @janhq/assistant-extension
2025-04-15T02:23:22.0884954Z npm notice version: 1.0.2
2025-04-15T02:23:22.0885628Z npm notice filename: janhq-assistant-extension-1.0.2.tgz
2025-04-15T02:23:22.0886404Z npm notice package size: 945.6 kB
2025-04-15T02:23:22.0887045Z npm notice unpacked size: 5.3 MB
2025-04-15T02:23:22.0887813Z npm notice shasum: 542e8aae213af226a17712fd534b1bac0819d67e
2025-04-15T02:23:22.0888738Z npm notice integrity: sha512-V/rQ6rlZnLzpX[...]CqNDA3M4rTsKQ==
2025-04-15T02:23:22.0889443Z npm notice bundled deps: 5
2025-04-15T02:23:22.0889936Z npm notice bundled files: 0
2025-04-15T02:23:22.0890373Z npm notice own files: 2576
2025-04-15T02:23:22.0890816Z npm notice total files: 2576
2025-04-15T02:23:22.0891286Z npm notice
2025-04-15T02:23:26.2674784Z [log] [2m<DIR>/[22m[36mdist/index.js  [39m[2mchunk[22m[2m │ size: 121.27 kB[22m
2025-04-15T02:23:26.2676144Z [log] [2m<DIR>/[22m[36mdist/node/index.cjs.js  [39m[2mchunk[22m[2m │ size: 2.85 kB[22m
2025-04-15T02:23:26.2677009Z [log]
2025-04-15T02:23:26.2677581Z [success] Finished in [1m29.62 ms[22m
2025-04-15T02:23:26.2678205Z No codesigning required
2025-04-15T02:23:26.2678845Z janhq-engine-management-extension-1.0.3.tgz
2025-04-15T02:23:26.2679498Z No matches found: "*.tgz"
2025-04-15T02:23:26.2679979Z npm notice
2025-04-15T02:23:26.2680566Z npm notice package: @janhq/engine-management-extension@1.0.3
2025-04-15T02:23:26.2681218Z npm notice Tarball Contents
2025-04-15T02:23:26.2681725Z npm notice 121.3kB dist/index.js
2025-04-15T02:23:26.2682594Z npm notice 2.8kB dist/node/index.cjs.js
2025-04-15T02:23:26.2683138Z npm notice 1.3kB package.json
2025-04-15T02:23:26.2683643Z npm notice Bundled Dependencies
2025-04-15T02:23:26.2684078Z npm notice layerr
2025-04-15T02:23:26.2684450Z npm notice ulidx
2025-04-15T02:23:26.2684803Z npm notice tslib
2025-04-15T02:23:26.2685170Z npm notice rxjs
2025-04-15T02:23:26.2685544Z npm notice @janhq/core
2025-04-15T02:23:26.2685956Z npm notice Tarball Details
2025-04-15T02:23:26.2686552Z npm notice name: @janhq/engine-management-extension
2025-04-15T02:23:26.2687125Z npm notice version: 1.0.3
2025-04-15T02:23:26.2687813Z npm notice filename: janhq-engine-management-extension-1.0.3.tgz
2025-04-15T02:23:26.2688520Z npm notice package size: 957.8 kB
2025-04-15T02:23:26.2689039Z npm notice unpacked size: 5.4 MB
2025-04-15T02:23:26.2689670Z npm notice shasum: 642039ddc065d83e56622884656db687e4f4c5db
2025-04-15T02:23:26.2690727Z npm notice integrity: sha512-q719D5ju4l1sG[...]1ckPRumQhS40g==
2025-04-15T02:23:26.2691353Z npm notice bundled deps: 5
2025-04-15T02:23:26.2691804Z npm notice bundled files: 0
2025-04-15T02:23:26.2692236Z npm notice own files: 2576
2025-04-15T02:23:26.2692677Z npm notice total files: 2576
2025-04-15T02:23:26.2693080Z npm notice
2025-04-15T02:23:29.7790039Z [log] [2m<DIR>/[22m[36mdist/index.js  [39m[2mchunk[22m[2m │ size: 49.00 kB[22m
2025-04-15T02:23:29.7791586Z [log]
2025-04-15T02:23:29.7793291Z [success] Finished in [1m18.67 ms[22m
2025-04-15T02:23:29.7794587Z No codesigning required
2025-04-15T02:23:29.7795213Z janhq-hardware-management-extension-1.0.0.tgz
2025-04-15T02:23:29.7795800Z No matches found: "*.tgz"
2025-04-15T02:23:29.7796210Z npm notice
2025-04-15T02:23:29.7796807Z npm notice package: @janhq/hardware-management-extension@1.0.0
2025-04-15T02:23:29.7797466Z npm notice Tarball Contents
2025-04-15T02:23:29.7797934Z npm notice 49.0kB dist/index.js
2025-04-15T02:23:29.7798432Z npm notice 1.3kB package.json
2025-04-15T02:23:29.7798931Z npm notice Bundled Dependencies
2025-04-15T02:23:29.7799391Z npm notice layerr
2025-04-15T02:23:29.7799784Z npm notice ulidx
2025-04-15T02:23:29.7800148Z npm notice tslib
2025-04-15T02:23:29.7800494Z npm notice rxjs
2025-04-15T02:23:29.7800863Z npm notice @janhq/core
2025-04-15T02:23:29.7801277Z npm notice Tarball Details
2025-04-15T02:23:29.7801872Z npm notice name: @janhq/hardware-management-extension
2025-04-15T02:23:29.7802452Z npm notice version: 1.0.0
2025-04-15T02:23:29.7803181Z npm notice filename: janhq-hardware-management-extension-1.0.0.tgz
2025-04-15T02:23:29.7803899Z npm notice package size: 949.1 kB
2025-04-15T02:23:29.7804426Z npm notice unpacked size: 5.3 MB
2025-04-15T02:23:29.7805067Z npm notice shasum: f5c2a13f060da881b60e64b7353be254fc7449f1
2025-04-15T02:23:29.7805880Z npm notice integrity: sha512-FtcIMTVdRc0wK[...]RcQ54Yrg5EJiw==
2025-04-15T02:23:29.7806501Z npm notice bundled deps: 5
2025-04-15T02:23:29.7806951Z npm notice bundled files: 0
2025-04-15T02:23:29.7807382Z npm notice own files: 2575
2025-04-15T02:23:29.7807823Z npm notice total files: 2575
2025-04-15T02:23:29.7808230Z npm notice
2025-04-15T02:23:32.2340863Z [log] [2m<DIR>/[22m[36mdist/index.js  [39m[2mchunk[22m[2m │ size: 112.49 kB[22m
2025-04-15T02:23:32.2341704Z [log]
2025-04-15T02:23:32.2342712Z [success] Finished in [1m36.10 ms[22m
2025-04-15T02:23:32.2343453Z janhq-model-extension-1.0.36.tgz
2025-04-15T02:23:32.2344141Z No matches found: "*.tgz"
2025-04-15T02:23:32.2344685Z npm notice
2025-04-15T02:23:32.2345213Z npm notice package: @janhq/model-extension@1.0.36
2025-04-15T02:23:32.2345617Z npm notice Tarball Contents
2025-04-15T02:23:32.2345890Z npm notice 2.6kB README.md
2025-04-15T02:23:32.2346335Z npm notice 112.7kB dist/index.js
2025-04-15T02:23:32.2346812Z npm notice 987B package.json
2025-04-15T02:23:32.2347160Z npm notice Tarball Details
2025-04-15T02:23:32.2347459Z npm notice name: @janhq/model-extension
2025-04-15T02:23:32.2363833Z npm notice version: 1.0.36
2025-04-15T02:23:32.2364435Z npm notice filename: janhq-model-extension-1.0.36.tgz
2025-04-15T02:23:32.2365049Z npm notice package size: 27.0 kB
2025-04-15T02:23:32.2365876Z npm notice unpacked size: 116.3 kB
2025-04-15T02:23:32.2366805Z npm notice shasum: 4b5da2441b5705507cb225109c2e5a36667bbb8b
2025-04-15T02:23:32.2367294Z npm notice integrity: sha512-xUj9NeEnyomx4[...]MN/NvZixBOb2w==
2025-04-15T02:23:32.2367670Z npm notice total files: 3
2025-04-15T02:23:32.2367908Z npm notice
2025-04-15T02:25:02.4907391Z [log] [2m<DIR>/[22m[36mdist/index.js  [39m[2mchunk[22m[2m │ size: 74.86 kB[22m
2025-04-15T02:25:02.4908740Z [log] [2m<DIR>/[22m[36mdist/node/index.cjs.js  [39m[2mchunk[22m[2m │ size: 5.01 kB[22m
2025-04-15T02:25:02.4909638Z [log]
2025-04-15T02:25:02.4911491Z [success] Finished in [1m23.09 ms[22m
2025-04-15T02:25:02.4912524Z Processing folder: ./../../electron/shared\engines\cortex.llamacpp\windows-amd64-noavx-cuda-12-0\v0.1.55
2025-04-15T02:25:02.4913675Z         1 file(s) moved.
2025-04-15T02:25:02.4914057Z         1 file(s) moved.
2025-04-15T02:25:02.4914410Z         1 file(s) moved.
2025-04-15T02:25:02.4914775Z         1 file(s) moved.
2025-04-15T02:25:02.4915643Z Processing folder: ./../../electron/shared\engines\cortex.llamacpp\windows-amd64-noavx-cuda-11-7\v0.1.55
2025-04-15T02:25:02.4916437Z         1 file(s) moved.
2025-04-15T02:25:02.4916788Z         1 file(s) moved.
2025-04-15T02:25:02.4917131Z         1 file(s) moved.
2025-04-15T02:25:02.4917671Z         1 file(s) moved.
2025-04-15T02:25:02.4918573Z Processing folder: ./../../electron/shared\engines\cortex.llamacpp\windows-amd64-avx2-cuda-12-0\v0.1.55
2025-04-15T02:25:02.4919409Z         1 file(s) moved.
2025-04-15T02:25:02.4919774Z         1 file(s) moved.
2025-04-15T02:25:02.4920318Z         1 file(s) moved.
2025-04-15T02:25:02.4920832Z         1 file(s) moved.
2025-04-15T02:25:02.4921805Z Processing folder: ./../../electron/shared\engines\cortex.llamacpp\windows-amd64-avx2-cuda-11-7\v0.1.55
2025-04-15T02:25:02.4922695Z         1 file(s) moved.
2025-04-15T02:25:02.4923080Z         1 file(s) moved.
2025-04-15T02:25:02.4923457Z         1 file(s) moved.
2025-04-15T02:25:02.4923876Z         1 file(s) moved.
2025-04-15T02:25:02.4924692Z Processing folder: ./../../electron/shared\engines\cortex.llamacpp\windows-amd64-noavx\v0.1.55
2025-04-15T02:25:02.4925489Z         1 file(s) moved.
2025-04-15T02:25:02.4925858Z         1 file(s) moved.
2025-04-15T02:25:02.4926229Z         1 file(s) moved.
2025-04-15T02:25:02.4926596Z         1 file(s) moved.
2025-04-15T02:25:02.4927414Z Processing folder: ./../../electron/shared\engines\cortex.llamacpp\windows-amd64-avx\v0.1.55
2025-04-15T02:25:02.4928226Z         1 file(s) moved.
2025-04-15T02:25:02.4928592Z         1 file(s) moved.
2025-04-15T02:25:02.4928957Z         1 file(s) moved.
2025-04-15T02:25:02.4929309Z         1 file(s) moved.
2025-04-15T02:25:02.4930147Z Processing folder: ./../../electron/shared\engines\cortex.llamacpp\windows-amd64-avx2\v0.1.55
2025-04-15T02:25:02.4930941Z         1 file(s) moved.
2025-04-15T02:25:02.4931325Z         1 file(s) moved.
2025-04-15T02:25:02.4931690Z         1 file(s) moved.
2025-04-15T02:25:02.4932119Z         1 file(s) moved.
2025-04-15T02:25:02.4932969Z Processing folder: ./../../electron/shared\engines\cortex.llamacpp\windows-amd64-avx512\v0.1.55
2025-04-15T02:25:02.4933793Z         1 file(s) moved.
2025-04-15T02:25:02.4934141Z         1 file(s) moved.
2025-04-15T02:25:02.4934512Z         1 file(s) moved.
2025-04-15T02:25:02.4934858Z         1 file(s) moved.
2025-04-15T02:25:02.4935685Z Processing folder: ./../../electron/shared\engines\cortex.llamacpp\windows-amd64-vulkan\v0.1.55
2025-04-15T02:25:02.4936477Z         1 file(s) moved.
2025-04-15T02:25:02.4936842Z         1 file(s) moved.
2025-04-15T02:25:02.4937180Z         1 file(s) moved.
2025-04-15T02:25:02.4937560Z         1 file(s) moved.
2025-04-15T02:25:02.4937992Z DLL files moved successfully.
2025-04-15T02:25:02.4938596Z janhq-inference-cortex-extension-1.0.25.tgz
2025-04-15T02:25:02.4939145Z No matches found: "*.tgz"
2025-04-15T02:25:02.4939628Z The system cannot find the file specified.
2025-04-15T02:25:02.4940197Z Invalid switch - "bin\cortex-beta.exe".
2025-04-15T02:25:02.4940766Z Invalid switch - "bin\cortex.exe".
2025-04-15T02:25:02.4941206Z npm notice
2025-04-15T02:25:02.4941769Z npm notice package: @janhq/inference-cortex-extension@1.0.25
2025-04-15T02:25:02.4942488Z npm notice Tarball Contents
2025-04-15T02:25:02.4942946Z npm notice 2.6kB README.md
2025-04-15T02:25:02.4943459Z npm notice 14.8MB dist/bin/cortex-server.exe
2025-04-15T02:25:02.4944091Z npm notice 8.7MB dist/bin/cortex.exe
2025-04-15T02:25:02.4944664Z npm notice 146.2MB dist/bin/cublas64_11.dll
2025-04-15T02:25:02.4945241Z npm notice 98.1MB dist/bin/cublas64_12.dll
2025-04-15T02:25:02.4945893Z npm notice 308.6MB dist/bin/cublasLt64_11.dll
2025-04-15T02:25:02.4946604Z npm notice 465.9MB dist/bin/cublasLt64_12.dll
2025-04-15T02:25:02.4947579Z npm notice 527.4kB dist/bin/cudart64_12.dll
2025-04-15T02:25:02.4948221Z npm notice 518.1kB dist/bin/cudart64_110.dll
2025-04-15T02:25:02.4948817Z npm notice 575.0kB dist/bin/msvcp140.dll
2025-04-15T02:25:02.4949385Z npm notice 192.1kB dist/bin/vcomp140.dll
2025-04-15T02:25:02.4950051Z npm notice 49.5kB dist/bin/vcruntime140_1.dll
2025-04-15T02:25:02.4950720Z npm notice 119.7kB dist/bin/vcruntime140.dll
2025-04-15T02:25:02.4951331Z npm notice 6B dist/bin/version.txt
2025-04-15T02:25:02.4952080Z npm notice 1.4MB dist/bin/vulkan-1.dll
2025-04-15T02:25:02.4952626Z npm notice 74.9kB dist/index.js
2025-04-15T02:25:02.4953171Z npm notice 5.0kB dist/node/index.cjs.js
2025-04-15T02:25:02.4953729Z npm notice 2.2kB package.json
2025-04-15T02:25:02.4954208Z npm notice Bundled Dependencies
2025-04-15T02:25:02.4954633Z npm notice fetch-retry
2025-04-15T02:25:02.4955025Z npm notice layerr
2025-04-15T02:25:02.4955441Z npm notice ulidx
2025-04-15T02:25:02.4955884Z npm notice tslib
2025-04-15T02:25:02.4956252Z npm notice rxjs
2025-04-15T02:25:02.4956718Z npm notice @janhq/core
2025-04-15T02:25:02.4957154Z npm notice Tarball Details
2025-04-15T02:25:02.4957746Z npm notice name: @janhq/inference-cortex-extension
2025-04-15T02:25:02.4958336Z npm notice version: 1.0.25
2025-04-15T02:25:02.4959099Z npm notice filename: janhq-inference-cortex-extension-1.0.25.tgz
2025-04-15T02:25:02.4959902Z npm notice package size: 713.3 MB
2025-04-15T02:25:02.4960435Z npm notice unpacked size: 1.1 GB
2025-04-15T02:25:02.4961113Z npm notice shasum: 05c4680d501d881de01b159a5715aec5d208b5ae
2025-04-15T02:25:02.4961918Z npm notice integrity: sha512-Eha4Unl7x3qVa[...]893pCDjqdwl+A==
2025-04-15T02:25:02.4962489Z npm notice bundled deps: 6
2025-04-15T02:25:02.4962868Z npm notice bundled files: 0
2025-04-15T02:25:02.4963258Z npm notice own files: 2608
2025-04-15T02:25:02.4963638Z npm notice total files: 2608
2025-04-15T02:25:02.4964002Z npm notice
2025-04-15T02:25:02.4964299Z Done in 2m 4s
2025-04-15T02:25:02.5317757Z powershell -Command "if ((Get-ChildItem -Path pre-install -Filter *.tgz | Measure-Object | Select-Object -ExpandProperty Count) -ne (Get-ChildItem -Path extensions -Directory | Where-Object Name -like *-extension* | Measure-Object | Select-Object -ExpandProperty Count)) { Write-Host 'Number of .tgz files in pre-install does not match the number of subdirectories in extensions with package.json'; exit 1 } else { Write-Host 'Extension build successful' }"
2025-04-15T02:25:02.9637410Z Extension build successful
2025-04-15T02:25:02.9817592Z yarn build
2025-04-15T02:25:05.7612911Z ⚠ No build cache found. Please configure build caching for faster rebuilds. Read more: https://nextjs.org/docs/messages/no-cache
2025-04-15T02:25:05.7672047Z Attention: Next.js now collects completely anonymous telemetry regarding usage.
2025-04-15T02:25:05.7672798Z This information is used to shape Next.js' roadmap and prioritize features.
2025-04-15T02:25:05.7673600Z You can learn more, including how to opt-out if you'd not like to participate in this anonymous program, by visiting the following URL:
2025-04-15T02:25:05.7674211Z https://nextjs.org/telemetry
2025-04-15T02:25:05.7674396Z 
2025-04-15T02:25:05.8378571Z   ▲ Next.js 14.2.3
2025-04-15T02:25:05.8379116Z 
2025-04-15T02:25:05.8537005Z    Creating an optimized production build ...
2025-04-15T02:25:06.3587402Z  ⚠ Production code optimization has been disabled in your project. Read more: https://nextjs.org/docs/messages/minification-disabled
2025-04-15T02:25:28.4251759Z  ✓ Compiled successfully
2025-04-15T02:25:28.4267719Z    Skipping linting
2025-04-15T02:25:28.4270155Z    Checking validity of types ...
2025-04-15T02:25:44.9731445Z    Collecting page data ...
2025-04-15T02:25:46.3505163Z    Generating static pages (0/8) ...
2025-04-15T02:25:46.9086373Z    Generating static pages (2/8) 
2025-04-15T02:25:47.0265895Z    Generating static pages (4/8) 
2025-04-15T02:25:47.0669853Z    Generating static pages (6/8) 
2025-04-15T02:25:50.3027331Z  ✓ Generating static pages (8/8)
2025-04-15T02:25:50.9116409Z    Finalizing page optimization ...
2025-04-15T02:25:50.9117250Z    Collecting build traces ...
2025-04-15T02:25:57.9536272Z 
2025-04-15T02:25:57.9567791Z Route (app)                              Size     First Load JS
2025-04-15T02:25:57.9568857Z ┌ ○ /                                    1.74 MB        2.15 MB
2025-04-15T02:25:57.9569577Z ├ ○ /_not-found                          1.42 kB         133 kB
2025-04-15T02:25:57.9570640Z ├ ○ /privacy                             336 B           156 kB
2025-04-15T02:25:57.9571440Z ├ ○ /search                              7.47 kB         364 kB
2025-04-15T02:25:57.9571921Z └ ○ /support                             336 B           156 kB
2025-04-15T02:25:57.9572299Z + First Load JS shared by all            132 kB
2025-04-15T02:25:57.9572720Z   ├ chunks/23-8e254c535cad5d3d.js        72.2 kB
2025-04-15T02:25:57.9573197Z   ├ chunks/fd9d1056-099d7b6430ef0309.js  55.3 kB
2025-04-15T02:25:57.9573598Z   └ other shared chunks (total)          4.08 kB
2025-04-15T02:25:57.9573803Z 
2025-04-15T02:25:57.9573810Z 
2025-04-15T02:25:57.9574029Z ○  (Static)  prerendered as static content
2025-04-15T02:25:57.9574220Z 
2025-04-15T02:25:59.8784782Z         Appx Creating StoreLogo.png
2025-04-15T02:25:59.8862781Z         Appx Creating Square30x30Logo.png
2025-04-15T02:25:59.8927844Z         Appx Creating Square44x44Logo.png
2025-04-15T02:25:59.8999725Z         Appx Creating Square71x71Logo.png
2025-04-15T02:25:59.9088348Z         Appx Creating Square89x89Logo.png
2025-04-15T02:25:59.9192539Z         Appx Creating Square107x107Logo.png
2025-04-15T02:25:59.9307036Z         Appx Creating Square142x142Logo.png
2025-04-15T02:25:59.9444281Z         Appx Creating Square150x150Logo.png
2025-04-15T02:25:59.9589050Z         Appx Creating Square284x284Logo.png
2025-04-15T02:25:59.9861801Z         Appx Creating Square310x310Logo.png
2025-04-15T02:26:00.0175999Z         ICNS Creating icon.icns
2025-04-15T02:26:00.4304613Z          ICO Creating icon.ico
2025-04-15T02:26:00.4857340Z          PNG Creating 32x32.png
2025-04-15T02:26:00.4922840Z          PNG Creating 64x64.png
2025-04-15T02:26:00.5007316Z          PNG Creating 128x128.png
2025-04-15T02:26:00.5135540Z          PNG Creating 128x128@2x.png
2025-04-15T02:26:00.5374850Z          PNG Creating icon.png
2025-04-15T02:26:00.5752854Z          PNG Creating mipmap-hdpi/ic_launcher_foreground.png
2025-04-15T02:26:00.5911335Z          PNG Creating mipmap-hdpi/ic_launcher_round.png
2025-04-15T02:26:00.5989555Z          PNG Creating mipmap-hdpi/ic_launcher.png
2025-04-15T02:26:00.6065774Z          PNG Creating mipmap-mdpi/ic_launcher_foreground.png
2025-04-15T02:26:00.6185137Z          PNG Creating mipmap-mdpi/ic_launcher_round.png
2025-04-15T02:26:00.6262537Z          PNG Creating mipmap-mdpi/ic_launcher.png
2025-04-15T02:26:00.6338665Z          PNG Creating mipmap-xhdpi/ic_launcher_foreground.png
2025-04-15T02:26:00.6548892Z          PNG Creating mipmap-xhdpi/ic_launcher_round.png
2025-04-15T02:26:00.6658142Z          PNG Creating mipmap-xhdpi/ic_launcher.png
2025-04-15T02:26:00.6768152Z          PNG Creating mipmap-xxhdpi/ic_launcher_foreground.png
2025-04-15T02:26:00.7088038Z          PNG Creating mipmap-xxhdpi/ic_launcher_round.png
2025-04-15T02:26:00.7228876Z          PNG Creating mipmap-xxhdpi/ic_launcher.png
2025-04-15T02:26:00.7370742Z          PNG Creating mipmap-xxxhdpi/ic_launcher_foreground.png
2025-04-15T02:26:00.7849320Z          PNG Creating mipmap-xxxhdpi/ic_launcher_round.png
2025-04-15T02:26:00.8033645Z          PNG Creating mipmap-xxxhdpi/ic_launcher.png
2025-04-15T02:26:00.8219181Z          iOS Creating AppIcon-20x20@2x-1.png
2025-04-15T02:26:00.8293997Z          iOS Creating AppIcon-20x20@1x.png
2025-04-15T02:26:00.8354999Z          iOS Creating AppIcon-20x20@2x.png
2025-04-15T02:26:00.8427233Z          iOS Creating AppIcon-20x20@3x.png
2025-04-15T02:26:00.8522833Z          iOS Creating AppIcon-29x29@2x-1.png
2025-04-15T02:26:00.8605849Z          iOS Creating AppIcon-29x29@1x.png
2025-04-15T02:26:00.8674349Z          iOS Creating AppIcon-29x29@2x.png
2025-04-15T02:26:00.8759058Z          iOS Creating AppIcon-29x29@3x.png
2025-04-15T02:26:00.8864798Z          iOS Creating AppIcon-40x40@2x-1.png
2025-04-15T02:26:00.8963013Z          iOS Creating AppIcon-40x40@1x.png
2025-04-15T02:26:00.9035241Z          iOS Creating AppIcon-40x40@2x.png
2025-04-15T02:26:00.9133496Z          iOS Creating AppIcon-40x40@3x.png
2025-04-15T02:26:00.9268864Z          iOS Creating AppIcon-60x60@2x.png
2025-04-15T02:26:00.9400473Z          iOS Creating AppIcon-60x60@3x.png
2025-04-15T02:26:00.9587750Z          iOS Creating AppIcon-76x76@1x.png
2025-04-15T02:26:00.9684960Z          iOS Creating AppIcon-76x76@2x.png
2025-04-15T02:26:00.9850730Z          iOS Creating AppIcon-83.5x83.5@2x.png
2025-04-15T02:26:01.0028710Z          iOS Creating AppIcon-512@2x.png
2025-04-15T02:26:24.5641984Z      Running beforeBuildCommand `IS_TAURI=true yarn build:web`
2025-04-15T02:26:24.5731726Z 'IS_TAURI' is not recognized as an internal or external command,
2025-04-15T02:26:24.5732571Z operable program or batch file.
2025-04-15T02:26:24.5742248Z beforeBuildCommand `IS_TAURI=true yarn build:web` failed with exit code 1
2025-04-15T02:26:24.5745005Z        Error beforeBuildCommand `IS_TAURI=true yarn build:web` failed with exit code 1
2025-04-15T02:26:25.6875907Z make: *** [Makefile:120: build] Error 1
2025-04-15T02:26:25.6934776Z ##[error]Process completed with exit code 2.
2025-04-15T02:26:25.7195061Z Post job cleanup.
2025-04-15T02:26:26.1187383Z [command]"C:\Program Files\Git\bin\git.exe" version
2025-04-15T02:26:26.1428018Z git version 2.49.0.windows.1
2025-04-15T02:26:26.2639646Z Temporarily overriding HOME='D:\a\_temp\d1bfd89a-002e-4c5d-a659-913c6c92d215' before making global git config changes
2025-04-15T02:26:26.2640712Z Adding repository directory to the temporary git global config as a safe directory
2025-04-15T02:26:26.2648366Z [command]"C:\Program Files\Git\bin\git.exe" config --global --add safe.directory D:\a\jan\jan
2025-04-15T02:26:26.2930784Z [command]"C:\Program Files\Git\bin\git.exe" config --local --name-only --get-regexp core\.sshCommand
2025-04-15T02:26:26.3187037Z [command]"C:\Program Files\Git\bin\git.exe" submodule foreach --recursive "sh -c \"git config --local --name-only --get-regexp 'core\.sshCommand' && git config --local --unset-all 'core.sshCommand' || :\""
2025-04-15T02:26:26.8075672Z [command]"C:\Program Files\Git\bin\git.exe" config --local --name-only --get-regexp http\.https\:\/\/github\.com\/\.extraheader
2025-04-15T02:26:26.8287221Z http.https://github.com/.extraheader
2025-04-15T02:26:26.8326415Z [command]"C:\Program Files\Git\bin\git.exe" config --local --unset-all http.https://github.com/.extraheader
2025-04-15T02:26:26.8576764Z [command]"C:\Program Files\Git\bin\git.exe" submodule foreach --recursive "sh -c \"git config --local --name-only --get-regexp 'http\.https\:\/\/github\.com\/\.extraheader' && git config --local --unset-all 'http.https://github.com/.extraheader' || :\""
2025-04-15T02:26:27.3160672Z Cleaning up orphan processes
