2025-04-15T01:17:31.1907083Z Requested labels: ubuntu-24.04
2025-04-15T01:17:31.1907355Z Job defined at: godotengine/godot/.github/workflows/static_checks.yml@refs/pull/105398/merge
2025-04-15T01:17:31.1907582Z Reusable workflow chain:
2025-04-15T01:17:31.1907665Z godotengine/godot/.github/workflows/runner.yml@refs/pull/105398/merge (ccb923612e165a67da7142e9bfca88e39ceeb4e2)
2025-04-15T01:17:31.1907738Z -> godotengine/godot/.github/workflows/static_checks.yml@refs/pull/105398/merge (ccb923612e165a67da7142e9bfca88e39ceeb4e2)
2025-04-15T01:17:31.1907823Z Waiting for a runner to pick up this job...
2025-04-15T01:17:31.4540134Z Job is waiting for a hosted runner to come online.
2025-04-15T01:17:35.4836714Z Job is about to start running on the hosted runner: GitHub Actions 43 (hosted)
2025-04-15T01:17:37.9960621Z Current runner version: '2.323.0'
2025-04-15T01:17:37.9982561Z ##[group]Operating System
2025-04-15T01:17:37.9983335Z Ubuntu
2025-04-15T01:17:37.9983899Z 24.04.2
2025-04-15T01:17:37.9984425Z LTS
2025-04-15T01:17:37.9984907Z ##[endgroup]
2025-04-15T01:17:37.9985441Z ##[group]Runner Image
2025-04-15T01:17:37.9986058Z Image: ubuntu-24.04
2025-04-15T01:17:37.9986603Z Version: 20250406.1.0
2025-04-15T01:17:37.9987917Z Included Software: https://github.com/actions/runner-images/blob/ubuntu24/20250406.1/images/ubuntu/Ubuntu2404-Readme.md
2025-04-15T01:17:37.9989300Z Image Release: https://github.com/actions/runner-images/releases/tag/ubuntu24%2F20250406.1
2025-04-15T01:17:37.9990201Z ##[endgroup]
2025-04-15T01:17:37.9990808Z ##[group]Runner Image Provisioner
2025-04-15T01:17:37.9991428Z 2.0.422.1
2025-04-15T01:17:37.9991915Z ##[endgroup]
2025-04-15T01:17:37.9994139Z ##[group]GITHUB_TOKEN Permissions
2025-04-15T01:17:37.9996058Z Actions: read
2025-04-15T01:17:37.9996875Z Attestations: read
2025-04-15T01:17:37.9997758Z Checks: read
2025-04-15T01:17:37.9998307Z Contents: read
2025-04-15T01:17:37.9998815Z Deployments: read
2025-04-15T01:17:37.9999392Z Discussions: read
2025-04-15T01:17:37.9999933Z Issues: read
2025-04-15T01:17:38.0000467Z Metadata: read
2025-04-15T01:17:38.0001017Z Models: read
2025-04-15T01:17:38.0001504Z Packages: read
2025-04-15T01:17:38.0002046Z Pages: read
2025-04-15T01:17:38.0002616Z PullRequests: read
2025-04-15T01:17:38.0003196Z RepositoryProjects: read
2025-04-15T01:17:38.0003773Z SecurityEvents: read
2025-04-15T01:17:38.0004349Z Statuses: read
2025-04-15T01:17:38.0004891Z ##[endgroup]
2025-04-15T01:17:38.0008011Z Secret source: None
2025-04-15T01:17:38.0008937Z Prepare workflow directory
2025-04-15T01:17:38.0393884Z Prepare all required actions
2025-04-15T01:17:38.0429719Z Getting action download info
2025-04-15T01:17:38.2881410Z ##[group]Download immutable action package 'actions/checkout@v4'
2025-04-15T01:17:38.2882288Z Version: 4.2.2
2025-04-15T01:17:38.2883147Z Digest: sha256:ccb2698953eaebd21c7bf6268a94f9c26518a7e38e27e0b83c1fe1ad049819b1
2025-04-15T01:17:38.2884174Z Source commit SHA: 11bd71901bbe5b1630ceea73d27597364c9af683
2025-04-15T01:17:38.2884799Z ##[endgroup]
2025-04-15T01:17:38.3864232Z Download action repository 'pre-commit/action@v3.0.1' (SHA:2c7b3805fd2a0fd8c1884dcaebf91fc102a13ecd)
2025-04-15T01:17:38.8687936Z Getting action download info
2025-04-15T01:17:39.0391727Z ##[group]Download immutable action package 'actions/cache@v4'
2025-04-15T01:17:39.0392400Z Version: 4.2.3
2025-04-15T01:17:39.0393082Z Digest: sha256:c8a3bb963e1f1826d8fcc8d1354f0dd29d8ac1db1d4f6f20247055ae11b81ed9
2025-04-15T01:17:39.0393958Z Source commit SHA: 5a3ec84eff668545956fd18022155c47e93e2684
2025-04-15T01:17:39.0394579Z ##[endgroup]
2025-04-15T01:17:39.1600378Z Uses: godotengine/godot/.github/workflows/static_checks.yml@refs/pull/105398/merge (ccb923612e165a67da7142e9bfca88e39ceeb4e2)
2025-04-15T01:17:39.1603482Z Complete job name: 📊 Static checks / Code style, file formatting, and docs
2025-04-15T01:17:39.2298037Z ##[group]Run actions/checkout@v4
2025-04-15T01:17:39.2298931Z with:
2025-04-15T01:17:39.2299332Z   fetch-depth: 2
2025-04-15T01:17:39.2299785Z   repository: godotengine/godot
2025-04-15T01:17:39.2300439Z   token: ***
2025-04-15T01:17:39.2300854Z   ssh-strict: true
2025-04-15T01:17:39.2301333Z   ssh-user: git
2025-04-15T01:17:39.2301778Z   persist-credentials: true
2025-04-15T01:17:39.2302249Z   clean: true
2025-04-15T01:17:39.2302682Z   sparse-checkout-cone-mode: true
2025-04-15T01:17:39.2303190Z   fetch-tags: false
2025-04-15T01:17:39.2303616Z   show-progress: true
2025-04-15T01:17:39.2304048Z   lfs: false
2025-04-15T01:17:39.2304457Z   submodules: false
2025-04-15T01:17:39.2304889Z   set-safe-directory: true
2025-04-15T01:17:39.2305562Z ##[endgroup]
2025-04-15T01:17:39.4391462Z Syncing repository: godotengine/godot
2025-04-15T01:17:39.4393312Z ##[group]Getting Git version info
2025-04-15T01:17:39.4394083Z Working directory is '/home/runner/work/godot/godot'
2025-04-15T01:17:39.4395207Z [command]/usr/bin/git version
2025-04-15T01:17:39.4462252Z git version 2.49.0
2025-04-15T01:17:39.4490302Z ##[endgroup]
2025-04-15T01:17:39.4504984Z Temporarily overriding HOME='/home/runner/work/_temp/e50ab6d5-419e-4643-b498-7914505af24b' before making global git config changes
2025-04-15T01:17:39.4507988Z Adding repository directory to the temporary git global config as a safe directory
2025-04-15T01:17:39.4511763Z [command]/usr/bin/git config --global --add safe.directory /home/runner/work/godot/godot
2025-04-15T01:17:39.4545547Z Deleting the contents of '/home/runner/work/godot/godot'
2025-04-15T01:17:39.4549878Z ##[group]Initializing the repository
2025-04-15T01:17:39.4554581Z [command]/usr/bin/git init /home/runner/work/godot/godot
2025-04-15T01:17:39.4623198Z hint: Using 'master' as the name for the initial branch. This default branch name
2025-04-15T01:17:39.4624999Z hint: is subject to change. To configure the initial branch name to use in all
2025-04-15T01:17:39.4626401Z hint: of your new repositories, which will suppress this warning, call:
2025-04-15T01:17:39.4627485Z hint:
2025-04-15T01:17:39.4628416Z hint: 	git config --global init.defaultBranch <name>
2025-04-15T01:17:39.4629489Z hint:
2025-04-15T01:17:39.4630503Z hint: Names commonly chosen instead of 'master' are 'main', 'trunk' and
2025-04-15T01:17:39.4631881Z hint: 'development'. The just-created branch can be renamed via this command:
2025-04-15T01:17:39.4632667Z hint:
2025-04-15T01:17:39.4633121Z hint: 	git branch -m <name>
2025-04-15T01:17:39.4634164Z Initialized empty Git repository in /home/runner/work/godot/godot/.git/
2025-04-15T01:17:39.4639656Z [command]/usr/bin/git remote add origin https://github.com/godotengine/godot
2025-04-15T01:17:39.4671130Z ##[endgroup]
2025-04-15T01:17:39.4672618Z ##[group]Disabling automatic garbage collection
2025-04-15T01:17:39.4676011Z [command]/usr/bin/git config --local gc.auto 0
2025-04-15T01:17:39.4704734Z ##[endgroup]
2025-04-15T01:17:39.4706297Z ##[group]Setting up auth
2025-04-15T01:17:39.4712455Z [command]/usr/bin/git config --local --name-only --get-regexp core\.sshCommand
2025-04-15T01:17:39.4746401Z [command]/usr/bin/git submodule foreach --recursive sh -c "git config --local --name-only --get-regexp 'core\.sshCommand' && git config --local --unset-all 'core.sshCommand' || :"
2025-04-15T01:17:39.5044175Z [command]/usr/bin/git config --local --name-only --get-regexp http\.https\:\/\/github\.com\/\.extraheader
2025-04-15T01:17:39.5072312Z [command]/usr/bin/git submodule foreach --recursive sh -c "git config --local --name-only --get-regexp 'http\.https\:\/\/github\.com\/\.extraheader' && git config --local --unset-all 'http.https://github.com/.extraheader' || :"
2025-04-15T01:17:39.5385969Z [command]/usr/bin/git config --local http.https://github.com/.extraheader AUTHORIZATION: basic ***
2025-04-15T01:17:39.5390866Z ##[endgroup]
2025-04-15T01:17:39.5391874Z ##[group]Fetching the repository
2025-04-15T01:17:39.5393728Z [command]/usr/bin/git -c protocol.version=2 fetch --no-tags --prune --no-recurse-submodules --depth=2 origin +ccb923612e165a67da7142e9bfca88e39ceeb4e2:refs/remotes/pull/105398/merge
2025-04-15T01:17:49.9471362Z From https://github.com/godotengine/godot
2025-04-15T01:17:49.9472324Z  * [new ref]         ccb923612e165a67da7142e9bfca88e39ceeb4e2 -> pull/105398/merge
2025-04-15T01:17:49.9562611Z ##[endgroup]
2025-04-15T01:17:49.9563100Z ##[group]Determining the checkout info
2025-04-15T01:17:49.9565351Z ##[endgroup]
2025-04-15T01:17:49.9572114Z [command]/usr/bin/git sparse-checkout disable
2025-04-15T01:17:49.9615329Z [command]/usr/bin/git config --local --unset-all extensions.worktreeConfig
2025-04-15T01:17:49.9642956Z ##[group]Checking out the ref
2025-04-15T01:17:49.9648521Z [command]/usr/bin/git checkout --progress --force refs/remotes/pull/105398/merge
2025-04-15T01:17:51.0061250Z Updating files:  83% (10530/12578)
2025-04-15T01:17:51.0134927Z Updating files:  84% (10566/12578)
2025-04-15T01:17:51.0219613Z Updating files:  85% (10692/12578)
2025-04-15T01:17:51.0330057Z Updating files:  86% (10818/12578)
2025-04-15T01:17:51.0434088Z Updating files:  87% (10943/12578)
2025-04-15T01:17:51.0615664Z Updating files:  88% (11069/12578)
2025-04-15T01:17:51.0723303Z Updating files:  89% (11195/12578)
2025-04-15T01:17:51.0826245Z Updating files:  90% (11321/12578)
2025-04-15T01:17:51.0928593Z Updating files:  91% (11446/12578)
2025-04-15T01:17:51.1055457Z Updating files:  92% (11572/12578)
2025-04-15T01:17:51.1201649Z Updating files:  93% (11698/12578)
2025-04-15T01:17:51.1357775Z Updating files:  94% (11824/12578)
2025-04-15T01:17:51.1456624Z Updating files:  95% (11950/12578)
2025-04-15T01:17:51.1656819Z Updating files:  96% (12075/12578)
2025-04-15T01:17:51.1818316Z Updating files:  97% (12201/12578)
2025-04-15T01:17:51.2298128Z Updating files:  98% (12327/12578)
2025-04-15T01:17:51.2478158Z Updating files:  99% (12453/12578)
2025-04-15T01:17:51.2478790Z Updating files: 100% (12578/12578)
2025-04-15T01:17:51.2479349Z Updating files: 100% (12578/12578), done.
2025-04-15T01:17:51.2595697Z Note: switching to 'refs/remotes/pull/105398/merge'.
2025-04-15T01:17:51.2596339Z 
2025-04-15T01:17:51.2596740Z You are in 'detached HEAD' state. You can look around, make experimental
2025-04-15T01:17:51.2597815Z changes and commit them, and you can discard any commits you make in this
2025-04-15T01:17:51.2598403Z state without impacting any branches by switching back to a branch.
2025-04-15T01:17:51.2598775Z 
2025-04-15T01:17:51.2599013Z If you want to create a new branch to retain commits you create, you may
2025-04-15T01:17:51.2599578Z do so (now or later) by using -c with the switch command. Example:
2025-04-15T01:17:51.2599887Z 
2025-04-15T01:17:51.2600018Z   git switch -c <new-branch-name>
2025-04-15T01:17:51.2600251Z 
2025-04-15T01:17:51.2600368Z Or undo this operation with:
2025-04-15T01:17:51.2600573Z 
2025-04-15T01:17:51.2600674Z   git switch -
2025-04-15T01:17:51.2600825Z 
2025-04-15T01:17:51.2601086Z Turn off this advice by setting config variable advice.detachedHead to false
2025-04-15T01:17:51.2601478Z 
2025-04-15T01:17:51.2601919Z HEAD is now at ccb9236 Merge 850937617dcaf496c0e10b1f059af8403367c325 into e5ccaa79e2a2d5551369bd6cc1f8ed654a791275
2025-04-15T01:17:51.2643685Z ##[endgroup]
2025-04-15T01:17:51.2684768Z [command]/usr/bin/git log -1 --format=%H
2025-04-15T01:17:51.2708493Z ccb923612e165a67da7142e9bfca88e39ceeb4e2
2025-04-15T01:17:51.2882473Z ##[group]Run bash ./misc/scripts/gitignore_check.sh
2025-04-15T01:17:51.2882900Z [36;1mbash ./misc/scripts/gitignore_check.sh[0m
2025-04-15T01:17:51.2932831Z shell: /usr/bin/bash -e {0}
2025-04-15T01:17:51.2933100Z ##[endgroup]
2025-04-15T01:17:51.3031146Z .gitignore validation...
2025-04-15T01:17:51.4955906Z ##[group]Run if [ "pull_request" == "pull_request" ]; then
2025-04-15T01:17:51.4956354Z [36;1mif [ "pull_request" == "pull_request" ]; then[0m
2025-04-15T01:17:51.4956820Z [36;1m  files=$(git diff-tree --no-commit-id --name-only -r HEAD^1..HEAD 2> /dev/null || true)[0m
2025-04-15T01:17:51.4957572Z [36;1melif [ "pull_request" == "push" -a "" == "false" -a "" == "false" ]; then[0m
2025-04-15T01:17:51.4958374Z [36;1m  files=$(git diff-tree --no-commit-id --name-only -r 0fe5aab74e17def855fb889a7cc410e62208aac0..850937617dcaf496c0e10b1f059af8403367c325 2> /dev/null || true)[0m
2025-04-15T01:17:51.4958999Z [36;1mfi[0m
2025-04-15T01:17:51.4959280Z [36;1mfiles=$(echo "$files" | xargs -I {} sh -c 'echo "\"./{}\""' | tr '\n' ' ')[0m
2025-04-15T01:17:51.4959666Z [36;1mecho "CHANGED_FILES=$files" >> $GITHUB_ENV[0m
2025-04-15T01:17:51.5005465Z shell: /usr/bin/bash -e {0}
2025-04-15T01:17:51.5005705Z env:
2025-04-15T01:17:51.5006173Z   GITHUB_TOKEN: ***
2025-04-15T01:17:51.5006403Z ##[endgroup]
2025-04-15T01:17:51.5227945Z ##[group]Run pre-commit/action@v3.0.1
2025-04-15T01:17:51.5228233Z with:
2025-04-15T01:17:51.5228904Z   extra_args: --files "./core/config/project_settings.cpp" "./doc/classes/ProjectSettings.xml" "./editor/plugins/node_3d_editor_plugin.cpp" "./editor/plugins/node_3d_editor_plugin.h" 
2025-04-15T01:17:51.5229579Z env:
2025-04-15T01:17:51.5230168Z   CHANGED_FILES: "./core/config/project_settings.cpp" "./doc/classes/ProjectSettings.xml" "./editor/plugins/node_3d_editor_plugin.cpp" "./editor/plugins/node_3d_editor_plugin.h" 
2025-04-15T01:17:51.5231008Z ##[endgroup]
2025-04-15T01:17:51.5299063Z ##[group]Run python -m pip install pre-commit
2025-04-15T01:17:51.5299371Z [36;1mpython -m pip install pre-commit[0m
2025-04-15T01:17:51.5342248Z shell: /usr/bin/bash --noprofile --norc -e -o pipefail {0}
2025-04-15T01:17:51.5342565Z env:
2025-04-15T01:17:51.5343237Z   CHANGED_FILES: "./core/config/project_settings.cpp" "./doc/classes/ProjectSettings.xml" "./editor/plugins/node_3d_editor_plugin.cpp" "./editor/plugins/node_3d_editor_plugin.h" 
2025-04-15T01:17:51.5343924Z ##[endgroup]
2025-04-15T01:17:51.9148334Z Defaulting to user installation because normal site-packages is not writeable
2025-04-15T01:17:52.2422656Z Collecting pre-commit
2025-04-15T01:17:52.2727642Z   Downloading pre_commit-4.2.0-py2.py3-none-any.whl.metadata (1.3 kB)
2025-04-15T01:17:52.2949380Z Collecting cfgv>=2.0.0 (from pre-commit)
2025-04-15T01:17:52.2974471Z   Downloading cfgv-3.4.0-py2.py3-none-any.whl.metadata (8.5 kB)
2025-04-15T01:17:52.3669430Z Collecting identify>=1.0.0 (from pre-commit)
2025-04-15T01:17:52.3700353Z   Downloading identify-2.6.9-py2.py3-none-any.whl.metadata (4.4 kB)
2025-04-15T01:17:52.3927624Z Collecting nodeenv>=0.11.1 (from pre-commit)
2025-04-15T01:17:52.3949917Z   Downloading nodeenv-1.9.1-py2.py3-none-any.whl.metadata (21 kB)
2025-04-15T01:17:52.4033819Z Requirement already satisfied: pyyaml>=5.1 in /usr/lib/python3/dist-packages (from pre-commit) (6.0.1)
2025-04-15T01:17:52.4778440Z Collecting virtualenv>=20.10.0 (from pre-commit)
2025-04-15T01:17:52.4805040Z   Downloading virtualenv-20.30.0-py3-none-any.whl.metadata (4.5 kB)
2025-04-15T01:17:52.5179512Z Collecting distlib<1,>=0.3.7 (from virtualenv>=20.10.0->pre-commit)
2025-04-15T01:17:52.5204634Z   Downloading distlib-0.3.9-py2.py3-none-any.whl.metadata (5.2 kB)
2025-04-15T01:17:52.5501113Z Collecting filelock<4,>=3.12.2 (from virtualenv>=20.10.0->pre-commit)
2025-04-15T01:17:52.5525146Z   Downloading filelock-3.18.0-py3-none-any.whl.metadata (2.9 kB)
2025-04-15T01:17:52.5577859Z Requirement already satisfied: platformdirs<5,>=3.9.1 in /usr/local/lib/python3.12/dist-packages (from virtualenv>=20.10.0->pre-commit) (4.3.7)
2025-04-15T01:17:52.5783535Z Downloading pre_commit-4.2.0-py2.py3-none-any.whl (220 kB)
2025-04-15T01:17:52.5909793Z    ━━━━━━━━━━━━━━━━━━━━━━━━━━━━━━━━━━━━━━━━ 220.7/220.7 kB 20.4 MB/s eta 0:00:00
2025-04-15T01:17:52.5936168Z Downloading cfgv-3.4.0-py2.py3-none-any.whl (7.2 kB)
2025-04-15T01:17:52.5980272Z Downloading identify-2.6.9-py2.py3-none-any.whl (99 kB)
2025-04-15T01:17:52.6022762Z    ━━━━━━━━━━━━━━━━━━━━━━━━━━━━━━━━━━━━━━━━ 99.1/99.1 kB 34.1 MB/s eta 0:00:00
2025-04-15T01:17:52.6046915Z Downloading nodeenv-1.9.1-py2.py3-none-any.whl (22 kB)
2025-04-15T01:17:52.6095064Z Downloading virtualenv-20.30.0-py3-none-any.whl (4.3 MB)
2025-04-15T01:17:52.6421380Z    ━━━━━━━━━━━━━━━━━━━━━━━━━━━━━━━━━━━━━━━━ 4.3/4.3 MB 140.3 MB/s eta 0:00:00
2025-04-15T01:17:52.6452019Z Downloading distlib-0.3.9-py2.py3-none-any.whl (468 kB)
2025-04-15T01:17:52.6522902Z    ━━━━━━━━━━━━━━━━━━━━━━━━━━━━━━━━━━━━━━━━ 469.0/469.0 kB 86.9 MB/s eta 0:00:00
2025-04-15T01:17:52.6552643Z Downloading filelock-3.18.0-py3-none-any.whl (16 kB)
2025-04-15T01:17:52.9471120Z Installing collected packages: distlib, nodeenv, identify, filelock, cfgv, virtualenv, pre-commit
2025-04-15T01:17:53.2535982Z Successfully installed cfgv-3.4.0 distlib-0.3.9 filelock-3.18.0 identify-2.6.9 nodeenv-1.9.1 pre-commit-4.2.0 virtualenv-20.30.0
2025-04-15T01:17:53.3162992Z ##[group]Run python -m pip freeze --local
2025-04-15T01:17:53.3163323Z [36;1mpython -m pip freeze --local[0m
2025-04-15T01:17:53.3216051Z shell: /usr/bin/bash --noprofile --norc -e -o pipefail {0}
2025-04-15T01:17:53.3216382Z env:
2025-04-15T01:17:53.3217011Z   CHANGED_FILES: "./core/config/project_settings.cpp" "./doc/classes/ProjectSettings.xml" "./editor/plugins/node_3d_editor_plugin.cpp" "./editor/plugins/node_3d_editor_plugin.h" 
2025-04-15T01:17:53.3218135Z ##[endgroup]
2025-04-15T01:17:53.6902854Z argcomplete==3.6.2
2025-04-15T01:17:53.6903257Z attrs==23.2.0
2025-04-15T01:17:53.6903522Z Automat==22.10.0
2025-04-15T01:17:53.6903787Z Babel==2.10.3
2025-04-15T01:17:53.6904046Z bcc==0.29.1
2025-04-15T01:17:53.6904292Z bcrypt==3.2.2
2025-04-15T01:17:53.6904552Z blinker==1.7.0
2025-04-15T01:17:53.6904816Z boto3==1.34.46
2025-04-15T01:17:53.6905075Z botocore==1.34.46
2025-04-15T01:17:53.6905364Z certifi==2023.11.17
2025-04-15T01:17:53.6905638Z cfgv==3.4.0
2025-04-15T01:17:53.6905873Z chardet==5.2.0
2025-04-15T01:17:53.6906158Z click==8.1.6
2025-04-15T01:17:53.6906416Z cloud-init==24.4
2025-04-15T01:17:53.6906694Z colorama==0.4.6
2025-04-15T01:17:53.6906979Z command-not-found==0.3
2025-04-15T01:17:53.6907533Z configobj==5.0.8
2025-04-15T01:17:53.6907804Z constantly==23.10.4
2025-04-15T01:17:53.6908092Z cryptography==41.0.7
2025-04-15T01:17:53.6908394Z dbus-python==1.3.2
2025-04-15T01:17:53.6908678Z distlib==0.3.9
2025-04-15T01:17:53.6908931Z distro==1.9.0
2025-04-15T01:17:53.6909197Z distro-info==1.7+build1
2025-04-15T01:17:53.6909487Z filelock==3.18.0
2025-04-15T01:17:53.6909762Z httplib2==0.20.4
2025-04-15T01:17:53.6910021Z hyperlink==21.0.0
2025-04-15T01:17:53.6910292Z identify==2.6.9
2025-04-15T01:17:53.6910550Z idna==3.6
2025-04-15T01:17:53.6910796Z incremental==22.10.0
2025-04-15T01:17:53.6911072Z Jinja2==3.1.2
2025-04-15T01:17:53.6911318Z jmespath==1.0.1
2025-04-15T01:17:53.6911582Z jsonpatch==1.32
2025-04-15T01:17:53.6911840Z jsonpointer==2.0
2025-04-15T01:17:53.6912111Z jsonschema==4.10.3
2025-04-15T01:17:53.6912383Z launchpadlib==1.11.0
2025-04-15T01:17:53.6912692Z lazr.restfulclient==0.14.6
2025-04-15T01:17:53.6913017Z lazr.uri==1.0.6
2025-04-15T01:17:53.6913291Z markdown-it-py==3.0.0
2025-04-15T01:17:53.6913596Z MarkupSafe==2.1.5
2025-04-15T01:17:53.6913862Z mdurl==0.1.2
2025-04-15T01:17:53.6914121Z mercurial==6.7.2
2025-04-15T01:17:53.6914386Z netaddr==0.8.0
2025-04-15T01:17:53.6914657Z netifaces==0.11.0
2025-04-15T01:17:53.6914938Z nodeenv==1.9.1
2025-04-15T01:17:53.6915191Z oauthlib==3.2.2
2025-04-15T01:17:53.6915457Z packaging==24.0
2025-04-15T01:17:53.6915723Z pexpect==4.9.0
2025-04-15T01:17:53.6915979Z pipx==1.7.1
2025-04-15T01:17:53.6916226Z platformdirs==4.3.7
2025-04-15T01:17:53.6916509Z pre_commit==4.2.0
2025-04-15T01:17:53.6916789Z ptyprocess==0.7.0
2025-04-15T01:17:53.6917206Z pyasn1==0.4.8
2025-04-15T01:17:53.6917478Z pyasn1-modules==0.2.8
2025-04-15T01:17:53.6917764Z Pygments==2.17.2
2025-04-15T01:17:53.6918041Z PyGObject==3.48.2
2025-04-15T01:17:53.6918327Z PyHamcrest==2.1.0
2025-04-15T01:17:53.6918633Z PyJWT==2.7.0
2025-04-15T01:17:53.6918900Z pyOpenSSL==23.2.0
2025-04-15T01:17:53.6919178Z pyparsing==3.1.1
2025-04-15T01:17:53.6919468Z pyparted==3.12.0
2025-04-15T01:17:53.6919752Z pyrsistent==0.20.0
2025-04-15T01:17:53.6920031Z pyserial==3.5
2025-04-15T01:17:53.6920312Z python-apt==2.7.7+ubuntu4
2025-04-15T01:17:53.6920635Z python-dateutil==2.8.2
2025-04-15T01:17:53.6920951Z python-debian==0.1.49+ubuntu2
2025-04-15T01:17:53.6921318Z python-magic==0.4.27
2025-04-15T01:17:53.6921677Z pytz==2024.1
2025-04-15T01:17:53.6921929Z PyYAML==6.0.1
2025-04-15T01:17:53.6922185Z requests==2.31.0
2025-04-15T01:17:53.6922449Z rich==13.7.1
2025-04-15T01:17:53.6922704Z s3transfer==0.10.1
2025-04-15T01:17:53.6923009Z service-identity==24.1.0
2025-04-15T01:17:53.6923330Z setuptools==68.1.2
2025-04-15T01:17:53.6923585Z six==1.16.0
2025-04-15T01:17:53.6923826Z sos==4.7.2
2025-04-15T01:17:53.6924085Z ssh-import-id==5.11
2025-04-15T01:17:53.6924387Z systemd-python==235
2025-04-15T01:17:53.6924661Z Twisted==24.3.0
2025-04-15T01:17:53.6925250Z typing_extensions==4.10.0
2025-04-15T01:17:53.6925602Z ubuntu-pro-client==8001
2025-04-15T01:17:53.6925915Z ufw==0.36.2
2025-04-15T01:17:53.6926161Z urllib3==2.0.7
2025-04-15T01:17:53.6926414Z userpath==1.9.2
2025-04-15T01:17:53.6926675Z virtualenv==20.30.0
2025-04-15T01:17:53.6926944Z wadllib==1.3.6
2025-04-15T01:17:53.6927367Z WALinuxAgent==2.9.1.1
2025-04-15T01:17:53.6927878Z wheel==0.42.0
2025-04-15T01:17:53.6928132Z zope.interface==6.1
2025-04-15T01:17:53.6928408Z zstandard==0.22.0
2025-04-15T01:17:53.7887647Z ##[group]Run actions/cache@v4
2025-04-15T01:17:53.7887901Z with:
2025-04-15T01:17:53.7888096Z   path: ~/.cache/pre-commit
2025-04-15T01:17:53.7888473Z   key: pre-commit-3||547c64545613726cd8da7487ed54f1edc27ae9843c378e9a06176ef040e53c6c
2025-04-15T01:17:53.7888880Z   enableCrossOsArchive: false
2025-04-15T01:17:53.7889122Z   fail-on-cache-miss: false
2025-04-15T01:17:53.7889344Z   lookup-only: false
2025-04-15T01:17:53.7889540Z   save-always: false
2025-04-15T01:17:53.7889714Z env:
2025-04-15T01:17:53.7890338Z   CHANGED_FILES: "./core/config/project_settings.cpp" "./doc/classes/ProjectSettings.xml" "./editor/plugins/node_3d_editor_plugin.cpp" "./editor/plugins/node_3d_editor_plugin.h" 
2025-04-15T01:17:53.7891002Z ##[endgroup]
2025-04-15T01:17:54.1881658Z Cache hit for: pre-commit-3||547c64545613726cd8da7487ed54f1edc27ae9843c378e9a06176ef040e53c6c
2025-04-15T01:17:55.4858372Z Received 4194304 of 54357090 (7.7%), 4.0 MBs/sec
2025-04-15T01:17:55.9671972Z Received 54357090 of 54357090 (100.0%), 35.0 MBs/sec
2025-04-15T01:17:55.9672935Z Cache Size: ~52 MB (54357090 B)
2025-04-15T01:17:55.9701656Z [command]/usr/bin/tar -xf /home/runner/work/_temp/3093d58b-2df5-4b9a-8103-f4bc60472502/cache.tzst -P -C /home/runner/work/godot/godot --use-compress-program unzstd
2025-04-15T01:17:56.7422272Z Cache restored successfully
2025-04-15T01:17:56.7696736Z Cache restored from key: pre-commit-3||547c64545613726cd8da7487ed54f1edc27ae9843c378e9a06176ef040e53c6c
2025-04-15T01:17:56.7793756Z ##[group]Run pre-commit run --show-diff-on-failure --color=always --files "./core/config/project_settings.cpp" "./doc/classes/ProjectSettings.xml" "./editor/plugins/node_3d_editor_plugin.cpp" "./editor/plugins/node_3d_editor_plugin.h" 
2025-04-15T01:17:56.7795264Z [36;1mpre-commit run --show-diff-on-failure --color=always --files "./core/config/project_settings.cpp" "./doc/classes/ProjectSettings.xml" "./editor/plugins/node_3d_editor_plugin.cpp" "./editor/plugins/node_3d_editor_plugin.h" [0m
2025-04-15T01:17:56.7841971Z shell: /usr/bin/bash --noprofile --norc -e -o pipefail {0}
2025-04-15T01:17:56.7842301Z env:
2025-04-15T01:17:56.7842961Z   CHANGED_FILES: "./core/config/project_settings.cpp" "./doc/classes/ProjectSettings.xml" "./editor/plugins/node_3d_editor_plugin.cpp" "./editor/plugins/node_3d_editor_plugin.h" 
2025-04-15T01:17:56.7843684Z ##[endgroup]
2025-04-15T01:17:58.3521162Z clang-format.............................................................[42mPassed[m
2025-04-15T01:17:58.3522451Z clang-format-glsl....................................(no files to check)[46;30mSkipped[m
2025-04-15T01:17:58.3523580Z ruff.................................................(no files to check)[46;30mSkipped[m
2025-04-15T01:17:58.3524661Z ruff-format..........................................(no files to check)[46;30mSkipped[m
2025-04-15T01:17:58.3525370Z mypy.................................................(no files to check)[46;30mSkipped[m
2025-04-15T01:17:58.9501807Z codespell................................................................[42mPassed[m
2025-04-15T01:18:00.5448067Z make-rst.................................................................[42mPassed[m
2025-04-15T01:18:01.1959398Z doc-status...............................................................[42mPassed[m
2025-04-15T01:18:01.1960512Z validate-builders....................................(no files to check)[46;30mSkipped[m
2025-04-15T01:18:01.1961420Z eslint...............................................(no files to check)[46;30mSkipped[m
2025-04-15T01:18:01.1962661Z jsdoc................................................(no files to check)[46;30mSkipped[m
2025-04-15T01:18:01.1963563Z svgo.................................................(no files to check)[46;30mSkipped[m
2025-04-15T01:18:02.4829991Z copyright-headers........................................................[42mPassed[m
2025-04-15T01:18:02.5079955Z header-guards............................................................[42mPassed[m
2025-04-15T01:18:02.5376046Z file-format..............................................................[42mPassed[m
2025-04-15T01:18:02.5376601Z dotnet-format........................................(no files to check)[46;30mSkipped[m
2025-04-15T01:18:02.5571034Z ##[group]Run sudo apt install -y libxml2-utils
2025-04-15T01:18:02.5571405Z [36;1msudo apt install -y libxml2-utils[0m
2025-04-15T01:18:02.5571955Z [36;1mxmllint --quiet --noout --schema doc/class.xsd doc/classes/*.xml modules/*/doc_classes/*.xml platform/*/doc_classes/*.xml[0m
2025-04-15T01:18:02.5616960Z shell: /usr/bin/bash -e {0}
2025-04-15T01:18:02.5617427Z env:
2025-04-15T01:18:02.5618103Z   CHANGED_FILES: "./core/config/project_settings.cpp" "./doc/classes/ProjectSettings.xml" "./editor/plugins/node_3d_editor_plugin.cpp" "./editor/plugins/node_3d_editor_plugin.h" 
2025-04-15T01:18:02.5618813Z ##[endgroup]
2025-04-15T01:18:02.5787536Z 
2025-04-15T01:18:02.5787949Z WARNING: apt does not have a stable CLI interface. Use with caution in scripts.
2025-04-15T01:18:02.5788369Z 
2025-04-15T01:18:02.6878310Z Reading package lists...
2025-04-15T01:18:02.8203054Z Building dependency tree...
2025-04-15T01:18:02.8214679Z Reading state information...
2025-04-15T01:18:03.0003548Z The following NEW packages will be installed:
2025-04-15T01:18:03.0004957Z   libxml2-utils
2025-04-15T01:18:03.0155808Z 0 upgraded, 1 newly installed, 0 to remove and 93 not upgraded.
2025-04-15T01:18:03.0379017Z Need to get 39.4 kB of archives.
2025-04-15T01:18:03.0379677Z After this operation, 188 kB of additional disk space will be used.
2025-04-15T01:18:03.0380323Z Get:1 file:/etc/apt/apt-mirrors.txt Mirrorlist [142 B]
2025-04-15T01:18:03.1671996Z Get:2 http://azure.archive.ubuntu.com/ubuntu noble-updates/main amd64 libxml2-utils amd64 2.9.14+dfsg-1.3ubuntu3.2 [39.4 kB]
2025-04-15T01:18:03.4169496Z Fetched 39.4 kB in 0s (279 kB/s)
2025-04-15T01:18:03.4530000Z Selecting previously unselected package libxml2-utils.
2025-04-15T01:18:03.4782027Z (Reading database ... 
2025-04-15T01:18:03.4782435Z (Reading database ... 5%
2025-04-15T01:18:03.4782859Z (Reading database ... 10%
2025-04-15T01:18:03.4783100Z (Reading database ... 15%
2025-04-15T01:18:03.4783325Z (Reading database ... 20%
2025-04-15T01:18:03.4783548Z (Reading database ... 25%
2025-04-15T01:18:03.4783751Z (Reading database ... 30%
2025-04-15T01:18:03.4783959Z (Reading database ... 35%
2025-04-15T01:18:03.4784161Z (Reading database ... 40%
2025-04-15T01:18:03.4784521Z (Reading database ... 45%
2025-04-15T01:18:03.4784885Z (Reading database ... 50%
2025-04-15T01:18:03.4889880Z (Reading database ... 55%
2025-04-15T01:18:03.5445299Z (Reading database ... 60%
2025-04-15T01:18:03.5652444Z (Reading database ... 65%
2025-04-15T01:18:03.5929772Z (Reading database ... 70%
2025-04-15T01:18:03.6299503Z (Reading database ... 75%
2025-04-15T01:18:03.6750176Z (Reading database ... 80%
2025-04-15T01:18:03.7378176Z (Reading database ... 85%
2025-04-15T01:18:03.8138282Z (Reading database ... 90%
2025-04-15T01:18:03.8650978Z (Reading database ... 95%
2025-04-15T01:18:03.8651322Z (Reading database ... 100%
2025-04-15T01:18:03.8651677Z (Reading database ... 221801 files and directories currently installed.)
2025-04-15T01:18:03.8691297Z Preparing to unpack .../libxml2-utils_2.9.14+dfsg-1.3ubuntu3.2_amd64.deb ...
2025-04-15T01:18:03.8734018Z Unpacking libxml2-utils (2.9.14+dfsg-1.3ubuntu3.2) ...
2025-04-15T01:18:03.9179027Z Setting up libxml2-utils (2.9.14+dfsg-1.3ubuntu3.2) ...
2025-04-15T01:18:03.9224886Z Processing triggers for man-db (2.12.0-4build2) ...
2025-04-15T01:18:12.4030715Z 
2025-04-15T01:18:12.4031387Z Running kernel seems to be up-to-date.
2025-04-15T01:18:12.4031820Z 
2025-04-15T01:18:12.4032004Z No services need to be restarted.
2025-04-15T01:18:12.4032366Z 
2025-04-15T01:18:12.4032543Z No containers need to be restarted.
2025-04-15T01:18:12.4032884Z 
2025-04-15T01:18:12.4033060Z No user sessions are running outdated binaries.
2025-04-15T01:18:12.4033389Z 
2025-04-15T01:18:12.4034017Z No VM guests are running outdated hypervisor (qemu) binaries on this host.
2025-04-15T01:18:13.2550658Z ##[group]Run gcc -c core/extension/gdextension_interface.h
2025-04-15T01:18:13.2551099Z [36;1mgcc -c core/extension/gdextension_interface.h[0m
2025-04-15T01:18:13.2596182Z shell: /usr/bin/bash -e {0}
2025-04-15T01:18:13.2596420Z env:
2025-04-15T01:18:13.2597210Z   CHANGED_FILES: "./core/config/project_settings.cpp" "./doc/classes/ProjectSettings.xml" "./editor/plugins/node_3d_editor_plugin.cpp" "./editor/plugins/node_3d_editor_plugin.h" 
2025-04-15T01:18:13.2597891Z ##[endgroup]
2025-04-15T01:18:13.2955746Z core/extension/gdextension_interface.h:31:9: warning: #pragma once in main file
2025-04-15T01:18:13.2956282Z    31 | #pragma once
2025-04-15T01:18:13.2956604Z       |         ^~~~
2025-04-15T01:18:13.3400612Z Post job cleanup.
2025-04-15T01:18:13.3921974Z Post job cleanup.
2025-04-15T01:18:13.5135463Z Cache hit occurred on the primary key pre-commit-3||547c64545613726cd8da7487ed54f1edc27ae9843c378e9a06176ef040e53c6c, not saving cache.
2025-04-15T01:18:13.5231857Z Post job cleanup.
2025-04-15T01:18:13.6164307Z [command]/usr/bin/git version
2025-04-15T01:18:13.6213613Z git version 2.49.0
2025-04-15T01:18:13.6258811Z Temporarily overriding HOME='/home/runner/work/_temp/c53cf8aa-be0b-4310-b989-0e9fc7fbbe76' before making global git config changes
2025-04-15T01:18:13.6260497Z Adding repository directory to the temporary git global config as a safe directory
2025-04-15T01:18:13.6262263Z [command]/usr/bin/git config --global --add safe.directory /home/runner/work/godot/godot
2025-04-15T01:18:13.6299570Z [command]/usr/bin/git config --local --name-only --get-regexp core\.sshCommand
2025-04-15T01:18:13.6333403Z [command]/usr/bin/git submodule foreach --recursive sh -c "git config --local --name-only --get-regexp 'core\.sshCommand' && git config --local --unset-all 'core.sshCommand' || :"
2025-04-15T01:18:13.6600963Z [command]/usr/bin/git config --local --name-only --get-regexp http\.https\:\/\/github\.com\/\.extraheader
2025-04-15T01:18:13.6621892Z http.https://github.com/.extraheader
2025-04-15T01:18:13.6634547Z [command]/usr/bin/git config --local --unset-all http.https://github.com/.extraheader
2025-04-15T01:18:13.6666471Z [command]/usr/bin/git submodule foreach --recursive sh -c "git config --local --name-only --get-regexp 'http\.https\:\/\/github\.com\/\.extraheader' && git config --local --unset-all 'http.https://github.com/.extraheader' || :"
2025-04-15T01:18:13.7012260Z Cleaning up orphan processes
