2025-04-14T13:15:55.9199100Z Prepare all required actions
2025-04-14T13:15:55.9199721Z Getting action download info
2025-04-14T13:15:56.0890740Z ##[group]Download immutable action package 'actions/github-script@v6'
2025-04-14T13:15:56.0891137Z Version: 6.4.1
2025-04-14T13:15:56.0891679Z Digest: sha256:c493e77940bce2b1f3c9cb8e34f9a4c963412fab10227de97afd5905dec76e82
2025-04-14T13:15:56.0892178Z Source commit SHA: d7906e4ad0b1822421a7e6a35d5ca353c962f410
2025-04-14T13:15:56.0892505Z ##[endgroup]
2025-04-14T13:15:56.2543287Z ##[group]Run ./.github/actions/restore-cache
2025-04-14T13:15:56.2543575Z env:
2025-04-14T13:15:56.2543752Z   FORCE_COLOR: 1
2025-04-14T13:15:56.2543985Z   HEAD_COMMIT: 9a8993a7c0b0f94739906b6e20544506be73f801
2025-04-14T13:15:56.2544826Z   CACHED_DEPENDENCY_PATHS: /home/runner/work/Ghost/Ghost/node_modules
/home/runner/work/Ghost/Ghost/apps/*/node_modules
/home/runner/work/Ghost/Ghost/ghost/*/node_modules
~/.cache/ms-playwright/

2025-04-14T13:15:56.2545712Z   CACHED_BUILD_PATHS: /home/runner/work/Ghost/Ghost/ghost/*/build

2025-04-14T13:15:56.2546089Z   NX_REJECT_UNKNOWN_LOCAL_CACHE: 0
2025-04-14T13:15:56.2546318Z   NODE_VERSION: 20.11.1
2025-04-14T13:15:56.2546518Z   CI: true
2025-04-14T13:15:56.2547053Z   DEPENDENCY_CACHE_KEY: dep-cache-51efb1595ff07be908a303407bda16e5c7dd8253e0d356511f7022b9f5f5d5a8-9a8993a7c0b0f94739906b6e20544506be73f801
2025-04-14T13:15:56.2547650Z ##[endgroup]
2025-04-14T13:15:56.2634027Z ##[group]Run actions/cache/restore@v4
2025-04-14T13:15:56.2634280Z with:
2025-04-14T13:15:56.2634957Z   path: /home/runner/work/Ghost/Ghost/node_modules
/home/runner/work/Ghost/Ghost/apps/*/node_modules
/home/runner/work/Ghost/Ghost/ghost/*/node_modules
~/.cache/ms-playwright/

2025-04-14T13:15:56.2635988Z   key: dep-cache-51efb1595ff07be908a303407bda16e5c7dd8253e0d356511f7022b9f5f5d5a8-9a8993a7c0b0f94739906b6e20544506be73f801
2025-04-14T13:15:56.2636544Z   enableCrossOsArchive: false
2025-04-14T13:15:56.2636780Z   fail-on-cache-miss: false
2025-04-14T13:15:56.2636994Z   lookup-only: false
2025-04-14T13:15:56.2637194Z env:
2025-04-14T13:15:56.2637361Z   FORCE_COLOR: 1
2025-04-14T13:15:56.2637588Z   HEAD_COMMIT: 9a8993a7c0b0f94739906b6e20544506be73f801
2025-04-14T13:15:56.2638403Z   CACHED_DEPENDENCY_PATHS: /home/runner/work/Ghost/Ghost/node_modules
/home/runner/work/Ghost/Ghost/apps/*/node_modules
/home/runner/work/Ghost/Ghost/ghost/*/node_modules
~/.cache/ms-playwright/

2025-04-14T13:15:56.2639263Z   CACHED_BUILD_PATHS: /home/runner/work/Ghost/Ghost/ghost/*/build

2025-04-14T13:15:56.2639628Z   NX_REJECT_UNKNOWN_LOCAL_CACHE: 0
2025-04-14T13:15:56.2639859Z   NODE_VERSION: 20.11.1
2025-04-14T13:15:56.2640049Z   CI: true
2025-04-14T13:15:56.2640579Z   DEPENDENCY_CACHE_KEY: dep-cache-51efb1595ff07be908a303407bda16e5c7dd8253e0d356511f7022b9f5f5d5a8-9a8993a7c0b0f94739906b6e20544506be73f801
2025-04-14T13:15:56.2641171Z ##[endgroup]
2025-04-14T13:15:56.5263787Z Cache hit for: dep-cache-51efb1595ff07be908a303407bda16e5c7dd8253e0d356511f7022b9f5f5d5a8-9a8993a7c0b0f94739906b6e20544506be73f801
2025-04-14T13:15:57.6944604Z Received 134217728 of 246943272 (54.4%), 123.3 MBs/sec
2025-04-14T13:15:58.3492938Z Received 246943272 of 246943272 (100.0%), 139.2 MBs/sec
2025-04-14T13:15:58.3538679Z Cache Size: ~236 MB (246943272 B)
2025-04-14T13:15:58.3590705Z [command]/usr/bin/tar -xf /home/runner/work/_temp/7f426d55-8bc8-4f9a-8885-4a78e510f55f/cache.tzst -P -C /home/runner/work/Ghost/Ghost --use-compress-program unzstd
2025-04-14T13:16:05.4301304Z Cache restored successfully
2025-04-14T13:16:05.5384719Z Cache restored from key: dep-cache-51efb1595ff07be908a303407bda16e5c7dd8253e0d356511f7022b9f5f5d5a8-9a8993a7c0b0f94739906b6e20544506be73f801
2025-04-14T13:16:05.5552399Z ##[group]Run actions/cache/restore@v4
2025-04-14T13:16:05.5552668Z with:
2025-04-14T13:16:05.5552892Z   path: /home/runner/work/Ghost/Ghost/ghost/*/build

2025-04-14T13:16:05.5553217Z   key: 9a8993a7c0b0f94739906b6e20544506be73f801
2025-04-14T13:16:05.5553494Z   enableCrossOsArchive: false
2025-04-14T13:16:05.5553734Z   fail-on-cache-miss: false
2025-04-14T13:16:05.5553956Z   lookup-only: false
2025-04-14T13:16:05.5554503Z env:
2025-04-14T13:16:05.5554668Z   FORCE_COLOR: 1
2025-04-14T13:16:05.5554895Z   HEAD_COMMIT: 9a8993a7c0b0f94739906b6e20544506be73f801
2025-04-14T13:16:05.5555735Z   CACHED_DEPENDENCY_PATHS: /home/runner/work/Ghost/Ghost/node_modules
/home/runner/work/Ghost/Ghost/apps/*/node_modules
/home/runner/work/Ghost/Ghost/ghost/*/node_modules
~/.cache/ms-playwright/

2025-04-14T13:16:05.5556600Z   CACHED_BUILD_PATHS: /home/runner/work/Ghost/Ghost/ghost/*/build

2025-04-14T13:16:05.5556937Z   NX_REJECT_UNKNOWN_LOCAL_CACHE: 0
2025-04-14T13:16:05.5557172Z   NODE_VERSION: 20.11.1
2025-04-14T13:16:05.5557416Z   CI: true
2025-04-14T13:16:05.5558367Z   DEPENDENCY_CACHE_KEY: dep-cache-51efb1595ff07be908a303407bda16e5c7dd8253e0d356511f7022b9f5f5d5a8-9a8993a7c0b0f94739906b6e20544506be73f801
2025-04-14T13:16:05.5559429Z ##[endgroup]
2025-04-14T13:16:05.8298120Z Cache hit for: 9a8993a7c0b0f94739906b6e20544506be73f801
2025-04-14T13:16:06.0065026Z Received 59743 of 59743 (100.0%), 0.9 MBs/sec
2025-04-14T13:16:06.0066275Z Cache Size: ~0 MB (59743 B)
2025-04-14T13:16:06.0097313Z [command]/usr/bin/tar -xf /home/runner/work/_temp/7ed525e5-7a43-4913-8bbe-0848d13f5cd0/cache.tzst -P -C /home/runner/work/Ghost/Ghost --use-compress-program unzstd
2025-04-14T13:16:06.0182406Z Cache restored successfully
2025-04-14T13:16:06.0260270Z Cache restored from key: 9a8993a7c0b0f94739906b6e20544506be73f801
