2025-04-15T07:37:11.8513853Z Requested labels: ubuntu-latest
2025-04-15T07:37:11.8514190Z Job defined at: langgenius/dify/.github/workflows/translate-i18n-base-on-english.yml@refs/heads/main
2025-04-15T07:37:11.8514305Z Waiting for a runner to pick up this job...
2025-04-15T07:37:12.2238828Z Job is waiting for a hosted runner to come online.
2025-04-15T07:37:15.9400645Z Job is about to start running on the hosted runner: GitHub Actions 50 (hosted)
2025-04-15T07:37:18.5042255Z Current runner version: '2.323.0'
2025-04-15T07:37:18.5068572Z ##[group]Operating System
2025-04-15T07:37:18.5069353Z Ubuntu
2025-04-15T07:37:18.5069916Z 24.04.2
2025-04-15T07:37:18.5070403Z LTS
2025-04-15T07:37:18.5070865Z ##[endgroup]
2025-04-15T07:37:18.5071455Z ##[group]Runner Image
2025-04-15T07:37:18.5072027Z Image: ubuntu-24.04
2025-04-15T07:37:18.5072507Z Version: 20250406.1.0
2025-04-15T07:37:18.5073607Z Included Software: https://github.com/actions/runner-images/blob/ubuntu24/20250406.1/images/ubuntu/Ubuntu2404-Readme.md
2025-04-15T07:37:18.5075013Z Image Release: https://github.com/actions/runner-images/releases/tag/ubuntu24%2F20250406.1
2025-04-15T07:37:18.5075927Z ##[endgroup]
2025-04-15T07:37:18.5076485Z ##[group]Runner Image Provisioner
2025-04-15T07:37:18.5077071Z 2.0.422.1
2025-04-15T07:37:18.5077708Z ##[endgroup]
2025-04-15T07:37:18.5079903Z ##[group]GITHUB_TOKEN Permissions
2025-04-15T07:37:18.5081912Z Actions: read
2025-04-15T07:37:18.5082694Z Attestations: read
2025-04-15T07:37:18.5083389Z Checks: read
2025-04-15T07:37:18.5083891Z Contents: read
2025-04-15T07:37:18.5084390Z Deployments: read
2025-04-15T07:37:18.5084976Z Discussions: read
2025-04-15T07:37:18.5085458Z Issues: read
2025-04-15T07:37:18.5085947Z Metadata: read
2025-04-15T07:37:18.5086502Z Models: read
2025-04-15T07:37:18.5087008Z Packages: read
2025-04-15T07:37:18.5087725Z Pages: read
2025-04-15T07:37:18.5088213Z PullRequests: read
2025-04-15T07:37:18.5088775Z RepositoryProjects: read
2025-04-15T07:37:18.5089376Z SecurityEvents: read
2025-04-15T07:37:18.5089911Z Statuses: read
2025-04-15T07:37:18.5090387Z ##[endgroup]
2025-04-15T07:37:18.5093391Z Secret source: None
2025-04-15T07:37:18.5094226Z Prepare workflow directory
2025-04-15T07:37:18.5574984Z Prepare all required actions
2025-04-15T07:37:18.5611726Z Getting action download info
2025-04-15T07:37:18.8425956Z ##[group]Download immutable action package 'actions/checkout@v4'
2025-04-15T07:37:18.8426923Z Version: 4.2.2
2025-04-15T07:37:18.8427957Z Digest: sha256:ccb2698953eaebd21c7bf6268a94f9c26518a7e38e27e0b83c1fe1ad049819b1
2025-04-15T07:37:18.8429078Z Source commit SHA: 11bd71901bbe5b1630ceea73d27597364c9af683
2025-04-15T07:37:18.8429678Z ##[endgroup]
2025-04-15T07:37:18.9405052Z ##[group]Download immutable action package 'actions/setup-node@v4'
2025-04-15T07:37:18.9405744Z Version: 4.4.0
2025-04-15T07:37:18.9406370Z Digest: sha256:9427cefe82346e992fb5b949e3569b39d537ae41aa3086483b14eceebfc16bc1
2025-04-15T07:37:18.9407451Z Source commit SHA: 49933ea5288caeca8642d1e84afbd3f7d6820020
2025-04-15T07:37:18.9408078Z ##[endgroup]
2025-04-15T07:37:19.2497721Z Download action repository 'peter-evans/create-pull-request@v6' (SHA:c5a7806660adbe173f04e3e038b0ccdcd758773c)
2025-04-15T07:37:19.7967820Z Complete job name: check-and-update
2025-04-15T07:37:19.8718330Z ##[group]Run actions/checkout@v4
2025-04-15T07:37:19.8719275Z with:
2025-04-15T07:37:19.8719715Z   fetch-depth: 2
2025-04-15T07:37:19.8720185Z   persist-credentials: false
2025-04-15T07:37:19.8720720Z   repository: langgenius/dify
2025-04-15T07:37:19.8721474Z   token: ***
2025-04-15T07:37:19.8721917Z   ssh-strict: true
2025-04-15T07:37:19.8722366Z   ssh-user: git
2025-04-15T07:37:19.8722790Z   clean: true
2025-04-15T07:37:19.8723238Z   sparse-checkout-cone-mode: true
2025-04-15T07:37:19.8723778Z   fetch-tags: false
2025-04-15T07:37:19.8724224Z   show-progress: true
2025-04-15T07:37:19.8724671Z   lfs: false
2025-04-15T07:37:19.8725103Z   submodules: false
2025-04-15T07:37:19.8725553Z   set-safe-directory: true
2025-04-15T07:37:19.8726635Z ##[endgroup]
2025-04-15T07:37:20.1015369Z Syncing repository: langgenius/dify
2025-04-15T07:37:20.1017501Z ##[group]Getting Git version info
2025-04-15T07:37:20.1018220Z Working directory is '/home/runner/work/dify/dify'
2025-04-15T07:37:20.1019295Z [command]/usr/bin/git version
2025-04-15T07:37:20.1108454Z git version 2.49.0
2025-04-15T07:37:20.1138151Z ##[endgroup]
2025-04-15T07:37:20.1152318Z Temporarily overriding HOME='/home/runner/work/_temp/c5c30244-25a0-49d8-b719-756b1f881a37' before making global git config changes
2025-04-15T07:37:20.1154111Z Adding repository directory to the temporary git global config as a safe directory
2025-04-15T07:37:20.1157884Z [command]/usr/bin/git config --global --add safe.directory /home/runner/work/dify/dify
2025-04-15T07:37:20.1197947Z Deleting the contents of '/home/runner/work/dify/dify'
2025-04-15T07:37:20.1202206Z ##[group]Initializing the repository
2025-04-15T07:37:20.1206067Z [command]/usr/bin/git init /home/runner/work/dify/dify
2025-04-15T07:37:20.1278553Z hint: Using 'master' as the name for the initial branch. This default branch name
2025-04-15T07:37:20.1279716Z hint: is subject to change. To configure the initial branch name to use in all
2025-04-15T07:37:20.1281128Z hint: of your new repositories, which will suppress this warning, call:
2025-04-15T07:37:20.1281887Z hint:
2025-04-15T07:37:20.1282400Z hint: 	git config --global init.defaultBranch <name>
2025-04-15T07:37:20.1283037Z hint:
2025-04-15T07:37:20.1283632Z hint: Names commonly chosen instead of 'master' are 'main', 'trunk' and
2025-04-15T07:37:20.1284617Z hint: 'development'. The just-created branch can be renamed via this command:
2025-04-15T07:37:20.1285390Z hint:
2025-04-15T07:37:20.1286009Z hint: 	git branch -m <name>
2025-04-15T07:37:20.1290320Z Initialized empty Git repository in /home/runner/work/dify/dify/.git/
2025-04-15T07:37:20.1302555Z [command]/usr/bin/git remote add origin https://github.com/langgenius/dify
2025-04-15T07:37:20.1339058Z ##[endgroup]
2025-04-15T07:37:20.1340457Z ##[group]Disabling automatic garbage collection
2025-04-15T07:37:20.1344139Z [command]/usr/bin/git config --local gc.auto 0
2025-04-15T07:37:20.1374121Z ##[endgroup]
2025-04-15T07:37:20.1375592Z ##[group]Setting up auth
2025-04-15T07:37:20.1382082Z [command]/usr/bin/git config --local --name-only --get-regexp core\.sshCommand
2025-04-15T07:37:20.1414276Z [command]/usr/bin/git submodule foreach --recursive sh -c "git config --local --name-only --get-regexp 'core\.sshCommand' && git config --local --unset-all 'core.sshCommand' || :"
2025-04-15T07:37:20.1740747Z [command]/usr/bin/git config --local --name-only --get-regexp http\.https\:\/\/github\.com\/\.extraheader
2025-04-15T07:37:20.1771442Z [command]/usr/bin/git submodule foreach --recursive sh -c "git config --local --name-only --get-regexp 'http\.https\:\/\/github\.com\/\.extraheader' && git config --local --unset-all 'http.https://github.com/.extraheader' || :"
2025-04-15T07:37:20.2012730Z [command]/usr/bin/git config --local http.https://github.com/.extraheader AUTHORIZATION: basic ***
2025-04-15T07:37:20.2053363Z ##[endgroup]
2025-04-15T07:37:20.2054728Z ##[group]Fetching the repository
2025-04-15T07:37:20.2063282Z [command]/usr/bin/git -c protocol.version=2 fetch --no-tags --prune --no-recurse-submodules --depth=2 origin +438463b1c47649a668afb74b73b3b2a1dfe26d1e:refs/remotes/origin/main
2025-04-15T07:37:21.7325555Z From https://github.com/langgenius/dify
2025-04-15T07:37:21.7328853Z  * [new ref]         438463b1c47649a668afb74b73b3b2a1dfe26d1e -> origin/main
2025-04-15T07:37:21.7369188Z ##[endgroup]
2025-04-15T07:37:21.7370853Z ##[group]Determining the checkout info
2025-04-15T07:37:21.7372499Z ##[endgroup]
2025-04-15T07:37:21.7376085Z [command]/usr/bin/git sparse-checkout disable
2025-04-15T07:37:21.7418435Z [command]/usr/bin/git config --local --unset-all extensions.worktreeConfig
2025-04-15T07:37:21.7446308Z ##[group]Checking out the ref
2025-04-15T07:37:21.7450036Z [command]/usr/bin/git checkout --progress --force -B main refs/remotes/origin/main
2025-04-15T07:37:22.1287051Z Switched to a new branch 'main'
2025-04-15T07:37:22.1288676Z branch 'main' set up to track 'origin/main'.
2025-04-15T07:37:22.1304678Z ##[endgroup]
2025-04-15T07:37:22.1354237Z [command]/usr/bin/git log -1 --format=%H
2025-04-15T07:37:22.1382359Z 438463b1c47649a668afb74b73b3b2a1dfe26d1e
2025-04-15T07:37:22.1397417Z ##[group]Removing auth
2025-04-15T07:37:22.1403835Z [command]/usr/bin/git config --local --name-only --get-regexp core\.sshCommand
2025-04-15T07:37:22.1441413Z [command]/usr/bin/git submodule foreach --recursive sh -c "git config --local --name-only --get-regexp 'core\.sshCommand' && git config --local --unset-all 'core.sshCommand' || :"
2025-04-15T07:37:22.1691390Z [command]/usr/bin/git config --local --name-only --get-regexp http\.https\:\/\/github\.com\/\.extraheader
2025-04-15T07:37:22.1714347Z http.https://github.com/.extraheader
2025-04-15T07:37:22.1722871Z [command]/usr/bin/git config --local --unset-all http.https://github.com/.extraheader
2025-04-15T07:37:22.1756055Z [command]/usr/bin/git submodule foreach --recursive sh -c "git config --local --name-only --get-regexp 'http\.https\:\/\/github\.com\/\.extraheader' && git config --local --unset-all 'http.https://github.com/.extraheader' || :"
2025-04-15T07:37:22.1992087Z ##[endgroup]
2025-04-15T07:37:22.2170472Z ##[group]Run recent_commit_sha=$(git rev-parse HEAD)
2025-04-15T07:37:22.2171022Z [36;1mrecent_commit_sha=$(git rev-parse HEAD)[0m
2025-04-15T07:37:22.2171433Z [36;1msecond_recent_commit_sha=$(git rev-parse HEAD~1)[0m
2025-04-15T07:37:22.2172047Z [36;1mchanged_files=$(git diff --name-only $recent_commit_sha $second_recent_commit_sha -- 'i18n/en-US/*.ts')[0m
2025-04-15T07:37:22.2172593Z [36;1mecho "Changed files: $changed_files"[0m
2025-04-15T07:37:22.2172931Z [36;1mif [ -n "$changed_files" ]; then[0m
2025-04-15T07:37:22.2173273Z [36;1m  echo "FILES_CHANGED=true" >> $GITHUB_ENV[0m
2025-04-15T07:37:22.2173609Z [36;1melse[0m
2025-04-15T07:37:22.2173898Z [36;1m  echo "FILES_CHANGED=false" >> $GITHUB_ENV[0m
2025-04-15T07:37:22.2174208Z [36;1mfi[0m
2025-04-15T07:37:22.2225928Z shell: /usr/bin/bash -e {0}
2025-04-15T07:37:22.2226260Z ##[endgroup]
2025-04-15T07:37:22.2372695Z Changed files: web/i18n/en-US/common.ts
2025-04-15T07:37:22.2526710Z ##[group]Run actions/setup-node@v4
2025-04-15T07:37:22.2527082Z with:
2025-04-15T07:37:22.2527597Z   node-version: lts/*
2025-04-15T07:37:22.2527882Z   always-auth: false
2025-04-15T07:37:22.2528156Z   check-latest: false
2025-04-15T07:37:22.2528578Z   token: ***
2025-04-15T07:37:22.2528845Z env:
2025-04-15T07:37:22.2529065Z   FILES_CHANGED: true
2025-04-15T07:37:22.2529315Z ##[endgroup]
2025-04-15T07:37:22.4231760Z Attempt to resolve LTS alias from manifest...
2025-04-15T07:37:22.9596641Z Found in cache @ /opt/hostedtoolcache/node/22.14.0/x64
2025-04-15T07:37:22.9603027Z ##[group]Environment details
2025-04-15T07:37:23.2947981Z node: v22.14.0
2025-04-15T07:37:23.2948455Z npm: 10.9.2
2025-04-15T07:37:23.2948771Z yarn: 1.22.22
2025-04-15T07:37:23.2949482Z ##[endgroup]
2025-04-15T07:37:23.3065760Z ##[group]Run pnpm install --frozen-lockfile
2025-04-15T07:37:23.3066117Z [36;1mpnpm install --frozen-lockfile[0m
2025-04-15T07:37:23.3115131Z shell: /usr/bin/bash -e {0}
2025-04-15T07:37:23.3115373Z env:
2025-04-15T07:37:23.3115555Z   FILES_CHANGED: true
2025-04-15T07:37:23.3115767Z ##[endgroup]
2025-04-15T07:37:23.3192136Z /home/runner/work/_temp/3d952ebb-5393-4199-bd73-4e896f777572.sh: line 1: pnpm: command not found
2025-04-15T07:37:23.3200663Z ##[error]Process completed with exit code 127.
2025-04-15T07:37:23.3304457Z Post job cleanup.
2025-04-15T07:37:23.4252886Z [command]/usr/bin/git version
2025-04-15T07:37:23.4300090Z git version 2.49.0
2025-04-15T07:37:23.4348858Z Temporarily overriding HOME='/home/runner/work/_temp/0c5f8813-2067-46a6-96ac-22c891dc5fdf' before making global git config changes
2025-04-15T07:37:23.4350194Z Adding repository directory to the temporary git global config as a safe directory
2025-04-15T07:37:23.4354407Z [command]/usr/bin/git config --global --add safe.directory /home/runner/work/dify/dify
2025-04-15T07:37:23.4395048Z [command]/usr/bin/git config --local --name-only --get-regexp core\.sshCommand
2025-04-15T07:37:23.4428601Z [command]/usr/bin/git submodule foreach --recursive sh -c "git config --local --name-only --get-regexp 'core\.sshCommand' && git config --local --unset-all 'core.sshCommand' || :"
2025-04-15T07:37:23.4665904Z [command]/usr/bin/git config --local --name-only --get-regexp http\.https\:\/\/github\.com\/\.extraheader
2025-04-15T07:37:23.4698500Z [command]/usr/bin/git submodule foreach --recursive sh -c "git config --local --name-only --get-regexp 'http\.https\:\/\/github\.com\/\.extraheader' && git config --local --unset-all 'http.https://github.com/.extraheader' || :"
2025-04-15T07:37:23.5037621Z Cleaning up orphan processes
