2025-04-10T08:36:17.1921481Z Requested labels: ubuntu-latest
2025-04-10T08:36:17.1921876Z Job defined at: square/retrofit/.github/workflows/build.yml@refs/pull/4341/merge
2025-04-10T08:36:17.1922408Z Waiting for a runner to pick up this job...
2025-04-10T08:36:17.7148087Z Job is waiting for a hosted runner to come online.
2025-04-10T08:36:20.4998042Z Job is about to start running on the hosted runner: GitHub Actions 391 (hosted)
2025-04-10T08:36:22.3356820Z Current runner version: '2.323.0'
2025-04-10T08:36:22.3380508Z ##[group]Operating System
2025-04-10T08:36:22.3381247Z Ubuntu
2025-04-10T08:36:22.3381798Z 24.04.2
2025-04-10T08:36:22.3382287Z LTS
2025-04-10T08:36:22.3382739Z ##[endgroup]
2025-04-10T08:36:22.3383339Z ##[group]Runner Image
2025-04-10T08:36:22.3383902Z Image: ubuntu-24.04
2025-04-10T08:36:22.3384366Z Version: 20250406.1.0
2025-04-10T08:36:22.3385455Z Included Software: https://github.com/actions/runner-images/blob/ubuntu24/20250406.1/images/ubuntu/Ubuntu2404-Readme.md
2025-04-10T08:36:22.3386785Z Image Release: https://github.com/actions/runner-images/releases/tag/ubuntu24%2F20250406.1
2025-04-10T08:36:22.3387715Z ##[endgroup]
2025-04-10T08:36:22.3388270Z ##[group]Runner Image Provisioner
2025-04-10T08:36:22.3389018Z 2.0.422.1
2025-04-10T08:36:22.3389512Z ##[endgroup]
2025-04-10T08:36:22.3391796Z ##[group]GITHUB_TOKEN Permissions
2025-04-10T08:36:22.3393766Z Actions: write
2025-04-10T08:36:22.3394517Z Attestations: write
2025-04-10T08:36:22.3395173Z Checks: write
2025-04-10T08:36:22.3395681Z Contents: write
2025-04-10T08:36:22.3396187Z Deployments: write
2025-04-10T08:36:22.3396765Z Discussions: write
2025-04-10T08:36:22.3397236Z Issues: write
2025-04-10T08:36:22.3397728Z Metadata: read
2025-04-10T08:36:22.3398281Z Models: read
2025-04-10T08:36:22.3399115Z Packages: write
2025-04-10T08:36:22.3399685Z Pages: write
2025-04-10T08:36:22.3400169Z PullRequests: write
2025-04-10T08:36:22.3400729Z RepositoryProjects: write
2025-04-10T08:36:22.3401330Z SecurityEvents: write
2025-04-10T08:36:22.3401877Z Statuses: write
2025-04-10T08:36:22.3402364Z ##[endgroup]
2025-04-10T08:36:22.3405230Z Secret source: Actions
2025-04-10T08:36:22.3406035Z Prepare workflow directory
2025-04-10T08:36:22.3870871Z Prepare all required actions
2025-04-10T08:36:22.3909072Z Getting action download info
2025-04-10T08:36:22.6549173Z ##[group]Download immutable action package 'actions/checkout@v4'
2025-04-10T08:36:22.6550037Z Version: 4.2.2
2025-04-10T08:36:22.6550856Z Digest: sha256:ccb2698953eaebd21c7bf6268a94f9c26518a7e38e27e0b83c1fe1ad049819b1
2025-04-10T08:36:22.6551880Z Source commit SHA: 11bd71901bbe5b1630ceea73d27597364c9af683
2025-04-10T08:36:22.6552498Z ##[endgroup]
2025-04-10T08:36:22.7433430Z ##[group]Download immutable action package 'actions/setup-java@v4'
2025-04-10T08:36:22.7434135Z Version: 4.7.1
2025-04-10T08:36:22.7434776Z Digest: sha256:23223d64943473efb4336f60463c0429cd4f422cd5fc6c48a5cf0d5907c1aeac
2025-04-10T08:36:22.7435633Z Source commit SHA: c5195efecf7bdfc987ee8bae7a71cb8b11521c00
2025-04-10T08:36:22.7436254Z ##[endgroup]
2025-04-10T08:36:23.0290895Z Download action repository 'gradle/actions@v4' (SHA:06832c7b30a0129d7fb559bcc6e43d26f6374244)
2025-04-10T08:36:23.9385237Z Download action repository 'reactivecircus/android-emulator-runner@v2' (SHA:1dcd0090116d15e7c562f8db72807de5e036a4ed)
2025-04-10T08:36:24.3607116Z Complete job name: android (24)
2025-04-10T08:36:24.4246080Z ##[group]Run echo 'KERNEL=="kvm", GROUP="kvm", MODE="0666", OPTIONS+="static_node=kvm"' | sudo tee /etc/udev/rules.d/99-kvm4all.rules
2025-04-10T08:36:24.4247726Z [36;1mecho 'KERNEL=="kvm", GROUP="kvm", MODE="0666", OPTIONS+="static_node=kvm"' | sudo tee /etc/udev/rules.d/99-kvm4all.rules[0m
2025-04-10T08:36:24.4249067Z [36;1msudo udevadm control --reload-rules[0m
2025-04-10T08:36:24.4249902Z [36;1msudo udevadm trigger --name-match=kvm[0m
2025-04-10T08:36:24.4250660Z [36;1mls /dev/kvm[0m
2025-04-10T08:36:24.4306430Z shell: /usr/bin/bash -e {0}
2025-04-10T08:36:24.4307425Z env:
2025-04-10T08:36:24.4308539Z   GRADLE_OPTS: -Dorg.gradle.jvmargs=-Xmx4g -Dorg.gradle.daemon=false -Dkotlin.incremental=false
2025-04-10T08:36:24.4309552Z ##[endgroup]
2025-04-10T08:36:24.4528860Z KERNEL=="kvm", GROUP="kvm", MODE="0666", OPTIONS+="static_node=kvm"
2025-04-10T08:36:24.4835367Z /dev/kvm
2025-04-10T08:36:24.5035107Z ##[group]Run actions/checkout@v4
2025-04-10T08:36:24.5035885Z with:
2025-04-10T08:36:24.5036508Z   repository: square/retrofit
2025-04-10T08:36:24.5037364Z   token: ***
2025-04-10T08:36:24.5038218Z   ssh-strict: true
2025-04-10T08:36:24.5039012Z   ssh-user: git
2025-04-10T08:36:24.5039644Z   persist-credentials: true
2025-04-10T08:36:24.5040306Z   clean: true
2025-04-10T08:36:24.5040943Z   sparse-checkout-cone-mode: true
2025-04-10T08:36:24.5041630Z   fetch-depth: 1
2025-04-10T08:36:24.5042252Z   fetch-tags: false
2025-04-10T08:36:24.5042864Z   show-progress: true
2025-04-10T08:36:24.5043500Z   lfs: false
2025-04-10T08:36:24.5044102Z   submodules: false
2025-04-10T08:36:24.5044741Z   set-safe-directory: true
2025-04-10T08:36:24.5045382Z env:
2025-04-10T08:36:24.5046242Z   GRADLE_OPTS: -Dorg.gradle.jvmargs=-Xmx4g -Dorg.gradle.daemon=false -Dkotlin.incremental=false
2025-04-10T08:36:24.5047211Z ##[endgroup]
2025-04-10T08:36:24.6882951Z Syncing repository: square/retrofit
2025-04-10T08:36:24.6885068Z ##[group]Getting Git version info
2025-04-10T08:36:24.6885959Z Working directory is '/home/runner/work/retrofit/retrofit'
2025-04-10T08:36:24.6887202Z [command]/usr/bin/git version
2025-04-10T08:36:24.6933978Z git version 2.49.0
2025-04-10T08:36:24.6962484Z ##[endgroup]
2025-04-10T08:36:24.6977472Z Temporarily overriding HOME='/home/runner/work/_temp/0bbfd25b-18f9-45cd-ae31-9122ca3d6540' before making global git config changes
2025-04-10T08:36:24.6979547Z Adding repository directory to the temporary git global config as a safe directory
2025-04-10T08:36:24.6982847Z [command]/usr/bin/git config --global --add safe.directory /home/runner/work/retrofit/retrofit
2025-04-10T08:36:24.7016032Z Deleting the contents of '/home/runner/work/retrofit/retrofit'
2025-04-10T08:36:24.7020016Z ##[group]Initializing the repository
2025-04-10T08:36:24.7023718Z [command]/usr/bin/git init /home/runner/work/retrofit/retrofit
2025-04-10T08:36:24.7086022Z hint: Using 'master' as the name for the initial branch. This default branch name
2025-04-10T08:36:24.7087726Z hint: is subject to change. To configure the initial branch name to use in all
2025-04-10T08:36:24.7089282Z hint: of your new repositories, which will suppress this warning, call:
2025-04-10T08:36:24.7090154Z hint:
2025-04-10T08:36:24.7090861Z hint: 	git config --global init.defaultBranch <name>
2025-04-10T08:36:24.7091873Z hint:
2025-04-10T08:36:24.7093062Z hint: Names commonly chosen instead of 'master' are 'main', 'trunk' and
2025-04-10T08:36:24.7094630Z hint: 'development'. The just-created branch can be renamed via this command:
2025-04-10T08:36:24.7095581Z hint:
2025-04-10T08:36:24.7096203Z hint: 	git branch -m <name>
2025-04-10T08:36:24.7097426Z Initialized empty Git repository in /home/runner/work/retrofit/retrofit/.git/
2025-04-10T08:36:24.7103345Z [command]/usr/bin/git remote add origin https://github.com/square/retrofit
2025-04-10T08:36:24.7136324Z ##[endgroup]
2025-04-10T08:36:24.7137824Z ##[group]Disabling automatic garbage collection
2025-04-10T08:36:24.7139574Z [command]/usr/bin/git config --local gc.auto 0
2025-04-10T08:36:24.7170431Z ##[endgroup]
2025-04-10T08:36:24.7171822Z ##[group]Setting up auth
2025-04-10T08:36:24.7176218Z [command]/usr/bin/git config --local --name-only --get-regexp core\.sshCommand
2025-04-10T08:36:24.7205978Z [command]/usr/bin/git submodule foreach --recursive sh -c "git config --local --name-only --get-regexp 'core\.sshCommand' && git config --local --unset-all 'core.sshCommand' || :"
2025-04-10T08:36:24.7483701Z [command]/usr/bin/git config --local --name-only --get-regexp http\.https\:\/\/github\.com\/\.extraheader
2025-04-10T08:36:24.7512109Z [command]/usr/bin/git submodule foreach --recursive sh -c "git config --local --name-only --get-regexp 'http\.https\:\/\/github\.com\/\.extraheader' && git config --local --unset-all 'http.https://github.com/.extraheader' || :"
2025-04-10T08:36:24.7745212Z [command]/usr/bin/git config --local http.https://github.com/.extraheader AUTHORIZATION: basic ***
2025-04-10T08:36:24.7784101Z ##[endgroup]
2025-04-10T08:36:24.7785717Z ##[group]Fetching the repository
2025-04-10T08:36:24.7792736Z [command]/usr/bin/git -c protocol.version=2 fetch --no-tags --prune --no-recurse-submodules --depth=1 origin +2c560946a2a74e9bd0ef6f9bab137ce4f61d7978:refs/remotes/pull/4341/merge
2025-04-10T08:36:25.2825371Z From https://github.com/square/retrofit
2025-04-10T08:36:25.2826842Z  * [new ref]         2c560946a2a74e9bd0ef6f9bab137ce4f61d7978 -> pull/4341/merge
2025-04-10T08:36:25.2854513Z ##[endgroup]
2025-04-10T08:36:25.2855326Z ##[group]Determining the checkout info
2025-04-10T08:36:25.2857658Z ##[endgroup]
2025-04-10T08:36:25.2863326Z [command]/usr/bin/git sparse-checkout disable
2025-04-10T08:36:25.2901742Z [command]/usr/bin/git config --local --unset-all extensions.worktreeConfig
2025-04-10T08:36:25.2928763Z ##[group]Checking out the ref
2025-04-10T08:36:25.2932976Z [command]/usr/bin/git checkout --progress --force refs/remotes/pull/4341/merge
2025-04-10T08:36:25.3427888Z Note: switching to 'refs/remotes/pull/4341/merge'.
2025-04-10T08:36:25.3428810Z 
2025-04-10T08:36:25.3429285Z You are in 'detached HEAD' state. You can look around, make experimental
2025-04-10T08:36:25.3430234Z changes and commit them, and you can discard any commits you make in this
2025-04-10T08:36:25.3431204Z state without impacting any branches by switching back to a branch.
2025-04-10T08:36:25.3431729Z 
2025-04-10T08:36:25.3432110Z If you want to create a new branch to retain commits you create, you may
2025-04-10T08:36:25.3432950Z do so (now or later) by using -c with the switch command. Example:
2025-04-10T08:36:25.3433445Z 
2025-04-10T08:36:25.3433710Z   git switch -c <new-branch-name>
2025-04-10T08:36:25.3434058Z 
2025-04-10T08:36:25.3434270Z Or undo this operation with:
2025-04-10T08:36:25.3434592Z 
2025-04-10T08:36:25.3434770Z   git switch -
2025-04-10T08:36:25.3435047Z 
2025-04-10T08:36:25.3435441Z Turn off this advice by setting config variable advice.detachedHead to false
2025-04-10T08:36:25.3436013Z 
2025-04-10T08:36:25.3436668Z HEAD is now at 2c56094 Merge 104c21ee7e58913d421b7f733d3b08e846ecbe3b into 6091c02ac57b165b43e4f400169b2706c04ff8b3
2025-04-10T08:36:25.3438825Z ##[endgroup]
2025-04-10T08:36:25.3485506Z [command]/usr/bin/git log -1 --format=%H
2025-04-10T08:36:25.3517671Z 2c560946a2a74e9bd0ef6f9bab137ce4f61d7978
2025-04-10T08:36:25.3744818Z ##[group]Run actions/setup-java@v4
2025-04-10T08:36:25.3745153Z with:
2025-04-10T08:36:25.3745379Z   distribution: zulu
2025-04-10T08:36:25.3745670Z   java-version-file: .github/workflows/.java-version
2025-04-10T08:36:25.3746005Z   java-package: jdk
2025-04-10T08:36:25.3746245Z   check-latest: false
2025-04-10T08:36:25.3746485Z   server-id: github
2025-04-10T08:36:25.3746725Z   server-username: GITHUB_ACTOR
2025-04-10T08:36:25.3747007Z   server-password: GITHUB_TOKEN
2025-04-10T08:36:25.3747273Z   overwrite-settings: true
2025-04-10T08:36:25.3747555Z   job-status: success
2025-04-10T08:36:25.3747930Z   token: ***
2025-04-10T08:36:25.3748153Z env:
2025-04-10T08:36:25.3748737Z   GRADLE_OPTS: -Dorg.gradle.jvmargs=-Xmx4g -Dorg.gradle.daemon=false -Dkotlin.incremental=false
2025-04-10T08:36:25.3749211Z ##[endgroup]
2025-04-10T08:36:25.5707570Z ##[group]Installed distributions
2025-04-10T08:36:25.5740730Z Trying to resolve the latest version from remote
2025-04-10T08:36:25.6548544Z Resolved latest version as 23.0.2+7
2025-04-10T08:36:25.6549456Z Trying to download...
2025-04-10T08:36:25.6550456Z Downloading Java 23.0.2+7 (Zulu) from https://cdn.azul.com/zulu/bin/zulu23.32.11-ca-crac-jdk23.0.2-linux_x64.tar.gz ...
2025-04-10T08:36:27.0206324Z Extracting Java archive...
2025-04-10T08:36:27.0312478Z [command]/usr/bin/tar xz --warning=no-unknown-keyword --overwrite -C /home/runner/work/_temp/7a25a27d-74dd-437b-b508-7e2c43e89f73 -f /home/runner/work/_temp/98d3dea3-9429-475e-94a7-a1ac41dd5ec9
2025-04-10T08:36:29.9760874Z Java 23.0.2+7 was downloaded
2025-04-10T08:36:29.9761858Z Setting Java 23.0.2+7 as the default
2025-04-10T08:36:29.9772482Z Creating toolchains.xml for JDK version 23 from zulu
2025-04-10T08:36:29.9857885Z Writing to /home/runner/.m2/toolchains.xml
2025-04-10T08:36:29.9858703Z 
2025-04-10T08:36:29.9859857Z Java configuration:
2025-04-10T08:36:29.9860291Z   Distribution: zulu
2025-04-10T08:36:29.9861034Z   Version: 23.0.2+7
2025-04-10T08:36:29.9861518Z   Path: /opt/hostedtoolcache/Java_Zulu_jdk/23.0.2-7/x64
2025-04-10T08:36:29.9861934Z 
2025-04-10T08:36:29.9862480Z ##[endgroup]
2025-04-10T08:36:29.9879460Z Creating settings.xml with server-id: github
2025-04-10T08:36:29.9881942Z Writing to /home/runner/.m2/settings.xml
2025-04-10T08:36:30.0133005Z ##[group]Run gradle/actions/setup-gradle@v4
2025-04-10T08:36:30.0133322Z with:
2025-04-10T08:36:30.0133510Z   cache-disabled: false
2025-04-10T08:36:30.0133725Z   cache-read-only: true
2025-04-10T08:36:30.0133934Z   cache-write-only: false
2025-04-10T08:36:30.0134302Z   cache-overwrite-existing: false
2025-04-10T08:36:30.0134616Z   cache-cleanup: on-success
2025-04-10T08:36:30.0134888Z   gradle-home-cache-includes: caches
notifications

2025-04-10T08:36:30.0135197Z   add-job-summary: always
2025-04-10T08:36:30.0135426Z   add-job-summary-as-pr-comment: never
2025-04-10T08:36:30.0135692Z   dependency-graph: disabled
2025-04-10T08:36:30.0135987Z   dependency-graph-report-dir: dependency-graph-reports
2025-04-10T08:36:30.0136345Z   dependency-graph-continue-on-failure: true
2025-04-10T08:36:30.0136621Z   build-scan-publish: false
2025-04-10T08:36:30.0136863Z   validate-wrappers: true
2025-04-10T08:36:30.0137091Z   allow-snapshot-wrappers: false
2025-04-10T08:36:30.0137383Z   gradle-home-cache-strict-match: false
2025-04-10T08:36:30.0137691Z   workflow-job-context: {
  "api-level": 24
}
2025-04-10T08:36:30.0138100Z   github-token: ***
2025-04-10T08:36:30.0138289Z env:
2025-04-10T08:36:30.0138798Z   GRADLE_OPTS: -Dorg.gradle.jvmargs=-Xmx4g -Dorg.gradle.daemon=false -Dkotlin.incremental=false
2025-04-10T08:36:30.0139281Z   JAVA_HOME: /opt/hostedtoolcache/Java_Zulu_jdk/23.0.2-7/x64
2025-04-10T08:36:30.0139654Z   JAVA_HOME_23_X64: /opt/hostedtoolcache/Java_Zulu_jdk/23.0.2-7/x64
2025-04-10T08:36:30.0139959Z ##[endgroup]
2025-04-10T08:36:30.4618916Z Merged default JDK locations into /home/runner/.m2/toolchains.xml
2025-04-10T08:36:30.4622098Z ##[group]Restore Gradle state from cache
2025-04-10T08:36:30.5811710Z Cache hit for: gradle-home-v1|Linux-X64|android[e50878ef9bc883f74a618623248943a6]-2c560946a2a74e9bd0ef6f9bab137ce4f61d7978
2025-04-10T08:36:30.9084646Z Received 2378799 of 2378799 (100.0%), 10.1 MBs/sec
2025-04-10T08:36:30.9087021Z Cache Size: ~2 MB (2378799 B)
2025-04-10T08:36:30.9115931Z [command]/usr/bin/tar -xf /home/runner/work/_temp/a76ac063-bfee-4497-9524-c184be0066c6/cache.tzst -P -C /home/runner/work/retrofit/retrofit --use-compress-program unzstd
2025-04-10T08:36:31.0648124Z Cache restored successfully
2025-04-10T08:36:31.0659222Z Restored cache entry with key gradle-home-v1|Linux-X64|android[e50878ef9bc883f74a618623248943a6]-2c560946a2a74e9bd0ef6f9bab137ce4f61d7978 to /home/runner/.gradle/caches,/home/runner/.gradle/notifications,/home/runner/.gradle/.setup-gradle in 602ms
2025-04-10T08:36:31.1674718Z Cache hit for: gradle-groovy-dsl-v1-62f3eb36fd2c613bf731caa49bec0fdd
2025-04-10T08:36:31.1714860Z Cache hit for: gradle-wrapper-zips-v1-2404ef08b03d28a6a12a9811a47b570f
2025-04-10T08:36:31.1723255Z Cache hit for: gradle-transforms-v1-71f43688e39e85e5465516a8cb73bc6e
2025-04-10T08:36:31.1796153Z Cache hit for: gradle-instrumented-jars-v1-40929d14d183c9f917543eec95d9da58
2025-04-10T08:36:31.1803761Z Cache hit for: gradle-java-toolchains-v1-9af61558c318175e1de9f791384e4a85
2025-04-10T08:36:31.1833858Z Cache hit for: gradle-dependencies-v1-5bb001afe5dd4c9d014bdb35bd17332d
2025-04-10T08:36:31.1969709Z Cache hit for: gradle-java-toolchains-v1-aa6852616b90f2fcdff51522528a3d20
2025-04-10T08:36:31.4727793Z Received 229211 of 229211 (100.0%), 1.3 MBs/sec
2025-04-10T08:36:31.4730771Z Cache Size: ~0 MB (229211 B)
2025-04-10T08:36:31.5427161Z Received 147727 of 147727 (100.0%), 0.8 MBs/sec
2025-04-10T08:36:31.5427833Z Cache Size: ~0 MB (147727 B)
2025-04-10T08:36:31.5554609Z [command]/usr/bin/tar -xf /home/runner/work/_temp/dae3eddc-7dc4-4e2d-8b32-317bfe6a8383/cache.tzst -P -C /home/runner/work/retrofit/retrofit --use-compress-program unzstd
2025-04-10T08:36:31.5773460Z [command]/usr/bin/tar -xf /home/runner/work/_temp/4e81f213-e311-4c82-81dc-cf3700ae6eff/cache.tzst -P -C /home/runner/work/retrofit/retrofit --use-compress-program unzstd
2025-04-10T08:36:31.6499832Z Cache restored successfully
2025-04-10T08:36:31.6501920Z Cache restored successfully
2025-04-10T08:36:31.6742789Z Restored cache entry with key gradle-groovy-dsl-v1-62f3eb36fd2c613bf731caa49bec0fdd to /home/runner/.gradle/caches/*/groovy-dsl/*/ in 606ms
2025-04-10T08:36:31.6744673Z Restored cache entry with key gradle-instrumented-jars-v1-40929d14d183c9f917543eec95d9da58 to /home/runner/.gradle/caches/jars-*/*/ in 607ms
2025-04-10T08:36:32.3200042Z Received 58720256 of 297215658 (19.8%), 54.1 MBs/sec
2025-04-10T08:36:32.3200799Z Received 62914560 of 290935456 (21.6%), 59.3 MBs/sec
2025-04-10T08:36:32.3812487Z Received 54525952 of 95043060 (57.4%), 49.5 MBs/sec
2025-04-10T08:36:32.3813054Z Received 46137344 of 202247008 (22.8%), 42.6 MBs/sec
2025-04-10T08:36:32.4473406Z Received 37748736 of 136189746 (27.7%), 35.7 MBs/sec
2025-04-10T08:36:32.7944316Z Received 95043060 of 95043060 (100.0%), 61.9 MBs/sec
2025-04-10T08:36:32.7946749Z Cache Size: ~91 MB (95043060 B)
2025-04-10T08:36:33.4503640Z Received 134217728 of 297215658 (45.2%), 59.1 MBs/sec
2025-04-10T08:36:33.4504301Z Received 134217728 of 290935456 (46.1%), 59.7 MBs/sec
2025-04-10T08:36:33.4504945Z Received 134217728 of 202247008 (66.4%), 60.9 MBs/sec
2025-04-10T08:36:33.4505617Z Received 117440512 of 136189746 (86.2%), 55.7 MBs/sec
2025-04-10T08:36:33.8390444Z Received 136189746 of 136189746 (100.0%), 54.1 MBs/sec
2025-04-10T08:36:33.8394858Z Cache Size: ~130 MB (136189746 B)
2025-04-10T08:36:33.8467839Z [command]/usr/bin/tar -xf /home/runner/work/_temp/eee75dbc-e1a9-43e8-9fe0-cd4ceff515c1/cache.tzst -P -C /home/runner/work/retrofit/retrofit --use-compress-program unzstd
2025-04-10T08:36:33.9785012Z Received 202247008 of 202247008 (100.0%), 73.4 MBs/sec
2025-04-10T08:36:33.9785668Z Cache Size: ~193 MB (202247008 B)
2025-04-10T08:36:34.1414103Z [command]/usr/bin/tar -xf /home/runner/work/_temp/8338a951-d072-4ace-9d6a-f85f3d620a93/cache.tzst -P -C /home/runner/work/retrofit/retrofit --use-compress-program unzstd
2025-04-10T08:36:34.2030786Z [command]/usr/bin/tar -xf /home/runner/work/_temp/4fd93e9b-0b61-4d7e-ae0a-bfee08e66b71/cache.tzst -P -C /home/runner/work/retrofit/retrofit --use-compress-program unzstd
2025-04-10T08:36:34.4780179Z Received 213909504 of 297215658 (72.0%), 63.9 MBs/sec
2025-04-10T08:36:34.4782959Z Received 268435456 of 290935456 (92.3%), 80.8 MBs/sec
2025-04-10T08:36:34.6081981Z Cache restored successfully
2025-04-10T08:36:34.6520541Z Received 290935456 of 290935456 (100.0%), 83.0 MBs/sec
2025-04-10T08:36:34.6523282Z Cache Size: ~277 MB (290935456 B)
2025-04-10T08:36:34.6591422Z [command]/usr/bin/tar -xf /home/runner/work/_temp/e49d2bbf-54fd-4189-b6f6-f69d1802f06d/cache.tzst -P -C /home/runner/work/retrofit/retrofit --use-compress-program unzstd
2025-04-10T08:36:34.6795650Z Restored cache entry with key gradle-wrapper-zips-v1-2404ef08b03d28a6a12a9811a47b570f to /home/runner/.gradle/wrapper/dists/gradle-8.13-bin/5xuhj0ry160q40clulazy9h7d in 3613ms
2025-04-10T08:36:35.2617260Z Received 297215658 of 297215658 (100.0%), 71.3 MBs/sec
2025-04-10T08:36:35.2624739Z Cache Size: ~283 MB (297215658 B)
2025-04-10T08:36:35.2744056Z [command]/usr/bin/tar -xf /home/runner/work/_temp/f7d401c1-eec4-40a1-8824-b04cf9be1dfd/cache.tzst -P -C /home/runner/work/retrofit/retrofit --use-compress-program unzstd
2025-04-10T08:36:35.5288064Z Cache restored successfully
2025-04-10T08:36:35.5900778Z Restored cache entry with key gradle-java-toolchains-v1-aa6852616b90f2fcdff51522528a3d20 to /home/runner/.gradle/jdks/azul_systems__inc_-14-amd64-linux.2 in 4523ms
2025-04-10T08:36:35.7861862Z Cache restored successfully
2025-04-10T08:36:35.8083888Z Restored cache entry with key gradle-transforms-v1-71f43688e39e85e5465516a8cb73bc6e to /home/runner/.gradle/caches/transforms-4/*/,/home/runner/.gradle/caches/*/transforms/*/ in 4740ms
2025-04-10T08:36:36.1238111Z Cache restored successfully
2025-04-10T08:36:36.2128565Z Cache restored successfully
2025-04-10T08:36:36.6240860Z Restored cache entry with key gradle-dependencies-v1-5bb001afe5dd4c9d014bdb35bd17332d to /home/runner/.gradle/caches/modules-*/files-*/*/*/*/* in 5556ms
2025-04-10T08:36:36.6243420Z Restored cache entry with key gradle-java-toolchains-v1-9af61558c318175e1de9f791384e4a85 to /home/runner/.gradle/jdks/azul_systems__inc_-16-amd64-linux.2 in 5556ms
2025-04-10T08:36:36.6337932Z ##[endgroup]
2025-04-10T08:36:36.6562334Z ##[group]All Gradle Wrapper jars are valid
2025-04-10T08:36:36.6563622Z âœ“ Found known Gradle Wrapper JAR files:
2025-04-10T08:36:36.6564444Z   2db75c40782f5e8ba1fc278a5574bab070adccb2d21ca5a6e5ed840888448046 gradle/wrapper/gradle-wrapper.jar
2025-04-10T08:36:36.6565208Z ##[endgroup]
2025-04-10T08:36:36.7421796Z ##[group]Run reactivecircus/android-emulator-runner@v2
2025-04-10T08:36:36.7422166Z with:
2025-04-10T08:36:36.7422381Z   api-level: 24
2025-04-10T08:36:36.7422651Z   script: ./gradlew connectedCheck --stacktrace
2025-04-10T08:36:36.7422987Z   target: default
2025-04-10T08:36:36.7423214Z   arch: x86
2025-04-10T08:36:36.7423415Z   cores: 2
2025-04-10T08:36:36.7423622Z   avd-name: test
2025-04-10T08:36:36.7423861Z   force-avd-creation: true
2025-04-10T08:36:36.7424130Z   emulator-boot-timeout: 600
2025-04-10T08:36:36.7424396Z   emulator-port: 5554
2025-04-10T08:36:36.7424825Z   emulator-options: -no-window -gpu swiftshader_indirect -no-snapshot -noaudio -no-boot-anim
2025-04-10T08:36:36.7425287Z   disable-animations: true
2025-04-10T08:36:36.7425556Z   disable-spellchecker: false
2025-04-10T08:36:36.7425838Z   disable-linux-hw-accel: auto
2025-04-10T08:36:36.7426112Z   enable-hw-keyboard: false
2025-04-10T08:36:36.7426368Z   channel: stable
2025-04-10T08:36:36.7426591Z env:
2025-04-10T08:36:36.7427022Z   GRADLE_OPTS: -Dorg.gradle.jvmargs=-Xmx4g -Dorg.gradle.daemon=false -Dkotlin.incremental=false
2025-04-10T08:36:36.7427552Z   JAVA_HOME: /opt/hostedtoolcache/Java_Zulu_jdk/23.0.2-7/x64
2025-04-10T08:36:36.7427972Z   JAVA_HOME_23_X64: /opt/hostedtoolcache/Java_Zulu_jdk/23.0.2-7/x64
2025-04-10T08:36:36.7428538Z   GRADLE_ACTION_ID: gradle/actions/setup-gradle
2025-04-10T08:36:36.7428879Z   GRADLE_USER_HOME: /home/runner/.gradle
2025-04-10T08:36:36.7429199Z   GRADLE_BUILD_ACTION_SETUP_COMPLETED: true
2025-04-10T08:36:36.7429518Z   GRADLE_BUILD_ACTION_CACHE_RESTORED: true
2025-04-10T08:36:36.7429978Z   DEVELOCITY_INJECTION_INIT_SCRIPT_NAME: gradle-actions.inject-develocity.init.gradle
2025-04-10T08:36:36.7430505Z   DEVELOCITY_AUTO_INJECTION_CUSTOM_VALUE: gradle-actions
2025-04-10T08:36:36.7430857Z   GITHUB_DEPENDENCY_GRAPH_ENABLED: false
2025-04-10T08:36:36.7431150Z   API_LEVEL: 24
2025-04-10T08:36:36.7431375Z ##[endgroup]
2025-04-10T08:36:36.7990596Z ##[group]Configure emulator
2025-04-10T08:36:36.7995153Z API level: 24
2025-04-10T08:36:36.7995588Z System image API level: 24
2025-04-10T08:36:36.7996066Z target: default
2025-04-10T08:36:36.7996794Z CPU architecture: x86
2025-04-10T08:36:36.7997252Z Hardware profile: 
2025-04-10T08:36:36.7997680Z Cores: 2
2025-04-10T08:36:36.7998059Z RAM size: 
2025-04-10T08:36:36.7998671Z Heap size: 
2025-04-10T08:36:36.7999992Z SD card path or size: 
2025-04-10T08:36:36.8001039Z Disk size: 
2025-04-10T08:36:36.8001524Z AVD name: test
2025-04-10T08:36:36.8002404Z force avd creation: true
2025-04-10T08:36:36.8002912Z Emulator boot timeout: 600
2025-04-10T08:36:36.8004344Z emulator port: 5554
2025-04-10T08:36:36.8005085Z emulator options: -no-window -gpu swiftshader_indirect -no-snapshot -noaudio -no-boot-anim
2025-04-10T08:36:36.8005893Z disable animations: true
2025-04-10T08:36:36.8006718Z disable spellchecker: false
2025-04-10T08:36:36.8007488Z disable Linux hardware acceleration: false
2025-04-10T08:36:36.8008766Z enable hardware keyboard: false
2025-04-10T08:36:36.8009703Z Channel: 0 (stable)
2025-04-10T08:36:36.8011804Z Script:
2025-04-10T08:36:36.8012723Z ./gradlew connectedCheck --stacktrace
2025-04-10T08:36:36.8013302Z Pre emulator launch script:
2025-04-10T08:36:36.8014038Z ##[endgroup]
2025-04-10T08:36:36.8016139Z ##[group]Install Android SDK
2025-04-10T08:36:37.2687031Z [command]/usr/bin/sh -c \yes | sdkmanager --licenses > /dev/null
2025-04-10T08:36:41.9158117Z Warning: Errors during XML parse:
2025-04-10T08:36:41.9161801Z Warning: Additionally, the fallback loader failed to parse the XML.
2025-04-10T08:36:42.2003061Z Installing latest build tools, platform tools, and platform.
2025-04-10T08:36:42.2022824Z [command]/usr/bin/sh -c \sdkmanager --install 'build-tools;35.0.0' platform-tools 'platforms;android-24'> /dev/null
2025-04-10T08:36:43.4299443Z Warning: Errors during XML parse:
2025-04-10T08:36:43.4306999Z Warning: Additionally, the fallback loader failed to parse the XML.
2025-04-10T08:36:48.3893879Z Installing latest emulator.
2025-04-10T08:36:48.3909698Z [command]/usr/bin/sh -c \sdkmanager --install emulator --channel=0 > /dev/null
2025-04-10T08:36:49.6317590Z Warning: Errors during XML parse:
2025-04-10T08:36:49.6321042Z Warning: Additionally, the fallback loader failed to parse the XML.
2025-04-10T08:36:55.9182098Z Installing system images.
2025-04-10T08:36:55.9199307Z [command]/usr/bin/sh -c \sdkmanager --install 'system-images;android-24;default;x86' --channel=0 > /dev/null
2025-04-10T08:36:57.1045654Z Warning: Errors during XML parse:
2025-04-10T08:36:57.1046543Z Warning: Additionally, the fallback loader failed to parse the XML.
2025-04-10T08:37:13.0908092Z ##[endgroup]
2025-04-10T08:37:13.0911199Z ##[group]Launch Emulator
2025-04-10T08:37:13.0911701Z Creating AVD.
2025-04-10T08:37:13.0929592Z [command]/usr/bin/sh -c \echo no | avdmanager create avd --force -n test --abi 'default/x86' --package 'system-images;android-24;default;x86'
2025-04-10T08:37:13.8803557Z Loading local repository...                                                     
2025-04-10T08:37:13.8813261Z [=========                              ] 25% Loading local repository...       
2025-04-10T08:37:13.8814033Z [=========                              ] 25% Fetch remote repository...        
2025-04-10T08:37:13.8814767Z [=======================================] 100% Fetch remote repository...       
2025-04-10T08:37:14.3454632Z Do you wish to create a custom hardware profile? [no] [command]/usr/bin/sh -c \printf 'hw.cpu.ncore=2
2025-04-10T08:37:14.3455319Z ' >> /home/runner/.android/avd/test.avd/config.ini
2025-04-10T08:37:14.3475834Z Starting emulator.
2025-04-10T08:37:14.3489083Z [command]/usr/bin/sh -c \/usr/local/lib/android/sdk/emulator/emulator -port 5554 -avd test -no-window -gpu swiftshader_indirect -no-snapshot -noaudio -no-boot-anim &
2025-04-10T08:37:14.3592630Z INFO         | Android emulator version 35.4.9.0 (build_id 13025442) (CL:N/A)
2025-04-10T08:37:14.3593295Z INFO         | Graphics backend: gfxstream
2025-04-10T08:37:14.3593834Z INFO         | Found systemPath /usr/local/lib/android/sdk/system-images/android-24/default/x86/
2025-04-10T08:37:14.3594952Z INFO         | Found systemPath /usr/local/lib/android/sdk/system-images/android-24/default/x86/
2025-04-10T08:37:16.4254651Z I0410 08:37:16.425004    2266 opengles.cpp:285] android_startOpenglesRenderer: gpu info
2025-04-10T08:37:16.4256160Z I0410 08:37:16.425054    2266 opengles.cpp:286] 
2025-04-10T08:37:16.4285840Z WARNING: could not open libX11.so, try libX11.so.6
2025-04-10T08:37:16.4689407Z WARNING: cannnot unmap ptr 0x7fc824c01000 as it is in the protected range from 0x7fc7e4c00000 to 0x7fc824e00000
2025-04-10T08:37:16.4816587Z INFO         | Increasing RAM size to 1024MB
2025-04-10T08:37:16.4818572Z INFO         | Checking system compatibility:
2025-04-10T08:37:16.4819215Z INFO         |   Checking: hasSufficientDiskSpace
2025-04-10T08:37:16.4820169Z INFO         |      Ok: Disk space requirements to run avd: `test` are met
2025-04-10T08:37:16.4822970Z INFO         |   Checking: hasSufficientHwGpu
2025-04-10T08:37:16.4824234Z INFO         |      Ok: Hardware GPU requirements to run avd: `test` are passed
2025-04-10T08:37:16.4825036Z INFO         |   Checking: hasSufficientSystem
2025-04-10T08:37:16.4825718Z INFO         |      Ok: System requirements to run avd: `test` are met
2025-04-10T08:37:16.4826682Z WARNING      | encryption is off
2025-04-10T08:37:16.4827308Z WARNING      | FeatureControl is requesting a non existing feature.
2025-04-10T08:37:16.4828085Z ERROR        | Unable to connect to adb daemon on port: 5037
2025-04-10T08:37:16.4829337Z INFO         | Storing crashdata in: /tmp/android-runner/emu-crash-35.4.9.db, detection is enabled for process: 2266
2025-04-10T08:37:16.4830413Z INFO         | Guest Driver: Auto (ext controls)
2025-04-10T08:37:16.4831207Z library_mode swiftshader_indirect gpu mode swiftshader_indirect
2025-04-10T08:37:16.4832109Z INFO         | Initializing hardware OpenGLES emulation support
2025-04-10T08:37:16.4832837Z INFO         | Not raising nofile soft limit from 65536.
2025-04-10T08:37:16.4833433Z INFO         | HealthMonitor disabled.
2025-04-10T08:37:16.4833947Z INFO         | SharedLibrary::open for [libGLESv2.so]: not found in map, open for the first time
2025-04-10T08:37:16.4834302Z 
2025-04-10T08:37:16.4834492Z INFO         | SharedLibrary::open for [libGLESv2.so] (posix): begin
2025-04-10T08:37:16.4834771Z 
2025-04-10T08:37:16.4835042Z INFO         | SharedLibrary::open for [libGLESv2.so] (posix,linux): call dlopen on [libGLESv2.so]
2025-04-10T08:37:16.4835438Z 
2025-04-10T08:37:16.4835811Z INFO         | SharedLibrary::open for [libEGL.so]: not found in map, open for the first time
2025-04-10T08:37:16.4836149Z 
2025-04-10T08:37:16.4836323Z INFO         | SharedLibrary::open for [libEGL.so] (posix): begin
2025-04-10T08:37:16.4836570Z 
2025-04-10T08:37:16.4836801Z INFO         | SharedLibrary::open for [libEGL.so] (posix,linux): call dlopen on [libEGL.so]
2025-04-10T08:37:16.4837125Z 
2025-04-10T08:37:16.4837255Z INFO         | SharedLibrary::open for [libX11]
2025-04-10T08:37:16.4837479Z 
2025-04-10T08:37:16.4837708Z INFO         | SharedLibrary::open for [libX11]: not found in map, open for the first time
2025-04-10T08:37:16.4838020Z 
2025-04-10T08:37:16.4838181Z INFO         | SharedLibrary::open for [libX11] (posix): begin
2025-04-10T08:37:16.4838657Z 
2025-04-10T08:37:16.4838899Z INFO         | SharedLibrary::open for [libX11] (posix,linux): call dlopen on [libX11.so]
2025-04-10T08:37:16.4839216Z 
2025-04-10T08:37:16.4839412Z INFO         | SharedLibrary::open for [libX11] failed (posix). dlerror: []
2025-04-10T08:37:16.4839692Z 
2025-04-10T08:37:16.4839837Z INFO         | SharedLibrary::open for [libX11.so.6]
2025-04-10T08:37:16.4840057Z 
2025-04-10T08:37:16.4840305Z INFO         | SharedLibrary::open for [libX11.so.6]: not found in map, open for the first time
2025-04-10T08:37:16.4840634Z 
2025-04-10T08:37:16.4840802Z INFO         | SharedLibrary::open for [libX11.so.6] (posix): begin
2025-04-10T08:37:16.4841053Z 
2025-04-10T08:37:16.4841306Z INFO         | SharedLibrary::open for [libX11.so.6] (posix,linux): call dlopen on [libX11.so.6]
2025-04-10T08:37:16.4841636Z 
2025-04-10T08:37:16.4841785Z INFO         | Graphics Adapter Vendor Google (Google Inc.)
2025-04-10T08:37:16.4842248Z INFO         | Graphics Adapter Android Emulator OpenGL ES Translator (Google SwiftShader)
2025-04-10T08:37:16.4842784Z INFO         | Graphics API Version OpenGL ES 3.0 (OpenGL ES 3.0 SwiftShader 4.0.0.1)
2025-04-10T08:37:16.4844690Z INFO         | Graphics API Extensions GL_OES_EGL_sync GL_OES_EGL_image GL_OES_EGL_image_external GL_OES_depth24 GL_OES_depth32 GL_OES_element_index_uint GL_OES_texture_float GL_OES_texture_float_linear GL_OES_compressed_paletted_texture GL_OES_compressed_ETC1_RGB8_texture GL_OES_depth_texture GL_OES_texture_half_float GL_OES_texture_half_float_linear GL_OES_packed_depth_stencil GL_OES_vertex_half_float GL_OES_standard_derivatives GL_OES_texture_npot GL_OES_rgb8_rgba8 GL_EXT_color_buffer_float GL_EXT_color_buffer_half_float GL_EXT_texture_format_BGRA8888 GL_APPLE_texture_format_BGRA8888 
2025-04-10T08:37:16.4846729Z INFO         | Graphics Device Extensions N/A
2025-04-10T08:37:16.4847093Z INFO         | Verified boot params were not found.
2025-04-10T08:37:16.4847425Z INFO         | Userspace boot properties:
2025-04-10T08:37:16.4847905Z INFO         |   android.bootanim=0
2025-04-10T08:37:16.4848201Z INFO         |   android.qemud=1
2025-04-10T08:37:16.4848949Z INFO         |   androidboot.android_dt_dir=/sys/bus/platform/devices/ANDR0001:00/properties/android/
2025-04-10T08:37:16.4849444Z INFO         |   androidboot.hardware=ranchu
2025-04-10T08:37:16.4849802Z INFO         |   androidboot.serialno=EMULATOR35X4X9X0
2025-04-10T08:37:16.4850120Z INFO         |   qemu=1
2025-04-10T08:37:16.4850367Z INFO         |   qemu.avd_name=test
2025-04-10T08:37:16.4850683Z INFO         |   qemu.camera_hq_edge_processing=0
2025-04-10T08:37:16.4851023Z INFO         |   qemu.dalvik.vm.heapsize=256m
2025-04-10T08:37:16.4851330Z INFO         |   qemu.gles=1
2025-04-10T08:37:16.4851731Z INFO         |   qemu.gltransport=pipe
2025-04-10T08:37:16.4852089Z INFO         |   qemu.gltransport.drawFlushInterval=800
2025-04-10T08:37:16.4852440Z INFO         |   qemu.opengles.version=196608
2025-04-10T08:37:16.4852807Z INFO         |   qemu.settings.system.screen_off_timeout=2147483647
2025-04-10T08:37:16.4853170Z INFO         |   qemu.uirenderer=skiagl
2025-04-10T08:37:16.4853464Z INFO         |   qemu.vsync=60
2025-04-10T08:37:16.4853729Z INFO         |   qemu.wifi=1
2025-04-10T08:37:16.4854030Z INFO         | Monitoring duration of emulator setup.
2025-04-10T08:37:16.4899990Z INFO         | Setting display: 0 configuration to: 320x640, dpi: 160x160 
2025-04-10T08:37:16.4900680Z INFO         | setDisplayActiveConfig 0
2025-04-10T08:37:16.4944031Z ##############################################################################
2025-04-10T08:37:16.4944739Z ##                        WARNING - ACTION REQUIRED                         ##
2025-04-10T08:37:16.4945635Z ##  Consider using the '-metrics-collection' flag to help improve the       ##
2025-04-10T08:37:16.4946575Z ##  emulator by sending anonymized usage data. Or use the '-no-metrics'     ##
2025-04-10T08:37:16.4947487Z ##  flag to bypass this warning and turn off the metrics collection.        ##
2025-04-10T08:37:16.4948533Z ##  In a future release this warning will turn into a one-time blocking     ##
2025-04-10T08:37:16.4949432Z ##  prompt to ask for explicit user input regarding metrics collection.     ##
2025-04-10T08:37:16.4950129Z ##                                                                          ##
2025-04-10T08:37:16.4950939Z ##  Please see '-help-metrics-collection' for more details. You can use     ##
2025-04-10T08:37:16.4951907Z ##  '-metrics-to-file' or '-metrics-to-console' flags to see what type of   ##
2025-04-10T08:37:16.4952851Z ##  data is being collected by emulator as part of usage statistics.        ##
2025-04-10T08:37:16.4953650Z ##############################################################################
2025-04-10T08:37:16.4954563Z USER_INFO    | Emulator is performing a full startup. This may take upto two minutes, or more.
2025-04-10T08:37:16.4955808Z WARNING      | Failed to process .ini file /home/runner/.android/emu-update-last-check.ini for reading.
2025-04-10T08:37:16.7863726Z WARNING      | Failed to process .ini file /home/runner/.android/emu-update-last-check.ini for reading.
2025-04-10T08:37:24.3561194Z [command]/usr/local/lib/android/sdk/platform-tools/adb -s emulator-5554 shell getprop sys.boot_completed
2025-04-10T08:37:24.4000746Z * daemon not running; starting now at tcp:5037
2025-04-10T08:37:27.6383698Z * daemon started successfully
2025-04-10T08:37:27.6460246Z 1
2025-04-10T08:37:27.6471258Z Emulator booted.
2025-04-10T08:37:27.6501558Z [command]/usr/local/lib/android/sdk/platform-tools/adb -s emulator-5554 shell input keyevent 82
2025-04-10T08:37:27.8519112Z Disabling animations.
2025-04-10T08:37:27.8547341Z [command]/usr/local/lib/android/sdk/platform-tools/adb -s emulator-5554 shell settings put global window_animation_scale 0.0
2025-04-10T08:37:28.1232387Z [command]/usr/local/lib/android/sdk/platform-tools/adb -s emulator-5554 shell settings put global transition_animation_scale 0.0
2025-04-10T08:37:28.3403252Z [command]/usr/local/lib/android/sdk/platform-tools/adb -s emulator-5554 shell settings put global animator_duration_scale 0.0
2025-04-10T08:37:28.5461362Z ##[endgroup]
2025-04-10T08:37:28.5485781Z [command]/usr/bin/sh -c ./gradlew connectedCheck --stacktrace
2025-04-10T08:37:29.3645257Z To honour the JVM settings for this build a single-use Daemon process will be forked. For more on this, please refer to https://docs.gradle.org/8.13/userguide/gradle_daemon.html#sec:disabling_the_daemon in the Gradle documentation.
2025-04-10T08:37:30.5617435Z Daemon will be stopped at the end of the build 
2025-04-10T08:37:35.2660093Z Type-safe project accessors is an incubating feature.
2025-04-10T08:37:44.5624322Z 
2025-04-10T08:37:44.5682964Z > Configure project :retrofit-converters:kotlinx-serialization
2025-04-10T08:37:44.5727852Z warning: Dokka Gradle plugin V1 is deprecated
2025-04-10T08:37:44.5729063Z     
2025-04-10T08:37:44.5729724Z     Dokka Gradle plugin V1 is deprecated, and will be removed in Dokka version 2.1.0
2025-04-10T08:37:44.5730753Z     Please migrate to Dokka Gradle plugin V2. This will require updating your project.
2025-04-10T08:37:44.5731823Z     To learn about migrating read the migration guide https://kotl.in/dokka-gradle-migration
2025-04-10T08:37:44.5732649Z     
2025-04-10T08:37:44.5733130Z     To start migrating to Dokka Gradle plugin V2 add
2025-04-10T08:37:44.5733965Z         org.jetbrains.dokka.experimental.gradle.pluginMode=V2EnabledWithHelpers
2025-04-10T08:37:44.5734803Z     into your project's `gradle.properties` file.
2025-04-10T08:37:44.5735393Z     
2025-04-10T08:37:44.5735841Z     We would appreciate your feedback!
2025-04-10T08:37:44.5736618Z      - Please report any feedback or problems https://kotl.in/dokka-issues
2025-04-10T08:37:44.5737737Z      - Chat with the community visit #dokka in https://kotlinlang.slack.com/ (To sign up visit https://kotl.in/slack)
2025-04-10T08:37:44.5738807Z     
2025-04-10T08:37:52.7619523Z 
2025-04-10T08:37:52.7620502Z > Task :retrofit:checkKotlinGradlePluginConfigurationErrors SKIPPED
2025-04-10T08:37:54.3630270Z > Task :retrofit:test-helpers:processResources NO-SOURCE
2025-04-10T08:37:54.3634829Z > Task :retrofit:processResources
2025-04-10T08:37:54.3658699Z > Task :retrofit:processJava14Resources NO-SOURCE
2025-04-10T08:37:54.3660734Z > Task :retrofit:processJava16Resources NO-SOURCE
2025-04-10T08:37:54.3661623Z > Task :retrofit:android-test:preBuild UP-TO-DATE
2025-04-10T08:37:54.3662565Z > Task :retrofit:android-test:preDebugBuild UP-TO-DATE
2025-04-10T08:37:54.4653618Z > Task :retrofit:android-test:generateDebugResValues
2025-04-10T08:37:54.4654574Z > Task :retrofit:android-test:generateDebugResources
2025-04-10T08:37:54.5624143Z > Task :retrofit:android-test:packageDebugResources
2025-04-10T08:37:56.1618944Z > Task :retrofit:android-test:preDebugAndroidTestBuild UP-TO-DATE
2025-04-10T08:37:56.1620144Z > Task :retrofit:android-test:javaPreCompileDebug
2025-04-10T08:37:56.1621045Z > Task :retrofit:android-test:javaPreCompileDebugAndroidTest
2025-04-10T08:37:56.2624391Z > Task :retrofit:android-test:writeDebugAarMetadata
2025-04-10T08:37:56.2631358Z > Task :retrofit:android-test:parseDebugLocalResources
2025-04-10T08:37:56.3646724Z > Task :retrofit:android-test:compileDebugLibraryResources
2025-04-10T08:37:56.4627295Z > Task :retrofit:android-test:generateDebugRFile
2025-04-10T08:37:56.4630015Z > Task :retrofit:android-test:checkDebugAndroidTestAarMetadata
2025-04-10T08:37:56.4632117Z > Task :retrofit:android-test:compileDebugJavaWithJavac NO-SOURCE
2025-04-10T08:37:56.4634303Z > Task :retrofit:android-test:generateDebugAndroidTestResValues
2025-04-10T08:37:56.5666817Z > Task :retrofit:android-test:bundleLibCompileToJarDebug
2025-04-10T08:37:56.5667958Z > Task :retrofit:android-test:mapDebugAndroidTestSourceSetPaths
2025-04-10T08:37:56.5669320Z > Task :retrofit:android-test:generateDebugAndroidTestResources
2025-04-10T08:37:56.5670424Z > Task :retrofit:android-test:mergeDebugAndroidTestResources
2025-04-10T08:37:56.5675769Z > Task :retrofit:android-test:extractDeepLinksDebug
2025-04-10T08:37:56.5677082Z > Task :retrofit:android-test:mergeDebugAndroidTestShaders
2025-04-10T08:37:56.5677902Z > Task :retrofit:android-test:compileDebugAndroidTestShaders NO-SOURCE
2025-04-10T08:37:56.5678975Z > Task :retrofit:android-test:generateDebugAndroidTestAssets UP-TO-DATE
2025-04-10T08:37:56.6628932Z > Task :retrofit:android-test:mergeDebugShaders
2025-04-10T08:37:56.6629706Z > Task :retrofit:android-test:compileDebugShaders NO-SOURCE
2025-04-10T08:37:56.6630513Z > Task :retrofit:android-test:generateDebugAssets UP-TO-DATE
2025-04-10T08:37:56.6631234Z > Task :retrofit:android-test:mergeDebugAssets
2025-04-10T08:37:56.6631915Z > Task :retrofit:android-test:mergeDebugAndroidTestAssets
2025-04-10T08:37:56.6632986Z > Task :retrofit:android-test:compressDebugAndroidTestAssets
2025-04-10T08:37:56.6633855Z > Task :retrofit:android-test:processDebugAndroidTestJavaRes NO-SOURCE
2025-04-10T08:37:56.6634686Z > Task :retrofit:android-test:processDebugJavaRes NO-SOURCE
2025-04-10T08:37:56.6635393Z > Task :retrofit:android-test:processDebugManifest
2025-04-10T08:37:56.8685858Z > Task :retrofit:android-test:checkDebugAndroidTestDuplicateClasses
2025-04-10T08:37:56.8686684Z > Task :retrofit:android-test:processDebugAndroidTestManifest
2025-04-10T08:37:56.9619402Z > Task :retrofit:android-test:desugarDebugAndroidTestFileDependencies
2025-04-10T08:37:57.3622637Z > Task :retrofit:android-test:processDebugAndroidTestResources
2025-04-10T08:38:05.3724589Z > Task :retrofit:compileKotlin
2025-04-10T08:38:13.1619247Z > Task :retrofit:android-test:mergeExtDexDebugAndroidTest
2025-04-10T08:38:16.5640405Z 
2025-04-10T08:38:16.5652505Z > Task :retrofit:compileJava
2025-04-10T08:38:16.5656939Z Note: Some input files use unchecked or unsafe operations.
2025-04-10T08:38:16.5657712Z Note: Recompile with -Xlint:unchecked for details.
2025-04-10T08:38:17.7626724Z 
2025-04-10T08:38:17.7627601Z > Task :retrofit:test-helpers:compileJava
2025-04-10T08:38:17.7628619Z > Task :retrofit:test-helpers:classes
2025-04-10T08:38:17.8617091Z > Task :retrofit:test-helpers:jar
2025-04-10T08:38:17.8623275Z > Task :retrofit:classes
2025-04-10T08:38:17.8627566Z > Task :retrofit:compileJava14Kotlin NO-SOURCE
2025-04-10T08:38:19.6634361Z > Task :retrofit:compileJava14Java
2025-04-10T08:38:19.6636678Z > Task :retrofit:compileJava16Kotlin NO-SOURCE
2025-04-10T08:38:21.5639177Z > Task :retrofit:compileJava16Java
2025-04-10T08:38:21.5640397Z > Task :retrofit:java14Classes
2025-04-10T08:38:21.5641184Z > Task :retrofit:java16Classes
2025-04-10T08:38:21.6628202Z > Task :retrofit:jar
2025-04-10T08:38:21.6632005Z > Task :retrofit:android-test:bundleLibRuntimeToDirDebug
2025-04-10T08:38:22.3616865Z > Task :retrofit:android-test:compileDebugAndroidTestJavaWithJavac
2025-04-10T08:38:22.4628969Z > Task :retrofit:android-test:mergeLibDexDebugAndroidTest
2025-04-10T08:38:22.5635299Z > Task :retrofit:android-test:dexBuilderDebugAndroidTest
2025-04-10T08:38:22.5636871Z > Task :retrofit:android-test:mergeDebugJniLibFolders
2025-04-10T08:38:22.5638812Z > Task :retrofit:android-test:mergeProjectDexDebugAndroidTest
2025-04-10T08:38:22.5648622Z > Task :retrofit:android-test:mergeDebugNativeLibs NO-SOURCE
2025-04-10T08:38:22.5649475Z > Task :retrofit:android-test:mergeDebugAndroidTestJniLibFolders
2025-04-10T08:38:22.5669828Z > Task :retrofit:android-test:copyDebugJniLibsProjectOnly
2025-04-10T08:38:22.5671067Z > Task :retrofit:android-test:validateSigningDebugAndroidTest
2025-04-10T08:38:22.6620442Z > Task :retrofit:android-test:mergeDebugAndroidTestNativeLibs NO-SOURCE
2025-04-10T08:38:22.6622588Z > Task :retrofit:android-test:stripDebugAndroidTestDebugSymbols NO-SOURCE
2025-04-10T08:38:22.6623543Z > Task :retrofit:android-test:writeDebugAndroidTestSigningConfigVersions
2025-04-10T08:38:22.7617765Z > Task :retrofit:android-test:mergeDebugAndroidTestJavaResource
2025-04-10T08:38:23.1618141Z > Task :retrofit:android-test:packageDebugAndroidTest
2025-04-10T08:38:23.1619649Z > Task :retrofit:android-test:createDebugAndroidTestApkListingFileRedirect
2025-04-10T08:38:23.3616693Z [EmulatorConsole]: Failed to start Emulator console for 5554
2025-04-10T08:38:27.6617952Z 
2025-04-10T08:38:27.6619641Z > Task :retrofit:android-test:connectedDebugAndroidTest
2025-04-10T08:38:27.6620753Z additionalTestOutput is not supported on this device running API level 24 because the additional test output directory could not be found
2025-04-10T08:38:31.8617232Z Starting 7 tests on emulator-5554 - 7.0
2025-04-10T08:38:32.6628664Z 
2025-04-10T08:38:32.6629238Z Finished 7 tests on emulator-5554 - 7.0
2025-04-10T08:38:33.2621635Z 
2025-04-10T08:38:33.2622760Z > Task :retrofit:android-test:connectedAndroidTest
2025-04-10T08:38:33.2623825Z > Task :retrofit:android-test:connectedCheck
2025-04-10T08:38:33.2628007Z gradle/actions: Writing build results to /home/runner/work/_temp/.gradle-actions/build-results/__reactivecircus_android-emulator-runner-1744274252139.json
2025-04-10T08:38:33.3354998Z 
2025-04-10T08:38:33.3362083Z [Incubating] Problems report is available at: file:///home/runner/work/retrofit/retrofit/build/reports/problems/problems-report.html
2025-04-10T08:38:33.3363105Z 
2025-04-10T08:38:33.3363606Z Deprecated Gradle features were used in this build, making it incompatible with Gradle 9.0.
2025-04-10T08:38:33.3367600Z 
2025-04-10T08:38:33.3368558Z You can use '--warning-mode all' to show the individual deprecation warnings and determine if they come from your own scripts or plugins.
2025-04-10T08:38:33.3369459Z 
2025-04-10T08:38:33.3370345Z For more on this, please refer to https://docs.gradle.org/8.13/userguide/command_line_interface.html#sec:command_line_warnings in the Gradle documentation.
2025-04-10T08:38:33.3371353Z 
2025-04-10T08:38:33.3371553Z BUILD SUCCESSFUL in 1m 4s
2025-04-10T08:38:33.3372041Z 49 actionable tasks: 49 executed
2025-04-10T08:38:33.6489591Z ##[group]Terminate Emulator
2025-04-10T08:38:33.6505663Z [command]/usr/local/lib/android/sdk/platform-tools/adb -s emulator-5554 emu kill
2025-04-10T08:38:33.6538312Z OK: killing emulator, bye bye
2025-04-10T08:38:33.6539138Z OK
2025-04-10T08:38:33.6543817Z ##[endgroup]
2025-04-10T08:38:33.6546658Z INFO         | Wait for emulator (pid 2266) 20 seconds to shutdown gracefully before kill;you can set environment variable ANDROID_EMULATOR_WAIT_TIME_BEFORE_KILL(in seconds) to change the default value (20 seconds)
2025-04-10T08:38:33.6547884Z 
2025-04-10T08:38:33.6580217Z USER_INFO    | Snapshots have been disabled by the user, save request is ignored.
2025-04-10T08:38:34.4569339Z ERROR        | stop: Not implemented
2025-04-10T08:38:34.4570096Z WARNING      | Emulator client has not yet been configured.. Call configure me first!
2025-04-10T08:38:35.0601394Z Post job cleanup.
2025-04-10T08:38:35.3795069Z In post-action step
2025-04-10T08:38:35.3804210Z Cache is read-only: will not save state for use in subsequent builds.
2025-04-10T08:38:35.3811157Z Generating Job Summary
2025-04-10T08:38:35.3835401Z Completed post-action step
2025-04-10T08:38:35.3977163Z Post job cleanup.
2025-04-10T08:38:35.5759935Z Post job cleanup.
2025-04-10T08:38:35.6711325Z [command]/usr/bin/git version
2025-04-10T08:38:35.6753473Z git version 2.49.0
2025-04-10T08:38:35.6797083Z Temporarily overriding HOME='/home/runner/work/_temp/3a9e9d76-a444-4230-b3f0-aa208eaf32a8' before making global git config changes
2025-04-10T08:38:35.6798719Z Adding repository directory to the temporary git global config as a safe directory
2025-04-10T08:38:35.6803721Z [command]/usr/bin/git config --global --add safe.directory /home/runner/work/retrofit/retrofit
2025-04-10T08:38:35.6840492Z [command]/usr/bin/git config --local --name-only --get-regexp core\.sshCommand
2025-04-10T08:38:35.6874079Z [command]/usr/bin/git submodule foreach --recursive sh -c "git config --local --name-only --get-regexp 'core\.sshCommand' && git config --local --unset-all 'core.sshCommand' || :"
2025-04-10T08:38:35.7140013Z [command]/usr/bin/git config --local --name-only --get-regexp http\.https\:\/\/github\.com\/\.extraheader
2025-04-10T08:38:35.7162040Z http.https://github.com/.extraheader
2025-04-10T08:38:35.7180546Z [command]/usr/bin/git config --local --unset-all http.https://github.com/.extraheader
2025-04-10T08:38:35.7218883Z [command]/usr/bin/git submodule foreach --recursive sh -c "git config --local --name-only --get-regexp 'http\.https\:\/\/github\.com\/\.extraheader' && git config --local --unset-all 'http.https://github.com/.extraheader' || :"
2025-04-10T08:38:35.7564495Z Cleaning up orphan processes
2025-04-10T08:38:35.7864531Z Terminate orphan process: pid (2374) (adb)
