2025-03-29T04:50:10.8730965Z Requested labels: ubuntu-latest
2025-03-29T04:50:10.8731162Z Job defined at: microsoft/markitdown/.github/workflows/pre-commit.yml@refs/pull/1161/merge
2025-03-29T04:50:10.8731259Z Waiting for a runner to pick up this job...
2025-03-29T04:50:13.5515276Z Job is waiting for a hosted runner to come online.
2025-03-29T04:50:16.8875790Z Job is about to start running on the hosted runner: GitHub Actions 68 (hosted)
2025-03-29T04:50:19.1121499Z Current runner version: '2.323.0'
2025-03-29T04:50:19.1145811Z ##[group]Operating System
2025-03-29T04:50:19.1146564Z Ubuntu
2025-03-29T04:50:19.1147150Z 24.04.2
2025-03-29T04:50:19.1147647Z LTS
2025-03-29T04:50:19.1148069Z ##[endgroup]
2025-03-29T04:50:19.1148672Z ##[group]Runner Image
2025-03-29T04:50:19.1149228Z Image: ubuntu-24.04
2025-03-29T04:50:19.1149777Z Version: 20250323.1.0
2025-03-29T04:50:19.1150822Z Included Software: https://github.com/actions/runner-images/blob/ubuntu24/20250323.1/images/ubuntu/Ubuntu2404-Readme.md
2025-03-29T04:50:19.1152181Z Image Release: https://github.com/actions/runner-images/releases/tag/ubuntu24%2F20250323.1
2025-03-29T04:50:19.1153399Z ##[endgroup]
2025-03-29T04:50:19.1153974Z ##[group]Runner Image Provisioner
2025-03-29T04:50:19.1154569Z 2.0.422.1
2025-03-29T04:50:19.1155120Z ##[endgroup]
2025-03-29T04:50:19.1156170Z ##[group]GITHUB_TOKEN Permissions
2025-03-29T04:50:19.1158214Z Contents: read
2025-03-29T04:50:19.1158800Z Metadata: read
2025-03-29T04:50:19.1159563Z Packages: read
2025-03-29T04:50:19.1160163Z ##[endgroup]
2025-03-29T04:50:19.1163331Z Secret source: None
2025-03-29T04:50:19.1164463Z Prepare workflow directory
2025-03-29T04:50:19.1473616Z Prepare all required actions
2025-03-29T04:50:19.1510855Z Getting action download info
2025-03-29T04:50:19.3442009Z ##[group]Download immutable action package 'actions/checkout@v4'
2025-03-29T04:50:19.3443151Z Version: 4.2.2
2025-03-29T04:50:19.3443996Z Digest: sha256:ccb2698953eaebd21c7bf6268a94f9c26518a7e38e27e0b83c1fe1ad049819b1
2025-03-29T04:50:19.3445038Z Source commit SHA: 11bd71901bbe5b1630ceea73d27597364c9af683
2025-03-29T04:50:19.3445686Z ##[endgroup]
2025-03-29T04:50:19.4383265Z ##[group]Download immutable action package 'actions/setup-python@v5'
2025-03-29T04:50:19.4383971Z Version: 5.5.0
2025-03-29T04:50:19.4384608Z Digest: sha256:1fac95d751afd58314aebd2ab01d4bf3b3109a441917bd2cac2a22898ec494f7
2025-03-29T04:50:19.4385489Z Source commit SHA: 8d9ed9ac5c53483de85588cdf95a591a75ab9f55
2025-03-29T04:50:19.4386107Z ##[endgroup]
2025-03-29T04:50:19.7293940Z Complete job name: pre-commit
2025-03-29T04:50:19.7975161Z ##[group]Run actions/checkout@v4
2025-03-29T04:50:19.7976044Z with:
2025-03-29T04:50:19.7976505Z   repository: microsoft/markitdown
2025-03-29T04:50:19.7977160Z   token: ***
2025-03-29T04:50:19.7977544Z   ssh-strict: true
2025-03-29T04:50:19.7977998Z   ssh-user: git
2025-03-29T04:50:19.7978409Z   persist-credentials: true
2025-03-29T04:50:19.7978854Z   clean: true
2025-03-29T04:50:19.7979256Z   sparse-checkout-cone-mode: true
2025-03-29T04:50:19.7979749Z   fetch-depth: 1
2025-03-29T04:50:19.7980141Z   fetch-tags: false
2025-03-29T04:50:19.7980545Z   show-progress: true
2025-03-29T04:50:19.7980949Z   lfs: false
2025-03-29T04:50:19.7981321Z   submodules: false
2025-03-29T04:50:19.7981734Z   set-safe-directory: true
2025-03-29T04:50:19.7982647Z ##[endgroup]
2025-03-29T04:50:20.0213802Z Syncing repository: microsoft/markitdown
2025-03-29T04:50:20.0215679Z ##[group]Getting Git version info
2025-03-29T04:50:20.0216495Z Working directory is '/home/runner/work/markitdown/markitdown'
2025-03-29T04:50:20.0217720Z [command]/usr/bin/git version
2025-03-29T04:50:20.0284493Z git version 2.49.0
2025-03-29T04:50:20.0314158Z ##[endgroup]
2025-03-29T04:50:20.0330512Z Temporarily overriding HOME='/home/runner/work/_temp/cec1469e-fadc-49cb-b802-4e62f3faffaf' before making global git config changes
2025-03-29T04:50:20.0333334Z Adding repository directory to the temporary git global config as a safe directory
2025-03-29T04:50:20.0337005Z [command]/usr/bin/git config --global --add safe.directory /home/runner/work/markitdown/markitdown
2025-03-29T04:50:20.0373752Z Deleting the contents of '/home/runner/work/markitdown/markitdown'
2025-03-29T04:50:20.0377807Z ##[group]Initializing the repository
2025-03-29T04:50:20.0382744Z [command]/usr/bin/git init /home/runner/work/markitdown/markitdown
2025-03-29T04:50:20.0450062Z hint: Using 'master' as the name for the initial branch. This default branch name
2025-03-29T04:50:20.0451579Z hint: is subject to change. To configure the initial branch name to use in all
2025-03-29T04:50:20.0453075Z hint: of your new repositories, which will suppress this warning, call:
2025-03-29T04:50:20.0453904Z hint:
2025-03-29T04:50:20.0454426Z hint: 	git config --global init.defaultBranch <name>
2025-03-29T04:50:20.0455030Z hint:
2025-03-29T04:50:20.0455682Z hint: Names commonly chosen instead of 'master' are 'main', 'trunk' and
2025-03-29T04:50:20.0457613Z hint: 'development'. The just-created branch can be renamed via this command:
2025-03-29T04:50:20.0459096Z hint:
2025-03-29T04:50:20.0459999Z hint: 	git branch -m <name>
2025-03-29T04:50:20.0461598Z Initialized empty Git repository in /home/runner/work/markitdown/markitdown/.git/
2025-03-29T04:50:20.0470292Z [command]/usr/bin/git remote add origin https://github.com/microsoft/markitdown
2025-03-29T04:50:20.0505315Z ##[endgroup]
2025-03-29T04:50:20.0506813Z ##[group]Disabling automatic garbage collection
2025-03-29T04:50:20.0510118Z [command]/usr/bin/git config --local gc.auto 0
2025-03-29T04:50:20.0540166Z ##[endgroup]
2025-03-29T04:50:20.0541745Z ##[group]Setting up auth
2025-03-29T04:50:20.0548472Z [command]/usr/bin/git config --local --name-only --get-regexp core\.sshCommand
2025-03-29T04:50:20.0579797Z [command]/usr/bin/git submodule foreach --recursive sh -c "git config --local --name-only --get-regexp 'core\.sshCommand' && git config --local --unset-all 'core.sshCommand' || :"
2025-03-29T04:50:20.1066604Z [command]/usr/bin/git config --local --name-only --get-regexp http\.https\:\/\/github\.com\/\.extraheader
2025-03-29T04:50:20.1095094Z [command]/usr/bin/git submodule foreach --recursive sh -c "git config --local --name-only --get-regexp 'http\.https\:\/\/github\.com\/\.extraheader' && git config --local --unset-all 'http.https://github.com/.extraheader' || :"
2025-03-29T04:50:20.1339470Z [command]/usr/bin/git config --local http.https://github.com/.extraheader AUTHORIZATION: basic ***
2025-03-29T04:50:20.1385941Z ##[endgroup]
2025-03-29T04:50:20.1387347Z ##[group]Fetching the repository
2025-03-29T04:50:20.1399035Z [command]/usr/bin/git -c protocol.version=2 fetch --no-tags --prune --no-recurse-submodules --depth=1 origin +d2eee798af4c31ead46452b3db57edd87b05940d:refs/remotes/pull/1161/merge
2025-03-29T04:50:20.6992686Z From https://github.com/microsoft/markitdown
2025-03-29T04:50:20.6994257Z  * [new ref]         d2eee798af4c31ead46452b3db57edd87b05940d -> pull/1161/merge
2025-03-29T04:50:20.7020928Z ##[endgroup]
2025-03-29T04:50:20.7023375Z ##[group]Determining the checkout info
2025-03-29T04:50:20.7026392Z ##[endgroup]
2025-03-29T04:50:20.7029575Z [command]/usr/bin/git sparse-checkout disable
2025-03-29T04:50:20.7070031Z [command]/usr/bin/git config --local --unset-all extensions.worktreeConfig
2025-03-29T04:50:20.7097906Z ##[group]Checking out the ref
2025-03-29T04:50:20.7101064Z [command]/usr/bin/git checkout --progress --force refs/remotes/pull/1161/merge
2025-03-29T04:50:20.7342529Z Note: switching to 'refs/remotes/pull/1161/merge'.
2025-03-29T04:50:20.7344074Z 
2025-03-29T04:50:20.7344866Z You are in 'detached HEAD' state. You can look around, make experimental
2025-03-29T04:50:20.7346841Z changes and commit them, and you can discard any commits you make in this
2025-03-29T04:50:20.7350258Z state without impacting any branches by switching back to a branch.
2025-03-29T04:50:20.7352202Z 
2025-03-29T04:50:20.7353808Z If you want to create a new branch to retain commits you create, you may
2025-03-29T04:50:20.7356783Z do so (now or later) by using -c with the switch command. Example:
2025-03-29T04:50:20.7358535Z 
2025-03-29T04:50:20.7359213Z   git switch -c <new-branch-name>
2025-03-29T04:50:20.7360252Z 
2025-03-29T04:50:20.7360793Z Or undo this operation with:
2025-03-29T04:50:20.7361658Z 
2025-03-29T04:50:20.7362144Z   git switch -
2025-03-29T04:50:20.7363054Z 
2025-03-29T04:50:20.7363852Z Turn off this advice by setting config variable advice.detachedHead to false
2025-03-29T04:50:20.7365069Z 
2025-03-29T04:50:20.7366522Z HEAD is now at d2eee79 Merge b20861442fafb0e46dd0363f08ea88df535968aa into 3fcd48cdfc651cbf508071c8d2fb7d82aeb075de
2025-03-29T04:50:20.7372140Z ##[endgroup]
2025-03-29T04:50:20.7389763Z [command]/usr/bin/git log -1 --format=%H
2025-03-29T04:50:20.7411656Z d2eee798af4c31ead46452b3db57edd87b05940d
2025-03-29T04:50:20.7816516Z ##[group]Run actions/setup-python@v5
2025-03-29T04:50:20.7817775Z with:
2025-03-29T04:50:20.7818638Z   python-version: 3.x
2025-03-29T04:50:20.7819677Z   check-latest: false
2025-03-29T04:50:20.7820940Z   token: ***
2025-03-29T04:50:20.7821853Z   update-environment: true
2025-03-29T04:50:20.7823118Z   allow-prereleases: false
2025-03-29T04:50:20.7824184Z   freethreaded: false
2025-03-29T04:50:20.7825141Z ##[endgroup]
2025-03-29T04:50:20.9508511Z ##[group]Installed versions
2025-03-29T04:50:20.9566881Z Successfully set up CPython (3.13.2)
2025-03-29T04:50:20.9569155Z ##[endgroup]
2025-03-29T04:50:20.9715258Z ##[group]Run pip install pre-commit
2025-03-29T04:50:20.9716675Z [36;1mpip install pre-commit[0m
2025-03-29T04:50:20.9717910Z [36;1mpre-commit install --install-hooks[0m
2025-03-29T04:50:20.9772642Z shell: /usr/bin/bash -e {0}
2025-03-29T04:50:20.9773684Z env:
2025-03-29T04:50:20.9774727Z   pythonLocation: /opt/hostedtoolcache/Python/3.13.2/x64
2025-03-29T04:50:20.9776486Z   PKG_CONFIG_PATH: /opt/hostedtoolcache/Python/3.13.2/x64/lib/pkgconfig
2025-03-29T04:50:20.9778208Z   Python_ROOT_DIR: /opt/hostedtoolcache/Python/3.13.2/x64
2025-03-29T04:50:20.9779774Z   Python2_ROOT_DIR: /opt/hostedtoolcache/Python/3.13.2/x64
2025-03-29T04:50:20.9781374Z   Python3_ROOT_DIR: /opt/hostedtoolcache/Python/3.13.2/x64
2025-03-29T04:50:20.9783197Z   LD_LIBRARY_PATH: /opt/hostedtoolcache/Python/3.13.2/x64/lib
2025-03-29T04:50:20.9784541Z ##[endgroup]
2025-03-29T04:50:22.0272825Z Collecting pre-commit
2025-03-29T04:50:22.1093400Z   Downloading pre_commit-4.2.0-py2.py3-none-any.whl.metadata (1.3 kB)
2025-03-29T04:50:22.1243970Z Collecting cfgv>=2.0.0 (from pre-commit)
2025-03-29T04:50:22.1435318Z   Downloading cfgv-3.4.0-py2.py3-none-any.whl.metadata (8.5 kB)
2025-03-29T04:50:22.1849384Z Collecting identify>=1.0.0 (from pre-commit)
2025-03-29T04:50:22.2040826Z   Downloading identify-2.6.9-py2.py3-none-any.whl.metadata (4.4 kB)
2025-03-29T04:50:22.2237003Z Collecting nodeenv>=0.11.1 (from pre-commit)
2025-03-29T04:50:22.2429773Z   Downloading nodeenv-1.9.1-py2.py3-none-any.whl.metadata (21 kB)
2025-03-29T04:50:22.2806177Z Collecting pyyaml>=5.1 (from pre-commit)
2025-03-29T04:50:22.2999196Z   Downloading PyYAML-6.0.2-cp313-cp313-manylinux_2_17_x86_64.manylinux2014_x86_64.whl.metadata (2.1 kB)
2025-03-29T04:50:22.3578223Z Collecting virtualenv>=20.10.0 (from pre-commit)
2025-03-29T04:50:22.3771827Z   Downloading virtualenv-20.29.3-py3-none-any.whl.metadata (4.5 kB)
2025-03-29T04:50:22.3980683Z Collecting distlib<1,>=0.3.7 (from virtualenv>=20.10.0->pre-commit)
2025-03-29T04:50:22.4172190Z   Downloading distlib-0.3.9-py2.py3-none-any.whl.metadata (5.2 kB)
2025-03-29T04:50:22.4394657Z Collecting filelock<4,>=3.12.2 (from virtualenv>=20.10.0->pre-commit)
2025-03-29T04:50:22.4586225Z   Downloading filelock-3.18.0-py3-none-any.whl.metadata (2.9 kB)
2025-03-29T04:50:22.4794923Z Collecting platformdirs<5,>=3.9.1 (from virtualenv>=20.10.0->pre-commit)
2025-03-29T04:50:22.4985574Z   Downloading platformdirs-4.3.7-py3-none-any.whl.metadata (11 kB)
2025-03-29T04:50:22.5274804Z Downloading pre_commit-4.2.0-py2.py3-none-any.whl (220 kB)
2025-03-29T04:50:22.5884643Z Downloading cfgv-3.4.0-py2.py3-none-any.whl (7.2 kB)
2025-03-29T04:50:22.6099211Z Downloading identify-2.6.9-py2.py3-none-any.whl (99 kB)
2025-03-29T04:50:22.6336590Z Downloading nodeenv-1.9.1-py2.py3-none-any.whl (22 kB)
2025-03-29T04:50:22.6553418Z Downloading PyYAML-6.0.2-cp313-cp313-manylinux_2_17_x86_64.manylinux2014_x86_64.whl (759 kB)
2025-03-29T04:50:22.6879807Z    ━━━━━━━━━━━━━━━━━━━━━━━━━━━━━━━━━━━━━━━━ 759.5/759.5 kB 21.1 MB/s eta 0:00:00
2025-03-29T04:50:22.7072501Z Downloading virtualenv-20.29.3-py3-none-any.whl (4.3 MB)
2025-03-29T04:50:22.7594508Z    ━━━━━━━━━━━━━━━━━━━━━━━━━━━━━━━━━━━━━━━━ 4.3/4.3 MB 82.6 MB/s eta 0:00:00
2025-03-29T04:50:22.7786564Z Downloading distlib-0.3.9-py2.py3-none-any.whl (468 kB)
2025-03-29T04:50:22.8025313Z Downloading filelock-3.18.0-py3-none-any.whl (16 kB)
2025-03-29T04:50:22.8239741Z Downloading platformdirs-4.3.7-py3-none-any.whl (18 kB)
2025-03-29T04:50:22.8569606Z Installing collected packages: distlib, pyyaml, platformdirs, nodeenv, identify, filelock, cfgv, virtualenv, pre-commit
2025-03-29T04:50:23.2459629Z Successfully installed cfgv-3.4.0 distlib-0.3.9 filelock-3.18.0 identify-2.6.9 nodeenv-1.9.1 platformdirs-4.3.7 pre-commit-4.2.0 pyyaml-6.0.2 virtualenv-20.29.3
2025-03-29T04:50:23.5647316Z pre-commit installed at .git/hooks/pre-commit
2025-03-29T04:50:23.5654638Z [INFO] Initializing environment for https://github.com/psf/black.
2025-03-29T04:50:23.9718756Z [INFO] Installing environment for https://github.com/psf/black.
2025-03-29T04:50:23.9719441Z [INFO] Once installed this environment will be reused.
2025-03-29T04:50:23.9719946Z [INFO] This may take a few minutes...
2025-03-29T04:50:28.6682957Z ##[group]Run pre-commit run --all-files
2025-03-29T04:50:28.6683305Z [36;1mpre-commit run --all-files[0m
2025-03-29T04:50:28.6731827Z shell: /usr/bin/bash -e {0}
2025-03-29T04:50:28.6732062Z env:
2025-03-29T04:50:28.6732463Z   pythonLocation: /opt/hostedtoolcache/Python/3.13.2/x64
2025-03-29T04:50:28.6732892Z   PKG_CONFIG_PATH: /opt/hostedtoolcache/Python/3.13.2/x64/lib/pkgconfig
2025-03-29T04:50:28.6733312Z   Python_ROOT_DIR: /opt/hostedtoolcache/Python/3.13.2/x64
2025-03-29T04:50:28.6733687Z   Python2_ROOT_DIR: /opt/hostedtoolcache/Python/3.13.2/x64
2025-03-29T04:50:28.6734047Z   Python3_ROOT_DIR: /opt/hostedtoolcache/Python/3.13.2/x64
2025-03-29T04:50:28.6734414Z   LD_LIBRARY_PATH: /opt/hostedtoolcache/Python/3.13.2/x64/lib
2025-03-29T04:50:28.6734725Z ##[endgroup]
2025-03-29T04:50:29.7521460Z black....................................................................Failed
2025-03-29T04:50:29.7522552Z - hook id: black
2025-03-29T04:50:29.7523106Z - files were modified by this hook
2025-03-29T04:50:29.7523489Z 
2025-03-29T04:50:29.7523964Z reformatted packages/markitdown/src/markitdown/converters/_pptx_converter.py
2025-03-29T04:50:29.7524609Z 
2025-03-29T04:50:29.7525042Z All done! ✨ 🍰 ✨
2025-03-29T04:50:29.7525507Z 1 file reformatted, 50 files left unchanged.
2025-03-29T04:50:29.7525914Z 
2025-03-29T04:50:29.7700360Z ##[error]Process completed with exit code 1.
2025-03-29T04:50:29.7800652Z Post job cleanup.
2025-03-29T04:50:29.8729897Z [command]/usr/bin/git version
2025-03-29T04:50:29.8765499Z git version 2.49.0
2025-03-29T04:50:29.8816091Z Temporarily overriding HOME='/home/runner/work/_temp/03a8a77b-770c-477a-8947-81aea30c11b7' before making global git config changes
2025-03-29T04:50:29.8817418Z Adding repository directory to the temporary git global config as a safe directory
2025-03-29T04:50:29.8822122Z [command]/usr/bin/git config --global --add safe.directory /home/runner/work/markitdown/markitdown
2025-03-29T04:50:29.8861108Z [command]/usr/bin/git config --local --name-only --get-regexp core\.sshCommand
2025-03-29T04:50:29.8895141Z [command]/usr/bin/git submodule foreach --recursive sh -c "git config --local --name-only --get-regexp 'core\.sshCommand' && git config --local --unset-all 'core.sshCommand' || :"
2025-03-29T04:50:29.9124369Z [command]/usr/bin/git config --local --name-only --get-regexp http\.https\:\/\/github\.com\/\.extraheader
2025-03-29T04:50:29.9146355Z http.https://github.com/.extraheader
2025-03-29T04:50:29.9158770Z [command]/usr/bin/git config --local --unset-all http.https://github.com/.extraheader
2025-03-29T04:50:29.9190023Z [command]/usr/bin/git submodule foreach --recursive sh -c "git config --local --name-only --get-regexp 'http\.https\:\/\/github\.com\/\.extraheader' && git config --local --unset-all 'http.https://github.com/.extraheader' || :"
2025-03-29T04:50:29.9548243Z Cleaning up orphan processes
