2025-04-15T08:16:07.4211210Z ##[group]Run pre-commit/action@v3.0.1
2025-04-15T08:16:07.4211506Z with:
2025-04-15T08:16:07.4211833Z   extra_args: --files "./doc/classes/Object.xml" "./editor/editor_inspector.cpp" 
2025-04-15T08:16:07.4212209Z env:
2025-04-15T08:16:07.4212487Z   CHANGED_FILES: "./doc/classes/Object.xml" "./editor/editor_inspector.cpp" 
2025-04-15T08:16:07.4212834Z ##[endgroup]
2025-04-15T08:16:07.4285376Z ##[group]Run python -m pip install pre-commit
2025-04-15T08:16:07.4285886Z [36;1mpython -m pip install pre-commit[0m
2025-04-15T08:16:07.4333088Z shell: /usr/bin/bash --noprofile --norc -e -o pipefail {0}
2025-04-15T08:16:07.4333428Z env:
2025-04-15T08:16:07.4333726Z   CHANGED_FILES: "./doc/classes/Object.xml" "./editor/editor_inspector.cpp" 
2025-04-15T08:16:07.4334093Z ##[endgroup]
2025-04-15T08:16:07.8133205Z Defaulting to user installation because normal site-packages is not writeable
2025-04-15T08:16:08.1270101Z Collecting pre-commit
2025-04-15T08:16:08.1597391Z   Downloading pre_commit-4.2.0-py2.py3-none-any.whl.metadata (1.3 kB)
2025-04-15T08:16:08.1827222Z Collecting cfgv>=2.0.0 (from pre-commit)
2025-04-15T08:16:08.1852553Z   Downloading cfgv-3.4.0-py2.py3-none-any.whl.metadata (8.5 kB)
2025-04-15T08:16:08.2547357Z Collecting identify>=1.0.0 (from pre-commit)
2025-04-15T08:16:08.2575165Z   Downloading identify-2.6.9-py2.py3-none-any.whl.metadata (4.4 kB)
2025-04-15T08:16:08.2810846Z Collecting nodeenv>=0.11.1 (from pre-commit)
2025-04-15T08:16:08.2834942Z   Downloading nodeenv-1.9.1-py2.py3-none-any.whl.metadata (21 kB)
2025-04-15T08:16:08.2913257Z Requirement already satisfied: pyyaml>=5.1 in /usr/lib/python3/dist-packages (from pre-commit) (6.0.1)
2025-04-15T08:16:08.3664667Z Collecting virtualenv>=20.10.0 (from pre-commit)
2025-04-15T08:16:08.3703826Z   Downloading virtualenv-20.30.0-py3-none-any.whl.metadata (4.5 kB)
2025-04-15T08:16:08.4090106Z Collecting distlib<1,>=0.3.7 (from virtualenv>=20.10.0->pre-commit)
2025-04-15T08:16:08.4114670Z   Downloading distlib-0.3.9-py2.py3-none-any.whl.metadata (5.2 kB)
2025-04-15T08:16:08.4414970Z Collecting filelock<4,>=3.12.2 (from virtualenv>=20.10.0->pre-commit)
2025-04-15T08:16:08.4437170Z   Downloading filelock-3.18.0-py3-none-any.whl.metadata (2.9 kB)
2025-04-15T08:16:08.4483380Z Requirement already satisfied: platformdirs<5,>=3.9.1 in /usr/local/lib/python3.12/dist-packages (from virtualenv>=20.10.0->pre-commit) (4.3.7)
2025-04-15T08:16:08.4689603Z Downloading pre_commit-4.2.0-py2.py3-none-any.whl (220 kB)
2025-04-15T08:16:08.4831999Z    ━━━━━━━━━━━━━━━━━━━━━━━━━━━━━━━━━━━━━━━━ 220.7/220.7 kB 17.6 MB/s eta 0:00:00
2025-04-15T08:16:08.4855214Z Downloading cfgv-3.4.0-py2.py3-none-any.whl (7.2 kB)
2025-04-15T08:16:08.4911498Z Downloading identify-2.6.9-py2.py3-none-any.whl (99 kB)
2025-04-15T08:16:08.4969421Z    ━━━━━━━━━━━━━━━━━━━━━━━━━━━━━━━━━━━━━━━━ 99.1/99.1 kB 25.6 MB/s eta 0:00:00
2025-04-15T08:16:08.4998477Z Downloading nodeenv-1.9.1-py2.py3-none-any.whl (22 kB)
2025-04-15T08:16:08.5056710Z Downloading virtualenv-20.30.0-py3-none-any.whl (4.3 MB)
2025-04-15T08:16:08.5665131Z    ━━━━━━━━━━━━━━━━━━━━━━━━━━━━━━━━━━━━━━━━ 4.3/4.3 MB 73.3 MB/s eta 0:00:00
2025-04-15T08:16:08.5690823Z Downloading distlib-0.3.9-py2.py3-none-any.whl (468 kB)
2025-04-15T08:16:08.5775696Z    ━━━━━━━━━━━━━━━━━━━━━━━━━━━━━━━━━━━━━━━━ 469.0/469.0 kB 68.1 MB/s eta 0:00:00
2025-04-15T08:16:08.5803343Z Downloading filelock-3.18.0-py3-none-any.whl (16 kB)
2025-04-15T08:16:08.8766596Z Installing collected packages: distlib, nodeenv, identify, filelock, cfgv, virtualenv, pre-commit
2025-04-15T08:16:09.1697725Z Successfully installed cfgv-3.4.0 distlib-0.3.9 filelock-3.18.0 identify-2.6.9 nodeenv-1.9.1 pre-commit-4.2.0 virtualenv-20.30.0
2025-04-15T08:16:09.2314033Z ##[group]Run python -m pip freeze --local
2025-04-15T08:16:09.2314378Z [36;1mpython -m pip freeze --local[0m
2025-04-15T08:16:09.2360214Z shell: /usr/bin/bash --noprofile --norc -e -o pipefail {0}
2025-04-15T08:16:09.2360544Z env:
2025-04-15T08:16:09.2360853Z   CHANGED_FILES: "./doc/classes/Object.xml" "./editor/editor_inspector.cpp" 
2025-04-15T08:16:09.2361452Z ##[endgroup]
2025-04-15T08:16:09.6188043Z argcomplete==3.6.2
2025-04-15T08:16:09.6188442Z attrs==23.2.0
2025-04-15T08:16:09.6188719Z Automat==22.10.0
2025-04-15T08:16:09.6188998Z Babel==2.10.3
2025-04-15T08:16:09.6189258Z bcc==0.29.1
2025-04-15T08:16:09.6189724Z bcrypt==3.2.2
2025-04-15T08:16:09.6190001Z blinker==1.7.0
2025-04-15T08:16:09.6190332Z boto3==1.34.46
2025-04-15T08:16:09.6190634Z botocore==1.34.46
2025-04-15T08:16:09.6191515Z certifi==2023.11.17
2025-04-15T08:16:09.6191793Z cfgv==3.4.0
2025-04-15T08:16:09.6192047Z chardet==5.2.0
2025-04-15T08:16:09.6192355Z click==8.1.6
2025-04-15T08:16:09.6192616Z cloud-init==24.4
2025-04-15T08:16:09.6192903Z colorama==0.4.6
2025-04-15T08:16:09.6193196Z command-not-found==0.3
2025-04-15T08:16:09.6193524Z configobj==5.0.8
2025-04-15T08:16:09.6193821Z constantly==23.10.4
2025-04-15T08:16:09.6194118Z cryptography==41.0.7
2025-04-15T08:16:09.6194440Z dbus-python==1.3.2
2025-04-15T08:16:09.6194734Z distlib==0.3.9
2025-04-15T08:16:09.6194998Z distro==1.9.0
2025-04-15T08:16:09.6195291Z distro-info==1.7+build1
2025-04-15T08:16:09.6195589Z filelock==3.18.0
2025-04-15T08:16:09.6195848Z httplib2==0.20.4
2025-04-15T08:16:09.6196119Z hyperlink==21.0.0
2025-04-15T08:16:09.6196402Z identify==2.6.9
2025-04-15T08:16:09.6196666Z idna==3.6
2025-04-15T08:16:09.6196926Z incremental==22.10.0
2025-04-15T08:16:09.6197200Z Jinja2==3.1.2
2025-04-15T08:16:09.6197453Z jmespath==1.0.1
2025-04-15T08:16:09.6197733Z jsonpatch==1.32
2025-04-15T08:16:09.6198007Z jsonpointer==2.0
2025-04-15T08:16:09.6198271Z jsonschema==4.10.3
2025-04-15T08:16:09.6198551Z launchpadlib==1.11.0
2025-04-15T08:16:09.6198850Z lazr.restfulclient==0.14.6
2025-04-15T08:16:09.6199165Z lazr.uri==1.0.6
2025-04-15T08:16:09.6199631Z markdown-it-py==3.0.0
2025-04-15T08:16:09.6199935Z MarkupSafe==2.1.5
2025-04-15T08:16:09.6200222Z mdurl==0.1.2
2025-04-15T08:16:09.6200475Z mercurial==6.7.2
2025-04-15T08:16:09.6200751Z netaddr==0.8.0
2025-04-15T08:16:09.6201023Z netifaces==0.11.0
2025-04-15T08:16:09.6201303Z nodeenv==1.9.1
2025-04-15T08:16:09.6201573Z oauthlib==3.2.2
2025-04-15T08:16:09.6201848Z packaging==24.0
2025-04-15T08:16:09.6202119Z pexpect==4.9.0
2025-04-15T08:16:09.6202383Z pipx==1.7.1
2025-04-15T08:16:09.6202657Z platformdirs==4.3.7
2025-04-15T08:16:09.6202946Z pre_commit==4.2.0
2025-04-15T08:16:09.6203238Z ptyprocess==0.7.0
2025-04-15T08:16:09.6203496Z pyasn1==0.4.8
2025-04-15T08:16:09.6203759Z pyasn1-modules==0.2.8
2025-04-15T08:16:09.6204060Z Pygments==2.17.2
2025-04-15T08:16:09.6204332Z PyGObject==3.48.2
2025-04-15T08:16:09.6204606Z PyHamcrest==2.1.0
2025-04-15T08:16:09.6204869Z PyJWT==2.7.0
2025-04-15T08:16:09.6205130Z pyOpenSSL==23.2.0
2025-04-15T08:16:09.6205405Z pyparsing==3.1.1
2025-04-15T08:16:09.6205680Z pyparted==3.12.0
2025-04-15T08:16:09.6205955Z pyrsistent==0.20.0
2025-04-15T08:16:09.6206223Z pyserial==3.5
2025-04-15T08:16:09.6206496Z python-apt==2.7.7+ubuntu4
2025-04-15T08:16:09.6206812Z python-dateutil==2.8.2
2025-04-15T08:16:09.6207127Z python-debian==0.1.49+ubuntu2
2025-04-15T08:16:09.6207588Z python-magic==0.4.27
2025-04-15T08:16:09.6207905Z pytz==2024.1
2025-04-15T08:16:09.6208150Z PyYAML==6.0.1
2025-04-15T08:16:09.6208418Z requests==2.31.0
2025-04-15T08:16:09.6208672Z rich==13.7.1
2025-04-15T08:16:09.6208926Z s3transfer==0.10.1
2025-04-15T08:16:09.6209215Z service-identity==24.1.0
2025-04-15T08:16:09.6209700Z setuptools==68.1.2
2025-04-15T08:16:09.6209969Z six==1.16.0
2025-04-15T08:16:09.6210233Z sos==4.7.2
2025-04-15T08:16:09.6210493Z ssh-import-id==5.11
2025-04-15T08:16:09.6210807Z systemd-python==235
2025-04-15T08:16:09.6211095Z Twisted==24.3.0
2025-04-15T08:16:09.6211394Z typing_extensions==4.10.0
2025-04-15T08:16:09.6211717Z ubuntu-pro-client==8001
2025-04-15T08:16:09.6212107Z ufw==0.36.2
2025-04-15T08:16:09.6212351Z urllib3==2.0.7
2025-04-15T08:16:09.6212613Z userpath==1.9.2
2025-04-15T08:16:09.6212887Z virtualenv==20.30.0
2025-04-15T08:16:09.6213161Z wadllib==1.3.6
2025-04-15T08:16:09.6213425Z WALinuxAgent==2.9.1.1
2025-04-15T08:16:09.6213705Z wheel==0.42.0
2025-04-15T08:16:09.6214245Z zope.interface==6.1
2025-04-15T08:16:09.6214527Z zstandard==0.22.0
2025-04-15T08:16:09.7162215Z ##[group]Run actions/cache@v4
2025-04-15T08:16:09.7162509Z with:
2025-04-15T08:16:09.7162727Z   path: ~/.cache/pre-commit
2025-04-15T08:16:09.7163169Z   key: pre-commit-3||547c64545613726cd8da7487ed54f1edc27ae9843c378e9a06176ef040e53c6c
2025-04-15T08:16:09.7163659Z   enableCrossOsArchive: false
2025-04-15T08:16:09.7163948Z   fail-on-cache-miss: false
2025-04-15T08:16:09.7164490Z   lookup-only: false
2025-04-15T08:16:09.7189806Z   save-always: false
2025-04-15T08:16:09.7190041Z env:
2025-04-15T08:16:09.7190347Z   CHANGED_FILES: "./doc/classes/Object.xml" "./editor/editor_inspector.cpp" 
2025-04-15T08:16:09.7190720Z ##[endgroup]
2025-04-15T08:16:10.1579701Z Cache hit for: pre-commit-3||547c64545613726cd8da7487ed54f1edc27ae9843c378e9a06176ef040e53c6c
2025-04-15T08:16:11.4546087Z Received 4194304 of 54114032 (7.8%), 4.0 MBs/sec
2025-04-15T08:16:12.1449936Z Received 54114032 of 54114032 (100.0%), 30.5 MBs/sec
2025-04-15T08:16:12.1450656Z Cache Size: ~52 MB (54114032 B)
2025-04-15T08:16:12.1478411Z [command]/usr/bin/tar -xf /home/runner/work/_temp/3210d684-b078-4be6-8919-009cd01e2fc2/cache.tzst -P -C /home/runner/work/godot/godot --use-compress-program unzstd
2025-04-15T08:16:12.8696682Z Cache restored successfully
2025-04-15T08:16:12.8949937Z Cache restored from key: pre-commit-3||547c64545613726cd8da7487ed54f1edc27ae9843c378e9a06176ef040e53c6c
2025-04-15T08:16:12.9050897Z ##[group]Run pre-commit run --show-diff-on-failure --color=always --files "./doc/classes/Object.xml" "./editor/editor_inspector.cpp" 
2025-04-15T08:16:12.9051733Z [36;1mpre-commit run --show-diff-on-failure --color=always --files "./doc/classes/Object.xml" "./editor/editor_inspector.cpp" [0m
2025-04-15T08:16:12.9098070Z shell: /usr/bin/bash --noprofile --norc -e -o pipefail {0}
2025-04-15T08:16:12.9098394Z env:
2025-04-15T08:16:12.9098713Z   CHANGED_FILES: "./doc/classes/Object.xml" "./editor/editor_inspector.cpp" 
2025-04-15T08:16:12.9099095Z ##[endgroup]
2025-04-15T08:16:13.8373765Z clang-format.............................................................[42mPassed[m
2025-04-15T08:16:13.8374812Z clang-format-glsl....................................(no files to check)[46;30mSkipped[m
2025-04-15T08:16:13.8375712Z ruff.................................................(no files to check)[46;30mSkipped[m
2025-04-15T08:16:13.8376513Z ruff-format..........................................(no files to check)[46;30mSkipped[m
2025-04-15T08:16:13.8377032Z mypy.................................................(no files to check)[46;30mSkipped[m
2025-04-15T08:16:14.2309515Z codespell................................................................[42mPassed[m
2025-04-15T08:16:15.7041303Z make-rst.................................................................[42mPassed[m
2025-04-15T08:16:16.2037010Z doc-status...............................................................[42mPassed[m
2025-04-15T08:16:16.2037770Z validate-builders....................................(no files to check)[46;30mSkipped[m
2025-04-15T08:16:16.2038462Z eslint...............................................(no files to check)[46;30mSkipped[m
2025-04-15T08:16:16.2039038Z jsdoc................................................(no files to check)[46;30mSkipped[m
2025-04-15T08:16:16.2039921Z svgo.................................................(no files to check)[46;30mSkipped[m
2025-04-15T08:16:16.8237959Z copyright-headers........................................................[42mPassed[m
2025-04-15T08:16:16.8238946Z header-guards........................................(no files to check)[46;30mSkipped[m
2025-04-15T08:16:16.8537149Z file-format..............................................................[41mFailed[m
2025-04-15T08:16:16.8537765Z [2m- hook id: file-format[m
2025-04-15T08:16:16.8538082Z [2m- files were modified by this hook[m
2025-04-15T08:16:16.8538279Z 
2025-04-15T08:16:16.8538378Z FIXED: doc/classes/Object.xml
2025-04-15T08:16:16.8538533Z 
2025-04-15T08:16:16.8539089Z dotnet-format........................................(no files to check)[46;30mSkipped[m
2025-04-15T08:16:16.8539738Z All changes made by hooks:
2025-04-15T08:16:16.8687458Z [1mdiff --git a/doc/classes/Object.xml b/doc/classes/Object.xml[m
2025-04-15T08:16:16.8688175Z [1mindex 6f41315..2ad081e 100644[m
2025-04-15T08:16:16.8688692Z [1m--- a/doc/classes/Object.xml[m
2025-04-15T08:16:16.8689214Z [1m+++ b/doc/classes/Object.xml[m
2025-04-15T08:16:16.8690392Z [36m@@ -190,7 +190,7 @@[m
2025-04-15T08:16:16.8690872Z  			<return type="String" />[m
2025-04-15T08:16:16.8691496Z  			<param index="0" name="property" type="StringName" />[m
2025-04-15T08:16:16.8692096Z  			<description>[m
2025-04-15T08:16:16.8692885Z [31m-				Override this method to customize warning messages for properties in the inspector. [m
2025-04-15T08:16:16.8694092Z [32m+[m				[32mOverride this method to customize warning messages for properties in the inspector.[m
2025-04-15T08:16:16.8695713Z  				Should return the given [param property]'s warning to be displayed as warnings in the inspector if the script that overrides it is a [code]tool[/code] script.[m
2025-04-15T08:16:16.8697009Z  				Returning an empty string produces no warnings.[m
2025-04-15T08:16:16.8697571Z  				[codeblock][m
2025-04-15T08:16:16.8858171Z ##[error]Process completed with exit code 1.
