2025-04-09T20:10:26.2121419Z Requested labels: ubuntu-latest
2025-04-09T20:10:26.2121832Z Job defined at: laravel/laravel/.github/workflows/tests.yml@refs/pull/6597/merge
2025-04-09T20:10:26.2122312Z Waiting for a runner to pick up this job...
2025-04-09T20:10:27.8842567Z Job is waiting for a hosted runner to come online.
2025-04-09T20:10:31.4441341Z Job is about to start running on the hosted runner: GitHub Actions 221 (hosted)
2025-04-09T20:10:33.4441537Z Current runner version: '2.323.0'
2025-04-09T20:10:33.4467930Z ##[group]Operating System
2025-04-09T20:10:33.4468740Z Ubuntu
2025-04-09T20:10:33.4469336Z 24.04.2
2025-04-09T20:10:33.4469829Z LTS
2025-04-09T20:10:33.4470574Z ##[endgroup]
2025-04-09T20:10:33.4471186Z ##[group]Runner Image
2025-04-09T20:10:33.4471813Z Image: ubuntu-24.04
2025-04-09T20:10:33.4472347Z Version: 20250406.1.0
2025-04-09T20:10:33.4473423Z Included Software: https://github.com/actions/runner-images/blob/ubuntu24/20250406.1/images/ubuntu/Ubuntu2404-Readme.md
2025-04-09T20:10:33.4474827Z Image Release: https://github.com/actions/runner-images/releases/tag/ubuntu24%2F20250406.1
2025-04-09T20:10:33.4475744Z ##[endgroup]
2025-04-09T20:10:33.4476377Z ##[group]Runner Image Provisioner
2025-04-09T20:10:33.4477008Z 2.0.422.1
2025-04-09T20:10:33.4477465Z ##[endgroup]
2025-04-09T20:10:33.4478610Z ##[group]GITHUB_TOKEN Permissions
2025-04-09T20:10:33.4480587Z Contents: read
2025-04-09T20:10:33.4481301Z Metadata: read
2025-04-09T20:10:33.4481993Z ##[endgroup]
2025-04-09T20:10:33.4485039Z Secret source: None
2025-04-09T20:10:33.4485726Z Prepare workflow directory
2025-04-09T20:10:33.4793136Z Prepare all required actions
2025-04-09T20:10:33.4829460Z Getting action download info
2025-04-09T20:10:33.7032549Z ##[group]Download immutable action package 'actions/checkout@v4'
2025-04-09T20:10:33.7033429Z Version: 4.2.2
2025-04-09T20:10:33.7034244Z Digest: sha256:ccb2698953eaebd21c7bf6268a94f9c26518a7e38e27e0b83c1fe1ad049819b1
2025-04-09T20:10:33.7035239Z Source commit SHA: 11bd71901bbe5b1630ceea73d27597364c9af683
2025-04-09T20:10:33.7035860Z ##[endgroup]
2025-04-09T20:10:33.7921488Z Download action repository 'shivammathur/setup-php@v2' (SHA:9e72090525849c5e82e596468b86eb55e9cc5401)
2025-04-09T20:10:34.3706001Z ##[group]Download immutable action package 'actions/setup-node@v3'
2025-04-09T20:10:34.3706809Z Version: 3.8.2
2025-04-09T20:10:34.3707542Z Digest: sha256:68fc4b9708f7154a0a41cdc7ba02b867f6c9d8cbf1979d824253e8e80bbdb973
2025-04-09T20:10:34.3708494Z Source commit SHA: 1a4442cacd436585916779262731d5b162bc6ec7
2025-04-09T20:10:34.3709166Z ##[endgroup]
2025-04-09T20:10:34.5906230Z Complete job name: PHP 8.4
2025-04-09T20:10:34.6660951Z ##[group]Run actions/checkout@v4
2025-04-09T20:10:34.6661885Z with:
2025-04-09T20:10:34.6662341Z   repository: laravel/laravel
2025-04-09T20:10:34.6663044Z   token: ***
2025-04-09T20:10:34.6663484Z   ssh-strict: true
2025-04-09T20:10:34.6663922Z   ssh-user: git
2025-04-09T20:10:34.6664374Z   persist-credentials: true
2025-04-09T20:10:34.6664883Z   clean: true
2025-04-09T20:10:34.6665345Z   sparse-checkout-cone-mode: true
2025-04-09T20:10:34.6665939Z   fetch-depth: 1
2025-04-09T20:10:34.6666417Z   fetch-tags: false
2025-04-09T20:10:34.6666917Z   show-progress: true
2025-04-09T20:10:34.6667415Z   lfs: false
2025-04-09T20:10:34.6667880Z   submodules: false
2025-04-09T20:10:34.6668385Z   set-safe-directory: true
2025-04-09T20:10:34.6669149Z ##[endgroup]
2025-04-09T20:10:34.8374598Z Syncing repository: laravel/laravel
2025-04-09T20:10:34.8376515Z ##[group]Getting Git version info
2025-04-09T20:10:34.8377264Z Working directory is '/home/runner/work/laravel/laravel'
2025-04-09T20:10:34.8378344Z [command]/usr/bin/git version
2025-04-09T20:10:34.8434182Z git version 2.49.0
2025-04-09T20:10:34.8462737Z ##[endgroup]
2025-04-09T20:10:34.8477228Z Temporarily overriding HOME='/home/runner/work/_temp/e0f395e9-43d1-4de2-8158-881b002dbf6d' before making global git config changes
2025-04-09T20:10:34.8478710Z Adding repository directory to the temporary git global config as a safe directory
2025-04-09T20:10:34.8482721Z [command]/usr/bin/git config --global --add safe.directory /home/runner/work/laravel/laravel
2025-04-09T20:10:34.8518229Z Deleting the contents of '/home/runner/work/laravel/laravel'
2025-04-09T20:10:34.8522474Z ##[group]Initializing the repository
2025-04-09T20:10:34.8526177Z [command]/usr/bin/git init /home/runner/work/laravel/laravel
2025-04-09T20:10:34.8587520Z hint: Using 'master' as the name for the initial branch. This default branch name
2025-04-09T20:10:34.8588971Z hint: is subject to change. To configure the initial branch name to use in all
2025-04-09T20:10:34.8589939Z hint: of your new repositories, which will suppress this warning, call:
2025-04-09T20:10:34.8591205Z hint:
2025-04-09T20:10:34.8591736Z hint: 	git config --global init.defaultBranch <name>
2025-04-09T20:10:34.8592357Z hint:
2025-04-09T20:10:34.8592941Z hint: Names commonly chosen instead of 'master' are 'main', 'trunk' and
2025-04-09T20:10:34.8594273Z hint: 'development'. The just-created branch can be renamed via this command:
2025-04-09T20:10:34.8595623Z hint:
2025-04-09T20:10:34.8596341Z hint: 	git branch -m <name>
2025-04-09T20:10:34.8597579Z Initialized empty Git repository in /home/runner/work/laravel/laravel/.git/
2025-04-09T20:10:34.8605397Z [command]/usr/bin/git remote add origin https://github.com/laravel/laravel
2025-04-09T20:10:34.8638479Z ##[endgroup]
2025-04-09T20:10:34.8639908Z ##[group]Disabling automatic garbage collection
2025-04-09T20:10:34.8643733Z [command]/usr/bin/git config --local gc.auto 0
2025-04-09T20:10:34.8673523Z ##[endgroup]
2025-04-09T20:10:34.8675435Z ##[group]Setting up auth
2025-04-09T20:10:34.8771847Z [command]/usr/bin/git config --local --name-only --get-regexp core\.sshCommand
2025-04-09T20:10:34.8776329Z [command]/usr/bin/git submodule foreach --recursive sh -c "git config --local --name-only --get-regexp 'core\.sshCommand' && git config --local --unset-all 'core.sshCommand' || :"
2025-04-09T20:10:34.8998172Z [command]/usr/bin/git config --local --name-only --get-regexp http\.https\:\/\/github\.com\/\.extraheader
2025-04-09T20:10:34.9032252Z [command]/usr/bin/git submodule foreach --recursive sh -c "git config --local --name-only --get-regexp 'http\.https\:\/\/github\.com\/\.extraheader' && git config --local --unset-all 'http.https://github.com/.extraheader' || :"
2025-04-09T20:10:34.9265362Z [command]/usr/bin/git config --local http.https://github.com/.extraheader AUTHORIZATION: basic ***
2025-04-09T20:10:34.9302475Z ##[endgroup]
2025-04-09T20:10:34.9303495Z ##[group]Fetching the repository
2025-04-09T20:10:34.9311446Z [command]/usr/bin/git -c protocol.version=2 fetch --no-tags --prune --no-recurse-submodules --depth=1 origin +30a249e141acd3caa8b4a9b082029dab29abf08d:refs/remotes/pull/6597/merge
2025-04-09T20:10:35.6358452Z From https://github.com/laravel/laravel
2025-04-09T20:10:35.6361071Z  * [new ref]         30a249e141acd3caa8b4a9b082029dab29abf08d -> pull/6597/merge
2025-04-09T20:10:35.6395525Z ##[endgroup]
2025-04-09T20:10:35.6397073Z ##[group]Determining the checkout info
2025-04-09T20:10:35.6398602Z ##[endgroup]
2025-04-09T20:10:35.6402449Z [command]/usr/bin/git sparse-checkout disable
2025-04-09T20:10:35.6441563Z [command]/usr/bin/git config --local --unset-all extensions.worktreeConfig
2025-04-09T20:10:35.6468120Z ##[group]Checking out the ref
2025-04-09T20:10:35.6471464Z [command]/usr/bin/git checkout --progress --force refs/remotes/pull/6597/merge
2025-04-09T20:10:35.6658791Z Note: switching to 'refs/remotes/pull/6597/merge'.
2025-04-09T20:10:35.6660505Z 
2025-04-09T20:10:35.6661636Z You are in 'detached HEAD' state. You can look around, make experimental
2025-04-09T20:10:35.6664181Z changes and commit them, and you can discard any commits you make in this
2025-04-09T20:10:35.6666209Z state without impacting any branches by switching back to a branch.
2025-04-09T20:10:35.6668048Z 
2025-04-09T20:10:35.6668891Z If you want to create a new branch to retain commits you create, you may
2025-04-09T20:10:35.6671133Z do so (now or later) by using -c with the switch command. Example:
2025-04-09T20:10:35.6672426Z 
2025-04-09T20:10:35.6672925Z   git switch -c <new-branch-name>
2025-04-09T20:10:35.6673765Z 
2025-04-09T20:10:35.6674246Z Or undo this operation with:
2025-04-09T20:10:35.6675011Z 
2025-04-09T20:10:35.6675452Z   git switch -
2025-04-09T20:10:35.6676042Z 
2025-04-09T20:10:35.6676994Z Turn off this advice by setting config variable advice.detachedHead to false
2025-04-09T20:10:35.6678394Z 
2025-04-09T20:10:35.6680051Z HEAD is now at 30a249e Merge 5c8cec2ec0c9eff5cf72e1c559c83eabcbfa7991 into fc42b7132ae810a49b24fe599fe4a26f0c974578
2025-04-09T20:10:35.6685159Z ##[endgroup]
2025-04-09T20:10:35.6705463Z [command]/usr/bin/git log -1 --format=%H
2025-04-09T20:10:35.6727489Z 30a249e141acd3caa8b4a9b082029dab29abf08d
2025-04-09T20:10:35.6977895Z ##[group]Run shivammathur/setup-php@v2
2025-04-09T20:10:35.6979098Z with:
2025-04-09T20:10:35.6979931Z   php-version: 8.4
2025-04-09T20:10:35.6981513Z   extensions: dom, curl, libxml, mbstring, zip, pcntl, pdo, sqlite, pdo_sqlite
2025-04-09T20:10:35.6983169Z   coverage: none
2025-04-09T20:10:35.6984089Z   ini-file: production
2025-04-09T20:10:35.6985050Z ##[endgroup]
2025-04-09T20:10:35.7705223Z [command]/usr/bin/bash /home/runner/work/_actions/shivammathur/setup-php/v2/src/scripts/run.sh
2025-04-09T20:10:35.7953845Z 
2025-04-09T20:10:35.7954856Z [90;1m==> [0m[37;1mSetup PHP[0m
2025-04-09T20:10:42.7882388Z [32;1mâœ“ [0m[34;1mPHP [0m[90;1mInstalled PHP 8.4.5[0m
2025-04-09T20:10:42.7883440Z 
2025-04-09T20:10:42.7883919Z [90;1m==> [0m[37;1mSetup Extensions[0m
2025-04-09T20:10:42.8423051Z [32;1mâœ“ [0m[34;1mdom [0m[90;1mEnabled[0m
2025-04-09T20:10:42.8451748Z [32;1mâœ“ [0m[34;1mcurl [0m[90;1mEnabled[0m
2025-04-09T20:10:42.8484501Z [32;1mâœ“ [0m[34;1mlibxml [0m[90;1mEnabled[0m
2025-04-09T20:10:42.8515853Z [32;1mâœ“ [0m[34;1mmbstring [0m[90;1mEnabled[0m
2025-04-09T20:10:42.8546083Z [32;1mâœ“ [0m[34;1mzip [0m[90;1mEnabled[0m
2025-04-09T20:10:42.8578055Z [32;1mâœ“ [0m[34;1mpcntl [0m[90;1mEnabled[0m
2025-04-09T20:10:42.8609165Z [32;1mâœ“ [0m[34;1mpdo [0m[90;1mEnabled[0m
2025-04-09T20:10:42.8639706Z [32;1mâœ“ [0m[34;1msqlite3 [0m[90;1mEnabled[0m
2025-04-09T20:10:42.8656766Z [32;1mâœ“ [0m[34;1mpdo_sqlite [0m[90;1mEnabled[0m
2025-04-09T20:10:42.8657999Z 
2025-04-09T20:10:42.8658346Z [90;1m==> [0m[37;1mSetup Tools[0m
2025-04-09T20:10:43.5880957Z [32;1mâœ“ [0m[34;1mcomposer [0m[90;1mAdded composer 2.8.6[0m
2025-04-09T20:10:43.5882243Z 
2025-04-09T20:10:43.5882492Z [90;1m==> [0m[37;1mSetup Coverage[0m
2025-04-09T20:10:43.8187440Z [32;1mâœ“ [0m[34;1mnone [0m[90;1mDisabled Xdebug and PCOV[0m
2025-04-09T20:10:43.8187923Z 
2025-04-09T20:10:43.8188218Z [90;1m==> [0m[37;1mSponsor setup-php[0m
2025-04-09T20:10:43.8189247Z [32;1mâœ“ [0m[34;1msetup-php [0m[90;1mhttps://setup-php.com/sponsor[0m
2025-04-09T20:10:43.8387043Z ##[group]Run composer install --prefer-dist --no-interaction --no-progress
2025-04-09T20:10:43.8387611Z [36;1mcomposer install --prefer-dist --no-interaction --no-progress[0m
2025-04-09T20:10:43.8441338Z shell: /usr/bin/bash -e {0}
2025-04-09T20:10:43.8441599Z env:
2025-04-09T20:10:43.8441801Z   COMPOSER_PROCESS_TIMEOUT: 0
2025-04-09T20:10:43.8442046Z   COMPOSER_NO_INTERACTION: 1
2025-04-09T20:10:43.8442290Z   COMPOSER_NO_AUDIT: 1
2025-04-09T20:10:43.8442490Z ##[endgroup]
2025-04-09T20:10:43.9723151Z Installing dependencies from lock file (including require-dev)
2025-04-09T20:10:43.9769996Z Verifying lock file contents can be installed on current platform.
2025-04-09T20:10:43.9985499Z Package operations: 112 installs, 0 updates, 0 removals
2025-04-09T20:10:44.0001734Z   - Downloading doctrine/inflector (2.0.10)
2025-04-09T20:10:44.0009718Z   - Downloading doctrine/lexer (3.0.1)
2025-04-09T20:10:44.0013215Z   - Downloading symfony/polyfill-ctype (v1.31.0)
2025-04-09T20:10:44.0016504Z   - Downloading webmozart/assert (1.11.0)
2025-04-09T20:10:44.0019598Z   - Downloading dragonmantank/cron-expression (v3.4.0)
2025-04-09T20:10:44.0022695Z   - Downloading symfony/deprecation-contracts (v3.5.1)
2025-04-09T20:10:44.0025722Z   - Downloading psr/container (2.0.2)
2025-04-09T20:10:44.0028830Z   - Downloading fakerphp/faker (v1.24.1)
2025-04-09T20:10:44.0031908Z   - Downloading symfony/polyfill-php83 (v1.31.0)
2025-04-09T20:10:44.0034620Z   - Downloading symfony/polyfill-mbstring (v1.31.0)
2025-04-09T20:10:44.0037345Z   - Downloading symfony/http-foundation (v7.2.5)
2025-04-09T20:10:44.0040544Z   - Downloading fruitcake/php-cors (v1.3.0)
2025-04-09T20:10:44.0043437Z   - Downloading psr/http-message (2.0)
2025-04-09T20:10:44.0044853Z   - Downloading psr/http-client (1.0.3)
2025-04-09T20:10:44.0047314Z   - Downloading ralouphie/getallheaders (3.0.3)
2025-04-09T20:10:44.0048724Z   - Downloading psr/http-factory (1.1.0)
2025-04-09T20:10:44.0051384Z   - Downloading guzzlehttp/psr7 (2.7.1)
2025-04-09T20:10:44.0052824Z   - Downloading guzzlehttp/promises (2.2.0)
2025-04-09T20:10:44.0054669Z   - Downloading guzzlehttp/guzzle (7.9.3)
2025-04-09T20:10:44.0056212Z   - Downloading symfony/polyfill-php80 (v1.31.0)
2025-04-09T20:10:44.0057849Z   - Downloading guzzlehttp/uri-template (v1.0.4)
2025-04-09T20:10:44.0059842Z   - Downloading symfony/polyfill-intl-normalizer (v1.31.0)
2025-04-09T20:10:44.0061434Z   - Downloading symfony/polyfill-intl-grapheme (v1.31.0)
2025-04-09T20:10:44.0062979Z   - Downloading symfony/string (v7.2.0)
2025-04-09T20:10:44.0064813Z   - Downloading symfony/service-contracts (v3.5.1)
2025-04-09T20:10:44.0066340Z   - Downloading symfony/console (v7.2.5)
2025-04-09T20:10:44.0068770Z   - Downloading nunomaduro/termwind (v2.3.0)
2025-04-09T20:10:44.0071203Z   - Downloading voku/portable-ascii (2.0.3)
2025-04-09T20:10:44.0073450Z   - Downloading phpoption/phpoption (1.9.3)
2025-04-09T20:10:44.0075669Z   - Downloading graham-campbell/result-type (v1.1.3)
2025-04-09T20:10:44.0077845Z   - Downloading vlucas/phpdotenv (v5.6.1)
2025-04-09T20:10:44.0079311Z   - Downloading symfony/css-selector (v7.2.0)
2025-04-09T20:10:44.0082130Z   - Downloading tijsverkoyen/css-to-inline-styles (v2.3.0)
2025-04-09T20:10:44.0083384Z   - Downloading symfony/var-dumper (v7.2.3)
2025-04-09T20:10:44.0085243Z   - Downloading symfony/polyfill-uuid (v1.31.0)
2025-04-09T20:10:44.0086759Z   - Downloading symfony/uid (v7.2.0)
2025-04-09T20:10:44.0088663Z   - Downloading symfony/routing (v7.2.3)
2025-04-09T20:10:44.0090340Z   - Downloading symfony/process (v7.2.5)
2025-04-09T20:10:44.0092426Z   - Downloading symfony/polyfill-intl-idn (v1.31.0)
2025-04-09T20:10:44.0093815Z   - Downloading symfony/mime (v7.2.4)
2025-04-09T20:10:44.0095747Z   - Downloading psr/event-dispatcher (1.0.0)
2025-04-09T20:10:44.0097313Z   - Downloading symfony/event-dispatcher-contracts (v3.5.1)
2025-04-09T20:10:44.0098896Z   - Downloading symfony/event-dispatcher (v7.2.0)
2025-04-09T20:10:44.0100585Z   - Downloading psr/log (3.0.2)
2025-04-09T20:10:44.0103398Z   - Downloading egulias/email-validator (4.0.4)
2025-04-09T20:10:44.0104483Z   - Downloading symfony/mailer (v7.2.3)
2025-04-09T20:10:44.0106321Z   - Downloading symfony/error-handler (v7.2.5)
2025-04-09T20:10:44.0107853Z   - Downloading symfony/http-kernel (v7.2.5)
2025-04-09T20:10:44.0109737Z   - Downloading symfony/finder (v7.2.2)
2025-04-09T20:10:44.0112319Z   - Downloading ramsey/collection (2.1.1)
2025-04-09T20:10:44.0114548Z   - Downloading brick/math (0.12.3)
2025-04-09T20:10:44.0116005Z   - Downloading ramsey/uuid (4.7.6)
2025-04-09T20:10:44.0117909Z   - Downloading psr/simple-cache (3.0.0)
2025-04-09T20:10:44.0119432Z   - Downloading symfony/translation-contracts (v3.5.1)
2025-04-09T20:10:44.0121217Z   - Downloading symfony/translation (v7.2.4)
2025-04-09T20:10:44.0123081Z   - Downloading psr/clock (1.0.0)
2025-04-09T20:10:44.0124524Z   - Downloading symfony/clock (v7.2.0)
2025-04-09T20:10:44.0127039Z   - Downloading carbonphp/carbon-doctrine-types (3.2.0)
2025-04-09T20:10:44.0130632Z   - Downloading nesbot/carbon (3.9.0)
2025-04-09T20:10:44.0132982Z   - Downloading monolog/monolog (3.9.0)
2025-04-09T20:10:44.0135208Z   - Downloading league/uri-interfaces (7.5.0)
2025-04-09T20:10:44.0136588Z   - Downloading league/uri (7.5.1)
2025-04-09T20:10:44.0138430Z   - Downloading league/mime-type-detection (1.16.0)
2025-04-09T20:10:44.0139948Z   - Downloading league/flysystem-local (3.29.0)
2025-04-09T20:10:44.0142040Z   - Downloading league/flysystem (3.29.1)
2025-04-09T20:10:44.0144301Z   - Downloading nette/utils (v4.0.6)
2025-04-09T20:10:44.0145688Z   - Downloading nette/schema (v1.3.2)
2025-04-09T20:10:44.0148113Z   - Downloading dflydev/dot-access-data (v3.0.3)
2025-04-09T20:10:44.0149438Z   - Downloading league/config (v1.2.0)
2025-04-09T20:10:44.0151757Z   - Downloading league/commonmark (2.6.1)
2025-04-09T20:10:44.0154039Z   - Downloading laravel/serializable-closure (v2.0.4)
2025-04-09T20:10:44.0155387Z   - Downloading laravel/prompts (v0.3.5)
2025-04-09T20:10:44.0157219Z   - Downloading laravel/framework (v12.7.2)
2025-04-09T20:10:44.0158716Z   - Downloading laravel/pail (v1.2.2)
2025-04-09T20:10:44.0160651Z   - Downloading laravel/pint (v1.21.2)
2025-04-09T20:10:44.0162954Z   - Downloading symfony/yaml (v7.2.5)
2025-04-09T20:10:44.0164394Z   - Downloading laravel/sail (v1.41.0)
2025-04-09T20:10:44.0166174Z   - Downloading laravel/sanctum (v4.0.8)
2025-04-09T20:10:44.0168485Z   - Downloading nikic/php-parser (v5.4.0)
2025-04-09T20:10:44.0170705Z   - Downloading psy/psysh (v0.12.8)
2025-04-09T20:10:44.0172640Z   - Downloading laravel/tinker (v2.10.1)
2025-04-09T20:10:44.0174095Z   - Downloading laravel/ui (v4.6.1)
2025-04-09T20:10:44.0176506Z   - Downloading hamcrest/hamcrest-php (v2.0.1)
2025-04-09T20:10:44.0178760Z   - Downloading mockery/mockery (1.6.12)
2025-04-09T20:10:44.0181212Z   - Downloading filp/whoops (2.18.0)
2025-04-09T20:10:44.0182707Z   - Downloading nunomaduro/collision (v8.8.0)
2025-04-09T20:10:44.0185165Z   - Downloading staabm/side-effects-detector (1.0.5)
2025-04-09T20:10:44.0187350Z   - Downloading sebastian/version (5.0.2)
2025-04-09T20:10:44.0188829Z   - Downloading sebastian/type (5.1.2)
2025-04-09T20:10:44.0190840Z   - Downloading sebastian/recursion-context (6.0.2)
2025-04-09T20:10:44.0192452Z   - Downloading sebastian/object-reflector (4.0.1)
2025-04-09T20:10:44.0194199Z   - Downloading sebastian/object-enumerator (6.0.1)
2025-04-09T20:10:44.0195736Z   - Downloading sebastian/global-state (7.0.2)
2025-04-09T20:10:44.0197476Z   - Downloading sebastian/exporter (6.3.0)
2025-04-09T20:10:44.0199016Z   - Downloading sebastian/environment (7.2.0)
2025-04-09T20:10:44.0200900Z   - Downloading sebastian/diff (6.0.2)
2025-04-09T20:10:44.0202504Z   - Downloading sebastian/comparator (6.3.1)
2025-04-09T20:10:44.0204199Z   - Downloading sebastian/code-unit (3.0.3)
2025-04-09T20:10:44.0206148Z   - Downloading sebastian/cli-parser (3.0.2)
2025-04-09T20:10:44.0208329Z   - Downloading phpunit/php-timer (7.0.1)
2025-04-09T20:10:44.0209851Z   - Downloading phpunit/php-text-template (4.0.1)
2025-04-09T20:10:44.0211903Z   - Downloading phpunit/php-invoker (5.0.1)
2025-04-09T20:10:44.0213359Z   - Downloading phpunit/php-file-iterator (5.1.0)
2025-04-09T20:10:44.0215721Z   - Downloading theseer/tokenizer (1.2.3)
2025-04-09T20:10:44.0217200Z   - Downloading sebastian/lines-of-code (3.0.1)
2025-04-09T20:10:44.0218910Z   - Downloading sebastian/complexity (4.0.1)
2025-04-09T20:10:44.0220728Z   - Downloading sebastian/code-unit-reverse-lookup (4.0.1)
2025-04-09T20:10:44.0222340Z   - Downloading phpunit/php-code-coverage (11.0.9)
2025-04-09T20:10:44.0224639Z   - Downloading phar-io/version (3.2.1)
2025-04-09T20:10:44.0226119Z   - Downloading phar-io/manifest (2.0.4)
2025-04-09T20:10:44.0228532Z   - Downloading myclabs/deep-copy (1.13.0)
2025-04-09T20:10:44.0230269Z   - Downloading phpunit/phpunit (11.5.17)
2025-04-09T20:10:45.6941146Z   - Installing doctrine/inflector (2.0.10): Extracting archive
2025-04-09T20:10:45.6959116Z   - Installing doctrine/lexer (3.0.1): Extracting archive
2025-04-09T20:10:45.6965020Z   - Installing symfony/polyfill-ctype (v1.31.0): Extracting archive
2025-04-09T20:10:45.6983832Z   - Installing webmozart/assert (1.11.0): Extracting archive
2025-04-09T20:10:45.6985962Z   - Installing dragonmantank/cron-expression (v3.4.0): Extracting archive
2025-04-09T20:10:45.6995391Z   - Installing symfony/deprecation-contracts (v3.5.1): Extracting archive
2025-04-09T20:10:45.7052764Z   - Installing psr/container (2.0.2): Extracting archive
2025-04-09T20:10:45.7109875Z   - Installing fakerphp/faker (v1.24.1): Extracting archive
2025-04-09T20:10:45.7161795Z   - Installing symfony/polyfill-php83 (v1.31.0): Extracting archive
2025-04-09T20:10:45.7167684Z   - Installing symfony/polyfill-mbstring (v1.31.0): Extracting archive
2025-04-09T20:10:45.7206258Z   - Installing symfony/http-foundation (v7.2.5): Extracting archive
2025-04-09T20:10:45.7208453Z   - Installing fruitcake/php-cors (v1.3.0): Extracting archive
2025-04-09T20:10:45.7213800Z   - Installing psr/http-message (2.0): Extracting archive
2025-04-09T20:10:45.7214467Z   - Installing psr/http-client (1.0.3): Extracting archive
2025-04-09T20:10:45.7215159Z   - Installing ralouphie/getallheaders (3.0.3): Extracting archive
2025-04-09T20:10:45.7215839Z   - Installing psr/http-factory (1.1.0): Extracting archive
2025-04-09T20:10:45.7216465Z   - Installing guzzlehttp/psr7 (2.7.1): Extracting archive
2025-04-09T20:10:45.7217147Z   - Installing guzzlehttp/promises (2.2.0): Extracting archive
2025-04-09T20:10:45.7217826Z   - Installing guzzlehttp/guzzle (7.9.3): Extracting archive
2025-04-09T20:10:45.7218878Z   - Installing symfony/polyfill-php80 (v1.31.0): Extracting archive
2025-04-09T20:10:45.7219908Z   - Installing guzzlehttp/uri-template (v1.0.4): Extracting archive
2025-04-09T20:10:45.7222077Z   - Installing symfony/polyfill-intl-normalizer (v1.31.0): Extracting archive
2025-04-09T20:10:45.7222957Z   - Installing symfony/polyfill-intl-grapheme (v1.31.0): Extracting archive
2025-04-09T20:10:45.7223694Z   - Installing symfony/string (v7.2.0): Extracting archive
2025-04-09T20:10:45.7224384Z   - Installing symfony/service-contracts (v3.5.1): Extracting archive
2025-04-09T20:10:45.7226362Z   - Installing symfony/console (v7.2.5): Extracting archive
2025-04-09T20:10:45.7229102Z   - Installing nunomaduro/termwind (v2.3.0): Extracting archive
2025-04-09T20:10:45.7232013Z   - Installing voku/portable-ascii (2.0.3): Extracting archive
2025-04-09T20:10:45.7234321Z   - Installing phpoption/phpoption (1.9.3): Extracting archive
2025-04-09T20:10:45.7236933Z   - Installing graham-campbell/result-type (v1.1.3): Extracting archive
2025-04-09T20:10:45.7239434Z   - Installing vlucas/phpdotenv (v5.6.1): Extracting archive
2025-04-09T20:10:45.7241156Z   - Installing symfony/css-selector (v7.2.0): Extracting archive
2025-04-09T20:10:45.7243641Z   - Installing tijsverkoyen/css-to-inline-styles (v2.3.0): Extracting archive
2025-04-09T20:10:45.7246336Z   - Installing symfony/var-dumper (v7.2.3): Extracting archive
2025-04-09T20:10:45.7249111Z   - Installing symfony/polyfill-uuid (v1.31.0): Extracting archive
2025-04-09T20:10:45.7251547Z   - Installing symfony/uid (v7.2.0): Extracting archive
2025-04-09T20:10:45.7254154Z   - Installing symfony/routing (v7.2.3): Extracting archive
2025-04-09T20:10:45.7256592Z   - Installing symfony/process (v7.2.5): Extracting archive
2025-04-09T20:10:45.7259162Z   - Installing symfony/polyfill-intl-idn (v1.31.0): Extracting archive
2025-04-09T20:10:45.7261692Z   - Installing symfony/mime (v7.2.4): Extracting archive
2025-04-09T20:10:45.7264304Z   - Installing psr/event-dispatcher (1.0.0): Extracting archive
2025-04-09T20:10:45.7266790Z   - Installing symfony/event-dispatcher-contracts (v3.5.1): Extracting archive
2025-04-09T20:10:45.7269517Z   - Installing symfony/event-dispatcher (v7.2.0): Extracting archive
2025-04-09T20:10:45.7271829Z   - Installing psr/log (3.0.2): Extracting archive
2025-04-09T20:10:45.7274391Z   - Installing egulias/email-validator (4.0.4): Extracting archive
2025-04-09T20:10:45.7276874Z   - Installing symfony/mailer (v7.2.3): Extracting archive
2025-04-09T20:10:45.7279386Z   - Installing symfony/error-handler (v7.2.5): Extracting archive
2025-04-09T20:10:45.7282021Z   - Installing symfony/http-kernel (v7.2.5): Extracting archive
2025-04-09T20:10:45.7284400Z   - Installing symfony/finder (v7.2.2): Extracting archive
2025-04-09T20:10:45.7286850Z   - Installing ramsey/collection (2.1.1): Extracting archive
2025-04-09T20:10:45.7289263Z   - Installing brick/math (0.12.3): Extracting archive
2025-04-09T20:10:45.7291875Z   - Installing ramsey/uuid (4.7.6): Extracting archive
2025-04-09T20:10:45.7294450Z   - Installing psr/simple-cache (3.0.0): Extracting archive
2025-04-09T20:10:45.7297007Z   - Installing symfony/translation-contracts (v3.5.1): Extracting archive
2025-04-09T20:10:45.7299752Z   - Installing symfony/translation (v7.2.4): Extracting archive
2025-04-09T20:10:45.7302639Z   - Installing psr/clock (1.0.0): Extracting archive
2025-04-09T20:10:45.7304968Z   - Installing symfony/clock (v7.2.0): Extracting archive
2025-04-09T20:10:45.7307434Z   - Installing carbonphp/carbon-doctrine-types (3.2.0): Extracting archive
2025-04-09T20:10:45.7309886Z   - Installing nesbot/carbon (3.9.0): Extracting archive
2025-04-09T20:10:45.7312528Z   - Installing monolog/monolog (3.9.0): Extracting archive
2025-04-09T20:10:45.7314912Z   - Installing league/uri-interfaces (7.5.0): Extracting archive
2025-04-09T20:10:45.7317209Z   - Installing league/uri (7.5.1): Extracting archive
2025-04-09T20:10:45.7319819Z   - Installing league/mime-type-detection (1.16.0): Extracting archive
2025-04-09T20:10:45.7322774Z   - Installing league/flysystem-local (3.29.0): Extracting archive
2025-04-09T20:10:45.7325330Z   - Installing league/flysystem (3.29.1): Extracting archive
2025-04-09T20:10:45.7327811Z   - Installing nette/utils (v4.0.6): Extracting archive
2025-04-09T20:10:45.7330603Z   - Installing nette/schema (v1.3.2): Extracting archive
2025-04-09T20:10:45.7333110Z   - Installing dflydev/dot-access-data (v3.0.3): Extracting archive
2025-04-09T20:10:45.7335682Z   - Installing league/config (v1.2.0): Extracting archive
2025-04-09T20:10:45.7338287Z   - Installing league/commonmark (2.6.1): Extracting archive
2025-04-09T20:10:45.7340792Z   - Installing laravel/serializable-closure (v2.0.4): Extracting archive
2025-04-09T20:10:45.7343319Z   - Installing laravel/prompts (v0.3.5): Extracting archive
2025-04-09T20:10:45.7346013Z   - Installing laravel/framework (v12.7.2): Extracting archive
2025-04-09T20:10:45.7348253Z   - Installing laravel/pail (v1.2.2): Extracting archive
2025-04-09T20:10:45.7350688Z   - Installing laravel/pint (v1.21.2): Extracting archive
2025-04-09T20:10:45.7353268Z   - Installing symfony/yaml (v7.2.5): Extracting archive
2025-04-09T20:10:45.7355699Z   - Installing laravel/sail (v1.41.0): Extracting archive
2025-04-09T20:10:45.7358215Z   - Installing laravel/sanctum (v4.0.8): Extracting archive
2025-04-09T20:10:45.7360617Z   - Installing nikic/php-parser (v5.4.0): Extracting archive
2025-04-09T20:10:45.7363314Z   - Installing psy/psysh (v0.12.8): Extracting archive
2025-04-09T20:10:45.7365702Z   - Installing laravel/tinker (v2.10.1): Extracting archive
2025-04-09T20:10:45.7368150Z   - Installing laravel/ui (v4.6.1): Extracting archive
2025-04-09T20:10:45.7370933Z   - Installing hamcrest/hamcrest-php (v2.0.1): Extracting archive
2025-04-09T20:10:45.7373232Z   - Installing mockery/mockery (1.6.12): Extracting archive
2025-04-09T20:10:45.7376042Z   - Installing filp/whoops (2.18.0): Extracting archive
2025-04-09T20:10:45.7378623Z   - Installing nunomaduro/collision (v8.8.0): Extracting archive
2025-04-09T20:10:45.7381384Z   - Installing staabm/side-effects-detector (1.0.5): Extracting archive
2025-04-09T20:10:45.7383877Z   - Installing sebastian/version (5.0.2): Extracting archive
2025-04-09T20:10:45.7386409Z   - Installing sebastian/type (5.1.2): Extracting archive
2025-04-09T20:10:45.7389038Z   - Installing sebastian/recursion-context (6.0.2): Extracting archive
2025-04-09T20:10:45.7391689Z   - Installing sebastian/object-reflector (4.0.1): Extracting archive
2025-04-09T20:10:45.7394301Z   - Installing sebastian/object-enumerator (6.0.1): Extracting archive
2025-04-09T20:10:45.7396884Z   - Installing sebastian/global-state (7.0.2): Extracting archive
2025-04-09T20:10:45.7399404Z   - Installing sebastian/exporter (6.3.0): Extracting archive
2025-04-09T20:10:45.7402150Z   - Installing sebastian/environment (7.2.0): Extracting archive
2025-04-09T20:10:45.7404661Z   - Installing sebastian/diff (6.0.2): Extracting archive
2025-04-09T20:10:45.7407222Z   - Installing sebastian/comparator (6.3.1): Extracting archive
2025-04-09T20:10:45.7409686Z   - Installing sebastian/code-unit (3.0.3): Extracting archive
2025-04-09T20:10:45.7412429Z   - Installing sebastian/cli-parser (3.0.2): Extracting archive
2025-04-09T20:10:45.7414894Z   - Installing phpunit/php-timer (7.0.1): Extracting archive
2025-04-09T20:10:45.7417369Z   - Installing phpunit/php-text-template (4.0.1): Extracting archive
2025-04-09T20:10:45.7419643Z   - Installing phpunit/php-invoker (5.0.1): Extracting archive
2025-04-09T20:10:45.7422753Z   - Installing phpunit/php-file-iterator (5.1.0): Extracting archive
2025-04-09T20:10:45.7425079Z   - Installing theseer/tokenizer (1.2.3): Extracting archive
2025-04-09T20:10:45.7427616Z   - Installing sebastian/lines-of-code (3.0.1): Extracting archive
2025-04-09T20:10:45.7430347Z   - Installing sebastian/complexity (4.0.1): Extracting archive
2025-04-09T20:10:45.7432801Z   - Installing sebastian/code-unit-reverse-lookup (4.0.1): Extracting archive
2025-04-09T20:10:45.7435158Z   - Installing phpunit/php-code-coverage (11.0.9): Extracting archive
2025-04-09T20:10:45.7437470Z   - Installing phar-io/version (3.2.1): Extracting archive
2025-04-09T20:10:45.7439822Z   - Installing phar-io/manifest (2.0.4): Extracting archive
2025-04-09T20:10:45.7442354Z   - Installing myclabs/deep-copy (1.13.0): Extracting archive
2025-04-09T20:10:45.7444803Z   - Installing phpunit/phpunit (11.5.17): Extracting archive
2025-04-09T20:10:46.8267307Z Generating optimized autoload files
2025-04-09T20:10:48.3866779Z > Illuminate\Foundation\ComposerScripts::postAutoloadDump
2025-04-09T20:10:48.3997816Z > @php artisan package:discover --ansi
2025-04-09T20:10:48.5441769Z 
2025-04-09T20:10:48.5442552Z   [37;44m INFO [39;49m Discovering packages.  
2025-04-09T20:10:48.5442842Z 
2025-04-09T20:10:48.5469648Z   laravel/pail [90m.[39m[90m.[39m[90m.[39m[90m.[39m[90m.[39m[90m.[39m[90m.[39m[90m.[39m[90m.[39m[90m.[39m[90m.[39m[90m.[39m[90m.[39m[90m.[39m[90m.[39m[90m.[39m[90m.[39m[90m.[39m[90m.[39m[90m.[39m[90m.[39m[90m.[39m[90m.[39m[90m.[39m[90m.[39m[90m.[39m[90m.[39m[90m.[39m[90m.[39m[90m.[39m[90m.[39m[90m.[39m[90m.[39m[90m.[39m[90m.[39m[90m.[39m[90m.[39m[90m.[39m[90m.[39m[90m.[39m[90m.[39m[90m.[39m[90m.[39m[90m.[39m[90m.[39m[90m.[39m[90m.[39m[90m.[39m[90m.[39m[90m.[39m[90m.[39m[90m.[39m[90m.[39m[90m.[39m[90m.[39m[90m.[39m[90m.[39m[90m.[39m [32;1mDONE[39;22m
2025-04-09T20:10:48.5474756Z   laravel/sail [90m.[39m[90m.[39m[90m.[39m[90m.[39m[90m.[39m[90m.[39m[90m.[39m[90m.[39m[90m.[39m[90m.[39m[90m.[39m[90m.[39m[90m.[39m[90m.[39m[90m.[39m[90m.[39m[90m.[39m[90m.[39m[90m.[39m[90m.[39m[90m.[39m[90m.[39m[90m.[39m[90m.[39m[90m.[39m[90m.[39m[90m.[39m[90m.[39m[90m.[39m[90m.[39m[90m.[39m[90m.[39m[90m.[39m[90m.[39m[90m.[39m[90m.[39m[90m.[39m[90m.[39m[90m.[39m[90m.[39m[90m.[39m[90m.[39m[90m.[39m[90m.[39m[90m.[39m[90m.[39m[90m.[39m[90m.[39m[90m.[39m[90m.[39m[90m.[39m[90m.[39m[90m.[39m[90m.[39m[90m.[39m[90m.[39m[90m.[39m[90m.[39m [32;1mDONE[39;22m
2025-04-09T20:10:48.5479349Z   laravel/sanctum [90m.[39m[90m.[39m[90m.[39m[90m.[39m[90m.[39m[90m.[39m[90m.[39m[90m.[39m[90m.[39m[90m.[39m[90m.[39m[90m.[39m[90m.[39m[90m.[39m[90m.[39m[90m.[39m[90m.[39m[90m.[39m[90m.[39m[90m.[39m[90m.[39m[90m.[39m[90m.[39m[90m.[39m[90m.[39m[90m.[39m[90m.[39m[90m.[39m[90m.[39m[90m.[39m[90m.[39m[90m.[39m[90m.[39m[90m.[39m[90m.[39m[90m.[39m[90m.[39m[90m.[39m[90m.[39m[90m.[39m[90m.[39m[90m.[39m[90m.[39m[90m.[39m[90m.[39m[90m.[39m[90m.[39m[90m.[39m[90m.[39m[90m.[39m[90m.[39m[90m.[39m[90m.[39m[90m.[39m[90m.[39m [32;1mDONE[39;22m
2025-04-09T20:10:48.5483489Z   laravel/tinker [90m.[39m[90m.[39m[90m.[39m[90m.[39m[90m.[39m[90m.[39m[90m.[39m[90m.[39m[90m.[39m[90m.[39m[90m.[39m[90m.[39m[90m.[39m[90m.[39m[90m.[39m[90m.[39m[90m.[39m[90m.[39m[90m.[39m[90m.[39m[90m.[39m[90m.[39m[90m.[39m[90m.[39m[90m.[39m[90m.[39m[90m.[39m[90m.[39m[90m.[39m[90m.[39m[90m.[39m[90m.[39m[90m.[39m[90m.[39m[90m.[39m[90m.[39m[90m.[39m[90m.[39m[90m.[39m[90m.[39m[90m.[39m[90m.[39m[90m.[39m[90m.[39m[90m.[39m[90m.[39m[90m.[39m[90m.[39m[90m.[39m[90m.[39m[90m.[39m[90m.[39m[90m.[39m[90m.[39m[90m.[39m[90m.[39m [32;1mDONE[39;22m
2025-04-09T20:10:48.5487809Z   laravel/ui [90m.[39m[90m.[39m[90m.[39m[90m.[39m[90m.[39m[90m.[39m[90m.[39m[90m.[39m[90m.[39m[90m.[39m[90m.[39m[90m.[39m[90m.[39m[90m.[39m[90m.[39m[90m.[39m[90m.[39m[90m.[39m[90m.[39m[90m.[39m[90m.[39m[90m.[39m[90m.[39m[90m.[39m[90m.[39m[90m.[39m[90m.[39m[90m.[39m[90m.[39m[90m.[39m[90m.[39m[90m.[39m[90m.[39m[90m.[39m[90m.[39m[90m.[39m[90m.[39m[90m.[39m[90m.[39m[90m.[39m[90m.[39m[90m.[39m[90m.[39m[90m.[39m[90m.[39m[90m.[39m[90m.[39m[90m.[39m[90m.[39m[90m.[39m[90m.[39m[90m.[39m[90m.[39m[90m.[39m[90m.[39m[90m.[39m[90m.[39m[90m.[39m[90m.[39m[90m.[39m [32;1mDONE[39;22m
2025-04-09T20:10:48.5493801Z   nesbot/carbon [90m.[39m[90m.[39m[90m.[39m[90m.[39m[90m.[39m[90m.[39m[90m.[39m[90m.[39m[90m.[39m[90m.[39m[90m.[39m[90m.[39m[90m.[39m[90m.[39m[90m.[39m[90m.[39m[90m.[39m[90m.[39m[90m.[39m[90m.[39m[90m.[39m[90m.[39m[90m.[39m[90m.[39m[90m.[39m[90m.[39m[90m.[39m[90m.[39m[90m.[39m[90m.[39m[90m.[39m[90m.[39m[90m.[39m[90m.[39m[90m.[39m[90m.[39m[90m.[39m[90m.[39m[90m.[39m[90m.[39m[90m.[39m[90m.[39m[90m.[39m[90m.[39m[90m.[39m[90m.[39m[90m.[39m[90m.[39m[90m.[39m[90m.[39m[90m.[39m[90m.[39m[90m.[39m[90m.[39m[90m.[39m[90m.[39m[90m.[39m [32;1mDONE[39;22m
2025-04-09T20:10:48.5498011Z   nunomaduro/collision [90m.[39m[90m.[39m[90m.[39m[90m.[39m[90m.[39m[90m.[39m[90m.[39m[90m.[39m[90m.[39m[90m.[39m[90m.[39m[90m.[39m[90m.[39m[90m.[39m[90m.[39m[90m.[39m[90m.[39m[90m.[39m[90m.[39m[90m.[39m[90m.[39m[90m.[39m[90m.[39m[90m.[39m[90m.[39m[90m.[39m[90m.[39m[90m.[39m[90m.[39m[90m.[39m[90m.[39m[90m.[39m[90m.[39m[90m.[39m[90m.[39m[90m.[39m[90m.[39m[90m.[39m[90m.[39m[90m.[39m[90m.[39m[90m.[39m[90m.[39m[90m.[39m[90m.[39m[90m.[39m[90m.[39m[90m.[39m[90m.[39m[90m.[39m [32;1mDONE[39;22m
2025-04-09T20:10:48.5503362Z   nunomaduro/termwind [90m.[39m[90m.[39m[90m.[39m[90m.[39m[90m.[39m[90m.[39m[90m.[39m[90m.[39m[90m.[39m[90m.[39m[90m.[39m[90m.[39m[90m.[39m[90m.[39m[90m.[39m[90m.[39m[90m.[39m[90m.[39m[90m.[39m[90m.[39m[90m.[39m[90m.[39m[90m.[39m[90m.[39m[90m.[39m[90m.[39m[90m.[39m[90m.[39m[90m.[39m[90m.[39m[90m.[39m[90m.[39m[90m.[39m[90m.[39m[90m.[39m[90m.[39m[90m.[39m[90m.[39m[90m.[39m[90m.[39m[90m.[39m[90m.[39m[90m.[39m[90m.[39m[90m.[39m[90m.[39m[90m.[39m[90m.[39m[90m.[39m[90m.[39m[90m.[39m [32;1mDONE[39;22m
2025-04-09T20:10:48.5504444Z 
2025-04-09T20:10:48.5605879Z 80 packages you are using are looking for funding.
2025-04-09T20:10:48.5606483Z Use the `composer fund` command to find out more!
2025-04-09T20:10:48.5878513Z ##[group]Run cp .env.example .env
2025-04-09T20:10:48.5878836Z [36;1mcp .env.example .env[0m
2025-04-09T20:10:48.5924438Z shell: /usr/bin/bash -e {0}
2025-04-09T20:10:48.5924666Z env:
2025-04-09T20:10:48.5924848Z   COMPOSER_PROCESS_TIMEOUT: 0
2025-04-09T20:10:48.5925083Z   COMPOSER_NO_INTERACTION: 1
2025-04-09T20:10:48.5925295Z   COMPOSER_NO_AUDIT: 1
2025-04-09T20:10:48.5925500Z ##[endgroup]
2025-04-09T20:10:48.6026964Z ##[group]Run php artisan key:generate
2025-04-09T20:10:48.6027263Z [36;1mphp artisan key:generate[0m
2025-04-09T20:10:48.6070367Z shell: /usr/bin/bash -e {0}
2025-04-09T20:10:48.6070615Z env:
2025-04-09T20:10:48.6070810Z   COMPOSER_PROCESS_TIMEOUT: 0
2025-04-09T20:10:48.6071057Z   COMPOSER_NO_INTERACTION: 1
2025-04-09T20:10:48.6071281Z   COMPOSER_NO_AUDIT: 1
2025-04-09T20:10:48.6071485Z ##[endgroup]
2025-04-09T20:10:48.7608371Z 
2025-04-09T20:10:48.7608753Z    INFO  Application key set successfully.  
2025-04-09T20:10:48.7609289Z 
2025-04-09T20:10:48.7781991Z ##[group]Run actions/setup-node@v3
2025-04-09T20:10:48.7782261Z with:
2025-04-09T20:10:48.7782441Z   node-version: 18
2025-04-09T20:10:48.7782628Z   cache: npm
2025-04-09T20:10:48.7782819Z   always-auth: false
2025-04-09T20:10:48.7783020Z   check-latest: false
2025-04-09T20:10:48.7783340Z   token: ***
2025-04-09T20:10:48.7783519Z env:
2025-04-09T20:10:48.7783694Z   COMPOSER_PROCESS_TIMEOUT: 0
2025-04-09T20:10:48.7783930Z   COMPOSER_NO_INTERACTION: 1
2025-04-09T20:10:48.7784147Z   COMPOSER_NO_AUDIT: 1
2025-04-09T20:10:48.7784340Z ##[endgroup]
2025-04-09T20:10:48.9587900Z Found in cache @ /opt/hostedtoolcache/node/18.20.8/x64
2025-04-09T20:10:48.9595531Z ##[group]Environment details
2025-04-09T20:10:49.3221124Z node: v18.20.8
2025-04-09T20:10:49.3221493Z npm: 10.8.2
2025-04-09T20:10:49.3221788Z yarn: 1.22.22
2025-04-09T20:10:49.3222518Z ##[endgroup]
2025-04-09T20:10:49.3234326Z [command]/opt/hostedtoolcache/node/18.20.8/x64/bin/npm config get cache
2025-04-09T20:10:49.4734439Z /home/runner/.npm
2025-04-09T20:10:49.6933007Z npm cache is not found
2025-04-09T20:10:49.7022288Z ##[group]Run npm ci
2025-04-09T20:10:49.7022530Z [36;1mnpm ci[0m
2025-04-09T20:10:49.7068420Z shell: /usr/bin/bash -e {0}
2025-04-09T20:10:49.7068662Z env:
2025-04-09T20:10:49.7068850Z   COMPOSER_PROCESS_TIMEOUT: 0
2025-04-09T20:10:49.7069089Z   COMPOSER_NO_INTERACTION: 1
2025-04-09T20:10:49.7069310Z   COMPOSER_NO_AUDIT: 1
2025-04-09T20:10:49.7069502Z ##[endgroup]
2025-04-09T20:10:52.3463425Z 
2025-04-09T20:10:52.3470665Z added 95 packages, and audited 96 packages in 3s
2025-04-09T20:10:52.3470952Z 
2025-04-09T20:10:52.3471166Z 26 packages are looking for funding
2025-04-09T20:10:52.3471467Z   run `npm fund` for details
2025-04-09T20:10:52.3474260Z 
2025-04-09T20:10:52.3474504Z found 0 vulnerabilities
2025-04-09T20:10:52.3661218Z ##[group]Run cp vite.config.debug.js vite.config.js
2025-04-09T20:10:52.3661606Z [36;1mcp vite.config.debug.js vite.config.js[0m
2025-04-09T20:10:52.3707194Z shell: /usr/bin/bash -e {0}
2025-04-09T20:10:52.3707426Z env:
2025-04-09T20:10:52.3707612Z   COMPOSER_PROCESS_TIMEOUT: 0
2025-04-09T20:10:52.3707854Z   COMPOSER_NO_INTERACTION: 1
2025-04-09T20:10:52.3708070Z   COMPOSER_NO_AUDIT: 1
2025-04-09T20:10:52.3708266Z ##[endgroup]
2025-04-09T20:10:52.3814373Z ##[group]Run npm run build
2025-04-09T20:10:52.3814656Z [36;1mnpm run build[0m
2025-04-09T20:10:52.3814889Z [36;1mecho "Checking build output:"[0m
2025-04-09T20:10:52.3815159Z [36;1mls -la public/build/[0m
2025-04-09T20:10:52.3815426Z [36;1mif [ -f "public/build/manifest.json" ]; then[0m
2025-04-09T20:10:52.3815737Z [36;1m  echo "manifest.json exists!"[0m
2025-04-09T20:10:52.3816016Z [36;1m  cat public/build/manifest.json[0m
2025-04-09T20:10:52.3816268Z [36;1melse[0m
2025-04-09T20:10:52.3816480Z [36;1m  echo "ERROR: manifest.json not found!"[0m
2025-04-09T20:10:52.3816744Z [36;1m  exit 1[0m
2025-04-09T20:10:52.3816910Z [36;1mfi[0m
2025-04-09T20:10:52.3858864Z shell: /usr/bin/bash -e {0}
2025-04-09T20:10:52.3859096Z env:
2025-04-09T20:10:52.3859301Z   COMPOSER_PROCESS_TIMEOUT: 0
2025-04-09T20:10:52.3859535Z   COMPOSER_NO_INTERACTION: 1
2025-04-09T20:10:52.3859755Z   COMPOSER_NO_AUDIT: 1
2025-04-09T20:10:52.3859951Z ##[endgroup]
2025-04-09T20:10:52.5296444Z 
2025-04-09T20:10:52.5296956Z > build
2025-04-09T20:10:52.5297235Z > vite build
2025-04-09T20:10:52.5297373Z 
2025-04-09T20:10:52.7942233Z [36mvite v6.2.5 [32mbuilding for production...[36m[39m
2025-04-09T20:10:52.8339540Z transforming...
2025-04-09T20:10:53.3880715Z [32mâœ“[39m 111 modules transformed.
2025-04-09T20:10:53.4497688Z rendering chunks...
2025-04-09T20:10:53.4816610Z computing gzip size...
2025-04-09T20:10:53.4932979Z [2mpublic/build/[22m[32m.vite/manifest.json  [39m[1m[2m  0.26 kB[22m[1m[22m[2m â”‚ gzip:  0.14 kB[22m
2025-04-09T20:10:53.4936396Z [2mpublic/build/[22m[35mapp-q4YL6uMt.css     [39m[1m[2m 27.60 kB[22m[1m[22m[2m â”‚ gzip:  7.55 kB[22m
2025-04-09T20:10:53.4939671Z [2mpublic/build/[22m[36mapp-C4mJ2kZP.js      [39m[1m[2m245.36 kB[22m[1m[22m[2m â”‚ gzip: 55.92 kB[22m
2025-04-09T20:10:53.4940756Z [32mâœ“ built in 677ms[39m
2025-04-09T20:10:53.5141569Z Checking build output:
2025-04-09T20:10:53.5157080Z total 280
2025-04-09T20:10:53.5157646Z drwxr-xr-x 3 runner docker   4096 Apr  9 20:10 .
2025-04-09T20:10:53.5158389Z drwxr-xr-x 4 runner docker   4096 Apr  9 20:10 ..
2025-04-09T20:10:53.5159051Z drwxr-xr-x 2 runner docker   4096 Apr  9 20:10 .vite
2025-04-09T20:10:53.5159753Z -rw-r--r-- 1 runner docker 245360 Apr  9 20:10 app-C4mJ2kZP.js
2025-04-09T20:10:53.5160789Z -rw-r--r-- 1 runner docker  27601 Apr  9 20:10 app-q4YL6uMt.css
2025-04-09T20:10:53.5161408Z ERROR: manifest.json not found!
2025-04-09T20:10:53.5172661Z ##[error]Process completed with exit code 1.
2025-04-09T20:10:53.5247445Z Post job cleanup.
2025-04-09T20:10:53.6170648Z [command]/usr/bin/git version
2025-04-09T20:10:53.6212644Z git version 2.49.0
2025-04-09T20:10:53.6254033Z Temporarily overriding HOME='/home/runner/work/_temp/a7e26f78-13b2-40c1-98c8-ba22d47eaade' before making global git config changes
2025-04-09T20:10:53.6255304Z Adding repository directory to the temporary git global config as a safe directory
2025-04-09T20:10:53.6259159Z [command]/usr/bin/git config --global --add safe.directory /home/runner/work/laravel/laravel
2025-04-09T20:10:53.6299662Z [command]/usr/bin/git config --local --name-only --get-regexp core\.sshCommand
2025-04-09T20:10:53.6328200Z [command]/usr/bin/git submodule foreach --recursive sh -c "git config --local --name-only --get-regexp 'core\.sshCommand' && git config --local --unset-all 'core.sshCommand' || :"
2025-04-09T20:10:53.6556406Z [command]/usr/bin/git config --local --name-only --get-regexp http\.https\:\/\/github\.com\/\.extraheader
2025-04-09T20:10:53.6577088Z http.https://github.com/.extraheader
2025-04-09T20:10:53.6589977Z [command]/usr/bin/git config --local --unset-all http.https://github.com/.extraheader
2025-04-09T20:10:53.6620006Z [command]/usr/bin/git submodule foreach --recursive sh -c "git config --local --name-only --get-regexp 'http\.https\:\/\/github\.com\/\.extraheader' && git config --local --unset-all 'http.https://github.com/.extraheader' || :"
2025-04-09T20:10:53.6940745Z Cleaning up orphan processes
