2025-04-14T11:24:09.3140174Z Prepare all required actions
2025-04-14T11:24:09.3181165Z ##[group]Run ./.github/actions/send-notification
2025-04-14T11:24:09.3181622Z with:
2025-04-14T11:24:09.3182000Z   run-name: docs-build | Build and Deploy Docs
2025-04-14T11:24:09.3182442Z   status: failure
2025-04-14T11:24:09.3183335Z   webhook-url: ***
2025-04-14T11:24:09.3183696Z ##[endgroup]
2025-04-14T11:24:09.3227516Z ##[group]Run echo "BUILD_SCAN= [build scan unavailable]" >> "$GITHUB_ENV"
2025-04-14T11:24:09.3228150Z [36;1mecho "BUILD_SCAN= [build scan unavailable]" >> "$GITHUB_ENV"[0m
2025-04-14T11:24:09.3228901Z [36;1mecho "RUN_URL=https://github.com/spring-projects/spring-boot/actions/runs/14444356149" >> "$GITHUB_ENV"[0m
2025-04-14T11:24:09.3274952Z shell: /usr/bin/bash --noprofile --norc -e -o pipefail {0}
2025-04-14T11:24:09.3275664Z ##[endgroup]
2025-04-14T11:24:09.3374811Z ##[group]Run curl -X POST '***' -H 'Content-Type: application/json' -d '{ text: "<users/all> *<https://github.com/spring-projects/spring-boot/actions/runs/14444356149|docs-build | Build and Deploy Docs> failed*  [build scan unavailable]"}' || true
2025-04-14T11:24:09.3377366Z [36;1mcurl -X POST '***' -H 'Content-Type: application/json' -d '{ text: "<users/all> *<https://github.com/spring-projects/spring-boot/actions/runs/14444356149|docs-build | Build and Deploy Docs> failed*  [build scan unavailable]"}' || true[0m
2025-04-14T11:24:09.3418506Z shell: /usr/bin/bash --noprofile --norc -e -o pipefail {0}
2025-04-14T11:24:09.3419002Z env:
2025-04-14T11:24:09.3419355Z   BUILD_SCAN:  [build scan unavailable]
2025-04-14T11:24:09.3419923Z   RUN_URL: https://github.com/spring-projects/spring-boot/actions/runs/14444356149
2025-04-14T11:24:09.3420471Z ##[endgroup]
2025-04-14T11:24:09.3555204Z   % Total    % Received % Xferd  Average Speed   Time    Time     Time  Current
2025-04-14T11:24:09.3556401Z                                  Dload  Upload   Total   Spent    Left  Speed
2025-04-14T11:24:09.3557166Z 
2025-04-14T11:24:10.1309537Z   0     0    0     0    0     0      0      0 --:--:-- --:--:-- --:--:--     0
2025-04-14T11:24:10.1311269Z 100   546    0   380  100   166    490    214 --:--:-- --:--:-- --:--:--   704
2025-04-14T11:24:10.1312582Z {
2025-04-14T11:24:10.1313826Z   "name": "spaces/AAAAuk_dnXc/messages/RYPtEFAWnI0.RYPtEFAWnI0",
2025-04-14T11:24:10.1316992Z   "text": "\u003cusers/all\u003e *\u003chttps://github.com/spring-projects/spring-boot/actions/runs/14444356149|docs-build | Build and Deploy Docs\u003e failed*  [build scan unavailable]",
2025-04-14T11:24:10.1319721Z   "thread": {
2025-04-14T11:24:10.1320962Z     "name": "spaces/AAAAuk_dnXc/threads/RYPtEFAWnI0"
2025-04-14T11:24:10.1322086Z   },
2025-04-14T11:24:10.1322656Z   "space": {
2025-04-14T11:24:10.1323304Z     "name": "spaces/AAAAuk_dnXc"
2025-04-14T11:24:10.1323986Z   }
2025-04-14T11:24:10.1324547Z }
