2025-04-14T20:05:41.8730556Z ##[group]Run awalsh128/cache-apt-pkgs-action@latest
2025-04-14T20:05:41.8730903Z with:
2025-04-14T20:05:41.8731092Z   packages: quilt
2025-04-14T20:05:41.8731284Z   version: 1
2025-04-14T20:05:41.8731481Z   execute_install_scripts: false
2025-04-14T20:05:41.8731718Z   debug: false
2025-04-14T20:05:41.8731896Z env:
2025-04-14T20:05:41.8732057Z   CODECOV_TOKEN: 
2025-04-14T20:05:41.8732259Z   DISABLE_V8_COMPILE_CACHE: 1
2025-04-14T20:05:41.8732641Z ##[endgroup]
2025-04-14T20:05:41.8805108Z ##[group]Run ${GITHUB_ACTION_PATH}/pre_cache_action.sh \
2025-04-14T20:05:41.8805522Z [36;1m${GITHUB_ACTION_PATH}/pre_cache_action.sh \[0m
2025-04-14T20:05:41.8805816Z [36;1m  ~/cache-apt-pkgs \[0m
2025-04-14T20:05:41.8806064Z [36;1m  "$VERSION" \[0m
2025-04-14T20:05:41.8806287Z [36;1m  "$EXEC_INSTALL_SCRIPTS" \[0m
2025-04-14T20:05:41.8806526Z [36;1m  "$DEBUG" \[0m
2025-04-14T20:05:41.8806723Z [36;1m  "$PACKAGES"[0m
2025-04-14T20:05:41.8807033Z [36;1mecho "CACHE_KEY=$(cat ~/cache-apt-pkgs/cache_key.md5)" >> $GITHUB_ENV[0m
2025-04-14T20:05:41.8860724Z shell: /usr/bin/bash --noprofile --norc -e -o pipefail {0}
2025-04-14T20:05:41.8861054Z env:
2025-04-14T20:05:41.8861230Z   CODECOV_TOKEN: 
2025-04-14T20:05:41.8861430Z   DISABLE_V8_COMPILE_CACHE: 1
2025-04-14T20:05:41.8861651Z   VERSION: 1
2025-04-14T20:05:41.8861839Z   EXEC_INSTALL_SCRIPTS: false
2025-04-14T20:05:41.8862055Z   DEBUG: false
2025-04-14T20:05:41.8862238Z   PACKAGES: quilt
2025-04-14T20:05:41.8862428Z ##[endgroup]
2025-04-14T20:05:41.8986776Z 20:05:41.898 Normalizing package list...
2025-04-14T20:05:42.1040081Z 20:05:42.103 done
2025-04-14T20:05:42.1065591Z 20:05:42.106 Validating action arguments (version='1', packages='quilt=0.66-2.1')...
2025-04-14T20:05:42.1090949Z 20:05:42.108 done
2025-04-14T20:05:42.1091165Z 
2025-04-14T20:05:42.1103318Z 20:05:42.110 Creating cache key...
2025-04-14T20:05:42.1115876Z 20:05:42.111 - Value to hash is 'quilt=0.66-2.1 @ 1 3'.
2025-04-14T20:05:42.1153117Z 20:05:42.115 - Value hashed as '87445ee6748e7bbe458c1ccd051ba936'.
2025-04-14T20:05:42.1166810Z 20:05:42.116 done
2025-04-14T20:05:42.1180617Z 20:05:42.117 Hash value written to /home/runner/cache-apt-pkgs/cache_key.md5
2025-04-14T20:05:42.1268223Z ##[group]Run actions/cache/restore@v4
2025-04-14T20:05:42.1268477Z with:
2025-04-14T20:05:42.1268666Z   path: ~/cache-apt-pkgs
2025-04-14T20:05:42.1268930Z   key: cache-apt-pkgs_87445ee6748e7bbe458c1ccd051ba936
2025-04-14T20:05:42.1269229Z   enableCrossOsArchive: false
2025-04-14T20:05:42.1269463Z   fail-on-cache-miss: false
2025-04-14T20:05:42.1269684Z   lookup-only: false
2025-04-14T20:05:42.1269874Z env:
2025-04-14T20:05:42.1270041Z   CODECOV_TOKEN: 
2025-04-14T20:05:42.1270238Z   DISABLE_V8_COMPILE_CACHE: 1
2025-04-14T20:05:42.1270493Z   CACHE_KEY: 87445ee6748e7bbe458c1ccd051ba936
2025-04-14T20:05:42.1270747Z ##[endgroup]
2025-04-14T20:05:42.5474237Z Cache hit for: cache-apt-pkgs_87445ee6748e7bbe458c1ccd051ba936
2025-04-14T20:05:43.6508370Z Received 1318148 of 1318148 (100.0%), 1.6 MBs/sec
2025-04-14T20:05:43.6508967Z Cache Size: ~1 MB (1318148 B)
2025-04-14T20:05:43.6534054Z [command]/usr/bin/tar -xf /home/runner/work/_temp/920c48c1-0d37-4c66-9fee-01d66cdaa91d/cache.tzst -P -C /home/runner/work/code-server/code-server --use-compress-program unzstd
2025-04-14T20:05:43.6640468Z Cache restored successfully
2025-04-14T20:05:43.6802244Z Cache restored from key: cache-apt-pkgs_87445ee6748e7bbe458c1ccd051ba936
2025-04-14T20:05:43.6891087Z ##[group]Run ${GITHUB_ACTION_PATH}/post_cache_action.sh \
2025-04-14T20:05:43.6891501Z [36;1m${GITHUB_ACTION_PATH}/post_cache_action.sh \[0m
2025-04-14T20:05:43.6891809Z [36;1m  ~/cache-apt-pkgs \[0m
2025-04-14T20:05:43.6892041Z [36;1m  / \[0m
2025-04-14T20:05:43.6892243Z [36;1m  "$CACHE_HIT" \[0m
2025-04-14T20:05:43.6892687Z [36;1m  "$EXEC_INSTALL_SCRIPTS" \[0m
2025-04-14T20:05:43.6892948Z [36;1m  "$DEBUG" \[0m
2025-04-14T20:05:43.6893160Z [36;1m  "$PACKAGES"[0m
2025-04-14T20:05:43.6893611Z [36;1mfunction create_list { local list=$(cat ~/cache-apt-pkgs/manifest_${1}.log | tr '\n' ','); echo ${list:0:-1}; };[0m
2025-04-14T20:05:43.6894441Z [36;1mecho "package-version-list=$(create_list main)" >> $GITHUB_OUTPUT[0m
2025-04-14T20:05:43.6894915Z [36;1mecho "all-package-version-list=$(create_list all)" >> $GITHUB_OUTPUT[0m
2025-04-14T20:05:43.6947392Z shell: /usr/bin/bash --noprofile --norc -e -o pipefail {0}
2025-04-14T20:05:43.6947730Z env:
2025-04-14T20:05:43.6947919Z   CODECOV_TOKEN: 
2025-04-14T20:05:43.6948132Z   DISABLE_V8_COMPILE_CACHE: 1
2025-04-14T20:05:43.6948390Z   CACHE_KEY: 87445ee6748e7bbe458c1ccd051ba936
2025-04-14T20:05:43.6948647Z   CACHE_HIT: true
2025-04-14T20:05:43.6948852Z   EXEC_INSTALL_SCRIPTS: false
2025-04-14T20:05:43.6949071Z   DEBUG: false
2025-04-14T20:05:43.6949262Z   PACKAGES: quilt
2025-04-14T20:05:43.6949453Z ##[endgroup]
2025-04-14T20:05:43.7139417Z 20:05:43.713 Found 7 files in the cache.
2025-04-14T20:05:43.7162316Z 20:05:43.716 - cache_key.md5
2025-04-14T20:05:43.7185533Z 20:05:43.718 - diffstat=1.64-1build2.tar
2025-04-14T20:05:43.7208584Z 20:05:43.720 - gettext=0.21-4ubuntu4.tar
2025-04-14T20:05:43.7231933Z 20:05:43.722 - install.log
2025-04-14T20:05:43.7254931Z 20:05:43.725 - manifest_all.log
2025-04-14T20:05:43.7277462Z 20:05:43.727 - manifest_main.log
2025-04-14T20:05:43.7300479Z 20:05:43.729 - quilt=0.66-2.1.tar
2025-04-14T20:05:43.7300803Z 
2025-04-14T20:05:43.7312911Z 20:05:43.731 Reading from main requested packages manifest...
2025-04-14T20:05:43.7357179Z 20:05:43.735 - quilt=0.66-2.1
2025-04-14T20:05:43.7368965Z 20:05:43.736 done
2025-04-14T20:05:43.7369217Z 
2025-04-14T20:05:43.7415880Z 20:05:43.741 Restoring 3 packages from cache...
2025-04-14T20:05:43.7439798Z 20:05:43.743 - diffstat=1.64-1build2.tar restoring...
2025-04-14T20:05:43.7535222Z 20:05:43.753   done
2025-04-14T20:05:43.7558558Z 20:05:43.755 - gettext=0.21-4ubuntu4.tar restoring...
2025-04-14T20:05:43.7710430Z 20:05:43.770   done
2025-04-14T20:05:43.7735282Z 20:05:43.773 - quilt=0.66-2.1.tar restoring...
2025-04-14T20:05:43.7888091Z 20:05:43.788   done
2025-04-14T20:05:43.7900103Z 20:05:43.789 done
2025-04-14T20:05:43.7902631Z 
2025-04-14T20:05:43.7992084Z ##[group]Run rm -rf ~/cache-apt-pkgs
2025-04-14T20:05:43.7992389Z [36;1mrm -rf ~/cache-apt-pkgs[0m
2025-04-14T20:05:43.8043652Z shell: /usr/bin/bash --noprofile --norc -e -o pipefail {0}
2025-04-14T20:05:43.8043988Z env:
2025-04-14T20:05:43.8044174Z   CODECOV_TOKEN: 
2025-04-14T20:05:43.8044386Z   DISABLE_V8_COMPILE_CACHE: 1
2025-04-14T20:05:43.8044652Z   CACHE_KEY: 87445ee6748e7bbe458c1ccd051ba936
2025-04-14T20:05:43.8044916Z ##[endgroup]
