2025-04-08T23:15:09.5696510Z Requested labels: ubuntu-latest
2025-04-08T23:15:09.5696749Z Job defined at: starship/starship/.github/workflows/format-workflow.yml@refs/pull/6677/merge
2025-04-08T23:15:09.5696840Z Waiting for a runner to pick up this job...
2025-04-08T23:15:10.3185446Z Job is waiting for a hosted runner to come online.
2025-04-08T23:15:13.8697750Z Job is about to start running on the hosted runner: GitHub Actions 33 (hosted)
2025-04-08T23:15:15.7487737Z Current runner version: '2.323.0'
2025-04-08T23:15:15.7513098Z ##[group]Operating System
2025-04-08T23:15:15.7513974Z Ubuntu
2025-04-08T23:15:15.7514638Z 24.04.2
2025-04-08T23:15:15.7515136Z LTS
2025-04-08T23:15:15.7515707Z ##[endgroup]
2025-04-08T23:15:15.7516301Z ##[group]Runner Image
2025-04-08T23:15:15.7516848Z Image: ubuntu-24.04
2025-04-08T23:15:15.7517463Z Version: 20250323.1.0
2025-04-08T23:15:15.7518913Z Included Software: https://github.com/actions/runner-images/blob/ubuntu24/20250323.1/images/ubuntu/Ubuntu2404-Readme.md
2025-04-08T23:15:15.7520834Z Image Release: https://github.com/actions/runner-images/releases/tag/ubuntu24%2F20250323.1
2025-04-08T23:15:15.7521802Z ##[endgroup]
2025-04-08T23:15:15.7522355Z ##[group]Runner Image Provisioner
2025-04-08T23:15:15.7522982Z 2.0.422.1
2025-04-08T23:15:15.7523514Z ##[endgroup]
2025-04-08T23:15:15.7525933Z ##[group]GITHUB_TOKEN Permissions
2025-04-08T23:15:15.7528243Z Actions: write
2025-04-08T23:15:15.7528953Z Attestations: write
2025-04-08T23:15:15.7529713Z Checks: write
2025-04-08T23:15:15.7530190Z Contents: write
2025-04-08T23:15:15.7530845Z Deployments: write
2025-04-08T23:15:15.7531373Z Discussions: write
2025-04-08T23:15:15.7531888Z Issues: write
2025-04-08T23:15:15.7532532Z Metadata: read
2025-04-08T23:15:15.7533054Z Models: read
2025-04-08T23:15:15.7533625Z Packages: write
2025-04-08T23:15:15.7534140Z Pages: write
2025-04-08T23:15:15.7534896Z PullRequests: write
2025-04-08T23:15:15.7535520Z RepositoryProjects: write
2025-04-08T23:15:15.7536140Z SecurityEvents: write
2025-04-08T23:15:15.7536710Z Statuses: write
2025-04-08T23:15:15.7537224Z ##[endgroup]
2025-04-08T23:15:15.7539574Z Secret source: Actions
2025-04-08T23:15:15.7540682Z Prepare workflow directory
2025-04-08T23:15:15.7942019Z Prepare all required actions
2025-04-08T23:15:15.7978996Z Getting action download info
2025-04-08T23:15:16.0110750Z ##[group]Download immutable action package 'actions/checkout@v4'
2025-04-08T23:15:16.0111732Z Version: 4.2.2
2025-04-08T23:15:16.0112651Z Digest: sha256:ccb2698953eaebd21c7bf6268a94f9c26518a7e38e27e0b83c1fe1ad049819b1
2025-04-08T23:15:16.0113770Z Source commit SHA: 11bd71901bbe5b1630ceea73d27597364c9af683
2025-04-08T23:15:16.0114621Z ##[endgroup]
2025-04-08T23:15:16.0980029Z ##[group]Download immutable action package 'actions/setup-node@v4'
2025-04-08T23:15:16.0980808Z Version: 4.3.0
2025-04-08T23:15:16.0981502Z Digest: sha256:9f9f8171ffc89cb7f6897e615e2b43b46bb55176fd279129eb0088157eace9b2
2025-04-08T23:15:16.0982675Z Source commit SHA: cdca7365b2dadb8aad0a33bc7601856ffabcc48e
2025-04-08T23:15:16.0983342Z ##[endgroup]
2025-04-08T23:15:16.2646548Z Complete job name: Vitepress [Build]
2025-04-08T23:15:16.3466829Z ##[group]Run actions/checkout@v4
2025-04-08T23:15:16.3468322Z with:
2025-04-08T23:15:16.3469189Z   repository: starship/starship
2025-04-08T23:15:16.3470591Z   token: ***
2025-04-08T23:15:16.3471436Z   ssh-strict: true
2025-04-08T23:15:16.3472276Z   ssh-user: git
2025-04-08T23:15:16.3473111Z   persist-credentials: true
2025-04-08T23:15:16.3474064Z   clean: true
2025-04-08T23:15:16.3475329Z   sparse-checkout-cone-mode: true
2025-04-08T23:15:16.3476385Z   fetch-depth: 1
2025-04-08T23:15:16.3477270Z   fetch-tags: false
2025-04-08T23:15:16.3478197Z   show-progress: true
2025-04-08T23:15:16.3479061Z   lfs: false
2025-04-08T23:15:16.3479804Z   submodules: false
2025-04-08T23:15:16.3480671Z   set-safe-directory: true
2025-04-08T23:15:16.3482038Z ##[endgroup]
2025-04-08T23:15:16.5259483Z Syncing repository: starship/starship
2025-04-08T23:15:16.5261376Z ##[group]Getting Git version info
2025-04-08T23:15:16.5262186Z Working directory is '/home/runner/work/starship/starship'
2025-04-08T23:15:16.5263338Z [command]/usr/bin/git version
2025-04-08T23:15:16.5333033Z git version 2.49.0
2025-04-08T23:15:16.5361858Z ##[endgroup]
2025-04-08T23:15:16.5376168Z Temporarily overriding HOME='/home/runner/work/_temp/a985d397-7889-4d50-b0ff-04ddbf1a7160' before making global git config changes
2025-04-08T23:15:16.5377682Z Adding repository directory to the temporary git global config as a safe directory
2025-04-08T23:15:16.5381988Z [command]/usr/bin/git config --global --add safe.directory /home/runner/work/starship/starship
2025-04-08T23:15:16.5420463Z Deleting the contents of '/home/runner/work/starship/starship'
2025-04-08T23:15:16.5425159Z ##[group]Initializing the repository
2025-04-08T23:15:16.5430143Z [command]/usr/bin/git init /home/runner/work/starship/starship
2025-04-08T23:15:16.5502364Z hint: Using 'master' as the name for the initial branch. This default branch name
2025-04-08T23:15:16.5504123Z hint: is subject to change. To configure the initial branch name to use in all
2025-04-08T23:15:16.5505365Z hint: of your new repositories, which will suppress this warning, call:
2025-04-08T23:15:16.5506588Z hint:
2025-04-08T23:15:16.5507182Z hint: 	git config --global init.defaultBranch <name>
2025-04-08T23:15:16.5507806Z hint:
2025-04-08T23:15:16.5508409Z hint: Names commonly chosen instead of 'master' are 'main', 'trunk' and
2025-04-08T23:15:16.5509356Z hint: 'development'. The just-created branch can be renamed via this command:
2025-04-08T23:15:16.5510971Z hint:
2025-04-08T23:15:16.5511765Z hint: 	git branch -m <name>
2025-04-08T23:15:16.5513717Z Initialized empty Git repository in /home/runner/work/starship/starship/.git/
2025-04-08T23:15:16.5525366Z [command]/usr/bin/git remote add origin https://github.com/starship/starship
2025-04-08T23:15:16.5560265Z ##[endgroup]
2025-04-08T23:15:16.5561680Z ##[group]Disabling automatic garbage collection
2025-04-08T23:15:16.5565233Z [command]/usr/bin/git config --local gc.auto 0
2025-04-08T23:15:16.5595181Z ##[endgroup]
2025-04-08T23:15:16.5596675Z ##[group]Setting up auth
2025-04-08T23:15:16.5602926Z [command]/usr/bin/git config --local --name-only --get-regexp core\.sshCommand
2025-04-08T23:15:16.5635251Z [command]/usr/bin/git submodule foreach --recursive sh -c "git config --local --name-only --get-regexp 'core\.sshCommand' && git config --local --unset-all 'core.sshCommand' || :"
2025-04-08T23:15:16.5967510Z [command]/usr/bin/git config --local --name-only --get-regexp http\.https\:\/\/github\.com\/\.extraheader
2025-04-08T23:15:16.6002692Z [command]/usr/bin/git submodule foreach --recursive sh -c "git config --local --name-only --get-regexp 'http\.https\:\/\/github\.com\/\.extraheader' && git config --local --unset-all 'http.https://github.com/.extraheader' || :"
2025-04-08T23:15:16.6230262Z [command]/usr/bin/git config --local http.https://github.com/.extraheader AUTHORIZATION: basic ***
2025-04-08T23:15:16.6270814Z ##[endgroup]
2025-04-08T23:15:16.6272352Z ##[group]Fetching the repository
2025-04-08T23:15:16.6281393Z [command]/usr/bin/git -c protocol.version=2 fetch --no-tags --prune --no-recurse-submodules --depth=1 origin +639df15142cbdbe1edb969547819f8d0b51434db:refs/remotes/pull/6677/merge
2025-04-08T23:15:17.5056203Z From https://github.com/starship/starship
2025-04-08T23:15:17.5059263Z  * [new ref]         639df15142cbdbe1edb969547819f8d0b51434db -> pull/6677/merge
2025-04-08T23:15:17.5092608Z ##[endgroup]
2025-04-08T23:15:17.5094639Z ##[group]Determining the checkout info
2025-04-08T23:15:17.5096445Z ##[endgroup]
2025-04-08T23:15:17.5099375Z [command]/usr/bin/git sparse-checkout disable
2025-04-08T23:15:17.5142114Z [command]/usr/bin/git config --local --unset-all extensions.worktreeConfig
2025-04-08T23:15:17.5170872Z ##[group]Checking out the ref
2025-04-08T23:15:17.5174656Z [command]/usr/bin/git checkout --progress --force refs/remotes/pull/6677/merge
2025-04-08T23:15:17.6083787Z Note: switching to 'refs/remotes/pull/6677/merge'.
2025-04-08T23:15:17.6085354Z 
2025-04-08T23:15:17.6086411Z You are in 'detached HEAD' state. You can look around, make experimental
2025-04-08T23:15:17.6088835Z changes and commit them, and you can discard any commits you make in this
2025-04-08T23:15:17.6091330Z state without impacting any branches by switching back to a branch.
2025-04-08T23:15:17.6092839Z 
2025-04-08T23:15:17.6093819Z If you want to create a new branch to retain commits you create, you may
2025-04-08T23:15:17.6095557Z do so (now or later) by using -c with the switch command. Example:
2025-04-08T23:15:17.6096846Z 
2025-04-08T23:15:17.6097221Z   git switch -c <new-branch-name>
2025-04-08T23:15:17.6098162Z 
2025-04-08T23:15:17.6098730Z Or undo this operation with:
2025-04-08T23:15:17.6099332Z 
2025-04-08T23:15:17.6099633Z   git switch -
2025-04-08T23:15:17.6100083Z 
2025-04-08T23:15:17.6100881Z Turn off this advice by setting config variable advice.detachedHead to false
2025-04-08T23:15:17.6102116Z 
2025-04-08T23:15:17.6103538Z HEAD is now at 639df15 Merge b31092dabe6490221176f76911ea2c45b8887f85 into 6988b6b1e1d894583f0088e010a0f031c45545b2
2025-04-08T23:15:17.6108206Z ##[endgroup]
2025-04-08T23:15:17.6139869Z [command]/usr/bin/git log -1 --format=%H
2025-04-08T23:15:17.6163057Z 639df15142cbdbe1edb969547819f8d0b51434db
2025-04-08T23:15:17.6560594Z ##[group]Run actions/setup-node@v4
2025-04-08T23:15:17.6561809Z with:
2025-04-08T23:15:17.6562669Z   node-version: 20
2025-04-08T23:15:17.6563610Z   cache: npm
2025-04-08T23:15:17.6564807Z   cache-dependency-path: docs/package-lock.json
2025-04-08T23:15:17.6566185Z   always-auth: false
2025-04-08T23:15:17.6567153Z   check-latest: false
2025-04-08T23:15:17.6568396Z   token: ***
2025-04-08T23:15:17.6569257Z ##[endgroup]
2025-04-08T23:15:17.8306982Z Found in cache @ /opt/hostedtoolcache/node/20.19.0/x64
2025-04-08T23:15:17.8313576Z ##[group]Environment details
2025-04-08T23:15:20.8849689Z node: v20.19.0
2025-04-08T23:15:20.8850190Z npm: 10.8.2
2025-04-08T23:15:20.8871807Z yarn: 1.22.22
2025-04-08T23:15:20.8872727Z ##[endgroup]
2025-04-08T23:15:20.8873267Z [command]/opt/hostedtoolcache/node/20.19.0/x64/bin/npm config get cache
2025-04-08T23:15:21.3166033Z /home/runner/.npm
2025-04-08T23:15:21.4498843Z Cache hit for: node-cache-Linux-x64-npm-e630165b57b38a29a1f6eddc4dc0428247c439d502614c506f1a6849d5dc0944
2025-04-08T23:15:22.0823455Z Received 21398831 of 21398831 (100.0%), 39.3 MBs/sec
2025-04-08T23:15:22.0825402Z Cache Size: ~20 MB (21398831 B)
2025-04-08T23:15:22.0865526Z [command]/usr/bin/tar -xf /home/runner/work/_temp/f37a6060-a33c-4e02-8474-a49a710ed90c/cache.tzst -P -C /home/runner/work/starship/starship --use-compress-program unzstd
2025-04-08T23:15:22.1492155Z Cache restored successfully
2025-04-08T23:15:22.1541121Z Cache restored from key: node-cache-Linux-x64-npm-e630165b57b38a29a1f6eddc4dc0428247c439d502614c506f1a6849d5dc0944
2025-04-08T23:15:22.1703285Z ##[group]Run npm install
2025-04-08T23:15:22.1703614Z [36;1mnpm install[0m
2025-04-08T23:15:22.1758816Z shell: /usr/bin/bash -e {0}
2025-04-08T23:15:22.1759137Z ##[endgroup]
2025-04-08T23:15:24.9733677Z 
2025-04-08T23:15:24.9740661Z added 126 packages, and audited 127 packages in 3s
2025-04-08T23:15:24.9740971Z 
2025-04-08T23:15:24.9741188Z 38 packages are looking for funding
2025-04-08T23:15:24.9741484Z   run `npm fund` for details
2025-04-08T23:15:24.9855708Z 
2025-04-08T23:15:24.9856195Z 3 moderate severity vulnerabilities
2025-04-08T23:15:24.9856564Z 
2025-04-08T23:15:24.9856995Z To address all issues (including breaking changes), run:
2025-04-08T23:15:24.9857623Z   npm audit fix --force
2025-04-08T23:15:24.9857876Z 
2025-04-08T23:15:24.9858078Z Run `npm audit` for details.
2025-04-08T23:15:25.0064201Z ##[group]Run npm run build
2025-04-08T23:15:25.0064845Z [36;1mnpm run build[0m
2025-04-08T23:15:25.0111589Z shell: /usr/bin/bash -e {0}
2025-04-08T23:15:25.0111853Z ##[endgroup]
2025-04-08T23:15:25.1232365Z 
2025-04-08T23:15:25.1232668Z > build
2025-04-08T23:15:25.1232996Z > vitepress build
2025-04-08T23:15:25.1233156Z 
2025-04-08T23:15:25.6466488Z 
2025-04-08T23:15:25.6468108Z   [32m[1mvitepress[22m v1.6.3[39m
2025-04-08T23:15:25.6468519Z 
2025-04-08T23:15:25.6547693Z - building client + server bundles...
2025-04-08T23:15:47.0881134Z [32m✓[0m building client + server bundles...
2025-04-08T23:15:47.1056421Z - rendering pages...
2025-04-08T23:15:49.8616110Z [32m✓[0m rendering pages...
2025-04-08T23:15:49.8825123Z - generating sitemap...
2025-04-08T23:15:49.8874696Z [32m✓[0m generating sitemap...
2025-04-08T23:15:49.8884670Z build complete in 24.31s.
2025-04-08T23:15:50.1174532Z Post job cleanup.
2025-04-08T23:15:50.2682712Z Cache hit occurred on the primary key node-cache-Linux-x64-npm-e630165b57b38a29a1f6eddc4dc0428247c439d502614c506f1a6849d5dc0944, not saving cache.
2025-04-08T23:15:50.2805874Z Post job cleanup.
2025-04-08T23:15:50.3750279Z [command]/usr/bin/git version
2025-04-08T23:15:50.3793397Z git version 2.49.0
2025-04-08T23:15:50.3835369Z Temporarily overriding HOME='/home/runner/work/_temp/4317b002-3bec-4959-83fb-c04b023c1b43' before making global git config changes
2025-04-08T23:15:50.3836309Z Adding repository directory to the temporary git global config as a safe directory
2025-04-08T23:15:50.3840868Z [command]/usr/bin/git config --global --add safe.directory /home/runner/work/starship/starship
2025-04-08T23:15:50.3874981Z [command]/usr/bin/git config --local --name-only --get-regexp core\.sshCommand
2025-04-08T23:15:50.3908385Z [command]/usr/bin/git submodule foreach --recursive sh -c "git config --local --name-only --get-regexp 'core\.sshCommand' && git config --local --unset-all 'core.sshCommand' || :"
2025-04-08T23:15:50.4140689Z [command]/usr/bin/git config --local --name-only --get-regexp http\.https\:\/\/github\.com\/\.extraheader
2025-04-08T23:15:50.4161972Z http.https://github.com/.extraheader
2025-04-08T23:15:50.4175675Z [command]/usr/bin/git config --local --unset-all http.https://github.com/.extraheader
2025-04-08T23:15:50.4206998Z [command]/usr/bin/git submodule foreach --recursive sh -c "git config --local --name-only --get-regexp 'http\.https\:\/\/github\.com\/\.extraheader' && git config --local --unset-all 'http.https://github.com/.extraheader' || :"
2025-04-08T23:15:50.4548177Z Cleaning up orphan processes
