2025-04-08T07:08:28.6253608Z Requested labels: ubuntu-latest
2025-04-08T07:08:28.6253930Z Job defined at: starship/starship/.github/workflows/format-workflow.yml@refs/pull/6676/merge
2025-04-08T07:08:28.6254066Z Waiting for a runner to pick up this job...
2025-04-08T07:08:29.0784547Z Job is waiting for a hosted runner to come online.
2025-04-08T07:08:31.8855888Z Job is about to start running on the hosted runner: GitHub Actions 24 (hosted)
2025-04-08T07:08:33.4584401Z Current runner version: '2.323.0'
2025-04-08T07:08:33.4612937Z ##[group]Operating System
2025-04-08T07:08:33.4614336Z Ubuntu
2025-04-08T07:08:33.4615154Z 24.04.2
2025-04-08T07:08:33.4615923Z LTS
2025-04-08T07:08:33.4617008Z ##[endgroup]
2025-04-08T07:08:33.4617954Z ##[group]Runner Image
2025-04-08T07:08:33.4619046Z Image: ubuntu-24.04
2025-04-08T07:08:33.4620125Z Version: 20250323.1.0
2025-04-08T07:08:33.4622259Z Included Software: https://github.com/actions/runner-images/blob/ubuntu24/20250323.1/images/ubuntu/Ubuntu2404-Readme.md
2025-04-08T07:08:33.4624848Z Image Release: https://github.com/actions/runner-images/releases/tag/ubuntu24%2F20250323.1
2025-04-08T07:08:33.4626586Z ##[endgroup]
2025-04-08T07:08:33.4627595Z ##[group]Runner Image Provisioner
2025-04-08T07:08:33.4628824Z 2.0.422.1
2025-04-08T07:08:33.4629686Z ##[endgroup]
2025-04-08T07:08:33.4632776Z ##[group]GITHUB_TOKEN Permissions
2025-04-08T07:08:33.4635026Z Actions: read
2025-04-08T07:08:33.4635853Z Attestations: read
2025-04-08T07:08:33.4636511Z Checks: read
2025-04-08T07:08:33.4637004Z Contents: read
2025-04-08T07:08:33.4637614Z Deployments: read
2025-04-08T07:08:33.4638150Z Discussions: read
2025-04-08T07:08:33.4638733Z Issues: read
2025-04-08T07:08:33.4639229Z Metadata: read
2025-04-08T07:08:33.4639753Z Models: read
2025-04-08T07:08:33.4640295Z Packages: read
2025-04-08T07:08:33.4640842Z Pages: read
2025-04-08T07:08:33.4641354Z PullRequests: read
2025-04-08T07:08:33.4642214Z RepositoryProjects: read
2025-04-08T07:08:33.4642832Z SecurityEvents: read
2025-04-08T07:08:33.4643368Z Statuses: read
2025-04-08T07:08:33.4643948Z ##[endgroup]
2025-04-08T07:08:33.4646813Z Secret source: None
2025-04-08T07:08:33.4647922Z Prepare workflow directory
2025-04-08T07:08:33.5045085Z Prepare all required actions
2025-04-08T07:08:33.5081442Z Getting action download info
2025-04-08T07:08:33.6832173Z ##[group]Download immutable action package 'actions/checkout@v4'
2025-04-08T07:08:33.6833166Z Version: 4.2.2
2025-04-08T07:08:33.6834038Z Digest: sha256:ccb2698953eaebd21c7bf6268a94f9c26518a7e38e27e0b83c1fe1ad049819b1
2025-04-08T07:08:33.6835090Z Source commit SHA: 11bd71901bbe5b1630ceea73d27597364c9af683
2025-04-08T07:08:33.6835728Z ##[endgroup]
2025-04-08T07:08:33.7774469Z ##[group]Download immutable action package 'actions/setup-node@v4'
2025-04-08T07:08:33.7775194Z Version: 4.3.0
2025-04-08T07:08:33.7775864Z Digest: sha256:9f9f8171ffc89cb7f6897e615e2b43b46bb55176fd279129eb0088157eace9b2
2025-04-08T07:08:33.7776734Z Source commit SHA: cdca7365b2dadb8aad0a33bc7601856ffabcc48e
2025-04-08T07:08:33.7777359Z ##[endgroup]
2025-04-08T07:08:33.9355389Z Complete job name: Vitepress [Build]
2025-04-08T07:08:34.0169544Z ##[group]Run actions/checkout@v4
2025-04-08T07:08:34.0170582Z with:
2025-04-08T07:08:34.0171261Z   repository: starship/starship
2025-04-08T07:08:34.0172352Z   token: ***
2025-04-08T07:08:34.0172760Z   ssh-strict: true
2025-04-08T07:08:34.0173179Z   ssh-user: git
2025-04-08T07:08:34.0173598Z   persist-credentials: true
2025-04-08T07:08:34.0174071Z   clean: true
2025-04-08T07:08:34.0174523Z   sparse-checkout-cone-mode: true
2025-04-08T07:08:34.0175014Z   fetch-depth: 1
2025-04-08T07:08:34.0175419Z   fetch-tags: false
2025-04-08T07:08:34.0175824Z   show-progress: true
2025-04-08T07:08:34.0176247Z   lfs: false
2025-04-08T07:08:34.0176638Z   submodules: false
2025-04-08T07:08:34.0177059Z   set-safe-directory: true
2025-04-08T07:08:34.0177849Z ##[endgroup]
2025-04-08T07:08:34.2101448Z Syncing repository: starship/starship
2025-04-08T07:08:34.2103438Z ##[group]Getting Git version info
2025-04-08T07:08:34.2104171Z Working directory is '/home/runner/work/starship/starship'
2025-04-08T07:08:34.2105182Z [command]/usr/bin/git version
2025-04-08T07:08:34.2166896Z git version 2.49.0
2025-04-08T07:08:34.2194607Z ##[endgroup]
2025-04-08T07:08:34.2208295Z Temporarily overriding HOME='/home/runner/work/_temp/0af807a2-ecaf-4501-b49e-41901c695f83' before making global git config changes
2025-04-08T07:08:34.2209688Z Adding repository directory to the temporary git global config as a safe directory
2025-04-08T07:08:34.2213659Z [command]/usr/bin/git config --global --add safe.directory /home/runner/work/starship/starship
2025-04-08T07:08:34.2247974Z Deleting the contents of '/home/runner/work/starship/starship'
2025-04-08T07:08:34.2251944Z ##[group]Initializing the repository
2025-04-08T07:08:34.2255909Z [command]/usr/bin/git init /home/runner/work/starship/starship
2025-04-08T07:08:34.2328266Z hint: Using 'master' as the name for the initial branch. This default branch name
2025-04-08T07:08:34.2329396Z hint: is subject to change. To configure the initial branch name to use in all
2025-04-08T07:08:34.2330321Z hint: of your new repositories, which will suppress this warning, call:
2025-04-08T07:08:34.2331016Z hint:
2025-04-08T07:08:34.2331515Z hint: 	git config --global init.defaultBranch <name>
2025-04-08T07:08:34.2332348Z hint:
2025-04-08T07:08:34.2332911Z hint: Names commonly chosen instead of 'master' are 'main', 'trunk' and
2025-04-08T07:08:34.2334130Z hint: 'development'. The just-created branch can be renamed via this command:
2025-04-08T07:08:34.2335123Z hint:
2025-04-08T07:08:34.2335521Z hint: 	git branch -m <name>
2025-04-08T07:08:34.2336242Z Initialized empty Git repository in /home/runner/work/starship/starship/.git/
2025-04-08T07:08:34.2345330Z [command]/usr/bin/git remote add origin https://github.com/starship/starship
2025-04-08T07:08:34.2378807Z ##[endgroup]
2025-04-08T07:08:34.2379807Z ##[group]Disabling automatic garbage collection
2025-04-08T07:08:34.2383617Z [command]/usr/bin/git config --local gc.auto 0
2025-04-08T07:08:34.2412314Z ##[endgroup]
2025-04-08T07:08:34.2413049Z ##[group]Setting up auth
2025-04-08T07:08:34.2419090Z [command]/usr/bin/git config --local --name-only --get-regexp core\.sshCommand
2025-04-08T07:08:34.2450953Z [command]/usr/bin/git submodule foreach --recursive sh -c "git config --local --name-only --get-regexp 'core\.sshCommand' && git config --local --unset-all 'core.sshCommand' || :"
2025-04-08T07:08:34.2773291Z [command]/usr/bin/git config --local --name-only --get-regexp http\.https\:\/\/github\.com\/\.extraheader
2025-04-08T07:08:34.2805156Z [command]/usr/bin/git submodule foreach --recursive sh -c "git config --local --name-only --get-regexp 'http\.https\:\/\/github\.com\/\.extraheader' && git config --local --unset-all 'http.https://github.com/.extraheader' || :"
2025-04-08T07:08:34.3040830Z [command]/usr/bin/git config --local http.https://github.com/.extraheader AUTHORIZATION: basic ***
2025-04-08T07:08:34.3078172Z ##[endgroup]
2025-04-08T07:08:34.3079330Z ##[group]Fetching the repository
2025-04-08T07:08:34.3089190Z [command]/usr/bin/git -c protocol.version=2 fetch --no-tags --prune --no-recurse-submodules --depth=1 origin +71756888f0583075a62723698a40582bae89709d:refs/remotes/pull/6676/merge
2025-04-08T07:08:35.1883945Z From https://github.com/starship/starship
2025-04-08T07:08:35.1885704Z  * [new ref]         71756888f0583075a62723698a40582bae89709d -> pull/6676/merge
2025-04-08T07:08:35.1913988Z ##[endgroup]
2025-04-08T07:08:35.1917430Z ##[group]Determining the checkout info
2025-04-08T07:08:35.1919441Z ##[endgroup]
2025-04-08T07:08:35.1920882Z [command]/usr/bin/git sparse-checkout disable
2025-04-08T07:08:35.1964915Z [command]/usr/bin/git config --local --unset-all extensions.worktreeConfig
2025-04-08T07:08:35.1991851Z ##[group]Checking out the ref
2025-04-08T07:08:35.1995507Z [command]/usr/bin/git checkout --progress --force refs/remotes/pull/6676/merge
2025-04-08T07:08:35.2907846Z Note: switching to 'refs/remotes/pull/6676/merge'.
2025-04-08T07:08:35.2909238Z 
2025-04-08T07:08:35.2910272Z You are in 'detached HEAD' state. You can look around, make experimental
2025-04-08T07:08:35.2912934Z changes and commit them, and you can discard any commits you make in this
2025-04-08T07:08:35.2915421Z state without impacting any branches by switching back to a branch.
2025-04-08T07:08:35.2916921Z 
2025-04-08T07:08:35.2917764Z If you want to create a new branch to retain commits you create, you may
2025-04-08T07:08:35.2919253Z do so (now or later) by using -c with the switch command. Example:
2025-04-08T07:08:35.2920417Z 
2025-04-08T07:08:35.2920864Z   git switch -c <new-branch-name>
2025-04-08T07:08:35.2921963Z 
2025-04-08T07:08:35.2922370Z Or undo this operation with:
2025-04-08T07:08:35.2922930Z 
2025-04-08T07:08:35.2923233Z   git switch -
2025-04-08T07:08:35.2923669Z 
2025-04-08T07:08:35.2924434Z Turn off this advice by setting config variable advice.detachedHead to false
2025-04-08T07:08:35.2925640Z 
2025-04-08T07:08:35.2927028Z HEAD is now at 7175688 Merge f6f54cfc235e81a567219a23ea4e1b1533983edf into 6988b6b1e1d894583f0088e010a0f031c45545b2
2025-04-08T07:08:35.2931425Z ##[endgroup]
2025-04-08T07:08:35.2962552Z [command]/usr/bin/git log -1 --format=%H
2025-04-08T07:08:35.2984430Z 71756888f0583075a62723698a40582bae89709d
2025-04-08T07:08:35.3376269Z ##[group]Run actions/setup-node@v4
2025-04-08T07:08:35.3377482Z with:
2025-04-08T07:08:35.3378344Z   node-version: 20
2025-04-08T07:08:35.3379267Z   cache: npm
2025-04-08T07:08:35.3380305Z   cache-dependency-path: docs/package-lock.json
2025-04-08T07:08:35.3381819Z   always-auth: false
2025-04-08T07:08:35.3382799Z   check-latest: false
2025-04-08T07:08:35.3384069Z   token: ***
2025-04-08T07:08:35.3384933Z ##[endgroup]
2025-04-08T07:08:35.5098192Z Found in cache @ /opt/hostedtoolcache/node/20.19.0/x64
2025-04-08T07:08:35.5104478Z ##[group]Environment details
2025-04-08T07:08:35.8502021Z node: v20.19.0
2025-04-08T07:08:35.8503588Z npm: 10.8.2
2025-04-08T07:08:35.8504897Z yarn: 1.22.22
2025-04-08T07:08:35.8507395Z ##[endgroup]
2025-04-08T07:08:35.8527828Z [command]/opt/hostedtoolcache/node/20.19.0/x64/bin/npm config get cache
2025-04-08T07:08:35.9757607Z /home/runner/.npm
2025-04-08T07:08:36.1061206Z Cache hit for: node-cache-Linux-x64-npm-e630165b57b38a29a1f6eddc4dc0428247c439d502614c506f1a6849d5dc0944
2025-04-08T07:08:36.3407876Z Received 21398831 of 21398831 (100.0%), 100.5 MBs/sec
2025-04-08T07:08:36.3408674Z Cache Size: ~20 MB (21398831 B)
2025-04-08T07:08:36.3477175Z [command]/usr/bin/tar -xf /home/runner/work/_temp/f5fa95dc-1320-4c62-84d7-0dd0e5a455ad/cache.tzst -P -C /home/runner/work/starship/starship --use-compress-program unzstd
2025-04-08T07:08:36.4216220Z Cache restored successfully
2025-04-08T07:08:36.4283538Z Cache restored from key: node-cache-Linux-x64-npm-e630165b57b38a29a1f6eddc4dc0428247c439d502614c506f1a6849d5dc0944
2025-04-08T07:08:36.4432914Z ##[group]Run npm install
2025-04-08T07:08:36.4433297Z [36;1mnpm install[0m
2025-04-08T07:08:36.4485550Z shell: /usr/bin/bash -e {0}
2025-04-08T07:08:36.4485877Z ##[endgroup]
2025-04-08T07:08:38.3813911Z 
2025-04-08T07:08:38.3820067Z added 126 packages, and audited 127 packages in 2s
2025-04-08T07:08:38.3820458Z 
2025-04-08T07:08:38.3820654Z 38 packages are looking for funding
2025-04-08T07:08:38.3820973Z   run `npm fund` for details
2025-04-08T07:08:38.3920371Z 
2025-04-08T07:08:38.3920921Z 3 moderate severity vulnerabilities
2025-04-08T07:08:38.3921304Z 
2025-04-08T07:08:38.3921814Z To address all issues (including breaking changes), run:
2025-04-08T07:08:38.3922222Z   npm audit fix --force
2025-04-08T07:08:38.3922392Z 
2025-04-08T07:08:38.3922532Z Run `npm audit` for details.
2025-04-08T07:08:38.4119698Z ##[group]Run npm run build
2025-04-08T07:08:38.4119998Z [36;1mnpm run build[0m
2025-04-08T07:08:38.4169300Z shell: /usr/bin/bash -e {0}
2025-04-08T07:08:38.4169552Z ##[endgroup]
2025-04-08T07:08:38.5257337Z 
2025-04-08T07:08:38.5257892Z > build
2025-04-08T07:08:38.5258466Z > vitepress build
2025-04-08T07:08:38.5258750Z 
2025-04-08T07:08:38.8466654Z 
2025-04-08T07:08:38.8467488Z   [32m[1mvitepress[22m v1.6.3[39m
2025-04-08T07:08:38.8467867Z 
2025-04-08T07:08:38.8534176Z - building client + server bundles...
2025-04-08T07:08:59.6090399Z [32mâœ“[0m building client + server bundles...
2025-04-08T07:08:59.6263924Z - rendering pages...
2025-04-08T07:09:02.5670838Z [32mâœ“[0m rendering pages...
2025-04-08T07:09:02.5880838Z - generating sitemap...
2025-04-08T07:09:02.5926229Z [32mâœ“[0m generating sitemap...
2025-04-08T07:09:02.5935890Z build complete in 23.80s.
2025-04-08T07:09:02.8047764Z Post job cleanup.
2025-04-08T07:09:02.9545474Z Cache hit occurred on the primary key node-cache-Linux-x64-npm-e630165b57b38a29a1f6eddc4dc0428247c439d502614c506f1a6849d5dc0944, not saving cache.
2025-04-08T07:09:02.9665091Z Post job cleanup.
2025-04-08T07:09:03.0601776Z [command]/usr/bin/git version
2025-04-08T07:09:03.0637289Z git version 2.49.0
2025-04-08T07:09:03.0686723Z Temporarily overriding HOME='/home/runner/work/_temp/dccef006-fc0e-41fc-be7f-f0ad0e38aa78' before making global git config changes
2025-04-08T07:09:03.0687693Z Adding repository directory to the temporary git global config as a safe directory
2025-04-08T07:09:03.0691846Z [command]/usr/bin/git config --global --add safe.directory /home/runner/work/starship/starship
2025-04-08T07:09:03.0726741Z [command]/usr/bin/git config --local --name-only --get-regexp core\.sshCommand
2025-04-08T07:09:03.0759200Z [command]/usr/bin/git submodule foreach --recursive sh -c "git config --local --name-only --get-regexp 'core\.sshCommand' && git config --local --unset-all 'core.sshCommand' || :"
2025-04-08T07:09:03.0996107Z [command]/usr/bin/git config --local --name-only --get-regexp http\.https\:\/\/github\.com\/\.extraheader
2025-04-08T07:09:03.1019891Z http.https://github.com/.extraheader
2025-04-08T07:09:03.1037003Z [command]/usr/bin/git config --local --unset-all http.https://github.com/.extraheader
2025-04-08T07:09:03.1072821Z [command]/usr/bin/git submodule foreach --recursive sh -c "git config --local --name-only --get-regexp 'http\.https\:\/\/github\.com\/\.extraheader' && git config --local --unset-all 'http.https://github.com/.extraheader' || :"
2025-04-08T07:09:03.1441218Z Cleaning up orphan processes
