2025-04-15T08:27:14.0743508Z Requested labels: ubuntu-latest-8-cores
2025-04-15T08:27:14.0743750Z Job defined at: grafana/grafana/.github/workflows/pr-frontend-unit-tests.yml@refs/heads/main
2025-04-15T08:27:14.0743853Z Waiting for a runner to pick up this job...
2025-04-15T08:27:16.1003916Z Job is waiting for a runner from 'ubuntu-latest-8-cores' to come online.
2025-04-15T08:27:17.1547550Z Job is about to start running on the runner: ubuntu-latest-8-cores_11aaecf19406 (organization)
2025-04-15T08:27:21.2091532Z Current runner version: '2.323.0'
2025-04-15T08:27:21.2098217Z Runner name: 'ubuntu-latest-8-cores_11aaecf19406'
2025-04-15T08:27:21.2099240Z Runner group name: 'GitHub Hosted larger and non-default runners'
2025-04-15T08:27:21.2100323Z Machine name: 'runner'
2025-04-15T08:27:21.2118250Z ##[group]Operating System
2025-04-15T08:27:21.2119019Z Ubuntu
2025-04-15T08:27:21.2119575Z 24.04.2
2025-04-15T08:27:21.2120096Z LTS
2025-04-15T08:27:21.2120544Z ##[endgroup]
2025-04-15T08:27:21.2121113Z ##[group]Runner Image
2025-04-15T08:27:21.2121723Z Image: ubuntu-24.04
2025-04-15T08:27:21.2122271Z Version: 20250406.1.0
2025-04-15T08:27:21.2123382Z Included Software: https://github.com/actions/runner-images/blob/ubuntu24/20250406.1/images/ubuntu/Ubuntu2404-Readme.md
2025-04-15T08:27:21.2124812Z Image Release: https://github.com/actions/runner-images/releases/tag/ubuntu24%2F20250406.1
2025-04-15T08:27:21.2125705Z ##[endgroup]
2025-04-15T08:27:21.2128345Z ##[group]GITHUB_TOKEN Permissions
2025-04-15T08:27:21.2130567Z Actions: write
2025-04-15T08:27:21.2131216Z Attestations: write
2025-04-15T08:27:21.2131773Z Checks: write
2025-04-15T08:27:21.2132364Z Contents: write
2025-04-15T08:27:21.2132895Z Deployments: write
2025-04-15T08:27:21.2133483Z Discussions: write
2025-04-15T08:27:21.2134006Z Issues: write
2025-04-15T08:27:21.2134550Z Metadata: read
2025-04-15T08:27:21.2135098Z Models: read
2025-04-15T08:27:21.2135629Z Packages: write
2025-04-15T08:27:21.2136183Z Pages: write
2025-04-15T08:27:21.2136698Z PullRequests: write
2025-04-15T08:27:21.2137441Z RepositoryProjects: write
2025-04-15T08:27:21.2138070Z SecurityEvents: write
2025-04-15T08:27:21.2138675Z Statuses: write
2025-04-15T08:27:21.2139215Z ##[endgroup]
2025-04-15T08:27:21.2142060Z Secret source: Actions
2025-04-15T08:27:21.2143311Z Prepare workflow directory
2025-04-15T08:27:21.2451976Z Prepare all required actions
2025-04-15T08:27:21.2492279Z Getting action download info
2025-04-15T08:27:21.8545404Z Download action repository 'actions/checkout@v4' (SHA:11bd71901bbe5b1630ceea73d27597364c9af683)
2025-04-15T08:27:21.9184043Z Download action repository 'actions/setup-node@v4' (SHA:49933ea5288caeca8642d1e84afbd3f7d6820020)
2025-04-15T08:27:22.4082413Z Complete job name: Unit tests (1 / 8)
2025-04-15T08:27:22.4872103Z ##[group]Run actions/checkout@v4
2025-04-15T08:27:22.4873029Z with:
2025-04-15T08:27:22.4873482Z   repository: grafana/grafana
2025-04-15T08:27:22.4874221Z   token: ***
2025-04-15T08:27:22.4874660Z   ssh-strict: true
2025-04-15T08:27:22.4875095Z   ssh-user: git
2025-04-15T08:27:22.4875547Z   persist-credentials: true
2025-04-15T08:27:22.4876086Z   clean: true
2025-04-15T08:27:22.4876545Z   sparse-checkout-cone-mode: true
2025-04-15T08:27:22.4877082Z   fetch-depth: 1
2025-04-15T08:27:22.4877695Z   fetch-tags: false
2025-04-15T08:27:22.4878168Z   show-progress: true
2025-04-15T08:27:22.4878656Z   lfs: false
2025-04-15T08:27:22.4879074Z   submodules: false
2025-04-15T08:27:22.4879530Z   set-safe-directory: true
2025-04-15T08:27:22.4880280Z ##[endgroup]
2025-04-15T08:27:22.5937021Z Syncing repository: grafana/grafana
2025-04-15T08:27:22.5939197Z ##[group]Getting Git version info
2025-04-15T08:27:22.5939965Z Working directory is '/home/runner/work/grafana/grafana'
2025-04-15T08:27:22.5941101Z [command]/usr/bin/git version
2025-04-15T08:27:22.5962979Z git version 2.49.0
2025-04-15T08:27:22.5989083Z ##[endgroup]
2025-04-15T08:27:22.6009984Z Temporarily overriding HOME='/home/runner/work/_temp/a17dee76-d110-4bb1-9313-f555ae62f802' before making global git config changes
2025-04-15T08:27:22.6011447Z Adding repository directory to the temporary git global config as a safe directory
2025-04-15T08:27:22.6014912Z [command]/usr/bin/git config --global --add safe.directory /home/runner/work/grafana/grafana
2025-04-15T08:27:22.6049511Z Deleting the contents of '/home/runner/work/grafana/grafana'
2025-04-15T08:27:22.6053412Z ##[group]Initializing the repository
2025-04-15T08:27:22.6057503Z [command]/usr/bin/git init /home/runner/work/grafana/grafana
2025-04-15T08:27:22.6117356Z hint: Using 'master' as the name for the initial branch. This default branch name
2025-04-15T08:27:22.6118880Z hint: is subject to change. To configure the initial branch name to use in all
2025-04-15T08:27:22.6119951Z hint: of your new repositories, which will suppress this warning, call:
2025-04-15T08:27:22.6120741Z hint:
2025-04-15T08:27:22.6121315Z hint: 	git config --global init.defaultBranch <name>
2025-04-15T08:27:22.6121989Z hint:
2025-04-15T08:27:22.6122627Z hint: Names commonly chosen instead of 'master' are 'main', 'trunk' and
2025-04-15T08:27:22.6123675Z hint: 'development'. The just-created branch can be renamed via this command:
2025-04-15T08:27:22.6124515Z hint:
2025-04-15T08:27:22.6124962Z hint: 	git branch -m <name>
2025-04-15T08:27:22.6125783Z Initialized empty Git repository in /home/runner/work/grafana/grafana/.git/
2025-04-15T08:27:22.6132661Z [command]/usr/bin/git remote add origin https://github.com/grafana/grafana
2025-04-15T08:27:22.6167755Z ##[endgroup]
2025-04-15T08:27:22.6168719Z ##[group]Disabling automatic garbage collection
2025-04-15T08:27:22.6171684Z [command]/usr/bin/git config --local gc.auto 0
2025-04-15T08:27:22.6200736Z ##[endgroup]
2025-04-15T08:27:22.6201493Z ##[group]Setting up auth
2025-04-15T08:27:22.6207661Z [command]/usr/bin/git config --local --name-only --get-regexp core\.sshCommand
2025-04-15T08:27:22.6238139Z [command]/usr/bin/git submodule foreach --recursive sh -c "git config --local --name-only --get-regexp 'core\.sshCommand' && git config --local --unset-all 'core.sshCommand' || :"
2025-04-15T08:27:22.6515825Z [command]/usr/bin/git config --local --name-only --get-regexp http\.https\:\/\/github\.com\/\.extraheader
2025-04-15T08:27:22.6545044Z [command]/usr/bin/git submodule foreach --recursive sh -c "git config --local --name-only --get-regexp 'http\.https\:\/\/github\.com\/\.extraheader' && git config --local --unset-all 'http.https://github.com/.extraheader' || :"
2025-04-15T08:27:22.6773898Z [command]/usr/bin/git config --local http.https://github.com/.extraheader AUTHORIZATION: basic ***
2025-04-15T08:27:22.6810437Z ##[endgroup]
2025-04-15T08:27:22.6811280Z ##[group]Fetching the repository
2025-04-15T08:27:22.6819384Z [command]/usr/bin/git -c protocol.version=2 fetch --no-tags --prune --no-recurse-submodules --depth=1 origin +8e63782e5b58f4a0323ef73b747778e88e639abf:refs/remotes/origin/main
2025-04-15T08:27:26.4254270Z From https://github.com/grafana/grafana
2025-04-15T08:27:26.4255457Z  * [new ref]           8e63782e5b58f4a0323ef73b747778e88e639abf -> origin/main
2025-04-15T08:27:26.4536401Z ##[endgroup]
2025-04-15T08:27:26.4536889Z ##[group]Determining the checkout info
2025-04-15T08:27:26.4538206Z ##[endgroup]
2025-04-15T08:27:26.4542780Z [command]/usr/bin/git sparse-checkout disable
2025-04-15T08:27:26.4582683Z [command]/usr/bin/git config --local --unset-all extensions.worktreeConfig
2025-04-15T08:27:26.4611206Z ##[group]Checking out the ref
2025-04-15T08:27:26.4615392Z [command]/usr/bin/git checkout --progress --force -B main refs/remotes/origin/main
2025-04-15T08:27:27.4946521Z Updating files:  98% (16897/17143)
2025-04-15T08:27:27.5383000Z Updating files:  99% (16972/17143)
2025-04-15T08:27:27.5383713Z Updating files: 100% (17143/17143)
2025-04-15T08:27:27.5384376Z Updating files: 100% (17143/17143), done.
2025-04-15T08:27:27.5586283Z Switched to a new branch 'main'
2025-04-15T08:27:27.5589856Z branch 'main' set up to track 'origin/main'.
2025-04-15T08:27:27.5622413Z ##[endgroup]
2025-04-15T08:27:27.5661370Z [command]/usr/bin/git log -1 --format=%H
2025-04-15T08:27:27.5684714Z 8e63782e5b58f4a0323ef73b747778e88e639abf
2025-04-15T08:27:27.5987010Z ##[group]Run actions/setup-node@v4
2025-04-15T08:27:27.5987509Z with:
2025-04-15T08:27:27.5987712Z   node-version-file: .nvmrc
2025-04-15T08:27:27.5987937Z   cache: yarn
2025-04-15T08:27:27.5988148Z   cache-dependency-path: yarn.lock
2025-04-15T08:27:27.5988406Z   always-auth: false
2025-04-15T08:27:27.5988615Z   check-latest: false
2025-04-15T08:27:27.5989057Z   token: ***
2025-04-15T08:27:27.5989259Z ##[endgroup]
2025-04-15T08:27:27.7617099Z Node version file is not JSON file
2025-04-15T08:27:27.7617812Z Resolved .nvmrc as 22.11.0
2025-04-15T08:27:27.7632313Z Attempting to download 22.11.0...
2025-04-15T08:27:28.2004217Z Acquiring 22.11.0 - x64 from https://github.com/actions/node-versions/releases/download/22.11.0-11593095476/node-22.11.0-linux-x64.tar.gz
2025-04-15T08:27:28.8681404Z Extracting ...
2025-04-15T08:27:28.8780258Z [command]/usr/bin/tar xz --strip 1 --warning=no-unknown-keyword --overwrite -C /home/runner/work/_temp/a15c81b2-b7de-471b-87fa-d154036e5551 -f /home/runner/work/_temp/57f59d35-5823-4a3b-b15c-28e92953e534
2025-04-15T08:27:29.9790365Z Adding to the cache ...
2025-04-15T08:27:31.6497640Z ##[group]Environment details
2025-04-15T08:27:32.0473038Z node: v22.11.0
2025-04-15T08:27:32.0473466Z npm: 10.9.0
2025-04-15T08:27:32.0473770Z yarn: 4.6.0
2025-04-15T08:27:32.0474483Z ##[endgroup]
2025-04-15T08:27:32.0535650Z [command]/usr/local/bin/yarn --version
2025-04-15T08:27:32.3479448Z 4.6.0
2025-04-15T08:27:32.3694230Z [command]/usr/local/bin/yarn config get cacheFolder
2025-04-15T08:27:32.6629360Z /home/runner/work/grafana/grafana/.yarn/cache
2025-04-15T08:27:32.6861119Z [command]/usr/local/bin/yarn config get enableGlobalCache
2025-04-15T08:27:32.9843894Z [33mfalse[39m
2025-04-15T08:27:33.0012583Z All dependencies are managed locally by yarn3, the previous cache can be used
2025-04-15T08:27:33.2241894Z Cache hit for: node-cache-Linux-x64-yarn-bd22c6c85f08cfa61a4624edb1d79fd3579c670895e7e5461b7d1430e7f8657a
2025-04-15T08:27:34.5249676Z Received 4194304 of 300062856 (1.4%), 4.0 MBs/sec
2025-04-15T08:27:35.6005579Z Received 134217728 of 300062856 (44.7%), 61.6 MBs/sec
2025-04-15T08:27:36.6928709Z Received 268435456 of 300062856 (89.5%), 80.8 MBs/sec
2025-04-15T08:27:37.0445300Z Received 300062856 of 300062856 (100.0%), 81.2 MBs/sec
2025-04-15T08:27:37.0446341Z Cache Size: ~286 MB (300062856 B)
2025-04-15T08:27:37.0498342Z [command]/usr/bin/tar -xf /home/runner/work/_temp/7de37796-9ce7-46fe-9156-c00a58cc41ef/cache.tzst -P -C /home/runner/work/grafana/grafana --use-compress-program unzstd
2025-04-15T08:27:37.5084583Z Cache restored successfully
2025-04-15T08:27:37.5709799Z Cache restored from key: node-cache-Linux-x64-yarn-5f11c01992aa082720064fc20c299a715de1cf24fb244d92c95f77302cff1b5f
2025-04-15T08:27:37.5872407Z ##[group]Run yarn install --immutable --check-cache
2025-04-15T08:27:37.5872843Z [36;1myarn install --immutable --check-cache[0m
2025-04-15T08:27:37.5926995Z shell: /usr/bin/bash -e {0}
2025-04-15T08:27:37.5927500Z ##[endgroup]
2025-04-15T08:27:38.0990363Z [94m➤[39m YN0000: · Yarn 4.6.0
2025-04-15T08:27:38.1108313Z [94m➤[39m [90mYN0000[39m: ┌ Resolution step
2025-04-15T08:27:38.1108937Z ##[group]Resolution step
2025-04-15T08:27:38.7245685Z ##[endgroup]
2025-04-15T08:27:38.7247031Z [94m➤[39m [90mYN0000[39m: └ Completed in 0s 614ms
2025-04-15T08:27:38.7268505Z [94m➤[39m [90mYN0000[39m: ┌ Post-resolution validation
2025-04-15T08:27:38.7269437Z ##[group]Post-resolution validation
2025-04-15T08:27:38.7272607Z [93m➤[39m YN0060: │ [38;5;166m@grafana/[39m[38;5;173mdata[39m is listed by your project with version [38;5;111m12.0.0-pre[39m ([38;5;111mp18fe6[39m), which doesn't satisfy what [38;5;166m@grafana/[39m[38;5;173mgoogle-sdk[39m and other dependencies request ([91mbut they have non-overlapping ranges![39m).
2025-04-15T08:27:38.7276388Z [93m➤[39m YN0060: │ [38;5;166m@grafana/[39m[38;5;173mdata[39m is listed by your project with version [38;5;111m12.0.0-pre[39m ([38;5;111mp26935[39m), which doesn't satisfy what [38;5;166m@grafana/[39m[38;5;173mgoogle-sdk[39m and other dependencies request ([91mbut they have non-overlapping ranges![39m).
2025-04-15T08:27:38.7280967Z [93m➤[39m YN0060: │ [38;5;166m@grafana/[39m[38;5;173me2e-selectors[39m is listed by your project with version [38;5;111m12.0.0-pre[39m ([38;5;111mpc3c51[39m), which doesn't satisfy what [38;5;166m@grafana/[39m[38;5;173mscenes-react[39m and other dependencies request ([38;5;37m^11.0.0[39m).
2025-04-15T08:27:38.7284119Z [93m➤[39m YN0060: │ [38;5;166m@grafana/[39m[38;5;173mruntime[39m is listed by your project with version [38;5;111m12.0.0-pre[39m ([38;5;111mp007e0[39m), which doesn't satisfy what [38;5;166m@grafana/[39m[38;5;173msql[39m and other dependencies request ([91mbut they have non-overlapping ranges![39m).
2025-04-15T08:27:38.7286320Z [93m➤[39m YN0060: │ [38;5;166m@grafana/[39m[38;5;173mruntime[39m is listed by your project with version [38;5;111m12.0.0-pre[39m ([38;5;111mp1034d[39m), which doesn't satisfy what [38;5;166m@grafana/[39m[38;5;173msql[39m and other dependencies request ([91mbut they have non-overlapping ranges![39m).
2025-04-15T08:27:38.7288744Z [93m➤[39m YN0060: │ [38;5;166m@grafana/[39m[38;5;173mruntime[39m is listed by your project with version [38;5;111m12.0.0-pre[39m ([38;5;111mp6708e[39m), which doesn't satisfy what [38;5;166m@grafana/[39m[38;5;173msql[39m and other dependencies request ([91mbut they have non-overlapping ranges![39m).
2025-04-15T08:27:38.7291910Z [93m➤[39m YN0060: │ [38;5;166m@grafana/[39m[38;5;173mruntime[39m is listed by your project with version [38;5;111m12.0.0-pre[39m ([38;5;111mpd4ce2[39m), which doesn't satisfy what [38;5;166m@grafana/[39m[38;5;173mllm[39m and other dependencies request ([91mbut they have non-overlapping ranges![39m).
2025-04-15T08:27:38.7295954Z [93m➤[39m YN0060: │ [38;5;166m@grafana/[39m[38;5;173mschema[39m is listed by your project with version [38;5;111m12.0.0-pre[39m ([38;5;111mpee59c[39m), which doesn't satisfy what [38;5;166m@grafana/[39m[38;5;173mscenes-react[39m and other dependencies request ([38;5;37m^11.0.0[39m).
2025-04-15T08:27:38.7300307Z [93m➤[39m YN0060: │ [38;5;166m@grafana/[39m[38;5;173mui[39m is listed by your project with version [38;5;111m12.0.0-pre[39m ([38;5;111mp1dfda[39m), which doesn't satisfy what [38;5;166m@grafana/[39m[38;5;173mgoogle-sdk[39m and other dependencies request ([91mbut they have non-overlapping ranges![39m).
2025-04-15T08:27:38.7305073Z [93m➤[39m YN0060: │ [38;5;166m@grafana/[39m[38;5;173mui[39m is listed by your project with version [38;5;111m12.0.0-pre[39m ([38;5;111mpc3434[39m), which doesn't satisfy what [38;5;166m@grafana/[39m[38;5;173mgoogle-sdk[39m and other dependencies request ([91mbut they have non-overlapping ranges![39m).
2025-04-15T08:27:38.7309573Z [93m➤[39m YN0060: │ [38;5;166m@testing-library/[39m[38;5;173mdom[39m is listed by your project with version [38;5;111m10.4.0[39m ([38;5;111mp64a44[39m), which doesn't satisfy what [38;5;173mtesting-library-selector[39m and other dependencies request ([91mbut they have non-overlapping ranges![39m).
2025-04-15T08:27:38.7313708Z [93m➤[39m YN0060: │ [38;5;173meslint[39m is listed by your project with version [38;5;111m9.19.0[39m ([38;5;111mpa7fd0[39m), which doesn't satisfy what [38;5;166m@emotion/[39m[38;5;173meslint-plugin[39m and other dependencies request ([91mbut they have non-overlapping ranges![39m).
2025-04-15T08:27:38.7316891Z [93m➤[39m YN0060: │ [38;5;173mmarked[39m is listed by your project with version [38;5;111m15.0.6[39m ([38;5;111mp0def0[39m), which doesn't satisfy what [38;5;166m@glideapps/[39m[38;5;173mglide-data-grid[39m requests ([38;5;37m^4.0.10[39m).
2025-04-15T08:27:38.7320453Z [93m➤[39m YN0060: │ [38;5;173mmonaco-editor[39m is listed by your project with version [38;5;111m0.34.1[39m ([38;5;111mp650cc[39m), which doesn't satisfy what [38;5;166m@kusto/[39m[38;5;173mmonaco-kusto[39m requests ([38;5;37m~0.46.0[39m).
2025-04-15T08:27:38.7323790Z [93m➤[39m YN0060: │ [38;5;173mmonaco-editor[39m is listed by your project with version [38;5;111m0.34.1[39m ([38;5;111mp7caec[39m), which doesn't satisfy what [38;5;166m@grafana/[39m[38;5;173mmonaco-logql[39m requests ([38;5;37m~0.32.1[39m).
2025-04-15T08:27:38.7327705Z [93m➤[39m YN0060: │ [38;5;173mmonaco-editor[39m is listed by your project with version [38;5;111m0.34.1[39m ([38;5;111mp91be2[39m), which doesn't satisfy what [38;5;166m@grafana/[39m[38;5;173mmonaco-logql[39m and other dependencies request ([91mbut they have non-overlapping ranges![39m).
2025-04-15T08:27:38.7332087Z [93m➤[39m YN0060: │ [38;5;173mreact[39m is listed by your project with version [38;5;111m18.3.1[39m ([38;5;111mp05c4c[39m), which doesn't satisfy what [38;5;166m@grafana/[39m[38;5;173mgoogle-sdk[39m and other dependencies request ([91mbut they have non-overlapping ranges![39m).
2025-04-15T08:27:38.7335937Z [93m➤[39m YN0060: │ [38;5;173mreact[39m is listed by your project with version [38;5;111m18.3.1[39m ([38;5;111mp49274[39m), which doesn't satisfy what [38;5;166m@grafana/[39m[38;5;173mgoogle-sdk[39m and other dependencies request ([91mbut they have non-overlapping ranges![39m).
2025-04-15T08:27:38.7340087Z [93m➤[39m YN0060: │ [38;5;173mreact-dom[39m is listed by your project with version [38;5;111m18.3.1[39m ([38;5;111mp9b326[39m), which doesn't satisfy what [38;5;166m@grafana/[39m[38;5;173mgoogle-sdk[39m and other dependencies request ([91mbut they have non-overlapping ranges![39m).
2025-04-15T08:27:38.7344073Z [93m➤[39m YN0060: │ [38;5;173mreact-dom[39m is listed by your project with version [38;5;111m18.3.1[39m ([38;5;111mpa4a01[39m), which doesn't satisfy what [38;5;166m@grafana/[39m[38;5;173mgoogle-sdk[39m and other dependencies request ([91mbut they have non-overlapping ranges![39m).
2025-04-15T08:27:38.7348298Z [93m➤[39m YN0060: │ [38;5;173mreact-router-dom[39m is listed by your project with version [38;5;111m5.3.4[39m ([38;5;111mp5e98b[39m), which doesn't satisfy what [38;5;166m@grafana/[39m[38;5;173mscenes-react[39m and other dependencies request ([91mbut they have non-overlapping ranges![39m).
2025-04-15T08:27:38.7352734Z [93m➤[39m YN0060: │ [38;5;173mrollup[39m is listed by your project with version [38;5;111m4.26.0[39m ([38;5;111mp694e8[39m), which doesn't satisfy what [38;5;166m@rollup/[39m[38;5;173mpluginutils[39m (via [38;5;173mrollup-plugin-sourcemaps[39m) and other dependencies request ([91mbut they have non-overlapping ranges![39m).
2025-04-15T08:27:38.7356649Z [93m➤[39m YN0060: │ [38;5;173mrollup[39m is listed by your project with version [38;5;111m4.26.0[39m ([38;5;111mpbfde0[39m), which doesn't satisfy what [38;5;166m@rollup/[39m[38;5;173mpluginutils[39m (via [38;5;173mrollup-plugin-sourcemaps[39m) and other dependencies request ([91mbut they have non-overlapping ranges![39m).
2025-04-15T08:27:38.7361556Z [93m➤[39m YN0060: │ [38;5;173mrollup[39m is listed by your project with version [38;5;111m4.26.0[39m ([38;5;111mpdf3b2[39m), which doesn't satisfy what [38;5;166m@rollup/[39m[38;5;173mpluginutils[39m (via [38;5;173mrollup-plugin-sourcemaps[39m) and other dependencies request ([91mbut they have non-overlapping ranges![39m).
2025-04-15T08:27:38.7366506Z [93m➤[39m YN0002: │ [38;5;166m@grafana-plugins/[39m[38;5;173mgrafana-postgresql-datasource[39m[38;5;111m@[39m[38;5;111mworkspace:public/app/plugins/datasource/grafana-postgresql-datasource[39m doesn't provide [38;5;173mreact-dom[39m ([38;5;111mpdd2fa[39m), requested by [38;5;166m@grafana/[39m[38;5;173mplugin-ui[39m and other dependencies.
2025-04-15T08:27:38.7371482Z [93m➤[39m YN0002: │ [38;5;166m@grafana-plugins/[39m[38;5;173mmssql[39m[38;5;111m@[39m[38;5;111mworkspace:public/app/plugins/datasource/mssql[39m doesn't provide [38;5;173mreact-dom[39m ([38;5;111mpfb198[39m), requested by [38;5;166m@grafana/[39m[38;5;173mplugin-ui[39m and other dependencies.
2025-04-15T08:27:38.7375754Z [93m➤[39m YN0002: │ [38;5;166m@grafana-plugins/[39m[38;5;173mmysql[39m[38;5;111m@[39m[38;5;111mworkspace:public/app/plugins/datasource/mysql[39m doesn't provide [38;5;173mreact-dom[39m ([38;5;111mpab173[39m), requested by [38;5;166m@grafana/[39m[38;5;173mplugin-ui[39m and other dependencies.
2025-04-15T08:27:38.7380087Z [93m➤[39m YN0002: │ [38;5;166m@grafana/[39m[38;5;173meslint-plugin[39m[38;5;111m@[39m[38;5;111mworkspace:packages/grafana-eslint-rules[39m doesn't provide [38;5;173mtypescript[39m ([38;5;111mpd8d33[39m), requested by [38;5;166m@typescript-eslint/[39m[38;5;173mutils[39m.
2025-04-15T08:27:38.7384472Z [93m➤[39m YN0002: │ [38;5;166m@grafana/[39m[38;5;173mflamegraph[39m[38;5;111m@[39m[38;5;111mworkspace:packages/grafana-flamegraph[39m doesn't provide [38;5;173mreact-dom[39m ([38;5;111mp0bf7f[39m), requested by [38;5;166m@testing-library/[39m[38;5;173mreact[39m and other dependencies.
2025-04-15T08:27:38.7388775Z [93m➤[39m YN0002: │ [38;5;166m@grafana/[39m[38;5;173mo11y-ds-frontend[39m[38;5;111m@[39m[38;5;111mworkspace:packages/grafana-o11y-ds-frontend[39m doesn't provide [38;5;173mreact-dom[39m ([38;5;111mp13635[39m), requested by [38;5;166m@grafana/[39m[38;5;173mplugin-ui[39m and other dependencies.
2025-04-15T08:27:38.7391534Z [93m➤[39m YN0002: │ [38;5;166m@grafana/[39m[38;5;173mprometheus[39m[38;5;111m@[39m[38;5;111mworkspace:packages/grafana-prometheus [655a6][39m doesn't provide [38;5;166m@testing-library/[39m[38;5;173mdom[39m ([38;5;111mp9a3ab[39m), requested by [38;5;166m@testing-library/[39m[38;5;173mreact[39m and other dependencies.
2025-04-15T08:27:38.7393868Z [93m➤[39m YN0002: │ [38;5;166m@grafana/[39m[38;5;173mprometheus[39m[38;5;111m@[39m[38;5;111mworkspace:packages/grafana-prometheus[39m doesn't provide [38;5;166m@testing-library/[39m[38;5;173mdom[39m ([38;5;111mpe123d[39m), requested by [38;5;166m@testing-library/[39m[38;5;173mreact[39m and other dependencies.
2025-04-15T08:27:38.7395655Z [93m➤[39m YN0002: │ [38;5;173mgrafana[39m[38;5;111m@[39m[38;5;111mworkspace:.[39m doesn't provide [38;5;173mjspdf[39m ([38;5;111mp91d71[39m), requested by [38;5;166m@siedlerchr/[39m[38;5;173mtypes-ol-ext[39m.
2025-04-15T08:27:38.7397466Z [93m➤[39m YN0086: │ Some peer dependencies are incorrectly met by your project; run [38;5;111myarn explain peer-requirements <hash>[39m for details, where [38;5;111m<hash>[39m is the six-letter p-prefixed code.
2025-04-15T08:27:38.7398800Z [93m➤[39m YN0086: │ Some peer dependencies are incorrectly met by dependencies; run [38;5;111myarn explain peer-requirements[39m for details.
2025-04-15T08:27:38.7400226Z [93m➤[39m YN0068: │ [38;5;173mrc-trigger[39m ➤ [38;5;111mpeerDependencies[39m ➤ [38;5;173mreact[39m: No matching package in the dependency tree; you may not need this rule anymore.
2025-04-15T08:27:38.7401603Z [93m➤[39m YN0068: │ [38;5;173mrc-trigger[39m ➤ [38;5;111mpeerDependencies[39m ➤ [38;5;173mreact-dom[39m: No matching package in the dependency tree; you may not need this rule anymore.
2025-04-15T08:27:38.8116065Z ##[endgroup]
2025-04-15T08:27:38.8116834Z [94m➤[39m [90mYN0000[39m: └ Completed
2025-04-15T08:27:38.8117988Z [94m➤[39m [90mYN0000[39m: ┌ Fetch step
2025-04-15T08:27:38.8118609Z ##[group]Fetch step
2025-04-15T08:28:00.1116424Z [94m➤[39m YN0013: │ [38;5;220m17[39m packages were added to the project, and [38;5;220m20[39m were removed ([38;5;70m- 545.3 KiB[39m).
2025-04-15T08:28:00.1118105Z ##[endgroup]
2025-04-15T08:28:00.1118843Z [94m➤[39m [90mYN0000[39m: └ Completed in 21s 300ms
2025-04-15T08:28:00.1998507Z [94m➤[39m [90mYN0000[39m: ┌ Link step
2025-04-15T08:28:00.1999513Z ##[group]Link step
2025-04-15T08:28:38.7322219Z [94m➤[39m YN0007: │ [38;5;173mcore-js[39m[38;5;111m@[39m[38;5;111mnpm:3.40.0[39m must be built because it never has been before or the last one failed
2025-04-15T08:28:38.7335760Z [94m➤[39m YN0007: │ [38;5;173mcypress[39m[38;5;111m@[39m[38;5;111mnpm:13.10.0[39m must be built because it never has been before or the last one failed
2025-04-15T08:28:38.7337673Z [94m➤[39m YN0007: │ [38;5;173mesbuild[39m[38;5;111m@[39m[38;5;111mnpm:0.25.0[39m must be built because it never has been before or the last one failed
2025-04-15T08:28:38.7339484Z [94m➤[39m YN0007: │ [38;5;166m@swc/[39m[38;5;173mcore[39m[38;5;111m@[39m[38;5;111mnpm:1.10.12 [492e0][39m must be built because it never has been before or the last one failed
2025-04-15T08:28:38.7341271Z [94m➤[39m YN0007: │ [38;5;173mmsw[39m[38;5;111m@[39m[38;5;111mnpm:2.7.0 [655a6][39m must be built because it never has been before or the last one failed
2025-04-15T08:28:38.7345519Z [94m➤[39m YN0007: │ [38;5;173mnx[39m[38;5;111m@[39m[38;5;111mnpm:20.7.1 [1fc7a][39m must be built because it never has been before or the last one failed
2025-04-15T08:28:38.7347522Z [94m➤[39m YN0007: │ [38;5;173mprotobufjs[39m[38;5;111m@[39m[38;5;111mnpm:7.3.2[39m must be built because it never has been before or the last one failed
2025-04-15T08:28:38.7349243Z [94m➤[39m YN0007: │ [38;5;173mcore-js-pure[39m[38;5;111m@[39m[38;5;111mnpm:3.30.2[39m must be built because it never has been before or the last one failed
2025-04-15T08:28:38.7350499Z [94m➤[39m YN0007: │ [38;5;166m@scarf/[39m[38;5;173mscarf[39m[38;5;111m@[39m[38;5;111mnpm:1.4.0[39m must be built because it never has been before or the last one failed
2025-04-15T08:28:38.7351698Z [94m➤[39m YN0007: │ [38;5;166m@swc/[39m[38;5;173mcore[39m[38;5;111m@[39m[38;5;111mnpm:1.11.4 [0b972][39m must be built because it never has been before or the last one failed
2025-04-15T08:28:38.7353188Z [94m➤[39m YN0007: │ [38;5;173mcore-js[39m[38;5;111m@[39m[38;5;111mnpm:2.6.12[39m must be built because it never has been before or the last one failed
2025-04-15T08:28:38.7355469Z [94m➤[39m YN0007: │ [38;5;173mtree-sitter[39m[38;5;111m@[39m[38;5;111mnpm:0.22.1[39m must be built because it never has been before or the last one failed
2025-04-15T08:28:40.2034432Z [94m➤[39m [90mYN0000[39m: │ [38;5;173mcypress[39m[38;5;111m@[39m[38;5;111mnpm:13.10.0[39m [31mSTDERR[39m (node:2764) [DEP0040] DeprecationWarning: The `punycode` module is deprecated. Please use a userland alternative instead.
2025-04-15T08:28:40.2037358Z [94m➤[39m [90mYN0000[39m: │ [38;5;173mcypress[39m[38;5;111m@[39m[38;5;111mnpm:13.10.0[39m [31mSTDERR[39m (Use `node --trace-deprecation ...` to show where the warning was created)
2025-04-15T08:28:40.2190524Z [94m➤[39m [90mYN0000[39m: │ [38;5;173mcypress[39m[38;5;111m@[39m[38;5;111mnpm:13.10.0[39m [32mSTDOUT[39m Installing Cypress (version: 13.10.0)
2025-04-15T08:28:40.2192560Z [94m➤[39m [90mYN0000[39m: │ [38;5;173mcypress[39m[38;5;111m@[39m[38;5;111mnpm:13.10.0[39m [32mSTDOUT[39m 
2025-04-15T08:28:40.2220518Z [94m➤[39m [90mYN0000[39m: │ [38;5;173mcypress[39m[38;5;111m@[39m[38;5;111mnpm:13.10.0[39m [32mSTDOUT[39m [STARTED] Task without title.
2025-04-15T08:28:41.7171077Z [94m➤[39m [90mYN0000[39m: │ [38;5;173mcypress[39m[38;5;111m@[39m[38;5;111mnpm:13.10.0[39m [32mSTDOUT[39m [SUCCESS] Task without title.
2025-04-15T08:28:41.7173973Z [94m➤[39m [90mYN0000[39m: │ [38;5;173mcypress[39m[38;5;111m@[39m[38;5;111mnpm:13.10.0[39m [32mSTDOUT[39m [STARTED] Task without title.
2025-04-15T08:28:47.4340510Z [94m➤[39m [90mYN0000[39m: │ [38;5;173mcypress[39m[38;5;111m@[39m[38;5;111mnpm:13.10.0[39m [32mSTDOUT[39m [SUCCESS] Task without title.
2025-04-15T08:28:47.4341925Z [94m➤[39m [90mYN0000[39m: │ [38;5;173mcypress[39m[38;5;111m@[39m[38;5;111mnpm:13.10.0[39m [32mSTDOUT[39m [STARTED] Task without title.
2025-04-15T08:28:47.4749780Z [94m➤[39m [90mYN0000[39m: │ [38;5;173mcypress[39m[38;5;111m@[39m[38;5;111mnpm:13.10.0[39m [32mSTDOUT[39m [SUCCESS] Task without title.
2025-04-15T08:28:48.4759229Z [94m➤[39m [90mYN0000[39m: │ [38;5;173mcypress[39m[38;5;111m@[39m[38;5;111mnpm:13.10.0[39m [32mSTDOUT[39m 
2025-04-15T08:28:48.4760936Z [94m➤[39m [90mYN0000[39m: │ [38;5;173mcypress[39m[38;5;111m@[39m[38;5;111mnpm:13.10.0[39m [32mSTDOUT[39m You can now open Cypress by running: node_modules/.bin/cypress open
2025-04-15T08:28:48.4762212Z [94m➤[39m [90mYN0000[39m: │ [38;5;173mcypress[39m[38;5;111m@[39m[38;5;111mnpm:13.10.0[39m [32mSTDOUT[39m 
2025-04-15T08:28:48.4763492Z [94m➤[39m [90mYN0000[39m: │ [38;5;173mcypress[39m[38;5;111m@[39m[38;5;111mnpm:13.10.0[39m [32mSTDOUT[39m https://on.cypress.io/installing-cypress
2025-04-15T08:28:48.4765725Z [94m➤[39m [90mYN0000[39m: │ [38;5;173mcypress[39m[38;5;111m@[39m[38;5;111mnpm:13.10.0[39m [32mSTDOUT[39m 
2025-04-15T08:28:48.4896387Z [94m➤[39m YN0007: │ [38;5;173mtree-sitter-json[39m[38;5;111m@[39m[38;5;111mnpm:0.24.8 [44844][39m must be built because it never has been before or the last one failed
2025-04-15T08:28:48.4898296Z [94m➤[39m YN0007: │ [38;5;166m@tree-sitter-grammars/[39m[38;5;173mtree-sitter-yaml[39m[38;5;111m@[39m[38;5;111mnpm:0.7.0 [bb3b7][39m must be built because it never has been before or the last one failed
2025-04-15T08:28:48.7595045Z ##[endgroup]
2025-04-15T08:28:48.7595857Z [94m➤[39m [90mYN0000[39m: └ Completed in 48s 560ms
2025-04-15T08:28:49.0121329Z [93m➤[39m YN0000: · Done with warnings in 1m 11s
2025-04-15T08:28:49.6346925Z ##[group]Run yarn run test:ci
2025-04-15T08:28:49.6347512Z [36;1myarn run test:ci[0m
2025-04-15T08:28:49.6394996Z shell: /usr/bin/bash -e {0}
2025-04-15T08:28:49.6395276Z env:
2025-04-15T08:28:49.6395460Z   TEST_MAX_WORKERS: 2
2025-04-15T08:28:49.6395673Z   TEST_SHARD: 1
2025-04-15T08:28:49.6395869Z   TEST_SHARD_TOTAL: 8
2025-04-15T08:28:49.6396074Z ##[endgroup]
2025-04-15T08:28:50.7584141Z jest-haste-map: duplicate manual mock found: store.navIndex.mock
2025-04-15T08:28:50.7585061Z   The following files share their name; please delete one of them:
2025-04-15T08:28:50.7585985Z     * <rootDir>/public/app/features/connections/__mocks__/store.navIndex.mock.ts
2025-04-15T08:28:50.7586976Z     * <rootDir>/public/app/features/datasources/__mocks__/store.navIndex.mock.ts
2025-04-15T08:28:50.7587712Z 
2025-04-15T08:28:50.7678579Z jest-haste-map: duplicate manual mock found: index
2025-04-15T08:28:50.7679453Z   The following files share their name; please delete one of them:
2025-04-15T08:28:50.7680454Z     * <rootDir>/public/app/features/datasources/__mocks__/index.ts
2025-04-15T08:28:50.7681326Z     * <rootDir>/public/app/features/plugins/admin/__mocks__/index.ts
2025-04-15T08:28:50.7681841Z 
2025-04-15T08:28:50.7698110Z jest-haste-map: duplicate manual mock found: datasource
2025-04-15T08:28:50.7698996Z   The following files share their name; please delete one of them:
2025-04-15T08:28:50.7699972Z     * <rootDir>/public/app/plugins/datasource/azuremonitor/__mocks__/datasource.ts
2025-04-15T08:28:50.7700983Z     * <rootDir>/public/app/plugins/datasource/influxdb/__mocks__/datasource.ts
2025-04-15T08:28:50.7701506Z 
2025-04-15T08:28:50.7701861Z jest-haste-map: duplicate manual mock found: query
2025-04-15T08:28:50.7702626Z   The following files share their name; please delete one of them:
2025-04-15T08:28:50.7703549Z     * <rootDir>/public/app/plugins/datasource/azuremonitor/__mocks__/query.ts
2025-04-15T08:28:50.7704508Z     * <rootDir>/public/app/plugins/datasource/influxdb/__mocks__/query.ts
2025-04-15T08:28:50.7705001Z 
2025-04-15T08:28:50.7705393Z jest-haste-map: duplicate manual mock found: datasource
2025-04-15T08:28:50.7706191Z   The following files share their name; please delete one of them:
2025-04-15T08:28:50.7707102Z     * <rootDir>/public/app/plugins/datasource/influxdb/__mocks__/datasource.ts
2025-04-15T08:28:50.7708265Z     * <rootDir>/public/app/plugins/datasource/loki/__mocks__/datasource.ts
2025-04-15T08:28:50.7708774Z 
2025-04-15T08:28:50.7713211Z jest-haste-map: duplicate manual mock found: datasource
2025-04-15T08:28:50.7714014Z   The following files share their name; please delete one of them:
2025-04-15T08:28:50.7714646Z     * <rootDir>/public/app/plugins/datasource/loki/__mocks__/datasource.ts
2025-04-15T08:28:50.7715199Z     * <rootDir>/packages/grafana-prometheus/src/test/__mocks__/datasource.ts
2025-04-15T08:28:50.7715506Z 
2025-04-15T08:29:10.3259628Z (node:2973) [DEP0040] DeprecationWarning: The `punycode` module is deprecated. Please use a userland alternative instead.
2025-04-15T08:29:10.3260485Z (Use `node --trace-deprecation ...` to show where the warning was created)
2025-04-15T08:29:10.3440902Z PASS public/app/features/variables/inspect/utils.test.ts (18.488 s)
2025-04-15T08:29:10.6375248Z (node:2972) [DEP0040] DeprecationWarning: The `punycode` module is deprecated. Please use a userland alternative instead.
2025-04-15T08:29:10.6376062Z (Use `node --trace-deprecation ...` to show where the warning was created)
2025-04-15T08:29:11.4399452Z PASS public/app/features/explore/state/query.test.ts (19.601 s)
2025-04-15T08:29:12.1120568Z PASS public/app/plugins/datasource/loki/modifyQuery.test.ts
2025-04-15T08:29:12.3630257Z PASS public/app/features/variables/query/actions.test.tsx
2025-04-15T08:29:12.9417960Z PASS public/app/features/dashboard-scene/serialization/sceneVariablesSetToVariables.test.ts
2025-04-15T08:29:13.3200243Z PASS public/app/core/specs/backend_srv.test.ts
2025-04-15T08:29:13.7572956Z PASS packages/grafana-prometheus/src/querycache/QueryCache.test.ts
2025-04-15T08:29:13.9078805Z PASS public/app/plugins/datasource/loki/LogContextProvider.test.ts
2025-04-15T08:29:14.8114688Z PASS public/app/features/variables/state/sharedReducer.test.ts
2025-04-15T08:29:15.1240301Z PASS public/app/plugins/datasource/influxdb/influx_query_model.test.ts
2025-04-15T08:29:17.6231559Z PASS public/app/features/plugins/admin/pages/Browse.test.tsx
2025-04-15T08:29:18.4826766Z PASS public/app/features/dashboard/state/PanelModel.test.ts
2025-04-15T08:29:23.5800504Z PASS public/app/features/alerting/unified/components/notification-policies/Policy.test.tsx (5.09 s)
2025-04-15T08:29:23.8360649Z PASS public/app/features/alerting/unified/utils/notification-policies.test.ts
2025-04-15T08:29:25.3443048Z PASS public/app/plugins/datasource/cloudwatch/language/cloudwatch-logs-sql/completion/CompletionItemProvider.test.ts
2025-04-15T08:29:26.3658637Z PASS public/app/plugins/datasource/cloudwatch/query-runner/CloudWatchLogsQueryRunner.test.ts (12.597 s)
2025-04-15T08:29:26.6183441Z PASS packages/grafana-data/src/transformations/transformers/convertFieldType.test.ts
2025-04-15T08:29:26.8106635Z PASS public/app/features/query/state/DashboardQueryRunner/DashboardQueryRunner.test.ts
2025-04-15T08:29:27.7705802Z PASS public/app/features/datasources/state/actions.test.ts
2025-04-15T08:29:28.2695600Z PASS public/app/features/variables/query/queryRunners.test.ts
2025-04-15T08:29:29.2618336Z PASS public/app/features/dashboard-scene/settings/variables/utils.test.ts
2025-04-15T08:29:30.5415720Z PASS public/app/features/dashboard/components/ShareModal/SharePublicDashboard/SharePublicDashboard.test.tsx
2025-04-15T08:29:31.1340414Z PASS packages/grafana-ui/src/components/Input/AutoSizeInput.test.tsx
2025-04-15T08:29:32.9881691Z PASS public/app/features/dashboard/components/GenAI/GenAIButton.test.tsx
2025-04-15T08:29:34.0743287Z PASS public/app/features/dashboard-scene/scene/layout-default/DashboardGridItem.test.tsx
2025-04-15T08:29:37.7640223Z PASS public/app/features/alerting/unified/components/rule-editor/AnnotationsStep.test.tsx
2025-04-15T08:29:39.4793449Z PASS packages/grafana-ui/src/components/Select/SelectBase.test.tsx
2025-04-15T08:29:39.5821364Z PASS public/app/features/datasources/components/picker/DataSourcePicker.test.tsx (10.312 s)
2025-04-15T08:29:40.1520133Z PASS public/app/plugins/datasource/azuremonitor/components/ResourcePicker/utils.test.ts
2025-04-15T08:29:40.5834829Z PASS packages/grafana-data/src/panel/getPanelOptionsWithDefaults.test.ts
2025-04-15T08:29:40.8725926Z PASS public/app/features/explore/TraceView/components/utils/DraggableManager/DraggableManager.test.ts
2025-04-15T08:29:43.2466317Z PASS public/app/features/dashboard-scene/panel-edit/PanelDataPane/PanelDataAlertingTab.test.tsx
2025-04-15T08:29:44.0421112Z PASS public/app/plugins/datasource/tempo/language_provider.test.ts
2025-04-15T08:29:45.4861181Z PASS packages/grafana-prometheus/src/querybuilder/components/PromQueryBuilder.test.tsx (5.999 s)
2025-04-15T08:29:54.0048751Z PASS public/app/plugins/datasource/cloudwatch/components/shared/MetricStatEditor/MetricStatEditor.test.tsx (9.956 s)
2025-04-15T08:29:54.0748782Z PASS public/app/features/logs/components/panel/LogListControls.test.tsx (8.582 s)
2025-04-15T08:29:54.3335402Z PASS public/app/plugins/panel/table/table-new/migrations.test.ts
2025-04-15T08:29:54.5566522Z PASS public/app/core/utils/explore.test.ts
2025-04-15T08:29:54.8439396Z PASS public/app/features/transformers/timeSeriesTable/timeSeriesTableTransformer.test.ts
2025-04-15T08:29:55.1890011Z PASS public/app/plugins/datasource/cloudwatch/language/cloudwatch-ppl/completion/PPLCompletionItemProvider.test.ts
2025-04-15T08:29:56.0262286Z PASS public/app/core/history/RichHistoryLocalStorage.test.ts
2025-04-15T08:29:57.0566358Z PASS public/app/features/dashboard/components/GenAI/jsonDiffText.test.ts
2025-04-15T08:29:57.3258143Z PASS packages/grafana-ui/src/graveyard/Graph/utils.test.ts
2025-04-15T08:29:58.7499198Z PASS public/app/features/alerting/unified/hooks/ruleGroup/useMoveRuleFromRuleGroup.test.tsx
2025-04-15T08:29:59.0324730Z PASS packages/grafana-runtime/src/analytics/plugins/usePluginInteractionReporter.test.tsx
2025-04-15T08:30:01.4710851Z PASS public/app/features/dashboard/containers/DashboardPageProxy.test.tsx
2025-04-15T08:30:02.0215871Z PASS public/app/features/alerting/unified/search/rulesSearchParser.test.ts
2025-04-15T08:30:02.6870742Z PASS public/app/features/auth-config/ProviderConfigForm.test.tsx (7.837 s)
2025-04-15T08:30:02.9518981Z PASS packages/grafana-data/src/utils/location.test.ts
2025-04-15T08:30:03.4933324Z PASS packages/grafana-flamegraph/src/FlameGraph/dataTransform.test.ts
2025-04-15T08:30:03.9754472Z PASS public/app/features/expressions/components/hysteresis.test.ts
2025-04-15T08:30:04.2428067Z PASS public/app/plugins/datasource/cloudwatch/language/cloudwatch-sql/completion/statementPosition.test.ts
2025-04-15T08:30:05.5846443Z PASS public/app/features/alerting/unified/hooks/useExternalAMSelector.test.tsx
2025-04-15T08:30:08.5110612Z PASS public/app/features/dashboard-scene/panel-edit/PanelDataPane/PanelDataTransformationsTab.test.tsx
2025-04-15T08:30:08.5429138Z PASS public/app/features/alerting/unified/components/receivers/form/GrafanaReceiverForm.test.tsx (6.509 s)
2025-04-15T08:30:09.9673883Z PASS public/app/features/dashboard/components/ShareModal/ShareLink.test.tsx
2025-04-15T08:30:10.2241801Z PASS packages/grafana-ui/src/components/ConfirmModal/ConfirmModal.test.tsx
2025-04-15T08:30:12.4575004Z PASS public/app/features/dimensions/editors/ThresholdsEditor/ThresholdsEditor.test.tsx
2025-04-15T08:30:13.4741571Z PASS public/app/features/dashboard-scene/scene/LibraryPanelBehavior.test.tsx
2025-04-15T08:30:13.7812018Z PASS public/app/features/explore/TraceView/components/TraceTimelineViewer/SpanBarRow.test.tsx
2025-04-15T08:30:14.6630038Z PASS public/app/plugins/datasource/loki/tracking.test.ts
2025-04-15T08:30:15.0578562Z PASS public/app/features/migrate-to-cloud/onprem/ConfigureSnapshot.test.tsx
2025-04-15T08:30:16.2693072Z PASS public/app/features/explore/Logs/LogsSamplePanel.test.tsx
2025-04-15T08:30:20.4390139Z PASS public/app/features/alerting/unified/rule-list/DataSourceGroupLoader.test.tsx
2025-04-15T08:30:20.7179469Z PASS public/app/features/explore/TraceView/components/model/ddg/PathElem.test.ts
2025-04-15T08:30:20.7718705Z PASS public/app/plugins/datasource/azuremonitor/azure_resource_graph/azure_resource_graph_datasource.test.ts (6.097 s)
2025-04-15T08:30:21.5061429Z PASS public/app/core/utils/richHistory.test.ts
2025-04-15T08:30:22.0166033Z PASS public/app/features/alerting/unified/utils/timeRange.test.ts
2025-04-15T08:30:25.9376982Z PASS public/app/features/alerting/unified/rule-editor/RuleEditorCloudOnlyAllowed.test.tsx (5.213 s)
2025-04-15T08:30:26.1821300Z PASS public/app/plugins/datasource/azuremonitor/components/LogsQueryBuilder/AzureMonitorKustoQueryBuilder.test.ts
2025-04-15T08:30:29.1970422Z PASS public/app/features/dashboard-scene/panel-edit/PanelOptions.test.tsx
2025-04-15T08:30:30.5818749Z PASS public/app/features/dashboard-scene/settings/annotations/AnnotationSettingsEdit.test.tsx
2025-04-15T08:30:31.0806589Z PASS public/app/features/transformers/lookupGazetteer/fieldLookup.test.ts
2025-04-15T08:30:31.3318545Z PASS public/app/plugins/datasource/cloudwatch/migrations/dashboardMigrations.test.ts
2025-04-15T08:30:32.0503000Z PASS public/app/features/profile/state/reducers.test.ts
2025-04-15T08:30:32.5955838Z PASS packages/grafana-flamegraph/src/FlameGraph/rendering.test.ts
2025-04-15T08:30:35.3711421Z PASS public/app/features/explore/TraceView/components/TracePageHeader/SearchBar/NextPrevResult.test.tsx
2025-04-15T08:30:37.1155836Z PASS public/app/features/dashboard-scene/edit-pane/ElementSelection.test.ts
2025-04-15T08:30:37.9623036Z PASS public/app/features/dashboard/containers/SoloPanelPage.test.tsx
2025-04-15T08:30:38.3023665Z PASS public/app/core/components/SharedPreferences/SharedPreferences.test.tsx (16.279 s)
2025-04-15T08:30:39.3630471Z PASS public/app/features/dashboard-scene/scene/DashboardControls.test.tsx
2025-04-15T08:30:39.4663683Z PASS public/app/features/alerting/unified/components/rule-editor/query-and-alert-condition/__snapshots__/areQueriesTransformableToSimpleCondition.test.ts
2025-04-15T08:30:39.6325472Z PASS public/app/plugins/datasource/loki/sortDataFrame.test.ts
2025-04-15T08:30:39.9824538Z PASS public/app/features/dashboard-scene/settings/variables/components/CustomVariableForm.test.tsx
2025-04-15T08:30:40.8441033Z PASS public/app/plugins/datasource/cloudwatch/components/VariableQueryEditor/MultiFilter.test.tsx
2025-04-15T08:30:41.2051223Z PASS public/app/plugins/datasource/influxdb/components/editor/query/influxql/visual/TagsSection.test.tsx
2025-04-15T08:30:42.1739256Z PASS public/app/features/alerting/unified/hooks/ruleGroup/useDeleteRuleFromGroup.test.tsx
2025-04-15T08:30:42.6582017Z PASS public/app/features/dashboard-scene/utils/dashboardSceneGraph.test.ts
2025-04-15T08:30:43.4665275Z PASS public/app/features/variables/editor/getVariableQueryEditor.test.tsx
2025-04-15T08:30:43.6895652Z PASS public/app/plugins/datasource/cloud-monitoring/components/LabelFilter.test.tsx
2025-04-15T08:30:43.7392858Z PASS packages/grafana-flamegraph/src/FlameGraph/treeTransforms.test.ts
2025-04-15T08:30:44.4761199Z PASS public/app/features/query/state/DashboardQueryRunner/LegacyAnnotationQueryRunner.test.ts
2025-04-15T08:30:44.7325332Z PASS public/app/plugins/datasource/loki/languageUtils.test.ts
2025-04-15T08:30:45.9431434Z PASS public/app/plugins/datasource/azuremonitor/module.test.ts
2025-04-15T08:30:46.3986722Z PASS packages/grafana-ui/src/components/Card/Card.test.tsx
2025-04-15T08:30:47.2129607Z PASS public/app/features/dashboard/components/ShareModal/ShareEmbed.test.tsx
2025-04-15T08:30:48.5737815Z PASS public/app/features/dashboard-scene/inspect/HelpWizard/HelpWizard.test.tsx
2025-04-15T08:30:49.0913012Z PASS public/app/features/dashboard/components/SaveDashboard/forms/SaveDashboardAsForm.test.tsx
2025-04-15T08:30:50.2245803Z PASS public/app/features/dashboard-scene/settings/variables/editors/IntervalVariableEditor.test.tsx
2025-04-15T08:30:50.4410713Z PASS public/app/features/browse-dashboards/components/BrowseActions/MoveModal.test.tsx
2025-04-15T08:30:50.4896280Z PASS public/app/features/alerting/unified/reducers/alertmanager/notificationTemplates.test.ts
2025-04-15T08:30:50.7282795Z PASS packages/grafana-data/src/utils/arrayUtils.test.ts
2025-04-15T08:30:50.9930974Z PASS packages/grafana-ui/src/components/DateTimePickers/TimeRangeContext.test.tsx
2025-04-15T08:30:51.2718512Z PASS packages/grafana-data/src/utils/dataLinks.test.ts
2025-04-15T08:30:51.4455493Z PASS public/app/features/alerting/unified/components/contact-points/utils.test.ts
2025-04-15T08:30:52.2824950Z PASS public/app/plugins/datasource/loki/LokiVariableSupport.test.ts
2025-04-15T08:30:52.4804088Z PASS public/app/features/dashboard/utils/panel.test.ts
2025-04-15T08:30:52.7410303Z PASS packages/grafana-ui/src/components/Gauge/utils.test.ts
2025-04-15T08:30:52.7675118Z PASS public/app/features/transformers/joinByLabels/joinByLabels.test.ts
2025-04-15T08:30:53.2689016Z PASS public/app/features/alerting/unified/utils/query.test.ts
2025-04-15T08:30:53.4074949Z PASS public/app/features/plugins/admin/components/GetStartedWithPlugin/GetStartedWithApp.test.tsx
2025-04-15T08:30:53.5458993Z PASS public/app/features/teams/state/reducers.test.ts
2025-04-15T08:30:53.8746342Z PASS packages/grafana-ui/src/components/MatchersUI/FieldsByFrameRefIdMatcher.test.tsx
2025-04-15T08:30:54.6217657Z PASS public/app/core/components/AppChrome/OrganizationSwitcher/OrganizationSwitcher.test.tsx
2025-04-15T08:30:54.9831906Z PASS public/app/features/explore/RichHistory/RichHistoryStarredTab.test.tsx
2025-04-15T08:30:55.6037950Z PASS public/app/features/dashboard-scene/scene/DashboardLinksControls.test.tsx
2025-04-15T08:30:57.1443258Z PASS public/app/features/migrate-to-cloud/onprem/EmptyState/CallToAction/CallToAction.test.tsx
2025-04-15T08:30:57.9773154Z PASS public/app/features/variables/textbox/adapter.test.ts
2025-04-15T08:30:59.0327010Z PASS public/app/features/dashboard/containers/PublicDashboardPageProxy.test.tsx
2025-04-15T08:30:59.0758078Z PASS public/app/features/plugins/admin/components/PluginDetailsBody.test.tsx
2025-04-15T08:30:59.8438841Z PASS public/app/features/variables/editor/selectors.test.ts
2025-04-15T08:31:00.2028515Z PASS public/app/core/components/Page/Page.test.tsx
2025-04-15T08:31:00.7101357Z PASS public/app/plugins/datasource/influxdb/components/editor/config/ConfigEditor.test.tsx
2025-04-15T08:31:00.9914535Z PASS public/app/plugins/datasource/cloud-monitoring/components/VariableQueryEditor.test.tsx
2025-04-15T08:31:01.2193371Z PASS public/app/core/utils/browser.test.ts
2025-04-15T08:31:01.4751287Z PASS public/app/plugins/datasource/elasticsearch/hooks/useStatelessReducer.test.tsx
2025-04-15T08:31:02.0023362Z PASS public/app/features/explore/extensions/AddToDashboard/index.test.tsx
2025-04-15T08:31:02.2755116Z PASS public/app/features/alerting/unified/components/rules/state-history/StateHistory.test.tsx
2025-04-15T08:31:02.5658459Z PASS public/app/features/geo/format/geojson.test.ts
2025-04-15T08:31:02.7989198Z PASS public/app/features/explore/TraceView/components/utils/sort.test.ts
2025-04-15T08:31:03.1837984Z PASS public/app/features/explore/TraceView/components/CriticalPath/utils/findLastFinishingChildSpan.test.ts
2025-04-15T08:31:03.5876585Z PASS public/app/features/explore/state/time.test.ts
2025-04-15T08:31:03.8379973Z PASS scripts/tests/generate-transformations.test.ts
2025-04-15T08:31:03.9669168Z PASS public/app/plugins/datasource/tempo/VariableQueryEditor.test.tsx
2025-04-15T08:31:04.9559534Z PASS public/app/features/variables/constant/actions.test.ts
2025-04-15T08:31:06.1430414Z PASS public/app/features/teams/TeamGroupSync.test.tsx
2025-04-15T08:31:06.6206090Z PASS public/app/features/geo/gazetteer/gazetteer.test.ts
2025-04-15T08:31:07.1639340Z PASS public/app/plugins/datasource/zipkin/utils/graphTransform.test.ts
2025-04-15T08:31:07.4484813Z PASS packages/grafana-ui/src/components/DateTimePickers/TimeRangePicker/TimePickerCalendar.test.tsx
2025-04-15T08:31:07.8084778Z PASS public/app/features/explore/spec/query.test.tsx
2025-04-15T08:31:08.1025730Z PASS packages/grafana-ui/src/components/RefreshPicker/RefreshPicker.test.tsx
2025-04-15T08:31:08.7997506Z PASS public/app/features/explore/extensions/getExploreExtensionConfigs.test.tsx
2025-04-15T08:31:09.4973783Z PASS public/app/plugins/datasource/cloud-monitoring/components/GroupBy.test.tsx
2025-04-15T08:31:09.7898294Z PASS public/app/features/annotations/executeAnnotationQuery.test.ts
2025-04-15T08:31:10.4359164Z PASS public/app/core/navigation/GrafanaRoute.test.tsx
2025-04-15T08:31:10.6767020Z PASS public/app/features/explore/TraceView/components/TraceTimelineViewer/ListView/index.test.tsx
2025-04-15T08:31:11.2309264Z PASS packages/grafana-data/src/transformations/transformers/filterByRefId.test.ts
2025-04-15T08:31:11.5334791Z PASS public/app/features/api-keys/state/reducers.test.ts
2025-04-15T08:31:11.7839241Z PASS packages/grafana-prometheus/src/querybuilder/parsingUtils.test.ts
2025-04-15T08:31:11.8917818Z PASS public/app/features/dashboard-scene/scene/ViewPanelScene.test.tsx
2025-04-15T08:31:12.4351194Z PASS packages/grafana-prometheus/src/configuration/AlertingSettingsOverhaul.test.tsx
2025-04-15T08:31:12.6652450Z PASS packages/grafana-flamegraph/src/FlameGraph/testHelpers.test.ts
2025-04-15T08:31:13.1694464Z PASS public/app/features/dashboard-scene/sharing/ShareButton/ShareButton.test.tsx
2025-04-15T08:31:13.2181830Z PASS public/app/plugins/datasource/tempo/variables.test.ts
2025-04-15T08:31:13.4315637Z PASS public/app/features/dashboard/api/legacy.test.ts
2025-04-15T08:31:13.9601141Z PASS public/app/features/explore/TraceView/components/TraceTimelineViewer/TimelineHeaderRow/TimelineCollapser.test.tsx
2025-04-15T08:31:14.2769142Z PASS public/app/features/logs/components/panel/LogListContext.test.tsx
2025-04-15T08:31:14.8456662Z PASS public/app/features/explore/extensions/AddToDashboard/getAddToDashboardTitle.test.ts
2025-04-15T08:31:15.1026654Z PASS packages/grafana-ui/src/utils/validate.test.ts
2025-04-15T08:31:15.5188725Z PASS public/app/plugins/datasource/loki/configuration/ConfigEditor.test.tsx
2025-04-15T08:31:15.7539383Z PASS packages/grafana-data/src/transformations/transformers/filter.test.ts
2025-04-15T08:31:16.5351509Z PASS public/app/core/history/remoteStorageConverter.test.ts
2025-04-15T08:31:16.8565178Z PASS public/app/features/dashboard-scene/sharing/ExportButton/ExportButton.test.tsx
2025-04-15T08:31:17.3298582Z PASS packages/grafana-prometheus/src/components/PromExploreExtraField.test.tsx
2025-04-15T08:31:17.6175170Z PASS packages/grafana-ui/src/components/DataSourceSettings/AlertingSettings.test.tsx
2025-04-15T08:31:17.6248551Z PASS public/app/core/components/RolePickerDrawer/RolePickerDrawer.test.tsx
2025-04-15T08:31:17.9235066Z PASS public/app/features/correlations/components/Wizard/Wizard.test.tsx
2025-04-15T08:31:18.5111065Z PASS public/app/plugins/datasource/opentsdb/components/OpenTsdbQueryEditor.test.tsx
2025-04-15T08:31:18.6859179Z PASS public/app/features/dashboard/components/HelpWizard/HelpWizard.test.tsx
2025-04-15T08:31:19.1389570Z PASS public/app/features/explore/TraceView/components/TraceTimelineViewer/SpanDetail/TextList.test.tsx
2025-04-15T08:31:19.2073168Z PASS public/app/features/geo/gazetteer/worldmap.test.ts
2025-04-15T08:31:19.4166479Z PASS packages/grafana-ui/src/components/List/AbstractList.test.tsx
2025-04-15T08:31:20.0181158Z PASS public/app/features/explore/PrometheusListView/RawListItem.test.tsx
2025-04-15T08:31:20.2434464Z PASS public/app/plugins/datasource/azuremonitor/utils/useLastError.test.ts
2025-04-15T08:31:20.3971778Z PASS public/app/features/dashboard-scene/utils/PanelModelCompatibilityWrapper.test.ts
2025-04-15T08:31:20.5960452Z PASS packages/grafana-ui/src/components/TagsInput/TagsInput.test.tsx
2025-04-15T08:31:20.6291699Z PASS public/app/plugins/datasource/azuremonitor/time_grain_converter.test.ts
2025-04-15T08:31:20.8630891Z PASS public/app/plugins/panel/news/atom.test.ts
2025-04-15T08:31:20.8663218Z PASS packages/grafana-sql/src/ResponseParser.test.ts
2025-04-15T08:31:21.5801050Z PASS public/app/features/connections/components/ConnectionsRedirectNotice/ConnectionsRedirectNotice.test.tsx
2025-04-15T08:31:21.7093481Z PASS public/app/plugins/datasource/loki/querybuilder/state.test.ts
2025-04-15T08:31:21.9345126Z PASS public/app/features/explore/TraceView/useHoverIndentGuide.test.ts
2025-04-15T08:31:21.9493346Z PASS packages/grafana-ui/src/components/ColorPicker/NamedColorsPalette.test.tsx
2025-04-15T08:31:22.4328715Z PASS public/app/features/alerting/unified/api/util.test.ts
2025-04-15T08:31:22.4964226Z PASS public/app/features/datasources/components/BasicSettings.test.tsx
2025-04-15T08:31:22.7047625Z PASS packages/grafana-data/src/themes/createSpacing.test.ts
2025-04-15T08:31:22.9393576Z PASS public/app/features/geo/format/geohash.test.ts
2025-04-15T08:31:23.5584991Z PASS public/app/plugins/datasource/mysql/mySqlMetaQuery.test.ts
2025-04-15T08:31:23.7812359Z 
2025-04-15T08:31:23.7815828Z Test Suites: 1 skipped, 188 passed, 188 of 189 total
2025-04-15T08:31:23.7816576Z Tests:       5 skipped, 1899 passed, 1904 total
2025-04-15T08:31:23.7817432Z Snapshots:   65 passed, 65 total
2025-04-15T08:31:23.7817909Z Time:        152.43 s
2025-04-15T08:31:23.7818305Z Ran all test suites.
2025-04-15T08:31:23.8174291Z Post job cleanup.
2025-04-15T08:31:24.0135771Z [command]/usr/bin/tar --posix -cf cache.tzst --exclude cache.tzst -P -C /home/runner/work/grafana/grafana --files-from manifest.txt --use-compress-program zstdmt
2025-04-15T08:31:24.6712779Z Failed to save: Unable to reserve cache with key node-cache-Linux-x64-yarn-bd22c6c85f08cfa61a4624edb1d79fd3579c670895e7e5461b7d1430e7f8657a, another job may be creating this cache.
2025-04-15T08:31:24.7483611Z Post job cleanup.
2025-04-15T08:31:24.8401830Z [command]/usr/bin/git version
2025-04-15T08:31:24.8439074Z git version 2.49.0
2025-04-15T08:31:24.8479246Z Temporarily overriding HOME='/home/runner/work/_temp/5a8b2aa3-0a0e-4a78-a99b-691420676be1' before making global git config changes
2025-04-15T08:31:24.8480100Z Adding repository directory to the temporary git global config as a safe directory
2025-04-15T08:31:24.8484244Z [command]/usr/bin/git config --global --add safe.directory /home/runner/work/grafana/grafana
2025-04-15T08:31:24.8516169Z [command]/usr/bin/git config --local --name-only --get-regexp core\.sshCommand
2025-04-15T08:31:24.8547218Z [command]/usr/bin/git submodule foreach --recursive sh -c "git config --local --name-only --get-regexp 'core\.sshCommand' && git config --local --unset-all 'core.sshCommand' || :"
2025-04-15T08:31:24.8796480Z [command]/usr/bin/git config --local --name-only --get-regexp http\.https\:\/\/github\.com\/\.extraheader
2025-04-15T08:31:24.8816775Z http.https://github.com/.extraheader
2025-04-15T08:31:24.8828631Z [command]/usr/bin/git config --local --unset-all http.https://github.com/.extraheader
2025-04-15T08:31:24.8857685Z [command]/usr/bin/git submodule foreach --recursive sh -c "git config --local --name-only --get-regexp 'http\.https\:\/\/github\.com\/\.extraheader' && git config --local --unset-all 'http.https://github.com/.extraheader' || :"
2025-04-15T08:31:24.9200347Z Cleaning up orphan processes
