2025-04-14T17:53:53.5712972Z Requested labels: macos-latest-large
2025-04-14T17:53:53.5713286Z Job defined at: Kong/insomnia/.github/workflows/release-recurring.yml@refs/pull/8614/merge
2025-04-14T17:53:53.5713393Z Waiting for a runner to pick up this job...
2025-04-14T17:53:54.0785002Z Job is waiting for a hosted runner to come online.
2025-04-14T17:53:57.0188044Z Job is about to start running on the hosted runner: GitHub Actions 310 (hosted)
2025-04-14T17:53:58.6603000Z Current runner version: '2.323.0'
2025-04-14T17:53:58.6633480Z ##[group]Operating System
2025-04-14T17:53:58.6634320Z macOS
2025-04-14T17:53:58.6634820Z 14.7.4
2025-04-14T17:53:58.6635300Z 23H420
2025-04-14T17:53:58.6635800Z ##[endgroup]
2025-04-14T17:53:58.6636350Z ##[group]Runner Image
2025-04-14T17:53:58.6636940Z Image: macos-14
2025-04-14T17:53:58.6637490Z Version: 20250331.1019
2025-04-14T17:53:58.6638740Z Included Software: https://github.com/actions/runner-images/blob/macos-14/20250331.1019/images/macos/macos-14-Readme.md
2025-04-14T17:53:58.6640570Z Image Release: https://github.com/actions/runner-images/releases/tag/macos-14%2F20250331.1019
2025-04-14T17:53:58.6641710Z ##[endgroup]
2025-04-14T17:53:58.6642270Z ##[group]Runner Image Provisioner
2025-04-14T17:53:58.6643010Z 2.0.422.1+55c30c14fe2a0a1547db1b656933ae07d97649a9
2025-04-14T17:53:58.6643750Z ##[endgroup]
2025-04-14T17:53:58.6646710Z ##[group]GITHUB_TOKEN Permissions
2025-04-14T17:53:58.6649190Z Actions: read
2025-04-14T17:53:58.6649870Z Attestations: read
2025-04-14T17:53:58.6650460Z Checks: read
2025-04-14T17:53:58.6650980Z Contents: read
2025-04-14T17:53:58.6651530Z Deployments: read
2025-04-14T17:53:58.6652100Z Discussions: read
2025-04-14T17:53:58.6652660Z Issues: read
2025-04-14T17:53:58.6653200Z Metadata: read
2025-04-14T17:53:58.6653730Z Models: read
2025-04-14T17:53:58.6654270Z Packages: read
2025-04-14T17:53:58.6654810Z Pages: read
2025-04-14T17:53:58.6655350Z PullRequests: read
2025-04-14T17:53:58.6655940Z RepositoryProjects: read
2025-04-14T17:53:58.6656580Z SecurityEvents: read
2025-04-14T17:53:58.6657160Z Statuses: read
2025-04-14T17:53:58.6657700Z ##[endgroup]
2025-04-14T17:53:58.6661850Z Secret source: None
2025-04-14T17:53:58.6663000Z Prepare workflow directory
2025-04-14T17:53:58.7267560Z Prepare all required actions
2025-04-14T17:53:58.7311010Z Getting action download info
2025-04-14T17:53:58.9580830Z ##[group]Download immutable action package 'actions/checkout@v4'
2025-04-14T17:53:58.9582030Z Version: 4.2.2
2025-04-14T17:53:58.9583210Z Digest: sha256:ccb2698953eaebd21c7bf6268a94f9c26518a7e38e27e0b83c1fe1ad049819b1
2025-04-14T17:53:58.9584630Z Source commit SHA: 11bd71901bbe5b1630ceea73d27597364c9af683
2025-04-14T17:53:58.9585430Z ##[endgroup]
2025-04-14T17:53:59.2648130Z ##[group]Download immutable action package 'actions/setup-node@v4'
2025-04-14T17:53:59.2649150Z Version: 4.4.0
2025-04-14T17:53:59.2650080Z Digest: sha256:9427cefe82346e992fb5b949e3569b39d537ae41aa3086483b14eceebfc16bc1
2025-04-14T17:53:59.2652590Z Source commit SHA: 49933ea5288caeca8642d1e84afbd3f7d6820020
2025-04-14T17:53:59.2653730Z ##[endgroup]
2025-04-14T17:54:00.3892870Z ##[group]Download immutable action package 'actions/upload-artifact@v4'
2025-04-14T17:54:00.3894140Z Version: 4.6.2
2025-04-14T17:54:00.3895210Z Digest: sha256:290722aa3281d5caf23d0acdc3dbeb3424786a1a01a9cc97e72f147225e37c38
2025-04-14T17:54:00.3896570Z Source commit SHA: ea165f8d65b6e75b540449e92b4886f43607fa02
2025-04-14T17:54:00.3897590Z ##[endgroup]
2025-04-14T17:54:00.6253120Z Complete job name: build-and-upload-artifacts (macos-latest-large, zip)
2025-04-14T17:54:00.6968760Z ##[group]Run actions/checkout@v4
2025-04-14T17:54:00.6970000Z with:
2025-04-14T17:54:00.6970630Z   repository: Kong/insomnia
2025-04-14T17:54:00.6971530Z   token: ***
2025-04-14T17:54:00.6972130Z   ssh-strict: true
2025-04-14T17:54:00.6972750Z   ssh-user: git
2025-04-14T17:54:00.6973380Z   persist-credentials: true
2025-04-14T17:54:00.6974090Z   clean: true
2025-04-14T17:54:00.6974740Z   sparse-checkout-cone-mode: true
2025-04-14T17:54:00.6975510Z   fetch-depth: 1
2025-04-14T17:54:00.6976190Z   fetch-tags: false
2025-04-14T17:54:00.6976830Z   show-progress: true
2025-04-14T17:54:00.6977470Z   lfs: false
2025-04-14T17:54:00.6978060Z   submodules: false
2025-04-14T17:54:00.6978700Z   set-safe-directory: true
2025-04-14T17:54:00.7000480Z env:
2025-04-14T17:54:00.7001150Z   PR_NUMBER: 8614
2025-04-14T17:54:00.7001780Z ##[endgroup]
2025-04-14T17:54:01.1074580Z Syncing repository: Kong/insomnia
2025-04-14T17:54:01.1077040Z ##[group]Getting Git version info
2025-04-14T17:54:01.1079380Z Working directory is '/Users/runner/work/insomnia/insomnia'
2025-04-14T17:54:01.1081290Z [command]/usr/local/bin/git version
2025-04-14T17:54:01.1399000Z git version 2.49.0
2025-04-14T17:54:01.1440670Z ##[endgroup]
2025-04-14T17:54:01.1454240Z Copying '/Users/runner/.gitconfig' to '/Users/runner/work/_temp/3a5c8c84-af24-4fd8-b0bd-866c70173df6/.gitconfig'
2025-04-14T17:54:01.1469360Z Temporarily overriding HOME='/Users/runner/work/_temp/3a5c8c84-af24-4fd8-b0bd-866c70173df6' before making global git config changes
2025-04-14T17:54:01.1471940Z Adding repository directory to the temporary git global config as a safe directory
2025-04-14T17:54:01.1475530Z [command]/usr/local/bin/git config --global --add safe.directory /Users/runner/work/insomnia/insomnia
2025-04-14T17:54:01.1605250Z Deleting the contents of '/Users/runner/work/insomnia/insomnia'
2025-04-14T17:54:01.1610660Z ##[group]Initializing the repository
2025-04-14T17:54:01.1616950Z [command]/usr/local/bin/git init /Users/runner/work/insomnia/insomnia
2025-04-14T17:54:01.1915060Z hint: Using 'master' as the name for the initial branch. This default branch name
2025-04-14T17:54:01.1916630Z hint: is subject to change. To configure the initial branch name to use in all
2025-04-14T17:54:01.1918130Z hint: of your new repositories, which will suppress this warning, call:
2025-04-14T17:54:01.1919310Z hint:
2025-04-14T17:54:01.1920270Z hint: 	git config --global init.defaultBranch <name>
2025-04-14T17:54:01.1921350Z hint:
2025-04-14T17:54:01.1922310Z hint: Names commonly chosen instead of 'master' are 'main', 'trunk' and
2025-04-14T17:54:01.1923850Z hint: 'development'. The just-created branch can be renamed via this command:
2025-04-14T17:54:01.1925060Z hint:
2025-04-14T17:54:01.1925750Z hint: 	git branch -m <name>
2025-04-14T17:54:01.1926910Z Initialized empty Git repository in /Users/runner/work/insomnia/insomnia/.git/
2025-04-14T17:54:01.1931580Z [command]/usr/local/bin/git remote add origin https://github.com/Kong/insomnia
2025-04-14T17:54:01.2030500Z ##[endgroup]
2025-04-14T17:54:01.2031810Z ##[group]Disabling automatic garbage collection
2025-04-14T17:54:01.2036000Z [command]/usr/local/bin/git config --local gc.auto 0
2025-04-14T17:54:01.2117800Z ##[endgroup]
2025-04-14T17:54:01.2118930Z ##[group]Setting up auth
2025-04-14T17:54:01.2125420Z [command]/usr/local/bin/git config --local --name-only --get-regexp core\.sshCommand
2025-04-14T17:54:01.2207100Z [command]/usr/local/bin/git submodule foreach --recursive sh -c "git config --local --name-only --get-regexp 'core\.sshCommand' && git config --local --unset-all 'core.sshCommand' || :"
2025-04-14T17:54:01.3380720Z [command]/usr/local/bin/git config --local --name-only --get-regexp http\.https\:\/\/github\.com\/\.extraheader
2025-04-14T17:54:01.3462210Z [command]/usr/local/bin/git submodule foreach --recursive sh -c "git config --local --name-only --get-regexp 'http\.https\:\/\/github\.com\/\.extraheader' && git config --local --unset-all 'http.https://github.com/.extraheader' || :"
2025-04-14T17:54:01.4489460Z [command]/usr/local/bin/git config --local http.https://github.com/.extraheader AUTHORIZATION: basic ***
2025-04-14T17:54:01.4588410Z ##[endgroup]
2025-04-14T17:54:01.4589870Z ##[group]Fetching the repository
2025-04-14T17:54:01.4598650Z [command]/usr/local/bin/git -c protocol.version=2 fetch --no-tags --prune --no-recurse-submodules --depth=1 origin +b5e172e97c4f76830d4f72814aa9d5527808c2d2:refs/remotes/pull/8614/merge
2025-04-14T17:54:03.2069150Z From https://github.com/Kong/insomnia
2025-04-14T17:54:03.2070140Z  * [new ref]         b5e172e97c4f76830d4f72814aa9d5527808c2d2 -> pull/8614/merge
2025-04-14T17:54:03.2169390Z ##[endgroup]
2025-04-14T17:54:03.2170240Z ##[group]Determining the checkout info
2025-04-14T17:54:03.2171140Z ##[endgroup]
2025-04-14T17:54:03.2175400Z [command]/usr/local/bin/git sparse-checkout disable
2025-04-14T17:54:03.2274730Z [command]/usr/local/bin/git config --local --unset-all extensions.worktreeConfig
2025-04-14T17:54:03.2350940Z ##[group]Checking out the ref
2025-04-14T17:54:03.2355330Z [command]/usr/local/bin/git checkout --progress --force refs/remotes/pull/8614/merge
2025-04-14T17:54:03.6589650Z HEAD is now at b5e172e Merge 9b9eebc029059dc5fdba1104c7ec416edb92bffb into 7417aa7d60b8eae37a313323386d5f72240a8f16
2025-04-14T17:54:03.6604210Z ##[endgroup]
2025-04-14T17:54:03.6710800Z [command]/usr/local/bin/git log -1 --format=%H
2025-04-14T17:54:03.6790760Z b5e172e97c4f76830d4f72814aa9d5527808c2d2
2025-04-14T17:54:03.7102620Z ##[group]Run actions/setup-node@v4
2025-04-14T17:54:03.7103080Z with:
2025-04-14T17:54:03.7103400Z   node-version-file: .nvmrc
2025-04-14T17:54:03.7103760Z   cache: npm
2025-04-14T17:54:03.7104110Z   cache-dependency-path: package-lock.json
2025-04-14T17:54:03.7104570Z   always-auth: false
2025-04-14T17:54:03.7104910Z   check-latest: false
2025-04-14T17:54:03.7105410Z   token: ***
2025-04-14T17:54:03.7105690Z env:
2025-04-14T17:54:03.7105960Z   PR_NUMBER: 8614
2025-04-14T17:54:03.7106270Z ##[endgroup]
2025-04-14T17:54:03.9431320Z Node version file is not JSON file
2025-04-14T17:54:03.9432970Z Resolved .nvmrc as 22.14.0
2025-04-14T17:54:03.9464260Z Found in cache @ /Users/runner/hostedtoolcache/node/22.14.0/x64
2025-04-14T17:54:03.9473500Z ##[group]Environment details
2025-04-14T17:54:04.6321420Z node: v22.14.0
2025-04-14T17:54:04.6322170Z npm: 10.9.2
2025-04-14T17:54:04.6322630Z yarn: 1.22.22
2025-04-14T17:54:04.6324270Z ##[endgroup]
2025-04-14T17:54:04.6374120Z [command]/Users/runner/hostedtoolcache/node/22.14.0/x64/bin/npm config get cache
2025-04-14T17:54:04.8640950Z /Users/runner/.npm
2025-04-14T17:54:05.1063950Z npm cache is not found
2025-04-14T17:54:05.1199250Z ##[group]Run npm ci
2025-04-14T17:54:05.1199710Z [36;1mnpm ci[0m
2025-04-14T17:54:05.1298390Z shell: /bin/bash -e {0}
2025-04-14T17:54:05.1298810Z env:
2025-04-14T17:54:05.1299140Z   PR_NUMBER: 8614
2025-04-14T17:54:05.1299500Z ##[endgroup]
2025-04-14T17:54:07.0099920Z npm warn skipping integrity check for git dependency ssh://git@github.com/electron/node-gyp.git
2025-04-14T17:54:09.9540100Z npm warn deprecated sourcemap-codec@1.4.8: Please use @jridgewell/sourcemap-codec instead
2025-04-14T17:54:10.2413330Z npm warn deprecated rimraf@3.0.2: Rimraf versions prior to v4 are no longer supported
2025-04-14T17:54:10.9232330Z npm warn deprecated mkdirp-promise@1.1.0: This package is broken and no longer maintained. 'mkdirp' itself supports promises now, please switch to that.
2025-04-14T17:54:11.3858430Z npm warn deprecated json-schema-ref-parser@9.0.9: Please switch to @apidevtools/json-schema-ref-parser
2025-04-14T17:54:12.0098490Z npm warn deprecated inflight@1.0.6: This module is not supported, and leaks memory. Do not use it. Check out lru-cache if you want a good and tested way to coalesce async requests by a key value, which is much more comprehensive and powerful.
2025-04-14T17:54:12.3006680Z npm warn deprecated har-validator@5.1.5: this library is no longer supported
2025-04-14T17:54:12.3137570Z npm warn deprecated glob@7.2.3: Glob versions prior to v9 are no longer supported
2025-04-14T17:54:17.1905930Z npm warn deprecated @npmcli/move-file@2.0.1: This functionality has been moved to @npmcli/fs
2025-04-14T17:54:19.9951370Z npm warn deprecated rimraf@2.6.3: Rimraf versions prior to v4 are no longer supported
2025-04-14T17:54:20.5925260Z npm warn deprecated glob@8.1.0: Glob versions prior to v9 are no longer supported
2025-04-14T17:54:22.0321090Z npm warn deprecated glob@8.1.0: Glob versions prior to v9 are no longer supported
2025-04-14T17:55:02.0079000Z 
2025-04-14T17:55:02.0079830Z added 1777 packages, and audited 1784 packages in 57s
2025-04-14T17:55:02.0080340Z 
2025-04-14T17:55:02.0080660Z 263 packages are looking for funding
2025-04-14T17:55:02.0081210Z   run `npm fund` for details
2025-04-14T17:55:02.0363120Z 
2025-04-14T17:55:02.0363930Z 19 vulnerabilities (3 low, 9 moderate, 2 high, 5 critical)
2025-04-14T17:55:02.0364530Z 
2025-04-14T17:55:02.0365020Z To address issues that do not require attention, run:
2025-04-14T17:55:02.0365630Z   npm audit fix
2025-04-14T17:55:02.0366550Z 
2025-04-14T17:55:02.0366980Z To address all issues (including breaking changes), run:
2025-04-14T17:55:02.0367610Z   npm audit fix --force
2025-04-14T17:55:02.0367850Z 
2025-04-14T17:55:02.0368070Z Run `npm audit` for details.
2025-04-14T17:55:02.4685450Z ##[group]Run npm --workspaces version prerelease --preid="alpha-pr-$(git rev-parse --short HEAD)" --no-git-tag-version
2025-04-14T17:55:02.4686940Z [36;1mnpm --workspaces version prerelease --preid="alpha-pr-$(git rev-parse --short HEAD)" --no-git-tag-version[0m
2025-04-14T17:55:02.4781860Z shell: /bin/bash --noprofile --norc -e -o pipefail {0}
2025-04-14T17:55:02.4782450Z env:
2025-04-14T17:55:02.4782790Z   PR_NUMBER: 8614
2025-04-14T17:55:02.4783150Z ##[endgroup]
2025-04-14T17:55:02.8746040Z insomnia-testing
2025-04-14T17:55:02.8779470Z v11.1.0-alpha-pr-b5e172e.0
2025-04-14T17:55:02.8780480Z insomnia
2025-04-14T17:55:02.8800560Z v11.1.0-alpha-pr-b5e172e.0
2025-04-14T17:55:02.8801930Z insomnia-inso
2025-04-14T17:55:02.8820350Z v11.1.0-alpha-pr-b5e172e.0
2025-04-14T17:55:02.8821460Z insomnia-smoke-test
2025-04-14T17:55:02.8840350Z v11.1.0-alpha-pr-b5e172e.0
2025-04-14T17:55:02.8841100Z insomnia-scripting-environment
2025-04-14T17:55:02.8860060Z v11.1.0-alpha-pr-b5e172e.0
2025-04-14T17:55:05.4437590Z 
2025-04-14T17:55:05.4437970Z up to date in 3s
2025-04-14T17:55:05.4438830Z 
2025-04-14T17:55:05.4439440Z 263 packages are looking for funding
2025-04-14T17:55:05.4564530Z   run `npm fund` for details
2025-04-14T17:55:05.4634090Z ##[group]Run NODE_OPTIONS='--max_old_space_size=6144' BUILD_TARGETS='zip' npm run app-package
2025-04-14T17:55:05.4635170Z [36;1mNODE_OPTIONS='--max_old_space_size=6144' BUILD_TARGETS='zip' npm run app-package[0m
2025-04-14T17:55:05.4723680Z shell: /bin/bash --noprofile --norc -e -o pipefail {0}
2025-04-14T17:55:05.4724210Z env:
2025-04-14T17:55:05.4724530Z   PR_NUMBER: 8614
2025-04-14T17:55:05.4724880Z ##[endgroup]
2025-04-14T17:55:05.6913300Z 
2025-04-14T17:55:05.6914150Z > insomnia@1.0.0 app-package
2025-04-14T17:55:05.6914820Z > npm run package -w insomnia
2025-04-14T17:55:05.6915140Z 
2025-04-14T17:55:05.9233660Z 
2025-04-14T17:55:05.9234560Z > insomnia@11.1.0-alpha-pr-b5e172e.0 package
2025-04-14T17:55:05.9235850Z > npm run build && cross-env USE_HARD_LINKS=false electron-builder build --config electron-builder.config.js
2025-04-14T17:55:05.9236630Z 
2025-04-14T17:55:06.1652850Z 
2025-04-14T17:55:06.1653710Z > insomnia@11.1.0-alpha-pr-b5e172e.0 build
2025-04-14T17:55:06.1654620Z > esr --cache ./scripts/build.ts --noErrorTruncation
2025-04-14T17:55:06.1655040Z 
2025-04-14T17:55:06.3357810Z [33mThe CJS build of Vite's Node API is deprecated. See https://vitejs.dev/guide/troubleshooting.html#vite-cjs-node-api-deprecated for more details.[39m
2025-04-14T17:55:06.3520540Z [build] Starting build
2025-04-14T17:55:06.5790060Z [build] npm: 10.9.2
2025-04-14T17:55:06.6018330Z [build] node: v22.14.0
2025-04-14T17:55:06.6018980Z [build] Removing existing directories
2025-04-14T17:55:06.6030410Z [build] Building main.min.js and preload
2025-04-14T17:55:06.7582290Z ▲ [WARNING] Using direct eval with a bundler is not recommended and may cause problems [direct-eval]
2025-04-14T17:55:06.7833920Z 
2025-04-14T17:55:06.7835710Z     src/scriptExecutor.ts:31:19:
2025-04-14T17:55:06.7836880Z       31 │     const result = eval(script);
2025-04-14T17:55:06.7837730Z          ╵                    ~~~~
2025-04-14T17:55:06.7838150Z 
2025-04-14T17:55:06.7839200Z   You can read more about direct eval and bundling here: https://esbuild.github.io/link/direct-eval
2025-04-14T17:55:06.7840420Z 
2025-04-14T17:55:06.9540240Z ▲ [WARNING] "import.meta" is not available with the "cjs" output format and will be empty [empty-import-meta]
2025-04-14T17:55:06.9794740Z 
2025-04-14T17:55:06.9798030Z     src/ui/worker/templating-handler.ts:6:60:
2025-04-14T17:55:06.9799750Z       6 │ ...RL('./templating-worker.ts', import.meta.url), { type: 'module' });
2025-04-14T17:55:06.9801160Z         ╵                                 ~~~~~~~~~~~
2025-04-14T17:55:06.9802680Z 
2025-04-14T17:55:06.9806250Z   You need to set the output format to "esm" for "import.meta" to work correctly.
2025-04-14T17:55:06.9807140Z 
2025-04-14T17:55:07.7699510Z [build] Building renderer
2025-04-14T17:55:07.9885610Z [36mvite v5.4.8 [32mbuilding for production...[36m[39m
2025-04-14T17:55:08.0547540Z transforming...
2025-04-14T17:55:08.5870540Z Browserslist: caniuse-lite is outdated. Please run:
2025-04-14T17:55:08.5871690Z   npx update-browserslist-db@latest
2025-04-14T17:55:08.5872720Z   Why you should do it regularly: https://github.com/browserslist/update-db#readme
2025-04-14T17:55:11.1871200Z 
2025-04-14T17:55:11.1872980Z ../webfonts/fa-regular-400.woff2 referenced in ../webfonts/fa-regular-400.woff2 didn't resolve at build time, it will remain unchanged to be resolved at runtime
2025-04-14T17:55:11.1874180Z 
2025-04-14T17:55:11.1876330Z ../webfonts/fa-regular-400.ttf referenced in ../webfonts/fa-regular-400.ttf didn't resolve at build time, it will remain unchanged to be resolved at runtime
2025-04-14T17:55:11.6680450Z ../../node_modules/react-aria-components/dist/Breadcrumbs.mjs (30:21): A comment
2025-04-14T17:55:11.6684090Z 
2025-04-14T17:55:11.6684850Z "/*#__PURE__*/"
2025-04-14T17:55:11.6685730Z 
2025-04-14T17:55:11.6690400Z in "../../node_modules/react-aria-components/dist/Breadcrumbs.mjs" contains an annotation that Rollup cannot interpret due to the position of the comment. The comment will be removed to avoid issues.
2025-04-14T17:55:11.6813010Z ../../node_modules/react-aria-components/dist/ComboBox.mjs (49:42): A comment
2025-04-14T17:55:11.6813730Z 
2025-04-14T17:55:11.6813890Z "/*#__PURE__*/"
2025-04-14T17:55:11.6814110Z 
2025-04-14T17:55:11.6815890Z in "../../node_modules/react-aria-components/dist/ComboBox.mjs" contains an annotation that Rollup cannot interpret due to the position of the comment. The comment will be removed to avoid issues.
2025-04-14T17:55:35.5066020Z src/scriptExecutor.ts (31:19): Use of eval in "src/scriptExecutor.ts" is strongly discouraged as it poses security risks and may cause issues with minification.
2025-04-14T17:55:49.8591970Z [32m✓[39m 4905 modules transformed.
2025-04-14T17:55:57.7642960Z rendering chunks...
2025-04-14T17:55:58.0138340Z [33mwarnings when minifying css:
2025-04-14T17:55:58.0139360Z ▲ [WARNING] Expected identifier but found "*" [css-syntax-error]
2025-04-14T17:55:58.0139890Z 
2025-04-14T17:55:58.0140040Z     <stdin>:912:2:
2025-04-14T17:55:58.0140490Z       912 │   *zoom: 1;
2025-04-14T17:55:58.0140940Z           ╵   ^
2025-04-14T17:55:58.0141160Z 
2025-04-14T17:55:58.0141190Z 
2025-04-14T17:55:58.0141740Z ▲ [WARNING] Expected identifier but found "*" [css-syntax-error]
2025-04-14T17:55:58.0142220Z 
2025-04-14T17:55:58.0142390Z     <stdin>:913:2:
2025-04-14T17:55:58.0142930Z       913 │   *display: inline;
2025-04-14T17:55:58.0143420Z           ╵   ^
2025-04-14T17:55:58.0143630Z 
2025-04-14T17:55:58.0143640Z 
2025-04-14T17:55:58.0144200Z ▲ [WARNING] Expected identifier but found "*" [css-syntax-error]
2025-04-14T17:55:58.0144690Z 
2025-04-14T17:55:58.0144850Z     <stdin>:1069:2:
2025-04-14T17:55:58.0145370Z       1069 │   *vertical-align: text-bottom;
2025-04-14T17:55:58.0145910Z            ╵   ^
2025-04-14T17:55:58.0146140Z 
2025-04-14T17:55:58.0146300Z [39m
2025-04-14T17:56:03.4740580Z [1m[33m[plugin:vite:reporter][39m[22m [33m[plugin vite:reporter] 
2025-04-14T17:56:03.5576100Z (!) /Users/runner/work/insomnia/insomnia/node_modules/react/index.js is dynamically imported by /Users/runner/work/insomnia/insomnia/packages/insomnia/src/plugins/context/app.tsx but also statically imported by  /Users/runner/work/insomnia/insomnia/node_modules/react/index.js?commonjs-proxy, /Users/runner/work/insomnia/insomnia/node_modules/@fortawesome/react-fontawesome/index.es.js, /Users/runner/work/insomnia/insomnia/node_modules/@react-aria/calendar/dist/useCalendarBase.mjs, /Users/runner/work/insomnia/insomnia/node_modules/@react-aria/calendar/dist/useCalendarCell.mjs, /Users/runner/work/insomnia/insomnia/node_modules/@react-aria/calendar/dist/useCalendarGrid.mjs, /Users/runner/work/insomnia/insomnia/node_modules/@react-aria/calendar/dist/useRangeCalendar.mjs, /Users/runner/work/insomnia/insomnia/node_modules/@react-aria/calendar/dist/utils.mjs, /Users/runner/work/insomnia/insomnia/node_modules/@react-aria/checkbox/dist/useCheckbox.mjs, /Users/runner/work/insomnia/insomnia/node_modules/@react-aria/checkbox/dist/useCheckboxGroupItem.mjs, /Users/runner/work/insomnia/insomnia/node_modules/@react-aria/collections/dist/CollectionBuilder.mjs, /Users/runner/work/insomnia/insomnia/node_modules/@react-aria/collections/dist/Hidden.mjs, /Users/runner/work/insomnia/insomnia/node_modules/@react-aria/collections/dist/useCachedChildren.mjs, /Users/runner/work/insomnia/insomnia/node_modules/@react-aria/color/dist/useColorArea.mjs, /Users/runner/work/insomnia/insomnia/node_modules/@react-aria/color/dist/useColorAreaGradient.mjs, /Users/runner/work/insomnia/insomnia/node_modules/@react-aria/color/dist/useColorField.mjs, /Users/runner/work/insomnia/insomnia/node_modules/@react-aria/color/dist/useColorSwatch.mjs, /Users/runner/work/insomnia/insomnia/node_modules/@react-aria/color/dist/useColorWheel.mjs, /Users/runner/work/insomnia/insomnia/node_modules/@react-aria/combobox/dist/useComboBox.mjs, /Users/runner/work/insomnia/insomnia/node_modules/@react-aria/datepicker/dist/useDateField.mjs, /Users/runner/work/insomnia/insomnia/node_modules/@react-aria/datepicker/dist/useDatePicker.mjs, /Users/runner/work/insomnia/insomnia/node_modules/@react-aria/datepicker/dist/useDatePickerGroup.mjs, /Users/runner/work/insomnia/insomnia/node_modules/@react-aria/datepicker/dist/useDateRangePicker.mjs, /Users/runner/work/insomnia/insomnia/node_modules/@react-aria/datepicker/dist/useDateSegment.mjs, /Users/runner/work/insomnia/insomnia/node_modules/@react-aria/datepicker/dist/useDisplayNames.mjs, /Users/runner/work/insomnia/insomnia/node_modules/@react-aria/dialog/dist/useDialog.mjs, /Users/runner/work/insomnia/insomnia/node_modules/@react-aria/dnd/dist/DragManager.mjs, /Users/runner/work/insomnia/insomnia/node_modules/@react-aria/dnd/dist/DragPreview.mjs, /Users/runner/work/insomnia/insomnia/node_modules/@react-aria/dnd/dist/useAutoScroll.mjs, /Users/runner/work/insomnia/insomnia/node_modules/@react-aria/dnd/dist/useClipboard.mjs, /Users/runner/work/insomnia/insomnia/node_modules/@react-aria/dnd/dist/useDrag.mjs, /Users/runner/work/insomnia/insomnia/node_modules/@react-aria/dnd/dist/useDrop.mjs, /Users/runner/work/insomnia/insomnia/node_modules/@react-aria/dnd/dist/useDroppableCollection.mjs, /Users/runner/work/insomnia/insomnia/node_modules/@react-aria/dnd/dist/useDroppableItem.mjs, /Users/runner/work/insomnia/insomnia/node_modules/@react-aria/focus/dist/FocusRing.mjs, /Users/runner/work/insomnia/insomnia/node_modules/@react-aria/focus/dist/FocusScope.mjs, /Users/runner/work/insomnia/insomnia/node_modules/@react-aria/focus/dist/useFocusRing.mjs, /Users/runner/work/insomnia/insomnia/node_modules/@react-aria/focus/dist/useFocusable.mjs, /Users/runner/work/insomnia/insomnia/node_modules/@react-aria/focus/dist/useHasTabbableChild.mjs, /Users/runner/work/insomnia/insomnia/node_modules/@react-aria/form/dist/useFormValidation.mjs, /Users/runner/work/insomnia/insomnia/node_modules/@react-aria/grid/dist/useGrid.mjs, /Users/runner/work/insomnia/insomnia/node_modules/@react-aria/grid/dist/useGridCell.mjs, /Users/runner/work/insomnia/insomnia/node_modules/@react-aria/grid/dist/useGridSelectionAnnouncement.mjs, /Users/runner/work/insomnia/insomnia/node_modules/@react-aria/grid/dist/useHighlightSelectionDescription.mjs, /Users/runner/work/insomnia/insomnia/node_modules/@react-aria/gridlist/dist/useGridListItem.mjs, /Users/runner/work/insomnia/insomnia/node_modules/@react-aria/i18n/dist/context.mjs, /Users/runner/work/insomnia/insomnia/node_modules/@react-aria/i18n/dist/useDateFormatter.mjs, /Users/runner/work/insomnia/insomnia/node_modules/@react-aria/i18n/dist/useDefaultLocale.mjs, /Users/runner/work/insomnia/insomnia/node_modules/@react-aria/i18n/dist/useFilter.mjs, /Users/runner/work/insomnia/insomnia/node_modules/@react-aria/i18n/dist/useListFormatter.mjs, /Users/runner/work/insomnia/insomnia/node_modules/@react-aria/i18n/dist/useLocalizedStringFormatter.mjs, /Users/runner/work/insomnia/insomnia/node_modules/@react-aria/i18n/dist/useMessageFormatter.mjs, /Users/runner/work/insomnia/insomnia/node_modules/@react-aria/i18n/dist/useNumberFormatter.mjs, /Users/runner/work/insomnia/insomnia/node_modules/@react-aria/interactions/dist/PressResponder.mjs, /Users/runner/work/insomnia/insomnia/node_modules/@react-aria/interactions/dist/Pressable.mjs, /Users/runner/work/insomnia/insomnia/node_modules/@react-aria/interactions/dist/context.mjs, /Users/runner/work/insomnia/insomnia/node_modules/@react-aria/interactions/dist/useFocus.mjs, /Users/runner/work/insomnia/insomnia/node_modules/@react-aria/interactions/dist/useFocusVisible.mjs, /Users/runner/work/insomnia/insomnia/node_modules/@react-aria/interactions/dist/useFocusWithin.mjs, /Users/runner/work/insomnia/insomnia/node_modules/@react-aria/interactions/dist/useHover.mjs, /Users/runner/work/insomnia/insomnia/node_modules/@react-aria/interactions/dist/useInteractOutside.mjs, /Users/runner/work/insomnia/insomnia/node_modules/@react-aria/interactions/dist/useLongPress.mjs, /Users/runner/work/insomnia/insomnia/node_modules/@react-aria/interactions/dist/useMove.mjs, /Users/runner/work/insomnia/insomnia/node_modules/@react-aria/interactions/dist/usePress.mjs, /Users/runner/work/insomnia/insomnia/node_modules/@react-aria/interactions/dist/useScrollWheel.mjs, /Users/runner/work/insomnia/insomnia/node_modules/@react-aria/interactions/dist/utils.mjs, /Users/runner/work/insomnia/insomnia/node_modules/@react-aria/menu/dist/useSafelyMouseToSubmenu.mjs, /Users/runner/work/insomnia/insomnia/node_modules/@react-aria/menu/dist/useSubmenuTrigger.mjs, /Users/runner/work/insomnia/insomnia/node_modules/@react-aria/numberfield/dist/useNumberField.mjs, /Users/runner/work/insomnia/insomnia/node_modules/@react-aria/overlays/dist/DismissButton.mjs, /Users/runner/work/insomnia/insomnia/node_modules/@react-aria/overlays/dist/Overlay.mjs, /Users/runner/work/insomnia/insomnia/node_modules/@react-aria/overlays/dist/PortalProvider.mjs, /Users/runner/work/insomnia/insomnia/node_modules/@react-aria/overlays/dist/useCloseOnScroll.mjs, /Users/runner/work/insomnia/insomnia/node_modules/@react-aria/overlays/dist/useModal.mjs, /Users/runner/work/insomnia/insomnia/node_modules/@react-aria/overlays/dist/useModalOverlay.mjs, /Users/runner/work/insomnia/insomnia/node_modules/@react-aria/overlays/dist/useOverlay.mjs, /Users/runner/work/insomnia/insomnia/node_modules/@react-aria/overlays/dist/useOverlayPosition.mjs, /Users/runner/work/insomnia/insomnia/node_modules/@react-aria/overlays/dist/useOverlayTrigger.mjs, /Users/runner/work/insomnia/insomnia/node_modules/@react-aria/select/dist/HiddenSelect.mjs, /Users/runner/work/insomnia/insomnia/node_modules/@react-aria/select/dist/useSelect.mjs, /Users/runner/work/insomnia/insomnia/node_modules/@react-aria/selection/dist/useSelectableCollection.mjs, /Users/runner/work/insomnia/insomnia/node_modules/@react-aria/selection/dist/useSelectableItem.mjs, /Users/runner/work/insomnia/insomnia/node_modules/@react-aria/selection/dist/useSelectableList.mjs, /Users/runner/work/insomnia/insomnia/node_modules/@react-aria/selection/dist/useTypeSelect.mjs, /Users/runner/work/insomnia/insomnia/node_modules/@react-aria/slider/dist/useSlider.mjs, /Users/runner/work/insomnia/insomnia/node_modules/@react-aria/slider/dist/useSliderThumb.mjs, /Users/runner/work/insomnia/insomnia/node_modules/@react-aria/spinbutton/dist/useSpinButton.mjs, /Users/runner/work/insomnia/insomnia/node_modules/@react-aria/ssr/dist/SSRProvider.mjs, /Users/runner/work/insomnia/insomnia/node_modules/@react-aria/table/dist/useTable.mjs, /Users/runner/work/insomnia/insomnia/node_modules/@react-aria/table/dist/useTableColumnHeader.mjs, /Users/runner/work/insomnia/insomnia/node_modules/@react-aria/table/dist/useTableColumnResize.mjs, /Users/runner/work/insomnia/insomnia/node_modules/@react-aria/tabs/dist/useTabList.mjs, /Users/runner/work/insomnia/insomnia/node_modules/@react-aria/tag/dist/useTagGroup.mjs, /Users/runner/work/insomnia/insomnia/node_modules/@react-aria/textfield/dist/useFormattedTextField.mjs, /Users/runner/work/insomnia/insomnia/node_modules/@react-aria/textfield/dist/useTextField.mjs, /Users/runner/work/insomnia/insomnia/node_modules/@react-aria/toolbar/dist/useToolbar.mjs, /Users/runner/work/insomnia/insomnia/node_modules/@react-aria/tooltip/dist/useTooltipTrigger.mjs, /Users/runner/work/insomnia/insomnia/node_modules/@react-aria/utils/dist/openLink.mjs, /Users/runner/work/insomnia/insomnia/node_modules/@react-aria/utils/dist/useDeepMemo.mjs, /Users/runner/work/insomnia/insomnia/node_modules/@react-aria/utils/dist/useDescription.mjs, /Users/runner/work/insomnia/insomnia/node_modules/@react-aria/utils/dist/useDrag1D.mjs, /Users/runner/work/insomnia/insomnia/node_modules/@react-aria/utils/dist/useEffectEvent.mjs, /Users/runner/work/insomnia/insomnia/node_modules/@react-aria/utils/dist/useEvent.mjs, /Users/runner/work/insomnia/insomnia/node_modules/@react-aria/utils/dist/useFormReset.mjs, /Users/runner/work/insomnia/insomnia/node_modules/@react-aria/utils/dist/useGlobalListeners.mjs, /Users/runner/work/insomnia/insomnia/node_modules/@react-aria/utils/dist/useId.mjs, /Users/runner/work/insomnia/insomnia/node_modules/@react-aria/utils/dist/useLayoutEffect.mjs, /Users/runner/work/insomnia/insomnia/node_modules/@react-aria/utils/dist/useLoadMore.mjs, /Users/runner/work/insomnia/insomnia/node_modules/@react-aria/utils/dist/useObjectRef.mjs, /Users/runner/work/insomnia/insomnia/node_modules/@react-aria/utils/dist/useResizeObserver.mjs, /Users/runner/work/insomnia/insomnia/node_modules/@react-aria/utils/dist/useUpdateEffect.mjs, /Users/runner/work/insomnia/insomnia/node_modules/@react-aria/utils/dist/useValueEffect.mjs, /Users/runner/work/insomnia/insomnia/node_modules/@react-aria/utils/dist/useViewportSize.mjs, /Users/runner/work/insomnia/insomnia/node_modules/@react-aria/virtualizer/dist/ScrollView.mjs, /Users/runner/work/insomnia/insomnia/node_modules/@react-aria/virtualizer/dist/Virtualizer.mjs, /Users/runner/work/insomnia/insomnia/node_modules/@react-aria/virtualizer/dist/VirtualizerItem.mjs, /Users/runner/work/insomnia/insomnia/node_modules/@react-aria/virtualizer/dist/useVirtualizerItem.mjs, /Users/runner/work/insomnia/insomnia/node_modules/@react-aria/visually-hidden/dist/VisuallyHidden.mjs, /Users/runner/work/insomnia/insomnia/node_modules/@react-stately/calendar/dist/useCalendarState.mjs, /Users/runner/work/insomnia/insomnia/node_modules/@react-stately/calendar/dist/useRangeCalendarState.mjs, /Users/runner/work/insomnia/insomnia/node_modules/@react-stately/checkbox/dist/useCheckboxGroupState.mjs, /Users/runner/work/insomnia/insomnia/node_modules/@react-stately/collections/dist/CollectionBuilder.mjs, /Users/runner/work/insomnia/insomnia/node_modules/@react-stately/collections/dist/Item.mjs, /Users/runner/work/insomnia/insomnia/node_modules/@react-stately/collections/dist/Section.mjs, /Users/runner/work/insomnia/insomnia/node_modules/@react-stately/collections/dist/useCollection.mjs, /Users/runner/work/insomnia/insomnia/node_modules/@react-stately/color/dist/useColor.mjs, /Users/runner/work/insomnia/insomnia/node_modules/@react-stately/color/dist/useColorAreaState.mjs, /Users/runner/work/insomnia/insomnia/node_modules/@react-stately/color/dist/useColorChannelFieldState.mjs, /Users/runner/work/insomnia/insomnia/node_modules/@react-stately/color/dist/useColorFieldState.mjs, /Users/runner/work/insomnia/insomnia/node_modules/@react-stately/color/dist/useColorSliderState.mjs, /Users/runner/work/insomnia/insomnia/node_modules/@react-stately/color/dist/useColorWheelState.mjs, /Users/runner/work/insomnia/insomnia/node_modules/@react-stately/combobox/dist/useComboBoxState.mjs, /Users/runner/work/insomnia/insomnia/node_modules/@react-stately/data/dist/useAsyncList.mjs, /Users/runner/work/insomnia/insomnia/node_modules/@react-stately/data/dist/useListData.mjs, /Users/runner/work/insomnia/insomnia/node_modules/@react-stately/data/dist/useTreeData.mjs, /Users/runner/work/insomnia/insomnia/node_modules/@react-stately/datepicker/dist/useDateFieldState.mjs, /Users/runner/work/insomnia/insomnia/node_modules/@react-stately/datepicker/dist/useDatePickerState.mjs, /Users/runner/work/insomnia/insomnia/node_modules/@react-stately/datepicker/dist/useDateRangePickerState.mjs, /Users/runner/work/insomnia/insomnia/node_modules/@react-stately/datepicker/dist/useTimeFieldState.mjs, /Users/runner/work/insomnia/insomnia/node_modules/@react-stately/datepicker/dist/utils.mjs, /Users/runner/work/insomnia/insomnia/node_modules/@react-stately/dnd/dist/useDraggableCollectionState.mjs, /Users/runner/work/insomnia/insomnia/node_modules/@react-stately/dnd/dist/useDroppableCollectionState.mjs, /Users/runner/work/insomnia/insomnia/node_modules/@react-stately/form/dist/useFormValidationState.mjs, /Users/runner/work/insomnia/insomnia/node_modules/@react-stately/grid/dist/useGridState.mjs, /Users/runner/work/insomnia/insomnia/node_modules/@react-stately/list/dist/useListState.mjs, /Users/runner/work/insomnia/insomnia/node_modules/@react-stately/list/dist/useSingleSelectListState.mjs, /Users/runner/work/insomnia/insomnia/node_modules/@react-stately/menu/dist/useMenuTriggerState.mjs, /Users/runner/work/insomnia/insomnia/node_modules/@react-stately/menu/dist/useSubmenuTriggerState.mjs, /Users/runner/work/insomnia/insomnia/node_modules/@react-stately/numberfield/dist/useNumberFieldState.mjs, /Users/runner/work/insomnia/insomnia/node_modules/@react-stately/overlays/dist/useOverlayTriggerState.mjs, /Users/runner/work/insomnia/insomnia/node_modules/@react-stately/radio/dist/useRadioGroupState.mjs, /Users/runner/work/insomnia/insomnia/node_modules/@react-stately/select/dist/useSelectState.mjs, /Users/runner/work/insomnia/insomnia/node_modules/@react-stately/selection/dist/useMultipleSelectionState.mjs, /Users/runner/work/insomnia/insomnia/node_modules/@react-stately/slider/dist/useSliderState.mjs, /Users/runner/work/insomnia/insomnia/node_modules/@react-stately/table/dist/Column.mjs, /Users/runner/work/insomnia/insomnia/node_modules/@react-stately/table/dist/Row.mjs, /Users/runner/work/insomnia/insomnia/node_modules/@react-stately/table/dist/TableBody.mjs, /Users/runner/work/insomnia/insomnia/node_modules/@react-stately/table/dist/TableHeader.mjs, /Users/runner/work/insomnia/insomnia/node_modules/@react-stately/table/dist/useTableColumnResizeState.mjs, /Users/runner/work/insomnia/insomnia/node_modules/@react-stately/table/dist/useTableState.mjs, /Users/runner/work/insomnia/insomnia/node_modules/@react-stately/table/dist/useTreeGridState.mjs, /Users/runner/work/insomnia/insomnia/node_modules/@react-stately/tabs/dist/useTabListState.mjs, /Users/runner/work/insomnia/insomnia/node_modules/@react-stately/tooltip/dist/useTooltipTriggerState.mjs, /Users/runner/work/insomnia/insomnia/node_modules/@react-stately/tree/dist/useTreeState.mjs, /Users/runner/work/insomnia/insomnia/node_modules/@react-stately/utils/dist/useControlledState.mjs, /Users/runner/work/insomnia/insomnia/node_modules/@react-stately/virtualizer/dist/useVirtualizerState.mjs, /Users/runner/work/insomnia/insomnia/node_modules/@tanstack/react-virtual/dist/esm/index.js, /Users/runner/work/insomnia/insomnia/node_modules/react-aria-components/dist/Breadcrumbs.mjs, /Users/runner/work/insomnia/insomnia/node_modules/react-aria-components/dist/Button.mjs, /Users/runner/work/insomnia/insomnia/node_modules/react-aria-components/dist/Calendar.mjs, /Users/runner/work/insomnia/insomnia/node_modules/react-aria-components/dist/Checkbox.mjs, /Users/runner/work/insomnia/insomnia/node_modules/react-aria-components/dist/Collection.mjs, /Users/runner/work/insomnia/insomnia/node_modules/react-aria-components/dist/ColorArea.mjs, /Users/runner/work/insomnia/insomnia/node_modules/react-aria-components/dist/ColorField.mjs, /Users/runner/work/insomnia/insomnia/node_modules/react-aria-components/dist/ColorPicker.mjs, /Users/runner/work/insomnia/insomnia/node_modules/react-aria-components/dist/ColorSlider.mjs, /Users/runner/work/insomnia/insomnia/node_modules/react-aria-components/dist/ColorSwatch.mjs, /Users/runner/work/insomnia/insomnia/node_modules/react-aria-components/dist/ColorSwatchPicker.mjs, /Users/runner/work/insomnia/insomnia/node_modules/react-aria-components/dist/ColorThumb.mjs, /Users/runner/work/insomnia/insomnia/node_modules/react-aria-components/dist/ColorWheel.mjs, /Users/runner/work/insomnia/insomnia/node_modules/react-aria-components/dist/ComboBox.mjs, /Users/runner/work/insomnia/insomnia/node_modules/react-aria-components/dist/DateField.mjs, /Users/runner/work/insomnia/insomnia/node_modules/react-aria-components/dist/DatePicker.mjs, /Users/runner/work/insomnia/insomnia/node_modules/react-aria-components/dist/Dialog.mjs, /Users/runner/work/insomnia/insomnia/node_modules/react-aria-components/dist/DragAndDrop.mjs, /Users/runner/work/insomnia/insomnia/node_modules/react-aria-components/dist/DropZone.mjs, /Users/runner/work/insomnia/insomnia/node_modules/react-aria-components/dist/FieldError.mjs, /Users/runner/work/insomnia/insomnia/node_modules/react-aria-components/dist/FileTrigger.mjs, /Users/runner/work/insomnia/insomnia/node_modules/react-aria-components/dist/Form.mjs, /Users/runner/work/insomnia/insomnia/node_modules/react-aria-components/dist/GridList.mjs, /Users/runner/work/insomnia/insomnia/node_modules/react-aria-components/dist/Group.mjs, /Users/runner/work/insomnia/insomnia/node_modules/react-aria-components/dist/Header.mjs, /Users/runner/work/insomnia/insomnia/node_modules/react-aria-components/dist/Heading.mjs, /Users/runner/work/insomnia/insomnia/node_modules/react-aria-components/dist/Input.mjs, /Users/runner/work/insomnia/insomnia/node_modules/react-aria-components/dist/Keyboard.mjs, /Users/runner/work/insomnia/insomnia/node_modules/react-aria-components/dist/Label.mjs, /Users/runner/work/insomnia/insomnia/node_modules/react-aria-components/dist/Link.mjs, /Users/runner/work/insomnia/insomnia/node_modules/react-aria-components/dist/ListBox.mjs, /Users/runner/work/insomnia/insomnia/node_modules/react-aria-components/dist/Menu.mjs, /Users/runner/work/insomnia/insomnia/node_modules/react-aria-components/dist/Meter.mjs, /Users/runner/work/insomnia/insomnia/node_modules/react-aria-components/dist/Modal.mjs, /Users/runner/work/insomnia/insomnia/node_modules/react-aria-components/dist/NumberField.mjs, /Users/runner/work/insomnia/insomnia/node_modules/react-aria-components/dist/OverlayArrow.mjs, /Users/runner/work/insomnia/insomnia/node_modules/react-aria-components/dist/Popover.mjs, /Users/runner/work/insomnia/insomnia/node_modules/react-aria-components/dist/ProgressBar.mjs, /Users/runner/work/insomnia/insomnia/node_modules/react-aria-components/dist/RSPContexts.mjs, /Users/runner/work/insomnia/insomnia/node_modules/react-aria-components/dist/RadioGroup.mjs, /Users/runner/work/insomnia/insomnia/node_modules/react-aria-components/dist/SearchField.mjs, /Users/runner/work/insomnia/insomnia/node_modules/react-aria-components/dist/Select.mjs, /Users/runner/work/insomnia/insomnia/node_modules/react-aria-components/dist/Separator.mjs, /Users/runner/work/insomnia/insomnia/node_modules/react-aria-components/dist/Slider.mjs, /Users/runner/work/insomnia/insomnia/node_modules/react-aria-components/dist/Switch.mjs, /Users/runner/work/insomnia/insomnia/node_modules/react-aria-components/dist/Table.mjs, /Users/runner/work/insomnia/insomnia/node_modules/react-aria-components/dist/TableLayout.mjs, /Users/runner/work/insomnia/insomnia/node_modules/react-aria-components/dist/Tabs.mjs, /Users/runner/work/insomnia/insomnia/node_modules/react-aria-components/dist/TagGroup.mjs, /Users/runner/work/insomnia/insomnia/node_modules/react-aria-components/dist/Text.mjs, /Users/runner/work/insomnia/insomnia/node_modules/react-aria-components/dist/TextArea.mjs, /Users/runner/work/insomnia/insomnia/node_modules/react-aria-components/dist/TextField.mjs, /Users/runner/work/insomnia/insomnia/node_modules/react-aria-components/dist/ToggleButton.mjs, /Users/runner/work/insomnia/insomnia/node_modules/react-aria-components/dist/Toolbar.mjs, /Users/runner/work/insomnia/insomnia/node_modules/react-aria-components/dist/Tooltip.mjs, /Users/runner/work/insomnia/insomnia/node_modules/react-aria-components/dist/Tree.mjs, /Users/runner/work/insomnia/insomnia/node_modules/react-aria-components/dist/Virtualizer.mjs, /Users/runner/work/insomnia/insomnia/node_modules/react-aria-components/dist/useDragAndDrop.mjs, /Users/runner/work/insomnia/insomnia/node_modules/react-aria-components/dist/utils.mjs, /Users/runner/work/insomnia/insomnia/node_modules/react-resizable-panels/dist/react-resizable-panels.browser.esm.js, /Users/runner/work/insomnia/insomnia/node_modules/react-router-dom/dist/index.js, /Users/runner/work/insomnia/insomnia/node_modules/react-router/dist/index.js, /Users/runner/work/insomnia/insomnia/node_modules/react-use/esm/factory/createBreakpoint.js, /Users/runner/work/insomnia/insomnia/node_modules/react-use/esm/factory/createGlobalState.js, /Users/runner/work/insomnia/insomnia/node_modules/react-use/esm/factory/createHTMLMediaHook.js, /Users/runner/work/insomnia/insomnia/node_modules/react-use/esm/factory/createMemo.js, /Users/runner/work/insomnia/insomnia/node_modules/react-use/esm/factory/createReducer.js, /Users/runner/work/insomnia/insomnia/node_modules/react-use/esm/factory/createReducerContext.js, /Users/runner/work/insomnia/insomnia/node_modules/react-use/esm/factory/createStateContext.js, /Users/runner/work/insomnia/insomnia/node_modules/react-use/esm/useAsync.js, /Users/runner/work/insomnia/insomnia/node_modules/react-use/esm/useAsyncFn.js, /Users/runner/work/insomnia/insomnia/node_modules/react-use/esm/useAsyncRetry.js, /Users/runner/work/insomnia/insomnia/node_modules/react-use/esm/useBattery.js, /Users/runner/work/insomnia/insomnia/node_modules/react-use/esm/useBeforeUnload.js, /Users/runner/work/insomnia/insomnia/node_modules/react-use/esm/useClickAway.js, /Users/runner/work/insomnia/insomnia/node_modules/react-use/esm/useCookie.js, /Users/runner/work/insomnia/insomnia/node_modules/react-use/esm/useCopyToClipboard.js, /Users/runner/work/insomnia/insomnia/node_modules/react-use/esm/useCounter.js, /Users/runner/work/insomnia/insomnia/node_modules/react-use/esm/useCss.js, /Users/runner/work/insomnia/insomnia/node_modules/react-use/esm/useCustomCompareEffect.js, /Users/runner/work/insomnia/insomnia/node_modules/react-use/esm/useDebounce.js, /Users/runner/work/insomnia/insomnia/node_modules/react-use/esm/useDefault.js, /Users/runner/work/insomnia/insomnia/node_modules/react-use/esm/useDrop.js, /Users/runner/work/insomnia/insomnia/node_modules/react-use/esm/useDropArea.js, /Users/runner/work/insomnia/insomnia/node_modules/react-use/esm/useEffectOnce.js, /Users/runner/work/insomnia/insomnia/node_modules/react-use/esm/useEnsuredForwardedRef.js, /Users/runner/work/insomnia/insomnia/node_modules/react-use/esm/useError.js, /Users/runner/work/insomnia/insomnia/node_modules/react-use/esm/useEvent.js, /Users/runner/work/insomnia/insomnia/node_modules/react-use/esm/useFavicon.js, /Users/runner/work/insomnia/insomnia/node_modules/react-use/esm/useFirstMountState.js, /Users/runner/work/insomnia/insomnia/node_modules/react-use/esm/useFullscreen.js, /Users/runner/work/insomnia/insomnia/node_modules/react-use/esm/useGeolocation.js, /Users/runner/work/insomnia/insomnia/node_modules/react-use/esm/useGetSet.js, /Users/runner/work/insomnia/insomnia/node_modules/react-use/esm/useGetSetState.js, /Users/runner/work/insomnia/insomnia/node_modules/react-use/esm/useHarmonicIntervalFn.js, /Users/runner/work/insomnia/insomnia/node_modules/react-use/esm/useHash.js, /Users/runner/work/insomnia/insomnia/node_modules/react-use/esm/useHover.js, /Users/runner/work/insomnia/insomnia/node_modules/react-use/esm/useHoverDirty.js, /Users/runner/work/insomnia/insomnia/node_modules/react-use/esm/useIdle.js, /Users/runner/work/insomnia/insomnia/node_modules/react-use/esm/useIntersection.js, /Users/runner/work/insomnia/insomnia/node_modules/react-use/esm/useInterval.js, /Users/runner/work/insomnia/insomnia/node_modules/react-use/esm/useIsomorphicLayoutEffect.js, /Users/runner/work/insomnia/insomnia/node_modules/react-use/esm/useKey.js, /Users/runner/work/insomnia/insomnia/node_modules/react-use/esm/useKeyPress.js, /Users/runner/work/insomnia/insomnia/node_modules/react-use/esm/useLatest.js, /Users/runner/work/insomnia/insomnia/node_modules/react-use/esm/useLifecycles.js, /Users/runner/work/insomnia/insomnia/node_modules/react-use/esm/useList.js, /Users/runner/work/insomnia/insomnia/node_modules/react-use/esm/useLocalStorage.js, /Users/runner/work/insomnia/insomnia/node_modules/react-use/esm/useLocation.js, /Users/runner/work/insomnia/insomnia/node_modules/react-use/esm/useLockBodyScroll.js, /Users/runner/work/insomnia/insomnia/node_modules/react-use/esm/useLongPress.js, /Users/runner/work/insomnia/insomnia/node_modules/react-use/esm/useMap.js, /Users/runner/work/insomnia/insomnia/node_modules/react-use/esm/useMeasure.js, /Users/runner/work/insomnia/insomnia/node_modules/react-use/esm/useMedia.js, /Users/runner/work/insomnia/insomnia/node_modules/react-use/esm/useMediaDevices.js, /Users/runner/work/insomnia/insomnia/node_modules/react-use/esm/useMediatedState.js, /Users/runner/work/insomnia/insomnia/node_modules/react-use/esm/useMethods.js, /Users/runner/work/insomnia/insomnia/node_modules/react-use/esm/useMotion.js, /Users/runner/work/insomnia/insomnia/node_modules/react-use/esm/useMountedState.js, /Users/runner/work/insomnia/insomnia/node_modules/react-use/esm/useMouse.js, /Users/runner/work/insomnia/insomnia/node_modules/react-use/esm/useMouseWheel.js, /Users/runner/work/insomnia/insomnia/node_modules/react-use/esm/useMultiStateValidator.js, /Users/runner/work/insomnia/insomnia/node_modules/react-use/esm/useNetworkState.js, /Users/runner/work/insomnia/insomnia/node_modules/react-use/esm/useObservable.js, /Users/runner/work/insomnia/insomnia/node_modules/react-use/esm/useOrientation.js, /Users/runner/work/insomnia/insomnia/node_modules/react-use/esm/usePageLeave.js, /Users/runner/work/insomnia/insomnia/node_modules/react-use/esm/usePermission.js, /Users/runner/work/insomnia/insomnia/node_modules/react-use/esm/usePinchZoom.js, /Users/runner/work/insomnia/insomnia/node_modules/react-use/esm/usePrevious.js, /Users/runner/work/insomnia/insomnia/node_modules/react-use/esm/usePreviousDistinct.js, /Users/runner/work/insomnia/insomnia/node_modules/react-use/esm/usePromise.js, /Users/runner/work/insomnia/insomnia/node_modules/react-use/esm/useQueue.js, /Users/runner/work/insomnia/insomnia/node_modules/react-use/esm/useRaf.js, /Users/runner/work/insomnia/insomnia/node_modules/react-use/esm/useRafLoop.js, /Users/runner/work/insomnia/insomnia/node_modules/react-use/esm/useRafState.js, /Users/runner/work/insomnia/insomnia/node_modules/react-use/esm/useRendersCount.js, /Users/runner/work/insomnia/insomnia/node_modules/react-use/esm/useScratch.js, /Users/runner/work/insomnia/insomnia/node_modules/react-use/esm/useScroll.js, /Users/runner/work/insomnia/insomnia/node_modules/react-use/esm/useScrollbarWidth.js, /Users/runner/work/insomnia/insomnia/node_modules/react-use/esm/useScrolling.js, /Users/runner/work/insomnia/insomnia/node_modules/react-use/esm/useSearchParam.js, /Users/runner/work/insomnia/insomnia/node_modules/react-use/esm/useSessionStorage.js, /Users/runner/work/insomnia/insomnia/node_modules/react-use/esm/useSet.js, /Users/runner/work/insomnia/insomnia/node_modules/react-use/esm/useSetState.js, /Users/runner/work/insomnia/insomnia/node_modules/react-use/esm/useSize.js, /Users/runner/work/insomnia/insomnia/node_modules/react-use/esm/useSlider.js, /Users/runner/work/insomnia/insomnia/node_modules/react-use/esm/useSpeech.js, /Users/runner/work/insomnia/insomnia/node_modules/react-use/esm/useStateList.js, /Users/runner/work/insomnia/insomnia/node_modules/react-use/esm/useStateValidator.js, /Users/runner/work/insomnia/insomnia/node_modules/react-use/esm/useStateWithHistory.js, /Users/runner/work/insomnia/insomnia/node_modules/react-use/esm/useThrottle.js, /Users/runner/work/insomnia/insomnia/node_modules/react-use/esm/useThrottleFn.js, /Users/runner/work/insomnia/insomnia/node_modules/react-use/esm/useTimeoutFn.js, /Users/runner/work/insomnia/insomnia/node_modules/react-use/esm/useTitle.js, /Users/runner/work/insomnia/insomnia/node_modules/react-use/esm/useToggle.js, /Users/runner/work/insomnia/insomnia/node_modules/react-use/esm/useUnmount.js, /Users/runner/work/insomnia/insomnia/node_modules/react-use/esm/useUnmountPromise.js, /Users/runner/work/insomnia/insomnia/node_modules/react-use/esm/useUpdate.js, /Users/runner/work/insomnia/insomnia/node_modules/react-use/esm/useUpdateEffect.js, /Users/runner/work/insomnia/insomnia/node_modules/react-use/esm/useVibrate.js, /Users/runner/work/insomnia/insomnia/node_modules/react-use/esm/useWindowScroll.js, /Users/runner/work/insomnia/insomnia/node_modules/react-use/esm/useWindowSize.js, /Users/runner/work/insomnia/insomnia/packages/insomnia/src/common/export.tsx, /Users/runner/work/insomnia/insomnia/packages/insomnia/src/plugins/context/app.tsx, /Users/runner/work/insomnia/insomnia/packages/insomnia/src/ui/components/app-loading-indicator.tsx, /Users/runner/work/insomnia/insomnia/packages/insomnia/src/ui/components/assets/svgr/IcnArrowRight.tsx, /Users/runner/work/insomnia/insomnia/packages/insomnia/src/ui/components/assets/svgr/IcnBitbucketLogo.tsx, /Users/runner/work/insomnia/insomnia/packages/insomnia/src/ui/components/assets/svgr/IcnBrackets.tsx, /Users/runner/work/insomnia/insomnia/packages/insomnia/src/ui/components/assets/svgr/IcnBug.tsx, /Users/runner/work/insomnia/insomnia/packages/insomnia/src/ui/components/assets/svgr/IcnBurgerMenu.tsx, /Users/runner/work/insomnia/insomnia/packages/insomnia/src/ui/components/assets/svgr/IcnCheckmark.tsx, /Users/runner/work/insomnia/insomnia/packages/insomnia/src/ui/components/assets/svgr/IcnCheckmarkCircle.tsx, /Users/runner/work/insomnia/insomnia/packages/insomnia/src/ui/components/assets/svgr/IcnChevronDown.tsx, /Users/runner/work/insomnia/insomnia/packages/insomnia/src/ui/components/assets/svgr/IcnChevronUp.tsx, /Users/runner/work/insomnia/insomnia/packages/insomnia/src/ui/components/assets/svgr/IcnClock.tsx, /Users/runner/work/insomnia/insomnia/packages/insomnia/src/ui/components/assets/svgr/IcnCookie.tsx, /Users/runner/work/insomnia/insomnia/packages/insomnia/src/ui/components/assets/svgr/IcnDisconnected.tsx, /Users/runner/work/insomnia/insomnia/packages/insomnia/src/ui/components/assets/svgr/IcnDraftingCompass.tsx, /Users/runner/work/insomnia/insomnia/packages/insomnia/src/ui/components/assets/svgr/IcnDragGrip.tsx, /Users/runner/work/insomnia/insomnia/packages/insomnia/src/ui/components/assets/svgr/IcnElevator.tsx, /Users/runner/work/insomnia/insomnia/packages/insomnia/src/ui/components/assets/svgr/IcnEllipsis.tsx, /Users/runner/work/insomnia/insomnia/packages/insomnia/src/ui/components/assets/svgr/IcnEllipsisCircle.tsx, /Users/runner/work/insomnia/insomnia/packages/insomnia/src/ui/components/assets/svgr/IcnEmpty.tsx, /Users/runner/work/insomnia/insomnia/packages/insomnia/src/ui/components/assets/svgr/IcnErrors.tsx, /Users/runner/work/insomnia/insomnia/packages/insomnia/src/ui/components/assets/svgr/IcnFile.tsx, /Users/runner/work/insomnia/insomnia/packages/insomnia/src/ui/components/assets/svgr/IcnFolder.tsx, /Users/runner/work/insomnia/insomnia/packages/insomnia/src/ui/components/assets/svgr/IcnFolderOpen.tsx, /Users/runner/work/insomnia/insomnia/packages/insomnia/src/ui/components/assets/svgr/IcnGear.tsx, /Users/runner/work/insomnia/insomnia/packages/insomnia/src/ui/components/assets/svgr/IcnGitBranch.tsx, /Users/runner/work/insomnia/insomnia/packages/insomnia/src/ui/components/assets/svgr/IcnGithubLogo.tsx, /Users/runner/work/insomnia/insomnia/packages/insomnia/src/ui/components/assets/svgr/IcnGitlabLogo.tsx, /Users/runner/work/insomnia/insomnia/packages/insomnia/src/ui/components/assets/svgr/IcnGlobe.tsx, /Users/runner/work/insomnia/insomnia/packages/insomnia/src/ui/components/assets/svgr/IcnGui.tsx, /Users/runner/work/insomnia/insomnia/packages/insomnia/src/ui/components/assets/svgr/IcnHeart.tsx, /Users/runner/work/insomnia/insomnia/packages/insomnia/src/ui/components/assets/svgr/IcnHome.tsx, /Users/runner/work/insomnia/insomnia/packages/insomnia/src/ui/components/assets/svgr/IcnIndentation.tsx, /Users/runner/work/insomnia/insomnia/packages/insomnia/src/ui/components/assets/svgr/IcnInfo.tsx, /Users/runner/work/insomnia/insomnia/packages/insomnia/src/ui/components/assets/svgr/IcnJump.tsx, /Users/runner/work/insomnia/insomnia/packages/insomnia/src/ui/components/assets/svgr/IcnKey.tsx, /Users/runner/work/insomnia/insomnia/packages/insomnia/src/ui/components/assets/svgr/IcnLaptop.tsx, /Users/runner/work/insomnia/insomnia/packages/insomnia/src/ui/components/assets/svgr/IcnMinusCircle.tsx, /Users/runner/work/insomnia/insomnia/packages/insomnia/src/ui/components/assets/svgr/IcnMinusCircleFill.tsx, /Users/runner/work/insomnia/insomnia/packages/insomnia/src/ui/components/assets/svgr/IcnPlaceholder.tsx, /Users/runner/work/insomnia/insomnia/packages/insomnia/src/ui/components/assets/svgr/IcnPlay.tsx, /Users/runner/work/insomnia/insomnia/packages/insomnia/src/ui/components/assets/svgr/IcnPlus.tsx, /Users/runner/work/insomnia/insomnia/packages/insomnia/src/ui/components/assets/svgr/IcnProhibited.tsx, /Users/runner/work/insomnia/insomnia/packages/insomnia/src/ui/components/assets/svgr/IcnQuestion.tsx, /Users/runner/work/insomnia/insomnia/packages/insomnia/src/ui/components/assets/svgr/IcnQuestionFill.tsx, /Users/runner/work/insomnia/insomnia/packages/insomnia/src/ui/components/assets/svgr/IcnReceive.tsx, /Users/runner/work/insomnia/insomnia/packages/insomnia/src/ui/components/assets/svgr/IcnSearch.tsx, /Users/runner/work/insomnia/insomnia/packages/insomnia/src/ui/components/assets/svgr/IcnSecCert.tsx, /Users/runner/work/insomnia/insomnia/packages/insomnia/src/ui/components/assets/svgr/IcnSent.tsx, /Users/runner/work/insomnia/insomnia/packages/insomnia/src/ui/components/assets/svgr/IcnSuccess.tsx, /Users/runner/work/insomnia/insomnia/packages/insomnia/src/ui/components/assets/svgr/IcnSync.tsx, /Users/runner/work/insomnia/insomnia/packages/insomnia/src/ui/components/assets/svgr/IcnSystemEvent.tsx, /Users/runner/work/insomnia/insomnia/packages/insomnia/src/ui/components/assets/svgr/IcnTrashcan.tsx, /Users/runner/work/insomnia/insomnia/packages/insomnia/src/ui/components/assets/svgr/IcnTriangle.tsx, /Users/runner/work/insomnia/insomnia/packages/insomnia/src/ui/components/assets/svgr/IcnUser.tsx, /Users/runner/work/insomnia/insomnia/packages/insomnia/src/ui/components/assets/svgr/IcnVial.tsx, /Users/runner/work/insomnia/insomnia/packages/insomnia/src/ui/components/assets/svgr/IcnWarning.tsx, /Users/runner/work/insomnia/insomnia/packages/insomnia/src/ui/components/assets/svgr/IcnWarningCircle.tsx, /Users/runner/work/insomnia/insomnia/packages/insomnia/src/ui/components/assets/svgr/IcnX.tsx, /Users/runner/work/insomnia/insomnia/packages/insomnia/src/ui/components/avatar.tsx, /Users/runner/work/insomnia/insomnia/packages/insomnia/src/ui/components/base/copy-button.tsx, /Users/runner/work/insomnia/insomnia/packages/insomnia/src/ui/components/base/dropdown/dropdown-hint.tsx, /Users/runner/work/insomnia/insomnia/packages/insomnia/src/ui/components/base/dropdown/dropdown.tsx, /Users/runner/work/insomnia/insomnia/packages/insomnia/src/ui/components/base/dropdown/item-content.tsx, /Users/runner/work/insomnia/insomnia/packages/insomnia/src/ui/components/base/dropdown/menu-item.tsx, /Users/runner/work/insomnia/insomnia/packages/insomnia/src/ui/components/base/dropdown/menu-section.tsx, /Users/runner/work/insomnia/insomnia/packages/insomnia/src/ui/components/base/dropdown/menu.tsx, /Users/runner/work/insomnia/insomnia/packages/insomnia/src/ui/components/base/dropdown/popover.tsx, /Users/runner/work/insomnia/insomnia/packages/insomnia/src/ui/components/base/file-input-button.tsx, /Users/runner/work/insomnia/insomnia/packages/insomnia/src/ui/components/base/link.tsx, /Users/runner/work/insomnia/insomnia/packages/insomnia/src/ui/components/base/modal-body.tsx, /Users/runner/work/insomnia/insomnia/packages/insomnia/src/ui/components/base/modal-footer.tsx, /Users/runner/work/insomnia/insomnia/packages/insomnia/src/ui/components/base/modal-header.tsx, /Users/runner/work/insomnia/insomnia/packages/insomnia/src/ui/components/base/modal.tsx, /Users/runner/work/insomnia/insomnia/packages/insomnia/src/ui/components/base/prompt-button.tsx, /Users/runner/work/insomnia/insomnia/packages/insomnia/src/ui/components/buttons/grpc-send-button.tsx, /Users/runner/work/insomnia/insomnia/packages/insomnia/src/ui/components/check-for-updates-button.tsx, /Users/runner/work/insomnia/insomnia/packages/insomnia/src/ui/components/codemirror/code-editor.tsx, /Users/runner/work/insomnia/insomnia/packages/insomnia/src/ui/components/codemirror/one-line-editor.tsx, /Users/runner/work/insomnia/insomnia/packages/insomnia/src/ui/components/command-palette.tsx, /Users/runner/work/insomnia/insomnia/packages/insomnia/src/ui/components/design-empty-state.tsx, /Users/runner/work/insomnia/insomnia/packages/insomnia/src/ui/components/diff-view-editor.tsx, /Users/runner/work/insomnia/insomnia/packages/insomnia/src/ui/components/document-tab.tsx, /Users/runner/work/insomnia/insomnia/packages/insomnia/src/ui/components/dropdowns/auth-dropdown.tsx, /Users/runner/work/insomnia/insomnia/packages/insomnia/src/ui/components/dropdowns/content-type-dropdown.tsx, /Users/runner/work/insomnia/insomnia/packages/insomnia/src/ui/components/dropdowns/git-project-sync-dropdown.tsx, /Users/runner/work/insomnia/insomnia/packages/insomnia/src/ui/components/dropdowns/git-sync-dropdown.tsx, /Users/runner/work/insomnia/insomnia/packages/insomnia/src/ui/components/dropdowns/grpc-method-dropdown/grpc-method-dropdown.tsx, /Users/runner/work/insomnia/insomnia/packages/insomnia/src/ui/components/dropdowns/method-dropdown.tsx, /Users/runner/work/insomnia/insomnia/packages/insomnia/src/ui/components/dropdowns/preview-mode-dropdown.tsx, /Users/runner/work/insomnia/insomnia/packages/insomnia/src/ui/components/dropdowns/project-dropdown.tsx, /Users/runner/work/insomnia/insomnia/packages/insomnia/src/ui/components/dropdowns/request-actions-dropdown.tsx, /Users/runner/work/insomnia/insomnia/packages/insomnia/src/ui/components/dropdowns/request-group-actions-dropdown.tsx, /Users/runner/work/insomnia/insomnia/packages/insomnia/src/ui/components/dropdowns/response-history-dropdown.tsx, /Users/runner/work/insomnia/insomnia/packages/insomnia/src/ui/components/dropdowns/sync-dropdown.tsx, /Users/runner/work/insomnia/insomnia/packages/insomnia/src/ui/components/dropdowns/websocket-preview-mode.tsx, /Users/runner/work/insomnia/insomnia/packages/insomnia/src/ui/components/dropdowns/workspace-card-dropdown.tsx, /Users/runner/work/insomnia/insomnia/packages/insomnia/src/ui/components/dropdowns/workspace-dropdown.tsx, /Users/runner/work/insomnia/insomnia/packages/insomnia/src/ui/components/dropdowns/workspace-sync-dropdown.tsx, /Users/runner/work/insomnia/insomnia/packages/insomnia/src/ui/components/editable-input.tsx, /Users/runner/work/insomnia/insomnia/packages/insomnia/src/ui/components/editors/auth/api-key-auth.tsx, /Users/runner/work/insomnia/insomnia/packages/insomnia/src/ui/components/editors/auth/asap-auth.tsx, /Users/runner/work/insomnia/insomnia/packages/insomnia/src/ui/components/editors/auth/auth-wrapper.tsx, /Users/runner/work/insomnia/insomnia/packages/insomnia/src/ui/components/editors/auth/aws-auth.tsx, /Users/runner/work/insomnia/insomnia/packages/insomnia/src/ui/components/editors/auth/basic-auth.tsx, /Users/runner/work/insomnia/insomnia/packages/insomnia/src/ui/components/editors/auth/bearer-auth.tsx, /Users/runner/work/insomnia/insomnia/packages/insomnia/src/ui/components/editors/auth/components/auth-accordion.tsx, /Users/runner/work/insomnia/insomnia/packages/insomnia/src/ui/components/editors/auth/components/auth-input-row.tsx, /Users/runner/work/insomnia/insomnia/packages/insomnia/src/ui/components/editors/auth/components/auth-private-key-row.tsx, /Users/runner/work/insomnia/insomnia/packages/insomnia/src/ui/components/editors/auth/components/auth-row.tsx, /Users/runner/work/insomnia/insomnia/packages/insomnia/src/ui/components/editors/auth/components/auth-select-row.tsx, /Users/runner/work/insomnia/insomnia/packages/insomnia/src/ui/components/editors/auth/components/auth-table-body.tsx, /Users/runner/work/insomnia/insomnia/packages/insomnia/src/ui/components/editors/auth/components/auth-toggle-row.tsx, /Users/runner/work/insomnia/insomnia/packages/insomnia/src/ui/components/editors/auth/digest-auth.tsx, /Users/runner/work/insomnia/insomnia/packages/insomnia/src/ui/components/editors/auth/hawk-auth.tsx, /Users/runner/work/insomnia/insomnia/packages/insomnia/src/ui/components/editors/auth/netrc-auth.tsx, /Users/runner/work/insomnia/insomnia/packages/insomnia/src/ui/components/editors/auth/ntlm-auth.tsx, /Users/runner/work/insomnia/insomnia/packages/insomnia/src/ui/components/editors/auth/o-auth-1-auth.tsx, /Users/runner/work/insomnia/insomnia/packages/insomnia/src/ui/components/editors/auth/o-auth-2-auth.tsx, /Users/runner/work/insomnia/insomnia/packages/insomnia/src/ui/components/editors/body/body-editor.tsx, /Users/runner/work/insomnia/insomnia/packages/insomnia/src/ui/components/editors/body/file-editor.tsx, /Users/runner/work/insomnia/insomnia/packages/insomnia/src/ui/components/editors/body/form-editor.tsx, /Users/runner/work/insomnia/insomnia/packages/insomnia/src/ui/components/editors/body/graph-ql-editor.tsx, /Users/runner/work/insomnia/insomnia/packages/insomnia/src/ui/components/editors/body/raw-editor.tsx, /Users/runner/work/insomnia/insomnia/packages/insomnia/src/ui/components/editors/body/url-encoded-editor.tsx, /Users/runner/work/insomnia/insomnia/packages/insomnia/src/ui/components/editors/environment-editor.tsx, /Users/runner/work/insomnia/insomnia/packages/insomnia/src/ui/components/editors/environment-key-value-editor/key-value-editor.tsx, /Users/runner/work/insomnia/insomnia/packages/insomnia/src/ui/components/editors/environment-key-value-editor/password-input.tsx, /Users/runner/work/insomnia/insomnia/packages/insomnia/src/ui/components/editors/environment-utils.tsx, /Users/runner/work/insomnia/insomnia/packages/insomnia/src/ui/components/editors/mock-response-extractor.tsx, /Users/runner/work/insomnia/insomnia/packages/insomnia/src/ui/components/editors/mock-response-headers-editor.tsx, /Users/runner/work/insomnia/insomnia/packages/insomnia/src/ui/components/editors/request-headers-editor.tsx, /Users/runner/work/insomnia/insomnia/packages/insomnia/src/ui/components/editors/request-parameters-editor.tsx, /Users/runner/work/insomnia/insomnia/packages/insomnia/src/ui/components/editors/request-script-editor.tsx, /Users/runner/work/insomnia/insomnia/packages/insomnia/src/ui/components/encoding-picker.tsx, /Users/runner/work/insomnia/insomnia/packages/insomnia/src/ui/components/environment-picker.tsx, /Users/runner/work/insomnia/insomnia/packages/insomnia/src/ui/components/error-boundary.tsx, /Users/runner/work/insomnia/insomnia/packages/insomnia/src/ui/components/git-credentials/custom-repository-settings-form.tsx, /Users/runner/work/insomnia/insomnia/packages/insomnia/src/ui/components/git-credentials/github-repository-select.tsx, /Users/runner/work/insomnia/insomnia/packages/insomnia/src/ui/components/git-credentials/github-repository-settings-form.tsx, /Users/runner/work/insomnia/insomnia/packages/insomnia/src/ui/components/git-credentials/gitlab-repository-settings-form.tsx, /Users/runner/work/insomnia/insomnia/packages/insomnia/src/ui/components/github-app-config-link.tsx, /Users/runner/work/insomnia/insomnia/packages/insomnia/src/ui/components/github-stars-button.tsx, /Users/runner/work/insomnia/insomnia/packages/insomnia/src/ui/components/graph-ql-explorer/graph-ql-default-value.tsx, /Users/runner/work/insomnia/insomnia/packages/insomnia/src/ui/components/graph-ql-explorer/graph-ql-explorer-arg-links.tsx, /Users/runner/work/insomnia/insomnia/packages/insomnia/src/ui/components/graph-ql-explorer/graph-ql-explorer-enum.tsx, /Users/runner/work/insomnia/insomnia/packages/insomnia/src/ui/components/graph-ql-explorer/graph-ql-explorer-field-link.tsx, /Users/runner/work/insomnia/insomnia/packages/insomnia/src/ui/components/graph-ql-explorer/graph-ql-explorer-field.tsx, /Users/runner/work/insomnia/insomnia/packages/insomnia/src/ui/components/graph-ql-explorer/graph-ql-explorer-fields-list.tsx, /Users/runner/work/insomnia/insomnia/packages/insomnia/src/ui/components/graph-ql-explorer/graph-ql-explorer-schema.tsx, /Users/runner/work/insomnia/insomnia/packages/insomnia/src/ui/components/graph-ql-explorer/graph-ql-explorer-search-results.tsx, /Users/runner/work/insomnia/insomnia/packages/insomnia/src/ui/components/graph-ql-explorer/graph-ql-explorer-type-link.tsx, /Users/runner/work/insomnia/insomnia/packages/insomnia/src/ui/components/graph-ql-explorer/graph-ql-explorer-type.tsx, /Users/runner/work/insomnia/insomnia/packages/insomnia/src/ui/components/graph-ql-explorer/graph-ql-explorer.tsx, /Users/runner/work/insomnia/insomnia/packages/insomnia/src/ui/components/header-invite-button.tsx, /Users/runner/work/insomnia/insomnia/packages/insomnia/src/ui/components/header-user-button.tsx, /Users/runner/work/insomnia/insomnia/packages/insomnia/src/ui/components/help-tooltip.tsx, /Users/runner/work/insomnia/insomnia/packages/insomnia/src/ui/components/hotkey.tsx, /Users/runner/work/insomnia/insomnia/packages/insomnia/src/ui/components/html-element-wrapper.tsx, /Users/runner/work/insomnia/insomnia/packages/insomnia/src/ui/components/icon.tsx, /Users/runner/work/insomnia/insomnia/packages/insomnia/src/ui/components/insomnia-ai-icon.tsx, /Users/runner/work/insomnia/insomnia/packages/insomnia/src/ui/components/insomnia-icon.tsx, /Users/runner/work/insomnia/insomnia/packages/insomnia/src/ui/components/key-value-editor/key-value-editor.tsx, /Users/runner/work/insomnia/insomnia/packages/insomnia/src/ui/components/keydown-binder.ts, /Users/runner/work/insomnia/insomnia/packages/insomnia/src/ui/components/markdown-editor.tsx, /Users/runner/work/insomnia/insomnia/packages/insomnia/src/ui/components/markdown-preview.tsx, /Users/runner/work/insomnia/insomnia/packages/insomnia/src/ui/components/mocks/mock-response-pane.tsx, /Users/runner/work/insomnia/insomnia/packages/insomnia/src/ui/components/mocks/mock-url-bar.tsx, /Users/runner/work/insomnia/insomnia/packages/insomnia/src/ui/components/modals/add-key-combination-modal.tsx, /Users/runner/work/insomnia/insomnia/packages/insomnia/src/ui/components/modals/add-request-to-collection-modal.tsx, /Users/runner/work/insomnia/insomnia/packages/insomnia/src/ui/components/modals/alert-modal.tsx, /Users/runner/work/insomnia/insomnia/packages/insomnia/src/ui/components/modals/ask-modal.tsx, /Users/runner/work/insomnia/insomnia/packages/insomnia/src/ui/components/modals/cli-preview-modal.tsx, /Users/runner/work/insomnia/insomnia/packages/insomnia/src/ui/components/modals/code-prompt-modal.tsx, /Users/runner/work/insomnia/insomnia/packages/insomnia/src/ui/components/modals/cookies-modal.tsx, /Users/runner/work/insomnia/insomnia/packages/insomnia/src/ui/components/modals/error-modal.tsx, /Users/runner/work/insomnia/insomnia/packages/insomnia/src/ui/components/modals/export-requests-modal.tsx, /Users/runner/work/insomnia/insomnia/packages/insomnia/src/ui/components/modals/filter-help-modal.tsx, /Users/runner/work/insomnia/insomnia/packages/insomnia/src/ui/components/modals/generate-code-modal.tsx, /Users/runner/work/insomnia/insomnia/packages/insomnia/src/ui/components/modals/git-branches-modal.tsx, /Users/runner/work/insomnia/insomnia/packages/insomnia/src/ui/components/modals/git-log-modal.tsx, /Users/runner/work/insomnia/insomnia/packages/insomnia/src/ui/components/modals/git-project-branches-modal.tsx, /Users/runner/work/insomnia/insomnia/packages/insomnia/src/ui/components/modals/git-project-log-modal.tsx, /Users/runner/work/insomnia/insomnia/packages/insomnia/src/ui/components/modals/git-project-staging-modal.tsx, /Users/runner/work/insomnia/insomnia/packages/insomnia/src/ui/components/modals/git-repository-settings-modal/git-project-repo-clone-modal.tsx, /Users/runner/work/insomnia/insomnia/packages/insomnia/src/ui/components/modals/git-repository-settings-modal/git-project-repository-settings-modal.tsx, /Users/runner/work/insomnia/insomnia/packages/insomnia/src/ui/components/modals/git-repository-settings-modal/git-repo-clone-modal.tsx, /Users/runner/work/insomnia/insomnia/packages/insomnia/src/ui/components/modals/git-repository-settings-modal/git-repository-settings-modal.tsx, /Users/runner/work/insomnia/insomnia/packages/insomnia/src/ui/components/modals/git-staging-modal.tsx, /Users/runner/work/insomnia/insomnia/packages/insomnia/src/ui/components/modals/import-modal.tsx, /Users/runner/work/insomnia/insomnia/packages/insomnia/src/ui/components/modals/input-vault-key-modal.tsx, /Users/runner/work/insomnia/insomnia/packages/insomnia/src/ui/components/modals/invite-modal/invite-form.tsx, /Users/runner/work/insomnia/insomnia/packages/insomnia/src/ui/components/modals/invite-modal/invite-modal.tsx, /Users/runner/work/insomnia/insomnia/packages/insomnia/src/ui/components/modals/invite-modal/organization-member-roles-selector.tsx, /Users/runner/work/insomnia/insomnia/packages/insomnia/src/ui/components/modals/new-workspace-modal.tsx, /Users/runner/work/insomnia/insomnia/packages/insomnia/src/ui/components/modals/nunjucks-modal.tsx, /Users/runner/work/insomnia/insomnia/packages/insomnia/src/ui/components/modals/paste-curl-modal.tsx, /Users/runner/work/insomnia/insomnia/packages/insomnia/src/ui/components/modals/project-modal.tsx, /Users/runner/work/insomnia/insomnia/packages/insomnia/src/ui/components/modals/prompt-modal.tsx, /Users/runner/work/insomnia/insomnia/packages/insomnia/src/ui/components/modals/proto-files-modal.tsx, /Users/runner/work/insomnia/insomnia/packages/insomnia/src/ui/components/modals/request-group-settings-modal.tsx, /Users/runner/work/insomnia/insomnia/packages/insomnia/src/ui/components/modals/request-render-error-modal.tsx, /Users/runner/work/insomnia/insomnia/packages/insomnia/src/ui/components/modals/request-settings-modal.tsx, /Users/runner/work/insomnia/insomnia/packages/insomnia/src/ui/components/modals/response-debug-modal.tsx, /Users/runner/work/insomnia/insomnia/packages/insomnia/src/ui/components/modals/select-modal.tsx, /Users/runner/work/insomnia/insomnia/packages/insomnia/src/ui/components/modals/settings-modal.tsx, /Users/runner/work/insomnia/insomnia/packages/insomnia/src/ui/components/modals/sync-branches-modal.tsx, /Users/runner/work/insomnia/insomnia/packages/insomnia/src/ui/components/modals/sync-history-modal.tsx, /Users/runner/work/insomnia/insomnia/packages/insomnia/src/ui/components/modals/sync-merge-modal.tsx, /Users/runner/work/insomnia/insomnia/packages/insomnia/src/ui/components/modals/sync-staging-modal.tsx, /Users/runner/work/insomnia/insomnia/packages/insomnia/src/ui/components/modals/upgrade-modal.tsx, /Users/runner/work/insomnia/insomnia/packages/insomnia/src/ui/components/modals/upload-runner-data-modal.tsx, /Users/runner/work/insomnia/insomnia/packages/insomnia/src/ui/components/modals/variable-missing-error-modal.tsx, /Users/runner/work/insomnia/insomnia/packages/insomnia/src/ui/components/modals/workspace-certificates-modal.tsx, /Users/runner/work/insomnia/insomnia/packages/insomnia/src/ui/components/modals/workspace-duplicate-modal.tsx, /Users/runner/work/insomnia/insomnia/packages/insomnia/src/ui/components/modals/workspace-environments-edit-modal.tsx, /Users/runner/work/insomnia/insomnia/packages/insomnia/src/ui/components/modals/workspace-settings-modal.tsx, /Users/runner/work/insomnia/insomnia/packages/insomnia/src/ui/components/modals/wrapper-modal.tsx, /Users/runner/work/insomnia/insomnia/packages/insomnia/src/ui/components/organization-avatar.tsx, /Users/runner/work/insomnia/insomnia/packages/insomnia/src/ui/components/panes/blank-pane.tsx, /Users/runner/work/insomnia/insomnia/packages/insomnia/src/ui/components/panes/empty-state-pane.tsx, /Users/runner/work/insomnia/insomnia/packages/insomnia/src/ui/components/panes/grpc-request-pane.tsx, /Users/runner/work/insomnia/insomnia/packages/insomnia/src/ui/components/panes/grpc-response-pane.tsx, /Users/runner/work/insomnia/insomnia/packages/insomnia/src/ui/components/panes/no-project-view.tsx, /Users/runner/work/insomnia/insomnia/packages/insomnia/src/ui/components/panes/pane.tsx, /Users/runner/work/insomnia/insomnia/packages/insomnia/src/ui/components/panes/placeholder-request-pane.tsx, /Users/runner/work/insomnia/insomnia/packages/insomnia/src/ui/components/panes/placeholder-response-pane.tsx, /Users/runner/work/insomnia/insomnia/packages/insomnia/src/ui/components/panes/request-group-pane.tsx, /Users/runner/work/insomnia/insomnia/packages/insomnia/src/ui/components/panes/request-pane.tsx, /Users/runner/work/insomnia/insomnia/packages/insomnia/src/ui/components/panes/request-test-result-pane.tsx, /Users/runner/work/insomnia/insomnia/packages/insomnia/src/ui/components/panes/response-pane.tsx, /Users/runner/work/insomnia/insomnia/packages/insomnia/src/ui/components/panes/runner-result-history-pane.tsx, /Users/runner/work/insomnia/insomnia/packages/insomnia/src/ui/components/panes/runner-test-result-pane.tsx, /Users/runner/work/insomnia/insomnia/packages/insomnia/src/ui/components/present-users.tsx, /Users/runner/work/insomnia/insomnia/packages/insomnia/src/ui/components/project/project-empty-view.tsx, /Users/runner/work/insomnia/insomnia/packages/insomnia/src/ui/components/project/project-settings-form.tsx, /Users/runner/work/insomnia/insomnia/packages/insomnia/src/ui/components/proto-file/proto-file-list.tsx, /Users/runner/work/insomnia/insomnia/packages/insomnia/src/ui/components/rendered-query-string.tsx, /Users/runner/work/insomnia/insomnia/packages/insomnia/src/ui/components/rendered-text.tsx, /Users/runner/work/insomnia/insomnia/packages/insomnia/src/ui/components/request-url-bar.tsx, /Users/runner/work/insomnia/insomnia/packages/insomnia/src/ui/components/response-timer.tsx, /Users/runner/work/insomnia/insomnia/packages/insomnia/src/ui/components/settings/ai.tsx, /Users/runner/work/insomnia/insomnia/packages/insomnia/src/ui/components/settings/boolean-setting.tsx, /Users/runner/work/insomnia/insomnia/packages/insomnia/src/ui/components/settings/enum-setting.tsx, /Users/runner/work/insomnia/insomnia/packages/insomnia/src/ui/components/settings/general.tsx, /Users/runner/work/insomnia/insomnia/packages/insomnia/src/ui/components/settings/import-export.tsx, /Users/runner/work/insomnia/insomnia/packages/insomnia/src/ui/components/settings/masked-setting.tsx, /Users/runner/work/insomnia/insomnia/packages/insomnia/src/ui/components/settings/number-setting.tsx, /Users/runner/work/insomnia/insomnia/packages/insomnia/src/ui/components/settings/plugins.tsx, /Users/runner/work/insomnia/insomnia/packages/insomnia/src/ui/components/settings/shortcuts.tsx, /Users/runner/work/insomnia/insomnia/packages/insomnia/src/ui/components/settings/text-setting.tsx, /Users/runner/work/insomnia/insomnia/packages/insomnia/src/ui/components/settings/theme-panel.tsx, /Users/runner/work/insomnia/insomnia/packages/insomnia/src/ui/components/settings/vault-key-panel.tsx, /Users/runner/work/insomnia/insomnia/packages/insomnia/src/ui/components/svg-icon.tsx, /Users/runner/work/insomnia/insomnia/packages/insomnia/src/ui/components/tabs/tab-list.tsx, /Users/runner/work/insomnia/insomnia/packages/insomnia/src/ui/components/tabs/tab.tsx, /Users/runner/work/insomnia/insomnia/packages/insomnia/src/ui/components/tags/grpc-status-tag.tsx, /Users/runner/work/insomnia/insomnia/packages/insomnia/src/ui/components/tags/method-tag.tsx, /Users/runner/work/insomnia/insomnia/packages/insomnia/src/ui/components/tags/size-tag.tsx, /Users/runner/work/insomnia/insomnia/packages/insomnia/src/ui/components/tags/status-tag.tsx, /Users/runner/work/insomnia/insomnia/packages/insomnia/src/ui/components/tags/time-tag.tsx, /Users/runner/work/insomnia/insomnia/packages/insomnia/src/ui/components/tags/url-tag.tsx, /Users/runner/work/insomnia/insomnia/packages/insomnia/src/ui/components/templating/tag-editor.tsx, /Users/runner/work/insomnia/insomnia/packages/insomnia/src/ui/components/templating/variable-editor.tsx, /Users/runner/work/insomnia/insomnia/packages/insomnia/src/ui/components/themed-button/async-button.tsx, /Users/runner/work/insomnia/insomnia/packages/insomnia/src/ui/components/themed-button/button.tsx, /Users/runner/work/insomnia/insomnia/packages/insomnia/src/ui/components/time-from-now.tsx, /Users/runner/work/insomnia/insomnia/packages/insomnia/src/ui/components/toast.tsx, /Users/runner/work/insomnia/insomnia/packages/insomnia/src/ui/components/tooltip.tsx, /Users/runner/work/insomnia/insomnia/packages/insomnia/src/ui/components/trail-lines-container.tsx, /Users/runner/work/insomnia/insomnia/packages/insomnia/src/ui/components/trail-lines.tsx, /Users/runner/work/insomnia/insomnia/packages/insomnia/src/ui/components/viewers/password-viewer.tsx, /Users/runner/work/insomnia/insomnia/packages/insomnia/src/ui/components/viewers/response-cookies-viewer.tsx, /Users/runner/work/insomnia/insomnia/packages/insomnia/src/ui/components/viewers/response-csv-viewer.tsx, /Users/runner/work/insomnia/insomnia/packages/insomnia/src/ui/components/viewers/response-error-viewer.tsx, /Users/runner/work/insomnia/insomnia/packages/insomnia/src/ui/components/viewers/response-headers-viewer.tsx, /Users/runner/work/insomnia/insomnia/packages/insomnia/src/ui/components/viewers/response-multipart-viewer.tsx, /Users/runner/work/insomnia/insomnia/packages/insomnia/src/ui/components/viewers/response-pdf-viewer.tsx, /Users/runner/work/insomnia/insomnia/packages/insomnia/src/ui/components/viewers/response-timeline-viewer.tsx, /Users/runner/work/insomnia/insomnia/packages/insomnia/src/ui/components/viewers/response-viewer.tsx, /Users/runner/work/insomnia/insomnia/packages/insomnia/src/ui/components/viewers/response-web-view.tsx, /Users/runner/work/insomnia/insomnia/packages/insomnia/src/ui/components/websockets/action-bar.tsx, /Users/runner/work/insomnia/insomnia/packages/insomnia/src/ui/components/websockets/disconnect-button.tsx, /Users/runner/work/insomnia/insomnia/packages/insomnia/src/ui/components/websockets/event-log-view.tsx, /Users/runner/work/insomnia/insomnia/packages/insomnia/src/ui/components/websockets/event-view.tsx, /Users/runner/work/insomnia/insomnia/packages/insomnia/src/ui/components/websockets/realtime-response-pane.tsx, /Users/runner/work/insomnia/insomnia/packages/insomnia/src/ui/components/websockets/websocket-preview-dropdown.tsx, /Users/runner/work/insomnia/insomnia/packages/insomnia/src/ui/components/websockets/websocket-request-pane.tsx, /Users/runner/work/insomnia/insomnia/packages/insomnia/src/ui/containers/app-hooks.tsx, /Users/runner/work/insomnia/insomnia/packages/insomnia/src/ui/context/app/ai-context.tsx, /Users/runner/work/insomnia/insomnia/packages/insomnia/src/ui/context/app/insomnia-event-stream-context.tsx, /Users/runner/work/insomnia/insomnia/packages/insomnia/src/ui/context/app/insomnia-tab-context.tsx, /Users/runner/work/insomnia/insomnia/packages/insomnia/src/ui/context/app/runner-context.tsx, /Users/runner/work/insomnia/insomnia/packages/insomnia/src/ui/context/nunjucks/nunjucks-enabled-context.tsx, /Users/runner/work/insomnia/insomnia/packages/insomnia/src/ui/context/nunjucks/use-nunjucks.ts, /Users/runner/work/insomnia/insomnia/packages/insomnia/src/ui/hooks/image-cache.tsx, /Users/runner/work/insomnia/insomnia/packages/insomnia/src/ui/hooks/theme.ts, /Users/runner/work/insomnia/insomnia/packages/insomnia/src/ui/hooks/use-close-connection.ts, /Users/runner/work/insomnia/insomnia/packages/insomnia/src/ui/hooks/use-editor-refresh.ts, /Users/runner/work/insomnia/insomnia/packages/insomnia/src/ui/hooks/use-execution-state.ts, /Users/runner/work/insomnia/insomnia/packages/insomnia/src/ui/hooks/use-insomnia-tab.ts, /Users/runner/work/insomnia/insomnia/packages/insomnia/src/ui/hooks/use-loader-defer-data.ts, /Users/runner/work/insomnia/insomnia/packages/insomnia/src/ui/hooks/use-loading-record.ts, /Users/runner/work/insomnia/insomnia/packages/insomnia/src/ui/hooks/use-organization-features.tsx, /Users/runner/work/insomnia/insomnia/packages/insomnia/src/ui/hooks/use-ready-state.ts, /Users/runner/work/insomnia/insomnia/packages/insomnia/src/ui/hooks/use-realtime-connection-events.ts, /Users/runner/work/insomnia/insomnia/packages/insomnia/src/ui/hooks/use-resize-observer.tsx, /Users/runner/work/insomnia/insomnia/packages/insomnia/src/ui/hooks/use-runner-request-list.tsx, /Users/runner/work/insomnia/insomnia/packages/insomnia/src/ui/hooks/use-settings-side-effects.ts, /Users/runner/work/insomnia/insomnia/packages/insomnia/src/ui/hooks/use-state-ref.ts, /Users/runner/work/insomnia/insomnia/packages/insomnia/src/ui/hooks/use-theme-change.ts, /Users/runner/work/insomnia/insomnia/packages/insomnia/src/ui/hooks/use-vcs-version.ts, /Users/runner/work/insomnia/insomnia/packages/insomnia/src/ui/hooks/useTimeoutWhen.ts, /Users/runner/work/insomnia/insomnia/packages/insomnia/src/ui/index.tsx, /Users/runner/work/insomnia/insomnia/packages/insomnia/src/ui/routes/auth.authorize.tsx, /Users/runner/work/insomnia/insomnia/packages/insomnia/src/ui/routes/auth.login.tsx, /Users/runner/work/insomnia/insomnia/packages/insomnia/src/ui/routes/auth.tsx, /Users/runner/work/insomnia/insomnia/packages/insomnia/src/ui/routes/debug.tsx, /Users/runner/work/insomnia/insomnia/packages/insomnia/src/ui/routes/design.tsx, /Users/runner/work/insomnia/insomnia/packages/insomnia/src/ui/routes/environments.tsx, /Users/runner/work/insomnia/insomnia/packages/insomnia/src/ui/routes/error.tsx, /Users/runner/work/insomnia/insomnia/packages/insomnia/src/ui/routes/mock-route.tsx, /Users/runner/work/insomnia/insomnia/packages/insomnia/src/ui/routes/mock-server.tsx, /Users/runner/work/insomnia/insomnia/packages/insomnia/src/ui/routes/modals.tsx, /Users/runner/work/insomnia/insomnia/packages/insomnia/src/ui/routes/onboarding.migrate.tsx, /Users/runner/work/insomnia/insomnia/packages/insomnia/src/ui/routes/onboarding.tsx, /Users/runner/work/insomnia/insomnia/packages/insomnia/src/ui/routes/organization.tsx, /Users/runner/work/insomnia/insomnia/packages/insomnia/src/ui/routes/project.tsx, /Users/runner/work/insomnia/insomnia/packages/insomnia/src/ui/routes/root.tsx, /Users/runner/work/insomnia/insomnia/packages/insomnia/src/ui/routes/runner.tsx, /Users/runner/work/insomnia/insomnia/packages/insomnia/src/ui/routes/test-results.tsx, /Users/runner/work/insomnia/insomnia/packages/insomnia/src/ui/routes/test-suite.tsx, /Users/runner/work/insomnia/insomnia/packages/insomnia/src/ui/routes/unit-test.tsx, /Users/runner/work/insomnia/insomnia/packages/insomnia/src/ui/routes/workspace.tsx, dynamic import will not move module into another chunk.
2025-04-14T17:56:03.6174290Z [39m
2025-04-14T17:56:03.6175220Z [1m[33m[plugin:vite:reporter][39m[22m [33m[plugin vite:reporter] 
2025-04-14T17:56:03.6195040Z (!) /Users/runner/work/insomnia/insomnia/node_modules/react-dom/index.js is dynamically imported by /Users/runner/work/insomnia/insomnia/packages/insomnia/src/plugins/context/app.tsx but also statically imported by  /Users/runner/work/insomnia/insomnia/node_modules/react-dom/index.js?commonjs-proxy, /Users/runner/work/insomnia/insomnia/node_modules/@react-aria/collections/dist/CollectionBuilder.mjs, /Users/runner/work/insomnia/insomnia/node_modules/@react-aria/collections/dist/Hidden.mjs, /Users/runner/work/insomnia/insomnia/node_modules/@react-aria/dnd/dist/DragPreview.mjs, /Users/runner/work/insomnia/insomnia/node_modules/@react-aria/overlays/dist/Overlay.mjs, /Users/runner/work/insomnia/insomnia/node_modules/@react-aria/overlays/dist/useModal.mjs, /Users/runner/work/insomnia/insomnia/node_modules/@react-aria/selection/dist/useSelectableCollection.mjs, /Users/runner/work/insomnia/insomnia/node_modules/@react-aria/virtualizer/dist/ScrollView.mjs, /Users/runner/work/insomnia/insomnia/node_modules/@tanstack/react-virtual/dist/esm/index.js, /Users/runner/work/insomnia/insomnia/node_modules/react-aria-components/dist/Table.mjs, /Users/runner/work/insomnia/insomnia/node_modules/react-aria-components/dist/utils.mjs, /Users/runner/work/insomnia/insomnia/node_modules/react-router-dom/dist/index.js, /Users/runner/work/insomnia/insomnia/packages/insomnia/src/ui/components/editors/body/graph-ql-editor.tsx, dynamic import will not move module into another chunk.
2025-04-14T17:56:03.6209200Z [39m
2025-04-14T17:56:03.6210110Z [1m[33m[plugin:vite:reporter][39m[22m [33m[plugin vite:reporter] 
2025-04-14T17:56:03.6231060Z (!) /Users/runner/work/insomnia/insomnia/packages/insomnia/src/plugins/index.ts is dynamically imported by /Users/runner/work/insomnia/insomnia/packages/insomnia/src/templating/index.ts but also statically imported by /Users/runner/work/insomnia/insomnia/packages/insomnia/src/common/har.ts, /Users/runner/work/insomnia/insomnia/packages/insomnia/src/network/network.ts, /Users/runner/work/insomnia/insomnia/packages/insomnia/src/plugins/misc.ts, /Users/runner/work/insomnia/insomnia/packages/insomnia/src/ui/components/dropdowns/request-actions-dropdown.tsx, /Users/runner/work/insomnia/insomnia/packages/insomnia/src/ui/components/dropdowns/request-group-actions-dropdown.tsx, /Users/runner/work/insomnia/insomnia/packages/insomnia/src/ui/components/dropdowns/workspace-card-dropdown.tsx, /Users/runner/work/insomnia/insomnia/packages/insomnia/src/ui/components/dropdowns/workspace-dropdown.tsx, /Users/runner/work/insomnia/insomnia/packages/insomnia/src/ui/components/settings/plugins.tsx, /Users/runner/work/insomnia/insomnia/packages/insomnia/src/ui/components/templating/tag-editor.tsx, /Users/runner/work/insomnia/insomnia/packages/insomnia/src/ui/hooks/theme.ts, /Users/runner/work/insomnia/insomnia/packages/insomnia/src/ui/hooks/use-global-keyboard-shortcuts.ts, /Users/runner/work/insomnia/insomnia/packages/insomnia/src/ui/index.tsx, /Users/runner/work/insomnia/insomnia/packages/insomnia/src/ui/rendererListeners.ts, /Users/runner/work/insomnia/insomnia/packages/insomnia/src/ui/routes/root.tsx, dynamic import will not move module into another chunk.
2025-04-14T17:56:03.6247590Z [39m
2025-04-14T17:56:03.6248750Z [1m[33m[plugin:vite:reporter][39m[22m [33m[plugin vite:reporter] 
2025-04-14T17:56:03.6264350Z (!) /Users/runner/work/insomnia/insomnia/packages/insomnia/src/ui/routes/request.tsx is dynamically imported by /Users/runner/work/insomnia/insomnia/packages/insomnia/src/ui/index.tsx, /Users/runner/work/insomnia/insomnia/packages/insomnia/src/ui/index.tsx, /Users/runner/work/insomnia/insomnia/packages/insomnia/src/ui/index.tsx, /Users/runner/work/insomnia/insomnia/packages/insomnia/src/ui/index.tsx, /Users/runner/work/insomnia/insomnia/packages/insomnia/src/ui/index.tsx, /Users/runner/work/insomnia/insomnia/packages/insomnia/src/ui/index.tsx, /Users/runner/work/insomnia/insomnia/packages/insomnia/src/ui/index.tsx, /Users/runner/work/insomnia/insomnia/packages/insomnia/src/ui/index.tsx, /Users/runner/work/insomnia/insomnia/packages/insomnia/src/ui/index.tsx, /Users/runner/work/insomnia/insomnia/packages/insomnia/src/ui/index.tsx, /Users/runner/work/insomnia/insomnia/packages/insomnia/src/ui/index.tsx but also statically imported by /Users/runner/work/insomnia/insomnia/packages/insomnia/src/network/network.ts, /Users/runner/work/insomnia/insomnia/packages/insomnia/src/ui/routes/runner.tsx, dynamic import will not move module into another chunk.
2025-04-14T17:56:03.6276480Z [39m
2025-04-14T17:56:03.6277430Z [1m[33m[plugin:vite:reporter][39m[22m [33m[plugin vite:reporter] 
2025-04-14T17:56:03.6283030Z (!) /Users/runner/work/insomnia/insomnia/node_modules/@xmldom/xmldom/lib/index.js is dynamically imported by /Users/runner/work/insomnia/insomnia/packages/insomnia/src/ui/components/templating/local-template-tags.ts but also statically imported by /Users/runner/work/insomnia/insomnia/packages/insomnia/src/utils/xpath/query.ts, dynamic import will not move module into another chunk.
2025-04-14T17:56:03.6287010Z [39m
2025-04-14T17:56:03.6287990Z [1m[33m[plugin:vite:reporter][39m[22m [33m[plugin vite:reporter] 
2025-04-14T17:56:03.6293220Z (!) /Users/runner/work/insomnia/insomnia/node_modules/xpath/xpath.js is dynamically imported by /Users/runner/work/insomnia/insomnia/packages/insomnia/src/ui/components/templating/local-template-tags.ts but also statically imported by /Users/runner/work/insomnia/insomnia/packages/insomnia/src/utils/xpath/query.ts, dynamic import will not move module into another chunk.
2025-04-14T17:56:03.6296990Z [39m
2025-04-14T17:56:03.6297960Z [1m[33m[plugin:vite:reporter][39m[22m [33m[plugin vite:reporter] 
2025-04-14T17:56:03.6325200Z (!) /Users/runner/work/insomnia/insomnia/packages/insomnia/src/ui/routes/git-project-actions.tsx is dynamically imported by /Users/runner/work/insomnia/insomnia/packages/insomnia/src/ui/index.tsx, /Users/runner/work/insomnia/insomnia/packages/insomnia/src/ui/index.tsx, /Users/runner/work/insomnia/insomnia/packages/insomnia/src/ui/index.tsx, /Users/runner/work/insomnia/insomnia/packages/insomnia/src/ui/index.tsx, /Users/runner/work/insomnia/insomnia/packages/insomnia/src/ui/index.tsx, /Users/runner/work/insomnia/insomnia/packages/insomnia/src/ui/index.tsx, /Users/runner/work/insomnia/insomnia/packages/insomnia/src/ui/index.tsx, /Users/runner/work/insomnia/insomnia/packages/insomnia/src/ui/index.tsx, /Users/runner/work/insomnia/insomnia/packages/insomnia/src/ui/index.tsx, /Users/runner/work/insomnia/insomnia/packages/insomnia/src/ui/index.tsx, /Users/runner/work/insomnia/insomnia/packages/insomnia/src/ui/index.tsx, /Users/runner/work/insomnia/insomnia/packages/insomnia/src/ui/index.tsx, /Users/runner/work/insomnia/insomnia/packages/insomnia/src/ui/index.tsx, /Users/runner/work/insomnia/insomnia/packages/insomnia/src/ui/index.tsx, /Users/runner/work/insomnia/insomnia/packages/insomnia/src/ui/index.tsx, /Users/runner/work/insomnia/insomnia/packages/insomnia/src/ui/index.tsx, /Users/runner/work/insomnia/insomnia/packages/insomnia/src/ui/index.tsx, /Users/runner/work/insomnia/insomnia/packages/insomnia/src/ui/index.tsx, /Users/runner/work/insomnia/insomnia/packages/insomnia/src/ui/index.tsx, /Users/runner/work/insomnia/insomnia/packages/insomnia/src/ui/index.tsx, /Users/runner/work/insomnia/insomnia/packages/insomnia/src/ui/index.tsx but also statically imported by /Users/runner/work/insomnia/insomnia/packages/insomnia/src/ui/components/dropdowns/git-project-sync-dropdown.tsx, /Users/runner/work/insomnia/insomnia/packages/insomnia/src/ui/components/modals/git-project-branches-modal.tsx, dynamic import will not move module into another chunk.
2025-04-14T17:56:03.6345810Z [39m
2025-04-14T17:56:03.6346750Z [1m[33m[plugin:vite:reporter][39m[22m [33m[plugin vite:reporter] 
2025-04-14T17:56:03.6394060Z (!) /Users/runner/work/insomnia/insomnia/packages/insomnia/src/ui/routes/actions.tsx is dynamically imported by /Users/runner/work/insomnia/insomnia/packages/insomnia/src/ui/index.tsx, /Users/runner/work/insomnia/insomnia/packages/insomnia/src/ui/index.tsx, /Users/runner/work/insomnia/insomnia/packages/insomnia/src/ui/index.tsx, /Users/runner/work/insomnia/insomnia/packages/insomnia/src/ui/index.tsx, /Users/runner/work/insomnia/insomnia/packages/insomnia/src/ui/index.tsx, /Users/runner/work/insomnia/insomnia/packages/insomnia/src/ui/index.tsx, /Users/runner/work/insomnia/insomnia/packages/insomnia/src/ui/index.tsx, /Users/runner/work/insomnia/insomnia/packages/insomnia/src/ui/index.tsx, /Users/runner/work/insomnia/insomnia/packages/insomnia/src/ui/index.tsx, /Users/runner/work/insomnia/insomnia/packages/insomnia/src/ui/index.tsx, /Users/runner/work/insomnia/insomnia/packages/insomnia/src/ui/index.tsx, /Users/runner/work/insomnia/insomnia/packages/insomnia/src/ui/index.tsx, /Users/runner/work/insomnia/insomnia/packages/insomnia/src/ui/index.tsx, /Users/runner/work/insomnia/insomnia/packages/insomnia/src/ui/index.tsx, /Users/runner/work/insomnia/insomnia/packages/insomnia/src/ui/index.tsx, /Users/runner/work/insomnia/insomnia/packages/insomnia/src/ui/index.tsx, /Users/runner/work/insomnia/insomnia/packages/insomnia/src/ui/index.tsx, /Users/runner/work/insomnia/insomnia/packages/insomnia/src/ui/index.tsx, /Users/runner/work/insomnia/insomnia/packages/insomnia/src/ui/index.tsx, /Users/runner/work/insomnia/insomnia/packages/insomnia/src/ui/index.tsx, /Users/runner/work/insomnia/insomnia/packages/insomnia/src/ui/index.tsx, /Users/runner/work/insomnia/insomnia/packages/insomnia/src/ui/index.tsx, /Users/runner/work/insomnia/insomnia/packages/insomnia/src/ui/index.tsx, /Users/runner/work/insomnia/insomnia/packages/insomnia/src/ui/index.tsx, /Users/runner/work/insomnia/insomnia/packages/insomnia/src/ui/index.tsx, /Users/runner/work/insomnia/insomnia/packages/insomnia/src/ui/index.tsx, /Users/runner/work/insomnia/insomnia/packages/insomnia/src/ui/index.tsx, /Users/runner/work/insomnia/insomnia/packages/insomnia/src/ui/index.tsx, /Users/runner/work/insomnia/insomnia/packages/insomnia/src/ui/index.tsx, /Users/runner/work/insomnia/insomnia/packages/insomnia/src/ui/index.tsx, /Users/runner/work/insomnia/insomnia/packages/insomnia/src/ui/index.tsx, /Users/runner/work/insomnia/insomnia/packages/insomnia/src/ui/index.tsx, /Users/runner/work/insomnia/insomnia/packages/insomnia/src/ui/index.tsx, /Users/runner/work/insomnia/insomnia/packages/insomnia/src/ui/index.tsx, /Users/runner/work/insomnia/insomnia/packages/insomnia/src/ui/index.tsx, /Users/runner/work/insomnia/insomnia/packages/insomnia/src/ui/index.tsx, /Users/runner/work/insomnia/insomnia/packages/insomnia/src/ui/index.tsx, /Users/runner/work/insomnia/insomnia/packages/insomnia/src/ui/index.tsx, /Users/runner/work/insomnia/insomnia/packages/insomnia/src/ui/index.tsx, /Users/runner/work/insomnia/insomnia/packages/insomnia/src/ui/index.tsx, /Users/runner/work/insomnia/insomnia/packages/insomnia/src/ui/index.tsx, /Users/runner/work/insomnia/insomnia/packages/insomnia/src/ui/index.tsx, /Users/runner/work/insomnia/insomnia/packages/insomnia/src/ui/index.tsx but also statically imported by /Users/runner/work/insomnia/insomnia/packages/insomnia/src/ui/components/modals/new-workspace-modal.tsx, /Users/runner/work/insomnia/insomnia/packages/insomnia/src/ui/components/modals/workspace-settings-modal.tsx, dynamic import will not move module into another chunk.
2025-04-14T17:56:03.6430260Z [39m
2025-04-14T17:56:03.6431240Z [1m[33m[plugin:vite:reporter][39m[22m [33m[plugin vite:reporter] 
2025-04-14T17:56:03.6446540Z (!) /Users/runner/work/insomnia/insomnia/packages/insomnia/src/ui/routes/project.tsx is dynamically imported by /Users/runner/work/insomnia/insomnia/packages/insomnia/src/ui/index.tsx, /Users/runner/work/insomnia/insomnia/packages/insomnia/src/ui/index.tsx, /Users/runner/work/insomnia/insomnia/packages/insomnia/src/ui/index.tsx, /Users/runner/work/insomnia/insomnia/packages/insomnia/src/ui/index.tsx, /Users/runner/work/insomnia/insomnia/packages/insomnia/src/ui/index.tsx, /Users/runner/work/insomnia/insomnia/packages/insomnia/src/ui/index.tsx, /Users/runner/work/insomnia/insomnia/packages/insomnia/src/ui/index.tsx but also statically imported by /Users/runner/work/insomnia/insomnia/packages/insomnia/src/ui/components/command-palette.tsx, /Users/runner/work/insomnia/insomnia/packages/insomnia/src/ui/components/modals/workspace-duplicate-modal.tsx, /Users/runner/work/insomnia/insomnia/packages/insomnia/src/ui/components/project/project-settings-form.tsx, /Users/runner/work/insomnia/insomnia/packages/insomnia/src/ui/routes/organization.tsx, dynamic import will not move module into another chunk.
2025-04-14T17:56:03.6458260Z [39m
2025-04-14T17:56:03.6459190Z [1m[33m[plugin:vite:reporter][39m[22m [33m[plugin vite:reporter] 
2025-04-14T17:56:03.6479710Z (!) /Users/runner/work/insomnia/insomnia/packages/insomnia/src/ui/routes/organization.tsx is dynamically imported by /Users/runner/work/insomnia/insomnia/packages/insomnia/src/ui/index.tsx, /Users/runner/work/insomnia/insomnia/packages/insomnia/src/ui/index.tsx, /Users/runner/work/insomnia/insomnia/packages/insomnia/src/ui/index.tsx, /Users/runner/work/insomnia/insomnia/packages/insomnia/src/ui/index.tsx, /Users/runner/work/insomnia/insomnia/packages/insomnia/src/ui/index.tsx, /Users/runner/work/insomnia/insomnia/packages/insomnia/src/ui/index.tsx, /Users/runner/work/insomnia/insomnia/packages/insomnia/src/ui/index.tsx, /Users/runner/work/insomnia/insomnia/packages/insomnia/src/ui/index.tsx but also statically imported by /Users/runner/work/insomnia/insomnia/packages/insomnia/src/ui/components/dropdowns/project-dropdown.tsx, /Users/runner/work/insomnia/insomnia/packages/insomnia/src/ui/components/modals/workspace-duplicate-modal.tsx, /Users/runner/work/insomnia/insomnia/packages/insomnia/src/ui/components/modals/workspace-settings-modal.tsx, /Users/runner/work/insomnia/insomnia/packages/insomnia/src/ui/components/settings/import-export.tsx, /Users/runner/work/insomnia/insomnia/packages/insomnia/src/ui/hooks/use-plan.tsx, /Users/runner/work/insomnia/insomnia/packages/insomnia/src/ui/routes/import.tsx, /Users/runner/work/insomnia/insomnia/packages/insomnia/src/ui/routes/project.tsx, dynamic import will not move module into another chunk.
2025-04-14T17:56:03.6495540Z [39m
2025-04-14T17:56:03.6496490Z [1m[33m[plugin:vite:reporter][39m[22m [33m[plugin vite:reporter] 
2025-04-14T17:56:03.6569510Z (!) /Users/runner/work/insomnia/insomnia/packages/insomnia/src/ui/routes/root.tsx is dynamically imported by /Users/runner/work/insomnia/insomnia/packages/insomnia/src/ui/index.tsx but also statically imported by /Users/runner/work/insomnia/insomnia/packages/insomnia/src/ui/components/codemirror/code-editor.tsx, /Users/runner/work/insomnia/insomnia/packages/insomnia/src/ui/components/codemirror/one-line-editor.tsx, /Users/runner/work/insomnia/insomnia/packages/insomnia/src/ui/components/diff-view-editor.tsx, /Users/runner/work/insomnia/insomnia/packages/insomnia/src/ui/components/dropdowns/request-actions-dropdown.tsx, /Users/runner/work/insomnia/insomnia/packages/insomnia/src/ui/components/dropdowns/request-group-actions-dropdown.tsx, /Users/runner/work/insomnia/insomnia/packages/insomnia/src/ui/components/dropdowns/workspace-dropdown.tsx, /Users/runner/work/insomnia/insomnia/packages/insomnia/src/ui/components/dropdowns/workspace-sync-dropdown.tsx, /Users/runner/work/insomnia/insomnia/packages/insomnia/src/ui/components/editors/auth/components/auth-input-row.tsx, /Users/runner/work/insomnia/insomnia/packages/insomnia/src/ui/components/mocks/mock-response-pane.tsx, /Users/runner/work/insomnia/insomnia/packages/insomnia/src/ui/components/mocks/mock-url-bar.tsx, /Users/runner/work/insomnia/insomnia/packages/insomnia/src/ui/components/modals/input-vault-key-modal.tsx, /Users/runner/work/insomnia/insomnia/packages/insomnia/src/ui/components/modals/settings-modal.tsx, /Users/runner/work/insomnia/insomnia/packages/insomnia/src/ui/components/modals/sync-history-modal.tsx, /Users/runner/work/insomnia/insomnia/packages/insomnia/src/ui/components/panes/grpc-request-pane.tsx, /Users/runner/work/insomnia/insomnia/packages/insomnia/src/ui/components/panes/placeholder-request-pane.tsx, /Users/runner/work/insomnia/insomnia/packages/insomnia/src/ui/components/panes/placeholder-response-pane.tsx, /Users/runner/work/insomnia/insomnia/packages/insomnia/src/ui/components/panes/response-pane.tsx, /Users/runner/work/insomnia/insomnia/packages/insomnia/src/ui/components/present-users.tsx, /Users/runner/work/insomnia/insomnia/packages/insomnia/src/ui/components/request-url-bar.tsx, /Users/runner/work/insomnia/insomnia/packages/insomnia/src/ui/components/settings/boolean-setting.tsx, /Users/runner/work/insomnia/insomnia/packages/insomnia/src/ui/components/settings/enum-setting.tsx, /Users/runner/work/insomnia/insomnia/packages/insomnia/src/ui/components/settings/general.tsx, /Users/runner/work/insomnia/insomnia/packages/insomnia/src/ui/components/settings/import-export.tsx, /Users/runner/work/insomnia/insomnia/packages/insomnia/src/ui/components/settings/masked-setting.tsx, /Users/runner/work/insomnia/insomnia/packages/insomnia/src/ui/components/settings/number-setting.tsx, /Users/runner/work/insomnia/insomnia/packages/insomnia/src/ui/components/settings/plugins.tsx, /Users/runner/work/insomnia/insomnia/packages/insomnia/src/ui/components/settings/shortcuts.tsx, /Users/runner/work/insomnia/insomnia/packages/insomnia/src/ui/components/settings/text-setting.tsx, /Users/runner/work/insomnia/insomnia/packages/insomnia/src/ui/components/settings/vault-key-panel.tsx, /Users/runner/work/insomnia/insomnia/packages/insomnia/src/ui/components/toast.tsx, /Users/runner/work/insomnia/insomnia/packages/insomnia/src/ui/components/viewers/password-viewer.tsx, /Users/runner/work/insomnia/insomnia/packages/insomnia/src/ui/components/viewers/response-error-viewer.tsx, /Users/runner/work/insomnia/insomnia/packages/insomnia/src/ui/components/websockets/websocket-request-pane.tsx, /Users/runner/work/insomnia/insomnia/packages/insomnia/src/ui/context/app/ai-context.tsx, /Users/runner/work/insomnia/insomnia/packages/insomnia/src/ui/context/app/insomnia-event-stream-context.tsx, /Users/runner/work/insomnia/insomnia/packages/insomnia/src/ui/hooks/theme.ts, /Users/runner/work/insomnia/insomnia/packages/insomnia/src/ui/hooks/use-editor-refresh.ts, /Users/runner/work/insomnia/insomnia/packages/insomnia/src/ui/hooks/use-global-keyboard-shortcuts.ts, /Users/runner/work/insomnia/insomnia/packages/insomnia/src/ui/hooks/use-plan.tsx, /Users/runner/work/insomnia/insomnia/packages/insomnia/src/ui/hooks/use-settings-side-effects.ts, /Users/runner/work/insomnia/insomnia/packages/insomnia/src/ui/hooks/use-theme-change.ts, /Users/runner/work/insomnia/insomnia/packages/insomnia/src/ui/index.tsx, /Users/runner/work/insomnia/insomnia/packages/insomnia/src/ui/routes/auth.tsx, /Users/runner/work/insomnia/insomnia/packages/insomnia/src/ui/routes/debug.tsx, /Users/runner/work/insomnia/insomnia/packages/insomnia/src/ui/routes/design.tsx, /Users/runner/work/insomnia/insomnia/packages/insomnia/src/ui/routes/environments.tsx, /Users/runner/work/insomnia/insomnia/packages/insomnia/src/ui/routes/mock-route.tsx, /Users/runner/work/insomnia/insomnia/packages/insomnia/src/ui/routes/mock-server.tsx, /Users/runner/work/insomnia/insomnia/packages/insomnia/src/ui/routes/organization.tsx, /Users/runner/work/insomnia/insomnia/packages/insomnia/src/ui/routes/project.tsx, /Users/runner/work/insomnia/insomnia/packages/insomnia/src/ui/routes/runner.tsx, /Users/runner/work/insomnia/insomnia/packages/insomnia/src/ui/routes/unit-test.tsx, dynamic import will not move module into another chunk.
2025-04-14T17:56:03.6624420Z [39m
2025-04-14T17:56:03.6625360Z [1m[33m[plugin:vite:reporter][39m[22m [33m[plugin vite:reporter] 
2025-04-14T17:56:03.6634360Z (!) /Users/runner/work/insomnia/insomnia/packages/insomnia/src/ui/routes/auth.vaultKey.ts is dynamically imported by /Users/runner/work/insomnia/insomnia/packages/insomnia/src/ui/index.tsx, /Users/runner/work/insomnia/insomnia/packages/insomnia/src/ui/index.tsx, /Users/runner/work/insomnia/insomnia/packages/insomnia/src/ui/index.tsx, /Users/runner/work/insomnia/insomnia/packages/insomnia/src/ui/index.tsx, /Users/runner/work/insomnia/insomnia/packages/insomnia/src/ui/index.tsx but also statically imported by /Users/runner/work/insomnia/insomnia/packages/insomnia/src/ui/routes/auth.authorize.tsx, dynamic import will not move module into another chunk.
2025-04-14T17:56:03.6641110Z [39m
2025-04-14T17:56:03.6642060Z [1m[33m[plugin:vite:reporter][39m[22m [33m[plugin vite:reporter] 
2025-04-14T17:56:03.6646970Z (!) /Users/runner/work/insomnia/insomnia/packages/insomnia/src/ui/routes/auth.authorize.tsx is dynamically imported by /Users/runner/work/insomnia/insomnia/packages/insomnia/src/ui/index.tsx but also statically imported by /Users/runner/work/insomnia/insomnia/packages/insomnia/src/ui/index.tsx, dynamic import will not move module into another chunk.
2025-04-14T17:56:03.6650520Z [39m
2025-04-14T17:56:03.6651450Z [1m[33m[plugin:vite:reporter][39m[22m [33m[plugin vite:reporter] 
2025-04-14T17:56:03.6656300Z (!) /Users/runner/work/insomnia/insomnia/packages/insomnia/src/ui/routes/auth.login.tsx is dynamically imported by /Users/runner/work/insomnia/insomnia/packages/insomnia/src/ui/index.tsx but also statically imported by /Users/runner/work/insomnia/insomnia/packages/insomnia/src/ui/index.tsx, dynamic import will not move module into another chunk.
2025-04-14T17:56:03.6659780Z [39m
2025-04-14T17:56:03.6660700Z [1m[33m[plugin:vite:reporter][39m[22m [33m[plugin vite:reporter] 
2025-04-14T17:56:03.6666670Z (!) /Users/runner/work/insomnia/insomnia/packages/insomnia/src/ui/routes/onboarding.migrate.tsx is dynamically imported by /Users/runner/work/insomnia/insomnia/packages/insomnia/src/ui/index.tsx, /Users/runner/work/insomnia/insomnia/packages/insomnia/src/ui/index.tsx but also statically imported by /Users/runner/work/insomnia/insomnia/packages/insomnia/src/ui/index.tsx, dynamic import will not move module into another chunk.
2025-04-14T17:56:03.6671230Z [39m
2025-04-14T17:56:15.5143950Z computing gzip size...
2025-04-14T17:56:16.3692150Z [2m../build/[22m[32mhidden-window.html                             [39m[1m[2m    0.71 kB[22m[1m[22m[2m │ gzip:     0.40 kB[22m
2025-04-14T17:56:16.3693730Z [2m../build/[22m[32mindex.html                                     [39m[1m[2m    4.49 kB[22m[1m[22m[2m │ gzip:     1.42 kB[22m
2025-04-14T17:56:16.3695260Z [2m../build/[22m[32mfa-v4compatibility-DdO3cExJ.woff2              [39m[1m[2m    4.58 kB[22m[1m[22m
2025-04-14T17:56:16.3696850Z [2m../build/[22m[32mfa-v4compatibility-CBXreL0Z.ttf                [39m[1m[2m   10.11 kB[22m[1m[22m
2025-04-14T17:56:16.3698360Z [2m../build/[22m[32msecret_vaults-CKLVSoA4.png                     [39m[1m[2m   22.31 kB[22m[1m[22m
2025-04-14T17:56:16.3699810Z [2m../build/[22m[32mmultiple_tabs-BUnqPArU.png                     [39m[1m[2m   34.94 kB[22m[1m[22m
2025-04-14T17:56:16.3701220Z [2m../build/[22m[32mindex-aXiMIoK2.js                              [39m[1m[2m   55.99 kB[22m[1m[22m
2025-04-14T17:56:16.3702560Z [2m../build/[22m[32mxpath--b5waEVw.js                              [39m[1m[2m   78.50 kB[22m[1m[22m
2025-04-14T17:56:16.3703910Z [2m../build/[22m[32mcodicon-DCmgc-ay.ttf                           [39m[1m[2m   80.34 kB[22m[1m[22m
2025-04-14T17:56:16.3705780Z [2m../build/[22m[32mgit_projects-BZRAAhGS.png                      [39m[1m[2m   95.69 kB[22m[1m[22m
2025-04-14T17:56:16.3707280Z [2m../build/[22m[32mfa-brands-400-D71YAK4a.woff2                   [39m[1m[2m  107.46 kB[22m[1m[22m
2025-04-14T17:56:16.3708800Z [2m../build/[22m[32mfa-solid-900-BkfGhAqU.woff2                    [39m[1m[2m  150.47 kB[22m[1m[22m
2025-04-14T17:56:16.3710270Z [2m../build/[22m[32mfa-brands-400-BIl7TGUV.ttf                     [39m[1m[2m  186.01 kB[22m[1m[22m
2025-04-14T17:56:16.3711710Z [2m../build/[22m[32mfa-solid-900-DiwTSdRa.ttf                      [39m[1m[2m  396.37 kB[22m[1m[22m
2025-04-14T17:56:16.3713190Z [2m../build/[22m[32mtemplating-worker-oFQpzWr9.js                  [39m[1m[2m  656.38 kB[22m[1m[22m
2025-04-14T17:56:16.3714710Z [2m../build/[22m[32mspectral-worker-cuf49rDs.js                    [39m[1m[2m2,920.66 kB[22m[1m[22m
2025-04-14T17:56:16.3716340Z [2m../build/[22m[35mmainWindow-CHIdEQ62.css                        [39m[1m[2m  477.26 kB[22m[1m[22m[2m │ gzip:    86.37 kB[22m
2025-04-14T17:56:16.3718400Z [2m../build/[22m[36m_virtual_external_httpsnippet-CC3Y7WgW.js      [39m[1m[2m    0.18 kB[22m[1m[22m[2m │ gzip:     0.16 kB[22m[2m │ map:      0.12 kB[22m
2025-04-14T17:56:16.3720450Z [2m../build/[22m[36mauth.logout-BdVCihA2.js                        [39m[1m[2m    0.25 kB[22m[1m[22m[2m │ gzip:     0.23 kB[22m[2m │ map:      0.45 kB[22m
2025-04-14T17:56:16.3722430Z [2m../build/[22m[36muntracked-projects-BPHg7GIC.js                 [39m[1m[2m    0.53 kB[22m[1m[22m[2m │ gzip:     0.37 kB[22m[2m │ map:      2.26 kB[22m
2025-04-14T17:56:16.3724430Z [2m../build/[22m[36muse-vcs-version-C8kFPj4-.js                    [39m[1m[2m    0.71 kB[22m[1m[22m[2m │ gzip:     0.41 kB[22m[2m │ map:      3.37 kB[22m
2025-04-14T17:56:16.3726450Z [2m../build/[22m[36m_virtual_external_mime-types-C9x6lAuy.js       [39m[1m[2m    1.05 kB[22m[1m[22m[2m │ gzip:     0.56 kB[22m[2m │ map:      5.65 kB[22m
2025-04-14T17:56:16.3728540Z [2m../build/[22m[36mtemplating-handler-B8CfZ7QG.js                 [39m[1m[2m    1.24 kB[22m[1m[22m[2m │ gzip:     0.68 kB[22m[2m │ map:      3.79 kB[22m
2025-04-14T17:56:16.3730540Z [2m../build/[22m[36meditable-input-BiSgrftc.js                     [39m[1m[2m    1.41 kB[22m[1m[22m[2m │ gzip:     0.77 kB[22m[2m │ map:      4.70 kB[22m
2025-04-14T17:56:16.3732550Z [2m../build/[22m[36mhiddenBrowserWindow-BFvom6T_.js                [39m[1m[2m    2.11 kB[22m[1m[22m[2m │ gzip:     1.04 kB[22m[2m │ map:      7.33 kB[22m
2025-04-14T17:56:16.3734770Z [2m../build/[22m[36mrequest-group-C7_qbkQy.js                      [39m[1m[2m    2.14 kB[22m[1m[22m[2m │ gzip:     0.84 kB[22m[2m │ map:      6.96 kB[22m
2025-04-14T17:56:16.3736680Z [2m../build/[22m[36mtest-results-CVRKS0Jx.js                       [39m[1m[2m    2.35 kB[22m[1m[22m[2m │ gzip:     1.01 kB[22m[2m │ map:      6.02 kB[22m
2025-04-14T17:56:16.3738570Z [2m../build/[22m[36minvite-DCbJ2Atd.js                             [39m[1m[2m    2.35 kB[22m[1m[22m[2m │ gzip:     0.78 kB[22m[2m │ map:      7.87 kB[22m
2025-04-14T17:56:16.3740380Z [2m../build/[22m[36mimport-C9Xvyvfr.js                             [39m[1m[2m    2.53 kB[22m[1m[22m[2m │ gzip:     1.18 kB[22m[2m │ map:     10.23 kB[22m
2025-04-14T17:56:16.3742290Z [2m../build/[22m[36mresponse-timer-DB2WRNwq.js                     [39m[1m[2m    2.84 kB[22m[1m[22m[2m │ gzip:     1.23 kB[22m[2m │ map:      9.58 kB[22m
2025-04-14T17:56:16.3744210Z [2m../build/[22m[36mworkspace-C29wDozk.js                          [39m[1m[2m    4.56 kB[22m[1m[22m[2m │ gzip:     1.97 kB[22m[2m │ map:     20.54 kB[22m
2025-04-14T17:56:16.3746120Z [2m../build/[22m[36mone-line-editor-B90zHmnG.js                    [39m[1m[2m    5.85 kB[22m[1m[22m[2m │ gzip:     2.61 kB[22m[2m │ map:     22.88 kB[22m
2025-04-14T17:56:16.3748160Z [2m../build/[22m[36mcommands-wfMfWKk7.js                           [39m[1m[2m    6.11 kB[22m[1m[22m[2m │ gzip:     1.55 kB[22m[2m │ map:     22.22 kB[22m
2025-04-14T17:56:16.3750050Z [2m../build/[22m[36mgit-actions-WAIJ3mEY.js                        [39m[1m[2m    7.77 kB[22m[1m[22m[2m │ gzip:     1.50 kB[22m[2m │ map:     23.95 kB[22m
2025-04-14T17:56:16.3751920Z [2m../build/[22m[36mmock-server-DVd-cehG.js                        [39m[1m[2m    9.69 kB[22m[1m[22m[2m │ gzip:     3.30 kB[22m[2m │ map:     27.63 kB[22m
2025-04-14T17:56:16.3753850Z [2m../build/[22m[36mlibcurl-promise-x9Z3t0_w.js                    [39m[1m[2m   10.82 kB[22m[1m[22m[2m │ gzip:     4.68 kB[22m[2m │ map:     45.60 kB[22m
2025-04-14T17:56:16.3755830Z [2m../build/[22m[36mkey-value-editor-BtXCmzFH.js                   [39m[1m[2m   10.82 kB[22m[1m[22m[2m │ gzip:     4.20 kB[22m[2m │ map:     39.20 kB[22m
2025-04-14T17:56:16.3757750Z [2m../build/[22m[36munit-test-BX8oIl__.js                          [39m[1m[2m   11.55 kB[22m[1m[22m[2m │ gzip:     3.76 kB[22m[2m │ map:     33.73 kB[22m
2025-04-14T17:56:16.3759700Z [2m../build/[22m[36mremote-collections-Fk7Ek9zT.js                 [39m[1m[2m   12.30 kB[22m[1m[22m[2m │ gzip:     3.08 kB[22m[2m │ map:     43.06 kB[22m
2025-04-14T17:56:16.3761680Z [2m../build/[22m[36menvironments-thK0uplE.js                       [39m[1m[2m   12.46 kB[22m[1m[22m[2m │ gzip:     3.80 kB[22m[2m │ map:     39.53 kB[22m
2025-04-14T17:56:16.3763620Z [2m../build/[22m[36mtest-suite-DKUd9qhC.js                         [39m[1m[2m   12.97 kB[22m[1m[22m[2m │ gzip:     3.52 kB[22m[2m │ map:     34.50 kB[22m
2025-04-14T17:56:16.3765490Z [2m../build/[22m[36mpostman-g8qmnTd3.js                            [39m[1m[2m   14.00 kB[22m[1m[22m[2m │ gzip:     4.16 kB[22m[2m │ map:     47.03 kB[22m
2025-04-14T17:56:16.3767440Z [2m../build/[22m[36mexample-openapi-spec-D-1dUQKe.js               [39m[1m[2m   16.10 kB[22m[1m[22m[2m │ gzip:     2.67 kB[22m[2m │ map:     20.06 kB[22m
2025-04-14T17:56:16.3769360Z [2m../build/[22m[36mindex-CszHNffn.js                              [39m[1m[2m   24.08 kB[22m[1m[22m[2m │ gzip:     8.53 kB[22m[2m │ map:    100.40 kB[22m
2025-04-14T17:56:16.3771180Z [2m../build/[22m[36mindex-ClfaVKLN.js                              [39m[1m[2m   27.81 kB[22m[1m[22m[2m │ gzip:     8.53 kB[22m[2m │ map:    110.53 kB[22m
2025-04-14T17:56:16.3772990Z [2m../build/[22m[36mrunner-BVKNc_e1.js                             [39m[1m[2m   41.10 kB[22m[1m[22m[2m │ gzip:    11.71 kB[22m[2m │ map:    127.13 kB[22m
2025-04-14T17:56:16.3775210Z [2m../build/[22m[36mworkspace-environments-edit-modal-C54wXrEP.js  [39m[1m[2m   48.36 kB[22m[1m[22m[2m │ gzip:    10.44 kB[22m[2m │ map:    140.18 kB[22m
2025-04-14T17:56:16.3777300Z [2m../build/[22m[36mmock-route-DqlMFuw9.js                         [39m[1m[2m   49.01 kB[22m[1m[22m[2m │ gzip:    13.54 kB[22m[2m │ map:    152.50 kB[22m
2025-04-14T17:56:16.3779170Z [2m../build/[22m[36mindex-ByKYYWVN.js                              [39m[1m[2m   54.41 kB[22m[1m[22m[2m │ gzip:    17.98 kB[22m[2m │ map:    250.41 kB[22m
2025-04-14T17:56:16.3781070Z [2m../build/[22m[36muse-insomnia-tab-DQvewaQv.js                   [39m[1m[2m   85.06 kB[22m[1m[22m[2m │ gzip:    16.39 kB[22m[2m │ map:    248.08 kB[22m
2025-04-14T17:56:16.3782970Z [2m../build/[22m[36mdebug-BuZNRsIM.js                              [39m[1m[2m  233.80 kB[22m[1m[22m[2m │ gzip:    60.19 kB[22m[2m │ map:    756.71 kB[22m
2025-04-14T17:56:16.3784830Z [2m../build/[22m[36mdesign-Dnyi8Cmq.js                             [39m[1m[2m  486.80 kB[22m[1m[22m[2m │ gzip:   143.69 kB[22m[2m │ map:  1,770.73 kB[22m
2025-04-14T17:56:16.3786690Z [2m../build/[22m[36msentry-DGJOEdnX.js                             [39m[1m[33m1,035.98 kB[39m[22m[2m │ gzip:   348.65 kB[22m[2m │ map:  3,712.47 kB[22m
2025-04-14T17:56:16.3787620Z [33m
2025-04-14T17:56:16.3788490Z (!) Some chunks are larger than 500 kB after minification. Consider:
2025-04-14T17:56:16.3789520Z - Using dynamic import() to code-split the application
2025-04-14T17:56:16.3791100Z - Use build.rollupOptions.output.manualChunks to improve chunking: https://rollupjs.org/configuration-options/#output-manualchunks
2025-04-14T17:56:16.3792820Z - Adjust chunk size limit for this warning via build.chunkSizeWarningLimit.[39m
2025-04-14T17:56:16.3794560Z [2m../build/[22m[36mmainWindow-l5CqNdrW.js                         [39m[1m[33m9,104.86 kB[39m[22m[2m │ gzip: 2,552.62 kB[22m[2m │ map: 25,642.13 kB[22m
2025-04-14T17:56:16.3795630Z [32m✓ built in 1m 8s[39m
2025-04-14T17:56:16.3796120Z [build] Copying files
2025-04-14T17:56:16.3893970Z [build] Complete!
2025-04-14T17:56:17.5967030Z   • electron-builder  version=26.0.12 os=23.6.0
2025-04-14T17:56:17.5970980Z   • publishing will be skipped  reason=current build is a part of pull request solution=set env PUBLISH_FOR_PULL_REQUEST to true to force code signing
2025-04-14T17:56:17.5973490Z There are serious security concerns with PUBLISH_FOR_PULL_REQUEST=true (see the  CircleCI documentation (https://circleci.com/docs/1.0/fork-pr-builds/) for details)
2025-04-14T17:56:17.5976070Z If you have SSH keys, sensitive env vars or AWS credentials stored in your project settings and untrusted forks can make pull requests against your repo, then this option isn't for you.
2025-04-14T17:56:17.6063150Z overriding build targets to:  [ 'zip' ]
2025-04-14T17:56:17.6067440Z   • loaded configuration  file=/Users/runner/work/insomnia/insomnia/packages/insomnia/electron-builder.config.js
2025-04-14T17:56:17.7656090Z   • skipped dependencies rebuild  reason=npmRebuild is set to false
2025-04-14T17:56:17.7657430Z   • packaging       platform=darwin arch=x64 electron=35.0.2 appOutDir=dist/mac-universal-x64-temp
2025-04-14T17:56:18.0559900Z   • downloading     url=https://github.com/electron/electron/releases/download/v35.0.2/electron-v35.0.2-darwin-x64.zip size=112 MB parts=8
2025-04-14T17:56:18.7976860Z   • downloaded      url=https://github.com/electron/electron/releases/download/v35.0.2/electron-v35.0.2-darwin-x64.zip duration=1.019s
2025-04-14T17:56:57.2622990Z   • skipped dependencies rebuild  reason=npmRebuild is set to false
2025-04-14T17:56:57.2624260Z   • packaging       platform=darwin arch=arm64 electron=35.0.2 appOutDir=dist/mac-universal-arm64-temp
2025-04-14T17:56:57.6980280Z   • downloading     url=https://github.com/electron/electron/releases/download/v35.0.2/electron-v35.0.2-darwin-arm64.zip size=107 MB parts=8
2025-04-14T17:56:58.4323700Z   • downloaded      url=https://github.com/electron/electron/releases/download/v35.0.2/electron-v35.0.2-darwin-arm64.zip duration=1.159s
2025-04-14T17:57:35.9717230Z   • packaging       platform=darwin arch=universal electron=35.0.2 appOutDir=dist/mac-universal
2025-04-14T17:57:56.9887930Z   • Current build is a part of pull request, code signing will be skipped.
2025-04-14T17:57:56.9889100Z Set env CSC_FOR_PULL_REQUEST to true to force code signing.
2025-04-14T17:57:56.9891380Z There are serious security concerns with CSC_FOR_PULL_REQUEST=true (see the  CircleCI documentation (https://circleci.com/docs/1.0/fork-pr-builds/) for details)
2025-04-14T17:57:56.9894400Z If you have SSH keys, sensitive env vars or AWS credentials stored in your project settings and untrusted forks can make pull requests against your repo, then this option isn't for you.
2025-04-14T17:57:56.9896680Z   • building        target=macOS zip arch=universal file=dist/Insomnia.Core-11.1.0-alpha-pr-b5e172e.0.zip
2025-04-14T17:59:39.8241740Z   • building block map  blockMapFile=dist/Insomnia.Core-11.1.0-alpha-pr-b5e172e.0.zip.blockmap
2025-04-14T17:59:44.2374630Z ##[group]Run npm run test:crit:package
2025-04-14T17:59:44.2375310Z [36;1mnpm run test:crit:package[0m
2025-04-14T17:59:44.2526050Z shell: /bin/bash -e {0}
2025-04-14T17:59:44.2526820Z env:
2025-04-14T17:59:44.2527400Z   PR_NUMBER: 8614
2025-04-14T17:59:44.2528190Z   INSOMNIA_UPDATES_URL: http://localhost:4010
2025-04-14T17:59:44.2529250Z ##[endgroup]
2025-04-14T17:59:44.5354850Z 
2025-04-14T17:59:44.5357040Z > insomnia@1.0.0 test:crit:package
2025-04-14T17:59:44.5358470Z > npm run test:package -w insomnia-smoke-test -- --project=Critical
2025-04-14T17:59:44.5359300Z 
2025-04-14T17:59:44.8127850Z 
2025-04-14T17:59:44.8128670Z > insomnia-smoke-test@11.1.0-alpha-pr-b5e172e.0 test:package
2025-04-14T17:59:44.8129850Z > xvfb-maybe cross-env BUNDLE=package playwright test --project=Critical
2025-04-14T17:59:44.8130440Z 
2025-04-14T17:59:46.7004190Z [WebServer] (node:35475) DeprecationWarning: Calling start() is no longer necessary. It can be safely omitted.
2025-04-14T17:59:46.7023620Z (Use `node --trace-deprecation ...` to show where the warning was created)
2025-04-14T17:59:47.0054820Z [WebServer] oidc-provider WARNING: configuration cookies.keys is missing, this option is critical to detect and ignore tampered cookies
2025-04-14T17:59:47.0079770Z [WebServer] oidc-provider WARNING: a quick start development-only in-memory adapter is used, you MUST change it in order to not lose all stateful provider data upon restart and to be able to share these between processes
2025-04-14T17:59:47.0091530Z [WebServer] oidc-provider WARNING: a quick start development-only signing keys are used, you are expected to provide your own in configuration "jwks" property
2025-04-14T17:59:47.0140290Z [WebServer] (node:35475) DeprecationWarning: The "plain" PKCE method is deprecated and will be removed in the next major revision.
2025-04-14T17:59:47.8153530Z 
2025-04-14T17:59:47.8154910Z First argument must use the object destructuring pattern: _
2025-04-14T17:59:47.8155490Z 
2025-04-14T17:59:47.8155730Z    at ../playwright/test.ts:50
2025-04-14T17:59:47.8156060Z 
2025-04-14T17:59:47.8156210Z   48 | }
2025-04-14T17:59:47.8156550Z   49 |
2025-04-14T17:59:47.8157060Z > 50 | export const test = baseTest.extend<{
2025-04-14T17:59:47.8157670Z      |                              ^
2025-04-14T17:59:47.8158240Z   51 |   app: ElectronApplication;
2025-04-14T17:59:47.8158730Z   52 |   dataPath: string;
2025-04-14T17:59:47.8159240Z   53 |   fixturesPath: string;
2025-04-14T17:59:47.8191760Z ##[error]First argument must use the object destructuring pattern: _

   at ../playwright/test.ts:50

  48 | }
  49 |
> 50 | export const test = baseTest.extend<{
     |                              ^
  51 |   app: ElectronApplication;
  52 |   dataPath: string;
  53 |   fixturesPath: string;
2025-04-14T17:59:47.8205150Z 
2025-04-14T17:59:47.8206090Z First argument must use the object destructuring pattern: _
2025-04-14T17:59:47.8207020Z 
2025-04-14T17:59:47.8208570Z    at ../playwright/test.ts:50
2025-04-14T17:59:47.8209110Z 
2025-04-14T17:59:47.8209370Z   48 | }
2025-04-14T17:59:47.8209870Z   49 |
2025-04-14T17:59:47.8210810Z > 50 | export const test = baseTest.extend<{
2025-04-14T17:59:47.8211930Z      |                              ^
2025-04-14T17:59:47.8212850Z   51 |   app: ElectronApplication;
2025-04-14T17:59:47.8213740Z   52 |   dataPath: string;
2025-04-14T17:59:47.8214490Z   53 |   fixturesPath: string;
2025-04-14T17:59:47.8219730Z ##[error]First argument must use the object destructuring pattern: _

   at ../playwright/test.ts:50

  48 | }
  49 |
> 50 | export const test = baseTest.extend<{
     |                              ^
  51 |   app: ElectronApplication;
  52 |   dataPath: string;
  53 |   fixturesPath: string;
2025-04-14T17:59:47.8222590Z 
2025-04-14T17:59:47.8222600Z 
2025-04-14T17:59:47.8369800Z Failed with exit code: 1
2025-04-14T17:59:47.8370320Z Output:
2025-04-14T17:59:47.8371160Z 
2025-04-14T17:59:47.8424370Z npm error Lifecycle script `test:package` failed with error:
2025-04-14T17:59:47.8426040Z npm error code 255
2025-04-14T17:59:47.8427020Z npm error path /Users/runner/work/insomnia/insomnia/packages/insomnia-smoke-test
2025-04-14T17:59:47.8428170Z npm error workspace insomnia-smoke-test@11.1.0-alpha-pr-b5e172e.0
2025-04-14T17:59:47.8429400Z npm error location /Users/runner/work/insomnia/insomnia/packages/insomnia-smoke-test
2025-04-14T17:59:47.8430240Z npm error command failed
2025-04-14T17:59:47.8431260Z npm error command sh -c xvfb-maybe cross-env BUNDLE=package playwright test --project=Critical
2025-04-14T17:59:47.8971060Z ##[error]Process completed with exit code 255.
2025-04-14T17:59:47.9068790Z ##[group]Run actions/upload-artifact@v4
2025-04-14T17:59:47.9069300Z with:
2025-04-14T17:59:47.9069630Z   if-no-files-found: ignore
2025-04-14T17:59:47.9070210Z   name: macos-latest-large-package-critical-test-traces-12239
2025-04-14T17:59:47.9070900Z   path: packages/insomnia-smoke-test/traces
2025-04-14T17:59:47.9071420Z   compression-level: 6
2025-04-14T17:59:47.9071820Z   overwrite: false
2025-04-14T17:59:47.9072200Z   include-hidden-files: false
2025-04-14T17:59:47.9072630Z env:
2025-04-14T17:59:47.9072960Z   PR_NUMBER: 8614
2025-04-14T17:59:47.9073330Z ##[endgroup]
2025-04-14T17:59:48.1845390Z No files were found with the provided path: packages/insomnia-smoke-test/traces. No artifacts will be uploaded.
2025-04-14T17:59:48.2040840Z Post job cleanup.
2025-04-14T17:59:48.3457240Z [command]/usr/local/bin/git version
2025-04-14T17:59:48.3546860Z git version 2.49.0
2025-04-14T17:59:48.3592370Z Copying '/Users/runner/.gitconfig' to '/Users/runner/work/_temp/a62d228b-8906-4094-aab2-d497625b72e8/.gitconfig'
2025-04-14T17:59:48.3610660Z Temporarily overriding HOME='/Users/runner/work/_temp/a62d228b-8906-4094-aab2-d497625b72e8' before making global git config changes
2025-04-14T17:59:48.3612520Z Adding repository directory to the temporary git global config as a safe directory
2025-04-14T17:59:48.3616280Z [command]/usr/local/bin/git config --global --add safe.directory /Users/runner/work/insomnia/insomnia
2025-04-14T17:59:48.3718510Z [command]/usr/local/bin/git config --local --name-only --get-regexp core\.sshCommand
2025-04-14T17:59:48.3813610Z [command]/usr/local/bin/git submodule foreach --recursive sh -c "git config --local --name-only --get-regexp 'core\.sshCommand' && git config --local --unset-all 'core.sshCommand' || :"
2025-04-14T17:59:48.5074780Z [command]/usr/local/bin/git config --local --name-only --get-regexp http\.https\:\/\/github\.com\/\.extraheader
2025-04-14T17:59:48.5175270Z http.https://github.com/.extraheader
2025-04-14T17:59:48.5194170Z [command]/usr/local/bin/git config --local --unset-all http.https://github.com/.extraheader
2025-04-14T17:59:48.5329180Z [command]/usr/local/bin/git submodule foreach --recursive sh -c "git config --local --name-only --get-regexp 'http\.https\:\/\/github\.com\/\.extraheader' && git config --local --unset-all 'http.https://github.com/.extraheader' || :"
2025-04-14T17:59:48.6987670Z Cleaning up orphan processes
