2025-03-24T03:21:24.1704989Z Requested labels: ubuntu-latest
2025-03-24T03:21:24.1706362Z Job defined at: tj/commander.js/.github/workflows/tests.yml@refs/heads/dependabot/npm_and_yarn/develop/typescript-5.8.2
2025-03-24T03:21:24.1707713Z Waiting for a runner to pick up this job...
2025-03-24T03:21:24.4687550Z Job is waiting for a hosted runner to come online.
2025-03-24T03:21:27.5656037Z Job is about to start running on the hosted runner: GitHub Actions 13 (hosted)
2025-03-24T03:21:28.9073137Z Current runner version: '2.322.0'
2025-03-24T03:21:28.9098771Z ##[group]Operating System
2025-03-24T03:21:28.9099568Z Ubuntu
2025-03-24T03:21:28.9100070Z 24.04.2
2025-03-24T03:21:28.9100666Z LTS
2025-03-24T03:21:28.9101100Z ##[endgroup]
2025-03-24T03:21:28.9101615Z ##[group]Runner Image
2025-03-24T03:21:28.9102245Z Image: ubuntu-24.04
2025-03-24T03:21:28.9102771Z Version: 20250316.1.0
2025-03-24T03:21:28.9103830Z Included Software: https://github.com/actions/runner-images/blob/ubuntu24/20250316.1/images/ubuntu/Ubuntu2404-Readme.md
2025-03-24T03:21:28.9105372Z Image Release: https://github.com/actions/runner-images/releases/tag/ubuntu24%2F20250316.1
2025-03-24T03:21:28.9106274Z ##[endgroup]
2025-03-24T03:21:28.9106858Z ##[group]Runner Image Provisioner
2025-03-24T03:21:28.9107474Z 2.0.422.1
2025-03-24T03:21:28.9107977Z ##[endgroup]
2025-03-24T03:21:28.9109005Z ##[group]GITHUB_TOKEN Permissions
2025-03-24T03:21:28.9110793Z Contents: read
2025-03-24T03:21:28.9111486Z Metadata: read
2025-03-24T03:21:28.9112189Z ##[endgroup]
2025-03-24T03:21:28.9115405Z Secret source: Dependabot
2025-03-24T03:21:28.9116189Z Prepare workflow directory
2025-03-24T03:21:28.9432864Z Prepare all required actions
2025-03-24T03:21:28.9469373Z Getting action download info
2025-03-24T03:21:29.0963764Z ##[group]Download immutable action package 'actions/checkout@v4'
2025-03-24T03:21:29.0965198Z Version: 4.2.2
2025-03-24T03:21:29.0966368Z Digest: sha256:ccb2698953eaebd21c7bf6268a94f9c26518a7e38e27e0b83c1fe1ad049819b1
2025-03-24T03:21:29.0967551Z Source commit SHA: 11bd71901bbe5b1630ceea73d27597364c9af683
2025-03-24T03:21:29.0968249Z ##[endgroup]
2025-03-24T03:21:29.1832858Z ##[group]Download immutable action package 'actions/setup-node@v4'
2025-03-24T03:21:29.1833729Z Version: 4.3.0
2025-03-24T03:21:29.1834795Z Digest: sha256:9f9f8171ffc89cb7f6897e615e2b43b46bb55176fd279129eb0088157eace9b2
2025-03-24T03:21:29.1835775Z Source commit SHA: cdca7365b2dadb8aad0a33bc7601856ffabcc48e
2025-03-24T03:21:29.1836592Z ##[endgroup]
2025-03-24T03:21:29.5145510Z Complete job name: Test on node 18.x and ubuntu-latest
2025-03-24T03:21:29.5767848Z ##[group]Run actions/checkout@v4
2025-03-24T03:21:29.5768685Z with:
2025-03-24T03:21:29.5769097Z   repository: tj/commander.js
2025-03-24T03:21:29.5769727Z   token: ***
2025-03-24T03:21:29.5770174Z   ssh-strict: true
2025-03-24T03:21:29.5770583Z   ssh-user: git
2025-03-24T03:21:29.5770988Z   persist-credentials: true
2025-03-24T03:21:29.5771441Z   clean: true
2025-03-24T03:21:29.5771876Z   sparse-checkout-cone-mode: true
2025-03-24T03:21:29.5772367Z   fetch-depth: 1
2025-03-24T03:21:29.5772763Z   fetch-tags: false
2025-03-24T03:21:29.5773180Z   show-progress: true
2025-03-24T03:21:29.5773581Z   lfs: false
2025-03-24T03:21:29.5773952Z   submodules: false
2025-03-24T03:21:29.5774543Z   set-safe-directory: true
2025-03-24T03:21:29.5775258Z ##[endgroup]
2025-03-24T03:21:29.7513887Z Syncing repository: tj/commander.js
2025-03-24T03:21:29.7515815Z ##[group]Getting Git version info
2025-03-24T03:21:29.7516552Z Working directory is '/home/runner/work/commander.js/commander.js'
2025-03-24T03:21:29.7517610Z [command]/usr/bin/git version
2025-03-24T03:21:29.7567270Z git version 2.48.1
2025-03-24T03:21:29.7594758Z ##[endgroup]
2025-03-24T03:21:29.7615478Z Temporarily overriding HOME='/home/runner/work/_temp/548e281b-bf43-44f4-9cc9-98c23ac8a7b9' before making global git config changes
2025-03-24T03:21:29.7616869Z Adding repository directory to the temporary git global config as a safe directory
2025-03-24T03:21:29.7620621Z [command]/usr/bin/git config --global --add safe.directory /home/runner/work/commander.js/commander.js
2025-03-24T03:21:29.7655795Z Deleting the contents of '/home/runner/work/commander.js/commander.js'
2025-03-24T03:21:29.7659487Z ##[group]Initializing the repository
2025-03-24T03:21:29.7663346Z [command]/usr/bin/git init /home/runner/work/commander.js/commander.js
2025-03-24T03:21:29.7729164Z hint: Using 'master' as the name for the initial branch. This default branch name
2025-03-24T03:21:29.7730300Z hint: is subject to change. To configure the initial branch name to use in all
2025-03-24T03:21:29.7731445Z hint: of your new repositories, which will suppress this warning, call:
2025-03-24T03:21:29.7732102Z hint:
2025-03-24T03:21:29.7732572Z hint: 	git config --global init.defaultBranch <name>
2025-03-24T03:21:29.7733139Z hint:
2025-03-24T03:21:29.7733898Z hint: Names commonly chosen instead of 'master' are 'main', 'trunk' and
2025-03-24T03:21:29.7735430Z hint: 'development'. The just-created branch can be renamed via this command:
2025-03-24T03:21:29.7736136Z hint:
2025-03-24T03:21:29.7736519Z hint: 	git branch -m <name>
2025-03-24T03:21:29.7737265Z Initialized empty Git repository in /home/runner/work/commander.js/commander.js/.git/
2025-03-24T03:21:29.7745788Z [command]/usr/bin/git remote add origin https://github.com/tj/commander.js
2025-03-24T03:21:29.7776246Z ##[endgroup]
2025-03-24T03:21:29.7777065Z ##[group]Disabling automatic garbage collection
2025-03-24T03:21:29.7780062Z [command]/usr/bin/git config --local gc.auto 0
2025-03-24T03:21:29.7807806Z ##[endgroup]
2025-03-24T03:21:29.7808510Z ##[group]Setting up auth
2025-03-24T03:21:29.7814469Z [command]/usr/bin/git config --local --name-only --get-regexp core\.sshCommand
2025-03-24T03:21:29.7843236Z [command]/usr/bin/git submodule foreach --recursive sh -c "git config --local --name-only --get-regexp 'core\.sshCommand' && git config --local --unset-all 'core.sshCommand' || :"
2025-03-24T03:21:29.8128691Z [command]/usr/bin/git config --local --name-only --get-regexp http\.https\:\/\/github\.com\/\.extraheader
2025-03-24T03:21:29.8159297Z [command]/usr/bin/git submodule foreach --recursive sh -c "git config --local --name-only --get-regexp 'http\.https\:\/\/github\.com\/\.extraheader' && git config --local --unset-all 'http.https://github.com/.extraheader' || :"
2025-03-24T03:21:29.8382085Z [command]/usr/bin/git config --local http.https://github.com/.extraheader AUTHORIZATION: basic ***
2025-03-24T03:21:29.8425295Z ##[endgroup]
2025-03-24T03:21:29.8426030Z ##[group]Fetching the repository
2025-03-24T03:21:29.8436664Z [command]/usr/bin/git -c protocol.version=2 fetch --no-tags --prune --no-recurse-submodules --depth=1 origin +346baab8d4847eaf62a3337a8ed346a5e4943d59:refs/remotes/origin/dependabot/npm_and_yarn/develop/typescript-5.8.2
2025-03-24T03:21:30.1525911Z From https://github.com/tj/commander.js
2025-03-24T03:21:30.1527146Z  * [new ref]         346baab8d4847eaf62a3337a8ed346a5e4943d59 -> origin/dependabot/npm_and_yarn/develop/typescript-5.8.2
2025-03-24T03:21:30.1553185Z ##[endgroup]
2025-03-24T03:21:30.1554132Z ##[group]Determining the checkout info
2025-03-24T03:21:30.1556196Z ##[endgroup]
2025-03-24T03:21:30.1561552Z [command]/usr/bin/git sparse-checkout disable
2025-03-24T03:21:30.1600233Z [command]/usr/bin/git config --local --unset-all extensions.worktreeConfig
2025-03-24T03:21:30.1627583Z ##[group]Checking out the ref
2025-03-24T03:21:30.1632725Z [command]/usr/bin/git checkout --progress --force -B dependabot/npm_and_yarn/develop/typescript-5.8.2 refs/remotes/origin/dependabot/npm_and_yarn/develop/typescript-5.8.2
2025-03-24T03:21:30.1800966Z Switched to a new branch 'dependabot/npm_and_yarn/develop/typescript-5.8.2'
2025-03-24T03:21:30.1804868Z branch 'dependabot/npm_and_yarn/develop/typescript-5.8.2' set up to track 'origin/dependabot/npm_and_yarn/develop/typescript-5.8.2'.
2025-03-24T03:21:30.1810930Z ##[endgroup]
2025-03-24T03:21:30.1845058Z [command]/usr/bin/git log -1 --format=%H
2025-03-24T03:21:30.1866594Z 346baab8d4847eaf62a3337a8ed346a5e4943d59
2025-03-24T03:21:30.2098549Z ##[group]Run actions/setup-node@v4
2025-03-24T03:21:30.2099083Z with:
2025-03-24T03:21:30.2099438Z   cache: npm
2025-03-24T03:21:30.2099805Z   node-version: 18.x
2025-03-24T03:21:30.2100216Z   always-auth: false
2025-03-24T03:21:30.2100626Z   check-latest: false
2025-03-24T03:21:30.2101185Z   token: ***
2025-03-24T03:21:30.2101656Z ##[endgroup]
2025-03-24T03:21:30.3945710Z Found in cache @ /opt/hostedtoolcache/node/18.20.7/x64
2025-03-24T03:21:30.3947783Z ##[group]Environment details
2025-03-24T03:21:31.8719238Z node: v18.20.7
2025-03-24T03:21:31.8720797Z npm: 10.8.2
2025-03-24T03:21:31.8721196Z yarn: 1.22.22
2025-03-24T03:21:31.8722517Z ##[endgroup]
2025-03-24T03:21:31.8744787Z [command]/opt/hostedtoolcache/node/18.20.7/x64/bin/npm config get cache
2025-03-24T03:21:32.1165702Z /home/runner/.npm
2025-03-24T03:21:32.2122849Z npm cache is not found
2025-03-24T03:21:32.2265545Z ##[group]Run npm ci
2025-03-24T03:21:32.2265924Z [36;1mnpm ci[0m
2025-03-24T03:21:32.2318784Z shell: /usr/bin/bash -e {0}
2025-03-24T03:21:32.2319113Z ##[endgroup]
2025-03-24T03:21:34.1519447Z npm error code EUSAGE
2025-03-24T03:21:34.1521620Z npm error
2025-03-24T03:21:34.1523379Z npm error `npm ci` can only install packages when your package.json and package-lock.json or npm-shrinkwrap.json are in sync. Please update your lock file with `npm install` before continuing.
2025-03-24T03:21:34.1524949Z npm error
2025-03-24T03:21:34.1525779Z npm error Invalid: lock file's typescript@5.8.2 does not satisfy typescript@5.7.3
2025-03-24T03:21:34.1526579Z npm error
2025-03-24T03:21:34.1527055Z npm error Clean install a project
2025-03-24T03:21:34.1527543Z npm error
2025-03-24T03:21:34.1527874Z npm error Usage:
2025-03-24T03:21:34.1528231Z npm error npm ci
2025-03-24T03:21:34.1528581Z npm error
2025-03-24T03:21:34.1528982Z npm error Options:
2025-03-24T03:21:34.1529866Z npm error [--install-strategy <hoisted|nested|shallow|linked>] [--legacy-bundling]
2025-03-24T03:21:34.1531107Z npm error [--global-style] [--omit <dev|optional|peer> [--omit <dev|optional|peer> ...]]
2025-03-24T03:21:34.1532371Z npm error [--include <prod|dev|optional|peer> [--include <prod|dev|optional|peer> ...]]
2025-03-24T03:21:34.1533570Z npm error [--strict-peer-deps] [--foreground-scripts] [--ignore-scripts] [--no-audit]
2025-03-24T03:21:34.1534784Z npm error [--no-bin-links] [--no-fund] [--dry-run]
2025-03-24T03:21:34.1535809Z npm error [-w|--workspace <workspace-name> [-w|--workspace <workspace-name> ...]]
2025-03-24T03:21:34.1536813Z npm error [-ws|--workspaces] [--include-workspace-root] [--install-links]
2025-03-24T03:21:34.1537500Z npm error
2025-03-24T03:21:34.1538195Z npm error aliases: clean-install, ic, install-clean, isntall-clean
2025-03-24T03:21:34.1538790Z npm error
2025-03-24T03:21:34.1539190Z npm error Run "npm help ci" for more info
2025-03-24T03:21:34.1539933Z npm error A complete log of this run can be found in: /home/runner/.npm/_logs/2025-03-24T03_21_32_305Z-debug-0.log
2025-03-24T03:21:34.1645544Z ##[error]Process completed with exit code 1.
2025-03-24T03:21:34.1746101Z Post job cleanup.
2025-03-24T03:21:34.2680276Z [command]/usr/bin/git version
2025-03-24T03:21:34.2715548Z git version 2.48.1
2025-03-24T03:21:34.2757439Z Temporarily overriding HOME='/home/runner/work/_temp/336a966d-854d-4e78-b6e3-4bb96396f116' before making global git config changes
2025-03-24T03:21:34.2758468Z Adding repository directory to the temporary git global config as a safe directory
2025-03-24T03:21:34.2762762Z [command]/usr/bin/git config --global --add safe.directory /home/runner/work/commander.js/commander.js
2025-03-24T03:21:34.2801661Z [command]/usr/bin/git config --local --name-only --get-regexp core\.sshCommand
2025-03-24T03:21:34.2833029Z [command]/usr/bin/git submodule foreach --recursive sh -c "git config --local --name-only --get-regexp 'core\.sshCommand' && git config --local --unset-all 'core.sshCommand' || :"
2025-03-24T03:21:34.3063211Z [command]/usr/bin/git config --local --name-only --get-regexp http\.https\:\/\/github\.com\/\.extraheader
2025-03-24T03:21:34.3082592Z http.https://github.com/.extraheader
2025-03-24T03:21:34.3095058Z [command]/usr/bin/git config --local --unset-all http.https://github.com/.extraheader
2025-03-24T03:21:34.3124760Z [command]/usr/bin/git submodule foreach --recursive sh -c "git config --local --name-only --get-regexp 'http\.https\:\/\/github\.com\/\.extraheader' && git config --local --unset-all 'http.https://github.com/.extraheader' || :"
2025-03-24T03:21:34.3475012Z Cleaning up orphan processes
