2025-04-15T09:32:47.9803295Z ##[group]Run pre-commit/action@2c7b3805fd2a0fd8c1884dcaebf91fc102a13ecd
2025-04-15T09:32:47.9804237Z with:
2025-04-15T09:32:47.9804711Z   extra_args: --all-files --hook-stage manual
2025-04-15T09:32:47.9805342Z env:
2025-04-15T09:32:47.9805885Z   pythonLocation: /opt/hostedtoolcache/Python/3.12.9/x64
2025-04-15T09:32:47.9806933Z   PKG_CONFIG_PATH: /opt/hostedtoolcache/Python/3.12.9/x64/lib/pkgconfig
2025-04-15T09:32:47.9807971Z   Python_ROOT_DIR: /opt/hostedtoolcache/Python/3.12.9/x64
2025-04-15T09:32:47.9808894Z   Python2_ROOT_DIR: /opt/hostedtoolcache/Python/3.12.9/x64
2025-04-15T09:32:47.9809822Z   Python3_ROOT_DIR: /opt/hostedtoolcache/Python/3.12.9/x64
2025-04-15T09:32:47.9810905Z   LD_LIBRARY_PATH: /opt/hostedtoolcache/Python/3.12.9/x64/lib
2025-04-15T09:32:47.9811868Z ##[endgroup]
2025-04-15T09:32:47.9903114Z ##[group]Run python -m pip install pre-commit
2025-04-15T09:32:47.9903911Z [36;1mpython -m pip install pre-commit[0m
2025-04-15T09:32:47.9958268Z shell: /usr/bin/bash --noprofile --norc -e -o pipefail {0}
2025-04-15T09:32:47.9959098Z env:
2025-04-15T09:32:47.9959651Z   pythonLocation: /opt/hostedtoolcache/Python/3.12.9/x64
2025-04-15T09:32:47.9960849Z   PKG_CONFIG_PATH: /opt/hostedtoolcache/Python/3.12.9/x64/lib/pkgconfig
2025-04-15T09:32:47.9961864Z   Python_ROOT_DIR: /opt/hostedtoolcache/Python/3.12.9/x64
2025-04-15T09:32:47.9962794Z   Python2_ROOT_DIR: /opt/hostedtoolcache/Python/3.12.9/x64
2025-04-15T09:32:47.9963716Z   Python3_ROOT_DIR: /opt/hostedtoolcache/Python/3.12.9/x64
2025-04-15T09:32:47.9964634Z   LD_LIBRARY_PATH: /opt/hostedtoolcache/Python/3.12.9/x64/lib
2025-04-15T09:32:47.9965377Z ##[endgroup]
2025-04-15T09:32:50.1597077Z Collecting pre-commit
2025-04-15T09:32:50.1934976Z   Downloading pre_commit-4.2.0-py2.py3-none-any.whl.metadata (1.3 kB)
2025-04-15T09:32:50.2072433Z Collecting cfgv>=2.0.0 (from pre-commit)
2025-04-15T09:32:50.2099312Z   Downloading cfgv-3.4.0-py2.py3-none-any.whl.metadata (8.5 kB)
2025-04-15T09:32:50.2495853Z Collecting identify>=1.0.0 (from pre-commit)
2025-04-15T09:32:50.2523489Z   Downloading identify-2.6.9-py2.py3-none-any.whl.metadata (4.4 kB)
2025-04-15T09:32:50.2690637Z Collecting nodeenv>=0.11.1 (from pre-commit)
2025-04-15T09:32:50.2716521Z   Downloading nodeenv-1.9.1-py2.py3-none-any.whl.metadata (21 kB)
2025-04-15T09:32:50.3049108Z Collecting pyyaml>=5.1 (from pre-commit)
2025-04-15T09:32:50.3076217Z   Downloading PyYAML-6.0.2-cp312-cp312-manylinux_2_17_x86_64.manylinux2014_x86_64.whl.metadata (2.1 kB)
2025-04-15T09:32:50.3574328Z Collecting virtualenv>=20.10.0 (from pre-commit)
2025-04-15T09:32:50.3602808Z   Downloading virtualenv-20.30.0-py3-none-any.whl.metadata (4.5 kB)
2025-04-15T09:32:50.3800680Z Collecting distlib<1,>=0.3.7 (from virtualenv>=20.10.0->pre-commit)
2025-04-15T09:32:50.3827024Z   Downloading distlib-0.3.9-py2.py3-none-any.whl.metadata (5.2 kB)
2025-04-15T09:32:50.4019484Z Collecting filelock<4,>=3.12.2 (from virtualenv>=20.10.0->pre-commit)
2025-04-15T09:32:50.4047221Z   Downloading filelock-3.18.0-py3-none-any.whl.metadata (2.9 kB)
2025-04-15T09:32:50.4247942Z Collecting platformdirs<5,>=3.9.1 (from virtualenv>=20.10.0->pre-commit)
2025-04-15T09:32:50.4274201Z   Downloading platformdirs-4.3.7-py3-none-any.whl.metadata (11 kB)
2025-04-15T09:32:50.4380311Z Downloading pre_commit-4.2.0-py2.py3-none-any.whl (220 kB)
2025-04-15T09:32:50.4500480Z Downloading cfgv-3.4.0-py2.py3-none-any.whl (7.2 kB)
2025-04-15T09:32:50.4550515Z Downloading identify-2.6.9-py2.py3-none-any.whl (99 kB)
2025-04-15T09:32:50.4603853Z Downloading nodeenv-1.9.1-py2.py3-none-any.whl (22 kB)
2025-04-15T09:32:50.4653746Z Downloading PyYAML-6.0.2-cp312-cp312-manylinux_2_17_x86_64.manylinux2014_x86_64.whl (767 kB)
2025-04-15T09:32:50.4789283Z    ━━━━━━━━━━━━━━━━━━━━━━━━━━━━━━━━━━━━━━━━ 767.5/767.5 kB 63.7 MB/s eta 0:00:00
2025-04-15T09:32:50.4820636Z Downloading virtualenv-20.30.0-py3-none-any.whl (4.3 MB)
2025-04-15T09:32:50.5181143Z    ━━━━━━━━━━━━━━━━━━━━━━━━━━━━━━━━━━━━━━━━ 4.3/4.3 MB 125.3 MB/s eta 0:00:00
2025-04-15T09:32:50.5207410Z Downloading distlib-0.3.9-py2.py3-none-any.whl (468 kB)
2025-04-15T09:32:50.5284098Z Downloading filelock-3.18.0-py3-none-any.whl (16 kB)
2025-04-15T09:32:50.5341135Z Downloading platformdirs-4.3.7-py3-none-any.whl (18 kB)
2025-04-15T09:32:50.5755132Z Installing collected packages: distlib, pyyaml, platformdirs, nodeenv, identify, filelock, cfgv, virtualenv, pre-commit
2025-04-15T09:32:50.9815323Z Successfully installed cfgv-3.4.0 distlib-0.3.9 filelock-3.18.0 identify-2.6.9 nodeenv-1.9.1 platformdirs-4.3.7 pre-commit-4.2.0 pyyaml-6.0.2 virtualenv-20.30.0
2025-04-15T09:32:51.1359401Z ##[group]Run python -m pip freeze --local
2025-04-15T09:32:51.1359735Z [36;1mpython -m pip freeze --local[0m
2025-04-15T09:32:51.1406646Z shell: /usr/bin/bash --noprofile --norc -e -o pipefail {0}
2025-04-15T09:32:51.1407165Z env:
2025-04-15T09:32:51.1407419Z   pythonLocation: /opt/hostedtoolcache/Python/3.12.9/x64
2025-04-15T09:32:51.1407838Z   PKG_CONFIG_PATH: /opt/hostedtoolcache/Python/3.12.9/x64/lib/pkgconfig
2025-04-15T09:32:51.1408261Z   Python_ROOT_DIR: /opt/hostedtoolcache/Python/3.12.9/x64
2025-04-15T09:32:51.1408646Z   Python2_ROOT_DIR: /opt/hostedtoolcache/Python/3.12.9/x64
2025-04-15T09:32:51.1409031Z   Python3_ROOT_DIR: /opt/hostedtoolcache/Python/3.12.9/x64
2025-04-15T09:32:51.1409405Z   LD_LIBRARY_PATH: /opt/hostedtoolcache/Python/3.12.9/x64/lib
2025-04-15T09:32:51.1409716Z ##[endgroup]
2025-04-15T09:32:51.3920258Z cfgv==3.4.0
2025-04-15T09:32:51.3920840Z distlib==0.3.9
2025-04-15T09:32:51.3921282Z filelock==3.18.0
2025-04-15T09:32:51.3921720Z identify==2.6.9
2025-04-15T09:32:51.3922131Z nodeenv==1.9.1
2025-04-15T09:32:51.3922576Z platformdirs==4.3.7
2025-04-15T09:32:51.3923016Z pre_commit==4.2.0
2025-04-15T09:32:51.3923383Z PyYAML==6.0.2
2025-04-15T09:32:51.3923663Z virtualenv==20.30.0
2025-04-15T09:32:51.4864134Z ##[group]Run actions/cache@v4
2025-04-15T09:32:51.4864381Z with:
2025-04-15T09:32:51.4864555Z   path: ~/.cache/pre-commit
2025-04-15T09:32:51.4865045Z   key: pre-commit-3|/opt/hostedtoolcache/Python/3.12.9/x64|b561be449282ed0f3eb12e41c885cf98903b2d58b7a569f3e4b5873d7aff2f18
2025-04-15T09:32:51.4865592Z   enableCrossOsArchive: false
2025-04-15T09:32:51.4865816Z   fail-on-cache-miss: false
2025-04-15T09:32:51.4866023Z   lookup-only: false
2025-04-15T09:32:51.4866208Z   save-always: false
2025-04-15T09:32:51.4866391Z env:
2025-04-15T09:32:51.4866615Z   pythonLocation: /opt/hostedtoolcache/Python/3.12.9/x64
2025-04-15T09:32:51.4867007Z   PKG_CONFIG_PATH: /opt/hostedtoolcache/Python/3.12.9/x64/lib/pkgconfig
2025-04-15T09:32:51.4867380Z   Python_ROOT_DIR: /opt/hostedtoolcache/Python/3.12.9/x64
2025-04-15T09:32:51.4867709Z   Python2_ROOT_DIR: /opt/hostedtoolcache/Python/3.12.9/x64
2025-04-15T09:32:51.4868050Z   Python3_ROOT_DIR: /opt/hostedtoolcache/Python/3.12.9/x64
2025-04-15T09:32:51.4868411Z   LD_LIBRARY_PATH: /opt/hostedtoolcache/Python/3.12.9/x64/lib
2025-04-15T09:32:51.4868703Z ##[endgroup]
2025-04-15T09:32:51.7124742Z Cache hit for: pre-commit-3|/opt/hostedtoolcache/Python/3.12.9/x64|b561be449282ed0f3eb12e41c885cf98903b2d58b7a569f3e4b5873d7aff2f18
2025-04-15T09:32:52.4196381Z Received 113357780 of 113357780 (100.0%), 165.6 MBs/sec
2025-04-15T09:32:52.4197372Z Cache Size: ~108 MB (113357780 B)
2025-04-15T09:32:52.4227219Z [command]/usr/bin/tar -xf /home/runner/work/_temp/897cce2a-5144-4aee-b714-1134cecaa70c/cache.tzst -P -C /home/runner/work/vllm/vllm --use-compress-program unzstd
2025-04-15T09:32:53.3782191Z Cache restored successfully
2025-04-15T09:32:53.4214564Z Cache restored from key: pre-commit-3|/opt/hostedtoolcache/Python/3.12.9/x64|b561be449282ed0f3eb12e41c885cf98903b2d58b7a569f3e4b5873d7aff2f18
2025-04-15T09:32:53.4316736Z ##[group]Run pre-commit run --show-diff-on-failure --color=always --all-files --hook-stage manual
2025-04-15T09:32:53.4317369Z [36;1mpre-commit run --show-diff-on-failure --color=always --all-files --hook-stage manual[0m
2025-04-15T09:32:53.4366230Z shell: /usr/bin/bash --noprofile --norc -e -o pipefail {0}
2025-04-15T09:32:53.4366570Z env:
2025-04-15T09:32:53.4366823Z   pythonLocation: /opt/hostedtoolcache/Python/3.12.9/x64
2025-04-15T09:32:53.4367440Z   PKG_CONFIG_PATH: /opt/hostedtoolcache/Python/3.12.9/x64/lib/pkgconfig
2025-04-15T09:32:53.4367854Z   Python_ROOT_DIR: /opt/hostedtoolcache/Python/3.12.9/x64
2025-04-15T09:32:53.4368215Z   Python2_ROOT_DIR: /opt/hostedtoolcache/Python/3.12.9/x64
2025-04-15T09:32:53.4368579Z   Python3_ROOT_DIR: /opt/hostedtoolcache/Python/3.12.9/x64
2025-04-15T09:32:53.4368948Z   LD_LIBRARY_PATH: /opt/hostedtoolcache/Python/3.12.9/x64/lib
2025-04-15T09:32:53.4369259Z ##[endgroup]
2025-04-15T09:34:06.0538878Z yapf.....................................................................[41mFailed[m
2025-04-15T09:34:06.0539960Z [2m- hook id: yapf[m
2025-04-15T09:34:06.0540885Z [2m- files were modified by this hook[m
2025-04-15T09:34:06.0541669Z 
2025-04-15T09:34:06.0542292Z Reformatting tests/models/multimodal/processing/test_llava_onevision.py
2025-04-15T09:34:06.0543346Z Reformatting vllm/lora/ops/triton_ops/lora_kernel_metadata.py
2025-04-15T09:34:06.0544227Z Reformatting vllm/model_executor/models/starcoder2.py
2025-04-15T09:34:06.0544946Z Reformatting vllm/transformers_utils/configs/nvlm_d.py
2025-04-15T09:34:06.0545658Z Reformatting vllm/model_executor/models/llama4.py
2025-04-15T09:34:06.0546315Z Reformatting vllm/attention/backends/flash_attn.py
2025-04-15T09:34:06.0546903Z Reformatting vllm/v1/worker/utils.py
2025-04-15T09:34:06.0547471Z Reformatting vllm/model_executor/models/opt.py
2025-04-15T09:34:06.0548263Z Reformatting tests/distributed/test_distributed_oot.py
2025-04-15T09:34:06.0549179Z Reformatting tests/prompt_adapter/test_multi_adapter_inference.py
2025-04-15T09:34:06.0550236Z Reformatting vllm/lora/ops/torch_ops/lora_ops.py
2025-04-15T09:34:06.0551498Z Reformatting vllm/model_executor/layers/quantization/compressed_tensors/compressed_tensors_moe.py
2025-04-15T09:34:06.0552829Z Reformatting vllm/distributed/kv_transfer/kv_lookup_buffer/simple_buffer.py
2025-04-15T09:34:06.0553741Z Reformatting tests/entrypoints/llm/__init__.py
2025-04-15T09:34:06.0554475Z Reformatting vllm/model_executor/models/gpt_j.py
2025-04-15T09:34:06.0555220Z Reformatting tests/kernels/test_mamba_ssm.py
2025-04-15T09:34:06.0555666Z Reformatting vllm/attention/backends/mla/common.py
2025-04-15T09:34:06.0556040Z Reformatting vllm/v1/__init__.py
2025-04-15T09:34:06.0556376Z Reformatting vllm/entrypoints/launcher.py
2025-04-15T09:34:06.0556875Z Reformatting vllm/entrypoints/openai/tool_parsers/jamba_tool_parser.py
2025-04-15T09:34:06.0557440Z Reformatting vllm/model_executor/layers/quantization/quark/quark.py
2025-04-15T09:34:06.0557956Z Reformatting examples/offline_inference/cpu_offload_lmcache.py
2025-04-15T09:34:06.0558493Z Reformatting tests/models/multimodal/processing/test_llava_next.py
2025-04-15T09:34:06.0558910Z Reformatting tests/tpu/__init__.py
2025-04-15T09:34:06.0559320Z Reformatting vllm/model_executor/models/llava_onevision.py
2025-04-15T09:34:06.0559788Z Reformatting tests/models/embedding/language/test_gritlm.py
2025-04-15T09:34:06.0560417Z Reformatting vllm/lora/layers.py
2025-04-15T09:34:06.0560745Z Reformatting tests/kernels/test_moe.py
2025-04-15T09:34:06.0561139Z Reformatting tests/entrypoints/openai/test_run_batch.py
2025-04-15T09:34:06.0561663Z Reformatting vllm/distributed/device_communicators/custom_all_reduce.py
2025-04-15T09:34:06.0562207Z Reformatting tests/basic_correctness/test_basic_correctness.py
2025-04-15T09:34:06.0562615Z Reformatting vllm/v1/executor/__init__.py
2025-04-15T09:34:06.0563026Z Reformatting tests/spec_decode/e2e/test_mlp_correctness.py
2025-04-15T09:34:06.0563492Z Reformatting vllm/entrypoints/openai/tool_parsers/utils.py
2025-04-15T09:34:06.0563972Z Reformatting tests/entrypoints/llm/test_prompt_validation.py
2025-04-15T09:34:06.0564431Z Reformatting vllm/reasoning/granite_reasoning_parser.py
2025-04-15T09:34:06.0564800Z Reformatting vllm/platforms/tpu.py
2025-04-15T09:34:06.0565134Z Reformatting vllm/v1/worker/gpu_worker.py
2025-04-15T09:34:06.0565481Z Reformatting tests/v1/tpu/worker/__init__.py
2025-04-15T09:34:06.0566029Z Reformatting vllm/model_executor/layers/quantization/utils/marlin_utils_test_qqq.py
2025-04-15T09:34:06.0566775Z Reformatting benchmarks/benchmark_throughput.py
2025-04-15T09:34:06.0567150Z Reformatting tests/mq_llm_engine/conftest.py
2025-04-15T09:34:06.0567549Z Reformatting tests/v1/sample/test_rejection_sampler.py
2025-04-15T09:34:06.0568297Z Reformatting vllm/model_executor/layers/quantization/compressed_tensors/schemes/compressed_tensors_w8a8_int8.py
2025-04-15T09:34:06.0568902Z Reformatting tests/kernels/allclose_default.py
2025-04-15T09:34:06.0569600Z Reformatting vllm/model_executor/layers/quantization/compressed_tensors/schemes/compressed_tensors_w8a16_fp8.py
2025-04-15T09:34:06.0570407Z Reformatting tests/v1/test_serial_utils.py
2025-04-15T09:34:06.0570831Z Reformatting vllm/model_executor/model_loader/__init__.py
2025-04-15T09:34:06.0571348Z Reformatting vllm/lora/request.py
2025-04-15T09:34:06.0571704Z Reformatting vllm/model_executor/models/olmoe.py
2025-04-15T09:34:06.0572044Z Reformatting cmake/hipify.py
2025-04-15T09:34:06.0572564Z Reformatting examples/online_serving/openai_chat_completion_structured_outputs.py
2025-04-15T09:34:06.0573055Z Reformatting tests/tokenization/__init__.py
2025-04-15T09:34:06.0573437Z Reformatting vllm/attention/backends/ipex_attn.py
2025-04-15T09:34:06.0573916Z Reformatting tests/models/decoder_only/audio_language/__init__.py
2025-04-15T09:34:06.0574377Z Reformatting vllm/model_executor/models/mistral3.py
2025-04-15T09:34:06.0574810Z Reformatting vllm/model_executor/guided_decoding/utils.py
2025-04-15T09:34:06.0575239Z Reformatting tests/core/block/test_block_manager.py
2025-04-15T09:34:06.0575661Z Reformatting vllm/engine/multiprocessing/__init__.py
2025-04-15T09:34:06.0576070Z Reformatting tests/kernels/test_cutlass_moe.py
2025-04-15T09:34:06.0576472Z Reformatting vllm/model_executor/models/qwen2_vl.py
2025-04-15T09:34:06.0576865Z Reformatting tests/core/block/e2e/__init__.py
2025-04-15T09:34:06.0577378Z Reformatting tests/entrypoints/llm/test_collective_rpc.py
2025-04-15T09:34:06.0577854Z Reformatting tests/v1/worker/test_gpu_input_batch.py
2025-04-15T09:34:06.0578341Z Reformatting vllm/model_executor/layers/vocab_parallel_embedding.py
2025-04-15T09:34:06.0578881Z Reformatting vllm/model_executor/layers/quantization/awq_triton.py
2025-04-15T09:34:06.0579441Z Reformatting tests/models/decoder_only/vision_language/test_qwen2_vl.py
2025-04-15T09:34:06.0579870Z Reformatting vllm/engine/metrics.py
2025-04-15T09:34:06.0580555Z Reformatting vllm/compilation/inductor_pass.py
2025-04-15T09:34:06.0580967Z Reformatting vllm/model_executor/models/__init__.py
2025-04-15T09:34:06.0581444Z Reformatting tests/models/embedding/vision_language/__init__.py
2025-04-15T09:34:06.0581842Z Reformatting tests/engine/__init__.py
2025-04-15T09:34:06.0582155Z Reformatting vllm/v1/outputs.py
2025-04-15T09:34:06.0582553Z Reformatting vllm/model_executor/layers/fused_moe/utils.py
2025-04-15T09:34:06.0582966Z Reformatting tests/compile/test_full_graph.py
2025-04-15T09:34:06.0583308Z Reformatting vllm/distributed/utils.py
2025-04-15T09:34:06.0583665Z Reformatting vllm/worker/multi_step_worker.py
2025-04-15T09:34:06.0584471Z Reformatting vllm/v1/spec_decode/utils.py
2025-04-15T09:34:06.0585332Z Reformatting vllm/model_executor/layers/quantization/marlin.py
2025-04-15T09:34:06.0586193Z Reformatting vllm/model_executor/layers/quantization/utils/w8a8_utils.py
2025-04-15T09:34:06.0586706Z Reformatting tests/entrypoints/openai/test_shutdown.py
2025-04-15T09:34:06.0587135Z Reformatting vllm/model_executor/model_loader/utils.py
2025-04-15T09:34:06.0587529Z Reformatting vllm/v1/sample/tpu/metadata.py
2025-04-15T09:34:06.0587921Z Reformatting vllm/compilation/noop_elimination.py
2025-04-15T09:34:06.0588330Z Reformatting tests/detokenizer/test_stop_checker.py
2025-04-15T09:34:06.0588735Z Reformatting tests/entrypoints/openai/test_audio.py
2025-04-15T09:34:06.0589113Z Reformatting vllm/compilation/wrapper.py
2025-04-15T09:34:06.0589457Z Reformatting vllm/lora/worker_manager.py
2025-04-15T09:34:06.0589828Z Reformatting csrc/quantization/machete/generate.py
2025-04-15T09:34:06.0591015Z Reformatting vllm/model_executor/layers/quantization/kernels/mixed_precision/machete.py
2025-04-15T09:34:06.0591536Z Reformatting tests/mq_llm_engine/__init__.py
2025-04-15T09:34:06.0591899Z Reformatting vllm/core/block/interfaces.py
2025-04-15T09:34:06.0592236Z Reformatting tests/models/test_utils.py
2025-04-15T09:34:06.0592597Z Reformatting vllm/executor/uniproc_executor.py
2025-04-15T09:34:06.0593021Z Reformatting tests/async_engine/test_request_tracker.py
2025-04-15T09:34:06.0593496Z Reformatting tests/entrypoints/openai/test_tokenization.py
2025-04-15T09:34:06.0593898Z Reformatting vllm/core/block/__init__.py
2025-04-15T09:34:06.0594412Z Reformatting examples/online_serving/disagg_xpyd/disagg_prefill_proxy_xpyd.py
2025-04-15T09:34:06.0595062Z Reformatting tests/compile/test_functionalization.py
2025-04-15T09:34:06.0595461Z Reformatting tests/v1/spec_decode/test_ngram.py
2025-04-15T09:34:06.0595993Z Reformatting vllm/model_executor/layers/quantization/quark/schemes/__init__.py
2025-04-15T09:34:06.0596449Z Reformatting tests/test_logger.py
2025-04-15T09:34:06.0596747Z Reformatting vllm/jsontree.py
2025-04-15T09:34:06.0597059Z Reformatting tests/kernels/test_gptq.py
2025-04-15T09:34:06.0597451Z Reformatting vllm/model_executor/models/deepseek.py
2025-04-15T09:34:06.0597841Z Reformatting .buildkite/check-wheel-size.py
2025-04-15T09:34:06.0598192Z Reformatting vllm/entrypoints/cli/main.py
2025-04-15T09:34:06.0598567Z Reformatting tests/mistral_tool_use/__init__.py
2025-04-15T09:34:06.0598948Z Reformatting tests/lora/test_quant_model.py
2025-04-15T09:34:06.0599293Z Reformatting tests/v1/engine/conftest.py
2025-04-15T09:34:06.0599707Z Reformatting vllm/model_executor/models/llama_eagle.py
2025-04-15T09:34:06.0600589Z Reformatting examples/online_serving/openai_chat_embedding_client_for_multimodal.py
2025-04-15T09:34:06.0601125Z Reformatting tests/spec_decode/test_ngram_worker.py
2025-04-15T09:34:06.0601481Z Reformatting vllm/core/block/common.py
2025-04-15T09:34:06.0601799Z Reformatting vllm/core/__init__.py
2025-04-15T09:34:06.0602305Z Reformatting vllm/model_executor/guided_decoding/outlines_logits_processors.py
2025-04-15T09:34:06.0602811Z Reformatting vllm/lora/ops/triton_ops/lora_expand.py
2025-04-15T09:34:06.0603185Z Reformatting tests/lora/test_baichuan.py
2025-04-15T09:34:06.0603546Z Reformatting vllm/prompt_adapter/__init__.py
2025-04-15T09:34:06.0603937Z Reformatting vllm/compilation/vllm_inductor_pass.py
2025-04-15T09:34:06.0604390Z Reformatting benchmarks/cutlass_benchmarks/w8a8_benchmarks.py
2025-04-15T09:34:06.0604820Z Reformatting tests/entrypoints/llm/test_init.py
2025-04-15T09:34:06.0605401Z Reformatting examples/online_serving/openai_chat_completion_client_with_tools_required.py
2025-04-15T09:34:06.0605882Z Reformatting vllm/entrypoints/llm.py
2025-04-15T09:34:06.0606241Z Reformatting tests/kernels/test_activation.py
2025-04-15T09:34:06.0606652Z Reformatting tests/entrypoints/openai/test_metrics.py
2025-04-15T09:34:06.0607113Z Reformatting tests/models/decoder_only/language/__init__.py
2025-04-15T09:34:06.0607528Z Reformatting vllm/worker/model_runner_base.py
2025-04-15T09:34:06.0607876Z Reformatting vllm/compilation/monitor.py
2025-04-15T09:34:06.0608251Z Reformatting vllm/model_executor/models/teleflm.py
2025-04-15T09:34:06.0608632Z Reformatting tests/quantization/test_lm_head.py
2025-04-15T09:34:06.0609132Z Reformatting vllm/model_executor/layers/fused_moe/moe_align_block_size.py
2025-04-15T09:34:06.0609566Z Reformatting tests/worker/__init__.py
2025-04-15T09:34:06.0609921Z Reformatting tests/quantization/test_quark.py
2025-04-15T09:34:06.0610668Z Reformatting vllm/model_executor/layers/quantization/compressed_tensors/utils.py
2025-04-15T09:34:06.0611303Z Reformatting vllm/model_executor/guided_decoding/lm_format_enforcer_decoding.py
2025-04-15T09:34:06.0611861Z Reformatting vllm/model_executor/layers/mamba/mamba_mixer2.py
2025-04-15T09:34:06.0612451Z Reformatting tests/models/decoder_only/vision_language/vlm_utils/custom_inputs.py
2025-04-15T09:34:06.0612956Z Reformatting vllm/model_executor/models/utils.py
2025-04-15T09:34:06.0613539Z Reformatting tests/neuron/1_core/test_prefix_prefill.py
2025-04-15T09:34:06.0613984Z Reformatting benchmarks/kernels/graph_machete_bench.py
2025-04-15T09:34:06.0614509Z Reformatting vllm/model_executor/layers/quantization/utils/quant_utils.py
2025-04-15T09:34:06.0615089Z Reformatting vllm/model_executor/layers/quantization/kernels/__init__.py
2025-04-15T09:34:06.0615547Z Reformatting tests/v1/entrypoints/__init__.py
2025-04-15T09:34:06.0615913Z Reformatting vllm/entrypoints/api_server.py
2025-04-15T09:34:06.0616296Z Reformatting vllm/model_executor/layers/pooler.py
2025-04-15T09:34:06.0616758Z Reformatting vllm/attention/ops/blocksparse_attention/utils.py
2025-04-15T09:34:06.0617264Z Reformatting tests/entrypoints/openai/tool_parsers/__init__.py
2025-04-15T09:34:06.0617804Z Reformatting tests/models/embedding/__init__.py
2025-04-15T09:34:06.0618137Z Reformatting vllm/scripts.py
2025-04-15T09:34:06.0618530Z Reformatting vllm/model_executor/layers/quantization/fp8.py
2025-04-15T09:34:06.0618983Z Reformatting vllm/model_executor/models/internlm2_ve.py
2025-04-15T09:34:06.0619357Z Reformatting tests/lora/test_layers.py
2025-04-15T09:34:06.0619700Z Reformatting vllm/v1/kv_cache_interface.py
2025-04-15T09:34:06.0620245Z Reformatting tests/engine/test_executor.py
2025-04-15T09:34:06.0620725Z Reformatting vllm/distributed/device_communicators/pynccl_wrapper.py
2025-04-15T09:34:06.0621210Z Reformatting vllm/model_executor/model_loader/loader.py
2025-04-15T09:34:06.0621736Z Reformatting vllm/model_executor/layers/quantization/utils/machete_utils.py
2025-04-15T09:34:06.0622200Z Reformatting vllm/model_executor/models/bamba.py
2025-04-15T09:34:06.0622574Z Reformatting vllm/v1/core/sched/output.py
2025-04-15T09:34:06.0622949Z Reformatting vllm/model_executor/models/olmo2.py
2025-04-15T09:34:06.0623291Z Reformatting tests/lora/test_qwen2vl.py
2025-04-15T09:34:06.0623753Z Reformatting vllm/model_executor/layers/quantization/quark/__init__.py
2025-04-15T09:34:06.0624496Z Reformatting vllm/model_executor/layers/quantization/compressed_tensors/schemes/compressed_tensors_24.py
2025-04-15T09:34:06.0625074Z Reformatting tests/mistral_tool_use/conftest.py
2025-04-15T09:34:06.0625641Z Reformatting examples/online_serving/openai_chat_completion_with_reasoning_streaming.py
2025-04-15T09:34:06.0626256Z Reformatting vllm/distributed/device_communicators/cuda_wrapper.py
2025-04-15T09:34:06.0626704Z Reformatting tests/quantization/test_configs.py
2025-04-15T09:34:06.0627106Z Reformatting vllm/model_executor/models/telechat2.py
2025-04-15T09:34:06.0627591Z Reformatting vllm/model_executor/layers/quantization/neuron_quant.py
2025-04-15T09:34:06.0628011Z Reformatting tests/samplers/__init__.py
2025-04-15T09:34:06.0628405Z Reformatting tests/distributed/test_expert_parallel.py
2025-04-15T09:34:06.0628834Z Reformatting vllm/model_executor/models/phi3_small.py
2025-04-15T09:34:06.0629249Z Reformatting tests/entrypoints/openai/test_basic.py
2025-04-15T09:34:06.0629609Z Reformatting tests/lora/test_phi.py
2025-04-15T09:34:06.0630165Z Reformatting vllm/distributed/kv_transfer/kv_lookup_buffer/base.py
2025-04-15T09:34:06.0630733Z Reformatting vllm/model_executor/models/llama.py
2025-04-15T09:34:06.0631127Z Reformatting vllm/model_executor/models/mllama.py
2025-04-15T09:34:06.0631542Z Reformatting tests/v1/core/test_specialized_manager.py
2025-04-15T09:34:06.0631918Z Reformatting tests/detokenizer/conftest.py
2025-04-15T09:34:06.0632308Z Reformatting examples/offline_inference/basic/basic.py
2025-04-15T09:34:06.0632753Z Reformatting vllm/entrypoints/openai/logits_processors.py
2025-04-15T09:34:06.0633184Z Reformatting vllm/core/block/prefix_caching_block.py
2025-04-15T09:34:06.0633616Z Reformatting vllm/core/placeholder_block_space_manager.py
2025-04-15T09:34:06.0634124Z Reformatting tests/models/decoder_only/language/test_gptq_marlin.py
2025-04-15T09:34:06.0634576Z Reformatting vllm/model_executor/models/solar.py
2025-04-15T09:34:06.0634992Z Reformatting tests/basic_correctness/test_preemption.py
2025-04-15T09:34:06.0635526Z Reformatting tests/tool_use/__init__.py
2025-04-15T09:34:06.0635964Z Reformatting vllm/model_executor/layers/fused_moe/cutlass_moe.py
2025-04-15T09:34:06.0636485Z Reformatting vllm/distributed/kv_transfer/kv_pipe/mooncake_pipe.py
2025-04-15T09:34:06.0636964Z Reformatting tests/distributed/test_shm_broadcast.py
2025-04-15T09:34:06.0637319Z Reformatting tests/test_version.py
2025-04-15T09:34:06.0637689Z Reformatting benchmarks/kernels/benchmark_layernorm.py
2025-04-15T09:34:06.0638318Z Reformatting vllm/model_executor/layers/quantization/quark/schemes/quark_w8a8_fp8.py
2025-04-15T09:34:06.0638810Z Reformatting tests/tpu/test_compilation.py
2025-04-15T09:34:06.0639221Z Reformatting vllm/transformers_utils/configs/internvl.py
2025-04-15T09:34:06.0639716Z Reformatting vllm/multimodal/utils.py
2025-04-15T09:34:06.0640213Z Reformatting vllm/entrypoints/openai/api_server.py
2025-04-15T09:34:06.0640825Z Reformatting tests/kernels/test_rocm_attention_selector.py
2025-04-15T09:34:06.0641305Z Reformatting vllm/transformers_utils/detokenizer_utils.py
2025-04-15T09:34:06.0641726Z Reformatting vllm/v1/structured_output/utils.py
2025-04-15T09:34:06.0642089Z Reformatting vllm/engine/async_timeout.py
2025-04-15T09:34:06.0642480Z Reformatting tests/kernels/test_triton_moe_ptpc_fp8.py
2025-04-15T09:34:06.0642842Z Reformatting vllm/assets/base.py
2025-04-15T09:34:06.0643246Z Reformatting vllm/model_executor/layers/logits_processor.py
2025-04-15T09:34:06.0643672Z Reformatting vllm/entrypoints/openai/cli_args.py
2025-04-15T09:34:06.0644083Z Reformatting vllm/model_executor/models/deepseek_mtp.py
2025-04-15T09:34:06.0644433Z Reformatting vllm/lora/lora.py
2025-04-15T09:34:06.0644761Z Reformatting vllm/v1/core/sched/scheduler.py
2025-04-15T09:34:06.0645189Z Reformatting vllm/model_executor/model_loader/tensorizer.py
2025-04-15T09:34:06.0645634Z Reformatting tests/v1/engine/test_output_processor.py
2025-04-15T09:34:06.0646077Z Reformatting vllm/lora/punica_wrapper/punica_selector.py
2025-04-15T09:34:06.0646448Z Reformatting vllm/v1/metrics/stats.py
2025-04-15T09:34:06.0646826Z Reformatting vllm/v1/attention/backends/mla/common.py
2025-04-15T09:34:06.0647242Z Reformatting tests/kv_transfer/test_lookup_buffer.py
2025-04-15T09:34:06.0647643Z Reformatting vllm/attention/backends/hpu_attn.py
2025-04-15T09:34:06.0648156Z Reformatting tests/models/decoder_only/vision_language/vlm_utils/__init__.py
2025-04-15T09:34:06.0648659Z Reformatting vllm/model_executor/sampling_metadata.py
2025-04-15T09:34:06.0649114Z Reformatting vllm/v1/structured_output/backend_xgrammar.py
2025-04-15T09:34:06.0649577Z Reformatting tests/encoder_decoder/test_e2e_correctness.py
2025-04-15T09:34:06.0650116Z Reformatting vllm/model_executor/models/moonvit.py
2025-04-15T09:34:06.0650649Z Reformatting vllm/entrypoints/openai/tool_parsers/internlm2_tool_parser.py
2025-04-15T09:34:06.0651184Z Reformatting benchmarks/cutlass_benchmarks/weight_shapes.py
2025-04-15T09:34:06.0651607Z Reformatting tests/core/block/test_block_table.py
2025-04-15T09:34:06.0651993Z Reformatting tests/worker/test_model_runner.py
2025-04-15T09:34:06.0652342Z Reformatting vllm/v1/sample/sampler.py
2025-04-15T09:34:06.0652694Z Reformatting vllm/lora/ops/torch_ops/__init__.py
2025-04-15T09:34:06.0653141Z Reformatting tests/basic_correctness/test_chunked_prefill.py
2025-04-15T09:34:06.0653590Z Reformatting vllm/transformers_utils/configs/olmo2.py
2025-04-15T09:34:06.0653970Z Reformatting vllm/entrypoints/chat_utils.py
2025-04-15T09:34:06.0654298Z Reformatting vllm/inputs/registry.py
2025-04-15T09:34:06.0654813Z Reformatting vllm/model_executor/layers/quantization/kernels/scaled_mm/cutlass.py
2025-04-15T09:34:06.0655307Z Reformatting tests/entrypoints/llm/test_chat.py
2025-04-15T09:34:06.0655640Z Reformatting vllm/assets/__init__.py
2025-04-15T09:34:06.0656003Z Reformatting vllm/lora/ops/triton_ops/__init__.py
2025-04-15T09:34:06.0656483Z Reformatting tests/quantization/test_register_quantization_config.py
2025-04-15T09:34:06.0657027Z Reformatting tests/entrypoints/llm/test_generate_multiple_loras.py
2025-04-15T09:34:06.0657668Z Reformatting vllm/attention/ops/chunked_prefill_paged_decode.py
2025-04-15T09:34:06.0658114Z Reformatting tests/compile/piecewise/__init__.py
2025-04-15T09:34:06.0658495Z Reformatting vllm/v1/engine/mm_input_cache.py
2025-04-15T09:34:06.0658963Z Reformatting vllm/distributed/device_communicators/shm_broadcast.py
2025-04-15T09:34:06.0659440Z Reformatting tests/neuron/1_core/test_block_table.py
2025-04-15T09:34:06.0659806Z Reformatting vllm/multimodal/image.py
2025-04-15T09:34:06.0660330Z Reformatting tests/entrypoints/llm/test_gpu_utilization.py
2025-04-15T09:34:06.0660785Z Reformatting tests/distributed/test_torchrun_example.py
2025-04-15T09:34:06.0661241Z Reformatting tests/core/block/test_prefix_caching_block.py
2025-04-15T09:34:06.0661747Z Reformatting tests/lora/test_utils.py
2025-04-15T09:34:06.0662113Z Reformatting vllm/v1/attention/backends/pallas.py
2025-04-15T09:34:06.0662646Z Reformatting vllm/distributed/device_communicators/custom_all_reduce_utils.py
2025-04-15T09:34:06.0663222Z Reformatting tests/models/multimodal/processing/test_qwen2_vl.py
2025-04-15T09:34:06.0663687Z Reformatting vllm/model_executor/models/florence2.py
2025-04-15T09:34:06.0664174Z Reformatting vllm/model_executor/guided_decoding/reasoner/__init__.py
2025-04-15T09:34:06.0664672Z Reformatting vllm/distributed/kv_transfer/kv_pipe/base.py
2025-04-15T09:34:06.0665156Z Reformatting vllm/model_executor/layers/mamba/ops/mamba_ssm.py
2025-04-15T09:34:06.0665585Z Reformatting tests/neuron/1_core/test_cache.py
2025-04-15T09:34:06.0665985Z Reformatting vllm/executor/mp_distributed_executor.py
2025-04-15T09:34:06.0666359Z Reformatting vllm/spec_decode/metrics.py
2025-04-15T09:34:06.0666731Z Reformatting vllm/compilation/pass_manager.py
2025-04-15T09:34:06.0667120Z Reformatting tests/lora/test_transfomers_model.py
2025-04-15T09:34:06.0667559Z Reformatting vllm/compilation/torch25_custom_graph_pass.py
2025-04-15T09:34:06.0668017Z Reformatting tests/spec_decode/test_multi_step_worker.py
2025-04-15T09:34:06.0668444Z Reformatting vllm/lora/punica_wrapper/punica_base.py
2025-04-15T09:34:06.0668845Z Reformatting tests/tensorizer_loader/conftest.py
2025-04-15T09:34:06.0669333Z Reformatting vllm/distributed/kv_transfer/kv_connector/__init__.py
2025-04-15T09:34:06.0669751Z Reformatting vllm/env_override.py
2025-04-15T09:34:06.0670391Z Reformatting vllm/entrypoints/openai/serving_chat.py
2025-04-15T09:34:06.0670862Z Reformatting examples/offline_inference/eagle.py
2025-04-15T09:34:06.0671240Z Reformatting vllm/v1/sample/ops/__init__.py
2025-04-15T09:34:06.0671657Z Reformatting tests/entrypoints/openai/test_chat_echo.py
2025-04-15T09:34:06.0672106Z Reformatting vllm/model_executor/models/idefics3.py
2025-04-15T09:34:06.0672513Z Reformatting tests/detokenizer/test_stop_strings.py
2025-04-15T09:34:06.0672880Z Reformatting vllm/entrypoints/logger.py
2025-04-15T09:34:06.0673386Z Reformatting vllm/model_executor/guided_decoding/guidance_logits_processors.py
2025-04-15T09:34:06.0674002Z Reformatting vllm/entrypoints/openai/tool_parsers/pythonic_tool_parser.py
2025-04-15T09:34:06.0674597Z Reformatting examples/online_serving/gradio_openai_chatbot_webserver.py
2025-04-15T09:34:06.0675062Z Reformatting tests/kernels/test_mamba_ssm_ssd.py
2025-04-15T09:34:06.0675456Z Reformatting vllm/v1/attention/backends/__init__.py
2025-04-15T09:34:06.0675896Z Reformatting tests/entrypoints/openai/test_serving_chat.py
2025-04-15T09:34:06.0676346Z Reformatting vllm/transformers_utils/configs/arctic.py
2025-04-15T09:34:06.0676715Z Reformatting vllm/multimodal/video.py
2025-04-15T09:34:06.0677037Z Reformatting vllm/usage/usage_lib.py
2025-04-15T09:34:06.0677376Z Reformatting tests/lora/test_lora_manager.py
2025-04-15T09:34:06.0677702Z Reformatting tests/lora/__init__.py
2025-04-15T09:34:06.0678140Z Reformatting tests/models/multimodal/processing/test_idefics3.py
2025-04-15T09:34:06.0678700Z Reformatting vllm/model_executor/layers/quantization/ipex_quant.py
2025-04-15T09:34:06.0679137Z Reformatting tests/worker/test_model_input.py
2025-04-15T09:34:06.0680377Z Reformatting tests/v1/entrypoints/openai/test_completion.py
2025-04-15T09:34:06.0681609Z Reformatting vllm/model_executor/layers/quantization/compressed_tensors/schemes/compressed_tensors_scheme.py
2025-04-15T09:34:06.0682186Z Reformatting tests/kernels/utils.py
2025-04-15T09:34:06.0682546Z Reformatting vllm/model_executor/models/qwen3.py
2025-04-15T09:34:06.0682944Z Reformatting vllm/worker/multi_step_hpu_worker.py
2025-04-15T09:34:06.0683330Z Reformatting vllm/model_executor/models/phi.py
2025-04-15T09:34:06.0683745Z Reformatting vllm/v1/attention/backends/mla/flashmla.py
2025-04-15T09:34:06.0684272Z Reformatting vllm/model_executor/layers/quantization/fbgemm_fp8.py
2025-04-15T09:34:06.0684759Z Reformatting examples/online_serving/gradio_webserver.py
2025-04-15T09:34:06.0685689Z Reformatting vllm/worker/pooling_model_runner.py
2025-04-15T09:34:06.0686066Z Reformatting vllm/triton_utils/__init__.py
2025-04-15T09:34:06.0686495Z Reformatting vllm/transformers_utils/processors/__init__.py
2025-04-15T09:34:06.0687019Z Reformatting vllm/model_executor/layers/fused_moe/deep_gemm_moe.py
2025-04-15T09:34:06.0687538Z Reformatting vllm/model_executor/layers/quantization/ptpc_fp8.py
2025-04-15T09:34:06.0687947Z Reformatting tests/reasoning/__init__.py
2025-04-15T09:34:06.0688331Z Reformatting tests/v1/structured_output/__init__.py
2025-04-15T09:34:06.0688719Z Reformatting tests/kernels/test_awq_marlin.py
2025-04-15T09:34:06.0689105Z Reformatting tests/neuron/1_core/test_activation.py
2025-04-15T09:34:06.0689476Z Reformatting vllm/spec_decode/__init__.py
2025-04-15T09:34:06.0689824Z Reformatting tests/test_seed_behavior.py
2025-04-15T09:34:06.0690294Z Reformatting vllm/worker/neuron_worker.py
2025-04-15T09:34:06.0690674Z Reformatting vllm/transformers_utils/configs/jais.py
2025-04-15T09:34:06.0691050Z Reformatting vllm/benchmarks/datasets.py
2025-04-15T09:34:06.0691426Z Reformatting vllm/model_executor/layers/sampler.py
2025-04-15T09:34:06.0691814Z Reformatting vllm/attention/backends/cpu_mla.py
2025-04-15T09:34:06.0692239Z Reformatting tests/entrypoints/openai/test_root_path.py
2025-04-15T09:34:06.0692626Z Reformatting tests/compile/test_wrapper.py
2025-04-15T09:34:06.0693068Z Reformatting tests/v1/e2e/test_correctness_sliding_window.py
2025-04-15T09:34:06.0693494Z Reformatting tests/kernels/test_int8_quant.py
2025-04-15T09:34:06.0693832Z Reformatting vllm/inputs/__init__.py
2025-04-15T09:34:06.0694305Z Reformatting tests/entrypoints/openai/test_chat_with_tool_reasoning.py
2025-04-15T09:34:06.0694742Z Reformatting vllm/v1/stats/__init__.py
2025-04-15T09:34:06.0695185Z Reformatting tests/models/decoder_only/language/test_phimoe.py
2025-04-15T09:34:06.0695653Z Reformatting vllm/model_executor/layers/activation.py
2025-04-15T09:34:06.0696074Z Reformatting vllm/model_executor/models/gpt_neox.py
2025-04-15T09:34:06.0696671Z Reformatting tests/plugins/vllm_add_dummy_platform/vllm_add_dummy_platform/dummy_platform.py
2025-04-15T09:34:06.0697396Z Reformatting examples/online_serving/openai_chat_completion_tool_calls_with_reasoning.py
2025-04-15T09:34:06.0697978Z Reformatting vllm/attention/backends/placeholder_attn.py
2025-04-15T09:34:06.0698385Z Reformatting vllm/model_executor/models/mpt.py
2025-04-15T09:34:06.0698761Z Reformatting vllm/v1/engine/output_processor.py
2025-04-15T09:34:06.0699105Z Reformatting vllm/inputs/data.py
2025-04-15T09:34:06.0699396Z Reformatting vllm/config.py
2025-04-15T09:34:06.0699859Z Reformatting examples/offline_inference/lora_with_quantization_inference.py
2025-04-15T09:34:06.0700412Z Reformatting vllm/engine/__init__.py
2025-04-15T09:34:06.0700750Z Reformatting tests/kernels/utils_block.py
2025-04-15T09:34:06.0701170Z Reformatting vllm/v1/attention/backends/mla/triton_mla.py
2025-04-15T09:34:06.0701589Z Reformatting tests/lora/test_lora_checkpoints.py
2025-04-15T09:34:06.0701947Z Reformatting vllm/lora/ops/__init__.py
2025-04-15T09:34:06.0702285Z Reformatting vllm/triton_utils/importing.py
2025-04-15T09:34:06.0702659Z Reformatting vllm/model_executor/models/ultravox.py
2025-04-15T09:34:06.0703154Z Reformatting vllm/model_executor/utils.py
2025-04-15T09:34:06.0703552Z Reformatting vllm/model_executor/models/nemotron_nas.py
2025-04-15T09:34:06.0703920Z Reformatting tests/engine/conftest.py
2025-04-15T09:34:06.0704330Z Reformatting tests/entrypoints/openai/test_chat_template.py
2025-04-15T09:34:06.0704711Z Reformatting vllm/platforms/rocm.py
2025-04-15T09:34:06.0705049Z Reformatting vllm/prompt_adapter/layers.py
2025-04-15T09:34:06.0705397Z Reformatting tests/core/block/test_common.py
2025-04-15T09:34:06.0705802Z Reformatting tests/tensorizer_loader/test_tensorizer.py
2025-04-15T09:34:06.0706239Z Reformatting vllm/transformers_utils/tokenizer_base.py
2025-04-15T09:34:06.0706740Z Reformatting tests/models/decoder_only/vision_language/test_models.py
2025-04-15T09:34:06.0707487Z Reformatting .buildkite/nightly-benchmarks/scripts/summary-nightly-results.py
2025-04-15T09:34:06.0707977Z Reformatting tests/prefix_caching/__init__.py
2025-04-15T09:34:06.0708363Z Reformatting tests/kernels/test_triton_scaled_mm.py
2025-04-15T09:34:06.0708769Z Reformatting tests/models/test_oot_registration.py
2025-04-15T09:34:06.0709143Z Reformatting tests/entrypoints/conftest.py
2025-04-15T09:34:06.0709579Z Reformatting vllm/model_executor/layers/quantization/gguf.py
2025-04-15T09:34:06.0710539Z Reformatting vllm/model_executor/layers/quantization/compressed_tensors/schemes/compressed_tensors_wNa16.py
2025-04-15T09:34:06.0711196Z Reformatting benchmarks/kernels/benchmark_paged_attention.py
2025-04-15T09:34:06.0711637Z Reformatting vllm/adapter_commons/worker_manager.py
2025-04-15T09:34:06.0712039Z Reformatting tests/detokenizer/test_stop_reason.py
2025-04-15T09:34:06.0712425Z Reformatting vllm/model_executor/models/jamba.py
2025-04-15T09:34:06.0712820Z Reformatting tests/entrypoints/openai/__init__.py
2025-04-15T09:34:06.0713232Z Reformatting benchmarks/kernels/benchmark_marlin.py
2025-04-15T09:34:06.0713611Z Reformatting vllm/entrypoints/score_utils.py
2025-04-15T09:34:06.0713964Z Reformatting vllm/spec_decode/mqa_scorer.py
2025-04-15T09:34:06.0714346Z Reformatting vllm/engine/output_processor/util.py
2025-04-15T09:34:06.0714698Z Reformatting vllm/platforms/cuda.py
2025-04-15T09:34:06.0715109Z Reformatting tests/models/embedding/language/test_scoring.py
2025-04-15T09:34:06.0715552Z Reformatting vllm/compilation/compiler_interface.py
2025-04-15T09:34:06.0716105Z Reformatting vllm/model_executor/layers/quantization/kernels/scaled_mm/__init__.py
2025-04-15T09:34:06.0716568Z Reformatting tests/kernels/__init__.py
2025-04-15T09:34:06.0716918Z Reformatting vllm/spec_decode/medusa_worker.py
2025-04-15T09:34:06.0717379Z Reformatting vllm/model_executor/layers/mamba/ops/ssd_chunk_scan.py
2025-04-15T09:34:06.0717792Z Reformatting tests/test_regression.py
2025-04-15T09:34:06.0718341Z Reformatting tests/plugins/vllm_add_dummy_model/vllm_add_dummy_model/my_gemma_embedding.py
2025-04-15T09:34:06.0718867Z Reformatting tests/multimodal/test_processing.py
2025-04-15T09:34:06.0719254Z Reformatting vllm/v1/worker/tpu_model_runner.py
2025-04-15T09:34:06.0719654Z Reformatting benchmarks/benchmark_prefix_caching.py
2025-04-15T09:34:06.0720186Z Reformatting tests/kernels/test_fused_quant_layernorm.py
2025-04-15T09:34:06.0720651Z Reformatting examples/offline_inference/encoder_decoder.py
2025-04-15T09:34:06.0721038Z Reformatting vllm/worker/hpu_worker.py
2025-04-15T09:34:06.0721398Z Reformatting examples/online_serving/api_client.py
2025-04-15T09:34:06.0721816Z Reformatting tests/core/block/e2e/test_correctness.py
2025-04-15T09:34:06.0722176Z Reformatting vllm/assets/video.py
2025-04-15T09:34:06.0722490Z Reformatting tests/models/__init__.py
2025-04-15T09:34:06.0722925Z Reformatting benchmarks/benchmark_long_document_qa_throughput.py
2025-04-15T09:34:06.0723452Z Reformatting vllm/model_executor/layers/quantization/base_config.py
2025-04-15T09:34:06.0723947Z Reformatting vllm/attention/ops/triton_decode_attention.py
2025-04-15T09:34:06.0724402Z Reformatting examples/offline_inference/basic/generate.py
2025-04-15T09:34:06.0724807Z Reformatting tests/v1/entrypoints/conftest.py
2025-04-15T09:34:06.0725354Z Reformatting vllm/model_executor/pooling_metadata.py
2025-04-15T09:34:06.0725700Z Reformatting vllm/outputs.py
2025-04-15T09:34:06.0726178Z Reformatting tests/plugins/vllm_add_dummy_model/vllm_add_dummy_model/my_llava.py
2025-04-15T09:34:06.0726658Z Reformatting docs/source/generate_examples.py
2025-04-15T09:34:06.0727018Z Reformatting vllm/prompt_adapter/utils.py
2025-04-15T09:34:06.0727399Z Reformatting examples/other/tensorize_vllm_model.py
2025-04-15T09:34:06.0727799Z Reformatting tests/kernels/test_lightning_attn.py
2025-04-15T09:34:06.0728194Z Reformatting vllm/attention/backends/abstract.py
2025-04-15T09:34:06.0728578Z Reformatting vllm/model_executor/models/blip2.py
2025-04-15T09:34:06.0728928Z Reformatting vllm/multimodal/__init__.py
2025-04-15T09:34:06.0729507Z Reformatting tests/entrypoints/openai/test_return_tokens_as_ids.py
2025-04-15T09:34:06.0730125Z Reformatting tests/fastsafetensors_loader/test_weight_utils.py
2025-04-15T09:34:06.0730620Z Reformatting vllm/model_executor/layers/fused_moe/__init__.py
2025-04-15T09:34:06.0731031Z Reformatting vllm/entrypoints/cli/serve.py
2025-04-15T09:34:06.0731406Z Reformatting vllm/model_executor/models/eagle.py
2025-04-15T09:34:06.0731734Z Reformatting find_cuda_init.py
2025-04-15T09:34:06.0732024Z Reformatting tests/v1/test_oracle.py
2025-04-15T09:34:06.0732387Z Reformatting vllm/transformers_utils/tokenizer.py
2025-04-15T09:34:06.0732855Z Reformatting tests/entrypoints/offline_mode/test_offline_mode.py
2025-04-15T09:34:06.0733355Z Reformatting tests/models/multimodal/processing/test_phi3v.py
2025-04-15T09:34:06.0733771Z Reformatting vllm/vllm_flash_attn/fa_utils.py
2025-04-15T09:34:06.0734225Z Reformatting tests/model_executor/test_model_load_with_params.py
2025-04-15T09:34:06.0734631Z Reformatting vllm/platforms/neuron.py
2025-04-15T09:34:06.0734952Z Reformatting tests/kernels/test_uva.py
2025-04-15T09:34:06.0735314Z Reformatting tests/v1/engine/test_llm_engine.py
2025-04-15T09:34:06.0735701Z Reformatting tests/samplers/test_no_bad_words.py
2025-04-15T09:34:06.0736065Z Reformatting vllm/v1/sample/tpu/__init__.py
2025-04-15T09:34:06.0736399Z Reformatting tests/models/registry.py
2025-04-15T09:34:06.0736824Z Reformatting vllm/model_executor/layers/fused_moe/fused_moe.py
2025-04-15T09:34:06.0737253Z Reformatting vllm/distributed/communication_op.py
2025-04-15T09:34:06.0737602Z Reformatting vllm/engine/arg_utils.py
2025-04-15T09:34:06.0738054Z Reformatting tests/models/decoder_only/vision_language/test_phi4mm.py
2025-04-15T09:34:06.0738505Z Reformatting vllm/attention/ops/paged_attn.py
2025-04-15T09:34:06.0738961Z Reformatting vllm/model_executor/layers/quantization/awq_marlin.py
2025-04-15T09:34:06.0739657Z Reformatting tests/plugins/vllm_add_dummy_platform/vllm_add_dummy_platform/dummy_attention_backend.py
2025-04-15T09:34:06.0740454Z Reformatting vllm/worker/cpu_model_runner.py
2025-04-15T09:34:06.0740831Z Reformatting vllm/worker/enc_dec_model_runner.py
2025-04-15T09:34:06.0741354Z Reformatting vllm/model_executor/layers/quantization/utils/marlin_utils_fp8.py
2025-04-15T09:34:06.0741889Z Reformatting vllm/model_executor/layers/lightning_attn.py
2025-04-15T09:34:06.0742372Z Reformatting tests/entrypoints/openai/test_oot_registration.py
2025-04-15T09:34:06.0742767Z Reformatting vllm/v1/sample/metadata.py
2025-04-15T09:34:06.0743126Z Reformatting vllm/model_executor/parameter.py
2025-04-15T09:34:06.0743516Z Reformatting vllm/model_executor/models/registry.py
2025-04-15T09:34:06.0743919Z Reformatting vllm/model_executor/models/qwen2_rm.py
2025-04-15T09:34:06.0744284Z Reformatting tests/detokenizer/__init__.py
2025-04-15T09:34:06.0744628Z Reformatting tests/v1/test_async_llm_dp.py
2025-04-15T09:34:06.0745058Z Reformatting examples/online_serving/openai_pooling_client.py
2025-04-15T09:34:06.0745476Z Reformatting vllm/transformers_utils/utils.py
2025-04-15T09:34:06.0745851Z Reformatting vllm/model_executor/models/dbrx.py
2025-04-15T09:34:06.0746320Z Reformatting benchmarks/fused_kernels/layernorm_rms_benchmarks.py
2025-04-15T09:34:06.0746928Z Reformatting vllm/model_executor/models/deepseek_vl2.py
2025-04-15T09:34:06.0747357Z Reformatting vllm/v1/worker/lora_model_runner_mixin.py
2025-04-15T09:34:06.0747872Z Reformatting tests/tool_use/test_chat_completion_request_validations.py
2025-04-15T09:34:06.0748366Z Reformatting tests/entrypoints/openai/test_embedding.py
2025-04-15T09:34:06.0748860Z Reformatting examples/offline_inference/profiling_tpu/profiling.py
2025-04-15T09:34:06.0749357Z Reformatting tests/core/test_num_computed_tokens_update.py
2025-04-15T09:34:06.0749788Z Reformatting tests/kernels/test_merge_attn_states.py
2025-04-15T09:34:06.0750363Z Reformatting vllm/entrypoints/openai/serving_tokenization.py
2025-04-15T09:34:06.0750761Z Reformatting tests/entrypoints/__init__.py
2025-04-15T09:34:06.0751307Z Reformatting benchmarks/kernels/benchmark_w8a8_block_fp8.py
2025-04-15T09:34:06.0751814Z Reformatting examples/offline_inference/chat_with_tools.py
2025-04-15T09:34:06.0752229Z Reformatting tests/v1/core/test_scheduler_e2e.py
2025-04-15T09:34:06.0752620Z Reformatting tests/lora/test_tokenizer_group.py
2025-04-15T09:34:06.0752989Z Reformatting vllm/v1/core/sched/interface.py
2025-04-15T09:34:06.0753440Z Reformatting tests/prefix_caching/test_disable_sliding_window.py
2025-04-15T09:34:06.0753941Z Reformatting vllm/transformers_utils/configs/mlp_speculator.py
2025-04-15T09:34:06.0754343Z Reformatting vllm/v1/core/block_pool.py
2025-04-15T09:34:06.0754729Z Reformatting vllm/model_executor/models/qwen2_5_vl.py
2025-04-15T09:34:06.0755125Z Reformatting vllm/v1/core/specialized_manager.py
2025-04-15T09:34:06.0755524Z Reformatting vllm/lora/punica_wrapper/punica_hpu.py
2025-04-15T09:34:06.0755975Z Reformatting examples/offline_inference/torchrun_example.py
2025-04-15T09:34:06.0756379Z Reformatting tests/worker/conftest.py
2025-04-15T09:34:06.0756948Z Reformatting vllm/model_executor/layers/quantization/compressed_tensors/schemes/__init__.py
2025-04-15T09:34:06.0757463Z Reformatting vllm/v1/worker/tpu_worker.py
2025-04-15T09:34:06.0757951Z Reformatting vllm/model_executor/layers/quantization/utils/gptq_utils.py
2025-04-15T09:34:06.0758398Z Reformatting tests/spec_decode/test_utils.py
2025-04-15T09:34:06.0758751Z Reformatting vllm/executor/msgspec_utils.py
2025-04-15T09:34:06.0759129Z Reformatting vllm/model_executor/layers/linear.py
2025-04-15T09:34:06.0759483Z Reformatting vllm/forward_context.py
2025-04-15T09:34:06.0759822Z Reformatting benchmarks/benchmark_latency.py
2025-04-15T09:34:06.0760422Z Reformatting tests/entrypoints/openai/test_chat_logit_bias_validation.py
2025-04-15T09:34:06.0760867Z Reformatting vllm/worker/model_runner.py
2025-04-15T09:34:06.0761199Z Reformatting tests/multi_step/__init__.py
2025-04-15T09:34:06.0761534Z Reformatting vllm/attention/__init__.py
2025-04-15T09:34:06.0761880Z Reformatting tests/kernels/quant_utils.py
2025-04-15T09:34:06.0762356Z Reformatting tests/fastsafetensors_loader/test_fastsafetensors_loader.py
2025-04-15T09:34:06.0762938Z Reformatting vllm/entrypoints/openai/tool_parsers/mistral_tool_parser.py
2025-04-15T09:34:06.0763511Z Reformatting tests/models/decoder_only/audio_language/test_ultravox.py
2025-04-15T09:34:06.0763952Z Reformatting tests/lora/test_chatglm3_tp.py
2025-04-15T09:34:06.0764342Z Reformatting tests/kernels/test_cascade_flash_attn.py
2025-04-15T09:34:06.0764773Z Reformatting vllm/model_executor/models/gpt_bigcode.py
2025-04-15T09:34:06.0765376Z Reformatting vllm/model_executor/layers/quantization/kernels/mixed_precision/allspark.py
2025-04-15T09:34:06.0765870Z Reformatting vllm/spec_decode/util.py
2025-04-15T09:34:06.0766226Z Reformatting vllm/transformers_utils/__init__.py
2025-04-15T09:34:06.0766634Z Reformatting benchmarks/benchmark_prioritization.py
2025-04-15T09:34:06.0767068Z Reformatting tests/engine/test_computed_prefix_blocks.py
2025-04-15T09:34:06.0767486Z Reformatting vllm/v1/structured_output/__init__.py
2025-04-15T09:34:06.0767843Z Reformatting vllm/multimodal/hasher.py
2025-04-15T09:34:06.0768167Z Reformatting tests/metrics/__init__.py
2025-04-15T09:34:06.0768523Z Reformatting tests/neuron/2_core/test_comm_ops.py
2025-04-15T09:34:06.0769058Z Reformatting vllm/benchmarks/endpoint_request_func.py
2025-04-15T09:34:06.0769477Z Reformatting vllm/model_executor/models/qwen3_moe.py
2025-04-15T09:34:06.0769905Z Reformatting tests/kernels/test_encoder_decoder_attn.py
2025-04-15T09:34:06.0770437Z Reformatting vllm/transformers_utils/configs/cohere2.py
2025-04-15T09:34:06.0770913Z Reformatting benchmarks/disagg_benchmarks/round_robin_proxy.py
2025-04-15T09:34:06.0771369Z Reformatting vllm/worker/cpu_pooling_model_runner.py
2025-04-15T09:34:06.0771725Z Reformatting tests/compile/__init__.py
2025-04-15T09:34:06.0772094Z Reformatting tests/entrypoints/openai/test_chat.py
2025-04-15T09:34:06.0772602Z Reformatting vllm/entrypoints/openai/tool_parsers/hermes_tool_parser.py
2025-04-15T09:34:06.0773265Z Reformatting tests/entrypoints/openai/test_prompt_validation.py
2025-04-15T09:34:06.0773727Z Reformatting vllm/model_executor/models/mamba_cache.py
2025-04-15T09:34:06.0774185Z Reformatting vllm/transformers_utils/configs/deepseek_vl2.py
2025-04-15T09:34:06.0774664Z Reformatting vllm/model_executor/models/minimax_text_01.py
2025-04-15T09:34:06.0775185Z Reformatting tests/v1/entrypoints/llm/test_struct_output_generate.py
2025-04-15T09:34:06.0775605Z Reformatting vllm/v1/engine/async_llm.py
2025-04-15T09:34:06.0775937Z Reformatting tests/tracing/__init__.py
2025-04-15T09:34:06.0776257Z Reformatting tests/models/utils.py
2025-04-15T09:34:06.0776646Z Reformatting tests/basic_correctness/test_cpu_offload.py
2025-04-15T09:34:06.0777088Z Reformatting vllm/executor/ray_distributed_executor.py
2025-04-15T09:34:06.0777587Z Reformatting tests/models/encoder_decoder/audio_language/__init__.py
2025-04-15T09:34:06.0778011Z Reformatting tests/kernels/test_mha_attn.py
2025-04-15T09:34:06.0778385Z Reformatting tests/kernels/test_machete_mm.py
2025-04-15T09:34:06.0778801Z Reformatting vllm/model_executor/model_loader/neuron.py
2025-04-15T09:34:06.0779256Z Reformatting tests/neuron/1_core/test_rotary_embedding.py
2025-04-15T09:34:06.0779712Z Reformatting tests/entrypoints/offline_mode/__init__.py
2025-04-15T09:34:06.0780434Z Reformatting vllm/model_executor/layers/quantization/aqlm.py
2025-04-15T09:34:06.0780881Z Reformatting tests/entrypoints/test_chat_utils.py
2025-04-15T09:34:06.0781220Z Reformatting tests/conftest.py
2025-04-15T09:34:06.0781573Z Reformatting vllm/model_executor/models/roberta.py
2025-04-15T09:34:06.0782001Z Reformatting vllm/transformers_utils/configs/ultravox.py
2025-04-15T09:34:06.0782560Z Reformatting vllm/model_executor/layers/quantization/utils/marlin_utils_test.py
2025-04-15T09:34:06.0783070Z Reformatting tests/v1/sample/test_topk_topp_sampler.py
2025-04-15T09:34:06.0783444Z Reformatting tests/compile/conftest.py
2025-04-15T09:34:06.0783847Z Reformatting vllm/entrypoints/cli/benchmark/__init__.py
2025-04-15T09:34:06.0784271Z Reformatting tests/lora/test_peft_helper.py
2025-04-15T09:34:06.0784668Z Reformatting vllm/reasoning/abs_reasoning_parsers.py
2025-04-15T09:34:06.0785101Z Reformatting tests/spec_decode/test_spec_decode_worker.py
2025-04-15T09:34:06.0785488Z Reformatting tests/kernels/test_ggml.py
2025-04-15T09:34:06.0785872Z Reformatting vllm/transformers_utils/configs/exaone.py
2025-04-15T09:34:06.0786290Z Reformatting vllm/entrypoints/cli/benchmark/main.py
2025-04-15T09:34:06.0786676Z Reformatting benchmarks/benchmark_serving.py
2025-04-15T09:34:06.0787046Z Reformatting vllm/model_executor/models/gpt2.py
2025-04-15T09:34:06.0787551Z Reformatting vllm/entrypoints/openai/tool_parsers/granite_tool_parser.py
2025-04-15T09:34:06.0787989Z Reformatting vllm/v1/serial_utils.py
2025-04-15T09:34:06.0788384Z Reformatting tests/runai_model_streamer_test/__init__.py
2025-04-15T09:34:06.0788773Z Reformatting vllm/device_allocator/cumem.py
2025-04-15T09:34:06.0789118Z Reformatting vllm/v1/worker/__init__.py
2025-04-15T09:34:06.0789505Z Reformatting vllm/v1/attention/backends/flash_attn.py
2025-04-15T09:34:06.0789872Z Reformatting vllm/v1/engine/llm_engine.py
2025-04-15T09:34:06.0790580Z Reformatting vllm/model_executor/layers/quantization/kernels/scaled_mm/ScaledMMLinearKernel.py
2025-04-15T09:34:06.0791280Z Reformatting vllm/model_executor/models/phi4mm.py
2025-04-15T09:34:06.0791714Z Reformatting examples/offline_inference/basic/classify.py
2025-04-15T09:34:06.0792104Z Reformatting tests/tracing/test_tracing.py
2025-04-15T09:34:06.0792489Z Reformatting vllm/model_executor/layers/__init__.py
2025-04-15T09:34:06.0792844Z Reformatting tests/tool_use/utils.py
2025-04-15T09:34:06.0793196Z Reformatting tests/distributed/test_comm_ops.py
2025-04-15T09:34:06.0793572Z Reformatting vllm/model_executor/custom_op.py
2025-04-15T09:34:06.0793927Z Reformatting .buildkite/generate_index.py
2025-04-15T09:34:06.0794288Z Reformatting tools/report_build_time_ninja.py
2025-04-15T09:34:06.0794828Z Reformatting vllm/model_executor/models/aya_vision.py
2025-04-15T09:34:06.0795272Z Reformatting examples/offline_inference/audio_language.py
2025-04-15T09:34:06.0795825Z Reformatting vllm/distributed/kv_transfer/kv_lookup_buffer/mooncake_store.py
2025-04-15T09:34:06.0796252Z Reformatting tests/utils.py
2025-04-15T09:34:06.0796560Z Reformatting tests/v1/worker/__init__.py
2025-04-15T09:34:06.0796930Z Reformatting vllm/model_executor/models/olmo.py
2025-04-15T09:34:06.0797330Z Reformatting vllm/engine/multiprocessing/client.py
2025-04-15T09:34:06.0797691Z Reformatting vllm/platforms/__init__.py
2025-04-15T09:34:06.0798080Z Reformatting benchmarks/kernels/benchmark_machete.py
2025-04-15T09:34:06.0798546Z Reformatting tests/entrypoints/openai/test_serving_models.py
2025-04-15T09:34:06.0798931Z Reformatting vllm/sampling_params.py
2025-04-15T09:34:06.0799421Z Reformatting tests/models/decoder_only/vision_language/vlm_utils/runners.py
2025-04-15T09:34:06.0799953Z Reformatting vllm/model_executor/layers/rotary_embedding.py
2025-04-15T09:34:06.0800583Z Reformatting vllm/model_executor/layers/quantization/deepspeedfp.py
2025-04-15T09:34:06.0801031Z Reformatting tests/v1/engine/test_engine_core.py
2025-04-15T09:34:06.0801433Z Reformatting tests/entrypoints/openai/test_sleep.py
2025-04-15T09:34:06.0801881Z Reformatting tests/core/test_scheduler_encoder_decoder.py
2025-04-15T09:34:06.0802362Z Reformatting tests/models/decoder_only/language/test_hybrid.py
2025-04-15T09:34:06.0802794Z Reformatting tests/core/test_serialization.py
2025-04-15T09:34:06.0803339Z Reformatting vllm/model_executor/layers/quantization/quark/schemes/quark_scheme.py
2025-04-15T09:34:06.0803844Z Reformatting vllm/model_executor/models/smolvlm.py
2025-04-15T09:34:06.0804251Z Reformatting vllm/model_executor/models/gemma3_mm.py
2025-04-15T09:34:06.0804633Z Reformatting tests/v1/sample/test_sampler.py
2025-04-15T09:34:06.0805060Z Reformatting vllm/model_executor/models/granitemoeshared.py
2025-04-15T09:34:06.0805475Z Reformatting tests/spec_decode/e2e/__init__.py
2025-04-15T09:34:06.0805859Z Reformatting vllm/model_executor/models/bloom.py
2025-04-15T09:34:06.0806354Z Reformatting tests/entrypoints/openai/test_transcription_validation.py
2025-04-15T09:34:06.0806805Z Reformatting vllm/logging_utils/formatter.py
2025-04-15T09:34:06.0807162Z Reformatting vllm/compilation/decorators.py
2025-04-15T09:34:06.0807535Z Reformatting vllm/entrypoints/openai/protocol.py
2025-04-15T09:34:06.0807872Z Reformatting vllm/__init__.py
2025-04-15T09:34:06.0808288Z Reformatting tests/entrypoints/openai/test_async_tokenization.py
2025-04-15T09:34:06.0808743Z Reformatting vllm/model_executor/models/baichuan.py
2025-04-15T09:34:06.0809173Z Reformatting examples/offline_inference/data_parallel.py
2025-04-15T09:34:06.0809542Z Reformatting tests/v1/test_stats.py
2025-04-15T09:34:06.0809904Z Reformatting vllm/attention/backends/triton_mla.py
2025-04-15T09:34:06.0810405Z Reformatting vllm/worker/multi_step_model_runner.py
2025-04-15T09:34:06.0810805Z Reformatting benchmarks/cutlass_benchmarks/utils.py
2025-04-15T09:34:06.0811373Z Reformatting tests/model_executor/test_enabled_custom_ops.py
2025-04-15T09:34:06.0812245Z Reformatting .buildkite/lm-eval-harness/test_lm_eval_correctness.py
2025-04-15T09:34:06.0812932Z Reformatting tests/models/decoder_only/vision_language/test_pixtral.py
2025-04-15T09:34:06.0813586Z Reformatting vllm/transformers_utils/configs/h2ovl.py
2025-04-15T09:34:06.0814007Z Reformatting vllm/transformers_utils/configs/eagle.py
2025-04-15T09:34:06.0814396Z Reformatting tests/lora/test_mixtral.py
2025-04-15T09:34:06.0815220Z Reformatting vllm/model_executor/layers/quantization/compressed_tensors/compressed_tensors.py
2025-04-15T09:34:06.0815837Z Reformatting tests/models/embedding/language/test_embedding.py
2025-04-15T09:34:06.0816333Z Reformatting tests/detokenizer/test_disable_detokenization.py
2025-04-15T09:34:06.0817167Z Reformatting tests/models/encoder_decoder/vision_language/test_florence2.py
2025-04-15T09:34:06.0818048Z Reformatting tests/mq_llm_engine/test_abort.py
2025-04-15T09:34:06.0819211Z Reformatting vllm/model_executor/layers/fused_moe/moe_torch_iterative.py
2025-04-15T09:34:06.0820378Z Reformatting tests/tokenization/test_mistral_tokenizer.py
2025-04-15T09:34:06.0821172Z Reformatting tests/mistral_tool_use/utils.py
2025-04-15T09:34:06.0821913Z Reformatting vllm/model_executor/models/mixtral.py
2025-04-15T09:34:06.0822711Z Reformatting vllm/model_executor/models/h2ovl.py
2025-04-15T09:34:06.0823617Z Reformatting tests/models/embedding/language/test_jina.py
2025-04-15T09:34:06.0824080Z Reformatting benchmarks/kernels/benchmark_shapes.py
2025-04-15T09:34:06.0824450Z Reformatting vllm/engine/metrics_types.py
2025-04-15T09:34:06.0824951Z Reformatting .buildkite/nightly-benchmarks/scripts/download-tokenizer.py
2025-04-15T09:34:06.0825412Z Reformatting vllm/adapter_commons/layers.py
2025-04-15T09:34:06.0825783Z Reformatting tests/prompt_adapter/test_bloom.py
2025-04-15T09:34:06.0826189Z Reformatting tests/tokenization/test_detokenize.py
2025-04-15T09:34:06.0826626Z Reformatting vllm/v1/attention/backends/mla/__init__.py
2025-04-15T09:34:06.0826995Z Reformatting tests/v1/e2e/__init__.py
2025-04-15T09:34:06.0827435Z Reformatting benchmarks/kernels/benchmark_grouped_gemm_cutlass.py
2025-04-15T09:34:06.0827951Z Reformatting tests/entrypoints/openai/correctness/__init__.py
2025-04-15T09:34:06.0828523Z Reformatting examples/online_serving/openai_chat_completion_with_reasoning.py
2025-04-15T09:34:06.0828973Z Reformatting vllm/executor/ray_utils.py
2025-04-15T09:34:06.0829491Z Reformatting vllm/model_executor/layers/quantization/kernels/scaled_mm/triton.py
2025-04-15T09:34:06.0830240Z Reformatting vllm/engine/output_processor/stop_checker.py
2025-04-15T09:34:06.0830759Z Reformatting tests/distributed/test_multi_node_assignment.py
2025-04-15T09:34:06.0831407Z Reformatting examples/online_serving/openai_cross_encoder_score.py
2025-04-15T09:34:06.0831930Z Reformatting vllm/model_executor/guided_decoding/__init__.py
2025-04-15T09:34:06.0832328Z Reformatting tests/v1/tpu/test_perf.py
2025-04-15T09:34:06.0832734Z Reformatting vllm/transformers_utils/configs/nemotron.py
2025-04-15T09:34:06.0833204Z Reformatting tests/entrypoints/openai/test_chunked_prompt.py
2025-04-15T09:34:06.0833604Z Reformatting vllm/entrypoints/__init__.py
2025-04-15T09:34:06.0834297Z Reformatting tests/models/decoder_only/vision_language/vlm_utils/case_filtering.py
2025-04-15T09:34:06.0835127Z Reformatting tests/reasoning/utils.py
2025-04-15T09:34:06.0835485Z Reformatting tests/models/embedding/utils.py
2025-04-15T09:34:06.0835888Z Reformatting vllm/model_executor/models/granitemoe.py
2025-04-15T09:34:06.0836364Z Reformatting tests/spec_decode/e2e/test_multistep_correctness.py
2025-04-15T09:34:06.0836830Z Reformatting examples/offline_inference/rlhf_utils.py
2025-04-15T09:34:06.0837344Z Reformatting tests/models/embedding/vision_language/test_dse_qwen2_vl.py
2025-04-15T09:34:06.0837900Z Reformatting examples/offline_inference/prithvi_geospatial_mae.py
2025-04-15T09:34:06.0838416Z Reformatting tests/models/embedding/language/test_cls_models.py
2025-04-15T09:34:06.0838978Z Reformatting tests/models/encoder_decoder/audio_language/test_whisper.py
2025-04-15T09:34:06.0839454Z Reformatting tests/model_executor/weight_utils.py
2025-04-15T09:34:06.0839931Z Reformatting vllm/model_executor/layers/quantization/gptq_marlin.py
2025-04-15T09:34:06.0840740Z Reformatting tests/v1/tpu/test_sampler.py
2025-04-15T09:34:06.0841131Z Reformatting tests/kernels/test_prefix_prefill.py
2025-04-15T09:34:06.0841582Z Reformatting vllm/model_executor/layers/mamba/ops/ssd_bmm.py
2025-04-15T09:34:06.0842038Z Reformatting vllm/compilation/fix_functionalization.py
2025-04-15T09:34:06.0842509Z Reformatting examples/online_serving/jinaai_rerank_client.py
2025-04-15T09:34:06.0842912Z Reformatting vllm/v1/executor/abstract.py
2025-04-15T09:34:06.0843392Z Reformatting vllm/distributed/kv_transfer/kv_connector/p2p_connector.py
2025-04-15T09:34:06.0843862Z Reformatting tests/kernels/test_mamba_mixer2.py
2025-04-15T09:34:06.0844208Z Reformatting tests/test_config.py
2025-04-15T09:34:06.0844764Z Reformatting tests/kernels/test_cache.py
2025-04-15T09:34:06.0845562Z Reformatting vllm/distributed/device_communicators/pynccl.py
2025-04-15T09:34:06.0846358Z Reformatting vllm/model_executor/models/falcon.py
2025-04-15T09:34:06.0847235Z Reformatting tests/vllm_test_utils/vllm_test_utils/__init__.py
2025-04-15T09:34:06.0848053Z Reformatting examples/offline_inference/neuron.py
2025-04-15T09:34:06.0848777Z Reformatting vllm/model_executor/models/glm4.py
2025-04-15T09:34:06.0849809Z Reformatting vllm/model_executor/layers/quantization/utils/marlin_utils_test_24.py
2025-04-15T09:34:06.0851074Z Reformatting tests/kernels/test_nvfp4_scaled_mm.py
2025-04-15T09:34:06.0852111Z Reformatting tests/plugins/vllm_add_dummy_model/vllm_add_dummy_model/__init__.py
2025-04-15T09:34:06.0852951Z Reformatting tests/test_utils.py
2025-04-15T09:34:06.0853538Z Reformatting tests/compile/backend.py
2025-04-15T09:34:06.0854343Z Reformatting vllm/attention/ops/blocksparse_attention/__init__.py
2025-04-15T09:34:06.0855052Z Reformatting vllm/sequence.py
2025-04-15T09:34:06.0855808Z Reformatting tests/models/multimodal/processing/__init__.py
2025-04-15T09:34:06.0856589Z Reformatting examples/offline_inference/tpu.py
2025-04-15T09:34:06.0857241Z Reformatting tests/vllm_test_utils/setup.py
2025-04-15T09:34:06.0857911Z Reformatting tests/spec_decode/test_scorer.py
2025-04-15T09:34:06.0858723Z Reformatting vllm/entrypoints/openai/tool_parsers/__init__.py
2025-04-15T09:34:06.0859856Z Reformatting vllm/model_executor/layers/quantization/kernels/scaled_mm/aiter.py
2025-04-15T09:34:06.0861067Z Reformatting tests/test_sharded_state_loader.py
2025-04-15T09:34:06.0861870Z Reformatting vllm/entrypoints/openai/serving_models.py
2025-04-15T09:34:06.0862699Z Reformatting vllm/model_executor/models/stablelm.py
2025-04-15T09:34:06.0863495Z Reformatting vllm/model_executor/models/adapters.py
2025-04-15T09:34:06.0864219Z Reformatting tests/spec_decode/conftest.py
2025-04-15T09:34:06.0864919Z Reformatting tests/kernels/test_fp8_quant.py
2025-04-15T09:34:06.0865620Z Reformatting vllm/adapter_commons/request.py
2025-04-15T09:34:06.0866499Z Reformatting vllm/transformers_utils/processors/deepseek_vl2.py
2025-04-15T09:34:06.0867293Z Reformatting tests/kernels/conftest.py
2025-04-15T09:34:06.0867950Z Reformatting tests/engine/test_arg_utils.py
2025-04-15T09:34:06.0868619Z Reformatting vllm/compilation/fusion.py
2025-04-15T09:34:06.0869332Z Reformatting benchmarks/kernels/benchmark_quant.py
2025-04-15T09:34:06.0870406Z Reformatting vllm/distributed/kv_transfer/kv_pipe/__init__.py
2025-04-15T09:34:06.0871201Z Reformatting vllm/compilation/backends.py
2025-04-15T09:34:06.0871944Z Reformatting vllm/model_executor/models/persimmon.py
2025-04-15T09:34:06.0872830Z Reformatting vllm/entrypoints/openai/serving_completion.py
2025-04-15T09:34:06.0873629Z Reformatting vllm/model_executor/models/clip.py
2025-04-15T09:34:06.0874479Z Reformatting examples/offline_inference/structured_outputs.py
2025-04-15T09:34:06.0875799Z Reformatting vllm/model_executor/layers/quantization/kernels/mixed_precision/MPLinearKernel.py
2025-04-15T09:34:06.0876909Z Reformatting vllm/model_executor/models/interfaces.py
2025-04-15T09:34:06.0877980Z Reformatting vllm/entrypoints/openai/tool_parsers/granite_20b_fc_tool_parser.py
2025-04-15T09:34:06.0879259Z Reformatting tests/tool_use/test_chat_completions.py
2025-04-15T09:34:06.0880260Z Reformatting vllm/transformers_utils/configs/dbrx.py
2025-04-15T09:34:06.0881061Z Reformatting benchmarks/kernels/benchmark_lora.py
2025-04-15T09:34:06.0881816Z Reformatting vllm/model_executor/models/chatglm.py
2025-04-15T09:34:06.0882649Z Reformatting tests/kernels/test_blocksparse_attention.py
2025-04-15T09:34:06.0883590Z Reformatting tests/entrypoints/openai/test_vision_embedding.py
2025-04-15T09:34:06.0884338Z Reformatting vllm/envs.py
2025-04-15T09:34:06.0884979Z Reformatting vllm/model_executor/models/molmo.py
2025-04-15T09:34:06.0885691Z Reformatting vllm/compilation/fx_utils.py
2025-04-15T09:34:06.0886497Z Reformatting vllm/model_executor/models/llava_next_video.py
2025-04-15T09:34:06.0887508Z Reformatting tests/v1/core/test_scheduler.py
2025-04-15T09:34:06.0888431Z Reformatting examples/offline_inference/encoder_decoder_multimodal.py
2025-04-15T09:34:06.0889558Z Reformatting vllm/distributed/kv_transfer/kv_connector/lmcache_connector.py
2025-04-15T09:34:06.0890614Z Reformatting vllm/v1/engine/core.py
2025-04-15T09:34:06.0891463Z Reformatting tests/models/embedding/vision_language/test_llava_next.py
2025-04-15T09:34:06.0892512Z Reformatting benchmarks/cutlass_benchmarks/sparse_benchmarks.py
2025-04-15T09:34:06.0893572Z Reformatting docs/source/conf.py
2025-04-15T09:34:06.0894494Z Reformatting vllm/attention/ops/prefix_prefill.py
2025-04-15T09:34:06.0895531Z Reformatting vllm/entrypoints/cli/benchmark/throughput.py
2025-04-15T09:34:06.0896573Z Reformatting vllm/distributed/parallel_state.py
2025-04-15T09:34:06.0897694Z Reformatting vllm/model_executor/layers/mamba/ops/__init__.py
2025-04-15T09:34:06.0898663Z Reformatting tests/kernels/test_int8_kernel.py
2025-04-15T09:34:06.0899688Z Reformatting vllm/model_executor/models/interfaces_base.py
2025-04-15T09:34:06.0900987Z Reformatting vllm/reasoning/deepseek_r1_reasoning_parser.py
2025-04-15T09:34:06.0902058Z Reformatting vllm/transformers_utils/configs/moonvit.py
2025-04-15T09:34:06.0903202Z Reformatting examples/offline_inference/rlhf_colocate.py
2025-04-15T09:34:06.0922499Z Reformatting vllm/v1/core/encoder_cache_manager.py
2025-04-15T09:34:06.0923404Z Reformatting tests/standalone_tests/lazy_imports.py
2025-04-15T09:34:06.0924135Z Reformatting vllm/entrypoints/cli/types.py
2025-04-15T09:34:06.0924787Z Reformatting tests/v1/tpu/test_basic.py
2025-04-15T09:34:06.0925471Z Reformatting vllm/worker/neuron_model_runner.py
2025-04-15T09:34:06.0926291Z Reformatting vllm/entrypoints/openai/serving_engine.py
2025-04-15T09:34:06.0927288Z Reformatting vllm/distributed/kv_transfer/kv_lookup_buffer/__init__.py
2025-04-15T09:34:06.0928213Z Reformatting vllm/transformers_utils/configs/mpt.py
2025-04-15T09:34:06.0929271Z Reformatting vllm/distributed/device_communicators/base_device_communicator.py
2025-04-15T09:34:06.0930777Z Reformatting tests/async_engine/__init__.py
2025-04-15T09:34:06.0931457Z Reformatting vllm/multimodal/audio.py
2025-04-15T09:34:06.0932299Z Reformatting examples/offline_inference/load_sharded_state.py
2025-04-15T09:34:06.0933019Z Reformatting vllm/_ipex_ops.py
2025-04-15T09:34:06.0933671Z Reformatting tests/basic_correctness/__init__.py
2025-04-15T09:34:06.0934433Z Reformatting vllm/entrypoints/openai/run_batch.py
2025-04-15T09:34:06.0935112Z Reformatting tests/tool_use/conftest.py
2025-04-15T09:34:06.0935851Z Reformatting vllm/lora/punica_wrapper/punica_gpu.py
2025-04-15T09:34:06.0936883Z Reformatting vllm/transformers_utils/tokenizer_group/base_tokenizer_group.py
2025-04-15T09:34:06.0937852Z Reformatting tests/multi_step/test_correctness_llm.py
2025-04-15T09:34:06.0938554Z Reformatting tests/v1/sample/utils.py
2025-04-15T09:34:06.0939844Z Reformatting vllm/model_executor/layers/quantization/compressed_tensors/schemes/compressed_tensors_w4a16_24.py
2025-04-15T09:34:06.0941393Z Reformatting tests/spec_decode/e2e/test_integration_dist_tp2.py
2025-04-15T09:34:06.0942252Z Reformatting vllm/attention/ops/merge_attn_states.py
2025-04-15T09:34:06.0943331Z Reformatting vllm/distributed/kv_transfer/__init__.py
2025-04-15T09:34:06.0944181Z Reformatting vllm/transformers_utils/configs/telechat2.py
2025-04-15T09:34:06.0945044Z Reformatting tests/distributed/test_pipeline_parallel.py
2025-04-15T09:34:06.0945836Z Reformatting vllm/model_executor/models/glm4v.py
2025-04-15T09:34:06.0946596Z Reformatting tests/v1/tpu/test_topk_topp_sampler.py
2025-04-15T09:34:06.0947615Z Reformatting vllm/model_executor/layers/quantization/kernels/scaled_mm/xla.py
2025-04-15T09:34:06.0948516Z Reformatting vllm/transformers_utils/s3_utils.py
2025-04-15T09:34:06.0949321Z Reformatting examples/offline_inference/mistral-small.py
2025-04-15T09:34:06.0950307Z Reformatting tests/entrypoints/openai/test_video.py
2025-04-15T09:34:06.0951317Z Reformatting vllm/model_executor/models/commandr.py
2025-04-15T09:34:06.0952002Z Reformatting tests/lora/test_llama_tp.py
2025-04-15T09:34:06.0952707Z Reformatting vllm/attention/backends/torch_sdpa.py
2025-04-15T09:34:06.0953488Z Reformatting vllm/compilation/multi_output_match.py
2025-04-15T09:34:06.0954222Z Reformatting vllm/v1/sample/rejection_sampler.py
2025-04-15T09:34:06.0954870Z Reformatting vllm/logits_process.py
2025-04-15T09:34:06.0955502Z Reformatting vllm/v1/spec_decode/__init__.py
2025-04-15T09:34:06.0956285Z Reformatting tests/spec_decode/e2e/test_mtp_correctness.py
2025-04-15T09:34:06.0957133Z Reformatting examples/offline_inference/simple_profiling.py
2025-04-15T09:34:06.0958135Z Reformatting examples/online_serving/openai_transcription_client.py
2025-04-15T09:34:06.0958977Z Reformatting tests/model_executor/conftest.py
2025-04-15T09:34:06.0959684Z Reformatting benchmarks/backend_request_func.py
2025-04-15T09:34:06.0960755Z Reformatting tests/models/encoder_decoder/language/__init__.py
2025-04-15T09:34:06.0961594Z Reformatting vllm/v1/sample/ops/bad_words.py
2025-04-15T09:34:06.0962558Z Reformatting vllm/model_executor/layers/quantization/utils/marlin_utils.py
2025-04-15T09:34:06.0963590Z Reformatting tests/model_executor/test_guided_processors.py
2025-04-15T09:34:06.0964524Z Reformatting vllm/spec_decode/smaller_tp_proposer_worker.py
2025-04-15T09:34:06.0965235Z Reformatting vllm/v1/engine/__init__.py
2025-04-15T09:34:06.0965914Z Reformatting tests/entrypoints/openai/test_models.py
2025-04-15T09:34:06.0966776Z Reformatting vllm/transformers_utils/tokenizer_group/__init__.py
2025-04-15T09:34:06.0967769Z Reformatting examples/online_serving/openai_embedding_client.py
2025-04-15T09:34:06.0968842Z Reformatting vllm/entrypoints/openai/tool_parsers/abstract_tool_parser.py
2025-04-15T09:34:06.0969790Z Reformatting tests/compile/test_basic_correctness.py
2025-04-15T09:34:06.0970992Z Reformatting tests/models/decoder_only/language/test_mamba.py
2025-04-15T09:34:06.0971868Z Reformatting benchmarks/kernels/benchmark_moe.py
2025-04-15T09:34:06.0972631Z Reformatting vllm/transformers_utils/configs/medusa.py
2025-04-15T09:34:06.0973544Z Reformatting vllm/model_executor/layers/rejection_sampler.py
2025-04-15T09:34:06.0974578Z Reformatting examples/online_serving/openai_chat_completion_client.py
2025-04-15T09:34:06.0975622Z Reformatting vllm/model_executor/layers/fused_moe/moe_pallas.py
2025-04-15T09:34:06.0976638Z Reformatting tests/entrypoints/openai/test_embedding_dimensions.py
2025-04-15T09:34:06.0977445Z Reformatting vllm/worker/worker_base.py
2025-04-15T09:34:06.0978072Z Reformatting vllm/multimodal/parse.py
2025-04-15T09:34:06.0978932Z Reformatting vllm/distributed/kv_transfer/kv_pipe/p2p_nccl_pipe.py
2025-04-15T09:34:06.0980286Z Reformatting tests/entrypoints/openai/tool_parsers/test_pythonic_tool_parser.py
2025-04-15T09:34:06.0981214Z Reformatting tests/benchmarks/test_serve_cli.py
2025-04-15T09:34:06.0982006Z Reformatting vllm/attention/backends/mla/__init__.py
2025-04-15T09:34:06.0982785Z Reformatting tests/multimodal/__init__.py
2025-04-15T09:34:06.0983485Z Reformatting tests/kernels/test_layernorm.py
2025-04-15T09:34:06.0984457Z Reformatting tests/models/multimodal/processing/test_common.py
2025-04-15T09:34:06.0985280Z Reformatting tests/quantization/__init__.py
2025-04-15T09:34:06.0986246Z Reformatting vllm/engine/protocol.py
2025-04-15T09:34:06.0987103Z Reformatting vllm/model_executor/layers/quantization/tpu_int8.py
2025-04-15T09:34:06.0988142Z Reformatting vllm/model_executor/guided_decoding/guidance_decoding.py
2025-04-15T09:34:06.0989014Z Reformatting vllm/model_executor/models/minicpm.py
2025-04-15T09:34:06.0989673Z Reformatting tests/worker/test_profile.py
2025-04-15T09:34:06.0990456Z Reformatting tests/kernels/test_utils.py
2025-04-15T09:34:06.0991100Z Reformatting vllm/worker/hpu_model_runner.py
2025-04-15T09:34:06.0991987Z Reformatting vllm/model_executor/layers/mamba/ops/causal_conv1d.py
2025-04-15T09:34:06.0992784Z Reformatting tests/core/test_scheduler.py
2025-04-15T09:34:06.0993641Z Reformatting tests/kernels/test_gguf.py
2025-04-15T09:34:06.0994246Z Reformatting tests/v1/tpu/__init__.py
2025-04-15T09:34:06.0995035Z Reformatting csrc/moe/marlin_moe_wna16/generate_kernels.py
2025-04-15T09:34:06.0995842Z Reformatting vllm/device_allocator/__init__.py
2025-04-15T09:34:06.0996513Z Reformatting vllm/engine/llm_engine.py
2025-04-15T09:34:06.0997074Z Reformatting vllm/platforms/cpu.py
2025-04-15T09:34:06.0997885Z Reformatting benchmarks/benchmark_serving_structured_output.py
2025-04-15T09:34:06.0998847Z Reformatting vllm/model_executor/layers/quantization/__init__.py
2025-04-15T09:34:06.0999897Z Reformatting vllm/model_executor/layers/quantization/utils/int8_utils.py
2025-04-15T09:34:06.1001191Z Reformatting vllm/distributed/kv_transfer/kv_pipe/pynccl_pipe.py
2025-04-15T09:34:06.1002417Z Reformatting vllm/model_executor/layers/quantization/kernels/mixed_precision/marlin.py
2025-04-15T09:34:06.1003398Z Reformatting vllm/v1/metrics/__init__.py
2025-04-15T09:34:06.1004104Z Reformatting tests/distributed/test_pynccl.py
2025-04-15T09:34:06.1004740Z Reformatting vllm/test_utils.py
2025-04-15T09:34:06.1005548Z Reformatting tests/models/decoder_only/language/test_modelopt.py
2025-04-15T09:34:06.1006314Z Reformatting vllm/core/block_manager.py
2025-04-15T09:34:06.1007363Z Reformatting .buildkite/nightly-benchmarks/scripts/generate-nightly-markdown.py
2025-04-15T09:34:06.1008375Z Reformatting vllm/model_executor/models/deepseek_v2.py
2025-04-15T09:34:06.1009180Z Reformatting vllm/model_executor/layers/layernorm.py
2025-04-15T09:34:06.1009971Z Reformatting vllm/model_executor/models/minicpmo.py
2025-04-15T09:34:06.1010956Z Reformatting vllm/lora/ops/triton_ops/lora_shrink.py
2025-04-15T09:34:06.1011793Z Reformatting vllm/v1/executor/ray_distributed_executor.py
2025-04-15T09:34:06.1012771Z Reformatting vllm/model_executor/layers/typical_acceptance_sampler.py
2025-04-15T09:34:06.1013682Z Reformatting vllm/v1/sample/ops/topk_topp_sampler.py
2025-04-15T09:34:06.1014690Z Reformatting vllm/entrypoints/openai/tool_parsers/llama_tool_parser.py
2025-04-15T09:34:06.1015618Z Reformatting tests/v1/sample/test_logprobs_e2e.py
2025-04-15T09:34:06.1016621Z Reformatting benchmarks/disagg_benchmarks/disagg_prefill_proxy_server.py
2025-04-15T09:34:06.1017581Z Reformatting tests/mq_llm_engine/test_error_handling.py
2025-04-15T09:34:06.1018316Z Reformatting benchmarks/kernels/benchmark_rope.py
2025-04-15T09:34:06.1019250Z Reformatting benchmarks/disagg_benchmarks/visualize_benchmark_results.py
2025-04-15T09:34:06.1020259Z Reformatting vllm/platforms/xpu.py
2025-04-15T09:34:06.1020876Z Reformatting tests/worker/test_swap.py
2025-04-15T09:34:06.1021698Z Reformatting tests/models/decoder_only/language/test_models.py
2025-04-15T09:34:06.1022625Z Reformatting tests/async_engine/api_server_async_engine.py
2025-04-15T09:34:06.1023338Z Reformatting vllm/core/scheduler.py
2025-04-15T09:34:06.1024134Z Reformatting examples/offline_inference/multilora_inference.py
2025-04-15T09:34:06.1024991Z Reformatting vllm/model_executor/models/kimi_vl.py
2025-04-15T09:34:06.1025720Z Reformatting tests/test_embedded_commit.py
2025-04-15T09:34:06.1026437Z Reformatting vllm/v1/engine/parallel_sampling.py
2025-04-15T09:34:06.1027158Z Reformatting tests/spec_decode/e2e/test_seed.py
2025-04-15T09:34:06.1028071Z Reformatting vllm/v1/worker/block_table.py
2025-04-15T09:34:06.1028892Z Reformatting vllm/attention/ops/triton_merge_attn_states.py
2025-04-15T09:34:06.1029804Z Reformatting vllm/model_executor/models/constant_size_cache.py
2025-04-15T09:34:06.1030926Z Reformatting vllm/transformers_utils/configs/skyworkr1v.py
2025-04-15T09:34:06.1031734Z Reformatting tests/models/multimodal/__init__.py
2025-04-15T09:34:06.1032522Z Reformatting tests/weight_loading/test_weight_loading.py
2025-04-15T09:34:06.1033298Z Reformatting tests/kv_transfer/test_send_recv.py
2025-04-15T09:34:06.1033970Z Reformatting vllm/worker/__init__.py
2025-04-15T09:34:06.1034650Z Reformatting vllm/entrypoints/cli/__init__.py
2025-04-15T09:34:06.1035360Z Reformatting vllm/engine/multiprocessing/engine.py
2025-04-15T09:34:06.1036285Z Reformatting tests/v1/test_utils.py
2025-04-15T09:34:06.1037027Z Reformatting vllm/entrypoints/cli/benchmark/latency.py
2025-04-15T09:34:06.1037821Z Reformatting tests/basic_correctness/test_cumem.py
2025-04-15T09:34:06.1038524Z Reformatting vllm/adapter_commons/utils.py
2025-04-15T09:34:06.1039183Z Reformatting tests/lora/test_punica_ops.py
2025-04-15T09:34:06.1039981Z Reformatting examples/offline_inference/reproduciblity.py
2025-04-15T09:34:06.1041201Z Reformatting vllm/distributed/device_communicators/cuda_communicator.py
2025-04-15T09:34:06.1042323Z Reformatting tests/models/decoder_only/vision_language/vlm_utils/types.py
2025-04-15T09:34:06.1043454Z Reformatting tests/models/decoder_only/vision_language/test_intern_vit.py
2025-04-15T09:34:06.1044405Z Reformatting vllm/model_executor/models/skyworkr1v.py
2025-04-15T09:34:06.1045131Z Reformatting vllm/model_executor/__init__.py
2025-04-15T09:34:06.1045826Z Reformatting vllm/transformers_utils/config.py
2025-04-15T09:34:06.1046474Z Reformatting vllm/attention/selector.py
2025-04-15T09:34:06.1047172Z Reformatting tests/kernels/test_attention_selector.py
2025-04-15T09:34:06.1047944Z Reformatting vllm/model_executor/models/phi3.py
2025-04-15T09:34:06.1048916Z Reformatting vllm/model_executor/guided_decoding/outlines_decoding.py
2025-04-15T09:34:06.1049750Z Reformatting tests/benchmarks/__init__.py
2025-04-15T09:34:06.1050554Z Reformatting vllm/worker/worker.py
2025-04-15T09:34:06.1051252Z Reformatting tests/tool_use/test_tool_calls.py
2025-04-15T09:34:06.1052069Z Reformatting vllm/engine/output_processor/interfaces.py
2025-04-15T09:34:06.1052799Z Reformatting tests/lora/test_add_lora.py
2025-04-15T09:34:06.1053621Z Reformatting tests/plugins_tests/test_scheduler_plugins.py
2025-04-15T09:34:06.1054490Z Reformatting tests/v1/worker/test_gpu_model_runner.py
2025-04-15T09:34:06.1055253Z Reformatting vllm/spec_decode/ngram_worker.py
2025-04-15T09:34:06.1056011Z Reformatting vllm/v1/spec_decode/ngram_proposer.py
2025-04-15T09:34:06.1056783Z Reformatting tests/tpu/test_quantization_accuracy.py
2025-04-15T09:34:06.1057505Z Reformatting tests/v1/core/test_kv_cache_utils.py
2025-04-15T09:34:06.1058558Z Reformatting vllm/model_executor/layers/quantization/kernels/mixed_precision/__init__.py
2025-04-15T09:34:06.1059682Z Reformatting tools/profiler/visualize_layerwise_profile.py
2025-04-15T09:34:06.1060769Z Reformatting vllm/model_executor/layers/mamba/__init__.py
2025-04-15T09:34:06.1061466Z Reformatting tests/core/__init__.py
2025-04-15T09:34:06.1062207Z Reformatting examples/offline_inference/basic/chat.py
2025-04-15T09:34:06.1062962Z Reformatting vllm/attention/ops/nki_flash_attn.py
2025-04-15T09:34:06.1063715Z Reformatting vllm/model_executor/models/aria.py
2025-04-15T09:34:06.1064371Z Reformatting vllm/pooling_params.py
2025-04-15T09:34:06.1065172Z Reformatting examples/offline_inference/save_sharded_state.py
2025-04-15T09:34:06.1065924Z Reformatting vllm/entrypoints/ssl.py
2025-04-15T09:34:06.1066571Z Reformatting vllm/entrypoints/cli/openai.py
2025-04-15T09:34:06.1067319Z Reformatting tests/spec_decode/e2e/test_logprobs.py
2025-04-15T09:34:06.1068411Z Reformatting vllm/model_executor/layers/quantization/quark/schemes/quark_w8a8_int8.py
2025-04-15T09:34:06.1069588Z Reformatting vllm/distributed/kv_transfer/kv_connector/factory.py
2025-04-15T09:34:06.1070792Z Reformatting vllm/v1/sample/__init__.py
2025-04-15T09:34:06.1071498Z Reformatting tests/v1/e2e/test_cascade_attention.py
2025-04-15T09:34:06.1072191Z Reformatting vllm/lora/peft_helper.py
2025-04-15T09:34:06.1072815Z Reformatting tests/test_sampling_params.py
2025-04-15T09:34:06.1073642Z Reformatting tests/plugins/vllm_add_dummy_platform/setup.py
2025-04-15T09:34:06.1074421Z Reformatting vllm/v1/sample/ops/penalties.py
2025-04-15T09:34:06.1075219Z Reformatting vllm/model_executor/layers/fused_moe/layer.py
2025-04-15T09:34:06.1076030Z Reformatting tests/entrypoints/llm/test_encode.py
2025-04-15T09:34:06.1076716Z Reformatting tests/models/test_vision.py
2025-04-15T09:34:06.1077896Z Reformatting tests/models/decoder_only/vision_language/vlm_utils/core.py
2025-04-15T09:34:06.1078997Z Reformatting vllm/model_executor/layers/quantization/quark/quark_moe.py
2025-04-15T09:34:06.1079866Z Reformatting vllm/attention/ops/hpu_paged_attn.py
2025-04-15T09:34:06.1080908Z Reformatting examples/online_serving/cohere_rerank_client.py
2025-04-15T09:34:06.1081850Z Reformatting tests/entrypoints/llm/test_guided_generate.py
2025-04-15T09:34:06.1082625Z Reformatting vllm/benchmarks/throughput.py
2025-04-15T09:34:06.1083299Z Reformatting vllm/multimodal/profiling.py
2025-04-15T09:34:06.1084122Z Reformatting tests/distributed/test_pipeline_partition.py
2025-04-15T09:34:06.1084883Z Reformatting vllm/v1/engine/logprobs.py
2025-04-15T09:34:06.1085762Z Reformatting vllm/model_executor/layers/quantization/bitsandbytes.py
2025-04-15T09:34:06.1086602Z Reformatting tests/samplers/test_sampler.py
2025-04-15T09:34:06.1087529Z Reformatting vllm/transformers_utils/tokenizer_group/tokenizer_group.py
2025-04-15T09:34:06.1088460Z Reformatting tests/kernels/test_mla_decode_cpu.py
2025-04-15T09:34:06.1089213Z Reformatting tests/core/block/test_naive_block.py
2025-04-15T09:34:06.1090553Z Reformatting vllm/model_executor/layers/quantization/compressed_tensors/triton_scaled_mm.py
2025-04-15T09:34:06.1091649Z Reformatting tests/async_engine/test_async_llm_engine.py
2025-04-15T09:34:06.1092387Z Reformatting vllm/v1/engine/detokenizer.py
2025-04-15T09:34:06.1093160Z Reformatting tests/fastsafetensors_loader/__init__.py
2025-04-15T09:34:06.1093924Z Reformatting tests/quantization/test_ptpc_fp8.py
2025-04-15T09:34:06.1094660Z Reformatting vllm/model_executor/models/zamba2.py
2025-04-15T09:34:06.1095387Z Reformatting tests/samplers/test_ignore_eos.py
2025-04-15T09:34:06.1096254Z Reformatting examples/offline_inference/embed_matryoshka_fy.py
2025-04-15T09:34:06.1097075Z Reformatting vllm/model_executor/models/qwen.py
2025-04-15T09:34:06.1097942Z Reformatting vllm/model_executor/model_loader/weight_utils.py
2025-04-15T09:34:06.1098974Z Reformatting tests/spec_decode/e2e/test_integration_dist_tp4.py
2025-04-15T09:34:06.1100181Z Reformatting vllm/model_executor/layers/spec_decode_base_sampler.py
2025-04-15T09:34:06.1100982Z Reformatting tests/kernels/test_flashmla.py
2025-04-15T09:34:06.1101866Z Reformatting tests/models/decoder_only/language/test_granite.py
2025-04-15T09:34:06.1102770Z Reformatting vllm/model_executor/models/intern_vit.py
2025-04-15T09:34:06.1103677Z Reformatting tests/models/decoder_only/vision_language/__init__.py
2025-04-15T09:34:06.1104662Z Reformatting tests/entrypoints/openai/test_encoder_decoder.py
2025-04-15T09:34:06.1105563Z Reformatting vllm/model_executor/models/mixtral_quant.py
2025-04-15T09:34:06.1106317Z Reformatting tests/distributed/test_utils.py
2025-04-15T09:34:06.1107187Z Reformatting vllm/model_executor/models/prithvi_geospatial_mae.py
2025-04-15T09:34:06.1108074Z Reformatting tests/entrypoints/openai/test_vision.py
2025-04-15T09:34:06.1109038Z Reformatting vllm/model_executor/layers/quantization/utils/fp8_utils.py
2025-04-15T09:34:06.1109865Z Reformatting vllm/worker/cache_engine.py
2025-04-15T09:34:06.1110788Z Reformatting vllm/transformers_utils/configs/mllama.py
2025-04-15T09:34:06.1111404Z Reformatting vllm/utils.py
2025-04-15T09:34:06.1112197Z Reformatting tests/lora/conftest.py
2025-04-15T09:34:06.1112819Z Reformatting tests/kernels/test_awq.py
2025-04-15T09:34:06.1113502Z Reformatting vllm/prompt_adapter/models.py
2025-04-15T09:34:06.1114447Z Reformatting examples/offline_inference/vision_language_multi_image.py
2025-04-15T09:34:06.1115375Z Reformatting vllm/transformers_utils/detokenizer.py
2025-04-15T09:34:06.1116073Z Reformatting vllm/plugins/__init__.py
2025-04-15T09:34:06.1116914Z Reformatting tests/samplers/test_typical_acceptance_sampler.py
2025-04-15T09:34:06.1117729Z Reformatting tests/models/decoder_only/__init__.py
2025-04-15T09:34:06.1118440Z Reformatting tests/entrypoints/llm/test_accuracy.py
2025-04-15T09:34:06.1119215Z Reformatting vllm/model_executor/models/phi4mm_audio.py
2025-04-15T09:34:06.1120452Z Reformatting tests/test_logits_processor.py
2025-04-15T09:34:06.1121081Z Reformatting use_existing_torch.py
2025-04-15T09:34:06.1121628Z Reformatting vllm/version.py
2025-04-15T09:34:06.1122200Z Reformatting tests/v1/sample/__init__.py
2025-04-15T09:34:06.1122920Z Reformatting vllm/model_executor/models/minicpmv.py
2025-04-15T09:34:06.1123806Z Reformatting tests/models/multimodal/processing/test_llama4.py
2025-04-15T09:34:06.1124584Z Reformatting vllm/compilation/__init__.py
2025-04-15T09:34:06.1125187Z Reformatting vllm/connections.py
2025-04-15T09:34:06.1126003Z Reformatting tests/models/decoder_only/vision_language/test_awq.py
2025-04-15T09:34:06.1126797Z Reformatting tests/v1/e2e/test_spec_decode.py
2025-04-15T09:34:06.1127443Z Reformatting vllm/worker/tpu_model_runner.py
2025-04-15T09:34:06.1128098Z Reformatting vllm/v1/core/kv_cache_utils.py
2025-04-15T09:34:06.1128929Z Reformatting vllm/model_executor/layers/quantization/awq.py
2025-04-15T09:34:06.1129755Z Reformatting tests/tokenization/test_get_eos.py
2025-04-15T09:34:06.1130769Z Reformatting vllm/model_executor/models/transformers.py
2025-04-15T09:34:06.1131626Z Reformatting vllm/v1/structured_output/backend_types.py
2025-04-15T09:34:06.1132528Z Reformatting vllm/transformers_utils/tokenizers/__init__.py
2025-04-15T09:34:06.1133358Z Reformatting tests/v1/engine/test_engine_args.py
2025-04-15T09:34:06.1134023Z Reformatting vllm/worker/utils.py
2025-04-15T09:34:06.1134812Z Reformatting tests/neuron/1_core/test_logits_processor.py
2025-04-15T09:34:06.1135623Z Reformatting benchmarks/benchmark_utils.py
2025-04-15T09:34:06.1136269Z Reformatting tests/core/block/e2e/conftest.py
2025-04-15T09:34:06.1137229Z Reformatting benchmarks/kernels/deepgemm/benchmark_fp8_block_dense_gemm.py
2025-04-15T09:34:06.1138197Z Reformatting vllm/lora/ops/triton_ops/kernel_utils.py
2025-04-15T09:34:06.1138985Z Reformatting tests/models/test_initialization.py
2025-04-15T09:34:06.1139709Z Reformatting tests/encoder_decoder/__init__.py
2025-04-15T09:34:06.1140761Z Reformatting vllm/model_executor/models/gritlm.py
2025-04-15T09:34:06.1141506Z Reformatting tests/samplers/test_seeded_generate.py
2025-04-15T09:34:06.1142462Z Reformatting vllm/attention/ops/blocksparse_attention/interface.py
2025-04-15T09:34:06.1143327Z Reformatting vllm/lora/fully_sharded_layers.py
2025-04-15T09:34:06.1143994Z Reformatting tests/multimodal/utils.py
2025-04-15T09:34:06.1144674Z Reformatting tests/kernels/test_pos_encoding.py
2025-04-15T09:34:06.1145330Z Reformatting vllm/v1/worker/worker_base.py
2025-04-15T09:34:06.1146027Z Reformatting vllm/compilation/counter.py
2025-04-15T09:34:06.1146577Z Reformatting setup.py
2025-04-15T09:34:06.1147232Z Reformatting vllm/model_executor/models/qwen2_moe.py
2025-04-15T09:34:06.1147942Z Reformatting vllm/v1/engine/core_client.py
2025-04-15T09:34:06.1149263Z Reformatting vllm/model_executor/layers/quantization/compressed_tensors/schemes/compressed_tensors_w8a8_fp8.py
2025-04-15T09:34:06.1150592Z Reformatting tests/models/test_transformers.py
2025-04-15T09:34:06.1151252Z Reformatting tests/lora/test_worker.py
2025-04-15T09:34:06.1152015Z Reformatting tests/tokenization/test_tokenizer_group.py
2025-04-15T09:34:06.1152820Z Reformatting vllm/model_executor/models/internvl.py
2025-04-15T09:34:06.1154037Z Reformatting tests/entrypoints/openai/correctness/test_lmeval.py
2025-04-15T09:34:06.1155243Z Reformatting tests/plugins/vllm_add_dummy_platform/vllm_add_dummy_platform/__init__.py
2025-04-15T09:34:06.1156393Z Reformatting examples/offline_inference/embed_jina_embeddings_v3.py
2025-04-15T09:34:06.1157437Z Reformatting vllm/model_executor/guided_decoding/xgrammar_decoding.py
2025-04-15T09:34:06.1158347Z Reformatting vllm/model_executor/models/paligemma.py
2025-04-15T09:34:06.1159078Z Reformatting vllm/_custom_ops.py
2025-04-15T09:34:06.1159908Z Reformatting vllm/model_executor/layers/quantization/kv_cache.py
2025-04-15T09:34:06.1161271Z Reformatting vllm/model_executor/layers/quantization/kernels/mixed_precision/exllama.py
2025-04-15T09:34:06.1162224Z Reformatting vllm/profiler/__init__.py
2025-04-15T09:34:06.1163141Z Reformatting tests/spec_decode/__init__.py
2025-04-15T09:34:06.1163909Z Reformatting vllm/core/block/cpu_gpu_block_allocator.py
2025-04-15T09:34:06.1164591Z Reformatting tests/build_cython.py
2025-04-15T09:34:06.1165463Z Reformatting vllm/model_executor/layers/mamba/ops/ssd_chunk_state.py
2025-04-15T09:34:06.1166336Z Reformatting vllm/engine/output_processor/multi_step.py
2025-04-15T09:34:06.1167216Z Reformatting tests/vllm_test_utils/vllm_test_utils/blame.py
2025-04-15T09:34:06.1168193Z Reformatting vllm/model_executor/layers/quantization/experts_int8.py
2025-04-15T09:34:06.1169116Z Reformatting tests/v1/structured_output/test_utils.py
2025-04-15T09:34:06.1170242Z Reformatting examples/offline_inference/neuron_int8_quantization.py
2025-04-15T09:34:06.1171214Z Reformatting tests/models/decoder_only/language/test_aqlm.py
2025-04-15T09:34:06.1172174Z Reformatting examples/online_serving/openai_completion_client.py
2025-04-15T09:34:06.1173089Z Reformatting tests/models/encoder_decoder/__init__.py
2025-04-15T09:34:06.1173821Z Reformatting vllm/core/block/block_table.py
2025-04-15T09:34:06.1174686Z Reformatting tests/models/encoder_decoder/vision_language/__init__.py
2025-04-15T09:34:06.1175650Z Reformatting tests/tokenization/test_cached_tokenizer.py
2025-04-15T09:34:06.1176775Z Reformatting vllm/model_executor/layers/quantization/compressed_tensors/__init__.py
2025-04-15T09:34:06.1177818Z Reformatting examples/offline_inference/prefix_caching.py
2025-04-15T09:34:06.1178670Z Reformatting tests/tool_use/test_tool_choice_required.py
2025-04-15T09:34:06.1179483Z Reformatting tests/tpu/test_custom_dispatcher.py
2025-04-15T09:34:06.1180463Z Reformatting benchmarks/kernels/benchmark_rmsnorm.py
2025-04-15T09:34:06.1181485Z Reformatting vllm/entrypoints/openai/tool_parsers/phi4mini_tool_parser.py
2025-04-15T09:34:06.1182340Z Reformatting vllm/adapter_commons/models.py
2025-04-15T09:34:06.1183036Z Reformatting vllm/v1/executor/multiproc_executor.py
2025-04-15T09:34:06.1183705Z Reformatting vllm/v1/request.py
2025-04-15T09:34:06.1184423Z Reformatting vllm/model_executor/models/llava.py
2025-04-15T09:34:06.1185187Z Reformatting vllm/v1/structured_output/request.py
2025-04-15T09:34:06.1185958Z Reformatting vllm/model_executor/models/pixtral.py
2025-04-15T09:34:06.1186712Z Reformatting tests/kernels/test_marlin_gemm.py
2025-04-15T09:34:06.1187488Z Reformatting examples/offline_inference/mlpspeculator.py
2025-04-15T09:34:06.1188356Z Reformatting tests/spec_decode/e2e/test_eagle_correctness.py
2025-04-15T09:34:06.1189155Z Reformatting benchmarks/benchmark_dataset.py
2025-04-15T09:34:06.1189958Z Reformatting tests/entrypoints/openai/test_completion.py
2025-04-15T09:34:06.1191075Z Reformatting vllm/model_executor/layers/mamba/mamba2_metadata.py
2025-04-15T09:34:06.1191671Z Reformatting vllm/distributed/device_communicators/cpu_communicator.py
2025-04-15T09:34:06.1192139Z Reformatting tests/core/test_chunked_prefill_scheduler.py
2025-04-15T09:34:06.1192417Z Reformatting vllm/lora/models.py
2025-04-15T09:34:06.1192809Z Reformatting tests/distributed/test_same_node.py
2025-04-15T09:34:06.1193066Z Reformatting vllm/logger.py
2025-04-15T09:34:06.1193487Z Reformatting tests/entrypoints/openai/test_pooling.py
2025-04-15T09:34:06.1193998Z Reformatting vllm/scalar_type.py
2025-04-15T09:34:06.1194475Z Reformatting examples/offline_inference/vision_language.py
2025-04-15T09:34:06.1194889Z Reformatting vllm/entrypoints/cli/benchmark/serve.py
2025-04-15T09:34:06.1195412Z Reformatting vllm/model_executor/models/idefics2_vision_model.py
2025-04-15T09:34:06.1196140Z Reformatting vllm/attention/ops/blocksparse_attention/blocksparse_attention_kernel.py
2025-04-15T09:34:06.1196485Z Reformatting vllm/worker/xpu_model_runner.py
2025-04-15T09:34:06.1196885Z Reformatting tests/quantization/test_ipex_quant.py
2025-04-15T09:34:06.1197190Z Reformatting vllm/worker/tpu_worker.py
2025-04-15T09:34:06.1197551Z Reformatting tests/kernels/test_awq_triton.py
2025-04-15T09:34:06.1197961Z Reformatting tests/quantization/test_bitsandbytes.py
2025-04-15T09:34:06.1198484Z Reformatting tests/multimodal/test_utils.py
2025-04-15T09:34:06.1198883Z Reformatting tests/kernels/test_rotary_embedding.py
2025-04-15T09:34:06.1199182Z Reformatting vllm/multimodal/inputs.py
2025-04-15T09:34:06.1199606Z Reformatting vllm/transformers_utils/configs/chatglm.py
2025-04-15T09:34:06.1199879Z Reformatting vllm/assets/image.py
2025-04-15T09:34:06.1200655Z Reformatting tests/reasoning/test_deepseekr1_reasoning_parser.py
2025-04-15T09:34:06.1201016Z Reformatting tests/lora/test_minicpmv_tp.py
2025-04-15T09:34:06.1201351Z Reformatting vllm/distributed/__init__.py
2025-04-15T09:34:06.1201761Z Reformatting tests/entrypoints/llm/test_generate.py
2025-04-15T09:34:06.1202285Z Reformatting vllm/distributed/kv_transfer/kv_transfer_agent.py
2025-04-15T09:34:06.1202834Z Reformatting vllm/model_executor/layers/quantization/moe_wna16.py
2025-04-15T09:34:06.1203225Z Reformatting vllm/model_executor/models/fuyu.py
2025-04-15T09:34:06.1203877Z Reformatting vllm/transformers_utils/tokenizer_group/ray_tokenizer_group.py
2025-04-15T09:34:06.1204268Z Reformatting vllm/model_executor/models/bert.py
2025-04-15T09:34:06.1204610Z Reformatting tests/v1/tpu/test_mha_attn.py
2025-04-15T09:34:06.1205096Z Reformatting vllm/transformers_utils/tokenizers/mistral.py
2025-04-15T09:34:06.1205534Z Reformatting tests/quantization/test_gptq_dynamic.py
2025-04-15T09:34:06.1205930Z Reformatting vllm/model_executor/layers/utils.py
2025-04-15T09:34:06.1206238Z Reformatting vllm/benchmarks/utils.py
2025-04-15T09:34:06.1206708Z Reformatting vllm/model_executor/layers/quantization/qqq.py
2025-04-15T09:34:06.1207363Z Reformatting tests/models/decoder_only/vision_language/vlm_utils/model_utils.py
2025-04-15T09:34:06.1207658Z Reformatting vllm/assets/audio.py
2025-04-15T09:34:06.1208068Z Reformatting tests/model_executor/__init__.py
2025-04-15T09:34:06.1208426Z Reformatting tests/distributed/__init__.py
2025-04-15T09:34:06.1208787Z Reformatting vllm/attention/ops/ipex_attn.py
2025-04-15T09:34:06.1209200Z Reformatting tests/quantization/test_torchao.py
2025-04-15T09:34:06.1209708Z Reformatting tests/spec_decode/e2e/test_ngram_correctness.py
2025-04-15T09:34:06.1210382Z Reformatting vllm/spec_decode/top1_proposer.py
2025-04-15T09:34:06.1210775Z Reformatting vllm/model_executor/models/granite.py
2025-04-15T09:34:06.1211111Z Reformatting tests/kv_transfer/test_module.py
2025-04-15T09:34:06.1211605Z Reformatting tests/multi_step/test_correctness_async_llm.py
2025-04-15T09:34:06.1212088Z Reformatting vllm/model_executor/models/fairseq2_llama.py
2025-04-15T09:34:06.1212561Z Reformatting vllm/model_executor/models/module_mapping.py
2025-04-15T09:34:06.1213189Z Reformatting examples/online_serving/disagg_examples/disagg_proxy_demo.py
2025-04-15T09:34:06.1213449Z Reformatting vllm/v1/utils.py
2025-04-15T09:34:06.1213841Z Reformatting vllm/v1/worker/gpu_model_runner.py
2025-04-15T09:34:06.1214410Z Reformatting tests/models/embedding/vision_language/test_phi3v.py
2025-04-15T09:34:06.1214927Z Reformatting vllm/model_executor/layers/quantization/modelopt.py
2025-04-15T09:34:06.1215334Z Reformatting vllm/attention/backends/__init__.py
2025-04-15T09:34:06.1215771Z Reformatting tests/samplers/test_rejection_sampler.py
2025-04-15T09:34:06.1216290Z Reformatting tests/models/encoder_decoder/language/test_bart.py
2025-04-15T09:34:06.1216951Z Reformatting vllm/model_executor/models/chameleon.py
2025-04-15T09:34:06.1217404Z Reformatting tests/models/embedding/language/__init__.py
2025-04-15T09:34:06.1217920Z Reformatting tests/worker/test_encoder_decoder_model_runner.py
2025-04-15T09:34:06.1218402Z Reformatting tests/entrypoints/openai/tool_parsers/utils.py
2025-04-15T09:34:06.1218755Z Reformatting vllm/spec_decode/interfaces.py
2025-04-15T09:34:06.1219108Z Reformatting vllm/engine/async_llm_engine.py
2025-04-15T09:34:06.1219542Z Reformatting vllm/model_executor/models/qwen2_audio.py
2025-04-15T09:34:06.1220184Z Reformatting tests/spec_decode/e2e/test_compatibility.py
2025-04-15T09:34:06.1220510Z Reformatting vllm/benchmarks/latency.py
2025-04-15T09:34:06.1221091Z Reformatting vllm/model_executor/models/mamba.py
2025-04-15T09:34:06.1221401Z Reformatting vllm/v1/metrics/loggers.py
2025-04-15T09:34:06.1221722Z Reformatting vllm/multimodal/registry.py
2025-04-15T09:34:06.1222246Z Reformatting tests/spec_decode/e2e/test_medusa_correctness.py
2025-04-15T09:34:06.1222864Z Reformatting examples/offline_inference/disaggregated_prefill_lmcache.py
2025-04-15T09:34:06.1223268Z Reformatting vllm/model_executor/models/phimoe.py
2025-04-15T09:34:06.1223534Z Reformatting tests/__init__.py
2025-04-15T09:34:06.1224178Z Reformatting vllm/model_executor/layers/quantization/utils/allspark_utils.py
2025-04-15T09:34:06.1224600Z Reformatting vllm/attention/backends/flashinfer.py
2025-04-15T09:34:06.1224977Z Reformatting vllm/model_executor/models/orion.py
2025-04-15T09:34:06.1225327Z Reformatting vllm/adapter_commons/__init__.py
2025-04-15T09:34:06.1225791Z Reformatting tests/models/decoder_only/language/test_gguf.py
2025-04-15T09:34:06.1226410Z Reformatting tests/models/decoder_only/vision_language/vlm_utils/builders.py
2025-04-15T09:34:06.1226784Z Reformatting vllm/model_executor/models/nvlm_d.py
2025-04-15T09:34:06.1227119Z Reformatting tests/core/block/conftest.py
2025-04-15T09:34:06.1227464Z Reformatting vllm/v1/attention/__init__.py
2025-04-15T09:34:06.1227929Z Reformatting tests/entrypoints/llm/test_lazy_outlines.py
2025-04-15T09:34:06.1228346Z Reformatting tests/compile/piecewise/test_simple.py
2025-04-15T09:34:06.1228807Z Reformatting vllm/transformers_utils/configs/kimi_vl.py
2025-04-15T09:34:06.1229147Z Reformatting vllm/v1/spec_decode/eagle.py
2025-04-15T09:34:06.1229626Z Reformatting tests/plugins_tests/test_platform_plugins.py
2025-04-15T09:34:06.1230237Z Reformatting vllm/spec_decode/target_model_runner.py
2025-04-15T09:34:06.1230625Z Reformatting tests/spec_decode/e2e/conftest.py
2025-04-15T09:34:06.1231097Z Reformatting vllm/engine/output_processor/single_step.py
2025-04-15T09:34:06.1231540Z Reformatting vllm/v1/attention/backends/triton_attn.py
2025-04-15T09:34:06.1232063Z Reformatting tests/reasoning/test_granite_reasoning_parser.py
2025-04-15T09:34:06.1232398Z Reformatting vllm/inputs/preprocess.py
2025-04-15T09:34:06.1232759Z Reformatting tests/samplers/test_logprobs.py
2025-04-15T09:34:06.1233182Z Reformatting vllm/model_executor/models/minicpm3.py
2025-04-15T09:34:06.1233746Z Reformatting examples/online_serving/opentelemetry/dummy_client.py
2025-04-15T09:34:06.1234042Z Reformatting vllm/v1/core/sched/utils.py
2025-04-15T09:34:06.1234465Z Reformatting tests/spec_decode/test_batch_expansion.py
2025-04-15T09:34:06.1234751Z Reformatting vllm/executor/__init__.py
2025-04-15T09:34:06.1235126Z Reformatting tests/distributed/test_pp_cudagraph.py
2025-04-15T09:34:06.1235714Z Reformatting vllm/distributed/device_communicators/neuron_communicator.py
2025-04-15T09:34:06.1236082Z Reformatting tests/engine/test_multiproc_workers.py
2025-04-15T09:34:06.1236554Z Reformatting tests/engine/test_multi_step_output_processor.py
2025-04-15T09:34:06.1236935Z Reformatting vllm/lora/ops/triton_ops/utils.py
2025-04-15T09:34:06.1237322Z Reformatting vllm/lora/punica_wrapper/__init__.py
2025-04-15T09:34:06.1237736Z Reformatting vllm/prompt_adapter/worker_manager.py
2025-04-15T09:34:06.1238136Z Reformatting tests/tokenization/test_tokenizer.py
2025-04-15T09:34:06.1238804Z Reformatting vllm/model_executor/models/llava_next.py
2025-04-15T09:34:06.1239220Z Reformatting tests/async_engine/test_api_server.py
2025-04-15T09:34:06.1239605Z Reformatting tests/prompt_adapter/test_pa_lora.py
2025-04-15T09:34:06.1239906Z Reformatting tests/test_scalartype.py
2025-04-15T09:34:06.1240429Z Reformatting tests/quantization/test_fp8.py
2025-04-15T09:34:06.1240798Z Reformatting tests/v1/entrypoints/llm/__init__.py
2025-04-15T09:34:06.1241125Z Reformatting tests/plugins_tests/conftest.py
2025-04-15T09:34:06.1241432Z Reformatting vllm/attention/ops/flashmla.py
2025-04-15T09:34:06.1241900Z Reformatting tests/models/decoder_only/language/test_nvfp4.py
2025-04-15T09:34:06.1242239Z Reformatting vllm/model_executor/models/glm.py
2025-04-15T09:34:06.1243062Z Reformatting examples/online_serving/openai_chat_completion_client_with_tools.py
2025-04-15T09:34:06.1243514Z Reformatting vllm/entrypoints/openai/serving_pooling.py
2025-04-15T09:34:06.1243840Z Reformatting tests/v1/engine/__init__.py
2025-04-15T09:34:06.1244189Z Reformatting tests/kernels/test_block_fp8.py
2025-04-15T09:34:06.1244625Z Reformatting tests/benchmarks/test_throughput_cli.py
2025-04-15T09:34:06.1245002Z Reformatting vllm/model_executor/models/grok1.py
2025-04-15T09:34:06.1245311Z Reformatting tests/kernels/test_aqlm.py
2025-04-15T09:34:06.1245729Z Reformatting vllm/lora/punica_wrapper/punica_cpu.py
2025-04-15T09:34:06.1246089Z Reformatting vllm/lora/punica_wrapper/utils.py
2025-04-15T09:34:06.1246433Z Reformatting tests/kernels/test_nvfp4_quant.py
2025-04-15T09:34:06.1246750Z Reformatting tests/quantization/utils.py
2025-04-15T09:34:06.1247144Z Reformatting benchmarks/kernels/benchmark_aqlm.py
2025-04-15T09:34:06.1247514Z Reformatting tests/kernels/test_flash_attn.py
2025-04-15T09:34:06.1248007Z Reformatting tests/entrypoints/test_ssl_cert_refresher.py
2025-04-15T09:34:06.1248742Z Reformatting examples/online_serving/openai_chat_completion_client_for_multimodal.py
2025-04-15T09:34:06.1249066Z Reformatting tests/compile/test_fusion.py
2025-04-15T09:34:06.1249683Z Reformatting vllm/model_executor/layers/fused_moe/rocm_aiter_fused_moe.py
2025-04-15T09:34:06.1250455Z Reformatting vllm/attention/backends/rocm_flash_attn.py
2025-04-15T09:34:06.1250762Z Reformatting vllm/lora/__init__.py
2025-04-15T09:34:06.1251388Z Reformatting vllm/distributed/kv_transfer/kv_connector/simple_connector.py
2025-04-15T09:34:06.1251895Z Reformatting tests/tokenization/test_tokenizer_registry.py
2025-04-15T09:34:06.1252299Z Reformatting tests/entrypoints/openai/test_rerank.py
2025-04-15T09:34:06.1252704Z Reformatting tests/quantization/test_cpu_offload.py
2025-04-15T09:34:06.1253121Z Reformatting vllm/spec_decode/spec_decode_worker.py
2025-04-15T09:34:06.1253724Z Reformatting tests/models/decoder_only/language/test_gptq_marlin_24.py
2025-04-15T09:34:06.1254098Z Reformatting tests/lora/test_lora_functions.py
2025-04-15T09:34:06.1254477Z Reformatting tests/lora/test_lora_huggingface.py
2025-04-15T09:34:06.1254915Z Reformatting benchmarks/overheads/benchmark_hashing.py
2025-04-15T09:34:06.1255281Z Reformatting tests/spec_decode/test_metrics.py
2025-04-15T09:34:06.1255632Z Reformatting tests/v1/sample/test_logprobs.py
2025-04-15T09:34:06.1255985Z Reformatting vllm/v1/core/kv_cache_manager.py
2025-04-15T09:34:06.1256608Z Reformatting tests/models/encoder_decoder/vision_language/test_broadcast.py
2025-04-15T09:34:06.1256890Z Reformatting vllm/attention/layer.py
2025-04-15T09:34:06.1257267Z Reformatting vllm/model_executor/models/blip.py
2025-04-15T09:34:06.1257791Z Reformatting examples/offline_inference/llm_engine_example.py
2025-04-15T09:34:06.1258193Z Reformatting tests/neuron/1_core/test_layernorm.py
2025-04-15T09:34:06.1258645Z Reformatting vllm/spec_decode/mlp_speculator_worker.py
2025-04-15T09:34:06.1259048Z Reformatting vllm/spec_decode/batch_expansion.py
2025-04-15T09:34:06.1259472Z Reformatting vllm/model_executor/models/internlm2.py
2025-04-15T09:34:06.1260398Z Reformatting tests/entrypoints/openai/correctness/test_transcription_api_correctness.py
2025-04-15T09:34:06.1260943Z Reformatting tests/test_sequence.py
2025-04-15T09:34:06.1261342Z Reformatting vllm/attention/backends/xformers.py
2025-04-15T09:34:06.1261726Z Reformatting vllm/model_executor/models/gemma2.py
2025-04-15T09:34:06.1262110Z Reformatting vllm/profiler/layerwise_profile.py
2025-04-15T09:34:06.1262579Z Reformatting tests/v1/sample/test_sampling_params_e2e.py
2025-04-15T09:34:06.1262989Z Reformatting vllm/executor/multiproc_worker_utils.py
2025-04-15T09:34:06.1263339Z Reformatting vllm/v1/spec_decode/metrics.py
2025-04-15T09:34:06.1263726Z Reformatting vllm/attention/backends/flashmla.py
2025-04-15T09:34:06.1264158Z Reformatting vllm/spec_decode/proposer_worker_base.py
2025-04-15T09:34:06.1264820Z Reformatting vllm/transformers_utils/configs/falcon.py
2025-04-15T09:34:06.1265270Z Reformatting vllm/attention/ops/triton_flash_attention.py
2025-04-15T09:34:06.1265813Z Reformatting tests/models/multimodal/processing/test_smolvlm.py
2025-04-15T09:34:06.1266340Z Reformatting vllm/model_executor/layers/mamba/mamba_mixer.py
2025-04-15T09:34:06.1266681Z Reformatting tests/kernels/test_cutlass.py
2025-04-15T09:34:06.1267081Z Reformatting vllm/transformers_utils/processor.py
2025-04-15T09:34:06.1267504Z Reformatting vllm/transformers_utils/configs/__init__.py
2025-04-15T09:34:06.1267838Z Reformatting vllm/core/block/naive_block.py
2025-04-15T09:34:06.1268401Z Reformatting vllm/model_executor/layers/quantization/hqq_marlin.py
2025-04-15T09:34:06.1268662Z Reformatting vllm/tracing.py
2025-04-15T09:34:06.1269086Z Reformatting tests/samplers/test_logits_processor.py
2025-04-15T09:34:06.1269641Z Reformatting tests/runai_model_streamer_test/test_weight_utils.py
2025-04-15T09:34:06.1270411Z Reformatting vllm/model_executor/layers/quantization/gptq_marlin_24.py
2025-04-15T09:34:06.1270773Z Reformatting tests/models/test_registry.py
2025-04-15T09:34:06.1271219Z Reformatting tests/spec_decode/e2e/test_integration.py
2025-04-15T09:34:06.1271728Z Reformatting tests/vllm_test_utils/vllm_test_utils/monitor.py
2025-04-15T09:34:06.1272034Z Reformatting tests/v1/__init__.py
2025-04-15T09:34:06.1272516Z Reformatting vllm/model_executor/layers/quantization/gptq.py
2025-04-15T09:34:06.1273022Z Reformatting vllm/model_executor/layers/quantization/schema.py
2025-04-15T09:34:06.1273412Z Reformatting tests/kernels/test_causal_conv1d.py
2025-04-15T09:34:06.1273774Z Reformatting vllm/v1/worker/gpu_input_batch.py
2025-04-15T09:34:06.1274125Z Reformatting tests/mq_llm_engine/test_load.py
2025-04-15T09:34:06.1274450Z Reformatting tests/mq_llm_engine/utils.py
2025-04-15T09:34:06.1274777Z Reformatting vllm/reasoning/__init__.py
2025-04-15T09:34:06.1275170Z Reformatting tests/v1/core/test_prefix_caching.py
2025-04-15T09:34:06.1275744Z Reformatting examples/offline_inference/vision_language_embedding.py
2025-04-15T09:34:06.1276208Z Reformatting examples/offline_inference/basic/embed.py
2025-04-15T09:34:06.1276580Z Reformatting tests/kernels/test_allspark_gemm.py
2025-04-15T09:34:06.1276919Z Reformatting vllm/multimodal/processing.py
2025-04-15T09:34:06.1277503Z Reformatting tests/core/block/e2e/test_correctness_sliding_window.py
2025-04-15T09:34:06.1278084Z Reformatting vllm/distributed/device_communicators/tpu_communicator.py
2025-04-15T09:34:06.1278494Z Reformatting tests/engine/test_short_mm_context.py
2025-04-15T09:34:06.1278796Z Reformatting vllm/platforms/hpu.py
2025-04-15T09:34:06.1279161Z Reformatting vllm/model_executor/models/qwen2.py
2025-04-15T09:34:06.1279591Z Reformatting tools/profiler/print_layerwise_table.py
2025-04-15T09:34:06.1279913Z Reformatting vllm/benchmarks/serve.py
2025-04-15T09:34:06.1280522Z Reformatting tests/kernels/test_cutlass_2of4_sparse.py
2025-04-15T09:34:06.1281140Z Reformatting vllm/distributed/device_communicators/hpu_communicator.py
2025-04-15T09:34:06.1281651Z Reformatting vllm/distributed/kv_transfer/kv_connector/base.py
2025-04-15T09:34:06.1282003Z Reformatting vllm/logging_utils/__init__.py
2025-04-15T09:34:06.1282576Z Reformatting vllm/model_executor/layers/mamba/ops/ssd_state_passing.py
2025-04-15T09:34:06.1283188Z Reformatting tests/v1/engine/test_async_llm.py
2025-04-15T09:34:06.1283667Z Reformatting vllm/model_executor/models/mlp_speculator.py
2025-04-15T09:34:06.1283986Z Reformatting tests/v1/tpu/test_pallas.py
2025-04-15T09:34:06.1284556Z Reformatting examples/offline_inference/basic/score.py
2025-04-15T09:34:06.1284902Z Reformatting vllm/platforms/interface.py
2025-04-15T09:34:06.1285585Z Reformatting tests/runai_model_streamer_test/test_runai_model_streamer_loader.py
2025-04-15T09:34:06.1286104Z Reformatting vllm/model_executor/layers/quantization/torchao.py
2025-04-15T09:34:06.1286532Z Reformatting vllm/engine/output_processor/__init__.py
2025-04-15T09:34:06.1286902Z Reformatting vllm/model_executor/models/jais.py
2025-04-15T09:34:06.1287477Z Reformatting vllm/v1/spec_decode/metadata.py
2025-04-15T09:34:06.1287976Z Reformatting tests/entrypoints/openai/test_lora_adapters.py
2025-04-15T09:34:06.1288377Z Reformatting vllm/model_executor/models/qwen_vl.py
2025-04-15T09:34:06.1288749Z Reformatting vllm/inputs/parse.py
2025-04-15T09:34:06.1289117Z Reformatting vllm/model_executor/models/bart.py
2025-04-15T09:34:06.1289580Z Reformatting tests/prefix_caching/test_prefix_caching.py
2025-04-15T09:34:06.1289959Z Reformatting tests/samplers/test_beam_search.py
2025-04-15T09:34:06.1290679Z Reformatting tests/models/multimodal/processing/test_mllama.py
2025-04-15T09:34:06.1291068Z Reformatting tests/kernels/test_permute_cols.py
2025-04-15T09:34:06.1291594Z Reformatting tests/core/block/test_cpu_gpu_block_allocator.py
2025-04-15T09:34:06.1292034Z Reformatting tests/v1/engine/test_engine_core_client.py
2025-04-15T09:34:06.1292500Z Reformatting tests/spec_decode/test_dynamic_spec_decode.py
2025-04-15T09:34:06.1292838Z Reformatting tests/lora/utils.py
2025-04-15T09:34:06.1293239Z Reformatting tests/tensorizer_loader/__init__.py
2025-04-15T09:34:06.1293724Z Reformatting tests/kernels/test_triton_decode_attention.py
2025-04-15T09:34:06.1294265Z Reformatting vllm/model_executor/layers/mamba/ops/ssd_combined.py
2025-04-15T09:34:06.1294565Z Reformatting vllm/v1/core/__init__.py
2025-04-15T09:34:06.1295068Z Reformatting tests/mistral_tool_use/test_mistral_tool_calls.py
2025-04-15T09:34:06.1295505Z Reformatting tests/engine/test_skip_tokenizer_init.py
2025-04-15T09:34:06.1296095Z Reformatting csrc/cutlass_extensions/vllm_cutlass_library_extension.py
2025-04-15T09:34:06.1296491Z Reformatting benchmarks/kernels/weight_shapes.py
2025-04-15T09:34:06.1296932Z Reformatting vllm/model_executor/models/minimax_cache.py
2025-04-15T09:34:06.1297521Z Reformatting vllm/model_executor/layers/quantization/utils/__init__.py
2025-04-15T09:34:06.1297804Z Reformatting tests/test_inputs.py
2025-04-15T09:34:06.1298231Z Reformatting vllm/transformers_utils/configs/solar.py
2025-04-15T09:34:06.1298523Z Reformatting vllm/lora/utils.py
2025-04-15T09:34:06.1298943Z Reformatting tests/tool_use/test_jamba_tool_parser.py
2025-04-15T09:34:06.1299295Z Reformatting tests/kernels/test_attention.py
2025-04-15T09:34:06.1299739Z Reformatting examples/offline_inference/distributed.py
2025-04-15T09:34:06.1300317Z Reformatting tests/kernels/test_flashinfer.py
2025-04-15T09:34:06.1300703Z Reformatting vllm/model_executor/models/gemma.py
2025-04-15T09:34:06.1301011Z Reformatting vllm/worker/xpu_worker.py
2025-04-15T09:34:06.1301402Z Reformatting vllm/model_executor/models/mllama4.py
2025-04-15T09:34:06.1301803Z Reformatting vllm/model_executor/models/mamba2.py
2025-04-15T09:34:06.1302186Z Reformatting vllm/model_executor/models/exaone.py
2025-04-15T09:34:06.1302572Z Reformatting vllm/worker/multi_step_tpu_worker.py
2025-04-15T09:34:06.1303092Z Reformatting tests/models/decoder_only/language/test_mistral.py
2025-04-15T09:34:06.1303576Z Reformatting tests/quantization/test_compressed_tensors.py
2025-04-15T09:34:06.1303989Z Reformatting vllm/model_executor/models/medusa.py
2025-04-15T09:34:06.1304450Z Reformatting vllm/attention/backends/blocksparse_attn.py
2025-04-15T09:34:06.1304886Z Reformatting vllm/entrypoints/openai/serving_score.py
2025-04-15T09:34:06.1305485Z Reformatting tests/compile/test_pass_manager.py
2025-04-15T09:34:06.1305915Z Reformatting tests/entrypoints/openai/test_cli_args.py
2025-04-15T09:34:06.1306337Z Reformatting vllm/worker/cpu_enc_dec_model_runner.py
2025-04-15T09:34:06.1306748Z Reformatting vllm/spec_decode/multi_step_worker.py
2025-04-15T09:34:06.1307046Z Reformatting vllm/core/block/utils.py
2025-04-15T09:34:06.1307425Z Reformatting vllm/model_executor/models/siglip.py
2025-04-15T09:34:06.1307889Z Reformatting tests/v1/tpu/worker/test_tpu_model_runner.py
2025-04-15T09:34:06.1308465Z Reformatting vllm/model_executor/layers/fused_moe/fused_marlin_moe.py
2025-04-15T09:34:06.1308877Z Reformatting tests/entrypoints/openai/test_score.py
2025-04-15T09:34:06.1309814Z Reformatting vllm/distributed/kv_transfer/kv_connector/mooncake_store_connector.py
2025-04-15T09:34:06.1310377Z Reformatting tests/kv_transfer/test_disagg.py
2025-04-15T09:34:06.1310855Z Reformatting vllm/v1/structured_output/backend_guidance.py
2025-04-15T09:34:06.1311203Z Reformatting vllm/v1/core/sched/__init__.py
2025-04-15T09:34:06.1311663Z Reformatting tests/plugins/vllm_add_dummy_model/setup.py
2025-04-15T09:34:06.1312317Z Reformatting tests/models/decoder_only/vision_language/test_interleaved.py
2025-04-15T09:34:06.1312613Z Reformatting vllm/v1/stats/common.py
2025-04-15T09:34:06.1313019Z Reformatting examples/offline_inference/profiling.py
2025-04-15T09:34:06.1313327Z Reformatting tests/v1/engine/utils.py
2025-04-15T09:34:06.1313786Z Reformatting vllm/entrypoints/openai/serving_embedding.py
2025-04-15T09:34:06.1314198Z Reformatting vllm/model_executor/models/nemotron.py
2025-04-15T09:34:06.1314544Z Reformatting vllm/executor/executor_base.py
2025-04-15T09:34:06.1315180Z Reformatting vllm/distributed/kv_transfer/kv_connector/p2p_nccl_connector.py
2025-04-15T09:34:06.1315700Z Reformatting tests/models/decoder_only/language/test_fp8.py
2025-04-15T09:34:06.1316219Z Reformatting examples/offline_inference/disaggregated_prefill.py
2025-04-15T09:34:06.1316621Z Reformatting vllm/model_executor/models/vision.py
2025-04-15T09:34:06.1317023Z Reformatting vllm/spec_decode/draft_model_runner.py
2025-04-15T09:34:06.1317304Z Reformatting vllm/profiler/utils.py
2025-04-15T09:34:06.1317648Z Reformatting vllm/attention/ops/__init__.py
2025-04-15T09:34:06.1318038Z Reformatting vllm/model_executor/models/phi3v.py
2025-04-15T09:34:06.1318365Z Reformatting vllm/v1/sample/tpu/sampler.py
2025-04-15T09:34:06.1318734Z Reformatting tests/test_cache_block_hashing.py
2025-04-15T09:34:06.1319512Z Reformatting .buildkite/nightly-benchmarks/scripts/convert-results-json-to-markdown.py
2025-04-15T09:34:06.1319924Z Reformatting vllm/model_executor/models/whisper.py
2025-04-15T09:34:06.1320506Z Reformatting tests/benchmarks/test_latency_cli.py
2025-04-15T09:34:06.1321030Z Reformatting vllm/distributed/device_communicators/__init__.py
2025-04-15T09:34:06.1321447Z Reformatting vllm/entrypoints/cli/benchmark/base.py
2025-04-15T09:34:06.1321766Z Reformatting tests/core/block/__init__.py
2025-04-15T09:34:06.1322422Z Reformatting tests/plugins/vllm_add_dummy_model/vllm_add_dummy_model/my_opt.py
2025-04-15T09:34:06.1323088Z Reformatting .buildkite/nightly-benchmarks/scripts/get-lmdeploy-modelname.py
2025-04-15T09:34:06.1323417Z Reformatting tests/metrics/test_metrics.py
2025-04-15T09:34:06.1323781Z Reformatting vllm/model_executor/models/arctic.py
2025-04-15T09:34:06.1324397Z Reformatting tests/models/encoder_decoder/vision_language/test_mllama.py
2025-04-15T09:34:06.1324808Z Reformatting vllm/model_executor/models/gemma3.py
2025-04-15T09:34:06.1325171Z Reformatting tests/multimodal/test_inputs.py
2025-04-15T09:34:06.1325513Z Reformatting tests/async_engine/conftest.py
2025-04-15T09:34:06.1325837Z Reformatting benchmarks/kernels/utils.py
2025-04-15T09:34:06.1326151Z Reformatting vllm/multimodal/base.py
2025-04-15T09:34:06.1326567Z Reformatting tests/tool_use/test_parallel_tool_calls.py
2025-04-15T09:34:06.1327390Z Reformatting examples/online_serving/openai_chat_completion_structured_outputs_with_reasoning.py
2025-04-15T09:34:06.1327931Z Reformatting vllm/core/evictor.py
2025-04-15T09:34:06.1328315Z Reformatting examples/offline_inference/rlhf.py
2025-04-15T09:34:06.1328619Z Reformatting vllm/core/interfaces.py
2025-04-15T09:34:06.1328940Z Reformatting tests/samplers/test_ranks.py
2025-04-15T09:34:06.1329361Z Reformatting vllm/model_executor/layers/resampler.py
2025-04-15T09:34:06.1329739Z Reformatting vllm/entrypoints/openai/__init__.py
2025-04-15T09:34:06.1330285Z Reformatting vllm/attention/backends/pallas.py
2025-04-15T09:34:06.1330742Z Reformatting tests/distributed/test_ca_buffer_sharing.py
2025-04-15T09:34:06.1331345Z Reformatting vllm/distributed/device_communicators/xpu_communicator.py
2025-04-15T09:34:06.1331779Z Reformatting tests/compile/piecewise/test_toy_llama.py
2025-04-15T09:34:06.1332287Z Reformatting vllm/beam_search.py
2025-04-15T09:34:06.1332799Z Reformatting vllm/entrypoints/openai/serving_transcription.py
2025-04-15T09:34:06.1333121Z Reformatting tests/spec_decode/utils.py
2025-04-15T09:34:06.1333424Z Reformatting tests/core/utils.py
2025-04-15T09:34:06.1333933Z Reformatting tests/models/multimodal/processing/test_h2ovl.py
2025-04-15T09:34:06.1334496Z Reformatting vllm/model_executor/guided_decoding/guided_fields.py
2025-04-15T09:34:06.1334800Z Reformatting tests/core/conftest.py
2025-04-15T09:34:06.1335253Z Reformatting tests/distributed/test_custom_all_reduce.py
2025-04-15T09:34:06.1335548Z Reformatting vllm/entrypoints/utils.py
2025-04-15T09:34:06.1335857Z Reformatting vllm/v1/engine/processor.py
2025-04-15T09:34:06.1336213Z Reformatting tests/kernels/test_block_int8.py
2025-04-15T09:34:06.1336667Z Reformatting vllm/model_executor/models/phi4mm_utils.py
2025-04-15T09:34:06.1337081Z Reformatting tests/quantization/test_experts_int8.py
2025-04-15T09:34:06.1337719Z Reformatting vllm/model_executor/layers/quantization/utils/layer_utils.py
2025-04-15T09:34:06.1338041Z Reformatting vllm/worker/cpu_worker.py
2025-04-15T09:34:06.1338384Z Reformatting vllm/attention/backends/utils.py
2025-04-15T09:34:06.1338709Z Reformatting tools/check_spdx_header.py
2025-04-15T09:34:06.1339246Z Reformatting tests/models/multimodal/processing/test_internvl.py
2025-04-15T09:34:06.1339529Z Reformatting vllm/usage/__init__.py
2025-04-15T09:34:06.1340271Z Reformatting vllm/model_executor/layers/quantization/quark/utils.py
2025-04-15T09:34:06.1340609Z Reformatting vllm/prompt_adapter/request.py
2025-04-15T09:34:06.1340622Z 
2025-04-15T09:34:06.4221498Z ruff.....................................................................[42mPassed[m
2025-04-15T09:34:07.7908718Z codespell................................................................[42mPassed[m
2025-04-15T09:34:10.9386365Z isort....................................................................[42mPassed[m
2025-04-15T09:34:11.7963899Z clang-format.............................................................[42mPassed[m
2025-04-15T09:34:16.4106084Z PyMarkdown...............................................................[42mPassed[m
2025-04-15T09:34:17.0917216Z Lint GitHub Actions workflow files.......................................[42mPassed[m
2025-04-15T09:34:19.7241077Z pip-compile..............................................................[42mPassed[m
2025-04-15T09:35:13.1445868Z Run mypy for Python 3.9..................................................[42mPassed[m
2025-04-15T09:36:06.7075599Z Run mypy for Python 3.10.................................................[42mPassed[m
2025-04-15T09:37:00.9939595Z Run mypy for Python 3.11.................................................[42mPassed[m
2025-04-15T09:37:55.2035139Z Run mypy for Python 3.12.................................................[42mPassed[m
2025-04-15T09:37:55.2177685Z Lint shell scripts.......................................................[42mPassed[m
2025-04-15T09:37:55.2807848Z Lint PNG exports from excalidraw.........................................[42mPassed[m
2025-04-15T09:37:55.3311397Z Check SPDX headers.......................................................[42mPassed[m
2025-04-15T09:37:55.3413995Z Check for spaces in all filenames........................................[42mPassed[m
2025-04-15T09:37:55.3501787Z Update Dockerfile dependency graph.......................................[42mPassed[m
2025-04-15T09:37:55.3577252Z Suggestion...............................................................[42mPassed[m
2025-04-15T09:37:55.3577797Z [2m- hook id: suggestion[m
2025-04-15T09:37:55.3578133Z [2m- duration: 0s[m
2025-04-15T09:37:55.3578264Z 
2025-04-15T09:37:55.3578530Z To bypass pre-commit hooks, add --no-verify to git commit.
2025-04-15T09:37:55.3578785Z 
2025-04-15T09:37:55.3578945Z pre-commit hook(s) made changes.
2025-04-15T09:37:55.3579513Z If you are seeing this message in CI, reproduce locally with: `pre-commit run --all-files`.
2025-04-15T09:37:55.3580599Z To run `pre-commit` as part of git workflow, use `pre-commit install`.
2025-04-15T09:37:55.3581024Z All changes made by hooks:
2025-04-15T09:37:55.3614353Z [1mdiff --git a/vllm/distributed/kv_transfer/kv_pipe/p2p_nccl_pipe.py b/vllm/distributed/kv_transfer/kv_pipe/p2p_nccl_pipe.py[m
2025-04-15T09:37:55.3615114Z [1mindex ad00d82..49c42ef 100644[m
2025-04-15T09:37:55.3615683Z [1m--- a/vllm/distributed/kv_transfer/kv_pipe/p2p_nccl_pipe.py[m
2025-04-15T09:37:55.3616360Z [1m+++ b/vllm/distributed/kv_transfer/kv_pipe/p2p_nccl_pipe.py[m
2025-04-15T09:37:55.3616959Z [36m@@ -168,8 +168,8 @@[m [mclass P2pNcclPipe:[m
2025-04-15T09:37:55.3617345Z                      logger.info([m
2025-04-15T09:37:55.3617860Z                          "🔵[GET]Send to %s, tensor_id:%s, tensor_size:%d, "[m
2025-04-15T09:37:55.3618389Z                          "shape:%s, rank:%d, buffer_size:%d(%.2f%%)",[m
2025-04-15T09:37:55.3618994Z [31m-                        remote_address, tensor_id, tensor_size,[m
2025-04-15T09:37:55.3619616Z [31m-                        tensor.shape, self.rank, self.buffer_size,[m
2025-04-15T09:37:55.3620629Z [32m+[m[32m                        remote_address, tensor_id, tensor_size, tensor.shape,[m
2025-04-15T09:37:55.3621300Z [32m+[m[32m                        self.rank, self.buffer_size,[m
2025-04-15T09:37:55.3621843Z                          self.buffer_size / self.buffer_size_threshold * 100)[m
2025-04-15T09:37:55.3622151Z  [m
2025-04-15T09:37:55.3622391Z          return True[m
2025-04-15T09:37:55.3822210Z ##[error]Process completed with exit code 1.
