2025-02-06T16:10:02.8263036Z Prepare all required actions
2025-02-06T16:10:02.8263897Z Getting action download info
2025-02-06T16:10:03.0378478Z Download action repository 'pnpm/action-setup@v4' (SHA:fe02b34f77f8bc703788d5817da081398fad5dd2)
2025-02-06T16:10:03.7462450Z Download action repository 'actions/setup-node@v4' (SHA:1d0ff469b7ec7b3cb9d8673fde0c81c44821de2a)
2025-02-06T16:10:04.4088052Z Download action repository 'actions/cache@v4' (SHA:1bd1e32a3bdc45362d1e726936510720a7c30a57)
2025-02-06T16:10:04.5358607Z ##[group]Run ./.github/actions/base-setup
2025-02-06T16:10:04.5358970Z ##[endgroup]
2025-02-06T16:10:04.5464112Z ##[group]Run pnpm/action-setup@v4
2025-02-06T16:10:04.5464430Z with:
2025-02-06T16:10:04.5464644Z   run_install: false
2025-02-06T16:10:04.5464889Z   dest: ~/setup-pnpm
2025-02-06T16:10:04.5465145Z   package_json_file: package.json
2025-02-06T16:10:04.5465419Z   standalone: false
2025-02-06T16:10:04.5465667Z ##[endgroup]
2025-02-06T16:10:04.6276643Z ##[group]Running self-installer...
2025-02-06T16:10:05.1647206Z Progress: resolved 1, reused 0, downloaded 0, added 0
2025-02-06T16:10:05.1766060Z Packages: +1
2025-02-06T16:10:05.1766401Z +
2025-02-06T16:10:05.5915178Z Progress: resolved 1, reused 0, downloaded 1, added 1, done
2025-02-06T16:10:05.6232220Z 
2025-02-06T16:10:05.6232642Z dependencies:
2025-02-06T16:10:05.6233081Z + pnpm 9.3.0 (10.2.0 is available)
2025-02-06T16:10:05.6233406Z 
2025-02-06T16:10:05.6267179Z Done in 836ms
2025-02-06T16:10:05.6446356Z ##[endgroup]
2025-02-06T16:10:05.6451660Z Installation Completed!
2025-02-06T16:10:05.6577777Z ##[group]Run actions/setup-node@v4
2025-02-06T16:10:05.6578027Z with:
2025-02-06T16:10:05.6578202Z   node-version: 20.x
2025-02-06T16:10:05.6578395Z   cache: pnpm
2025-02-06T16:10:05.6578573Z   always-auth: false
2025-02-06T16:10:05.6578771Z   check-latest: false
2025-02-06T16:10:05.6579080Z   token: ***
2025-02-06T16:10:05.6579275Z env:
2025-02-06T16:10:05.6579803Z   PNPM_HOME: /home/runner/setup-pnpm/node_modules/.bin
2025-02-06T16:10:05.6580105Z ##[endgroup]
2025-02-06T16:10:05.8307702Z Found in cache @ /opt/hostedtoolcache/node/20.18.2/x64
2025-02-06T16:10:05.8314024Z ##[group]Environment details
2025-02-06T16:10:06.2116394Z node: v20.18.2
2025-02-06T16:10:06.2116781Z npm: 10.8.2
2025-02-06T16:10:06.2117063Z yarn: 1.22.22
2025-02-06T16:10:06.2117876Z ##[endgroup]
2025-02-06T16:10:06.2147752Z [command]/home/runner/setup-pnpm/node_modules/.bin/pnpm store path --silent
2025-02-06T16:10:06.6120959Z /home/runner/setup-pnpm/node_modules/.bin/store/v3
2025-02-06T16:10:08.3167179Z Received 0 of 180543516 (0.0%), 0.0 MBs/sec
2025-02-06T16:10:09.3174588Z Received 75497472 of 180543516 (41.8%), 36.0 MBs/sec
2025-02-06T16:10:10.3048465Z Cache Size: ~172 MB (180543516 B)
2025-02-06T16:10:10.3129620Z [command]/usr/bin/tar -xf /home/runner/work/_temp/1936383c-862b-470f-860f-a2e2beb84a62/cache.tzst -P -C /home/runner/work/ink-kit/ink-kit --use-compress-program unzstd
2025-02-06T16:10:10.3177119Z Received 180543516 of 180543516 (100.0%), 57.4 MBs/sec
2025-02-06T16:10:12.5649972Z Cache restored successfully
2025-02-06T16:10:12.6040617Z Cache restored from key: node-cache-Linux-x64-pnpm-53f6d2d6c6cdecce2782aefcfe1ae68e27256f07e62199e17908146cec2e7dd1
2025-02-06T16:10:12.6170778Z ##[group]Run echo "STORE_PATH=$(pnpm store path)" >> $GITHUB_OUTPUT
2025-02-06T16:10:12.6171287Z [36;1mecho "STORE_PATH=$(pnpm store path)" >> $GITHUB_OUTPUT[0m
2025-02-06T16:10:12.6204924Z shell: /usr/bin/bash --noprofile --norc -e -o pipefail {0}
2025-02-06T16:10:12.6205256Z env:
2025-02-06T16:10:12.6205487Z   PNPM_HOME: /home/runner/setup-pnpm/node_modules/.bin
2025-02-06T16:10:12.6205767Z ##[endgroup]
2025-02-06T16:10:13.1150297Z ##[group]Run actions/cache/restore@v4
2025-02-06T16:10:13.1150571Z with:
2025-02-06T16:10:13.1150875Z   path: /home/runner/setup-pnpm/node_modules/.bin/store/v3
**/node_modules

2025-02-06T16:10:13.1151473Z   key: Linux-pnpm-store-53f6d2d6c6cdecce2782aefcfe1ae68e27256f07e62199e17908146cec2e7dd1
2025-02-06T16:10:13.1152184Z   restore-keys: Linux-pnpm-store-

2025-02-06T16:10:13.1152448Z   enableCrossOsArchive: false
2025-02-06T16:10:13.1152898Z   fail-on-cache-miss: false
2025-02-06T16:10:13.1153128Z   lookup-only: false
2025-02-06T16:10:13.1153319Z env:
2025-02-06T16:10:13.1153538Z   PNPM_HOME: /home/runner/setup-pnpm/node_modules/.bin
2025-02-06T16:10:13.1153836Z ##[endgroup]
2025-02-06T16:10:14.9047440Z Received 0 of 195309723 (0.0%), 0.0 MBs/sec
2025-02-06T16:10:15.9045945Z Received 83886080 of 195309723 (43.0%), 40.0 MBs/sec
2025-02-06T16:10:16.9056481Z Received 184549376 of 195309723 (94.5%), 58.6 MBs/sec
2025-02-06T16:10:17.0126364Z Cache Size: ~186 MB (195309723 B)
2025-02-06T16:10:17.0167008Z [command]/usr/bin/tar -xf /home/runner/work/_temp/84ab3c83-2c3c-4164-a43f-8ffae8e69248/cache.tzst -P -C /home/runner/work/ink-kit/ink-kit --use-compress-program unzstd
2025-02-06T16:10:17.9070582Z Received 195309723 of 195309723 (100.0%), 46.5 MBs/sec
2025-02-06T16:10:22.9573410Z Cache restored successfully
2025-02-06T16:10:23.0067161Z Cache restored from key: Linux-pnpm-store-53f6d2d6c6cdecce2782aefcfe1ae68e27256f07e62199e17908146cec2e7dd1
