2025-04-15T08:41:45.2226567Z Requested labels: self-hosted, basic_big_runner_group
2025-04-15T08:41:45.2226830Z Job defined at: cockroachdb/cockroach/.github/workflows/github-actions-essential-ci.yml@refs/pull/144455/merge
2025-04-15T08:41:45.2226942Z Waiting for a runner to pick up this job...
2025-04-15T08:42:39.3815276Z Job is about to start running on the runner: basic-big-runner-group-20250415-084149-812235 (repository)
2025-04-15T08:42:44.5714182Z Current runner version: '2.316.1'
2025-04-15T08:42:44.5721057Z Runner name: 'basic-big-runner-group-20250415-084149-812235'
2025-04-15T08:42:44.5722132Z Runner group name: 'Default'
2025-04-15T08:42:44.5723699Z Machine name: 'basic-big-runner-group-20250415-084149-812235'
2025-04-15T08:42:44.5728915Z ##[group]GITHUB_TOKEN Permissions
2025-04-15T08:42:44.5730966Z Actions: read
2025-04-15T08:42:44.5731348Z Attestations: read
2025-04-15T08:42:44.5731786Z Checks: read
2025-04-15T08:42:44.5732227Z Contents: read
2025-04-15T08:42:44.5732577Z Deployments: read
2025-04-15T08:42:44.5732947Z Discussions: read
2025-04-15T08:42:44.5733330Z Issues: read
2025-04-15T08:42:44.5733686Z Metadata: read
2025-04-15T08:42:44.5734288Z Models: read
2025-04-15T08:42:44.5734922Z Packages: read
2025-04-15T08:42:44.5735319Z Pages: read
2025-04-15T08:42:44.5735859Z PullRequests: read
2025-04-15T08:42:44.5736519Z RepositoryProjects: read
2025-04-15T08:42:44.5737332Z SecurityEvents: read
2025-04-15T08:42:44.5738244Z Statuses: read
2025-04-15T08:42:44.5738983Z ##[endgroup]
2025-04-15T08:42:44.5743646Z Secret source: None
2025-04-15T08:42:44.5744218Z Prepare workflow directory
2025-04-15T08:42:44.6525481Z Prepare all required actions
2025-04-15T08:42:44.6737981Z Getting action download info
2025-04-15T08:42:44.8900269Z Download action repository 'actions/checkout@v4' (SHA:11bd71901bbe5b1630ceea73d27597364c9af683)
2025-04-15T08:42:45.8661402Z Complete job name: lint
2025-04-15T08:42:45.9658399Z A job started hook has been configured by the self-hosted runner administrator
2025-04-15T08:42:45.9926107Z ##[group]Run '/usr/local/bin/startbuild.sh'
2025-04-15T08:42:45.9945365Z shell: /usr/bin/bash --noprofile --norc -e -o pipefail {0}
2025-04-15T08:42:45.9945887Z ##[endgroup]
2025-04-15T08:42:46.0534815Z ##[group]Run actions/checkout@v4
2025-04-15T08:42:46.0535246Z with:
2025-04-15T08:42:46.0535567Z   ref: f6ccf67df7861c081600e01e23cb84cb6f3eccd8
2025-04-15T08:42:46.0536000Z   submodules: true
2025-04-15T08:42:46.0536321Z   repository: cockroachdb/cockroach
2025-04-15T08:42:46.0537009Z   token: ***
2025-04-15T08:42:46.0537301Z   ssh-strict: true
2025-04-15T08:42:46.0537572Z   ssh-user: git
2025-04-15T08:42:46.0537913Z   persist-credentials: true
2025-04-15T08:42:46.0538253Z   clean: true
2025-04-15T08:42:46.0538558Z   sparse-checkout-cone-mode: true
2025-04-15T08:42:46.0538930Z   fetch-depth: 1
2025-04-15T08:42:46.0539198Z   fetch-tags: false
2025-04-15T08:42:46.0539497Z   show-progress: true
2025-04-15T08:42:46.0539791Z   lfs: false
2025-04-15T08:42:46.0540070Z   set-safe-directory: true
2025-04-15T08:42:46.0540442Z ##[endgroup]
2025-04-15T08:42:46.3065374Z Syncing repository: cockroachdb/cockroach
2025-04-15T08:42:46.3067137Z ##[group]Getting Git version info
2025-04-15T08:42:46.3068046Z Working directory is '/github-actions-runner/_work/cockroach/cockroach'
2025-04-15T08:42:46.3068918Z [command]/usr/bin/git version
2025-04-15T08:42:46.3111809Z git version 2.45.2
2025-04-15T08:42:46.3134790Z ##[endgroup]
2025-04-15T08:42:46.3151134Z Temporarily overriding HOME='/github-actions-runner/_work/_temp/090384ef-ed5c-41e4-8b42-d294fa1b6150' before making global git config changes
2025-04-15T08:42:46.3152369Z Adding repository directory to the temporary git global config as a safe directory
2025-04-15T08:42:46.3154840Z [command]/usr/bin/git config --global --add safe.directory /github-actions-runner/_work/cockroach/cockroach
2025-04-15T08:42:46.3186609Z Deleting the contents of '/github-actions-runner/_work/cockroach/cockroach'
2025-04-15T08:42:46.3189805Z ##[group]Initializing the repository
2025-04-15T08:42:46.3193233Z [command]/usr/bin/git init /github-actions-runner/_work/cockroach/cockroach
2025-04-15T08:42:46.3261800Z hint: Using 'master' as the name for the initial branch. This default branch name
2025-04-15T08:42:46.3263044Z hint: is subject to change. To configure the initial branch name to use in all
2025-04-15T08:42:46.3263836Z hint: of your new repositories, which will suppress this warning, call:
2025-04-15T08:42:46.3264378Z hint:
2025-04-15T08:42:46.3265072Z hint: 	git config --global init.defaultBranch <name>
2025-04-15T08:42:46.3265530Z hint:
2025-04-15T08:42:46.3266081Z hint: Names commonly chosen instead of 'master' are 'main', 'trunk' and
2025-04-15T08:42:46.3266974Z hint: 'development'. The just-created branch can be renamed via this command:
2025-04-15T08:42:46.3267604Z hint:
2025-04-15T08:42:46.3267919Z hint: 	git branch -m <name>
2025-04-15T08:42:46.3268622Z Initialized empty Git repository in /github-actions-runner/_work/cockroach/cockroach/.git/
2025-04-15T08:42:46.3270730Z [command]/usr/bin/git remote add origin https://github.com/cockroachdb/cockroach
2025-04-15T08:42:46.3300073Z ##[endgroup]
2025-04-15T08:42:46.3300644Z ##[group]Disabling automatic garbage collection
2025-04-15T08:42:46.3303119Z [command]/usr/bin/git config --local gc.auto 0
2025-04-15T08:42:46.3325032Z ##[endgroup]
2025-04-15T08:42:46.3325559Z ##[group]Setting up auth
2025-04-15T08:42:46.3330578Z [command]/usr/bin/git config --local --name-only --get-regexp core\.sshCommand
2025-04-15T08:42:46.3353728Z [command]/usr/bin/git submodule foreach --recursive sh -c "git config --local --name-only --get-regexp 'core\.sshCommand' && git config --local --unset-all 'core.sshCommand' || :"
2025-04-15T08:42:46.3671044Z [command]/usr/bin/git config --local --name-only --get-regexp http\.https\:\/\/github\.com\/\.extraheader
2025-04-15T08:42:46.3703583Z [command]/usr/bin/git submodule foreach --recursive sh -c "git config --local --name-only --get-regexp 'http\.https\:\/\/github\.com\/\.extraheader' && git config --local --unset-all 'http.https://github.com/.extraheader' || :"
2025-04-15T08:42:46.3876399Z [command]/usr/bin/git config --local http.https://github.com/.extraheader AUTHORIZATION: basic ***
2025-04-15T08:42:46.3904603Z ##[endgroup]
2025-04-15T08:42:46.3905581Z ##[group]Fetching the repository
2025-04-15T08:42:46.3913789Z [command]/usr/bin/git -c protocol.version=2 fetch --no-tags --prune --no-recurse-submodules --depth=1 origin f6ccf67df7861c081600e01e23cb84cb6f3eccd8
2025-04-15T08:42:55.9978551Z From https://github.com/cockroachdb/cockroach
2025-04-15T08:42:55.9979616Z  * branch              f6ccf67df7861c081600e01e23cb84cb6f3eccd8 -> FETCH_HEAD
2025-04-15T08:42:55.9996123Z ##[endgroup]
2025-04-15T08:42:55.9996657Z ##[group]Determining the checkout info
2025-04-15T08:42:55.9997941Z ##[endgroup]
2025-04-15T08:42:56.0003644Z [command]/usr/bin/git sparse-checkout disable
2025-04-15T08:42:56.0040514Z [command]/usr/bin/git config --local --unset-all extensions.worktreeConfig
2025-04-15T08:42:56.0060483Z ##[group]Checking out the ref
2025-04-15T08:42:56.0064242Z [command]/usr/bin/git checkout --progress --force f6ccf67df7861c081600e01e23cb84cb6f3eccd8
2025-04-15T08:42:57.0283061Z Updating files:  71% (13122/18405)
2025-04-15T08:42:57.0338325Z Updating files:  72% (13252/18405)
2025-04-15T08:42:57.0459083Z Updating files:  73% (13436/18405)
2025-04-15T08:42:57.0542535Z Updating files:  74% (13620/18405)
2025-04-15T08:42:57.0591510Z Updating files:  75% (13804/18405)
2025-04-15T08:42:57.0661541Z Updating files:  76% (13988/18405)
2025-04-15T08:42:57.0751980Z Updating files:  77% (14172/18405)
2025-04-15T08:42:57.0851759Z Updating files:  78% (14356/18405)
2025-04-15T08:42:57.1010528Z Updating files:  79% (14540/18405)
2025-04-15T08:42:57.2318745Z Updating files:  80% (14724/18405)
2025-04-15T08:42:57.2397599Z Updating files:  81% (14909/18405)
2025-04-15T08:42:57.2475686Z Updating files:  82% (15093/18405)
2025-04-15T08:42:57.2575548Z Updating files:  83% (15277/18405)
2025-04-15T08:42:57.2681783Z Updating files:  84% (15461/18405)
2025-04-15T08:42:57.2744190Z Updating files:  85% (15645/18405)
2025-04-15T08:42:57.2806865Z Updating files:  86% (15829/18405)
2025-04-15T08:42:57.2867307Z Updating files:  87% (16013/18405)
2025-04-15T08:42:57.3023600Z Updating files:  88% (16197/18405)
2025-04-15T08:42:57.3080486Z Updating files:  89% (16381/18405)
2025-04-15T08:42:57.3162937Z Updating files:  90% (16565/18405)
2025-04-15T08:42:57.3232445Z Updating files:  91% (16749/18405)
2025-04-15T08:42:57.3324970Z Updating files:  92% (16933/18405)
2025-04-15T08:42:57.3391993Z Updating files:  93% (17117/18405)
2025-04-15T08:42:57.3442654Z Updating files:  94% (17301/18405)
2025-04-15T08:42:57.3530906Z Updating files:  95% (17485/18405)
2025-04-15T08:42:57.3599996Z Updating files:  96% (17669/18405)
2025-04-15T08:42:57.3679126Z Updating files:  97% (17853/18405)
2025-04-15T08:42:57.3903286Z Updating files:  98% (18037/18405)
2025-04-15T08:42:57.3990175Z Updating files:  99% (18221/18405)
2025-04-15T08:42:57.3990662Z Updating files: 100% (18405/18405)
2025-04-15T08:42:57.3991061Z Updating files: 100% (18405/18405), done.
2025-04-15T08:42:57.4226922Z Note: switching to 'f6ccf67df7861c081600e01e23cb84cb6f3eccd8'.
2025-04-15T08:42:57.4227776Z 
2025-04-15T08:42:57.4228216Z You are in 'detached HEAD' state. You can look around, make experimental
2025-04-15T08:42:57.4228984Z changes and commit them, and you can discard any commits you make in this
2025-04-15T08:42:57.4229708Z state without impacting any branches by switching back to a branch.
2025-04-15T08:42:57.4230336Z 
2025-04-15T08:42:57.4230724Z If you want to create a new branch to retain commits you create, you may
2025-04-15T08:42:57.4231621Z do so (now or later) by using -c with the switch command. Example:
2025-04-15T08:42:57.4232046Z 
2025-04-15T08:42:57.4232225Z   git switch -c <new-branch-name>
2025-04-15T08:42:57.4232494Z 
2025-04-15T08:42:57.4232620Z Or undo this operation with:
2025-04-15T08:42:57.4232853Z 
2025-04-15T08:42:57.4232970Z   git switch -
2025-04-15T08:42:57.4233135Z 
2025-04-15T08:42:57.4233472Z Turn off this advice by setting config variable advice.detachedHead to false
2025-04-15T08:42:57.4233949Z 
2025-04-15T08:42:57.4234654Z HEAD is now at f6ccf67d drt: add support for CREATE INDEX USING HASH in add-index operation
2025-04-15T08:42:57.4287352Z ##[endgroup]
2025-04-15T08:42:57.4288594Z ##[group]Setting up auth for fetching submodules
2025-04-15T08:42:57.4295100Z [command]/usr/bin/git config --global http.https://github.com/.extraheader AUTHORIZATION: basic ***
2025-04-15T08:42:57.4329100Z [command]/usr/bin/git config --global --unset-all url.https://github.com/.insteadOf
2025-04-15T08:42:57.4355580Z [command]/usr/bin/git config --global --add url.https://github.com/.insteadOf git@github.com:
2025-04-15T08:42:57.4382055Z [command]/usr/bin/git config --global --add url.https://github.com/.insteadOf org-6748139@github.com:
2025-04-15T08:42:57.4404947Z ##[endgroup]
2025-04-15T08:42:57.4405442Z ##[group]Fetching submodules
2025-04-15T08:42:57.4414527Z [command]/usr/bin/git submodule sync
2025-04-15T08:42:57.4628384Z [command]/usr/bin/git -c protocol.version=2 submodule update --init --force --depth=1
2025-04-15T08:42:57.4827146Z Submodule 'c-deps/geos' (https://github.com/cockroachdb/geos.git) registered for path 'c-deps/geos'
2025-04-15T08:42:57.4829340Z Submodule 'c-deps/jemalloc' (https://github.com/cockroachdb/jemalloc.git) registered for path 'c-deps/jemalloc'
2025-04-15T08:42:57.4832657Z Submodule 'c-deps/krb5' (https://github.com/cockroachdb/krb5.git) registered for path 'c-deps/krb5'
2025-04-15T08:42:57.4835915Z Submodule 'c-deps/proj' (https://github.com/cockroachdb/PROJ.git) registered for path 'c-deps/proj'
2025-04-15T08:42:57.4868181Z Cloning into '/github-actions-runner/_work/cockroach/cockroach/c-deps/geos'...
2025-04-15T08:42:58.8260365Z Cloning into '/github-actions-runner/_work/cockroach/cockroach/c-deps/jemalloc'...
2025-04-15T08:42:59.6251439Z Cloning into '/github-actions-runner/_work/cockroach/cockroach/c-deps/krb5'...
2025-04-15T08:43:01.5628881Z Cloning into '/github-actions-runner/_work/cockroach/cockroach/c-deps/proj'...
2025-04-15T08:43:06.5019614Z From https://github.com/cockroachdb/geos
2025-04-15T08:43:06.5020678Z  * branch            ba508d06d424485d4497f31e38f716c733f7896f -> FETCH_HEAD
2025-04-15T08:43:06.6513645Z Submodule path 'c-deps/geos': checked out 'ba508d06d424485d4497f31e38f716c733f7896f'
2025-04-15T08:43:08.2928723Z From https://github.com/cockroachdb/jemalloc
2025-04-15T08:43:08.2929927Z  * branch            54eaed1d8b56b1aa528be3bdd1877e59c56fa90c -> FETCH_HEAD
2025-04-15T08:43:08.3234820Z Submodule path 'c-deps/jemalloc': checked out '54eaed1d8b56b1aa528be3bdd1877e59c56fa90c'
2025-04-15T08:43:10.1207288Z From https://github.com/cockroachdb/krb5
2025-04-15T08:43:10.1208322Z  * branch            8f56f544dd179056e9b8d02552e6c5e392eb2966 -> FETCH_HEAD
2025-04-15T08:43:10.2763493Z Submodule path 'c-deps/krb5': checked out '8f56f544dd179056e9b8d02552e6c5e392eb2966'
2025-04-15T08:43:12.8536636Z From https://github.com/cockroachdb/PROJ
2025-04-15T08:43:12.8537799Z  * branch            c8ff95857beb3027b5aa3d15726795570f38eccb -> FETCH_HEAD
2025-04-15T08:43:13.0655485Z Submodule path 'c-deps/proj': checked out 'c8ff95857beb3027b5aa3d15726795570f38eccb'
2025-04-15T08:43:13.0667783Z [command]/usr/bin/git submodule foreach git config --local gc.auto 0
2025-04-15T08:43:13.0868194Z Entering 'c-deps/geos'
2025-04-15T08:43:13.0886623Z Entering 'c-deps/jemalloc'
2025-04-15T08:43:13.0905697Z Entering 'c-deps/krb5'
2025-04-15T08:43:13.0923620Z Entering 'c-deps/proj'
2025-04-15T08:43:13.0950178Z ##[endgroup]
2025-04-15T08:43:13.0950944Z ##[group]Persisting credentials for submodules
2025-04-15T08:43:13.0957435Z [command]/usr/bin/git submodule foreach --recursive sh -c "git config --local --name-only --get-regexp 'url\.https\:\/\/github\.com\/\.insteadOf' && git config --local --unset-all 'url.https://github.com/.insteadOf' || :"
2025-04-15T08:43:13.1151724Z Entering 'c-deps/geos'
2025-04-15T08:43:13.1190190Z Entering 'c-deps/jemalloc'
2025-04-15T08:43:13.1226558Z Entering 'c-deps/krb5'
2025-04-15T08:43:13.1265904Z Entering 'c-deps/proj'
2025-04-15T08:43:13.1313134Z [command]/usr/bin/git submodule foreach sh -c "git config --local 'http.https://github.com/.extraheader' 'AUTHORIZATION: basic ***' && git config --local --show-origin --name-only --get-regexp remote.origin.url"
2025-04-15T08:43:13.1509123Z Entering 'c-deps/geos'
2025-04-15T08:43:13.1541462Z file:/github-actions-runner/_work/cockroach/cockroach/.git/modules/c-deps/geos/config	remote.origin.url
2025-04-15T08:43:13.1542974Z Entering 'c-deps/jemalloc'
2025-04-15T08:43:13.1576986Z file:/github-actions-runner/_work/cockroach/cockroach/.git/modules/c-deps/jemalloc/config	remote.origin.url
2025-04-15T08:43:13.1578950Z Entering 'c-deps/krb5'
2025-04-15T08:43:13.1613641Z file:/github-actions-runner/_work/cockroach/cockroach/.git/modules/c-deps/krb5/config	remote.origin.url
2025-04-15T08:43:13.1615357Z Entering 'c-deps/proj'
2025-04-15T08:43:13.1648992Z file:/github-actions-runner/_work/cockroach/cockroach/.git/modules/c-deps/proj/config	remote.origin.url
2025-04-15T08:43:13.1683993Z [command]/usr/bin/git submodule foreach git config --local --add 'url.https://github.com/.insteadOf' 'git@github.com:'
2025-04-15T08:43:13.1882719Z Entering 'c-deps/geos'
2025-04-15T08:43:13.1900922Z Entering 'c-deps/jemalloc'
2025-04-15T08:43:13.1918903Z Entering 'c-deps/krb5'
2025-04-15T08:43:13.1937069Z Entering 'c-deps/proj'
2025-04-15T08:43:13.1966839Z [command]/usr/bin/git submodule foreach git config --local --add 'url.https://github.com/.insteadOf' 'org-6748139@github.com:'
2025-04-15T08:43:13.2162830Z Entering 'c-deps/geos'
2025-04-15T08:43:13.2181227Z Entering 'c-deps/jemalloc'
2025-04-15T08:43:13.2200598Z Entering 'c-deps/krb5'
2025-04-15T08:43:13.2218476Z Entering 'c-deps/proj'
2025-04-15T08:43:13.2245656Z ##[endgroup]
2025-04-15T08:43:13.2274999Z [command]/usr/bin/git log -1 --format=%H
2025-04-15T08:43:13.2292785Z f6ccf67df7861c081600e01e23cb84cb6f3eccd8
2025-04-15T08:43:13.2475989Z ##[group]Run echo GITHUB_ACTIONS_BRANCH=144455 >> "$GITHUB_ENV"
2025-04-15T08:43:13.2476671Z [36;1mecho GITHUB_ACTIONS_BRANCH=144455 >> "$GITHUB_ENV"[0m
2025-04-15T08:43:13.2492241Z shell: /usr/bin/bash -e {0}
2025-04-15T08:43:13.2492599Z ##[endgroup]
2025-04-15T08:43:13.2564204Z ##[group]Run git fetch --depth 1 origin cd6f4f263bd42688096064825dfa668bde2d3720
2025-04-15T08:43:13.2565041Z [36;1mgit fetch --depth 1 origin cd6f4f263bd42688096064825dfa668bde2d3720[0m
2025-04-15T08:43:13.2579336Z shell: /usr/bin/bash -e {0}
2025-04-15T08:43:13.2579855Z env:
2025-04-15T08:43:13.2580111Z   GITHUB_ACTIONS_BRANCH: 144455
2025-04-15T08:43:13.2580459Z ##[endgroup]
2025-04-15T08:43:25.6477964Z From https://github.com/cockroachdb/cockroach
2025-04-15T08:43:25.6479059Z  * branch              cd6f4f263bd42688096064825dfa668bde2d3720 -> FETCH_HEAD
2025-04-15T08:43:25.6789775Z ##[group]Run ./build/github/get-engflow-keys.sh
2025-04-15T08:43:25.6790298Z [36;1m./build/github/get-engflow-keys.sh[0m
2025-04-15T08:43:25.6805157Z shell: /usr/bin/bash -e {0}
2025-04-15T08:43:25.6805483Z env:
2025-04-15T08:43:25.6805748Z   GITHUB_ACTIONS_BRANCH: 144455
2025-04-15T08:43:25.6806115Z ##[endgroup]
2025-04-15T08:43:25.6854532Z + gcloud secrets versions access 2 --secret=engflow-mesolite-key
2025-04-15T08:43:26.8718338Z + gcloud secrets versions access 2 --secret=engflow-mesolite-crt
2025-04-15T08:43:27.4810641Z ##[group]Run ./build/github/prepare-summarize-build.sh
2025-04-15T08:43:27.4811650Z [36;1m./build/github/prepare-summarize-build.sh[0m
2025-04-15T08:43:27.4831212Z shell: /usr/bin/bash -e {0}
2025-04-15T08:43:27.4831549Z env:
2025-04-15T08:43:27.4831810Z   GITHUB_ACTIONS_BRANCH: 144455
2025-04-15T08:43:27.4832163Z ##[endgroup]
2025-04-15T08:43:27.4889824Z +++ dirname ./build/github/prepare-summarize-build.sh
2025-04-15T08:43:27.4896410Z ++ cd ./build/github
2025-04-15T08:43:27.4897028Z ++ pwd
2025-04-15T08:43:27.4898811Z + THIS_DIR=/github-actions-runner/_work/cockroach/cockroach/build/github
2025-04-15T08:43:27.4901773Z ++ /github-actions-runner/_work/cockroach/cockroach/build/github/engflow-args.sh
2025-04-15T08:43:27.4909071Z + bazel build //pkg/cmd/bazci/bazel-github-helper --config crosslinux --jobs 50 --config engflowpublic --tls_client_certificate=/home/agent/engflow.crt --tls_client_key=/home/agent/engflow.key --experimental_build_event_upload_retry_minimum_delay 3s --experimental_build_event_upload_max_retries 8 --bes_keywords branch=144455 --bes_keywords job=lint --bes_keywords helper-binary
2025-04-15T08:43:27.5115688Z 2025/04/15 08:43:27 Downloading https://github.com/cockroachdb/bazel/releases/download/7.6.0/bazel-7.6.0-linux-x86_64...
2025-04-15T08:43:28.0777704Z Extracting Bazel installation...
2025-04-15T08:43:29.6932857Z Starting local Bazel server and connecting to it...
2025-04-15T08:43:31.3473829Z INFO: Invocation ID: cf0cbc37-d6b5-41bd-abd3-be02fc281f11
2025-04-15T08:43:31.3477742Z INFO: Streaming build results to: https://mesolite.cluster.engflow.com/invocation/cf0cbc37-d6b5-41bd-abd3-be02fc281f11
2025-04-15T08:43:31.4143311Z Computing main repo mapping: 
2025-04-15T08:43:32.4169535Z Computing main repo mapping: 
2025-04-15T08:43:33.4171483Z Computing main repo mapping: 
2025-04-15T08:43:34.7425987Z Computing main repo mapping: 
2025-04-15T08:43:36.4206436Z Computing main repo mapping: 
2025-04-15T08:43:37.4208818Z Computing main repo mapping: 
2025-04-15T08:43:38.1597297Z Loading: 
2025-04-15T08:43:38.1656451Z Loading: 1 packages loaded
2025-04-15T08:43:38.3065607Z Analyzing: target //pkg/cmd/bazci/bazel-github-helper:bazel-github-helper (2 packages loaded, 0 targets configured)
2025-04-15T08:43:38.3225510Z Analyzing: target //pkg/cmd/bazci/bazel-github-helper:bazel-github-helper (2 packages loaded, 0 targets configured)
2025-04-15T08:43:38.3226996Z 
2025-04-15T08:43:39.4214365Z Analyzing: target //pkg/cmd/bazci/bazel-github-helper:bazel-github-helper (69 packages loaded, 433 targets configured)
2025-04-15T08:43:39.4215144Z 
2025-04-15T08:43:40.5073564Z Analyzing: target //pkg/cmd/bazci/bazel-github-helper:bazel-github-helper (69 packages loaded, 433 targets configured)
2025-04-15T08:43:40.5074333Z 
2025-04-15T08:43:41.7071985Z Analyzing: target //pkg/cmd/bazci/bazel-github-helper:bazel-github-helper (69 packages loaded, 433 targets configured)
2025-04-15T08:43:41.7073331Z 
2025-04-15T08:43:43.4226472Z Analyzing: target //pkg/cmd/bazci/bazel-github-helper:bazel-github-helper (69 packages loaded, 433 targets configured)
2025-04-15T08:43:43.4228135Z 
2025-04-15T08:43:45.7847258Z Analyzing: target //pkg/cmd/bazci/bazel-github-helper:bazel-github-helper (69 packages loaded, 433 targets configured)
2025-04-15T08:43:45.7848324Z 
2025-04-15T08:43:46.9244268Z Analyzing: target //pkg/cmd/bazci/bazel-github-helper:bazel-github-helper (98 packages loaded, 4568 targets configured)
2025-04-15T08:43:46.9245054Z 
2025-04-15T08:43:48.0513091Z Analyzing: target //pkg/cmd/bazci/bazel-github-helper:bazel-github-helper (133 packages loaded, 5556 targets configured)
2025-04-15T08:43:48.0513915Z 
2025-04-15T08:43:51.1800939Z Analyzing: target //pkg/cmd/bazci/bazel-github-helper:bazel-github-helper (133 packages loaded, 5556 targets configured)
2025-04-15T08:43:51.1801728Z 
2025-04-15T08:43:52.4245952Z Analyzing: target //pkg/cmd/bazci/bazel-github-helper:bazel-github-helper (139 packages loaded, 9238 targets configured)
2025-04-15T08:43:52.4247357Z 
2025-04-15T08:43:57.1077125Z Analyzing: target //pkg/cmd/bazci/bazel-github-helper:bazel-github-helper (139 packages loaded, 9238 targets configured)
2025-04-15T08:43:57.1184329Z 
2025-04-15T08:43:58.1104576Z Analyzing: target //pkg/cmd/bazci/bazel-github-helper:bazel-github-helper (338 packages loaded, 10289 targets configured)
2025-04-15T08:43:58.1105630Z 
2025-04-15T08:43:58.4087585Z INFO: Analyzed target //pkg/cmd/bazci/bazel-github-helper:bazel-github-helper (353 packages loaded, 10536 targets configured).
2025-04-15T08:43:59.2083756Z [31 / 517] [Scann] Compiling infback.c [for tool]
2025-04-15T08:44:00.1976045Z [271 / 517] GoCompilePkg external/com_github_gogo_protobuf/plugin/enumstringer/enumstringer.a [for tool]; 0s remote, remote-cache ... (32 actions, 0 running)
2025-04-15T08:44:01.1897066Z [467 / 517] GoCompilePkg pkg/build/build.a; 0s remote, remote-cache ... (2 actions, 0 running)
2025-04-15T08:44:02.2119319Z [516 / 517] [Sched] GoLink pkg/cmd/bazci/bazel-github-helper/bazel-github-helper_/bazel-github-helper
2025-04-15T08:44:03.4256398Z [516 / 517] GoLink pkg/cmd/bazci/bazel-github-helper/bazel-github-helper_/bazel-github-helper; Downloading pkg/cmd/bazci/bazel-github-helper/bazel-github-helper_/bazel-github-helper, 1024.0 KiB / 11.7 MiB; 1s remote, remote-cache
2025-04-15T08:44:03.8023706Z INFO: Found 1 target...
2025-04-15T08:44:03.8143701Z Target //pkg/cmd/bazci/bazel-github-helper:bazel-github-helper up-to-date:
2025-04-15T08:44:03.8144876Z   _bazel/bin/pkg/cmd/bazci/bazel-github-helper/bazel-github-helper_/bazel-github-helper
2025-04-15T08:44:03.8524473Z INFO: Elapsed time: 35.727s, Critical Path: 4.60s
2025-04-15T08:44:03.8525130Z INFO: 517 processes: 490 remote cache hit, 26 internal, 1 remote.
2025-04-15T08:44:03.8526084Z INFO: Build completed successfully, 517 total actions
2025-04-15T08:44:03.8527490Z INFO: 
2025-04-15T08:44:04.8758057Z INFO: Streaming build results to: https://mesolite.cluster.engflow.com/invocation/cf0cbc37-d6b5-41bd-abd3-be02fc281f11
2025-04-15T08:44:04.8853871Z ##[group]Run ./build/github/lint.sh
2025-04-15T08:44:04.8854474Z [36;1m./build/github/lint.sh[0m
2025-04-15T08:44:04.8869560Z shell: /usr/bin/bash -e {0}
2025-04-15T08:44:04.8869997Z env:
2025-04-15T08:44:04.8870303Z   GITHUB_ACTIONS_BRANCH: 144455
2025-04-15T08:44:04.8870825Z ##[endgroup]
2025-04-15T08:44:04.8923801Z ++ bazel info workspace
2025-04-15T08:44:04.9284086Z + WORKSPACE=/github-actions-runner/_work/cockroach/cockroach
2025-04-15T08:44:04.9286062Z ++ ./build/github/engflow-args.sh
2025-04-15T08:44:04.9293693Z + bazel run //pkg/gen:code --config crosslinux --jobs 50 --remote_download_minimal --config engflowpublic --tls_client_certificate=/home/agent/engflow.crt --tls_client_key=/home/agent/engflow.key --experimental_build_event_upload_retry_minimum_delay 3s --experimental_build_event_upload_max_retries 8 --bes_keywords branch=144455 --bes_keywords job=lint
2025-04-15T08:44:04.9584028Z WARNING: option '--remote_download_outputs' was expanded to from both option '--remote_download_minimal' (source command line options) and option '--remote_download_toplevel' (source expanded from --config=engflowpublic)
2025-04-15T08:44:04.9586502Z INFO: Invocation ID: 5ba40935-d3c3-4d71-bfab-ab216d1c0913
2025-04-15T08:44:04.9587973Z INFO: Streaming build results to: https://mesolite.cluster.engflow.com/invocation/5ba40935-d3c3-4d71-bfab-ab216d1c0913
2025-04-15T08:44:05.0791273Z Computing main repo mapping: 
2025-04-15T08:44:05.0956228Z WARNING: option '--remote_download_outputs' was expanded to from both option '--remote_download_minimal' (source command line options) and option '--remote_download_toplevel' (source expanded from --config=engflowpublic)
2025-04-15T08:44:05.1034549Z Loading: 
2025-04-15T08:44:05.1055564Z Loading: 0 packages loaded
2025-04-15T08:44:05.1775210Z Analyzing: target //pkg/gen:code (1 packages loaded, 0 targets configured)
2025-04-15T08:44:05.1809955Z Analyzing: target //pkg/gen:code (1 packages loaded, 0 targets configured)
2025-04-15T08:44:05.1811152Z 
2025-04-15T08:44:06.1819710Z Analyzing: target //pkg/gen:code (455 packages loaded, 3664 targets configured)
2025-04-15T08:44:06.1821160Z 
2025-04-15T08:44:07.1878027Z Analyzing: target //pkg/gen:code (710 packages loaded, 5579 targets configured)
2025-04-15T08:44:07.1879422Z 
2025-04-15T08:44:08.2161706Z Analyzing: target //pkg/gen:code (916 packages loaded, 7846 targets configured)
2025-04-15T08:44:08.2183219Z 
2025-04-15T08:44:09.2169104Z Analyzing: target //pkg/gen:code (1190 packages loaded, 10611 targets configured)
2025-04-15T08:44:09.2170431Z 
2025-04-15T08:44:10.2393565Z Analyzing: target //pkg/gen:code (1381 packages loaded, 12914 targets configured)
2025-04-15T08:44:10.2395523Z 
2025-04-15T08:44:11.2473815Z Analyzing: target //pkg/gen:code (1605 packages loaded, 15835 targets configured)
2025-04-15T08:44:11.2474707Z 
2025-04-15T08:44:12.2689941Z Analyzing: target //pkg/gen:code (1644 packages loaded, 17786 targets configured)
2025-04-15T08:44:12.2690527Z 
2025-04-15T08:44:13.2899515Z Analyzing: target //pkg/gen:code (1654 packages loaded, 17867 targets configured)
2025-04-15T08:44:13.2900084Z 
2025-04-15T08:44:14.8043753Z Analyzing: target //pkg/gen:code (1654 packages loaded, 17867 targets configured)
2025-04-15T08:44:14.8044310Z 
2025-04-15T08:44:15.1421084Z INFO: Analyzed target //pkg/gen:code (1665 packages loaded, 18145 targets configured).
2025-04-15T08:44:15.8351720Z [593 / 6,268] GoCompilePkg external/com_github_twmb_franz_go/pkg/sasl/sasl.a [for tool]; 0s remote, remote-cache ... (50 actions, 0 running)
2025-04-15T08:44:16.8381497Z [1,418 / 6,277] Generating into bazel-out/k8-fastbuild/bin/pkg/ccl/utilccl/licenseccl/licenseccl_go_proto_/github.com/cockroachdb/cockroach/pkg/ccl/utilccl/licenseccl; Downloading pkg/ccl/utilccl/licenseccl/licenseccl_go_proto_/github.com/cockroachdb/cockroach/pkg/ccl/utilccl/licenseccl/license.pb.go; 0s remote, remote-cache ... (50 actions, 0 running)
2025-04-15T08:44:17.8400922Z [2,044 / 6,277] Executing genrule //pkg/sql/parser:sql-goyacc [for tool]; 0s remote-cache, linux-sandbox ... (49 actions, 2 running)
2025-04-15T08:44:18.8401072Z [2,735 / 6,277] Executing genrule //pkg/sql/parser:sql-goyacc [for tool]; 1s remote-cache, linux-sandbox ... (50 actions, 2 running)
2025-04-15T08:44:19.8459833Z [3,359 / 6,277] Executing genrule //pkg/sql/parser:sql-goyacc [for tool]; 2s remote-cache, linux-sandbox ... (50 actions, 2 running)
2025-04-15T08:44:20.8471228Z [4,032 / 6,277] Executing genrule //pkg/sql/parser:sql-goyacc [for tool]; 3s remote-cache, linux-sandbox ... (50 actions, 2 running)
2025-04-15T08:44:21.8833430Z [4,612 / 6,277] Executing genrule //pkg/sql/parser:sql-goyacc [for tool]; 4s remote-cache, linux-sandbox ... (3 actions, 2 running)
2025-04-15T08:44:22.9189622Z [4,629 / 6,277] Executing genrule //pkg/sql/parser:sql-goyacc [for tool]; 5s remote-cache, linux-sandbox ... (50 actions, 16 running)
2025-04-15T08:44:23.9268308Z [4,742 / 6,277] Executing genrule //pkg/sql/parser:sql-goyacc [for tool]; 6s remote-cache, linux-sandbox ... (50 actions, 16 running)
2025-04-15T08:44:25.0248121Z [4,892 / 6,277] Executing genrule //pkg/sql/parser:sql-goyacc [for tool]; 7s remote-cache, linux-sandbox ... (18 actions, 17 running)
2025-04-15T08:44:26.0279969Z [5,104 / 6,277] Validating nogo output for //pkg/sql/sqlstats/persistedsqlstats/sqlstatsutil:sqlstatsutil; 0s remote, remote-cache ... (38 actions, 0 running)
2025-04-15T08:44:27.0292274Z [5,765 / 6,277] GoMockReflectExecOnlyGen pkg/kv/kvclient/rangefeed/mocks_generated_test.go; Downloading pkg/kv/kvclient/rangefeed/mocks_generated_test.go; 0s remote, remote-cache ... (50 actions, 0 running)
2025-04-15T08:44:28.0322690Z [6,253 / 6,277] Executing genrule //pkg/sql:txnstatetransitions_report; Downloading pkg/sql/txnstatetransitions_diagram.gv; 0s remote, remote-cache ... (9 actions, 0 running)
2025-04-15T08:44:28.7480536Z INFO: Found 1 target...
2025-04-15T08:44:28.7608243Z Target //pkg/gen:code up-to-date:
2025-04-15T08:44:28.7608687Z   _bazel/bin/pkg/gen/code
2025-04-15T08:44:28.7724789Z INFO: Elapsed time: 23.822s, Critical Path: 11.29s
2025-04-15T08:44:28.7725588Z INFO: 5958 processes: 5378 remote cache hit, 408 internal, 172 linux-sandbox.
2025-04-15T08:44:28.7726267Z INFO: Build completed successfully, 5958 total actions
2025-04-15T08:44:28.7727527Z INFO: 
2025-04-15T08:44:28.7966957Z INFO: Running command line: _bazel/bin/pkg/gen/code
2025-04-15T08:44:29.9683135Z INFO: Streaming build results to: https://mesolite.cluster.engflow.com/invocation/5ba40935-d3c3-4d71-bfab-ab216d1c0913
2025-04-15T08:44:31.6652356Z ++ ./build/github/engflow-args.sh
2025-04-15T08:44:31.6659144Z + bazel run //pkg/cmd/generate-cgo:generate-cgo '--run_under=cd /github-actions-runner/_work/cockroach/cockroach && ' --config crosslinux --jobs 50 --remote_download_minimal --config engflowpublic --tls_client_certificate=/home/agent/engflow.crt --tls_client_key=/home/agent/engflow.key --experimental_build_event_upload_retry_minimum_delay 3s --experimental_build_event_upload_max_retries 8 --bes_keywords branch=144455 --bes_keywords job=lint
2025-04-15T08:44:31.6925737Z WARNING: option '--remote_download_outputs' was expanded to from both option '--remote_download_minimal' (source command line options) and option '--remote_download_toplevel' (source expanded from --config=engflowpublic)
2025-04-15T08:44:31.6927299Z INFO: Invocation ID: 48f8a26f-a42d-4262-a3e1-160be63caf5b
2025-04-15T08:44:31.6928349Z INFO: Streaming build results to: https://mesolite.cluster.engflow.com/invocation/48f8a26f-a42d-4262-a3e1-160be63caf5b
2025-04-15T08:44:31.8218846Z Computing main repo mapping: 
2025-04-15T08:44:31.8328572Z WARNING: option '--remote_download_outputs' was expanded to from both option '--remote_download_minimal' (source command line options) and option '--remote_download_toplevel' (source expanded from --config=engflowpublic)
2025-04-15T08:44:31.8344690Z Loading: 
2025-04-15T08:44:31.8357791Z Loading: 0 packages loaded
2025-04-15T08:44:31.8437015Z WARNING: Build option --run_under has changed, discarding analysis cache (this can be expensive, see https://bazel.build/advanced/performance/iteration-speed).
2025-04-15T08:44:32.1556694Z Analyzing: target //pkg/cmd/generate-cgo:generate-cgo (1 packages loaded, 0 targets configured)
2025-04-15T08:44:32.1569715Z Analyzing: target //pkg/cmd/generate-cgo:generate-cgo (1 packages loaded, 0 targets configured)
2025-04-15T08:44:32.1570364Z 
2025-04-15T08:44:32.4424260Z INFO: Analyzed target //pkg/cmd/generate-cgo:generate-cgo (1 packages loaded, 9976 targets configured).
2025-04-15T08:44:33.3622923Z INFO: Found 1 target...
2025-04-15T08:44:33.3708346Z Target //pkg/cmd/generate-cgo:generate-cgo up-to-date:
2025-04-15T08:44:33.3709101Z   _bazel/bin/pkg/cmd/generate-cgo/generate-cgo_/generate-cgo
2025-04-15T08:44:33.3746873Z INFO: Elapsed time: 1.695s, Critical Path: 0.87s
2025-04-15T08:44:33.3747399Z INFO: 10 processes: 6 remote cache hit, 4 internal.
2025-04-15T08:44:33.3747942Z INFO: Build completed successfully, 10 total actions
2025-04-15T08:44:33.3748381Z INFO: 
2025-04-15T08:44:33.3764558Z INFO: Running command line: /bin/bash -c 'cd /github-actions-runner/_work/cockroach/cockroach &&  _bazel/bin/pkg/cmd/generate-cgo/generate-cgo_/generate-cgo '
2025-04-15T08:44:34.3921033Z INFO: Streaming build results to: https://mesolite.cluster.engflow.com/invocation/48f8a26f-a42d-4262-a3e1-160be63caf5b
2025-04-15T08:44:34.3983561Z 2025/04/15 08:44:34 $ bazel info workspace --color=no
2025-04-15T08:44:34.4195562Z 2025/04/15 08:44:34 $ bazel info bazel-bin --color=no
2025-04-15T08:44:34.6155712Z 2025/04/15 08:44:34 $ bazel build //build/bazelutil:test_force_build_cdeps //c-deps:libjemalloc //c-deps:libproj //c-deps:libkrb5
2025-04-15T08:44:35.5946454Z 2025/04/15 08:44:35 $ bazel info execution_root --color=no
2025-04-15T08:44:35.6571460Z 2025/04/15 08:44:35 $ cp -r /home/agent/.cache/bazel/_bazel_agent/5ff96bfab82c7a794450c7f1830ec61e/execroot/com_github_cockroachdb_cockroach/external/archived_cdep_libjemalloc_linux /github-actions-runner/_work/cockroach/cockroach/bin/c-deps
2025-04-15T08:44:35.6581054Z 2025/04/15 08:44:35 $ cp -r /home/agent/.cache/bazel/_bazel_agent/5ff96bfab82c7a794450c7f1830ec61e/execroot/com_github_cockroachdb_cockroach/external/archived_cdep_libproj_linux /github-actions-runner/_work/cockroach/cockroach/bin/c-deps
2025-04-15T08:44:35.6592526Z 2025/04/15 08:44:35 $ cp -r /home/agent/.cache/bazel/_bazel_agent/5ff96bfab82c7a794450c7f1830ec61e/execroot/com_github_cockroachdb_cockroach/external/archived_cdep_libkrb5_linux /github-actions-runner/_work/cockroach/cockroach/bin/c-deps
2025-04-15T08:44:35.6615784Z ++ which gcc
2025-04-15T08:44:35.6624386Z ++ which gcc
2025-04-15T08:44:35.6638888Z ++++ bazel run @go_sdk//:bin/go --run_under=realpath
2025-04-15T08:44:35.7183103Z Computing main repo mapping: 
2025-04-15T08:44:35.7258298Z Loading: 
2025-04-15T08:44:35.7258799Z Loading: 0 packages loaded
2025-04-15T08:44:35.8940941Z WARNING: Build option --run_under has changed, discarding analysis cache (this can be expensive, see https://bazel.build/advanced/performance/iteration-speed).
2025-04-15T08:44:35.9301320Z Analyzing: target @@go_sdk//:bin/go (1 packages loaded, 0 targets configured)
2025-04-15T08:44:35.9311867Z Analyzing: target @@go_sdk//:bin/go (1 packages loaded, 1 target configured)
2025-04-15T08:44:35.9312394Z 
2025-04-15T08:44:35.9326898Z INFO: Analyzed target @@go_sdk//:bin/go (1 packages loaded, 1 target configured).
2025-04-15T08:44:35.9343893Z WARNING: /home/agent/.cache/bazel/_bazel_agent/5ff96bfab82c7a794450c7f1830ec61e/external/go_sdk/BUILD.bazel:61:7: @@go_sdk//:bin/go is a source file, nothing will be built for it. If you want to build a target that consumes this file, try --compile_one_dependency
2025-04-15T08:44:35.9356576Z INFO: Found 1 target...
2025-04-15T08:44:35.9393330Z INFO: Elapsed time: 0.264s, Critical Path: 0.00s
2025-04-15T08:44:35.9394156Z INFO: 1 process: 1 internal.
2025-04-15T08:44:35.9394813Z INFO: Build completed successfully, 1 total action
2025-04-15T08:44:35.9403998Z INFO: Running command line: /bin/bash -c 'realpath /home/agent/.cache/bazel/_bazel_agent/5ff96bfab82c7a794450c7f1830ec61e/external/go_sdk/bin/go '
2025-04-15T08:44:35.9473877Z +++ dirname /home/agent/.cache/bazel/_bazel_agent/5ff96bfab82c7a794450c7f1830ec61e/external/go_sdk/bin/go
2025-04-15T08:44:35.9480870Z ++ dirname /home/agent/.cache/bazel/_bazel_agent/5ff96bfab82c7a794450c7f1830ec61e/external/go_sdk/bin
2025-04-15T08:44:35.9490292Z ++ ./build/github/engflow-args.sh
2025-04-15T08:44:35.9499861Z + bazel test //pkg/testutils/lint:lint_test --config crosslinux --test_env=CC=/usr/bin/gcc --test_env=CXX=/usr/bin/gcc --test_env=HOME --sandbox_writable_path=/home/agent --test_env=GO_SDK=/home/agent/.cache/bazel/_bazel_agent/5ff96bfab82c7a794450c7f1830ec61e/external/go_sdk --test_env=COCKROACH_WORKSPACE=/github-actions-runner/_work/cockroach/cockroach --test_timeout=1800 --build_event_binary_file=bes.bin --jobs 50 --remote_download_minimal --config engflowpublic --tls_client_certificate=/home/agent/engflow.crt --tls_client_key=/home/agent/engflow.key --experimental_build_event_upload_retry_minimum_delay 3s --experimental_build_event_upload_max_retries 8 --bes_keywords branch=144455 --bes_keywords job=lint
2025-04-15T08:44:36.0215119Z WARNING: option '--remote_download_outputs' was expanded to from both option '--remote_download_minimal' (source command line options) and option '--remote_download_toplevel' (source expanded from --config=engflowpublic)
2025-04-15T08:44:36.0217000Z INFO: Invocation ID: 56a6f105-3371-43e1-b96e-a88fc9f4f605
2025-04-15T08:44:36.0218093Z INFO: Streaming build results to: https://mesolite.cluster.engflow.com/invocation/56a6f105-3371-43e1-b96e-a88fc9f4f605
2025-04-15T08:44:36.0935762Z Computing main repo mapping: 
2025-04-15T08:44:36.1197118Z WARNING: option '--remote_download_outputs' was expanded to from both option '--remote_download_minimal' (source command line options) and option '--remote_download_toplevel' (source expanded from --config=engflowpublic)
2025-04-15T08:44:36.1289384Z Loading: 
2025-04-15T08:44:36.1314297Z Loading: 0 packages loaded
2025-04-15T08:44:36.1412224Z WARNING: Build options --//build/toolchains:crdb_test_flag, --//build/toolchains:cross_flag, --action_env, and 6 more have changed, discarding analysis cache (this can be expensive, see https://bazel.build/advanced/performance/iteration-speed).
2025-04-15T08:44:36.1849121Z Analyzing: target //pkg/testutils/lint:lint_test (1 packages loaded, 0 targets configured)
2025-04-15T08:44:36.1857184Z Analyzing: target //pkg/testutils/lint:lint_test (1 packages loaded, 0 targets configured)
2025-04-15T08:44:36.1858107Z 
2025-04-15T08:44:37.1870298Z Analyzing: target //pkg/testutils/lint:lint_test (518 packages loaded, 11066 targets configured)
2025-04-15T08:44:37.1871023Z 
2025-04-15T08:44:38.1704777Z INFO: Analyzed target //pkg/testutils/lint:lint_test (1241 packages loaded, 17506 targets configured).
2025-04-15T08:44:38.1878128Z [20 / 1,023] Executing genrule //pkg/util/buildutil:gen-crdb-test-on; 0s remote
2025-04-15T08:44:39.2241846Z [2,179 / 2,608] GoLink pkg/sql/opt/optgen/cmd/optfmt/optfmt_/optfmt; 0s remote, remote-cache ... (48 actions, 0 running)
2025-04-15T08:44:40.2535840Z [2,505 / 2,608] GoLink pkg/sql/opt/optgen/cmd/optfmt/optfmt_/optfmt; 0s remote, remote-cache ... (6 actions, 1 running)
2025-04-15T08:44:42.0961580Z [2,600 / 2,608] [Sched] GoCompilePkg pkg/testutils/lint/lint_test.internal.a; Downloading external/com_github_jordanlewis_gcassert/gcassert.x, 7.9 KiB / 7.9 KiB ... (2 actions, 0 running)
2025-04-15T08:44:44.0965916Z [2,600 / 2,608] [Sched] GoCompilePkg pkg/testutils/lint/lint_test.internal.a; Downloading external/io_bazel_rules_go/stdlib_/pkg/linux_amd64/crypto/tls.a, 2.0 MiB / 4.0 MiB ... (2 actions, 0 running)
2025-04-15T08:44:45.0968593Z [2,600 / 2,608] [Sched] GoCompilePkg pkg/testutils/lint/lint_test.internal.a; Downloading external/io_bazel_rules_go/stdlib_/pkg/linux_amd64/crypto/tls.a, 3.0 MiB / 4.0 MiB; 4s ... (2 actions, 0 running)
2025-04-15T08:44:46.2890699Z [2,600 / 2,608] [Sched] Running nogo on //pkg/testutils/lint:lint_test; 5s ... (2 actions, 1 running)
2025-04-15T08:44:48.0975188Z [2,607 / 2,608] [Sched] GoLink pkg/testutils/lint/lint_test_/lint_test; Downloading external/com_github_cockroachdb_pebble/pebble.a, 6.0 MiB / 14.9 MiB
2025-04-15T08:44:50.0977860Z [2,607 / 2,608] GoLink pkg/testutils/lint/lint_test_/lint_test; 1s remote-cache, linux-sandbox
2025-04-15T08:44:51.7063928Z [2,608 / 2,609] Testing //pkg/testutils/lint:lint_test; 0s remote-cache, linux-sandbox
2025-04-15T08:45:02.1889920Z [2,608 / 2,609] Testing //pkg/testutils/lint:lint_test; 10s remote-cache, linux-sandbox
2025-04-15T08:45:32.2001030Z [2,608 / 2,609] Testing //pkg/testutils/lint:lint_test; 40s remote-cache, linux-sandbox
2025-04-15T08:46:32.2272174Z [2,608 / 2,609] Testing //pkg/testutils/lint:lint_test; 100s remote-cache, linux-sandbox
2025-04-15T08:47:32.2764935Z [2,608 / 2,609] Testing //pkg/testutils/lint:lint_test; 160s remote-cache, linux-sandbox
2025-04-15T08:48:32.3210700Z [2,608 / 2,609] Testing //pkg/testutils/lint:lint_test; 220s remote-cache, linux-sandbox
2025-04-15T08:49:32.3529351Z [2,608 / 2,609] Testing //pkg/testutils/lint:lint_test; 280s remote-cache, linux-sandbox
2025-04-15T08:50:32.3895207Z [2,608 / 2,609] Testing //pkg/testutils/lint:lint_test; 340s remote-cache, linux-sandbox
2025-04-15T08:51:32.4252273Z [2,608 / 2,609] Testing //pkg/testutils/lint:lint_test; 400s remote-cache, linux-sandbox
2025-04-15T08:52:32.4718086Z [2,608 / 2,609] Testing //pkg/testutils/lint:lint_test; 460s remote-cache, linux-sandbox
2025-04-15T08:53:32.5102203Z [2,608 / 2,609] Testing //pkg/testutils/lint:lint_test; 520s remote-cache, linux-sandbox
2025-04-15T08:54:32.5308596Z [2,608 / 2,609] Testing //pkg/testutils/lint:lint_test; 580s remote-cache, linux-sandbox
2025-04-15T08:55:32.5586323Z [2,608 / 2,609] Testing //pkg/testutils/lint:lint_test; 640s remote-cache, linux-sandbox
2025-04-15T08:56:32.5952723Z [2,608 / 2,609] Testing //pkg/testutils/lint:lint_test; 700s remote-cache, linux-sandbox
2025-04-15T08:57:32.6127699Z [2,608 / 2,609] Testing //pkg/testutils/lint:lint_test; 760s remote-cache, linux-sandbox
2025-04-15T08:58:32.6528992Z [2,608 / 2,609] Testing //pkg/testutils/lint:lint_test; 820s remote-cache, linux-sandbox
2025-04-15T08:59:32.7056650Z [2,608 / 2,609] Testing //pkg/testutils/lint:lint_test; 880s remote-cache, linux-sandbox
2025-04-15T09:00:32.7442994Z [2,608 / 2,609] Testing //pkg/testutils/lint:lint_test; 941s remote-cache, linux-sandbox
2025-04-15T09:01:32.7970883Z [2,608 / 2,609] Testing //pkg/testutils/lint:lint_test; 1001s remote-cache, linux-sandbox
2025-04-15T09:02:32.8419955Z [2,608 / 2,609] Testing //pkg/testutils/lint:lint_test; 1061s remote-cache, linux-sandbox
2025-04-15T09:03:32.8495129Z [2,608 / 2,609] Testing //pkg/testutils/lint:lint_test; 1121s remote-cache, linux-sandbox
2025-04-15T09:04:32.8548556Z [2,608 / 2,609] Testing //pkg/testutils/lint:lint_test; 1181s remote-cache, linux-sandbox
2025-04-15T09:05:32.8614174Z [2,608 / 2,609] Testing //pkg/testutils/lint:lint_test; 1241s remote-cache, linux-sandbox
2025-04-15T09:06:32.8675644Z [2,608 / 2,609] Testing //pkg/testutils/lint:lint_test; 1301s remote-cache, linux-sandbox
2025-04-15T09:07:32.8738366Z [2,608 / 2,609] Testing //pkg/testutils/lint:lint_test; 1361s remote-cache, linux-sandbox
2025-04-15T09:08:32.8799723Z [2,608 / 2,609] Testing //pkg/testutils/lint:lint_test; 1421s remote-cache, linux-sandbox
2025-04-15T09:09:32.8984231Z [2,608 / 2,609] Testing //pkg/testutils/lint:lint_test; 1481s remote-cache, linux-sandbox
2025-04-15T09:10:32.9127609Z [2,608 / 2,609] Testing //pkg/testutils/lint:lint_test; 1541s remote-cache, linux-sandbox
2025-04-15T09:11:32.9187019Z [2,608 / 2,609] Testing //pkg/testutils/lint:lint_test; 1601s remote-cache, linux-sandbox
2025-04-15T09:12:04.9340084Z [2,608 / 2,609] 1 / 1 tests; Testing //pkg/testutils/lint:lint_test; 1633s remote-cache, linux-sandbox
2025-04-15T09:12:04.9409866Z INFO: Found 1 test target...
2025-04-15T09:12:04.9565795Z Target //pkg/testutils/lint:lint_test up-to-date:
2025-04-15T09:12:04.9566780Z   _bazel/bin/pkg/testutils/lint/lint_test_/lint_test
2025-04-15T09:12:05.0448985Z INFO: Elapsed time: 1648.998s, Critical Path: 1646.64s
2025-04-15T09:12:05.0450873Z INFO: 585 processes: 569 remote cache hit, 4 internal, 11 linux-sandbox, 1 remote.
2025-04-15T09:12:05.0451917Z INFO: Build completed successfully, 585 total actions
2025-04-15T09:12:05.0452371Z INFO: 
2025-04-15T09:12:05.0512841Z //pkg/testutils/lint:lint_test                                           PASSED in 1633.2s
2025-04-15T09:12:05.0517615Z 
2025-04-15T09:12:05.0518005Z Executed 1 out of 1 test: 1 test passes.
2025-04-15T09:12:06.1605942Z INFO: Streaming build results to: https://mesolite.cluster.engflow.com/invocation/56a6f105-3371-43e1-b96e-a88fc9f4f605
2025-04-15T09:12:06.1793091Z ##[group]Run ./build/github/summarize-build.sh bes.bin
2025-04-15T09:12:06.1793714Z [36;1m./build/github/summarize-build.sh bes.bin[0m
2025-04-15T09:12:06.1921248Z shell: /usr/bin/bash -e {0}
2025-04-15T09:12:06.1921648Z env:
2025-04-15T09:12:06.1921929Z   GITHUB_ACTIONS_BRANCH: 144455
2025-04-15T09:12:06.1923435Z   GITHUB_TOKEN: ***
2025-04-15T09:12:06.1923733Z ##[endgroup]
2025-04-15T09:12:06.2000788Z + '[' '!' -f bes.bin ']'
2025-04-15T09:12:06.2006633Z +++ dirname ./build/github/summarize-build.sh
2025-04-15T09:12:06.2012706Z ++ cd ./build/github
2025-04-15T09:12:06.2013280Z ++ pwd
2025-04-15T09:12:06.2015422Z + THIS_DIR=/github-actions-runner/_work/cockroach/cockroach/build/github
2025-04-15T09:12:06.2016821Z + '[' '!' -f _bazel/bin/pkg/cmd/bazci/bazel-github-helper/bazel-github-helper_/bazel-github-helper ']'
2025-04-15T09:12:06.2030468Z + _bazel/bin/pkg/cmd/bazci/bazel-github-helper/bazel-github-helper_/bazel-github-helper -eventsfile bes.bin -servername mesolite -cert /home/agent/engflow.crt -key /home/agent/engflow.key -jsonout test-results.json
2025-04-15T09:12:11.5845171Z Not reporting issues for branch 144455 and job lint++ date +%F
2025-04-15T09:12:11.5872576Z ++ python3 -c 'import json, sys; print(json.load(sys.stdin)['\''invocation_id'\''])'
2025-04-15T09:12:11.6590501Z + gcloud storage cp test-results.json gs://engflow-data/2025-04-15/56a6f105-3371-43e1-b96e-a88fc9f4f605.json
2025-04-15T09:12:13.3028688Z Copying file://test-results.json to gs://engflow-data/2025-04-15/56a6f105-3371-43e1-b96e-a88fc9f4f605.json
2025-04-15T09:12:13.3121029Z   
2025-04-15T09:12:13.5861726Z .
2025-04-15T09:12:13.9227572Z + rm test-results.json
2025-04-15T09:12:13.9293300Z ##[group]Run ./build/github/cleanup-engflow-keys.sh
2025-04-15T09:12:13.9293887Z [36;1m./build/github/cleanup-engflow-keys.sh[0m
2025-04-15T09:12:13.9309318Z shell: /usr/bin/bash -e {0}
2025-04-15T09:12:13.9309682Z env:
2025-04-15T09:12:13.9309943Z   GITHUB_ACTIONS_BRANCH: 144455
2025-04-15T09:12:13.9310303Z ##[endgroup]
2025-04-15T09:12:13.9360164Z + rm -f /home/agent/engflow.key /home/agent/engflow.crt
2025-04-15T09:12:13.9491146Z Post job cleanup.
2025-04-15T09:12:14.2990025Z [command]/usr/bin/git version
2025-04-15T09:12:14.3024227Z git version 2.45.2
2025-04-15T09:12:14.3084522Z Temporarily overriding HOME='/github-actions-runner/_work/_temp/d9f10fe4-758d-4134-8cc2-6c9b82841b3b' before making global git config changes
2025-04-15T09:12:14.3085782Z Adding repository directory to the temporary git global config as a safe directory
2025-04-15T09:12:14.3090582Z [command]/usr/bin/git config --global --add safe.directory /github-actions-runner/_work/cockroach/cockroach
2025-04-15T09:12:14.3126651Z [command]/usr/bin/git config --local --name-only --get-regexp core\.sshCommand
2025-04-15T09:12:14.3156478Z [command]/usr/bin/git submodule foreach --recursive sh -c "git config --local --name-only --get-regexp 'core\.sshCommand' && git config --local --unset-all 'core.sshCommand' || :"
2025-04-15T09:12:14.3434407Z Entering 'c-deps/geos'
2025-04-15T09:12:14.3478119Z Entering 'c-deps/jemalloc'
2025-04-15T09:12:14.3519137Z Entering 'c-deps/krb5'
2025-04-15T09:12:14.3561183Z Entering 'c-deps/proj'
2025-04-15T09:12:14.3618048Z [command]/usr/bin/git config --local --name-only --get-regexp http\.https\:\/\/github\.com\/\.extraheader
2025-04-15T09:12:14.3637640Z http.https://github.com/.extraheader
2025-04-15T09:12:14.3649157Z [command]/usr/bin/git config --local --unset-all http.https://github.com/.extraheader
2025-04-15T09:12:14.3676827Z [command]/usr/bin/git submodule foreach --recursive sh -c "git config --local --name-only --get-regexp 'http\.https\:\/\/github\.com\/\.extraheader' && git config --local --unset-all 'http.https://github.com/.extraheader' || :"
2025-04-15T09:12:14.3891137Z Entering 'c-deps/geos'
2025-04-15T09:12:14.3913365Z http.https://github.com/.extraheader
2025-04-15T09:12:14.3952311Z Entering 'c-deps/jemalloc'
2025-04-15T09:12:14.3973923Z http.https://github.com/.extraheader
2025-04-15T09:12:14.4008848Z Entering 'c-deps/krb5'
2025-04-15T09:12:14.4030229Z http.https://github.com/.extraheader
2025-04-15T09:12:14.4064580Z Entering 'c-deps/proj'
2025-04-15T09:12:14.4087070Z http.https://github.com/.extraheader
2025-04-15T09:12:14.4213932Z A job completed hook has been configured by the self-hosted runner administrator
2025-04-15T09:12:14.4241814Z ##[group]Run '/usr/local/bin/finishbuild.sh'
2025-04-15T09:12:14.4256368Z shell: /usr/bin/bash --noprofile --norc -e -o pipefail {0}
2025-04-15T09:12:14.4256866Z ##[endgroup]
2025-04-15T09:12:14.4465568Z Cleaning up orphan processes
2025-04-15T09:12:14.5149792Z Terminate orphan process: pid (4243) (java.lang=ALL-UNNAMED)
