2025-04-15T01:17:51.5227936Z ##[group]Run pre-commit/action@v3.0.1
2025-04-15T01:17:51.5228230Z with:
2025-04-15T01:17:51.5228900Z   extra_args: --files "./core/config/project_settings.cpp" "./doc/classes/ProjectSettings.xml" "./editor/plugins/node_3d_editor_plugin.cpp" "./editor/plugins/node_3d_editor_plugin.h" 
2025-04-15T01:17:51.5229577Z env:
2025-04-15T01:17:51.5230165Z   CHANGED_FILES: "./core/config/project_settings.cpp" "./doc/classes/ProjectSettings.xml" "./editor/plugins/node_3d_editor_plugin.cpp" "./editor/plugins/node_3d_editor_plugin.h" 
2025-04-15T01:17:51.5231005Z ##[endgroup]
2025-04-15T01:17:51.5299056Z ##[group]Run python -m pip install pre-commit
2025-04-15T01:17:51.5299368Z [36;1mpython -m pip install pre-commit[0m
2025-04-15T01:17:51.5342241Z shell: /usr/bin/bash --noprofile --norc -e -o pipefail {0}
2025-04-15T01:17:51.5342562Z env:
2025-04-15T01:17:51.5343196Z   CHANGED_FILES: "./core/config/project_settings.cpp" "./doc/classes/ProjectSettings.xml" "./editor/plugins/node_3d_editor_plugin.cpp" "./editor/plugins/node_3d_editor_plugin.h" 
2025-04-15T01:17:51.5343922Z ##[endgroup]
2025-04-15T01:17:51.9148310Z Defaulting to user installation because normal site-packages is not writeable
2025-04-15T01:17:52.2422620Z Collecting pre-commit
2025-04-15T01:17:52.2727618Z   Downloading pre_commit-4.2.0-py2.py3-none-any.whl.metadata (1.3 kB)
2025-04-15T01:17:52.2949364Z Collecting cfgv>=2.0.0 (from pre-commit)
2025-04-15T01:17:52.2974459Z   Downloading cfgv-3.4.0-py2.py3-none-any.whl.metadata (8.5 kB)
2025-04-15T01:17:52.3669415Z Collecting identify>=1.0.0 (from pre-commit)
2025-04-15T01:17:52.3700343Z   Downloading identify-2.6.9-py2.py3-none-any.whl.metadata (4.4 kB)
2025-04-15T01:17:52.3927610Z Collecting nodeenv>=0.11.1 (from pre-commit)
2025-04-15T01:17:52.3949907Z   Downloading nodeenv-1.9.1-py2.py3-none-any.whl.metadata (21 kB)
2025-04-15T01:17:52.4033803Z Requirement already satisfied: pyyaml>=5.1 in /usr/lib/python3/dist-packages (from pre-commit) (6.0.1)
2025-04-15T01:17:52.4778404Z Collecting virtualenv>=20.10.0 (from pre-commit)
2025-04-15T01:17:52.4805031Z   Downloading virtualenv-20.30.0-py3-none-any.whl.metadata (4.5 kB)
2025-04-15T01:17:52.5179497Z Collecting distlib<1,>=0.3.7 (from virtualenv>=20.10.0->pre-commit)
2025-04-15T01:17:52.5204624Z   Downloading distlib-0.3.9-py2.py3-none-any.whl.metadata (5.2 kB)
2025-04-15T01:17:52.5501097Z Collecting filelock<4,>=3.12.2 (from virtualenv>=20.10.0->pre-commit)
2025-04-15T01:17:52.5525131Z   Downloading filelock-3.18.0-py3-none-any.whl.metadata (2.9 kB)
2025-04-15T01:17:52.5577842Z Requirement already satisfied: platformdirs<5,>=3.9.1 in /usr/local/lib/python3.12/dist-packages (from virtualenv>=20.10.0->pre-commit) (4.3.7)
2025-04-15T01:17:52.5783520Z Downloading pre_commit-4.2.0-py2.py3-none-any.whl (220 kB)
2025-04-15T01:17:52.5909779Z    ━━━━━━━━━━━━━━━━━━━━━━━━━━━━━━━━━━━━━━━━ 220.7/220.7 kB 20.4 MB/s eta 0:00:00
2025-04-15T01:17:52.5936154Z Downloading cfgv-3.4.0-py2.py3-none-any.whl (7.2 kB)
2025-04-15T01:17:52.5980239Z Downloading identify-2.6.9-py2.py3-none-any.whl (99 kB)
2025-04-15T01:17:52.6022748Z    ━━━━━━━━━━━━━━━━━━━━━━━━━━━━━━━━━━━━━━━━ 99.1/99.1 kB 34.1 MB/s eta 0:00:00
2025-04-15T01:17:52.6046905Z Downloading nodeenv-1.9.1-py2.py3-none-any.whl (22 kB)
2025-04-15T01:17:52.6095049Z Downloading virtualenv-20.30.0-py3-none-any.whl (4.3 MB)
2025-04-15T01:17:52.6421364Z    ━━━━━━━━━━━━━━━━━━━━━━━━━━━━━━━━━━━━━━━━ 4.3/4.3 MB 140.3 MB/s eta 0:00:00
2025-04-15T01:17:52.6452002Z Downloading distlib-0.3.9-py2.py3-none-any.whl (468 kB)
2025-04-15T01:17:52.6522887Z    ━━━━━━━━━━━━━━━━━━━━━━━━━━━━━━━━━━━━━━━━ 469.0/469.0 kB 86.9 MB/s eta 0:00:00
2025-04-15T01:17:52.6552628Z Downloading filelock-3.18.0-py3-none-any.whl (16 kB)
2025-04-15T01:17:52.9471097Z Installing collected packages: distlib, nodeenv, identify, filelock, cfgv, virtualenv, pre-commit
2025-04-15T01:17:53.2535954Z Successfully installed cfgv-3.4.0 distlib-0.3.9 filelock-3.18.0 identify-2.6.9 nodeenv-1.9.1 pre-commit-4.2.0 virtualenv-20.30.0
2025-04-15T01:17:53.3162764Z ##[group]Run python -m pip freeze --local
2025-04-15T01:17:53.3163321Z [36;1mpython -m pip freeze --local[0m
2025-04-15T01:17:53.3216042Z shell: /usr/bin/bash --noprofile --norc -e -o pipefail {0}
2025-04-15T01:17:53.3216379Z env:
2025-04-15T01:17:53.3217008Z   CHANGED_FILES: "./core/config/project_settings.cpp" "./doc/classes/ProjectSettings.xml" "./editor/plugins/node_3d_editor_plugin.cpp" "./editor/plugins/node_3d_editor_plugin.h" 
2025-04-15T01:17:53.3218131Z ##[endgroup]
2025-04-15T01:17:53.6902820Z argcomplete==3.6.2
2025-04-15T01:17:53.6903252Z attrs==23.2.0
2025-04-15T01:17:53.6903517Z Automat==22.10.0
2025-04-15T01:17:53.6903783Z Babel==2.10.3
2025-04-15T01:17:53.6904042Z bcc==0.29.1
2025-04-15T01:17:53.6904289Z bcrypt==3.2.2
2025-04-15T01:17:53.6904549Z blinker==1.7.0
2025-04-15T01:17:53.6904812Z boto3==1.34.46
2025-04-15T01:17:53.6905072Z botocore==1.34.46
2025-04-15T01:17:53.6905361Z certifi==2023.11.17
2025-04-15T01:17:53.6905635Z cfgv==3.4.0
2025-04-15T01:17:53.6905869Z chardet==5.2.0
2025-04-15T01:17:53.6906128Z click==8.1.6
2025-04-15T01:17:53.6906413Z cloud-init==24.4
2025-04-15T01:17:53.6906691Z colorama==0.4.6
2025-04-15T01:17:53.6906976Z command-not-found==0.3
2025-04-15T01:17:53.6907528Z configobj==5.0.8
2025-04-15T01:17:53.6907800Z constantly==23.10.4
2025-04-15T01:17:53.6908088Z cryptography==41.0.7
2025-04-15T01:17:53.6908390Z dbus-python==1.3.2
2025-04-15T01:17:53.6908675Z distlib==0.3.9
2025-04-15T01:17:53.6908928Z distro==1.9.0
2025-04-15T01:17:53.6909194Z distro-info==1.7+build1
2025-04-15T01:17:53.6909483Z filelock==3.18.0
2025-04-15T01:17:53.6909758Z httplib2==0.20.4
2025-04-15T01:17:53.6910018Z hyperlink==21.0.0
2025-04-15T01:17:53.6910288Z identify==2.6.9
2025-04-15T01:17:53.6910546Z idna==3.6
2025-04-15T01:17:53.6910792Z incremental==22.10.0
2025-04-15T01:17:53.6911062Z Jinja2==3.1.2
2025-04-15T01:17:53.6911315Z jmespath==1.0.1
2025-04-15T01:17:53.6911579Z jsonpatch==1.32
2025-04-15T01:17:53.6911837Z jsonpointer==2.0
2025-04-15T01:17:53.6912107Z jsonschema==4.10.3
2025-04-15T01:17:53.6912372Z launchpadlib==1.11.0
2025-04-15T01:17:53.6912687Z lazr.restfulclient==0.14.6
2025-04-15T01:17:53.6913014Z lazr.uri==1.0.6
2025-04-15T01:17:53.6913288Z markdown-it-py==3.0.0
2025-04-15T01:17:53.6913592Z MarkupSafe==2.1.5
2025-04-15T01:17:53.6913859Z mdurl==0.1.2
2025-04-15T01:17:53.6914118Z mercurial==6.7.2
2025-04-15T01:17:53.6914383Z netaddr==0.8.0
2025-04-15T01:17:53.6914653Z netifaces==0.11.0
2025-04-15T01:17:53.6914929Z nodeenv==1.9.1
2025-04-15T01:17:53.6915188Z oauthlib==3.2.2
2025-04-15T01:17:53.6915454Z packaging==24.0
2025-04-15T01:17:53.6915721Z pexpect==4.9.0
2025-04-15T01:17:53.6915976Z pipx==1.7.1
2025-04-15T01:17:53.6916223Z platformdirs==4.3.7
2025-04-15T01:17:53.6916506Z pre_commit==4.2.0
2025-04-15T01:17:53.6916786Z ptyprocess==0.7.0
2025-04-15T01:17:53.6917201Z pyasn1==0.4.8
2025-04-15T01:17:53.6917475Z pyasn1-modules==0.2.8
2025-04-15T01:17:53.6917761Z Pygments==2.17.2
2025-04-15T01:17:53.6918037Z PyGObject==3.48.2
2025-04-15T01:17:53.6918324Z PyHamcrest==2.1.0
2025-04-15T01:17:53.6918618Z PyJWT==2.7.0
2025-04-15T01:17:53.6918896Z pyOpenSSL==23.2.0
2025-04-15T01:17:53.6919175Z pyparsing==3.1.1
2025-04-15T01:17:53.6919465Z pyparted==3.12.0
2025-04-15T01:17:53.6919750Z pyrsistent==0.20.0
2025-04-15T01:17:53.6920028Z pyserial==3.5
2025-04-15T01:17:53.6920309Z python-apt==2.7.7+ubuntu4
2025-04-15T01:17:53.6920632Z python-dateutil==2.8.2
2025-04-15T01:17:53.6920948Z python-debian==0.1.49+ubuntu2
2025-04-15T01:17:53.6921315Z python-magic==0.4.27
2025-04-15T01:17:53.6921673Z pytz==2024.1
2025-04-15T01:17:53.6921926Z PyYAML==6.0.1
2025-04-15T01:17:53.6922182Z requests==2.31.0
2025-04-15T01:17:53.6922446Z rich==13.7.1
2025-04-15T01:17:53.6922701Z s3transfer==0.10.1
2025-04-15T01:17:53.6923006Z service-identity==24.1.0
2025-04-15T01:17:53.6923327Z setuptools==68.1.2
2025-04-15T01:17:53.6923582Z six==1.16.0
2025-04-15T01:17:53.6923823Z sos==4.7.2
2025-04-15T01:17:53.6924082Z ssh-import-id==5.11
2025-04-15T01:17:53.6924384Z systemd-python==235
2025-04-15T01:17:53.6924657Z Twisted==24.3.0
2025-04-15T01:17:53.6924937Z typing_extensions==4.10.0
2025-04-15T01:17:53.6925599Z ubuntu-pro-client==8001
2025-04-15T01:17:53.6925912Z ufw==0.36.2
2025-04-15T01:17:53.6926158Z urllib3==2.0.7
2025-04-15T01:17:53.6926412Z userpath==1.9.2
2025-04-15T01:17:53.6926672Z virtualenv==20.30.0
2025-04-15T01:17:53.6926941Z wadllib==1.3.6
2025-04-15T01:17:53.6927364Z WALinuxAgent==2.9.1.1
2025-04-15T01:17:53.6927874Z wheel==0.42.0
2025-04-15T01:17:53.6928129Z zope.interface==6.1
2025-04-15T01:17:53.6928405Z zstandard==0.22.0
2025-04-15T01:17:53.7887633Z ##[group]Run actions/cache@v4
2025-04-15T01:17:53.7887898Z with:
2025-04-15T01:17:53.7888093Z   path: ~/.cache/pre-commit
2025-04-15T01:17:53.7888470Z   key: pre-commit-3||547c64545613726cd8da7487ed54f1edc27ae9843c378e9a06176ef040e53c6c
2025-04-15T01:17:53.7888877Z   enableCrossOsArchive: false
2025-04-15T01:17:53.7889121Z   fail-on-cache-miss: false
2025-04-15T01:17:53.7889341Z   lookup-only: false
2025-04-15T01:17:53.7889538Z   save-always: false
2025-04-15T01:17:53.7889712Z env:
2025-04-15T01:17:53.7890321Z   CHANGED_FILES: "./core/config/project_settings.cpp" "./doc/classes/ProjectSettings.xml" "./editor/plugins/node_3d_editor_plugin.cpp" "./editor/plugins/node_3d_editor_plugin.h" 
2025-04-15T01:17:53.7890999Z ##[endgroup]
2025-04-15T01:17:54.1881631Z Cache hit for: pre-commit-3||547c64545613726cd8da7487ed54f1edc27ae9843c378e9a06176ef040e53c6c
2025-04-15T01:17:55.4858334Z Received 4194304 of 54357090 (7.7%), 4.0 MBs/sec
2025-04-15T01:17:55.9671930Z Received 54357090 of 54357090 (100.0%), 35.0 MBs/sec
2025-04-15T01:17:55.9672921Z Cache Size: ~52 MB (54357090 B)
2025-04-15T01:17:55.9701637Z [command]/usr/bin/tar -xf /home/runner/work/_temp/3093d58b-2df5-4b9a-8103-f4bc60472502/cache.tzst -P -C /home/runner/work/godot/godot --use-compress-program unzstd
2025-04-15T01:17:56.7422237Z Cache restored successfully
2025-04-15T01:17:56.7696712Z Cache restored from key: pre-commit-3||547c64545613726cd8da7487ed54f1edc27ae9843c378e9a06176ef040e53c6c
2025-04-15T01:17:56.7793735Z ##[group]Run pre-commit run --show-diff-on-failure --color=always --files "./core/config/project_settings.cpp" "./doc/classes/ProjectSettings.xml" "./editor/plugins/node_3d_editor_plugin.cpp" "./editor/plugins/node_3d_editor_plugin.h" 
2025-04-15T01:17:56.7795261Z [36;1mpre-commit run --show-diff-on-failure --color=always --files "./core/config/project_settings.cpp" "./doc/classes/ProjectSettings.xml" "./editor/plugins/node_3d_editor_plugin.cpp" "./editor/plugins/node_3d_editor_plugin.h" [0m
2025-04-15T01:17:56.7841964Z shell: /usr/bin/bash --noprofile --norc -e -o pipefail {0}
2025-04-15T01:17:56.7842298Z env:
2025-04-15T01:17:56.7842958Z   CHANGED_FILES: "./core/config/project_settings.cpp" "./doc/classes/ProjectSettings.xml" "./editor/plugins/node_3d_editor_plugin.cpp" "./editor/plugins/node_3d_editor_plugin.h" 
2025-04-15T01:17:56.7843682Z ##[endgroup]
2025-04-15T01:17:58.3521120Z clang-format.............................................................[42mPassed[m
2025-04-15T01:17:58.3522408Z clang-format-glsl....................................(no files to check)[46;30mSkipped[m
2025-04-15T01:17:58.3523576Z ruff.................................................(no files to check)[46;30mSkipped[m
2025-04-15T01:17:58.3524657Z ruff-format..........................................(no files to check)[46;30mSkipped[m
2025-04-15T01:17:58.3525366Z mypy.................................................(no files to check)[46;30mSkipped[m
2025-04-15T01:17:58.9501770Z codespell................................................................[42mPassed[m
2025-04-15T01:18:00.5448022Z make-rst.................................................................[42mPassed[m
2025-04-15T01:18:01.1959352Z doc-status...............................................................[42mPassed[m
2025-04-15T01:18:01.1960507Z validate-builders....................................(no files to check)[46;30mSkipped[m
2025-04-15T01:18:01.1961414Z eslint...............................................(no files to check)[46;30mSkipped[m
2025-04-15T01:18:01.1962237Z jsdoc................................................(no files to check)[46;30mSkipped[m
2025-04-15T01:18:01.1963554Z svgo.................................................(no files to check)[46;30mSkipped[m
2025-04-15T01:18:02.4829942Z copyright-headers........................................................[42mPassed[m
2025-04-15T01:18:02.5079930Z header-guards............................................................[42mPassed[m
2025-04-15T01:18:02.5376023Z file-format..............................................................[42mPassed[m
2025-04-15T01:18:02.5376598Z dotnet-format........................................(no files to check)[46;30mSkipped[m
