2025-04-12T20:17:16.6621035Z Requested labels: ubuntu-latest
2025-04-12T20:17:16.6621254Z Job defined at: microsoft/markitdown/.github/workflows/pre-commit.yml@refs/pull/1175/merge
2025-04-12T20:17:16.6621337Z Waiting for a runner to pick up this job...
2025-04-12T20:17:17.8350830Z Job is waiting for a hosted runner to come online.
2025-04-12T20:17:21.0670061Z Job is about to start running on the hosted runner: GitHub Actions 950 (hosted)
2025-04-12T20:17:23.6084589Z Current runner version: '2.323.0'
2025-04-12T20:17:23.6109258Z ##[group]Operating System
2025-04-12T20:17:23.6110010Z Ubuntu
2025-04-12T20:17:23.6110592Z 24.04.2
2025-04-12T20:17:23.6111461Z LTS
2025-04-12T20:17:23.6112016Z ##[endgroup]
2025-04-12T20:17:23.6112597Z ##[group]Runner Image
2025-04-12T20:17:23.6113187Z Image: ubuntu-24.04
2025-04-12T20:17:23.6113669Z Version: 20250406.1.0
2025-04-12T20:17:23.6114734Z Included Software: https://github.com/actions/runner-images/blob/ubuntu24/20250406.1/images/ubuntu/Ubuntu2404-Readme.md
2025-04-12T20:17:23.6116120Z Image Release: https://github.com/actions/runner-images/releases/tag/ubuntu24%2F20250406.1
2025-04-12T20:17:23.6117045Z ##[endgroup]
2025-04-12T20:17:23.6117614Z ##[group]Runner Image Provisioner
2025-04-12T20:17:23.6118173Z 2.0.422.1
2025-04-12T20:17:23.6118661Z ##[endgroup]
2025-04-12T20:17:23.6119764Z ##[group]GITHUB_TOKEN Permissions
2025-04-12T20:17:23.6121947Z Contents: read
2025-04-12T20:17:23.6122543Z Metadata: read
2025-04-12T20:17:23.6123293Z Packages: read
2025-04-12T20:17:23.6123962Z ##[endgroup]
2025-04-12T20:17:23.6126981Z Secret source: None
2025-04-12T20:17:23.6127953Z Prepare workflow directory
2025-04-12T20:17:23.6432195Z Prepare all required actions
2025-04-12T20:17:23.6468894Z Getting action download info
2025-04-12T20:17:23.8892073Z ##[group]Download immutable action package 'actions/checkout@v4'
2025-04-12T20:17:23.8892960Z Version: 4.2.2
2025-04-12T20:17:23.8893769Z Digest: sha256:ccb2698953eaebd21c7bf6268a94f9c26518a7e38e27e0b83c1fe1ad049819b1
2025-04-12T20:17:23.8894766Z Source commit SHA: 11bd71901bbe5b1630ceea73d27597364c9af683
2025-04-12T20:17:23.8895384Z ##[endgroup]
2025-04-12T20:17:23.9723343Z ##[group]Download immutable action package 'actions/setup-python@v5'
2025-04-12T20:17:23.9724051Z Version: 5.5.0
2025-04-12T20:17:23.9724699Z Digest: sha256:1fac95d751afd58314aebd2ab01d4bf3b3109a441917bd2cac2a22898ec494f7
2025-04-12T20:17:23.9725551Z Source commit SHA: 8d9ed9ac5c53483de85588cdf95a591a75ab9f55
2025-04-12T20:17:23.9726157Z ##[endgroup]
2025-04-12T20:17:24.3364287Z Complete job name: pre-commit
2025-04-12T20:17:24.4044966Z ##[group]Run actions/checkout@v4
2025-04-12T20:17:24.4045793Z with:
2025-04-12T20:17:24.4046205Z   repository: microsoft/markitdown
2025-04-12T20:17:24.4046860Z   token: ***
2025-04-12T20:17:24.4047249Z   ssh-strict: true
2025-04-12T20:17:24.4047652Z   ssh-user: git
2025-04-12T20:17:24.4048061Z   persist-credentials: true
2025-04-12T20:17:24.4048502Z   clean: true
2025-04-12T20:17:24.4048909Z   sparse-checkout-cone-mode: true
2025-04-12T20:17:24.4049396Z   fetch-depth: 1
2025-04-12T20:17:24.4049795Z   fetch-tags: false
2025-04-12T20:17:24.4050412Z   show-progress: true
2025-04-12T20:17:24.4050943Z   lfs: false
2025-04-12T20:17:24.4051328Z   submodules: false
2025-04-12T20:17:24.4051743Z   set-safe-directory: true
2025-04-12T20:17:24.4052482Z ##[endgroup]
2025-04-12T20:17:24.5893912Z Syncing repository: microsoft/markitdown
2025-04-12T20:17:24.5896465Z ##[group]Getting Git version info
2025-04-12T20:17:24.5897828Z Working directory is '/home/runner/work/markitdown/markitdown'
2025-04-12T20:17:24.5899612Z [command]/usr/bin/git version
2025-04-12T20:17:24.5940992Z git version 2.49.0
2025-04-12T20:17:24.5980947Z ##[endgroup]
2025-04-12T20:17:24.5996029Z Temporarily overriding HOME='/home/runner/work/_temp/0a2aa5ad-505b-45c8-b330-68703b8bff96' before making global git config changes
2025-04-12T20:17:24.5998497Z Adding repository directory to the temporary git global config as a safe directory
2025-04-12T20:17:24.6002896Z [command]/usr/bin/git config --global --add safe.directory /home/runner/work/markitdown/markitdown
2025-04-12T20:17:24.6040176Z Deleting the contents of '/home/runner/work/markitdown/markitdown'
2025-04-12T20:17:24.6043929Z ##[group]Initializing the repository
2025-04-12T20:17:24.6047513Z [command]/usr/bin/git init /home/runner/work/markitdown/markitdown
2025-04-12T20:17:24.6113741Z hint: Using 'master' as the name for the initial branch. This default branch name
2025-04-12T20:17:24.6115096Z hint: is subject to change. To configure the initial branch name to use in all
2025-04-12T20:17:24.6116954Z hint: of your new repositories, which will suppress this warning, call:
2025-04-12T20:17:24.6118110Z hint:
2025-04-12T20:17:24.6118868Z hint: 	git config --global init.defaultBranch <name>
2025-04-12T20:17:24.6119800Z hint:
2025-04-12T20:17:24.6120621Z hint: Names commonly chosen instead of 'master' are 'main', 'trunk' and
2025-04-12T20:17:24.6121534Z hint: 'development'. The just-created branch can be renamed via this command:
2025-04-12T20:17:24.6122237Z hint:
2025-04-12T20:17:24.6122632Z hint: 	git branch -m <name>
2025-04-12T20:17:24.6123383Z Initialized empty Git repository in /home/runner/work/markitdown/markitdown/.git/
2025-04-12T20:17:24.6129573Z [command]/usr/bin/git remote add origin https://github.com/microsoft/markitdown
2025-04-12T20:17:24.6160559Z ##[endgroup]
2025-04-12T20:17:24.6161309Z ##[group]Disabling automatic garbage collection
2025-04-12T20:17:24.6164245Z [command]/usr/bin/git config --local gc.auto 0
2025-04-12T20:17:24.6192142Z ##[endgroup]
2025-04-12T20:17:24.6192839Z ##[group]Setting up auth
2025-04-12T20:17:24.6198812Z [command]/usr/bin/git config --local --name-only --get-regexp core\.sshCommand
2025-04-12T20:17:24.6230887Z [command]/usr/bin/git submodule foreach --recursive sh -c "git config --local --name-only --get-regexp 'core\.sshCommand' && git config --local --unset-all 'core.sshCommand' || :"
2025-04-12T20:17:24.6521339Z [command]/usr/bin/git config --local --name-only --get-regexp http\.https\:\/\/github\.com\/\.extraheader
2025-04-12T20:17:24.6551669Z [command]/usr/bin/git submodule foreach --recursive sh -c "git config --local --name-only --get-regexp 'http\.https\:\/\/github\.com\/\.extraheader' && git config --local --unset-all 'http.https://github.com/.extraheader' || :"
2025-04-12T20:17:24.6802623Z [command]/usr/bin/git config --local http.https://github.com/.extraheader AUTHORIZATION: basic ***
2025-04-12T20:17:24.6847005Z ##[endgroup]
2025-04-12T20:17:24.6859404Z ##[group]Fetching the repository
2025-04-12T20:17:24.6861338Z [command]/usr/bin/git -c protocol.version=2 fetch --no-tags --prune --no-recurse-submodules --depth=1 origin +c054e03d3a488f9cc727d96b595022febb6b4c17:refs/remotes/pull/1175/merge
2025-04-12T20:17:25.3295728Z From https://github.com/microsoft/markitdown
2025-04-12T20:17:25.3297049Z  * [new ref]         c054e03d3a488f9cc727d96b595022febb6b4c17 -> pull/1175/merge
2025-04-12T20:17:25.3322064Z ##[endgroup]
2025-04-12T20:17:25.3322855Z ##[group]Determining the checkout info
2025-04-12T20:17:25.3324343Z ##[endgroup]
2025-04-12T20:17:25.3329095Z [command]/usr/bin/git sparse-checkout disable
2025-04-12T20:17:25.3369501Z [command]/usr/bin/git config --local --unset-all extensions.worktreeConfig
2025-04-12T20:17:25.3396206Z ##[group]Checking out the ref
2025-04-12T20:17:25.3399701Z [command]/usr/bin/git checkout --progress --force refs/remotes/pull/1175/merge
2025-04-12T20:17:25.3642753Z Note: switching to 'refs/remotes/pull/1175/merge'.
2025-04-12T20:17:25.3643518Z 
2025-04-12T20:17:25.3643928Z You are in 'detached HEAD' state. You can look around, make experimental
2025-04-12T20:17:25.3644836Z changes and commit them, and you can discard any commits you make in this
2025-04-12T20:17:25.3645735Z state without impacting any branches by switching back to a branch.
2025-04-12T20:17:25.3646274Z 
2025-04-12T20:17:25.3646620Z If you want to create a new branch to retain commits you create, you may
2025-04-12T20:17:25.3647444Z do so (now or later) by using -c with the switch command. Example:
2025-04-12T20:17:25.3647922Z 
2025-04-12T20:17:25.3648127Z   git switch -c <new-branch-name>
2025-04-12T20:17:25.3648462Z 
2025-04-12T20:17:25.3648665Z Or undo this operation with:
2025-04-12T20:17:25.3648973Z 
2025-04-12T20:17:25.3649148Z   git switch -
2025-04-12T20:17:25.3649387Z 
2025-04-12T20:17:25.3649777Z Turn off this advice by setting config variable advice.detachedHead to false
2025-04-12T20:17:25.3650637Z 
2025-04-12T20:17:25.3651484Z HEAD is now at c054e03 Merge b522fca62889406615a9bdf6c0266656acb5f253 into 3fcd48cdfc651cbf508071c8d2fb7d82aeb075de
2025-04-12T20:17:25.3653695Z ##[endgroup]
2025-04-12T20:17:25.3686205Z [command]/usr/bin/git log -1 --format=%H
2025-04-12T20:17:25.3708646Z c054e03d3a488f9cc727d96b595022febb6b4c17
2025-04-12T20:17:25.4031609Z ##[group]Run actions/setup-python@v5
2025-04-12T20:17:25.4032161Z with:
2025-04-12T20:17:25.4032536Z   python-version: 3.x
2025-04-12T20:17:25.4032971Z   check-latest: false
2025-04-12T20:17:25.4033528Z   token: ***
2025-04-12T20:17:25.4033917Z   update-environment: true
2025-04-12T20:17:25.4034388Z   allow-prereleases: false
2025-04-12T20:17:25.4034846Z   freethreaded: false
2025-04-12T20:17:25.4035255Z ##[endgroup]
2025-04-12T20:17:25.5664511Z ##[group]Installed versions
2025-04-12T20:17:25.5717879Z Successfully set up CPython (3.13.2)
2025-04-12T20:17:25.5719043Z ##[endgroup]
2025-04-12T20:17:25.5840996Z ##[group]Run pip install pre-commit
2025-04-12T20:17:25.5841663Z [36;1mpip install pre-commit[0m
2025-04-12T20:17:25.5842230Z [36;1mpre-commit install --install-hooks[0m
2025-04-12T20:17:25.5894802Z shell: /usr/bin/bash -e {0}
2025-04-12T20:17:25.5895294Z env:
2025-04-12T20:17:25.5895776Z   pythonLocation: /opt/hostedtoolcache/Python/3.13.2/x64
2025-04-12T20:17:25.5896555Z   PKG_CONFIG_PATH: /opt/hostedtoolcache/Python/3.13.2/x64/lib/pkgconfig
2025-04-12T20:17:25.5897309Z   Python_ROOT_DIR: /opt/hostedtoolcache/Python/3.13.2/x64
2025-04-12T20:17:25.5897997Z   Python2_ROOT_DIR: /opt/hostedtoolcache/Python/3.13.2/x64
2025-04-12T20:17:25.5898693Z   Python3_ROOT_DIR: /opt/hostedtoolcache/Python/3.13.2/x64
2025-04-12T20:17:25.5899388Z   LD_LIBRARY_PATH: /opt/hostedtoolcache/Python/3.13.2/x64/lib
2025-04-12T20:17:25.5899976Z ##[endgroup]
2025-04-12T20:17:26.2729694Z Collecting pre-commit
2025-04-12T20:17:26.3051293Z   Downloading pre_commit-4.2.0-py2.py3-none-any.whl.metadata (1.3 kB)
2025-04-12T20:17:26.3208527Z Collecting cfgv>=2.0.0 (from pre-commit)
2025-04-12T20:17:26.3236259Z   Downloading cfgv-3.4.0-py2.py3-none-any.whl.metadata (8.5 kB)
2025-04-12T20:17:26.3639035Z Collecting identify>=1.0.0 (from pre-commit)
2025-04-12T20:17:26.3666490Z   Downloading identify-2.6.9-py2.py3-none-any.whl.metadata (4.4 kB)
2025-04-12T20:17:26.3821788Z Collecting nodeenv>=0.11.1 (from pre-commit)
2025-04-12T20:17:26.3850725Z   Downloading nodeenv-1.9.1-py2.py3-none-any.whl.metadata (21 kB)
2025-04-12T20:17:26.4194157Z Collecting pyyaml>=5.1 (from pre-commit)
2025-04-12T20:17:26.4283081Z   Downloading PyYAML-6.0.2-cp313-cp313-manylinux_2_17_x86_64.manylinux2014_x86_64.whl.metadata (2.1 kB)
2025-04-12T20:17:26.4665988Z Collecting virtualenv>=20.10.0 (from pre-commit)
2025-04-12T20:17:26.4692758Z   Downloading virtualenv-20.30.0-py3-none-any.whl.metadata (4.5 kB)
2025-04-12T20:17:26.4875265Z Collecting distlib<1,>=0.3.7 (from virtualenv>=20.10.0->pre-commit)
2025-04-12T20:17:26.4903049Z   Downloading distlib-0.3.9-py2.py3-none-any.whl.metadata (5.2 kB)
2025-04-12T20:17:26.5089526Z Collecting filelock<4,>=3.12.2 (from virtualenv>=20.10.0->pre-commit)
2025-04-12T20:17:26.5117020Z   Downloading filelock-3.18.0-py3-none-any.whl.metadata (2.9 kB)
2025-04-12T20:17:26.5319932Z Collecting platformdirs<5,>=3.9.1 (from virtualenv>=20.10.0->pre-commit)
2025-04-12T20:17:26.5351799Z   Downloading platformdirs-4.3.7-py3-none-any.whl.metadata (11 kB)
2025-04-12T20:17:26.5463518Z Downloading pre_commit-4.2.0-py2.py3-none-any.whl (220 kB)
2025-04-12T20:17:26.5603956Z Downloading cfgv-3.4.0-py2.py3-none-any.whl (7.2 kB)
2025-04-12T20:17:26.5663499Z Downloading identify-2.6.9-py2.py3-none-any.whl (99 kB)
2025-04-12T20:17:26.5727044Z Downloading nodeenv-1.9.1-py2.py3-none-any.whl (22 kB)
2025-04-12T20:17:26.5783962Z Downloading PyYAML-6.0.2-cp313-cp313-manylinux_2_17_x86_64.manylinux2014_x86_64.whl (759 kB)
2025-04-12T20:17:26.5933558Z    ━━━━━━━━━━━━━━━━━━━━━━━━━━━━━━━━━━━━━━━━ 759.5/759.5 kB 55.4 MB/s eta 0:00:00
2025-04-12T20:17:26.5963461Z Downloading virtualenv-20.30.0-py3-none-any.whl (4.3 MB)
2025-04-12T20:17:26.6423647Z    ━━━━━━━━━━━━━━━━━━━━━━━━━━━━━━━━━━━━━━━━ 4.3/4.3 MB 95.1 MB/s eta 0:00:00
2025-04-12T20:17:26.6452954Z Downloading distlib-0.3.9-py2.py3-none-any.whl (468 kB)
2025-04-12T20:17:26.6533449Z Downloading filelock-3.18.0-py3-none-any.whl (16 kB)
2025-04-12T20:17:26.6583674Z Downloading platformdirs-4.3.7-py3-none-any.whl (18 kB)
2025-04-12T20:17:26.6916688Z Installing collected packages: distlib, pyyaml, platformdirs, nodeenv, identify, filelock, cfgv, virtualenv, pre-commit
2025-04-12T20:17:27.0844296Z Successfully installed cfgv-3.4.0 distlib-0.3.9 filelock-3.18.0 identify-2.6.9 nodeenv-1.9.1 platformdirs-4.3.7 pre-commit-4.2.0 pyyaml-6.0.2 virtualenv-20.30.0
2025-04-12T20:17:27.5640560Z pre-commit installed at .git/hooks/pre-commit
2025-04-12T20:17:27.5647381Z [INFO] Initializing environment for https://github.com/psf/black.
2025-04-12T20:17:28.1505087Z [INFO] Installing environment for https://github.com/psf/black.
2025-04-12T20:17:28.1506173Z [INFO] Once installed this environment will be reused.
2025-04-12T20:17:28.1506797Z [INFO] This may take a few minutes...
2025-04-12T20:17:32.4655296Z ##[group]Run pre-commit run --all-files
2025-04-12T20:17:32.4655699Z [36;1mpre-commit run --all-files[0m
2025-04-12T20:17:32.4703831Z shell: /usr/bin/bash -e {0}
2025-04-12T20:17:32.4704124Z env:
2025-04-12T20:17:32.4704418Z   pythonLocation: /opt/hostedtoolcache/Python/3.13.2/x64
2025-04-12T20:17:32.4704879Z   PKG_CONFIG_PATH: /opt/hostedtoolcache/Python/3.13.2/x64/lib/pkgconfig
2025-04-12T20:17:32.4705328Z   Python_ROOT_DIR: /opt/hostedtoolcache/Python/3.13.2/x64
2025-04-12T20:17:32.4705723Z   Python2_ROOT_DIR: /opt/hostedtoolcache/Python/3.13.2/x64
2025-04-12T20:17:32.4706119Z   Python3_ROOT_DIR: /opt/hostedtoolcache/Python/3.13.2/x64
2025-04-12T20:17:32.4706543Z   LD_LIBRARY_PATH: /opt/hostedtoolcache/Python/3.13.2/x64/lib
2025-04-12T20:17:32.4706887Z ##[endgroup]
2025-04-12T20:17:33.4973150Z black....................................................................Passed
2025-04-12T20:17:33.5231365Z Post job cleanup.
2025-04-12T20:17:33.6857902Z Post job cleanup.
2025-04-12T20:17:33.7802216Z [command]/usr/bin/git version
2025-04-12T20:17:33.7839890Z git version 2.49.0
2025-04-12T20:17:33.7884438Z Temporarily overriding HOME='/home/runner/work/_temp/7bd215b9-e532-416a-a2a8-b03da689826f' before making global git config changes
2025-04-12T20:17:33.7885810Z Adding repository directory to the temporary git global config as a safe directory
2025-04-12T20:17:33.7898537Z [command]/usr/bin/git config --global --add safe.directory /home/runner/work/markitdown/markitdown
2025-04-12T20:17:33.7936080Z [command]/usr/bin/git config --local --name-only --get-regexp core\.sshCommand
2025-04-12T20:17:33.7968459Z [command]/usr/bin/git submodule foreach --recursive sh -c "git config --local --name-only --get-regexp 'core\.sshCommand' && git config --local --unset-all 'core.sshCommand' || :"
2025-04-12T20:17:33.8201586Z [command]/usr/bin/git config --local --name-only --get-regexp http\.https\:\/\/github\.com\/\.extraheader
2025-04-12T20:17:33.8224264Z http.https://github.com/.extraheader
2025-04-12T20:17:33.8237055Z [command]/usr/bin/git config --local --unset-all http.https://github.com/.extraheader
2025-04-12T20:17:33.8269134Z [command]/usr/bin/git submodule foreach --recursive sh -c "git config --local --name-only --get-regexp 'http\.https\:\/\/github\.com\/\.extraheader' && git config --local --unset-all 'http.https://github.com/.extraheader' || :"
2025-04-12T20:17:33.8606123Z Cleaning up orphan processes
