2025-04-14T17:19:18.1630390Z Requested labels: ubuntu-24.04
2025-04-14T17:19:18.1630625Z Job defined at: django/django/.github/workflows/docs.yml@refs/pull/17554/merge
2025-04-14T17:19:18.1630702Z Waiting for a runner to pick up this job...
2025-04-14T17:19:19.7846239Z Job is waiting for a hosted runner to come online.
2025-04-14T17:19:21.2441345Z Job is about to start running on the hosted runner: GitHub Actions 41 (hosted)
2025-04-14T17:19:22.7919944Z Current runner version: '2.323.0'
2025-04-14T17:19:22.7948269Z ##[group]Operating System
2025-04-14T17:19:22.7949074Z Ubuntu
2025-04-14T17:19:22.7949672Z 24.04.2
2025-04-14T17:19:22.7950181Z LTS
2025-04-14T17:19:22.7950629Z ##[endgroup]
2025-04-14T17:19:22.7951232Z ##[group]Runner Image
2025-04-14T17:19:22.7951825Z Image: ubuntu-24.04
2025-04-14T17:19:22.7952352Z Version: 20250406.1.0
2025-04-14T17:19:22.7953662Z Included Software: https://github.com/actions/runner-images/blob/ubuntu24/20250406.1/images/ubuntu/Ubuntu2404-Readme.md
2025-04-14T17:19:22.7955070Z Image Release: https://github.com/actions/runner-images/releases/tag/ubuntu24%2F20250406.1
2025-04-14T17:19:22.7955927Z ##[endgroup]
2025-04-14T17:19:22.7956561Z ##[group]Runner Image Provisioner
2025-04-14T17:19:22.7957156Z 2.0.422.1
2025-04-14T17:19:22.7957680Z ##[endgroup]
2025-04-14T17:19:22.7958702Z ##[group]GITHUB_TOKEN Permissions
2025-04-14T17:19:22.7960674Z Contents: read
2025-04-14T17:19:22.7961380Z Metadata: read
2025-04-14T17:19:22.7962115Z ##[endgroup]
2025-04-14T17:19:22.7965638Z Secret source: None
2025-04-14T17:19:22.7966650Z Prepare workflow directory
2025-04-14T17:19:22.8363325Z Prepare all required actions
2025-04-14T17:19:22.8401250Z Getting action download info
2025-04-14T17:19:22.9825387Z ##[group]Download immutable action package 'actions/checkout@v4'
2025-04-14T17:19:22.9826544Z Version: 4.2.2
2025-04-14T17:19:22.9827458Z Digest: sha256:ccb2698953eaebd21c7bf6268a94f9c26518a7e38e27e0b83c1fe1ad049819b1
2025-04-14T17:19:22.9828483Z Source commit SHA: 11bd71901bbe5b1630ceea73d27597364c9af683
2025-04-14T17:19:22.9829119Z ##[endgroup]
2025-04-14T17:19:23.1048357Z ##[group]Download immutable action package 'actions/setup-python@v5'
2025-04-14T17:19:23.1049092Z Version: 5.5.0
2025-04-14T17:19:23.1049751Z Digest: sha256:1fac95d751afd58314aebd2ab01d4bf3b3109a441917bd2cac2a22898ec494f7
2025-04-14T17:19:23.1050622Z Source commit SHA: 8d9ed9ac5c53483de85588cdf95a591a75ab9f55
2025-04-14T17:19:23.1051232Z ##[endgroup]
2025-04-14T17:19:23.3608957Z Complete job name: docs
2025-04-14T17:19:23.4324642Z ##[group]Run actions/checkout@v4
2025-04-14T17:19:23.4325469Z with:
2025-04-14T17:19:23.4325887Z   repository: django/django
2025-04-14T17:19:23.4326535Z   token: ***
2025-04-14T17:19:23.4326943Z   ssh-strict: true
2025-04-14T17:19:23.4327353Z   ssh-user: git
2025-04-14T17:19:23.4327773Z   persist-credentials: true
2025-04-14T17:19:23.4328228Z   clean: true
2025-04-14T17:19:23.4328648Z   sparse-checkout-cone-mode: true
2025-04-14T17:19:23.4329161Z   fetch-depth: 1
2025-04-14T17:19:23.4329613Z   fetch-tags: false
2025-04-14T17:19:23.4330034Z   show-progress: true
2025-04-14T17:19:23.4330445Z   lfs: false
2025-04-14T17:19:23.4330847Z   submodules: false
2025-04-14T17:19:23.4331281Z   set-safe-directory: true
2025-04-14T17:19:23.4332386Z ##[endgroup]
2025-04-14T17:19:23.7294243Z Syncing repository: django/django
2025-04-14T17:19:23.7296199Z ##[group]Getting Git version info
2025-04-14T17:19:23.7297130Z Working directory is '/home/runner/work/django/django'
2025-04-14T17:19:23.7299034Z [command]/usr/bin/git version
2025-04-14T17:19:23.7440347Z git version 2.49.0
2025-04-14T17:19:23.7474912Z ##[endgroup]
2025-04-14T17:19:23.7491389Z Temporarily overriding HOME='/home/runner/work/_temp/7ac9a6de-6413-4c06-819b-c3b497c9d09f' before making global git config changes
2025-04-14T17:19:23.7494377Z Adding repository directory to the temporary git global config as a safe directory
2025-04-14T17:19:23.7498761Z [command]/usr/bin/git config --global --add safe.directory /home/runner/work/django/django
2025-04-14T17:19:23.7539563Z Deleting the contents of '/home/runner/work/django/django'
2025-04-14T17:19:23.7544195Z ##[group]Initializing the repository
2025-04-14T17:19:23.7549315Z [command]/usr/bin/git init /home/runner/work/django/django
2025-04-14T17:19:23.7667161Z hint: Using 'master' as the name for the initial branch. This default branch name
2025-04-14T17:19:23.7670030Z hint: is subject to change. To configure the initial branch name to use in all
2025-04-14T17:19:23.7671481Z hint: of your new repositories, which will suppress this warning, call:
2025-04-14T17:19:23.7672235Z hint:
2025-04-14T17:19:23.7673057Z hint: 	git config --global init.defaultBranch <name>
2025-04-14T17:19:23.7673759Z hint:
2025-04-14T17:19:23.7674362Z hint: Names commonly chosen instead of 'master' are 'main', 'trunk' and
2025-04-14T17:19:23.7675331Z hint: 'development'. The just-created branch can be renamed via this command:
2025-04-14T17:19:23.7676079Z hint:
2025-04-14T17:19:23.7676493Z hint: 	git branch -m <name>
2025-04-14T17:19:23.7684093Z Initialized empty Git repository in /home/runner/work/django/django/.git/
2025-04-14T17:19:23.7699442Z [command]/usr/bin/git remote add origin https://github.com/django/django
2025-04-14T17:19:23.7748327Z ##[endgroup]
2025-04-14T17:19:23.7749187Z ##[group]Disabling automatic garbage collection
2025-04-14T17:19:23.7752461Z [command]/usr/bin/git config --local gc.auto 0
2025-04-14T17:19:23.7782725Z ##[endgroup]
2025-04-14T17:19:23.7783776Z ##[group]Setting up auth
2025-04-14T17:19:23.7789691Z [command]/usr/bin/git config --local --name-only --get-regexp core\.sshCommand
2025-04-14T17:19:23.7820814Z [command]/usr/bin/git submodule foreach --recursive sh -c "git config --local --name-only --get-regexp 'core\.sshCommand' && git config --local --unset-all 'core.sshCommand' || :"
2025-04-14T17:19:23.8253299Z [command]/usr/bin/git config --local --name-only --get-regexp http\.https\:\/\/github\.com\/\.extraheader
2025-04-14T17:19:23.8288557Z [command]/usr/bin/git submodule foreach --recursive sh -c "git config --local --name-only --get-regexp 'http\.https\:\/\/github\.com\/\.extraheader' && git config --local --unset-all 'http.https://github.com/.extraheader' || :"
2025-04-14T17:19:23.8553645Z [command]/usr/bin/git config --local http.https://github.com/.extraheader AUTHORIZATION: basic ***
2025-04-14T17:19:23.8592212Z ##[endgroup]
2025-04-14T17:19:23.8594567Z ##[group]Fetching the repository
2025-04-14T17:19:23.8603947Z [command]/usr/bin/git -c protocol.version=2 fetch --no-tags --prune --no-recurse-submodules --depth=1 origin +9a332c2d03e9fcc829477d15109b18e595907105:refs/remotes/pull/17554/merge
2025-04-14T17:19:25.6508138Z From https://github.com/django/django
2025-04-14T17:19:25.6510468Z  * [new ref]         9a332c2d03e9fcc829477d15109b18e595907105 -> pull/17554/merge
2025-04-14T17:19:25.6570884Z ##[endgroup]
2025-04-14T17:19:25.6573043Z ##[group]Determining the checkout info
2025-04-14T17:19:25.6575172Z ##[endgroup]
2025-04-14T17:19:25.6579448Z [command]/usr/bin/git sparse-checkout disable
2025-04-14T17:19:25.6624337Z [command]/usr/bin/git config --local --unset-all extensions.worktreeConfig
2025-04-14T17:19:25.6652040Z ##[group]Checking out the ref
2025-04-14T17:19:25.6655563Z [command]/usr/bin/git checkout --progress --force refs/remotes/pull/17554/merge
2025-04-14T17:19:26.1567074Z Note: switching to 'refs/remotes/pull/17554/merge'.
2025-04-14T17:19:26.1567756Z 
2025-04-14T17:19:26.1568180Z You are in 'detached HEAD' state. You can look around, make experimental
2025-04-14T17:19:26.1569487Z changes and commit them, and you can discard any commits you make in this
2025-04-14T17:19:26.1570711Z state without impacting any branches by switching back to a branch.
2025-04-14T17:19:26.1571462Z 
2025-04-14T17:19:26.1571874Z If you want to create a new branch to retain commits you create, you may
2025-04-14T17:19:26.1572681Z do so (now or later) by using -c with the switch command. Example:
2025-04-14T17:19:26.1573388Z 
2025-04-14T17:19:26.1573608Z   git switch -c <new-branch-name>
2025-04-14T17:19:26.1573989Z 
2025-04-14T17:19:26.1574185Z Or undo this operation with:
2025-04-14T17:19:26.1574501Z 
2025-04-14T17:19:26.1574686Z   git switch -
2025-04-14T17:19:26.1574993Z 
2025-04-14T17:19:26.1575412Z Turn off this advice by setting config variable advice.detachedHead to false
2025-04-14T17:19:26.1576049Z 
2025-04-14T17:19:26.1576765Z HEAD is now at 9a332c2 Merge 8c51433018018f094178138471eec226acda236d into ab1b9cc1b38e8735979c817f42e8f54a5795c4f7
2025-04-14T17:19:26.1583878Z ##[endgroup]
2025-04-14T17:19:26.1623903Z [command]/usr/bin/git log -1 --format=%H
2025-04-14T17:19:26.1646882Z 9a332c2d03e9fcc829477d15109b18e595907105
2025-04-14T17:19:26.1976289Z ##[group]Run actions/setup-python@v5
2025-04-14T17:19:26.1976637Z with:
2025-04-14T17:19:26.1976885Z   python-version: 3.13
2025-04-14T17:19:26.1977132Z   cache: pip
2025-04-14T17:19:26.1977395Z   cache-dependency-path: docs/requirements.txt
2025-04-14T17:19:26.1977719Z   check-latest: false
2025-04-14T17:19:26.1978109Z   token: ***
2025-04-14T17:19:26.1978375Z   update-environment: true
2025-04-14T17:19:26.1978641Z   allow-prereleases: false
2025-04-14T17:19:26.1978893Z   freethreaded: false
2025-04-14T17:19:26.1979125Z ##[endgroup]
2025-04-14T17:19:26.3627363Z ##[group]Installed versions
2025-04-14T17:19:26.3685175Z Successfully set up CPython (3.13.2)
2025-04-14T17:19:26.3685937Z ##[endgroup]
2025-04-14T17:19:26.3989388Z [command]/opt/hostedtoolcache/Python/3.13.2/x64/bin/pip cache dir
2025-04-14T17:19:28.2725202Z /home/runner/.cache/pip
2025-04-14T17:19:28.4009653Z Cache hit for: setup-python-Linux-x64-24.04-Ubuntu-python-3.13.2-pip-36e4e3d0ff2183e0234455b531be7c29e94c3ba5d3f6a32f3d9ff5bbf06af8f7
2025-04-14T17:19:28.8016950Z Received 60356612 of 60356612 (100.0%), 158.6 MBs/sec
2025-04-14T17:19:28.8017909Z Cache Size: ~58 MB (60356612 B)
2025-04-14T17:19:28.8130205Z [command]/usr/bin/tar -xf /home/runner/work/_temp/0b227939-b166-40b7-99cb-0dd1cbf61e7a/cache.tzst -P -C /home/runner/work/django/django --use-compress-program unzstd
2025-04-14T17:19:28.9334517Z Cache restored successfully
2025-04-14T17:19:28.9480943Z Cache restored from key: setup-python-Linux-x64-24.04-Ubuntu-python-3.13.2-pip-36e4e3d0ff2183e0234455b531be7c29e94c3ba5d3f6a32f3d9ff5bbf06af8f7
2025-04-14T17:19:28.9638442Z ##[group]Run python -m pip install -r docs/requirements.txt
2025-04-14T17:19:28.9638966Z [36;1mpython -m pip install -r docs/requirements.txt[0m
2025-04-14T17:19:28.9693990Z shell: /usr/bin/bash -e {0}
2025-04-14T17:19:28.9694241Z env:
2025-04-14T17:19:28.9694503Z   pythonLocation: /opt/hostedtoolcache/Python/3.13.2/x64
2025-04-14T17:19:28.9694927Z   PKG_CONFIG_PATH: /opt/hostedtoolcache/Python/3.13.2/x64/lib/pkgconfig
2025-04-14T17:19:28.9695325Z   Python_ROOT_DIR: /opt/hostedtoolcache/Python/3.13.2/x64
2025-04-14T17:19:28.9695674Z   Python2_ROOT_DIR: /opt/hostedtoolcache/Python/3.13.2/x64
2025-04-14T17:19:28.9696015Z   Python3_ROOT_DIR: /opt/hostedtoolcache/Python/3.13.2/x64
2025-04-14T17:19:28.9696355Z   LD_LIBRARY_PATH: /opt/hostedtoolcache/Python/3.13.2/x64/lib
2025-04-14T17:19:28.9696643Z ##[endgroup]
2025-04-14T17:19:30.1415784Z Collecting pyenchant (from -r docs/requirements.txt (line 1))
2025-04-14T17:19:30.1429360Z   Using cached pyenchant-3.2.2-py3-none-any.whl.metadata (3.8 kB)
2025-04-14T17:19:30.1920780Z Collecting Sphinx>=4.5.0 (from -r docs/requirements.txt (line 2))
2025-04-14T17:19:30.2246563Z   Downloading sphinx-8.2.3-py3-none-any.whl.metadata (7.0 kB)
2025-04-14T17:19:30.2507675Z Collecting sphinxcontrib-spelling (from -r docs/requirements.txt (line 3))
2025-04-14T17:19:30.2520138Z   Using cached sphinxcontrib_spelling-8.0.1-py3-none-any.whl.metadata (2.8 kB)
2025-04-14T17:19:30.2636106Z Collecting blacken-docs (from -r docs/requirements.txt (line 4))
2025-04-14T17:19:30.2648103Z   Using cached blacken_docs-1.19.1-py3-none-any.whl.metadata (8.6 kB)
2025-04-14T17:19:30.2750095Z Collecting sphinxcontrib-applehelp>=1.0.7 (from Sphinx>=4.5.0->-r docs/requirements.txt (line 2))
2025-04-14T17:19:30.2761839Z   Using cached sphinxcontrib_applehelp-2.0.0-py3-none-any.whl.metadata (2.3 kB)
2025-04-14T17:19:30.2851112Z Collecting sphinxcontrib-devhelp>=1.0.6 (from Sphinx>=4.5.0->-r docs/requirements.txt (line 2))
2025-04-14T17:19:30.2861961Z   Using cached sphinxcontrib_devhelp-2.0.0-py3-none-any.whl.metadata (2.3 kB)
2025-04-14T17:19:30.2975379Z Collecting sphinxcontrib-htmlhelp>=2.0.6 (from Sphinx>=4.5.0->-r docs/requirements.txt (line 2))
2025-04-14T17:19:30.2986377Z   Using cached sphinxcontrib_htmlhelp-2.1.0-py3-none-any.whl.metadata (2.3 kB)
2025-04-14T17:19:30.3055648Z Collecting sphinxcontrib-jsmath>=1.0.1 (from Sphinx>=4.5.0->-r docs/requirements.txt (line 2))
2025-04-14T17:19:30.3066429Z   Using cached sphinxcontrib_jsmath-1.0.1-py2.py3-none-any.whl.metadata (1.4 kB)
2025-04-14T17:19:30.3152641Z Collecting sphinxcontrib-qthelp>=1.0.6 (from Sphinx>=4.5.0->-r docs/requirements.txt (line 2))
2025-04-14T17:19:30.3163626Z   Using cached sphinxcontrib_qthelp-2.0.0-py3-none-any.whl.metadata (2.3 kB)
2025-04-14T17:19:30.3251073Z Collecting sphinxcontrib-serializinghtml>=1.1.9 (from Sphinx>=4.5.0->-r docs/requirements.txt (line 2))
2025-04-14T17:19:30.3261643Z   Using cached sphinxcontrib_serializinghtml-2.0.0-py3-none-any.whl.metadata (2.4 kB)
2025-04-14T17:19:30.3411079Z Collecting Jinja2>=3.1 (from Sphinx>=4.5.0->-r docs/requirements.txt (line 2))
2025-04-14T17:19:30.3483093Z   Downloading jinja2-3.1.6-py3-none-any.whl.metadata (2.9 kB)
2025-04-14T17:19:30.3669263Z Collecting Pygments>=2.17 (from Sphinx>=4.5.0->-r docs/requirements.txt (line 2))
2025-04-14T17:19:30.3680852Z   Using cached pygments-2.19.1-py3-none-any.whl.metadata (2.5 kB)
2025-04-14T17:19:30.3821763Z Collecting docutils<0.22,>=0.20 (from Sphinx>=4.5.0->-r docs/requirements.txt (line 2))
2025-04-14T17:19:30.3837483Z   Using cached docutils-0.21.2-py3-none-any.whl.metadata (2.8 kB)
2025-04-14T17:19:30.3920996Z Collecting snowballstemmer>=2.2 (from Sphinx>=4.5.0->-r docs/requirements.txt (line 2))
2025-04-14T17:19:30.3933504Z   Using cached snowballstemmer-2.2.0-py2.py3-none-any.whl.metadata (6.5 kB)
2025-04-14T17:19:30.4089066Z Collecting babel>=2.13 (from Sphinx>=4.5.0->-r docs/requirements.txt (line 2))
2025-04-14T17:19:30.4101481Z   Using cached babel-2.17.0-py3-none-any.whl.metadata (2.0 kB)
2025-04-14T17:19:30.4217462Z Collecting alabaster>=0.7.14 (from Sphinx>=4.5.0->-r docs/requirements.txt (line 2))
2025-04-14T17:19:30.4228602Z   Using cached alabaster-1.0.0-py3-none-any.whl.metadata (2.8 kB)
2025-04-14T17:19:30.4313945Z Collecting imagesize>=1.3 (from Sphinx>=4.5.0->-r docs/requirements.txt (line 2))
2025-04-14T17:19:30.4325496Z   Using cached imagesize-1.4.1-py2.py3-none-any.whl.metadata (1.5 kB)
2025-04-14T17:19:30.4544637Z Collecting requests>=2.30.0 (from Sphinx>=4.5.0->-r docs/requirements.txt (line 2))
2025-04-14T17:19:30.4563829Z   Using cached requests-2.32.3-py3-none-any.whl.metadata (4.6 kB)
2025-04-14T17:19:30.4676055Z Collecting roman-numerals-py>=1.0.0 (from Sphinx>=4.5.0->-r docs/requirements.txt (line 2))
2025-04-14T17:19:30.4709191Z   Downloading roman_numerals_py-3.1.0-py3-none-any.whl.metadata (3.6 kB)
2025-04-14T17:19:30.4871418Z Collecting packaging>=23.0 (from Sphinx>=4.5.0->-r docs/requirements.txt (line 2))
2025-04-14T17:19:30.4883037Z   Using cached packaging-24.2-py3-none-any.whl.metadata (3.2 kB)
2025-04-14T17:19:30.5523974Z Collecting black>=22.1 (from blacken-docs->-r docs/requirements.txt (line 4))
2025-04-14T17:19:30.5536930Z   Using cached black-25.1.0-cp313-cp313-manylinux_2_17_x86_64.manylinux2014_x86_64.manylinux_2_28_x86_64.whl.metadata (81 kB)
2025-04-14T17:19:30.5791201Z Collecting click>=8.0.0 (from black>=22.1->blacken-docs->-r docs/requirements.txt (line 4))
2025-04-14T17:19:30.5803313Z   Using cached click-8.1.8-py3-none-any.whl.metadata (2.3 kB)
2025-04-14T17:19:30.5888159Z Collecting mypy-extensions>=0.4.3 (from black>=22.1->blacken-docs->-r docs/requirements.txt (line 4))
2025-04-14T17:19:30.5902736Z   Using cached mypy_extensions-1.0.0-py3-none-any.whl.metadata (1.1 kB)
2025-04-14T17:19:30.6025926Z Collecting pathspec>=0.9.0 (from black>=22.1->blacken-docs->-r docs/requirements.txt (line 4))
2025-04-14T17:19:30.6036853Z   Using cached pathspec-0.12.1-py3-none-any.whl.metadata (21 kB)
2025-04-14T17:19:30.6204201Z Collecting platformdirs>=2 (from black>=22.1->blacken-docs->-r docs/requirements.txt (line 4))
2025-04-14T17:19:30.6233653Z   Downloading platformdirs-4.3.7-py3-none-any.whl.metadata (11 kB)
2025-04-14T17:19:30.6666756Z Collecting MarkupSafe>=2.0 (from Jinja2>=3.1->Sphinx>=4.5.0->-r docs/requirements.txt (line 2))
2025-04-14T17:19:30.6678966Z   Using cached MarkupSafe-3.0.2-cp313-cp313-manylinux_2_17_x86_64.manylinux2014_x86_64.whl.metadata (4.0 kB)
2025-04-14T17:19:30.7227130Z Collecting charset-normalizer<4,>=2 (from requests>=2.30.0->Sphinx>=4.5.0->-r docs/requirements.txt (line 2))
2025-04-14T17:19:30.7239863Z   Using cached charset_normalizer-3.4.1-cp313-cp313-manylinux_2_17_x86_64.manylinux2014_x86_64.whl.metadata (35 kB)
2025-04-14T17:19:30.7373573Z Collecting idna<4,>=2.5 (from requests>=2.30.0->Sphinx>=4.5.0->-r docs/requirements.txt (line 2))
2025-04-14T17:19:30.7384766Z   Using cached idna-3.10-py3-none-any.whl.metadata (10 kB)
2025-04-14T17:19:30.7637157Z Collecting urllib3<3,>=1.21.1 (from requests>=2.30.0->Sphinx>=4.5.0->-r docs/requirements.txt (line 2))
2025-04-14T17:19:30.7666863Z   Downloading urllib3-2.4.0-py3-none-any.whl.metadata (6.5 kB)
2025-04-14T17:19:30.7871273Z Collecting certifi>=2017.4.17 (from requests>=2.30.0->Sphinx>=4.5.0->-r docs/requirements.txt (line 2))
2025-04-14T17:19:30.7883426Z   Using cached certifi-2025.1.31-py3-none-any.whl.metadata (2.5 kB)
2025-04-14T17:19:30.8065123Z Using cached pyenchant-3.2.2-py3-none-any.whl (55 kB)
2025-04-14T17:19:30.8100144Z Downloading sphinx-8.2.3-py3-none-any.whl (3.6 MB)
2025-04-14T17:19:30.8478674Z    ━━━━━━━━━━━━━━━━━━━━━━━━━━━━━━━━━━━━━━━━ 3.6/3.6 MB 131.9 MB/s eta 0:00:00
2025-04-14T17:19:30.8491380Z Using cached sphinxcontrib_spelling-8.0.1-py3-none-any.whl (14 kB)
2025-04-14T17:19:30.8502043Z Using cached blacken_docs-1.19.1-py3-none-any.whl (8.3 kB)
2025-04-14T17:19:30.8512250Z Using cached alabaster-1.0.0-py3-none-any.whl (13 kB)
2025-04-14T17:19:30.8522608Z Using cached babel-2.17.0-py3-none-any.whl (10.2 MB)
2025-04-14T17:19:30.8611312Z Using cached black-25.1.0-cp313-cp313-manylinux_2_17_x86_64.manylinux2014_x86_64.manylinux_2_28_x86_64.whl (1.8 MB)
2025-04-14T17:19:30.8634289Z Using cached docutils-0.21.2-py3-none-any.whl (587 kB)
2025-04-14T17:19:30.8649179Z Using cached imagesize-1.4.1-py2.py3-none-any.whl (8.8 kB)
2025-04-14T17:19:30.8677457Z Downloading jinja2-3.1.6-py3-none-any.whl (134 kB)
2025-04-14T17:19:30.8723272Z Using cached packaging-24.2-py3-none-any.whl (65 kB)
2025-04-14T17:19:30.8734369Z Using cached pygments-2.19.1-py3-none-any.whl (1.2 MB)
2025-04-14T17:19:30.8753614Z Using cached requests-2.32.3-py3-none-any.whl (64 kB)
2025-04-14T17:19:30.8782601Z Downloading roman_numerals_py-3.1.0-py3-none-any.whl (7.7 kB)
2025-04-14T17:19:30.8824891Z Using cached snowballstemmer-2.2.0-py2.py3-none-any.whl (93 kB)
2025-04-14T17:19:30.8835843Z Using cached sphinxcontrib_applehelp-2.0.0-py3-none-any.whl (119 kB)
2025-04-14T17:19:30.8846869Z Using cached sphinxcontrib_devhelp-2.0.0-py3-none-any.whl (82 kB)
2025-04-14T17:19:30.8857784Z Using cached sphinxcontrib_htmlhelp-2.1.0-py3-none-any.whl (98 kB)
2025-04-14T17:19:30.8868689Z Using cached sphinxcontrib_jsmath-1.0.1-py2.py3-none-any.whl (5.1 kB)
2025-04-14T17:19:30.8879039Z Using cached sphinxcontrib_qthelp-2.0.0-py3-none-any.whl (88 kB)
2025-04-14T17:19:30.8889892Z Using cached sphinxcontrib_serializinghtml-2.0.0-py3-none-any.whl (92 kB)
2025-04-14T17:19:30.8900543Z Using cached certifi-2025.1.31-py3-none-any.whl (166 kB)
2025-04-14T17:19:30.8912284Z Using cached charset_normalizer-3.4.1-cp313-cp313-manylinux_2_17_x86_64.manylinux2014_x86_64.whl (144 kB)
2025-04-14T17:19:30.8923444Z Using cached click-8.1.8-py3-none-any.whl (98 kB)
2025-04-14T17:19:30.8934276Z Using cached idna-3.10-py3-none-any.whl (70 kB)
2025-04-14T17:19:30.8945418Z Using cached MarkupSafe-3.0.2-cp313-cp313-manylinux_2_17_x86_64.manylinux2014_x86_64.whl (23 kB)
2025-04-14T17:19:30.8955578Z Using cached mypy_extensions-1.0.0-py3-none-any.whl (4.7 kB)
2025-04-14T17:19:30.8965717Z Using cached pathspec-0.12.1-py3-none-any.whl (31 kB)
2025-04-14T17:19:30.8992004Z Downloading platformdirs-4.3.7-py3-none-any.whl (18 kB)
2025-04-14T17:19:30.9052300Z Downloading urllib3-2.4.0-py3-none-any.whl (128 kB)
2025-04-14T17:19:31.0229507Z Installing collected packages: snowballstemmer, urllib3, sphinxcontrib-serializinghtml, sphinxcontrib-qthelp, sphinxcontrib-jsmath, sphinxcontrib-htmlhelp, sphinxcontrib-devhelp, sphinxcontrib-applehelp, roman-numerals-py, Pygments, pyenchant, platformdirs, pathspec, packaging, mypy-extensions, MarkupSafe, imagesize, idna, docutils, click, charset-normalizer, certifi, babel, alabaster, requests, Jinja2, black, Sphinx, blacken-docs, sphinxcontrib-spelling
2025-04-14T17:19:34.1670172Z Successfully installed Jinja2-3.1.6 MarkupSafe-3.0.2 Pygments-2.19.1 Sphinx-8.2.3 alabaster-1.0.0 babel-2.17.0 black-25.1.0 blacken-docs-1.19.1 certifi-2025.1.31 charset-normalizer-3.4.1 click-8.1.8 docutils-0.21.2 idna-3.10 imagesize-1.4.1 mypy-extensions-1.0.0 packaging-24.2 pathspec-0.12.1 platformdirs-4.3.7 pyenchant-3.2.2 requests-2.32.3 roman-numerals-py-3.1.0 snowballstemmer-2.2.0 sphinxcontrib-applehelp-2.0.0 sphinxcontrib-devhelp-2.0.0 sphinxcontrib-htmlhelp-2.1.0 sphinxcontrib-jsmath-1.0.1 sphinxcontrib-qthelp-2.0.0 sphinxcontrib-serializinghtml-2.0.0 sphinxcontrib-spelling-8.0.1 urllib3-2.4.0
2025-04-14T17:19:34.3363376Z ##[group]Run cd docs
2025-04-14T17:19:34.3363805Z [36;1mcd docs[0m
2025-04-14T17:19:34.3364530Z [36;1msphinx-build -b spelling -n -q -W --keep-going -d _build/doctrees -D language=en_US -j auto . _build/spelling[0m
2025-04-14T17:19:34.3432242Z shell: /usr/bin/bash -e {0}
2025-04-14T17:19:34.3432625Z env:
2025-04-14T17:19:34.3433224Z   pythonLocation: /opt/hostedtoolcache/Python/3.13.2/x64
2025-04-14T17:19:34.3433915Z   PKG_CONFIG_PATH: /opt/hostedtoolcache/Python/3.13.2/x64/lib/pkgconfig
2025-04-14T17:19:34.3434586Z   Python_ROOT_DIR: /opt/hostedtoolcache/Python/3.13.2/x64
2025-04-14T17:19:34.3435202Z   Python2_ROOT_DIR: /opt/hostedtoolcache/Python/3.13.2/x64
2025-04-14T17:19:34.3435792Z   Python3_ROOT_DIR: /opt/hostedtoolcache/Python/3.13.2/x64
2025-04-14T17:19:34.3436391Z   LD_LIBRARY_PATH: /opt/hostedtoolcache/Python/3.13.2/x64/lib
2025-04-14T17:19:34.3436887Z ##[endgroup]
2025-04-14T17:20:22.9302624Z [91mWARNING: ref/models/querysets.txt:1166: : Spell check: [91mbehaviour[39;49;00m: triggering triggering the on-demand loading behaviour of the model instances’.[39;49;00m
2025-04-14T17:20:22.9304590Z [91mWARNING: Found 1 misspelled words[39;49;00m
2025-04-14T17:20:23.4586705Z ##[error]Process completed with exit code 1.
2025-04-14T17:20:23.4681055Z Post job cleanup.
2025-04-14T17:20:23.5626355Z [command]/usr/bin/git version
2025-04-14T17:20:23.5664048Z git version 2.49.0
2025-04-14T17:20:23.5717197Z Temporarily overriding HOME='/home/runner/work/_temp/1452c2e0-0947-4df9-a565-c144dd895eb0' before making global git config changes
2025-04-14T17:20:23.5718495Z Adding repository directory to the temporary git global config as a safe directory
2025-04-14T17:20:23.5723457Z [command]/usr/bin/git config --global --add safe.directory /home/runner/work/django/django
2025-04-14T17:20:23.5762410Z [command]/usr/bin/git config --local --name-only --get-regexp core\.sshCommand
2025-04-14T17:20:23.5796300Z [command]/usr/bin/git submodule foreach --recursive sh -c "git config --local --name-only --get-regexp 'core\.sshCommand' && git config --local --unset-all 'core.sshCommand' || :"
2025-04-14T17:20:23.6046355Z [command]/usr/bin/git config --local --name-only --get-regexp http\.https\:\/\/github\.com\/\.extraheader
2025-04-14T17:20:23.6069021Z http.https://github.com/.extraheader
2025-04-14T17:20:23.6085278Z [command]/usr/bin/git config --local --unset-all http.https://github.com/.extraheader
2025-04-14T17:20:23.6116611Z [command]/usr/bin/git submodule foreach --recursive sh -c "git config --local --name-only --get-regexp 'http\.https\:\/\/github\.com\/\.extraheader' && git config --local --unset-all 'http.https://github.com/.extraheader' || :"
2025-04-14T17:20:23.6483921Z Cleaning up orphan processes
