2025-04-15T07:51:38.5183229Z Requested labels: ubuntu-latest
2025-04-15T07:51:38.5183684Z Job defined at: supabase/supabase/.github/workflows/docs-lint-v2.yml@refs/pull/27087/merge
2025-04-15T07:51:38.5183876Z Waiting for a runner to pick up this job...
2025-04-15T07:51:40.3094431Z Job is waiting for a hosted runner to come online.
2025-04-15T07:51:42.2875124Z Job is about to start running on the hosted runner: GitHub Actions 54 (hosted)
2025-04-15T07:51:44.8015969Z Current runner version: '2.323.0'
2025-04-15T07:51:44.8040898Z ##[group]Operating System
2025-04-15T07:51:44.8041759Z Ubuntu
2025-04-15T07:51:44.8042292Z 24.04.2
2025-04-15T07:51:44.8042811Z LTS
2025-04-15T07:51:44.8043366Z ##[endgroup]
2025-04-15T07:51:44.8043882Z ##[group]Runner Image
2025-04-15T07:51:44.8044477Z Image: ubuntu-24.04
2025-04-15T07:51:44.8045080Z Version: 20250406.1.0
2025-04-15T07:51:44.8046131Z Included Software: https://github.com/actions/runner-images/blob/ubuntu24/20250406.1/images/ubuntu/Ubuntu2404-Readme.md
2025-04-15T07:51:44.8047497Z Image Release: https://github.com/actions/runner-images/releases/tag/ubuntu24%2F20250406.1
2025-04-15T07:51:44.8049012Z ##[endgroup]
2025-04-15T07:51:44.8049557Z ##[group]Runner Image Provisioner
2025-04-15T07:51:44.8050160Z 2.0.422.1
2025-04-15T07:51:44.8050756Z ##[endgroup]
2025-04-15T07:51:44.8051810Z ##[group]GITHUB_TOKEN Permissions
2025-04-15T07:51:44.8053669Z Metadata: read
2025-04-15T07:51:44.8054458Z PullRequests: write
2025-04-15T07:51:44.8055237Z ##[endgroup]
2025-04-15T07:51:44.8058197Z Secret source: Actions
2025-04-15T07:51:44.8059189Z Prepare workflow directory
2025-04-15T07:51:44.8518141Z Prepare all required actions
2025-04-15T07:51:44.8555248Z Getting action download info
2025-04-15T07:51:45.1437501Z ##[group]Download immutable action package 'actions/checkout@v4'
2025-04-15T07:51:45.1438408Z Version: 4.2.2
2025-04-15T07:51:45.1439608Z Digest: sha256:ccb2698953eaebd21c7bf6268a94f9c26518a7e38e27e0b83c1fe1ad049819b1
2025-04-15T07:51:45.1440746Z Source commit SHA: 11bd71901bbe5b1630ceea73d27597364c9af683
2025-04-15T07:51:45.1441383Z ##[endgroup]
2025-04-15T07:51:45.2337767Z Download action repository 'dorny/paths-filter@de90cc6fb38fc0963ad72b210f1f284cd68cea36' (SHA:de90cc6fb38fc0963ad72b210f1f284cd68cea36)
2025-04-15T07:51:45.7259336Z ##[group]Download immutable action package 'actions/cache@v4'
2025-04-15T07:51:45.7260101Z Version: 4.2.3
2025-04-15T07:51:45.7260845Z Digest: sha256:c8a3bb963e1f1826d8fcc8d1354f0dd29d8ac1db1d4f6f20247055ae11b81ed9
2025-04-15T07:51:45.7261780Z Source commit SHA: 5a3ec84eff668545956fd18022155c47e93e2684
2025-04-15T07:51:45.7262444Z ##[endgroup]
2025-04-15T07:51:45.8288329Z Download action repository 'reviewdog/action-setup@3f401fe1d58fe77e10d665ab713057375e39b887' (SHA:3f401fe1d58fe77e10d665ab713057375e39b887)
2025-04-15T07:51:46.2965198Z Complete job name: supa-mdx-lint
2025-04-15T07:51:46.3813277Z ##[group]Run actions/checkout@v4
2025-04-15T07:51:46.3814652Z with:
2025-04-15T07:51:46.3815406Z   fetch-depth: 0
2025-04-15T07:51:46.3816703Z   sparse-checkout: supa-mdx-lint.config.toml
supa-mdx-lint
apps/docs/content

2025-04-15T07:51:46.3818252Z   repository: supabase/supabase
2025-04-15T07:51:46.3819750Z   token: ***
2025-04-15T07:51:46.3820520Z   ssh-strict: true
2025-04-15T07:51:46.3821346Z   ssh-user: git
2025-04-15T07:51:46.3822178Z   persist-credentials: true
2025-04-15T07:51:46.3823094Z   clean: true
2025-04-15T07:51:46.3823925Z   sparse-checkout-cone-mode: true
2025-04-15T07:51:46.3824929Z   fetch-tags: false
2025-04-15T07:51:46.3825783Z   show-progress: true
2025-04-15T07:51:46.3826618Z   lfs: false
2025-04-15T07:51:46.3827381Z   submodules: false
2025-04-15T07:51:46.3828227Z   set-safe-directory: true
2025-04-15T07:51:46.3829483Z env:
2025-04-15T07:51:46.3830255Z   CARGO_NET_GIT_FETCH_WITH_CLI: true
2025-04-15T07:51:46.3831269Z ##[endgroup]
2025-04-15T07:51:46.5644124Z Syncing repository: supabase/supabase
2025-04-15T07:51:46.5646736Z ##[group]Getting Git version info
2025-04-15T07:51:46.5648041Z Working directory is '/home/runner/work/supabase/supabase'
2025-04-15T07:51:46.5650180Z [command]/usr/bin/git version
2025-04-15T07:51:46.5703970Z git version 2.49.0
2025-04-15T07:51:46.5823050Z ##[endgroup]
2025-04-15T07:51:46.5833869Z Temporarily overriding HOME='/home/runner/work/_temp/1af52cc4-9703-48a6-95f4-382216a1718d' before making global git config changes
2025-04-15T07:51:46.5837924Z Adding repository directory to the temporary git global config as a safe directory
2025-04-15T07:51:46.5841417Z [command]/usr/bin/git config --global --add safe.directory /home/runner/work/supabase/supabase
2025-04-15T07:51:46.5845948Z Deleting the contents of '/home/runner/work/supabase/supabase'
2025-04-15T07:51:46.5849582Z ##[group]Initializing the repository
2025-04-15T07:51:46.5851011Z [command]/usr/bin/git init /home/runner/work/supabase/supabase
2025-04-15T07:51:46.5890999Z hint: Using 'master' as the name for the initial branch. This default branch name
2025-04-15T07:51:46.5894190Z hint: is subject to change. To configure the initial branch name to use in all
2025-04-15T07:51:46.5897091Z hint: of your new repositories, which will suppress this warning, call:
2025-04-15T07:51:46.5898458Z hint:
2025-04-15T07:51:46.5899574Z hint: 	git config --global init.defaultBranch <name>
2025-04-15T07:51:46.5901039Z hint:
2025-04-15T07:51:46.5902210Z hint: Names commonly chosen instead of 'master' are 'main', 'trunk' and
2025-04-15T07:51:46.5903963Z hint: 'development'. The just-created branch can be renamed via this command:
2025-04-15T07:51:46.5905350Z hint:
2025-04-15T07:51:46.5906275Z hint: 	git branch -m <name>
2025-04-15T07:51:46.5908498Z Initialized empty Git repository in /home/runner/work/supabase/supabase/.git/
2025-04-15T07:51:46.5911937Z [command]/usr/bin/git remote add origin https://github.com/supabase/supabase
2025-04-15T07:51:46.5941595Z ##[endgroup]
2025-04-15T07:51:46.5942969Z ##[group]Disabling automatic garbage collection
2025-04-15T07:51:46.5945208Z [command]/usr/bin/git config --local gc.auto 0
2025-04-15T07:51:46.5973855Z ##[endgroup]
2025-04-15T07:51:46.5975164Z ##[group]Setting up auth
2025-04-15T07:51:46.5980945Z [command]/usr/bin/git config --local --name-only --get-regexp core\.sshCommand
2025-04-15T07:51:46.6011246Z [command]/usr/bin/git submodule foreach --recursive sh -c "git config --local --name-only --get-regexp 'core\.sshCommand' && git config --local --unset-all 'core.sshCommand' || :"
2025-04-15T07:51:46.6293456Z [command]/usr/bin/git config --local --name-only --get-regexp http\.https\:\/\/github\.com\/\.extraheader
2025-04-15T07:51:46.6324746Z [command]/usr/bin/git submodule foreach --recursive sh -c "git config --local --name-only --get-regexp 'http\.https\:\/\/github\.com\/\.extraheader' && git config --local --unset-all 'http.https://github.com/.extraheader' || :"
2025-04-15T07:51:46.6561000Z [command]/usr/bin/git config --local http.https://github.com/.extraheader AUTHORIZATION: basic ***
2025-04-15T07:51:46.6599714Z ##[endgroup]
2025-04-15T07:51:46.6601209Z ##[group]Fetching the repository
2025-04-15T07:51:46.6610505Z [command]/usr/bin/git -c protocol.version=2 fetch --prune --no-recurse-submodules --filter=blob:none origin +refs/heads/*:refs/remotes/origin/* +refs/tags/*:refs/tags/* +c0499857536d9f7b5f0b095260c5b9fbeb292b91:refs/remotes/pull/27087/merge
2025-04-15T07:51:50.0284726Z From https://github.com/supabase/supabase
2025-04-15T07:51:50.0286723Z  * [new branch]          GiantPineappleStatue/master -> origin/GiantPineappleStatue/master
2025-04-15T07:51:50.0288133Z  * [new branch]          TheOtherBrian1-patch-1  -> origin/TheOtherBrian1-patch-1
2025-04-15T07:51:50.0289593Z  * [new branch]          TheOtherBrian1-patch-2  -> origin/TheOtherBrian1-patch-2
2025-04-15T07:51:50.0290678Z  * [new branch]          TheOtherBrian1-patch-3  -> origin/TheOtherBrian1-patch-3
2025-04-15T07:51:50.0291792Z  * [new branch]          TheOtherBrian1-patch-5  -> origin/TheOtherBrian1-patch-5
2025-04-15T07:51:50.0292813Z  * [new branch]          YuriCodes-patch-1       -> origin/YuriCodes-patch-1
2025-04-15T07:51:50.0293832Z  * [new branch]          add-new-author          -> origin/add-new-author
2025-04-15T07:51:50.0296039Z  * [new branch]          advanced-mfa-web-authn  -> origin/advanced-mfa-web-authn
2025-04-15T07:51:50.0298307Z  * [new branch]          ai-hackathon-at-y-combinator-post -> origin/ai-hackathon-at-y-combinator-post
2025-04-15T07:51:50.0300557Z  * [new branch]          analytics-postgres-backend -> origin/analytics-postgres-backend
2025-04-15T07:51:50.0302280Z  * [new branch]          annual-plans            -> origin/annual-plans
2025-04-15T07:51:50.0304402Z  * [new branch]          auth-users-uid-search   -> origin/auth-users-uid-search
2025-04-15T07:51:50.0306707Z  * [new branch]          autofix-job-stuck       -> origin/autofix-job-stuck
2025-04-15T07:51:50.0310552Z  * [new branch]          avallete/devwf-367-fix-studio-disable-branching-delete-branches -> origin/avallete/devwf-367-fix-studio-disable-branching-delete-branches
2025-04-15T07:51:50.0312581Z  * [new branch]          blog/assistant          -> origin/blog/assistant
2025-04-15T07:51:50.0315114Z  * [new branch]          blog/lwx-branching-post -> origin/blog/lwx-branching-post
2025-04-15T07:51:50.0317073Z  * [new branch]          blog/lwx-how-design-works-at-supabase -> origin/blog/lwx-how-design-works-at-supabase
2025-04-15T07:51:50.0319196Z  * [new branch]          blog/magic-link-python-auth -> origin/blog/magic-link-python-auth
2025-04-15T07:51:50.0321245Z  * [new branch]          blog/whale-hack         -> origin/blog/whale-hack
2025-04-15T07:51:50.0324991Z  * [new branch]          bo/fix/wrapeprs-secret  -> origin/bo/fix/wrapeprs-secret
2025-04-15T07:51:50.0327824Z  * [new branch]          bot/docs-lint-fixes     -> origin/bot/docs-lint-fixes
2025-04-15T07:51:50.0329845Z  * [new branch]          bot/docs-lint-fixes-20241216210722 -> origin/bot/docs-lint-fixes-20241216210722
2025-04-15T07:51:50.0332048Z  * [new branch]          bot/docs-lint-fixes-20241216211023 -> origin/bot/docs-lint-fixes-20241216211023
2025-04-15T07:51:50.0334050Z  * [new branch]          bot/docs-sync-troubleshooting -> origin/bot/docs-sync-troubleshooting
2025-04-15T07:51:50.0336373Z  * [new branch]          bot/docs-sync-troubleshooting-spbxyka -> origin/bot/docs-sync-troubleshooting-spbxyka
2025-04-15T07:51:50.0339248Z  * [new branch]          bs/jsr                  -> origin/bs/jsr
2025-04-15T07:51:50.0342407Z  * [new branch]          burggraf-patch-1-note-to-ignore-circular-constraint-warning -> origin/burggraf-patch-1-note-to-ignore-circular-constraint-warning
2025-04-15T07:51:50.0344707Z  * [new branch]          charis/anon-read-troubleshooting -> origin/charis/anon-read-troubleshooting
2025-04-15T07:51:50.0347366Z  * [new branch]          chore(docs)-activate-admonition-type-lint-rule -> origin/chore(docs)-activate-admonition-type-lint-rule
2025-04-15T07:51:50.0349530Z  * [new branch]          chore-Update-regions.ts -> origin/chore-Update-regions.ts
2025-04-15T07:51:50.0352797Z  * [new branch]          chore/add-NEXT_PUBLIC_UI_LIBRARY_URL-to-www-env -> origin/chore/add-NEXT_PUBLIC_UI_LIBRARY_URL-to-www-env
2025-04-15T07:51:50.0354353Z  * [new branch]          chore/add-cmdk-docs     -> origin/chore/add-cmdk-docs
2025-04-15T07:51:50.0356784Z  * [new branch]          chore/add-guard-to-not-trigger-content-save-if-sql-id-is-new -> origin/chore/add-guard-to-not-trigger-content-save-if-sql-id-is-new
2025-04-15T07:51:50.0358396Z  * [new branch]          chore/add-hero          -> origin/chore/add-hero
2025-04-15T07:51:50.0360370Z  * [new branch]          chore/add-invite-user-docs -> origin/chore/add-invite-user-docs
2025-04-15T07:51:50.0362546Z  * [new branch]          chore/add-lint-2        -> origin/chore/add-lint-2
2025-04-15T07:51:50.0364315Z  * [new branch]          chore/add-policies-to-schema-visualizer -> origin/chore/add-policies-to-schema-visualizer
2025-04-15T07:51:50.0367579Z  * [new branch]          chore/add-reliable-referrer -> origin/chore/add-reliable-referrer
2025-04-15T07:51:50.0369392Z  * [new branch]          chore/add-replace-code-to-ai-assist -> origin/chore/add-replace-code-to-ai-assist
2025-04-15T07:51:50.0371520Z  * [new branch]          chore/add-sql-editor-tests -> origin/chore/add-sql-editor-tests
2025-04-15T07:51:50.0373797Z  * [new branch]          chore/add-studio-version-in-header-for-local-self-host -> origin/chore/add-studio-version-in-header-for-local-self-host
2025-04-15T07:51:50.0376796Z  * [new branch]          chore/add-validation-for-pool-size-based-on-compute -> origin/chore/add-validation-for-pool-size-based-on-compute
2025-04-15T07:51:50.0379268Z  * [new branch]          chore/add-web-context-to-assistant -> origin/chore/add-web-context-to-assistant
2025-04-15T07:51:50.0380895Z  * [new branch]          chore/adding-one-more-human -> origin/chore/adding-one-more-human
2025-04-15T07:51:50.0382032Z  * [new branch]          chore/ai_links          -> origin/chore/ai_links
2025-04-15T07:51:50.0384731Z  * [new branch]          chore/allow-disabling-public-schema--hide-api-menu-items -> origin/chore/allow-disabling-public-schema--hide-api-menu-items
2025-04-15T07:51:50.0386427Z  * [new branch]          chore/app-migration     -> origin/chore/app-migration
2025-04-15T07:51:50.0388324Z  * [new branch]          chore/attempt-to-fix-docs-troubleshooting -> origin/chore/attempt-to-fix-docs-troubleshooting
2025-04-15T07:51:50.0390356Z  * [new branch]          chore/billing-address   -> origin/chore/billing-address
2025-04-15T07:51:50.0392869Z  * [new branch]          chore/bump-babel        -> origin/chore/bump-babel
2025-04-15T07:51:50.0394906Z  * [new branch]          chore/bump-logflare-version -> origin/chore/bump-logflare-version
2025-04-15T07:51:50.0396849Z  * [new branch]          chore/bump-node         -> origin/chore/bump-node
2025-04-15T07:51:50.0399541Z  * [new branch]          chore/cleanup           -> origin/chore/cleanup
2025-04-15T07:51:50.0402120Z  * [new branch]          chore/cleanup-feature-flags-140224 -> origin/chore/cleanup-feature-flags-140224
2025-04-15T07:51:50.0403755Z  * [new branch]          chore/cleanup-menu-expand -> origin/chore/cleanup-menu-expand
2025-04-15T07:51:50.0406032Z  * [new branch]          chore/clear-history-on-close -> origin/chore/clear-history-on-close
2025-04-15T07:51:50.0408702Z  * [new branch]          chore/combobox-for-rls-table-selector -> origin/chore/combobox-for-rls-table-selector
2025-04-15T07:51:50.0410587Z  * [new branch]          chore/combobox-for-rls-table-selector-2 -> origin/chore/combobox-for-rls-table-selector-2
2025-04-15T07:51:50.0412379Z  * [new branch]          chore/convert-next.config-to-mjs -> origin/chore/convert-next.config-to-mjs
2025-04-15T07:51:50.0414416Z  * [new branch]          chore/cron-ui-data-table -> origin/chore/cron-ui-data-table
2025-04-15T07:51:50.0416909Z  * [new branch]          chore/db-design-layout  -> origin/chore/db-design-layout
2025-04-15T07:51:50.0419297Z  * [new branch]          chore/db-visualiser-3   -> origin/chore/db-visualiser-3
2025-04-15T07:51:50.0421276Z  * [new branch]          chore/dbnew-rls         -> origin/chore/dbnew-rls
2025-04-15T07:51:50.0423853Z  * [new branch]          chore/deprecate-autodocs -> origin/chore/deprecate-autodocs
2025-04-15T07:51:50.0425944Z  * [new branch]          chore/disable-scroll-zoom-for-RR-ui -> origin/chore/disable-scroll-zoom-for-RR-ui
2025-04-15T07:51:50.0428231Z  * [new branch]          chore/docs-add-docenvx-branching-example -> origin/chore/docs-add-docenvx-branching-example
2025-04-15T07:51:50.0430758Z  * [new branch]          chore/docs-refactor-testing-docs -> origin/chore/docs-refactor-testing-docs
2025-04-15T07:51:50.0432680Z  * [new branch]          chore/exclude-pw-chars  -> origin/chore/exclude-pw-chars
2025-04-15T07:51:50.0435511Z  * [new branch]          chore/experiment-tree-view-sql-editor -> origin/chore/experiment-tree-view-sql-editor
2025-04-15T07:51:50.0437236Z  * [new branch]          chore/expose-radix-toggle -> origin/chore/expose-radix-toggle
2025-04-15T07:51:50.0439448Z  * [new branch]          chore/feeds             -> origin/chore/feeds
2025-04-15T07:51:50.0442360Z  * [new branch]          chore/fix-alert-in-schema-dropdown -> origin/chore/fix-alert-in-schema-dropdown
2025-04-15T07:51:50.0443954Z  * [new branch]          chore/fix-auth-link     -> origin/chore/fix-auth-link
2025-04-15T07:51:50.0446562Z  * [new branch]          chore/fix-csp-websocket -> origin/chore/fix-csp-websocket
2025-04-15T07:51:50.0448966Z  * [new branch]          chore/fix-database-dot-new-redirect -> origin/chore/fix-database-dot-new-redirect
2025-04-15T07:51:50.0451212Z  * [new branch]          chore/fix-db-page-table-actions -> origin/chore/fix-db-page-table-actions
2025-04-15T07:51:50.0453576Z  * [new branch]          chore/fix-db-pooler-settings-error -> origin/chore/fix-db-pooler-settings-error
2025-04-15T07:51:50.0455596Z  * [new branch]          chore/fix-debug-error   -> origin/chore/fix-debug-error
2025-04-15T07:51:50.0458169Z  * [new branch]          chore/fix-dependabot-warnings -> origin/chore/fix-dependabot-warnings
2025-04-15T07:51:50.0460554Z  * [new branch]          chore/fix-enum-column-editor -> origin/chore/fix-enum-column-editor
2025-04-15T07:51:50.0463155Z  * [new branch]          chore/fix-flakiness-in-logs-tests -> origin/chore/fix-flakiness-in-logs-tests
2025-04-15T07:51:50.0464916Z  * [new branch]          chore/fix-https         -> origin/chore/fix-https
2025-04-15T07:51:50.0467876Z  * [new branch]          chore/fix-input-error-icon-sizes -> origin/chore/fix-input-error-icon-sizes
2025-04-15T07:51:50.0469996Z  * [new branch]          chore/fix-listbox-colours -> origin/chore/fix-listbox-colours
2025-04-15T07:51:50.0472187Z  * [new branch]          chore/fix-main-tag      -> origin/chore/fix-main-tag
2025-04-15T07:51:50.0474871Z  * [new branch]          chore/fix-main-tag-2    -> origin/chore/fix-main-tag-2
2025-04-15T07:51:50.0476885Z  * [new branch]          chore/fix-more-dropdowns -> origin/chore/fix-more-dropdowns
2025-04-15T07:51:50.0479575Z  * [new branch]          chore/fix-move-folder   -> origin/chore/fix-move-folder
2025-04-15T07:51:50.0481629Z  * [new branch]          chore/fix-nav-bar-layout -> origin/chore/fix-nav-bar-layout
2025-04-15T07:51:50.0483981Z  * [new branch]          chore/fix-pg-number-autofill -> origin/chore/fix-pg-number-autofill
2025-04-15T07:51:50.0486194Z  * [new branch]          chore/fix-sql-editor-charts -> origin/chore/fix-sql-editor-charts
2025-04-15T07:51:50.0488684Z  * [new branch]          chore/fix-studio-unit-tests -> origin/chore/fix-studio-unit-tests
2025-04-15T07:51:50.0491116Z  * [new branch]          chore/fix-table-picker  -> origin/chore/fix-table-picker
2025-04-15T07:51:50.0493777Z  * [new branch]          chore/fix-telemetry-docs -> origin/chore/fix-telemetry-docs
2025-04-15T07:51:50.0495765Z  * [new branch]          chore/fix-theme-switcher -> origin/chore/fix-theme-switcher
2025-04-15T07:51:50.0498390Z  * [new branch]          chore/fix-trigger-toggle -> origin/chore/fix-trigger-toggle
2025-04-15T07:51:50.0501568Z  * [new branch]          chore/get-lint-results-from-api -> origin/chore/get-lint-results-from-api
2025-04-15T07:51:50.0503339Z  * [new branch]          chore/git-depth-vercel  -> origin/chore/git-depth-vercel
2025-04-15T07:51:50.0506034Z  * [new branch]          chore/img-previews-in-table-editor -> origin/chore/img-previews-in-table-editor
2025-04-15T07:51:50.0508530Z  * [new branch]          chore/improve-search-input-sql-editor -> origin/chore/improve-search-input-sql-editor
2025-04-15T07:51:50.0511094Z  * [new branch]          chore/improve-search-input-table-editor -> origin/chore/improve-search-input-table-editor
2025-04-15T07:51:50.0513306Z  * [new branch]          chore/increase-staleTime -> origin/chore/increase-staleTime
2025-04-15T07:51:50.0516009Z  * [new branch]          chore/index-recent-changelog -> origin/chore/index-recent-changelog
2025-04-15T07:51:50.0518139Z  * [new branch]          chore/inline-env-vars-for-efs -> origin/chore/inline-env-vars-for-efs
2025-04-15T07:51:50.0520880Z  * [new branch]          chore/integrations-tabs-padding -> origin/chore/integrations-tabs-padding
2025-04-15T07:51:50.0522899Z  * [new branch]          chore/jordi-test-checkbox -> origin/chore/jordi-test-checkbox
2025-04-15T07:51:50.0525471Z  * [new branch]          chore/joshen-check      -> origin/chore/joshen-check
2025-04-15T07:51:50.0527727Z  * [new branch]          chore/joshen-check2     -> origin/chore/joshen-check2
2025-04-15T07:51:50.0530725Z  * [new branch]          chore/light-grey-adjustments-on-blog -> origin/chore/light-grey-adjustments-on-blog
2025-04-15T07:51:50.0532606Z  * [new branch]          chore/load-foreign-keys -> origin/chore/load-foreign-keys
2025-04-15T07:51:50.0535071Z  * [new branch]          chore/mark-pm-as-default -> origin/chore/mark-pm-as-default
2025-04-15T07:51:50.0537882Z  * [new branch]          chore/migrate-dialog    -> origin/chore/migrate-dialog
2025-04-15T07:51:50.0540234Z  * [new branch]          chore/migrate-dialogs   -> origin/chore/migrate-dialogs
2025-04-15T07:51:50.0542965Z  * [new branch]          chore/migrate-popover   -> origin/chore/migrate-popover
2025-04-15T07:51:50.0544828Z  * [new branch]          chore/move-components-to-patterns -> origin/chore/move-components-to-patterns
2025-04-15T07:51:50.0547030Z  * [new branch]          chore/move-cookiestore  -> origin/chore/move-cookiestore
2025-04-15T07:51:50.0549691Z  * [new branch]          chore/move-copybutton   -> origin/chore/move-copybutton
2025-04-15T07:51:50.0552459Z  * [new branch]          chore/move-icons        -> origin/chore/move-icons
2025-04-15T07:51:50.0554646Z  * [new branch]          chore/move-main-out-of-root-layout -> origin/chore/move-main-out-of-root-layout
2025-04-15T07:51:50.0556998Z  * [new branch]          chore/move-security-advisor -> origin/chore/move-security-advisor
2025-04-15T07:51:50.0559962Z  * [new branch]          chore/move-sort-out-by-itself -> origin/chore/move-sort-out-by-itself
2025-04-15T07:51:50.0562798Z  * [new branch]          chore/multilingual_demo -> origin/chore/multilingual_demo
2025-04-15T07:51:50.0564934Z  * [new branch]          chore/nav-menu-rethink  -> origin/chore/nav-menu-rethink
2025-04-15T07:51:50.0568013Z  * [new branch]          chore/on-demand-revalidation-graphql -> origin/chore/on-demand-revalidation-graphql
2025-04-15T07:51:50.0569878Z  * [new branch]          chore/pnpm              -> origin/chore/pnpm
2025-04-15T07:51:50.0572909Z  * [new branch]          chore/prefetch-project  -> origin/chore/prefetch-project
2025-04-15T07:51:50.0575464Z  * [new branch]          chore/prevent-creating-projects-in-west-us -> origin/chore/prevent-creating-projects-in-west-us
2025-04-15T07:51:50.0577570Z  * [new branch]          chore/prevent-input-scroll -> origin/chore/prevent-input-scroll
2025-04-15T07:51:50.0580274Z  * [new branch]          chore/pricing-constants -> origin/chore/pricing-constants
2025-04-15T07:51:50.0583169Z  * [new branch]          chore/redirect-subdomain-studio -> origin/chore/redirect-subdomain-studio
2025-04-15T07:51:50.0585472Z  * [new branch]          chore/redo-column-type-dropdown -> origin/chore/redo-column-type-dropdown
2025-04-15T07:51:50.0587813Z  * [new branch]          chore/redo-column-type-dropdown-2 -> origin/chore/redo-column-type-dropdown-2
2025-04-15T07:51:50.0590650Z  * [new branch]          chore/refactor-pooler-form -> origin/chore/refactor-pooler-form
2025-04-15T07:51:50.0593620Z  * [new branch]          chore/refactor-telemetry-event-and-update-for-PH -> origin/chore/refactor-telemetry-event-and-update-for-PH
2025-04-15T07:51:50.0595508Z  * [new branch]          chore/remove-feat-preview-toggle -> origin/chore/remove-feat-preview-toggle
2025-04-15T07:51:50.0600126Z  * [new branch]          chore/remove-incorrect-description-label-on-rate-limits-for-sign-ups/ins -> origin/chore/remove-incorrect-description-label-on-rate-limits-for-sign-ups/ins
2025-04-15T07:51:50.0602282Z  * [new branch]          chore/remove-jwt-secret-from-db -> origin/chore/remove-jwt-secret-from-db
2025-04-15T07:51:50.0604140Z  * [new branch]          chore/remove-new-label-reports-menu -> origin/chore/remove-new-label-reports-menu
2025-04-15T07:51:50.0606490Z  * [new branch]          chore/remove-playwright-tests -> origin/chore/remove-playwright-tests
2025-04-15T07:51:50.0609312Z  * [new branch]          chore/remove-rq-from-message-title -> origin/chore/remove-rq-from-message-title
2025-04-15T07:51:50.0612644Z  * [new branch]          chore/replace-ui-setNotification-with-toast-080324-04 -> origin/chore/replace-ui-setNotification-with-toast-080324-04
2025-04-15T07:51:50.0614339Z  * [new branch]          chore/rls-ai-help-text  -> origin/chore/rls-ai-help-text
2025-04-15T07:51:50.0617216Z  * [new branch]          chore/rss-feeds         -> origin/chore/rss-feeds
2025-04-15T07:51:50.0620401Z  * [new branch]          chore/save-results-and-not-run-select-queries-in-assistant -> origin/chore/save-results-and-not-run-select-queries-in-assistant
2025-04-15T07:51:50.0622332Z  * [new branch]          chore/scroll-to-current-table -> origin/chore/scroll-to-current-table
2025-04-15T07:51:50.0625235Z  * [new branch]          chore/send-pr-on-publish -> origin/chore/send-pr-on-publish
2025-04-15T07:51:50.0628123Z  * [new branch]          chore/service-role-key-leak-notification -> origin/chore/service-role-key-leak-notification
2025-04-15T07:51:50.0630317Z  * [new branch]          chore/service-role-keys -> origin/chore/service-role-keys
2025-04-15T07:51:50.0634004Z  * [new branch]          chore/services-required-supportForm -> origin/chore/services-required-supportForm
2025-04-15T07:51:50.0636182Z  * [new branch]          chore/shadcn-prep       -> origin/chore/shadcn-prep
2025-04-15T07:51:50.0638472Z  * [new branch]          chore/sitemaps          -> origin/chore/sitemaps
2025-04-15T07:51:50.0641004Z  * [new branch]          chore/spam-scores       -> origin/chore/spam-scores
2025-04-15T07:51:50.0643444Z  * [new branch]          chore/speed-up-studio-builds -> origin/chore/speed-up-studio-builds
2025-04-15T07:51:50.0646377Z  * [new branch]          chore/splinter-notifications-issue -> origin/chore/splinter-notifications-issue
2025-04-15T07:51:50.0648415Z  * [new branch]          chore/split-ui-components -> origin/chore/split-ui-components
2025-04-15T07:51:50.0650922Z  * [new branch]          chore/sql-action-bar-1.5 -> origin/chore/sql-action-bar-1.5
2025-04-15T07:51:50.0653253Z  * [new branch]          chore/sql-editor-rerenders -> origin/chore/sql-editor-rerenders
2025-04-15T07:51:50.0655951Z  * [new branch]          chore/sql-hover-card-round-2 -> origin/chore/sql-hover-card-round-2
2025-04-15T07:51:50.0658172Z  * [new branch]          chore/store-last-schema-used -> origin/chore/store-last-schema-used
2025-04-15T07:51:50.0660543Z  * [new branch]          chore/studio-v3-blog-post -> origin/chore/studio-v3-blog-post
2025-04-15T07:51:50.0662665Z  * [new branch]          chore/supavisor-connections -> origin/chore/supavisor-connections
2025-04-15T07:51:50.0665605Z  * [new branch]          chore/support-downloading-storage-objects-in-project-paused-state -> origin/chore/support-downloading-storage-objects-in-project-paused-state
2025-04-15T07:51:50.0667264Z  * [new branch]          chore/tag-based-revalidation -> origin/chore/tag-based-revalidation
2025-04-15T07:51:50.0669362Z  * [new branch]          chore/tanstack-query-v5 -> origin/chore/tanstack-query-v5
2025-04-15T07:51:50.0671938Z  * [new branch]          chore/temp-fix-jwt-update-status-response -> origin/chore/temp-fix-jwt-update-status-response
2025-04-15T07:51:50.0673551Z  * [new branch]          chore/test-api-route    -> origin/chore/test-api-route
2025-04-15T07:51:50.0676311Z  * [new branch]          chore/test-incremental-static-regeneration -> origin/chore/test-incremental-static-regeneration
2025-04-15T07:51:50.0677957Z  * [new branch]          chore/test-joshen       -> origin/chore/test-joshen
2025-04-15T07:51:50.0680502Z  * [new branch]          chore/test-joshen-2     -> origin/chore/test-joshen-2
2025-04-15T07:51:50.0682701Z  * [new branch]          chore/test-node-20      -> origin/chore/test-node-20
2025-04-15T07:51:50.0684953Z  * [new branch]          chore/test-playwright   -> origin/chore/test-playwright
2025-04-15T07:51:50.0687191Z  * [new branch]          chore/test-restore-failed-status -> origin/chore/test-restore-failed-status
2025-04-15T07:51:50.0689322Z  * [new branch]          chore/test-task         -> origin/chore/test-task
2025-04-15T07:51:50.0691715Z  * [new branch]          chore/tests-on-prod-deploy -> origin/chore/tests-on-prod-deploy
2025-04-15T07:51:50.0693946Z  * [new branch]          chore/try-vertical-layout-split -> origin/chore/try-vertical-layout-split
2025-04-15T07:51:50.0696075Z  * [new branch]          chore/update-admonition-colors -> origin/chore/update-admonition-colors
2025-04-15T07:51:50.0698235Z  * [new branch]          chore/update-auth-hooks-endpoint-and-perms -> origin/chore/update-auth-hooks-endpoint-and-perms
2025-04-15T07:51:50.0700652Z  * [new branch]          chore/update-branching-docs-1 -> origin/chore/update-branching-docs-1
2025-04-15T07:51:50.0703019Z  * [new branch]          chore/update-connecting-to-postgres-docs -> origin/chore/update-connecting-to-postgres-docs
2025-04-15T07:51:50.0704941Z  * [new branch]          chore/update-docs-connecting-to-postgres -> origin/chore/update-docs-connecting-to-postgres
2025-04-15T07:51:50.0707097Z  * [new branch]          chore/update-fair-usage-doc-links -> origin/chore/update-fair-usage-doc-links
2025-04-15T07:51:50.0709359Z  * [new branch]          chore/update-jwt-regen-modal -> origin/chore/update-jwt-regen-modal
2025-04-15T07:51:50.0711606Z  * [new branch]          chore/update-migrating-docs -> origin/chore/update-migrating-docs
2025-04-15T07:51:50.0713706Z  * [new branch]          chore/update-next-config-www -> origin/chore/update-next-config-www
2025-04-15T07:51:50.0715724Z  * [new branch]          chore/update-prettier   -> origin/chore/update-prettier
2025-04-15T07:51:50.0718200Z  * [new branch]          chore/update-roles-to-use-pooler-example -> origin/chore/update-roles-to-use-pooler-example
2025-04-15T07:51:50.0720264Z  * [new branch]          chore/update-ruby-on-rails-docs -> origin/chore/update-ruby-on-rails-docs
2025-04-15T07:51:50.0722483Z  * [new branch]          chore/update-tokens     -> origin/chore/update-tokens
2025-04-15T07:51:50.0724454Z  * [new branch]          chore/update-turbo      -> origin/chore/update-turbo
2025-04-15T07:51:50.0726529Z  * [new branch]          chore/update-xmls       -> origin/chore/update-xmls
2025-04-15T07:51:50.0729067Z  * [new branch]          chore/user-management-v2-part-3 -> origin/chore/user-management-v2-part-3
2025-04-15T07:51:50.0731323Z  * [new branch]          chore/validate-pg-version -> origin/chore/validate-pg-version
2025-04-15T07:51:50.0733590Z  * [new branch]          chore/vercel-toolbar-prod -> origin/chore/vercel-toolbar-prod
2025-04-15T07:51:50.0735519Z  * [new branch]          chore/vite              -> origin/chore/vite
2025-04-15T07:51:50.0738309Z  * [new branch]          chore/warn-about-user-snippet-deleting -> origin/chore/warn-about-user-snippet-deleting
2025-04-15T07:51:50.0739940Z  * [new branch]          chore/website-changes   -> origin/chore/website-changes
2025-04-15T07:51:50.0742260Z  * [new branch]          chore_update_storage_migration_script -> origin/chore_update_storage_migration_script
2025-04-15T07:51:50.0744029Z  * [new branch]          choreinvocation-billing-copy -> origin/choreinvocation-billing-copy
2025-04-15T07:51:50.0746086Z  * [new branch]          cl-branch-2             -> origin/cl-branch-2
2025-04-15T07:51:50.0748450Z  * [new branch]          clarify-costs-project-creation -> origin/clarify-costs-project-creation
2025-04-15T07:51:50.0751037Z  * [new branch]          cleanup/deps            -> origin/cleanup/deps
2025-04-15T07:51:50.0753503Z  * [new branch]          cli/latest              -> origin/cli/latest
2025-04-15T07:51:50.0755482Z  * [new branch]          client-libs             -> origin/client-libs
2025-04-15T07:51:50.0757566Z  * [new branch]          craigcannon-patch-1     -> origin/craigcannon-patch-1
2025-04-15T07:51:50.0759641Z  * [new branch]          create_role_sidebar_enable_form_actions -> origin/create_role_sidebar_enable_form_actions
2025-04-15T07:51:50.0762287Z  * [new branch]          da/clarify-r2np         -> origin/da/clarify-r2np
2025-04-15T07:51:50.0763955Z  * [new branch]          da/rr-lb-endpoint       -> origin/da/rr-lb-endpoint
2025-04-15T07:51:50.0765970Z  * [new branch]          da/rr-workaround        -> origin/da/rr-workaround
2025-04-15T07:51:50.0767618Z  * [new branch]          da/update-pooler        -> origin/da/update-pooler
2025-04-15T07:51:50.0774125Z  * [new branch]          dependabot/npm_and_yarn/examples/user-management/sveltekit-user-management/sveltejs/kit-2.20.6 -> origin/dependabot/npm_and_yarn/examples/user-management/sveltekit-user-management/sveltejs/kit-2.20.6
2025-04-15T07:51:50.0776305Z  * [new branch]          dependabot/npm_and_yarn/vite-6.2.6 -> origin/dependabot/npm_and_yarn/vite-6.2.6
2025-04-15T07:51:50.0777812Z  * [new branch]          dev/type-issues         -> origin/dev/type-issues
2025-04-15T07:51:50.0781258Z  * [new branch]          devin/1734372890-update-sveltekit-v5 -> origin/devin/1734372890-update-sveltekit-v5
2025-04-15T07:51:50.0783435Z  * [new branch]          devin/1738025751-enable-strict-null-checks -> origin/devin/1738025751-enable-strict-null-checks
2025-04-15T07:51:50.0786067Z  * [new branch]          docs/add-cost-optimising -> origin/docs/add-cost-optimising
2025-04-15T07:51:50.0788280Z  * [new branch]          docs/add-guide-for-server-side-otp -> origin/docs/add-guide-for-server-side-otp
2025-04-15T07:51:50.0790673Z  * [new branch]          docs/add-js-sdk-ref-listfactors-method -> origin/docs/add-js-sdk-ref-listfactors-method
2025-04-15T07:51:50.0792835Z  * [new branch]          docs/add-replication-section -> origin/docs/add-replication-section
2025-04-15T07:51:50.0794991Z  * [new branch]          docs/branching-cli-config -> origin/docs/branching-cli-config
2025-04-15T07:51:50.0797070Z  * [new branch]          docs/conn-mgmt          -> origin/docs/conn-mgmt
2025-04-15T07:51:50.0799311Z  * [new branch]          docs/connections        -> origin/docs/connections
2025-04-15T07:51:50.0801502Z  * [new branch]          docs/datadog-log-drains-guide -> origin/docs/datadog-log-drains-guide
2025-04-15T07:51:50.0803535Z  * [new branch]          docs/deno_clippy        -> origin/docs/deno_clippy
2025-04-15T07:51:50.0805806Z  * [new branch]          docs/disk-resize-greater-1tb -> origin/docs/disk-resize-greater-1tb
2025-04-15T07:51:50.0807781Z  * [new branch]          docs/edge-auth-update   -> origin/docs/edge-auth-update
2025-04-15T07:51:50.0810080Z  * [new branch]          docs/feature-flag-expt  -> origin/docs/feature-flag-expt
2025-04-15T07:51:50.0812379Z  * [new branch]          docs/fix-site-url-config-links -> origin/docs/fix-site-url-config-links
2025-04-15T07:51:50.0814418Z  * [new branch]          docs/flutter-upgrade-hive -> origin/docs/flutter-upgrade-hive
2025-04-15T07:51:50.0816777Z  * [new branch]          docs/logflare-db-encryption -> origin/docs/logflare-db-encryption
2025-04-15T07:51:50.0818657Z  * [new branch]          docs/multi-r2np         -> origin/docs/multi-r2np
2025-04-15T07:51:50.0821111Z  * [new branch]          docs/pg-safeupdate-amendments -> origin/docs/pg-safeupdate-amendments
2025-04-15T07:51:50.0823123Z  * [new branch]          docs/raised-logs        -> origin/docs/raised-logs
2025-04-15T07:51:50.0825256Z  * [new branch]          docs/s3-support         -> origin/docs/s3-support
2025-04-15T07:51:50.0827414Z  * [new branch]          docs/self-hosted-data-api -> origin/docs/self-hosted-data-api
2025-04-15T07:51:50.0829855Z  * [new branch]          docs/sql-examples-federation -> origin/docs/sql-examples-federation
2025-04-15T07:51:50.0832005Z  * [new branch]          docs/storage-custom-roles -> origin/docs/storage-custom-roles
2025-04-15T07:51:50.0834938Z  * [new branch]          docs/troubleshooting/migration-32 -> origin/docs/troubleshooting/migration-32
2025-04-15T07:51:50.0837004Z  * [new branch]          docs/type-parsing       -> origin/docs/type-parsing
2025-04-15T07:51:50.0839400Z  * [new branch]          docs/update-auth-with-faqs -> origin/docs/update-auth-with-faqs
2025-04-15T07:51:50.0841749Z  * [new branch]          docs/update-replication-and-perms -> origin/docs/update-replication-and-perms
2025-04-15T07:51:50.0843783Z  * [new branch]          docs/warehouse          -> origin/docs/warehouse
2025-04-15T07:51:50.0846159Z  * [new branch]          download-backup-follow-up -> origin/download-backup-follow-up
2025-04-15T07:51:50.0849178Z  * [new branch]          drag/change_is_aws_logic -> origin/drag/change_is_aws_logic
2025-04-15T07:51:50.0851410Z  * [new branch]          drag/rr_marketing_fix   -> origin/drag/rr_marketing_fix
2025-04-15T07:51:50.0853559Z  * [new branch]          es5-target              -> origin/es5-target
2025-04-15T07:51:50.0856582Z  * [new branch]          etienne/sec-145-enforce-mfa-on-organization -> origin/etienne/sec-145-enforce-mfa-on-organization
2025-04-15T07:51:50.0858938Z  * [new branch]          etienne/sec-282-list-security-docs-page -> origin/etienne/sec-282-list-security-docs-page
2025-04-15T07:51:50.0861656Z  * [new branch]          examples/schema-rules   -> origin/examples/schema-rules
2025-04-15T07:51:50.0863938Z  * [new branch]          feat-add-retries-to-webhooks -> origin/feat-add-retries-to-webhooks
2025-04-15T07:51:50.0866982Z  * [new branch]          feat/add-etl-replication-docs -> origin/feat/add-etl-replication-docs
2025-04-15T07:51:50.0869381Z  * [new branch]          feat/add-git-sha-header -> origin/feat/add-git-sha-header
2025-04-15T07:51:50.0871631Z  * [new branch]          feat/add-invoice-check-on-project-resuming -> origin/feat/add-invoice-check-on-project-resuming
2025-04-15T07:51:50.0873747Z  * [new branch]          feat/add-preview-commit-banner -> origin/feat/add-preview-commit-banner
2025-04-15T07:51:50.0875815Z  * [new branch]          feat/add-related-issues-bot -> origin/feat/add-related-issues-bot
2025-04-15T07:51:50.0877969Z  * [new branch]          feat/add-remix-quickstart-guide -> origin/feat/add-remix-quickstart-guide
2025-04-15T07:51:50.0880225Z  * [new branch]          feat/add-storybook-app  -> origin/feat/add-storybook-app
2025-04-15T07:51:50.0882410Z  * [new branch]          feat/add-unverified-email-sign-ins -> origin/feat/add-unverified-email-sign-ins
2025-04-15T07:51:50.0884378Z  * [new branch]          feat/advisor-assistant  -> origin/feat/advisor-assistant
2025-04-15T07:51:50.0886506Z  * [new branch]          feat/ai-edge-function   -> origin/feat/ai-edge-function
2025-04-15T07:51:50.0888670Z  * [new branch]          feat/ai-postgrest       -> origin/feat/ai-postgrest
2025-04-15T07:51:50.0891020Z  * [new branch]          feat/ai-sandbox         -> origin/feat/ai-sandbox
2025-04-15T07:51:50.0893169Z  * [new branch]          feat/api-keys           -> origin/feat/api-keys
2025-04-15T07:51:50.0895405Z  * [new branch]          feat/api-keys-and-asymmetric-keys -> origin/feat/api-keys-and-asymmetric-keys
2025-04-15T07:51:50.0897606Z  * [new branch]          feat/app-router         -> origin/feat/app-router
2025-04-15T07:51:50.0899793Z  * [new branch]          feat/aprilfools-themes  -> origin/feat/aprilfools-themes
2025-04-15T07:51:50.0901850Z  * [new branch]          feat/assistant-convert-js -> origin/feat/assistant-convert-js
2025-04-15T07:51:50.0903975Z  * [new branch]          feat/assistant-logs     -> origin/feat/assistant-logs
2025-04-15T07:51:50.0906183Z  * [new branch]          feat/assistant-prototype-fixes -> origin/feat/assistant-prototype-fixes
2025-04-15T07:51:50.0908244Z  * [new branch]          feat/assistant-refine-again -> origin/feat/assistant-refine-again
2025-04-15T07:51:50.0910597Z  * [new branch]          feat/astro-temp         -> origin/feat/astro-temp
2025-04-15T07:51:50.0912758Z  * [new branch]          feat/auth-import-jwt    -> origin/feat/auth-import-jwt
2025-04-15T07:51:50.0914811Z  * [new branch]          feat/blocks-docs        -> origin/feat/blocks-docs
2025-04-15T07:51:50.0917180Z  * [new branch]          feat/branch-deploy-logs-page -> origin/feat/branch-deploy-logs-page
2025-04-15T07:51:50.0919409Z  * [new branch]          feat/byob               -> origin/feat/byob
2025-04-15T07:51:50.0921719Z  * [new branch]          feat/command            -> origin/feat/command
2025-04-15T07:51:50.0924081Z  * [new branch]          feat/command-menu-v2    -> origin/feat/command-menu-v2
2025-04-15T07:51:50.0926487Z  * [new branch]          feat/command-menu-v2-pt-ivelosttrack-drawer -> origin/feat/command-menu-v2-pt-ivelosttrack-drawer
2025-04-15T07:51:50.0928495Z  * [new branch]          feat/command-v2         -> origin/feat/command-v2
2025-04-15T07:51:50.0930917Z  * [new branch]          feat/compute-and-disk   -> origin/feat/compute-and-disk
2025-04-15T07:51:50.0933123Z  * [new branch]          feat/conslidate-sql-and-table -> origin/feat/conslidate-sql-and-table
2025-04-15T07:51:50.0935240Z  * [new branch]          feat/copy-basic-schema  -> origin/feat/copy-basic-schema
2025-04-15T07:51:50.0937430Z  * [new branch]          feat/cron-jobs-events   -> origin/feat/cron-jobs-events
2025-04-15T07:51:50.0939713Z  * [new branch]          feat/database-new       -> origin/feat/database-new
2025-04-15T07:51:50.0941932Z  * [new branch]          feat/database-report-local -> origin/feat/database-report-local
2025-04-15T07:51:50.0944196Z  * [new branch]          feat/db-new-login       -> origin/feat/db-new-login
2025-04-15T07:51:50.0946481Z  * [new branch]          feat/db-playground      -> origin/feat/db-playground
2025-04-15T07:51:50.0948636Z  * [new branch]          feat/deep-dark          -> origin/feat/deep-dark
2025-04-15T07:51:50.0951072Z  * [new branch]          feat/design-tokens-upgrade -> origin/feat/design-tokens-upgrade
2025-04-15T07:51:50.0953121Z  * [new branch]          feat/docker-healthchecks -> origin/feat/docker-healthchecks
2025-04-15T07:51:50.0955310Z  * [new branch]          feat/docs-add-alert-example -> origin/feat/docs-add-alert-example
2025-04-15T07:51:50.0957467Z  * [new branch]          feat/docs-ia            -> origin/feat/docs-ia
2025-04-15T07:51:50.0960087Z  * [new branch]          feat/docs-scaling-section -> origin/feat/docs-scaling-section
2025-04-15T07:51:50.0962191Z  * [new branch]          feat/docs-tooling       -> origin/feat/docs-tooling
2025-04-15T07:51:50.0964389Z  * [new branch]          feat/eagle-2            -> origin/feat/eagle-2
2025-04-15T07:51:50.0966635Z  * [new branch]          feat/edge-functions-ui  -> origin/feat/edge-functions-ui
2025-04-15T07:51:50.0968950Z  * [new branch]          feat/embedded           -> origin/feat/embedded
2025-04-15T07:51:50.0971312Z  * [new branch]          feat/event-collections  -> origin/feat/event-collections
2025-04-15T07:51:50.0973538Z  * [new branch]          feat/filter-bar-component -> origin/feat/filter-bar-component
2025-04-15T07:51:50.0975780Z  * [new branch]          feat/filter-case-studies -> origin/feat/filter-case-studies
2025-04-15T07:51:50.0978544Z  * [new branch]          feat/floating-command   -> origin/feat/floating-command
2025-04-15T07:51:50.0980899Z  * [new branch]          feat/font               -> origin/feat/font
2025-04-15T07:51:50.0983064Z  * [new branch]          feat/font-local         -> origin/feat/font-local
2025-04-15T07:51:50.0985375Z  * [new branch]          feat/font-mono-table-editor -> origin/feat/font-mono-table-editor
2025-04-15T07:51:50.0987648Z  * [new branch]          feat/functions-lw13-features -> origin/feat/functions-lw13-features
2025-04-15T07:51:50.0989881Z  * [new branch]          feat/github-action-deploy -> origin/feat/github-action-deploy
2025-04-15T07:51:50.0992311Z  * [new branch]          feat/highlight-enterprise-security -> origin/feat/highlight-enterprise-security
2025-04-15T07:51:50.0994448Z  * [new branch]          feat/homepage-connect-modal -> origin/feat/homepage-connect-modal
2025-04-15T07:51:50.0996969Z  * [new branch]          feat/homepage-connect-modal-combined--styling-update -> origin/feat/homepage-connect-modal-combined--styling-update
2025-04-15T07:51:50.0999394Z  * [new branch]          feat/homepage-integrations-section -> origin/feat/homepage-integrations-section
2025-04-15T07:51:50.1001574Z  * [new branch]          feat/infinite-list-block -> origin/feat/infinite-list-block
2025-04-15T07:51:50.1003825Z  * [new branch]          feat/inline-editor      -> origin/feat/inline-editor
2025-04-15T07:51:50.1006091Z  * [new branch]          feat/input-pattern      -> origin/feat/input-pattern
2025-04-15T07:51:50.1008398Z  * [new branch]          feat/integrated-nav     -> origin/feat/integrated-nav
2025-04-15T07:51:50.1010981Z  * [new branch]          feat/integration-text-area -> origin/feat/integration-text-area
2025-04-15T07:51:50.1013188Z  * [new branch]          feat/jp-top             -> origin/feat/jp-top
2025-04-15T07:51:50.1015492Z  * [new branch]          feat/links-in-design-system -> origin/feat/links-in-design-system
2025-04-15T07:51:50.1017733Z  * [new branch]          feat/llama3             -> origin/feat/llama3
2025-04-15T07:51:50.1020384Z  * [new branch]          feat/local-docs-search  -> origin/feat/local-docs-search
2025-04-15T07:51:50.1022629Z  * [new branch]          feat/log-drains-local   -> origin/feat/log-drains-local
2025-04-15T07:51:50.1024925Z  * [new branch]          feat/logdrainspricing   -> origin/feat/logdrainspricing
2025-04-15T07:51:50.1027268Z  * [new branch]          feat/logflare-workflow-run-logs -> origin/feat/logflare-workflow-run-logs
2025-04-15T07:51:50.1029482Z  * [new branch]          feat/logs-ai-assistant-shortcut -> origin/feat/logs-ai-assistant-shortcut
2025-04-15T07:51:50.1031859Z  * [new branch]          feat/logs-chart-errors  -> origin/feat/logs-chart-errors
2025-04-15T07:51:50.1034155Z  * [new branch]          feat/lw14-ticket        -> origin/feat/lw14-ticket
2025-04-15T07:51:50.1036508Z  * [new branch]          feat/mamba-d1-light-mode-imgs -> origin/feat/mamba-d1-light-mode-imgs
2025-04-15T07:51:50.1039024Z  * [new branch]          feat/mamba-init         -> origin/feat/mamba-init
2025-04-15T07:51:50.1041442Z  * [new branch]          feat/mamba-version-2    -> origin/feat/mamba-version-2
2025-04-15T07:51:50.1043717Z  * [new branch]          feat/managed-pg         -> origin/feat/managed-pg
2025-04-15T07:51:50.1046135Z  * [new branch]          feat/meetups-cms-poc    -> origin/feat/meetups-cms-poc
2025-04-15T07:51:50.1048457Z  * [new branch]          feat/mendable-ai        -> origin/feat/mendable-ai
2025-04-15T07:51:50.1051088Z  * [new branch]          feat/move-autodocs-p1   -> origin/feat/move-autodocs-p1
2025-04-15T07:51:50.1053865Z  * [new branch]          feat/move-realtime-publications -> origin/feat/move-realtime-publications
2025-04-15T07:51:50.1056050Z  * [new branch]          feat/multi-select       -> origin/feat/multi-select
2025-04-15T07:51:50.1058523Z  * [new branch]          feat/mutation-terminal  -> origin/feat/mutation-terminal
2025-04-15T07:51:50.1061085Z  * [new branch]          feat/nano-pricing       -> origin/feat/nano-pricing
2025-04-15T07:51:50.1063552Z  * [new branch]          feat/nav-auth-ui        -> origin/feat/nav-auth-ui
2025-04-15T07:51:50.1065788Z  * [new branch]          feat/nav-layout         -> origin/feat/nav-layout
2025-04-15T07:51:50.1068191Z  * [new branch]          feat/nav-layout-sidebar -> origin/feat/nav-layout-sidebar
2025-04-15T07:51:50.1070865Z  * [new branch]          feat/nav-layout-sidebar-with-tabs -> origin/feat/nav-layout-sidebar-with-tabs
2025-04-15T07:51:50.1073148Z  * [new branch]          feat/nav-layout-v2      -> origin/feat/nav-layout-v2
2025-04-15T07:51:50.1075445Z  * [new branch]          feat/new-auth-ia        -> origin/feat/new-auth-ia
2025-04-15T07:51:50.1077990Z  * [new branch]          feat/new-dev-cycle-ia   -> origin/feat/new-dev-cycle-ia
2025-04-15T07:51:50.1080625Z  * [new branch]          feat/next-15            -> origin/feat/next-15
2025-04-15T07:51:50.1083126Z  * [new branch]          feat/notion-to-events   -> origin/feat/notion-to-events
2025-04-15T07:51:50.1085518Z  * [new branch]          feat/openai-plugin      -> origin/feat/openai-plugin
2025-04-15T07:51:50.1087871Z  * [new branch]          feat/opensearch         -> origin/feat/opensearch
2025-04-15T07:51:50.1090504Z  * [new branch]          feat/org-upgrade-dialog -> origin/feat/org-upgrade-dialog
2025-04-15T07:51:50.1093458Z  * [new branch]          feat/overhaul-logs-datepicker -> origin/feat/overhaul-logs-datepicker
2025-04-15T07:51:50.1095622Z  * [new branch]          feat/partials           -> origin/feat/partials
2025-04-15T07:51:50.1098209Z  * [new branch]          feat/peek-row           -> origin/feat/peek-row
2025-04-15T07:51:50.1100878Z  * [new branch]          feat/pg-paper-dump      -> origin/feat/pg-paper-dump
2025-04-15T07:51:50.1103327Z  * [new branch]          feat/pglite             -> origin/feat/pglite
2025-04-15T07:51:50.1105696Z  * [new branch]          feat/poc-canvas         -> origin/feat/poc-canvas
2025-04-15T07:51:50.1108357Z  * [new branch]          feat/poc-recipes        -> origin/feat/poc-recipes
2025-04-15T07:51:50.1111159Z  * [new branch]          feat/postgres-integrations -> origin/feat/postgres-integrations
2025-04-15T07:51:50.1113645Z  * [new branch]          feat/pr-issue-management -> origin/feat/pr-issue-management
2025-04-15T07:51:50.1115993Z  * [new branch]          feat/products-submenu   -> origin/feat/products-submenu
2025-04-15T07:51:50.1118524Z  * [new branch]          feat/project-level-permissions -> origin/feat/project-level-permissions
2025-04-15T07:51:50.1121145Z  * [new branch]          feat/promo-toast        -> origin/feat/promo-toast
2025-04-15T07:51:50.1123495Z  * [new branch]          feat/react-email        -> origin/feat/react-email
2025-04-15T07:51:50.1125944Z  * [new branch]          feat/realtime-examples-fs -> origin/feat/realtime-examples-fs
2025-04-15T07:51:50.1128437Z  * [new branch]          feat/report-v2          -> origin/feat/report-v2
2025-04-15T07:51:50.1131923Z  * [new branch]          feat/reports-v2/create-query-block-component -> origin/feat/reports-v2/create-query-block-component
2025-04-15T07:51:50.1134146Z  * [new branch]          feat/rls-ai             -> origin/feat/rls-ai
2025-04-15T07:51:50.1136688Z  * [new branch]          feat/search-improvements -> origin/feat/search-improvements
2025-04-15T07:51:50.1139317Z  * [new branch]          feat/self-hosting-nav-links -> origin/feat/self-hosting-nav-links
2025-04-15T07:51:50.1141875Z  * [new branch]          feat/self-hosting-pwd-docs -> origin/feat/self-hosting-pwd-docs
2025-04-15T07:51:50.1144385Z  * [new branch]          feat/shadcn-blocks-supabase -> origin/feat/shadcn-blocks-supabase
2025-04-15T07:51:50.1146696Z  * [new branch]          feat/side-panel         -> origin/feat/side-panel
2025-04-15T07:51:50.1149355Z  * [new branch]          feat/site-cookbook      -> origin/feat/site-cookbook
2025-04-15T07:51:50.1151852Z  * [new branch]          feat/snapshot-tests     -> origin/feat/snapshot-tests
2025-04-15T07:51:50.1154274Z  * [new branch]          feat/snippet-commands   -> origin/feat/snippet-commands
2025-04-15T07:51:50.1156971Z  * [new branch]          feat/sql-folders        -> origin/feat/sql-folders
2025-04-15T07:51:50.1159364Z  * [new branch]          feat/sql-statement-stream -> origin/feat/sql-statement-stream
2025-04-15T07:51:50.1161789Z  * [new branch]          feat/stale-issues-prs   -> origin/feat/stale-issues-prs
2025-04-15T07:51:50.1164207Z  * [new branch]          feat/sticky-nav-bar     -> origin/feat/sticky-nav-bar
2025-04-15T07:51:50.1166684Z  * [new branch]          feat/studio-log-errors  -> origin/feat/studio-log-errors
2025-04-15T07:51:50.1169268Z  * [new branch]          feat/supabase-js-editor -> origin/feat/supabase-js-editor
2025-04-15T07:51:50.1172118Z  * [new branch]          feat/support-postgres-custom-access-token-hooks -> origin/feat/support-postgres-custom-access-token-hooks
2025-04-15T07:51:50.1174361Z  * [new branch]          feat/system-page-components -> origin/feat/system-page-components
2025-04-15T07:51:50.1176908Z  * [new branch]          feat/test-bright-editor -> origin/feat/test-bright-editor
2025-04-15T07:51:50.1179446Z  * [new branch]          feat/tiger-d1           -> origin/feat/tiger-d1
2025-04-15T07:51:50.1181956Z  * [new branch]          feat/tiger-poc-1        -> origin/feat/tiger-poc-1
2025-04-15T07:51:50.1184454Z  * [new branch]          feat/time-series-queries -> origin/feat/time-series-queries
2025-04-15T07:51:50.1186952Z  * [new branch]          feat/timestamp-info-fn-logs -> origin/feat/timestamp-info-fn-logs
2025-04-15T07:51:50.1189475Z  * [new branch]          feat/tocs-component     -> origin/feat/tocs-component
2025-04-15T07:51:50.1191948Z  * [new branch]          feat/troubleshooting    -> origin/feat/troubleshooting
2025-04-15T07:51:50.1194397Z  * [new branch]          feat/typesafe-forms     -> origin/feat/typesafe-forms
2025-04-15T07:51:50.1196940Z  * [new branch]          feat/ui-library--terry  -> origin/feat/ui-library--terry
2025-04-15T07:51:50.1199496Z  * [new branch]          feat/unified-logs       -> origin/feat/unified-logs
2025-04-15T07:51:50.1202019Z  * [new branch]          feat/update-auth-settings -> origin/feat/update-auth-settings
2025-04-15T07:51:50.1204433Z  * [new branch]          feat/update-filter-buttons -> origin/feat/update-filter-buttons
2025-04-15T07:51:50.1207068Z  * [new branch]          feat/update-functions-fetching -> origin/feat/update-functions-fetching
2025-04-15T07:51:50.1209788Z  * [new branch]          feat/update-hp-examples -> origin/feat/update-hp-examples
2025-04-15T07:51:50.1212250Z  * [new branch]          feat/useEditLinks       -> origin/feat/useEditLinks
2025-04-15T07:51:50.1214673Z  * [new branch]          feat/wh-schemas         -> origin/feat/wh-schemas
2025-04-15T07:51:50.1217289Z  * [new branch]          feat/www-spellcheck     -> origin/feat/www-spellcheck
2025-04-15T07:51:50.1220265Z  * [new branch]          feature/policy-tester   -> origin/feature/policy-tester
2025-04-15T07:51:50.1222546Z  * [new branch]          fix-all-the-dependency-shenanigans -> origin/fix-all-the-dependency-shenanigans
2025-04-15T07:51:50.1224807Z  * [new branch]          fix-empty-import-maps   -> origin/fix-empty-import-maps
2025-04-15T07:51:50.1226936Z  * [new branch]          fix-pgrst-12.2          -> origin/fix-pgrst-12.2
2025-04-15T07:51:50.1230151Z  * [new branch]          fix/add-details-on-conn-pool-with-supavisor -> origin/fix/add-details-on-conn-pool-with-supavisor
2025-04-15T07:51:50.1232097Z  * [new branch]          fix/add-prisma-docs     -> origin/fix/add-prisma-docs
2025-04-15T07:51:50.1234446Z  * [new branch]          fix/add-query-timeout-and-cta -> origin/fix/add-query-timeout-and-cta
2025-04-15T07:51:50.1236519Z  * [new branch]          fix/add-redirect-urls   -> origin/fix/add-redirect-urls
2025-04-15T07:51:50.1238583Z  * [new branch]          fix/baseline-disk       -> origin/fix/baseline-disk
2025-04-15T07:51:50.1241039Z  * [new branch]          fix/better-unpausing-state -> origin/fix/better-unpausing-state
2025-04-15T07:51:50.1243159Z  * [new branch]          fix/branch-dropdown-offset -> origin/fix/branch-dropdown-offset
2025-04-15T07:51:50.1245380Z  * [new branch]          fix/cleanup-rollback    -> origin/fix/cleanup-rollback
2025-04-15T07:51:50.1247518Z  * [new branch]          fix/code-block-styling  -> origin/fix/code-block-styling
2025-04-15T07:51:50.1249857Z  * [new branch]          fix/code-style          -> origin/fix/code-style
2025-04-15T07:51:50.1251965Z  * [new branch]          fix/compute-badge-paused -> origin/fix/compute-badge-paused
2025-04-15T07:51:50.1254141Z  * [new branch]          fix/cron-pagination     -> origin/fix/cron-pagination
2025-04-15T07:51:50.1256275Z  * [new branch]          fix/docs-ref-nav        -> origin/fix/docs-ref-nav
2025-04-15T07:51:50.1258637Z  * [new branch]          fix/docs-returning-count -> origin/fix/docs-returning-count
2025-04-15T07:51:50.1261543Z  * [new branch]          fix/docs-ssr            -> origin/fix/docs-ssr
2025-04-15T07:51:50.1263597Z  * [new branch]          fix/docs-ssr-build      -> origin/fix/docs-ssr-build
2025-04-15T07:51:50.1265885Z  * [new branch]          fix/dont-reload-versions-on-focus -> origin/fix/dont-reload-versions-on-focus
2025-04-15T07:51:50.1267920Z  * [new branch]          fix/event-dates         -> origin/fix/event-dates
2025-04-15T07:51:50.1270560Z  * [new branch]          fix/federated-docs      -> origin/fix/federated-docs
2025-04-15T07:51:50.1272786Z  * [new branch]          fix/handle-missing-pgsodium -> origin/fix/handle-missing-pgsodium
2025-04-15T07:51:50.1275071Z  * [new branch]          fix/improve-table-editor-rows-queyr -> origin/fix/improve-table-editor-rows-queyr
2025-04-15T07:51:50.1277430Z  * [new branch]          fix/infra-monitoring-queries-negative-value -> origin/fix/infra-monitoring-queries-negative-value
2025-04-15T07:51:50.1279435Z  * [new branch]          fix/input-fields        -> origin/fix/input-fields
2025-04-15T07:51:50.1281961Z  * [new branch]          fix/ipv4-billing-period -> origin/fix/ipv4-billing-period
2025-04-15T07:51:50.1284107Z  * [new branch]          fix/jwt-generator       -> origin/fix/jwt-generator
2025-04-15T07:51:50.1286500Z  * [new branch]          fix/lint-command        -> origin/fix/lint-command
2025-04-15T07:51:50.1288951Z  * [new branch]          fix/lodash-template-issue -> origin/fix/lodash-template-issue
2025-04-15T07:51:50.1291178Z  * [new branch]          fix/log-explorer-timestamp -> origin/fix/log-explorer-timestamp
2025-04-15T07:51:50.1293372Z  * [new branch]          fix/logs-layout-render-bug -> origin/fix/logs-layout-render-bug
2025-04-15T07:51:50.1295579Z  * [new branch]          fix/make-compute-more-visible -> origin/fix/make-compute-more-visible
2025-04-15T07:51:50.1297829Z  * [new branch]          fix/notifications-button-position -> origin/fix/notifications-button-position
2025-04-15T07:51:50.1300009Z  * [new branch]          fix/openai-function-template -> origin/fix/openai-function-template
2025-04-15T07:51:50.1302151Z  * [new branch]          fix/partners-page       -> origin/fix/partners-page
2025-04-15T07:51:50.1304498Z  * [new branch]          fix/passwordless-login-redirect -> origin/fix/passwordless-login-redirect
2025-04-15T07:51:50.1306543Z  * [new branch]          fix/prettier            -> origin/fix/prettier
2025-04-15T07:51:50.1309095Z  * [new branch]          fix/project-create-region-selector -> origin/fix/project-create-region-selector
2025-04-15T07:51:50.1311141Z  * [new branch]          fix/realtime            -> origin/fix/realtime
2025-04-15T07:51:50.1313382Z  * [new branch]          fix/realtime-selfhost-rlimit -> origin/fix/realtime-selfhost-rlimit
2025-04-15T07:51:50.1315463Z  * [new branch]          fix/redirects           -> origin/fix/redirects
2025-04-15T07:51:50.1317633Z  * [new branch]          fix/ref-path            -> origin/fix/ref-path
2025-04-15T07:51:50.1320008Z  * [new branch]          fix/response-error-code-docs -> origin/fix/response-error-code-docs
2025-04-15T07:51:50.1322218Z  * [new branch]          fix/rls-loading         -> origin/fix/rls-loading
2025-04-15T07:51:50.1324428Z  * [new branch]          fix/schema-enums        -> origin/fix/schema-enums
2025-04-15T07:51:50.1326869Z  * [new branch]          fix/sentry-csp-rules    -> origin/fix/sentry-csp-rules
2025-04-15T07:51:50.1329198Z  * [new branch]          fix/serverless-missing-file -> origin/fix/serverless-missing-file
2025-04-15T07:51:50.1331353Z  * [new branch]          fix/serverless-missing-folder -> origin/fix/serverless-missing-folder
2025-04-15T07:51:50.1333747Z  * [new branch]          fix/sign-in-wrapper-not-expected-in-client -> origin/fix/sign-in-wrapper-not-expected-in-client
2025-04-15T07:51:50.1335822Z  * [new branch]          fix/skip-build-static-gen -> origin/fix/skip-build-static-gen
2025-04-15T07:51:50.1338230Z  * [new branch]          fix/sonner-close-buttons -> origin/fix/sonner-close-buttons
2025-04-15T07:51:50.1341037Z  * [new branch]          fix/specify-dynamic-route-in-nextjs-quickstart -> origin/fix/specify-dynamic-route-in-nextjs-quickstart
2025-04-15T07:51:50.1343024Z  * [new branch]          fix/sql-chart-downsample -> origin/fix/sql-chart-downsample
2025-04-15T07:51:50.1345349Z  * [new branch]          fix/sql-error-exception -> origin/fix/sql-error-exception
2025-04-15T07:51:50.1347639Z  * [new branch]          fix/studio-styling-bugs -> origin/fix/studio-styling-bugs
2025-04-15T07:51:50.1349902Z  * [new branch]          fix/support-form        -> origin/fix/support-form
2025-04-15T07:51:50.1352186Z  * [new branch]          fix/table-editor-link   -> origin/fix/table-editor-link
2025-04-15T07:51:50.1354427Z  * [new branch]          fix/table-editor-read-only -> origin/fix/table-editor-read-only
2025-04-15T07:51:50.1356645Z  * [new branch]          fix/timestamp-info-utc-format -> origin/fix/timestamp-info-utc-format
2025-04-15T07:51:50.1359130Z  * [new branch]          fix/users-fetch-more-on-scroll -> origin/fix/users-fetch-more-on-scroll
2025-04-15T07:51:50.1361362Z  * [new branch]          fix/various-fixes       -> origin/fix/various-fixes
2025-04-15T07:51:50.1363625Z  * [new branch]          fix/vercel-integration-flow -> origin/fix/vercel-integration-flow
2025-04-15T07:51:50.1365889Z  * [new branch]          fix/wait-fetch-snippet  -> origin/fix/wait-fetch-snippet
2025-04-15T07:51:50.1368154Z  * [new branch]          fix/wrappers-og         -> origin/fix/wrappers-og
2025-04-15T07:51:50.1370595Z  * [new branch]          fix/year-footer         -> origin/fix/year-footer
2025-04-15T07:51:50.1373413Z  * [new branch]          fs/hero-poc-3           -> origin/fs/hero-poc-3
2025-04-15T07:51:50.1375546Z  * [new branch]          fs/homepage-v2          -> origin/fs/homepage-v2
2025-04-15T07:51:50.1377720Z  * [new branch]          fu-lodash               -> origin/fu-lodash
2025-04-15T07:51:50.1381133Z  * [new branch]          fubits1/master          -> origin/fubits1/master
2025-04-15T07:51:50.1383245Z  * [new branch]          github-repos-note       -> origin/github-repos-note
2025-04-15T07:51:50.1385567Z  * [new branch]          graphiql-fetcher-sync   -> origin/graphiql-fetcher-sync
2025-04-15T07:51:50.1387737Z  * [new branch]          graphql                 -> origin/graphql
2025-04-15T07:51:50.1390348Z  * [new branch]          grdsdev-patch-1         -> origin/grdsdev-patch-1
2025-04-15T07:51:50.1393376Z  * [new branch]          guilherme/add-official-libs-newproject -> origin/guilherme/add-official-libs-newproject
2025-04-15T07:51:50.1395367Z  * [new branch]          guilherme/python-ref-async -> origin/guilherme/python-ref-async
2025-04-15T07:51:50.1398124Z  * [new branch]          hf/add-siws-ui          -> origin/hf/add-siws-ui
2025-04-15T07:51:50.1400331Z  * [new branch]          hf/api-key-fixes        -> origin/hf/api-key-fixes
2025-04-15T07:51:50.1402369Z  * [new branch]          hf/basic-api-keys       -> origin/hf/basic-api-keys
2025-04-15T07:51:50.1404629Z  * [new branch]          hf/deprecate-slack-provider -> origin/hf/deprecate-slack-provider
2025-04-15T07:51:50.1406705Z  * [new branch]          hf/faq-twitter          -> origin/hf/faq-twitter
2025-04-15T07:51:50.1409144Z  * [new branch]          hf/fix-express-cookies-example-ssr -> origin/hf/fix-express-cookies-example-ssr
2025-04-15T07:51:50.1411358Z  * [new branch]          hf/fix-saml-external-url -> origin/hf/fix-saml-external-url
2025-04-15T07:51:50.1413455Z  * [new branch]          hf/test-split-session-user-storage -> origin/hf/test-split-session-user-storage
2025-04-15T07:51:50.1415502Z  * [new branch]          hf/use-sign-up-not-with-password -> origin/hf/use-sign-up-not-with-password
2025-04-15T07:51:50.1418229Z  * [new branch]          hi/custom-role-ui       -> origin/hi/custom-role-ui
2025-04-15T07:51:50.1420645Z  * [new branch]          hi/feat-project-level-role -> origin/hi/feat-project-level-role
2025-04-15T07:51:50.1423527Z  * [new branch]          hotfix/add-special-chars-warning -> origin/hotfix/add-special-chars-warning
2025-04-15T07:51:50.1426356Z  * [new branch]          improve/reports-permissions-tooltip -> origin/improve/reports-permissions-tooltip
2025-04-15T07:51:50.1428524Z  * [new branch]          inian-patch-1           -> origin/inian-patch-1
2025-04-15T07:51:50.1431257Z  * [new branch]          instance-size-selector-nano-support-addons -> origin/instance-size-selector-nano-support-addons
2025-04-15T07:51:50.1433275Z  * [new branch]          integrations-directory  -> origin/integrations-directory
2025-04-15T07:51:50.1436250Z  * [new branch]          ip/clarify-bandwidth    -> origin/ip/clarify-bandwidth
2025-04-15T07:51:50.1438280Z  * [new branch]          ip/ipv4-address         -> origin/ip/ipv4-address
2025-04-15T07:51:50.1440690Z  * [new branch]          ip/replication-publication -> origin/ip/replication-publication
2025-04-15T07:51:50.1442969Z  * [new branch]          issue-14323             -> origin/issue-14323
2025-04-15T07:51:50.1446122Z  * [new branch]          j0/add_cognito_migration_guide -> origin/j0/add_cognito_migration_guide
2025-04-15T07:51:50.1448485Z  * [new branch]          j0/add_mfa_webauthn_ui  -> origin/j0/add_mfa_webauthn_ui
2025-04-15T07:51:50.1450946Z  * [new branch]          j0/add_webauthn_docs    -> origin/j0/add_webauthn_docs
2025-04-15T07:51:50.1453147Z  * [new branch]          j0/add_webauthn_reference_spec -> origin/j0/add_webauthn_reference_spec
2025-04-15T07:51:50.1455306Z  * [new branch]          j0/allow_limit_editing_when_hook_enabled -> origin/j0/allow_limit_editing_when_hook_enabled
2025-04-15T07:51:50.1457500Z  * [new branch]          j0/update_auth_autoconfirm_docs -> origin/j0/update_auth_autoconfirm_docs
2025-04-15T07:51:50.1459830Z  * [new branch]          j0/update_custom_access_token -> origin/j0/update_custom_access_token
2025-04-15T07:51:50.1461792Z  * [new branch]          j0/update_react_guide   -> origin/j0/update_react_guide
2025-04-15T07:51:50.1464955Z  * [new branch]          jgoux/feat-gitlab-integration-step-1 -> origin/jgoux/feat-gitlab-integration-step-1
2025-04-15T07:51:50.1467732Z  * [new branch]          jordi/e2e-test-staging  -> origin/jordi/e2e-test-staging
2025-04-15T07:51:50.1470339Z  * [new branch]          jordi/fe-1408-remove-non-existent-pg_cron_logs-table-from-log-explorer -> origin/jordi/fe-1408-remove-non-existent-pg_cron_logs-table-from-log-explorer
2025-04-15T07:51:50.1472399Z  * [new branch]          jordi/fe-1457-postgres-logs-add-additional-fields-to-the-details-panel -> origin/jordi/fe-1457-postgres-logs-add-additional-fields-to-the-details-panel
2025-04-15T07:51:50.1474090Z  * [new branch]          jordi/fix-logs-previewer-refresh -> origin/jordi/fix-logs-previewer-refresh
2025-04-15T07:51:50.1476254Z  * [new branch]          jordi/fix-prettier      -> origin/jordi/fix-prettier
2025-04-15T07:51:50.1478280Z  * [new branch]          jordi/fixes-1           -> origin/jordi/fixes-1
2025-04-15T07:51:50.1480810Z  * [new branch]          jordi/realtime-tiptap-editor -> origin/jordi/realtime-tiptap-editor
2025-04-15T07:51:50.1482871Z  * [new branch]          jordi/test-comments     -> origin/jordi/test-comments
2025-04-15T07:51:50.1485040Z  * [new branch]          jordi/test-prettier     -> origin/jordi/test-prettier
2025-04-15T07:51:50.1487240Z  * [new branch]          jordi/trying-fix        -> origin/jordi/trying-fix
2025-04-15T07:51:50.1489863Z  * [new branch]          jordi/use-realtime-state-hook -> origin/jordi/use-realtime-state-hook
2025-04-15T07:51:50.1492701Z  * [new branch]          jsm/before-after-unit-label -> origin/jsm/before-after-unit-label
2025-04-15T07:51:50.1494681Z  * [new branch]          jsm/expand-on-j0-tables -> origin/jsm/expand-on-j0-tables
2025-04-15T07:51:50.1496689Z  * [new branch]          jsm/fix-storage-height  -> origin/jsm/fix-storage-height
2025-04-15T07:51:50.1498894Z  * [new branch]          jsm/meganav-suggestions -> origin/jsm/meganav-suggestions
2025-04-15T07:51:50.1501239Z  * [new branch]          jsm/prototype-nav-approach-2 -> origin/jsm/prototype-nav-approach-2
2025-04-15T07:51:50.1503189Z  * [new branch]          jsm/test-git            -> origin/jsm/test-git
2025-04-15T07:51:50.1505276Z  * [new branch]          jsm/test-tests          -> origin/jsm/test-tests
2025-04-15T07:51:50.1508930Z  * [new branch]          kevin/billing-1262-make-extra-compute-costs-stand-out-more-on-project-creation -> origin/kevin/billing-1262-make-extra-compute-costs-stand-out-more-on-project-creation
2025-04-15T07:51:50.1510961Z  * [new branch]          kevin/billing-1266-add-billing-tab-to-new-org-nav-merge-invoices-to-same-page -> origin/kevin/billing-1266-add-billing-tab-to-new-org-nav-merge-invoices-to-same-page
2025-04-15T07:51:50.1514392Z  * [new branch]          kevin/billing-1268-expose-project-scoped-roles-to-team-plankevin/billing-1268-expose-project-scoped-roles-to-team-plan -> origin/kevin/billing-1268-expose-project-scoped-roles-to-team-plankevin/billing-1268-expose-project-scoped-roles-to-team-plan
2025-04-15T07:51:50.1516619Z  * [new branch]          kiwicopple-patch-1      -> origin/kiwicopple-patch-1
2025-04-15T07:51:50.1518345Z  * [new branch]          kiwicopple-patch-2      -> origin/kiwicopple-patch-2
2025-04-15T07:51:50.1520997Z  * [new branch]          kiwicopple-patch-3      -> origin/kiwicopple-patch-3
2025-04-15T07:51:50.1523575Z  * [new branch]          km/add-sso-slack-clone  -> origin/km/add-sso-slack-clone
2025-04-15T07:51:50.1525056Z  * [new branch]          km/bump-supabase-js     -> origin/km/bump-supabase-js
2025-04-15T07:51:50.1527078Z  * [new branch]          km/docs-update-api-keys -> origin/km/docs-update-api-keys
2025-04-15T07:51:50.1528963Z  * [new branch]          km/starbuck-main-stage  -> origin/km/starbuck-main-stage
2025-04-15T07:51:50.1531351Z  * [new branch]          laktek-patch-1          -> origin/laktek-patch-1
2025-04-15T07:51:50.1533903Z  * [new branch]          lw13/day2               -> origin/lw13/day2
2025-04-15T07:51:50.1536005Z  * [new branch]          lwx-studio-blog-post    -> origin/lwx-studio-blog-post
2025-04-15T07:51:50.1538086Z  * [new branch]          mansueli-patch-1        -> origin/mansueli-patch-1
2025-04-15T07:51:50.1540244Z  * [new branch]          maps                    -> origin/maps
2025-04-15T07:51:50.1542433Z  * [new branch]          master                  -> origin/master
2025-04-15T07:51:50.1544610Z  * [new branch]          maybe-it-is-just-terry  -> origin/maybe-it-is-just-terry
2025-04-15T07:51:50.1547522Z  * [new branch]          monicakh/add-path-feedback -> origin/monicakh/add-path-feedback
2025-04-15T07:51:50.1549623Z  * [new branch]          monicakh/ai-support     -> origin/monicakh/ai-support
2025-04-15T07:51:50.1551468Z  * [new branch]          monicakh/banned-ips     -> origin/monicakh/banned-ips
2025-04-15T07:51:50.1553422Z  * [new branch]          monicakh/exit-survey-wording -> origin/monicakh/exit-survey-wording
2025-04-15T07:51:50.1555173Z  * [new branch]          monicakh/fix-link-langchain-doc -> origin/monicakh/fix-link-langchain-doc
2025-04-15T07:51:50.1557007Z  * [new branch]          monicakh/fix-org-name-validation -> origin/monicakh/fix-org-name-validation
2025-04-15T07:51:50.1559329Z  * [new branch]          monicakh/fix-trigger-name-length-limit -> origin/monicakh/fix-trigger-name-length-limit
2025-04-15T07:51:50.1561150Z  * [new branch]          monicakh/fix-twitter-logo -> origin/monicakh/fix-twitter-logo
2025-04-15T07:51:50.1563267Z  * [new branch]          monicakh/fix-typo-roles -> origin/monicakh/fix-typo-roles
2025-04-15T07:51:50.1564996Z  * [new branch]          monicakh/fix-warning-conn-limit -> origin/monicakh/fix-warning-conn-limit
2025-04-15T07:51:50.1566816Z  * [new branch]          monicakh/fix-wrappers-null-bug -> origin/monicakh/fix-wrappers-null-bug
2025-04-15T07:51:50.1569588Z  * [new branch]          monicakh/generic-import-large-dataset-doc -> origin/monicakh/generic-import-large-dataset-doc
2025-04-15T07:51:50.1571321Z  * [new branch]          monicakh/highlight-user-banned-ip -> origin/monicakh/highlight-user-banned-ip
2025-04-15T07:51:50.1573360Z  * [new branch]          monicakh/support-ai     -> origin/monicakh/support-ai
2025-04-15T07:51:50.1575678Z  * [new branch]          monicakh/table-editor-menu-design-iteration -> origin/monicakh/table-editor-menu-design-iteration
2025-04-15T07:51:50.1577459Z  * [new branch]          move-replication-page   -> origin/move-replication-page
2025-04-15T07:51:50.1579983Z  * [new branch]          nano-enabled-f-lag      -> origin/nano-enabled-f-lag
2025-04-15T07:51:50.1582109Z  * [new branch]          next-14-dep-upgrades    -> origin/next-14-dep-upgrades
2025-04-15T07:51:50.1584125Z  * [new branch]          notify                  -> origin/notify
2025-04-15T07:51:50.1586237Z  * [new branch]          og-test                 -> origin/og-test
2025-04-15T07:51:50.1589122Z  * [new branch]          or/pgmq-rm-apis         -> origin/or/pgmq-rm-apis
2025-04-15T07:51:50.1591140Z  * [new branch]          or/separate-api         -> origin/or/separate-api
2025-04-15T07:51:50.1593114Z  * [new branch]          patch-1                 -> origin/patch-1
2025-04-15T07:51:50.1595987Z  * [new branch]          pcnc/disable-counts     -> origin/pcnc/disable-counts
2025-04-15T07:51:50.1597726Z  * [new branch]          pcnc/fix-migration-inserts -> origin/pcnc/fix-migration-inserts
2025-04-15T07:51:50.1599955Z  * [new branch]          pcnc/introduce-pg_upgrade--logs -> origin/pcnc/introduce-pg_upgrade--logs
2025-04-15T07:51:50.1601787Z  * [new branch]          pcnc/reuse-project-version -> origin/pcnc/reuse-project-version
2025-04-15T07:51:50.1604588Z  * [new branch]          pjc/rr-lb-docs-update   -> origin/pjc/rr-lb-docs-update
2025-04-15T07:51:50.1606767Z  * [new branch]          playwright-fixtures     -> origin/playwright-fixtures
2025-04-15T07:51:50.1609120Z  * [new branch]          plyn-fix-lints-flutter  -> origin/plyn-fix-lints-flutter
2025-04-15T07:51:50.1612115Z  * [new branch]          plyn/paused-guide-button -> origin/plyn/paused-guide-button
2025-04-15T07:51:50.1614684Z  * [new branch]          poc/react-scan          -> origin/poc/react-scan
2025-04-15T07:51:50.1616552Z  * [new branch]          poc/supanotebooks       -> origin/poc/supanotebooks
2025-04-15T07:51:50.1618958Z  * [new branch]          pooling                 -> origin/pooling
2025-04-15T07:51:50.1621786Z  * [new branch]          pr/20781                -> origin/pr/20781
2025-04-15T07:51:50.1623972Z  * [new branch]          prism-fix-maybe         -> origin/prism-fix-maybe
2025-04-15T07:51:50.1626678Z  * [new branch]          refactor/app-router-pt-1 -> origin/refactor/app-router-pt-1
2025-04-15T07:51:50.1628291Z  * [new branch]          refactor/docs-nav       -> origin/refactor/docs-nav
2025-04-15T07:51:50.1630593Z  * [new branch]          refactor/docs-reference -> origin/refactor/docs-reference
2025-04-15T07:51:50.1632227Z  * [new branch]          refactor/pages          -> origin/refactor/pages
2025-04-15T07:51:50.1634795Z  * [new branch]          remove-nano-enabled-flag -> origin/remove-nano-enabled-flag
2025-04-15T07:51:50.1636889Z  * [new branch]          replicator              -> origin/replicator
2025-04-15T07:51:50.1639285Z  * [new branch]          resend                  -> origin/resend
2025-04-15T07:51:50.1643058Z  * [new branch]          revert-31209-chore/toggle-for-storage-client-connection-s3 -> origin/revert-31209-chore/toggle-for-storage-client-connection-s3
2025-04-15T07:51:50.1671565Z  * [new branch]          saltcod-patch-1         -> origin/saltcod-patch-1
2025-04-15T07:51:50.1678164Z  * [new branch]          storage/image-transformation-toggle -> origin/storage/image-transformation-toggle
2025-04-15T07:51:50.1679350Z  * [new branch]          storage/metadata-doc    -> origin/storage/metadata-doc
2025-04-15T07:51:50.1680062Z  * [new branch]          streaming-backup        -> origin/streaming-backup
2025-04-15T07:51:50.1681250Z  * [new branch]          streamline-prettier-commadn -> origin/streamline-prettier-commadn
2025-04-15T07:51:50.1682177Z  * [new branch]          studio                  -> origin/studio
2025-04-15T07:51:50.1682732Z  * [new branch]          sudayavarman-patch-1    -> origin/sudayavarman-patch-1
2025-04-15T07:51:50.1683846Z  * [new branch]          supavisor-egress-ingress-reports -> origin/supavisor-egress-ingress-reports
2025-04-15T07:51:50.1685087Z  * [new branch]          support-static-files    -> origin/support-static-files
2025-04-15T07:51:50.1685819Z  * [new branch]          temp/next-request-react-query -> origin/temp/next-request-react-query
2025-04-15T07:51:50.1687074Z  * [new branch]          test-prettier-changes   -> origin/test-prettier-changes
2025-04-15T07:51:50.1687974Z  * [new branch]          test-speed              -> origin/test-speed
2025-04-15T07:51:50.1689087Z  * [new branch]          test/force-deploy       -> origin/test/force-deploy
2025-04-15T07:51:50.1690184Z  * [new branch]          tests/clean-and-fix-some-tests -> origin/tests/clean-and-fix-some-tests
2025-04-15T07:51:50.1690868Z  * [new branch]          text/build-issue-staging -> origin/text/build-issue-staging
2025-04-15T07:51:50.1692446Z  * [new branch]          thomas/billing-1144-billing-docs-revamp-pricing-on-feature-pages -> origin/thomas/billing-1144-billing-docs-revamp-pricing-on-feature-pages
2025-04-15T07:51:50.1694221Z  * [new branch]          thor/nuxt3-updates      -> origin/thor/nuxt3-updates
2025-04-15T07:51:50.1694980Z  * [new branch]          thorwebdev-patch-1      -> origin/thorwebdev-patch-1
2025-04-15T07:51:50.1695549Z  * [new branch]          tim-blog-post           -> origin/tim-blog-post
2025-04-15T07:51:50.1696145Z  * [new branch]          tom/docs/custom-warning -> origin/tom/docs/custom-warning
2025-04-15T07:51:50.1697209Z  * [new branch]          try-contentlayer2-upgrade -> origin/try-contentlayer2-upgrade
2025-04-15T07:51:50.1697894Z  * [new branch]          ui-lib/copy-message     -> origin/ui-lib/copy-message
2025-04-15T07:51:50.1698963Z  * [new branch]          ui-lib/mobile-fixes-2   -> origin/ui-lib/mobile-fixes-2
2025-04-15T07:51:50.1701159Z  * [new branch]          ui-lib/quickstart       -> origin/ui-lib/quickstart
2025-04-15T07:51:50.1704033Z  * [new branch]          ui/add-social-login     -> origin/ui/add-social-login
2025-04-15T07:51:50.1706238Z  * [new branch]          update-example-card     -> origin/update-example-card
2025-04-15T07:51:50.1708509Z  * [new branch]          update-latest-announcements -> origin/update-latest-announcements
2025-04-15T07:51:50.1710945Z  * [new branch]          updating-docs           -> origin/updating-docs
2025-04-15T07:51:50.1713099Z  * [new branch]          vercel-marketplace      -> origin/vercel-marketplace
2025-04-15T07:51:50.1715262Z  * [new branch]          views                   -> origin/views
2025-04-15T07:51:50.1717517Z  * [new branch]          wasm-modules-guide      -> origin/wasm-modules-guide
2025-04-15T07:51:50.1718672Z  * [new tag]             0.0.4                   -> 0.0.4
2025-04-15T07:51:50.1720306Z  * [new tag]             0.0.7                   -> 0.0.7
2025-04-15T07:51:50.1721580Z  * [new tag]             0.0.8                   -> 0.0.8
2025-04-15T07:51:50.1722917Z  * [new tag]             0.0.9                   -> 0.0.9
2025-04-15T07:51:50.1724218Z  * [new tag]             0.21.03                 -> 0.21.03
2025-04-15T07:51:50.1725618Z  * [new tag]             0.21.04                 -> 0.21.04
2025-04-15T07:51:50.1726983Z  * [new tag]             0.21.05                 -> 0.21.05
2025-04-15T07:51:50.1728534Z  * [new tag]             0.21.06                 -> 0.21.06
2025-04-15T07:51:50.1729996Z  * [new tag]             0.21.07                 -> 0.21.07
2025-04-15T07:51:50.1731314Z  * [new tag]             0.21.08                 -> 0.21.08
2025-04-15T07:51:50.1732657Z  * [new tag]             0.21.09                 -> 0.21.09
2025-04-15T07:51:50.1734010Z  * [new tag]             0.21.10                 -> 0.21.10
2025-04-15T07:51:50.1735408Z  * [new tag]             0.21.11.30              -> 0.21.11.30
2025-04-15T07:51:50.1736530Z  * [new tag]             0.22.03                 -> 0.22.03
2025-04-15T07:51:50.1737922Z  * [new tag]             0.22.08                 -> 0.22.08
2025-04-15T07:51:50.1739538Z  * [new tag]             0.22.09                 -> 0.22.09
2025-04-15T07:51:50.1740900Z  * [new tag]             0.22.11                 -> 0.22.11
2025-04-15T07:51:50.1742366Z  * [new tag]             0.23.01                 -> 0.23.01
2025-04-15T07:51:50.1743841Z  * [new tag]             0.23.05                 -> 0.23.05
2025-04-15T07:51:50.1745136Z  * [new tag]             1.24.07                 -> 1.24.07
2025-04-15T07:51:50.1746503Z  * [new tag]             1.24.08                 -> 1.24.08
2025-04-15T07:51:50.1747872Z  * [new tag]             1.24.12                 -> 1.24.12
2025-04-15T07:51:50.1749702Z  * [new tag]             1.25.01                 -> 1.25.01
2025-04-15T07:51:50.1751107Z  * [new tag]             1.25.02                 -> 1.25.02
2025-04-15T07:51:50.1752416Z  * [new tag]             1.25.03                 -> 1.25.03
2025-04-15T07:51:50.1753818Z  * [new tag]             v.0.23.10               -> v.0.23.10
2025-04-15T07:51:50.1755201Z  * [new tag]             v0.0.10                 -> v0.0.10
2025-04-15T07:51:50.1756473Z  * [new tag]             v0.0.11                 -> v0.0.11
2025-04-15T07:51:50.1757811Z  * [new tag]             v0.0.12                 -> v0.0.12
2025-04-15T07:51:50.1759442Z  * [new tag]             v0.21.01                -> v0.21.01
2025-04-15T07:51:50.1760826Z  * [new tag]             v0.21.02                -> v0.21.02
2025-04-15T07:51:50.1762273Z  * [new tag]             v0.22.10                -> v0.22.10
2025-04-15T07:51:50.1763679Z  * [new tag]             v0.23.02                -> v0.23.02
2025-04-15T07:51:50.1765094Z  * [new tag]             v0.23.04                -> v0.23.04
2025-04-15T07:51:50.1766546Z  * [new tag]             v0.23.06                -> v0.23.06
2025-04-15T07:51:50.1767923Z  * [new tag]             v0.23.08                -> v0.23.08
2025-04-15T07:51:50.1769618Z  * [new tag]             v0.23.09                -> v0.23.09
2025-04-15T07:51:50.1770999Z  * [new tag]             v0.23.10                -> v0.23.10
2025-04-15T07:51:50.1772363Z  * [new tag]             v0.23.11                -> v0.23.11
2025-04-15T07:51:50.1773806Z  * [new tag]             v0.24.02                -> v0.24.02
2025-04-15T07:51:50.1775237Z  * [new tag]             v0.24.03                -> v0.24.03
2025-04-15T07:51:50.1776731Z  * [new tag]             v1.24.04                -> v1.24.04
2025-04-15T07:51:50.1778092Z  * [new tag]             v1.24.05                -> v1.24.05
2025-04-15T07:51:50.1779745Z  * [new tag]             v1.24.09                -> v1.24.09
2025-04-15T07:51:50.1783111Z  * [new ref]             c0499857536d9f7b5f0b095260c5b9fbeb292b91 -> pull/27087/merge
2025-04-15T07:51:50.1911214Z ##[endgroup]
2025-04-15T07:51:50.1912407Z ##[group]Determining the checkout info
2025-04-15T07:51:50.1913011Z ##[endgroup]
2025-04-15T07:51:50.1918052Z ##[group]Setting up sparse checkout
2025-04-15T07:51:50.1919496Z [command]/usr/bin/git sparse-checkout set supa-mdx-lint.config.toml supa-mdx-lint apps/docs/content
2025-04-15T07:51:50.1955514Z ##[endgroup]
2025-04-15T07:51:50.1956615Z ##[group]Checking out the ref
2025-04-15T07:51:50.1961663Z [command]/usr/bin/git checkout --progress --force refs/remotes/pull/27087/merge
2025-04-15T07:51:51.0342509Z Note: switching to 'refs/remotes/pull/27087/merge'.
2025-04-15T07:51:51.0342987Z 
2025-04-15T07:51:51.0343614Z You are in 'detached HEAD' state. You can look around, make experimental
2025-04-15T07:51:51.0344407Z changes and commit them, and you can discard any commits you make in this
2025-04-15T07:51:51.0345240Z state without impacting any branches by switching back to a branch.
2025-04-15T07:51:51.0345618Z 
2025-04-15T07:51:51.0345830Z If you want to create a new branch to retain commits you create, you may
2025-04-15T07:51:51.0346328Z do so (now or later) by using -c with the switch command. Example:
2025-04-15T07:51:51.0346612Z 
2025-04-15T07:51:51.0346738Z   git switch -c <new-branch-name>
2025-04-15T07:51:51.0347045Z 
2025-04-15T07:51:51.0347242Z Or undo this operation with:
2025-04-15T07:51:51.0347543Z 
2025-04-15T07:51:51.0347727Z   git switch -
2025-04-15T07:51:51.0347956Z 
2025-04-15T07:51:51.0348355Z Turn off this advice by setting config variable advice.detachedHead to false
2025-04-15T07:51:51.0349092Z 
2025-04-15T07:51:51.0349701Z HEAD is now at c04998575 Merge 579add25dc4e77804fe4bfae2e13998bac814b0a into 62ed8e1e72a6a8bca87298235b3678a03af26e29
2025-04-15T07:51:51.0356921Z ##[endgroup]
2025-04-15T07:51:51.0402359Z [command]/usr/bin/git log -1 --format=%H
2025-04-15T07:51:51.0427888Z c0499857536d9f7b5f0b095260c5b9fbeb292b91
2025-04-15T07:51:51.0633003Z ##[group]Run dorny/paths-filter@de90cc6fb38fc0963ad72b210f1f284cd68cea36
2025-04-15T07:51:51.0633416Z with:
2025-04-15T07:51:51.0633807Z   filters: docs:
  - 'apps/docs/content/**'
  - 'supa-mdx-lint/**'
  - 'supa-mdx-lint.config.toml'

2025-04-15T07:51:51.0634366Z   token: ***
2025-04-15T07:51:51.0634565Z   list-files: none
2025-04-15T07:51:51.0634777Z   initial-fetch-depth: 100
2025-04-15T07:51:51.0635226Z env:
2025-04-15T07:51:51.0635432Z   CARGO_NET_GIT_FETCH_WITH_CLI: true
2025-04-15T07:51:51.0635675Z ##[endgroup]
2025-04-15T07:51:51.1548871Z ##[group]Fetching list of changed files for PR#27087 from Github API
2025-04-15T07:51:51.1557687Z Invoking listFiles(pull_number: 27087, per_page: 100)
2025-04-15T07:51:51.5051824Z Received 10 items
2025-04-15T07:51:51.5052997Z [modified] apps/docs/components/Navigation/NavigationMenu/NavigationMenu.constants.ts
2025-04-15T07:51:51.5054386Z [modified] apps/docs/content/guides/database/postgres/setup-replication-external.mdx
2025-04-15T07:51:51.5056102Z [added] apps/docs/content/guides/database/replication-cdc/faq.mdx
2025-04-15T07:51:51.5057294Z [added] apps/docs/content/guides/database/replication-cdc/logical-replication.mdx
2025-04-15T07:51:51.5058499Z [added] apps/docs/content/guides/database/replication-cdc/overview.mdx
2025-04-15T07:51:51.5059781Z [added] apps/docs/content/guides/database/replication-cdc/services/etl-airbyte.mdx
2025-04-15T07:51:51.5061820Z [added] apps/docs/content/guides/database/replication-cdc/services/etl-fivetran.mdx
2025-04-15T07:51:51.5062894Z [added] apps/docs/content/guides/database/replication-cdc/services/etl-materialize.mdx
2025-04-15T07:51:51.5063882Z [added] apps/docs/content/guides/database/replication-cdc/services/etl-stitch.mdx
2025-04-15T07:51:51.5064856Z [added] apps/docs/content/guides/database/replication-cdc/setting-up-replication.mdx
2025-04-15T07:51:51.5066005Z ##[endgroup]
2025-04-15T07:51:51.5066363Z Detected 10 changed files
2025-04-15T07:51:51.5079318Z Results:
2025-04-15T07:51:51.5079990Z ##[group]Filter docs = true
2025-04-15T07:51:51.5080465Z Matching files:
2025-04-15T07:51:51.5081157Z apps/docs/content/guides/database/postgres/setup-replication-external.mdx [modified]
2025-04-15T07:51:51.5082127Z apps/docs/content/guides/database/replication-cdc/faq.mdx [added]
2025-04-15T07:51:51.5083080Z apps/docs/content/guides/database/replication-cdc/logical-replication.mdx [added]
2025-04-15T07:51:51.5084098Z apps/docs/content/guides/database/replication-cdc/overview.mdx [added]
2025-04-15T07:51:51.5085120Z apps/docs/content/guides/database/replication-cdc/services/etl-airbyte.mdx [added]
2025-04-15T07:51:51.5086196Z apps/docs/content/guides/database/replication-cdc/services/etl-fivetran.mdx [added]
2025-04-15T07:51:51.5087299Z apps/docs/content/guides/database/replication-cdc/services/etl-materialize.mdx [added]
2025-04-15T07:51:51.5088362Z apps/docs/content/guides/database/replication-cdc/services/etl-stitch.mdx [added]
2025-04-15T07:51:51.5089685Z apps/docs/content/guides/database/replication-cdc/setting-up-replication.mdx [added]
2025-04-15T07:51:51.5090781Z ##[endgroup]
2025-04-15T07:51:51.5091132Z Changes output set to ["docs"]
2025-04-15T07:51:51.5797473Z ##[group]Run actions/cache@v4
2025-04-15T07:51:51.5797733Z with:
2025-04-15T07:51:51.5798066Z   path: ~/.cargo/bin/
~/.cargo/registry/index/
~/.cargo/registry/cache/
~/.cargo/git/db/

2025-04-15T07:51:51.5798480Z   key: e5609278486869b545fda23b5732727b6e70a1c1
2025-04-15T07:51:51.5798934Z   enableCrossOsArchive: false
2025-04-15T07:51:51.5799188Z   fail-on-cache-miss: false
2025-04-15T07:51:51.5799422Z   lookup-only: false
2025-04-15T07:51:51.5799631Z   save-always: false
2025-04-15T07:51:51.5799832Z env:
2025-04-15T07:51:51.5800017Z   CARGO_NET_GIT_FETCH_WITH_CLI: true
2025-04-15T07:51:51.5800260Z ##[endgroup]
2025-04-15T07:51:51.9876330Z Cache hit for: e5609278486869b545fda23b5732727b6e70a1c1
2025-04-15T07:51:53.2520534Z Received 12582912 of 92330018 (13.6%), 12.0 MBs/sec
2025-04-15T07:51:53.8966033Z Received 92330018 of 92330018 (100.0%), 53.5 MBs/sec
2025-04-15T07:51:53.8969332Z Cache Size: ~88 MB (92330018 B)
2025-04-15T07:51:53.9008401Z [command]/usr/bin/tar -xf /home/runner/work/_temp/27da9097-16ec-43ac-acb9-6480ec5f650c/cache.tzst -P -C /home/runner/work/supabase/supabase --use-compress-program unzstd
2025-04-15T07:51:54.2926668Z Cache restored successfully
2025-04-15T07:51:54.3313800Z Cache restored from key: e5609278486869b545fda23b5732727b6e70a1c1
2025-04-15T07:51:54.3476336Z ##[group]Run reviewdog/action-setup@3f401fe1d58fe77e10d665ab713057375e39b887
2025-04-15T07:51:54.3476756Z with:
2025-04-15T07:51:54.3476960Z   reviewdog_version: v0.20.2
2025-04-15T07:51:54.3477195Z env:
2025-04-15T07:51:54.3477383Z   CARGO_NET_GIT_FETCH_WITH_CLI: true
2025-04-15T07:51:54.3477641Z ##[endgroup]
2025-04-15T07:51:54.3558498Z ##[group]Run set -eu
2025-04-15T07:51:54.3559102Z [36;1mset -eu[0m
2025-04-15T07:51:54.3559369Z [36;1m"$GITHUB_ACTION_PATH/install.sh"[0m
2025-04-15T07:51:54.3587840Z shell: /usr/bin/sh -e {0}
2025-04-15T07:51:54.3588110Z env:
2025-04-15T07:51:54.3588315Z   CARGO_NET_GIT_FETCH_WITH_CLI: true
2025-04-15T07:51:54.3588601Z   REVIEWDOG_VERSION: v0.20.2
2025-04-15T07:51:54.3589152Z   REVIEWDOG_TEMPDIR: /home/runner/work/_temp
2025-04-15T07:51:54.3589448Z ##[endgroup]
2025-04-15T07:51:54.3664205Z ##[group]🐶 Installing reviewdog ... https://github.com/reviewdog/reviewdog
2025-04-15T07:51:54.4101919Z reviewdog/reviewdog info checking GitHub for tag 'v0.20.2'
2025-04-15T07:51:54.7108166Z reviewdog/reviewdog info found version: 0.20.2 for v0.20.2/Linux/x86_64
2025-04-15T07:51:55.8943501Z reviewdog/reviewdog info installed /home/runner/work/_temp/reviewdog/bin/reviewdog
2025-04-15T07:51:55.8996943Z ##[endgroup]
2025-04-15T07:51:55.9047238Z ##[group]Run set -eu
2025-04-15T07:51:55.9047506Z [36;1mset -eu[0m
2025-04-15T07:51:55.9047783Z [36;1m"$GITHUB_ACTION_PATH/check-installed.sh"[0m
2025-04-15T07:51:55.9073792Z shell: /usr/bin/sh -e {0}
2025-04-15T07:51:55.9074044Z env:
2025-04-15T07:51:55.9074248Z   CARGO_NET_GIT_FETCH_WITH_CLI: true
2025-04-15T07:51:55.9074517Z ##[endgroup]
2025-04-15T07:51:55.9117353Z ##[group]📖 reviewdog -h
2025-04-15T07:51:55.9137730Z Usage:	reviewdog [flags]
2025-04-15T07:51:55.9138332Z 	reviewdog accepts any compiler or linter results from stdin and filters
2025-04-15T07:51:55.9139516Z 	them by diff for review. reviewdog also can posts the results as a comment to
2025-04-15T07:51:55.9140221Z 	GitHub if you use reviewdog in CI service.
2025-04-15T07:51:55.9140676Z Flags:
2025-04-15T07:51:55.9141023Z   -conf string
2025-04-15T07:51:55.9141351Z     	config file path
2025-04-15T07:51:55.9141700Z   -diff string
2025-04-15T07:51:55.9142303Z     	diff command (e.g. "git diff") for local reporters. Do not use --relative flag for git command.
2025-04-15T07:51:55.9142992Z   -efm value
2025-04-15T07:51:55.9143678Z     	list of supported machine-readable format and errorformat (https://github.com/reviewdog/errorformat)
2025-04-15T07:51:55.9144466Z   -f string
2025-04-15T07:51:55.9144996Z     	format name (run -list to see supported format name) for input. It's also used as tool name in review comment if -name is empty
2025-04-15T07:51:55.9145860Z   -f.diff.strip int
2025-04-15T07:51:55.9146448Z     	option for -f=diff: strip NUM leading components from diff file names (equivalent to 'patch -p') (default is 1 for git diff) (default 1)
2025-04-15T07:51:55.9147405Z   -fail-level value
2025-04-15T07:51:55.9148326Z     	reviewdog will exit with code 1 if it finds at least 1 issue with severity greater than or equal to the given level. [none(default),any,info,warning,error]
2025-04-15T07:51:55.9149181Z   -fail-on-error
2025-04-15T07:51:55.9149417Z     	[DEPRECATED] use -fail-level instead
2025-04-15T07:51:55.9149691Z   -filter-mode value
2025-04-15T07:51:55.9149998Z     	how to filter checks results. [added, diff_context, file, nofilter].
2025-04-15T07:51:55.9150347Z     			"added" (default)
2025-04-15T07:51:55.9150592Z     				Filter by added/modified diff lines.
2025-04-15T07:51:55.9150857Z     			"diff_context"
2025-04-15T07:51:55.9151137Z     				Filter by diff context, which can include unchanged lines.
2025-04-15T07:51:55.9151536Z     				i.e. changed lines +-N lines (e.g. N=3 for default git diff).
2025-04-15T07:51:55.9151848Z     			"file"
2025-04-15T07:51:55.9152054Z     				Filter by added/modified file.
2025-04-15T07:51:55.9152303Z     			"nofilter"
2025-04-15T07:51:55.9152507Z     				Do not filter any results.
2025-04-15T07:51:55.9152947Z     	
2025-04-15T07:51:55.9153260Z   -guess
2025-04-15T07:51:55.9153503Z     	guess Pull Request ID by branch name and commit SHA
2025-04-15T07:51:55.9153800Z   -level string
2025-04-15T07:51:55.9154107Z     	default report level for supported reporters ("info","warning","error").
2025-04-15T07:51:55.9154463Z   -list
2025-04-15T07:51:55.9154745Z     	list supported pre-defined format names which can be used as -f arg
2025-04-15T07:51:55.9155091Z   -log-level string
2025-04-15T07:51:55.9155415Z     	log level for reviewdog itself. (debug, info, warning, error) (default "info")
2025-04-15T07:51:55.9155781Z   -name string
2025-04-15T07:51:55.9156091Z     	tool name in review comment. -f is used as tool name if -name is empty
2025-04-15T07:51:55.9156435Z   -reporter string
2025-04-15T07:51:55.9156653Z     	reporter of reviewdog results.
2025-04-15T07:51:55.9156903Z     		"local" (default)
2025-04-15T07:51:55.9157126Z     			Report results to stdout.
2025-04-15T07:51:55.9157352Z     	
2025-04-15T07:51:55.9157530Z     		"rdjson"
2025-04-15T07:51:55.9157747Z     			Report results to stdout in rdjson format.
2025-04-15T07:51:55.9158010Z     	
2025-04-15T07:51:55.9158178Z     		"rdjsonl"
2025-04-15T07:51:55.9158399Z     			Report results to stdout in rdjsonl format.
2025-04-15T07:51:55.9158660Z     	
2025-04-15T07:51:55.9159097Z     		"sarif"
2025-04-15T07:51:55.9159330Z     			Report results to stdout in SARIF format.
2025-04-15T07:51:55.9159598Z     	
2025-04-15T07:51:55.9159778Z     		"github-check"
2025-04-15T07:51:55.9160105Z     			Report results to GitHub Check. It works both for Pull Requests and commits.
2025-04-15T07:51:55.9160596Z     			For Pull Request, you can see report results in GitHub PullRequest Check
2025-04-15T07:51:55.9161007Z     			tab and can control filtering mode by -filter-mode flag.
2025-04-15T07:51:55.9161302Z     	
2025-04-15T07:51:55.9161509Z     			There are two options to use this reporter.
2025-04-15T07:51:55.9161777Z     	
2025-04-15T07:51:55.9162055Z     			Option 1) Run reviewdog from GitHub Actions w/ secrets.GITHUB_TOKEN
2025-04-15T07:51:55.9162473Z     				Note that it reports result to GitHub Actions log console for Pull
2025-04-15T07:51:55.9162884Z     				Requests from fork repository due to GitHub Actions restriction.
2025-04-15T07:51:55.9163434Z     				https://help.github.com/en/articles/virtual-environments-for-github-actions#github_token-secret
2025-04-15T07:51:55.9163893Z     	
2025-04-15T07:51:55.9164154Z     				Set REVIEWDOG_GITHUB_API_TOKEN with secrets.GITHUB_TOKEN. e.g.
2025-04-15T07:51:55.9164550Z     						REVIEWDOG_GITHUB_API_TOKEN: ${{ secrets.GITHUB_TOKEN }}
2025-04-15T07:51:55.9164853Z     	
2025-04-15T07:51:55.9165057Z     			Option 2) Install reviewdog GitHub Apps
2025-04-15T07:51:55.9165408Z     				1. Install reviewdog Apps. https://github.com/apps/reviewdog
2025-04-15T07:51:55.9165817Z     				2. Set REVIEWDOG_TOKEN or run reviewdog CLI in trusted CI providers.
2025-04-15T07:51:55.9166266Z     				You can get token from https://reviewdog.app/gh/<owner>/<repo-name>.
2025-04-15T07:51:55.9166634Z     				$ export REVIEWDOG_TOKEN="xxxxx"
2025-04-15T07:51:55.9166881Z     	
2025-04-15T07:51:55.9167122Z     				Note: Token is not required if you run reviewdog in Travis CI.
2025-04-15T07:51:55.9167428Z     	
2025-04-15T07:51:55.9167606Z     		"github-pr-check"
2025-04-15T07:51:55.9167908Z     			Same as github-check reporter but it only supports Pull Requests.
2025-04-15T07:51:55.9168232Z     	
2025-04-15T07:51:55.9168413Z     		"github-pr-review"
2025-04-15T07:51:55.9168665Z     			Report results to GitHub review comments.
2025-04-15T07:51:55.9169110Z     	
2025-04-15T07:51:55.9169346Z     			1. Set REVIEWDOG_GITHUB_API_TOKEN environment variable.
2025-04-15T07:51:55.9169832Z     			Go to https://github.com/settings/tokens and create new Personal access token with repo scope.
2025-04-15T07:51:55.9170248Z     	
2025-04-15T07:51:55.9170429Z     			For GitHub Enterprise:
2025-04-15T07:51:55.9170762Z     				$ export GITHUB_API="https://example.githubenterprise.com/api/v3"
2025-04-15T07:51:55.9171356Z     	
2025-04-15T07:51:55.9171543Z     		"gitlab-mr-discussion"
2025-04-15T07:51:55.9171822Z     			Report results to GitLab MergeRequest discussion.
2025-04-15T07:51:55.9172101Z     	
2025-04-15T07:51:55.9172328Z     			1. Set REVIEWDOG_GITLAB_API_TOKEN environment variable.
2025-04-15T07:51:55.9172679Z     			Go to https://gitlab.com/profile/personal_access_tokens
2025-04-15T07:51:55.9172968Z     	
2025-04-15T07:51:55.9173269Z     			CI_API_V4_URL (defined by Gitlab CI) as the base URL for the Gitlab API automatically.
2025-04-15T07:51:55.9173804Z     			Alternatively, GITLAB_API can also be defined, and it will take precedence over the former:
2025-04-15T07:51:55.9174278Z     				$ export GITLAB_API="https://example.gitlab.com/api/v4"
2025-04-15T07:51:55.9174578Z     	
2025-04-15T07:51:55.9174757Z     		"gitlab-mr-commit"
2025-04-15T07:51:55.9175074Z     			Same as gitlab-mr-discussion, but report results to GitLab comments for
2025-04-15T07:51:55.9175447Z     			each commits in Merge Requests.
2025-04-15T07:51:55.9175697Z     	
2025-04-15T07:51:55.9175881Z     		"gerrit-change-review"
2025-04-15T07:51:55.9176137Z     			Report results to Gerrit Change comments.
2025-04-15T07:51:55.9176401Z     	
2025-04-15T07:51:55.9176684Z     			1. Set GERRIT_USERNAME and GERRIT_PASSWORD for basic authentication or
2025-04-15T07:51:55.9177081Z     			GIT_GITCOOKIE_PATH for git cookie based authentication.
2025-04-15T07:51:55.9177485Z     			2. Set GERRIT_CHANGE_ID, GERRIT_REVISION_ID GERRIT_BRANCH and GERRIT_ADDRESS
2025-04-15T07:51:55.9177827Z     	
2025-04-15T07:51:55.9178000Z     			For example:
2025-04-15T07:51:55.9178269Z     				$ export GERRIT_CHANGE_ID=myproject~master~I1293efab014de2
2025-04-15T07:51:55.9178603Z     				$ export GERRIT_REVISION_ID=ed318bf9a3c
2025-04-15T07:51:55.9179048Z     				$ export GERRIT_BRANCH=master
2025-04-15T07:51:55.9179358Z     				$ export GERRIT_ADDRESS=http://localhost:8080
2025-04-15T07:51:55.9179639Z     	
2025-04-15T07:51:55.9179833Z     		"bitbucket-code-report"
2025-04-15T07:51:55.9180114Z     			Create Bitbucket Code Report via Code Insights
2025-04-15T07:51:55.9180502Z     			(https://confluence.atlassian.com/display/BITBUCKET/Code+insights).
2025-04-15T07:51:55.9180876Z     			You can set custom report name with:
2025-04-15T07:51:55.9181127Z     	
2025-04-15T07:51:55.9181438Z     			If running as part of Bitbucket Pipelines no additional configurations is needed.
2025-04-15T07:51:55.9181921Z     			If running outside of Bitbucket Pipelines you need to provide git repo data
2025-04-15T07:51:55.9182385Z     			(see documentation below for local reporters) and BitBucket credentials:
2025-04-15T07:51:55.9182801Z     			- For Basic Auth you need to set following env variables:
2025-04-15T07:51:55.9183129Z     				  BITBUCKET_USER and BITBUCKET_PASSWORD
2025-04-15T07:51:55.9183460Z     			- For AccessToken Auth you need to set BITBUCKET_ACCESS_TOKEN
2025-04-15T07:51:55.9183765Z     	
2025-04-15T07:51:55.9184025Z     			To post results to Bitbucket Server specify BITBUCKET_SERVER_URL.
2025-04-15T07:51:55.9184345Z     	
2025-04-15T07:51:55.9184526Z     		"gitea-pr-review"
2025-04-15T07:51:55.9184769Z     			Report results to Gitea review comments.
2025-04-15T07:51:55.9185021Z     	
2025-04-15T07:51:55.9185246Z     			1. Set REVIEWDOG_GITEA_API_TOKEN environment variable.
2025-04-15T07:51:55.9185774Z     			Go to https://<gitea-server>/user/settings/applications and create new Access Token token with repo scope.
2025-04-15T07:51:55.9186350Z     			2. Set GITEA_ADDRESS environment variable to your Gitea server base address.
2025-04-15T07:51:55.9186710Z     			For example:
2025-04-15T07:51:55.9186947Z     				$ export GITEA_ADDRESS=http://localhost:3000
2025-04-15T07:51:55.9187213Z     	
2025-04-15T07:51:55.9187456Z     		For GitHub Enterprise and self hosted GitLab or Gitea, set
2025-04-15T07:51:55.9187918Z     		REVIEWDOG_INSECURE_SKIP_VERIFY to skip verifying SSL (please use this at your own risk)
2025-04-15T07:51:55.9188470Z     			$ export REVIEWDOG_INSECURE_SKIP_VERIFY=true
2025-04-15T07:51:55.9189050Z     	
2025-04-15T07:51:55.9189352Z     		For non-local reporters, reviewdog automatically get necessary data from
2025-04-15T07:51:55.9189949Z     		environment variable in CI service (GitHub Actions, Travis CI, Circle CI, drone.io, GitLab CI, Bitbucket Pipelines).
2025-04-15T07:51:55.9190533Z     		You can set necessary data with following environment variable manually if
2025-04-15T07:51:55.9190909Z     		you want (e.g. run reviewdog in Jenkins).
2025-04-15T07:51:55.9191167Z     	
2025-04-15T07:51:55.9191407Z     			$ export CI_PULL_REQUEST=14 # Pull Request number (e.g. 14)
2025-04-15T07:51:55.9191801Z     			$ export CI_COMMIT="$(git rev-parse @)" # SHA1 for the current build
2025-04-15T07:51:55.9192179Z     			$ export CI_REPO_OWNER="haya14busa" # repository owner
2025-04-15T07:51:55.9192521Z     			$ export CI_REPO_NAME="reviewdog" # repository name
2025-04-15T07:51:55.9192811Z     	 (default "local")
2025-04-15T07:51:55.9193026Z   -runners string
2025-04-15T07:51:55.9193363Z     	comma separated runners name to run in config file. default: run all runners
2025-04-15T07:51:55.9193743Z   -strip int
2025-04-15T07:51:55.9194172Z     	strip NUM leading components from diff file names (equivalent to 'patch -p') (default is 1 for git diff) (default 1)
2025-04-15T07:51:55.9194641Z   -tee
2025-04-15T07:51:55.9195081Z     	enable "tee"-like mode which outputs tools's output as is while reporting results to -reporter. Useful for debugging as well.
2025-04-15T07:51:55.9195568Z   -version
2025-04-15T07:51:55.9195747Z     	print version
2025-04-15T07:51:55.9195876Z 
2025-04-15T07:51:55.9196032Z See https://github.com/reviewdog/reviewdog for more detail.
2025-04-15T07:51:55.9196568Z ##[endgroup]
2025-04-15T07:51:55.9236959Z ##[group]Run set -o pipefail
2025-04-15T07:51:55.9237268Z [36;1mset -o pipefail[0m
2025-04-15T07:51:55.9237560Z [36;1mgit diff --name-only "origin/$BASE_REF" HEAD \[0m
2025-04-15T07:51:55.9237933Z [36;1m  | { grep -E "^apps/docs/content/" || test $? = 1; } \[0m
2025-04-15T07:51:55.9238291Z [36;1m  | xargs -r supa-mdx-lint --format rdf \[0m
2025-04-15T07:51:55.9238674Z [36;1m  | reviewdog -f=rdjsonl -reporter=github-pr-review -tee[0m
2025-04-15T07:51:55.9284078Z shell: /usr/bin/bash -e {0}
2025-04-15T07:51:55.9284325Z env:
2025-04-15T07:51:55.9284523Z   CARGO_NET_GIT_FETCH_WITH_CLI: true
2025-04-15T07:51:55.9284782Z   BASE_REF: master
2025-04-15T07:51:55.9285246Z   REVIEWDOG_GITHUB_API_TOKEN: ***
2025-04-15T07:51:55.9285509Z ##[endgroup]
2025-04-15T07:51:56.0304612Z {"message":"Word not found in dictionary: addon","location":{"path":"apps/docs/content/guides/database/postgres/setup-replication-external.mdx","range":{"start":{"line":32,"column":114},"end":{"line":32,"column":119}}},"severity":"ERROR","suggestions":[{"range":{"start":{"line":32,"column":114},"end":{"line":32,"column":119}},"text":"add-on"}]}
2025-04-15T07:51:56.0309632Z {"message":"Word not found in dictionary: Xmin","location":{"path":"apps/docs/content/guides/database/replication-cdc/faq.mdx","range":{"start":{"line":20,"column":1},"end":{"line":20,"column":5}}},"severity":"ERROR"}
2025-04-15T07:51:56.0313501Z {"message":"Word not found in dictionary: Xmin","location":{"path":"apps/docs/content/guides/database/replication-cdc/faq.mdx","range":{"start":{"line":22,"column":1},"end":{"line":22,"column":5}}},"severity":"ERROR"}
2025-04-15T07:51:56.0315341Z {"message":"Word not found in dictionary: xmin","location":{"path":"apps/docs/content/guides/database/replication-cdc/faq.mdx","range":{"start":{"line":22,"column":44},"end":{"line":22,"column":48}}},"severity":"ERROR"}
2025-04-15T07:51:56.0316897Z {"message":"Heading should be sentence case","location":{"path":"apps/docs/content/guides/database/replication-cdc/logical-replication.mdx","range":{"start":{"line":8,"column":1},"end":{"line":8,"column":21}}},"severity":"ERROR","suggestions":[{"range":{"start":{"line":8,"column":16},"end":{"line":8,"column":21}},"text":"terms"}]}
2025-04-15T07:51:56.0318989Z {"message":"Heading should be sentence case","location":{"path":"apps/docs/content/guides/database/replication-cdc/logical-replication.mdx","range":{"start":{"line":10,"column":1},"end":{"line":10,"column":25}}},"severity":"ERROR","suggestions":[{"range":{"start":{"line":10,"column":10},"end":{"line":10,"column":15}},"text":"ahead"},{"range":{"start":{"line":10,"column":16},"end":{"line":10,"column":19}},"text":"log"}]}
2025-04-15T07:51:56.0321281Z {"message":"Heading should be sentence case","location":{"path":"apps/docs/content/guides/database/replication-cdc/logical-replication.mdx","range":{"start":{"line":14,"column":1},"end":{"line":14,"column":31}}},"severity":"ERROR","suggestions":[{"range":{"start":{"line":14,"column":12},"end":{"line":14,"column":23}},"text":"replication"}]}
2025-04-15T07:51:56.0323320Z {"message":"Heading should be sentence case","location":{"path":"apps/docs/content/guides/database/replication-cdc/logical-replication.mdx","range":{"start":{"line":18,"column":1},"end":{"line":18,"column":36}}},"severity":"ERROR","suggestions":[{"range":{"start":{"line":18,"column":12},"end":{"line":18,"column":23}},"text":"replication"},{"range":{"start":{"line":18,"column":24},"end":{"line":18,"column":36}},"text":"architecture"}]}
2025-04-15T07:51:56.0325869Z {"message":"Heading should be sentence case","location":{"path":"apps/docs/content/guides/database/replication-cdc/logical-replication.mdx","range":{"start":{"line":26,"column":1},"end":{"line":26,"column":37}}},"severity":"ERROR","suggestions":[{"range":{"start":{"line":26,"column":12},"end":{"line":26,"column":23}},"text":"replication"},{"range":{"start":{"line":26,"column":24},"end":{"line":26,"column":30}},"text":"output"},{"range":{"start":{"line":26,"column":31},"end":{"line":26,"column":37}},"text":"format"}]}
2025-04-15T07:51:56.0328221Z {"message":"Heading should be sentence case","location":{"path":"apps/docs/content/guides/database/replication-cdc/logical-replication.mdx","range":{"start":{"line":30,"column":1},"end":{"line":30,"column":36}}},"severity":"ERROR","suggestions":[{"range":{"start":{"line":30,"column":11},"end":{"line":30,"column":22}},"text":"replication"},{"range":{"start":{"line":30,"column":23},"end":{"line":30,"column":36}},"text":"configuration"}]}
2025-04-15T07:51:56.0330125Z {"message":"Word not found in dictionary: Elasticsearch","location":{"path":"apps/docs/content/guides/database/replication-cdc/overview.mdx","range":{"start":{"line":38,"column":34},"end":{"line":38,"column":47}}},"severity":"ERROR"}
2025-04-15T07:51:56.0331782Z {"message":"Word not found in dictionary: Postgresql","location":{"path":"apps/docs/content/guides/database/replication-cdc/services/etl-airbyte.mdx","range":{"start":{"line":9,"column":111},"end":{"line":9,"column":121}}},"severity":"ERROR","suggestions":[{"range":{"start":{"line":9,"column":111},"end":{"line":9,"column":121}},"text":"Postgres"}]}
2025-04-15T07:51:56.0333646Z {"message":"Prefer 'Postgres' to 'Postgresql'.","location":{"path":"apps/docs/content/guides/database/replication-cdc/services/etl-airbyte.mdx","range":{"start":{"line":9,"column":111},"end":{"line":9,"column":121}}},"severity":"ERROR","suggestions":[{"range":{"start":{"line":9,"column":111},"end":{"line":9,"column":121}},"text":"Postgres"}]}
2025-04-15T07:51:56.0335289Z {"message":"Word not found in dictionary: Troubleshootting","location":{"path":"apps/docs/content/guides/database/replication-cdc/services/etl-airbyte.mdx","range":{"start":{"line":16,"column":4},"end":{"line":16,"column":20}}},"severity":"ERROR"}
2025-04-15T07:51:56.0336964Z {"message":"Word not found in dictionary: Postgresql","location":{"path":"apps/docs/content/guides/database/replication-cdc/services/etl-fivetran.mdx","range":{"start":{"line":8,"column":126},"end":{"line":8,"column":136}}},"severity":"ERROR","suggestions":[{"range":{"start":{"line":8,"column":126},"end":{"line":8,"column":136}},"text":"Postgres"}]}
2025-04-15T07:51:56.0338893Z {"message":"Prefer 'Postgres' to 'Postgresql'.","location":{"path":"apps/docs/content/guides/database/replication-cdc/services/etl-fivetran.mdx","range":{"start":{"line":8,"column":126},"end":{"line":8,"column":136}}},"severity":"ERROR","suggestions":[{"range":{"start":{"line":8,"column":126},"end":{"line":8,"column":136}},"text":"Postgres"}]}
2025-04-15T07:51:56.0340900Z {"message":"Word not found in dictionary: Postgresql","location":{"path":"apps/docs/content/guides/database/replication-cdc/services/etl-materialize.mdx","range":{"start":{"line":8,"column":115},"end":{"line":8,"column":125}}},"severity":"ERROR","suggestions":[{"range":{"start":{"line":8,"column":115},"end":{"line":8,"column":125}},"text":"Postgres"}]}
2025-04-15T07:51:56.0342773Z {"message":"Prefer 'Postgres' to 'Postgresql'.","location":{"path":"apps/docs/content/guides/database/replication-cdc/services/etl-materialize.mdx","range":{"start":{"line":8,"column":115},"end":{"line":8,"column":125}}},"severity":"ERROR","suggestions":[{"range":{"start":{"line":8,"column":115},"end":{"line":8,"column":125}},"text":"Postgres"}]}
2025-04-15T07:51:56.0344635Z {"message":"Word not found in dictionary: Postgresql","location":{"path":"apps/docs/content/guides/database/replication-cdc/services/etl-stitch.mdx","range":{"start":{"line":8,"column":136},"end":{"line":8,"column":146}}},"severity":"ERROR","suggestions":[{"range":{"start":{"line":8,"column":136},"end":{"line":8,"column":146}},"text":"Postgres"}]}
2025-04-15T07:51:56.0346455Z {"message":"Prefer 'Postgres' to 'Postgresql'.","location":{"path":"apps/docs/content/guides/database/replication-cdc/services/etl-stitch.mdx","range":{"start":{"line":8,"column":136},"end":{"line":8,"column":146}}},"severity":"ERROR","suggestions":[{"range":{"start":{"line":8,"column":136},"end":{"line":8,"column":146}},"text":"Postgres"}]}
2025-04-15T07:51:56.0348386Z {"message":"Word not found in dictionary: addon","location":{"path":"apps/docs/content/guides/database/replication-cdc/setting-up-replication.mdx","range":{"start":{"line":12,"column":9},"end":{"line":12,"column":14}}},"severity":"ERROR","suggestions":[{"range":{"start":{"line":12,"column":9},"end":{"line":12,"column":14}},"text":"add-on"}]}
2025-04-15T07:51:56.0350360Z {"message":"Word not found in dictionary: Postgresql","location":{"path":"apps/docs/content/guides/database/replication-cdc/setting-up-replication.mdx","range":{"start":{"line":28,"column":115},"end":{"line":28,"column":125}}},"severity":"ERROR","suggestions":[{"range":{"start":{"line":28,"column":115},"end":{"line":28,"column":125}},"text":"Postgres"}]}
2025-04-15T07:51:56.0352223Z {"message":"Prefer 'Postgres' to 'Postgresql'.","location":{"path":"apps/docs/content/guides/database/replication-cdc/setting-up-replication.mdx","range":{"start":{"line":28,"column":115},"end":{"line":28,"column":125}}},"severity":"ERROR","suggestions":[{"range":{"start":{"line":28,"column":115},"end":{"line":28,"column":125}},"text":"Postgres"}]}
2025-04-15T07:51:56.0353869Z {"message":"Word not found in dictionary: Troubleshootting","location":{"path":"apps/docs/content/guides/database/replication-cdc/setting-up-replication.mdx","range":{"start":{"line":35,"column":4},"end":{"line":35,"column":20}}},"severity":"ERROR"}
2025-04-15T07:51:56.0355543Z {"message":"Word not found in dictionary: Postgresql","location":{"path":"apps/docs/content/guides/database/replication-cdc/setting-up-replication.mdx","range":{"start":{"line":42,"column":145},"end":{"line":42,"column":155}}},"severity":"ERROR","suggestions":[{"range":{"start":{"line":42,"column":145},"end":{"line":42,"column":155}},"text":"Postgres"}]}
2025-04-15T07:51:56.0357409Z {"message":"Prefer 'Postgres' to 'Postgresql'.","location":{"path":"apps/docs/content/guides/database/replication-cdc/setting-up-replication.mdx","range":{"start":{"line":42,"column":145},"end":{"line":42,"column":155}}},"severity":"ERROR","suggestions":[{"range":{"start":{"line":42,"column":145},"end":{"line":42,"column":155}},"text":"Postgres"}]}
2025-04-15T07:51:56.0359342Z {"message":"Word not found in dictionary: Postgresql","location":{"path":"apps/docs/content/guides/database/replication-cdc/setting-up-replication.mdx","range":{"start":{"line":50,"column":130},"end":{"line":50,"column":140}}},"severity":"ERROR","suggestions":[{"range":{"start":{"line":50,"column":130},"end":{"line":50,"column":140}},"text":"Postgres"}]}
2025-04-15T07:51:56.0361393Z {"message":"Prefer 'Postgres' to 'Postgresql'.","location":{"path":"apps/docs/content/guides/database/replication-cdc/setting-up-replication.mdx","range":{"start":{"line":50,"column":130},"end":{"line":50,"column":140}}},"severity":"ERROR","suggestions":[{"range":{"start":{"line":50,"column":130},"end":{"line":50,"column":140}},"text":"Postgres"}]}
2025-04-15T07:51:56.0363249Z {"message":"Word not found in dictionary: Postgresql","location":{"path":"apps/docs/content/guides/database/replication-cdc/setting-up-replication.mdx","range":{"start":{"line":62,"column":119},"end":{"line":62,"column":129}}},"severity":"ERROR","suggestions":[{"range":{"start":{"line":62,"column":119},"end":{"line":62,"column":129}},"text":"Postgres"}]}
2025-04-15T07:51:56.0365106Z {"message":"Prefer 'Postgres' to 'Postgresql'.","location":{"path":"apps/docs/content/guides/database/replication-cdc/setting-up-replication.mdx","range":{"start":{"line":62,"column":119},"end":{"line":62,"column":129}}},"severity":"ERROR","suggestions":[{"range":{"start":{"line":62,"column":119},"end":{"line":62,"column":129}},"text":"Postgres"}]}
2025-04-15T07:51:56.0366961Z {"message":"Word not found in dictionary: Postgresql","location":{"path":"apps/docs/content/guides/database/replication-cdc/setting-up-replication.mdx","range":{"start":{"line":72,"column":140},"end":{"line":72,"column":150}}},"severity":"ERROR","suggestions":[{"range":{"start":{"line":72,"column":140},"end":{"line":72,"column":150}},"text":"Postgres"}]}
2025-04-15T07:51:56.0369018Z {"message":"Prefer 'Postgres' to 'Postgresql'.","location":{"path":"apps/docs/content/guides/database/replication-cdc/setting-up-replication.mdx","range":{"start":{"line":72,"column":140},"end":{"line":72,"column":150}}},"severity":"ERROR","suggestions":[{"range":{"start":{"line":72,"column":140},"end":{"line":72,"column":150}},"text":"Postgres"}]}
2025-04-15T07:51:56.3648601Z {"message":"Word not found in dictionary: addon","location":{"path":"apps/docs/content/guides/database/postgres/setup-replication-external.mdx","range":{"start":{"line":32,"column":114},"end":{"line":32,"column":119}}},"severity":"ERROR","suggestions":[{"range":{"start":{"line":32,"column":114},"end":{"line":32,"column":119}},"text":"add-on"}]}
2025-04-15T07:51:56.3651644Z {"message":"Word not found in dictionary: Xmin","location":{"path":"apps/docs/content/guides/database/replication-cdc/faq.mdx","range":{"start":{"line":20,"column":1},"end":{"line":20,"column":5}}},"severity":"ERROR"}
2025-04-15T07:51:56.3653262Z {"message":"Word not found in dictionary: Xmin","location":{"path":"apps/docs/content/guides/database/replication-cdc/faq.mdx","range":{"start":{"line":22,"column":1},"end":{"line":22,"column":5}}},"severity":"ERROR"}
2025-04-15T07:51:56.3654834Z {"message":"Word not found in dictionary: xmin","location":{"path":"apps/docs/content/guides/database/replication-cdc/faq.mdx","range":{"start":{"line":22,"column":44},"end":{"line":22,"column":48}}},"severity":"ERROR"}
2025-04-15T07:51:56.3656745Z {"message":"Heading should be sentence case","location":{"path":"apps/docs/content/guides/database/replication-cdc/logical-replication.mdx","range":{"start":{"line":8,"column":1},"end":{"line":8,"column":21}}},"severity":"ERROR","suggestions":[{"range":{"start":{"line":8,"column":16},"end":{"line":8,"column":21}},"text":"terms"}]}
2025-04-15T07:51:56.3659316Z {"message":"Heading should be sentence case","location":{"path":"apps/docs/content/guides/database/replication-cdc/logical-replication.mdx","range":{"start":{"line":10,"column":1},"end":{"line":10,"column":25}}},"severity":"ERROR","suggestions":[{"range":{"start":{"line":10,"column":10},"end":{"line":10,"column":15}},"text":"ahead"},{"range":{"start":{"line":10,"column":16},"end":{"line":10,"column":19}},"text":"log"}]}
2025-04-15T07:51:56.3661553Z {"message":"Heading should be sentence case","location":{"path":"apps/docs/content/guides/database/replication-cdc/logical-replication.mdx","range":{"start":{"line":14,"column":1},"end":{"line":14,"column":31}}},"severity":"ERROR","suggestions":[{"range":{"start":{"line":14,"column":12},"end":{"line":14,"column":23}},"text":"replication"}]}
2025-04-15T07:51:56.3663945Z {"message":"Heading should be sentence case","location":{"path":"apps/docs/content/guides/database/replication-cdc/logical-replication.mdx","range":{"start":{"line":18,"column":1},"end":{"line":18,"column":36}}},"severity":"ERROR","suggestions":[{"range":{"start":{"line":18,"column":12},"end":{"line":18,"column":23}},"text":"replication"},{"range":{"start":{"line":18,"column":24},"end":{"line":18,"column":36}},"text":"architecture"}]}
2025-04-15T07:51:56.3666254Z {"message":"Heading should be sentence case","location":{"path":"apps/docs/content/guides/database/replication-cdc/logical-replication.mdx","range":{"start":{"line":26,"column":1},"end":{"line":26,"column":37}}},"severity":"ERROR","suggestions":[{"range":{"start":{"line":26,"column":12},"end":{"line":26,"column":23}},"text":"replication"},{"range":{"start":{"line":26,"column":24},"end":{"line":26,"column":30}},"text":"output"},{"range":{"start":{"line":26,"column":31},"end":{"line":26,"column":37}},"text":"format"}]}
2025-04-15T07:51:56.3668699Z {"message":"Heading should be sentence case","location":{"path":"apps/docs/content/guides/database/replication-cdc/logical-replication.mdx","range":{"start":{"line":30,"column":1},"end":{"line":30,"column":36}}},"severity":"ERROR","suggestions":[{"range":{"start":{"line":30,"column":11},"end":{"line":30,"column":22}},"text":"replication"},{"range":{"start":{"line":30,"column":23},"end":{"line":30,"column":36}},"text":"configuration"}]}
2025-04-15T07:51:56.3670580Z {"message":"Word not found in dictionary: Elasticsearch","location":{"path":"apps/docs/content/guides/database/replication-cdc/overview.mdx","range":{"start":{"line":38,"column":34},"end":{"line":38,"column":47}}},"severity":"ERROR"}
2025-04-15T07:51:56.3672212Z {"message":"Word not found in dictionary: Postgresql","location":{"path":"apps/docs/content/guides/database/replication-cdc/services/etl-airbyte.mdx","range":{"start":{"line":9,"column":111},"end":{"line":9,"column":121}}},"severity":"ERROR","suggestions":[{"range":{"start":{"line":9,"column":111},"end":{"line":9,"column":121}},"text":"Postgres"}]}
2025-04-15T07:51:56.3674071Z {"message":"Prefer 'Postgres' to 'Postgresql'.","location":{"path":"apps/docs/content/guides/database/replication-cdc/services/etl-airbyte.mdx","range":{"start":{"line":9,"column":111},"end":{"line":9,"column":121}}},"severity":"ERROR","suggestions":[{"range":{"start":{"line":9,"column":111},"end":{"line":9,"column":121}},"text":"Postgres"}]}
2025-04-15T07:51:56.3675728Z {"message":"Word not found in dictionary: Troubleshootting","location":{"path":"apps/docs/content/guides/database/replication-cdc/services/etl-airbyte.mdx","range":{"start":{"line":16,"column":4},"end":{"line":16,"column":20}}},"severity":"ERROR"}
2025-04-15T07:51:56.3677412Z {"message":"Word not found in dictionary: Postgresql","location":{"path":"apps/docs/content/guides/database/replication-cdc/services/etl-fivetran.mdx","range":{"start":{"line":8,"column":126},"end":{"line":8,"column":136}}},"severity":"ERROR","suggestions":[{"range":{"start":{"line":8,"column":126},"end":{"line":8,"column":136}},"text":"Postgres"}]}
2025-04-15T07:51:56.3679566Z {"message":"Prefer 'Postgres' to 'Postgresql'.","location":{"path":"apps/docs/content/guides/database/replication-cdc/services/etl-fivetran.mdx","range":{"start":{"line":8,"column":126},"end":{"line":8,"column":136}}},"severity":"ERROR","suggestions":[{"range":{"start":{"line":8,"column":126},"end":{"line":8,"column":136}},"text":"Postgres"}]}
2025-04-15T07:51:56.3681443Z {"message":"Word not found in dictionary: Postgresql","location":{"path":"apps/docs/content/guides/database/replication-cdc/services/etl-materialize.mdx","range":{"start":{"line":8,"column":115},"end":{"line":8,"column":125}}},"severity":"ERROR","suggestions":[{"range":{"start":{"line":8,"column":115},"end":{"line":8,"column":125}},"text":"Postgres"}]}
2025-04-15T07:51:56.3683470Z {"message":"Prefer 'Postgres' to 'Postgresql'.","location":{"path":"apps/docs/content/guides/database/replication-cdc/services/etl-materialize.mdx","range":{"start":{"line":8,"column":115},"end":{"line":8,"column":125}}},"severity":"ERROR","suggestions":[{"range":{"start":{"line":8,"column":115},"end":{"line":8,"column":125}},"text":"Postgres"}]}
2025-04-15T07:51:56.3685320Z {"message":"Word not found in dictionary: Postgresql","location":{"path":"apps/docs/content/guides/database/replication-cdc/services/etl-stitch.mdx","range":{"start":{"line":8,"column":136},"end":{"line":8,"column":146}}},"severity":"ERROR","suggestions":[{"range":{"start":{"line":8,"column":136},"end":{"line":8,"column":146}},"text":"Postgres"}]}
2025-04-15T07:51:56.3687189Z {"message":"Prefer 'Postgres' to 'Postgresql'.","location":{"path":"apps/docs/content/guides/database/replication-cdc/services/etl-stitch.mdx","range":{"start":{"line":8,"column":136},"end":{"line":8,"column":146}}},"severity":"ERROR","suggestions":[{"range":{"start":{"line":8,"column":136},"end":{"line":8,"column":146}},"text":"Postgres"}]}
2025-04-15T07:51:56.3689132Z {"message":"Word not found in dictionary: addon","location":{"path":"apps/docs/content/guides/database/replication-cdc/setting-up-replication.mdx","range":{"start":{"line":12,"column":9},"end":{"line":12,"column":14}}},"severity":"ERROR","suggestions":[{"range":{"start":{"line":12,"column":9},"end":{"line":12,"column":14}},"text":"add-on"}]}
2025-04-15T07:51:56.3691144Z {"message":"Word not found in dictionary: Postgresql","location":{"path":"apps/docs/content/guides/database/replication-cdc/setting-up-replication.mdx","range":{"start":{"line":28,"column":115},"end":{"line":28,"column":125}}},"severity":"ERROR","suggestions":[{"range":{"start":{"line":28,"column":115},"end":{"line":28,"column":125}},"text":"Postgres"}]}
2025-04-15T07:51:56.3693014Z {"message":"Prefer 'Postgres' to 'Postgresql'.","location":{"path":"apps/docs/content/guides/database/replication-cdc/setting-up-replication.mdx","range":{"start":{"line":28,"column":115},"end":{"line":28,"column":125}}},"severity":"ERROR","suggestions":[{"range":{"start":{"line":28,"column":115},"end":{"line":28,"column":125}},"text":"Postgres"}]}
2025-04-15T07:51:56.3694681Z {"message":"Word not found in dictionary: Troubleshootting","location":{"path":"apps/docs/content/guides/database/replication-cdc/setting-up-replication.mdx","range":{"start":{"line":35,"column":4},"end":{"line":35,"column":20}}},"severity":"ERROR"}
2025-04-15T07:51:56.3696365Z {"message":"Word not found in dictionary: Postgresql","location":{"path":"apps/docs/content/guides/database/replication-cdc/setting-up-replication.mdx","range":{"start":{"line":42,"column":145},"end":{"line":42,"column":155}}},"severity":"ERROR","suggestions":[{"range":{"start":{"line":42,"column":145},"end":{"line":42,"column":155}},"text":"Postgres"}]}
2025-04-15T07:51:56.3698241Z {"message":"Prefer 'Postgres' to 'Postgresql'.","location":{"path":"apps/docs/content/guides/database/replication-cdc/setting-up-replication.mdx","range":{"start":{"line":42,"column":145},"end":{"line":42,"column":155}}},"severity":"ERROR","suggestions":[{"range":{"start":{"line":42,"column":145},"end":{"line":42,"column":155}},"text":"Postgres"}]}
2025-04-15T07:51:56.3700215Z {"message":"Word not found in dictionary: Postgresql","location":{"path":"apps/docs/content/guides/database/replication-cdc/setting-up-replication.mdx","range":{"start":{"line":50,"column":130},"end":{"line":50,"column":140}}},"severity":"ERROR","suggestions":[{"range":{"start":{"line":50,"column":130},"end":{"line":50,"column":140}},"text":"Postgres"}]}
2025-04-15T07:51:56.3702078Z {"message":"Prefer 'Postgres' to 'Postgresql'.","location":{"path":"apps/docs/content/guides/database/replication-cdc/setting-up-replication.mdx","range":{"start":{"line":50,"column":130},"end":{"line":50,"column":140}}},"severity":"ERROR","suggestions":[{"range":{"start":{"line":50,"column":130},"end":{"line":50,"column":140}},"text":"Postgres"}]}
2025-04-15T07:51:56.3704059Z {"message":"Word not found in dictionary: Postgresql","location":{"path":"apps/docs/content/guides/database/replication-cdc/setting-up-replication.mdx","range":{"start":{"line":62,"column":119},"end":{"line":62,"column":129}}},"severity":"ERROR","suggestions":[{"range":{"start":{"line":62,"column":119},"end":{"line":62,"column":129}},"text":"Postgres"}]}
2025-04-15T07:51:56.3705927Z {"message":"Prefer 'Postgres' to 'Postgresql'.","location":{"path":"apps/docs/content/guides/database/replication-cdc/setting-up-replication.mdx","range":{"start":{"line":62,"column":119},"end":{"line":62,"column":129}}},"severity":"ERROR","suggestions":[{"range":{"start":{"line":62,"column":119},"end":{"line":62,"column":129}},"text":"Postgres"}]}
2025-04-15T07:51:56.3707789Z {"message":"Word not found in dictionary: Postgresql","location":{"path":"apps/docs/content/guides/database/replication-cdc/setting-up-replication.mdx","range":{"start":{"line":72,"column":140},"end":{"line":72,"column":150}}},"severity":"ERROR","suggestions":[{"range":{"start":{"line":72,"column":140},"end":{"line":72,"column":150}},"text":"Postgres"}]}
2025-04-15T07:51:56.3709739Z {"message":"Prefer 'Postgres' to 'Postgresql'.","location":{"path":"apps/docs/content/guides/database/replication-cdc/setting-up-replication.mdx","range":{"start":{"line":72,"column":140},"end":{"line":72,"column":150}}},"severity":"ERROR","suggestions":[{"range":{"start":{"line":72,"column":140},"end":{"line":72,"column":150}},"text":"Postgres"}]}
2025-04-15T07:52:12.3965100Z ##[error]Process completed with exit code 123.
2025-04-15T07:52:12.4042975Z Post job cleanup.
2025-04-15T07:52:12.4974939Z [command]/usr/bin/git version
2025-04-15T07:52:12.5011721Z git version 2.49.0
2025-04-15T07:52:12.5061382Z Temporarily overriding HOME='/home/runner/work/_temp/d112e590-6cea-4f2c-98f0-770386f9bee0' before making global git config changes
2025-04-15T07:52:12.5062463Z Adding repository directory to the temporary git global config as a safe directory
2025-04-15T07:52:12.5066376Z [command]/usr/bin/git config --global --add safe.directory /home/runner/work/supabase/supabase
2025-04-15T07:52:12.5100510Z [command]/usr/bin/git config --local --name-only --get-regexp core\.sshCommand
2025-04-15T07:52:12.5132175Z [command]/usr/bin/git submodule foreach --recursive sh -c "git config --local --name-only --get-regexp 'core\.sshCommand' && git config --local --unset-all 'core.sshCommand' || :"
2025-04-15T07:52:12.5395361Z [command]/usr/bin/git config --local --name-only --get-regexp http\.https\:\/\/github\.com\/\.extraheader
2025-04-15T07:52:12.5418238Z http.https://github.com/.extraheader
2025-04-15T07:52:12.5431087Z [command]/usr/bin/git config --local --unset-all http.https://github.com/.extraheader
2025-04-15T07:52:12.5462125Z [command]/usr/bin/git submodule foreach --recursive sh -c "git config --local --name-only --get-regexp 'http\.https\:\/\/github\.com\/\.extraheader' && git config --local --unset-all 'http.https://github.com/.extraheader' || :"
2025-04-15T07:52:12.5813242Z Cleaning up orphan processes
