2025-04-02T17:05:15.0881018Z Requested labels: ubuntu-latest
2025-04-02T17:05:15.0881183Z Job defined at: Automattic/mongoose/.github/workflows/test.yml@refs/pull/15324/merge
2025-04-02T17:05:15.0881276Z Waiting for a runner to pick up this job...
2025-04-02T17:05:21.5280128Z Job is waiting for a hosted runner to come online.
2025-04-02T17:05:22.6896726Z Job is about to start running on the hosted runner: GitHub Actions 84 (hosted)
2025-04-02T17:05:24.9457383Z Current runner version: '2.323.0'
2025-04-02T17:05:24.9483881Z ##[group]Operating System
2025-04-02T17:05:24.9484673Z Ubuntu
2025-04-02T17:05:24.9485244Z 24.04.2
2025-04-02T17:05:24.9485775Z LTS
2025-04-02T17:05:24.9486224Z ##[endgroup]
2025-04-02T17:05:24.9486803Z ##[group]Runner Image
2025-04-02T17:05:24.9487423Z Image: ubuntu-24.04
2025-04-02T17:05:24.9487969Z Version: 20250330.1.0
2025-04-02T17:05:24.9489065Z Included Software: https://github.com/actions/runner-images/blob/ubuntu24/20250330.1/images/ubuntu/Ubuntu2404-Readme.md
2025-04-02T17:05:24.9490441Z Image Release: https://github.com/actions/runner-images/releases/tag/ubuntu24%2F20250330.1
2025-04-02T17:05:24.9491321Z ##[endgroup]
2025-04-02T17:05:24.9492139Z ##[group]Runner Image Provisioner
2025-04-02T17:05:24.9492758Z 2.0.422.1
2025-04-02T17:05:24.9493258Z ##[endgroup]
2025-04-02T17:05:24.9494331Z ##[group]GITHUB_TOKEN Permissions
2025-04-02T17:05:24.9496329Z Contents: read
2025-04-02T17:05:24.9496992Z Metadata: read
2025-04-02T17:05:24.9497696Z ##[endgroup]
2025-04-02T17:05:24.9500961Z Secret source: Actions
2025-04-02T17:05:24.9502280Z Prepare workflow directory
2025-04-02T17:05:24.9924843Z Prepare all required actions
2025-04-02T17:05:24.9961488Z Getting action download info
2025-04-02T17:05:25.1567018Z Download action repository 'actions/checkout@11bd71901bbe5b1630ceea73d27597364c9af683' (SHA:11bd71901bbe5b1630ceea73d27597364c9af683)
2025-04-02T17:05:25.2627621Z Download action repository 'actions/setup-node@1d0ff469b7ec7b3cb9d8673fde0c81c44821de2a' (SHA:1d0ff469b7ec7b3cb9d8673fde0c81c44821de2a)
2025-04-02T17:05:25.4312190Z Complete job name: Lint JS-Files
2025-04-02T17:05:25.5187749Z ##[group]Run actions/checkout@11bd71901bbe5b1630ceea73d27597364c9af683
2025-04-02T17:05:25.5188829Z with:
2025-04-02T17:05:25.5189261Z   repository: Automattic/mongoose
2025-04-02T17:05:25.5189934Z   token: ***
2025-04-02T17:05:25.5190343Z   ssh-strict: true
2025-04-02T17:05:25.5190801Z   ssh-user: git
2025-04-02T17:05:25.5191217Z   persist-credentials: true
2025-04-02T17:05:25.5191907Z   clean: true
2025-04-02T17:05:25.5192360Z   sparse-checkout-cone-mode: true
2025-04-02T17:05:25.5192862Z   fetch-depth: 1
2025-04-02T17:05:25.5193359Z   fetch-tags: false
2025-04-02T17:05:25.5194058Z   show-progress: true
2025-04-02T17:05:25.5194768Z   lfs: false
2025-04-02T17:05:25.5195414Z   submodules: false
2025-04-02T17:05:25.5196069Z   set-safe-directory: true
2025-04-02T17:05:25.5196977Z ##[endgroup]
2025-04-02T17:05:25.7625491Z Syncing repository: Automattic/mongoose
2025-04-02T17:05:25.7627397Z ##[group]Getting Git version info
2025-04-02T17:05:25.7628192Z Working directory is '/home/runner/work/mongoose/mongoose'
2025-04-02T17:05:25.7629153Z [command]/usr/bin/git version
2025-04-02T17:05:25.7725427Z git version 2.49.0
2025-04-02T17:05:25.7756497Z ##[endgroup]
2025-04-02T17:05:25.7772235Z Temporarily overriding HOME='/home/runner/work/_temp/c626fb95-eec1-42b4-b2d1-f9fdf837a37c' before making global git config changes
2025-04-02T17:05:25.7774651Z Adding repository directory to the temporary git global config as a safe directory
2025-04-02T17:05:25.7778837Z [command]/usr/bin/git config --global --add safe.directory /home/runner/work/mongoose/mongoose
2025-04-02T17:05:25.7815874Z Deleting the contents of '/home/runner/work/mongoose/mongoose'
2025-04-02T17:05:25.7819576Z ##[group]Initializing the repository
2025-04-02T17:05:25.7823795Z [command]/usr/bin/git init /home/runner/work/mongoose/mongoose
2025-04-02T17:05:25.7906482Z hint: Using 'master' as the name for the initial branch. This default branch name
2025-04-02T17:05:25.7907463Z hint: is subject to change. To configure the initial branch name to use in all
2025-04-02T17:05:25.7908524Z hint: of your new repositories, which will suppress this warning, call:
2025-04-02T17:05:25.7909241Z hint:
2025-04-02T17:05:25.7909779Z hint: 	git config --global init.defaultBranch <name>
2025-04-02T17:05:25.7910406Z hint:
2025-04-02T17:05:25.7910972Z hint: Names commonly chosen instead of 'master' are 'main', 'trunk' and
2025-04-02T17:05:25.7912516Z hint: 'development'. The just-created branch can be renamed via this command:
2025-04-02T17:05:25.7913238Z hint:
2025-04-02T17:05:25.7913638Z hint: 	git branch -m <name>
2025-04-02T17:05:25.7915133Z Initialized empty Git repository in /home/runner/work/mongoose/mongoose/.git/
2025-04-02T17:05:25.7926049Z [command]/usr/bin/git remote add origin https://github.com/Automattic/mongoose
2025-04-02T17:05:25.7968677Z ##[endgroup]
2025-04-02T17:05:25.7969419Z ##[group]Disabling automatic garbage collection
2025-04-02T17:05:25.7972990Z [command]/usr/bin/git config --local gc.auto 0
2025-04-02T17:05:25.8000144Z ##[endgroup]
2025-04-02T17:05:25.8000840Z ##[group]Setting up auth
2025-04-02T17:05:25.8007479Z [command]/usr/bin/git config --local --name-only --get-regexp core\.sshCommand
2025-04-02T17:05:25.8036880Z [command]/usr/bin/git submodule foreach --recursive sh -c "git config --local --name-only --get-regexp 'core\.sshCommand' && git config --local --unset-all 'core.sshCommand' || :"
2025-04-02T17:05:25.8390379Z [command]/usr/bin/git config --local --name-only --get-regexp http\.https\:\/\/github\.com\/\.extraheader
2025-04-02T17:05:25.8422049Z [command]/usr/bin/git submodule foreach --recursive sh -c "git config --local --name-only --get-regexp 'http\.https\:\/\/github\.com\/\.extraheader' && git config --local --unset-all 'http.https://github.com/.extraheader' || :"
2025-04-02T17:05:25.8648028Z [command]/usr/bin/git config --local http.https://github.com/.extraheader AUTHORIZATION: basic ***
2025-04-02T17:05:25.8686180Z ##[endgroup]
2025-04-02T17:05:25.8687203Z ##[group]Fetching the repository
2025-04-02T17:05:25.8695808Z [command]/usr/bin/git -c protocol.version=2 fetch --no-tags --prune --no-recurse-submodules --depth=1 origin +718f8d7b0699789b99c3580015882bbe7d0a3439:refs/remotes/pull/15324/merge
2025-04-02T17:05:26.5912297Z From https://github.com/Automattic/mongoose
2025-04-02T17:05:26.5914466Z  * [new ref]         718f8d7b0699789b99c3580015882bbe7d0a3439 -> pull/15324/merge
2025-04-02T17:05:26.5960766Z ##[endgroup]
2025-04-02T17:05:26.5964020Z ##[group]Determining the checkout info
2025-04-02T17:05:26.5965563Z ##[endgroup]
2025-04-02T17:05:26.5969229Z [command]/usr/bin/git sparse-checkout disable
2025-04-02T17:05:26.6017463Z [command]/usr/bin/git config --local --unset-all extensions.worktreeConfig
2025-04-02T17:05:26.6047799Z ##[group]Checking out the ref
2025-04-02T17:05:26.6052832Z [command]/usr/bin/git checkout --progress --force refs/remotes/pull/15324/merge
2025-04-02T17:05:26.6561662Z Note: switching to 'refs/remotes/pull/15324/merge'.
2025-04-02T17:05:26.6563648Z 
2025-04-02T17:05:26.6565340Z You are in 'detached HEAD' state. You can look around, make experimental
2025-04-02T17:05:26.6566968Z changes and commit them, and you can discard any commits you make in this
2025-04-02T17:05:26.6568414Z state without impacting any branches by switching back to a branch.
2025-04-02T17:05:26.6569597Z 
2025-04-02T17:05:26.6570300Z If you want to create a new branch to retain commits you create, you may
2025-04-02T17:05:26.6571483Z do so (now or later) by using -c with the switch command. Example:
2025-04-02T17:05:26.6572395Z 
2025-04-02T17:05:26.6572732Z   git switch -c <new-branch-name>
2025-04-02T17:05:26.6573213Z 
2025-04-02T17:05:26.6573547Z Or undo this operation with:
2025-04-02T17:05:26.6574024Z 
2025-04-02T17:05:26.6574329Z   git switch -
2025-04-02T17:05:26.6574739Z 
2025-04-02T17:05:26.6575422Z Turn off this advice by setting config variable advice.detachedHead to false
2025-04-02T17:05:26.6576267Z 
2025-04-02T17:05:26.6577216Z HEAD is now at 718f8d7 Merge f98aab464642822ba4f8fc23c73cd1403835eb2f into e995641d3dd4a6227008785fd28359d49a9ae391
2025-04-02T17:05:26.6580376Z ##[endgroup]
2025-04-02T17:05:26.6610634Z [command]/usr/bin/git log -1 --format=%H
2025-04-02T17:05:26.6634487Z 718f8d7b0699789b99c3580015882bbe7d0a3439
2025-04-02T17:05:26.7018128Z ##[group]Run actions/setup-node@1d0ff469b7ec7b3cb9d8673fde0c81c44821de2a
2025-04-02T17:05:26.7019676Z with:
2025-04-02T17:05:26.7020518Z   node-version: 22
2025-04-02T17:05:26.7021674Z   always-auth: false
2025-04-02T17:05:26.7022909Z   check-latest: false
2025-04-02T17:05:26.7024129Z   token: ***
2025-04-02T17:05:26.7025000Z ##[endgroup]
2025-04-02T17:05:26.8835627Z Found in cache @ /opt/hostedtoolcache/node/22.14.0/x64
2025-04-02T17:05:26.8841642Z ##[group]Environment details
2025-04-02T17:05:27.2237024Z node: v22.14.0
2025-04-02T17:05:27.2237491Z npm: 10.9.2
2025-04-02T17:05:27.2237857Z yarn: 1.22.22
2025-04-02T17:05:27.2238651Z ##[endgroup]
2025-04-02T17:05:27.2344886Z ##[group]Run npm install
2025-04-02T17:05:27.2345266Z [36;1mnpm install[0m
2025-04-02T17:05:27.2397656Z shell: /usr/bin/bash -e {0}
2025-04-02T17:05:27.2397976Z ##[endgroup]
2025-04-02T17:05:43.7807914Z npm warn deprecated inflight@1.0.6: This module is not supported, and leaks memory. Do not use it. Check out lru-cache if you want a good and tested way to coalesce async requests by a key value, which is much more comprehensive and powerful.
2025-04-02T17:05:44.3396530Z npm warn deprecated lodash.get@4.4.2: This package is deprecated. Use the optional chaining (?.) operator instead.
2025-04-02T17:05:45.2150266Z npm warn deprecated rimraf@3.0.2: Rimraf versions prior to v4 are no longer supported
2025-04-02T17:05:45.4116066Z npm warn deprecated @humanwhocodes/object-schema@2.0.3: Use @eslint/object-schema instead
2025-04-02T17:05:45.4698303Z npm warn deprecated @humanwhocodes/config-array@0.13.0: Use @eslint/config-array instead
2025-04-02T17:05:45.8163568Z npm warn deprecated calmcard@0.1.1: no longer maintained
2025-04-02T17:05:45.8697771Z npm warn deprecated nopter@0.3.0: try optionator
2025-04-02T17:05:46.0200725Z npm warn deprecated urlobj@0.0.11: use universal-url, minurl, relateurl, url-relation
2025-04-02T17:05:46.3623358Z npm warn deprecated lodash.isequal@4.5.0: This package is deprecated. Use require('node:util').isDeepStrictEqual instead.
2025-04-02T17:05:46.6102571Z npm warn deprecated glob@7.2.3: Glob versions prior to v9 are no longer supported
2025-04-02T17:05:46.8095000Z npm warn deprecated glob@7.2.3: Glob versions prior to v9 are no longer supported
2025-04-02T17:05:47.0367456Z npm warn deprecated glob@7.2.3: Glob versions prior to v9 are no longer supported
2025-04-02T17:05:47.0489559Z npm warn deprecated uuid@2.0.3: Please upgrade  to version 7 or higher.  Older versions may use Math.random() in certain circumstances, which is known to be problematic.  See https://v8.dev/blog/math-random for details.
2025-04-02T17:05:48.1419691Z npm warn deprecated eslint@8.57.1: This version is no longer supported. Please see https://eslint.org/version-support for other options.
2025-04-02T17:05:48.8779511Z 
2025-04-02T17:05:48.8780390Z added 1008 packages, and audited 1009 packages in 22s
2025-04-02T17:05:48.8780875Z 
2025-04-02T17:05:48.8809866Z 202 packages are looking for funding
2025-04-02T17:05:48.8810404Z   run `npm fund` for details
2025-04-02T17:05:48.8810758Z 
2025-04-02T17:05:48.8811616Z 9 vulnerabilities (4 moderate, 5 high)
2025-04-02T17:05:48.8813986Z 
2025-04-02T17:05:48.8815184Z To address issues that do not require attention, run:
2025-04-02T17:05:48.8816418Z   npm audit fix
2025-04-02T17:05:48.8818576Z 
2025-04-02T17:05:48.8819541Z To address all issues (including breaking changes), run:
2025-04-02T17:05:48.8820648Z   npm audit fix --force
2025-04-02T17:05:48.8821165Z 
2025-04-02T17:05:48.8822061Z Run `npm audit` for details.
2025-04-02T17:05:48.9464149Z ##[group]Run npm run lint-js
2025-04-02T17:05:48.9464452Z [36;1mnpm run lint-js[0m
2025-04-02T17:05:48.9519073Z shell: /usr/bin/bash -e {0}
2025-04-02T17:05:48.9519333Z ##[endgroup]
2025-04-02T17:05:49.0498605Z 
2025-04-02T17:05:49.0499237Z > mongoose@8.13.1 lint-js
2025-04-02T17:05:49.0499901Z > eslint . --ext .js --ext .cjs
2025-04-02T17:05:49.0500230Z 
2025-04-02T17:05:56.3434237Z 
2025-04-02T17:05:56.3435111Z /home/runner/work/mongoose/mongoose/lib/model.js
2025-04-02T17:05:56.3460004Z ##[error]  3376:1  error  Expected indentation of 4 spaces but found 6  indent
2025-04-02T17:05:56.3466861Z ##[error]  3377:1  error  Expected indentation of 6 spaces but found 8  indent
2025-04-02T17:05:56.3468400Z ##[error]  3378:1  error  Expected indentation of 4 spaces but found 6  indent
2025-04-02T17:05:56.3469454Z ##[error]  3379:1  error  Expected indentation of 4 spaces but found 6  indent
2025-04-02T17:05:56.3470529Z ##[error]  3380:1  error  Expected indentation of 2 spaces but found 4  indent
2025-04-02T17:05:56.3471207Z 
2025-04-02T17:05:56.3471463Z /home/runner/work/mongoose/mongoose/test/document.test.js
2025-04-02T17:05:56.3472548Z ##[error]  14427:53  error  Unexpected space before function parentheses  space-before-function-paren
2025-04-02T17:05:56.3473861Z ##[error]  14428:61  error  Unexpected space before function parentheses  space-before-function-paren
2025-04-02T17:05:56.3474650Z 
2025-04-02T17:05:56.3475039Z âœ– 7 problems (7 errors, 0 warnings)
2025-04-02T17:05:56.3475468Z   7 errors and 0 warnings potentially fixable with the `--fix` option.
2025-04-02T17:05:56.3475732Z 
2025-04-02T17:05:56.4016971Z ##[error]Process completed with exit code 1.
2025-04-02T17:05:56.4113972Z Post job cleanup.
2025-04-02T17:05:56.5069128Z [command]/usr/bin/git version
2025-04-02T17:05:56.5105383Z git version 2.49.0
2025-04-02T17:05:56.5157131Z Temporarily overriding HOME='/home/runner/work/_temp/a4b3d4c2-756e-48f0-ad60-dbe8916e89d0' before making global git config changes
2025-04-02T17:05:56.5158670Z Adding repository directory to the temporary git global config as a safe directory
2025-04-02T17:05:56.5163572Z [command]/usr/bin/git config --global --add safe.directory /home/runner/work/mongoose/mongoose
2025-04-02T17:05:56.5198413Z [command]/usr/bin/git config --local --name-only --get-regexp core\.sshCommand
2025-04-02T17:05:56.5231387Z [command]/usr/bin/git submodule foreach --recursive sh -c "git config --local --name-only --get-regexp 'core\.sshCommand' && git config --local --unset-all 'core.sshCommand' || :"
2025-04-02T17:05:56.5466625Z [command]/usr/bin/git config --local --name-only --get-regexp http\.https\:\/\/github\.com\/\.extraheader
2025-04-02T17:05:56.5490532Z http.https://github.com/.extraheader
2025-04-02T17:05:56.5503490Z [command]/usr/bin/git config --local --unset-all http.https://github.com/.extraheader
2025-04-02T17:05:56.5539186Z [command]/usr/bin/git submodule foreach --recursive sh -c "git config --local --name-only --get-regexp 'http\.https\:\/\/github\.com\/\.extraheader' && git config --local --unset-all 'http.https://github.com/.extraheader' || :"
2025-04-02T17:05:56.5865369Z Cleaning up orphan processes
