2025-02-12T14:55:26.4397388Z Requested labels: ubuntu-latest
2025-02-12T14:55:26.4397778Z Job defined at: inkonchain/ink-kit/.github/workflows/pull_request.yml@refs/pull/97/merge
2025-02-12T14:55:26.4397914Z Waiting for a runner to pick up this job...
2025-02-12T14:55:27.8248137Z Job is waiting for a hosted runner to come online.
2025-02-12T14:55:30.6574630Z Job is about to start running on the hosted runner: GitHub Actions 335 (hosted)
2025-02-12T14:55:33.2036024Z Current runner version: '2.322.0'
2025-02-12T14:55:33.2060348Z ##[group]Operating System
2025-02-12T14:55:33.2061198Z Ubuntu
2025-02-12T14:55:33.2061746Z 24.04.1
2025-02-12T14:55:33.2062235Z LTS
2025-02-12T14:55:33.2062761Z ##[endgroup]
2025-02-12T14:55:33.2063326Z ##[group]Runner Image
2025-02-12T14:55:33.2063900Z Image: ubuntu-24.04
2025-02-12T14:55:33.2064494Z Version: 20250209.1.0
2025-02-12T14:55:33.2065536Z Included Software: https://github.com/actions/runner-images/blob/ubuntu24/20250209.1/images/ubuntu/Ubuntu2404-Readme.md
2025-02-12T14:55:33.2066860Z Image Release: https://github.com/actions/runner-images/releases/tag/ubuntu24%2F20250209.1
2025-02-12T14:55:33.2068002Z ##[endgroup]
2025-02-12T14:55:33.2068562Z ##[group]Runner Image Provisioner
2025-02-12T14:55:33.2069146Z 2.0.422.1
2025-02-12T14:55:33.2069744Z ##[endgroup]
2025-02-12T14:55:33.2071967Z ##[group]GITHUB_TOKEN Permissions
2025-02-12T14:55:33.2073928Z Actions: write
2025-02-12T14:55:33.2074691Z Attestations: write
2025-02-12T14:55:33.2075402Z Checks: write
2025-02-12T14:55:33.2075920Z Contents: write
2025-02-12T14:55:33.2076473Z Deployments: write
2025-02-12T14:55:33.2077047Z Discussions: write
2025-02-12T14:55:33.2077738Z Issues: write
2025-02-12T14:55:33.2078299Z Metadata: read
2025-02-12T14:55:33.2078846Z Packages: write
2025-02-12T14:55:33.2079367Z Pages: write
2025-02-12T14:55:33.2079953Z PullRequests: write
2025-02-12T14:55:33.2080535Z RepositoryProjects: write
2025-02-12T14:55:33.2081140Z SecurityEvents: write
2025-02-12T14:55:33.2081823Z Statuses: write
2025-02-12T14:55:33.2082353Z ##[endgroup]
2025-02-12T14:55:33.2085129Z Secret source: Actions
2025-02-12T14:55:33.2085935Z Prepare workflow directory
2025-02-12T14:55:33.2483046Z Prepare all required actions
2025-02-12T14:55:33.2519724Z Getting action download info
2025-02-12T14:55:33.4861941Z Download action repository 'actions/checkout@v4' (SHA:11bd71901bbe5b1630ceea73d27597364c9af683)
2025-02-12T14:55:33.5634171Z Download action repository 'actions/cache@v4' (SHA:1bd1e32a3bdc45362d1e726936510720a7c30a57)
2025-02-12T14:55:33.7363075Z Complete job name: build
2025-02-12T14:55:33.8083251Z ##[group]Run actions/checkout@v4
2025-02-12T14:55:33.8084248Z with:
2025-02-12T14:55:33.8084677Z   repository: inkonchain/ink-kit
2025-02-12T14:55:33.8085345Z   token: ***
2025-02-12T14:55:33.8085794Z   ssh-strict: true
2025-02-12T14:55:33.8086217Z   ssh-user: git
2025-02-12T14:55:33.8086650Z   persist-credentials: true
2025-02-12T14:55:33.8087122Z   clean: true
2025-02-12T14:55:33.8087550Z   sparse-checkout-cone-mode: true
2025-02-12T14:55:33.8088398Z   fetch-depth: 1
2025-02-12T14:55:33.8088802Z   fetch-tags: false
2025-02-12T14:55:33.8089229Z   show-progress: true
2025-02-12T14:55:33.8089661Z   lfs: false
2025-02-12T14:55:33.8090064Z   submodules: false
2025-02-12T14:55:33.8090491Z   set-safe-directory: true
2025-02-12T14:55:33.8091240Z ##[endgroup]
2025-02-12T14:55:33.9838093Z Syncing repository: inkonchain/ink-kit
2025-02-12T14:55:33.9840034Z ##[group]Getting Git version info
2025-02-12T14:55:33.9840853Z Working directory is '/home/runner/work/ink-kit/ink-kit'
2025-02-12T14:55:33.9841916Z [command]/usr/bin/git version
2025-02-12T14:55:33.9926525Z git version 2.48.1
2025-02-12T14:55:33.9954776Z ##[endgroup]
2025-02-12T14:55:33.9969408Z Temporarily overriding HOME='/home/runner/work/_temp/0496e7e9-c209-45c1-a036-67848f72f6c3' before making global git config changes
2025-02-12T14:55:33.9970786Z Adding repository directory to the temporary git global config as a safe directory
2025-02-12T14:55:33.9975157Z [command]/usr/bin/git config --global --add safe.directory /home/runner/work/ink-kit/ink-kit
2025-02-12T14:55:34.0011796Z Deleting the contents of '/home/runner/work/ink-kit/ink-kit'
2025-02-12T14:55:34.0015301Z ##[group]Initializing the repository
2025-02-12T14:55:34.0019666Z [command]/usr/bin/git init /home/runner/work/ink-kit/ink-kit
2025-02-12T14:55:34.0089628Z hint: Using 'master' as the name for the initial branch. This default branch name
2025-02-12T14:55:34.0090609Z hint: is subject to change. To configure the initial branch name to use in all
2025-02-12T14:55:34.0091933Z hint: of your new repositories, which will suppress this warning, call:
2025-02-12T14:55:34.0092626Z hint:
2025-02-12T14:55:34.0093119Z hint: 	git config --global init.defaultBranch <name>
2025-02-12T14:55:34.0093722Z hint:
2025-02-12T14:55:34.0094313Z hint: Names commonly chosen instead of 'master' are 'main', 'trunk' and
2025-02-12T14:55:34.0095326Z hint: 'development'. The just-created branch can be renamed via this command:
2025-02-12T14:55:34.0096040Z hint:
2025-02-12T14:55:34.0096442Z hint: 	git branch -m <name>
2025-02-12T14:55:34.0098293Z Initialized empty Git repository in /home/runner/work/ink-kit/ink-kit/.git/
2025-02-12T14:55:34.0109269Z [command]/usr/bin/git remote add origin https://github.com/inkonchain/ink-kit
2025-02-12T14:55:34.0142257Z ##[endgroup]
2025-02-12T14:55:34.0143505Z ##[group]Disabling automatic garbage collection
2025-02-12T14:55:34.0147063Z [command]/usr/bin/git config --local gc.auto 0
2025-02-12T14:55:34.0176113Z ##[endgroup]
2025-02-12T14:55:34.0177382Z ##[group]Setting up auth
2025-02-12T14:55:34.0184111Z [command]/usr/bin/git config --local --name-only --get-regexp core\.sshCommand
2025-02-12T14:55:34.0214917Z [command]/usr/bin/git submodule foreach --recursive sh -c "git config --local --name-only --get-regexp 'core\.sshCommand' && git config --local --unset-all 'core.sshCommand' || :"
2025-02-12T14:55:34.0539989Z [command]/usr/bin/git config --local --name-only --get-regexp http\.https\:\/\/github\.com\/\.extraheader
2025-02-12T14:55:34.0570476Z [command]/usr/bin/git submodule foreach --recursive sh -c "git config --local --name-only --get-regexp 'http\.https\:\/\/github\.com\/\.extraheader' && git config --local --unset-all 'http.https://github.com/.extraheader' || :"
2025-02-12T14:55:34.0802263Z [command]/usr/bin/git config --local http.https://github.com/.extraheader AUTHORIZATION: basic ***
2025-02-12T14:55:34.0838211Z ##[endgroup]
2025-02-12T14:55:34.0839005Z ##[group]Fetching the repository
2025-02-12T14:55:34.0847542Z [command]/usr/bin/git -c protocol.version=2 fetch --no-tags --prune --no-recurse-submodules --depth=1 origin +cb51f446786fbcd26cc07ffb9008690b7883c96b:refs/remotes/pull/97/merge
2025-02-12T14:55:34.8386872Z From https://github.com/inkonchain/ink-kit
2025-02-12T14:55:34.8388538Z  * [new ref]         cb51f446786fbcd26cc07ffb9008690b7883c96b -> pull/97/merge
2025-02-12T14:55:34.8419251Z ##[endgroup]
2025-02-12T14:55:34.8420594Z ##[group]Determining the checkout info
2025-02-12T14:55:34.8422403Z ##[endgroup]
2025-02-12T14:55:34.8426401Z [command]/usr/bin/git sparse-checkout disable
2025-02-12T14:55:34.8473119Z [command]/usr/bin/git config --local --unset-all extensions.worktreeConfig
2025-02-12T14:55:34.8503993Z ##[group]Checking out the ref
2025-02-12T14:55:34.8507533Z [command]/usr/bin/git checkout --progress --force refs/remotes/pull/97/merge
2025-02-12T14:55:34.8679917Z Note: switching to 'refs/remotes/pull/97/merge'.
2025-02-12T14:55:34.8681240Z 
2025-02-12T14:55:34.8682231Z You are in 'detached HEAD' state. You can look around, make experimental
2025-02-12T14:55:34.8684397Z changes and commit them, and you can discard any commits you make in this
2025-02-12T14:55:34.8686429Z state without impacting any branches by switching back to a branch.
2025-02-12T14:55:34.8687862Z 
2025-02-12T14:55:34.8688534Z If you want to create a new branch to retain commits you create, you may
2025-02-12T14:55:34.8689866Z do so (now or later) by using -c with the switch command. Example:
2025-02-12T14:55:34.8690731Z 
2025-02-12T14:55:34.8691035Z   git switch -c <new-branch-name>
2025-02-12T14:55:34.8691526Z 
2025-02-12T14:55:34.8691804Z Or undo this operation with:
2025-02-12T14:55:34.8692274Z 
2025-02-12T14:55:34.8692530Z   git switch -
2025-02-12T14:55:34.8692968Z 
2025-02-12T14:55:34.8693577Z Turn off this advice by setting config variable advice.detachedHead to false
2025-02-12T14:55:34.8694469Z 
2025-02-12T14:55:34.8695451Z HEAD is now at cb51f44 Merge 453ff6ff6fc17a086a2f5b3b5ffae54f06a7797c into cec7e80a7f50234d1801d7fdc8782359310890ac
2025-02-12T14:55:34.8699291Z ##[endgroup]
2025-02-12T14:55:34.8726537Z [command]/usr/bin/git log -1 --format=%H
2025-02-12T14:55:34.8750069Z cb51f446786fbcd26cc07ffb9008690b7883c96b
2025-02-12T14:55:34.9069877Z Prepare all required actions
2025-02-12T14:55:34.9071222Z Getting action download info
2025-02-12T14:55:35.1087136Z Download action repository 'pnpm/action-setup@v4' (SHA:a7487c7e89a18df4991f7f222e4898a00d66ddda)
2025-02-12T14:55:35.9848002Z Download action repository 'actions/setup-node@v4' (SHA:1d0ff469b7ec7b3cb9d8673fde0c81c44821de2a)
2025-02-12T14:55:36.8815059Z ##[group]Run ./.github/actions/base-setup
2025-02-12T14:55:36.8815381Z ##[endgroup]
2025-02-12T14:55:36.8923687Z ##[group]Run pnpm/action-setup@v4
2025-02-12T14:55:36.8924004Z with:
2025-02-12T14:55:36.8924191Z   run_install: false
2025-02-12T14:55:36.8924400Z   dest: ~/setup-pnpm
2025-02-12T14:55:36.8924611Z   package_json_file: package.json
2025-02-12T14:55:36.8924850Z   standalone: false
2025-02-12T14:55:36.8925063Z ##[endgroup]
2025-02-12T14:55:36.9478961Z ##[group]Running self-installer...
2025-02-12T14:55:37.5896534Z Progress: resolved 1, reused 0, downloaded 0, added 0
2025-02-12T14:55:37.6019269Z Packages: +1
2025-02-12T14:55:37.6020657Z +
2025-02-12T14:55:38.0192879Z Progress: resolved 1, reused 0, downloaded 1, added 1, done
2025-02-12T14:55:38.0519639Z 
2025-02-12T14:55:38.0520350Z dependencies:
2025-02-12T14:55:38.0520798Z + pnpm 9.3.0 (10.3.0 is available)
2025-02-12T14:55:38.0521255Z 
2025-02-12T14:55:38.0550577Z Done in 929ms
2025-02-12T14:55:38.0729982Z ##[endgroup]
2025-02-12T14:55:38.0733085Z Installation Completed!
2025-02-12T14:55:38.0860052Z ##[group]Run actions/setup-node@v4
2025-02-12T14:55:38.0860319Z with:
2025-02-12T14:55:38.0860501Z   node-version: 20.x
2025-02-12T14:55:38.0860699Z   cache: pnpm
2025-02-12T14:55:38.0860882Z   always-auth: false
2025-02-12T14:55:38.0861091Z   check-latest: false
2025-02-12T14:55:38.0861418Z   token: ***
2025-02-12T14:55:38.0861625Z env:
2025-02-12T14:55:38.0861904Z   PNPM_HOME: /home/runner/setup-pnpm/node_modules/.bin
2025-02-12T14:55:38.0862208Z ##[endgroup]
2025-02-12T14:55:38.2634994Z Found in cache @ /opt/hostedtoolcache/node/20.18.2/x64
2025-02-12T14:55:38.2641842Z ##[group]Environment details
2025-02-12T14:55:38.6103120Z node: v20.18.2
2025-02-12T14:55:38.6103543Z npm: 10.8.2
2025-02-12T14:55:38.6103970Z yarn: 1.22.22
2025-02-12T14:55:38.6105548Z ##[endgroup]
2025-02-12T14:55:38.6131522Z [command]/home/runner/setup-pnpm/node_modules/.bin/pnpm store path --silent
2025-02-12T14:55:39.0134272Z /home/runner/setup-pnpm/node_modules/.bin/store/v3
2025-02-12T14:55:40.5767235Z Received 8388608 of 180597579 (4.6%), 8.0 MBs/sec
2025-02-12T14:55:41.5768424Z Received 130023424 of 180597579 (72.0%), 62.0 MBs/sec
2025-02-12T14:55:41.9689175Z Cache Size: ~172 MB (180597579 B)
2025-02-12T14:55:41.9775577Z [command]/usr/bin/tar -xf /home/runner/work/_temp/3cf81133-d67c-48a1-a97d-ac38d63d2481/cache.tzst -P -C /home/runner/work/ink-kit/ink-kit --use-compress-program unzstd
2025-02-12T14:55:42.5778735Z Received 180597579 of 180597579 (100.0%), 57.4 MBs/sec
2025-02-12T14:55:44.3253103Z Cache restored successfully
2025-02-12T14:55:44.3653371Z Cache restored from key: node-cache-Linux-x64-pnpm-53f6d2d6c6cdecce2782aefcfe1ae68e27256f07e62199e17908146cec2e7dd1
2025-02-12T14:55:44.3795294Z ##[group]Run echo "STORE_PATH=$(pnpm store path)" >> $GITHUB_OUTPUT
2025-02-12T14:55:44.3795797Z [36;1mecho "STORE_PATH=$(pnpm store path)" >> $GITHUB_OUTPUT[0m
2025-02-12T14:55:44.3964903Z shell: /usr/bin/bash --noprofile --norc -e -o pipefail {0}
2025-02-12T14:55:44.3965291Z env:
2025-02-12T14:55:44.3965556Z   PNPM_HOME: /home/runner/setup-pnpm/node_modules/.bin
2025-02-12T14:55:44.3965879Z ##[endgroup]
2025-02-12T14:55:44.9042148Z ##[group]Run actions/cache/restore@v4
2025-02-12T14:55:44.9042532Z with:
2025-02-12T14:55:44.9042959Z   path: /home/runner/setup-pnpm/node_modules/.bin/store/v3
**/node_modules

2025-02-12T14:55:44.9043668Z   key: Linux-pnpm-store-53f6d2d6c6cdecce2782aefcfe1ae68e27256f07e62199e17908146cec2e7dd1
2025-02-12T14:55:44.9044438Z   restore-keys: Linux-pnpm-store-

2025-02-12T14:55:44.9044807Z   enableCrossOsArchive: false
2025-02-12T14:55:44.9045209Z   fail-on-cache-miss: false
2025-02-12T14:55:44.9045743Z   lookup-only: false
2025-02-12T14:55:44.9046082Z env:
2025-02-12T14:55:44.9046438Z   PNPM_HOME: /home/runner/setup-pnpm/node_modules/.bin
2025-02-12T14:55:44.9046824Z ##[endgroup]
2025-02-12T14:55:46.5772176Z Received 20971520 of 195350788 (10.7%), 20.0 MBs/sec
2025-02-12T14:55:47.5765717Z Received 146800640 of 195350788 (75.1%), 70.0 MBs/sec
2025-02-12T14:55:47.8958819Z Cache Size: ~186 MB (195350788 B)
2025-02-12T14:55:47.9033535Z [command]/usr/bin/tar -xf /home/runner/work/_temp/a5d3866d-8f07-47fa-9d7e-da469d47be12/cache.tzst -P -C /home/runner/work/ink-kit/ink-kit --use-compress-program unzstd
2025-02-12T14:55:48.5779577Z Received 195350788 of 195350788 (100.0%), 62.1 MBs/sec
2025-02-12T14:55:53.7900022Z Cache restored successfully
2025-02-12T14:55:53.8393335Z Cache restored from key: Linux-pnpm-store-53f6d2d6c6cdecce2782aefcfe1ae68e27256f07e62199e17908146cec2e7dd1
2025-02-12T14:55:53.8542691Z ##[group]Run env
2025-02-12T14:55:53.8542955Z [36;1menv[0m
2025-02-12T14:55:53.8599115Z shell: /usr/bin/bash -e {0}
2025-02-12T14:55:53.8599361Z env:
2025-02-12T14:55:53.8599610Z   PNPM_HOME: /home/runner/setup-pnpm/node_modules/.bin
2025-02-12T14:55:53.8599914Z ##[endgroup]
2025-02-12T14:55:53.8688702Z SELENIUM_JAR_PATH=/usr/share/java/selenium-server.jar
2025-02-12T14:55:53.8689309Z CONDA=/usr/share/miniconda
2025-02-12T14:55:53.8689705Z GITHUB_WORKSPACE=/home/runner/work/ink-kit/ink-kit
2025-02-12T14:55:53.8690150Z JAVA_HOME_11_X64=/usr/lib/jvm/temurin-11-jdk-amd64
2025-02-12T14:55:53.8690783Z GITHUB_PATH=/home/runner/work/_temp/_runner_file_commands/add_path_c3540340-ad0e-4abc-bc11-7adce11bb4ff
2025-02-12T14:55:53.8691341Z GITHUB_ACTION=__run
2025-02-12T14:55:53.8692076Z JAVA_HOME=/usr/lib/jvm/temurin-17-jdk-amd64
2025-02-12T14:55:53.8692567Z GITHUB_RUN_NUMBER=222
2025-02-12T14:55:53.8693035Z RUNNER_NAME=GitHub Actions 335
2025-02-12T14:55:53.8693509Z GRADLE_HOME=/usr/share/gradle-8.12.1
2025-02-12T14:55:53.8693834Z GITHUB_REPOSITORY_OWNER_ID=168584369
2025-02-12T14:55:53.8694243Z ACTIONS_RUNNER_ACTION_ARCHIVE_CACHE=/opt/actionarchivecache
2025-02-12T14:55:53.8694637Z XDG_CONFIG_HOME=/home/runner/.config
2025-02-12T14:55:53.8695006Z MEMORY_PRESSURE_WRITE=c29tZSAyMDAwMDAgMjAwMDAwMAA=
2025-02-12T14:55:53.8695376Z DOTNET_SKIP_FIRST_TIME_EXPERIENCE=1
2025-02-12T14:55:53.8695662Z ANT_HOME=/usr/share/ant
2025-02-12T14:55:53.8695987Z JAVA_HOME_8_X64=/usr/lib/jvm/temurin-8-jdk-amd64
2025-02-12T14:55:53.8696337Z GITHUB_TRIGGERING_ACTOR=fran-ink
2025-02-12T14:55:53.8696607Z GITHUB_REF_TYPE=branch
2025-02-12T14:55:53.8696934Z HOMEBREW_CLEANUP_PERIODIC_FULL_DAYS=3650
2025-02-12T14:55:53.8697320Z ANDROID_NDK=/usr/local/lib/android/sdk/ndk/27.2.12479018
2025-02-12T14:55:53.8697887Z BOOTSTRAP_HASKELL_NONINTERACTIVE=1
2025-02-12T14:55:53.8698357Z ***
2025-02-12T14:55:53.8698643Z PIPX_BIN_DIR=/opt/pipx_bin
2025-02-12T14:55:53.8698908Z STATS_TRP=true
2025-02-12T14:55:53.8699163Z GITHUB_REPOSITORY_ID=883252811
2025-02-12T14:55:53.8699459Z DEPLOYMENT_BASEPATH=/opt/runner
2025-02-12T14:55:53.8699726Z GITHUB_ACTIONS=true
2025-02-12T14:55:53.8699938Z STATS_VMD=true
2025-02-12T14:55:53.8700239Z PNPM_HOME=/home/runner/setup-pnpm/node_modules/.bin
2025-02-12T14:55:53.8700710Z ANDROID_NDK_LATEST_HOME=/usr/local/lib/android/sdk/ndk/27.2.12479018
2025-02-12T14:55:53.8701071Z SYSTEMD_EXEC_PID=832
2025-02-12T14:55:53.8701391Z GITHUB_SHA=cb51f446786fbcd26cc07ffb9008690b7883c96b
2025-02-12T14:55:53.8701964Z GITHUB_WORKFLOW_REF=inkonchain/ink-kit/.github/workflows/pull_request.yml@refs/pull/97/merge
2025-02-12T14:55:53.8702551Z POWERSHELL_DISTRIBUTION_CHANNEL=GitHub-Actions-ubuntu24
2025-02-12T14:55:53.8702923Z RUNNER_ENVIRONMENT=github-hosted
2025-02-12T14:55:53.8703534Z STATS_EXTP=https://provjobdprod.z13.web.core.windows.net/settings/provjobdsettings-latest/provjobd.data
2025-02-12T14:55:53.8704059Z DOTNET_MULTILEVEL_LOOKUP=0
2025-02-12T14:55:53.8704520Z STATS_TIS=mining
2025-02-12T14:55:53.8704762Z GITHUB_REF=refs/pull/97/merge
2025-02-12T14:55:53.8705004Z RUNNER_OS=Linux
2025-02-12T14:55:53.8705237Z GITHUB_REF_PROTECTED=false
2025-02-12T14:55:53.8705479Z HOME=/home/runner
2025-02-12T14:55:53.8705752Z GITHUB_API_URL=https://api.github.com
2025-02-12T14:55:53.8706027Z LANG=C.UTF-8
2025-02-12T14:55:53.8706360Z RUNNER_TRACKING_ID=github_2142c2b0-606e-4cbc-b382-10090e05b88f
2025-02-12T14:55:53.8706683Z RUNNER_ARCH=X64
2025-02-12T14:55:53.8706982Z GOROOT_1_21_X64=/opt/hostedtoolcache/go/1.21.13/x64
2025-02-12T14:55:53.8707551Z MEMORY_PRESSURE_WATCH=/sys/fs/cgroup/system.slice/runner-provisioner.service/memory.pressure
2025-02-12T14:55:53.8708240Z RUNNER_TEMP=/home/runner/work/_temp
2025-02-12T14:55:53.8708818Z GITHUB_STATE=/home/runner/work/_temp/_runner_file_commands/save_state_c3540340-ad0e-4abc-bc11-7adce11bb4ff
2025-02-12T14:55:53.8709285Z STATS_PIP=false
2025-02-12T14:55:53.8709555Z EDGEWEBDRIVER=/usr/local/share/edge_driver
2025-02-12T14:55:53.8709925Z JAVA_HOME_21_X64=/usr/lib/jvm/temurin-21-jdk-amd64
2025-02-12T14:55:53.8710708Z GITHUB_ENV=/home/runner/work/_temp/_runner_file_commands/set_env_c3540340-ad0e-4abc-bc11-7adce11bb4ff
2025-02-12T14:55:53.8711342Z GITHUB_EVENT_PATH=/home/runner/work/_temp/_github_workflow/event.json
2025-02-12T14:55:53.8711770Z INVOCATION_ID=77f8b820825e4ae38f3f23e087c75f97
2025-02-12T14:55:53.8712065Z STATS_D=false
2025-02-12T14:55:53.8712366Z GITHUB_EVENT_NAME=pull_request
2025-02-12T14:55:53.8712629Z GITHUB_RUN_ID=13288182091
2025-02-12T14:55:53.8712950Z JAVA_HOME_17_X64=/usr/lib/jvm/temurin-17-jdk-amd64
2025-02-12T14:55:53.8713365Z ANDROID_NDK_HOME=/usr/local/lib/android/sdk/ndk/27.2.12479018
2025-02-12T14:55:53.8714037Z GITHUB_STEP_SUMMARY=/home/runner/work/_temp/_runner_file_commands/step_summary_c3540340-ad0e-4abc-bc11-7adce11bb4ff
2025-02-12T14:55:53.8714554Z HOMEBREW_NO_AUTO_UPDATE=1
2025-02-12T14:55:53.8714798Z GITHUB_ACTOR=fran-ink
2025-02-12T14:55:53.8715038Z NVM_DIR=/home/runner/.nvm
2025-02-12T14:55:53.8715271Z SGX_AESM_ADDR=1
2025-02-12T14:55:53.8715489Z GITHUB_RUN_ATTEMPT=1
2025-02-12T14:55:53.8715707Z STATS_RDCL=true
2025-02-12T14:55:53.8715976Z ANDROID_HOME=/usr/local/lib/android/sdk
2025-02-12T14:55:53.8716344Z GITHUB_GRAPHQL_URL=https://api.github.com/graphql
2025-02-12T14:55:53.8716652Z ACCEPT_EULA=Y
2025-02-12T14:55:53.8716879Z RUNNER_USER=runner
2025-02-12T14:55:53.8717085Z STATS_UE=true
2025-02-12T14:55:53.8717274Z USER=runner
2025-02-12T14:55:53.8717531Z GITHUB_SERVER_URL=https://github.com
2025-02-12T14:55:53.8718144Z STATS_V3PS=true
2025-02-12T14:55:53.8718367Z PIPX_HOME=/opt/pipx
2025-02-12T14:55:53.8718665Z GECKOWEBDRIVER=/usr/local/share/gecko_driver
2025-02-12T14:55:53.8718945Z STATS_EXT=true
2025-02-12T14:55:53.8719263Z CHROMEWEBDRIVER=/usr/local/share/chromedriver-linux64
2025-02-12T14:55:53.8719571Z SHLVL=1
2025-02-12T14:55:53.8719831Z ANDROID_SDK_ROOT=/usr/local/lib/android/sdk
2025-02-12T14:55:53.8720193Z VCPKG_INSTALLATION_ROOT=/usr/local/share/vcpkg
2025-02-12T14:55:53.8720501Z GITHUB_ACTOR_ID=171171801
2025-02-12T14:55:53.8720792Z RUNNER_TOOL_CACHE=/opt/hostedtoolcache
2025-02-12T14:55:53.8721075Z ImageVersion=20250209.1.0
2025-02-12T14:55:53.8721304Z DOTNET_NOLOGO=1
2025-02-12T14:55:53.8721599Z GOROOT_1_23_X64=/opt/hostedtoolcache/go/1.23.6/x64
2025-02-12T14:55:53.8722020Z GITHUB_WORKFLOW_SHA=cb51f446786fbcd26cc07ffb9008690b7883c96b
2025-02-12T14:55:53.8722365Z GITHUB_REF_NAME=97/merge
2025-02-12T14:55:53.8722591Z GITHUB_JOB=build
2025-02-12T14:55:53.8722840Z XDG_RUNTIME_DIR=/run/user/1001
2025-02-12T14:55:53.8723150Z AZURE_EXTENSION_DIR=/opt/az/azcliextensions
2025-02-12T14:55:53.8723487Z PERFLOG_LOCATION_SETTING=RUNNER_PERFLOG
2025-02-12T14:55:53.8723750Z STATS_VMFE=true
2025-02-12T14:55:53.8724011Z GITHUB_REPOSITORY=inkonchain/ink-kit
2025-02-12T14:55:53.8724363Z GOROOT_1_22_X64=/opt/hostedtoolcache/go/1.22.12/x64
2025-02-12T14:55:53.8724784Z ANDROID_NDK_ROOT=/usr/local/lib/android/sdk/ndk/27.2.12479018
2025-02-12T14:55:53.8725153Z CHROME_BIN=/usr/bin/google-chrome
2025-02-12T14:55:53.8725579Z GITHUB_RETENTION_DAYS=90
2025-02-12T14:55:53.8725828Z JOURNAL_STREAM=8:4809
2025-02-12T14:55:53.8726116Z RUNNER_WORKSPACE=/home/runner/work/ink-kit
2025-02-12T14:55:53.8726413Z GITHUB_ACTION_REPOSITORY=
2025-02-12T14:55:53.8728221Z PATH=/opt/hostedtoolcache/node/20.18.2/x64/bin:/home/runner/setup-pnpm/node_modules/.bin:/snap/bin:/home/runner/.local/bin:/opt/pipx_bin:/home/runner/.cargo/bin:/home/runner/.config/composer/vendor/bin:/usr/local/.ghcup/bin:/home/runner/.dotnet/tools:/usr/local/sbin:/usr/local/bin:/usr/sbin:/usr/bin:/sbin:/bin:/usr/games:/usr/local/games:/snap/bin
2025-02-12T14:55:53.8729545Z RUNNER_PERFLOG=/home/runner/perflog
2025-02-12T14:55:53.8729816Z GITHUB_BASE_REF=main
2025-02-12T14:55:53.8730084Z GHCUP_INSTALL_BASE_PREFIX=/usr/local
2025-02-12T14:55:53.8730338Z CI=true
2025-02-12T14:55:53.8730574Z SWIFT_PATH=/usr/share/swift/usr/bin
2025-02-12T14:55:53.8730828Z ImageOS=ubuntu24
2025-02-12T14:55:53.8731045Z STATS_D_D=false
2025-02-12T14:55:53.8731300Z GITHUB_REPOSITORY_OWNER=inkonchain
2025-02-12T14:55:53.8731579Z GITHUB_HEAD_REF=feat/v7
2025-02-12T14:55:53.8731992Z GITHUB_ACTION_REF=
2025-02-12T14:55:53.8732213Z STATS_D_TC=true
2025-02-12T14:55:53.8732438Z GITHUB_WORKFLOW=PR Checks
2025-02-12T14:55:53.8732718Z DEBIAN_FRONTEND=noninteractive
2025-02-12T14:55:53.8733294Z GITHUB_OUTPUT=/home/runner/work/_temp/_runner_file_commands/set_output_c3540340-ad0e-4abc-bc11-7adce11bb4ff
2025-02-12T14:55:53.8733840Z AGENT_TOOLSDIRECTORY=/opt/hostedtoolcache
2025-02-12T14:55:53.8734122Z _=/usr/bin/env
2025-02-12T14:55:53.8758357Z ##[group]Run pnpm run build
2025-02-12T14:55:53.8758668Z [36;1mpnpm run build[0m
2025-02-12T14:55:53.8813358Z shell: /usr/bin/bash -e {0}
2025-02-12T14:55:53.8813604Z env:
2025-02-12T14:55:53.8813849Z   PNPM_HOME: /home/runner/setup-pnpm/node_modules/.bin
2025-02-12T14:55:53.8814154Z ##[endgroup]
2025-02-12T14:55:54.2855611Z 
2025-02-12T14:55:54.2856281Z > @inkonchain/ink-kit@0.7.0 build /home/runner/work/ink-kit/ink-kit
2025-02-12T14:55:54.2856886Z > tsc && vite build --mode production
2025-02-12T14:55:54.2857117Z 
2025-02-12T14:56:00.1872440Z ##[error]src/components/Alert/Alert.stories.tsx(64,5): error TS2561: Object literal may only specify known properties, but 'dismissable' does not exist in type 'Partial<{ title: string; description?: ReactNode; variant?: "success" | "error" | "warning" | "info" | undefined; icon?: ReactNode; className?: string | undefined; id?: string | undefined; dismissible?: boolean | undefined; onDismiss?: (() => void) | undefined; }> & { ...; }'. Did you mean to write 'dismissible'?
2025-02-12T14:56:00.1885127Z ##[error]src/components/Alert/Alert.tsx(83,8): error TS2552: Cannot find name 'dismissable'. Did you mean 'dismissible'?
2025-02-12T14:56:00.2308089Z â€‰ELIFECYCLEâ€‰ Command failed with exit code 2.
2025-02-12T14:56:00.2530428Z ##[error]Process completed with exit code 2.
2025-02-12T14:56:00.2612290Z Post job cleanup.
2025-02-12T14:56:00.2640243Z Post job cleanup.
2025-02-12T14:56:00.3192129Z Pruning is unnecessary.
2025-02-12T14:56:00.3284428Z Post job cleanup.
2025-02-12T14:56:00.4385590Z [command]/usr/bin/git version
2025-02-12T14:56:00.4468474Z git version 2.48.1
2025-02-12T14:56:00.4548990Z Temporarily overriding HOME='/home/runner/work/_temp/30aa3ad8-022f-4704-a56e-1876a05883d2' before making global git config changes
2025-02-12T14:56:00.4550950Z Adding repository directory to the temporary git global config as a safe directory
2025-02-12T14:56:00.4552924Z [command]/usr/bin/git config --global --add safe.directory /home/runner/work/ink-kit/ink-kit
2025-02-12T14:56:00.4612320Z [command]/usr/bin/git config --local --name-only --get-regexp core\.sshCommand
2025-02-12T14:56:00.4662182Z [command]/usr/bin/git submodule foreach --recursive sh -c "git config --local --name-only --get-regexp 'core\.sshCommand' && git config --local --unset-all 'core.sshCommand' || :"
2025-02-12T14:56:00.4919866Z [command]/usr/bin/git config --local --name-only --get-regexp http\.https\:\/\/github\.com\/\.extraheader
2025-02-12T14:56:00.4949953Z http.https://github.com/.extraheader
2025-02-12T14:56:00.4964404Z [command]/usr/bin/git config --local --unset-all http.https://github.com/.extraheader
2025-02-12T14:56:00.4997572Z [command]/usr/bin/git submodule foreach --recursive sh -c "git config --local --name-only --get-regexp 'http\.https\:\/\/github\.com\/\.extraheader' && git config --local --unset-all 'http.https://github.com/.extraheader' || :"
2025-02-12T14:56:00.5362686Z Cleaning up orphan processes
