2025-04-14T12:28:36.0881225Z Requested labels: ubuntu-latest
2025-04-14T12:28:36.0881436Z Job defined at: langgenius/dify/.github/workflows/build-push.yml@refs/heads/main
2025-04-14T12:28:36.0881527Z Waiting for a runner to pick up this job...
2025-04-14T12:28:37.8967527Z Job is waiting for a hosted runner to come online.
2025-04-14T12:28:39.8977692Z Job is about to start running on the hosted runner: GitHub Actions 22 (hosted)
2025-04-14T12:28:41.3976282Z Current runner version: '2.323.0'
2025-04-14T12:28:41.4005055Z ##[group]Operating System
2025-04-14T12:28:41.4006087Z Ubuntu
2025-04-14T12:28:41.4006583Z 24.04.2
2025-04-14T12:28:41.4007186Z LTS
2025-04-14T12:28:41.4007676Z ##[endgroup]
2025-04-14T12:28:41.4008264Z ##[group]Runner Image
2025-04-14T12:28:41.4008863Z Image: ubuntu-24.04
2025-04-14T12:28:41.4009423Z Version: 20250406.1.0
2025-04-14T12:28:41.4010506Z Included Software: https://github.com/actions/runner-images/blob/ubuntu24/20250406.1/images/ubuntu/Ubuntu2404-Readme.md
2025-04-14T12:28:41.4011866Z Image Release: https://github.com/actions/runner-images/releases/tag/ubuntu24%2F20250406.1
2025-04-14T12:28:41.4012768Z ##[endgroup]
2025-04-14T12:28:41.4013377Z ##[group]Runner Image Provisioner
2025-04-14T12:28:41.4013969Z 2.0.422.1
2025-04-14T12:28:41.4014471Z ##[endgroup]
2025-04-14T12:28:41.4017218Z ##[group]GITHUB_TOKEN Permissions
2025-04-14T12:28:41.4019165Z Actions: write
2025-04-14T12:28:41.4020064Z Attestations: write
2025-04-14T12:28:41.4020768Z Checks: write
2025-04-14T12:28:41.4021308Z Contents: write
2025-04-14T12:28:41.4021831Z Deployments: write
2025-04-14T12:28:41.4022423Z Discussions: write
2025-04-14T12:28:41.4022979Z Issues: write
2025-04-14T12:28:41.4023521Z Metadata: read
2025-04-14T12:28:41.4024102Z Models: read
2025-04-14T12:28:41.4024704Z Packages: write
2025-04-14T12:28:41.4025271Z Pages: write
2025-04-14T12:28:41.4026109Z PullRequests: write
2025-04-14T12:28:41.4026689Z RepositoryProjects: write
2025-04-14T12:28:41.4027380Z SecurityEvents: write
2025-04-14T12:28:41.4028042Z Statuses: write
2025-04-14T12:28:41.4028543Z ##[endgroup]
2025-04-14T12:28:41.4031443Z Secret source: Actions
2025-04-14T12:28:41.4032315Z Prepare workflow directory
2025-04-14T12:28:41.4528067Z Prepare all required actions
2025-04-14T12:28:41.4564757Z Getting action download info
2025-04-14T12:28:41.6923403Z ##[group]Download immutable action package 'docker/login-action@v3'
2025-04-14T12:28:41.6924524Z Version: 3.4.0
2025-04-14T12:28:41.6925569Z Digest: sha256:864ebd28db095e1602e6ef999f46a4f575083ea874918fbccf0994c2a7680450
2025-04-14T12:28:41.6927023Z Source commit SHA: 74a5d142397b4f367a81961eba4e8cd7edddf772
2025-04-14T12:28:41.6927889Z ##[endgroup]
2025-04-14T12:28:42.0772501Z ##[group]Download immutable action package 'docker/setup-qemu-action@v3'
2025-04-14T12:28:42.0773262Z Version: 3.6.0
2025-04-14T12:28:42.0773932Z Digest: sha256:4513eecc5584a4dfb57869cf6f5b99dbce1b4db36ad9aa8f26d6a399d2b7fe78
2025-04-14T12:28:42.0774794Z Source commit SHA: 29109295f81e9208d7d86ff1c6c12d2833863392
2025-04-14T12:28:42.0775415Z ##[endgroup]
2025-04-14T12:28:42.4274800Z ##[group]Download immutable action package 'docker/setup-buildx-action@v3'
2025-04-14T12:28:42.4275966Z Version: 3.10.0
2025-04-14T12:28:42.4276749Z Digest: sha256:6377aa62314fdde26434bd58e12019ae489ebac6c72d541f3b1723362eeca7cd
2025-04-14T12:28:42.4277752Z Source commit SHA: b5ca514318bd6ebac0fb2aedd5d36ec1b5c232a2
2025-04-14T12:28:42.4278448Z ##[endgroup]
2025-04-14T12:28:42.6804391Z ##[group]Download immutable action package 'docker/metadata-action@v5'
2025-04-14T12:28:42.6805260Z Version: 5.7.0
2025-04-14T12:28:42.6806214Z Digest: sha256:07ef16ad6d6bb14f4186160e0ea33483a4bf26e4bab63c08b3d5fc5049c11b4e
2025-04-14T12:28:42.6807317Z Source commit SHA: 902fa8ec7d6ecbf8d84d538b9b233a880e428804
2025-04-14T12:28:42.6808022Z ##[endgroup]
2025-04-14T12:28:43.0312433Z ##[group]Download immutable action package 'docker/build-push-action@v6'
2025-04-14T12:28:43.0313330Z Version: 6.15.0
2025-04-14T12:28:43.0314139Z Digest: sha256:2d196dae36b30221f1f8e19fe21c3aaa725a8a8641887cf3fd832e59ddaa7c04
2025-04-14T12:28:43.0315163Z Source commit SHA: 471d1dc4e07e5cdedd4c2171150001c434f0b7a4
2025-04-14T12:28:43.0316246Z ##[endgroup]
2025-04-14T12:28:43.2877721Z ##[group]Download immutable action package 'actions/upload-artifact@v4'
2025-04-14T12:28:43.2879104Z Version: 4.6.2
2025-04-14T12:28:43.2880424Z Digest: sha256:290722aa3281d5caf23d0acdc3dbeb3424786a1a01a9cc97e72f147225e37c38
2025-04-14T12:28:43.2882332Z Source commit SHA: ea165f8d65b6e75b540449e92b4886f43607fa02
2025-04-14T12:28:43.2883723Z ##[endgroup]
2025-04-14T12:28:43.4967272Z Complete job name: build (build-web-amd64, DIFY_WEB_IMAGE_NAME, web, linux/amd64)
2025-04-14T12:28:43.5741916Z ##[group]Run platform=linux/amd64
2025-04-14T12:28:43.5743051Z [36;1mplatform=linux/amd64[0m
2025-04-14T12:28:43.5744235Z [36;1mecho "PLATFORM_PAIR=${platform//\//-}" >> $GITHUB_ENV[0m
2025-04-14T12:28:43.5802418Z shell: /usr/bin/bash -e {0}
2025-04-14T12:28:43.5803755Z env:
2025-04-14T12:28:43.5804594Z   DOCKERHUB_USER: ***
2025-04-14T12:28:43.5805800Z   DOCKERHUB_TOKEN: ***
2025-04-14T12:28:43.5806731Z   DIFY_WEB_IMAGE_NAME: langgenius/dify-web
2025-04-14T12:28:43.5808027Z   DIFY_API_IMAGE_NAME: langgenius/dify-api
2025-04-14T12:28:43.5809141Z ##[endgroup]
2025-04-14T12:28:43.6101258Z ##[group]Run docker/login-action@v3
2025-04-14T12:28:43.6102269Z with:
2025-04-14T12:28:43.6103044Z   username: ***
2025-04-14T12:28:43.6103952Z   password: ***
2025-04-14T12:28:43.6104692Z   ecr: auto
2025-04-14T12:28:43.6105408Z   logout: true
2025-04-14T12:28:43.6106256Z env:
2025-04-14T12:28:43.6106984Z   DOCKERHUB_USER: ***
2025-04-14T12:28:43.6107995Z   DOCKERHUB_TOKEN: ***
2025-04-14T12:28:43.6109009Z   DIFY_WEB_IMAGE_NAME: langgenius/dify-web
2025-04-14T12:28:43.6110436Z   DIFY_API_IMAGE_NAME: langgenius/dify-api
2025-04-14T12:28:43.6111483Z   PLATFORM_PAIR: linux-amd64
2025-04-14T12:28:43.6112362Z ##[endgroup]
2025-04-14T12:28:44.0386938Z Logging into Docker Hub...
2025-04-14T12:28:45.4805316Z Login Succeeded!
2025-04-14T12:28:45.4934922Z ##[group]Run docker/setup-qemu-action@v3
2025-04-14T12:28:45.4935237Z with:
2025-04-14T12:28:45.4935458Z   image: docker.io/tonistiigi/binfmt:latest
2025-04-14T12:28:45.4936154Z   platforms: all
2025-04-14T12:28:45.4936371Z   cache-image: true
2025-04-14T12:28:45.4936577Z env:
2025-04-14T12:28:45.4936913Z   DOCKERHUB_USER: ***
2025-04-14T12:28:45.4937201Z   DOCKERHUB_TOKEN: ***
2025-04-14T12:28:45.4937439Z   DIFY_WEB_IMAGE_NAME: langgenius/dify-web
2025-04-14T12:28:45.4937754Z   DIFY_API_IMAGE_NAME: langgenius/dify-api
2025-04-14T12:28:45.4938020Z   PLATFORM_PAIR: linux-amd64
2025-04-14T12:28:45.4938257Z ##[endgroup]
2025-04-14T12:28:45.7176989Z ##[group]Docker info
2025-04-14T12:28:45.7219193Z [command]/usr/bin/docker version
2025-04-14T12:28:45.7465315Z Client: Docker Engine - Community
2025-04-14T12:28:45.7466393Z  Version:           26.1.3
2025-04-14T12:28:45.7467146Z  API version:       1.45
2025-04-14T12:28:45.7467536Z  Go version:        go1.21.10
2025-04-14T12:28:45.7468021Z  Git commit:        b72abbb
2025-04-14T12:28:45.7468453Z  Built:             Thu May 16 08:33:35 2024
2025-04-14T12:28:45.7468926Z  OS/Arch:           linux/amd64
2025-04-14T12:28:45.7469488Z  Context:           default
2025-04-14T12:28:45.7469750Z 
2025-04-14T12:28:45.7469934Z Server: Docker Engine - Community
2025-04-14T12:28:45.7470372Z  Engine:
2025-04-14T12:28:45.7470675Z   Version:          26.1.3
2025-04-14T12:28:45.7471087Z   API version:      1.45 (minimum version 1.24)
2025-04-14T12:28:45.7471596Z   Go version:       go1.21.10
2025-04-14T12:28:45.7472032Z   Git commit:       8e96db1
2025-04-14T12:28:45.7472432Z   Built:            Thu May 16 08:33:35 2024
2025-04-14T12:28:45.7472898Z   OS/Arch:          linux/amd64
2025-04-14T12:28:45.7473310Z   Experimental:     false
2025-04-14T12:28:45.7473664Z  containerd:
2025-04-14T12:28:45.7473974Z   Version:          1.7.27
2025-04-14T12:28:45.7474421Z   GitCommit:        05044ec0a9a75232cad458027ca83437aae3f4da
2025-04-14T12:28:45.7474893Z  runc:
2025-04-14T12:28:45.7475196Z   Version:          1.2.5
2025-04-14T12:28:45.7475563Z   GitCommit:        v1.2.5-0-g59923ef
2025-04-14T12:28:45.7476177Z  docker-init:
2025-04-14T12:28:45.7476521Z   Version:          0.19.0
2025-04-14T12:28:45.7476894Z   GitCommit:        de40ad0
2025-04-14T12:28:45.7518594Z [command]/usr/bin/docker info
2025-04-14T12:28:55.1230018Z Client: Docker Engine - Community
2025-04-14T12:28:55.1232500Z  Version:    26.1.3
2025-04-14T12:28:55.1232840Z  Context:    default
2025-04-14T12:28:55.1233761Z  Debug Mode: false
2025-04-14T12:28:55.1234079Z  Plugins:
2025-04-14T12:28:55.1234400Z   buildx: Docker Buildx (Docker Inc.)
2025-04-14T12:28:55.1234796Z     Version:  v0.22.0
2025-04-14T12:28:55.1235249Z     Path:     /usr/libexec/docker/cli-plugins/docker-buildx
2025-04-14T12:28:55.1235602Z   compose: Docker Compose (Docker Inc.)
2025-04-14T12:28:55.1236105Z     Version:  v2.27.1
2025-04-14T12:28:55.1236373Z     Path:     /usr/libexec/docker/cli-plugins/docker-compose
2025-04-14T12:28:55.1236621Z 
2025-04-14T12:28:55.1236700Z Server:
2025-04-14T12:28:55.1236871Z  Containers: 0
2025-04-14T12:28:55.1237059Z   Running: 0
2025-04-14T12:28:55.1237263Z   Paused: 0
2025-04-14T12:28:55.1237442Z   Stopped: 0
2025-04-14T12:28:55.1237622Z  Images: 0
2025-04-14T12:28:55.1237808Z  Server Version: 26.1.3
2025-04-14T12:28:55.1238034Z  Storage Driver: overlay2
2025-04-14T12:28:55.1238264Z   Backing Filesystem: extfs
2025-04-14T12:28:55.1238495Z   Supports d_type: true
2025-04-14T12:28:55.1238713Z   Using metacopy: false
2025-04-14T12:28:55.1238932Z   Native Overlay Diff: false
2025-04-14T12:28:55.1239153Z   userxattr: false
2025-04-14T12:28:55.1239392Z  Logging Driver: json-file
2025-04-14T12:28:55.1239611Z  Cgroup Driver: systemd
2025-04-14T12:28:55.1239808Z  Cgroup Version: 2
2025-04-14T12:28:55.1239994Z  Plugins:
2025-04-14T12:28:55.1240243Z   Volume: local
2025-04-14T12:28:55.1240472Z   Network: bridge host ipvlan macvlan null overlay
2025-04-14T12:28:55.1241086Z   Log: awslogs fluentd gcplogs gelf journald json-file local splunk syslog
2025-04-14T12:28:55.1241445Z  Swarm: inactive
2025-04-14T12:28:55.1241661Z  Runtimes: io.containerd.runc.v2 runc
2025-04-14T12:28:55.1241918Z  Default Runtime: runc
2025-04-14T12:28:55.1242132Z  Init Binary: docker-init
2025-04-14T12:28:55.1242624Z  containerd version: 05044ec0a9a75232cad458027ca83437aae3f4da
2025-04-14T12:28:55.1243002Z  runc version: v1.2.5-0-g59923ef
2025-04-14T12:28:55.1243242Z  init version: de40ad0
2025-04-14T12:28:55.1243446Z  Security Options:
2025-04-14T12:28:55.1243653Z   apparmor
2025-04-14T12:28:55.1243843Z   seccomp
2025-04-14T12:28:55.1244018Z    Profile: builtin
2025-04-14T12:28:55.1244206Z   cgroupns
2025-04-14T12:28:55.1244388Z  Kernel Version: 6.8.0-1021-azure
2025-04-14T12:28:55.1244635Z  Operating System: Ubuntu 24.04.2 LTS
2025-04-14T12:28:55.1244875Z  OSType: linux
2025-04-14T12:28:55.1245066Z  Architecture: x86_64
2025-04-14T12:28:55.1245257Z  CPUs: 4
2025-04-14T12:28:55.1245435Z  Total Memory: 15.62GiB
2025-04-14T12:28:55.1245939Z  Name: fv-az1314-967
2025-04-14T12:28:55.1246255Z  ID: 2430cf04-e79a-44be-a222-15247e834da3
2025-04-14T12:28:55.1246518Z  Docker Root Dir: /var/lib/docker
2025-04-14T12:28:55.1246747Z  Debug Mode: false
2025-04-14T12:28:55.1247117Z  Username: ***
2025-04-14T12:28:55.1247320Z  Experimental: false
2025-04-14T12:28:55.1247532Z  Insecure Registries:
2025-04-14T12:28:55.1247809Z   127.0.0.0/8
2025-04-14T12:28:55.1248139Z  Live Restore Enabled: false
2025-04-14T12:28:55.1248383Z 
2025-04-14T12:28:55.1249025Z ##[endgroup]
2025-04-14T12:28:55.1249436Z ##[group]Pulling binfmt Docker image
2025-04-14T12:28:55.2400023Z Cache hit for: docker.io--tonistiigi--binfmt-latest-linux-x64
2025-04-14T12:28:55.5735600Z Received 30680737 of 30680737 (100.0%), 106.4 MBs/sec
2025-04-14T12:28:55.5736907Z Cache Size: ~29 MB (30680737 B)
2025-04-14T12:28:55.5764536Z [command]/usr/bin/tar -xf /home/runner/work/_temp/4ac58897-a937-47d9-adf7-044696a5ec07/cache.tzst -P -C /home/runner/work/dify/dify --use-compress-program unzstd
2025-04-14T12:28:55.7089788Z Cache restored successfully
2025-04-14T12:28:55.7157425Z Restored docker.io--tonistiigi--binfmt-latest-linux-x64 from GitHub Actions cache
2025-04-14T12:28:55.8361760Z Cached to hosted tool cache /opt/hostedtoolcache/docker.io--tonistiigi--binfmt/latest/linux-x64
2025-04-14T12:28:55.9515088Z Image found from cache in /home/runner/.docker/.cache/images/docker.io--tonistiigi--binfmt/latest/linux-x64/image.tar
2025-04-14T12:28:55.9537756Z [command]/usr/bin/docker load -i /home/runner/.docker/.cache/images/docker.io--tonistiigi--binfmt/latest/linux-x64/image.tar
2025-04-14T12:28:56.4787518Z Loaded image: tonistiigi/binfmt:latest
2025-04-14T12:28:56.4959996Z [command]/usr/bin/docker pull docker.io/tonistiigi/binfmt:latest
2025-04-14T12:28:56.7623821Z latest: Pulling from tonistiigi/binfmt
2025-04-14T12:28:56.8280397Z Digest: sha256:1b804311fe87047a4c96d38b4b3ef6f62fca8cd125265917a9e3dc3c996c39e6
2025-04-14T12:28:56.8289281Z Status: Image is up to date for tonistiigi/binfmt:latest
2025-04-14T12:28:56.8297284Z docker.io/tonistiigi/binfmt:latest
2025-04-14T12:28:56.8333789Z [command]/usr/bin/docker save -o /home/runner/work/_temp/docker-actions-toolkit-lkobPa/749e64100d3fa0c09bdbc8a02e4fb9cb3ee64266f7f661c98371040689abacb3.tar docker.io/tonistiigi/binfmt:latest
2025-04-14T12:28:57.4520965Z Image cached to /home/runner/.docker/.cache/images/docker.io--tonistiigi--binfmt/latest/linux-x64/image.tar
2025-04-14T12:28:57.4521932Z ##[endgroup]
2025-04-14T12:28:57.4522375Z ##[group]Image info
2025-04-14T12:28:57.4540083Z [command]/usr/bin/docker image inspect docker.io/tonistiigi/binfmt:latest
2025-04-14T12:28:57.4684387Z [
2025-04-14T12:28:57.4684724Z     {
2025-04-14T12:28:57.4694763Z         "Id": "sha256:69b92b14f1ebdc33c46dec2d21e4e306fde34da0f227cf3cf0564045c020f6ed",
2025-04-14T12:28:57.4695450Z         "RepoTags": [
2025-04-14T12:28:57.4696041Z             "tonistiigi/binfmt:latest"
2025-04-14T12:28:57.4696463Z         ],
2025-04-14T12:28:57.4696776Z         "RepoDigests": [
2025-04-14T12:28:57.4697770Z             "tonistiigi/binfmt@sha256:1b804311fe87047a4c96d38b4b3ef6f62fca8cd125265917a9e3dc3c996c39e6"
2025-04-14T12:28:57.4698473Z         ],
2025-04-14T12:28:57.4698758Z         "Parent": "",
2025-04-14T12:28:57.4699131Z         "Comment": "buildkit.dockerfile.v0",
2025-04-14T12:28:57.4699618Z         "Created": "2025-02-27T23:22:54.503419179Z",
2025-04-14T12:28:57.4700059Z         "DockerVersion": "",
2025-04-14T12:28:57.4700439Z         "Author": "",
2025-04-14T12:28:57.4700769Z         "Config": {
2025-04-14T12:28:57.4701112Z             "Hostname": "",
2025-04-14T12:28:57.4701469Z             "Domainname": "",
2025-04-14T12:28:57.4701840Z             "User": "",
2025-04-14T12:28:57.4702185Z             "AttachStdin": false,
2025-04-14T12:28:57.4702578Z             "AttachStdout": false,
2025-04-14T12:28:57.4702969Z             "AttachStderr": false,
2025-04-14T12:28:57.4703349Z             "Tty": false,
2025-04-14T12:28:57.4703690Z             "OpenStdin": false,
2025-04-14T12:28:57.4704075Z             "StdinOnce": false,
2025-04-14T12:28:57.4704426Z             "Env": [
2025-04-14T12:28:57.4704919Z                 "PATH=/usr/local/sbin:/usr/local/bin:/usr/sbin:/usr/bin:/sbin:/bin",
2025-04-14T12:28:57.4705516Z                 "QEMU_PRESERVE_ARGV0=1"
2025-04-14T12:28:57.4706131Z             ],
2025-04-14T12:28:57.4706440Z             "Cmd": null,
2025-04-14T12:28:57.4706789Z             "Image": "",
2025-04-14T12:28:57.4707134Z             "Volumes": {
2025-04-14T12:28:57.4707491Z                 "/tmp": {}
2025-04-14T12:28:57.4707854Z             },
2025-04-14T12:28:57.4708172Z             "WorkingDir": "/",
2025-04-14T12:28:57.4708686Z             "Entrypoint": [
2025-04-14T12:28:57.4709086Z                 "/usr/bin/binfmt"
2025-04-14T12:28:57.4709497Z             ],
2025-04-14T12:28:57.4709821Z             "OnBuild": null,
2025-04-14T12:28:57.4710214Z             "Labels": {
2025-04-14T12:28:57.4710740Z                 "org.opencontainers.image.created": "2025-02-27T22:44:05.618Z",
2025-04-14T12:28:57.4711777Z                 "org.opencontainers.image.description": "Cross-platform emulator collection distributed with Docker images",
2025-04-14T12:28:57.4712727Z                 "org.opencontainers.image.licenses": "MIT",
2025-04-14T12:28:57.4713485Z                 "org.opencontainers.image.revision": "b900248fe6d88370074a844ae6af4eef380ceceb",
2025-04-14T12:28:57.4714433Z                 "org.opencontainers.image.source": "https://github.com/tonistiigi/binfmt",
2025-04-14T12:28:57.4715191Z                 "org.opencontainers.image.title": "Binfmt",
2025-04-14T12:28:57.4716466Z                 "org.opencontainers.image.url": "https://github.com/tonistiigi/binfmt",
2025-04-14T12:28:57.4717255Z                 "org.opencontainers.image.version": "qemu-v9.2.2-52"
2025-04-14T12:28:57.4717827Z             }
2025-04-14T12:28:57.4718151Z         },
2025-04-14T12:28:57.4718494Z         "Architecture": "amd64",
2025-04-14T12:28:57.4718907Z         "Os": "linux",
2025-04-14T12:28:57.4719265Z         "Size": 80865298,
2025-04-14T12:28:57.4719659Z         "GraphDriver": {
2025-04-14T12:28:57.4720020Z             "Data": {
2025-04-14T12:28:57.4720809Z                 "LowerDir": "/var/lib/docker/overlay2/9bbf742d5f2815d4212942e861314552b1e69c5c090c662020807ea2b91438a8/diff",
2025-04-14T12:28:57.4722069Z                 "MergedDir": "/var/lib/docker/overlay2/c201b38c721d04b137843bd448874c90a06639c6db2472c57032e4a7d2b98f39/merged",
2025-04-14T12:28:57.4723344Z                 "UpperDir": "/var/lib/docker/overlay2/c201b38c721d04b137843bd448874c90a06639c6db2472c57032e4a7d2b98f39/diff",
2025-04-14T12:28:57.4724526Z                 "WorkDir": "/var/lib/docker/overlay2/c201b38c721d04b137843bd448874c90a06639c6db2472c57032e4a7d2b98f39/work"
2025-04-14T12:28:57.4725263Z             },
2025-04-14T12:28:57.4725545Z             "Name": "overlay2"
2025-04-14T12:28:57.4726081Z         },
2025-04-14T12:28:57.4726426Z         "RootFS": {
2025-04-14T12:28:57.4726761Z             "Type": "layers",
2025-04-14T12:28:57.4727091Z             "Layers": [
2025-04-14T12:28:57.4727798Z                 "sha256:b6245b272dd4c758751019654c7b4cac55ea5624168ef3839c1c974e15a9aae0",
2025-04-14T12:28:57.4728636Z                 "sha256:d5059a526abb6347af9f8e21b71fb238e355f84fdb4cc556cb3f1522abb09a06"
2025-04-14T12:28:57.4729230Z             ]
2025-04-14T12:28:57.4729502Z         },
2025-04-14T12:28:57.4729779Z         "Metadata": {
2025-04-14T12:28:57.4730119Z             "LastTagTime": "0001-01-01T00:00:00Z"
2025-04-14T12:28:57.4730515Z         }
2025-04-14T12:28:57.4730788Z     }
2025-04-14T12:28:57.4731034Z ]
2025-04-14T12:28:57.4731839Z ##[endgroup]
2025-04-14T12:28:57.4732364Z ##[group]Binfmt version
2025-04-14T12:28:57.4733180Z [command]/usr/bin/docker run --rm --privileged docker.io/tonistiigi/binfmt:latest --version
2025-04-14T12:28:58.5028860Z binfmt/b900248 qemu/v9.2.2 go/1.23.6
2025-04-14T12:28:58.5897297Z ##[endgroup]
2025-04-14T12:28:58.5897731Z ##[group]Installing QEMU static binaries
2025-04-14T12:28:58.5916987Z [command]/usr/bin/docker run --rm --privileged docker.io/tonistiigi/binfmt:latest --install all
2025-04-14T12:28:58.7832090Z installing: mips64le OK
2025-04-14T12:28:58.7832543Z installing: mips64 OK
2025-04-14T12:28:58.7832930Z installing: loong64 OK
2025-04-14T12:28:58.7833299Z installing: arm64 OK
2025-04-14T12:28:58.7833647Z installing: arm OK
2025-04-14T12:28:58.7833987Z installing: s390x OK
2025-04-14T12:28:58.7834373Z installing: ppc64le OK
2025-04-14T12:28:58.7834617Z installing: riscv64 OK
2025-04-14T12:28:58.8045011Z {
2025-04-14T12:28:58.8045329Z   "supported": [
2025-04-14T12:28:58.8045566Z     "linux/amd64",
2025-04-14T12:28:58.8046121Z     "linux/amd64/v2",
2025-04-14T12:28:58.8046354Z     "linux/amd64/v3",
2025-04-14T12:28:58.8046567Z     "linux/arm64",
2025-04-14T12:28:58.8046773Z     "linux/riscv64",
2025-04-14T12:28:58.8046985Z     "linux/ppc64le",
2025-04-14T12:28:58.8047199Z     "linux/s390x",
2025-04-14T12:28:58.8047506Z     "linux/386",
2025-04-14T12:28:58.8047831Z     "linux/mips64le",
2025-04-14T12:28:58.8048193Z     "linux/mips64",
2025-04-14T12:28:58.8048510Z     "linux/loong64",
2025-04-14T12:28:58.8048750Z     "linux/arm/v7",
2025-04-14T12:28:58.8049033Z     "linux/arm/v6"
2025-04-14T12:28:58.8049236Z   ],
2025-04-14T12:28:58.8049429Z   "emulators": [
2025-04-14T12:28:58.8049654Z     "llvm-16-runtime.binfmt",
2025-04-14T12:28:58.8049903Z     "llvm-17-runtime.binfmt",
2025-04-14T12:28:58.8050151Z     "llvm-18-runtime.binfmt",
2025-04-14T12:28:58.8050391Z     "python3.12",
2025-04-14T12:28:58.8050637Z     "qemu-aarch64",
2025-04-14T12:28:58.8051436Z     "qemu-arm",
2025-04-14T12:28:58.8051758Z     "qemu-loongarch64",
2025-04-14T12:28:58.8052106Z     "qemu-mips64",
2025-04-14T12:28:58.8052502Z     "qemu-mips64el",
2025-04-14T12:28:58.8052881Z     "qemu-ppc64le",
2025-04-14T12:28:58.8053251Z     "qemu-riscv64",
2025-04-14T12:28:58.8053622Z     "qemu-s390x"
2025-04-14T12:28:58.8053969Z   ]
2025-04-14T12:28:58.8054283Z }
2025-04-14T12:28:58.8829923Z ##[endgroup]
2025-04-14T12:28:58.8830445Z ##[group]Extracting available platforms
2025-04-14T12:28:59.1650436Z linux/amd64,linux/amd64/v2,linux/amd64/v3,linux/arm64,linux/riscv64,linux/ppc64le,linux/s390x,linux/386,linux/mips64le,linux/mips64,linux/loong64,linux/arm/v7,linux/arm/v6
2025-04-14T12:28:59.1653367Z ##[endgroup]
2025-04-14T12:28:59.1825043Z ##[group]Run docker/setup-buildx-action@v3
2025-04-14T12:28:59.1825329Z with:
2025-04-14T12:28:59.1825523Z   driver: docker-container
2025-04-14T12:28:59.1825940Z   install: false
2025-04-14T12:28:59.1826130Z   use: true
2025-04-14T12:28:59.1826325Z   cache-binary: true
2025-04-14T12:28:59.1826525Z   cleanup: true
2025-04-14T12:28:59.1826708Z env:
2025-04-14T12:28:59.1827200Z   DOCKERHUB_USER: ***
2025-04-14T12:28:59.1827609Z   DOCKERHUB_TOKEN: ***
2025-04-14T12:28:59.1852064Z   DIFY_WEB_IMAGE_NAME: langgenius/dify-web
2025-04-14T12:28:59.1852531Z   DIFY_API_IMAGE_NAME: langgenius/dify-api
2025-04-14T12:28:59.1852961Z   PLATFORM_PAIR: linux-amd64
2025-04-14T12:28:59.1853314Z ##[endgroup]
2025-04-14T12:28:59.4242111Z ##[group]Docker info
2025-04-14T12:28:59.4265387Z [command]/usr/bin/docker version
2025-04-14T12:28:59.4447562Z Client: Docker Engine - Community
2025-04-14T12:28:59.4450712Z  Version:           26.1.3
2025-04-14T12:28:59.4451117Z  API version:       1.45
2025-04-14T12:28:59.4451594Z  Go version:        go1.21.10
2025-04-14T12:28:59.4451966Z  Git commit:        b72abbb
2025-04-14T12:28:59.4452341Z  Built:             Thu May 16 08:33:35 2024
2025-04-14T12:28:59.4452760Z  OS/Arch:           linux/amd64
2025-04-14T12:28:59.4453125Z  Context:           default
2025-04-14T12:28:59.4453348Z 
2025-04-14T12:28:59.4453496Z Server: Docker Engine - Community
2025-04-14T12:28:59.4453868Z  Engine:
2025-04-14T12:28:59.4454149Z   Version:          26.1.3
2025-04-14T12:28:59.4454516Z   API version:      1.45 (minimum version 1.24)
2025-04-14T12:28:59.4454804Z   Go version:       go1.21.10
2025-04-14T12:28:59.4455032Z   Git commit:       8e96db1
2025-04-14T12:28:59.4455261Z   Built:            Thu May 16 08:33:35 2024
2025-04-14T12:28:59.4455514Z   OS/Arch:          linux/amd64
2025-04-14T12:28:59.4456015Z   Experimental:     false
2025-04-14T12:28:59.4456264Z  containerd:
2025-04-14T12:28:59.4456450Z   Version:          1.7.27
2025-04-14T12:28:59.4456712Z   GitCommit:        05044ec0a9a75232cad458027ca83437aae3f4da
2025-04-14T12:28:59.4456996Z  runc:
2025-04-14T12:28:59.4457172Z   Version:          1.2.5
2025-04-14T12:28:59.4457393Z   GitCommit:        v1.2.5-0-g59923ef
2025-04-14T12:28:59.4457637Z  docker-init:
2025-04-14T12:28:59.4457828Z   Version:          0.19.0
2025-04-14T12:28:59.4458040Z   GitCommit:        de40ad0
2025-04-14T12:28:59.4517071Z [command]/usr/bin/docker info
2025-04-14T12:28:59.5073231Z Client: Docker Engine - Community
2025-04-14T12:28:59.5074215Z  Version:    26.1.3
2025-04-14T12:28:59.5074830Z  Context:    default
2025-04-14T12:28:59.5075202Z  Debug Mode: false
2025-04-14T12:28:59.5075524Z  Plugins:
2025-04-14T12:28:59.5076025Z   buildx: Docker Buildx (Docker Inc.)
2025-04-14T12:28:59.5076440Z     Version:  v0.22.0
2025-04-14T12:28:59.5076876Z     Path:     /usr/libexec/docker/cli-plugins/docker-buildx
2025-04-14T12:28:59.5077401Z   compose: Docker Compose (Docker Inc.)
2025-04-14T12:28:59.5077804Z     Version:  v2.27.1
2025-04-14T12:28:59.5078254Z     Path:     /usr/libexec/docker/cli-plugins/docker-compose
2025-04-14T12:28:59.5078624Z 
2025-04-14T12:28:59.5078739Z Server:
2025-04-14T12:28:59.5079017Z  Containers: 0
2025-04-14T12:28:59.5079320Z   Running: 0
2025-04-14T12:28:59.5079648Z   Paused: 0
2025-04-14T12:28:59.5080343Z   Stopped: 0
2025-04-14T12:28:59.5080635Z  Images: 1
2025-04-14T12:28:59.5080912Z  Server Version: 26.1.3
2025-04-14T12:28:59.5081242Z  Storage Driver: overlay2
2025-04-14T12:28:59.5081604Z   Backing Filesystem: extfs
2025-04-14T12:28:59.5081970Z   Supports d_type: true
2025-04-14T12:28:59.5082299Z   Using metacopy: false
2025-04-14T12:28:59.5082635Z   Native Overlay Diff: false
2025-04-14T12:28:59.5083001Z   userxattr: false
2025-04-14T12:28:59.5083325Z  Logging Driver: json-file
2025-04-14T12:28:59.5083684Z  Cgroup Driver: systemd
2025-04-14T12:28:59.5084026Z  Cgroup Version: 2
2025-04-14T12:28:59.5084334Z  Plugins:
2025-04-14T12:28:59.5084661Z   Volume: local
2025-04-14T12:28:59.5085043Z   Network: bridge host ipvlan macvlan null overlay
2025-04-14T12:28:59.5086094Z   Log: awslogs fluentd gcplogs gelf journald json-file local splunk syslog
2025-04-14T12:28:59.5086678Z  Swarm: inactive
2025-04-14T12:28:59.5087039Z  Runtimes: io.containerd.runc.v2 runc
2025-04-14T12:28:59.5087487Z  Default Runtime: runc
2025-04-14T12:28:59.5087743Z  Init Binary: docker-init
2025-04-14T12:28:59.5088134Z  containerd version: 05044ec0a9a75232cad458027ca83437aae3f4da
2025-04-14T12:28:59.5088467Z  runc version: v1.2.5-0-g59923ef
2025-04-14T12:28:59.5088711Z  init version: de40ad0
2025-04-14T12:28:59.5088923Z  Security Options:
2025-04-14T12:28:59.5089116Z   apparmor
2025-04-14T12:28:59.5089282Z   seccomp
2025-04-14T12:28:59.5089453Z    Profile: builtin
2025-04-14T12:28:59.5089638Z   cgroupns
2025-04-14T12:28:59.5089818Z  Kernel Version: 6.8.0-1021-azure
2025-04-14T12:28:59.5090064Z  Operating System: Ubuntu 24.04.2 LTS
2025-04-14T12:28:59.5090304Z  OSType: linux
2025-04-14T12:28:59.5090489Z  Architecture: x86_64
2025-04-14T12:28:59.5090688Z  CPUs: 4
2025-04-14T12:28:59.5090869Z  Total Memory: 15.62GiB
2025-04-14T12:28:59.5091076Z  Name: fv-az1314-967
2025-04-14T12:28:59.5091286Z  ID: 2430cf04-e79a-44be-a222-15247e834da3
2025-04-14T12:28:59.5091542Z  Docker Root Dir: /var/lib/docker
2025-04-14T12:28:59.5091769Z  Debug Mode: false
2025-04-14T12:28:59.5092121Z  Username: ***
2025-04-14T12:28:59.5092328Z  Experimental: false
2025-04-14T12:28:59.5092542Z  Insecure Registries:
2025-04-14T12:28:59.5092739Z   127.0.0.0/8
2025-04-14T12:28:59.5092931Z  Live Restore Enabled: false
2025-04-14T12:28:59.5093181Z 
2025-04-14T12:28:59.5093750Z ##[endgroup]
2025-04-14T12:28:59.5985259Z ##[group]Buildx version
2025-04-14T12:28:59.6017921Z [command]/usr/bin/docker buildx version
2025-04-14T12:28:59.6510772Z github.com/docker/buildx v0.22.0 18ccba072076ddbfb0aeedd6746d7719b0729b58
2025-04-14T12:28:59.6551986Z ##[endgroup]
2025-04-14T12:28:59.6713266Z ##[group]Inspecting default docker context
2025-04-14T12:28:59.6864567Z [
2025-04-14T12:28:59.6865156Z   {
2025-04-14T12:28:59.6865500Z     "Name": "default",
2025-04-14T12:28:59.6866155Z     "Metadata": {},
2025-04-14T12:28:59.6866496Z     "Endpoints": {
2025-04-14T12:28:59.6866826Z       "docker": {
2025-04-14T12:28:59.6867204Z         "Host": "unix:///var/run/docker.sock",
2025-04-14T12:28:59.6867697Z         "SkipTLSVerify": false
2025-04-14T12:28:59.6868100Z       }
2025-04-14T12:28:59.6868384Z     },
2025-04-14T12:28:59.6868685Z     "TLSMaterial": {},
2025-04-14T12:28:59.6869037Z     "Storage": {
2025-04-14T12:28:59.6869392Z       "MetadataPath": "<IN MEMORY>",
2025-04-14T12:28:59.6869835Z       "TLSPath": "<IN MEMORY>"
2025-04-14T12:28:59.6870231Z     }
2025-04-14T12:28:59.6870528Z   }
2025-04-14T12:28:59.6870812Z ]
2025-04-14T12:28:59.6871447Z ##[endgroup]
2025-04-14T12:28:59.6872057Z ##[group]Creating a new builder instance
2025-04-14T12:28:59.7469101Z [command]/usr/bin/docker buildx create --name builder-1710ac00-7068-4918-9c2d-f0a4869543a0 --driver docker-container --buildkitd-flags --allow-insecure-entitlement security.insecure --allow-insecure-entitlement network.host --use
2025-04-14T12:28:59.8287359Z builder-1710ac00-7068-4918-9c2d-f0a4869543a0
2025-04-14T12:28:59.8319635Z ##[endgroup]
2025-04-14T12:28:59.8320370Z ##[group]Booting builder
2025-04-14T12:28:59.8351512Z [command]/usr/bin/docker buildx inspect --bootstrap --builder builder-1710ac00-7068-4918-9c2d-f0a4869543a0
2025-04-14T12:28:59.8836846Z #1 [internal] booting buildkit
2025-04-14T12:29:00.0340536Z #1 pulling image moby/buildkit:buildx-stable-1
2025-04-14T12:29:02.1801876Z #1 pulling image moby/buildkit:buildx-stable-1 2.3s done
2025-04-14T12:29:02.3312725Z #1 creating container buildx_buildkit_builder-1710ac00-7068-4918-9c2d-f0a4869543a00
2025-04-14T12:29:02.5619325Z #1 creating container buildx_buildkit_builder-1710ac00-7068-4918-9c2d-f0a4869543a00 0.4s done
2025-04-14T12:29:02.5633233Z #1 DONE 2.7s
2025-04-14T12:29:02.5959271Z Name:          builder-1710ac00-7068-4918-9c2d-f0a4869543a0
2025-04-14T12:29:02.5959637Z Driver:        docker-container
2025-04-14T12:29:02.5960247Z Last Activity: 2025-04-14 12:28:59 +0000 UTC
2025-04-14T12:29:02.5960682Z 
2025-04-14T12:29:02.5960801Z Nodes:
2025-04-14T12:29:02.5961169Z Name:                  builder-1710ac00-7068-4918-9c2d-f0a4869543a00
2025-04-14T12:29:02.5961705Z Endpoint:              unix:///var/run/docker.sock
2025-04-14T12:29:02.5962173Z Status:                running
2025-04-14T12:29:02.5962949Z BuildKit daemon flags: --allow-insecure-entitlement security.insecure --allow-insecure-entitlement network.host
2025-04-14T12:29:02.5963545Z BuildKit version:      v0.20.2
2025-04-14T12:29:02.5964255Z Platforms:             linux/amd64, linux/amd64/v2, linux/amd64/v3, linux/arm64, linux/riscv64, linux/ppc64le, linux/s390x, linux/386, linux/mips64le, linux/mips64, linux/loong64, linux/arm/v7, linux/arm/v6
2025-04-14T12:29:02.5964949Z Labels:
2025-04-14T12:29:02.5965192Z  org.mobyproject.buildkit.worker.executor:         oci
2025-04-14T12:29:02.5965574Z  org.mobyproject.buildkit.worker.hostname:         8c255b5b2ba1
2025-04-14T12:29:02.5966187Z  org.mobyproject.buildkit.worker.network:          host
2025-04-14T12:29:02.5966567Z  org.mobyproject.buildkit.worker.oci.process-mode: sandbox
2025-04-14T12:29:02.5966960Z  org.mobyproject.buildkit.worker.selinux.enabled:  false
2025-04-14T12:29:02.5967346Z  org.mobyproject.buildkit.worker.snapshotter:      overlayfs
2025-04-14T12:29:02.5967665Z GC Policy rule#0:
2025-04-14T12:29:02.5967857Z  All:            false
2025-04-14T12:29:02.5968172Z  Filters:        type==source.local,type==exec.cachemount,type==source.git.checkout
2025-04-14T12:29:02.5968538Z  Keep Duration:  48h0m0s
2025-04-14T12:29:02.5968755Z  Max Used Space: 488.3MiB
2025-04-14T12:29:02.5968963Z GC Policy rule#1:
2025-04-14T12:29:02.5969146Z  All:            false
2025-04-14T12:29:02.5969357Z  Keep Duration:  1440h0m0s
2025-04-14T12:29:02.5969573Z  Reserved Space: 7.451GiB
2025-04-14T12:29:02.5969777Z  Max Used Space: 54.02GiB
2025-04-14T12:29:02.5969977Z  Min Free Space: 13.97GiB
2025-04-14T12:29:02.5970175Z GC Policy rule#2:
2025-04-14T12:29:02.5970365Z  All:            false
2025-04-14T12:29:02.5970558Z  Reserved Space: 7.451GiB
2025-04-14T12:29:02.5970756Z  Max Used Space: 54.02GiB
2025-04-14T12:29:02.5970948Z  Min Free Space: 13.97GiB
2025-04-14T12:29:02.5971142Z GC Policy rule#3:
2025-04-14T12:29:02.5971329Z  All:            true
2025-04-14T12:29:02.5971526Z  Reserved Space: 7.451GiB
2025-04-14T12:29:02.5971727Z  Max Used Space: 54.02GiB
2025-04-14T12:29:02.5971930Z  Min Free Space: 13.97GiB
2025-04-14T12:29:02.6000149Z ##[endgroup]
2025-04-14T12:29:02.6809521Z ##[group]Inspect builder
2025-04-14T12:29:02.6872386Z {
2025-04-14T12:29:02.6872687Z   "nodes": [
2025-04-14T12:29:02.6872978Z     {
2025-04-14T12:29:02.6873344Z       "name": "builder-1710ac00-7068-4918-9c2d-f0a4869543a00",
2025-04-14T12:29:02.6873805Z       "endpoint": "unix:///var/run/docker.sock",
2025-04-14T12:29:02.6874101Z       "status": "running",
2025-04-14T12:29:02.6874615Z       "buildkitd-flags": "--allow-insecure-entitlement security.insecure --allow-insecure-entitlement network.host",
2025-04-14T12:29:02.6875115Z       "buildkit": "v0.20.2",
2025-04-14T12:29:02.6876048Z       "platforms": "linux/amd64,linux/amd64/v2,linux/amd64/v3,linux/arm64,linux/riscv64,linux/ppc64le,linux/s390x,linux/386,linux/mips64le,linux/mips64,linux/loong64,linux/arm/v7,linux/arm/v6",
2025-04-14T12:29:02.6877332Z       "features": {
2025-04-14T12:29:02.6877635Z         "Automatically load images to the Docker Engine image store": true,
2025-04-14T12:29:02.6878216Z         "Cache export": true,
2025-04-14T12:29:02.6878454Z         "Direct push": true,
2025-04-14T12:29:02.6878690Z         "Docker exporter": true,
2025-04-14T12:29:02.6878937Z         "Multi-platform build": true,
2025-04-14T12:29:02.6879188Z         "OCI exporter": true
2025-04-14T12:29:02.6879397Z       },
2025-04-14T12:29:02.6879571Z       "labels": {
2025-04-14T12:29:02.6879954Z         "org.mobyproject.buildkit.worker.executor": "oci",
2025-04-14T12:29:02.6880648Z         "org.mobyproject.buildkit.worker.hostname": "8c255b5b2ba1",
2025-04-14T12:29:02.6881038Z         "org.mobyproject.buildkit.worker.network": "host",
2025-04-14T12:29:02.6881419Z         "org.mobyproject.buildkit.worker.oci.process-mode": "sandbox",
2025-04-14T12:29:02.6881849Z         "org.mobyproject.buildkit.worker.selinux.enabled": "false",
2025-04-14T12:29:02.6882261Z         "org.mobyproject.buildkit.worker.snapshotter": "overlayfs"
2025-04-14T12:29:02.6882568Z       },
2025-04-14T12:29:02.6882741Z       "gcPolicy": [
2025-04-14T12:29:02.6882923Z         {
2025-04-14T12:29:02.6883094Z           "all": false,
2025-04-14T12:29:02.6883292Z           "filter": [
2025-04-14T12:29:02.6883498Z             "type==source.local",
2025-04-14T12:29:02.6883739Z             "type==exec.cachemount",
2025-04-14T12:29:02.6883996Z             "type==source.git.checkout"
2025-04-14T12:29:02.6884235Z           ],
2025-04-14T12:29:02.6884422Z           "keepDuration": "48h0m0s"
2025-04-14T12:29:02.6884637Z         },
2025-04-14T12:29:02.6884805Z         {
2025-04-14T12:29:02.6884980Z           "all": false,
2025-04-14T12:29:02.6885188Z           "keepDuration": "1440h0m0s"
2025-04-14T12:29:02.6885416Z         },
2025-04-14T12:29:02.6885578Z         {
2025-04-14T12:29:02.6885963Z           "all": false
2025-04-14T12:29:02.6886157Z         },
2025-04-14T12:29:02.6886319Z         {
2025-04-14T12:29:02.6886480Z           "all": true
2025-04-14T12:29:02.6886661Z         }
2025-04-14T12:29:02.6886814Z       ]
2025-04-14T12:29:02.6886971Z     }
2025-04-14T12:29:02.6887135Z   ],
2025-04-14T12:29:02.6887359Z   "name": "builder-1710ac00-7068-4918-9c2d-f0a4869543a0",
2025-04-14T12:29:02.6887653Z   "driver": "docker-container",
2025-04-14T12:29:02.6887893Z   "lastActivity": "2025-04-14T12:28:59.000Z"
2025-04-14T12:29:02.6888127Z }
2025-04-14T12:29:02.6888454Z ##[endgroup]
2025-04-14T12:29:02.6888777Z ##[group]BuildKit version
2025-04-14T12:29:02.6889046Z builder-1710ac00-7068-4918-9c2d-f0a4869543a00: v0.20.2
2025-04-14T12:29:02.6889450Z ##[endgroup]
2025-04-14T12:29:02.7000315Z ##[group]Run docker/metadata-action@v5
2025-04-14T12:29:02.7000606Z with:
2025-04-14T12:29:02.7000805Z   images: langgenius/dify-web
2025-04-14T12:29:02.7001039Z   context: workflow
2025-04-14T12:29:02.7001366Z   github-token: ***
2025-04-14T12:29:02.7001561Z env:
2025-04-14T12:29:02.7001769Z   DOCKERHUB_USER: ***
2025-04-14T12:29:02.7002035Z   DOCKERHUB_TOKEN: ***
2025-04-14T12:29:02.7002264Z   DIFY_WEB_IMAGE_NAME: langgenius/dify-web
2025-04-14T12:29:02.7002541Z   DIFY_API_IMAGE_NAME: langgenius/dify-api
2025-04-14T12:29:02.7002803Z   PLATFORM_PAIR: linux-amd64
2025-04-14T12:29:02.7003029Z ##[endgroup]
2025-04-14T12:29:03.1841072Z ##[group]Context info
2025-04-14T12:29:03.1841612Z eventName: push
2025-04-14T12:29:03.1842169Z sha: be6a88cb7794494186bc024c6a9f9c6e9e57f3b9
2025-04-14T12:29:03.1842890Z ref: refs/heads/main
2025-04-14T12:29:03.1843564Z workflow: Build and Push API & Web
2025-04-14T12:29:03.1844141Z action: meta
2025-04-14T12:29:03.1845623Z actor: QuantumGhost
2025-04-14T12:29:03.1846296Z runNumber: 6763
2025-04-14T12:29:03.1846634Z runId: 14445627354
2025-04-14T12:29:03.1847132Z commitDate: Mon Apr 14 2025 12:28:31 GMT+0000 (Coordinated Universal Time)
2025-04-14T12:29:03.1848063Z ##[endgroup]
2025-04-14T12:29:03.1857630Z ##[group]Processing images input
2025-04-14T12:29:03.1858293Z name=langgenius/dify-web,enable=true
2025-04-14T12:29:03.1858705Z ##[endgroup]
2025-04-14T12:29:03.1875845Z ##[group]Processing tags input
2025-04-14T12:29:03.1887349Z type=schedule,pattern=nightly,enable=true,priority=1000
2025-04-14T12:29:03.1887953Z type=ref,event=branch,enable=true,priority=600
2025-04-14T12:29:03.1888487Z type=ref,event=tag,enable=true,priority=600
2025-04-14T12:29:03.1889048Z type=ref,event=pr,prefix=pr-,enable=true,priority=600
2025-04-14T12:29:03.1889805Z ##[endgroup]
2025-04-14T12:29:03.1890379Z ##[group]Processing flavor input
2025-04-14T12:29:03.1890771Z latest=auto
2025-04-14T12:29:03.1891061Z prefix=
2025-04-14T12:29:03.1891365Z prefixLatest=false
2025-04-14T12:29:03.1891706Z suffix=
2025-04-14T12:29:03.1891997Z suffixLatest=false
2025-04-14T12:29:03.1892561Z ##[endgroup]
2025-04-14T12:29:03.1940241Z ##[group]Docker image version
2025-04-14T12:29:03.1942182Z main
2025-04-14T12:29:03.1944362Z ##[endgroup]
2025-04-14T12:29:03.1947546Z ##[group]Docker tags
2025-04-14T12:29:03.1948183Z langgenius/dify-web:main
2025-04-14T12:29:03.1953458Z ##[endgroup]
2025-04-14T12:29:03.2202900Z ##[group]Docker labels
2025-04-14T12:29:03.2203474Z org.opencontainers.image.created=2025-04-14T12:29:03.188Z
2025-04-14T12:29:03.2207700Z org.opencontainers.image.description=Dify is an open-source LLM app development platform. Dify's intuitive interface combines AI workflow, RAG pipeline, agent capabilities, model management, observability features and more, letting you quickly go from prototype to production.
2025-04-14T12:29:03.2209500Z org.opencontainers.image.licenses=NOASSERTION
2025-04-14T12:29:03.2210180Z org.opencontainers.image.revision=be6a88cb7794494186bc024c6a9f9c6e9e57f3b9
2025-04-14T12:29:03.2211045Z org.opencontainers.image.source=https://github.com/langgenius/dify
2025-04-14T12:29:03.2211676Z org.opencontainers.image.title=dify
2025-04-14T12:29:03.2212251Z org.opencontainers.image.url=https://github.com/langgenius/dify
2025-04-14T12:29:03.2212859Z org.opencontainers.image.version=main
2025-04-14T12:29:03.2213533Z ##[endgroup]
2025-04-14T12:29:03.2214058Z ##[group]Annotations
2025-04-14T12:29:03.2214561Z manifest:org.opencontainers.image.created=2025-04-14T12:29:03.188Z
2025-04-14T12:29:03.2216656Z manifest:org.opencontainers.image.description=Dify is an open-source LLM app development platform. Dify's intuitive interface combines AI workflow, RAG pipeline, agent capabilities, model management, observability features and more, letting you quickly go from prototype to production.
2025-04-14T12:29:03.2218608Z manifest:org.opencontainers.image.licenses=NOASSERTION
2025-04-14T12:29:03.2219344Z manifest:org.opencontainers.image.revision=be6a88cb7794494186bc024c6a9f9c6e9e57f3b9
2025-04-14T12:29:03.2220559Z manifest:org.opencontainers.image.source=https://github.com/langgenius/dify
2025-04-14T12:29:03.2221243Z manifest:org.opencontainers.image.title=dify
2025-04-14T12:29:03.2221893Z manifest:org.opencontainers.image.url=https://github.com/langgenius/dify
2025-04-14T12:29:03.2222551Z manifest:org.opencontainers.image.version=main
2025-04-14T12:29:03.2223245Z ##[endgroup]
2025-04-14T12:29:03.2223741Z ##[group]JSON output
2025-04-14T12:29:03.2224054Z {
2025-04-14T12:29:03.2224349Z   "tags": [
2025-04-14T12:29:03.2224665Z     "langgenius/dify-web:main"
2025-04-14T12:29:03.2225016Z   ],
2025-04-14T12:29:03.2225278Z   "labels": {
2025-04-14T12:29:03.2225851Z     "org.opencontainers.image.created": "2025-04-14T12:29:03.188Z",
2025-04-14T12:29:03.2227653Z     "org.opencontainers.image.description": "Dify is an open-source LLM app development platform. Dify's intuitive interface combines AI workflow, RAG pipeline, agent capabilities, model management, observability features and more, letting you quickly go from prototype to production.",
2025-04-14T12:29:03.2229385Z     "org.opencontainers.image.licenses": "NOASSERTION",
2025-04-14T12:29:03.2230103Z     "org.opencontainers.image.revision": "be6a88cb7794494186bc024c6a9f9c6e9e57f3b9",
2025-04-14T12:29:03.2230919Z     "org.opencontainers.image.source": "https://github.com/langgenius/dify",
2025-04-14T12:29:03.2231816Z     "org.opencontainers.image.title": "dify",
2025-04-14T12:29:03.2232423Z     "org.opencontainers.image.url": "https://github.com/langgenius/dify",
2025-04-14T12:29:03.2233057Z     "org.opencontainers.image.version": "main"
2025-04-14T12:29:03.2233485Z   },
2025-04-14T12:29:03.2233763Z   "annotations": [
2025-04-14T12:29:03.2234241Z     "manifest:org.opencontainers.image.created=2025-04-14T12:29:03.188Z",
2025-04-14T12:29:03.2236246Z     "manifest:org.opencontainers.image.description=Dify is an open-source LLM app development platform. Dify's intuitive interface combines AI workflow, RAG pipeline, agent capabilities, model management, observability features and more, letting you quickly go from prototype to production.",
2025-04-14T12:29:03.2237813Z     "manifest:org.opencontainers.image.licenses=NOASSERTION",
2025-04-14T12:29:03.2238298Z     "manifest:org.opencontainers.image.revision=be6a88cb7794494186bc024c6a9f9c6e9e57f3b9",
2025-04-14T12:29:03.2238867Z     "manifest:org.opencontainers.image.source=https://github.com/langgenius/dify",
2025-04-14T12:29:03.2239298Z     "manifest:org.opencontainers.image.title=dify",
2025-04-14T12:29:03.2239702Z     "manifest:org.opencontainers.image.url=https://github.com/langgenius/dify",
2025-04-14T12:29:03.2240121Z     "manifest:org.opencontainers.image.version=main"
2025-04-14T12:29:03.2240390Z   ]
2025-04-14T12:29:03.2240549Z }
2025-04-14T12:29:03.2240862Z ##[endgroup]
2025-04-14T12:29:03.2241212Z ##[group]Bake file definition (tags)
2025-04-14T12:29:03.2241439Z {
2025-04-14T12:29:03.2241591Z   "target": {
2025-04-14T12:29:03.2241781Z     "docker-metadata-action": {
2025-04-14T12:29:03.2242010Z       "tags": [
2025-04-14T12:29:03.2242203Z         "langgenius/dify-web:main"
2025-04-14T12:29:03.2242431Z       ],
2025-04-14T12:29:03.2242595Z       "args": {
2025-04-14T12:29:03.2242811Z         "DOCKER_META_IMAGES": "langgenius/dify-web",
2025-04-14T12:29:03.2243091Z         "DOCKER_META_VERSION": "main"
2025-04-14T12:29:03.2243327Z       }
2025-04-14T12:29:03.2243486Z     }
2025-04-14T12:29:03.2243642Z   }
2025-04-14T12:29:03.2243794Z }
2025-04-14T12:29:03.2244082Z ##[endgroup]
2025-04-14T12:29:03.2244399Z ##[group]Bake file definition (labels)
2025-04-14T12:29:03.2244635Z {
2025-04-14T12:29:03.2244792Z   "target": {
2025-04-14T12:29:03.2244984Z     "docker-metadata-action": {
2025-04-14T12:29:03.2245209Z       "labels": {
2025-04-14T12:29:03.2245476Z         "org.opencontainers.image.created": "2025-04-14T12:29:03.188Z",
2025-04-14T12:29:03.2247001Z         "org.opencontainers.image.description": "Dify is an open-source LLM app development platform. Dify's intuitive interface combines AI workflow, RAG pipeline, agent capabilities, model management, observability features and more, letting you quickly go from prototype to production.",
2025-04-14T12:29:03.2248730Z         "org.opencontainers.image.licenses": "NOASSERTION",
2025-04-14T12:29:03.2249360Z         "org.opencontainers.image.revision": "be6a88cb7794494186bc024c6a9f9c6e9e57f3b9",
2025-04-14T12:29:03.2249891Z         "org.opencontainers.image.source": "https://github.com/langgenius/dify",
2025-04-14T12:29:03.2250293Z         "org.opencontainers.image.title": "dify",
2025-04-14T12:29:03.2250670Z         "org.opencontainers.image.url": "https://github.com/langgenius/dify",
2025-04-14T12:29:03.2251060Z         "org.opencontainers.image.version": "main"
2025-04-14T12:29:03.2251321Z       }
2025-04-14T12:29:03.2251480Z     }
2025-04-14T12:29:03.2251637Z   }
2025-04-14T12:29:03.2251792Z }
2025-04-14T12:29:03.2252117Z ##[endgroup]
2025-04-14T12:29:03.2252447Z ##[group]Bake file definition (annotations)
2025-04-14T12:29:03.2252692Z {
2025-04-14T12:29:03.2252858Z   "target": {
2025-04-14T12:29:03.2253051Z     "docker-metadata-action": {
2025-04-14T12:29:03.2253286Z       "annotations": [
2025-04-14T12:29:03.2253589Z         "manifest:org.opencontainers.image.created=2025-04-14T12:29:03.188Z",
2025-04-14T12:29:03.2254712Z         "manifest:org.opencontainers.image.description=Dify is an open-source LLM app development platform. Dify's intuitive interface combines AI workflow, RAG pipeline, agent capabilities, model management, observability features and more, letting you quickly go from prototype to production.",
2025-04-14T12:29:03.2256414Z         "manifest:org.opencontainers.image.licenses=NOASSERTION",
2025-04-14T12:29:03.2256885Z         "manifest:org.opencontainers.image.revision=be6a88cb7794494186bc024c6a9f9c6e9e57f3b9",
2025-04-14T12:29:03.2257436Z         "manifest:org.opencontainers.image.source=https://github.com/langgenius/dify",
2025-04-14T12:29:03.2257863Z         "manifest:org.opencontainers.image.title=dify",
2025-04-14T12:29:03.2258269Z         "manifest:org.opencontainers.image.url=https://github.com/langgenius/dify",
2025-04-14T12:29:03.2258693Z         "manifest:org.opencontainers.image.version=main"
2025-04-14T12:29:03.2258969Z       ]
2025-04-14T12:29:03.2259130Z     }
2025-04-14T12:29:03.2259287Z   }
2025-04-14T12:29:03.2259473Z }
2025-04-14T12:29:03.2259781Z ##[endgroup]
2025-04-14T12:29:03.2729405Z ##[group]Run docker/build-push-action@v6
2025-04-14T12:29:03.2729701Z with:
2025-04-14T12:29:03.2729898Z   context: {{defaultContext}}:web
2025-04-14T12:29:03.2730142Z   platforms: linux/amd64
2025-04-14T12:29:03.2730435Z   build-args: COMMIT_SHA=be6a88cb7794494186bc024c6a9f9c6e9e57f3b9
2025-04-14T12:29:03.2733106Z   labels: org.opencontainers.image.created=2025-04-14T12:29:03.188Z
org.opencontainers.image.description=Dify is an open-source LLM app development platform. Dify's intuitive interface combines AI workflow, RAG pipeline, agent capabilities, model management, observability features and more, letting you quickly go from prototype to production.
org.opencontainers.image.licenses=NOASSERTION
org.opencontainers.image.revision=be6a88cb7794494186bc024c6a9f9c6e9e57f3b9
org.opencontainers.image.source=https://github.com/langgenius/dify
org.opencontainers.image.title=dify
org.opencontainers.image.url=https://github.com/langgenius/dify
org.opencontainers.image.version=main
2025-04-14T12:29:03.2735616Z   outputs: type=image,name=langgenius/dify-web,push-by-digest=true,name-canonical=true,push=true
2025-04-14T12:29:03.2736283Z   cache-from: type=gha,scope=build-web-amd64
2025-04-14T12:29:03.2736596Z   cache-to: type=gha,mode=max,scope=build-web-amd64
2025-04-14T12:29:03.2736909Z   load: false
2025-04-14T12:29:03.2737092Z   no-cache: false
2025-04-14T12:29:03.2737273Z   pull: false
2025-04-14T12:29:03.2737444Z   push: false
2025-04-14T12:29:03.2737766Z   github-token: ***
2025-04-14T12:29:03.2737964Z env:
2025-04-14T12:29:03.2738166Z   DOCKERHUB_USER: ***
2025-04-14T12:29:03.2738432Z   DOCKERHUB_TOKEN: ***
2025-04-14T12:29:03.2738656Z   DIFY_WEB_IMAGE_NAME: langgenius/dify-web
2025-04-14T12:29:03.2738930Z   DIFY_API_IMAGE_NAME: langgenius/dify-api
2025-04-14T12:29:03.2739193Z   PLATFORM_PAIR: linux-amd64
2025-04-14T12:29:03.2739430Z   DOCKER_METADATA_OUTPUT_VERSION: main
2025-04-14T12:29:03.2739721Z   DOCKER_METADATA_OUTPUT_TAGS: langgenius/dify-web:main
2025-04-14T12:29:03.2742094Z   DOCKER_METADATA_OUTPUT_LABELS: org.opencontainers.image.created=2025-04-14T12:29:03.188Z
org.opencontainers.image.description=Dify is an open-source LLM app development platform. Dify's intuitive interface combines AI workflow, RAG pipeline, agent capabilities, model management, observability features and more, letting you quickly go from prototype to production.
org.opencontainers.image.licenses=NOASSERTION
org.opencontainers.image.revision=be6a88cb7794494186bc024c6a9f9c6e9e57f3b9
org.opencontainers.image.source=https://github.com/langgenius/dify
org.opencontainers.image.title=dify
org.opencontainers.image.url=https://github.com/langgenius/dify
org.opencontainers.image.version=main
2025-04-14T12:29:03.2746919Z   DOCKER_METADATA_OUTPUT_ANNOTATIONS: manifest:org.opencontainers.image.created=2025-04-14T12:29:03.188Z
manifest:org.opencontainers.image.description=Dify is an open-source LLM app development platform. Dify's intuitive interface combines AI workflow, RAG pipeline, agent capabilities, model management, observability features and more, letting you quickly go from prototype to production.
manifest:org.opencontainers.image.licenses=NOASSERTION
manifest:org.opencontainers.image.revision=be6a88cb7794494186bc024c6a9f9c6e9e57f3b9
manifest:org.opencontainers.image.source=https://github.com/langgenius/dify
manifest:org.opencontainers.image.title=dify
manifest:org.opencontainers.image.url=https://github.com/langgenius/dify
manifest:org.opencontainers.image.version=main
2025-04-14T12:29:03.2754413Z   DOCKER_METADATA_OUTPUT_JSON: {"tags":["langgenius/dify-web:main"],"labels":{"org.opencontainers.image.created":"2025-04-14T12:29:03.188Z","org.opencontainers.image.description":"Dify is an open-source LLM app development platform. Dify's intuitive interface combines AI workflow, RAG pipeline, agent capabilities, model management, observability features and more, letting you quickly go from prototype to production.","org.opencontainers.image.licenses":"NOASSERTION","org.opencontainers.image.revision":"be6a88cb7794494186bc024c6a9f9c6e9e57f3b9","org.opencontainers.image.source":"https://github.com/langgenius/dify","org.opencontainers.image.title":"dify","org.opencontainers.image.url":"https://github.com/langgenius/dify","org.opencontainers.image.version":"main"},"annotations":["manifest:org.opencontainers.image.created=2025-04-14T12:29:03.188Z","manifest:org.opencontainers.image.description=Dify is an open-source LLM app development platform. Dify's intuitive interface combines AI workflow, RAG pipeline, agent capabilities, model management, observability features and more, letting you quickly go from prototype to production.","manifest:org.opencontainers.image.licenses=NOASSERTION","manifest:org.opencontainers.image.revision=be6a88cb7794494186bc024c6a9f9c6e9e57f3b9","manifest:org.opencontainers.image.source=https://github.com/langgenius/dify","manifest:org.opencontainers.image.title=dify","manifest:org.opencontainers.image.url=https://github.com/langgenius/dify","manifest:org.opencontainers.image.version=main"]}
2025-04-14T12:29:03.2759917Z   DOCKER_METADATA_OUTPUT_BAKE_FILE_TAGS: /home/runner/work/_temp/docker-actions-toolkit-bzcfGo/docker-metadata-action-bake-tags.json
2025-04-14T12:29:03.2760771Z   DOCKER_METADATA_OUTPUT_BAKE_FILE_LABELS: /home/runner/work/_temp/docker-actions-toolkit-bzcfGo/docker-metadata-action-bake-labels.json
2025-04-14T12:29:03.2761671Z   DOCKER_METADATA_OUTPUT_BAKE_FILE_ANNOTATIONS: /home/runner/work/_temp/docker-actions-toolkit-bzcfGo/docker-metadata-action-bake-annotations.json
2025-04-14T12:29:03.2762518Z   DOCKER_METADATA_OUTPUT_BAKE_FILE: /home/runner/work/_temp/docker-actions-toolkit-bzcfGo/docker-metadata-action-bake.json
2025-04-14T12:29:03.2763019Z ##[endgroup]
2025-04-14T12:29:03.5057763Z ##[group]GitHub Actions runtime token ACs
2025-04-14T12:29:03.5065432Z refs/heads/main: read/write
2025-04-14T12:29:03.5066709Z ##[endgroup]
2025-04-14T12:29:03.5067306Z ##[group]Docker info
2025-04-14T12:29:03.5139210Z [command]/usr/bin/docker version
2025-04-14T12:29:03.5386972Z Client: Docker Engine - Community
2025-04-14T12:29:03.5387814Z  Version:           26.1.3
2025-04-14T12:29:03.5388564Z  API version:       1.45
2025-04-14T12:29:03.5389271Z  Go version:        go1.21.10
2025-04-14T12:29:03.5389997Z  Git commit:        b72abbb
2025-04-14T12:29:03.5390757Z  Built:             Thu May 16 08:33:35 2024
2025-04-14T12:29:03.5391514Z  OS/Arch:           linux/amd64
2025-04-14T12:29:03.5392252Z  Context:           default
2025-04-14T12:29:03.5392862Z 
2025-04-14T12:29:03.5393089Z Server: Docker Engine - Community
2025-04-14T12:29:03.5393522Z  Engine:
2025-04-14T12:29:03.5393864Z   Version:          26.1.3
2025-04-14T12:29:03.5394271Z   API version:      1.45 (minimum version 1.24)
2025-04-14T12:29:03.5394725Z   Go version:       go1.21.10
2025-04-14T12:29:03.5395094Z   Git commit:       8e96db1
2025-04-14T12:29:03.5395470Z   Built:            Thu May 16 08:33:35 2024
2025-04-14T12:29:03.5396077Z   OS/Arch:          linux/amd64
2025-04-14T12:29:03.5396456Z   Experimental:     false
2025-04-14T12:29:03.5397167Z  containerd:
2025-04-14T12:29:03.5397494Z   Version:          1.7.27
2025-04-14T12:29:03.5397956Z   GitCommit:        05044ec0a9a75232cad458027ca83437aae3f4da
2025-04-14T12:29:03.5398467Z  runc:
2025-04-14T12:29:03.5398775Z   Version:          1.2.5
2025-04-14T12:29:03.5399155Z   GitCommit:        v1.2.5-0-g59923ef
2025-04-14T12:29:03.5399600Z  docker-init:
2025-04-14T12:29:03.5399927Z   Version:          0.19.0
2025-04-14T12:29:03.5400301Z   GitCommit:        de40ad0
2025-04-14T12:29:03.5441888Z [command]/usr/bin/docker info
2025-04-14T12:29:03.6196714Z Client: Docker Engine - Community
2025-04-14T12:29:03.6197428Z  Version:    26.1.3
2025-04-14T12:29:03.6197782Z  Context:    default
2025-04-14T12:29:03.6198114Z  Debug Mode: false
2025-04-14T12:29:03.6198429Z  Plugins:
2025-04-14T12:29:03.6198756Z   buildx: Docker Buildx (Docker Inc.)
2025-04-14T12:29:03.6199165Z     Version:  v0.22.0
2025-04-14T12:29:03.6199594Z     Path:     /usr/libexec/docker/cli-plugins/docker-buildx
2025-04-14T12:29:03.6200504Z   compose: Docker Compose (Docker Inc.)
2025-04-14T12:29:03.6200922Z     Version:  v2.27.1
2025-04-14T12:29:03.6201338Z     Path:     /usr/libexec/docker/cli-plugins/docker-compose
2025-04-14T12:29:03.6201689Z 
2025-04-14T12:29:03.6201813Z Server:
2025-04-14T12:29:03.6202099Z  Containers: 1
2025-04-14T12:29:03.6202397Z   Running: 1
2025-04-14T12:29:03.6202690Z   Paused: 0
2025-04-14T12:29:03.6202978Z   Stopped: 0
2025-04-14T12:29:03.6203255Z  Images: 2
2025-04-14T12:29:03.6203548Z  Server Version: 26.1.3
2025-04-14T12:29:03.6203887Z  Storage Driver: overlay2
2025-04-14T12:29:03.6204245Z   Backing Filesystem: extfs
2025-04-14T12:29:03.6204615Z   Supports d_type: true
2025-04-14T12:29:03.6204960Z   Using metacopy: false
2025-04-14T12:29:03.6205305Z   Native Overlay Diff: false
2025-04-14T12:29:03.6205881Z   userxattr: false
2025-04-14T12:29:03.6206219Z  Logging Driver: json-file
2025-04-14T12:29:03.6206585Z  Cgroup Driver: systemd
2025-04-14T12:29:03.6206920Z  Cgroup Version: 2
2025-04-14T12:29:03.6207226Z  Plugins:
2025-04-14T12:29:03.6207544Z   Volume: local
2025-04-14T12:29:03.6207888Z   Network: bridge host ipvlan macvlan null overlay
2025-04-14T12:29:03.6208485Z   Log: awslogs fluentd gcplogs gelf journald json-file local splunk syslog
2025-04-14T12:29:03.6209067Z  Swarm: inactive
2025-04-14T12:29:03.6209409Z  Runtimes: io.containerd.runc.v2 runc
2025-04-14T12:29:03.6209820Z  Default Runtime: runc
2025-04-14T12:29:03.6210156Z  Init Binary: docker-init
2025-04-14T12:29:03.6210636Z  containerd version: 05044ec0a9a75232cad458027ca83437aae3f4da
2025-04-14T12:29:03.6211052Z  runc version: v1.2.5-0-g59923ef
2025-04-14T12:29:03.6211298Z  init version: de40ad0
2025-04-14T12:29:03.6211600Z  Security Options:
2025-04-14T12:29:03.6211811Z   apparmor
2025-04-14T12:29:03.6211988Z   seccomp
2025-04-14T12:29:03.6212165Z    Profile: builtin
2025-04-14T12:29:03.6212356Z   cgroupns
2025-04-14T12:29:03.6212541Z  Kernel Version: 6.8.0-1021-azure
2025-04-14T12:29:03.6212784Z  Operating System: Ubuntu 24.04.2 LTS
2025-04-14T12:29:03.6213039Z  OSType: linux
2025-04-14T12:29:03.6213231Z  Architecture: x86_64
2025-04-14T12:29:03.6213426Z  CPUs: 4
2025-04-14T12:29:03.6213601Z  Total Memory: 15.62GiB
2025-04-14T12:29:03.6213807Z  Name: fv-az1314-967
2025-04-14T12:29:03.6214021Z  ID: 2430cf04-e79a-44be-a222-15247e834da3
2025-04-14T12:29:03.6214313Z  Docker Root Dir: /var/lib/docker
2025-04-14T12:29:03.6214702Z  Debug Mode: false
2025-04-14T12:29:03.6215185Z  Username: ***
2025-04-14T12:29:03.6215507Z  Experimental: false
2025-04-14T12:29:03.6215987Z  Insecure Registries:
2025-04-14T12:29:03.6216312Z   127.0.0.0/8
2025-04-14T12:29:03.6216615Z  Live Restore Enabled: false
2025-04-14T12:29:03.6216862Z 
2025-04-14T12:29:03.6217319Z ##[endgroup]
2025-04-14T12:29:03.6217859Z ##[group]Proxy configuration
2025-04-14T12:29:03.6218458Z No proxy configuration found
2025-04-14T12:29:03.6219043Z ##[endgroup]
2025-04-14T12:29:03.6740444Z ##[group]Buildx version
2025-04-14T12:29:03.6768160Z [command]/usr/bin/docker buildx version
2025-04-14T12:29:03.7167804Z github.com/docker/buildx v0.22.0 18ccba072076ddbfb0aeedd6746d7719b0729b58
2025-04-14T12:29:03.7199001Z ##[endgroup]
2025-04-14T12:29:03.7199367Z ##[group]Builder info
2025-04-14T12:29:03.7987539Z {
2025-04-14T12:29:03.7987850Z   "nodes": [
2025-04-14T12:29:03.7988145Z     {
2025-04-14T12:29:03.7988519Z       "name": "builder-1710ac00-7068-4918-9c2d-f0a4869543a00",
2025-04-14T12:29:03.7988958Z       "endpoint": "unix:///var/run/docker.sock",
2025-04-14T12:29:03.7989243Z       "status": "running",
2025-04-14T12:29:03.7989730Z       "buildkitd-flags": "--allow-insecure-entitlement security.insecure --allow-insecure-entitlement network.host",
2025-04-14T12:29:03.7990222Z       "buildkit": "v0.20.2",
2025-04-14T12:29:03.7990927Z       "platforms": "linux/amd64,linux/amd64/v2,linux/amd64/v3,linux/arm64,linux/riscv64,linux/ppc64le,linux/s390x,linux/386,linux/mips64le,linux/mips64,linux/loong64,linux/arm/v7,linux/arm/v6",
2025-04-14T12:29:03.7991625Z       "features": {
2025-04-14T12:29:03.7992186Z         "Automatically load images to the Docker Engine image store": true,
2025-04-14T12:29:03.7992568Z         "Cache export": true,
2025-04-14T12:29:03.7992798Z         "Direct push": true,
2025-04-14T12:29:03.7993017Z         "Docker exporter": true,
2025-04-14T12:29:03.7993262Z         "Multi-platform build": true,
2025-04-14T12:29:03.7993508Z         "OCI exporter": true
2025-04-14T12:29:03.7993716Z       },
2025-04-14T12:29:03.7993886Z       "labels": {
2025-04-14T12:29:03.7994140Z         "org.mobyproject.buildkit.worker.executor": "oci",
2025-04-14T12:29:03.7994516Z         "org.mobyproject.buildkit.worker.hostname": "8c255b5b2ba1",
2025-04-14T12:29:03.7994886Z         "org.mobyproject.buildkit.worker.network": "host",
2025-04-14T12:29:03.7995269Z         "org.mobyproject.buildkit.worker.oci.process-mode": "sandbox",
2025-04-14T12:29:03.7995889Z         "org.mobyproject.buildkit.worker.selinux.enabled": "false",
2025-04-14T12:29:03.7996398Z         "org.mobyproject.buildkit.worker.snapshotter": "overlayfs"
2025-04-14T12:29:03.7996726Z       },
2025-04-14T12:29:03.7996896Z       "gcPolicy": [
2025-04-14T12:29:03.7997074Z         {
2025-04-14T12:29:03.7997247Z           "all": false,
2025-04-14T12:29:03.7997445Z           "filter": [
2025-04-14T12:29:03.7997655Z             "type==source.local",
2025-04-14T12:29:03.7997897Z             "type==exec.cachemount",
2025-04-14T12:29:03.7998168Z             "type==source.git.checkout"
2025-04-14T12:29:03.7998408Z           ],
2025-04-14T12:29:03.7998598Z           "keepDuration": "48h0m0s"
2025-04-14T12:29:03.7998821Z         },
2025-04-14T12:29:03.7999000Z         {
2025-04-14T12:29:03.7999171Z           "all": false,
2025-04-14T12:29:03.7999381Z           "keepDuration": "1440h0m0s"
2025-04-14T12:29:03.7999609Z         },
2025-04-14T12:29:03.7999763Z         {
2025-04-14T12:29:03.7999932Z           "all": false
2025-04-14T12:29:03.8000118Z         },
2025-04-14T12:29:03.8000279Z         {
2025-04-14T12:29:03.8000446Z           "all": true
2025-04-14T12:29:03.8000627Z         }
2025-04-14T12:29:03.8000794Z       ]
2025-04-14T12:29:03.8000952Z     }
2025-04-14T12:29:03.8001106Z   ],
2025-04-14T12:29:03.8001323Z   "name": "builder-1710ac00-7068-4918-9c2d-f0a4869543a0",
2025-04-14T12:29:03.8001618Z   "driver": "docker-container",
2025-04-14T12:29:03.8001856Z   "lastActivity": "2025-04-14T12:28:59.000Z"
2025-04-14T12:29:03.8002094Z }
2025-04-14T12:29:03.8002479Z ##[endgroup]
2025-04-14T12:29:03.9419353Z [command]/usr/bin/docker buildx build --build-arg COMMIT_SHA=be6a88cb7794494186bc024c6a9f9c6e9e57f3b9 --cache-from type=gha,scope=build-web-amd64 --cache-to type=gha,mode=max,scope=build-web-amd64 --iidfile /home/runner/work/_temp/docker-actions-toolkit-lt6aSg/build-iidfile-9911b8a859.txt --label org.opencontainers.image.created=2025-04-14T12:29:03.188Z --label org.opencontainers.image.description=Dify is an open-source LLM app development platform. Dify's intuitive interface combines AI workflow, RAG pipeline, agent capabilities, model management, observability features and more, letting you quickly go from prototype to production. --label org.opencontainers.image.licenses=NOASSERTION --label org.opencontainers.image.revision=be6a88cb7794494186bc024c6a9f9c6e9e57f3b9 --label org.opencontainers.image.source=https://github.com/langgenius/dify --label org.opencontainers.image.title=dify --label org.opencontainers.image.url=https://github.com/langgenius/dify --label org.opencontainers.image.version=main --output type=image,name=langgenius/dify-web,push-by-digest=true,name-canonical=true,push=true --platform linux/amd64 --attest type=provenance,mode=max,builder-id=https://github.com/langgenius/dify/actions/runs/14445627354/attempts/1 --secret id=GIT_AUTH_TOKEN,src=/home/runner/work/_temp/docker-actions-toolkit-lt6aSg/tmp-2758-GPKHJfGkPLlw --metadata-file /home/runner/work/_temp/docker-actions-toolkit-lt6aSg/build-metadata-a9ba0a2b1a.json https://github.com/langgenius/dify.git#be6a88cb7794494186bc024c6a9f9c6e9e57f3b9:web
2025-04-14T12:29:04.2149310Z #0 building with "builder-1710ac00-7068-4918-9c2d-f0a4869543a0" instance using docker-container driver
2025-04-14T12:29:04.2149987Z 
2025-04-14T12:29:04.2150359Z #1 [internal] load git source https://github.com/langgenius/dify.git#be6a88cb7794494186bc024c6a9f9c6e9e57f3b9:web
2025-04-14T12:29:04.2151484Z #1 0.013 Initialized empty Git repository in /var/lib/buildkit/runc-overlayfs/snapshots/snapshots/1/fs/
2025-04-14T12:29:04.2152455Z #1 0.016 fatal: Not a valid object name be6a88cb7794494186bc024c6a9f9c6e9e57f3b9^{commit}
2025-04-14T12:29:10.1794612Z #1 6.131 From https://github.com/langgenius/dify
2025-04-14T12:29:10.1795968Z #1 6.131  * branch                be6a88cb7794494186bc024c6a9f9c6e9e57f3b9 -> FETCH_HEAD
2025-04-14T12:29:10.3562214Z #1 6.135  * [new tag]             0.10.0                   -> 0.10.0
2025-04-14T12:29:10.3563342Z #1 6.135  * [new tag]             0.10.0-beta1             -> 0.10.0-beta1
2025-04-14T12:29:10.3565122Z #1 6.135  * [new tag]             0.10.0-beta2             -> 0.10.0-beta2
2025-04-14T12:29:10.3565942Z #1 6.135  * [new tag]             0.10.0-beta3             -> 0.10.0-beta3
2025-04-14T12:29:10.3566543Z #1 6.135  * [new tag]             0.10.1                   -> 0.10.1
2025-04-14T12:29:10.3567080Z #1 6.136  * [new tag]             0.10.2                   -> 0.10.2
2025-04-14T12:29:10.3567624Z #1 6.136  * [new tag]             0.10.2-fix1              -> 0.10.2-fix1
2025-04-14T12:29:10.3568168Z #1 6.136  * [new tag]             0.11.0                   -> 0.11.0
2025-04-14T12:29:10.3568694Z #1 6.136  * [new tag]             0.11.1                   -> 0.11.1
2025-04-14T12:29:10.3569205Z #1 6.136  * [new tag]             0.11.2                   -> 0.11.2
2025-04-14T12:29:10.3569720Z #1 6.137  * [new tag]             0.12.0                   -> 0.12.0
2025-04-14T12:29:10.3570225Z #1 6.137  * [new tag]             0.12.1                   -> 0.12.1
2025-04-14T12:29:10.3570740Z #1 6.137  * [new tag]             0.13.0                   -> 0.13.0
2025-04-14T12:29:10.3571263Z #1 6.137  * [new tag]             0.13.1                   -> 0.13.1
2025-04-14T12:29:10.3571785Z #1 6.137  * [new tag]             0.13.2                   -> 0.13.2
2025-04-14T12:29:10.3572298Z #1 6.137  * [new tag]             0.14.0                   -> 0.14.0
2025-04-14T12:29:10.3572861Z #1 6.138  * [new tag]             0.14.1                   -> 0.14.1
2025-04-14T12:29:10.3573369Z #1 6.138  * [new tag]             0.14.2                   -> 0.14.2
2025-04-14T12:29:10.3573775Z #1 6.138  * [new tag]             0.15.0                   -> 0.15.0
2025-04-14T12:29:10.3574125Z #1 6.138  * [new tag]             0.15.1                   -> 0.15.1
2025-04-14T12:29:10.3574465Z #1 6.138  * [new tag]             0.15.2                   -> 0.15.2
2025-04-14T12:29:10.3574799Z #1 6.138  * [new tag]             0.15.3                   -> 0.15.3
2025-04-14T12:29:10.3575133Z #1 6.139  * [new tag]             0.15.4                   -> 0.15.4
2025-04-14T12:29:10.3575464Z #1 6.139  * [new tag]             0.15.5                   -> 0.15.5
2025-04-14T12:29:10.3576406Z #1 6.139  * [new tag]             0.15.6-alpha.1           -> 0.15.6-alpha.1
2025-04-14T12:29:10.3576781Z #1 6.139  * [new tag]             0.2.1                    -> 0.2.1
2025-04-14T12:29:10.3577120Z #1 6.139  * [new tag]             0.2.2                    -> 0.2.2
2025-04-14T12:29:10.3577449Z #1 6.139  * [new tag]             0.3.0                    -> 0.3.0
2025-04-14T12:29:10.3577780Z #1 6.140  * [new tag]             0.3.1                    -> 0.3.1
2025-04-14T12:29:10.3578119Z #1 6.140  * [new tag]             0.3.10                   -> 0.3.10
2025-04-14T12:29:10.3578448Z #1 6.140  * [new tag]             0.3.11                   -> 0.3.11
2025-04-14T12:29:10.3578779Z #1 6.140  * [new tag]             0.3.12                   -> 0.3.12
2025-04-14T12:29:10.3579111Z #1 6.140  * [new tag]             0.3.13                   -> 0.3.13
2025-04-14T12:29:10.3579429Z #1 6.140  * [new tag]             0.3.14                   -> 0.3.14
2025-04-14T12:29:10.3580063Z #1 6.141  * [new tag]             0.3.15                   -> 0.3.15
2025-04-14T12:29:10.3580407Z #1 6.141  * [new tag]             0.3.16                   -> 0.3.16
2025-04-14T12:29:10.3580704Z #1 6.141  * [new tag]             0.3.17                   -> 0.3.17
2025-04-14T12:29:10.3580996Z #1 6.141  * [new tag]             0.3.18                   -> 0.3.18
2025-04-14T12:29:10.3581289Z #1 6.141  * [new tag]             0.3.19                   -> 0.3.19
2025-04-14T12:29:10.3581587Z #1 6.141  * [new tag]             0.3.2                    -> 0.3.2
2025-04-14T12:29:10.3581883Z #1 6.142  * [new tag]             0.3.20                   -> 0.3.20
2025-04-14T12:29:10.3582174Z #1 6.142  * [new tag]             0.3.21                   -> 0.3.21
2025-04-14T12:29:10.3582465Z #1 6.142  * [new tag]             0.3.22                   -> 0.3.22
2025-04-14T12:29:10.3582767Z #1 6.142  * [new tag]             0.3.23                   -> 0.3.23
2025-04-14T12:29:10.3583064Z #1 6.142  * [new tag]             0.3.24                   -> 0.3.24
2025-04-14T12:29:10.3583373Z #1 6.142  * [new tag]             0.3.25                   -> 0.3.25
2025-04-14T12:29:10.3583669Z #1 6.143  * [new tag]             0.3.26                   -> 0.3.26
2025-04-14T12:29:10.3583975Z #1 6.143  * [new tag]             0.3.27                   -> 0.3.27
2025-04-14T12:29:10.3584262Z #1 6.143  * [new tag]             0.3.28                   -> 0.3.28
2025-04-14T12:29:10.3584552Z #1 6.143  * [new tag]             0.3.29                   -> 0.3.29
2025-04-14T12:29:10.3584840Z #1 6.143  * [new tag]             0.3.3                    -> 0.3.3
2025-04-14T12:29:10.3585122Z #1 6.143  * [new tag]             0.3.30                   -> 0.3.30
2025-04-14T12:29:10.3585408Z #1 6.144  * [new tag]             0.3.31                   -> 0.3.31
2025-04-14T12:29:10.3585993Z #1 6.144  * [new tag]             0.3.31-fix1              -> 0.3.31-fix1
2025-04-14T12:29:10.3586346Z #1 6.144  * [new tag]             0.3.31-fix2              -> 0.3.31-fix2
2025-04-14T12:29:10.3586665Z #1 6.144  * [new tag]             0.3.31-fix3              -> 0.3.31-fix3
2025-04-14T12:29:10.3586981Z #1 6.144  * [new tag]             0.3.32                   -> 0.3.32
2025-04-14T12:29:10.3587276Z #1 6.144  * [new tag]             0.3.33                   -> 0.3.33
2025-04-14T12:29:10.3587571Z #1 6.145  * [new tag]             0.3.34                   -> 0.3.34
2025-04-14T12:29:10.3587864Z #1 6.145  * [new tag]             0.3.4                    -> 0.3.4
2025-04-14T12:29:10.3588162Z #1 6.145  * [new tag]             0.3.5                    -> 0.3.5
2025-04-14T12:29:10.3588459Z #1 6.145  * [new tag]             0.3.6                    -> 0.3.6
2025-04-14T12:29:10.3588753Z #1 6.145  * [new tag]             0.3.7                    -> 0.3.7
2025-04-14T12:29:10.3589040Z #1 6.146  * [new tag]             0.3.8                    -> 0.3.8
2025-04-14T12:29:10.3589330Z #1 6.146  * [new tag]             0.3.9                    -> 0.3.9
2025-04-14T12:29:10.3589628Z #1 6.146  * [new tag]             0.4.0                    -> 0.4.0
2025-04-14T12:29:10.3590077Z #1 6.146  * [new tag]             0.4.1                    -> 0.4.1
2025-04-14T12:29:10.3590368Z #1 6.146  * [new tag]             0.4.2                    -> 0.4.2
2025-04-14T12:29:10.3590653Z #1 6.147  * [new tag]             0.4.3                    -> 0.4.3
2025-04-14T12:29:10.3590941Z #1 6.147  * [new tag]             0.4.4                    -> 0.4.4
2025-04-14T12:29:10.3591229Z #1 6.147  * [new tag]             0.4.5                    -> 0.4.5
2025-04-14T12:29:10.3591526Z #1 6.147  * [new tag]             0.4.6                    -> 0.4.6
2025-04-14T12:29:10.3591814Z #1 6.147  * [new tag]             0.4.7                    -> 0.4.7
2025-04-14T12:29:10.3592105Z #1 6.147  * [new tag]             0.4.8                    -> 0.4.8
2025-04-14T12:29:10.3592391Z #1 6.148  * [new tag]             0.4.9                    -> 0.4.9
2025-04-14T12:29:10.3592679Z #1 6.148  * [new tag]             0.5.0                    -> 0.5.0
2025-04-14T12:29:10.3593075Z #1 6.148  * [new tag]             0.5.1                    -> 0.5.1
2025-04-14T12:29:10.3593382Z #1 6.148  * [new tag]             0.5.10                   -> 0.5.10
2025-04-14T12:29:10.3593674Z #1 6.148  * [new tag]             0.5.11                   -> 0.5.11
2025-04-14T12:29:10.3593979Z #1 6.148  * [new tag]             0.5.11-fix1              -> 0.5.11-fix1
2025-04-14T12:29:10.3594311Z #1 6.149  * [new tag]             0.5.2                    -> 0.5.2
2025-04-14T12:29:10.3594601Z #1 6.149  * [new tag]             0.5.3                    -> 0.5.3
2025-04-14T12:29:10.3594891Z #1 6.149  * [new tag]             0.5.4                    -> 0.5.4
2025-04-14T12:29:10.3595180Z #1 6.149  * [new tag]             0.5.5                    -> 0.5.5
2025-04-14T12:29:10.3595468Z #1 6.149  * [new tag]             0.5.6                    -> 0.5.6
2025-04-14T12:29:10.3596007Z #1 6.149  * [new tag]             0.5.7                    -> 0.5.7
2025-04-14T12:29:10.3596300Z #1 6.150  * [new tag]             0.5.8                    -> 0.5.8
2025-04-14T12:29:10.3596593Z #1 6.150  * [new tag]             0.5.9                    -> 0.5.9
2025-04-14T12:29:10.3596886Z #1 6.150  * [new tag]             0.6.0                    -> 0.6.0
2025-04-14T12:29:10.3597190Z #1 6.150  * [new tag]             0.6.0-fix1               -> 0.6.0-fix1
2025-04-14T12:29:10.3597564Z #1 6.150  * [new tag]             0.6.0-preview-workflow.1 -> 0.6.0-preview-workflow.1
2025-04-14T12:29:10.3597976Z #1 6.151  * [new tag]             0.6.0-preview-workflow.2 -> 0.6.0-preview-workflow.2
2025-04-14T12:29:10.3598337Z #1 6.151  * [new tag]             0.6.1                    -> 0.6.1
2025-04-14T12:29:10.3598651Z #1 6.151  * [new tag]             0.6.10                   -> 0.6.10
2025-04-14T12:29:10.3598954Z #1 6.151  * [new tag]             0.6.11                   -> 0.6.11
2025-04-14T12:29:10.3599247Z #1 6.151  * [new tag]             0.6.12                   -> 0.6.12
2025-04-14T12:29:10.3599575Z #1 6.152  * [new tag]             0.6.12-fix1              -> 0.6.12-fix1
2025-04-14T12:29:10.3599901Z #1 6.152  * [new tag]             0.6.13                   -> 0.6.13
2025-04-14T12:29:10.3600193Z #1 6.152  * [new tag]             0.6.14                   -> 0.6.14
2025-04-14T12:29:10.3600485Z #1 6.152  * [new tag]             0.6.15                   -> 0.6.15
2025-04-14T12:29:10.3600776Z #1 6.152  * [new tag]             0.6.16                   -> 0.6.16
2025-04-14T12:29:10.3601069Z #1 6.153  * [new tag]             0.6.2                    -> 0.6.2
2025-04-14T12:29:10.3601364Z #1 6.153  * [new tag]             0.6.3                    -> 0.6.3
2025-04-14T12:29:10.3601668Z #1 6.153  * [new tag]             0.6.4                    -> 0.6.4
2025-04-14T12:29:10.3601960Z #1 6.153  * [new tag]             0.6.5                    -> 0.6.5
2025-04-14T12:29:10.3602247Z #1 6.153  * [new tag]             0.6.6                    -> 0.6.6
2025-04-14T12:29:10.3602563Z #1 6.153  * [new tag]             0.6.7                    -> 0.6.7
2025-04-14T12:29:10.3602867Z #1 6.154  * [new tag]             0.6.8                    -> 0.6.8
2025-04-14T12:29:10.3603312Z #1 6.154  * [new tag]             0.6.9                    -> 0.6.9
2025-04-14T12:29:10.3603602Z #1 6.154  * [new tag]             0.7.0                    -> 0.7.0
2025-04-14T12:29:10.3603896Z #1 6.154  * [new tag]             0.7.1                    -> 0.7.1
2025-04-14T12:29:10.3604186Z #1 6.154  * [new tag]             0.7.2                    -> 0.7.2
2025-04-14T12:29:10.3604478Z #1 6.155  * [new tag]             0.7.3                    -> 0.7.3
2025-04-14T12:29:10.3604765Z #1 6.155  * [new tag]             0.8.0                    -> 0.8.0
2025-04-14T12:29:10.3605071Z #1 6.155  * [new tag]             0.8.0-beta1              -> 0.8.0-beta1
2025-04-14T12:29:10.3605376Z #1 6.155  * [new tag]             0.8.1                    -> 0.8.1
2025-04-14T12:29:10.3605773Z #1 6.155  * [new tag]             0.8.2                    -> 0.8.2
2025-04-14T12:29:10.3606067Z #1 6.155  * [new tag]             0.8.3                    -> 0.8.3
2025-04-14T12:29:10.3606646Z #1 6.156  * [new tag]             0.9.0                    -> 0.9.0
2025-04-14T12:29:10.3607135Z #1 6.156  * [new tag]             0.9.1                    -> 0.9.1
2025-04-14T12:29:10.3607618Z #1 6.156  * [new tag]             0.9.1-fix1               -> 0.9.1-fix1
2025-04-14T12:29:10.3608106Z #1 6.156  * [new tag]             0.9.2                    -> 0.9.2
2025-04-14T12:29:10.3608600Z #1 6.156  * [new tag]             1.0.0                    -> 1.0.0
2025-04-14T12:29:10.3609096Z #1 6.157  * [new tag]             1.0.0-beta.1             -> 1.0.0-beta.1
2025-04-14T12:29:10.3609606Z #1 6.157  * [new tag]             1.0.1                    -> 1.0.1
2025-04-14T12:29:10.3610088Z #1 6.157  * [new tag]             1.1.0                    -> 1.1.0
2025-04-14T12:29:10.3610583Z #1 6.157  * [new tag]             1.1.1                    -> 1.1.1
2025-04-14T12:29:10.3611059Z #1 6.157  * [new tag]             1.1.2                    -> 1.1.2
2025-04-14T12:29:10.3611542Z #1 6.157  * [new tag]             1.1.3                    -> 1.1.3
2025-04-14T12:29:10.3612033Z #1 6.158  * [new tag]             1.2.0                    -> 1.2.0
2025-04-14T12:29:10.3612369Z #1 6.158  * [new tag]             v0.8.3-fix1              -> v0.8.3-fix1
2025-04-14T12:29:11.2334137Z #1 DONE 7.2s
2025-04-14T12:29:11.4648576Z 
2025-04-14T12:29:11.4649030Z #2 [auth] library/node:pull token for registry-1.docker.io
2025-04-14T12:29:11.4649626Z #2 DONE 0.0s
2025-04-14T12:29:11.4649811Z 
2025-04-14T12:29:11.4650017Z #3 [internal] load metadata for docker.io/library/node:22-alpine3.21
2025-04-14T12:29:11.6479831Z #3 DONE 0.4s
2025-04-14T12:29:11.8422948Z 
2025-04-14T12:29:11.8423856Z #4 [base 1/3] FROM docker.io/library/node:22-alpine3.21@sha256:9bef0ef1e268f60627da9ba7d7605e8831d5b56ad07487d24d1aa386336d1944
2025-04-14T12:29:11.8424902Z #4 resolve docker.io/library/node:22-alpine3.21@sha256:9bef0ef1e268f60627da9ba7d7605e8831d5b56ad07487d24d1aa386336d1944 done
2025-04-14T12:29:11.8425517Z #4 DONE 0.0s
2025-04-14T12:29:11.8425903Z 
2025-04-14T12:29:11.8426080Z #5 importing cache manifest from gha:17478865641173306803
2025-04-14T12:29:11.8426379Z #5 DONE 0.1s
2025-04-14T12:29:11.8426507Z 
2025-04-14T12:29:11.8426686Z #6 [packages 3/4] COPY pnpm-lock.yaml .
2025-04-14T12:29:11.8426987Z #6 CACHED
2025-04-14T12:29:11.8427084Z 
2025-04-14T12:29:11.8427353Z #7 [production 1/7] RUN ln -s /usr/share/zoneinfo/UTC /etc/localtime     && echo UTC > /etc/timezone
2025-04-14T12:29:11.8427871Z #7 CACHED
2025-04-14T12:29:11.8427979Z 
2025-04-14T12:29:11.8428082Z #8 [base 2/3] RUN apk add --no-cache tzdata
2025-04-14T12:29:11.8428435Z #8 CACHED
2025-04-14T12:29:11.8428544Z 
2025-04-14T12:29:11.8428709Z #9 [production 6/7] COPY docker/entrypoint.sh ./entrypoint.sh
2025-04-14T12:29:11.8429220Z #9 CACHED
2025-04-14T12:29:11.8429379Z 
2025-04-14T12:29:11.8429519Z #10 [builder 4/4] RUN pnpm build
2025-04-14T12:29:11.8429873Z #10 CACHED
2025-04-14T12:29:11.8429977Z 
2025-04-14T12:29:11.8430081Z #11 [production 2/7] WORKDIR /app/web
2025-04-14T12:29:11.8430600Z #11 CACHED
2025-04-14T12:29:11.8430692Z 
2025-04-14T12:29:11.8430807Z #12 [base 3/3] RUN npm install -g pnpm@10.8.0
2025-04-14T12:29:11.8431059Z #12 CACHED
2025-04-14T12:29:11.8431151Z 
2025-04-14T12:29:11.8431240Z #13 [builder 3/4] COPY . .
2025-04-14T12:29:11.8431441Z #13 CACHED
2025-04-14T12:29:11.8431532Z 
2025-04-14T12:29:11.8431628Z #14 [packages 1/4] WORKDIR /app/web
2025-04-14T12:29:11.8431851Z #14 CACHED
2025-04-14T12:29:11.8431940Z 
2025-04-14T12:29:11.8432072Z #15 [packages 4/4] RUN pnpm install --frozen-lockfile
2025-04-14T12:29:11.8432350Z #15 CACHED
2025-04-14T12:29:11.8432444Z 
2025-04-14T12:29:11.8432570Z #16 [builder 2/4] COPY --from=packages /app/web/ .
2025-04-14T12:29:11.8432842Z #16 CACHED
2025-04-14T12:29:11.8432935Z 
2025-04-14T12:29:11.8433126Z #17 [production 5/7] COPY --from=builder /app/web/.next/static ./.next/static
2025-04-14T12:29:11.8433456Z #17 CACHED
2025-04-14T12:29:11.8433550Z 
2025-04-14T12:29:11.8433850Z #18 [production 3/7] COPY --from=builder /app/web/public ./public
2025-04-14T12:29:11.8434163Z #18 CACHED
2025-04-14T12:29:11.8434263Z 
2025-04-14T12:29:11.8434420Z #19 [production 4/7] COPY --from=builder /app/web/.next/standalone ./
2025-04-14T12:29:11.8434726Z #19 CACHED
2025-04-14T12:29:11.8434822Z 
2025-04-14T12:29:11.8434916Z #20 [packages 2/4] COPY package.json .
2025-04-14T12:29:11.8435149Z #20 CACHED
2025-04-14T12:29:11.8435244Z 
2025-04-14T12:29:11.8435748Z #21 [production 7/7] RUN pnpm add -g pm2     && mkdir /.pm2     && chown -R 1001:0 /.pm2 /app/web     && chmod -R g=u /.pm2 /app/web
2025-04-14T12:29:11.9688199Z #21 CACHED
2025-04-14T12:29:12.1636000Z 
2025-04-14T12:29:12.1636443Z #22 [auth] langgenius/dify-web:pull,push token for registry-1.docker.io
2025-04-14T12:29:12.1637010Z #22 DONE 0.0s
2025-04-14T12:29:12.1637183Z 
2025-04-14T12:29:12.1637271Z #23 exporting to image
2025-04-14T12:29:12.1637500Z #23 exporting layers done
2025-04-14T12:29:12.1637980Z #23 exporting manifest sha256:bef39bac022f5afc692b11e205588e797e2e998e59876fc10bfd2ce0d2fe65d0 done
2025-04-14T12:29:12.1638660Z #23 exporting config sha256:b751f57f6f53a7fc08b0b905783fadee065341e6a5fa8a15516030430360f360 done
2025-04-14T12:29:12.1639374Z #23 exporting attestation manifest sha256:f63261c8885b941269ca2f2f8f05352f52296867b1e2c5cc2315d84dbd9a9c5b done
2025-04-14T12:29:12.1640080Z #23 exporting manifest list sha256:63789b1b2d970893e797d845e0fcdac7dce848b2a331347086657d6abca39a04 done
2025-04-14T12:29:12.1640550Z #23 pushing layers
2025-04-14T12:29:12.7856193Z #23 pushing layers 0.8s done
2025-04-14T12:29:12.7857082Z #23 pushing manifest for docker.io/langgenius/dify-web
2025-04-14T12:29:14.2359282Z #23 pushing manifest for docker.io/langgenius/dify-web 1.5s done
2025-04-14T12:29:14.2359840Z #23 DONE 2.3s
2025-04-14T12:29:14.2360014Z 
2025-04-14T12:29:14.2360191Z #24 exporting to GitHub Actions Cache
2025-04-14T12:29:14.2360533Z #24 preparing build cache for export
2025-04-14T12:29:14.9546465Z #24 preparing build cache for export 0.7s done
2025-04-14T12:29:14.9547039Z #24 DONE 0.7s
2025-04-14T12:29:14.9840315Z 
2025-04-14T12:29:14.9841029Z #25 resolving provenance for metadata file
2025-04-14T12:29:14.9841481Z #25 DONE 0.0s
2025-04-14T12:29:14.9905398Z ##[group]ImageID
2025-04-14T12:29:14.9906157Z sha256:63789b1b2d970893e797d845e0fcdac7dce848b2a331347086657d6abca39a04
2025-04-14T12:29:14.9908113Z ##[endgroup]
2025-04-14T12:29:14.9908724Z ##[group]Digest
2025-04-14T12:29:14.9909486Z sha256:63789b1b2d970893e797d845e0fcdac7dce848b2a331347086657d6abca39a04
2025-04-14T12:29:14.9910547Z ##[endgroup]
2025-04-14T12:29:14.9911258Z ##[group]Metadata
2025-04-14T12:29:14.9911756Z {
2025-04-14T12:29:14.9912213Z   "buildx.build.provenance": {
2025-04-14T12:29:14.9912751Z     "builder": {
2025-04-14T12:29:14.9913372Z       "id": "https://github.com/langgenius/dify/actions/runs/14445627354/attempts/1"
2025-04-14T12:29:14.9914053Z     },
2025-04-14T12:29:14.9914496Z     "buildType": "https://mobyproject.org/buildkit@v1",
2025-04-14T12:29:14.9915051Z     "materials": [
2025-04-14T12:29:14.9916385Z       {
2025-04-14T12:29:14.9916852Z         "uri": "pkg:docker/node@22-alpine3.21?platform=linux%2Famd64",
2025-04-14T12:29:14.9917407Z         "digest": {
2025-04-14T12:29:14.9917967Z           "sha256": "9bef0ef1e268f60627da9ba7d7605e8831d5b56ad07487d24d1aa386336d1944"
2025-04-14T12:29:14.9918592Z         }
2025-04-14T12:29:14.9918865Z       },
2025-04-14T12:29:14.9919140Z       {
2025-04-14T12:29:14.9919712Z         "uri": "https://github.com/langgenius/dify.git#be6a88cb7794494186bc024c6a9f9c6e9e57f3b9",
2025-04-14T12:29:14.9920432Z         "digest": {
2025-04-14T12:29:14.9920854Z           "sha1": "be6a88cb7794494186bc024c6a9f9c6e9e57f3b9"
2025-04-14T12:29:14.9921345Z         }
2025-04-14T12:29:14.9921650Z       }
2025-04-14T12:29:14.9921930Z     ],
2025-04-14T12:29:14.9922239Z     "invocation": {
2025-04-14T12:29:14.9922563Z       "configSource": {},
2025-04-14T12:29:14.9922896Z       "parameters": {
2025-04-14T12:29:14.9923207Z         "frontend": "dockerfile.v0",
2025-04-14T12:29:14.9923588Z         "args": {
2025-04-14T12:29:14.9924255Z           "build-arg:COMMIT_SHA": "be6a88cb7794494186bc024c6a9f9c6e9e57f3b9",
2025-04-14T12:29:14.9924943Z           "label:org.opencontainers.image.created": "2025-04-14T12:29:03.188Z",
2025-04-14T12:29:14.9926994Z           "label:org.opencontainers.image.description": "Dify is an open-source LLM app development platform. Dify's intuitive interface combines AI workflow, RAG pipeline, agent capabilities, model management, observability features and more, letting you quickly go from prototype to production.",
2025-04-14T12:29:14.9928762Z           "label:org.opencontainers.image.licenses": "NOASSERTION",
2025-04-14T12:29:14.9929482Z           "label:org.opencontainers.image.revision": "be6a88cb7794494186bc024c6a9f9c6e9e57f3b9",
2025-04-14T12:29:14.9930318Z           "label:org.opencontainers.image.source": "https://github.com/langgenius/dify",
2025-04-14T12:29:14.9930968Z           "label:org.opencontainers.image.title": "dify",
2025-04-14T12:29:14.9931597Z           "label:org.opencontainers.image.url": "https://github.com/langgenius/dify",
2025-04-14T12:29:14.9932299Z           "label:org.opencontainers.image.version": "main"
2025-04-14T12:29:14.9932759Z         },
2025-04-14T12:29:14.9933046Z         "secrets": [
2025-04-14T12:29:14.9933355Z           {
2025-04-14T12:29:14.9933652Z             "id": "GIT_AUTH_HEADER",
2025-04-14T12:29:14.9934055Z             "optional": true
2025-04-14T12:29:14.9934404Z           },
2025-04-14T12:29:14.9934682Z           {
2025-04-14T12:29:14.9934975Z             "id": "GIT_AUTH_TOKEN",
2025-04-14T12:29:14.9935363Z             "optional": true
2025-04-14T12:29:14.9936017Z           }
2025-04-14T12:29:14.9936290Z         ]
2025-04-14T12:29:14.9936563Z       },
2025-04-14T12:29:14.9936847Z       "environment": {
2025-04-14T12:29:14.9937782Z         "platform": "linux/amd64"
2025-04-14T12:29:14.9938175Z       }
2025-04-14T12:29:14.9938433Z     }
2025-04-14T12:29:14.9938690Z   },
2025-04-14T12:29:14.9939451Z   "buildx.build.ref": "builder-1710ac00-7068-4918-9c2d-f0a4869543a0/builder-1710ac00-7068-4918-9c2d-f0a4869543a00/y0pd637zmr3ekon5zm06n8vzj",
2025-04-14T12:29:14.9940354Z   "containerimage.descriptor": {
2025-04-14T12:29:14.9940834Z     "mediaType": "application/vnd.oci.image.index.v1+json",
2025-04-14T12:29:14.9941520Z     "digest": "sha256:63789b1b2d970893e797d845e0fcdac7dce848b2a331347086657d6abca39a04",
2025-04-14T12:29:14.9942228Z     "size": 856
2025-04-14T12:29:14.9942514Z   },
2025-04-14T12:29:14.9943122Z   "containerimage.digest": "sha256:63789b1b2d970893e797d845e0fcdac7dce848b2a331347086657d6abca39a04",
2025-04-14T12:29:14.9943871Z   "image.name": "langgenius/dify-web"
2025-04-14T12:29:14.9944263Z }
2025-04-14T12:29:14.9944781Z ##[endgroup]
2025-04-14T12:29:14.9945288Z ##[group]Reference
2025-04-14T12:29:14.9946391Z builder-1710ac00-7068-4918-9c2d-f0a4869543a0/builder-1710ac00-7068-4918-9c2d-f0a4869543a00/y0pd637zmr3ekon5zm06n8vzj
2025-04-14T12:29:14.9947436Z ##[endgroup]
2025-04-14T12:29:14.9947959Z ##[group]Check build summary support
2025-04-14T12:29:14.9948818Z Build summary supported!
2025-04-14T12:29:14.9949347Z ##[endgroup]
2025-04-14T12:29:15.0031092Z ##[group]Run mkdir -p /tmp/digests
2025-04-14T12:29:15.0031415Z [36;1mmkdir -p /tmp/digests[0m
2025-04-14T12:29:15.0031677Z [36;1msanitized_digest=${DIGEST#sha256:}[0m
2025-04-14T12:29:15.0031979Z [36;1mtouch "/tmp/digests/${sanitized_digest}"[0m
2025-04-14T12:29:15.0078963Z shell: /usr/bin/bash -e {0}
2025-04-14T12:29:15.0079203Z env:
2025-04-14T12:29:15.0079467Z   DOCKERHUB_USER: ***
2025-04-14T12:29:15.0079752Z   DOCKERHUB_TOKEN: ***
2025-04-14T12:29:15.0079994Z   DIFY_WEB_IMAGE_NAME: langgenius/dify-web
2025-04-14T12:29:15.0080274Z   DIFY_API_IMAGE_NAME: langgenius/dify-api
2025-04-14T12:29:15.0080544Z   PLATFORM_PAIR: linux-amd64
2025-04-14T12:29:15.0080788Z   DOCKER_METADATA_OUTPUT_VERSION: main
2025-04-14T12:29:15.0081082Z   DOCKER_METADATA_OUTPUT_TAGS: langgenius/dify-web:main
2025-04-14T12:29:15.0083507Z   DOCKER_METADATA_OUTPUT_LABELS: org.opencontainers.image.created=2025-04-14T12:29:03.188Z
org.opencontainers.image.description=Dify is an open-source LLM app development platform. Dify's intuitive interface combines AI workflow, RAG pipeline, agent capabilities, model management, observability features and more, letting you quickly go from prototype to production.
org.opencontainers.image.licenses=NOASSERTION
org.opencontainers.image.revision=be6a88cb7794494186bc024c6a9f9c6e9e57f3b9
org.opencontainers.image.source=https://github.com/langgenius/dify
org.opencontainers.image.title=dify
org.opencontainers.image.url=https://github.com/langgenius/dify
org.opencontainers.image.version=main
2025-04-14T12:29:15.0088838Z   DOCKER_METADATA_OUTPUT_ANNOTATIONS: manifest:org.opencontainers.image.created=2025-04-14T12:29:03.188Z
manifest:org.opencontainers.image.description=Dify is an open-source LLM app development platform. Dify's intuitive interface combines AI workflow, RAG pipeline, agent capabilities, model management, observability features and more, letting you quickly go from prototype to production.
manifest:org.opencontainers.image.licenses=NOASSERTION
manifest:org.opencontainers.image.revision=be6a88cb7794494186bc024c6a9f9c6e9e57f3b9
manifest:org.opencontainers.image.source=https://github.com/langgenius/dify
manifest:org.opencontainers.image.title=dify
manifest:org.opencontainers.image.url=https://github.com/langgenius/dify
manifest:org.opencontainers.image.version=main
2025-04-14T12:29:15.0096857Z   DOCKER_METADATA_OUTPUT_JSON: {"tags":["langgenius/dify-web:main"],"labels":{"org.opencontainers.image.created":"2025-04-14T12:29:03.188Z","org.opencontainers.image.description":"Dify is an open-source LLM app development platform. Dify's intuitive interface combines AI workflow, RAG pipeline, agent capabilities, model management, observability features and more, letting you quickly go from prototype to production.","org.opencontainers.image.licenses":"NOASSERTION","org.opencontainers.image.revision":"be6a88cb7794494186bc024c6a9f9c6e9e57f3b9","org.opencontainers.image.source":"https://github.com/langgenius/dify","org.opencontainers.image.title":"dify","org.opencontainers.image.url":"https://github.com/langgenius/dify","org.opencontainers.image.version":"main"},"annotations":["manifest:org.opencontainers.image.created=2025-04-14T12:29:03.188Z","manifest:org.opencontainers.image.description=Dify is an open-source LLM app development platform. Dify's intuitive interface combines AI workflow, RAG pipeline, agent capabilities, model management, observability features and more, letting you quickly go from prototype to production.","manifest:org.opencontainers.image.licenses=NOASSERTION","manifest:org.opencontainers.image.revision=be6a88cb7794494186bc024c6a9f9c6e9e57f3b9","manifest:org.opencontainers.image.source=https://github.com/langgenius/dify","manifest:org.opencontainers.image.title=dify","manifest:org.opencontainers.image.url=https://github.com/langgenius/dify","manifest:org.opencontainers.image.version=main"]}
2025-04-14T12:29:15.0102130Z   DOCKER_METADATA_OUTPUT_BAKE_FILE_TAGS: /home/runner/work/_temp/docker-actions-toolkit-bzcfGo/docker-metadata-action-bake-tags.json
2025-04-14T12:29:15.0103305Z   DOCKER_METADATA_OUTPUT_BAKE_FILE_LABELS: /home/runner/work/_temp/docker-actions-toolkit-bzcfGo/docker-metadata-action-bake-labels.json
2025-04-14T12:29:15.0104200Z   DOCKER_METADATA_OUTPUT_BAKE_FILE_ANNOTATIONS: /home/runner/work/_temp/docker-actions-toolkit-bzcfGo/docker-metadata-action-bake-annotations.json
2025-04-14T12:29:15.0105043Z   DOCKER_METADATA_OUTPUT_BAKE_FILE: /home/runner/work/_temp/docker-actions-toolkit-bzcfGo/docker-metadata-action-bake.json
2025-04-14T12:29:15.0105864Z   DIGEST: sha256:63789b1b2d970893e797d845e0fcdac7dce848b2a331347086657d6abca39a04
2025-04-14T12:29:15.0106236Z ##[endgroup]
2025-04-14T12:29:15.0240694Z ##[group]Run actions/upload-artifact@v4
2025-04-14T12:29:15.0240972Z with:
2025-04-14T12:29:15.0241163Z   name: digests-web-linux-amd64
2025-04-14T12:29:15.0241401Z   path: /tmp/digests/*
2025-04-14T12:29:15.0241619Z   if-no-files-found: error
2025-04-14T12:29:15.0241847Z   retention-days: 1
2025-04-14T12:29:15.0242044Z   compression-level: 6
2025-04-14T12:29:15.0242243Z   overwrite: false
2025-04-14T12:29:15.0242448Z   include-hidden-files: false
2025-04-14T12:29:15.0242665Z env:
2025-04-14T12:29:15.0242881Z   DOCKERHUB_USER: ***
2025-04-14T12:29:15.0243146Z   DOCKERHUB_TOKEN: ***
2025-04-14T12:29:15.0243370Z   DIFY_WEB_IMAGE_NAME: langgenius/dify-web
2025-04-14T12:29:15.0243645Z   DIFY_API_IMAGE_NAME: langgenius/dify-api
2025-04-14T12:29:15.0243906Z   PLATFORM_PAIR: linux-amd64
2025-04-14T12:29:15.0244148Z   DOCKER_METADATA_OUTPUT_VERSION: main
2025-04-14T12:29:15.0244439Z   DOCKER_METADATA_OUTPUT_TAGS: langgenius/dify-web:main
2025-04-14T12:29:15.0247144Z   DOCKER_METADATA_OUTPUT_LABELS: org.opencontainers.image.created=2025-04-14T12:29:03.188Z
org.opencontainers.image.description=Dify is an open-source LLM app development platform. Dify's intuitive interface combines AI workflow, RAG pipeline, agent capabilities, model management, observability features and more, letting you quickly go from prototype to production.
org.opencontainers.image.licenses=NOASSERTION
org.opencontainers.image.revision=be6a88cb7794494186bc024c6a9f9c6e9e57f3b9
org.opencontainers.image.source=https://github.com/langgenius/dify
org.opencontainers.image.title=dify
org.opencontainers.image.url=https://github.com/langgenius/dify
org.opencontainers.image.version=main
2025-04-14T12:29:15.0251811Z   DOCKER_METADATA_OUTPUT_ANNOTATIONS: manifest:org.opencontainers.image.created=2025-04-14T12:29:03.188Z
manifest:org.opencontainers.image.description=Dify is an open-source LLM app development platform. Dify's intuitive interface combines AI workflow, RAG pipeline, agent capabilities, model management, observability features and more, letting you quickly go from prototype to production.
manifest:org.opencontainers.image.licenses=NOASSERTION
manifest:org.opencontainers.image.revision=be6a88cb7794494186bc024c6a9f9c6e9e57f3b9
manifest:org.opencontainers.image.source=https://github.com/langgenius/dify
manifest:org.opencontainers.image.title=dify
manifest:org.opencontainers.image.url=https://github.com/langgenius/dify
manifest:org.opencontainers.image.version=main
2025-04-14T12:29:15.0259123Z   DOCKER_METADATA_OUTPUT_JSON: {"tags":["langgenius/dify-web:main"],"labels":{"org.opencontainers.image.created":"2025-04-14T12:29:03.188Z","org.opencontainers.image.description":"Dify is an open-source LLM app development platform. Dify's intuitive interface combines AI workflow, RAG pipeline, agent capabilities, model management, observability features and more, letting you quickly go from prototype to production.","org.opencontainers.image.licenses":"NOASSERTION","org.opencontainers.image.revision":"be6a88cb7794494186bc024c6a9f9c6e9e57f3b9","org.opencontainers.image.source":"https://github.com/langgenius/dify","org.opencontainers.image.title":"dify","org.opencontainers.image.url":"https://github.com/langgenius/dify","org.opencontainers.image.version":"main"},"annotations":["manifest:org.opencontainers.image.created=2025-04-14T12:29:03.188Z","manifest:org.opencontainers.image.description=Dify is an open-source LLM app development platform. Dify's intuitive interface combines AI workflow, RAG pipeline, agent capabilities, model management, observability features and more, letting you quickly go from prototype to production.","manifest:org.opencontainers.image.licenses=NOASSERTION","manifest:org.opencontainers.image.revision=be6a88cb7794494186bc024c6a9f9c6e9e57f3b9","manifest:org.opencontainers.image.source=https://github.com/langgenius/dify","manifest:org.opencontainers.image.title=dify","manifest:org.opencontainers.image.url=https://github.com/langgenius/dify","manifest:org.opencontainers.image.version=main"]}
2025-04-14T12:29:15.0264774Z   DOCKER_METADATA_OUTPUT_BAKE_FILE_TAGS: /home/runner/work/_temp/docker-actions-toolkit-bzcfGo/docker-metadata-action-bake-tags.json
2025-04-14T12:29:15.0265801Z   DOCKER_METADATA_OUTPUT_BAKE_FILE_LABELS: /home/runner/work/_temp/docker-actions-toolkit-bzcfGo/docker-metadata-action-bake-labels.json
2025-04-14T12:29:15.0266878Z   DOCKER_METADATA_OUTPUT_BAKE_FILE_ANNOTATIONS: /home/runner/work/_temp/docker-actions-toolkit-bzcfGo/docker-metadata-action-bake-annotations.json
2025-04-14T12:29:15.0267735Z   DOCKER_METADATA_OUTPUT_BAKE_FILE: /home/runner/work/_temp/docker-actions-toolkit-bzcfGo/docker-metadata-action-bake.json
2025-04-14T12:29:15.0268235Z ##[endgroup]
2025-04-14T12:29:15.2348542Z With the provided path, there will be 1 file uploaded
2025-04-14T12:29:15.2353816Z Artifact name is valid!
2025-04-14T12:29:15.2355104Z Root directory input is valid!
2025-04-14T12:29:15.3311331Z Beginning upload of artifact content to blob storage
2025-04-14T12:29:15.3950384Z Uploaded bytes 244
2025-04-14T12:29:15.4164025Z Finished uploading artifact content to blob storage!
2025-04-14T12:29:15.4167234Z SHA256 digest of uploaded artifact zip is fa230fd94d9ae1effa505e2f3664b6ce21c41cfa03aaae5675032146138328a4
2025-04-14T12:29:15.4168945Z Finalizing artifact upload
2025-04-14T12:29:15.4819376Z Artifact digests-web-linux-amd64.zip successfully finalized. Artifact ID 2939594076
2025-04-14T12:29:15.4821227Z Artifact digests-web-linux-amd64 has been successfully uploaded! Final size is 244 bytes. Artifact ID is 2939594076
2025-04-14T12:29:15.4829908Z Artifact download URL: https://github.com/langgenius/dify/actions/runs/14445627354/artifacts/2939594076
2025-04-14T12:29:15.4964911Z Post job cleanup.
2025-04-14T12:29:15.7196293Z ##[group]Generating build summary
2025-04-14T12:29:15.7968097Z exporting build record to /home/runner/work/_temp/docker-actions-toolkit-Y6lQna/export
2025-04-14T12:29:18.8034848Z [command]/usr/bin/mkfifo /home/runner/work/_temp/docker-actions-toolkit-Y6lQna/buildx-in-MD0Wl1.fifo
2025-04-14T12:29:18.8090324Z [command]/usr/bin/mkfifo /home/runner/work/_temp/docker-actions-toolkit-Y6lQna/buildx-out-chz0Ld.fifo
2025-04-14T12:29:18.8131811Z [command]docker buildx --builder builder-1710ac00-7068-4918-9c2d-f0a4869543a0 dial-stdio
2025-04-14T12:29:18.8163473Z [command]docker run --rm -i -v /home/runner/.docker/buildx/refs:/buildx-refs -v /home/runner/work/_temp/docker-actions-toolkit-Y6lQna/export:/out docker.io/dockereng/export-build:latest --ref-state-dir=/buildx-refs --node=builder-1710ac00-7068-4918-9c2d-f0a4869543a0/builder-1710ac00-7068-4918-9c2d-f0a4869543a00 --ref=y0pd637zmr3ekon5zm06n8vzj --uid=1001 --gid=118
2025-04-14T12:29:18.8299178Z Unable to find image 'dockereng/export-build:latest' locally
2025-04-14T12:29:19.0599114Z latest: Pulling from dockereng/export-build
2025-04-14T12:29:19.1348473Z 5f398fcfd265: Pulling fs layer
2025-04-14T12:29:19.1349084Z 152e015ae384: Pulling fs layer
2025-04-14T12:29:19.2135830Z 152e015ae384: Download complete
2025-04-14T12:29:19.3156421Z 5f398fcfd265: Verifying Checksum
2025-04-14T12:29:19.3156798Z 5f398fcfd265: Download complete
2025-04-14T12:29:19.4148746Z 5f398fcfd265: Pull complete
2025-04-14T12:29:19.5498474Z 152e015ae384: Pull complete
2025-04-14T12:29:19.5537444Z Digest: sha256:8a8d92fc2d7cc8a8855400970bb971436fc117bd39366595f55f7e1283a1e961
2025-04-14T12:29:19.5552030Z Status: Downloaded newer image for dockereng/export-build:latest
2025-04-14T12:29:20.1205037Z Process "docker run" exited with code 0
2025-04-14T12:29:20.1210394Z Parsing /home/runner/work/_temp/docker-actions-toolkit-Y6lQna/export/summary.json
2025-04-14T12:29:20.1213422Z Build record written to /home/runner/work/_temp/docker-actions-toolkit-Y6lQna/export/langgenius~dify~Y0PD63.dockerbuild (45.1 KB)
2025-04-14T12:29:20.1228893Z Uploading langgenius~dify~Y0PD63.dockerbuild to blob storage
2025-04-14T12:29:20.1551011Z ERROR: read unix @->/run/docker.sock: use of closed network connection
2025-04-14T12:29:20.1551710Z Process "buildx dial-stdio" was killed with signal SIGKILL
2025-04-14T12:29:20.2009117Z Beginning upload of artifact content to blob storage
2025-04-14T12:29:20.2096390Z Uploaded bytes 46180
2025-04-14T12:29:20.2763566Z Finished uploading artifact content to blob storage!
2025-04-14T12:29:20.2768566Z SHA256 hash of uploaded artifact is 40df719d08ee5f032b5aa6ceda1464267eeb479f72ee4344cb5282cd47d80151
2025-04-14T12:29:20.2770164Z Finalizing artifact upload
2025-04-14T12:29:20.3753337Z Artifact successfully finalized (2939594584)
2025-04-14T12:29:20.3754757Z Artifact download URL: https://github.com/langgenius/dify/actions/runs/14445627354/artifacts/2939594584
2025-04-14T12:29:20.3781065Z Writing summary
2025-04-14T12:29:20.3793113Z ##[endgroup]
2025-04-14T12:29:20.3793969Z ##[group]Removing temp folder /home/runner/work/_temp/docker-actions-toolkit-lt6aSg
2025-04-14T12:29:20.3802955Z ##[endgroup]
2025-04-14T12:29:20.3803577Z ##[group]Post cache
2025-04-14T12:29:20.3804787Z State not set
2025-04-14T12:29:20.3805504Z ##[endgroup]
2025-04-14T12:29:20.3950504Z Post job cleanup.
2025-04-14T12:29:20.6249348Z ##[group]Removing builder
2025-04-14T12:29:20.7093479Z [command]/usr/bin/docker buildx rm builder-1710ac00-7068-4918-9c2d-f0a4869543a0
2025-04-14T12:29:20.9877561Z builder-1710ac00-7068-4918-9c2d-f0a4869543a0 removed
2025-04-14T12:29:20.9915371Z ##[endgroup]
2025-04-14T12:29:20.9918269Z ##[group]Cleaning up certificates
2025-04-14T12:29:20.9925201Z ##[endgroup]
2025-04-14T12:29:20.9926168Z ##[group]Post cache
2025-04-14T12:29:20.9929149Z State not set
2025-04-14T12:29:20.9929907Z ##[endgroup]
2025-04-14T12:29:21.0048558Z Post job cleanup.
2025-04-14T12:29:21.2396003Z ##[group]Post cache
2025-04-14T12:29:21.2399190Z Caching docker.io--tonistiigi--binfmt-latest-linux-x64 to GitHub Actions cache
2025-04-14T12:29:21.2590646Z [command]/usr/bin/tar --posix -cf cache.tzst --exclude cache.tzst -P -C /home/runner/work/dify/dify --files-from manifest.txt --use-compress-program zstdmt
2025-04-14T12:29:21.6016062Z Failed to save: Unable to reserve cache with key docker.io--tonistiigi--binfmt-latest-linux-x64, another job may be creating this cache.
2025-04-14T12:29:21.6087105Z ##[endgroup]
2025-04-14T12:29:21.6209297Z Post job cleanup.
2025-04-14T12:29:21.9110908Z [command]/usr/bin/docker logout 
2025-04-14T12:29:21.9286539Z Removing login credentials for https://index.docker.io/v1/
2025-04-14T12:29:21.9318446Z ##[group]Post cache
2025-04-14T12:29:21.9319978Z State not set
2025-04-14T12:29:21.9321422Z ##[endgroup]
2025-04-14T12:29:21.9444366Z Cleaning up orphan processes
