2025-04-08T12:07:05.4469233Z Requested labels: ubuntu-latest
2025-04-08T12:07:05.4469468Z Job defined at: starship/starship/.github/workflows/format-workflow.yml@refs/heads/i18n_master
2025-04-08T12:07:05.4469554Z Waiting for a runner to pick up this job...
2025-04-08T12:07:05.7905590Z Job is waiting for a hosted runner to come online.
2025-04-08T12:07:09.2292381Z Job is about to start running on the hosted runner: GitHub Actions 53 (hosted)
2025-04-08T12:07:10.7455553Z Current runner version: '2.323.0'
2025-04-08T12:07:10.7484259Z ##[group]Operating System
2025-04-08T12:07:10.7485211Z Ubuntu
2025-04-08T12:07:10.7485713Z 24.04.2
2025-04-08T12:07:10.7486192Z LTS
2025-04-08T12:07:10.7486731Z ##[endgroup]
2025-04-08T12:07:10.7487248Z ##[group]Runner Image
2025-04-08T12:07:10.7487811Z Image: ubuntu-24.04
2025-04-08T12:07:10.7488409Z Version: 20250323.1.0
2025-04-08T12:07:10.7489624Z Included Software: https://github.com/actions/runner-images/blob/ubuntu24/20250323.1/images/ubuntu/Ubuntu2404-Readme.md
2025-04-08T12:07:10.7491066Z Image Release: https://github.com/actions/runner-images/releases/tag/ubuntu24%2F20250323.1
2025-04-08T12:07:10.7492008Z ##[endgroup]
2025-04-08T12:07:10.7492501Z ##[group]Runner Image Provisioner
2025-04-08T12:07:10.7493428Z 2.0.422.1
2025-04-08T12:07:10.7494185Z ##[endgroup]
2025-04-08T12:07:10.7498085Z ##[group]GITHUB_TOKEN Permissions
2025-04-08T12:07:10.7501949Z Actions: write
2025-04-08T12:07:10.7503115Z Attestations: write
2025-04-08T12:07:10.7504448Z Checks: write
2025-04-08T12:07:10.7505311Z Contents: write
2025-04-08T12:07:10.7506287Z Deployments: write
2025-04-08T12:07:10.7507208Z Discussions: write
2025-04-08T12:07:10.7508094Z Issues: write
2025-04-08T12:07:10.7509102Z Metadata: read
2025-04-08T12:07:10.7510174Z Models: read
2025-04-08T12:07:10.7510977Z Packages: write
2025-04-08T12:07:10.7512035Z Pages: write
2025-04-08T12:07:10.7512976Z PullRequests: write
2025-04-08T12:07:10.7514123Z RepositoryProjects: write
2025-04-08T12:07:10.7515280Z SecurityEvents: write
2025-04-08T12:07:10.7516194Z Statuses: write
2025-04-08T12:07:10.7517224Z ##[endgroup]
2025-04-08T12:07:10.7520968Z Secret source: Actions
2025-04-08T12:07:10.7522503Z Prepare workflow directory
2025-04-08T12:07:10.7859597Z Prepare all required actions
2025-04-08T12:07:10.7897254Z Getting action download info
2025-04-08T12:07:11.0137113Z ##[group]Download immutable action package 'actions/checkout@v4'
2025-04-08T12:07:11.0138185Z Version: 4.2.2
2025-04-08T12:07:11.0139253Z Digest: sha256:ccb2698953eaebd21c7bf6268a94f9c26518a7e38e27e0b83c1fe1ad049819b1
2025-04-08T12:07:11.0140754Z Source commit SHA: 11bd71901bbe5b1630ceea73d27597364c9af683
2025-04-08T12:07:11.0141504Z ##[endgroup]
2025-04-08T12:07:11.1356282Z ##[group]Download immutable action package 'actions/setup-node@v4'
2025-04-08T12:07:11.1357457Z Version: 4.3.0
2025-04-08T12:07:11.1358561Z Digest: sha256:9f9f8171ffc89cb7f6897e615e2b43b46bb55176fd279129eb0088157eace9b2
2025-04-08T12:07:11.1360479Z Source commit SHA: cdca7365b2dadb8aad0a33bc7601856ffabcc48e
2025-04-08T12:07:11.1361542Z ##[endgroup]
2025-04-08T12:07:11.3095852Z Complete job name: Vitepress [Build]
2025-04-08T12:07:11.3880047Z ##[group]Run actions/checkout@v4
2025-04-08T12:07:11.3880951Z with:
2025-04-08T12:07:11.3881374Z   repository: starship/starship
2025-04-08T12:07:11.3882093Z   token: ***
2025-04-08T12:07:11.3882496Z   ssh-strict: true
2025-04-08T12:07:11.3882904Z   ssh-user: git
2025-04-08T12:07:11.3883317Z   persist-credentials: true
2025-04-08T12:07:11.3883773Z   clean: true
2025-04-08T12:07:11.3884227Z   sparse-checkout-cone-mode: true
2025-04-08T12:07:11.3884715Z   fetch-depth: 1
2025-04-08T12:07:11.3885109Z   fetch-tags: false
2025-04-08T12:07:11.3885519Z   show-progress: true
2025-04-08T12:07:11.3885926Z   lfs: false
2025-04-08T12:07:11.3886310Z   submodules: false
2025-04-08T12:07:11.3886729Z   set-safe-directory: true
2025-04-08T12:07:11.3887395Z ##[endgroup]
2025-04-08T12:07:11.6365007Z Syncing repository: starship/starship
2025-04-08T12:07:11.6368231Z ##[group]Getting Git version info
2025-04-08T12:07:11.6369813Z Working directory is '/home/runner/work/starship/starship'
2025-04-08T12:07:11.6371996Z [command]/usr/bin/git version
2025-04-08T12:07:11.6458047Z git version 2.49.0
2025-04-08T12:07:11.6490567Z ##[endgroup]
2025-04-08T12:07:11.6515359Z Temporarily overriding HOME='/home/runner/work/_temp/14fa70b3-fe5d-41a8-be25-b941635c2024' before making global git config changes
2025-04-08T12:07:11.6518092Z Adding repository directory to the temporary git global config as a safe directory
2025-04-08T12:07:11.6522871Z [command]/usr/bin/git config --global --add safe.directory /home/runner/work/starship/starship
2025-04-08T12:07:11.6566080Z Deleting the contents of '/home/runner/work/starship/starship'
2025-04-08T12:07:11.6570629Z ##[group]Initializing the repository
2025-04-08T12:07:11.6576104Z [command]/usr/bin/git init /home/runner/work/starship/starship
2025-04-08T12:07:11.6679570Z hint: Using 'master' as the name for the initial branch. This default branch name
2025-04-08T12:07:11.6680873Z hint: is subject to change. To configure the initial branch name to use in all
2025-04-08T12:07:11.6681936Z hint: of your new repositories, which will suppress this warning, call:
2025-04-08T12:07:11.6682699Z hint:
2025-04-08T12:07:11.6683513Z hint: 	git config --global init.defaultBranch <name>
2025-04-08T12:07:11.6684614Z hint:
2025-04-08T12:07:11.6685258Z hint: Names commonly chosen instead of 'master' are 'main', 'trunk' and
2025-04-08T12:07:11.6686831Z hint: 'development'. The just-created branch can be renamed via this command:
2025-04-08T12:07:11.6688366Z hint:
2025-04-08T12:07:11.6689185Z hint: 	git branch -m <name>
2025-04-08T12:07:11.6690862Z Initialized empty Git repository in /home/runner/work/starship/starship/.git/
2025-04-08T12:07:11.6699936Z [command]/usr/bin/git remote add origin https://github.com/starship/starship
2025-04-08T12:07:11.6739775Z ##[endgroup]
2025-04-08T12:07:11.6741320Z ##[group]Disabling automatic garbage collection
2025-04-08T12:07:11.6745065Z [command]/usr/bin/git config --local gc.auto 0
2025-04-08T12:07:11.6777631Z ##[endgroup]
2025-04-08T12:07:11.6779153Z ##[group]Setting up auth
2025-04-08T12:07:11.6786253Z [command]/usr/bin/git config --local --name-only --get-regexp core\.sshCommand
2025-04-08T12:07:11.6822629Z [command]/usr/bin/git submodule foreach --recursive sh -c "git config --local --name-only --get-regexp 'core\.sshCommand' && git config --local --unset-all 'core.sshCommand' || :"
2025-04-08T12:07:11.7182989Z [command]/usr/bin/git config --local --name-only --get-regexp http\.https\:\/\/github\.com\/\.extraheader
2025-04-08T12:07:11.7227396Z [command]/usr/bin/git submodule foreach --recursive sh -c "git config --local --name-only --get-regexp 'http\.https\:\/\/github\.com\/\.extraheader' && git config --local --unset-all 'http.https://github.com/.extraheader' || :"
2025-04-08T12:07:11.7484016Z [command]/usr/bin/git config --local http.https://github.com/.extraheader AUTHORIZATION: basic ***
2025-04-08T12:07:11.7536569Z ##[endgroup]
2025-04-08T12:07:11.7537707Z ##[group]Fetching the repository
2025-04-08T12:07:11.7552683Z [command]/usr/bin/git -c protocol.version=2 fetch --no-tags --prune --no-recurse-submodules --depth=1 origin +f50c49a414ea461b9494f855099fd7e3e951393b:refs/remotes/origin/i18n_master
2025-04-08T12:07:12.4878866Z From https://github.com/starship/starship
2025-04-08T12:07:12.4880757Z  * [new ref]         f50c49a414ea461b9494f855099fd7e3e951393b -> origin/i18n_master
2025-04-08T12:07:12.4912725Z ##[endgroup]
2025-04-08T12:07:12.4914225Z ##[group]Determining the checkout info
2025-04-08T12:07:12.4915800Z ##[endgroup]
2025-04-08T12:07:12.4919981Z [command]/usr/bin/git sparse-checkout disable
2025-04-08T12:07:12.4965115Z [command]/usr/bin/git config --local --unset-all extensions.worktreeConfig
2025-04-08T12:07:12.4996639Z ##[group]Checking out the ref
2025-04-08T12:07:12.5001339Z [command]/usr/bin/git checkout --progress --force -B i18n_master refs/remotes/origin/i18n_master
2025-04-08T12:07:12.5918866Z Switched to a new branch 'i18n_master'
2025-04-08T12:07:12.5921051Z branch 'i18n_master' set up to track 'origin/i18n_master'.
2025-04-08T12:07:12.5933109Z ##[endgroup]
2025-04-08T12:07:12.5973784Z [command]/usr/bin/git log -1 --format=%H
2025-04-08T12:07:12.5998050Z f50c49a414ea461b9494f855099fd7e3e951393b
2025-04-08T12:07:12.6325416Z ##[group]Run actions/setup-node@v4
2025-04-08T12:07:12.6326655Z with:
2025-04-08T12:07:12.6327520Z   node-version: 20
2025-04-08T12:07:12.6328450Z   cache: npm
2025-04-08T12:07:12.6329620Z   cache-dependency-path: docs/package-lock.json
2025-04-08T12:07:12.6331293Z   always-auth: false
2025-04-08T12:07:12.6332289Z   check-latest: false
2025-04-08T12:07:12.6333615Z   token: ***
2025-04-08T12:07:12.6334501Z ##[endgroup]
2025-04-08T12:07:12.8180670Z Found in cache @ /opt/hostedtoolcache/node/20.19.0/x64
2025-04-08T12:07:12.8186435Z ##[group]Environment details
2025-04-08T12:07:13.1913045Z node: v20.19.0
2025-04-08T12:07:13.1914606Z npm: 10.8.2
2025-04-08T12:07:13.1915906Z yarn: 1.22.22
2025-04-08T12:07:13.1918366Z ##[endgroup]
2025-04-08T12:07:13.1940574Z [command]/opt/hostedtoolcache/node/20.19.0/x64/bin/npm config get cache
2025-04-08T12:07:13.3151741Z /home/runner/.npm
2025-04-08T12:07:13.4671012Z npm cache is not found
2025-04-08T12:07:13.4821666Z ##[group]Run npm install
2025-04-08T12:07:13.4822024Z [36;1mnpm install[0m
2025-04-08T12:07:13.4875700Z shell: /usr/bin/bash -e {0}
2025-04-08T12:07:13.4875978Z ##[endgroup]
2025-04-08T12:07:16.5286989Z 
2025-04-08T12:07:16.5293628Z added 129 packages, and audited 130 packages in 3s
2025-04-08T12:07:16.5293985Z 
2025-04-08T12:07:16.5294177Z 39 packages are looking for funding
2025-04-08T12:07:16.5294490Z   run `npm fund` for details
2025-04-08T12:07:16.5448626Z 
2025-04-08T12:07:16.5449668Z 2 moderate severity vulnerabilities
2025-04-08T12:07:16.5450154Z 
2025-04-08T12:07:16.5450422Z To address all issues, run:
2025-04-08T12:07:16.5450927Z   npm audit fix
2025-04-08T12:07:16.5451170Z 
2025-04-08T12:07:16.5451437Z Run `npm audit` for details.
2025-04-08T12:07:16.5633576Z ##[group]Run npm run build
2025-04-08T12:07:16.5633873Z [36;1mnpm run build[0m
2025-04-08T12:07:16.5688151Z shell: /usr/bin/bash -e {0}
2025-04-08T12:07:16.5688401Z ##[endgroup]
2025-04-08T12:07:16.6851936Z 
2025-04-08T12:07:16.6852669Z > build
2025-04-08T12:07:16.6853043Z > vitepress build
2025-04-08T12:07:16.6853231Z 
2025-04-08T12:07:17.0037036Z 
2025-04-08T12:07:17.0038088Z   [32m[1mvitepress[22m v1.5.0[39m
2025-04-08T12:07:17.0038586Z 
2025-04-08T12:07:17.0593179Z - building client + server bundles...
2025-04-08T12:07:18.3352307Z [31mx[39m Build failed in 1.06s
2025-04-08T12:07:18.3355450Z [31mâœ–[0m building client + server bundles...
2025-04-08T12:07:18.4939868Z [31mbuild error:[39m
2025-04-08T12:07:18.4941539Z [31m[vitepress] ENOENT: no such file or directory, stat '/home/runner/work/starship/starship/docs/public/presets/toml/catppuccin-powerline.toml'[39m
2025-04-08T12:07:18.4943397Z file: [36m/home/runner/work/starship/starship/docs/ar-SA/presets/catppuccin-powerline.md[39m
2025-04-08T12:07:18.4945341Z [31m[vitepress] ENOENT: no such file or directory, stat '/home/runner/work/starship/starship/docs/public/presets/toml/catppuccin-powerline.toml'[39m
2025-04-08T12:07:18.4947047Z file: [36m/home/runner/work/starship/starship/docs/ar-SA/presets/catppuccin-powerline.md[39m
2025-04-08T12:07:18.4947876Z     at Object.statSync (node:fs:1667:25)
2025-04-08T12:07:18.4948989Z     at Object.statSync (file:///home/runner/work/starship/starship/docs/node_modules/vitepress/dist/node/chunk-DMuPggCS.js:2032:17)
2025-04-08T12:07:18.4950963Z     at md.renderer.rules.fence (file:///home/runner/work/starship/starship/docs/node_modules/vitepress/dist/node/chunk-DMuPggCS.js:35417:24)
2025-04-08T12:07:18.4952658Z     at md.renderer.rules.fence (file:///home/runner/work/starship/starship/docs/node_modules/vitepress/dist/node/chunk-DMuPggCS.js:35193:21)
2025-04-08T12:07:18.4954309Z     at Renderer.render (file:///home/runner/work/starship/starship/docs/node_modules/vitepress/dist/node/chunk-DMuPggCS.js:25264:28)
2025-04-08T12:07:18.4955928Z     at md.renderer.render (file:///home/runner/work/starship/starship/docs/node_modules/vitepress/dist/node/chunk-DMuPggCS.js:23252:12)
2025-04-08T12:07:18.4957559Z     at MarkdownIt.render (file:///home/runner/work/starship/starship/docs/node_modules/vitepress/dist/node/chunk-DMuPggCS.js:31674:24)
2025-04-08T12:07:18.4959242Z     at md.render (file:///home/runner/work/starship/starship/docs/node_modules/vitepress/dist/node/chunk-DMuPggCS.js:23152:12)
2025-04-08T12:07:18.4961536Z     at md.render (file:///home/runner/work/starship/starship/docs/node_modules/vitepress/dist/node/chunk-DMuPggCS.js:23205:22)
2025-04-08T12:07:18.4962992Z     at file:///home/runner/work/starship/starship/docs/node_modules/vitepress/dist/node/chunk-DMuPggCS.js:36386:21
2025-04-08T12:07:18.5237450Z ##[error]Process completed with exit code 1.
2025-04-08T12:07:18.5346181Z Post job cleanup.
2025-04-08T12:07:18.6456624Z [command]/usr/bin/git version
2025-04-08T12:07:18.6519072Z git version 2.49.0
2025-04-08T12:07:18.6577569Z Temporarily overriding HOME='/home/runner/work/_temp/8079ac7e-79b6-4849-812e-4613b6967bd8' before making global git config changes
2025-04-08T12:07:18.6578977Z Adding repository directory to the temporary git global config as a safe directory
2025-04-08T12:07:18.6584507Z [command]/usr/bin/git config --global --add safe.directory /home/runner/work/starship/starship
2025-04-08T12:07:18.6639132Z [command]/usr/bin/git config --local --name-only --get-regexp core\.sshCommand
2025-04-08T12:07:18.6678342Z [command]/usr/bin/git submodule foreach --recursive sh -c "git config --local --name-only --get-regexp 'core\.sshCommand' && git config --local --unset-all 'core.sshCommand' || :"
2025-04-08T12:07:18.6938052Z [command]/usr/bin/git config --local --name-only --get-regexp http\.https\:\/\/github\.com\/\.extraheader
2025-04-08T12:07:18.6965519Z http.https://github.com/.extraheader
2025-04-08T12:07:18.6979896Z [command]/usr/bin/git config --local --unset-all http.https://github.com/.extraheader
2025-04-08T12:07:18.7015128Z [command]/usr/bin/git submodule foreach --recursive sh -c "git config --local --name-only --get-regexp 'http\.https\:\/\/github\.com\/\.extraheader' && git config --local --unset-all 'http.https://github.com/.extraheader' || :"
2025-04-08T12:07:18.7382741Z Cleaning up orphan processes
