2025-02-10T21:48:55.7369486Z Requested labels: ubuntu-latest
2025-02-10T21:48:55.7369765Z Job defined at: inkonchain/ink-kit/.github/workflows/pull_request.yml@refs/pull/96/merge
2025-02-10T21:48:55.7369864Z Waiting for a runner to pick up this job...
2025-02-10T21:48:56.7302972Z Job is waiting for a hosted runner to come online.
2025-02-10T21:48:59.2545957Z Job is about to start running on the hosted runner: GitHub Actions 284 (hosted)
2025-02-10T21:49:01.2920011Z Current runner version: '2.322.0'
2025-02-10T21:49:01.2945865Z ##[group]Operating System
2025-02-10T21:49:01.2946762Z Ubuntu
2025-02-10T21:49:01.2947288Z 24.04.1
2025-02-10T21:49:01.2947838Z LTS
2025-02-10T21:49:01.2948616Z ##[endgroup]
2025-02-10T21:49:01.2949166Z ##[group]Runner Image
2025-02-10T21:49:01.2949803Z Image: ubuntu-24.04
2025-02-10T21:49:01.2950362Z Version: 20250202.1.0
2025-02-10T21:49:01.2951394Z Included Software: https://github.com/actions/runner-images/blob/ubuntu24/20250202.1/images/ubuntu/Ubuntu2404-Readme.md
2025-02-10T21:49:01.2952779Z Image Release: https://github.com/actions/runner-images/releases/tag/ubuntu24%2F20250202.1
2025-02-10T21:49:01.2953717Z ##[endgroup]
2025-02-10T21:49:01.2954264Z ##[group]Runner Image Provisioner
2025-02-10T21:49:01.2954919Z 2.0.422.1
2025-02-10T21:49:01.2955435Z ##[endgroup]
2025-02-10T21:49:01.2957670Z ##[group]GITHUB_TOKEN Permissions
2025-02-10T21:49:01.2959830Z Actions: write
2025-02-10T21:49:01.2960678Z Attestations: write
2025-02-10T21:49:01.2961311Z Checks: write
2025-02-10T21:49:01.2961806Z Contents: write
2025-02-10T21:49:01.2962426Z Deployments: write
2025-02-10T21:49:01.2962970Z Discussions: write
2025-02-10T21:49:01.2963533Z Issues: write
2025-02-10T21:49:01.2964043Z Metadata: read
2025-02-10T21:49:01.2964567Z Packages: write
2025-02-10T21:49:01.2965123Z Pages: write
2025-02-10T21:49:01.2965675Z PullRequests: write
2025-02-10T21:49:01.2966221Z RepositoryProjects: write
2025-02-10T21:49:01.2966802Z SecurityEvents: write
2025-02-10T21:49:01.2967391Z Statuses: write
2025-02-10T21:49:01.2968082Z ##[endgroup]
2025-02-10T21:49:01.2971200Z Secret source: Actions
2025-02-10T21:49:01.2971938Z Prepare workflow directory
2025-02-10T21:49:01.3287789Z Prepare all required actions
2025-02-10T21:49:01.3325737Z Getting action download info
2025-02-10T21:49:01.4553519Z Download action repository 'actions/checkout@v4' (SHA:11bd71901bbe5b1630ceea73d27597364c9af683)
2025-02-10T21:49:01.6035200Z Complete job name: format
2025-02-10T21:49:01.6797646Z ##[group]Run actions/checkout@v4
2025-02-10T21:49:01.6798893Z with:
2025-02-10T21:49:01.6799307Z   repository: inkonchain/ink-kit
2025-02-10T21:49:01.6799999Z   token: ***
2025-02-10T21:49:01.6800396Z   ssh-strict: true
2025-02-10T21:49:01.6800807Z   ssh-user: git
2025-02-10T21:49:01.6801231Z   persist-credentials: true
2025-02-10T21:49:01.6801685Z   clean: true
2025-02-10T21:49:01.6802109Z   sparse-checkout-cone-mode: true
2025-02-10T21:49:01.6802603Z   fetch-depth: 1
2025-02-10T21:49:01.6803013Z   fetch-tags: false
2025-02-10T21:49:01.6803430Z   show-progress: true
2025-02-10T21:49:01.6803860Z   lfs: false
2025-02-10T21:49:01.6804247Z   submodules: false
2025-02-10T21:49:01.6804670Z   set-safe-directory: true
2025-02-10T21:49:01.6805331Z ##[endgroup]
2025-02-10T21:49:01.9108323Z Syncing repository: inkonchain/ink-kit
2025-02-10T21:49:01.9111057Z ##[group]Getting Git version info
2025-02-10T21:49:01.9112227Z Working directory is '/home/runner/work/ink-kit/ink-kit'
2025-02-10T21:49:01.9113947Z [command]/usr/bin/git version
2025-02-10T21:49:01.9206247Z git version 2.48.1
2025-02-10T21:49:01.9236430Z ##[endgroup]
2025-02-10T21:49:01.9253331Z Temporarily overriding HOME='/home/runner/work/_temp/4629b44d-c6b0-463c-aeda-64b1c28249ba' before making global git config changes
2025-02-10T21:49:01.9255701Z Adding repository directory to the temporary git global config as a safe directory
2025-02-10T21:49:01.9259280Z [command]/usr/bin/git config --global --add safe.directory /home/runner/work/ink-kit/ink-kit
2025-02-10T21:49:01.9297760Z Deleting the contents of '/home/runner/work/ink-kit/ink-kit'
2025-02-10T21:49:01.9302165Z ##[group]Initializing the repository
2025-02-10T21:49:01.9306705Z [command]/usr/bin/git init /home/runner/work/ink-kit/ink-kit
2025-02-10T21:49:01.9395574Z hint: Using 'master' as the name for the initial branch. This default branch name
2025-02-10T21:49:01.9396905Z hint: is subject to change. To configure the initial branch name to use in all
2025-02-10T21:49:01.9397834Z hint: of your new repositories, which will suppress this warning, call:
2025-02-10T21:49:01.9399072Z hint:
2025-02-10T21:49:01.9399558Z hint: 	git config --global init.defaultBranch <name>
2025-02-10T21:49:01.9400179Z hint:
2025-02-10T21:49:01.9401152Z hint: Names commonly chosen instead of 'master' are 'main', 'trunk' and
2025-02-10T21:49:01.9402271Z hint: 'development'. The just-created branch can be renamed via this command:
2025-02-10T21:49:01.9403559Z hint:
2025-02-10T21:49:01.9404292Z hint: 	git branch -m <name>
2025-02-10T21:49:01.9405574Z Initialized empty Git repository in /home/runner/work/ink-kit/ink-kit/.git/
2025-02-10T21:49:01.9414627Z [command]/usr/bin/git remote add origin https://github.com/inkonchain/ink-kit
2025-02-10T21:49:01.9450806Z ##[endgroup]
2025-02-10T21:49:01.9451526Z ##[group]Disabling automatic garbage collection
2025-02-10T21:49:01.9454896Z [command]/usr/bin/git config --local gc.auto 0
2025-02-10T21:49:01.9483973Z ##[endgroup]
2025-02-10T21:49:01.9484671Z ##[group]Setting up auth
2025-02-10T21:49:01.9491016Z [command]/usr/bin/git config --local --name-only --get-regexp core\.sshCommand
2025-02-10T21:49:01.9521199Z [command]/usr/bin/git submodule foreach --recursive sh -c "git config --local --name-only --get-regexp 'core\.sshCommand' && git config --local --unset-all 'core.sshCommand' || :"
2025-02-10T21:49:01.9884942Z [command]/usr/bin/git config --local --name-only --get-regexp http\.https\:\/\/github\.com\/\.extraheader
2025-02-10T21:49:01.9914974Z [command]/usr/bin/git submodule foreach --recursive sh -c "git config --local --name-only --get-regexp 'http\.https\:\/\/github\.com\/\.extraheader' && git config --local --unset-all 'http.https://github.com/.extraheader' || :"
2025-02-10T21:49:02.0153566Z [command]/usr/bin/git config --local http.https://github.com/.extraheader AUTHORIZATION: basic ***
2025-02-10T21:49:02.0191306Z ##[endgroup]
2025-02-10T21:49:02.0192567Z ##[group]Fetching the repository
2025-02-10T21:49:02.0201585Z [command]/usr/bin/git -c protocol.version=2 fetch --no-tags --prune --no-recurse-submodules --depth=1 origin +d68f8139a6438644bc430ff6a6be16ff4b68bc83:refs/remotes/pull/96/merge
2025-02-10T21:49:02.3395464Z From https://github.com/inkonchain/ink-kit
2025-02-10T21:49:02.3399486Z  * [new ref]         d68f8139a6438644bc430ff6a6be16ff4b68bc83 -> pull/96/merge
2025-02-10T21:49:02.3424542Z ##[endgroup]
2025-02-10T21:49:02.3425950Z ##[group]Determining the checkout info
2025-02-10T21:49:02.3427557Z ##[endgroup]
2025-02-10T21:49:02.3431230Z [command]/usr/bin/git sparse-checkout disable
2025-02-10T21:49:02.3478540Z [command]/usr/bin/git config --local --unset-all extensions.worktreeConfig
2025-02-10T21:49:02.3514305Z ##[group]Checking out the ref
2025-02-10T21:49:02.3516241Z [command]/usr/bin/git checkout --progress --force refs/remotes/pull/96/merge
2025-02-10T21:49:02.3694106Z Note: switching to 'refs/remotes/pull/96/merge'.
2025-02-10T21:49:02.3695070Z 
2025-02-10T21:49:02.3695755Z You are in 'detached HEAD' state. You can look around, make experimental
2025-02-10T21:49:02.3697422Z changes and commit them, and you can discard any commits you make in this
2025-02-10T21:49:02.3698914Z state without impacting any branches by switching back to a branch.
2025-02-10T21:49:02.3699499Z 
2025-02-10T21:49:02.3699898Z If you want to create a new branch to retain commits you create, you may
2025-02-10T21:49:02.3700762Z do so (now or later) by using -c with the switch command. Example:
2025-02-10T21:49:02.3701252Z 
2025-02-10T21:49:02.3701476Z   git switch -c <new-branch-name>
2025-02-10T21:49:02.3701957Z 
2025-02-10T21:49:02.3702353Z Or undo this operation with:
2025-02-10T21:49:02.3702930Z 
2025-02-10T21:49:02.3703241Z   git switch -
2025-02-10T21:49:02.3703690Z 
2025-02-10T21:49:02.3704385Z Turn off this advice by setting config variable advice.detachedHead to false
2025-02-10T21:49:02.3705412Z 
2025-02-10T21:49:02.3706139Z HEAD is now at d68f813 Merge 50710b8666d27db0ca87cc84e88c2315b81ca239 into b1b65c17fdcfd381f390b1e56a0310bd61169136
2025-02-10T21:49:02.3709024Z ##[endgroup]
2025-02-10T21:49:02.3741525Z [command]/usr/bin/git log -1 --format=%H
2025-02-10T21:49:02.3765131Z d68f8139a6438644bc430ff6a6be16ff4b68bc83
2025-02-10T21:49:02.4055317Z Prepare all required actions
2025-02-10T21:49:02.4056124Z Getting action download info
2025-02-10T21:49:02.5616624Z Download action repository 'pnpm/action-setup@v4' (SHA:a7487c7e89a18df4991f7f222e4898a00d66ddda)
2025-02-10T21:49:02.8048936Z Download action repository 'actions/setup-node@v4' (SHA:1d0ff469b7ec7b3cb9d8673fde0c81c44821de2a)
2025-02-10T21:49:03.0606901Z Download action repository 'actions/cache@v4' (SHA:1bd1e32a3bdc45362d1e726936510720a7c30a57)
2025-02-10T21:49:03.2056977Z ##[group]Run ./.github/actions/base-setup
2025-02-10T21:49:03.2058282Z ##[endgroup]
2025-02-10T21:49:03.2203283Z ##[group]Run pnpm/action-setup@v4
2025-02-10T21:49:03.2204319Z with:
2025-02-10T21:49:03.2205056Z   run_install: false
2025-02-10T21:49:03.2205927Z   dest: ~/setup-pnpm
2025-02-10T21:49:03.2206836Z   package_json_file: package.json
2025-02-10T21:49:03.2207984Z   standalone: false
2025-02-10T21:49:03.2208835Z ##[endgroup]
2025-02-10T21:49:03.2765438Z ##[group]Running self-installer...
2025-02-10T21:49:03.8513246Z Progress: resolved 1, reused 0, downloaded 0, added 0
2025-02-10T21:49:03.8648761Z Packages: +1
2025-02-10T21:49:03.8650497Z +
2025-02-10T21:49:04.2561733Z Progress: resolved 1, reused 0, downloaded 1, added 1, done
2025-02-10T21:49:04.2902984Z 
2025-02-10T21:49:04.2903948Z dependencies:
2025-02-10T21:49:04.2905024Z + pnpm 9.3.0 (10.2.1 is available)
2025-02-10T21:49:04.2905750Z 
2025-02-10T21:49:04.2931139Z Done in 850ms
2025-02-10T21:49:04.3092539Z ##[endgroup]
2025-02-10T21:49:04.3094931Z Installation Completed!
2025-02-10T21:49:04.3292351Z ##[group]Run actions/setup-node@v4
2025-02-10T21:49:04.3293373Z with:
2025-02-10T21:49:04.3294121Z   node-version: 20.x
2025-02-10T21:49:04.3294964Z   cache: pnpm
2025-02-10T21:49:04.3295767Z   always-auth: false
2025-02-10T21:49:04.3296611Z   check-latest: false
2025-02-10T21:49:04.3297690Z   token: ***
2025-02-10T21:49:04.3298595Z env:
2025-02-10T21:49:04.3299559Z   PNPM_HOME: /home/runner/setup-pnpm/node_modules/.bin
2025-02-10T21:49:04.3300753Z ##[endgroup]
2025-02-10T21:49:04.5115348Z Found in cache @ /opt/hostedtoolcache/node/20.18.2/x64
2025-02-10T21:49:04.5122474Z ##[group]Environment details
2025-02-10T21:49:04.8933983Z node: v20.18.2
2025-02-10T21:49:04.8934665Z npm: 10.8.2
2025-02-10T21:49:04.8935098Z yarn: 1.22.22
2025-02-10T21:49:04.8936079Z ##[endgroup]
2025-02-10T21:49:04.8963787Z [command]/home/runner/setup-pnpm/node_modules/.bin/pnpm store path --silent
2025-02-10T21:49:05.2949644Z /home/runner/setup-pnpm/node_modules/.bin/store/v3
2025-02-10T21:49:06.1899683Z Cache Size: ~172 MB (180545184 B)
2025-02-10T21:49:06.1987209Z [command]/usr/bin/tar -xf /home/runner/work/_temp/cb917d89-f8c9-441f-a59b-ae77db14ab57/cache.tzst -P -C /home/runner/work/ink-kit/ink-kit --use-compress-program unzstd
2025-02-10T21:49:06.4413171Z Received 180545184 of 180545184 (100.0%), 172.0 MBs/sec
2025-02-10T21:49:08.5305189Z Cache restored successfully
2025-02-10T21:49:08.5683885Z Cache restored from key: node-cache-Linux-x64-pnpm-53f6d2d6c6cdecce2782aefcfe1ae68e27256f07e62199e17908146cec2e7dd1
2025-02-10T21:49:08.5859253Z ##[group]Run echo "STORE_PATH=$(pnpm store path)" >> $GITHUB_OUTPUT
2025-02-10T21:49:08.5859779Z [36;1mecho "STORE_PATH=$(pnpm store path)" >> $GITHUB_OUTPUT[0m
2025-02-10T21:49:08.5893268Z shell: /usr/bin/bash --noprofile --norc -e -o pipefail {0}
2025-02-10T21:49:08.5893616Z env:
2025-02-10T21:49:08.5893874Z   PNPM_HOME: /home/runner/setup-pnpm/node_modules/.bin
2025-02-10T21:49:08.5894167Z ##[endgroup]
2025-02-10T21:49:09.0884510Z ##[group]Run actions/cache/restore@v4
2025-02-10T21:49:09.0884774Z with:
2025-02-10T21:49:09.0885074Z   path: /home/runner/setup-pnpm/node_modules/.bin/store/v3
**/node_modules

2025-02-10T21:49:09.0885646Z   key: Linux-pnpm-store-53f6d2d6c6cdecce2782aefcfe1ae68e27256f07e62199e17908146cec2e7dd1
2025-02-10T21:49:09.0886091Z   restore-keys: Linux-pnpm-store-

2025-02-10T21:49:09.0886347Z   enableCrossOsArchive: false
2025-02-10T21:49:09.0886918Z   fail-on-cache-miss: false
2025-02-10T21:49:09.0887341Z   lookup-only: false
2025-02-10T21:49:09.0887542Z env:
2025-02-10T21:49:09.0887762Z   PNPM_HOME: /home/runner/setup-pnpm/node_modules/.bin
2025-02-10T21:49:09.0888413Z ##[endgroup]
2025-02-10T21:49:10.2565148Z Cache Size: ~186 MB (195319949 B)
2025-02-10T21:49:10.2598678Z [command]/usr/bin/tar -xf /home/runner/work/_temp/3e3b8923-4c5c-4872-b9ec-8cc29931f368/cache.tzst -P -C /home/runner/work/ink-kit/ink-kit --use-compress-program unzstd
2025-02-10T21:49:10.3413374Z Received 195319949 of 195319949 (100.0%), 186.1 MBs/sec
2025-02-10T21:49:16.0856594Z Cache restored successfully
2025-02-10T21:49:16.1345622Z Cache restored from key: Linux-pnpm-store-53f6d2d6c6cdecce2782aefcfe1ae68e27256f07e62199e17908146cec2e7dd1
2025-02-10T21:49:16.1514403Z ##[group]Run pnpm run format:check
2025-02-10T21:49:16.1514736Z [36;1mpnpm run format:check[0m
2025-02-10T21:49:16.1543548Z shell: /usr/bin/bash -e {0}
2025-02-10T21:49:16.1543791Z env:
2025-02-10T21:49:16.1544058Z   PNPM_HOME: /home/runner/setup-pnpm/node_modules/.bin
2025-02-10T21:49:16.1544356Z ##[endgroup]
2025-02-10T21:49:16.5496044Z 
2025-02-10T21:49:16.5496752Z > @inkonchain/ink-kit@0.6.1 format:check /home/runner/work/ink-kit/ink-kit
2025-02-10T21:49:16.5497399Z > prettier --check "**/*.{ts,tsx,md,mdx,css,scss}"
2025-02-10T21:49:16.5497674Z 
2025-02-10T21:49:16.6381907Z Checking formatting...
2025-02-10T21:49:17.7296275Z [warn] src/styles/theme/colors.base.css
2025-02-10T21:49:17.7863726Z [warn] Code style issues found in the above file. Run Prettier with --write to fix.
2025-02-10T21:49:17.8289909Z â€‰ELIFECYCLEâ€‰ Command failed with exit code 1.
2025-02-10T21:49:17.8486706Z ##[error]Process completed with exit code 1.
2025-02-10T21:49:17.8551030Z Post job cleanup.
2025-02-10T21:49:17.8578843Z Post job cleanup.
2025-02-10T21:49:17.9130454Z Pruning is unnecessary.
2025-02-10T21:49:17.9224444Z Post job cleanup.
2025-02-10T21:49:18.0174481Z [command]/usr/bin/git version
2025-02-10T21:49:18.0219241Z git version 2.48.1
2025-02-10T21:49:18.0262710Z Temporarily overriding HOME='/home/runner/work/_temp/3806286f-f4b3-403d-b53c-17191f56049b' before making global git config changes
2025-02-10T21:49:18.0264224Z Adding repository directory to the temporary git global config as a safe directory
2025-02-10T21:49:18.0268955Z [command]/usr/bin/git config --global --add safe.directory /home/runner/work/ink-kit/ink-kit
2025-02-10T21:49:18.0305087Z [command]/usr/bin/git config --local --name-only --get-regexp core\.sshCommand
2025-02-10T21:49:18.0343643Z [command]/usr/bin/git submodule foreach --recursive sh -c "git config --local --name-only --get-regexp 'core\.sshCommand' && git config --local --unset-all 'core.sshCommand' || :"
2025-02-10T21:49:18.0587387Z [command]/usr/bin/git config --local --name-only --get-regexp http\.https\:\/\/github\.com\/\.extraheader
2025-02-10T21:49:18.0609921Z http.https://github.com/.extraheader
2025-02-10T21:49:18.0622609Z [command]/usr/bin/git config --local --unset-all http.https://github.com/.extraheader
2025-02-10T21:49:18.0653759Z [command]/usr/bin/git submodule foreach --recursive sh -c "git config --local --name-only --get-regexp 'http\.https\:\/\/github\.com\/\.extraheader' && git config --local --unset-all 'http.https://github.com/.extraheader' || :"
2025-02-10T21:49:18.0983352Z Cleaning up orphan processes
