2025-04-15T08:11:26.9465891Z ##[group]Run pre-commit/action@v3.0.1
2025-04-15T08:11:26.9466202Z with:
2025-04-15T08:11:26.9466401Z   extra_args: --files 
2025-04-15T08:11:26.9466614Z env:
2025-04-15T08:11:26.9466787Z   CHANGED_FILES: 
2025-04-15T08:11:26.9466984Z ##[endgroup]
2025-04-15T08:11:26.9545853Z ##[group]Run python -m pip install pre-commit
2025-04-15T08:11:26.9546200Z [36;1mpython -m pip install pre-commit[0m
2025-04-15T08:11:26.9599373Z shell: /usr/bin/bash --noprofile --norc -e -o pipefail {0}
2025-04-15T08:11:26.9599706Z env:
2025-04-15T08:11:26.9599889Z   CHANGED_FILES: 
2025-04-15T08:11:26.9600089Z ##[endgroup]
2025-04-15T08:11:27.3072766Z Defaulting to user installation because normal site-packages is not writeable
2025-04-15T08:11:27.6075847Z Collecting pre-commit
2025-04-15T08:11:27.6509382Z   Downloading pre_commit-4.2.0-py2.py3-none-any.whl.metadata (1.3 kB)
2025-04-15T08:11:27.6741555Z Collecting cfgv>=2.0.0 (from pre-commit)
2025-04-15T08:11:27.6769442Z   Downloading cfgv-3.4.0-py2.py3-none-any.whl.metadata (8.5 kB)
2025-04-15T08:11:27.7469309Z Collecting identify>=1.0.0 (from pre-commit)
2025-04-15T08:11:27.7495704Z   Downloading identify-2.6.9-py2.py3-none-any.whl.metadata (4.4 kB)
2025-04-15T08:11:27.7755128Z Collecting nodeenv>=0.11.1 (from pre-commit)
2025-04-15T08:11:27.7783333Z   Downloading nodeenv-1.9.1-py2.py3-none-any.whl.metadata (21 kB)
2025-04-15T08:11:27.7870504Z Requirement already satisfied: pyyaml>=5.1 in /usr/lib/python3/dist-packages (from pre-commit) (6.0.1)
2025-04-15T08:11:27.8644446Z Collecting virtualenv>=20.10.0 (from pre-commit)
2025-04-15T08:11:27.8672734Z   Downloading virtualenv-20.30.0-py3-none-any.whl.metadata (4.5 kB)
2025-04-15T08:11:27.9076753Z Collecting distlib<1,>=0.3.7 (from virtualenv>=20.10.0->pre-commit)
2025-04-15T08:11:27.9103404Z   Downloading distlib-0.3.9-py2.py3-none-any.whl.metadata (5.2 kB)
2025-04-15T08:11:27.9391050Z Collecting filelock<4,>=3.12.2 (from virtualenv>=20.10.0->pre-commit)
2025-04-15T08:11:27.9420014Z   Downloading filelock-3.18.0-py3-none-any.whl.metadata (2.9 kB)
2025-04-15T08:11:27.9469653Z Requirement already satisfied: platformdirs<5,>=3.9.1 in /usr/local/lib/python3.12/dist-packages (from virtualenv>=20.10.0->pre-commit) (4.3.7)
2025-04-15T08:11:27.9683676Z Downloading pre_commit-4.2.0-py2.py3-none-any.whl (220 kB)
2025-04-15T08:11:27.9804908Z    ━━━━━━━━━━━━━━━━━━━━━━━━━━━━━━━━━━━━━━━━ 220.7/220.7 kB 21.7 MB/s eta 0:00:00
2025-04-15T08:11:27.9838219Z Downloading cfgv-3.4.0-py2.py3-none-any.whl (7.2 kB)
2025-04-15T08:11:27.9887009Z Downloading identify-2.6.9-py2.py3-none-any.whl (99 kB)
2025-04-15T08:11:27.9931691Z    ━━━━━━━━━━━━━━━━━━━━━━━━━━━━━━━━━━━━━━━━ 99.1/99.1 kB 33.5 MB/s eta 0:00:00
2025-04-15T08:11:27.9958093Z Downloading nodeenv-1.9.1-py2.py3-none-any.whl (22 kB)
2025-04-15T08:11:28.0012143Z Downloading virtualenv-20.30.0-py3-none-any.whl (4.3 MB)
2025-04-15T08:11:28.0380971Z    ━━━━━━━━━━━━━━━━━━━━━━━━━━━━━━━━━━━━━━━━ 4.3/4.3 MB 123.4 MB/s eta 0:00:00
2025-04-15T08:11:28.0408739Z Downloading distlib-0.3.9-py2.py3-none-any.whl (468 kB)
2025-04-15T08:11:28.0475576Z    ━━━━━━━━━━━━━━━━━━━━━━━━━━━━━━━━━━━━━━━━ 469.0/469.0 kB 92.4 MB/s eta 0:00:00
2025-04-15T08:11:28.0504180Z Downloading filelock-3.18.0-py3-none-any.whl (16 kB)
2025-04-15T08:11:28.3548055Z Installing collected packages: distlib, nodeenv, identify, filelock, cfgv, virtualenv, pre-commit
2025-04-15T08:11:28.6532807Z Successfully installed cfgv-3.4.0 distlib-0.3.9 filelock-3.18.0 identify-2.6.9 nodeenv-1.9.1 pre-commit-4.2.0 virtualenv-20.30.0
2025-04-15T08:11:28.7399494Z ##[group]Run python -m pip freeze --local
2025-04-15T08:11:28.7399840Z [36;1mpython -m pip freeze --local[0m
2025-04-15T08:11:28.7445739Z shell: /usr/bin/bash --noprofile --norc -e -o pipefail {0}
2025-04-15T08:11:28.7446076Z env:
2025-04-15T08:11:28.7446259Z   CHANGED_FILES: 
2025-04-15T08:11:28.7446460Z ##[endgroup]
2025-04-15T08:11:29.1206366Z argcomplete==3.6.2
2025-04-15T08:11:29.1207040Z attrs==23.2.0
2025-04-15T08:11:29.1207468Z Automat==22.10.0
2025-04-15T08:11:29.1208110Z Babel==2.10.3
2025-04-15T08:11:29.1209184Z bcc==0.29.1
2025-04-15T08:11:29.1209600Z bcrypt==3.2.2
2025-04-15T08:11:29.1210034Z blinker==1.7.0
2025-04-15T08:11:29.1210449Z boto3==1.34.46
2025-04-15T08:11:29.1210881Z botocore==1.34.46
2025-04-15T08:11:29.1211314Z certifi==2023.11.17
2025-04-15T08:11:29.1211753Z cfgv==3.4.0
2025-04-15T08:11:29.1212151Z chardet==5.2.0
2025-04-15T08:11:29.1212526Z click==8.1.6
2025-04-15T08:11:29.1212792Z cloud-init==24.4
2025-04-15T08:11:29.1213078Z colorama==0.4.6
2025-04-15T08:11:29.1213350Z command-not-found==0.3
2025-04-15T08:11:29.1213637Z configobj==5.0.8
2025-04-15T08:11:29.1213901Z constantly==23.10.4
2025-04-15T08:11:29.1214177Z cryptography==41.0.7
2025-04-15T08:11:29.1214462Z dbus-python==1.3.2
2025-04-15T08:11:29.1214737Z distlib==0.3.9
2025-04-15T08:11:29.1214983Z distro==1.9.0
2025-04-15T08:11:29.1215242Z distro-info==1.7+build1
2025-04-15T08:11:29.1215527Z filelock==3.18.0
2025-04-15T08:11:29.1215797Z httplib2==0.20.4
2025-04-15T08:11:29.1216065Z hyperlink==21.0.0
2025-04-15T08:11:29.1216325Z identify==2.6.9
2025-04-15T08:11:29.1216764Z idna==3.6
2025-04-15T08:11:29.1217141Z incremental==22.10.0
2025-04-15T08:11:29.1217648Z Jinja2==3.1.2
2025-04-15T08:11:29.1218193Z jmespath==1.0.1
2025-04-15T08:11:29.1218623Z jsonpatch==1.32
2025-04-15T08:11:29.1219073Z jsonpointer==2.0
2025-04-15T08:11:29.1219543Z jsonschema==4.10.3
2025-04-15T08:11:29.1220007Z launchpadlib==1.11.0
2025-04-15T08:11:29.1220577Z lazr.restfulclient==0.14.6
2025-04-15T08:11:29.1221415Z lazr.uri==1.0.6
2025-04-15T08:11:29.1221774Z markdown-it-py==3.0.0
2025-04-15T08:11:29.1222135Z MarkupSafe==2.1.5
2025-04-15T08:11:29.1222463Z mdurl==0.1.2
2025-04-15T08:11:29.1222774Z mercurial==6.7.2
2025-04-15T08:11:29.1223106Z netaddr==0.8.0
2025-04-15T08:11:29.1223434Z netifaces==0.11.0
2025-04-15T08:11:29.1223781Z nodeenv==1.9.1
2025-04-15T08:11:29.1224098Z oauthlib==3.2.2
2025-04-15T08:11:29.1224432Z packaging==24.0
2025-04-15T08:11:29.1224771Z pexpect==4.9.0
2025-04-15T08:11:29.1225095Z pipx==1.7.1
2025-04-15T08:11:29.1225420Z platformdirs==4.3.7
2025-04-15T08:11:29.1225762Z pre_commit==4.2.0
2025-04-15T08:11:29.1226111Z ptyprocess==0.7.0
2025-04-15T08:11:29.1226451Z pyasn1==0.4.8
2025-04-15T08:11:29.1226781Z pyasn1-modules==0.2.8
2025-04-15T08:11:29.1227156Z Pygments==2.17.2
2025-04-15T08:11:29.1227495Z PyGObject==3.48.2
2025-04-15T08:11:29.1227833Z PyHamcrest==2.1.0
2025-04-15T08:11:29.1228365Z PyJWT==2.7.0
2025-04-15T08:11:29.1228691Z pyOpenSSL==23.2.0
2025-04-15T08:11:29.1229017Z pyparsing==3.1.1
2025-04-15T08:11:29.1229345Z pyparted==3.12.0
2025-04-15T08:11:29.1229679Z pyrsistent==0.20.0
2025-04-15T08:11:29.1230024Z pyserial==3.5
2025-04-15T08:11:29.1230357Z python-apt==2.7.7+ubuntu4
2025-04-15T08:11:29.1230739Z python-dateutil==2.8.2
2025-04-15T08:11:29.1231114Z python-debian==0.1.49+ubuntu2
2025-04-15T08:11:29.1231598Z python-magic==0.4.27
2025-04-15T08:11:29.1231977Z pytz==2024.1
2025-04-15T08:11:29.1232303Z PyYAML==6.0.1
2025-04-15T08:11:29.1232635Z requests==2.31.0
2025-04-15T08:11:29.1232944Z rich==13.7.1
2025-04-15T08:11:29.1233250Z s3transfer==0.10.1
2025-04-15T08:11:29.1233596Z service-identity==24.1.0
2025-04-15T08:11:29.1233949Z setuptools==68.1.2
2025-04-15T08:11:29.1234266Z six==1.16.0
2025-04-15T08:11:29.1234561Z sos==4.7.2
2025-04-15T08:11:29.1234872Z ssh-import-id==5.11
2025-04-15T08:11:29.1235210Z systemd-python==235
2025-04-15T08:11:29.1235539Z Twisted==24.3.0
2025-04-15T08:11:29.1235868Z typing_extensions==4.10.0
2025-04-15T08:11:29.1236255Z ubuntu-pro-client==8001
2025-04-15T08:11:29.1236753Z ufw==0.36.2
2025-04-15T08:11:29.1237062Z urllib3==2.0.7
2025-04-15T08:11:29.1237389Z userpath==1.9.2
2025-04-15T08:11:29.1237715Z virtualenv==20.30.0
2025-04-15T08:11:29.1238243Z wadllib==1.3.6
2025-04-15T08:11:29.1238583Z WALinuxAgent==2.9.1.1
2025-04-15T08:11:29.1238919Z wheel==0.42.0
2025-04-15T08:11:29.1239121Z zope.interface==6.1
2025-04-15T08:11:29.1239315Z zstandard==0.22.0
2025-04-15T08:11:29.2184725Z ##[group]Run actions/cache@v4
2025-04-15T08:11:29.2184993Z with:
2025-04-15T08:11:29.2185182Z   path: ~/.cache/pre-commit
2025-04-15T08:11:29.2185782Z   key: pre-commit-3||547c64545613726cd8da7487ed54f1edc27ae9843c378e9a06176ef040e53c6c
2025-04-15T08:11:29.2186188Z   enableCrossOsArchive: false
2025-04-15T08:11:29.2186428Z   fail-on-cache-miss: false
2025-04-15T08:11:29.2186652Z   lookup-only: false
2025-04-15T08:11:29.2186850Z   save-always: false
2025-04-15T08:11:29.2187036Z env:
2025-04-15T08:11:29.2187207Z   CHANGED_FILES: 
2025-04-15T08:11:29.2187415Z ##[endgroup]
2025-04-15T08:11:29.4120536Z Cache not found for input keys: pre-commit-3||547c64545613726cd8da7487ed54f1edc27ae9843c378e9a06176ef040e53c6c
2025-04-15T08:11:29.4187784Z ##[group]Run pre-commit run --show-diff-on-failure --color=always --files 
2025-04-15T08:11:29.4188774Z [36;1mpre-commit run --show-diff-on-failure --color=always --files [0m
2025-04-15T08:11:29.4235131Z shell: /usr/bin/bash --noprofile --norc -e -o pipefail {0}
2025-04-15T08:11:29.4235474Z env:
2025-04-15T08:11:29.4235653Z   CHANGED_FILES: 
2025-04-15T08:11:29.4235856Z ##[endgroup]
2025-04-15T08:11:31.5024722Z [INFO][m Initializing environment for https://github.com/pre-commit/mirrors-clang-format.
2025-04-15T08:11:31.6611284Z [INFO][m Initializing environment for https://github.com/pocc/pre-commit-hooks.
2025-04-15T08:11:31.8282584Z [INFO][m Initializing environment for https://github.com/pocc/pre-commit-hooks:clang-tidy==20.1.0.
2025-04-15T08:11:31.9969357Z [INFO][m Initializing environment for https://github.com/astral-sh/ruff-pre-commit.
2025-04-15T08:11:32.1455929Z [INFO][m Initializing environment for https://github.com/pre-commit/mirrors-mypy.
2025-04-15T08:11:32.2880086Z [INFO][m Initializing environment for https://github.com/codespell-project/codespell.
2025-04-15T08:11:32.5475256Z [INFO][m Initializing environment for https://github.com/codespell-project/codespell:tomli.
2025-04-15T08:11:32.8185872Z [INFO][m Initializing environment for local.
2025-04-15T08:11:32.8233782Z [INFO][m Initializing environment for local:@eslint/js@^9.3.0,@html-eslint/eslint-plugin@^0.24.1,@html-eslint/parser@^0.24.1,@stylistic/eslint-plugin@^2.1.0,eslint@^9.3.0,eslint-plugin-html@^8.1.1,globals@^15.3.0,espree@^10.0.1.
2025-04-15T08:11:32.8267495Z [INFO][m Initializing environment for local:jsdoc@^4.0.3.
2025-04-15T08:11:32.8299806Z [INFO][m Initializing environment for local:svgo@3.3.2.
2025-04-15T08:11:32.8337562Z [INFO][m Installing environment for https://github.com/pre-commit/mirrors-clang-format.
2025-04-15T08:11:32.8338773Z [INFO][m Once installed this environment will be reused.
2025-04-15T08:11:32.8339419Z [INFO][m This may take a few minutes...
2025-04-15T08:11:36.0476970Z [INFO][m Installing environment for https://github.com/astral-sh/ruff-pre-commit.
2025-04-15T08:11:36.0477647Z [INFO][m Once installed this environment will be reused.
2025-04-15T08:11:36.0478181Z [INFO][m This may take a few minutes...
2025-04-15T08:11:39.5201825Z [INFO][m Installing environment for https://github.com/pre-commit/mirrors-mypy.
2025-04-15T08:11:39.5202416Z [INFO][m Once installed this environment will be reused.
2025-04-15T08:11:39.5203030Z [INFO][m This may take a few minutes...
2025-04-15T08:11:43.8604159Z [INFO][m Installing environment for https://github.com/codespell-project/codespell.
2025-04-15T08:11:43.8604762Z [INFO][m Once installed this environment will be reused.
2025-04-15T08:11:43.8605131Z [INFO][m This may take a few minutes...
2025-04-15T08:11:47.3605298Z [INFO][m Installing environment for local.
2025-04-15T08:11:47.3605938Z [INFO][m Once installed this environment will be reused.
2025-04-15T08:11:47.3606310Z [INFO][m This may take a few minutes...
2025-04-15T08:11:50.1736950Z [INFO][m Installing environment for local.
2025-04-15T08:11:50.1737751Z [INFO][m Once installed this environment will be reused.
2025-04-15T08:11:50.1738620Z [INFO][m This may take a few minutes...
2025-04-15T08:11:56.7538392Z [INFO][m Installing environment for local.
2025-04-15T08:11:56.7538936Z [INFO][m Once installed this environment will be reused.
2025-04-15T08:11:56.7539324Z [INFO][m This may take a few minutes...
2025-04-15T08:11:59.1584626Z [INFO][m Installing environment for local.
2025-04-15T08:11:59.1585477Z [INFO][m Once installed this environment will be reused.
2025-04-15T08:11:59.1588232Z [INFO][m This may take a few minutes...
2025-04-15T08:12:01.8849931Z clang-format.........................................(no files to check)[46;30mSkipped[m
2025-04-15T08:12:01.8850998Z clang-format-glsl....................................(no files to check)[46;30mSkipped[m
2025-04-15T08:12:01.8851842Z ruff.................................................(no files to check)[46;30mSkipped[m
2025-04-15T08:12:01.8852583Z ruff-format..........................................(no files to check)[46;30mSkipped[m
2025-04-15T08:12:01.8853313Z mypy.................................................(no files to check)[46;30mSkipped[m
2025-04-15T08:12:01.8854055Z codespell............................................(no files to check)[46;30mSkipped[m
2025-04-15T08:12:01.8854822Z make-rst.............................................(no files to check)[46;30mSkipped[m
2025-04-15T08:12:01.8855606Z doc-status...........................................(no files to check)[46;30mSkipped[m
2025-04-15T08:12:01.8856391Z validate-builders....................................(no files to check)[46;30mSkipped[m
2025-04-15T08:12:01.8857192Z eslint...............................................(no files to check)[46;30mSkipped[m
2025-04-15T08:12:01.8858763Z jsdoc................................................(no files to check)[46;30mSkipped[m
2025-04-15T08:12:01.8859502Z svgo.................................................(no files to check)[46;30mSkipped[m
2025-04-15T08:12:01.8860293Z copyright-headers....................................(no files to check)[46;30mSkipped[m
2025-04-15T08:12:01.8861136Z header-guards........................................(no files to check)[46;30mSkipped[m
2025-04-15T08:12:01.8861916Z file-format..........................................(no files to check)[46;30mSkipped[m
2025-04-15T08:12:01.8862710Z dotnet-format........................................(no files to check)[46;30mSkipped[m
