2025-04-09T00:19:30.5077783Z Requested labels: ubuntu-latest
2025-04-09T00:19:30.5077964Z Job defined at: laravel/laravel/.github/workflows/tests.yml@refs/heads/12.x
2025-04-09T00:19:30.5078062Z Waiting for a runner to pick up this job...
2025-04-09T00:19:31.9777450Z Job is waiting for a hosted runner to come online.
2025-04-09T00:19:33.3813898Z Job is about to start running on the hosted runner: GitHub Actions 170 (hosted)
2025-04-09T00:19:35.0184593Z Current runner version: '2.323.0'
2025-04-09T00:19:35.0211773Z ##[group]Operating System
2025-04-09T00:19:35.0212551Z Ubuntu
2025-04-09T00:19:35.0213123Z 24.04.2
2025-04-09T00:19:35.0213637Z LTS
2025-04-09T00:19:35.0214155Z ##[endgroup]
2025-04-09T00:19:35.0214703Z ##[group]Runner Image
2025-04-09T00:19:35.0215323Z Image: ubuntu-24.04
2025-04-09T00:19:35.0215851Z Version: 20250323.1.0
2025-04-09T00:19:35.0216935Z Included Software: https://github.com/actions/runner-images/blob/ubuntu24/20250323.1/images/ubuntu/Ubuntu2404-Readme.md
2025-04-09T00:19:35.0218287Z Image Release: https://github.com/actions/runner-images/releases/tag/ubuntu24%2F20250323.1
2025-04-09T00:19:35.0219195Z ##[endgroup]
2025-04-09T00:19:35.0220001Z ##[group]Runner Image Provisioner
2025-04-09T00:19:35.0220618Z 2.0.422.1
2025-04-09T00:19:35.0221100Z ##[endgroup]
2025-04-09T00:19:35.0222152Z ##[group]GITHUB_TOKEN Permissions
2025-04-09T00:19:35.0223943Z Contents: read
2025-04-09T00:19:35.0224611Z Metadata: read
2025-04-09T00:19:35.0225295Z ##[endgroup]
2025-04-09T00:19:35.0228291Z Secret source: Actions
2025-04-09T00:19:35.0229044Z Prepare workflow directory
2025-04-09T00:19:35.0535612Z Prepare all required actions
2025-04-09T00:19:35.0572546Z Getting action download info
2025-04-09T00:19:35.2258731Z ##[group]Download immutable action package 'actions/checkout@v4'
2025-04-09T00:19:35.2260104Z Version: 4.2.2
2025-04-09T00:19:35.2261134Z Digest: sha256:ccb2698953eaebd21c7bf6268a94f9c26518a7e38e27e0b83c1fe1ad049819b1
2025-04-09T00:19:35.2262280Z Source commit SHA: 11bd71901bbe5b1630ceea73d27597364c9af683
2025-04-09T00:19:35.2263128Z ##[endgroup]
2025-04-09T00:19:35.3348412Z Download action repository 'shivammathur/setup-php@v2' (SHA:9e72090525849c5e82e596468b86eb55e9cc5401)
2025-04-09T00:19:35.5733443Z Complete job name: PHP 8.3
2025-04-09T00:19:35.6503710Z ##[group]Run actions/checkout@v4
2025-04-09T00:19:35.6504560Z with:
2025-04-09T00:19:35.6504980Z   repository: laravel/laravel
2025-04-09T00:19:35.6505648Z   token: ***
2025-04-09T00:19:35.6506071Z   ssh-strict: true
2025-04-09T00:19:35.6506486Z   ssh-user: git
2025-04-09T00:19:35.6506897Z   persist-credentials: true
2025-04-09T00:19:35.6507372Z   clean: true
2025-04-09T00:19:35.6507794Z   sparse-checkout-cone-mode: true
2025-04-09T00:19:35.6508287Z   fetch-depth: 1
2025-04-09T00:19:35.6508687Z   fetch-tags: false
2025-04-09T00:19:35.6509099Z   show-progress: true
2025-04-09T00:19:35.6509831Z   lfs: false
2025-04-09T00:19:35.6510223Z   submodules: false
2025-04-09T00:19:35.6510657Z   set-safe-directory: true
2025-04-09T00:19:35.6511405Z ##[endgroup]
2025-04-09T00:19:35.9137496Z Syncing repository: laravel/laravel
2025-04-09T00:19:35.9139694Z ##[group]Getting Git version info
2025-04-09T00:19:35.9140482Z Working directory is '/home/runner/work/laravel/laravel'
2025-04-09T00:19:35.9141619Z [command]/usr/bin/git version
2025-04-09T00:19:35.9240484Z git version 2.49.0
2025-04-09T00:19:35.9270215Z ##[endgroup]
2025-04-09T00:19:35.9293315Z Temporarily overriding HOME='/home/runner/work/_temp/d36b4414-d94b-41c0-9233-f9167d1b8859' before making global git config changes
2025-04-09T00:19:35.9296089Z Adding repository directory to the temporary git global config as a safe directory
2025-04-09T00:19:35.9300059Z [command]/usr/bin/git config --global --add safe.directory /home/runner/work/laravel/laravel
2025-04-09T00:19:35.9337845Z Deleting the contents of '/home/runner/work/laravel/laravel'
2025-04-09T00:19:35.9342505Z ##[group]Initializing the repository
2025-04-09T00:19:35.9347451Z [command]/usr/bin/git init /home/runner/work/laravel/laravel
2025-04-09T00:19:35.9457144Z hint: Using 'master' as the name for the initial branch. This default branch name
2025-04-09T00:19:35.9458412Z hint: is subject to change. To configure the initial branch name to use in all
2025-04-09T00:19:35.9459672Z hint: of your new repositories, which will suppress this warning, call:
2025-04-09T00:19:35.9460441Z hint:
2025-04-09T00:19:35.9460971Z hint: 	git config --global init.defaultBranch <name>
2025-04-09T00:19:35.9461596Z hint:
2025-04-09T00:19:35.9462512Z hint: Names commonly chosen instead of 'master' are 'main', 'trunk' and
2025-04-09T00:19:35.9463463Z hint: 'development'. The just-created branch can be renamed via this command:
2025-04-09T00:19:35.9464203Z hint:
2025-04-09T00:19:35.9464756Z hint: 	git branch -m <name>
2025-04-09T00:19:35.9466192Z Initialized empty Git repository in /home/runner/work/laravel/laravel/.git/
2025-04-09T00:19:35.9478834Z [command]/usr/bin/git remote add origin https://github.com/laravel/laravel
2025-04-09T00:19:35.9514414Z ##[endgroup]
2025-04-09T00:19:35.9515919Z ##[group]Disabling automatic garbage collection
2025-04-09T00:19:35.9519494Z [command]/usr/bin/git config --local gc.auto 0
2025-04-09T00:19:35.9548216Z ##[endgroup]
2025-04-09T00:19:35.9549916Z ##[group]Setting up auth
2025-04-09T00:19:35.9556172Z [command]/usr/bin/git config --local --name-only --get-regexp core\.sshCommand
2025-04-09T00:19:35.9587809Z [command]/usr/bin/git submodule foreach --recursive sh -c "git config --local --name-only --get-regexp 'core\.sshCommand' && git config --local --unset-all 'core.sshCommand' || :"
2025-04-09T00:19:35.9992335Z [command]/usr/bin/git config --local --name-only --get-regexp http\.https\:\/\/github\.com\/\.extraheader
2025-04-09T00:19:36.0024997Z [command]/usr/bin/git submodule foreach --recursive sh -c "git config --local --name-only --get-regexp 'http\.https\:\/\/github\.com\/\.extraheader' && git config --local --unset-all 'http.https://github.com/.extraheader' || :"
2025-04-09T00:19:36.0283119Z [command]/usr/bin/git config --local http.https://github.com/.extraheader AUTHORIZATION: basic ***
2025-04-09T00:19:36.0331237Z ##[endgroup]
2025-04-09T00:19:36.0332564Z ##[group]Fetching the repository
2025-04-09T00:19:36.0345881Z [command]/usr/bin/git -c protocol.version=2 fetch --no-tags --prune --no-recurse-submodules --depth=1 origin +fc42b7132ae810a49b24fe599fe4a26f0c974578:refs/remotes/origin/12.x
2025-04-09T00:19:36.3937789Z From https://github.com/laravel/laravel
2025-04-09T00:19:36.3939680Z  * [new ref]         fc42b7132ae810a49b24fe599fe4a26f0c974578 -> origin/12.x
2025-04-09T00:19:36.3981240Z ##[endgroup]
2025-04-09T00:19:36.3982114Z ##[group]Determining the checkout info
2025-04-09T00:19:36.3983680Z ##[endgroup]
2025-04-09T00:19:36.3988695Z [command]/usr/bin/git sparse-checkout disable
2025-04-09T00:19:36.4030117Z [command]/usr/bin/git config --local --unset-all extensions.worktreeConfig
2025-04-09T00:19:36.4056826Z ##[group]Checking out the ref
2025-04-09T00:19:36.4060441Z [command]/usr/bin/git checkout --progress --force -B 12.x refs/remotes/origin/12.x
2025-04-09T00:19:36.4162718Z Switched to a new branch '12.x'
2025-04-09T00:19:36.4165648Z branch '12.x' set up to track 'origin/12.x'.
2025-04-09T00:19:36.4171417Z ##[endgroup]
2025-04-09T00:19:36.4204050Z [command]/usr/bin/git log -1 --format=%H
2025-04-09T00:19:36.4226026Z fc42b7132ae810a49b24fe599fe4a26f0c974578
2025-04-09T00:19:36.4431335Z ##[group]Run shivammathur/setup-php@v2
2025-04-09T00:19:36.4432013Z with:
2025-04-09T00:19:36.4432433Z   php-version: 8.3
2025-04-09T00:19:36.4433114Z   extensions: dom, curl, libxml, mbstring, zip, pcntl, pdo, sqlite, pdo_sqlite
2025-04-09T00:19:36.4433874Z   coverage: none
2025-04-09T00:19:36.4434360Z   ini-file: production
2025-04-09T00:19:36.4434824Z ##[endgroup]
2025-04-09T00:19:36.5160758Z [command]/usr/bin/bash /home/runner/work/_actions/shivammathur/setup-php/v2/src/scripts/run.sh
2025-04-09T00:19:36.5411731Z 
2025-04-09T00:19:36.5412952Z [90;1m==> [0m[37;1mSetup PHP[0m
2025-04-09T00:19:39.9985320Z [32;1mâœ“ [0m[34;1mPHP [0m[90;1mUpdated to PHP 8.3.19[0m
2025-04-09T00:19:39.9985985Z 
2025-04-09T00:19:39.9986335Z [90;1m==> [0m[37;1mSetup Extensions[0m
2025-04-09T00:19:40.0555663Z [32;1mâœ“ [0m[34;1mdom [0m[90;1mEnabled[0m
2025-04-09T00:19:40.0584502Z [32;1mâœ“ [0m[34;1mcurl [0m[90;1mEnabled[0m
2025-04-09T00:19:40.0702162Z [32;1mâœ“ [0m[34;1mlibxml [0m[90;1mEnabled[0m
2025-04-09T00:19:40.0703431Z [32;1mâœ“ [0m[34;1mmbstring [0m[90;1mEnabled[0m
2025-04-09T00:19:40.0704241Z [32;1mâœ“ [0m[34;1mzip [0m[90;1mEnabled[0m
2025-04-09T00:19:40.0707906Z [32;1mâœ“ [0m[34;1mpcntl [0m[90;1mEnabled[0m
2025-04-09T00:19:40.0738081Z [32;1mâœ“ [0m[34;1mpdo [0m[90;1mEnabled[0m
2025-04-09T00:19:40.0768278Z [32;1mâœ“ [0m[34;1msqlite3 [0m[90;1mEnabled[0m
2025-04-09T00:19:40.0784678Z [32;1mâœ“ [0m[34;1mpdo_sqlite [0m[90;1mEnabled[0m
2025-04-09T00:19:40.0786244Z 
2025-04-09T00:19:40.0786623Z [90;1m==> [0m[37;1mSetup Tools[0m
2025-04-09T00:19:40.3472084Z [32;1mâœ“ [0m[34;1mcomposer [0m[90;1mAdded composer 2.8.6[0m
2025-04-09T00:19:40.3472695Z 
2025-04-09T00:19:40.3473003Z [90;1m==> [0m[37;1mSetup Coverage[0m
2025-04-09T00:19:40.5818671Z [32;1mâœ“ [0m[34;1mnone [0m[90;1mDisabled Xdebug and PCOV[0m
2025-04-09T00:19:40.5819157Z 
2025-04-09T00:19:40.5819609Z [90;1m==> [0m[37;1mSponsor setup-php[0m
2025-04-09T00:19:40.5820666Z [32;1mâœ“ [0m[34;1msetup-php [0m[90;1mhttps://setup-php.com/sponsor[0m
2025-04-09T00:19:40.6014389Z ##[group]Run composer install --prefer-dist --no-interaction --no-progress
2025-04-09T00:19:40.6014999Z [36;1mcomposer install --prefer-dist --no-interaction --no-progress[0m
2025-04-09T00:19:40.6067893Z shell: /usr/bin/bash -e {0}
2025-04-09T00:19:40.6068149Z env:
2025-04-09T00:19:40.6068345Z   COMPOSER_PROCESS_TIMEOUT: 0
2025-04-09T00:19:40.6068580Z   COMPOSER_NO_INTERACTION: 1
2025-04-09T00:19:40.6068807Z   COMPOSER_NO_AUDIT: 1
2025-04-09T00:19:40.6069009Z ##[endgroup]
2025-04-09T00:19:40.7284556Z No composer.lock file present. Updating dependencies to latest instead of installing from lock file. See https://getcomposer.org/install for more information.
2025-04-09T00:19:40.7285854Z Loading composer repositories with package information
2025-04-09T00:19:42.0478782Z Updating dependencies
2025-04-09T00:19:42.0789560Z Lock file operations: 110 installs, 0 updates, 0 removals
2025-04-09T00:19:42.0790358Z   - Locking brick/math (0.12.3)
2025-04-09T00:19:42.0791066Z   - Locking carbonphp/carbon-doctrine-types (3.2.0)
2025-04-09T00:19:42.0794754Z   - Locking dflydev/dot-access-data (v3.0.3)
2025-04-09T00:19:42.0795337Z   - Locking doctrine/inflector (2.0.10)
2025-04-09T00:19:42.0795858Z   - Locking doctrine/lexer (3.0.1)
2025-04-09T00:19:42.0796491Z   - Locking dragonmantank/cron-expression (v3.4.0)
2025-04-09T00:19:42.0797054Z   - Locking egulias/email-validator (4.0.4)
2025-04-09T00:19:42.0797543Z   - Locking fakerphp/faker (v1.24.1)
2025-04-09T00:19:42.0797996Z   - Locking filp/whoops (2.18.0)
2025-04-09T00:19:42.0798445Z   - Locking fruitcake/php-cors (v1.3.0)
2025-04-09T00:19:42.0798976Z   - Locking graham-campbell/result-type (v1.1.3)
2025-04-09T00:19:42.0799708Z   - Locking guzzlehttp/guzzle (7.9.3)
2025-04-09T00:19:42.0800194Z   - Locking guzzlehttp/promises (2.2.0)
2025-04-09T00:19:42.0800673Z   - Locking guzzlehttp/psr7 (2.7.1)
2025-04-09T00:19:42.0801159Z   - Locking guzzlehttp/uri-template (v1.0.4)
2025-04-09T00:19:42.0801671Z   - Locking hamcrest/hamcrest-php (v2.0.1)
2025-04-09T00:19:42.0802180Z   - Locking laravel/framework (v12.8.1)
2025-04-09T00:19:42.0802654Z   - Locking laravel/pail (v1.2.2)
2025-04-09T00:19:42.0803093Z   - Locking laravel/pint (v1.22.0)
2025-04-09T00:19:42.0803545Z   - Locking laravel/prompts (v0.3.5)
2025-04-09T00:19:42.0804001Z   - Locking laravel/sail (v1.41.0)
2025-04-09T00:19:42.0804476Z   - Locking laravel/serializable-closure (v2.0.4)
2025-04-09T00:19:42.0804994Z   - Locking laravel/tinker (v2.10.1)
2025-04-09T00:19:42.0805456Z   - Locking league/commonmark (2.6.1)
2025-04-09T00:19:42.0805902Z   - Locking league/config (v1.2.0)
2025-04-09T00:19:42.0806334Z   - Locking league/flysystem (3.29.1)
2025-04-09T00:19:42.0806800Z   - Locking league/flysystem-local (3.29.0)
2025-04-09T00:19:42.0807312Z   - Locking league/mime-type-detection (1.16.0)
2025-04-09T00:19:42.0807801Z   - Locking league/uri (7.5.1)
2025-04-09T00:19:42.0808219Z   - Locking league/uri-interfaces (7.5.0)
2025-04-09T00:19:42.0808680Z   - Locking mockery/mockery (1.6.12)
2025-04-09T00:19:42.0809142Z   - Locking monolog/monolog (3.9.0)
2025-04-09T00:19:42.0810202Z   - Locking myclabs/deep-copy (1.13.0)
2025-04-09T00:19:42.0810664Z   - Locking nesbot/carbon (3.9.0)
2025-04-09T00:19:42.0811081Z   - Locking nette/schema (v1.3.2)
2025-04-09T00:19:42.0811503Z   - Locking nette/utils (v4.0.6)
2025-04-09T00:19:42.0811933Z   - Locking nikic/php-parser (v5.4.0)
2025-04-09T00:19:42.0812388Z   - Locking nunomaduro/collision (v8.8.0)
2025-04-09T00:19:42.0812862Z   - Locking nunomaduro/termwind (v2.3.0)
2025-04-09T00:19:42.0813312Z   - Locking phar-io/manifest (2.0.4)
2025-04-09T00:19:42.0813754Z   - Locking phar-io/version (3.2.1)
2025-04-09T00:19:42.0814197Z   - Locking phpoption/phpoption (1.9.3)
2025-04-09T00:19:42.0814691Z   - Locking phpunit/php-code-coverage (11.0.9)
2025-04-09T00:19:42.0815206Z   - Locking phpunit/php-file-iterator (5.1.0)
2025-04-09T00:19:42.0815684Z   - Locking phpunit/php-invoker (5.0.1)
2025-04-09T00:19:42.0816182Z   - Locking phpunit/php-text-template (4.0.1)
2025-04-09T00:19:42.0816947Z   - Locking phpunit/php-timer (7.0.1)
2025-04-09T00:19:42.0817433Z   - Locking phpunit/phpunit (11.5.17)
2025-04-09T00:19:42.0817872Z   - Locking psr/clock (1.0.0)
2025-04-09T00:19:42.0818275Z   - Locking psr/container (2.0.2)
2025-04-09T00:19:42.0818713Z   - Locking psr/event-dispatcher (1.0.0)
2025-04-09T00:19:42.0819170Z   - Locking psr/http-client (1.0.3)
2025-04-09T00:19:42.0819886Z   - Locking psr/http-factory (1.1.0)
2025-04-09T00:19:42.0820341Z   - Locking psr/http-message (2.0)
2025-04-09T00:19:42.0820773Z   - Locking psr/log (3.0.2)
2025-04-09T00:19:42.0821164Z   - Locking psr/simple-cache (3.0.0)
2025-04-09T00:19:42.0821595Z   - Locking psy/psysh (v0.12.8)
2025-04-09T00:19:42.0822035Z   - Locking ralouphie/getallheaders (3.0.3)
2025-04-09T00:19:42.0822479Z   - Locking ramsey/collection (2.1.1)
2025-04-09T00:19:42.0822882Z   - Locking ramsey/uuid (4.7.6)
2025-04-09T00:19:42.0823265Z   - Locking sebastian/cli-parser (3.0.2)
2025-04-09T00:19:42.0823690Z   - Locking sebastian/code-unit (3.0.3)
2025-04-09T00:19:42.0824177Z   - Locking sebastian/code-unit-reverse-lookup (4.0.1)
2025-04-09T00:19:42.0824687Z   - Locking sebastian/comparator (6.3.1)
2025-04-09T00:19:42.0825114Z   - Locking sebastian/complexity (4.0.1)
2025-04-09T00:19:42.0825520Z   - Locking sebastian/diff (6.0.2)
2025-04-09T00:19:42.0825930Z   - Locking sebastian/environment (7.2.0)
2025-04-09T00:19:42.0826362Z   - Locking sebastian/exporter (6.3.0)
2025-04-09T00:19:42.0826777Z   - Locking sebastian/global-state (7.0.2)
2025-04-09T00:19:42.0827235Z   - Locking sebastian/lines-of-code (3.0.1)
2025-04-09T00:19:42.0827683Z   - Locking sebastian/object-enumerator (6.0.1)
2025-04-09T00:19:42.0828149Z   - Locking sebastian/object-reflector (4.0.1)
2025-04-09T00:19:42.0828610Z   - Locking sebastian/recursion-context (6.0.2)
2025-04-09T00:19:42.0829050Z   - Locking sebastian/type (5.1.2)
2025-04-09T00:19:42.0829619Z   - Locking sebastian/version (5.0.2)
2025-04-09T00:19:42.0830048Z   - Locking staabm/side-effects-detector (1.0.5)
2025-04-09T00:19:42.0830497Z   - Locking symfony/clock (v7.2.0)
2025-04-09T00:19:42.0830884Z   - Locking symfony/console (v7.2.5)
2025-04-09T00:19:42.0831286Z   - Locking symfony/css-selector (v7.2.0)
2025-04-09T00:19:42.0831744Z   - Locking symfony/deprecation-contracts (v3.5.1)
2025-04-09T00:19:42.0832211Z   - Locking symfony/error-handler (v7.2.5)
2025-04-09T00:19:42.0832671Z   - Locking symfony/event-dispatcher (v7.2.0)
2025-04-09T00:19:42.0833218Z   - Locking symfony/event-dispatcher-contracts (v3.5.1)
2025-04-09T00:19:42.0833737Z   - Locking symfony/finder (v7.2.2)
2025-04-09T00:19:42.0834185Z   - Locking symfony/http-foundation (v7.2.5)
2025-04-09T00:19:42.0834670Z   - Locking symfony/http-kernel (v7.2.5)
2025-04-09T00:19:42.0835118Z   - Locking symfony/mailer (v7.2.3)
2025-04-09T00:19:42.0835534Z   - Locking symfony/mime (v7.2.4)
2025-04-09T00:19:42.0835987Z   - Locking symfony/polyfill-ctype (v1.31.0)
2025-04-09T00:19:42.0836532Z   - Locking symfony/polyfill-intl-grapheme (v1.31.0)
2025-04-09T00:19:42.0837111Z   - Locking symfony/polyfill-intl-idn (v1.31.0)
2025-04-09T00:19:42.0837937Z   - Locking symfony/polyfill-intl-normalizer (v1.31.0)
2025-04-09T00:19:42.0838564Z   - Locking symfony/polyfill-mbstring (v1.31.0)
2025-04-09T00:19:42.0839071Z   - Locking symfony/polyfill-php80 (v1.31.0)
2025-04-09T00:19:42.0839740Z   - Locking symfony/polyfill-php83 (v1.31.0)
2025-04-09T00:19:42.0840220Z   - Locking symfony/polyfill-uuid (v1.31.0)
2025-04-09T00:19:42.0840667Z   - Locking symfony/process (v7.2.5)
2025-04-09T00:19:42.0841075Z   - Locking symfony/routing (v7.2.3)
2025-04-09T00:19:42.0841516Z   - Locking symfony/service-contracts (v3.5.1)
2025-04-09T00:19:42.0841970Z   - Locking symfony/string (v7.2.0)
2025-04-09T00:19:42.0842380Z   - Locking symfony/translation (v7.2.4)
2025-04-09T00:19:42.0842857Z   - Locking symfony/translation-contracts (v3.5.1)
2025-04-09T00:19:42.0843326Z   - Locking symfony/uid (v7.2.0)
2025-04-09T00:19:42.0843724Z   - Locking symfony/var-dumper (v7.2.3)
2025-04-09T00:19:42.0844312Z   - Locking symfony/yaml (v7.2.5)
2025-04-09T00:19:42.0844717Z   - Locking theseer/tokenizer (1.2.3)
2025-04-09T00:19:42.0845194Z   - Locking tijsverkoyen/css-to-inline-styles (v2.3.0)
2025-04-09T00:19:42.0845678Z   - Locking vlucas/phpdotenv (v5.6.1)
2025-04-09T00:19:42.0846104Z   - Locking voku/portable-ascii (2.0.3)
2025-04-09T00:19:42.0846524Z   - Locking webmozart/assert (1.11.0)
2025-04-09T00:19:42.0846964Z Writing lock file
2025-04-09T00:19:42.0847411Z Installing dependencies from lock file (including require-dev)
2025-04-09T00:19:42.0882836Z Package operations: 110 installs, 0 updates, 0 removals
2025-04-09T00:19:42.0899697Z   - Downloading doctrine/inflector (2.0.10)
2025-04-09T00:19:42.0902970Z   - Downloading doctrine/lexer (3.0.1)
2025-04-09T00:19:42.0906174Z   - Downloading symfony/polyfill-ctype (v1.31.0)
2025-04-09T00:19:42.0909416Z   - Downloading webmozart/assert (1.11.0)
2025-04-09T00:19:42.0912597Z   - Downloading dragonmantank/cron-expression (v3.4.0)
2025-04-09T00:19:42.0915317Z   - Downloading symfony/deprecation-contracts (v3.5.1)
2025-04-09T00:19:42.0918470Z   - Downloading psr/container (2.0.2)
2025-04-09T00:19:42.0921755Z   - Downloading fakerphp/faker (v1.24.1)
2025-04-09T00:19:42.0924454Z   - Downloading symfony/polyfill-php83 (v1.31.0)
2025-04-09T00:19:42.0927213Z   - Downloading symfony/polyfill-mbstring (v1.31.0)
2025-04-09T00:19:42.0930002Z   - Downloading symfony/http-foundation (v7.2.5)
2025-04-09T00:19:42.0933306Z   - Downloading fruitcake/php-cors (v1.3.0)
2025-04-09T00:19:42.0936042Z   - Downloading psr/http-message (2.0)
2025-04-09T00:19:42.0937489Z   - Downloading psr/http-client (1.0.3)
2025-04-09T00:19:42.0940156Z   - Downloading ralouphie/getallheaders (3.0.3)
2025-04-09T00:19:42.0942011Z   - Downloading psr/http-factory (1.1.0)
2025-04-09T00:19:42.0944360Z   - Downloading guzzlehttp/psr7 (2.7.1)
2025-04-09T00:19:42.0945829Z   - Downloading guzzlehttp/promises (2.2.0)
2025-04-09T00:19:42.0947840Z   - Downloading guzzlehttp/guzzle (7.9.3)
2025-04-09T00:19:42.0949821Z   - Downloading symfony/polyfill-php80 (v1.31.0)
2025-04-09T00:19:42.0951365Z   - Downloading guzzlehttp/uri-template (v1.0.4)
2025-04-09T00:19:42.0953418Z   - Downloading symfony/polyfill-intl-normalizer (v1.31.0)
2025-04-09T00:19:42.0954935Z   - Downloading symfony/polyfill-intl-grapheme (v1.31.0)
2025-04-09T00:19:42.0956689Z   - Downloading symfony/string (v7.2.0)
2025-04-09T00:19:42.0958653Z   - Downloading symfony/service-contracts (v3.5.1)
2025-04-09T00:19:42.0960389Z   - Downloading symfony/console (v7.2.5)
2025-04-09T00:19:42.0963015Z   - Downloading nunomaduro/termwind (v2.3.0)
2025-04-09T00:19:42.0965319Z   - Downloading voku/portable-ascii (2.0.3)
2025-04-09T00:19:42.0967176Z   - Downloading phpoption/phpoption (1.9.3)
2025-04-09T00:19:42.0969103Z   - Downloading graham-campbell/result-type (v1.1.3)
2025-04-09T00:19:42.0971286Z   - Downloading vlucas/phpdotenv (v5.6.1)
2025-04-09T00:19:42.0972831Z   - Downloading symfony/css-selector (v7.2.0)
2025-04-09T00:19:42.0974931Z   - Downloading tijsverkoyen/css-to-inline-styles (v2.3.0)
2025-04-09T00:19:42.0976163Z   - Downloading symfony/var-dumper (v7.2.3)
2025-04-09T00:19:42.0977647Z   - Downloading symfony/polyfill-uuid (v1.31.0)
2025-04-09T00:19:42.0979210Z   - Downloading symfony/uid (v7.2.0)
2025-04-09T00:19:42.0980999Z   - Downloading symfony/routing (v7.2.3)
2025-04-09T00:19:42.0982459Z   - Downloading symfony/process (v7.2.5)
2025-04-09T00:19:42.0984004Z   - Downloading symfony/polyfill-intl-idn (v1.31.0)
2025-04-09T00:19:42.0985361Z   - Downloading symfony/mime (v7.2.4)
2025-04-09T00:19:42.0986916Z   - Downloading psr/event-dispatcher (1.0.0)
2025-04-09T00:19:42.0988484Z   - Downloading symfony/event-dispatcher-contracts (v3.5.1)
2025-04-09T00:19:42.0989939Z   - Downloading symfony/event-dispatcher (v7.2.0)
2025-04-09T00:19:42.0991470Z   - Downloading psr/log (3.0.2)
2025-04-09T00:19:42.0993463Z   - Downloading egulias/email-validator (4.0.4)
2025-04-09T00:19:42.0994955Z   - Downloading symfony/mailer (v7.2.3)
2025-04-09T00:19:42.0996743Z   - Downloading symfony/error-handler (v7.2.5)
2025-04-09T00:19:42.0997909Z   - Downloading symfony/http-kernel (v7.2.5)
2025-04-09T00:19:42.0999640Z   - Downloading symfony/finder (v7.2.2)
2025-04-09T00:19:42.1001575Z   - Downloading ramsey/collection (2.1.1)
2025-04-09T00:19:42.1003451Z   - Downloading brick/math (0.12.3)
2025-04-09T00:19:42.1004908Z   - Downloading ramsey/uuid (4.7.6)
2025-04-09T00:19:42.1006394Z   - Downloading psr/simple-cache (3.0.0)
2025-04-09T00:19:42.1007982Z   - Downloading symfony/translation-contracts (v3.5.1)
2025-04-09T00:19:42.1009819Z   - Downloading symfony/translation (v7.2.4)
2025-04-09T00:19:42.1011546Z   - Downloading psr/clock (1.0.0)
2025-04-09T00:19:42.1013053Z   - Downloading symfony/clock (v7.2.0)
2025-04-09T00:19:42.1015023Z   - Downloading carbonphp/carbon-doctrine-types (3.2.0)
2025-04-09T00:19:42.1016816Z   - Downloading nesbot/carbon (3.9.0)
2025-04-09T00:19:42.1018698Z   - Downloading monolog/monolog (3.9.0)
2025-04-09T00:19:42.1020908Z   - Downloading league/uri-interfaces (7.5.0)
2025-04-09T00:19:42.1022397Z   - Downloading league/uri (7.5.1)
2025-04-09T00:19:42.1023928Z   - Downloading league/mime-type-detection (1.16.0)
2025-04-09T00:19:42.1025401Z   - Downloading league/flysystem-local (3.29.0)
2025-04-09T00:19:42.1026852Z   - Downloading league/flysystem (3.29.1)
2025-04-09T00:19:42.1028876Z   - Downloading nette/utils (v4.0.6)
2025-04-09T00:19:42.1030586Z   - Downloading nette/schema (v1.3.2)
2025-04-09T00:19:42.1032498Z   - Downloading dflydev/dot-access-data (v3.0.3)
2025-04-09T00:19:42.1033937Z   - Downloading league/config (v1.2.0)
2025-04-09T00:19:42.1035408Z   - Downloading league/commonmark (2.6.1)
2025-04-09T00:19:42.1037355Z   - Downloading laravel/serializable-closure (v2.0.4)
2025-04-09T00:19:42.1038784Z   - Downloading laravel/prompts (v0.3.5)
2025-04-09T00:19:42.1040463Z   - Downloading laravel/framework (v12.8.1)
2025-04-09T00:19:42.1041916Z   - Downloading laravel/pail (v1.2.2)
2025-04-09T00:19:42.1043418Z   - Downloading laravel/pint (v1.22.0)
2025-04-09T00:19:42.1044905Z   - Downloading symfony/yaml (v7.2.5)
2025-04-09T00:19:42.1046378Z   - Downloading laravel/sail (v1.41.0)
2025-04-09T00:19:42.1048249Z   - Downloading nikic/php-parser (v5.4.0)
2025-04-09T00:19:42.1050316Z   - Downloading psy/psysh (v0.12.8)
2025-04-09T00:19:42.1051780Z   - Downloading laravel/tinker (v2.10.1)
2025-04-09T00:19:42.1053689Z   - Downloading hamcrest/hamcrest-php (v2.0.1)
2025-04-09T00:19:42.1055528Z   - Downloading mockery/mockery (1.6.12)
2025-04-09T00:19:42.1057418Z   - Downloading filp/whoops (2.18.0)
2025-04-09T00:19:42.1058914Z   - Downloading nunomaduro/collision (v8.8.0)
2025-04-09T00:19:42.1061193Z   - Downloading staabm/side-effects-detector (1.0.5)
2025-04-09T00:19:42.1062996Z   - Downloading sebastian/version (5.0.2)
2025-04-09T00:19:42.1064463Z   - Downloading sebastian/type (5.1.2)
2025-04-09T00:19:42.1065945Z   - Downloading sebastian/recursion-context (6.0.2)
2025-04-09T00:19:42.1067402Z   - Downloading sebastian/object-reflector (4.0.1)
2025-04-09T00:19:42.1068792Z   - Downloading sebastian/object-enumerator (6.0.1)
2025-04-09T00:19:42.1070640Z   - Downloading sebastian/global-state (7.0.2)
2025-04-09T00:19:42.1071977Z   - Downloading sebastian/exporter (6.3.0)
2025-04-09T00:19:42.1073517Z   - Downloading sebastian/environment (7.2.0)
2025-04-09T00:19:42.1074953Z   - Downloading sebastian/diff (6.0.2)
2025-04-09T00:19:42.1076427Z   - Downloading sebastian/comparator (6.3.1)
2025-04-09T00:19:42.1077851Z   - Downloading sebastian/code-unit (3.0.3)
2025-04-09T00:19:42.1079436Z   - Downloading sebastian/cli-parser (3.0.2)
2025-04-09T00:19:42.1081368Z   - Downloading phpunit/php-timer (7.0.1)
2025-04-09T00:19:42.1082896Z   - Downloading phpunit/php-text-template (4.0.1)
2025-04-09T00:19:42.1084335Z   - Downloading phpunit/php-invoker (5.0.1)
2025-04-09T00:19:42.1085813Z   - Downloading phpunit/php-file-iterator (5.1.0)
2025-04-09T00:19:42.1087632Z   - Downloading theseer/tokenizer (1.2.3)
2025-04-09T00:19:42.1089623Z   - Downloading sebastian/lines-of-code (3.0.1)
2025-04-09T00:19:42.1091372Z   - Downloading sebastian/complexity (4.0.1)
2025-04-09T00:19:42.1092629Z   - Downloading sebastian/code-unit-reverse-lookup (4.0.1)
2025-04-09T00:19:42.1094268Z   - Downloading phpunit/php-code-coverage (11.0.9)
2025-04-09T00:19:42.1096092Z   - Downloading phar-io/version (3.2.1)
2025-04-09T00:19:42.1097681Z   - Downloading phar-io/manifest (2.0.4)
2025-04-09T00:19:42.1099546Z   - Downloading myclabs/deep-copy (1.13.0)
2025-04-09T00:19:42.1101064Z   - Downloading phpunit/phpunit (11.5.17)
2025-04-09T00:19:42.7813855Z   - Installing doctrine/inflector (2.0.10): Extracting archive
2025-04-09T00:19:42.7828910Z   - Installing doctrine/lexer (3.0.1): Extracting archive
2025-04-09T00:19:42.7834856Z   - Installing symfony/polyfill-ctype (v1.31.0): Extracting archive
2025-04-09T00:19:42.7841278Z   - Installing webmozart/assert (1.11.0): Extracting archive
2025-04-09T00:19:42.7858723Z   - Installing dragonmantank/cron-expression (v3.4.0): Extracting archive
2025-04-09T00:19:42.7890394Z   - Installing symfony/deprecation-contracts (v3.5.1): Extracting archive
2025-04-09T00:19:42.7892636Z   - Installing psr/container (2.0.2): Extracting archive
2025-04-09T00:19:42.7905280Z   - Installing fakerphp/faker (v1.24.1): Extracting archive
2025-04-09T00:19:42.7917584Z   - Installing symfony/polyfill-php83 (v1.31.0): Extracting archive
2025-04-09T00:19:42.7929502Z   - Installing symfony/polyfill-mbstring (v1.31.0): Extracting archive
2025-04-09T00:19:42.7938180Z   - Installing symfony/http-foundation (v7.2.5): Extracting archive
2025-04-09T00:19:42.7943585Z   - Installing fruitcake/php-cors (v1.3.0): Extracting archive
2025-04-09T00:19:42.7963898Z   - Installing psr/http-message (2.0): Extracting archive
2025-04-09T00:19:42.7964830Z   - Installing psr/http-client (1.0.3): Extracting archive
2025-04-09T00:19:42.7966250Z   - Installing ralouphie/getallheaders (3.0.3): Extracting archive
2025-04-09T00:19:42.7967282Z   - Installing psr/http-factory (1.1.0): Extracting archive
2025-04-09T00:19:42.7968530Z   - Installing guzzlehttp/psr7 (2.7.1): Extracting archive
2025-04-09T00:19:42.7970079Z   - Installing guzzlehttp/promises (2.2.0): Extracting archive
2025-04-09T00:19:42.7971194Z   - Installing guzzlehttp/guzzle (7.9.3): Extracting archive
2025-04-09T00:19:42.7973606Z   - Installing symfony/polyfill-php80 (v1.31.0): Extracting archive
2025-04-09T00:19:42.7974358Z   - Installing guzzlehttp/uri-template (v1.0.4): Extracting archive
2025-04-09T00:19:42.7975531Z   - Installing symfony/polyfill-intl-normalizer (v1.31.0): Extracting archive
2025-04-09T00:19:42.7976384Z   - Installing symfony/polyfill-intl-grapheme (v1.31.0): Extracting archive
2025-04-09T00:19:42.7977329Z   - Installing symfony/string (v7.2.0): Extracting archive
2025-04-09T00:19:42.7983196Z   - Installing symfony/service-contracts (v3.5.1): Extracting archive
2025-04-09T00:19:42.7983911Z   - Installing symfony/console (v7.2.5): Extracting archive
2025-04-09T00:19:42.7984564Z   - Installing nunomaduro/termwind (v2.3.0): Extracting archive
2025-04-09T00:19:42.7987443Z   - Installing voku/portable-ascii (2.0.3): Extracting archive
2025-04-09T00:19:42.7990532Z   - Installing phpoption/phpoption (1.9.3): Extracting archive
2025-04-09T00:19:42.7991319Z   - Installing graham-campbell/result-type (v1.1.3): Extracting archive
2025-04-09T00:19:42.7992058Z   - Installing vlucas/phpdotenv (v5.6.1): Extracting archive
2025-04-09T00:19:42.8001241Z   - Installing symfony/css-selector (v7.2.0): Extracting archive
2025-04-09T00:19:42.8003271Z   - Installing tijsverkoyen/css-to-inline-styles (v2.3.0): Extracting archive
2025-04-09T00:19:42.8004048Z   - Installing symfony/var-dumper (v7.2.3): Extracting archive
2025-04-09T00:19:42.8004732Z   - Installing symfony/polyfill-uuid (v1.31.0): Extracting archive
2025-04-09T00:19:42.8005503Z   - Installing symfony/uid (v7.2.0): Extracting archive
2025-04-09T00:19:42.8033146Z   - Installing symfony/routing (v7.2.3): Extracting archive
2025-04-09T00:19:42.8033785Z   - Installing symfony/process (v7.2.5): Extracting archive
2025-04-09T00:19:42.8034664Z   - Installing symfony/polyfill-intl-idn (v1.31.0): Extracting archive
2025-04-09T00:19:42.8036319Z   - Installing symfony/mime (v7.2.4): Extracting archive
2025-04-09T00:19:42.8036978Z   - Installing psr/event-dispatcher (1.0.0): Extracting archive
2025-04-09T00:19:42.8037708Z   - Installing symfony/event-dispatcher-contracts (v3.5.1): Extracting archive
2025-04-09T00:19:42.8039822Z   - Installing symfony/event-dispatcher (v7.2.0): Extracting archive
2025-04-09T00:19:42.8040501Z   - Installing psr/log (3.0.2): Extracting archive
2025-04-09T00:19:42.8041063Z   - Installing egulias/email-validator (4.0.4): Extracting archive
2025-04-09T00:19:42.8042750Z   - Installing symfony/mailer (v7.2.3): Extracting archive
2025-04-09T00:19:42.8043416Z   - Installing symfony/error-handler (v7.2.5): Extracting archive
2025-04-09T00:19:42.8044090Z   - Installing symfony/http-kernel (v7.2.5): Extracting archive
2025-04-09T00:19:42.8045743Z   - Installing symfony/finder (v7.2.2): Extracting archive
2025-04-09T00:19:42.8049178Z   - Installing ramsey/collection (2.1.1): Extracting archive
2025-04-09T00:19:42.8052536Z   - Installing brick/math (0.12.3): Extracting archive
2025-04-09T00:19:42.8055248Z   - Installing ramsey/uuid (4.7.6): Extracting archive
2025-04-09T00:19:42.8058425Z   - Installing psr/simple-cache (3.0.0): Extracting archive
2025-04-09T00:19:42.8061580Z   - Installing symfony/translation-contracts (v3.5.1): Extracting archive
2025-04-09T00:19:42.8064752Z   - Installing symfony/translation (v7.2.4): Extracting archive
2025-04-09T00:19:42.8067917Z   - Installing psr/clock (1.0.0): Extracting archive
2025-04-09T00:19:42.8070163Z   - Installing symfony/clock (v7.2.0): Extracting archive
2025-04-09T00:19:42.8072931Z   - Installing carbonphp/carbon-doctrine-types (3.2.0): Extracting archive
2025-04-09T00:19:42.8075467Z   - Installing nesbot/carbon (3.9.0): Extracting archive
2025-04-09T00:19:42.8078495Z   - Installing monolog/monolog (3.9.0): Extracting archive
2025-04-09T00:19:42.8081468Z   - Installing league/uri-interfaces (7.5.0): Extracting archive
2025-04-09T00:19:42.8084669Z   - Installing league/uri (7.5.1): Extracting archive
2025-04-09T00:19:42.8087422Z   - Installing league/mime-type-detection (1.16.0): Extracting archive
2025-04-09T00:19:42.8091073Z   - Installing league/flysystem-local (3.29.0): Extracting archive
2025-04-09T00:19:42.8093936Z   - Installing league/flysystem (3.29.1): Extracting archive
2025-04-09T00:19:42.8096389Z   - Installing nette/utils (v4.0.6): Extracting archive
2025-04-09T00:19:42.8099573Z   - Installing nette/schema (v1.3.2): Extracting archive
2025-04-09T00:19:42.8105411Z   - Installing dflydev/dot-access-data (v3.0.3): Extracting archive
2025-04-09T00:19:42.8106127Z   - Installing league/config (v1.2.0): Extracting archive
2025-04-09T00:19:42.8107324Z   - Installing league/commonmark (2.6.1): Extracting archive
2025-04-09T00:19:42.8109642Z   - Installing laravel/serializable-closure (v2.0.4): Extracting archive
2025-04-09T00:19:42.8112214Z   - Installing laravel/prompts (v0.3.5): Extracting archive
2025-04-09T00:19:42.8114462Z   - Installing laravel/framework (v12.8.1): Extracting archive
2025-04-09T00:19:42.8116691Z   - Installing laravel/pail (v1.2.2): Extracting archive
2025-04-09T00:19:42.8119009Z   - Installing laravel/pint (v1.22.0): Extracting archive
2025-04-09T00:19:42.8121523Z   - Installing symfony/yaml (v7.2.5): Extracting archive
2025-04-09T00:19:42.8123736Z   - Installing laravel/sail (v1.41.0): Extracting archive
2025-04-09T00:19:42.8126385Z   - Installing nikic/php-parser (v5.4.0): Extracting archive
2025-04-09T00:19:42.8128569Z   - Installing psy/psysh (v0.12.8): Extracting archive
2025-04-09T00:19:42.8131139Z   - Installing laravel/tinker (v2.10.1): Extracting archive
2025-04-09T00:19:42.8133438Z   - Installing hamcrest/hamcrest-php (v2.0.1): Extracting archive
2025-04-09T00:19:42.8135671Z   - Installing mockery/mockery (1.6.12): Extracting archive
2025-04-09T00:19:42.8138139Z   - Installing filp/whoops (2.18.0): Extracting archive
2025-04-09T00:19:42.8140950Z   - Installing nunomaduro/collision (v8.8.0): Extracting archive
2025-04-09T00:19:42.8143142Z   - Installing staabm/side-effects-detector (1.0.5): Extracting archive
2025-04-09T00:19:42.8145343Z   - Installing sebastian/version (5.0.2): Extracting archive
2025-04-09T00:19:42.8147578Z   - Installing sebastian/type (5.1.2): Extracting archive
2025-04-09T00:19:42.8150006Z   - Installing sebastian/recursion-context (6.0.2): Extracting archive
2025-04-09T00:19:42.8152319Z   - Installing sebastian/object-reflector (4.0.1): Extracting archive
2025-04-09T00:19:42.8154563Z   - Installing sebastian/object-enumerator (6.0.1): Extracting archive
2025-04-09T00:19:42.8156924Z   - Installing sebastian/global-state (7.0.2): Extracting archive
2025-04-09T00:19:42.8159091Z   - Installing sebastian/exporter (6.3.0): Extracting archive
2025-04-09T00:19:42.8161749Z   - Installing sebastian/environment (7.2.0): Extracting archive
2025-04-09T00:19:42.8163966Z   - Installing sebastian/diff (6.0.2): Extracting archive
2025-04-09T00:19:42.8166338Z   - Installing sebastian/comparator (6.3.1): Extracting archive
2025-04-09T00:19:42.8168825Z   - Installing sebastian/code-unit (3.0.3): Extracting archive
2025-04-09T00:19:42.8174865Z   - Installing sebastian/cli-parser (3.0.2): Extracting archive
2025-04-09T00:19:42.8175793Z   - Installing phpunit/php-timer (7.0.1): Extracting archive
2025-04-09T00:19:42.8176784Z   - Installing phpunit/php-text-template (4.0.1): Extracting archive
2025-04-09T00:19:42.8179789Z   - Installing phpunit/php-invoker (5.0.1): Extracting archive
2025-04-09T00:19:42.8182166Z   - Installing phpunit/php-file-iterator (5.1.0): Extracting archive
2025-04-09T00:19:42.8184394Z   - Installing theseer/tokenizer (1.2.3): Extracting archive
2025-04-09T00:19:42.8186738Z   - Installing sebastian/lines-of-code (3.0.1): Extracting archive
2025-04-09T00:19:42.8188973Z   - Installing sebastian/complexity (4.0.1): Extracting archive
2025-04-09T00:19:42.8191538Z   - Installing sebastian/code-unit-reverse-lookup (4.0.1): Extracting archive
2025-04-09T00:19:42.8193727Z   - Installing phpunit/php-code-coverage (11.0.9): Extracting archive
2025-04-09T00:19:42.8195849Z   - Installing phar-io/version (3.2.1): Extracting archive
2025-04-09T00:19:42.8198220Z   - Installing phar-io/manifest (2.0.4): Extracting archive
2025-04-09T00:19:42.8200665Z   - Installing myclabs/deep-copy (1.13.0): Extracting archive
2025-04-09T00:19:42.8203047Z   - Installing phpunit/phpunit (11.5.17): Extracting archive
2025-04-09T00:19:43.7328452Z 37 package suggestions were added by new dependencies, use `composer suggest` to see details.
2025-04-09T00:19:43.7345335Z Generating optimized autoload files
2025-04-09T00:19:45.2813404Z > Illuminate\Foundation\ComposerScripts::postAutoloadDump
2025-04-09T00:19:45.2962869Z > @php artisan package:discover --ansi
2025-04-09T00:19:45.4276213Z 
2025-04-09T00:19:45.4276923Z   [37;44m INFO [39;49m Discovering packages.  
2025-04-09T00:19:45.4277171Z 
2025-04-09T00:19:45.4304861Z   laravel/pail [90m.[39m[90m.[39m[90m.[39m[90m.[39m[90m.[39m[90m.[39m[90m.[39m[90m.[39m[90m.[39m[90m.[39m[90m.[39m[90m.[39m[90m.[39m[90m.[39m[90m.[39m[90m.[39m[90m.[39m[90m.[39m[90m.[39m[90m.[39m[90m.[39m[90m.[39m[90m.[39m[90m.[39m[90m.[39m[90m.[39m[90m.[39m[90m.[39m[90m.[39m[90m.[39m[90m.[39m[90m.[39m[90m.[39m[90m.[39m[90m.[39m[90m.[39m[90m.[39m[90m.[39m[90m.[39m[90m.[39m[90m.[39m[90m.[39m[90m.[39m[90m.[39m[90m.[39m[90m.[39m[90m.[39m[90m.[39m[90m.[39m[90m.[39m[90m.[39m[90m.[39m[90m.[39m[90m.[39m[90m.[39m[90m.[39m[90m.[39m[90m.[39m [32;1mDONE[39;22m
2025-04-09T00:19:45.4310127Z   laravel/sail [90m.[39m[90m.[39m[90m.[39m[90m.[39m[90m.[39m[90m.[39m[90m.[39m[90m.[39m[90m.[39m[90m.[39m[90m.[39m[90m.[39m[90m.[39m[90m.[39m[90m.[39m[90m.[39m[90m.[39m[90m.[39m[90m.[39m[90m.[39m[90m.[39m[90m.[39m[90m.[39m[90m.[39m[90m.[39m[90m.[39m[90m.[39m[90m.[39m[90m.[39m[90m.[39m[90m.[39m[90m.[39m[90m.[39m[90m.[39m[90m.[39m[90m.[39m[90m.[39m[90m.[39m[90m.[39m[90m.[39m[90m.[39m[90m.[39m[90m.[39m[90m.[39m[90m.[39m[90m.[39m[90m.[39m[90m.[39m[90m.[39m[90m.[39m[90m.[39m[90m.[39m[90m.[39m[90m.[39m[90m.[39m[90m.[39m[90m.[39m[90m.[39m [32;1mDONE[39;22m
2025-04-09T00:19:45.4313909Z   laravel/tinker [90m.[39m[90m.[39m[90m.[39m[90m.[39m[90m.[39m[90m.[39m[90m.[39m[90m.[39m[90m.[39m[90m.[39m[90m.[39m[90m.[39m[90m.[39m[90m.[39m[90m.[39m[90m.[39m[90m.[39m[90m.[39m[90m.[39m[90m.[39m[90m.[39m[90m.[39m[90m.[39m[90m.[39m[90m.[39m[90m.[39m[90m.[39m[90m.[39m[90m.[39m[90m.[39m[90m.[39m[90m.[39m[90m.[39m[90m.[39m[90m.[39m[90m.[39m[90m.[39m[90m.[39m[90m.[39m[90m.[39m[90m.[39m[90m.[39m[90m.[39m[90m.[39m[90m.[39m[90m.[39m[90m.[39m[90m.[39m[90m.[39m[90m.[39m[90m.[39m[90m.[39m[90m.[39m[90m.[39m[90m.[39m[90m.[39m [32;1mDONE[39;22m
2025-04-09T00:19:45.4318042Z   nesbot/carbon [90m.[39m[90m.[39m[90m.[39m[90m.[39m[90m.[39m[90m.[39m[90m.[39m[90m.[39m[90m.[39m[90m.[39m[90m.[39m[90m.[39m[90m.[39m[90m.[39m[90m.[39m[90m.[39m[90m.[39m[90m.[39m[90m.[39m[90m.[39m[90m.[39m[90m.[39m[90m.[39m[90m.[39m[90m.[39m[90m.[39m[90m.[39m[90m.[39m[90m.[39m[90m.[39m[90m.[39m[90m.[39m[90m.[39m[90m.[39m[90m.[39m[90m.[39m[90m.[39m[90m.[39m[90m.[39m[90m.[39m[90m.[39m[90m.[39m[90m.[39m[90m.[39m[90m.[39m[90m.[39m[90m.[39m[90m.[39m[90m.[39m[90m.[39m[90m.[39m[90m.[39m[90m.[39m[90m.[39m[90m.[39m[90m.[39m[90m.[39m [32;1mDONE[39;22m
2025-04-09T00:19:45.4322600Z   nunomaduro/collision [90m.[39m[90m.[39m[90m.[39m[90m.[39m[90m.[39m[90m.[39m[90m.[39m[90m.[39m[90m.[39m[90m.[39m[90m.[39m[90m.[39m[90m.[39m[90m.[39m[90m.[39m[90m.[39m[90m.[39m[90m.[39m[90m.[39m[90m.[39m[90m.[39m[90m.[39m[90m.[39m[90m.[39m[90m.[39m[90m.[39m[90m.[39m[90m.[39m[90m.[39m[90m.[39m[90m.[39m[90m.[39m[90m.[39m[90m.[39m[90m.[39m[90m.[39m[90m.[39m[90m.[39m[90m.[39m[90m.[39m[90m.[39m[90m.[39m[90m.[39m[90m.[39m[90m.[39m[90m.[39m[90m.[39m[90m.[39m[90m.[39m[90m.[39m [32;1mDONE[39;22m
2025-04-09T00:19:45.4327298Z   nunomaduro/termwind [90m.[39m[90m.[39m[90m.[39m[90m.[39m[90m.[39m[90m.[39m[90m.[39m[90m.[39m[90m.[39m[90m.[39m[90m.[39m[90m.[39m[90m.[39m[90m.[39m[90m.[39m[90m.[39m[90m.[39m[90m.[39m[90m.[39m[90m.[39m[90m.[39m[90m.[39m[90m.[39m[90m.[39m[90m.[39m[90m.[39m[90m.[39m[90m.[39m[90m.[39m[90m.[39m[90m.[39m[90m.[39m[90m.[39m[90m.[39m[90m.[39m[90m.[39m[90m.[39m[90m.[39m[90m.[39m[90m.[39m[90m.[39m[90m.[39m[90m.[39m[90m.[39m[90m.[39m[90m.[39m[90m.[39m[90m.[39m[90m.[39m[90m.[39m[90m.[39m [32;1mDONE[39;22m
2025-04-09T00:19:45.4328360Z 
2025-04-09T00:19:45.4428327Z 80 packages you are using are looking for funding.
2025-04-09T00:19:45.4428884Z Use the `composer fund` command to find out more!
2025-04-09T00:19:45.6325865Z > @php artisan vendor:publish --tag=laravel-assets --ansi --force
2025-04-09T00:19:45.7600466Z 
2025-04-09T00:19:45.7601332Z   [37;44m INFO [39;49m No publishable resources for tag [1m[laravel-assets][22m.  
2025-04-09T00:19:45.7601855Z 
2025-04-09T00:19:45.7996712Z ##[group]Run cp .env.example .env
2025-04-09T00:19:45.7997015Z [36;1mcp .env.example .env[0m
2025-04-09T00:19:45.8045475Z shell: /usr/bin/bash -e {0}
2025-04-09T00:19:45.8045708Z env:
2025-04-09T00:19:45.8045890Z   COMPOSER_PROCESS_TIMEOUT: 0
2025-04-09T00:19:45.8046135Z   COMPOSER_NO_INTERACTION: 1
2025-04-09T00:19:45.8046342Z   COMPOSER_NO_AUDIT: 1
2025-04-09T00:19:45.8046536Z ##[endgroup]
2025-04-09T00:19:45.8151809Z ##[group]Run php artisan key:generate
2025-04-09T00:19:45.8152106Z [36;1mphp artisan key:generate[0m
2025-04-09T00:19:45.8196593Z shell: /usr/bin/bash -e {0}
2025-04-09T00:19:45.8196823Z env:
2025-04-09T00:19:45.8197008Z   COMPOSER_PROCESS_TIMEOUT: 0
2025-04-09T00:19:45.8197242Z   COMPOSER_NO_INTERACTION: 1
2025-04-09T00:19:45.8197469Z   COMPOSER_NO_AUDIT: 1
2025-04-09T00:19:45.8197659Z ##[endgroup]
2025-04-09T00:19:45.9559684Z 
2025-04-09T00:19:45.9560247Z    INFO  Application key set successfully.  
2025-04-09T00:19:45.9560622Z 
2025-04-09T00:19:45.9677743Z ##[group]Run php artisan test
2025-04-09T00:19:45.9678019Z [36;1mphp artisan test[0m
2025-04-09T00:19:45.9728062Z shell: /usr/bin/bash -e {0}
2025-04-09T00:19:45.9728308Z env:
2025-04-09T00:19:45.9728486Z   COMPOSER_PROCESS_TIMEOUT: 0
2025-04-09T00:19:45.9728724Z   COMPOSER_NO_INTERACTION: 1
2025-04-09T00:19:45.9728940Z   COMPOSER_NO_AUDIT: 1
2025-04-09T00:19:45.9729155Z ##[endgroup]
2025-04-09T00:19:46.1993451Z 
2025-04-09T00:19:46.1994154Z    PASS  Tests\Unit\ExampleTest
2025-04-09T00:19:46.2018013Z   âœ“ that true is true
2025-04-09T00:19:46.2772744Z 
2025-04-09T00:19:46.2773058Z    PASS  Tests\Feature\ExampleTest
2025-04-09T00:19:46.2798166Z   âœ“ the application returns a successful response                        0.08s  
2025-04-09T00:19:46.2798738Z 
2025-04-09T00:19:46.2798960Z   Tests:    2 passed (2 assertions)
2025-04-09T00:19:46.2799487Z   Duration: 0.11s
2025-04-09T00:19:46.2799628Z 
2025-04-09T00:19:46.3082120Z Post job cleanup.
2025-04-09T00:19:46.4012398Z [command]/usr/bin/git version
2025-04-09T00:19:46.4050317Z git version 2.49.0
2025-04-09T00:19:46.4095136Z Temporarily overriding HOME='/home/runner/work/_temp/56a88037-f902-4f0f-bdda-055758a4c199' before making global git config changes
2025-04-09T00:19:46.4096388Z Adding repository directory to the temporary git global config as a safe directory
2025-04-09T00:19:46.4108361Z [command]/usr/bin/git config --global --add safe.directory /home/runner/work/laravel/laravel
2025-04-09T00:19:46.4143783Z [command]/usr/bin/git config --local --name-only --get-regexp core\.sshCommand
2025-04-09T00:19:46.4176508Z [command]/usr/bin/git submodule foreach --recursive sh -c "git config --local --name-only --get-regexp 'core\.sshCommand' && git config --local --unset-all 'core.sshCommand' || :"
2025-04-09T00:19:46.4415157Z [command]/usr/bin/git config --local --name-only --get-regexp http\.https\:\/\/github\.com\/\.extraheader
2025-04-09T00:19:46.4436914Z http.https://github.com/.extraheader
2025-04-09T00:19:46.4451004Z [command]/usr/bin/git config --local --unset-all http.https://github.com/.extraheader
2025-04-09T00:19:46.4481635Z [command]/usr/bin/git submodule foreach --recursive sh -c "git config --local --name-only --get-regexp 'http\.https\:\/\/github\.com\/\.extraheader' && git config --local --unset-all 'http.https://github.com/.extraheader' || :"
2025-04-09T00:19:46.4803508Z Cleaning up orphan processes
