2025-04-15T07:13:41.5937363Z Requested labels: ubuntu-latest
2025-04-15T07:13:41.5937624Z Job defined at: supabase/supabase/.github/workflows/docs-lint-v2.yml@refs/pull/27087/merge
2025-04-15T07:13:41.5937708Z Waiting for a runner to pick up this job...
2025-04-15T07:13:42.7262979Z Job is waiting for a hosted runner to come online.
2025-04-15T07:13:44.7032658Z Job is about to start running on the hosted runner: GitHub Actions 29 (hosted)
2025-04-15T07:13:46.6650025Z Current runner version: '2.323.0'
2025-04-15T07:13:46.6674274Z ##[group]Operating System
2025-04-15T07:13:46.6675057Z Ubuntu
2025-04-15T07:13:46.6675616Z 24.04.2
2025-04-15T07:13:46.6676137Z LTS
2025-04-15T07:13:46.6676565Z ##[endgroup]
2025-04-15T07:13:46.6677111Z ##[group]Runner Image
2025-04-15T07:13:46.6677723Z Image: ubuntu-24.04
2025-04-15T07:13:46.6678293Z Version: 20250406.1.0
2025-04-15T07:13:46.6679368Z Included Software: https://github.com/actions/runner-images/blob/ubuntu24/20250406.1/images/ubuntu/Ubuntu2404-Readme.md
2025-04-15T07:13:46.6680701Z Image Release: https://github.com/actions/runner-images/releases/tag/ubuntu24%2F20250406.1
2025-04-15T07:13:46.6681593Z ##[endgroup]
2025-04-15T07:13:46.6682184Z ##[group]Runner Image Provisioner
2025-04-15T07:13:46.6682775Z 2.0.422.1
2025-04-15T07:13:46.6683247Z ##[endgroup]
2025-04-15T07:13:46.6684438Z ##[group]GITHUB_TOKEN Permissions
2025-04-15T07:13:46.6686196Z Metadata: read
2025-04-15T07:13:46.6687044Z PullRequests: write
2025-04-15T07:13:46.6687652Z ##[endgroup]
2025-04-15T07:13:46.6690607Z Secret source: Actions
2025-04-15T07:13:46.6691349Z Prepare workflow directory
2025-04-15T07:13:46.7142926Z Prepare all required actions
2025-04-15T07:13:46.7179072Z Getting action download info
2025-04-15T07:13:46.9891584Z ##[group]Download immutable action package 'actions/checkout@v4'
2025-04-15T07:13:46.9892521Z Version: 4.2.2
2025-04-15T07:13:46.9893431Z Digest: sha256:ccb2698953eaebd21c7bf6268a94f9c26518a7e38e27e0b83c1fe1ad049819b1
2025-04-15T07:13:46.9894776Z Source commit SHA: 11bd71901bbe5b1630ceea73d27597364c9af683
2025-04-15T07:13:46.9895493Z ##[endgroup]
2025-04-15T07:13:47.0707305Z Download action repository 'dorny/paths-filter@de90cc6fb38fc0963ad72b210f1f284cd68cea36' (SHA:de90cc6fb38fc0963ad72b210f1f284cd68cea36)
2025-04-15T07:13:47.3434650Z ##[group]Download immutable action package 'actions/cache@v4'
2025-04-15T07:13:47.3435380Z Version: 4.2.3
2025-04-15T07:13:47.3436166Z Digest: sha256:c8a3bb963e1f1826d8fcc8d1354f0dd29d8ac1db1d4f6f20247055ae11b81ed9
2025-04-15T07:13:47.3437286Z Source commit SHA: 5a3ec84eff668545956fd18022155c47e93e2684
2025-04-15T07:13:47.3438005Z ##[endgroup]
2025-04-15T07:13:47.4476600Z Download action repository 'reviewdog/action-setup@3f401fe1d58fe77e10d665ab713057375e39b887' (SHA:3f401fe1d58fe77e10d665ab713057375e39b887)
2025-04-15T07:13:47.8245878Z Complete job name: supa-mdx-lint
2025-04-15T07:13:47.9073739Z ##[group]Run actions/checkout@v4
2025-04-15T07:13:47.9075343Z with:
2025-04-15T07:13:47.9076144Z   fetch-depth: 0
2025-04-15T07:13:47.9077517Z   sparse-checkout: supa-mdx-lint.config.toml
supa-mdx-lint
apps/docs/content

2025-04-15T07:13:47.9079191Z   repository: supabase/supabase
2025-04-15T07:13:47.9080611Z   token: ***
2025-04-15T07:13:47.9081437Z   ssh-strict: true
2025-04-15T07:13:47.9082295Z   ssh-user: git
2025-04-15T07:13:47.9083175Z   persist-credentials: true
2025-04-15T07:13:47.9084306Z   clean: true
2025-04-15T07:13:47.9085205Z   sparse-checkout-cone-mode: true
2025-04-15T07:13:47.9086282Z   fetch-tags: false
2025-04-15T07:13:47.9087186Z   show-progress: true
2025-04-15T07:13:47.9088080Z   lfs: false
2025-04-15T07:13:47.9088892Z   submodules: false
2025-04-15T07:13:47.9089797Z   set-safe-directory: true
2025-04-15T07:13:47.9091056Z env:
2025-04-15T07:13:47.9091904Z   CARGO_NET_GIT_FETCH_WITH_CLI: true
2025-04-15T07:13:47.9092972Z ##[endgroup]
2025-04-15T07:13:48.0869221Z Syncing repository: supabase/supabase
2025-04-15T07:13:48.0872616Z ##[group]Getting Git version info
2025-04-15T07:13:48.0874298Z Working directory is '/home/runner/work/supabase/supabase'
2025-04-15T07:13:48.0876250Z [command]/usr/bin/git version
2025-04-15T07:13:48.0877715Z git version 2.49.0
2025-04-15T07:13:48.0880734Z ##[endgroup]
2025-04-15T07:13:48.0886683Z Temporarily overriding HOME='/home/runner/work/_temp/07aa53dd-f536-4218-b30a-dd4094afe6be' before making global git config changes
2025-04-15T07:13:48.0889384Z Adding repository directory to the temporary git global config as a safe directory
2025-04-15T07:13:48.0891571Z [command]/usr/bin/git config --global --add safe.directory /home/runner/work/supabase/supabase
2025-04-15T07:13:48.0913239Z Deleting the contents of '/home/runner/work/supabase/supabase'
2025-04-15T07:13:48.0917440Z ##[group]Initializing the repository
2025-04-15T07:13:48.0921153Z [command]/usr/bin/git init /home/runner/work/supabase/supabase
2025-04-15T07:13:48.0980721Z hint: Using 'master' as the name for the initial branch. This default branch name
2025-04-15T07:13:48.0983659Z hint: is subject to change. To configure the initial branch name to use in all
2025-04-15T07:13:48.0987064Z hint: of your new repositories, which will suppress this warning, call:
2025-04-15T07:13:48.0988477Z hint:
2025-04-15T07:13:48.0989436Z hint: 	git config --global init.defaultBranch <name>
2025-04-15T07:13:48.0990723Z hint:
2025-04-15T07:13:48.0992192Z hint: Names commonly chosen instead of 'master' are 'main', 'trunk' and
2025-04-15T07:13:48.0994333Z hint: 'development'. The just-created branch can be renamed via this command:
2025-04-15T07:13:48.0995815Z hint:
2025-04-15T07:13:48.0997009Z hint: 	git branch -m <name>
2025-04-15T07:13:48.0998459Z Initialized empty Git repository in /home/runner/work/supabase/supabase/.git/
2025-04-15T07:13:48.1001538Z [command]/usr/bin/git remote add origin https://github.com/supabase/supabase
2025-04-15T07:13:48.1033150Z ##[endgroup]
2025-04-15T07:13:48.1034999Z ##[group]Disabling automatic garbage collection
2025-04-15T07:13:48.1036742Z [command]/usr/bin/git config --local gc.auto 0
2025-04-15T07:13:48.1066551Z ##[endgroup]
2025-04-15T07:13:48.1068752Z ##[group]Setting up auth
2025-04-15T07:13:48.1072411Z [command]/usr/bin/git config --local --name-only --get-regexp core\.sshCommand
2025-04-15T07:13:48.1102680Z [command]/usr/bin/git submodule foreach --recursive sh -c "git config --local --name-only --get-regexp 'core\.sshCommand' && git config --local --unset-all 'core.sshCommand' || :"
2025-04-15T07:13:48.1378312Z [command]/usr/bin/git config --local --name-only --get-regexp http\.https\:\/\/github\.com\/\.extraheader
2025-04-15T07:13:48.1410581Z [command]/usr/bin/git submodule foreach --recursive sh -c "git config --local --name-only --get-regexp 'http\.https\:\/\/github\.com\/\.extraheader' && git config --local --unset-all 'http.https://github.com/.extraheader' || :"
2025-04-15T07:13:48.1641220Z [command]/usr/bin/git config --local http.https://github.com/.extraheader AUTHORIZATION: basic ***
2025-04-15T07:13:48.1678171Z ##[endgroup]
2025-04-15T07:13:48.1679641Z ##[group]Fetching the repository
2025-04-15T07:13:48.1688598Z [command]/usr/bin/git -c protocol.version=2 fetch --prune --no-recurse-submodules --filter=blob:none origin +refs/heads/*:refs/remotes/origin/* +refs/tags/*:refs/tags/* +ed95dd62d7ff8e9ecce5056f8f949e2a96c21e5d:refs/remotes/pull/27087/merge
2025-04-15T07:13:51.2130414Z From https://github.com/supabase/supabase
2025-04-15T07:13:51.2131499Z  * [new branch]          GiantPineappleStatue/master -> origin/GiantPineappleStatue/master
2025-04-15T07:13:51.2132797Z  * [new branch]          TheOtherBrian1-patch-1  -> origin/TheOtherBrian1-patch-1
2025-04-15T07:13:51.2134076Z  * [new branch]          TheOtherBrian1-patch-2  -> origin/TheOtherBrian1-patch-2
2025-04-15T07:13:51.2135121Z  * [new branch]          TheOtherBrian1-patch-3  -> origin/TheOtherBrian1-patch-3
2025-04-15T07:13:51.2136214Z  * [new branch]          TheOtherBrian1-patch-5  -> origin/TheOtherBrian1-patch-5
2025-04-15T07:13:51.2137445Z  * [new branch]          YuriCodes-patch-1       -> origin/YuriCodes-patch-1
2025-04-15T07:13:51.2139245Z  * [new branch]          add-new-author          -> origin/add-new-author
2025-04-15T07:13:51.2141666Z  * [new branch]          advanced-mfa-web-authn  -> origin/advanced-mfa-web-authn
2025-04-15T07:13:51.2143716Z  * [new branch]          ai-hackathon-at-y-combinator-post -> origin/ai-hackathon-at-y-combinator-post
2025-04-15T07:13:51.2145970Z  * [new branch]          analytics-postgres-backend -> origin/analytics-postgres-backend
2025-04-15T07:13:51.2147724Z  * [new branch]          annual-plans            -> origin/annual-plans
2025-04-15T07:13:51.2149839Z  * [new branch]          auth-users-uid-search   -> origin/auth-users-uid-search
2025-04-15T07:13:51.2152204Z  * [new branch]          autofix-job-stuck       -> origin/autofix-job-stuck
2025-04-15T07:13:51.2156202Z  * [new branch]          avallete/devwf-367-fix-studio-disable-branching-delete-branches -> origin/avallete/devwf-367-fix-studio-disable-branching-delete-branches
2025-04-15T07:13:51.2157938Z  * [new branch]          blog/assistant          -> origin/blog/assistant
2025-04-15T07:13:51.2160365Z  * [new branch]          blog/lwx-branching-post -> origin/blog/lwx-branching-post
2025-04-15T07:13:51.2162282Z  * [new branch]          blog/lwx-how-design-works-at-supabase -> origin/blog/lwx-how-design-works-at-supabase
2025-04-15T07:13:51.2164382Z  * [new branch]          blog/magic-link-python-auth -> origin/blog/magic-link-python-auth
2025-04-15T07:13:51.2166344Z  * [new branch]          blog/whale-hack         -> origin/blog/whale-hack
2025-04-15T07:13:51.2170184Z  * [new branch]          bo/fix/wrapeprs-secret  -> origin/bo/fix/wrapeprs-secret
2025-04-15T07:13:51.2173051Z  * [new branch]          bot/docs-lint-fixes     -> origin/bot/docs-lint-fixes
2025-04-15T07:13:51.2175077Z  * [new branch]          bot/docs-lint-fixes-20241216210722 -> origin/bot/docs-lint-fixes-20241216210722
2025-04-15T07:13:51.2177108Z  * [new branch]          bot/docs-lint-fixes-20241216211023 -> origin/bot/docs-lint-fixes-20241216211023
2025-04-15T07:13:51.2179141Z  * [new branch]          bot/docs-sync-troubleshooting -> origin/bot/docs-sync-troubleshooting
2025-04-15T07:13:51.2181301Z  * [new branch]          bot/docs-sync-troubleshooting-spbxyka -> origin/bot/docs-sync-troubleshooting-spbxyka
2025-04-15T07:13:51.2184318Z  * [new branch]          bs/jsr                  -> origin/bs/jsr
2025-04-15T07:13:51.2187418Z  * [new branch]          burggraf-patch-1-note-to-ignore-circular-constraint-warning -> origin/burggraf-patch-1-note-to-ignore-circular-constraint-warning
2025-04-15T07:13:51.2189505Z  * [new branch]          charis/anon-read-troubleshooting -> origin/charis/anon-read-troubleshooting
2025-04-15T07:13:51.2192478Z  * [new branch]          chore(docs)-activate-admonition-type-lint-rule -> origin/chore(docs)-activate-admonition-type-lint-rule
2025-04-15T07:13:51.2194514Z  * [new branch]          chore-Update-regions.ts -> origin/chore-Update-regions.ts
2025-04-15T07:13:51.2197422Z  * [new branch]          chore/add-NEXT_PUBLIC_UI_LIBRARY_URL-to-www-env -> origin/chore/add-NEXT_PUBLIC_UI_LIBRARY_URL-to-www-env
2025-04-15T07:13:51.2198755Z  * [new branch]          chore/add-cmdk-docs     -> origin/chore/add-cmdk-docs
2025-04-15T07:13:51.2202529Z  * [new branch]          chore/add-guard-to-not-trigger-content-save-if-sql-id-is-new -> origin/chore/add-guard-to-not-trigger-content-save-if-sql-id-is-new
2025-04-15T07:13:51.2204192Z  * [new branch]          chore/add-hero          -> origin/chore/add-hero
2025-04-15T07:13:51.2205177Z  * [new branch]          chore/add-invite-user-docs -> origin/chore/add-invite-user-docs
2025-04-15T07:13:51.2206924Z  * [new branch]          chore/add-lint-2        -> origin/chore/add-lint-2
2025-04-15T07:13:51.2210329Z  * [new branch]          chore/add-policies-to-schema-visualizer -> origin/chore/add-policies-to-schema-visualizer
2025-04-15T07:13:51.2211911Z  * [new branch]          chore/add-reliable-referrer -> origin/chore/add-reliable-referrer
2025-04-15T07:13:51.2213336Z  * [new branch]          chore/add-replace-code-to-ai-assist -> origin/chore/add-replace-code-to-ai-assist
2025-04-15T07:13:51.2215620Z  * [new branch]          chore/add-sql-editor-tests -> origin/chore/add-sql-editor-tests
2025-04-15T07:13:51.2217499Z  * [new branch]          chore/add-studio-version-in-header-for-local-self-host -> origin/chore/add-studio-version-in-header-for-local-self-host
2025-04-15T07:13:51.2219524Z  * [new branch]          chore/add-validation-for-pool-size-based-on-compute -> origin/chore/add-validation-for-pool-size-based-on-compute
2025-04-15T07:13:51.2221217Z  * [new branch]          chore/add-web-context-to-assistant -> origin/chore/add-web-context-to-assistant
2025-04-15T07:13:51.2223702Z  * [new branch]          chore/adding-one-more-human -> origin/chore/adding-one-more-human
2025-04-15T07:13:51.2225373Z  * [new branch]          chore/ai_links          -> origin/chore/ai_links
2025-04-15T07:13:51.2227714Z  * [new branch]          chore/allow-disabling-public-schema--hide-api-menu-items -> origin/chore/allow-disabling-public-schema--hide-api-menu-items
2025-04-15T07:13:51.2229227Z  * [new branch]          chore/app-migration     -> origin/chore/app-migration
2025-04-15T07:13:51.2230926Z  * [new branch]          chore/attempt-to-fix-docs-troubleshooting -> origin/chore/attempt-to-fix-docs-troubleshooting
2025-04-15T07:13:51.2232299Z  * [new branch]          chore/billing-address   -> origin/chore/billing-address
2025-04-15T07:13:51.2234322Z  * [new branch]          chore/bump-babel        -> origin/chore/bump-babel
2025-04-15T07:13:51.2236204Z  * [new branch]          chore/bump-logflare-version -> origin/chore/bump-logflare-version
2025-04-15T07:13:51.2237793Z  * [new branch]          chore/bump-node         -> origin/chore/bump-node
2025-04-15T07:13:51.2239485Z  * [new branch]          chore/cleanup           -> origin/chore/cleanup
2025-04-15T07:13:51.2241436Z  * [new branch]          chore/cleanup-feature-flags-140224 -> origin/chore/cleanup-feature-flags-140224
2025-04-15T07:13:51.2242910Z  * [new branch]          chore/cleanup-menu-expand -> origin/chore/cleanup-menu-expand
2025-04-15T07:13:51.2244988Z  * [new branch]          chore/clear-history-on-close -> origin/chore/clear-history-on-close
2025-04-15T07:13:51.2246877Z  * [new branch]          chore/combobox-for-rls-table-selector -> origin/chore/combobox-for-rls-table-selector
2025-04-15T07:13:51.2248440Z  * [new branch]          chore/combobox-for-rls-table-selector-2 -> origin/chore/combobox-for-rls-table-selector-2
2025-04-15T07:13:51.2250101Z  * [new branch]          chore/convert-next.config-to-mjs -> origin/chore/convert-next.config-to-mjs
2025-04-15T07:13:51.2251732Z  * [new branch]          chore/cron-ui-data-table -> origin/chore/cron-ui-data-table
2025-04-15T07:13:51.2253450Z  * [new branch]          chore/db-design-layout  -> origin/chore/db-design-layout
2025-04-15T07:13:51.2255652Z  * [new branch]          chore/db-visualiser-3   -> origin/chore/db-visualiser-3
2025-04-15T07:13:51.2257065Z  * [new branch]          chore/dbnew-rls         -> origin/chore/dbnew-rls
2025-04-15T07:13:51.2258885Z  * [new branch]          chore/deprecate-autodocs -> origin/chore/deprecate-autodocs
2025-04-15T07:13:51.2260769Z  * [new branch]          chore/disable-scroll-zoom-for-RR-ui -> origin/chore/disable-scroll-zoom-for-RR-ui
2025-04-15T07:13:51.2262574Z  * [new branch]          chore/docs-add-docenvx-branching-example -> origin/chore/docs-add-docenvx-branching-example
2025-04-15T07:13:51.2264354Z  * [new branch]          chore/docs-refactor-testing-docs -> origin/chore/docs-refactor-testing-docs
2025-04-15T07:13:51.2265991Z  * [new branch]          chore/exclude-pw-chars  -> origin/chore/exclude-pw-chars
2025-04-15T07:13:51.2268096Z  * [new branch]          chore/experiment-tree-view-sql-editor -> origin/chore/experiment-tree-view-sql-editor
2025-04-15T07:13:51.2269573Z  * [new branch]          chore/expose-radix-toggle -> origin/chore/expose-radix-toggle
2025-04-15T07:13:51.2271220Z  * [new branch]          chore/feeds             -> origin/chore/feeds
2025-04-15T07:13:51.2273330Z  * [new branch]          chore/fix-alert-in-schema-dropdown -> origin/chore/fix-alert-in-schema-dropdown
2025-04-15T07:13:51.2274983Z  * [new branch]          chore/fix-auth-link     -> origin/chore/fix-auth-link
2025-04-15T07:13:51.2277074Z  * [new branch]          chore/fix-csp-websocket -> origin/chore/fix-csp-websocket
2025-04-15T07:13:51.2279259Z  * [new branch]          chore/fix-database-dot-new-redirect -> origin/chore/fix-database-dot-new-redirect
2025-04-15T07:13:51.2280991Z  * [new branch]          chore/fix-db-page-table-actions -> origin/chore/fix-db-page-table-actions
2025-04-15T07:13:51.2283016Z  * [new branch]          chore/fix-db-pooler-settings-error -> origin/chore/fix-db-pooler-settings-error
2025-04-15T07:13:51.2285211Z  * [new branch]          chore/fix-debug-error   -> origin/chore/fix-debug-error
2025-04-15T07:13:51.2287341Z  * [new branch]          chore/fix-dependabot-warnings -> origin/chore/fix-dependabot-warnings
2025-04-15T07:13:51.2289380Z  * [new branch]          chore/fix-enum-column-editor -> origin/chore/fix-enum-column-editor
2025-04-15T07:13:51.2291522Z  * [new branch]          chore/fix-flakiness-in-logs-tests -> origin/chore/fix-flakiness-in-logs-tests
2025-04-15T07:13:51.2293145Z  * [new branch]          chore/fix-https         -> origin/chore/fix-https
2025-04-15T07:13:51.2295941Z  * [new branch]          chore/fix-input-error-icon-sizes -> origin/chore/fix-input-error-icon-sizes
2025-04-15T07:13:51.2297824Z  * [new branch]          chore/fix-listbox-colours -> origin/chore/fix-listbox-colours
2025-04-15T07:13:51.2300188Z  * [new branch]          chore/fix-main-tag      -> origin/chore/fix-main-tag
2025-04-15T07:13:51.2302282Z  * [new branch]          chore/fix-main-tag-2    -> origin/chore/fix-main-tag-2
2025-04-15T07:13:51.2304475Z  * [new branch]          chore/fix-more-dropdowns -> origin/chore/fix-more-dropdowns
2025-04-15T07:13:51.2306561Z  * [new branch]          chore/fix-move-folder   -> origin/chore/fix-move-folder
2025-04-15T07:13:51.2308579Z  * [new branch]          chore/fix-nav-bar-layout -> origin/chore/fix-nav-bar-layout
2025-04-15T07:13:51.2310670Z  * [new branch]          chore/fix-pg-number-autofill -> origin/chore/fix-pg-number-autofill
2025-04-15T07:13:51.2312657Z  * [new branch]          chore/fix-sql-editor-charts -> origin/chore/fix-sql-editor-charts
2025-04-15T07:13:51.2314880Z  * [new branch]          chore/fix-studio-unit-tests -> origin/chore/fix-studio-unit-tests
2025-04-15T07:13:51.2316988Z  * [new branch]          chore/fix-table-picker  -> origin/chore/fix-table-picker
2025-04-15T07:13:51.2318941Z  * [new branch]          chore/fix-telemetry-docs -> origin/chore/fix-telemetry-docs
2025-04-15T07:13:51.2320890Z  * [new branch]          chore/fix-theme-switcher -> origin/chore/fix-theme-switcher
2025-04-15T07:13:51.2323041Z  * [new branch]          chore/fix-trigger-toggle -> origin/chore/fix-trigger-toggle
2025-04-15T07:13:51.2325645Z  * [new branch]          chore/get-lint-results-from-api -> origin/chore/get-lint-results-from-api
2025-04-15T07:13:51.2327219Z  * [new branch]          chore/git-depth-vercel  -> origin/chore/git-depth-vercel
2025-04-15T07:13:51.2329510Z  * [new branch]          chore/img-previews-in-table-editor -> origin/chore/img-previews-in-table-editor
2025-04-15T07:13:51.2331837Z  * [new branch]          chore/improve-search-input-sql-editor -> origin/chore/improve-search-input-sql-editor
2025-04-15T07:13:51.2334181Z  * [new branch]          chore/improve-search-input-table-editor -> origin/chore/improve-search-input-table-editor
2025-04-15T07:13:51.2336185Z  * [new branch]          chore/increase-staleTime -> origin/chore/increase-staleTime
2025-04-15T07:13:51.2338443Z  * [new branch]          chore/index-recent-changelog -> origin/chore/index-recent-changelog
2025-04-15T07:13:51.2340553Z  * [new branch]          chore/inline-env-vars-for-efs -> origin/chore/inline-env-vars-for-efs
2025-04-15T07:13:51.2342701Z  * [new branch]          chore/integrations-tabs-padding -> origin/chore/integrations-tabs-padding
2025-04-15T07:13:51.2344520Z  * [new branch]          chore/jordi-test-checkbox -> origin/chore/jordi-test-checkbox
2025-04-15T07:13:51.2346771Z  * [new branch]          chore/joshen-check      -> origin/chore/joshen-check
2025-04-15T07:13:51.2348850Z  * [new branch]          chore/joshen-check2     -> origin/chore/joshen-check2
2025-04-15T07:13:51.2351124Z  * [new branch]          chore/light-grey-adjustments-on-blog -> origin/chore/light-grey-adjustments-on-blog
2025-04-15T07:13:51.2353090Z  * [new branch]          chore/load-foreign-keys -> origin/chore/load-foreign-keys
2025-04-15T07:13:51.2355396Z  * [new branch]          chore/mark-pm-as-default -> origin/chore/mark-pm-as-default
2025-04-15T07:13:51.2357396Z  * [new branch]          chore/migrate-dialog    -> origin/chore/migrate-dialog
2025-04-15T07:13:51.2359479Z  * [new branch]          chore/migrate-dialogs   -> origin/chore/migrate-dialogs
2025-04-15T07:13:51.2361609Z  * [new branch]          chore/migrate-popover   -> origin/chore/migrate-popover
2025-04-15T07:13:51.2364012Z  * [new branch]          chore/move-components-to-patterns -> origin/chore/move-components-to-patterns
2025-04-15T07:13:51.2366051Z  * [new branch]          chore/move-cookiestore  -> origin/chore/move-cookiestore
2025-04-15T07:13:51.2368121Z  * [new branch]          chore/move-copybutton   -> origin/chore/move-copybutton
2025-04-15T07:13:51.2370170Z  * [new branch]          chore/move-icons        -> origin/chore/move-icons
2025-04-15T07:13:51.2372460Z  * [new branch]          chore/move-main-out-of-root-layout -> origin/chore/move-main-out-of-root-layout
2025-04-15T07:13:51.2374767Z  * [new branch]          chore/move-security-advisor -> origin/chore/move-security-advisor
2025-04-15T07:13:51.2376985Z  * [new branch]          chore/move-sort-out-by-itself -> origin/chore/move-sort-out-by-itself
2025-04-15T07:13:51.2379085Z  * [new branch]          chore/multilingual_demo -> origin/chore/multilingual_demo
2025-04-15T07:13:51.2381210Z  * [new branch]          chore/nav-menu-rethink  -> origin/chore/nav-menu-rethink
2025-04-15T07:13:51.2383584Z  * [new branch]          chore/on-demand-revalidation-graphql -> origin/chore/on-demand-revalidation-graphql
2025-04-15T07:13:51.2385789Z  * [new branch]          chore/pnpm              -> origin/chore/pnpm
2025-04-15T07:13:51.2388142Z  * [new branch]          chore/prefetch-project  -> origin/chore/prefetch-project
2025-04-15T07:13:51.2390704Z  * [new branch]          chore/prevent-creating-projects-in-west-us -> origin/chore/prevent-creating-projects-in-west-us
2025-04-15T07:13:51.2392935Z  * [new branch]          chore/prevent-input-scroll -> origin/chore/prevent-input-scroll
2025-04-15T07:13:51.2395512Z  * [new branch]          chore/pricing-constants -> origin/chore/pricing-constants
2025-04-15T07:13:51.2397900Z  * [new branch]          chore/redirect-subdomain-studio -> origin/chore/redirect-subdomain-studio
2025-04-15T07:13:51.2400404Z  * [new branch]          chore/redo-column-type-dropdown -> origin/chore/redo-column-type-dropdown
2025-04-15T07:13:51.2402717Z  * [new branch]          chore/redo-column-type-dropdown-2 -> origin/chore/redo-column-type-dropdown-2
2025-04-15T07:13:51.2405211Z  * [new branch]          chore/refactor-pooler-form -> origin/chore/refactor-pooler-form
2025-04-15T07:13:51.2407813Z  * [new branch]          chore/refactor-telemetry-event-and-update-for-PH -> origin/chore/refactor-telemetry-event-and-update-for-PH
2025-04-15T07:13:51.2410026Z  * [new branch]          chore/remove-feat-preview-toggle -> origin/chore/remove-feat-preview-toggle
2025-04-15T07:13:51.2413502Z  * [new branch]          chore/remove-incorrect-description-label-on-rate-limits-for-sign-ups/ins -> origin/chore/remove-incorrect-description-label-on-rate-limits-for-sign-ups/ins
2025-04-15T07:13:51.2415841Z  * [new branch]          chore/remove-jwt-secret-from-db -> origin/chore/remove-jwt-secret-from-db
2025-04-15T07:13:51.2418267Z  * [new branch]          chore/remove-new-label-reports-menu -> origin/chore/remove-new-label-reports-menu
2025-04-15T07:13:51.2420580Z  * [new branch]          chore/remove-playwright-tests -> origin/chore/remove-playwright-tests
2025-04-15T07:13:51.2422972Z  * [new branch]          chore/remove-rq-from-message-title -> origin/chore/remove-rq-from-message-title
2025-04-15T07:13:51.2425747Z  * [new branch]          chore/replace-ui-setNotification-with-toast-080324-04 -> origin/chore/replace-ui-setNotification-with-toast-080324-04
2025-04-15T07:13:51.2427865Z  * [new branch]          chore/rls-ai-help-text  -> origin/chore/rls-ai-help-text
2025-04-15T07:13:51.2430259Z  * [new branch]          chore/rss-feeds         -> origin/chore/rss-feeds
2025-04-15T07:13:51.2432955Z  * [new branch]          chore/save-results-and-not-run-select-queries-in-assistant -> origin/chore/save-results-and-not-run-select-queries-in-assistant
2025-04-15T07:13:51.2435349Z  * [new branch]          chore/scroll-to-current-table -> origin/chore/scroll-to-current-table
2025-04-15T07:13:51.2437734Z  * [new branch]          chore/send-pr-on-publish -> origin/chore/send-pr-on-publish
2025-04-15T07:13:51.2440227Z  * [new branch]          chore/service-role-key-leak-notification -> origin/chore/service-role-key-leak-notification
2025-04-15T07:13:51.2442596Z  * [new branch]          chore/service-role-keys -> origin/chore/service-role-keys
2025-04-15T07:13:51.2446128Z  * [new branch]          chore/services-required-supportForm -> origin/chore/services-required-supportForm
2025-04-15T07:13:51.2448544Z  * [new branch]          chore/shadcn-prep       -> origin/chore/shadcn-prep
2025-04-15T07:13:51.2450945Z  * [new branch]          chore/sitemaps          -> origin/chore/sitemaps
2025-04-15T07:13:51.2453328Z  * [new branch]          chore/spam-scores       -> origin/chore/spam-scores
2025-04-15T07:13:51.2456169Z  * [new branch]          chore/speed-up-studio-builds -> origin/chore/speed-up-studio-builds
2025-04-15T07:13:51.2459166Z  * [new branch]          chore/splinter-notifications-issue -> origin/chore/splinter-notifications-issue
2025-04-15T07:13:51.2461403Z  * [new branch]          chore/split-ui-components -> origin/chore/split-ui-components
2025-04-15T07:13:51.2463677Z  * [new branch]          chore/sql-action-bar-1.5 -> origin/chore/sql-action-bar-1.5
2025-04-15T07:13:51.2466281Z  * [new branch]          chore/sql-editor-rerenders -> origin/chore/sql-editor-rerenders
2025-04-15T07:13:51.2469101Z  * [new branch]          chore/sql-hover-card-round-2 -> origin/chore/sql-hover-card-round-2
2025-04-15T07:13:51.2471445Z  * [new branch]          chore/store-last-schema-used -> origin/chore/store-last-schema-used
2025-04-15T07:13:51.2473755Z  * [new branch]          chore/studio-v3-blog-post -> origin/chore/studio-v3-blog-post
2025-04-15T07:13:51.2476322Z  * [new branch]          chore/supavisor-connections -> origin/chore/supavisor-connections
2025-04-15T07:13:51.2479190Z  * [new branch]          chore/support-downloading-storage-objects-in-project-paused-state -> origin/chore/support-downloading-storage-objects-in-project-paused-state
2025-04-15T07:13:51.2480874Z  * [new branch]          chore/tag-based-revalidation -> origin/chore/tag-based-revalidation
2025-04-15T07:13:51.2483357Z  * [new branch]          chore/tanstack-query-v5 -> origin/chore/tanstack-query-v5
2025-04-15T07:13:51.2486125Z  * [new branch]          chore/temp-fix-jwt-update-status-response -> origin/chore/temp-fix-jwt-update-status-response
2025-04-15T07:13:51.2488300Z  * [new branch]          chore/test-api-route    -> origin/chore/test-api-route
2025-04-15T07:13:51.2490826Z  * [new branch]          chore/test-incremental-static-regeneration -> origin/chore/test-incremental-static-regeneration
2025-04-15T07:13:51.2492956Z  * [new branch]          chore/test-joshen       -> origin/chore/test-joshen
2025-04-15T07:13:51.2495408Z  * [new branch]          chore/test-joshen-2     -> origin/chore/test-joshen-2
2025-04-15T07:13:51.2497743Z  * [new branch]          chore/test-node-20      -> origin/chore/test-node-20
2025-04-15T07:13:51.2500080Z  * [new branch]          chore/test-playwright   -> origin/chore/test-playwright
2025-04-15T07:13:51.2502475Z  * [new branch]          chore/test-restore-failed-status -> origin/chore/test-restore-failed-status
2025-04-15T07:13:51.2504934Z  * [new branch]          chore/test-task         -> origin/chore/test-task
2025-04-15T07:13:51.2507329Z  * [new branch]          chore/tests-on-prod-deploy -> origin/chore/tests-on-prod-deploy
2025-04-15T07:13:51.2509699Z  * [new branch]          chore/try-vertical-layout-split -> origin/chore/try-vertical-layout-split
2025-04-15T07:13:51.2512042Z  * [new branch]          chore/update-admonition-colors -> origin/chore/update-admonition-colors
2025-04-15T07:13:51.2514723Z  * [new branch]          chore/update-auth-hooks-endpoint-and-perms -> origin/chore/update-auth-hooks-endpoint-and-perms
2025-04-15T07:13:51.2516992Z  * [new branch]          chore/update-branching-docs-1 -> origin/chore/update-branching-docs-1
2025-04-15T07:13:51.2519485Z  * [new branch]          chore/update-connecting-to-postgres-docs -> origin/chore/update-connecting-to-postgres-docs
2025-04-15T07:13:51.2521755Z  * [new branch]          chore/update-docs-connecting-to-postgres -> origin/chore/update-docs-connecting-to-postgres
2025-04-15T07:13:51.2524206Z  * [new branch]          chore/update-fair-usage-doc-links -> origin/chore/update-fair-usage-doc-links
2025-04-15T07:13:51.2526543Z  * [new branch]          chore/update-jwt-regen-modal -> origin/chore/update-jwt-regen-modal
2025-04-15T07:13:51.2528942Z  * [new branch]          chore/update-migrating-docs -> origin/chore/update-migrating-docs
2025-04-15T07:13:51.2531273Z  * [new branch]          chore/update-next-config-www -> origin/chore/update-next-config-www
2025-04-15T07:13:51.2533565Z  * [new branch]          chore/update-prettier   -> origin/chore/update-prettier
2025-04-15T07:13:51.2536391Z  * [new branch]          chore/update-roles-to-use-pooler-example -> origin/chore/update-roles-to-use-pooler-example
2025-04-15T07:13:51.2538718Z  * [new branch]          chore/update-ruby-on-rails-docs -> origin/chore/update-ruby-on-rails-docs
2025-04-15T07:13:51.2540990Z  * [new branch]          chore/update-tokens     -> origin/chore/update-tokens
2025-04-15T07:13:51.2543336Z  * [new branch]          chore/update-turbo      -> origin/chore/update-turbo
2025-04-15T07:13:51.2545950Z  * [new branch]          chore/update-xmls       -> origin/chore/update-xmls
2025-04-15T07:13:51.2548460Z  * [new branch]          chore/user-management-v2-part-3 -> origin/chore/user-management-v2-part-3
2025-04-15T07:13:51.2550753Z  * [new branch]          chore/validate-pg-version -> origin/chore/validate-pg-version
2025-04-15T07:13:51.2553114Z  * [new branch]          chore/vercel-toolbar-prod -> origin/chore/vercel-toolbar-prod
2025-04-15T07:13:51.2555588Z  * [new branch]          chore/vite              -> origin/chore/vite
2025-04-15T07:13:51.2558334Z  * [new branch]          chore/warn-about-user-snippet-deleting -> origin/chore/warn-about-user-snippet-deleting
2025-04-15T07:13:51.2560404Z  * [new branch]          chore/website-changes   -> origin/chore/website-changes
2025-04-15T07:13:51.2562578Z  * [new branch]          chore_update_storage_migration_script -> origin/chore_update_storage_migration_script
2025-04-15T07:13:51.2564944Z  * [new branch]          choreinvocation-billing-copy -> origin/choreinvocation-billing-copy
2025-04-15T07:13:51.2567058Z  * [new branch]          cl-branch-2             -> origin/cl-branch-2
2025-04-15T07:13:51.2569505Z  * [new branch]          clarify-costs-project-creation -> origin/clarify-costs-project-creation
2025-04-15T07:13:51.2572132Z  * [new branch]          cleanup/deps            -> origin/cleanup/deps
2025-04-15T07:13:51.2575182Z  * [new branch]          cli/latest              -> origin/cli/latest
2025-04-15T07:13:51.2577248Z  * [new branch]          client-libs             -> origin/client-libs
2025-04-15T07:13:51.2579512Z  * [new branch]          craigcannon-patch-1     -> origin/craigcannon-patch-1
2025-04-15T07:13:51.2581742Z  * [new branch]          create_role_sidebar_enable_form_actions -> origin/create_role_sidebar_enable_form_actions
2025-04-15T07:13:51.2584516Z  * [new branch]          da/clarify-r2np         -> origin/da/clarify-r2np
2025-04-15T07:13:51.2586737Z  * [new branch]          da/rr-lb-endpoint       -> origin/da/rr-lb-endpoint
2025-04-15T07:13:51.2588799Z  * [new branch]          da/rr-workaround        -> origin/da/rr-workaround
2025-04-15T07:13:51.2590889Z  * [new branch]          da/update-pooler        -> origin/da/update-pooler
2025-04-15T07:13:51.2597181Z  * [new branch]          dependabot/npm_and_yarn/examples/user-management/sveltekit-user-management/sveltejs/kit-2.20.6 -> origin/dependabot/npm_and_yarn/examples/user-management/sveltekit-user-management/sveltejs/kit-2.20.6
2025-04-15T07:13:51.2598739Z  * [new branch]          dependabot/npm_and_yarn/vite-6.2.6 -> origin/dependabot/npm_and_yarn/vite-6.2.6
2025-04-15T07:13:51.2601616Z  * [new branch]          dev/type-issues         -> origin/dev/type-issues
2025-04-15T07:13:51.2604854Z  * [new branch]          devin/1734372890-update-sveltekit-v5 -> origin/devin/1734372890-update-sveltekit-v5
2025-04-15T07:13:51.2607010Z  * [new branch]          devin/1738025751-enable-strict-null-checks -> origin/devin/1738025751-enable-strict-null-checks
2025-04-15T07:13:51.2609614Z  * [new branch]          docs/add-cost-optimising -> origin/docs/add-cost-optimising
2025-04-15T07:13:51.2611779Z  * [new branch]          docs/add-guide-for-server-side-otp -> origin/docs/add-guide-for-server-side-otp
2025-04-15T07:13:51.2614054Z  * [new branch]          docs/add-js-sdk-ref-listfactors-method -> origin/docs/add-js-sdk-ref-listfactors-method
2025-04-15T07:13:51.2616236Z  * [new branch]          docs/add-replication-section -> origin/docs/add-replication-section
2025-04-15T07:13:51.2618388Z  * [new branch]          docs/branching-cli-config -> origin/docs/branching-cli-config
2025-04-15T07:13:51.2620401Z  * [new branch]          docs/conn-mgmt          -> origin/docs/conn-mgmt
2025-04-15T07:13:51.2622482Z  * [new branch]          docs/connections        -> origin/docs/connections
2025-04-15T07:13:51.2624843Z  * [new branch]          docs/datadog-log-drains-guide -> origin/docs/datadog-log-drains-guide
2025-04-15T07:13:51.2626885Z  * [new branch]          docs/deno_clippy        -> origin/docs/deno_clippy
2025-04-15T07:13:51.2629103Z  * [new branch]          docs/disk-resize-greater-1tb -> origin/docs/disk-resize-greater-1tb
2025-04-15T07:13:51.2631148Z  * [new branch]          docs/edge-auth-update   -> origin/docs/edge-auth-update
2025-04-15T07:13:51.2633247Z  * [new branch]          docs/feature-flag-expt  -> origin/docs/feature-flag-expt
2025-04-15T07:13:51.2635702Z  * [new branch]          docs/fix-site-url-config-links -> origin/docs/fix-site-url-config-links
2025-04-15T07:13:51.2637778Z  * [new branch]          docs/flutter-upgrade-hive -> origin/docs/flutter-upgrade-hive
2025-04-15T07:13:51.2640022Z  * [new branch]          docs/logflare-db-encryption -> origin/docs/logflare-db-encryption
2025-04-15T07:13:51.2642007Z  * [new branch]          docs/multi-r2np         -> origin/docs/multi-r2np
2025-04-15T07:13:51.2644391Z  * [new branch]          docs/pg-safeupdate-amendments -> origin/docs/pg-safeupdate-amendments
2025-04-15T07:13:51.2646566Z  * [new branch]          docs/raised-logs        -> origin/docs/raised-logs
2025-04-15T07:13:51.2648659Z  * [new branch]          docs/s3-support         -> origin/docs/s3-support
2025-04-15T07:13:51.2650891Z  * [new branch]          docs/self-hosted-data-api -> origin/docs/self-hosted-data-api
2025-04-15T07:13:51.2653139Z  * [new branch]          docs/sql-examples-federation -> origin/docs/sql-examples-federation
2025-04-15T07:13:51.2655455Z  * [new branch]          docs/storage-custom-roles -> origin/docs/storage-custom-roles
2025-04-15T07:13:51.2658260Z  * [new branch]          docs/troubleshooting/migration-32 -> origin/docs/troubleshooting/migration-32
2025-04-15T07:13:51.2660262Z  * [new branch]          docs/type-parsing       -> origin/docs/type-parsing
2025-04-15T07:13:51.2662459Z  * [new branch]          docs/update-auth-with-faqs -> origin/docs/update-auth-with-faqs
2025-04-15T07:13:51.2665704Z  * [new branch]          docs/update-replication-and-perms -> origin/docs/update-replication-and-perms
2025-04-15T07:13:51.2666854Z  * [new branch]          docs/warehouse          -> origin/docs/warehouse
2025-04-15T07:13:51.2669050Z  * [new branch]          download-backup-follow-up -> origin/download-backup-follow-up
2025-04-15T07:13:51.2671682Z  * [new branch]          drag/change_is_aws_logic -> origin/drag/change_is_aws_logic
2025-04-15T07:13:51.2673404Z  * [new branch]          drag/rr_marketing_fix   -> origin/drag/rr_marketing_fix
2025-04-15T07:13:51.2675699Z  * [new branch]          es5-target              -> origin/es5-target
2025-04-15T07:13:51.2678635Z  * [new branch]          etienne/sec-145-enforce-mfa-on-organization -> origin/etienne/sec-145-enforce-mfa-on-organization
2025-04-15T07:13:51.2680360Z  * [new branch]          etienne/sec-282-list-security-docs-page -> origin/etienne/sec-282-list-security-docs-page
2025-04-15T07:13:51.2682849Z  * [new branch]          examples/schema-rules   -> origin/examples/schema-rules
2025-04-15T07:13:51.2685140Z  * [new branch]          feat-add-retries-to-webhooks -> origin/feat-add-retries-to-webhooks
2025-04-15T07:13:51.2687903Z  * [new branch]          feat/add-etl-replication-docs -> origin/feat/add-etl-replication-docs
2025-04-15T07:13:51.2689530Z  * [new branch]          feat/add-git-sha-header -> origin/feat/add-git-sha-header
2025-04-15T07:13:51.2691851Z  * [new branch]          feat/add-invoice-check-on-project-resuming -> origin/feat/add-invoice-check-on-project-resuming
2025-04-15T07:13:51.2693518Z  * [new branch]          feat/add-preview-commit-banner -> origin/feat/add-preview-commit-banner
2025-04-15T07:13:51.2695831Z  * [new branch]          feat/add-related-issues-bot -> origin/feat/add-related-issues-bot
2025-04-15T07:13:51.2697639Z  * [new branch]          feat/add-remix-quickstart-guide -> origin/feat/add-remix-quickstart-guide
2025-04-15T07:13:51.2699527Z  * [new branch]          feat/add-storybook-app  -> origin/feat/add-storybook-app
2025-04-15T07:13:51.2701581Z  * [new branch]          feat/add-unverified-email-sign-ins -> origin/feat/add-unverified-email-sign-ins
2025-04-15T07:13:51.2703148Z  * [new branch]          feat/advisor-assistant  -> origin/feat/advisor-assistant
2025-04-15T07:13:51.2705305Z  * [new branch]          feat/ai-edge-function   -> origin/feat/ai-edge-function
2025-04-15T07:13:51.2707158Z  * [new branch]          feat/ai-postgrest       -> origin/feat/ai-postgrest
2025-04-15T07:13:51.2709052Z  * [new branch]          feat/ai-sandbox         -> origin/feat/ai-sandbox
2025-04-15T07:13:51.2710981Z  * [new branch]          feat/api-keys           -> origin/feat/api-keys
2025-04-15T07:13:51.2713067Z  * [new branch]          feat/api-keys-and-asymmetric-keys -> origin/feat/api-keys-and-asymmetric-keys
2025-04-15T07:13:51.2715094Z  * [new branch]          feat/app-router         -> origin/feat/app-router
2025-04-15T07:13:51.2716889Z  * [new branch]          feat/aprilfools-themes  -> origin/feat/aprilfools-themes
2025-04-15T07:13:51.2718860Z  * [new branch]          feat/assistant-convert-js -> origin/feat/assistant-convert-js
2025-04-15T07:13:51.2720665Z  * [new branch]          feat/assistant-logs     -> origin/feat/assistant-logs
2025-04-15T07:13:51.2722741Z  * [new branch]          feat/assistant-prototype-fixes -> origin/feat/assistant-prototype-fixes
2025-04-15T07:13:51.2724486Z  * [new branch]          feat/assistant-refine-again -> origin/feat/assistant-refine-again
2025-04-15T07:13:51.2726599Z  * [new branch]          feat/astro-temp         -> origin/feat/astro-temp
2025-04-15T07:13:51.2728522Z  * [new branch]          feat/auth-import-jwt    -> origin/feat/auth-import-jwt
2025-04-15T07:13:51.2730387Z  * [new branch]          feat/blocks-docs        -> origin/feat/blocks-docs
2025-04-15T07:13:51.2732487Z  * [new branch]          feat/branch-deploy-logs-page -> origin/feat/branch-deploy-logs-page
2025-04-15T07:13:51.2734187Z  * [new branch]          feat/byob               -> origin/feat/byob
2025-04-15T07:13:51.2736370Z  * [new branch]          feat/command            -> origin/feat/command
2025-04-15T07:13:51.2738449Z  * [new branch]          feat/command-menu-v2    -> origin/feat/command-menu-v2
2025-04-15T07:13:51.2740691Z  * [new branch]          feat/command-menu-v2-pt-ivelosttrack-drawer -> origin/feat/command-menu-v2-pt-ivelosttrack-drawer
2025-04-15T07:13:51.2742172Z  * [new branch]          feat/command-v2         -> origin/feat/command-v2
2025-04-15T07:13:51.2744435Z  * [new branch]          feat/compute-and-disk   -> origin/feat/compute-and-disk
2025-04-15T07:13:51.2746598Z  * [new branch]          feat/conslidate-sql-and-table -> origin/feat/conslidate-sql-and-table
2025-04-15T07:13:51.2748207Z  * [new branch]          feat/copy-basic-schema  -> origin/feat/copy-basic-schema
2025-04-15T07:13:51.2750320Z  * [new branch]          feat/cron-jobs-events   -> origin/feat/cron-jobs-events
2025-04-15T07:13:51.2752342Z  * [new branch]          feat/database-new       -> origin/feat/database-new
2025-04-15T07:13:51.2754402Z  * [new branch]          feat/database-report-local -> origin/feat/database-report-local
2025-04-15T07:13:51.2756351Z  * [new branch]          feat/db-new-login       -> origin/feat/db-new-login
2025-04-15T07:13:51.2758362Z  * [new branch]          feat/db-playground      -> origin/feat/db-playground
2025-04-15T07:13:51.2760277Z  * [new branch]          feat/deep-dark          -> origin/feat/deep-dark
2025-04-15T07:13:51.2762342Z  * [new branch]          feat/design-tokens-upgrade -> origin/feat/design-tokens-upgrade
2025-04-15T07:13:51.2764398Z  * [new branch]          feat/docker-healthchecks -> origin/feat/docker-healthchecks
2025-04-15T07:13:51.2766448Z  * [new branch]          feat/docs-add-alert-example -> origin/feat/docs-add-alert-example
2025-04-15T07:13:51.2768245Z  * [new branch]          feat/docs-ia            -> origin/feat/docs-ia
2025-04-15T07:13:51.2770347Z  * [new branch]          feat/docs-scaling-section -> origin/feat/docs-scaling-section
2025-04-15T07:13:51.2772241Z  * [new branch]          feat/docs-tooling       -> origin/feat/docs-tooling
2025-04-15T07:13:51.2774324Z  * [new branch]          feat/eagle-2            -> origin/feat/eagle-2
2025-04-15T07:13:51.2776505Z  * [new branch]          feat/edge-functions-ui  -> origin/feat/edge-functions-ui
2025-04-15T07:13:51.2778375Z  * [new branch]          feat/embedded           -> origin/feat/embedded
2025-04-15T07:13:51.2780378Z  * [new branch]          feat/event-collections  -> origin/feat/event-collections
2025-04-15T07:13:51.2782408Z  * [new branch]          feat/filter-bar-component -> origin/feat/filter-bar-component
2025-04-15T07:13:51.2784729Z  * [new branch]          feat/filter-case-studies -> origin/feat/filter-case-studies
2025-04-15T07:13:51.2787328Z  * [new branch]          feat/floating-command   -> origin/feat/floating-command
2025-04-15T07:13:51.2789311Z  * [new branch]          feat/font               -> origin/feat/font
2025-04-15T07:13:51.2791436Z  * [new branch]          feat/font-local         -> origin/feat/font-local
2025-04-15T07:13:51.2793709Z  * [new branch]          feat/font-mono-table-editor -> origin/feat/font-mono-table-editor
2025-04-15T07:13:51.2796228Z  * [new branch]          feat/functions-lw13-features -> origin/feat/functions-lw13-features
2025-04-15T07:13:51.2798396Z  * [new branch]          feat/github-action-deploy -> origin/feat/github-action-deploy
2025-04-15T07:13:51.2800757Z  * [new branch]          feat/highlight-enterprise-security -> origin/feat/highlight-enterprise-security
2025-04-15T07:13:51.2802904Z  * [new branch]          feat/homepage-connect-modal -> origin/feat/homepage-connect-modal
2025-04-15T07:13:51.2805651Z  * [new branch]          feat/homepage-connect-modal-combined--styling-update -> origin/feat/homepage-connect-modal-combined--styling-update
2025-04-15T07:13:51.2807733Z  * [new branch]          feat/homepage-integrations-section -> origin/feat/homepage-integrations-section
2025-04-15T07:13:51.2809910Z  * [new branch]          feat/infinite-list-block -> origin/feat/infinite-list-block
2025-04-15T07:13:51.2812153Z  * [new branch]          feat/inline-editor      -> origin/feat/inline-editor
2025-04-15T07:13:51.2814396Z  * [new branch]          feat/input-pattern      -> origin/feat/input-pattern
2025-04-15T07:13:51.2816804Z  * [new branch]          feat/integrated-nav     -> origin/feat/integrated-nav
2025-04-15T07:13:51.2819100Z  * [new branch]          feat/integration-text-area -> origin/feat/integration-text-area
2025-04-15T07:13:51.2821284Z  * [new branch]          feat/jp-top             -> origin/feat/jp-top
2025-04-15T07:13:51.2823550Z  * [new branch]          feat/links-in-design-system -> origin/feat/links-in-design-system
2025-04-15T07:13:51.2825905Z  * [new branch]          feat/llama3             -> origin/feat/llama3
2025-04-15T07:13:51.2828342Z  * [new branch]          feat/local-docs-search  -> origin/feat/local-docs-search
2025-04-15T07:13:51.2830565Z  * [new branch]          feat/log-drains-local   -> origin/feat/log-drains-local
2025-04-15T07:13:51.2832836Z  * [new branch]          feat/logdrainspricing   -> origin/feat/logdrainspricing
2025-04-15T07:13:51.2835521Z  * [new branch]          feat/logflare-workflow-run-logs -> origin/feat/logflare-workflow-run-logs
2025-04-15T07:13:51.2837775Z  * [new branch]          feat/logs-ai-assistant-shortcut -> origin/feat/logs-ai-assistant-shortcut
2025-04-15T07:13:51.2839957Z  * [new branch]          feat/logs-chart-errors  -> origin/feat/logs-chart-errors
2025-04-15T07:13:51.2842301Z  * [new branch]          feat/lw14-ticket        -> origin/feat/lw14-ticket
2025-04-15T07:13:51.2844883Z  * [new branch]          feat/mamba-d1-light-mode-imgs -> origin/feat/mamba-d1-light-mode-imgs
2025-04-15T07:13:51.2847139Z  * [new branch]          feat/mamba-init         -> origin/feat/mamba-init
2025-04-15T07:13:51.2849431Z  * [new branch]          feat/mamba-version-2    -> origin/feat/mamba-version-2
2025-04-15T07:13:51.2851681Z  * [new branch]          feat/managed-pg         -> origin/feat/managed-pg
2025-04-15T07:13:51.2854134Z  * [new branch]          feat/meetups-cms-poc    -> origin/feat/meetups-cms-poc
2025-04-15T07:13:51.2856497Z  * [new branch]          feat/mendable-ai        -> origin/feat/mendable-ai
2025-04-15T07:13:51.2858799Z  * [new branch]          feat/move-autodocs-p1   -> origin/feat/move-autodocs-p1
2025-04-15T07:13:51.2861502Z  * [new branch]          feat/move-realtime-publications -> origin/feat/move-realtime-publications
2025-04-15T07:13:51.2863710Z  * [new branch]          feat/multi-select       -> origin/feat/multi-select
2025-04-15T07:13:51.2866265Z  * [new branch]          feat/mutation-terminal  -> origin/feat/mutation-terminal
2025-04-15T07:13:51.2868593Z  * [new branch]          feat/nano-pricing       -> origin/feat/nano-pricing
2025-04-15T07:13:51.2871089Z  * [new branch]          feat/nav-auth-ui        -> origin/feat/nav-auth-ui
2025-04-15T07:13:51.2873215Z  * [new branch]          feat/nav-layout         -> origin/feat/nav-layout
2025-04-15T07:13:51.2875817Z  * [new branch]          feat/nav-layout-sidebar -> origin/feat/nav-layout-sidebar
2025-04-15T07:13:51.2878174Z  * [new branch]          feat/nav-layout-sidebar-with-tabs -> origin/feat/nav-layout-sidebar-with-tabs
2025-04-15T07:13:51.2880393Z  * [new branch]          feat/nav-layout-v2      -> origin/feat/nav-layout-v2
2025-04-15T07:13:51.2882688Z  * [new branch]          feat/new-auth-ia        -> origin/feat/new-auth-ia
2025-04-15T07:13:51.2885375Z  * [new branch]          feat/new-dev-cycle-ia   -> origin/feat/new-dev-cycle-ia
2025-04-15T07:13:51.2887656Z  * [new branch]          feat/next-15            -> origin/feat/next-15
2025-04-15T07:13:51.2889983Z  * [new branch]          feat/notion-to-events   -> origin/feat/notion-to-events
2025-04-15T07:13:51.2892341Z  * [new branch]          feat/openai-plugin      -> origin/feat/openai-plugin
2025-04-15T07:13:51.2894839Z  * [new branch]          feat/opensearch         -> origin/feat/opensearch
2025-04-15T07:13:51.2897200Z  * [new branch]          feat/org-upgrade-dialog -> origin/feat/org-upgrade-dialog
2025-04-15T07:13:51.2899697Z  * [new branch]          feat/overhaul-logs-datepicker -> origin/feat/overhaul-logs-datepicker
2025-04-15T07:13:51.2901951Z  * [new branch]          feat/partials           -> origin/feat/partials
2025-04-15T07:13:51.2904685Z  * [new branch]          feat/peek-row           -> origin/feat/peek-row
2025-04-15T07:13:51.2907021Z  * [new branch]          feat/pg-paper-dump      -> origin/feat/pg-paper-dump
2025-04-15T07:13:51.2909364Z  * [new branch]          feat/pglite             -> origin/feat/pglite
2025-04-15T07:13:51.2911715Z  * [new branch]          feat/poc-canvas         -> origin/feat/poc-canvas
2025-04-15T07:13:51.2914238Z  * [new branch]          feat/poc-recipes        -> origin/feat/poc-recipes
2025-04-15T07:13:51.2916720Z  * [new branch]          feat/postgres-integrations -> origin/feat/postgres-integrations
2025-04-15T07:13:51.2919023Z  * [new branch]          feat/pr-issue-management -> origin/feat/pr-issue-management
2025-04-15T07:13:51.2921376Z  * [new branch]          feat/products-submenu   -> origin/feat/products-submenu
2025-04-15T07:13:51.2924094Z  * [new branch]          feat/project-level-permissions -> origin/feat/project-level-permissions
2025-04-15T07:13:51.2926427Z  * [new branch]          feat/promo-toast        -> origin/feat/promo-toast
2025-04-15T07:13:51.2928790Z  * [new branch]          feat/react-email        -> origin/feat/react-email
2025-04-15T07:13:51.2931204Z  * [new branch]          feat/realtime-examples-fs -> origin/feat/realtime-examples-fs
2025-04-15T07:13:51.2933560Z  * [new branch]          feat/report-v2          -> origin/feat/report-v2
2025-04-15T07:13:51.2936943Z  * [new branch]          feat/reports-v2/create-query-block-component -> origin/feat/reports-v2/create-query-block-component
2025-04-15T07:13:51.2939173Z  * [new branch]          feat/rls-ai             -> origin/feat/rls-ai
2025-04-15T07:13:51.2941642Z  * [new branch]          feat/search-improvements -> origin/feat/search-improvements
2025-04-15T07:13:51.2944184Z  * [new branch]          feat/self-hosting-nav-links -> origin/feat/self-hosting-nav-links
2025-04-15T07:13:51.2946710Z  * [new branch]          feat/self-hosting-pwd-docs -> origin/feat/self-hosting-pwd-docs
2025-04-15T07:13:51.2949117Z  * [new branch]          feat/shadcn-blocks-supabase -> origin/feat/shadcn-blocks-supabase
2025-04-15T07:13:51.2951446Z  * [new branch]          feat/side-panel         -> origin/feat/side-panel
2025-04-15T07:13:51.2953972Z  * [new branch]          feat/site-cookbook      -> origin/feat/site-cookbook
2025-04-15T07:13:51.2956503Z  * [new branch]          feat/snapshot-tests     -> origin/feat/snapshot-tests
2025-04-15T07:13:51.2958893Z  * [new branch]          feat/snippet-commands   -> origin/feat/snippet-commands
2025-04-15T07:13:51.2961468Z  * [new branch]          feat/sql-folders        -> origin/feat/sql-folders
2025-04-15T07:13:51.2964017Z  * [new branch]          feat/sql-statement-stream -> origin/feat/sql-statement-stream
2025-04-15T07:13:51.2966500Z  * [new branch]          feat/stale-issues-prs   -> origin/feat/stale-issues-prs
2025-04-15T07:13:51.2968913Z  * [new branch]          feat/sticky-nav-bar     -> origin/feat/sticky-nav-bar
2025-04-15T07:13:51.2971316Z  * [new branch]          feat/studio-log-errors  -> origin/feat/studio-log-errors
2025-04-15T07:13:51.2973726Z  * [new branch]          feat/supabase-js-editor -> origin/feat/supabase-js-editor
2025-04-15T07:13:51.2976706Z  * [new branch]          feat/support-postgres-custom-access-token-hooks -> origin/feat/support-postgres-custom-access-token-hooks
2025-04-15T07:13:51.2978926Z  * [new branch]          feat/system-page-components -> origin/feat/system-page-components
2025-04-15T07:13:51.2981380Z  * [new branch]          feat/test-bright-editor -> origin/feat/test-bright-editor
2025-04-15T07:13:51.2983933Z  * [new branch]          feat/tiger-d1           -> origin/feat/tiger-d1
2025-04-15T07:13:51.2986420Z  * [new branch]          feat/tiger-poc-1        -> origin/feat/tiger-poc-1
2025-04-15T07:13:51.2988979Z  * [new branch]          feat/time-series-queries -> origin/feat/time-series-queries
2025-04-15T07:13:51.2991423Z  * [new branch]          feat/timestamp-info-fn-logs -> origin/feat/timestamp-info-fn-logs
2025-04-15T07:13:51.2993947Z  * [new branch]          feat/tocs-component     -> origin/feat/tocs-component
2025-04-15T07:13:51.2996461Z  * [new branch]          feat/troubleshooting    -> origin/feat/troubleshooting
2025-04-15T07:13:51.2998886Z  * [new branch]          feat/typesafe-forms     -> origin/feat/typesafe-forms
2025-04-15T07:13:51.3001463Z  * [new branch]          feat/ui-library--terry  -> origin/feat/ui-library--terry
2025-04-15T07:13:51.3003949Z  * [new branch]          feat/unified-logs       -> origin/feat/unified-logs
2025-04-15T07:13:51.3006529Z  * [new branch]          feat/update-auth-settings -> origin/feat/update-auth-settings
2025-04-15T07:13:51.3008902Z  * [new branch]          feat/update-filter-buttons -> origin/feat/update-filter-buttons
2025-04-15T07:13:51.3011370Z  * [new branch]          feat/update-functions-fetching -> origin/feat/update-functions-fetching
2025-04-15T07:13:51.3013939Z  * [new branch]          feat/update-hp-examples -> origin/feat/update-hp-examples
2025-04-15T07:13:51.3016425Z  * [new branch]          feat/useEditLinks       -> origin/feat/useEditLinks
2025-04-15T07:13:51.3018838Z  * [new branch]          feat/wh-schemas         -> origin/feat/wh-schemas
2025-04-15T07:13:51.3021391Z  * [new branch]          feat/www-spellcheck     -> origin/feat/www-spellcheck
2025-04-15T07:13:51.3024339Z  * [new branch]          feature/policy-tester   -> origin/feature/policy-tester
2025-04-15T07:13:51.3026685Z  * [new branch]          fix-all-the-dependency-shenanigans -> origin/fix-all-the-dependency-shenanigans
2025-04-15T07:13:51.3028959Z  * [new branch]          fix-empty-import-maps   -> origin/fix-empty-import-maps
2025-04-15T07:13:51.3031120Z  * [new branch]          fix-pgrst-12.2          -> origin/fix-pgrst-12.2
2025-04-15T07:13:51.3034264Z  * [new branch]          fix/add-details-on-conn-pool-with-supavisor -> origin/fix/add-details-on-conn-pool-with-supavisor
2025-04-15T07:13:51.3036241Z  * [new branch]          fix/add-prisma-docs     -> origin/fix/add-prisma-docs
2025-04-15T07:13:51.3038490Z  * [new branch]          fix/add-query-timeout-and-cta -> origin/fix/add-query-timeout-and-cta
2025-04-15T07:13:51.3040449Z  * [new branch]          fix/add-redirect-urls   -> origin/fix/add-redirect-urls
2025-04-15T07:13:51.3042509Z  * [new branch]          fix/baseline-disk       -> origin/fix/baseline-disk
2025-04-15T07:13:51.3044785Z  * [new branch]          fix/better-unpausing-state -> origin/fix/better-unpausing-state
2025-04-15T07:13:51.3046812Z  * [new branch]          fix/branch-dropdown-offset -> origin/fix/branch-dropdown-offset
2025-04-15T07:13:51.3049016Z  * [new branch]          fix/cleanup-rollback    -> origin/fix/cleanup-rollback
2025-04-15T07:13:51.3050965Z  * [new branch]          fix/code-block-styling  -> origin/fix/code-block-styling
2025-04-15T07:13:51.3053122Z  * [new branch]          fix/code-style          -> origin/fix/code-style
2025-04-15T07:13:51.3055409Z  * [new branch]          fix/compute-badge-paused -> origin/fix/compute-badge-paused
2025-04-15T07:13:51.3057435Z  * [new branch]          fix/cron-pagination     -> origin/fix/cron-pagination
2025-04-15T07:13:51.3059513Z  * [new branch]          fix/docs-ref-nav        -> origin/fix/docs-ref-nav
2025-04-15T07:13:51.3061599Z  * [new branch]          fix/docs-returning-count -> origin/fix/docs-returning-count
2025-04-15T07:13:51.3063668Z  * [new branch]          fix/docs-ssr            -> origin/fix/docs-ssr
2025-04-15T07:13:51.3066070Z  * [new branch]          fix/docs-ssr-build      -> origin/fix/docs-ssr-build
2025-04-15T07:13:51.3068302Z  * [new branch]          fix/dont-reload-versions-on-focus -> origin/fix/dont-reload-versions-on-focus
2025-04-15T07:13:51.3070298Z  * [new branch]          fix/event-dates         -> origin/fix/event-dates
2025-04-15T07:13:51.3072548Z  * [new branch]          fix/federated-docs      -> origin/fix/federated-docs
2025-04-15T07:13:51.3074869Z  * [new branch]          fix/handle-missing-pgsodium -> origin/fix/handle-missing-pgsodium
2025-04-15T07:13:51.3077112Z  * [new branch]          fix/improve-table-editor-rows-queyr -> origin/fix/improve-table-editor-rows-queyr
2025-04-15T07:13:51.3079355Z  * [new branch]          fix/infra-monitoring-queries-negative-value -> origin/fix/infra-monitoring-queries-negative-value
2025-04-15T07:13:51.3081353Z  * [new branch]          fix/input-fields        -> origin/fix/input-fields
2025-04-15T07:13:51.3083516Z  * [new branch]          fix/ipv4-billing-period -> origin/fix/ipv4-billing-period
2025-04-15T07:13:51.3085965Z  * [new branch]          fix/jwt-generator       -> origin/fix/jwt-generator
2025-04-15T07:13:51.3088092Z  * [new branch]          fix/lint-command        -> origin/fix/lint-command
2025-04-15T07:13:51.3090265Z  * [new branch]          fix/lodash-template-issue -> origin/fix/lodash-template-issue
2025-04-15T07:13:51.3092390Z  * [new branch]          fix/log-explorer-timestamp -> origin/fix/log-explorer-timestamp
2025-04-15T07:13:51.3094804Z  * [new branch]          fix/logs-layout-render-bug -> origin/fix/logs-layout-render-bug
2025-04-15T07:13:51.3096924Z  * [new branch]          fix/make-compute-more-visible -> origin/fix/make-compute-more-visible
2025-04-15T07:13:51.3099171Z  * [new branch]          fix/notifications-button-position -> origin/fix/notifications-button-position
2025-04-15T07:13:51.3101264Z  * [new branch]          fix/openai-function-template -> origin/fix/openai-function-template
2025-04-15T07:13:51.3103333Z  * [new branch]          fix/partners-page       -> origin/fix/partners-page
2025-04-15T07:13:51.3105978Z  * [new branch]          fix/passwordless-login-redirect -> origin/fix/passwordless-login-redirect
2025-04-15T07:13:51.3107997Z  * [new branch]          fix/prettier            -> origin/fix/prettier
2025-04-15T07:13:51.3110254Z  * [new branch]          fix/project-create-region-selector -> origin/fix/project-create-region-selector
2025-04-15T07:13:51.3112284Z  * [new branch]          fix/realtime            -> origin/fix/realtime
2025-04-15T07:13:51.3114727Z  * [new branch]          fix/realtime-selfhost-rlimit -> origin/fix/realtime-selfhost-rlimit
2025-04-15T07:13:51.3116906Z  * [new branch]          fix/redirects           -> origin/fix/redirects
2025-04-15T07:13:51.3119062Z  * [new branch]          fix/ref-path            -> origin/fix/ref-path
2025-04-15T07:13:51.3121344Z  * [new branch]          fix/response-error-code-docs -> origin/fix/response-error-code-docs
2025-04-15T07:13:51.3123486Z  * [new branch]          fix/rls-loading         -> origin/fix/rls-loading
2025-04-15T07:13:51.3125882Z  * [new branch]          fix/schema-enums        -> origin/fix/schema-enums
2025-04-15T07:13:51.3128225Z  * [new branch]          fix/sentry-csp-rules    -> origin/fix/sentry-csp-rules
2025-04-15T07:13:51.3130325Z  * [new branch]          fix/serverless-missing-file -> origin/fix/serverless-missing-file
2025-04-15T07:13:51.3132459Z  * [new branch]          fix/serverless-missing-folder -> origin/fix/serverless-missing-folder
2025-04-15T07:13:51.3135130Z  * [new branch]          fix/sign-in-wrapper-not-expected-in-client -> origin/fix/sign-in-wrapper-not-expected-in-client
2025-04-15T07:13:51.3137171Z  * [new branch]          fix/skip-build-static-gen -> origin/fix/skip-build-static-gen
2025-04-15T07:13:51.3139577Z  * [new branch]          fix/sonner-close-buttons -> origin/fix/sonner-close-buttons
2025-04-15T07:13:51.3142076Z  * [new branch]          fix/specify-dynamic-route-in-nextjs-quickstart -> origin/fix/specify-dynamic-route-in-nextjs-quickstart
2025-04-15T07:13:51.3144223Z  * [new branch]          fix/sql-chart-downsample -> origin/fix/sql-chart-downsample
2025-04-15T07:13:51.3146590Z  * [new branch]          fix/sql-error-exception -> origin/fix/sql-error-exception
2025-04-15T07:13:51.3148811Z  * [new branch]          fix/studio-styling-bugs -> origin/fix/studio-styling-bugs
2025-04-15T07:13:51.3151049Z  * [new branch]          fix/support-form        -> origin/fix/support-form
2025-04-15T07:13:51.3153279Z  * [new branch]          fix/table-editor-link   -> origin/fix/table-editor-link
2025-04-15T07:13:51.3155767Z  * [new branch]          fix/table-editor-read-only -> origin/fix/table-editor-read-only
2025-04-15T07:13:51.3157975Z  * [new branch]          fix/timestamp-info-utc-format -> origin/fix/timestamp-info-utc-format
2025-04-15T07:13:51.3160193Z  * [new branch]          fix/users-fetch-more-on-scroll -> origin/fix/users-fetch-more-on-scroll
2025-04-15T07:13:51.3162396Z  * [new branch]          fix/various-fixes       -> origin/fix/various-fixes
2025-04-15T07:13:51.3164812Z  * [new branch]          fix/vercel-integration-flow -> origin/fix/vercel-integration-flow
2025-04-15T07:13:51.3166972Z  * [new branch]          fix/wait-fetch-snippet  -> origin/fix/wait-fetch-snippet
2025-04-15T07:13:51.3169197Z  * [new branch]          fix/wrappers-og         -> origin/fix/wrappers-og
2025-04-15T07:13:51.3171382Z  * [new branch]          fix/year-footer         -> origin/fix/year-footer
2025-04-15T07:13:51.3174477Z  * [new branch]          fs/hero-poc-3           -> origin/fs/hero-poc-3
2025-04-15T07:13:51.3176693Z  * [new branch]          fs/homepage-v2          -> origin/fs/homepage-v2
2025-04-15T07:13:51.3178826Z  * [new branch]          fu-lodash               -> origin/fu-lodash
2025-04-15T07:13:51.3181619Z  * [new branch]          fubits1/master          -> origin/fubits1/master
2025-04-15T07:13:51.3184032Z  * [new branch]          github-repos-note       -> origin/github-repos-note
2025-04-15T07:13:51.3186343Z  * [new branch]          graphiql-fetcher-sync   -> origin/graphiql-fetcher-sync
2025-04-15T07:13:51.3188432Z  * [new branch]          graphql                 -> origin/graphql
2025-04-15T07:13:51.3190705Z  * [new branch]          grdsdev-patch-1         -> origin/grdsdev-patch-1
2025-04-15T07:13:51.3193653Z  * [new branch]          guilherme/add-official-libs-newproject -> origin/guilherme/add-official-libs-newproject
2025-04-15T07:13:51.3195811Z  * [new branch]          guilherme/python-ref-async -> origin/guilherme/python-ref-async
2025-04-15T07:13:51.3198577Z  * [new branch]          hf/add-siws-ui          -> origin/hf/add-siws-ui
2025-04-15T07:13:51.3200700Z  * [new branch]          hf/api-key-fixes        -> origin/hf/api-key-fixes
2025-04-15T07:13:51.3202773Z  * [new branch]          hf/basic-api-keys       -> origin/hf/basic-api-keys
2025-04-15T07:13:51.3205053Z  * [new branch]          hf/deprecate-slack-provider -> origin/hf/deprecate-slack-provider
2025-04-15T07:13:51.3207124Z  * [new branch]          hf/faq-twitter          -> origin/hf/faq-twitter
2025-04-15T07:13:51.3209350Z  * [new branch]          hf/fix-express-cookies-example-ssr -> origin/hf/fix-express-cookies-example-ssr
2025-04-15T07:13:51.3211525Z  * [new branch]          hf/fix-saml-external-url -> origin/hf/fix-saml-external-url
2025-04-15T07:13:51.3213595Z  * [new branch]          hf/test-split-session-user-storage -> origin/hf/test-split-session-user-storage
2025-04-15T07:13:51.3215814Z  * [new branch]          hf/use-sign-up-not-with-password -> origin/hf/use-sign-up-not-with-password
2025-04-15T07:13:51.3218465Z  * [new branch]          hi/custom-role-ui       -> origin/hi/custom-role-ui
2025-04-15T07:13:51.3220600Z  * [new branch]          hi/feat-project-level-role -> origin/hi/feat-project-level-role
2025-04-15T07:13:51.3223513Z  * [new branch]          hotfix/add-special-chars-warning -> origin/hotfix/add-special-chars-warning
2025-04-15T07:13:51.3226617Z  * [new branch]          improve/reports-permissions-tooltip -> origin/improve/reports-permissions-tooltip
2025-04-15T07:13:51.3228696Z  * [new branch]          inian-patch-1           -> origin/inian-patch-1
2025-04-15T07:13:51.3231150Z  * [new branch]          instance-size-selector-nano-support-addons -> origin/instance-size-selector-nano-support-addons
2025-04-15T07:13:51.3233158Z  * [new branch]          integrations-directory  -> origin/integrations-directory
2025-04-15T07:13:51.3236231Z  * [new branch]          ip/clarify-bandwidth    -> origin/ip/clarify-bandwidth
2025-04-15T07:13:51.3238277Z  * [new branch]          ip/ipv4-address         -> origin/ip/ipv4-address
2025-04-15T07:13:51.3240455Z  * [new branch]          ip/replication-publication -> origin/ip/replication-publication
2025-04-15T07:13:51.3242558Z  * [new branch]          issue-14323             -> origin/issue-14323
2025-04-15T07:13:51.3245750Z  * [new branch]          j0/add_cognito_migration_guide -> origin/j0/add_cognito_migration_guide
2025-04-15T07:13:51.3248019Z  * [new branch]          j0/add_mfa_webauthn_ui  -> origin/j0/add_mfa_webauthn_ui
2025-04-15T07:13:51.3250142Z  * [new branch]          j0/add_webauthn_docs    -> origin/j0/add_webauthn_docs
2025-04-15T07:13:51.3252434Z  * [new branch]          j0/add_webauthn_reference_spec -> origin/j0/add_webauthn_reference_spec
2025-04-15T07:13:51.3254495Z  * [new branch]          j0/allow_limit_editing_when_hook_enabled -> origin/j0/allow_limit_editing_when_hook_enabled
2025-04-15T07:13:51.3256836Z  * [new branch]          j0/update_auth_autoconfirm_docs -> origin/j0/update_auth_autoconfirm_docs
2025-04-15T07:13:51.3259016Z  * [new branch]          j0/update_custom_access_token -> origin/j0/update_custom_access_token
2025-04-15T07:13:51.3261031Z  * [new branch]          j0/update_react_guide   -> origin/j0/update_react_guide
2025-04-15T07:13:51.3264241Z  * [new branch]          jgoux/feat-gitlab-integration-step-1 -> origin/jgoux/feat-gitlab-integration-step-1
2025-04-15T07:13:51.3266956Z  * [new branch]          jordi/e2e-test-staging  -> origin/jordi/e2e-test-staging
2025-04-15T07:13:51.3269484Z  * [new branch]          jordi/fe-1408-remove-non-existent-pg_cron_logs-table-from-log-explorer -> origin/jordi/fe-1408-remove-non-existent-pg_cron_logs-table-from-log-explorer
2025-04-15T07:13:51.3271479Z  * [new branch]          jordi/fe-1457-postgres-logs-add-additional-fields-to-the-details-panel -> origin/jordi/fe-1457-postgres-logs-add-additional-fields-to-the-details-panel
2025-04-15T07:13:51.3273193Z  * [new branch]          jordi/fix-logs-previewer-refresh -> origin/jordi/fix-logs-previewer-refresh
2025-04-15T07:13:51.3275563Z  * [new branch]          jordi/fix-prettier      -> origin/jordi/fix-prettier
2025-04-15T07:13:51.3277556Z  * [new branch]          jordi/fixes-1           -> origin/jordi/fixes-1
2025-04-15T07:13:51.3279778Z  * [new branch]          jordi/realtime-tiptap-editor -> origin/jordi/realtime-tiptap-editor
2025-04-15T07:13:51.3281746Z  * [new branch]          jordi/test-comments     -> origin/jordi/test-comments
2025-04-15T07:13:51.3284097Z  * [new branch]          jordi/test-prettier     -> origin/jordi/test-prettier
2025-04-15T07:13:51.3286271Z  * [new branch]          jordi/trying-fix        -> origin/jordi/trying-fix
2025-04-15T07:13:51.3288558Z  * [new branch]          jordi/use-realtime-state-hook -> origin/jordi/use-realtime-state-hook
2025-04-15T07:13:51.3291210Z  * [new branch]          jsm/before-after-unit-label -> origin/jsm/before-after-unit-label
2025-04-15T07:13:51.3293209Z  * [new branch]          jsm/expand-on-j0-tables -> origin/jsm/expand-on-j0-tables
2025-04-15T07:13:51.3295459Z  * [new branch]          jsm/fix-storage-height  -> origin/jsm/fix-storage-height
2025-04-15T07:13:51.3297512Z  * [new branch]          jsm/meganav-suggestions -> origin/jsm/meganav-suggestions
2025-04-15T07:13:51.3299670Z  * [new branch]          jsm/prototype-nav-approach-2 -> origin/jsm/prototype-nav-approach-2
2025-04-15T07:13:51.3301704Z  * [new branch]          jsm/test-git            -> origin/jsm/test-git
2025-04-15T07:13:51.3303931Z  * [new branch]          jsm/test-tests          -> origin/jsm/test-tests
2025-04-15T07:13:51.3307443Z  * [new branch]          kevin/billing-1262-make-extra-compute-costs-stand-out-more-on-project-creation -> origin/kevin/billing-1262-make-extra-compute-costs-stand-out-more-on-project-creation
2025-04-15T07:13:51.3309292Z  * [new branch]          kevin/billing-1266-add-billing-tab-to-new-org-nav-merge-invoices-to-same-page -> origin/kevin/billing-1266-add-billing-tab-to-new-org-nav-merge-invoices-to-same-page
2025-04-15T07:13:51.3312739Z  * [new branch]          kevin/billing-1268-expose-project-scoped-roles-to-team-plankevin/billing-1268-expose-project-scoped-roles-to-team-plan -> origin/kevin/billing-1268-expose-project-scoped-roles-to-team-plankevin/billing-1268-expose-project-scoped-roles-to-team-plan
2025-04-15T07:13:51.3314611Z  * [new branch]          kiwicopple-patch-1      -> origin/kiwicopple-patch-1
2025-04-15T07:13:51.3316888Z  * [new branch]          kiwicopple-patch-2      -> origin/kiwicopple-patch-2
2025-04-15T07:13:51.3319210Z  * [new branch]          kiwicopple-patch-3      -> origin/kiwicopple-patch-3
2025-04-15T07:13:51.3322121Z  * [new branch]          km/add-sso-slack-clone  -> origin/km/add-sso-slack-clone
2025-04-15T07:13:51.3324348Z  * [new branch]          km/bump-supabase-js     -> origin/km/bump-supabase-js
2025-04-15T07:13:51.3326522Z  * [new branch]          km/docs-update-api-keys -> origin/km/docs-update-api-keys
2025-04-15T07:13:51.3328542Z  * [new branch]          km/starbuck-main-stage  -> origin/km/starbuck-main-stage
2025-04-15T07:13:51.3330839Z  * [new branch]          laktek-patch-1          -> origin/laktek-patch-1
2025-04-15T07:13:51.3333653Z  * [new branch]          lw13/day2               -> origin/lw13/day2
2025-04-15T07:13:51.3336186Z  * [new branch]          lwx-studio-blog-post    -> origin/lwx-studio-blog-post
2025-04-15T07:13:51.3338547Z  * [new branch]          mansueli-patch-1        -> origin/mansueli-patch-1
2025-04-15T07:13:51.3340779Z  * [new branch]          maps                    -> origin/maps
2025-04-15T07:13:51.3343099Z  * [new branch]          master                  -> origin/master
2025-04-15T07:13:51.3345620Z  * [new branch]          maybe-it-is-just-terry  -> origin/maybe-it-is-just-terry
2025-04-15T07:13:51.3348543Z  * [new branch]          monicakh/add-path-feedback -> origin/monicakh/add-path-feedback
2025-04-15T07:13:51.3350530Z  * [new branch]          monicakh/ai-support     -> origin/monicakh/ai-support
2025-04-15T07:13:51.3352556Z  * [new branch]          monicakh/banned-ips     -> origin/monicakh/banned-ips
2025-04-15T07:13:51.3354847Z  * [new branch]          monicakh/exit-survey-wording -> origin/monicakh/exit-survey-wording
2025-04-15T07:13:51.3356959Z  * [new branch]          monicakh/fix-link-langchain-doc -> origin/monicakh/fix-link-langchain-doc
2025-04-15T07:13:51.3359045Z  * [new branch]          monicakh/fix-org-name-validation -> origin/monicakh/fix-org-name-validation
2025-04-15T07:13:51.3361247Z  * [new branch]          monicakh/fix-trigger-name-length-limit -> origin/monicakh/fix-trigger-name-length-limit
2025-04-15T07:13:51.3363332Z  * [new branch]          monicakh/fix-twitter-logo -> origin/monicakh/fix-twitter-logo
2025-04-15T07:13:51.3365776Z  * [new branch]          monicakh/fix-typo-roles -> origin/monicakh/fix-typo-roles
2025-04-15T07:13:51.3367758Z  * [new branch]          monicakh/fix-warning-conn-limit -> origin/monicakh/fix-warning-conn-limit
2025-04-15T07:13:51.3369767Z  * [new branch]          monicakh/fix-wrappers-null-bug -> origin/monicakh/fix-wrappers-null-bug
2025-04-15T07:13:51.3372109Z  * [new branch]          monicakh/generic-import-large-dataset-doc -> origin/monicakh/generic-import-large-dataset-doc
2025-04-15T07:13:51.3374250Z  * [new branch]          monicakh/highlight-user-banned-ip -> origin/monicakh/highlight-user-banned-ip
2025-04-15T07:13:51.3376248Z  * [new branch]          monicakh/support-ai     -> origin/monicakh/support-ai
2025-04-15T07:13:51.3378508Z  * [new branch]          monicakh/table-editor-menu-design-iteration -> origin/monicakh/table-editor-menu-design-iteration
2025-04-15T07:13:51.3380638Z  * [new branch]          move-replication-page   -> origin/move-replication-page
2025-04-15T07:13:51.3382884Z  * [new branch]          nano-enabled-f-lag      -> origin/nano-enabled-f-lag
2025-04-15T07:13:51.3385324Z  * [new branch]          next-14-dep-upgrades    -> origin/next-14-dep-upgrades
2025-04-15T07:13:51.3387500Z  * [new branch]          notify                  -> origin/notify
2025-04-15T07:13:51.3389888Z  * [new branch]          og-test                 -> origin/og-test
2025-04-15T07:13:51.3392749Z  * [new branch]          or/pgmq-rm-apis         -> origin/or/pgmq-rm-apis
2025-04-15T07:13:51.3394930Z  * [new branch]          or/separate-api         -> origin/or/separate-api
2025-04-15T07:13:51.3397296Z  * [new branch]          patch-1                 -> origin/patch-1
2025-04-15T07:13:51.3400254Z  * [new branch]          pcnc/disable-counts     -> origin/pcnc/disable-counts
2025-04-15T07:13:51.3402295Z  * [new branch]          pcnc/fix-migration-inserts -> origin/pcnc/fix-migration-inserts
2025-04-15T07:13:51.3404599Z  * [new branch]          pcnc/introduce-pg_upgrade--logs -> origin/pcnc/introduce-pg_upgrade--logs
2025-04-15T07:13:51.3406551Z  * [new branch]          pcnc/reuse-project-version -> origin/pcnc/reuse-project-version
2025-04-15T07:13:51.3409354Z  * [new branch]          pjc/rr-lb-docs-update   -> origin/pjc/rr-lb-docs-update
2025-04-15T07:13:51.3411651Z  * [new branch]          playwright-fixtures     -> origin/playwright-fixtures
2025-04-15T07:13:51.3414152Z  * [new branch]          plyn-fix-lints-flutter  -> origin/plyn-fix-lints-flutter
2025-04-15T07:13:51.3417066Z  * [new branch]          plyn/paused-guide-button -> origin/plyn/paused-guide-button
2025-04-15T07:13:51.3419789Z  * [new branch]          poc/react-scan          -> origin/poc/react-scan
2025-04-15T07:13:51.3421835Z  * [new branch]          poc/supanotebooks       -> origin/poc/supanotebooks
2025-04-15T07:13:51.3424256Z  * [new branch]          pooling                 -> origin/pooling
2025-04-15T07:13:51.3427213Z  * [new branch]          pr/20781                -> origin/pr/20781
2025-04-15T07:13:51.3429589Z  * [new branch]          prism-fix-maybe         -> origin/prism-fix-maybe
2025-04-15T07:13:51.3432437Z  * [new branch]          refactor/app-router-pt-1 -> origin/refactor/app-router-pt-1
2025-04-15T07:13:51.3434735Z  * [new branch]          refactor/docs-nav       -> origin/refactor/docs-nav
2025-04-15T07:13:51.3436752Z  * [new branch]          refactor/docs-reference -> origin/refactor/docs-reference
2025-04-15T07:13:51.3438881Z  * [new branch]          refactor/pages          -> origin/refactor/pages
2025-04-15T07:13:51.3441278Z  * [new branch]          remove-nano-enabled-flag -> origin/remove-nano-enabled-flag
2025-04-15T07:13:51.3443526Z  * [new branch]          replicator              -> origin/replicator
2025-04-15T07:13:51.3446133Z  * [new branch]          resend                  -> origin/resend
2025-04-15T07:13:51.3449431Z  * [new branch]          revert-31209-chore/toggle-for-storage-client-connection-s3 -> origin/revert-31209-chore/toggle-for-storage-client-connection-s3
2025-04-15T07:13:51.3451688Z  * [new branch]          saltcod-patch-1         -> origin/saltcod-patch-1
2025-04-15T07:13:51.3454538Z  * [new branch]          storage/image-transformation-toggle -> origin/storage/image-transformation-toggle
2025-04-15T07:13:51.3456743Z  * [new branch]          storage/metadata-doc    -> origin/storage/metadata-doc
2025-04-15T07:13:51.3459074Z  * [new branch]          streaming-backup        -> origin/streaming-backup
2025-04-15T07:13:51.3485767Z  * [new branch]          streamline-prettier-commadn -> origin/streamline-prettier-commadn
2025-04-15T07:13:51.3487371Z  * [new branch]          studio                  -> origin/studio
2025-04-15T07:13:51.3488333Z  * [new branch]          sudayavarman-patch-1    -> origin/sudayavarman-patch-1
2025-04-15T07:13:51.3489491Z  * [new branch]          supavisor-egress-ingress-reports -> origin/supavisor-egress-ingress-reports
2025-04-15T07:13:51.3490606Z  * [new branch]          support-static-files    -> origin/support-static-files
2025-04-15T07:13:51.3491684Z  * [new branch]          temp/next-request-react-query -> origin/temp/next-request-react-query
2025-04-15T07:13:51.3492736Z  * [new branch]          test-prettier-changes   -> origin/test-prettier-changes
2025-04-15T07:13:51.3493621Z  * [new branch]          test-speed              -> origin/test-speed
2025-04-15T07:13:51.3494658Z  * [new branch]          test/force-deploy       -> origin/test/force-deploy
2025-04-15T07:13:51.3495662Z  * [new branch]          tests/clean-and-fix-some-tests -> origin/tests/clean-and-fix-some-tests
2025-04-15T07:13:51.3496734Z  * [new branch]          text/build-issue-staging -> origin/text/build-issue-staging
2025-04-15T07:13:51.3498383Z  * [new branch]          thomas/billing-1144-billing-docs-revamp-pricing-on-feature-pages -> origin/thomas/billing-1144-billing-docs-revamp-pricing-on-feature-pages
2025-04-15T07:13:51.3500219Z  * [new branch]          thor/nuxt3-updates      -> origin/thor/nuxt3-updates
2025-04-15T07:13:51.3501219Z  * [new branch]          thorwebdev-patch-1      -> origin/thorwebdev-patch-1
2025-04-15T07:13:51.3502137Z  * [new branch]          tim-blog-post           -> origin/tim-blog-post
2025-04-15T07:13:51.3503058Z  * [new branch]          tom/docs/custom-warning -> origin/tom/docs/custom-warning
2025-04-15T07:13:51.3504273Z  * [new branch]          try-contentlayer2-upgrade -> origin/try-contentlayer2-upgrade
2025-04-15T07:13:51.3507256Z  * [new branch]          ui-lib/copy-message     -> origin/ui-lib/copy-message
2025-04-15T07:13:51.3508767Z  * [new branch]          ui-lib/mobile-fixes-2   -> origin/ui-lib/mobile-fixes-2
2025-04-15T07:13:51.3510887Z  * [new branch]          ui-lib/quickstart       -> origin/ui-lib/quickstart
2025-04-15T07:13:51.3514391Z  * [new branch]          ui/add-social-login     -> origin/ui/add-social-login
2025-04-15T07:13:51.3516722Z  * [new branch]          update-example-card     -> origin/update-example-card
2025-04-15T07:13:51.3519436Z  * [new branch]          update-latest-announcements -> origin/update-latest-announcements
2025-04-15T07:13:51.3521662Z  * [new branch]          updating-docs           -> origin/updating-docs
2025-04-15T07:13:51.3524426Z  * [new branch]          vercel-marketplace      -> origin/vercel-marketplace
2025-04-15T07:13:51.3526824Z  * [new branch]          views                   -> origin/views
2025-04-15T07:13:51.3529569Z  * [new branch]          wasm-modules-guide      -> origin/wasm-modules-guide
2025-04-15T07:13:51.3530473Z  * [new tag]             0.0.4                   -> 0.0.4
2025-04-15T07:13:51.3531752Z  * [new tag]             0.0.7                   -> 0.0.7
2025-04-15T07:13:51.3533148Z  * [new tag]             0.0.8                   -> 0.0.8
2025-04-15T07:13:51.3534517Z  * [new tag]             0.0.9                   -> 0.0.9
2025-04-15T07:13:51.3535890Z  * [new tag]             0.21.03                 -> 0.21.03
2025-04-15T07:13:51.3537188Z  * [new tag]             0.21.04                 -> 0.21.04
2025-04-15T07:13:51.3538556Z  * [new tag]             0.21.05                 -> 0.21.05
2025-04-15T07:13:51.3540096Z  * [new tag]             0.21.06                 -> 0.21.06
2025-04-15T07:13:51.3541313Z  * [new tag]             0.21.07                 -> 0.21.07
2025-04-15T07:13:51.3542647Z  * [new tag]             0.21.08                 -> 0.21.08
2025-04-15T07:13:51.3544234Z  * [new tag]             0.21.09                 -> 0.21.09
2025-04-15T07:13:51.3545730Z  * [new tag]             0.21.10                 -> 0.21.10
2025-04-15T07:13:51.3547121Z  * [new tag]             0.21.11.30              -> 0.21.11.30
2025-04-15T07:13:51.3548195Z  * [new tag]             0.22.03                 -> 0.22.03
2025-04-15T07:13:51.3549582Z  * [new tag]             0.22.08                 -> 0.22.08
2025-04-15T07:13:51.3550930Z  * [new tag]             0.22.09                 -> 0.22.09
2025-04-15T07:13:51.3552305Z  * [new tag]             0.22.11                 -> 0.22.11
2025-04-15T07:13:51.3553718Z  * [new tag]             0.23.01                 -> 0.23.01
2025-04-15T07:13:51.3555445Z  * [new tag]             0.23.05                 -> 0.23.05
2025-04-15T07:13:51.3556794Z  * [new tag]             1.24.07                 -> 1.24.07
2025-04-15T07:13:51.3558217Z  * [new tag]             1.24.08                 -> 1.24.08
2025-04-15T07:13:51.3559636Z  * [new tag]             1.24.12                 -> 1.24.12
2025-04-15T07:13:51.3560942Z  * [new tag]             1.25.01                 -> 1.25.01
2025-04-15T07:13:51.3562290Z  * [new tag]             1.25.02                 -> 1.25.02
2025-04-15T07:13:51.3563677Z  * [new tag]             1.25.03                 -> 1.25.03
2025-04-15T07:13:51.3565358Z  * [new tag]             v.0.23.10               -> v.0.23.10
2025-04-15T07:13:51.3566673Z  * [new tag]             v0.0.10                 -> v0.0.10
2025-04-15T07:13:51.3567901Z  * [new tag]             v0.0.11                 -> v0.0.11
2025-04-15T07:13:51.3569401Z  * [new tag]             v0.0.12                 -> v0.0.12
2025-04-15T07:13:51.3570606Z  * [new tag]             v0.21.01                -> v0.21.01
2025-04-15T07:13:51.3571961Z  * [new tag]             v0.21.02                -> v0.21.02
2025-04-15T07:13:51.3573434Z  * [new tag]             v0.22.10                -> v0.22.10
2025-04-15T07:13:51.3575032Z  * [new tag]             v0.23.02                -> v0.23.02
2025-04-15T07:13:51.3576447Z  * [new tag]             v0.23.04                -> v0.23.04
2025-04-15T07:13:51.3577916Z  * [new tag]             v0.23.06                -> v0.23.06
2025-04-15T07:13:51.3579299Z  * [new tag]             v0.23.08                -> v0.23.08
2025-04-15T07:13:51.3580751Z  * [new tag]             v0.23.09                -> v0.23.09
2025-04-15T07:13:51.3582134Z  * [new tag]             v0.23.10                -> v0.23.10
2025-04-15T07:13:51.3583509Z  * [new tag]             v0.23.11                -> v0.23.11
2025-04-15T07:13:51.3585116Z  * [new tag]             v0.24.02                -> v0.24.02
2025-04-15T07:13:51.3586498Z  * [new tag]             v0.24.03                -> v0.24.03
2025-04-15T07:13:51.3587882Z  * [new tag]             v1.24.04                -> v1.24.04
2025-04-15T07:13:51.3589302Z  * [new tag]             v1.24.05                -> v1.24.05
2025-04-15T07:13:51.3590677Z  * [new tag]             v1.24.09                -> v1.24.09
2025-04-15T07:13:51.3594654Z  * [new ref]             ed95dd62d7ff8e9ecce5056f8f949e2a96c21e5d -> pull/27087/merge
2025-04-15T07:13:51.3714335Z ##[endgroup]
2025-04-15T07:13:51.3714970Z ##[group]Determining the checkout info
2025-04-15T07:13:51.3715899Z ##[endgroup]
2025-04-15T07:13:51.3716493Z ##[group]Setting up sparse checkout
2025-04-15T07:13:51.3721568Z [command]/usr/bin/git sparse-checkout set supa-mdx-lint.config.toml supa-mdx-lint apps/docs/content
2025-04-15T07:13:51.3754878Z ##[endgroup]
2025-04-15T07:13:51.3755353Z ##[group]Checking out the ref
2025-04-15T07:13:51.3759025Z [command]/usr/bin/git checkout --progress --force refs/remotes/pull/27087/merge
2025-04-15T07:13:52.0543199Z Note: switching to 'refs/remotes/pull/27087/merge'.
2025-04-15T07:13:52.0543701Z 
2025-04-15T07:13:52.0545612Z You are in 'detached HEAD' state. You can look around, make experimental
2025-04-15T07:13:52.0546477Z changes and commit them, and you can discard any commits you make in this
2025-04-15T07:13:52.0547268Z state without impacting any branches by switching back to a branch.
2025-04-15T07:13:52.0547742Z 
2025-04-15T07:13:52.0548037Z If you want to create a new branch to retain commits you create, you may
2025-04-15T07:13:52.0548745Z do so (now or later) by using -c with the switch command. Example:
2025-04-15T07:13:52.0549152Z 
2025-04-15T07:13:52.0549320Z   git switch -c <new-branch-name>
2025-04-15T07:13:52.0549707Z 
2025-04-15T07:13:52.0549872Z Or undo this operation with:
2025-04-15T07:13:52.0550148Z 
2025-04-15T07:13:52.0550287Z   git switch -
2025-04-15T07:13:52.0550478Z 
2025-04-15T07:13:52.0550822Z Turn off this advice by setting config variable advice.detachedHead to false
2025-04-15T07:13:52.0551320Z 
2025-04-15T07:13:52.0551894Z HEAD is now at ed95dd62d Merge ea3372f73f199c8ad76edca4390d46c3c3382189 into 62ed8e1e72a6a8bca87298235b3678a03af26e29
2025-04-15T07:13:52.0557596Z ##[endgroup]
2025-04-15T07:13:52.0599588Z [command]/usr/bin/git log -1 --format=%H
2025-04-15T07:13:52.0621534Z ed95dd62d7ff8e9ecce5056f8f949e2a96c21e5d
2025-04-15T07:13:52.0814284Z ##[group]Run dorny/paths-filter@de90cc6fb38fc0963ad72b210f1f284cd68cea36
2025-04-15T07:13:52.0814689Z with:
2025-04-15T07:13:52.0815069Z   filters: docs:
  - 'apps/docs/content/**'
  - 'supa-mdx-lint/**'
  - 'supa-mdx-lint.config.toml'

2025-04-15T07:13:52.0815592Z   token: ***
2025-04-15T07:13:52.0815786Z   list-files: none
2025-04-15T07:13:52.0816003Z   initial-fetch-depth: 100
2025-04-15T07:13:52.0816407Z env:
2025-04-15T07:13:52.0816593Z   CARGO_NET_GIT_FETCH_WITH_CLI: true
2025-04-15T07:13:52.0816829Z ##[endgroup]
2025-04-15T07:13:52.1705083Z ##[group]Fetching list of changed files for PR#27087 from Github API
2025-04-15T07:13:52.1714404Z Invoking listFiles(pull_number: 27087, per_page: 100)
2025-04-15T07:13:52.4288168Z Received 10 items
2025-04-15T07:13:52.4290122Z [modified] apps/docs/components/Navigation/NavigationMenu/NavigationMenu.constants.ts
2025-04-15T07:13:52.4292155Z [modified] apps/docs/content/guides/database/postgres/setup-replication-external.mdx
2025-04-15T07:13:52.4293309Z [added] apps/docs/content/guides/database/replication-cdc/faq.mdx
2025-04-15T07:13:52.4305111Z [added] apps/docs/content/guides/database/replication-cdc/logical-replication.mdx
2025-04-15T07:13:52.4307901Z [added] apps/docs/content/guides/database/replication-cdc/overview.mdx
2025-04-15T07:13:52.4308924Z [added] apps/docs/content/guides/database/replication-cdc/services/etl-airbyte.mdx
2025-04-15T07:13:52.4311960Z [added] apps/docs/content/guides/database/replication-cdc/services/etl-fivetran.mdx
2025-04-15T07:13:52.4312634Z [added] apps/docs/content/guides/database/replication-cdc/services/etl-materialize.mdx
2025-04-15T07:13:52.4313213Z [added] apps/docs/content/guides/database/replication-cdc/services/etl-stitch.mdx
2025-04-15T07:13:52.4313766Z [added] apps/docs/content/guides/database/replication-cdc/setting-up-replication.mdx
2025-04-15T07:13:52.4314912Z ##[endgroup]
2025-04-15T07:13:52.4315108Z Detected 10 changed files
2025-04-15T07:13:52.4315323Z Results:
2025-04-15T07:13:52.4315690Z ##[group]Filter docs = true
2025-04-15T07:13:52.4315911Z Matching files:
2025-04-15T07:13:52.4316292Z apps/docs/content/guides/database/postgres/setup-replication-external.mdx [modified]
2025-04-15T07:13:52.4316832Z apps/docs/content/guides/database/replication-cdc/faq.mdx [added]
2025-04-15T07:13:52.4317335Z apps/docs/content/guides/database/replication-cdc/logical-replication.mdx [added]
2025-04-15T07:13:52.4317854Z apps/docs/content/guides/database/replication-cdc/overview.mdx [added]
2025-04-15T07:13:52.4318378Z apps/docs/content/guides/database/replication-cdc/services/etl-airbyte.mdx [added]
2025-04-15T07:13:52.4318951Z apps/docs/content/guides/database/replication-cdc/services/etl-fivetran.mdx [added]
2025-04-15T07:13:52.4319534Z apps/docs/content/guides/database/replication-cdc/services/etl-materialize.mdx [added]
2025-04-15T07:13:52.4320119Z apps/docs/content/guides/database/replication-cdc/services/etl-stitch.mdx [added]
2025-04-15T07:13:52.4320701Z apps/docs/content/guides/database/replication-cdc/setting-up-replication.mdx [added]
2025-04-15T07:13:52.4321304Z ##[endgroup]
2025-04-15T07:13:52.4321502Z Changes output set to ["docs"]
2025-04-15T07:13:52.5020220Z ##[group]Run actions/cache@v4
2025-04-15T07:13:52.5020481Z with:
2025-04-15T07:13:52.5020818Z   path: ~/.cargo/bin/
~/.cargo/registry/index/
~/.cargo/registry/cache/
~/.cargo/git/db/

2025-04-15T07:13:52.5021231Z   key: e5609278486869b545fda23b5732727b6e70a1c1
2025-04-15T07:13:52.5021531Z   enableCrossOsArchive: false
2025-04-15T07:13:52.5021783Z   fail-on-cache-miss: false
2025-04-15T07:13:52.5022002Z   lookup-only: false
2025-04-15T07:13:52.5022205Z   save-always: false
2025-04-15T07:13:52.5022397Z env:
2025-04-15T07:13:52.5022579Z   CARGO_NET_GIT_FETCH_WITH_CLI: true
2025-04-15T07:13:52.5022816Z ##[endgroup]
2025-04-15T07:13:52.7596814Z Cache hit for: e5609278486869b545fda23b5732727b6e70a1c1
2025-04-15T07:13:53.6350618Z Received 92330018 of 92330018 (100.0%), 115.1 MBs/sec
2025-04-15T07:13:53.6351904Z Cache Size: ~88 MB (92330018 B)
2025-04-15T07:13:53.6379551Z [command]/usr/bin/tar -xf /home/runner/work/_temp/d829a88a-2776-4c0d-8cc3-b9ef97933b03/cache.tzst -P -C /home/runner/work/supabase/supabase --use-compress-program unzstd
2025-04-15T07:13:54.0120970Z Cache restored successfully
2025-04-15T07:13:54.0446025Z Cache restored from key: e5609278486869b545fda23b5732727b6e70a1c1
2025-04-15T07:13:54.0589041Z ##[group]Run reviewdog/action-setup@3f401fe1d58fe77e10d665ab713057375e39b887
2025-04-15T07:13:54.0589673Z with:
2025-04-15T07:13:54.0589877Z   reviewdog_version: v0.20.2
2025-04-15T07:13:54.0590107Z env:
2025-04-15T07:13:54.0590299Z   CARGO_NET_GIT_FETCH_WITH_CLI: true
2025-04-15T07:13:54.0590546Z ##[endgroup]
2025-04-15T07:13:54.0667356Z ##[group]Run set -eu
2025-04-15T07:13:54.0667648Z [36;1mset -eu[0m
2025-04-15T07:13:54.0667893Z [36;1m"$GITHUB_ACTION_PATH/install.sh"[0m
2025-04-15T07:13:54.0695998Z shell: /usr/bin/sh -e {0}
2025-04-15T07:13:54.0696257Z env:
2025-04-15T07:13:54.0696455Z   CARGO_NET_GIT_FETCH_WITH_CLI: true
2025-04-15T07:13:54.0696726Z   REVIEWDOG_VERSION: v0.20.2
2025-04-15T07:13:54.0696997Z   REVIEWDOG_TEMPDIR: /home/runner/work/_temp
2025-04-15T07:13:54.0697266Z ##[endgroup]
2025-04-15T07:13:54.0769141Z ##[group]🐶 Installing reviewdog ... https://github.com/reviewdog/reviewdog
2025-04-15T07:13:54.1215919Z reviewdog/reviewdog info checking GitHub for tag 'v0.20.2'
2025-04-15T07:13:54.3386148Z reviewdog/reviewdog info found version: 0.20.2 for v0.20.2/Linux/x86_64
2025-04-15T07:13:54.9230054Z reviewdog/reviewdog info installed /home/runner/work/_temp/reviewdog/bin/reviewdog
2025-04-15T07:13:54.9280061Z ##[endgroup]
2025-04-15T07:13:54.9311777Z ##[group]Run set -eu
2025-04-15T07:13:54.9312046Z [36;1mset -eu[0m
2025-04-15T07:13:54.9312310Z [36;1m"$GITHUB_ACTION_PATH/check-installed.sh"[0m
2025-04-15T07:13:54.9337948Z shell: /usr/bin/sh -e {0}
2025-04-15T07:13:54.9338195Z env:
2025-04-15T07:13:54.9338394Z   CARGO_NET_GIT_FETCH_WITH_CLI: true
2025-04-15T07:13:54.9338654Z ##[endgroup]
2025-04-15T07:13:54.9444838Z ##[group]📖 reviewdog -h
2025-04-15T07:13:54.9464466Z Usage:	reviewdog [flags]
2025-04-15T07:13:54.9465162Z 	reviewdog accepts any compiler or linter results from stdin and filters
2025-04-15T07:13:54.9465984Z 	them by diff for review. reviewdog also can posts the results as a comment to
2025-04-15T07:13:54.9466667Z 	GitHub if you use reviewdog in CI service.
2025-04-15T07:13:54.9467120Z Flags:
2025-04-15T07:13:54.9467466Z   -conf string
2025-04-15T07:13:54.9467812Z     	config file path
2025-04-15T07:13:54.9468163Z   -diff string
2025-04-15T07:13:54.9468786Z     	diff command (e.g. "git diff") for local reporters. Do not use --relative flag for git command.
2025-04-15T07:13:54.9469499Z   -efm value
2025-04-15T07:13:54.9470212Z     	list of supported machine-readable format and errorformat (https://github.com/reviewdog/errorformat)
2025-04-15T07:13:54.9471009Z   -f string
2025-04-15T07:13:54.9471764Z     	format name (run -list to see supported format name) for input. It's also used as tool name in review comment if -name is empty
2025-04-15T07:13:54.9472595Z   -f.diff.strip int
2025-04-15T07:13:54.9473230Z     	option for -f=diff: strip NUM leading components from diff file names (equivalent to 'patch -p') (default is 1 for git diff) (default 1)
2025-04-15T07:13:54.9474367Z   -fail-level value
2025-04-15T07:13:54.9475462Z     	reviewdog will exit with code 1 if it finds at least 1 issue with severity greater than or equal to the given level. [none(default),any,info,warning,error]
2025-04-15T07:13:54.9476060Z   -fail-on-error
2025-04-15T07:13:54.9476296Z     	[DEPRECATED] use -fail-level instead
2025-04-15T07:13:54.9476575Z   -filter-mode value
2025-04-15T07:13:54.9476885Z     	how to filter checks results. [added, diff_context, file, nofilter].
2025-04-15T07:13:54.9477228Z     			"added" (default)
2025-04-15T07:13:54.9477464Z     				Filter by added/modified diff lines.
2025-04-15T07:13:54.9477726Z     			"diff_context"
2025-04-15T07:13:54.9477996Z     				Filter by diff context, which can include unchanged lines.
2025-04-15T07:13:54.9478375Z     				i.e. changed lines +-N lines (e.g. N=3 for default git diff).
2025-04-15T07:13:54.9478676Z     			"file"
2025-04-15T07:13:54.9478880Z     				Filter by added/modified file.
2025-04-15T07:13:54.9479139Z     			"nofilter"
2025-04-15T07:13:54.9479344Z     				Do not filter any results.
2025-04-15T07:13:54.9479800Z     	
2025-04-15T07:13:54.9479982Z   -guess
2025-04-15T07:13:54.9480218Z     	guess Pull Request ID by branch name and commit SHA
2025-04-15T07:13:54.9480648Z   -level string
2025-04-15T07:13:54.9480955Z     	default report level for supported reporters ("info","warning","error").
2025-04-15T07:13:54.9481300Z   -list
2025-04-15T07:13:54.9481574Z     	list supported pre-defined format names which can be used as -f arg
2025-04-15T07:13:54.9481916Z   -log-level string
2025-04-15T07:13:54.9482235Z     	log level for reviewdog itself. (debug, info, warning, error) (default "info")
2025-04-15T07:13:54.9482597Z   -name string
2025-04-15T07:13:54.9482899Z     	tool name in review comment. -f is used as tool name if -name is empty
2025-04-15T07:13:54.9483244Z   -reporter string
2025-04-15T07:13:54.9483459Z     	reporter of reviewdog results.
2025-04-15T07:13:54.9483704Z     		"local" (default)
2025-04-15T07:13:54.9484142Z     			Report results to stdout.
2025-04-15T07:13:54.9484370Z     	
2025-04-15T07:13:54.9484546Z     		"rdjson"
2025-04-15T07:13:54.9484756Z     			Report results to stdout in rdjson format.
2025-04-15T07:13:54.9485024Z     	
2025-04-15T07:13:54.9485191Z     		"rdjsonl"
2025-04-15T07:13:54.9485408Z     			Report results to stdout in rdjsonl format.
2025-04-15T07:13:54.9485666Z     	
2025-04-15T07:13:54.9485830Z     		"sarif"
2025-04-15T07:13:54.9486036Z     			Report results to stdout in SARIF format.
2025-04-15T07:13:54.9486290Z     	
2025-04-15T07:13:54.9486461Z     		"github-check"
2025-04-15T07:13:54.9486779Z     			Report results to GitHub Check. It works both for Pull Requests and commits.
2025-04-15T07:13:54.9487229Z     			For Pull Request, you can see report results in GitHub PullRequest Check
2025-04-15T07:13:54.9487635Z     			tab and can control filtering mode by -filter-mode flag.
2025-04-15T07:13:54.9487938Z     	
2025-04-15T07:13:54.9488140Z     			There are two options to use this reporter.
2025-04-15T07:13:54.9488400Z     	
2025-04-15T07:13:54.9488666Z     			Option 1) Run reviewdog from GitHub Actions w/ secrets.GITHUB_TOKEN
2025-04-15T07:13:54.9489091Z     				Note that it reports result to GitHub Actions log console for Pull
2025-04-15T07:13:54.9489513Z     				Requests from fork repository due to GitHub Actions restriction.
2025-04-15T07:13:54.9490061Z     				https://help.github.com/en/articles/virtual-environments-for-github-actions#github_token-secret
2025-04-15T07:13:54.9490516Z     	
2025-04-15T07:13:54.9490774Z     				Set REVIEWDOG_GITHUB_API_TOKEN with secrets.GITHUB_TOKEN. e.g.
2025-04-15T07:13:54.9491164Z     						REVIEWDOG_GITHUB_API_TOKEN: ${{ secrets.GITHUB_TOKEN }}
2025-04-15T07:13:54.9491462Z     	
2025-04-15T07:13:54.9491660Z     			Option 2) Install reviewdog GitHub Apps
2025-04-15T07:13:54.9492010Z     				1. Install reviewdog Apps. https://github.com/apps/reviewdog
2025-04-15T07:13:54.9492419Z     				2. Set REVIEWDOG_TOKEN or run reviewdog CLI in trusted CI providers.
2025-04-15T07:13:54.9492866Z     				You can get token from https://reviewdog.app/gh/<owner>/<repo-name>.
2025-04-15T07:13:54.9493226Z     				$ export REVIEWDOG_TOKEN="xxxxx"
2025-04-15T07:13:54.9493468Z     	
2025-04-15T07:13:54.9493711Z     				Note: Token is not required if you run reviewdog in Travis CI.
2025-04-15T07:13:54.9494296Z     	
2025-04-15T07:13:54.9494480Z     		"github-pr-check"
2025-04-15T07:13:54.9494786Z     			Same as github-check reporter but it only supports Pull Requests.
2025-04-15T07:13:54.9495108Z     	
2025-04-15T07:13:54.9495286Z     		"github-pr-review"
2025-04-15T07:13:54.9495532Z     			Report results to GitHub review comments.
2025-04-15T07:13:54.9495791Z     	
2025-04-15T07:13:54.9496023Z     			1. Set REVIEWDOG_GITHUB_API_TOKEN environment variable.
2025-04-15T07:13:54.9496503Z     			Go to https://github.com/settings/tokens and create new Personal access token with repo scope.
2025-04-15T07:13:54.9496919Z     	
2025-04-15T07:13:54.9497105Z     			For GitHub Enterprise:
2025-04-15T07:13:54.9497443Z     				$ export GITHUB_API="https://example.githubenterprise.com/api/v3"
2025-04-15T07:13:54.9497914Z     	
2025-04-15T07:13:54.9498109Z     		"gitlab-mr-discussion"
2025-04-15T07:13:54.9498496Z     			Report results to GitLab MergeRequest discussion.
2025-04-15T07:13:54.9498773Z     	
2025-04-15T07:13:54.9499005Z     			1. Set REVIEWDOG_GITLAB_API_TOKEN environment variable.
2025-04-15T07:13:54.9499360Z     			Go to https://gitlab.com/profile/personal_access_tokens
2025-04-15T07:13:54.9499645Z     	
2025-04-15T07:13:54.9499942Z     			CI_API_V4_URL (defined by Gitlab CI) as the base URL for the Gitlab API automatically.
2025-04-15T07:13:54.9500470Z     			Alternatively, GITLAB_API can also be defined, and it will take precedence over the former:
2025-04-15T07:13:54.9500944Z     				$ export GITLAB_API="https://example.gitlab.com/api/v4"
2025-04-15T07:13:54.9501245Z     	
2025-04-15T07:13:54.9501422Z     		"gitlab-mr-commit"
2025-04-15T07:13:54.9501748Z     			Same as gitlab-mr-discussion, but report results to GitLab comments for
2025-04-15T07:13:54.9502116Z     			each commits in Merge Requests.
2025-04-15T07:13:54.9502358Z     	
2025-04-15T07:13:54.9502539Z     		"gerrit-change-review"
2025-04-15T07:13:54.9502802Z     			Report results to Gerrit Change comments.
2025-04-15T07:13:54.9503060Z     	
2025-04-15T07:13:54.9503329Z     			1. Set GERRIT_USERNAME and GERRIT_PASSWORD for basic authentication or
2025-04-15T07:13:54.9503725Z     			GIT_GITCOOKIE_PATH for git cookie based authentication.
2025-04-15T07:13:54.9504386Z     			2. Set GERRIT_CHANGE_ID, GERRIT_REVISION_ID GERRIT_BRANCH and GERRIT_ADDRESS
2025-04-15T07:13:54.9504731Z     	
2025-04-15T07:13:54.9504898Z     			For example:
2025-04-15T07:13:54.9505162Z     				$ export GERRIT_CHANGE_ID=myproject~master~I1293efab014de2
2025-04-15T07:13:54.9505489Z     				$ export GERRIT_REVISION_ID=ed318bf9a3c
2025-04-15T07:13:54.9505763Z     				$ export GERRIT_BRANCH=master
2025-04-15T07:13:54.9506064Z     				$ export GERRIT_ADDRESS=http://localhost:8080
2025-04-15T07:13:54.9506338Z     	
2025-04-15T07:13:54.9506529Z     		"bitbucket-code-report"
2025-04-15T07:13:54.9506798Z     			Create Bitbucket Code Report via Code Insights
2025-04-15T07:13:54.9507196Z     			(https://confluence.atlassian.com/display/BITBUCKET/Code+insights).
2025-04-15T07:13:54.9507569Z     			You can set custom report name with:
2025-04-15T07:13:54.9507809Z     	
2025-04-15T07:13:54.9508109Z     			If running as part of Bitbucket Pipelines no additional configurations is needed.
2025-04-15T07:13:54.9508591Z     			If running outside of Bitbucket Pipelines you need to provide git repo data
2025-04-15T07:13:54.9509049Z     			(see documentation below for local reporters) and BitBucket credentials:
2025-04-15T07:13:54.9509464Z     			- For Basic Auth you need to set following env variables:
2025-04-15T07:13:54.9509795Z     				  BITBUCKET_USER and BITBUCKET_PASSWORD
2025-04-15T07:13:54.9510125Z     			- For AccessToken Auth you need to set BITBUCKET_ACCESS_TOKEN
2025-04-15T07:13:54.9510427Z     	
2025-04-15T07:13:54.9510685Z     			To post results to Bitbucket Server specify BITBUCKET_SERVER_URL.
2025-04-15T07:13:54.9510994Z     	
2025-04-15T07:13:54.9511170Z     		"gitea-pr-review"
2025-04-15T07:13:54.9511412Z     			Report results to Gitea review comments.
2025-04-15T07:13:54.9511662Z     	
2025-04-15T07:13:54.9511885Z     			1. Set REVIEWDOG_GITEA_API_TOKEN environment variable.
2025-04-15T07:13:54.9512413Z     			Go to https://<gitea-server>/user/settings/applications and create new Access Token token with repo scope.
2025-04-15T07:13:54.9512991Z     			2. Set GITEA_ADDRESS environment variable to your Gitea server base address.
2025-04-15T07:13:54.9513347Z     			For example:
2025-04-15T07:13:54.9513586Z     				$ export GITEA_ADDRESS=http://localhost:3000
2025-04-15T07:13:54.9514051Z     	
2025-04-15T07:13:54.9514477Z     		For GitHub Enterprise and self hosted GitLab or Gitea, set
2025-04-15T07:13:54.9514960Z     		REVIEWDOG_INSECURE_SKIP_VERIFY to skip verifying SSL (please use this at your own risk)
2025-04-15T07:13:54.9515521Z     			$ export REVIEWDOG_INSECURE_SKIP_VERIFY=true
2025-04-15T07:13:54.9515789Z     	
2025-04-15T07:13:54.9516070Z     		For non-local reporters, reviewdog automatically get necessary data from
2025-04-15T07:13:54.9516793Z     		environment variable in CI service (GitHub Actions, Travis CI, Circle CI, drone.io, GitLab CI, Bitbucket Pipelines).
2025-04-15T07:13:54.9517411Z     		You can set necessary data with following environment variable manually if
2025-04-15T07:13:54.9517784Z     		you want (e.g. run reviewdog in Jenkins).
2025-04-15T07:13:54.9518036Z     	
2025-04-15T07:13:54.9518274Z     			$ export CI_PULL_REQUEST=14 # Pull Request number (e.g. 14)
2025-04-15T07:13:54.9518654Z     			$ export CI_COMMIT="$(git rev-parse @)" # SHA1 for the current build
2025-04-15T07:13:54.9519027Z     			$ export CI_REPO_OWNER="haya14busa" # repository owner
2025-04-15T07:13:54.9519358Z     			$ export CI_REPO_NAME="reviewdog" # repository name
2025-04-15T07:13:54.9519642Z     	 (default "local")
2025-04-15T07:13:54.9519851Z   -runners string
2025-04-15T07:13:54.9520177Z     	comma separated runners name to run in config file. default: run all runners
2025-04-15T07:13:54.9520547Z   -strip int
2025-04-15T07:13:54.9520971Z     	strip NUM leading components from diff file names (equivalent to 'patch -p') (default is 1 for git diff) (default 1)
2025-04-15T07:13:54.9521438Z   -tee
2025-04-15T07:13:54.9521869Z     	enable "tee"-like mode which outputs tools's output as is while reporting results to -reporter. Useful for debugging as well.
2025-04-15T07:13:54.9522353Z   -version
2025-04-15T07:13:54.9522529Z     	print version
2025-04-15T07:13:54.9522648Z 
2025-04-15T07:13:54.9522803Z See https://github.com/reviewdog/reviewdog for more detail.
2025-04-15T07:13:54.9523300Z ##[endgroup]
2025-04-15T07:13:54.9561452Z ##[group]Run set -o pipefail
2025-04-15T07:13:54.9561748Z [36;1mset -o pipefail[0m
2025-04-15T07:13:54.9562041Z [36;1mgit diff --name-only "origin/$BASE_REF" HEAD \[0m
2025-04-15T07:13:54.9562404Z [36;1m  | { grep -E "^apps/docs/content/" || test $? = 1; } \[0m
2025-04-15T07:13:54.9562740Z [36;1m  | xargs -r supa-mdx-lint --format rdf \[0m
2025-04-15T07:13:54.9563107Z [36;1m  | reviewdog -f=rdjsonl -reporter=github-pr-review -tee[0m
2025-04-15T07:13:54.9607484Z shell: /usr/bin/bash -e {0}
2025-04-15T07:13:54.9607734Z env:
2025-04-15T07:13:54.9607933Z   CARGO_NET_GIT_FETCH_WITH_CLI: true
2025-04-15T07:13:54.9608190Z   BASE_REF: master
2025-04-15T07:13:54.9608626Z   REVIEWDOG_GITHUB_API_TOKEN: ***
2025-04-15T07:13:54.9608888Z ##[endgroup]
2025-04-15T07:13:55.0601194Z {"message":"Word not found in dictionary: addon","location":{"path":"apps/docs/content/guides/database/postgres/setup-replication-external.mdx","range":{"start":{"line":32,"column":114},"end":{"line":32,"column":119}}},"severity":"ERROR","suggestions":[{"range":{"start":{"line":32,"column":114},"end":{"line":32,"column":119}},"text":"add-on"}]}
2025-04-15T07:13:55.0604217Z {"message":"Word not found in dictionary: Xmin","location":{"path":"apps/docs/content/guides/database/replication-cdc/faq.mdx","range":{"start":{"line":20,"column":1},"end":{"line":20,"column":5}}},"severity":"ERROR"}
2025-04-15T07:13:55.0606461Z {"message":"Word not found in dictionary: Xmin","location":{"path":"apps/docs/content/guides/database/replication-cdc/faq.mdx","range":{"start":{"line":22,"column":1},"end":{"line":22,"column":5}}},"severity":"ERROR"}
2025-04-15T07:13:55.0608651Z {"message":"Word not found in dictionary: xmin","location":{"path":"apps/docs/content/guides/database/replication-cdc/faq.mdx","range":{"start":{"line":22,"column":44},"end":{"line":22,"column":48}}},"severity":"ERROR"}
2025-04-15T07:13:55.0611369Z {"message":"Heading should be sentence case","location":{"path":"apps/docs/content/guides/database/replication-cdc/logical-replication.mdx","range":{"start":{"line":8,"column":1},"end":{"line":8,"column":21}}},"severity":"ERROR","suggestions":[{"range":{"start":{"line":8,"column":16},"end":{"line":8,"column":21}},"text":"terms"}]}
2025-04-15T07:13:55.0614964Z {"message":"Heading should be sentence case","location":{"path":"apps/docs/content/guides/database/replication-cdc/logical-replication.mdx","range":{"start":{"line":10,"column":1},"end":{"line":10,"column":25}}},"severity":"ERROR","suggestions":[{"range":{"start":{"line":10,"column":10},"end":{"line":10,"column":15}},"text":"ahead"},{"range":{"start":{"line":10,"column":16},"end":{"line":10,"column":19}},"text":"log"}]}
2025-04-15T07:13:55.0618681Z {"message":"Heading should be sentence case","location":{"path":"apps/docs/content/guides/database/replication-cdc/logical-replication.mdx","range":{"start":{"line":14,"column":1},"end":{"line":14,"column":31}}},"severity":"ERROR","suggestions":[{"range":{"start":{"line":14,"column":12},"end":{"line":14,"column":23}},"text":"replication"}]}
2025-04-15T07:13:55.0622250Z {"message":"Heading should be sentence case","location":{"path":"apps/docs/content/guides/database/replication-cdc/logical-replication.mdx","range":{"start":{"line":18,"column":1},"end":{"line":18,"column":36}}},"severity":"ERROR","suggestions":[{"range":{"start":{"line":18,"column":12},"end":{"line":18,"column":23}},"text":"replication"},{"range":{"start":{"line":18,"column":24},"end":{"line":18,"column":36}},"text":"architecture"}]}
2025-04-15T07:13:55.0626580Z {"message":"Heading should be sentence case","location":{"path":"apps/docs/content/guides/database/replication-cdc/logical-replication.mdx","range":{"start":{"line":26,"column":1},"end":{"line":26,"column":37}}},"severity":"ERROR","suggestions":[{"range":{"start":{"line":26,"column":12},"end":{"line":26,"column":23}},"text":"replication"},{"range":{"start":{"line":26,"column":24},"end":{"line":26,"column":30}},"text":"output"},{"range":{"start":{"line":26,"column":31},"end":{"line":26,"column":37}},"text":"format"}]}
2025-04-15T07:13:55.0630535Z {"message":"Heading should be sentence case","location":{"path":"apps/docs/content/guides/database/replication-cdc/logical-replication.mdx","range":{"start":{"line":30,"column":1},"end":{"line":30,"column":36}}},"severity":"ERROR","suggestions":[{"range":{"start":{"line":30,"column":11},"end":{"line":30,"column":22}},"text":"replication"},{"range":{"start":{"line":30,"column":23},"end":{"line":30,"column":36}},"text":"configuration"}]}
2025-04-15T07:13:55.0633616Z {"message":"Word not found in dictionary: Elasticsearch","location":{"path":"apps/docs/content/guides/database/replication-cdc/overview.mdx","range":{"start":{"line":38,"column":34},"end":{"line":38,"column":47}}},"severity":"ERROR"}
2025-04-15T07:13:55.0636629Z {"message":"Word not found in dictionary: Postgresql","location":{"path":"apps/docs/content/guides/database/replication-cdc/services/etl-airbyte.mdx","range":{"start":{"line":9,"column":111},"end":{"line":9,"column":121}}},"severity":"ERROR","suggestions":[{"range":{"start":{"line":9,"column":111},"end":{"line":9,"column":121}},"text":"Postgres"}]}
2025-04-15T07:13:55.0639978Z {"message":"Prefer 'Postgres' to 'Postgresql'.","location":{"path":"apps/docs/content/guides/database/replication-cdc/services/etl-airbyte.mdx","range":{"start":{"line":9,"column":111},"end":{"line":9,"column":121}}},"severity":"ERROR","suggestions":[{"range":{"start":{"line":9,"column":111},"end":{"line":9,"column":121}},"text":"Postgres"}]}
2025-04-15T07:13:55.0642967Z {"message":"Word not found in dictionary: Troubleshootting","location":{"path":"apps/docs/content/guides/database/replication-cdc/services/etl-airbyte.mdx","range":{"start":{"line":16,"column":4},"end":{"line":16,"column":20}}},"severity":"ERROR"}
2025-04-15T07:13:55.0646042Z {"message":"Word not found in dictionary: Postgresql","location":{"path":"apps/docs/content/guides/database/replication-cdc/services/etl-fivetran.mdx","range":{"start":{"line":8,"column":126},"end":{"line":8,"column":136}}},"severity":"ERROR","suggestions":[{"range":{"start":{"line":8,"column":126},"end":{"line":8,"column":136}},"text":"Postgres"}]}
2025-04-15T07:13:55.0649418Z {"message":"Prefer 'Postgres' to 'Postgresql'.","location":{"path":"apps/docs/content/guides/database/replication-cdc/services/etl-fivetran.mdx","range":{"start":{"line":8,"column":126},"end":{"line":8,"column":136}}},"severity":"ERROR","suggestions":[{"range":{"start":{"line":8,"column":126},"end":{"line":8,"column":136}},"text":"Postgres"}]}
2025-04-15T07:13:55.0653078Z {"message":"Word not found in dictionary: Postgresql","location":{"path":"apps/docs/content/guides/database/replication-cdc/services/etl-materialize.mdx","range":{"start":{"line":8,"column":115},"end":{"line":8,"column":125}}},"severity":"ERROR","suggestions":[{"range":{"start":{"line":8,"column":115},"end":{"line":8,"column":125}},"text":"Postgres"}]}
2025-04-15T07:13:55.0656796Z {"message":"Prefer 'Postgres' to 'Postgresql'.","location":{"path":"apps/docs/content/guides/database/replication-cdc/services/etl-materialize.mdx","range":{"start":{"line":8,"column":115},"end":{"line":8,"column":125}}},"severity":"ERROR","suggestions":[{"range":{"start":{"line":8,"column":115},"end":{"line":8,"column":125}},"text":"Postgres"}]}
2025-04-15T07:13:55.0660344Z {"message":"Word not found in dictionary: Postgresql","location":{"path":"apps/docs/content/guides/database/replication-cdc/services/etl-stitch.mdx","range":{"start":{"line":8,"column":136},"end":{"line":8,"column":146}}},"severity":"ERROR","suggestions":[{"range":{"start":{"line":8,"column":136},"end":{"line":8,"column":146}},"text":"Postgres"}]}
2025-04-15T07:13:55.0663706Z {"message":"Prefer 'Postgres' to 'Postgresql'.","location":{"path":"apps/docs/content/guides/database/replication-cdc/services/etl-stitch.mdx","range":{"start":{"line":8,"column":136},"end":{"line":8,"column":146}}},"severity":"ERROR","suggestions":[{"range":{"start":{"line":8,"column":136},"end":{"line":8,"column":146}},"text":"Postgres"}]}
2025-04-15T07:13:55.0667025Z {"message":"Word not found in dictionary: addon","location":{"path":"apps/docs/content/guides/database/replication-cdc/setting-up-replication.mdx","range":{"start":{"line":12,"column":9},"end":{"line":12,"column":14}}},"severity":"ERROR","suggestions":[{"range":{"start":{"line":12,"column":9},"end":{"line":12,"column":14}},"text":"add-on"}]}
2025-04-15T07:13:55.0670141Z {"message":"Word not found in dictionary: Postgresql","location":{"path":"apps/docs/content/guides/database/replication-cdc/setting-up-replication.mdx","range":{"start":{"line":30,"column":115},"end":{"line":30,"column":125}}},"severity":"ERROR","suggestions":[{"range":{"start":{"line":30,"column":115},"end":{"line":30,"column":125}},"text":"Postgres"}]}
2025-04-15T07:13:55.0673521Z {"message":"Prefer 'Postgres' to 'Postgresql'.","location":{"path":"apps/docs/content/guides/database/replication-cdc/setting-up-replication.mdx","range":{"start":{"line":30,"column":115},"end":{"line":30,"column":125}}},"severity":"ERROR","suggestions":[{"range":{"start":{"line":30,"column":115},"end":{"line":30,"column":125}},"text":"Postgres"}]}
2025-04-15T07:13:55.0676744Z {"message":"Word not found in dictionary: Troubleshootting","location":{"path":"apps/docs/content/guides/database/replication-cdc/setting-up-replication.mdx","range":{"start":{"line":37,"column":4},"end":{"line":37,"column":20}}},"severity":"ERROR"}
2025-04-15T07:13:55.0680042Z {"message":"Word not found in dictionary: Postgresql","location":{"path":"apps/docs/content/guides/database/replication-cdc/setting-up-replication.mdx","range":{"start":{"line":44,"column":145},"end":{"line":44,"column":155}}},"severity":"ERROR","suggestions":[{"range":{"start":{"line":44,"column":145},"end":{"line":44,"column":155}},"text":"Postgres"}]}
2025-04-15T07:13:55.0683661Z {"message":"Prefer 'Postgres' to 'Postgresql'.","location":{"path":"apps/docs/content/guides/database/replication-cdc/setting-up-replication.mdx","range":{"start":{"line":44,"column":145},"end":{"line":44,"column":155}}},"severity":"ERROR","suggestions":[{"range":{"start":{"line":44,"column":145},"end":{"line":44,"column":155}},"text":"Postgres"}]}
2025-04-15T07:13:55.0687379Z {"message":"Word not found in dictionary: Postgresql","location":{"path":"apps/docs/content/guides/database/replication-cdc/setting-up-replication.mdx","range":{"start":{"line":52,"column":130},"end":{"line":52,"column":140}}},"severity":"ERROR","suggestions":[{"range":{"start":{"line":52,"column":130},"end":{"line":52,"column":140}},"text":"Postgres"}]}
2025-04-15T07:13:55.0691096Z {"message":"Prefer 'Postgres' to 'Postgresql'.","location":{"path":"apps/docs/content/guides/database/replication-cdc/setting-up-replication.mdx","range":{"start":{"line":52,"column":130},"end":{"line":52,"column":140}}},"severity":"ERROR","suggestions":[{"range":{"start":{"line":52,"column":130},"end":{"line":52,"column":140}},"text":"Postgres"}]}
2025-04-15T07:13:55.0694842Z {"message":"Word not found in dictionary: Postgresql","location":{"path":"apps/docs/content/guides/database/replication-cdc/setting-up-replication.mdx","range":{"start":{"line":64,"column":119},"end":{"line":64,"column":129}}},"severity":"ERROR","suggestions":[{"range":{"start":{"line":64,"column":119},"end":{"line":64,"column":129}},"text":"Postgres"}]}
2025-04-15T07:13:55.0697126Z {"message":"Prefer 'Postgres' to 'Postgresql'.","location":{"path":"apps/docs/content/guides/database/replication-cdc/setting-up-replication.mdx","range":{"start":{"line":64,"column":119},"end":{"line":64,"column":129}}},"severity":"ERROR","suggestions":[{"range":{"start":{"line":64,"column":119},"end":{"line":64,"column":129}},"text":"Postgres"}]}
2025-04-15T07:13:55.0699282Z {"message":"Word not found in dictionary: Postgresql","location":{"path":"apps/docs/content/guides/database/replication-cdc/setting-up-replication.mdx","range":{"start":{"line":74,"column":140},"end":{"line":74,"column":150}}},"severity":"ERROR","suggestions":[{"range":{"start":{"line":74,"column":140},"end":{"line":74,"column":150}},"text":"Postgres"}]}
2025-04-15T07:13:55.0701866Z {"message":"Prefer 'Postgres' to 'Postgresql'.","location":{"path":"apps/docs/content/guides/database/replication-cdc/setting-up-replication.mdx","range":{"start":{"line":74,"column":140},"end":{"line":74,"column":150}}},"severity":"ERROR","suggestions":[{"range":{"start":{"line":74,"column":140},"end":{"line":74,"column":150}},"text":"Postgres"}]}
2025-04-15T07:13:55.3084728Z {"message":"Word not found in dictionary: addon","location":{"path":"apps/docs/content/guides/database/postgres/setup-replication-external.mdx","range":{"start":{"line":32,"column":114},"end":{"line":32,"column":119}}},"severity":"ERROR","suggestions":[{"range":{"start":{"line":32,"column":114},"end":{"line":32,"column":119}},"text":"add-on"}]}
2025-04-15T07:13:55.3087809Z {"message":"Word not found in dictionary: Xmin","location":{"path":"apps/docs/content/guides/database/replication-cdc/faq.mdx","range":{"start":{"line":20,"column":1},"end":{"line":20,"column":5}}},"severity":"ERROR"}
2025-04-15T07:13:55.3090268Z {"message":"Word not found in dictionary: Xmin","location":{"path":"apps/docs/content/guides/database/replication-cdc/faq.mdx","range":{"start":{"line":22,"column":1},"end":{"line":22,"column":5}}},"severity":"ERROR"}
2025-04-15T07:13:55.3092641Z {"message":"Word not found in dictionary: xmin","location":{"path":"apps/docs/content/guides/database/replication-cdc/faq.mdx","range":{"start":{"line":22,"column":44},"end":{"line":22,"column":48}}},"severity":"ERROR"}
2025-04-15T07:13:55.3095801Z {"message":"Heading should be sentence case","location":{"path":"apps/docs/content/guides/database/replication-cdc/logical-replication.mdx","range":{"start":{"line":8,"column":1},"end":{"line":8,"column":21}}},"severity":"ERROR","suggestions":[{"range":{"start":{"line":8,"column":16},"end":{"line":8,"column":21}},"text":"terms"}]}
2025-04-15T07:13:55.3099602Z {"message":"Heading should be sentence case","location":{"path":"apps/docs/content/guides/database/replication-cdc/logical-replication.mdx","range":{"start":{"line":10,"column":1},"end":{"line":10,"column":25}}},"severity":"ERROR","suggestions":[{"range":{"start":{"line":10,"column":10},"end":{"line":10,"column":15}},"text":"ahead"},{"range":{"start":{"line":10,"column":16},"end":{"line":10,"column":19}},"text":"log"}]}
2025-04-15T07:13:55.3103488Z {"message":"Heading should be sentence case","location":{"path":"apps/docs/content/guides/database/replication-cdc/logical-replication.mdx","range":{"start":{"line":14,"column":1},"end":{"line":14,"column":31}}},"severity":"ERROR","suggestions":[{"range":{"start":{"line":14,"column":12},"end":{"line":14,"column":23}},"text":"replication"}]}
2025-04-15T07:13:55.3107985Z {"message":"Heading should be sentence case","location":{"path":"apps/docs/content/guides/database/replication-cdc/logical-replication.mdx","range":{"start":{"line":18,"column":1},"end":{"line":18,"column":36}}},"severity":"ERROR","suggestions":[{"range":{"start":{"line":18,"column":12},"end":{"line":18,"column":23}},"text":"replication"},{"range":{"start":{"line":18,"column":24},"end":{"line":18,"column":36}},"text":"architecture"}]}
2025-04-15T07:13:55.3112646Z {"message":"Heading should be sentence case","location":{"path":"apps/docs/content/guides/database/replication-cdc/logical-replication.mdx","range":{"start":{"line":26,"column":1},"end":{"line":26,"column":37}}},"severity":"ERROR","suggestions":[{"range":{"start":{"line":26,"column":12},"end":{"line":26,"column":23}},"text":"replication"},{"range":{"start":{"line":26,"column":24},"end":{"line":26,"column":30}},"text":"output"},{"range":{"start":{"line":26,"column":31},"end":{"line":26,"column":37}},"text":"format"}]}
2025-04-15T07:13:55.3117717Z {"message":"Heading should be sentence case","location":{"path":"apps/docs/content/guides/database/replication-cdc/logical-replication.mdx","range":{"start":{"line":30,"column":1},"end":{"line":30,"column":36}}},"severity":"ERROR","suggestions":[{"range":{"start":{"line":30,"column":11},"end":{"line":30,"column":22}},"text":"replication"},{"range":{"start":{"line":30,"column":23},"end":{"line":30,"column":36}},"text":"configuration"}]}
2025-04-15T07:13:55.3121219Z {"message":"Word not found in dictionary: Elasticsearch","location":{"path":"apps/docs/content/guides/database/replication-cdc/overview.mdx","range":{"start":{"line":38,"column":34},"end":{"line":38,"column":47}}},"severity":"ERROR"}
2025-04-15T07:13:55.3124592Z {"message":"Word not found in dictionary: Postgresql","location":{"path":"apps/docs/content/guides/database/replication-cdc/services/etl-airbyte.mdx","range":{"start":{"line":9,"column":111},"end":{"line":9,"column":121}}},"severity":"ERROR","suggestions":[{"range":{"start":{"line":9,"column":111},"end":{"line":9,"column":121}},"text":"Postgres"}]}
2025-04-15T07:13:55.3128244Z {"message":"Prefer 'Postgres' to 'Postgresql'.","location":{"path":"apps/docs/content/guides/database/replication-cdc/services/etl-airbyte.mdx","range":{"start":{"line":9,"column":111},"end":{"line":9,"column":121}}},"severity":"ERROR","suggestions":[{"range":{"start":{"line":9,"column":111},"end":{"line":9,"column":121}},"text":"Postgres"}]}
2025-04-15T07:13:55.3131449Z {"message":"Word not found in dictionary: Troubleshootting","location":{"path":"apps/docs/content/guides/database/replication-cdc/services/etl-airbyte.mdx","range":{"start":{"line":16,"column":4},"end":{"line":16,"column":20}}},"severity":"ERROR"}
2025-04-15T07:13:55.3134940Z {"message":"Word not found in dictionary: Postgresql","location":{"path":"apps/docs/content/guides/database/replication-cdc/services/etl-fivetran.mdx","range":{"start":{"line":8,"column":126},"end":{"line":8,"column":136}}},"severity":"ERROR","suggestions":[{"range":{"start":{"line":8,"column":126},"end":{"line":8,"column":136}},"text":"Postgres"}]}
2025-04-15T07:13:55.3138584Z {"message":"Prefer 'Postgres' to 'Postgresql'.","location":{"path":"apps/docs/content/guides/database/replication-cdc/services/etl-fivetran.mdx","range":{"start":{"line":8,"column":126},"end":{"line":8,"column":136}}},"severity":"ERROR","suggestions":[{"range":{"start":{"line":8,"column":126},"end":{"line":8,"column":136}},"text":"Postgres"}]}
2025-04-15T07:13:55.3142242Z {"message":"Word not found in dictionary: Postgresql","location":{"path":"apps/docs/content/guides/database/replication-cdc/services/etl-materialize.mdx","range":{"start":{"line":8,"column":115},"end":{"line":8,"column":125}}},"severity":"ERROR","suggestions":[{"range":{"start":{"line":8,"column":115},"end":{"line":8,"column":125}},"text":"Postgres"}]}
2025-04-15T07:13:55.3146427Z {"message":"Prefer 'Postgres' to 'Postgresql'.","location":{"path":"apps/docs/content/guides/database/replication-cdc/services/etl-materialize.mdx","range":{"start":{"line":8,"column":115},"end":{"line":8,"column":125}}},"severity":"ERROR","suggestions":[{"range":{"start":{"line":8,"column":115},"end":{"line":8,"column":125}},"text":"Postgres"}]}
2025-04-15T07:13:55.3150126Z {"message":"Word not found in dictionary: Postgresql","location":{"path":"apps/docs/content/guides/database/replication-cdc/services/etl-stitch.mdx","range":{"start":{"line":8,"column":136},"end":{"line":8,"column":146}}},"severity":"ERROR","suggestions":[{"range":{"start":{"line":8,"column":136},"end":{"line":8,"column":146}},"text":"Postgres"}]}
2025-04-15T07:13:55.3153972Z {"message":"Prefer 'Postgres' to 'Postgresql'.","location":{"path":"apps/docs/content/guides/database/replication-cdc/services/etl-stitch.mdx","range":{"start":{"line":8,"column":136},"end":{"line":8,"column":146}}},"severity":"ERROR","suggestions":[{"range":{"start":{"line":8,"column":136},"end":{"line":8,"column":146}},"text":"Postgres"}]}
2025-04-15T07:13:55.3157583Z {"message":"Word not found in dictionary: addon","location":{"path":"apps/docs/content/guides/database/replication-cdc/setting-up-replication.mdx","range":{"start":{"line":12,"column":9},"end":{"line":12,"column":14}}},"severity":"ERROR","suggestions":[{"range":{"start":{"line":12,"column":9},"end":{"line":12,"column":14}},"text":"add-on"}]}
2025-04-15T07:13:55.3161494Z {"message":"Word not found in dictionary: Postgresql","location":{"path":"apps/docs/content/guides/database/replication-cdc/setting-up-replication.mdx","range":{"start":{"line":30,"column":115},"end":{"line":30,"column":125}}},"severity":"ERROR","suggestions":[{"range":{"start":{"line":30,"column":115},"end":{"line":30,"column":125}},"text":"Postgres"}]}
2025-04-15T07:13:55.3165447Z {"message":"Prefer 'Postgres' to 'Postgresql'.","location":{"path":"apps/docs/content/guides/database/replication-cdc/setting-up-replication.mdx","range":{"start":{"line":30,"column":115},"end":{"line":30,"column":125}}},"severity":"ERROR","suggestions":[{"range":{"start":{"line":30,"column":115},"end":{"line":30,"column":125}},"text":"Postgres"}]}
2025-04-15T07:13:55.3168723Z {"message":"Word not found in dictionary: Troubleshootting","location":{"path":"apps/docs/content/guides/database/replication-cdc/setting-up-replication.mdx","range":{"start":{"line":37,"column":4},"end":{"line":37,"column":20}}},"severity":"ERROR"}
2025-04-15T07:13:55.3172047Z {"message":"Word not found in dictionary: Postgresql","location":{"path":"apps/docs/content/guides/database/replication-cdc/setting-up-replication.mdx","range":{"start":{"line":44,"column":145},"end":{"line":44,"column":155}}},"severity":"ERROR","suggestions":[{"range":{"start":{"line":44,"column":145},"end":{"line":44,"column":155}},"text":"Postgres"}]}
2025-04-15T07:13:55.3175904Z {"message":"Prefer 'Postgres' to 'Postgresql'.","location":{"path":"apps/docs/content/guides/database/replication-cdc/setting-up-replication.mdx","range":{"start":{"line":44,"column":145},"end":{"line":44,"column":155}}},"severity":"ERROR","suggestions":[{"range":{"start":{"line":44,"column":145},"end":{"line":44,"column":155}},"text":"Postgres"}]}
2025-04-15T07:13:55.3179596Z {"message":"Word not found in dictionary: Postgresql","location":{"path":"apps/docs/content/guides/database/replication-cdc/setting-up-replication.mdx","range":{"start":{"line":52,"column":130},"end":{"line":52,"column":140}}},"severity":"ERROR","suggestions":[{"range":{"start":{"line":52,"column":130},"end":{"line":52,"column":140}},"text":"Postgres"}]}
2025-04-15T07:13:55.3183266Z {"message":"Prefer 'Postgres' to 'Postgresql'.","location":{"path":"apps/docs/content/guides/database/replication-cdc/setting-up-replication.mdx","range":{"start":{"line":52,"column":130},"end":{"line":52,"column":140}}},"severity":"ERROR","suggestions":[{"range":{"start":{"line":52,"column":130},"end":{"line":52,"column":140}},"text":"Postgres"}]}
2025-04-15T07:13:55.3187412Z {"message":"Word not found in dictionary: Postgresql","location":{"path":"apps/docs/content/guides/database/replication-cdc/setting-up-replication.mdx","range":{"start":{"line":64,"column":119},"end":{"line":64,"column":129}}},"severity":"ERROR","suggestions":[{"range":{"start":{"line":64,"column":119},"end":{"line":64,"column":129}},"text":"Postgres"}]}
2025-04-15T07:13:55.3191143Z {"message":"Prefer 'Postgres' to 'Postgresql'.","location":{"path":"apps/docs/content/guides/database/replication-cdc/setting-up-replication.mdx","range":{"start":{"line":64,"column":119},"end":{"line":64,"column":129}}},"severity":"ERROR","suggestions":[{"range":{"start":{"line":64,"column":119},"end":{"line":64,"column":129}},"text":"Postgres"}]}
2025-04-15T07:13:55.3195062Z {"message":"Word not found in dictionary: Postgresql","location":{"path":"apps/docs/content/guides/database/replication-cdc/setting-up-replication.mdx","range":{"start":{"line":74,"column":140},"end":{"line":74,"column":150}}},"severity":"ERROR","suggestions":[{"range":{"start":{"line":74,"column":140},"end":{"line":74,"column":150}},"text":"Postgres"}]}
2025-04-15T07:13:55.3198777Z {"message":"Prefer 'Postgres' to 'Postgresql'.","location":{"path":"apps/docs/content/guides/database/replication-cdc/setting-up-replication.mdx","range":{"start":{"line":74,"column":140},"end":{"line":74,"column":150}}},"severity":"ERROR","suggestions":[{"range":{"start":{"line":74,"column":140},"end":{"line":74,"column":150}},"text":"Postgres"}]}
2025-04-15T07:14:00.1373044Z ##[error]Process completed with exit code 123.
2025-04-15T07:14:00.1447695Z Post job cleanup.
2025-04-15T07:14:00.2365460Z [command]/usr/bin/git version
2025-04-15T07:14:00.2400414Z git version 2.49.0
2025-04-15T07:14:00.2449046Z Temporarily overriding HOME='/home/runner/work/_temp/83071b46-576e-43c0-b1be-2069a50222e5' before making global git config changes
2025-04-15T07:14:00.2450359Z Adding repository directory to the temporary git global config as a safe directory
2025-04-15T07:14:00.2455288Z [command]/usr/bin/git config --global --add safe.directory /home/runner/work/supabase/supabase
2025-04-15T07:14:00.2488547Z [command]/usr/bin/git config --local --name-only --get-regexp core\.sshCommand
2025-04-15T07:14:00.2521186Z [command]/usr/bin/git submodule foreach --recursive sh -c "git config --local --name-only --get-regexp 'core\.sshCommand' && git config --local --unset-all 'core.sshCommand' || :"
2025-04-15T07:14:00.2766362Z [command]/usr/bin/git config --local --name-only --get-regexp http\.https\:\/\/github\.com\/\.extraheader
2025-04-15T07:14:00.2786940Z http.https://github.com/.extraheader
2025-04-15T07:14:00.2799512Z [command]/usr/bin/git config --local --unset-all http.https://github.com/.extraheader
2025-04-15T07:14:00.2830349Z [command]/usr/bin/git submodule foreach --recursive sh -c "git config --local --name-only --get-regexp 'http\.https\:\/\/github\.com\/\.extraheader' && git config --local --unset-all 'http.https://github.com/.extraheader' || :"
2025-04-15T07:14:00.3174458Z Cleaning up orphan processes
