2025-04-04T08:39:09.3827179Z Requested labels: macos-latest
2025-04-04T08:39:09.3828129Z Job defined at: pixijs/pixijs/.github/workflows/pull-visuals.yml@refs/pull/11363/merge
2025-04-04T08:39:09.3828315Z Waiting for a runner to pick up this job...
2025-04-04T08:39:09.5699776Z Job is waiting for a hosted runner to come online.
2025-04-04T08:39:12.7892113Z Job is about to start running on the hosted runner: GitHub Actions 3 (hosted)
2025-04-04T08:39:13.4964190Z Current runner version: '2.323.0'
2025-04-04T08:39:13.4978660Z ##[group]Operating System
2025-04-04T08:39:13.4979140Z macOS
2025-04-04T08:39:13.4979440Z 14.7.4
2025-04-04T08:39:13.4979710Z 23H420
2025-04-04T08:39:13.4979990Z ##[endgroup]
2025-04-04T08:39:13.4980290Z ##[group]Runner Image
2025-04-04T08:39:13.4980620Z Image: macos-14-arm64
2025-04-04T08:39:13.4980940Z Version: 20250331.1204
2025-04-04T08:39:13.4981620Z Included Software: https://github.com/actions/runner-images/blob/macos-14-arm64/20250331.1204/images/macos/macos-14-arm64-Readme.md
2025-04-04T08:39:13.4982540Z Image Release: https://github.com/actions/runner-images/releases/tag/macos-14-arm64%2F20250331.1204
2025-04-04T08:39:13.4983120Z ##[endgroup]
2025-04-04T08:39:13.4983440Z ##[group]Runner Image Provisioner
2025-04-04T08:39:13.4983850Z 2.0.422.1+55c30c14fe2a0a1547db1b656933ae07d97649a9
2025-04-04T08:39:13.4984250Z ##[endgroup]
2025-04-04T08:39:13.4985620Z ##[group]GITHUB_TOKEN Permissions
2025-04-04T08:39:13.4986640Z Actions: read
2025-04-04T08:39:13.4986970Z Attestations: read
2025-04-04T08:39:13.4987290Z Checks: read
2025-04-04T08:39:13.4987580Z Contents: read
2025-04-04T08:39:13.4987890Z Deployments: read
2025-04-04T08:39:13.4988200Z Discussions: read
2025-04-04T08:39:13.4988510Z Issues: read
2025-04-04T08:39:13.4988810Z Metadata: read
2025-04-04T08:39:13.4989110Z Models: read
2025-04-04T08:39:13.4989410Z Packages: read
2025-04-04T08:39:13.4989720Z Pages: read
2025-04-04T08:39:13.4990020Z PullRequests: read
2025-04-04T08:39:13.4990350Z RepositoryProjects: read
2025-04-04T08:39:13.4990690Z SecurityEvents: read
2025-04-04T08:39:13.4991010Z Statuses: read
2025-04-04T08:39:13.4991310Z ##[endgroup]
2025-04-04T08:39:13.4993140Z Secret source: None
2025-04-04T08:39:13.4993550Z Prepare workflow directory
2025-04-04T08:39:13.5187260Z Prepare all required actions
2025-04-04T08:39:13.5212000Z Getting action download info
2025-04-04T08:39:13.6750810Z ##[group]Download immutable action package 'actions/checkout@v4'
2025-04-04T08:39:13.6751410Z Version: 4.2.2
2025-04-04T08:39:13.6751960Z Digest: sha256:ccb2698953eaebd21c7bf6268a94f9c26518a7e38e27e0b83c1fe1ad049819b1
2025-04-04T08:39:13.6752650Z Source commit SHA: 11bd71901bbe5b1630ceea73d27597364c9af683
2025-04-04T08:39:13.6753070Z ##[endgroup]
2025-04-04T08:39:13.8770650Z Complete job name: build
2025-04-04T08:39:13.9152410Z ##[group]Run actions/checkout@v4
2025-04-04T08:39:13.9152920Z with:
2025-04-04T08:39:13.9153220Z   repository: pixijs/pixijs
2025-04-04T08:39:13.9153650Z   token: ***
2025-04-04T08:39:13.9153920Z   ssh-strict: true
2025-04-04T08:39:13.9154200Z   ssh-user: git
2025-04-04T08:39:13.9154480Z   persist-credentials: true
2025-04-04T08:39:13.9154790Z   clean: true
2025-04-04T08:39:13.9155070Z   sparse-checkout-cone-mode: true
2025-04-04T08:39:13.9155400Z   fetch-depth: 1
2025-04-04T08:39:13.9155670Z   fetch-tags: false
2025-04-04T08:39:13.9155950Z   show-progress: true
2025-04-04T08:39:13.9156240Z   lfs: false
2025-04-04T08:39:13.9156500Z   submodules: false
2025-04-04T08:39:13.9156790Z   set-safe-directory: true
2025-04-04T08:39:13.9157210Z ##[endgroup]
2025-04-04T08:39:14.1964840Z Syncing repository: pixijs/pixijs
2025-04-04T08:39:14.1966020Z ##[group]Getting Git version info
2025-04-04T08:39:14.1966600Z Working directory is '/Users/runner/work/pixijs/pixijs'
2025-04-04T08:39:14.1967360Z [command]/opt/homebrew/bin/git version
2025-04-04T08:39:14.2456670Z git version 2.49.0
2025-04-04T08:39:14.2481710Z ##[endgroup]
2025-04-04T08:39:14.2487910Z Copying '/Users/runner/.gitconfig' to '/Users/runner/work/_temp/738f3bc3-19b6-4eac-ae7f-bdddbfa1c697/.gitconfig'
2025-04-04T08:39:14.2494660Z Temporarily overriding HOME='/Users/runner/work/_temp/738f3bc3-19b6-4eac-ae7f-bdddbfa1c697' before making global git config changes
2025-04-04T08:39:14.2495620Z Adding repository directory to the temporary git global config as a safe directory
2025-04-04T08:39:14.2498710Z [command]/opt/homebrew/bin/git config --global --add safe.directory /Users/runner/work/pixijs/pixijs
2025-04-04T08:39:14.2574100Z Deleting the contents of '/Users/runner/work/pixijs/pixijs'
2025-04-04T08:39:14.2576480Z ##[group]Initializing the repository
2025-04-04T08:39:14.2580620Z [command]/opt/homebrew/bin/git init /Users/runner/work/pixijs/pixijs
2025-04-04T08:39:14.2735710Z hint: Using 'master' as the name for the initial branch. This default branch name
2025-04-04T08:39:14.2736640Z hint: is subject to change. To configure the initial branch name to use in all
2025-04-04T08:39:14.2737290Z hint: of your new repositories, which will suppress this warning, call:
2025-04-04T08:39:14.2737800Z hint:
2025-04-04T08:39:14.2738170Z hint: 	git config --global init.defaultBranch <name>
2025-04-04T08:39:14.2738580Z hint:
2025-04-04T08:39:14.2738990Z hint: Names commonly chosen instead of 'master' are 'main', 'trunk' and
2025-04-04T08:39:14.2739620Z hint: 'development'. The just-created branch can be renamed via this command:
2025-04-04T08:39:14.2740120Z hint:
2025-04-04T08:39:14.2740430Z hint: 	git branch -m <name>
2025-04-04T08:39:14.2740920Z Initialized empty Git repository in /Users/runner/work/pixijs/pixijs/.git/
2025-04-04T08:39:14.2744080Z [command]/opt/homebrew/bin/git remote add origin https://github.com/pixijs/pixijs
2025-04-04T08:39:14.2792540Z ##[endgroup]
2025-04-04T08:39:14.2793080Z ##[group]Disabling automatic garbage collection
2025-04-04T08:39:14.2794640Z [command]/opt/homebrew/bin/git config --local gc.auto 0
2025-04-04T08:39:14.2830670Z ##[endgroup]
2025-04-04T08:39:14.2831230Z ##[group]Setting up auth
2025-04-04T08:39:14.2835380Z [command]/opt/homebrew/bin/git config --local --name-only --get-regexp core\.sshCommand
2025-04-04T08:39:14.2871400Z [command]/opt/homebrew/bin/git submodule foreach --recursive sh -c "git config --local --name-only --get-regexp 'core\.sshCommand' && git config --local --unset-all 'core.sshCommand' || :"
2025-04-04T08:39:14.3409950Z [command]/opt/homebrew/bin/git config --local --name-only --get-regexp http\.https\:\/\/github\.com\/\.extraheader
2025-04-04T08:39:14.3445300Z [command]/opt/homebrew/bin/git submodule foreach --recursive sh -c "git config --local --name-only --get-regexp 'http\.https\:\/\/github\.com\/\.extraheader' && git config --local --unset-all 'http.https://github.com/.extraheader' || :"
2025-04-04T08:39:14.3905370Z [command]/opt/homebrew/bin/git config --local http.https://github.com/.extraheader AUTHORIZATION: basic ***
2025-04-04T08:39:14.3952200Z ##[endgroup]
2025-04-04T08:39:14.3952790Z ##[group]Fetching the repository
2025-04-04T08:39:14.3958250Z [command]/opt/homebrew/bin/git -c protocol.version=2 fetch --no-tags --prune --no-recurse-submodules --depth=1 origin +ccf08cc4a1b388dddd758f120cf76d6323fb72a0:refs/remotes/pull/11363/merge
2025-04-04T08:39:15.9826990Z From https://github.com/pixijs/pixijs
2025-04-04T08:39:15.9828260Z  * [new ref]         ccf08cc4a1b388dddd758f120cf76d6323fb72a0 -> pull/11363/merge
2025-04-04T08:39:15.9886520Z ##[endgroup]
2025-04-04T08:39:15.9887220Z ##[group]Determining the checkout info
2025-04-04T08:39:15.9887940Z ##[endgroup]
2025-04-04T08:39:15.9889970Z [command]/opt/homebrew/bin/git sparse-checkout disable
2025-04-04T08:39:15.9946270Z [command]/opt/homebrew/bin/git config --local --unset-all extensions.worktreeConfig
2025-04-04T08:39:15.9987250Z ##[group]Checking out the ref
2025-04-04T08:39:15.9989090Z [command]/opt/homebrew/bin/git checkout --progress --force refs/remotes/pull/11363/merge
2025-04-04T08:39:16.1366470Z HEAD is now at ccf08cc Merge 3c862d48c45c23953ea6ea27237e2ba928de2963 into 9d177e2d2d3c33df2b0ae7afef180c5028e4d3af
2025-04-04T08:39:16.1377320Z ##[endgroup]
2025-04-04T08:39:16.1438920Z [command]/opt/homebrew/bin/git log -1 --format=%H
2025-04-04T08:39:16.1480140Z ccf08cc4a1b388dddd758f120cf76d6323fb72a0
2025-04-04T08:39:16.1672650Z Prepare all required actions
2025-04-04T08:39:16.1673220Z Getting action download info
2025-04-04T08:39:16.3128470Z ##[group]Download immutable action package 'actions/setup-node@v4'
2025-04-04T08:39:16.3130620Z Version: 4.3.0
2025-04-04T08:39:16.3132720Z Digest: sha256:9f9f8171ffc89cb7f6897e615e2b43b46bb55176fd279129eb0088157eace9b2
2025-04-04T08:39:16.3136260Z Source commit SHA: cdca7365b2dadb8aad0a33bc7601856ffabcc48e
2025-04-04T08:39:16.3138250Z ##[endgroup]
2025-04-04T08:39:16.4355440Z ##[group]Download immutable action package 'actions/cache@v4'
2025-04-04T08:39:16.4376490Z Version: 4.2.3
2025-04-04T08:39:16.4377180Z Digest: sha256:c8a3bb963e1f1826d8fcc8d1354f0dd29d8ac1db1d4f6f20247055ae11b81ed9
2025-04-04T08:39:16.4378120Z Source commit SHA: 5a3ec84eff668545956fd18022155c47e93e2684
2025-04-04T08:39:16.4378740Z ##[endgroup]
2025-04-04T08:39:16.5277910Z ##[group]Run ./.github/actions/setup
2025-04-04T08:39:16.5278510Z with:
2025-04-04T08:39:16.5278810Z   node-version: 20
2025-04-04T08:39:16.5279170Z   npm-version: 8
2025-04-04T08:39:16.5279500Z ##[endgroup]
2025-04-04T08:39:16.5381670Z ##[group]Run actions/setup-node@v4
2025-04-04T08:39:16.5382080Z with:
2025-04-04T08:39:16.5382380Z   node-version: 20
2025-04-04T08:39:16.5382760Z   registry-url: https://registry.npmjs.org
2025-04-04T08:39:16.5383220Z   always-auth: false
2025-04-04T08:39:16.5383730Z   check-latest: false
2025-04-04T08:39:16.5384230Z   token: ***
2025-04-04T08:39:16.5384560Z ##[endgroup]
2025-04-04T08:39:16.6609150Z Found in cache @ /Users/runner/hostedtoolcache/node/20.19.0/arm64
2025-04-04T08:39:16.6612390Z ##[group]Environment details
2025-04-04T08:39:17.0492540Z node: v20.19.0
2025-04-04T08:39:17.0492990Z npm: 10.8.2
2025-04-04T08:39:17.0493370Z yarn: 1.22.22
2025-04-04T08:39:17.0494150Z ##[endgroup]
2025-04-04T08:39:17.0584280Z ##[group]Run npm install -g npm@8
2025-04-04T08:39:17.0585040Z [36;1mnpm install -g npm@8[0m
2025-04-04T08:39:17.0634490Z shell: /bin/bash --noprofile --norc -e -o pipefail {0}
2025-04-04T08:39:17.0635250Z env:
2025-04-04T08:39:17.0635930Z   NPM_CONFIG_USERCONFIG: /Users/runner/work/_temp/.npmrc
2025-04-04T08:39:17.0636700Z   NODE_AUTH_TOKEN: XXXXX-XXXXX-XXXXX-XXXXX
2025-04-04T08:39:17.0637390Z ##[endgroup]
2025-04-04T08:39:19.3544580Z 
2025-04-04T08:39:19.3551880Z removed 54 packages, and changed 101 packages in 2s
2025-04-04T08:39:19.3552540Z 
2025-04-04T08:39:19.3553410Z 11 packages are looking for funding
2025-04-04T08:39:19.3553650Z   run `npm fund` for details
2025-04-04T08:39:19.5009490Z ##[group]Run actions/cache@v4
2025-04-04T08:39:19.5009710Z with:
2025-04-04T08:39:19.5009840Z   path: node_modules
2025-04-04T08:39:19.5010150Z   key: macOS-node-modules-c2503206af3c5adbdf861c1f45504b95844d9987a1f7491584fcd61d2e1d5d35
2025-04-04T08:39:19.5010500Z   restore-keys: macOS-node-modules-

2025-04-04T08:39:19.5010700Z   enableCrossOsArchive: false
2025-04-04T08:39:19.5010890Z   fail-on-cache-miss: false
2025-04-04T08:39:19.5011040Z   lookup-only: false
2025-04-04T08:39:19.5011220Z   save-always: false
2025-04-04T08:39:19.5011360Z env:
2025-04-04T08:39:19.5011580Z   NPM_CONFIG_USERCONFIG: /Users/runner/work/_temp/.npmrc
2025-04-04T08:39:19.5011820Z   NODE_AUTH_TOKEN: XXXXX-XXXXX-XXXXX-XXXXX
2025-04-04T08:39:19.5012010Z ##[endgroup]
2025-04-04T08:39:19.6833960Z Cache not found for input keys: macOS-node-modules-c2503206af3c5adbdf861c1f45504b95844d9987a1f7491584fcd61d2e1d5d35, macOS-node-modules-
2025-04-04T08:39:19.6909460Z ##[group]Run npm ci
2025-04-04T08:39:19.6909670Z [36;1mnpm ci[0m
2025-04-04T08:39:19.6960000Z shell: /bin/bash --noprofile --norc -e -o pipefail {0}
2025-04-04T08:39:19.6960230Z env:
2025-04-04T08:39:19.6960410Z   NPM_CONFIG_USERCONFIG: /Users/runner/work/_temp/.npmrc
2025-04-04T08:39:19.6960650Z   NODE_AUTH_TOKEN: XXXXX-XXXXX-XXXXX-XXXXX
2025-04-04T08:39:19.6960840Z ##[endgroup]
2025-04-04T08:39:21.7791610Z npm WARN deprecated urix@0.1.0: Please see https://github.com/lydell/urix#deprecated
2025-04-04T08:39:21.7857310Z npm WARN deprecated w3c-hr-time@1.0.2: Use your platform's native performance.now() and performance.timeOrigin.
2025-04-04T08:39:22.0594210Z npm WARN deprecated source-map-url@0.4.1: See https://github.com/lydell/source-map-url#deprecated
2025-04-04T08:39:22.0836120Z npm WARN deprecated source-map-resolve@0.5.3: See https://github.com/lydell/source-map-resolve#deprecated
2025-04-04T08:39:22.1367510Z npm WARN deprecated sourcemap-codec@1.4.8: Please use @jridgewell/sourcemap-codec instead
2025-04-04T08:39:22.2238560Z npm WARN deprecated sane@4.1.0: some dependency vulnerabilities fixed, support for node < 10 dropped, and newer ECMAScript syntax/features added
2025-04-04T08:39:22.2239670Z npm WARN deprecated resolve-url@0.2.1: https://github.com/lydell/resolve-url#deprecated
2025-04-04T08:39:26.6299270Z npm WARN deprecated open-sans-fonts@1.6.2: Package no longer supported. Contact Support at https://www.npmjs.com/support for more info.
2025-04-04T08:39:30.0620020Z 
2025-04-04T08:39:30.0620450Z > pixi.js@8.9.1 prepare
2025-04-04T08:39:30.0622840Z > husky install
2025-04-04T08:39:30.0623030Z 
2025-04-04T08:39:30.1086460Z husky - Git hooks installed
2025-04-04T08:39:30.1189260Z 
2025-04-04T08:39:30.1189810Z added 1410 packages, and audited 1411 packages in 10s
2025-04-04T08:39:30.1190040Z 
2025-04-04T08:39:30.1190170Z 225 packages are looking for funding
2025-04-04T08:39:30.1190400Z   run `npm fund` for details
2025-04-04T08:39:30.1518810Z 
2025-04-04T08:39:30.1519480Z 44 vulnerabilities (2 low, 28 moderate, 9 high, 5 critical)
2025-04-04T08:39:30.1519720Z 
2025-04-04T08:39:30.1519930Z To address issues that do not require attention, run:
2025-04-04T08:39:30.1520170Z   npm audit fix
2025-04-04T08:39:30.1520270Z 
2025-04-04T08:39:30.1520500Z To address all issues possible (including breaking changes), run:
2025-04-04T08:39:30.1520780Z   npm audit fix --force
2025-04-04T08:39:30.1520900Z 
2025-04-04T08:39:30.1521060Z Some issues need review, and may require choosing
2025-04-04T08:39:30.1521310Z a different dependency.
2025-04-04T08:39:30.1521410Z 
2025-04-04T08:39:30.1521530Z Run `npm audit` for details.
2025-04-04T08:39:30.1641500Z Prepare all required actions
2025-04-04T08:39:30.1641750Z Getting action download info
2025-04-04T08:39:30.3228350Z ##[group]Download immutable action package 'actions/upload-artifact@v4'
2025-04-04T08:39:30.3229180Z Version: 4.6.2
2025-04-04T08:39:30.3229940Z Digest: sha256:290722aa3281d5caf23d0acdc3dbeb3424786a1a01a9cc97e72f147225e37c38
2025-04-04T08:39:30.3230940Z Source commit SHA: ea165f8d65b6e75b540449e92b4886f43607fa02
2025-04-04T08:39:30.3231600Z ##[endgroup]
2025-04-04T08:39:30.4380030Z ##[group]Run ./.github/actions/unit
2025-04-04T08:39:30.4380250Z with:
2025-04-04T08:39:30.4380370Z   type: Visuals
2025-04-04T08:39:30.4380510Z env:
2025-04-04T08:39:30.4380670Z   NPM_CONFIG_USERCONFIG: /Users/runner/work/_temp/.npmrc
2025-04-04T08:39:30.4380970Z   NODE_AUTH_TOKEN: XXXXX-XXXXX-XXXXX-XXXXX
2025-04-04T08:39:30.4381160Z ##[endgroup]
2025-04-04T08:39:30.4408160Z ##[group]Run npm run test:scene -- --maxWorkers=50%
2025-04-04T08:39:30.4408420Z [36;1mnpm run test:scene -- --maxWorkers=50%[0m
2025-04-04T08:39:30.4453200Z shell: /bin/bash --noprofile --norc -e -o pipefail {0}
2025-04-04T08:39:30.4453430Z env:
2025-04-04T08:39:30.4453610Z   NPM_CONFIG_USERCONFIG: /Users/runner/work/_temp/.npmrc
2025-04-04T08:39:30.4453850Z   NODE_AUTH_TOKEN: XXXXX-XXXXX-XXXXX-XXXXX
2025-04-04T08:39:30.4454050Z   NODE_ENV: production
2025-04-04T08:39:30.4454220Z ##[endgroup]
2025-04-04T08:39:30.6087910Z 
2025-04-04T08:39:30.6088650Z > pixi.js@8.9.1 test:scene
2025-04-04T08:39:30.6089190Z > npx jest --silent --testPathPattern=tests/visual --maxWorkers=50%
2025-04-04T08:39:30.6089500Z 
2025-04-04T08:39:31.4187030Z ts-jest[versions] (WARN) Version 5.3.3 of typescript installed has not been tested with ts-jest. If you're experiencing issues, consider using a supported version (>=3.8.0 <5.0.0-0). Please do not report issues in ts-jest if you are using unsupported versions.
2025-04-04T08:39:57.8565470Z PASS tests/visual/visuals.test.ts (24.15 s)
2025-04-04T08:39:57.8577570Z 
2025-04-04T08:39:57.8580390Z Test Suites: 1 passed, 1 total
2025-04-04T08:39:57.8581820Z Tests:       387 passed, 387 total
2025-04-04T08:39:57.8582210Z Snapshots:   0 total
2025-04-04T08:39:57.8582670Z Time:        25.386 s
2025-04-04T08:39:58.0663550Z ##[group]Run actions/upload-artifact@v4
2025-04-04T08:39:58.0664120Z with:
2025-04-04T08:39:58.0668080Z   name: pr_uploads
2025-04-04T08:39:58.0668670Z   path: .pr_uploads/
2025-04-04T08:39:58.0669260Z   include-hidden-files: true
2025-04-04T08:39:58.0669890Z   if-no-files-found: warn
2025-04-04T08:39:58.0670180Z   compression-level: 6
2025-04-04T08:39:58.0670440Z   overwrite: false
2025-04-04T08:39:58.0671150Z env:
2025-04-04T08:39:58.0672100Z   NPM_CONFIG_USERCONFIG: /Users/runner/work/_temp/.npmrc
2025-04-04T08:39:58.0672820Z   NODE_AUTH_TOKEN: XXXXX-XXXXX-XXXXX-XXXXX
2025-04-04T08:39:58.0673580Z ##[endgroup]
2025-04-04T08:39:58.3352320Z ##[warning]No files were found with the provided path: .pr_uploads/. No artifacts will be uploaded.
2025-04-04T08:39:58.3512400Z Post job cleanup.
2025-04-04T08:39:59.4324140Z Post job cleanup.
2025-04-04T08:39:59.5483840Z [command]/opt/homebrew/bin/gtar --posix -cf cache.tzst --exclude cache.tzst -P -C /Users/runner/work/pixijs/pixijs --files-from manifest.txt --delay-directory-restore --use-compress-program zstdmt
2025-04-04T08:40:03.1668820Z Sent 7841412 of 142059140 (5.5%), 7.5 MBs/sec
2025-04-04T08:40:04.1704300Z Sent 74950276 of 142059140 (52.8%), 35.6 MBs/sec
2025-04-04T08:40:04.6132720Z Sent 142059140 of 142059140 (100.0%), 55.3 MBs/sec
2025-04-04T08:40:04.6555360Z Cache saved with key: macOS-node-modules-c2503206af3c5adbdf861c1f45504b95844d9987a1f7491584fcd61d2e1d5d35
2025-04-04T08:40:04.6812290Z Post job cleanup.
2025-04-04T08:40:04.8237730Z Post job cleanup.
2025-04-04T08:40:04.8997410Z [command]/opt/homebrew/bin/git version
2025-04-04T08:40:04.9069080Z git version 2.49.0
2025-04-04T08:40:04.9091540Z Copying '/Users/runner/.gitconfig' to '/Users/runner/work/_temp/cfe0e287-9fa8-43a4-a048-ddff56a0aeb4/.gitconfig'
2025-04-04T08:40:04.9098130Z Temporarily overriding HOME='/Users/runner/work/_temp/cfe0e287-9fa8-43a4-a048-ddff56a0aeb4' before making global git config changes
2025-04-04T08:40:04.9098820Z Adding repository directory to the temporary git global config as a safe directory
2025-04-04T08:40:04.9101370Z [command]/opt/homebrew/bin/git config --global --add safe.directory /Users/runner/work/pixijs/pixijs
2025-04-04T08:40:04.9153840Z [command]/opt/homebrew/bin/git config --local --name-only --get-regexp core\.sshCommand
2025-04-04T08:40:04.9191260Z [command]/opt/homebrew/bin/git submodule foreach --recursive sh -c "git config --local --name-only --get-regexp 'core\.sshCommand' && git config --local --unset-all 'core.sshCommand' || :"
2025-04-04T08:40:04.9694640Z [command]/opt/homebrew/bin/git config --local --name-only --get-regexp http\.https\:\/\/github\.com\/\.extraheader
2025-04-04T08:40:04.9724450Z http.https://github.com/.extraheader
2025-04-04T08:40:04.9732500Z [command]/opt/homebrew/bin/git config --local --unset-all http.https://github.com/.extraheader
2025-04-04T08:40:04.9768970Z [command]/opt/homebrew/bin/git submodule foreach --recursive sh -c "git config --local --name-only --get-regexp 'http\.https\:\/\/github\.com\/\.extraheader' && git config --local --unset-all 'http.https://github.com/.extraheader' || :"
2025-04-04T08:40:05.0263950Z Cleaning up orphan processes
