2025-04-14T19:22:22.2228453Z Prepare all required actions
2025-04-14T19:22:22.2254389Z ##[group]Run ./.github/actions/build_pandas
2025-04-14T19:22:22.2254652Z with:
2025-04-14T19:22:22.2254845Z   editable: true
2025-04-14T19:22:22.2255026Z env:
2025-04-14T19:22:22.2255206Z   ENV_FILE: environment.yml
2025-04-14T19:22:22.2255421Z   PANDAS_CI: 1
2025-04-14T19:22:22.2255640Z   MAMBA_ROOT_PREFIX: /home/runner/micromamba
2025-04-14T19:22:22.2255938Z   MAMBA_EXE: /home/runner/micromamba-bin/micromamba
2025-04-14T19:22:22.2256258Z   CONDARC: /home/runner/work/pandas/pandas/ci/.condarc
2025-04-14T19:22:22.2256539Z ##[endgroup]
2025-04-14T19:22:22.2271163Z ##[group]Run micromamba info
2025-04-14T19:22:22.2271431Z [36;1mmicromamba info[0m
2025-04-14T19:22:22.2271651Z [36;1mmicromamba list[0m
2025-04-14T19:22:22.2271869Z [36;1mpip list --pre[0m
2025-04-14T19:22:22.2324909Z shell: /usr/bin/bash -el {0}
2025-04-14T19:22:22.2325153Z env:
2025-04-14T19:22:22.2325340Z   ENV_FILE: environment.yml
2025-04-14T19:22:22.2325570Z   PANDAS_CI: 1
2025-04-14T19:22:22.2325821Z   MAMBA_ROOT_PREFIX: /home/runner/micromamba
2025-04-14T19:22:22.2326128Z   MAMBA_EXE: /home/runner/micromamba-bin/micromamba
2025-04-14T19:22:22.2326630Z   CONDARC: /home/runner/work/pandas/pandas/ci/.condarc
2025-04-14T19:22:22.2326928Z ##[endgroup]
2025-04-14T19:22:22.6501669Z 
2025-04-14T19:22:22.6502168Z        libmamba version : 2.1.0
2025-04-14T19:22:22.6502827Z      micromamba version : 2.1.0
2025-04-14T19:22:22.6503493Z            curl version : libcurl/8.13.0 OpenSSL/3.5.0 zlib/1.3.1 zstd/1.5.7 libssh2/1.11.1 nghttp2/1.64.0
2025-04-14T19:22:22.6504350Z      libarchive version : libarchive 3.7.7 zlib/1.3.1 bz2lib/1.0.8 libzstd/1.5.6
2025-04-14T19:22:22.6504991Z        envs directories : /home/runner/micromamba/envs
2025-04-14T19:22:22.6505394Z           package cache : /home/runner/micromamba/pkgs
2025-04-14T19:22:22.6505714Z                           /home/runner/.mamba/pkgs
2025-04-14T19:22:22.6506004Z             environment : test (active)
2025-04-14T19:22:22.6506311Z            env location : /home/runner/micromamba/envs/test
2025-04-14T19:22:22.6506660Z       user config files : /home/runner/.mambarc
2025-04-14T19:22:22.6507074Z  populated config files : /home/runner/work/pandas/pandas/ci/.condarc
2025-04-14T19:22:22.6507439Z        virtual packages : __unix=0=0
2025-04-14T19:22:22.6507695Z                           __linux=6.8.0=0
2025-04-14T19:22:22.6507947Z                           __glibc=2.35=0
2025-04-14T19:22:22.6508197Z                           __archspec=1=x86_64_v3
2025-04-14T19:22:22.6508551Z                channels : https://conda.anaconda.org/conda-forge/linux-64
2025-04-14T19:22:22.6508936Z                           https://conda.anaconda.org/conda-forge/noarch
2025-04-14T19:22:22.6509282Z        base environment : /home/runner/micromamba
2025-04-14T19:22:22.6509613Z                platform : linux-64
2025-04-14T19:22:24.4196764Z List of packages in environment: "/home/runner/micromamba/envs/test"
2025-04-14T19:22:24.4197468Z 
2025-04-14T19:22:24.4197778Z   Name                              Version            Build                 Channel    
2025-04-14T19:22:24.4198976Z â”€â”€â”€â”€â”€â”€â”€â”€â”€â”€â”€â”€â”€â”€â”€â”€â”€â”€â”€â”€â”€â”€â”€â”€â”€â”€â”€â”€â”€â”€â”€â”€â”€â”€â”€â”€â”€â”€â”€â”€â”€â”€â”€â”€â”€â”€â”€â”€â”€â”€â”€â”€â”€â”€â”€â”€â”€â”€â”€â”€â”€â”€â”€â”€â”€â”€â”€â”€â”€â”€â”€â”€â”€â”€â”€â”€â”€â”€â”€â”€â”€â”€â”€â”€â”€â”€â”€â”€â”€â”€
2025-04-14T19:22:24.4199770Z   _libgcc_mutex                     0.1                conda_forge           conda-forge
2025-04-14T19:22:24.4200545Z   _openmp_mutex                     4.5                2_gnu                 conda-forge
2025-04-14T19:22:24.4201384Z   accessible-pygments               0.0.5              pyhd8ed1ab_1          conda-forge
2025-04-14T19:22:24.4202511Z   adbc-driver-postgresql            1.5.0              pypi_0                pypi       
2025-04-14T19:22:24.4203404Z   adbc-driver-sqlite                1.5.0              pypi_0                pypi       
2025-04-14T19:22:24.4204215Z   aiobotocore                       2.21.1             pyhd8ed1ab_0          conda-forge
2025-04-14T19:22:24.4205028Z   aiohappyeyeballs                  2.6.1              pyhd8ed1ab_0          conda-forge
2025-04-14T19:22:24.4206381Z   aiohttp                           3.11.16            py310h89163eb_0       conda-forge
2025-04-14T19:22:24.4207034Z   aioitertools                      0.12.0             pyhd8ed1ab_1          conda-forge
2025-04-14T19:22:24.4207432Z   aiosignal                         1.3.2              pyhd8ed1ab_0          conda-forge
2025-04-14T19:22:24.4207786Z   aiosmtpd                          1.4.6              pyhd8ed1ab_1          conda-forge
2025-04-14T19:22:24.4208139Z   alabaster                         1.0.0              pyhd8ed1ab_1          conda-forge
2025-04-14T19:22:24.4208491Z   alsa-lib                          1.2.13             hb9d3cd8_0            conda-forge
2025-04-14T19:22:24.4208817Z   anyio                             4.9.0              pyh29332c3_0          conda-forge
2025-04-14T19:22:24.4209156Z   argon2-cffi                       23.1.0             pyhd8ed1ab_1          conda-forge
2025-04-14T19:22:24.4209551Z   argon2-cffi-bindings              21.2.0             py310ha75aee5_5       conda-forge
2025-04-14T19:22:24.4209934Z   arrow                             1.3.0              pyhd8ed1ab_1          conda-forge
2025-04-14T19:22:24.4210431Z   asttokens                         3.0.0              pyhd8ed1ab_1          conda-forge
2025-04-14T19:22:24.4210759Z   asv                               0.6.4              py310hf71b8c6_1       conda-forge
2025-04-14T19:22:24.4211078Z   asv_runner                        0.2.1              pyhd8ed1ab_0          conda-forge
2025-04-14T19:22:24.4211424Z   async-lru                         2.0.5              pyh29332c3_0          conda-forge
2025-04-14T19:22:24.4211789Z   async-timeout                     5.0.1              pyhd8ed1ab_1          conda-forge
2025-04-14T19:22:24.4212148Z   atpublic                          5.1                pyhd8ed1ab_0          conda-forge
2025-04-14T19:22:24.4212665Z   attr                              2.5.1              h166bdaf_1            conda-forge
2025-04-14T19:22:24.4212984Z   attrs                             25.3.0             pyh71513ae_0          conda-forge
2025-04-14T19:22:24.4213324Z   aws-c-auth                        0.8.7              h7743f02_1            conda-forge
2025-04-14T19:22:24.4213671Z   aws-c-cal                         0.8.7              h7d555fd_1            conda-forge
2025-04-14T19:22:24.4214022Z   aws-c-common                      0.12.1             hb9d3cd8_0            conda-forge
2025-04-14T19:22:24.4214400Z   aws-c-compression                 0.3.1              hcbd9e4e_3            conda-forge
2025-04-14T19:22:24.4214793Z   aws-c-event-stream                0.5.4              h286e7e7_3            conda-forge
2025-04-14T19:22:24.4215161Z   aws-c-http                        0.9.5              hbca0721_0            conda-forge
2025-04-14T19:22:24.4215496Z   aws-c-io                          0.17.0             ha855f32_8            conda-forge
2025-04-14T19:22:24.4215833Z   aws-c-mqtt                        0.12.2             hffac463_3            conda-forge
2025-04-14T19:22:24.4216169Z   aws-c-s3                          0.7.13             h4c9fe3b_3            conda-forge
2025-04-14T19:22:24.4216518Z   aws-c-sdkutils                    0.2.3              hcbd9e4e_3            conda-forge
2025-04-14T19:22:24.4216891Z   aws-checksums                     0.2.3              hcbd9e4e_3            conda-forge
2025-04-14T19:22:24.4217248Z   aws-crt-cpp                       0.31.1             h46b750d_1            conda-forge
2025-04-14T19:22:24.4217784Z   aws-sdk-cpp                       1.11.510           h1fa5cb7_4            conda-forge
2025-04-14T19:22:24.4218175Z   aws-xray-sdk                      2.14.0             pyhd8ed1ab_1          conda-forge
2025-04-14T19:22:24.4218542Z   azure-core-cpp                    1.14.0             h5cfcd09_0            conda-forge
2025-04-14T19:22:24.4218930Z   azure-identity-cpp                1.10.0             h113e628_0            conda-forge
2025-04-14T19:22:24.4219348Z   azure-storage-blobs-cpp           12.13.0            h3cf044e_1            conda-forge
2025-04-14T19:22:24.4219952Z   azure-storage-common-cpp          12.8.0             h736e048_1            conda-forge
2025-04-14T19:22:24.4220419Z   azure-storage-files-datalake-cpp  12.12.0            ha633028_1            conda-forge
2025-04-14T19:22:24.4220834Z   babel                             2.17.0             pyhd8ed1ab_0          conda-forge
2025-04-14T19:22:24.4221195Z   beautifulsoup4                    4.13.3             pyha770c72_0          conda-forge
2025-04-14T19:22:24.4221555Z   binutils                          2.43               h4852527_4            conda-forge
2025-04-14T19:22:24.4221919Z   binutils_impl_linux-64            2.43               h4bf12b8_4            conda-forge
2025-04-14T19:22:24.4222548Z   binutils_linux-64                 2.43               h4852527_4            conda-forge
2025-04-14T19:22:24.4222901Z   bleach                            6.2.0              pyh29332c3_4          conda-forge
2025-04-14T19:22:24.4223252Z   bleach-with-css                   6.2.0              h82add2a_4            conda-forge
2025-04-14T19:22:24.4223618Z   blinker                           1.9.0              pyhff2d567_0          conda-forge
2025-04-14T19:22:24.4224080Z   blosc                             1.21.6             he440d0b_1            conda-forge
2025-04-14T19:22:24.4224401Z   boto3                             1.37.1             pyhd8ed1ab_0          conda-forge
2025-04-14T19:22:24.4224732Z   botocore                          1.37.1             pyge310_1234567_0     conda-forge
2025-04-14T19:22:24.4225077Z   bottleneck                        1.4.2              py310hf462985_0       conda-forge
2025-04-14T19:22:24.4225413Z   brotli                            1.1.0              hb9d3cd8_2            conda-forge
2025-04-14T19:22:24.4225745Z   brotli-bin                        1.1.0              hb9d3cd8_2            conda-forge
2025-04-14T19:22:24.4226106Z   brotli-python                     1.1.0              py310hf71b8c6_2       conda-forge
2025-04-14T19:22:24.4226456Z   bzip2                             1.0.8              h4bc722e_7            conda-forge
2025-04-14T19:22:24.4226783Z   c-ares                            1.34.5             hb9d3cd8_0            conda-forge
2025-04-14T19:22:24.4227112Z   c-blosc2                          2.15.2             h3122c55_1            conda-forge
2025-04-14T19:22:24.4227449Z   c-compiler                        1.9.0              h2b85faf_0            conda-forge
2025-04-14T19:22:24.4227821Z   ca-certificates                   2025.1.31          hbcca054_0            conda-forge
2025-04-14T19:22:24.4228208Z   cached-property                   1.5.2              hd8ed1ab_1            conda-forge
2025-04-14T19:22:24.4228591Z   cached_property                   1.5.2              pyha770c72_1          conda-forge
2025-04-14T19:22:24.4228956Z   cachetools                        5.5.2              pyhd8ed1ab_0          conda-forge
2025-04-14T19:22:24.4229291Z   cairo                             1.18.4             h3394656_0            conda-forge
2025-04-14T19:22:24.4229623Z   certifi                           2025.1.31          pyhd8ed1ab_0          conda-forge
2025-04-14T19:22:24.4229958Z   cffi                              1.17.1             py310h8deb56e_0       conda-forge
2025-04-14T19:22:24.4230277Z   cfgv                              3.3.1              pyhd8ed1ab_1          conda-forge
2025-04-14T19:22:24.4230640Z   charset-normalizer                3.4.1              pyhd8ed1ab_0          conda-forge
2025-04-14T19:22:24.4231002Z   click                             8.1.8              pyh707e725_0          conda-forge
2025-04-14T19:22:24.4231344Z   cloudpickle                       3.1.1              pyhd8ed1ab_0          conda-forge
2025-04-14T19:22:24.4231691Z   colorama                          0.4.6              pyhd8ed1ab_1          conda-forge
2025-04-14T19:22:24.4232020Z   comm                              0.2.2              pyhd8ed1ab_1          conda-forge
2025-04-14T19:22:24.4232572Z   contourpy                         1.3.1              py310h3788b33_0       conda-forge
2025-04-14T19:22:24.4233058Z   coverage                          7.8.0              py310h89163eb_0       conda-forge
2025-04-14T19:22:24.4233415Z   cramjam                           2.8.4rc3           py310hed47299_2       conda-forge
2025-04-14T19:22:24.4233773Z   cryptography                      44.0.2             py310h6c63255_0       conda-forge
2025-04-14T19:22:24.4234150Z   cxx-compiler                      1.9.0              h1a2810e_0            conda-forge
2025-04-14T19:22:24.4234814Z   cycler                            0.12.1             pyhd8ed1ab_1          conda-forge
2025-04-14T19:22:24.4235371Z   cyrus-sasl                        2.1.27             h54b06d7_7            conda-forge
2025-04-14T19:22:24.4235917Z   cython                            3.0.12             py310had8cdd9_0       conda-forge
2025-04-14T19:22:24.4236533Z   dask-core                         2025.3.0           pyhd8ed1ab_0          conda-forge
2025-04-14T19:22:24.4237073Z   dbus                              1.13.6             h5008d03_3            conda-forge
2025-04-14T19:22:24.4237628Z   debugpy                           1.8.14             py310hf71b8c6_0       conda-forge
2025-04-14T19:22:24.4238375Z   decorator                         5.2.1              pyhd8ed1ab_0          conda-forge
2025-04-14T19:22:24.4238950Z   defusedxml                        0.7.1              pyhd8ed1ab_0          conda-forge
2025-04-14T19:22:24.4239450Z   distlib                           0.3.9              pyhd8ed1ab_1          conda-forge
2025-04-14T19:22:24.4239973Z   docutils                          0.21.2             pyhd8ed1ab_1          conda-forge
2025-04-14T19:22:24.4240527Z   doit                              0.36.0             pyhd8ed1ab_1          conda-forge
2025-04-14T19:22:24.4241143Z   double-conversion                 3.3.1              h5888daf_0            conda-forge
2025-04-14T19:22:24.4241624Z   et_xmlfile                        2.0.0              pyhd8ed1ab_1          conda-forge
2025-04-14T19:22:24.4242004Z   exceptiongroup                    1.2.2              pyhd8ed1ab_1          conda-forge
2025-04-14T19:22:24.4242598Z   execnet                           2.1.1              pyhd8ed1ab_1          conda-forge
2025-04-14T19:22:24.4242945Z   executing                         2.1.0              pyhd8ed1ab_1          conda-forge
2025-04-14T19:22:24.4243282Z   expat                             2.7.0              h5888daf_0            conda-forge
2025-04-14T19:22:24.4243629Z   fastparquet                       2024.11.0          py310hf462985_0       conda-forge
2025-04-14T19:22:24.4243994Z   feedparser                        6.0.11             pyhd8ed1ab_1          conda-forge
2025-04-14T19:22:24.4244346Z   filelock                          3.18.0             pyhd8ed1ab_0          conda-forge
2025-04-14T19:22:24.4244699Z   flake8                            7.1.0              pyhd8ed1ab_0          conda-forge
2025-04-14T19:22:24.4245038Z   flask                             3.1.0              pyhd8ed1ab_1          conda-forge
2025-04-14T19:22:24.4245384Z   flask-cors                        5.0.1              pyh29332c3_0          conda-forge
2025-04-14T19:22:24.4245784Z   font-ttf-dejavu-sans-mono         2.37               hab24e00_0            conda-forge
2025-04-14T19:22:24.4246214Z   font-ttf-inconsolata              3.000              h77eed37_0            conda-forge
2025-04-14T19:22:24.4246642Z   font-ttf-source-code-pro          2.038              h77eed37_0            conda-forge
2025-04-14T19:22:24.4247045Z   font-ttf-ubuntu                   0.83               h77eed37_3            conda-forge
2025-04-14T19:22:24.4247417Z   fontconfig                        2.15.0             h7e30c49_1            conda-forge
2025-04-14T19:22:24.4247799Z   fonts-conda-ecosystem             1                  0                     conda-forge
2025-04-14T19:22:24.4248192Z   fonts-conda-forge                 1                  0                     conda-forge
2025-04-14T19:22:24.4248741Z   fonttools                         4.57.0             py310h89163eb_0       conda-forge
2025-04-14T19:22:24.4249106Z   fqdn                              1.5.1              pyhd8ed1ab_1          conda-forge
2025-04-14T19:22:24.4249442Z   freetype                          2.13.3             h48d6fc4_0            conda-forge
2025-04-14T19:22:24.4249793Z   frozenlist                        1.5.0              py310h89163eb_1       conda-forge
2025-04-14T19:22:24.4250142Z   fsspec                            2025.3.2           pyhd8ed1ab_0          conda-forge
2025-04-14T19:22:24.4250468Z   gcc                               13.3.0             h9576a4e_2            conda-forge
2025-04-14T19:22:24.4250807Z   gcc_impl_linux-64                 13.3.0             h1e990d8_2            conda-forge
2025-04-14T19:22:24.4251157Z   gcc_linux-64                      13.3.0             hc28eda2_8            conda-forge
2025-04-14T19:22:24.4251496Z   gcsfs                             2025.3.2           pyhd8ed1ab_0          conda-forge
2025-04-14T19:22:24.4251833Z   gettext                           0.23.1             h5888daf_0            conda-forge
2025-04-14T19:22:24.4252476Z   gettext-tools                     0.23.1             h5888daf_0            conda-forge
2025-04-14T19:22:24.4252831Z   gflags                            2.2.2              h5888daf_1005         conda-forge
2025-04-14T19:22:24.4253156Z   gitdb                             4.0.12             pyhd8ed1ab_0          conda-forge
2025-04-14T19:22:24.4253490Z   gitpython                         3.1.44             pyhff2d567_0          conda-forge
2025-04-14T19:22:24.4253826Z   glib                              2.84.1             h07242d1_0            conda-forge
2025-04-14T19:22:24.4254153Z   glib-tools                        2.84.1             h4833e2c_0            conda-forge
2025-04-14T19:22:24.4254482Z   glog                              0.7.1              hbabe93e_0            conda-forge
2025-04-14T19:22:24.4254835Z   google-api-core                   2.24.2             pyhd8ed1ab_0          conda-forge
2025-04-14T19:22:24.4255210Z   google-auth                       2.38.0             pyhd8ed1ab_0          conda-forge
2025-04-14T19:22:24.4255595Z   google-auth-oauthlib              1.2.1              pyhd8ed1ab_1          conda-forge
2025-04-14T19:22:24.4256002Z   google-cloud-core                 2.4.3              pyhd8ed1ab_0          conda-forge
2025-04-14T19:22:24.4256409Z   google-cloud-storage              3.1.0              pyhd8ed1ab_0          conda-forge
2025-04-14T19:22:24.4256864Z   google-crc32c                     1.7.1              py310hd027165_0       conda-forge
2025-04-14T19:22:24.4257261Z   google-resumable-media            2.7.2              pyhd8ed1ab_2          conda-forge
2025-04-14T19:22:24.4257707Z   googleapis-common-protos          1.69.2             pyhd8ed1ab_0          conda-forge
2025-04-14T19:22:24.4258102Z   graphite2                         1.3.13             h59595ed_1003         conda-forge
2025-04-14T19:22:24.4258455Z   greenlet                          3.1.1              py310hf71b8c6_1       conda-forge
2025-04-14T19:22:24.4258790Z   grpcio                            1.71.0             py310h7053be5_0       conda-forge
2025-04-14T19:22:24.4259151Z   gst-plugins-base                  1.24.7             h0a52356_0            conda-forge
2025-04-14T19:22:24.4259515Z   gstreamer                         1.24.7             hf3bb09a_0            conda-forge
2025-04-14T19:22:24.4259840Z   gxx                               13.3.0             h9576a4e_2            conda-forge
2025-04-14T19:22:24.4260173Z   gxx_impl_linux-64                 13.3.0             hae580e1_2            conda-forge
2025-04-14T19:22:24.4260526Z   gxx_linux-64                      13.3.0             h6834431_8            conda-forge
2025-04-14T19:22:24.4260853Z   h11                               0.14.0             pyhd8ed1ab_1          conda-forge
2025-04-14T19:22:24.4261157Z   h2                                4.2.0              pyhd8ed1ab_0          conda-forge
2025-04-14T19:22:24.4261609Z   harfbuzz                          11.0.1             h2c12942_0            conda-forge
2025-04-14T19:22:24.4261943Z   hdf5                              1.14.4             nompi_h2d575fe_105    conda-forge
2025-04-14T19:22:24.4262420Z   hpack                             4.1.0              pyhd8ed1ab_0          conda-forge
2025-04-14T19:22:24.4262762Z   html5lib                          1.1                pyhd8ed1ab_2          conda-forge
2025-04-14T19:22:24.4263105Z   httpcore                          1.0.7              pyh29332c3_1          conda-forge
2025-04-14T19:22:24.4263439Z   httpx                             0.28.1             pyhd8ed1ab_0          conda-forge
2025-04-14T19:22:24.4263782Z   hyperframe                        6.1.0              pyhd8ed1ab_0          conda-forge
2025-04-14T19:22:24.4264141Z   hypothesis                        6.131.0            pyha770c72_0          conda-forge
2025-04-14T19:22:24.4264471Z   icu                               75.1               he02047a_0            conda-forge
2025-04-14T19:22:24.4264796Z   identify                          2.6.9              pyhd8ed1ab_0          conda-forge
2025-04-14T19:22:24.4265270Z   idna                              3.10               pyhd8ed1ab_1          conda-forge
2025-04-14T19:22:24.4265601Z   imagesize                         1.4.1              pyhd8ed1ab_0          conda-forge
2025-04-14T19:22:24.4266024Z   importlib-metadata                8.6.1              pyha770c72_0          conda-forge
2025-04-14T19:22:24.4266432Z   importlib_resources               6.5.2              pyhd8ed1ab_0          conda-forge
2025-04-14T19:22:24.4266807Z   iniconfig                         2.0.0              pyhd8ed1ab_1          conda-forge
2025-04-14T19:22:24.4267150Z   ipykernel                         6.29.5             pyh3099207_0          conda-forge
2025-04-14T19:22:24.4267503Z   ipython                           8.35.0             pyh907856f_0          conda-forge
2025-04-14T19:22:24.4267853Z   ipywidgets                        8.1.6              pyhd8ed1ab_0          conda-forge
2025-04-14T19:22:24.4268219Z   isoduration                       20.11.0            pyhd8ed1ab_1          conda-forge
2025-04-14T19:22:24.4268593Z   itsdangerous                      2.2.0              pyhd8ed1ab_1          conda-forge
2025-04-14T19:22:24.4268936Z   jedi                              0.19.2             pyhd8ed1ab_1          conda-forge
2025-04-14T19:22:24.4269257Z   jinja2                            3.1.6              pyhd8ed1ab_0          conda-forge
2025-04-14T19:22:24.4269594Z   jmespath                          1.0.1              pyhd8ed1ab_1          conda-forge
2025-04-14T19:22:24.4269937Z   joserfc                           1.0.4              pyhd8ed1ab_0          conda-forge
2025-04-14T19:22:24.4270265Z   json5                             0.12.0             pyhd8ed1ab_0          conda-forge
2025-04-14T19:22:24.4270598Z   jsondiff                          2.2.1              pyhd8ed1ab_1          conda-forge
2025-04-14T19:22:24.4270956Z   jsonpointer                       3.0.0              py310hff52083_1       conda-forge
2025-04-14T19:22:24.4271312Z   jsonschema                        4.23.0             pyhd8ed1ab_1          conda-forge
2025-04-14T19:22:24.4271684Z   jsonschema-path                   0.3.4              pyh29332c3_0          conda-forge
2025-04-14T19:22:24.4272149Z   jsonschema-specifications         2024.10.1          pyhd8ed1ab_1          conda-forge
2025-04-14T19:22:24.4272825Z   jsonschema-with-format-nongpl     4.23.0             hd8ed1ab_1            conda-forge
2025-04-14T19:22:24.4273251Z   jupyter-lsp                       2.2.5              pyhd8ed1ab_1          conda-forge
2025-04-14T19:22:24.4273621Z   jupyter_client                    8.6.3              pyhd8ed1ab_1          conda-forge
2025-04-14T19:22:24.4273981Z   jupyter_core                      5.7.2              pyh31011fe_1          conda-forge
2025-04-14T19:22:24.4274344Z   jupyter_events                    0.12.0             pyh29332c3_0          conda-forge
2025-04-14T19:22:24.4274862Z   jupyter_server                    2.15.0             pyhd8ed1ab_0          conda-forge
2025-04-14T19:22:24.4275272Z   jupyter_server_terminals          0.5.3              pyhd8ed1ab_1          conda-forge
2025-04-14T19:22:24.4275666Z   jupyterlab                        4.4.0              pyhd8ed1ab_0          conda-forge
2025-04-14T19:22:24.4276049Z   jupyterlab_pygments               0.3.0              pyhd8ed1ab_2          conda-forge
2025-04-14T19:22:24.4276443Z   jupyterlab_server                 2.27.3             pyhd8ed1ab_1          conda-forge
2025-04-14T19:22:24.4276837Z   jupyterlab_widgets                3.0.14             pyhd8ed1ab_0          conda-forge
2025-04-14T19:22:24.4277242Z   jupyterlite-core                  0.5.1              pyh885dcc9_0          conda-forge
2025-04-14T19:22:24.4277672Z   jupyterlite-pyodide-kernel        0.5.2              pyh885dcc9_0          conda-forge
2025-04-14T19:22:24.4278114Z   kernel-headers_linux-64           3.10.0             he073ed8_18           conda-forge
2025-04-14T19:22:24.4278493Z   keyutils                          1.6.1              h166bdaf_0            conda-forge
2025-04-14T19:22:24.4278957Z   kiwisolver                        1.4.7              py310h3788b33_0       conda-forge
2025-04-14T19:22:24.4279293Z   krb5                              1.21.3             h659f571_0            conda-forge
2025-04-14T19:22:24.4279603Z   lame                              3.100              h166bdaf_1003         conda-forge
2025-04-14T19:22:24.4279956Z   lazy-object-proxy                 1.10.0             py310ha75aee5_2       conda-forge
2025-04-14T19:22:24.4280315Z   lcms2                             2.17               h717163a_0            conda-forge
2025-04-14T19:22:24.4280647Z   ld_impl_linux-64                  2.43               h712a8e2_4            conda-forge
2025-04-14T19:22:24.4280978Z   lerc                              4.0.0              h27087fc_0            conda-forge
2025-04-14T19:22:24.4281325Z   libabseil                         20250127.1         cxx17_hbbce691_0      conda-forge
2025-04-14T19:22:24.4281672Z   libaec                            1.1.3              h59595ed_0            conda-forge
2025-04-14T19:22:24.4282006Z   libarrow                          19.0.1             hb90904d_7_cpu        conda-forge
2025-04-14T19:22:24.4282624Z   libarrow-acero                    19.0.1             hcb10f89_7_cpu        conda-forge
2025-04-14T19:22:24.4283014Z   libarrow-dataset                  19.0.1             hcb10f89_7_cpu        conda-forge
2025-04-14T19:22:24.4283411Z   libarrow-substrait                19.0.1             h1bed206_7_cpu        conda-forge
2025-04-14T19:22:24.4283799Z   libasprintf                       0.23.1             h8e693c7_0            conda-forge
2025-04-14T19:22:24.4284180Z   libasprintf-devel                 0.23.1             h8e693c7_0            conda-forge
2025-04-14T19:22:24.4284554Z   libblas                           3.9.0              31_h59b9bed_openblas  conda-forge
2025-04-14T19:22:24.4284925Z   libbrotlicommon                   1.1.0              hb9d3cd8_2            conda-forge
2025-04-14T19:22:24.4285304Z   libbrotlidec                      1.1.0              hb9d3cd8_2            conda-forge
2025-04-14T19:22:24.4285671Z   libbrotlienc                      1.1.0              hb9d3cd8_2            conda-forge
2025-04-14T19:22:24.4286016Z   libcap                            2.75               h39aace5_0            conda-forge
2025-04-14T19:22:24.4286356Z   libcblas                          3.9.0              31_he106b2a_openblas  conda-forge
2025-04-14T19:22:24.4286728Z   libclang-cpp20.1                  20.1.2             default_hb5137d0_0    conda-forge
2025-04-14T19:22:24.4287103Z   libclang13                        20.1.2             default_h9c6a7e4_0    conda-forge
2025-04-14T19:22:24.4287461Z   libcrc32c                         1.1.2              h9c3ff4c_0            conda-forge
2025-04-14T19:22:24.4287994Z   libcups                           2.3.3              h4637d8d_4            conda-forge
2025-04-14T19:22:24.4288320Z   libcurl                           8.13.0             h332b0f4_0            conda-forge
2025-04-14T19:22:24.4288664Z   libdeflate                        1.23               h4ddbbb0_0            conda-forge
2025-04-14T19:22:24.4289006Z   libdrm                            2.4.124            hb9d3cd8_0            conda-forge
2025-04-14T19:22:24.4289349Z   libedit                           3.1.20250104       pl5321h7949ede_0      conda-forge
2025-04-14T19:22:24.4289688Z   libegl                            1.7.0              ha4b6fd6_2            conda-forge
2025-04-14T19:22:24.4290012Z   libev                             4.33               hd590300_2            conda-forge
2025-04-14T19:22:24.4290332Z   libevent                          2.1.12             hf998b51_1            conda-forge
2025-04-14T19:22:24.4290677Z   libexpat                          2.7.0              h5888daf_0            conda-forge
2025-04-14T19:22:24.4291013Z   libffi                            3.4.6              h2dba641_1            conda-forge
2025-04-14T19:22:24.4291475Z   libflac                           1.4.3              h59595ed_0            conda-forge
2025-04-14T19:22:24.4291801Z   libgcc                            14.2.0             h767d61c_2            conda-forge
2025-04-14T19:22:24.4292169Z   libgcc-devel_linux-64             13.3.0             hc03c837_102          conda-forge
2025-04-14T19:22:24.4292705Z   libgcc-ng                         14.2.0             h69a702a_2            conda-forge
2025-04-14T19:22:24.4293065Z   libgcrypt-lib                     1.11.0             hb9d3cd8_2            conda-forge
2025-04-14T19:22:24.4293430Z   libgettextpo                      0.23.1             h5888daf_0            conda-forge
2025-04-14T19:22:24.4293813Z   libgettextpo-devel                0.23.1             h5888daf_0            conda-forge
2025-04-14T19:22:24.4294192Z   libgfortran                       14.2.0             h69a702a_2            conda-forge
2025-04-14T19:22:24.4294560Z   libgfortran5                      14.2.0             hf1ad2bd_2            conda-forge
2025-04-14T19:22:24.4294905Z   libgl                             1.7.0              ha4b6fd6_2            conda-forge
2025-04-14T19:22:24.4295237Z   libglib                           2.84.1             h2ff4ddf_0            conda-forge
2025-04-14T19:22:24.4295573Z   libglvnd                          1.7.0              ha4b6fd6_2            conda-forge
2025-04-14T19:22:24.4295905Z   libglx                            1.7.0              ha4b6fd6_2            conda-forge
2025-04-14T19:22:24.4296236Z   libgomp                           14.2.0             h767d61c_2            conda-forge
2025-04-14T19:22:24.4296592Z   libgoogle-cloud                   2.36.0             hc4361e1_1            conda-forge
2025-04-14T19:22:24.4297002Z   libgoogle-cloud-storage           2.36.0             h0121fbd_1            conda-forge
2025-04-14T19:22:24.4297402Z   libgpg-error                      1.53               hbd13f7d_0            conda-forge
2025-04-14T19:22:24.4297757Z   libgrpc                           1.71.0             he753a82_0            conda-forge
2025-04-14T19:22:24.4298099Z   libiconv                          1.18               h4ce23a2_1            conda-forge
2025-04-14T19:22:24.4298449Z   libjpeg-turbo                     3.0.0              hd590300_1            conda-forge
2025-04-14T19:22:24.4298811Z   liblapack                         3.9.0              31_h7ac8fdf_openblas  conda-forge
2025-04-14T19:22:24.4299159Z   libllvm20                         20.1.2             ha7bfdaf_0            conda-forge
2025-04-14T19:22:24.4299496Z   liblzma                           5.8.1              hb9d3cd8_0            conda-forge
2025-04-14T19:22:24.4299844Z   libnghttp2                        1.64.0             h161d5f1_0            conda-forge
2025-04-14T19:22:24.4300186Z   libnsl                            2.0.1              hd590300_0            conda-forge
2025-04-14T19:22:24.4300635Z   libntlm                           1.8                hb9d3cd8_0            conda-forge
2025-04-14T19:22:24.4300967Z   libogg                            1.3.5              h4ab18f5_0            conda-forge
2025-04-14T19:22:24.4301314Z   libopenblas                       0.3.29             pthreads_h94d23a6_0   conda-forge
2025-04-14T19:22:24.4301673Z   libopengl                         1.7.0              ha4b6fd6_2            conda-forge
2025-04-14T19:22:24.4302054Z   libopentelemetry-cpp              1.20.0             hd1b1c89_0            conda-forge
2025-04-14T19:22:24.4302666Z   libopentelemetry-cpp-headers      1.20.0             ha770c72_0            conda-forge
2025-04-14T19:22:24.4303070Z   libopus                           1.5.2              hd0c01bc_0            conda-forge
2025-04-14T19:22:24.4303425Z   libparquet                        19.0.1             h081d1f1_7_cpu        conda-forge
2025-04-14T19:22:24.4303790Z   libpciaccess                      0.18               hd590300_0            conda-forge
2025-04-14T19:22:24.4304136Z   libpng                            1.6.47             h943b412_0            conda-forge
2025-04-14T19:22:24.4304643Z   libpq                             17.4               h27ae623_1            conda-forge
2025-04-14T19:22:24.4304981Z   libprotobuf                       5.29.3             h501fc15_0            conda-forge
2025-04-14T19:22:24.4305334Z   libre2-11                         2024.07.02         hba17884_3            conda-forge
2025-04-14T19:22:24.4305691Z   libsanitizer                      13.3.0             he8ea267_2            conda-forge
2025-04-14T19:22:24.4306056Z   libsndfile                        1.2.2              hc60ed4a_1            conda-forge
2025-04-14T19:22:24.4306403Z   libsodium                         1.0.20             h4ab18f5_0            conda-forge
2025-04-14T19:22:24.4306750Z   libsqlite                         3.49.1             hee588c1_2            conda-forge
2025-04-14T19:22:24.4307089Z   libssh2                           1.11.1             hf672d98_0            conda-forge
2025-04-14T19:22:24.4307425Z   libstdcxx                         14.2.0             h8f9b012_2            conda-forge
2025-04-14T19:22:24.4307812Z   libstdcxx-devel_linux-64          13.3.0             hc03c837_102          conda-forge
2025-04-14T19:22:24.4308201Z   libstdcxx-ng                      14.2.0             h4852527_2            conda-forge
2025-04-14T19:22:24.4308556Z   libsystemd0                       257.4              h4e0b6ca_1            conda-forge
2025-04-14T19:22:24.4308912Z   libthrift                         0.21.0             h0e7cc3e_0            conda-forge
2025-04-14T19:22:24.4309251Z   libtiff                           4.7.0              hd9ff511_3            conda-forge
2025-04-14T19:22:24.4309591Z   libutf8proc                       2.10.0             h4c51ac1_0            conda-forge
2025-04-14T19:22:24.4309938Z   libuuid                           2.38.1             h0b41bf4_0            conda-forge
2025-04-14T19:22:24.4310281Z   libvorbis                         1.3.7              h9c3ff4c_0            conda-forge
2025-04-14T19:22:24.4310638Z   libwebp-base                      1.5.0              h851e524_0            conda-forge
2025-04-14T19:22:24.4310977Z   libxcb                            1.17.0             h8a09558_0            conda-forge
2025-04-14T19:22:24.4311313Z   libxcrypt                         4.4.36             hd590300_1            conda-forge
2025-04-14T19:22:24.4311665Z   libxkbcommon                      1.8.1              hc4a0caf_0            conda-forge
2025-04-14T19:22:24.4312020Z   libxml2                           2.13.7             h4bc477f_1            conda-forge
2025-04-14T19:22:24.4312569Z   libxslt                           1.1.39             h76b75d6_0            conda-forge
2025-04-14T19:22:24.4312917Z   libzlib                           1.3.1              hb9d3cd8_2            conda-forge
2025-04-14T19:22:24.4313260Z   llvmlite                          0.44.0             py310h1a6248f_1       conda-forge
2025-04-14T19:22:24.4313727Z   locket                            1.0.0              pyhd8ed1ab_0          conda-forge
2025-04-14T19:22:24.4314054Z   lxml                              5.3.2              py310h490dddc_0       conda-forge
2025-04-14T19:22:24.4314374Z   lz4-c                             1.10.0             h5888daf_1            conda-forge
2025-04-14T19:22:24.4314705Z   markdown                          3.6                pyhd8ed1ab_0          conda-forge
2025-04-14T19:22:24.4315055Z   markupsafe                        3.0.2              py310h89163eb_1       conda-forge
2025-04-14T19:22:24.4315413Z   matplotlib                        3.10.1             py310hff52083_0       conda-forge
2025-04-14T19:22:24.4315785Z   matplotlib-base                   3.10.1             py310h68603db_0       conda-forge
2025-04-14T19:22:24.4316172Z   matplotlib-inline                 0.1.7              pyhd8ed1ab_1          conda-forge
2025-04-14T19:22:24.4316545Z   mccabe                            0.7.0              pyhd8ed1ab_1          conda-forge
2025-04-14T19:22:24.4316875Z   meson                             1.2.1              pyhd8ed1ab_0          conda-forge
2025-04-14T19:22:24.4317338Z   meson-python                      0.13.1             pyh0c530f3_0          conda-forge
2025-04-14T19:22:24.4317689Z   mistune                           3.1.3              pyh29332c3_0          conda-forge
2025-04-14T19:22:24.4318012Z   moto                              5.1.3              pyhd8ed1ab_0          conda-forge
2025-04-14T19:22:24.4318325Z   mpg123                            1.32.9             hc50e24c_0            conda-forge
2025-04-14T19:22:24.4318665Z   multidict                         6.3.2              py310h89163eb_0       conda-forge
2025-04-14T19:22:24.4319013Z   munkres                           1.1.4              pyh9f0ad1d_0          conda-forge
2025-04-14T19:22:24.4319349Z   mypy                              1.13.0             py310ha75aee5_0       conda-forge
2025-04-14T19:22:24.4319701Z   mypy_extensions                   1.0.0              pyha770c72_1          conda-forge
2025-04-14T19:22:24.4320070Z   mysql-common                      9.0.1              h266115a_6            conda-forge
2025-04-14T19:22:24.4320422Z   mysql-libs                        9.0.1              he0572af_6            conda-forge
2025-04-14T19:22:24.4320761Z   natsort                           8.4.0              pyh29332c3_1          conda-forge
2025-04-14T19:22:24.4321102Z   nbclient                          0.10.2             pyhd8ed1ab_0          conda-forge
2025-04-14T19:22:24.4321446Z   nbconvert                         7.16.6             hb482800_0            conda-forge
2025-04-14T19:22:24.4321807Z   nbconvert-core                    7.16.6             pyh29332c3_0          conda-forge
2025-04-14T19:22:24.4322375Z   nbconvert-pandoc                  7.16.6             hed9df3c_0            conda-forge
2025-04-14T19:22:24.4322793Z   nbformat                          5.10.4             pyhd8ed1ab_1          conda-forge
2025-04-14T19:22:24.4323145Z   nbsphinx                          0.9.7              pyhd8ed1ab_0          conda-forge
2025-04-14T19:22:24.4323485Z   ncurses                           6.5                h2d0b736_3            conda-forge
2025-04-14T19:22:24.4323834Z   nest-asyncio                      1.6.0              pyhd8ed1ab_1          conda-forge
2025-04-14T19:22:24.4324178Z   ninja                             1.12.1             h297d8ca_0            conda-forge
2025-04-14T19:22:24.4324520Z   nlohmann_json                     3.12.0             h3f2d84a_0            conda-forge
2025-04-14T19:22:24.4324864Z   nodeenv                           1.9.1              pyhd8ed1ab_1          conda-forge
2025-04-14T19:22:24.4325190Z   nomkl                             1.0                h5ca1d4c_0            conda-forge
2025-04-14T19:22:24.4325518Z   notebook                          7.4.0              pyhd8ed1ab_0          conda-forge
2025-04-14T19:22:24.4325873Z   notebook-shim                     0.2.4              pyhd8ed1ab_1          conda-forge
2025-04-14T19:22:24.4326338Z   nspr                              4.36               h5888daf_0            conda-forge
2025-04-14T19:22:24.4326651Z   nss                               3.110              h159eef7_0            conda-forge
2025-04-14T19:22:24.4326967Z   numba                             0.61.2             py310h699fe88_0       conda-forge
2025-04-14T19:22:24.4327297Z   numexpr                           2.10.2             py310hdb6e06b_100     conda-forge
2025-04-14T19:22:24.4327629Z   numpy                             2.2.4              py310hefbff90_0       conda-forge
2025-04-14T19:22:24.4327965Z   numpydoc                          1.8.0              pyhd8ed1ab_1          conda-forge
2025-04-14T19:22:24.4328308Z   oauthlib                          3.2.2              pyhd8ed1ab_1          conda-forge
2025-04-14T19:22:24.4328642Z   odfpy                             1.4.1              pyhd8ed1ab_1          conda-forge
2025-04-14T19:22:24.4329040Z   openapi-schema-validator          0.6.3              pyhd8ed1ab_0          conda-forge
2025-04-14T19:22:24.4329480Z   openapi-spec-validator            0.7.1              pyhd8ed1ab_1          conda-forge
2025-04-14T19:22:24.4329980Z   openjpeg                          2.5.3              h5fbd93e_0            conda-forge
2025-04-14T19:22:24.4330322Z   openldap                          2.6.9              he970967_0            conda-forge
2025-04-14T19:22:24.4330659Z   openpyxl                          3.1.5              py310h0999ad4_1       conda-forge
2025-04-14T19:22:24.4330998Z   openssl                           3.5.0              h7b32b05_0            conda-forge
2025-04-14T19:22:24.4331318Z   orc                               2.1.1              h17f744e_1            conda-forge
2025-04-14T19:22:24.4331641Z   overrides                         7.7.0              pyhd8ed1ab_1          conda-forge
2025-04-14T19:22:24.4331993Z   packaging                         24.2               pyhd8ed1ab_2          conda-forge
2025-04-14T19:22:24.4332580Z   pandas                            2.2.3              py310h5eaa309_3       conda-forge
2025-04-14T19:22:24.4332919Z   pandoc                            3.6.4              ha770c72_0            conda-forge
2025-04-14T19:22:24.4333270Z   pandocfilters                     1.5.0              pyhd8ed1ab_0          conda-forge
2025-04-14T19:22:24.4333625Z   parso                             0.8.4              pyhd8ed1ab_1          conda-forge
2025-04-14T19:22:24.4333942Z   partd                             1.4.2              pyhd8ed1ab_0          conda-forge
2025-04-14T19:22:24.4334279Z   pathable                          0.4.4              pyhd8ed1ab_0          conda-forge
2025-04-14T19:22:24.4334613Z   pcre2                             10.44              hba22ea6_2            conda-forge
2025-04-14T19:22:24.4334944Z   pexpect                           4.9.0              pyhd8ed1ab_1          conda-forge
2025-04-14T19:22:24.4335295Z   pickleshare                       0.7.5              pyhd8ed1ab_1004       conda-forge
2025-04-14T19:22:24.4335649Z   pillow                            11.1.0             py310h7e6dc6c_0       conda-forge
2025-04-14T19:22:24.4335968Z   pip                               25.0.1             pyh8b19718_0          conda-forge
2025-04-14T19:22:24.4336291Z   pixman                            0.44.2             h29eaf8c_0            conda-forge
2025-04-14T19:22:24.4336627Z   pkginfo                           1.12.1.2           pyhd8ed1ab_0          conda-forge
2025-04-14T19:22:24.4337013Z   pkgutil-resolve-name              1.3.10             pyhd8ed1ab_2          conda-forge
2025-04-14T19:22:24.4337414Z   platformdirs                      4.3.7              pyh29332c3_0          conda-forge
2025-04-14T19:22:24.4337770Z   pluggy                            1.5.0              pyhd8ed1ab_1          conda-forge
2025-04-14T19:22:24.4338088Z   ply                               3.11               pyhd8ed1ab_3          conda-forge
2025-04-14T19:22:24.4338547Z   pre-commit                        4.2.0              pyha770c72_0          conda-forge
2025-04-14T19:22:24.4338912Z   prometheus-cpp                    1.3.0              ha5d0236_0            conda-forge
2025-04-14T19:22:24.4339303Z   prometheus_client                 0.21.1             pyhd8ed1ab_0          conda-forge
2025-04-14T19:22:24.4339693Z   prompt-toolkit                    3.0.50             pyha770c72_0          conda-forge
2025-04-14T19:22:24.4340059Z   propcache                         0.3.1              py310h89163eb_0       conda-forge
2025-04-14T19:22:24.4340408Z   proto-plus                        1.26.1             pyhd8ed1ab_0          conda-forge
2025-04-14T19:22:24.4340757Z   protobuf                          5.29.3             py310hcba5963_0       conda-forge
2025-04-14T19:22:24.4341097Z   psutil                            7.0.0              py310ha75aee5_0       conda-forge
2025-04-14T19:22:24.4341434Z   psycopg2                          2.9.9              py310hce86986_2       conda-forge
2025-04-14T19:22:24.4341796Z   pthread-stubs                     0.4                hb9d3cd8_1002         conda-forge
2025-04-14T19:22:24.4342464Z   ptyprocess                        0.7.0              pyhd8ed1ab_1          conda-forge
2025-04-14T19:22:24.4342845Z   pulseaudio-client                 17.0               hac146a9_1            conda-forge
2025-04-14T19:22:24.4343212Z   pure_eval                         0.2.3              pyhd8ed1ab_1          conda-forge
2025-04-14T19:22:24.4343532Z   py                                1.11.0             pyhd8ed1ab_1          conda-forge
2025-04-14T19:22:24.4343859Z   py-cpuinfo                        9.0.0              pyhd8ed1ab_1          conda-forge
2025-04-14T19:22:24.4344226Z   pyarrow                           19.0.1             py310hff52083_0       conda-forge
2025-04-14T19:22:24.4344581Z   pyarrow-core                      19.0.1             py310hac404ae_0_cpu   conda-forge
2025-04-14T19:22:24.4344930Z   pyasn1                            0.6.1              pyhd8ed1ab_2          conda-forge
2025-04-14T19:22:24.4345291Z   pyasn1-modules                    0.4.2              pyhd8ed1ab_0          conda-forge
2025-04-14T19:22:24.4345672Z   pycodestyle                       2.12.1             pyhd8ed1ab_1          conda-forge
2025-04-14T19:22:24.4346028Z   pycparser                         2.22               pyh29332c3_1          conda-forge
2025-04-14T19:22:24.4346406Z   pydata-sphinx-theme               0.16.1             pyhd8ed1ab_0          conda-forge
2025-04-14T19:22:24.4346787Z   pyflakes                          3.2.0              pyhd8ed1ab_1          conda-forge
2025-04-14T19:22:24.4347127Z   pygments                          2.19.1             pyhd8ed1ab_0          conda-forge
2025-04-14T19:22:24.4347465Z   pyjwt                             2.10.1             pyhd8ed1ab_0          conda-forge
2025-04-14T19:22:24.4347808Z   pympler                           1.1                pyhd8ed1ab_1          conda-forge
2025-04-14T19:22:24.4348146Z   pymysql                           1.1.1              pyhd8ed1ab_1          conda-forge
2025-04-14T19:22:24.4348488Z   pyopenssl                         25.0.0             pyhd8ed1ab_0          conda-forge
2025-04-14T19:22:24.4348844Z   pyparsing                         3.2.3              pyhd8ed1ab_1          conda-forge
2025-04-14T19:22:24.4349224Z   pyproject-metadata                0.9.1              pyhd8ed1ab_0          conda-forge
2025-04-14T19:22:24.4349589Z   pyqt                              5.15.10            py310hb3b5edb_1       conda-forge
2025-04-14T19:22:24.4349922Z   pyqt5-sip                         12.13.0            py310hf71b8c6_1       conda-forge
2025-04-14T19:22:24.4350275Z   pyreadstat                        1.2.8              py310h16f6504_0       conda-forge
2025-04-14T19:22:24.4350619Z   pyside6                           6.9.0              py310hfd10a26_0       conda-forge
2025-04-14T19:22:24.4350955Z   pysocks                           1.7.1              pyha55dd90_7          conda-forge
2025-04-14T19:22:24.4351418Z   pytables                          3.10.1             py310h431dcdc_4       conda-forge
2025-04-14T19:22:24.4351756Z   pytest                            8.3.5              pyhd8ed1ab_0          conda-forge
2025-04-14T19:22:24.4352100Z   pytest-cov                        6.1.1              pyhd8ed1ab_0          conda-forge
2025-04-14T19:22:24.4352623Z   pytest-cython                     0.3.1              pyhd8ed1ab_1          conda-forge
2025-04-14T19:22:24.4353031Z   pytest-localserver                0.9.0.post0        pyhd8ed1ab_1          conda-forge
2025-04-14T19:22:24.4353420Z   pytest-qt                         4.4.0              pyhdecd6ff_1          conda-forge
2025-04-14T19:22:24.4353775Z   pytest-xdist                      3.6.1              pyhd8ed1ab_1          conda-forge
2025-04-14T19:22:24.4354125Z   python                            3.10.17            hd6af730_0_cpython    conda-forge
2025-04-14T19:22:24.4354486Z   python-calamine                   0.3.2              py310h505e2c1_0       conda-forge
2025-04-14T19:22:24.4354885Z   python-dateutil                   2.9.0.post0        pyhff2d567_1          conda-forge
2025-04-14T19:22:24.4355425Z   python-fastjsonschema             2.21.1             pyhd8ed1ab_0          conda-forge
2025-04-14T19:22:24.4355841Z   python-json-logger                2.0.7              pyhd8ed1ab_0          conda-forge
2025-04-14T19:22:24.4356237Z   python-tzdata                     2025.2             pyhd8ed1ab_0          conda-forge
2025-04-14T19:22:24.4356592Z   python_abi                        3.10               6_cp310               conda-forge
2025-04-14T19:22:24.4356928Z   pytz                              2025.2             pyhd8ed1ab_0          conda-forge
2025-04-14T19:22:24.4357256Z   pyu2f                             0.1.5              pyhd8ed1ab_1          conda-forge
2025-04-14T19:22:24.4357588Z   pyxlsb                            1.0.10             pyhd8ed1ab_0          conda-forge
2025-04-14T19:22:24.4357920Z   pyyaml                            6.0.2              py310h89163eb_2       conda-forge
2025-04-14T19:22:24.4358249Z   pyzmq                             26.4.0             py310h71f11fc_0       conda-forge
2025-04-14T19:22:24.4358569Z   qhull                             2020.2             h434a139_5            conda-forge
2025-04-14T19:22:24.4358897Z   qt-main                           5.15.15            h993ce98_3            conda-forge
2025-04-14T19:22:24.4359223Z   qt6-main                          6.9.0              h6441bc3_0            conda-forge
2025-04-14T19:22:24.4359545Z   re2                               2024.07.02         h9925aae_3            conda-forge
2025-04-14T19:22:24.4359867Z   readline                          8.2                h8c095d6_2            conda-forge
2025-04-14T19:22:24.4360214Z   referencing                       0.36.2             pyh29332c3_0          conda-forge
2025-04-14T19:22:24.4360564Z   requests                          2.32.3             pyhd8ed1ab_1          conda-forge
2025-04-14T19:22:24.4360944Z   requests-oauthlib                 2.0.0              pyhd8ed1ab_1          conda-forge
2025-04-14T19:22:24.4361323Z   responses                         0.25.7             pyhd8ed1ab_0          conda-forge
2025-04-14T19:22:24.4361703Z   rfc3339-validator                 0.1.4              pyhd8ed1ab_1          conda-forge
2025-04-14T19:22:24.4362097Z   rfc3986-validator                 0.1.1              pyh9f0ad1d_0          conda-forge
2025-04-14T19:22:24.4362659Z   rpds-py                           0.24.0             py310hc1293b2_0       conda-forge
2025-04-14T19:22:24.4362976Z   rsa                               4.9                pyhd8ed1ab_1          conda-forge
2025-04-14T19:22:24.4363282Z   s2n                               1.5.15             hd830067_0            conda-forge
2025-04-14T19:22:24.4363593Z   s3fs                              2025.3.2           pyhd8ed1ab_0          conda-forge
2025-04-14T19:22:24.4363932Z   s3transfer                        0.11.3             pyhd8ed1ab_0          conda-forge
2025-04-14T19:22:24.4364402Z   scipy                             1.15.2             py310h1d65ade_0       conda-forge
2025-04-14T19:22:24.4364756Z   seaborn-base                      0.13.2             pyhd8ed1ab_3          conda-forge
2025-04-14T19:22:24.4365114Z   send2trash                        1.8.3              pyh0d859eb_1          conda-forge
2025-04-14T19:22:24.4365467Z   setuptools                        78.1.0             pyhff2d567_0          conda-forge
2025-04-14T19:22:24.4365819Z   sgmllib3k                         1.0.0              pyhd8ed1ab_1          conda-forge
2025-04-14T19:22:24.4366149Z   sip                               6.8.6              py310hf71b8c6_2       conda-forge
2025-04-14T19:22:24.4366458Z   six                               1.17.0             pyhd8ed1ab_0          conda-forge
2025-04-14T19:22:24.4366774Z   smmap                             5.0.2              pyhd8ed1ab_0          conda-forge
2025-04-14T19:22:24.4367099Z   snappy                            1.2.1              h8bd8927_1            conda-forge
2025-04-14T19:22:24.4367429Z   sniffio                           1.3.1              pyhd8ed1ab_1          conda-forge
2025-04-14T19:22:24.4367908Z   snowballstemmer                   2.2.0              pyhd8ed1ab_0          conda-forge
2025-04-14T19:22:24.4368304Z   sortedcontainers                  2.4.0              pyhd8ed1ab_1          conda-forge
2025-04-14T19:22:24.4368675Z   soupsieve                         2.5                pyhd8ed1ab_1          conda-forge
2025-04-14T19:22:24.4369021Z   sphinx                            8.1.3              pyhd8ed1ab_1          conda-forge
2025-04-14T19:22:24.4369390Z   sphinx-copybutton                 0.5.2              pyhd8ed1ab_1          conda-forge
2025-04-14T19:22:24.4369780Z   sphinx-design                     0.6.1              pyhd8ed1ab_2          conda-forge
2025-04-14T19:22:24.4370193Z   sphinxcontrib-applehelp           2.0.0              pyhd8ed1ab_1          conda-forge
2025-04-14T19:22:24.4370639Z   sphinxcontrib-devhelp             2.0.0              pyhd8ed1ab_1          conda-forge
2025-04-14T19:22:24.4371081Z   sphinxcontrib-htmlhelp            2.1.0              pyhd8ed1ab_1          conda-forge
2025-04-14T19:22:24.4371515Z   sphinxcontrib-jsmath              1.0.1              pyhd8ed1ab_1          conda-forge
2025-04-14T19:22:24.4371967Z   sphinxcontrib-qthelp              2.0.0              pyhd8ed1ab_1          conda-forge
2025-04-14T19:22:24.4372642Z   sphinxcontrib-serializinghtml     1.1.10             pyhd8ed1ab_1          conda-forge
2025-04-14T19:22:24.4373078Z   sqlalchemy                        2.0.40             py310ha75aee5_0       conda-forge
2025-04-14T19:22:24.4373433Z   stack_data                        0.6.3              pyhd8ed1ab_1          conda-forge
2025-04-14T19:22:24.4373793Z   sysroot_linux-64                  2.17               h0157908_18           conda-forge
2025-04-14T19:22:24.4374148Z   tabulate                          0.9.0              pyhd8ed1ab_2          conda-forge
2025-04-14T19:22:24.4374508Z   terminado                         0.18.1             pyh0d859eb_0          conda-forge
2025-04-14T19:22:24.4374867Z   tinycss2                          1.4.0              pyhd8ed1ab_0          conda-forge
2025-04-14T19:22:24.4375274Z   tk                                8.6.13             noxft_h4845f30_101    conda-forge
2025-04-14T19:22:24.4375743Z   tokenize-rt                       6.1.0              pyhd8ed1ab_1          conda-forge
2025-04-14T19:22:24.4376297Z   toml                              0.10.2             pyhd8ed1ab_1          conda-forge
2025-04-14T19:22:24.4376680Z   tomli                             2.2.1              pyhd8ed1ab_1          conda-forge
2025-04-14T19:22:24.4387910Z   toolz                             1.0.0              pyhd8ed1ab_1          conda-forge
2025-04-14T19:22:24.4388313Z   tornado                           6.4.2              py310ha75aee5_0       conda-forge
2025-04-14T19:22:24.4388870Z   traitlets                         5.14.3             pyhd8ed1ab_1          conda-forge
2025-04-14T19:22:24.4389286Z   types-pymysql                     1.1.0.20241103     pyhd8ed1ab_1          conda-forge
2025-04-14T19:22:24.4389735Z   types-python-dateutil             2.9.0.20241206     pyhd8ed1ab_0          conda-forge
2025-04-14T19:22:24.4390155Z   types-pytz                        2025.1.0.20250318  pyhd8ed1ab_0          conda-forge
2025-04-14T19:22:24.4390555Z   types-pyyaml                      6.0.12.20250402    pyhd8ed1ab_0          conda-forge
2025-04-14T19:22:24.4390968Z   types-setuptools                  78.1.0.20250329    pyh29332c3_0          conda-forge
2025-04-14T19:22:24.4391378Z   typing-extensions                 4.13.2             h0e9735f_0            conda-forge
2025-04-14T19:22:24.4391776Z   typing_extensions                 4.13.2             pyh29332c3_0          conda-forge
2025-04-14T19:22:24.4392152Z   typing_utils                      0.1.0              pyhd8ed1ab_1          conda-forge
2025-04-14T19:22:24.4392753Z   tzdata                            2025b              h78e105d_0            conda-forge
2025-04-14T19:22:24.4393220Z   ukkonen                           1.0.1              py310h3788b33_5       conda-forge
2025-04-14T19:22:24.4393574Z   unicodedata2                      16.0.0             py310ha75aee5_0       conda-forge
2025-04-14T19:22:24.4393945Z   uri-template                      1.3.0              pyhd8ed1ab_1          conda-forge
2025-04-14T19:22:24.4394299Z   urllib3                           2.4.0              pyhd8ed1ab_0          conda-forge
2025-04-14T19:22:24.4394638Z   versioneer                        0.29               pyhd8ed1ab_0          conda-forge
2025-04-14T19:22:24.4394992Z   virtualenv                        20.30.0            pyhd8ed1ab_0          conda-forge
2025-04-14T19:22:24.4395340Z   wayland                           1.23.1             h3e06ad9_0            conda-forge
2025-04-14T19:22:24.4395673Z   wcwidth                           0.2.13             pyhd8ed1ab_1          conda-forge
2025-04-14T19:22:24.4396018Z   webcolors                         24.11.1            pyhd8ed1ab_0          conda-forge
2025-04-14T19:22:24.4396383Z   webencodings                      0.5.1              pyhd8ed1ab_3          conda-forge
2025-04-14T19:22:24.4396757Z   websocket-client                  1.8.0              pyhd8ed1ab_1          conda-forge
2025-04-14T19:22:24.4397120Z   werkzeug                          3.1.3              pyhd8ed1ab_1          conda-forge
2025-04-14T19:22:24.4397449Z   wheel                             0.45.1             pyhd8ed1ab_1          conda-forge
2025-04-14T19:22:24.4397821Z   widgetsnbextension                4.0.14             pyhd8ed1ab_0          conda-forge
2025-04-14T19:22:24.4398189Z   wrapt                             1.17.2             py310ha75aee5_0       conda-forge
2025-04-14T19:22:24.4398523Z   xarray                            2024.9.0           pyhd8ed1ab_1          conda-forge
2025-04-14T19:22:24.4398872Z   xcb-util                          0.4.1              hb711507_2            conda-forge
2025-04-14T19:22:24.4399233Z   xcb-util-cursor                   0.1.5              hb9d3cd8_0            conda-forge
2025-04-14T19:22:24.4399606Z   xcb-util-image                    0.4.0              hb711507_2            conda-forge
2025-04-14T19:22:24.4399981Z   xcb-util-keysyms                  0.4.1              hb711507_0            conda-forge
2025-04-14T19:22:24.4400372Z   xcb-util-renderutil               0.3.10             hb711507_0            conda-forge
2025-04-14T19:22:24.4400738Z   xcb-util-wm                       0.4.2              hb711507_0            conda-forge
2025-04-14T19:22:24.4401101Z   xkeyboard-config                  2.43               hb9d3cd8_0            conda-forge
2025-04-14T19:22:24.4401448Z   xlrd                              2.0.1              pyhd8ed1ab_3          conda-forge
2025-04-14T19:22:24.4401786Z   xlsxwriter                        3.2.2              pyhd8ed1ab_0          conda-forge
2025-04-14T19:22:24.4402459Z   xmltodict                         0.14.2             pyhd8ed1ab_1          conda-forge
2025-04-14T19:22:24.4402881Z   xorg-libice                       1.1.2              hb9d3cd8_0            conda-forge
2025-04-14T19:22:24.4403233Z   xorg-libsm                        1.2.6              he73a12e_0            conda-forge
2025-04-14T19:22:24.4403574Z   xorg-libx11                       1.8.12             h4f16b4b_0            conda-forge
2025-04-14T19:22:24.4403926Z   xorg-libxau                       1.0.12             hb9d3cd8_0            conda-forge
2025-04-14T19:22:24.4404303Z   xorg-libxcomposite                0.4.6              hb9d3cd8_2            conda-forge
2025-04-14T19:22:24.4404689Z   xorg-libxcursor                   1.2.3              hb9d3cd8_0            conda-forge
2025-04-14T19:22:24.4405054Z   xorg-libxdamage                   1.1.6              hb9d3cd8_0            conda-forge
2025-04-14T19:22:24.4405423Z   xorg-libxdmcp                     1.1.5              hb9d3cd8_0            conda-forge
2025-04-14T19:22:24.4405784Z   xorg-libxext                      1.3.6              hb9d3cd8_0            conda-forge
2025-04-14T19:22:24.4406282Z   xorg-libxfixes                    6.0.1              hb9d3cd8_0            conda-forge
2025-04-14T19:22:24.4406642Z   xorg-libxi                        1.8.2              hb9d3cd8_0            conda-forge
2025-04-14T19:22:24.4406996Z   xorg-libxrandr                    1.5.4              hb9d3cd8_0            conda-forge
2025-04-14T19:22:24.4407370Z   xorg-libxrender                   0.9.12             hb9d3cd8_0            conda-forge
2025-04-14T19:22:24.4407735Z   xorg-libxtst                      1.2.5              hb9d3cd8_3            conda-forge
2025-04-14T19:22:24.4408103Z   xorg-libxxf86vm                   1.1.6              hb9d3cd8_0            conda-forge
2025-04-14T19:22:24.4408442Z   yaml                              0.2.5              h7f98852_2            conda-forge
2025-04-14T19:22:24.4408749Z   yarl                              1.18.3             py310h89163eb_1       conda-forge
2025-04-14T19:22:24.4409069Z   zeromq                            4.3.5              h3b0a872_7            conda-forge
2025-04-14T19:22:24.4409394Z   zipp                              3.21.0             pyhd8ed1ab_1          conda-forge
2025-04-14T19:22:24.4409708Z   zlib                              1.3.1              hb9d3cd8_2            conda-forge
2025-04-14T19:22:24.4410021Z   zlib-ng                           2.2.4              h7955e40_0            conda-forge
2025-04-14T19:22:24.4410349Z   zstandard                         0.23.0             py310ha75aee5_1       conda-forge
2025-04-14T19:22:24.4410677Z   zstd                              1.5.7              hb8e6e7a_2            conda-forge
2025-04-14T19:22:24.7135910Z Package                       Version
2025-04-14T19:22:24.7137068Z ----------------------------- ---------------------------
2025-04-14T19:22:24.7139224Z accessible-pygments           0.0.5
2025-04-14T19:22:24.7140949Z adbc-driver-manager           1.5.0
2025-04-14T19:22:24.7142731Z adbc-driver-postgresql        1.5.0
2025-04-14T19:22:24.7145160Z adbc-driver-sqlite            1.5.0
2025-04-14T19:22:24.7146431Z aiobotocore                   2.21.1
2025-04-14T19:22:24.7148586Z aiohappyeyeballs              2.6.1
2025-04-14T19:22:24.7150503Z aiohttp                       3.11.16
2025-04-14T19:22:24.7152613Z aioitertools                  0.12.0
2025-04-14T19:22:24.7154582Z aiosignal                     1.3.2
2025-04-14T19:22:24.7156496Z aiosmtpd                      1.4.6
2025-04-14T19:22:24.7158405Z alabaster                     1.0.0
2025-04-14T19:22:24.7160267Z anyio                         4.9.0
2025-04-14T19:22:24.7162162Z argon2-cffi                   23.1.0
2025-04-14T19:22:24.7164372Z argon2-cffi-bindings          21.2.0
2025-04-14T19:22:24.7166155Z arrow                         1.3.0
2025-04-14T19:22:24.7168092Z asttokens                     3.0.0
2025-04-14T19:22:24.7170098Z asv                           0.6.4
2025-04-14T19:22:24.7171816Z asv_runner                    0.2.1
2025-04-14T19:22:24.7174148Z async-lru                     2.0.5
2025-04-14T19:22:24.7175987Z async-timeout                 5.0.1
2025-04-14T19:22:24.7177918Z atpublic                      5.1
2025-04-14T19:22:24.7179780Z attrs                         25.3.0
2025-04-14T19:22:24.7181738Z aws-xray-sdk                  2.14.0
2025-04-14T19:22:24.7183840Z babel                         2.17.0
2025-04-14T19:22:24.7185721Z beautifulsoup4                4.13.3
2025-04-14T19:22:24.7187652Z bleach                        6.2.0
2025-04-14T19:22:24.7189546Z blinker                       1.9.0
2025-04-14T19:22:24.7191383Z boto3                         1.37.1
2025-04-14T19:22:24.7193539Z botocore                      1.37.1
2025-04-14T19:22:24.7195420Z Bottleneck                    1.4.2
2025-04-14T19:22:24.7197318Z Brotli                        1.1.0
2025-04-14T19:22:24.7199207Z cached-property               1.5.2
2025-04-14T19:22:24.7201202Z cachetools                    5.5.2
2025-04-14T19:22:24.7203384Z certifi                       2025.1.31
2025-04-14T19:22:24.7205219Z cffi                          1.17.1
2025-04-14T19:22:24.7207185Z cfgv                          3.3.1
2025-04-14T19:22:24.7209127Z charset-normalizer            3.4.1
2025-04-14T19:22:24.7211029Z click                         8.1.8
2025-04-14T19:22:24.7213140Z cloudpickle                   3.1.1
2025-04-14T19:22:24.7215005Z colorama                      0.4.6
2025-04-14T19:22:24.7216895Z comm                          0.2.2
2025-04-14T19:22:24.7218875Z contourpy                     1.3.1
2025-04-14T19:22:24.7220715Z coverage                      7.8.0
2025-04-14T19:22:24.7222608Z cramjam                       2.8.4rc3
2025-04-14T19:22:24.7224879Z cryptography                  44.0.2
2025-04-14T19:22:24.7226781Z cycler                        0.12.1
2025-04-14T19:22:24.7228744Z Cython                        3.0.12
2025-04-14T19:22:24.7230625Z dask                          2025.3.0
2025-04-14T19:22:24.7232653Z debugpy                       1.8.14
2025-04-14T19:22:24.7234555Z decorator                     5.2.1
2025-04-14T19:22:24.7236484Z defusedxml                    0.7.1
2025-04-14T19:22:24.7238338Z distlib                       0.3.9
2025-04-14T19:22:24.7240247Z docutils                      0.21.2
2025-04-14T19:22:24.7242078Z doit                          0.36.0
2025-04-14T19:22:24.7244197Z et_xmlfile                    2.0.0
2025-04-14T19:22:24.7246074Z exceptiongroup                1.2.2
2025-04-14T19:22:24.7247973Z execnet                       2.1.1
2025-04-14T19:22:24.7249848Z executing                     2.1.0
2025-04-14T19:22:24.7251716Z fastjsonschema                2.21.1
2025-04-14T19:22:24.7253852Z fastparquet                   2024.11.0
2025-04-14T19:22:24.7255768Z feedparser                    6.0.11
2025-04-14T19:22:24.7257614Z filelock                      3.18.0
2025-04-14T19:22:24.7259498Z flake8                        7.1.0
2025-04-14T19:22:24.7261359Z Flask                         3.1.0
2025-04-14T19:22:24.7263515Z flask-cors                    5.0.1
2025-04-14T19:22:24.7265410Z fonttools                     4.57.0
2025-04-14T19:22:24.7267258Z fqdn                          1.5.1
2025-04-14T19:22:24.7269167Z frozenlist                    1.5.0
2025-04-14T19:22:24.7271019Z fsspec                        2025.3.2
2025-04-14T19:22:24.7273104Z gcsfs                         2025.3.2
2025-04-14T19:22:24.7274993Z gitdb                         4.0.12
2025-04-14T19:22:24.7276855Z GitPython                     3.1.44
2025-04-14T19:22:24.7278752Z google-api-core               2.24.2
2025-04-14T19:22:24.7280563Z google-auth                   2.38.0
2025-04-14T19:22:24.7282758Z google-auth-oauthlib          1.2.1
2025-04-14T19:22:24.7284406Z google-cloud-core             2.4.3
2025-04-14T19:22:24.7286484Z google-cloud-storage          3.1.0
2025-04-14T19:22:24.7288356Z google-crc32c                 1.7.1
2025-04-14T19:22:24.7290215Z google-resumable-media        2.7.2
2025-04-14T19:22:24.7292040Z googleapis-common-protos      1.69.2
2025-04-14T19:22:24.7294216Z greenlet                      3.1.1
2025-04-14T19:22:24.7296141Z grpcio                        1.71.0
2025-04-14T19:22:24.7298013Z h11                           0.14.0
2025-04-14T19:22:24.7299861Z h2                            4.2.0
2025-04-14T19:22:24.7301722Z hpack                         4.1.0
2025-04-14T19:22:24.7303829Z html5lib                      1.1
2025-04-14T19:22:24.7305824Z httpcore                      1.0.7
2025-04-14T19:22:24.7307993Z httpx                         0.28.1
2025-04-14T19:22:24.7310058Z hyperframe                    6.1.0
2025-04-14T19:22:24.7311899Z hypothesis                    6.131.0
2025-04-14T19:22:24.7314006Z identify                      2.6.9
2025-04-14T19:22:24.7315836Z idna                          3.10
2025-04-14T19:22:24.7317785Z imagesize                     1.4.1
2025-04-14T19:22:24.7319700Z importlib_metadata            8.6.1
2025-04-14T19:22:24.7321498Z importlib_resources           6.5.2
2025-04-14T19:22:24.7323589Z iniconfig                     2.0.0
2025-04-14T19:22:24.7325499Z ipykernel                     6.29.5
2025-04-14T19:22:24.7327460Z ipython                       8.35.0
2025-04-14T19:22:24.7329260Z ipywidgets                    8.1.6
2025-04-14T19:22:24.7331185Z isoduration                   20.11.0
2025-04-14T19:22:24.7333239Z itsdangerous                  2.2.0
2025-04-14T19:22:24.7335111Z jedi                          0.19.2
2025-04-14T19:22:24.7337016Z Jinja2                        3.1.6
2025-04-14T19:22:24.7338813Z jmespath                      1.0.1
2025-04-14T19:22:24.7340725Z joserfc                       1.0.4
2025-04-14T19:22:24.7342622Z json5                         0.12.0
2025-04-14T19:22:24.7344580Z jsondiff                      2.2.1
2025-04-14T19:22:24.7346407Z jsonpointer                   3.0.0
2025-04-14T19:22:24.7348280Z jsonschema                    4.23.0
2025-04-14T19:22:24.7350145Z jsonschema-path               0.3.4
2025-04-14T19:22:24.7351998Z jsonschema-specifications     2024.10.1
2025-04-14T19:22:24.7354135Z jupyter_client                8.6.3
2025-04-14T19:22:24.7355990Z jupyter_core                  5.7.2
2025-04-14T19:22:24.7357856Z jupyter-events                0.12.0
2025-04-14T19:22:24.7359728Z jupyter-lsp                   2.2.5
2025-04-14T19:22:24.7361625Z jupyter_server                2.15.0
2025-04-14T19:22:24.7363934Z jupyter_server_terminals      0.5.3
2025-04-14T19:22:24.7365585Z jupyterlab                    4.4.0
2025-04-14T19:22:24.7367556Z jupyterlab_pygments           0.3.0
2025-04-14T19:22:24.7369410Z jupyterlab_server             2.27.3
2025-04-14T19:22:24.7371314Z jupyterlab_widgets            3.0.14
2025-04-14T19:22:24.7373392Z jupyterlite-core              0.5.1
2025-04-14T19:22:24.7375325Z jupyterlite-pyodide-kernel    0.5.2
2025-04-14T19:22:24.7377126Z kiwisolver                    1.4.7
2025-04-14T19:22:24.7379057Z lazy-object-proxy             1.10.0
2025-04-14T19:22:24.7380864Z llvmlite                      0.44.0
2025-04-14T19:22:24.7382756Z locket                        1.0.0
2025-04-14T19:22:24.7384991Z lxml                          5.3.2
2025-04-14T19:22:24.7386916Z Markdown                      3.6
2025-04-14T19:22:24.7388774Z MarkupSafe                    3.0.2
2025-04-14T19:22:24.7390752Z matplotlib                    3.10.1
2025-04-14T19:22:24.7392858Z matplotlib-inline             0.1.7
2025-04-14T19:22:24.7394742Z mccabe                        0.7.0
2025-04-14T19:22:24.7396714Z meson                         1.2.1
2025-04-14T19:22:24.7398823Z meson-python                  0.13.1
2025-04-14T19:22:24.7400790Z mistune                       3.1.3
2025-04-14T19:22:24.7402635Z moto                          5.1.3
2025-04-14T19:22:24.7404690Z multidict                     6.3.2
2025-04-14T19:22:24.7406744Z munkres                       1.1.4
2025-04-14T19:22:24.7408571Z mypy                          1.13.0
2025-04-14T19:22:24.7410554Z mypy_extensions               1.0.0
2025-04-14T19:22:24.7412557Z natsort                       8.4.0
2025-04-14T19:22:24.7414469Z nbclient                      0.10.2
2025-04-14T19:22:24.7416426Z nbconvert                     7.16.6
2025-04-14T19:22:24.7418322Z nbformat                      5.10.4
2025-04-14T19:22:24.7420242Z nbsphinx                      0.9.7
2025-04-14T19:22:24.7422056Z nest_asyncio                  1.6.0
2025-04-14T19:22:24.7424190Z nodeenv                       1.9.1
2025-04-14T19:22:24.7426037Z notebook                      7.4.0
2025-04-14T19:22:24.7427890Z notebook_shim                 0.2.4
2025-04-14T19:22:24.7429712Z numba                         0.61.2
2025-04-14T19:22:24.7431587Z numexpr                       2.10.2
2025-04-14T19:22:24.7433757Z numpy                         2.2.4
2025-04-14T19:22:24.7435574Z numpydoc                      1.8.0
2025-04-14T19:22:24.7437494Z oauthlib                      3.2.2
2025-04-14T19:22:24.7439315Z odfpy                         1.4.1
2025-04-14T19:22:24.7441342Z openapi-schema-validator      0.6.3
2025-04-14T19:22:24.7443374Z openapi-spec-validator        0.7.1
2025-04-14T19:22:24.7445312Z openpyxl                      3.1.5
2025-04-14T19:22:24.7447136Z overrides                     7.7.0
2025-04-14T19:22:24.7449094Z packaging                     24.2
2025-04-14T19:22:24.7451160Z pandas                        3.0.0.dev0+2069.g2384814c7c
2025-04-14T19:22:24.7453189Z pandocfilters                 1.5.0
2025-04-14T19:22:24.7455090Z parso                         0.8.4
2025-04-14T19:22:24.7456978Z partd                         1.4.2
2025-04-14T19:22:24.7458824Z pathable                      0.4.4
2025-04-14T19:22:24.7460767Z pexpect                       4.9.0
2025-04-14T19:22:24.7462610Z pickleshare                   0.7.5
2025-04-14T19:22:24.7464629Z pillow                        11.1.0
2025-04-14T19:22:24.7466454Z pip                           25.0.1
2025-04-14T19:22:24.7468373Z pkginfo                       1.12.1.2
2025-04-14T19:22:24.7470216Z pkgutil_resolve_name          1.3.10
2025-04-14T19:22:24.7472105Z platformdirs                  4.3.7
2025-04-14T19:22:24.7474185Z pluggy                        1.5.0
2025-04-14T19:22:24.7476016Z ply                           3.11
2025-04-14T19:22:24.7477919Z pre_commit                    4.2.0
2025-04-14T19:22:24.7479797Z prometheus_client             0.21.1
2025-04-14T19:22:24.7481687Z prompt_toolkit                3.0.50
2025-04-14T19:22:24.7483781Z propcache                     0.3.1
2025-04-14T19:22:24.7485644Z proto-plus                    1.26.1
2025-04-14T19:22:24.7487485Z protobuf                      5.29.3
2025-04-14T19:22:24.7489392Z psutil                        7.0.0
2025-04-14T19:22:24.7491228Z psycopg2                      2.9.9
2025-04-14T19:22:24.7493365Z ptyprocess                    0.7.0
2025-04-14T19:22:24.7495224Z pure_eval                     0.2.3
2025-04-14T19:22:24.7497065Z py                            1.11.0
2025-04-14T19:22:24.7498941Z py-cpuinfo                    9.0.0
2025-04-14T19:22:24.7500777Z pyarrow                       19.0.1
2025-04-14T19:22:24.7502621Z pyasn1                        0.6.1
2025-04-14T19:22:24.7504648Z pyasn1_modules                0.4.2
2025-04-14T19:22:24.7506526Z pycodestyle                   2.12.1
2025-04-14T19:22:24.7508364Z pycparser                     2.22
2025-04-14T19:22:24.7510304Z pydata-sphinx-theme           0.16.1
2025-04-14T19:22:24.7512093Z pyflakes                      3.2.0
2025-04-14T19:22:24.7514273Z Pygments                      2.19.1
2025-04-14T19:22:24.7516095Z PyJWT                         2.10.1
2025-04-14T19:22:24.7518016Z Pympler                       1.1
2025-04-14T19:22:24.7519894Z PyMySQL                       1.1.1
2025-04-14T19:22:24.7521745Z pyOpenSSL                     25.0.0
2025-04-14T19:22:24.7523840Z pyparsing                     3.2.3
2025-04-14T19:22:24.7525721Z pyproject-metadata            0.9.1
2025-04-14T19:22:24.7527584Z PyQt5                         5.15.10
2025-04-14T19:22:24.7529473Z PyQt5_sip                     12.13.0
2025-04-14T19:22:24.7531345Z pyreadstat                    1.2.8
2025-04-14T19:22:24.7533548Z PySide6                       6.9.0
2025-04-14T19:22:24.7535347Z PySocks                       1.7.1
2025-04-14T19:22:24.7537237Z pytest                        8.3.5
2025-04-14T19:22:24.7539021Z pytest-cov                    6.1.1
2025-04-14T19:22:24.7540954Z pytest-cython                 0.3.1
2025-04-14T19:22:24.7542875Z pytest-localserver            0.0.0
2025-04-14T19:22:24.7545113Z pytest-qt                     4.4.0
2025-04-14T19:22:24.7547142Z pytest-xdist                  3.6.1
2025-04-14T19:22:24.7549068Z python-calamine               0.3.2
2025-04-14T19:22:24.7550951Z python-dateutil               2.9.0.post0
2025-04-14T19:22:24.7552896Z python-json-logger            2.0.7
2025-04-14T19:22:24.7554839Z pytz                          2025.2
2025-04-14T19:22:24.7556741Z pyu2f                         0.1.5
2025-04-14T19:22:24.7558548Z pyxlsb                        1.0.10
2025-04-14T19:22:24.7560455Z PyYAML                        6.0.2
2025-04-14T19:22:24.7562403Z pyzmq                         26.4.0
2025-04-14T19:22:24.7564390Z referencing                   0.36.2
2025-04-14T19:22:24.7566161Z requests                      2.32.3
2025-04-14T19:22:24.7567999Z requests-oauthlib             2.0.0
2025-04-14T19:22:24.7570156Z responses                     0.25.7
2025-04-14T19:22:24.7571955Z rfc3339_validator             0.1.4
2025-04-14T19:22:24.7574096Z rfc3986-validator             0.1.1
2025-04-14T19:22:24.7575912Z rpds-py                       0.24.0
2025-04-14T19:22:24.7577945Z rsa                           4.9
2025-04-14T19:22:24.7579749Z s3fs                          2025.3.2
2025-04-14T19:22:24.7581636Z s3transfer                    0.11.3
2025-04-14T19:22:24.7583788Z scipy                         1.15.2
2025-04-14T19:22:24.7585762Z seaborn                       0.13.2
2025-04-14T19:22:24.7587641Z Send2Trash                    1.8.3
2025-04-14T19:22:24.7589532Z setuptools                    78.1.0
2025-04-14T19:22:24.7591358Z sgmllib3k                     1.0.0
2025-04-14T19:22:24.7593434Z shiboken6                     6.9.0
2025-04-14T19:22:24.7595286Z sip                           6.8.6
2025-04-14T19:22:24.7597191Z six                           1.17.0
2025-04-14T19:22:24.7599013Z smmap                         5.0.2
2025-04-14T19:22:24.7600882Z sniffio                       1.3.1
2025-04-14T19:22:24.7603091Z snowballstemmer               2.2.0
2025-04-14T19:22:24.7604940Z sortedcontainers              2.4.0
2025-04-14T19:22:24.7606962Z soupsieve                     2.5
2025-04-14T19:22:24.7608796Z Sphinx                        8.1.3
2025-04-14T19:22:24.7610695Z sphinx-copybutton             0.5.2
2025-04-14T19:22:24.7612583Z sphinx_design                 0.6.1
2025-04-14T19:22:24.7614703Z sphinxcontrib-applehelp       2.0.0
2025-04-14T19:22:24.7616640Z sphinxcontrib-devhelp         2.0.0
2025-04-14T19:22:24.7618553Z sphinxcontrib-htmlhelp        2.1.0
2025-04-14T19:22:24.7620467Z sphinxcontrib-jsmath          1.0.1
2025-04-14T19:22:24.7622483Z sphinxcontrib-qthelp          2.0.0
2025-04-14T19:22:24.7624639Z sphinxcontrib-serializinghtml 1.1.10
2025-04-14T19:22:24.7626758Z SQLAlchemy                    2.0.40
2025-04-14T19:22:24.7628659Z stack_data                    0.6.3
2025-04-14T19:22:24.7630693Z tables                        3.10.1
2025-04-14T19:22:24.7632554Z tabulate                      0.9.0
2025-04-14T19:22:24.7634633Z terminado                     0.18.1
2025-04-14T19:22:24.7636434Z tinycss2                      1.4.0
2025-04-14T19:22:24.7638372Z tokenize_rt                   6.1.0
2025-04-14T19:22:24.7640181Z toml                          0.10.2
2025-04-14T19:22:24.7642079Z tomli                         2.2.1
2025-04-14T19:22:24.7644107Z toolz                         1.0.0
2025-04-14T19:22:24.7646069Z tornado                       6.4.2
2025-04-14T19:22:24.7647896Z traitlets                     5.14.3
2025-04-14T19:22:24.7649820Z types-PyMySQL                 1.1.0.20241103
2025-04-14T19:22:24.7651709Z types-python-dateutil         2.9.0.20241206
2025-04-14T19:22:24.7653954Z types-pytz                    2025.1.0.20250318
2025-04-14T19:22:24.7655733Z types-PyYAML                  6.0.12.20250402
2025-04-14T19:22:24.7657854Z types-setuptools              78.1.0.20250329
2025-04-14T19:22:24.7659679Z typing_extensions             4.13.2
2025-04-14T19:22:24.7661547Z typing_utils                  0.1.0
2025-04-14T19:22:24.7663571Z tzdata                        2025.2
2025-04-14T19:22:24.7665415Z ukkonen                       1.0.1
2025-04-14T19:22:24.7667305Z unicodedata2                  16.0.0
2025-04-14T19:22:24.7669098Z uri-template                  1.3.0
2025-04-14T19:22:24.7670964Z urllib3                       2.4.0
2025-04-14T19:22:24.7673075Z versioneer                    0.29
2025-04-14T19:22:24.7674963Z virtualenv                    20.30.0
2025-04-14T19:22:24.7676807Z wcwidth                       0.2.13
2025-04-14T19:22:24.7678708Z webcolors                     24.11.1
2025-04-14T19:22:24.7680524Z webencodings                  0.5.1
2025-04-14T19:22:24.7682607Z websocket-client              1.8.0
2025-04-14T19:22:24.7684456Z Werkzeug                      3.1.3
2025-04-14T19:22:24.7686340Z wheel                         0.45.1
2025-04-14T19:22:24.7688291Z widgetsnbextension            4.0.14
2025-04-14T19:22:24.7690136Z wrapt                         1.17.2
2025-04-14T19:22:24.7692006Z xarray                        2024.9.0
2025-04-14T19:22:24.7694083Z xlrd                          2.0.1
2025-04-14T19:22:24.7695908Z XlsxWriter                    3.2.2
2025-04-14T19:22:24.7697805Z xmltodict                     0.14.2
2025-04-14T19:22:24.7699597Z yarl                          1.18.3
2025-04-14T19:22:24.7701531Z zipp                          3.21.0
2025-04-14T19:22:24.7703804Z zstandard                     0.23.0
2025-04-14T19:22:24.7976555Z ##[group]Run if pip show pandas 1>/dev/null; then
2025-04-14T19:22:24.7977152Z [36;1mif pip show pandas 1>/dev/null; then[0m
2025-04-14T19:22:24.7977639Z [36;1m  pip uninstall -y pandas[0m
2025-04-14T19:22:24.7978065Z [36;1mfi[0m
2025-04-14T19:22:24.8034847Z shell: /usr/bin/bash -el {0}
2025-04-14T19:22:24.8035101Z env:
2025-04-14T19:22:24.8035298Z   ENV_FILE: environment.yml
2025-04-14T19:22:24.8035545Z   PANDAS_CI: 1
2025-04-14T19:22:24.8035775Z   MAMBA_ROOT_PREFIX: /home/runner/micromamba
2025-04-14T19:22:24.8036111Z   MAMBA_EXE: /home/runner/micromamba-bin/micromamba
2025-04-14T19:22:24.8036443Z   CONDARC: /home/runner/work/pandas/pandas/ci/.condarc
2025-04-14T19:22:24.8036720Z ##[endgroup]
2025-04-14T19:22:26.2721331Z Found existing installation: pandas 3.0.0.dev0+2069.g2384814c7c
2025-04-14T19:22:26.3966712Z Uninstalling pandas-3.0.0.dev0+2069.g2384814c7c:
2025-04-14T19:22:26.4276335Z   Successfully uninstalled pandas-3.0.0.dev0+2069.g2384814c7c
2025-04-14T19:22:26.5739522Z ##[group]Run if [[ true == "true" ]]; then
2025-04-14T19:22:26.5739843Z [36;1mif [[ true == "true" ]]; then[0m
2025-04-14T19:22:26.5740164Z [36;1m  pip install -e . --no-build-isolation -v --no-deps \[0m
2025-04-14T19:22:26.5740494Z [36;1m    -Csetup-args="--werror"[0m
2025-04-14T19:22:26.5740752Z [36;1melse[0m
2025-04-14T19:22:26.5740995Z [36;1m  pip install . --no-build-isolation -v --no-deps \[0m
2025-04-14T19:22:26.5741318Z [36;1m    -Csetup-args="--werror"[0m
2025-04-14T19:22:26.5741559Z [36;1mfi[0m
2025-04-14T19:22:26.5794820Z shell: /usr/bin/bash -el {0}
2025-04-14T19:22:26.5795071Z env:
2025-04-14T19:22:26.5795257Z   ENV_FILE: environment.yml
2025-04-14T19:22:26.5795475Z   PANDAS_CI: 1
2025-04-14T19:22:26.5795690Z   MAMBA_ROOT_PREFIX: /home/runner/micromamba
2025-04-14T19:22:26.5795992Z   MAMBA_EXE: /home/runner/micromamba-bin/micromamba
2025-04-14T19:22:26.5796313Z   CONDARC: /home/runner/work/pandas/pandas/ci/.condarc
2025-04-14T19:22:26.5796598Z ##[endgroup]
2025-04-14T19:22:27.2087411Z Using pip 25.0.1 from /home/runner/micromamba/envs/test/lib/python3.10/site-packages/pip (python 3.10)
2025-04-14T19:22:27.3442571Z Obtaining file:///home/runner/work/pandas/pandas
2025-04-14T19:22:27.3495244Z   Checking if build backend supports build_editable: started
2025-04-14T19:22:27.3497459Z   Running command Checking if build backend supports build_editable
2025-04-14T19:22:27.4403499Z   Checking if build backend supports build_editable: finished with status 'done'
2025-04-14T19:22:27.4411695Z   Preparing editable metadata (pyproject.toml): started
2025-04-14T19:22:27.4414304Z   Running command Preparing editable metadata (pyproject.toml)
2025-04-14T19:22:27.7218840Z   + meson setup /home/runner/work/pandas/pandas /home/runner/work/pandas/pandas/build/cp310 -Dbuildtype=release -Db_ndebug=if-release -Db_vscrt=md --vsenv --werror --native-file=/home/runner/work/pandas/pandas/build/cp310/meson-python-native-file.ini
2025-04-14T19:22:29.2716202Z   The Meson build system
2025-04-14T19:22:29.2718423Z   Version: 1.2.1
2025-04-14T19:22:29.2721334Z   Source dir: /home/runner/work/pandas/pandas
2025-04-14T19:22:29.2724392Z   Build dir: /home/runner/work/pandas/pandas/build/cp310
2025-04-14T19:22:29.2727190Z   Build type: native build
2025-04-14T19:22:29.2729965Z   Project name: pandas
2025-04-14T19:22:29.2733010Z   Project version: 3.0.0.dev0+2069.g2384814c7c
2025-04-14T19:22:29.2736486Z   C compiler for the host machine: /home/runner/micromamba/envs/test/bin/x86_64-conda-linux-gnu-cc (gcc 13.3.0 "x86_64-conda-linux-gnu-cc (conda-forge gcc 13.3.0-2) 13.3.0")
2025-04-14T19:22:29.2739366Z   C linker for the host machine: /home/runner/micromamba/envs/test/bin/x86_64-conda-linux-gnu-cc ld.bfd 2.43
2025-04-14T19:22:29.2742656Z   C++ compiler for the host machine: /home/runner/micromamba/envs/test/bin/x86_64-conda-linux-gnu-c++ (gcc 13.3.0 "x86_64-conda-linux-gnu-c++ (conda-forge gcc 13.3.0-2) 13.3.0")
2025-04-14T19:22:29.2745561Z   C++ linker for the host machine: /home/runner/micromamba/envs/test/bin/x86_64-conda-linux-gnu-c++ ld.bfd 2.43
2025-04-14T19:22:29.2748321Z   Cython compiler for the host machine: cython (cython 3.0.12)
2025-04-14T19:22:29.2751142Z   Host machine cpu family: x86_64
2025-04-14T19:22:29.2754195Z   Host machine cpu: x86_64
2025-04-14T19:22:29.2757178Z   Program python found: YES (/home/runner/micromamba/envs/test/bin/python3.10)
2025-04-14T19:22:29.2759980Z   Configuring free_threading_config.pxi using configuration
2025-04-14T19:22:29.2763034Z   Found pkg-config: /usr/bin/pkg-config (1.8.0)
2025-04-14T19:22:29.2765925Z   Run-time dependency python found: YES 3.10
2025-04-14T19:22:29.2768742Z   Build targets in project: 54
2025-04-14T19:22:29.2771348Z 
2025-04-14T19:22:29.2773811Z   pandas 3.0.0.dev0+2069.g2384814c7c
2025-04-14T19:22:29.2776464Z 
2025-04-14T19:22:29.2778603Z     User defined options
2025-04-14T19:22:29.2781718Z       Native files: /home/runner/work/pandas/pandas/build/cp310/meson-python-native-file.ini
2025-04-14T19:22:29.2784658Z       buildtype   : release
2025-04-14T19:22:29.2787477Z       vsenv       : True
2025-04-14T19:22:29.2790283Z       werror      : True
2025-04-14T19:22:29.2793401Z       b_ndebug    : if-release
2025-04-14T19:22:29.2796277Z       b_vscrt     : md
2025-04-14T19:22:29.2798983Z 
2025-04-14T19:22:29.2801250Z   Found ninja-1.12.1 at /home/runner/micromamba/envs/test/bin/ninja
2025-04-14T19:22:29.2803982Z 
2025-04-14T19:22:29.2806515Z   Visual Studio environment is needed to run Ninja. It is recommended to use Meson wrapper:
2025-04-14T19:22:29.2809597Z   /home/runner/micromamba/envs/test/bin/meson compile -C .
2025-04-14T19:22:29.3149992Z   + /home/runner/micromamba/envs/test/bin/ninja
2025-04-14T19:22:29.3659779Z   [1/152] Generating pandas/_libs/algos_common_helper_pxi with a custom command
2025-04-14T19:22:29.3787058Z   [2/152] Generating pandas/_libs/hashtable_class_helper_pxi with a custom command
2025-04-14T19:22:29.4030507Z   [3/152] Generating pandas/_libs/index_class_helper_pxi with a custom command
2025-04-14T19:22:29.4060427Z   [4/152] Generating pandas/_libs/khash_primitive_helper_pxi with a custom command
2025-04-14T19:22:29.4300675Z   [5/152] Generating pandas/_libs/algos_take_helper_pxi with a custom command
2025-04-14T19:22:29.4305541Z   [6/152] Generating pandas/_libs/hashtable_func_helper_pxi with a custom command
2025-04-14T19:22:29.4393438Z   [7/152] Generating pandas/_libs/sparse_op_helper_pxi with a custom command
2025-04-14T19:22:29.4539272Z   [8/152] Generating pandas/_libs/intervaltree_helper_pxi with a custom command
2025-04-14T19:22:30.6818536Z   [9/152] Compiling Cython source /home/runner/work/pandas/pandas/pandas/_libs/tslibs/base.pyx
2025-04-14T19:22:30.7472709Z   [10/152] Compiling Cython source /home/runner/work/pandas/pandas/pandas/_libs/tslibs/ccalendar.pyx
2025-04-14T19:22:31.2301247Z   [11/152] Compiling Cython source /home/runner/work/pandas/pandas/pandas/_libs/tslibs/nattype.pyx
2025-04-14T19:22:31.3814194Z   [12/152] Compiling Cython source /home/runner/work/pandas/pandas/pandas/_libs/tslibs/dtypes.pyx
2025-04-14T19:22:32.6439230Z   [13/152] Compiling Cython source /home/runner/work/pandas/pandas/pandas/_libs/tslibs/conversion.pyx
2025-04-14T19:22:32.8603951Z   [14/152] Compiling Cython source /home/runner/work/pandas/pandas/pandas/_libs/tslibs/np_datetime.pyx
2025-04-14T19:22:32.8878983Z   [15/152] Compiling Cython source /home/runner/work/pandas/pandas/pandas/_libs/tslibs/fields.pyx
2025-04-14T19:22:34.7956297Z   [16/152] Compiling Cython source /home/runner/work/pandas/pandas/pandas/_libs/tslibs/parsing.pyx
2025-04-14T19:22:35.4009857Z   [17/152] Compiling Cython source /home/runner/work/pandas/pandas/pandas/_libs/tslibs/period.pyx
2025-04-14T19:22:35.6204778Z   [18/152] Compiling Cython source /home/runner/work/pandas/pandas/pandas/_libs/tslibs/offsets.pyx
2025-04-14T19:22:35.8799178Z   [19/152] Compiling Cython source /home/runner/work/pandas/pandas/pandas/_libs/tslibs/strptime.pyx
2025-04-14T19:22:36.8164957Z   [20/152] Compiling Cython source /home/runner/work/pandas/pandas/pandas/_libs/tslibs/timedeltas.pyx
2025-04-14T19:22:36.8336560Z   [21/152] Compiling Cython source /home/runner/work/pandas/pandas/pandas/_libs/tslibs/timestamps.pyx
2025-04-14T19:22:37.0148657Z   [22/152] Compiling Cython source /home/runner/work/pandas/pandas/pandas/_libs/tslibs/timezones.pyx
2025-04-14T19:22:38.4407809Z   [23/152] Compiling Cython source /home/runner/work/pandas/pandas/pandas/_libs/tslibs/tzconversion.pyx
2025-04-14T19:22:38.8254272Z   [24/152] Compiling Cython source /home/runner/work/pandas/pandas/pandas/_libs/tslibs/vectorized.pyx
2025-04-14T19:22:39.3260992Z   [25/152] Compiling Cython source /home/runner/work/pandas/pandas/pandas/_libs/arrays.pyx
2025-04-14T19:22:39.4111623Z   [26/152] Compiling Cython source /home/runner/work/pandas/pandas/pandas/_libs/hashing.pyx
2025-04-14T19:22:40.3623977Z   [27/152] Compiling Cython source /home/runner/work/pandas/pandas/pandas/_libs/indexing.pyx
2025-04-14T19:22:42.6020459Z   [28/152] Compiling Cython source /home/runner/work/pandas/pandas/pandas/_libs/internals.pyx
2025-04-14T19:22:42.6029073Z   warning: /home/runner/work/pandas/pandas/pandas/_libs/internals.pyx:31:0: The 'IF' statement is deprecated and will be removed in a future Cython version. Consider using runtime conditions or C macros instead. See https://github.com/cython/cython/issues/4310
2025-04-14T19:22:42.6041295Z   warning: /home/runner/work/pandas/pandas/pandas/_libs/internals.pyx:916:8: The 'IF' statement is deprecated and will be removed in a future Cython version. Consider using runtime conditions or C macros instead. See https://github.com/cython/cython/issues/4310
2025-04-14T19:22:42.6067778Z   warning: /home/runner/work/pandas/pandas/pandas/_libs/internals.pyx:921:12: The 'IF' statement is deprecated and will be removed in a future Cython version. Consider using runtime conditions or C macros instead. See https://github.com/cython/cython/issues/4310
2025-04-14T19:22:42.6072626Z   warning: /home/runner/work/pandas/pandas/pandas/_libs/internals.pyx:955:8: The 'IF' statement is deprecated and will be removed in a future Cython version. Consider using runtime conditions or C macros instead. See https://github.com/cython/cython/issues/4310
2025-04-14T19:22:42.6075623Z   warning: /home/runner/work/pandas/pandas/pandas/_libs/internals.pyx:973:8: The 'IF' statement is deprecated and will be removed in a future Cython version. Consider using runtime conditions or C macros instead. See https://github.com/cython/cython/issues/4310
2025-04-14T19:22:42.6078675Z   warning: /home/runner/work/pandas/pandas/pandas/_libs/internals.pyx:994:8: The 'IF' statement is deprecated and will be removed in a future Cython version. Consider using runtime conditions or C macros instead. See https://github.com/cython/cython/issues/4310
2025-04-14T19:22:45.3258675Z   [29/152] Compiling Cython source /home/runner/work/pandas/pandas/pandas/_libs/index.pyx
2025-04-14T19:22:47.3602925Z   [30/152] Compiling Cython source /home/runner/work/pandas/pandas/pandas/_libs/interval.pyx
2025-04-14T19:22:49.3690994Z   [31/152] Compiling Cython source /home/runner/work/pandas/pandas/pandas/_libs/missing.pyx
2025-04-14T19:22:49.8843023Z   [32/152] Compiling Cython source /home/runner/work/pandas/pandas/pandas/_libs/hashtable.pyx
2025-04-14T19:22:50.2009198Z   [33/152] Compiling Cython source /home/runner/work/pandas/pandas/pandas/_libs/groupby.pyx
2025-04-14T19:22:50.4931773Z   [34/152] Compiling Cython source /home/runner/work/pandas/pandas/pandas/_libs/join.pyx
2025-04-14T19:22:50.5083731Z   [35/152] Compiling Cython source /home/runner/work/pandas/pandas/pandas/_libs/algos.pyx
2025-04-14T19:22:51.1528629Z   [36/152] Compiling Cython source /home/runner/work/pandas/pandas/pandas/_libs/lib.pyx
2025-04-14T19:22:51.1723363Z   [37/152] Compiling Cython source /home/runner/work/pandas/pandas/pandas/_libs/ops_dispatch.pyx
2025-04-14T19:22:51.6983605Z   [38/152] Compiling Cython source /home/runner/work/pandas/pandas/pandas/_libs/properties.pyx
2025-04-14T19:22:52.2211558Z   [39/152] Compiling Cython source /home/runner/work/pandas/pandas/pandas/_libs/byteswap.pyx
2025-04-14T19:22:52.6146237Z   [40/152] Compiling Cython source /home/runner/work/pandas/pandas/pandas/_libs/ops.pyx
2025-04-14T19:22:52.8778540Z   [41/152] Compiling Cython source /home/runner/work/pandas/pandas/pandas/_libs/parsers.pyx
2025-04-14T19:22:53.1793650Z   [42/152] Compiling Cython source /home/runner/work/pandas/pandas/pandas/_libs/reshape.pyx
2025-04-14T19:22:53.5283892Z   [43/152] Compiling Cython source /home/runner/work/pandas/pandas/pandas/_libs/sas.pyx
2025-04-14T19:22:54.4587566Z   [44/152] Compiling Cython source /home/runner/work/pandas/pandas/pandas/_libs/testing.pyx
2025-04-14T19:22:55.0294173Z   [45/152] Compiling Cython source /home/runner/work/pandas/pandas/pandas/_libs/tslib.pyx
2025-04-14T19:22:56.1606529Z   [46/152] Compiling Cython source /home/runner/work/pandas/pandas/pandas/_libs/writers.pyx
2025-04-14T19:22:56.1922545Z   [47/152] Compiling C object pandas/_libs/tslibs/base.cpython-310-x86_64-linux-gnu.so.p/meson-generated_pandas__libs_tslibs_base.pyx.c.o
2025-04-14T19:22:56.3027981Z   [48/152] Compiling Cython source /home/runner/work/pandas/pandas/pandas/_libs/window/indexers.pyx
2025-04-14T19:22:57.4114388Z   [49/152] Compiling Cython source /home/runner/work/pandas/pandas/pandas/_libs/window/aggregations.pyx
2025-04-14T19:22:57.7223933Z   [50/152] Compiling Cython source /home/runner/work/pandas/pandas/pandas/_libs/sparse.pyx
2025-04-14T19:22:57.8226034Z   [51/152] Compiling C object pandas/_libs/tslibs/ccalendar.cpython-310-x86_64-linux-gnu.so.p/meson-generated_pandas__libs_tslibs_ccalendar.pyx.c.o
2025-04-14T19:23:04.5464121Z   [52/152] Compiling C object pandas/_libs/tslibs/np_datetime.cpython-310-x86_64-linux-gnu.so.p/meson-generated_pandas__libs_tslibs_np_datetime.pyx.c.o
2025-04-14T19:23:06.9259474Z   [53/152] Compiling C object pandas/_libs/tslibs/dtypes.cpython-310-x86_64-linux-gnu.so.p/meson-generated_pandas__libs_tslibs_dtypes.pyx.c.o
2025-04-14T19:23:08.2605783Z   [54/152] Compiling C object pandas/_libs/tslibs/parsing.cpython-310-x86_64-linux-gnu.so.p/.._src_parser_tokenizer.c.o
2025-04-14T19:23:08.9597941Z   [55/152] Compiling C object pandas/_libs/tslibs/nattype.cpython-310-x86_64-linux-gnu.so.p/meson-generated_pandas__libs_tslibs_nattype.pyx.c.o
2025-04-14T19:23:09.6513503Z   [56/152] Compiling C object pandas/_libs/tslibs/conversion.cpython-310-x86_64-linux-gnu.so.p/meson-generated_pandas__libs_tslibs_conversion.pyx.c.o
2025-04-14T19:23:12.3049521Z   [57/152] Compiling C object pandas/_libs/tslibs/fields.cpython-310-x86_64-linux-gnu.so.p/meson-generated_pandas__libs_tslibs_fields.pyx.c.o
2025-04-14T19:23:24.6218078Z   [58/152] Compiling C object pandas/_libs/tslibs/parsing.cpython-310-x86_64-linux-gnu.so.p/meson-generated_pandas__libs_tslibs_parsing.pyx.c.o
2025-04-14T19:23:26.4114661Z   [59/152] Compiling C object pandas/_libs/tslibs/strptime.cpython-310-x86_64-linux-gnu.so.p/meson-generated_pandas__libs_tslibs_strptime.pyx.c.o
2025-04-14T19:23:32.4598734Z   [60/152] Compiling C object pandas/_libs/tslibs/period.cpython-310-x86_64-linux-gnu.so.p/meson-generated_pandas__libs_tslibs_period.pyx.c.o
2025-04-14T19:23:37.9228419Z   [61/152] Compiling C object pandas/_libs/tslibs/timezones.cpython-310-x86_64-linux-gnu.so.p/meson-generated_pandas__libs_tslibs_timezones.pyx.c.o
2025-04-14T19:23:41.1564153Z   [62/152] Compiling C object pandas/_libs/tslibs/tzconversion.cpython-310-x86_64-linux-gnu.so.p/meson-generated_pandas__libs_tslibs_tzconversion.pyx.c.o
2025-04-14T19:23:42.3667597Z   [63/152] Compiling C object pandas/_libs/tslibs/timedeltas.cpython-310-x86_64-linux-gnu.so.p/meson-generated_pandas__libs_tslibs_timedeltas.pyx.c.o
2025-04-14T19:23:42.6505885Z   [64/152] Compiling C object pandas/_libs/tslibs/timestamps.cpython-310-x86_64-linux-gnu.so.p/meson-generated_pandas__libs_tslibs_timestamps.pyx.c.o
2025-04-14T19:23:43.2459909Z   [65/152] Compiling C object pandas/_libs/tslibs/vectorized.cpython-310-x86_64-linux-gnu.so.p/meson-generated_pandas__libs_tslibs_vectorized.pyx.c.o
2025-04-14T19:23:46.7703751Z   [66/152] Compiling C object pandas/_libs/arrays.cpython-310-x86_64-linux-gnu.so.p/meson-generated_pandas__libs_arrays.pyx.c.o
2025-04-14T19:23:51.7634262Z   [67/152] Compiling C object pandas/_libs/hashing.cpython-310-x86_64-linux-gnu.so.p/meson-generated_pandas__libs_hashing.pyx.c.o
2025-04-14T19:23:53.5939042Z   [68/152] Compiling C object pandas/_libs/tslibs/offsets.cpython-310-x86_64-linux-gnu.so.p/meson-generated_pandas__libs_tslibs_offsets.pyx.c.o
2025-04-14T19:23:53.9957065Z   [69/152] Compiling C object pandas/_libs/indexing.cpython-310-x86_64-linux-gnu.so.p/meson-generated_pandas__libs_indexing.pyx.c.o
2025-04-14T19:24:11.0356334Z   [70/152] Compiling C object pandas/_libs/internals.cpython-310-x86_64-linux-gnu.so.p/meson-generated_pandas__libs_internals.pyx.c.o
2025-04-14T19:24:29.5983653Z   [71/152] Compiling C object pandas/_libs/index.cpython-310-x86_64-linux-gnu.so.p/meson-generated_pandas__libs_index.pyx.c.o
2025-04-14T19:24:51.4592779Z   [72/152] Compiling C object pandas/_libs/interval.cpython-310-x86_64-linux-gnu.so.p/meson-generated_pandas__libs_interval.pyx.c.o
2025-04-14T19:24:52.8048062Z   [73/152] Compiling C object pandas/_libs/lib.cpython-310-x86_64-linux-gnu.so.p/src_parser_tokenizer.c.o
2025-04-14T19:25:02.5231777Z   [74/152] Compiling C object pandas/_libs/missing.cpython-310-x86_64-linux-gnu.so.p/meson-generated_pandas__libs_missing.pyx.c.o
2025-04-14T19:25:03.2269259Z   [75/152] Compiling C object pandas/_libs/pandas_datetime.cpython-310-x86_64-linux-gnu.so.p/src_vendored_numpy_datetime_np_datetime.c.o
2025-04-14T19:25:03.9504765Z   [76/152] Compiling C object pandas/_libs/pandas_datetime.cpython-310-x86_64-linux-gnu.so.p/src_vendored_numpy_datetime_np_datetime_strings.c.o
2025-04-14T19:25:04.1049503Z   [77/152] Compiling C object pandas/_libs/pandas_datetime.cpython-310-x86_64-linux-gnu.so.p/src_datetime_date_conversions.c.o
2025-04-14T19:25:04.5104129Z   [78/152] Compiling C object pandas/_libs/pandas_datetime.cpython-310-x86_64-linux-gnu.so.p/src_datetime_pd_datetime.c.o
2025-04-14T19:25:05.9394055Z   [79/152] Compiling C object pandas/_libs/pandas_parser.cpython-310-x86_64-linux-gnu.so.p/src_parser_tokenizer.c.o
2025-04-14T19:25:06.1338726Z   [80/152] Compiling C object pandas/_libs/pandas_parser.cpython-310-x86_64-linux-gnu.so.p/src_parser_io.c.o
2025-04-14T19:25:06.3348407Z   [81/152] Compiling C object pandas/_libs/pandas_parser.cpython-310-x86_64-linux-gnu.so.p/src_parser_pd_parser.c.o
2025-04-14T19:25:08.3951961Z   [82/152] Compiling C object pandas/_libs/lib.cpython-310-x86_64-linux-gnu.so.p/meson-generated_pandas__libs_lib.pyx.c.o
2025-04-14T19:25:09.7749345Z   [83/152] Compiling C object pandas/_libs/parsers.cpython-310-x86_64-linux-gnu.so.p/src_parser_tokenizer.c.o
2025-04-14T19:25:09.8777760Z   [84/152] Compiling C object pandas/_libs/join.cpython-310-x86_64-linux-gnu.so.p/meson-generated_pandas__libs_join.pyx.c.o
2025-04-14T19:25:09.9735023Z   [85/152] Compiling C object pandas/_libs/parsers.cpython-310-x86_64-linux-gnu.so.p/src_parser_io.c.o
2025-04-14T19:25:10.2851048Z   [86/152] Compiling C object pandas/_libs/json.cpython-310-x86_64-linux-gnu.so.p/src_vendored_ujson_python_ujson.c.o
2025-04-14T19:25:10.5976602Z   [87/152] Compiling C object pandas/_libs/json.cpython-310-x86_64-linux-gnu.so.p/src_vendored_ujson_python_JSONtoObj.c.o
2025-04-14T19:25:11.0813446Z   [88/152] Compiling C object pandas/_libs/json.cpython-310-x86_64-linux-gnu.so.p/src_vendored_ujson_lib_ultrajsonenc.c.o
2025-04-14T19:25:11.1451077Z   [89/152] Compiling C object pandas/_libs/json.cpython-310-x86_64-linux-gnu.so.p/src_vendored_ujson_python_objToJSON.c.o
2025-04-14T19:25:11.2032848Z   [90/152] Compiling C object pandas/_libs/algos.cpython-310-x86_64-linux-gnu.so.p/meson-generated_pandas__libs_algos.pyx.c.o
2025-04-14T19:25:11.6124971Z   [91/152] Compiling C object pandas/_libs/json.cpython-310-x86_64-linux-gnu.so.p/src_vendored_ujson_lib_ultrajsondec.c.o
2025-04-14T19:25:13.7007084Z   [92/152] Compiling C object pandas/_libs/ops_dispatch.cpython-310-x86_64-linux-gnu.so.p/meson-generated_pandas__libs_ops_dispatch.pyx.c.o
2025-04-14T19:25:14.7559585Z   [93/152] Compiling C object pandas/_libs/properties.cpython-310-x86_64-linux-gnu.so.p/meson-generated_pandas__libs_properties.pyx.c.o
2025-04-14T19:25:22.3605472Z   [94/152] Compiling C object pandas/_libs/ops.cpython-310-x86_64-linux-gnu.so.p/meson-generated_pandas__libs_ops.pyx.c.o
2025-04-14T19:25:23.9999747Z   [95/152] Compiling C object pandas/_libs/byteswap.cpython-310-x86_64-linux-gnu.so.p/meson-generated_pandas__libs_byteswap.pyx.c.o
2025-04-14T19:25:25.8611696Z   [96/152] Compiling C object pandas/_libs/reshape.cpython-310-x86_64-linux-gnu.so.p/meson-generated_pandas__libs_reshape.pyx.c.o
2025-04-14T19:25:26.3627816Z   [97/152] Compiling C object pandas/_libs/sas.cpython-310-x86_64-linux-gnu.so.p/meson-generated_pandas__libs_sas.pyx.c.o
2025-04-14T19:25:27.1484342Z   [98/152] Compiling C object pandas/_libs/hashtable.cpython-310-x86_64-linux-gnu.so.p/meson-generated_pandas__libs_hashtable.pyx.c.o
2025-04-14T19:25:30.7633037Z   [99/152] Compiling C object pandas/_libs/testing.cpython-310-x86_64-linux-gnu.so.p/meson-generated_pandas__libs_testing.pyx.c.o
2025-04-14T19:25:33.1611900Z   [100/152] Compiling C object pandas/_libs/parsers.cpython-310-x86_64-linux-gnu.so.p/meson-generated_pandas__libs_parsers.pyx.c.o
2025-04-14T19:25:37.2894385Z   [101/152] Compiling C object pandas/_libs/groupby.cpython-310-x86_64-linux-gnu.so.p/meson-generated_pandas__libs_groupby.pyx.c.o
2025-04-14T19:25:37.4881207Z   [102/152] Compiling C object pandas/_libs/writers.cpython-310-x86_64-linux-gnu.so.p/meson-generated_pandas__libs_writers.pyx.c.o
2025-04-14T19:25:37.6021002Z   [103/152] Generating pandas/__init__.py with a custom command
2025-04-14T19:25:37.6666465Z   [104/152] Linking target pandas/_libs/tslibs/base.cpython-310-x86_64-linux-gnu.so
2025-04-14T19:25:37.7041695Z   [105/152] Generating write_version_file with a custom command
2025-04-14T19:25:37.7358350Z   [106/152] Linking target pandas/_libs/tslibs/ccalendar.cpython-310-x86_64-linux-gnu.so
2025-04-14T19:25:37.7765220Z   [107/152] Linking target pandas/_libs/tslibs/dtypes.cpython-310-x86_64-linux-gnu.so
2025-04-14T19:25:37.8061221Z   [108/152] Linking target pandas/_libs/tslibs/conversion.cpython-310-x86_64-linux-gnu.so
2025-04-14T19:25:37.8479355Z   [109/152] Linking target pandas/_libs/tslibs/nattype.cpython-310-x86_64-linux-gnu.so
2025-04-14T19:25:37.8628253Z   [110/152] Linking target pandas/_libs/tslibs/fields.cpython-310-x86_64-linux-gnu.so
2025-04-14T19:25:37.8861932Z   [111/152] Linking target pandas/_libs/tslibs/np_datetime.cpython-310-x86_64-linux-gnu.so
2025-04-14T19:25:37.9337085Z   [112/152] Linking target pandas/_libs/tslibs/parsing.cpython-310-x86_64-linux-gnu.so
2025-04-14T19:25:38.0020105Z   [113/152] Linking target pandas/_libs/tslibs/period.cpython-310-x86_64-linux-gnu.so
2025-04-14T19:25:38.0339202Z   [114/152] Linking target pandas/_libs/tslibs/offsets.cpython-310-x86_64-linux-gnu.so
2025-04-14T19:25:38.0512384Z   [115/152] Linking target pandas/_libs/tslibs/strptime.cpython-310-x86_64-linux-gnu.so
2025-04-14T19:25:38.1525328Z   [116/152] Linking target pandas/_libs/tslibs/timedeltas.cpython-310-x86_64-linux-gnu.so
2025-04-14T19:25:38.1629697Z   [117/152] Linking target pandas/_libs/tslibs/timestamps.cpython-310-x86_64-linux-gnu.so
2025-04-14T19:25:38.2352461Z   [118/152] Linking target pandas/_libs/tslibs/timezones.cpython-310-x86_64-linux-gnu.so
2025-04-14T19:25:38.2517661Z   [119/152] Linking target pandas/_libs/tslibs/tzconversion.cpython-310-x86_64-linux-gnu.so
2025-04-14T19:25:38.3144068Z   [120/152] Linking target pandas/_libs/tslibs/vectorized.cpython-310-x86_64-linux-gnu.so
2025-04-14T19:25:38.3892701Z   [121/152] Linking target pandas/_libs/arrays.cpython-310-x86_64-linux-gnu.so
2025-04-14T19:25:38.4535588Z   [122/152] Linking target pandas/_libs/algos.cpython-310-x86_64-linux-gnu.so
2025-04-14T19:25:38.5450921Z   [123/152] Linking target pandas/_libs/hashing.cpython-310-x86_64-linux-gnu.so
2025-04-14T19:25:38.5819248Z   [124/152] Compiling C object pandas/_libs/tslib.cpython-310-x86_64-linux-gnu.so.p/meson-generated_pandas__libs_tslib.pyx.c.o
2025-04-14T19:25:38.6286249Z   [125/152] Linking target pandas/_libs/groupby.cpython-310-x86_64-linux-gnu.so
2025-04-14T19:25:38.6846139Z   [126/152] Linking target pandas/_libs/indexing.cpython-310-x86_64-linux-gnu.so
2025-04-14T19:25:38.6961732Z   [127/152] Linking target pandas/_libs/index.cpython-310-x86_64-linux-gnu.so
2025-04-14T19:25:38.8151772Z   [128/152] Linking target pandas/_libs/hashtable.cpython-310-x86_64-linux-gnu.so
2025-04-14T19:25:38.8181339Z   [129/152] Linking target pandas/_libs/internals.cpython-310-x86_64-linux-gnu.so
2025-04-14T19:25:38.8527208Z   [130/152] Linking target pandas/_libs/interval.cpython-310-x86_64-linux-gnu.so
2025-04-14T19:25:38.9097472Z   [131/152] Linking target pandas/_libs/join.cpython-310-x86_64-linux-gnu.so
2025-04-14T19:25:38.9276097Z   [132/152] Linking target pandas/_libs/missing.cpython-310-x86_64-linux-gnu.so
2025-04-14T19:25:38.9508665Z   [133/152] Linking target pandas/_libs/lib.cpython-310-x86_64-linux-gnu.so
2025-04-14T19:25:38.9534378Z   [134/152] Linking target pandas/_libs/pandas_datetime.cpython-310-x86_64-linux-gnu.so
2025-04-14T19:25:38.9894559Z   [135/152] Linking target pandas/_libs/pandas_parser.cpython-310-x86_64-linux-gnu.so
2025-04-14T19:25:38.9933765Z   [136/152] Linking target pandas/_libs/json.cpython-310-x86_64-linux-gnu.so
2025-04-14T19:25:39.0363751Z   [137/152] Linking target pandas/_libs/ops.cpython-310-x86_64-linux-gnu.so
2025-04-14T19:25:39.0481041Z   [138/152] Linking target pandas/_libs/ops_dispatch.cpython-310-x86_64-linux-gnu.so
2025-04-14T19:25:39.0613446Z   [139/152] Linking target pandas/_libs/parsers.cpython-310-x86_64-linux-gnu.so
2025-04-14T19:25:39.0838414Z   [140/152] Linking target pandas/_libs/properties.cpython-310-x86_64-linux-gnu.so
2025-04-14T19:25:39.1155851Z   [141/152] Linking target pandas/_libs/sas.cpython-310-x86_64-linux-gnu.so
2025-04-14T19:25:39.1372672Z   [142/152] Linking target pandas/_libs/reshape.cpython-310-x86_64-linux-gnu.so
2025-04-14T19:25:39.1445002Z   [143/152] Linking target pandas/_libs/byteswap.cpython-310-x86_64-linux-gnu.so
2025-04-14T19:25:39.1794255Z   [144/152] Linking target pandas/_libs/tslib.cpython-310-x86_64-linux-gnu.so
2025-04-14T19:25:39.1929645Z   [145/152] Linking target pandas/_libs/testing.cpython-310-x86_64-linux-gnu.so
2025-04-14T19:25:39.2104253Z   [146/152] Linking target pandas/_libs/writers.cpython-310-x86_64-linux-gnu.so
2025-04-14T19:25:40.8620742Z   [147/152] Compiling C object pandas/_libs/window/indexers.cpython-310-x86_64-linux-gnu.so.p/meson-generated_pandas__libs_window_indexers.pyx.c.o
2025-04-14T19:25:40.8999803Z   [148/152] Linking target pandas/_libs/window/indexers.cpython-310-x86_64-linux-gnu.so
2025-04-14T19:25:44.4813498Z   [149/152] Compiling C++ object pandas/_libs/window/aggregations.cpython-310-x86_64-linux-gnu.so.p/meson-generated_pandas__libs_window_aggregations.pyx.cpp.o
2025-04-14T19:25:44.5546791Z   [150/152] Linking target pandas/_libs/window/aggregations.cpython-310-x86_64-linux-gnu.so
2025-04-14T19:25:50.2901207Z   [151/152] Compiling C object pandas/_libs/sparse.cpython-310-x86_64-linux-gnu.so.p/meson-generated_pandas__libs_sparse.pyx.c.o
2025-04-14T19:25:50.3305003Z   [152/152] Linking target pandas/_libs/sparse.cpython-310-x86_64-linux-gnu.so
2025-04-14T19:25:50.3553765Z   Preparing editable metadata (pyproject.toml): finished with status 'done'
2025-04-14T19:25:50.4164419Z Building wheels for collected packages: pandas
2025-04-14T19:25:50.4171908Z   Building editable for pandas (pyproject.toml): started
2025-04-14T19:25:50.4174144Z   Running command Building editable for pandas (pyproject.toml)
2025-04-14T19:25:50.5094485Z   Building editable for pandas (pyproject.toml): finished with status 'done'
2025-04-14T19:25:50.5101148Z   Created wheel for pandas: filename=pandas-3.0.0.dev0+2069.g2384814c7c-cp310-cp310-linux_x86_64.whl size=33837 sha256=a08e8c8db67ddbd8d98e01b713e380017bb11468a53db8cfa3844dc284bdc6bc
2025-04-14T19:25:50.5103238Z   Stored in directory: /tmp/pip-ephem-wheel-cache-ujm514v5/wheels/c8/f0/b0/4ce0d521a52df87fd89483e25a96ed38210d4a10de764be814
2025-04-14T19:25:50.5126783Z Successfully built pandas
2025-04-14T19:25:50.5129276Z Installing collected packages: pandas
2025-04-14T19:25:50.5553152Z Successfully installed pandas-3.0.0.dev0+2069.g2384814c7c
