2025-04-14T13:48:10.5747836Z Prepare all required actions
2025-04-14T13:48:10.5748342Z Getting action download info
2025-04-14T13:48:10.7009184Z ##[group]Download immutable action package 'actions/github-script@v6'
2025-04-14T13:48:10.7009604Z Version: 6.4.1
2025-04-14T13:48:10.7009965Z Digest: sha256:c493e77940bce2b1f3c9cb8e34f9a4c963412fab10227de97afd5905dec76e82
2025-04-14T13:48:10.7010472Z Source commit SHA: d7906e4ad0b1822421a7e6a35d5ca353c962f410
2025-04-14T13:48:10.7010795Z ##[endgroup]
2025-04-14T13:48:10.9562540Z ##[group]Run ./.github/actions/restore-cache
2025-04-14T13:48:10.9562816Z env:
2025-04-14T13:48:10.9562985Z   FORCE_COLOR: 1
2025-04-14T13:48:10.9563216Z   HEAD_COMMIT: 163f847c4c660f84a639e752dd94fd03895ddbdb
2025-04-14T13:48:10.9564024Z   CACHED_DEPENDENCY_PATHS: /home/runner/work/Ghost/Ghost/node_modules
/home/runner/work/Ghost/Ghost/apps/*/node_modules
/home/runner/work/Ghost/Ghost/ghost/*/node_modules
~/.cache/ms-playwright/

2025-04-14T13:48:10.9564852Z   CACHED_BUILD_PATHS: /home/runner/work/Ghost/Ghost/ghost/*/build

2025-04-14T13:48:10.9565227Z   NX_REJECT_UNKNOWN_LOCAL_CACHE: 0
2025-04-14T13:48:10.9565473Z   NODE_VERSION: 20.11.1
2025-04-14T13:48:10.9566038Z   DEPENDENCY_CACHE_KEY: dep-cache-51efb1595ff07be908a303407bda16e5c7dd8253e0d356511f7022b9f5f5d5a8-163f847c4c660f84a639e752dd94fd03895ddbdb
2025-04-14T13:48:10.9566636Z ##[endgroup]
2025-04-14T13:48:10.9653532Z ##[group]Run actions/cache/restore@v4
2025-04-14T13:48:10.9653782Z with:
2025-04-14T13:48:10.9654437Z   path: /home/runner/work/Ghost/Ghost/node_modules
/home/runner/work/Ghost/Ghost/apps/*/node_modules
/home/runner/work/Ghost/Ghost/ghost/*/node_modules
~/.cache/ms-playwright/

2025-04-14T13:48:10.9655463Z   key: dep-cache-51efb1595ff07be908a303407bda16e5c7dd8253e0d356511f7022b9f5f5d5a8-163f847c4c660f84a639e752dd94fd03895ddbdb
2025-04-14T13:48:10.9656024Z   enableCrossOsArchive: false
2025-04-14T13:48:10.9656257Z   fail-on-cache-miss: false
2025-04-14T13:48:10.9656475Z   lookup-only: false
2025-04-14T13:48:10.9656667Z env:
2025-04-14T13:48:10.9656829Z   FORCE_COLOR: 1
2025-04-14T13:48:10.9657061Z   HEAD_COMMIT: 163f847c4c660f84a639e752dd94fd03895ddbdb
2025-04-14T13:48:10.9658025Z   CACHED_DEPENDENCY_PATHS: /home/runner/work/Ghost/Ghost/node_modules
/home/runner/work/Ghost/Ghost/apps/*/node_modules
/home/runner/work/Ghost/Ghost/ghost/*/node_modules
~/.cache/ms-playwright/

2025-04-14T13:48:10.9658868Z   CACHED_BUILD_PATHS: /home/runner/work/Ghost/Ghost/ghost/*/build

2025-04-14T13:48:10.9659189Z   NX_REJECT_UNKNOWN_LOCAL_CACHE: 0
2025-04-14T13:48:10.9659424Z   NODE_VERSION: 20.11.1
2025-04-14T13:48:10.9659988Z   DEPENDENCY_CACHE_KEY: dep-cache-51efb1595ff07be908a303407bda16e5c7dd8253e0d356511f7022b9f5f5d5a8-163f847c4c660f84a639e752dd94fd03895ddbdb
2025-04-14T13:48:10.9660579Z ##[endgroup]
2025-04-14T13:48:11.1794751Z Cache hit for: dep-cache-51efb1595ff07be908a303407bda16e5c7dd8253e0d356511f7022b9f5f5d5a8-163f847c4c660f84a639e752dd94fd03895ddbdb
2025-04-14T13:48:12.2139099Z Received 201326592 of 246375812 (81.7%), 191.4 MBs/sec
2025-04-14T13:48:12.4107645Z Received 246375812 of 246375812 (100.0%), 195.8 MBs/sec
2025-04-14T13:48:12.4111491Z Cache Size: ~235 MB (246375812 B)
2025-04-14T13:48:12.4171321Z [command]/usr/bin/tar -xf /home/runner/work/_temp/f8e4676c-c2f1-46c3-bf89-159173dd1d1f/cache.tzst -P -C /home/runner/work/Ghost/Ghost --use-compress-program unzstd
2025-04-14T13:48:19.6395725Z Cache restored successfully
2025-04-14T13:48:20.0835833Z Cache restored from key: dep-cache-51efb1595ff07be908a303407bda16e5c7dd8253e0d356511f7022b9f5f5d5a8-163f847c4c660f84a639e752dd94fd03895ddbdb
2025-04-14T13:48:20.0984683Z ##[group]Run actions/cache/restore@v4
2025-04-14T13:48:20.0984953Z with:
2025-04-14T13:48:20.0985184Z   path: /home/runner/work/Ghost/Ghost/ghost/*/build

2025-04-14T13:48:20.0985504Z   key: 163f847c4c660f84a639e752dd94fd03895ddbdb
2025-04-14T13:48:20.0985788Z   enableCrossOsArchive: false
2025-04-14T13:48:20.0986028Z   fail-on-cache-miss: false
2025-04-14T13:48:20.0986252Z   lookup-only: false
2025-04-14T13:48:20.0986444Z env:
2025-04-14T13:48:20.0986875Z   FORCE_COLOR: 1
2025-04-14T13:48:20.0987110Z   HEAD_COMMIT: 163f847c4c660f84a639e752dd94fd03895ddbdb
2025-04-14T13:48:20.0988150Z   CACHED_DEPENDENCY_PATHS: /home/runner/work/Ghost/Ghost/node_modules
/home/runner/work/Ghost/Ghost/apps/*/node_modules
/home/runner/work/Ghost/Ghost/ghost/*/node_modules
~/.cache/ms-playwright/

2025-04-14T13:48:20.0988990Z   CACHED_BUILD_PATHS: /home/runner/work/Ghost/Ghost/ghost/*/build

2025-04-14T13:48:20.0989325Z   NX_REJECT_UNKNOWN_LOCAL_CACHE: 0
2025-04-14T13:48:20.0989736Z   NODE_VERSION: 20.11.1
2025-04-14T13:48:20.0990309Z   DEPENDENCY_CACHE_KEY: dep-cache-51efb1595ff07be908a303407bda16e5c7dd8253e0d356511f7022b9f5f5d5a8-163f847c4c660f84a639e752dd94fd03895ddbdb
2025-04-14T13:48:20.0990911Z ##[endgroup]
2025-04-14T13:48:20.3154187Z Cache hit for: 163f847c4c660f84a639e752dd94fd03895ddbdb
2025-04-14T13:48:20.3575822Z Received 59779 of 59779 (100.0%), 5.7 MBs/sec
2025-04-14T13:48:20.3576945Z Cache Size: ~0 MB (59779 B)
2025-04-14T13:48:20.3606216Z [command]/usr/bin/tar -xf /home/runner/work/_temp/0236cbab-8282-49cd-8401-61ae24f56c42/cache.tzst -P -C /home/runner/work/Ghost/Ghost --use-compress-program unzstd
2025-04-14T13:48:20.3684333Z Cache restored successfully
2025-04-14T13:48:20.3765497Z Cache restored from key: 163f847c4c660f84a639e752dd94fd03895ddbdb
