2025-02-09T11:33:19.5057921Z Requested labels: ubuntu-latest
2025-02-09T11:33:19.5058528Z Job defined at: binary-husky/gpt_academic/.github/workflows/build-with-latex-arm.yml@refs/heads/master
2025-02-09T11:33:19.5058689Z Waiting for a runner to pick up this job...
2025-02-09T11:33:20.0054254Z Job is waiting for a hosted runner to come online.
2025-02-09T11:33:22.8810342Z Job is about to start running on the hosted runner: GitHub Actions 3 (hosted)
2025-02-09T11:33:24.5765148Z Current runner version: '2.322.0'
2025-02-09T11:33:24.5790122Z ##[group]Operating System
2025-02-09T11:33:24.5791154Z Ubuntu
2025-02-09T11:33:24.5791653Z 24.04.1
2025-02-09T11:33:24.5792243Z LTS
2025-02-09T11:33:24.5792684Z ##[endgroup]
2025-02-09T11:33:24.5793201Z ##[group]Runner Image
2025-02-09T11:33:24.5793864Z Image: ubuntu-24.04
2025-02-09T11:33:24.5794384Z Version: 20250202.1.0
2025-02-09T11:33:24.5795443Z Included Software: https://github.com/actions/runner-images/blob/ubuntu24/20250202.1/images/ubuntu/Ubuntu2404-Readme.md
2025-02-09T11:33:24.5796814Z Image Release: https://github.com/actions/runner-images/releases/tag/ubuntu24%2F20250202.1
2025-02-09T11:33:24.5797684Z ##[endgroup]
2025-02-09T11:33:24.5798260Z ##[group]Runner Image Provisioner
2025-02-09T11:33:24.5798877Z 2.0.422.1
2025-02-09T11:33:24.5799380Z ##[endgroup]
2025-02-09T11:33:24.5800641Z ##[group]GITHUB_TOKEN Permissions
2025-02-09T11:33:24.5802425Z Contents: read
2025-02-09T11:33:24.5803053Z Metadata: read
2025-02-09T11:33:24.5803785Z Packages: write
2025-02-09T11:33:24.5804422Z ##[endgroup]
2025-02-09T11:33:24.5807156Z Secret source: Actions
2025-02-09T11:33:24.5807935Z Prepare workflow directory
2025-02-09T11:33:24.6305821Z Prepare all required actions
2025-02-09T11:33:24.6341009Z Getting action download info
2025-02-09T11:33:24.7969802Z Download action repository 'docker/setup-qemu-action@v3' (SHA:4574d27a4764455b42196d70a065bc6853246a25)
2025-02-09T11:33:25.1612693Z Download action repository 'docker/setup-buildx-action@v3' (SHA:f7ce87c1d6bead3e36075b2ce75da1f6cc28aaca)
2025-02-09T11:33:25.4303181Z Download action repository 'actions/checkout@v4' (SHA:11bd71901bbe5b1630ceea73d27597364c9af683)
2025-02-09T11:33:25.4653481Z Download action repository 'docker/login-action@v3' (SHA:9780b0c442fbb1117ed29e0efdff1e18412f7567)
2025-02-09T11:33:25.7581957Z Download action repository 'docker/metadata-action@v4' (SHA:818d4b7b91585d195f67373fd9cb0332e31a7175)
2025-02-09T11:33:25.9595575Z Download action repository 'docker/build-push-action@v6' (SHA:ca877d9245402d1537745e0e356eab47c3520991)
2025-02-09T11:33:26.3106203Z Complete job name: build-and-push-image
2025-02-09T11:33:26.3708156Z ##[group]Run docker/setup-qemu-action@v3
2025-02-09T11:33:26.3709058Z with:
2025-02-09T11:33:26.3709586Z   image: docker.io/tonistiigi/binfmt:latest
2025-02-09T11:33:26.3710176Z   platforms: all
2025-02-09T11:33:26.3710815Z   cache-image: true
2025-02-09T11:33:26.3711488Z env:
2025-02-09T11:33:26.3711937Z   REGISTRY: ghcr.io
2025-02-09T11:33:26.3712518Z   IMAGE_NAME: binary-husky/gpt_academic_with_latex_arm
2025-02-09T11:33:26.3713121Z ##[endgroup]
2025-02-09T11:33:26.7593773Z ##[group]Docker info
2025-02-09T11:33:26.7611216Z [command]/usr/bin/docker version
2025-02-09T11:33:26.8610234Z Client: Docker Engine - Community
2025-02-09T11:33:26.8613762Z  Version:           26.1.3
2025-02-09T11:33:26.8614709Z  API version:       1.45
2025-02-09T11:33:26.8615250Z  Go version:        go1.21.10
2025-02-09T11:33:26.8615791Z  Git commit:        b72abbb
2025-02-09T11:33:26.8616335Z  Built:             Thu May 16 08:33:35 2024
2025-02-09T11:33:26.8616932Z  OS/Arch:           linux/amd64
2025-02-09T11:33:26.8617503Z  Context:           default
2025-02-09T11:33:26.8617804Z 
2025-02-09T11:33:26.8618047Z Server: Docker Engine - Community
2025-02-09T11:33:26.8618581Z  Engine:
2025-02-09T11:33:26.8619021Z   Version:          26.1.3
2025-02-09T11:33:26.8619624Z   API version:      1.45 (minimum version 1.24)
2025-02-09T11:33:26.8620684Z   Go version:       go1.21.10
2025-02-09T11:33:26.8621283Z   Git commit:       8e96db1
2025-02-09T11:33:26.8621817Z   Built:            Thu May 16 08:33:35 2024
2025-02-09T11:33:26.8622367Z   OS/Arch:          linux/amd64
2025-02-09T11:33:26.8622894Z   Experimental:     false
2025-02-09T11:33:26.8623384Z  containerd:
2025-02-09T11:33:26.8623829Z   Version:          1.7.25
2025-02-09T11:33:26.8624397Z   GitCommit:        bcc810d6b9066471b0b6fa75f557a15a1cbf31bb
2025-02-09T11:33:26.8624958Z  runc:
2025-02-09T11:33:26.8625380Z   Version:          1.2.4
2025-02-09T11:33:26.8626175Z   GitCommit:        v1.2.4-0-g6c52b3f
2025-02-09T11:33:26.8626699Z  docker-init:
2025-02-09T11:33:26.8627162Z   Version:          0.19.0
2025-02-09T11:33:26.8627668Z   GitCommit:        de40ad0
2025-02-09T11:33:26.8669112Z [command]/usr/bin/docker info
2025-02-09T11:33:27.0658464Z Client: Docker Engine - Community
2025-02-09T11:33:27.0659474Z  Version:    26.1.3
2025-02-09T11:33:27.0660277Z  Context:    default
2025-02-09T11:33:27.0661249Z  Debug Mode: false
2025-02-09T11:33:27.0661723Z  Plugins:
2025-02-09T11:33:27.0662203Z   buildx: Docker Buildx (Docker Inc.)
2025-02-09T11:33:27.0662764Z     Version:  v0.20.1
2025-02-09T11:33:27.0663396Z     Path:     /usr/libexec/docker/cli-plugins/docker-buildx
2025-02-09T11:33:27.0664046Z   compose: Docker Compose (Docker Inc.)
2025-02-09T11:33:27.0664584Z     Version:  v2.27.1
2025-02-09T11:33:27.0665163Z     Path:     /usr/libexec/docker/cli-plugins/docker-compose
2025-02-09T11:33:27.0665572Z 
2025-02-09T11:33:27.0665771Z Server:
2025-02-09T11:33:27.0666253Z  Containers: 0
2025-02-09T11:33:27.0666758Z   Running: 0
2025-02-09T11:33:27.0667259Z   Paused: 0
2025-02-09T11:33:27.0667760Z   Stopped: 0
2025-02-09T11:33:27.0668191Z  Images: 0
2025-02-09T11:33:27.0668619Z  Server Version: 26.1.3
2025-02-09T11:33:27.0669099Z  Storage Driver: overlay2
2025-02-09T11:33:27.0669600Z   Backing Filesystem: extfs
2025-02-09T11:33:27.0670096Z   Supports d_type: true
2025-02-09T11:33:27.0670927Z   Using metacopy: false
2025-02-09T11:33:27.0671733Z   Native Overlay Diff: false
2025-02-09T11:33:27.0672270Z   userxattr: false
2025-02-09T11:33:27.0672748Z  Logging Driver: json-file
2025-02-09T11:33:27.0673259Z  Cgroup Driver: systemd
2025-02-09T11:33:27.0673728Z  Cgroup Version: 2
2025-02-09T11:33:27.0674173Z  Plugins:
2025-02-09T11:33:27.0674631Z   Volume: local
2025-02-09T11:33:27.0675165Z   Network: bridge host ipvlan macvlan null overlay
2025-02-09T11:33:27.0675910Z   Log: awslogs fluentd gcplogs gelf journald json-file local splunk syslog
2025-02-09T11:33:27.0676777Z  Swarm: inactive
2025-02-09T11:33:27.0677669Z  Runtimes: io.containerd.runc.v2 runc
2025-02-09T11:33:27.0678683Z  Default Runtime: runc
2025-02-09T11:33:27.0679246Z  Init Binary: docker-init
2025-02-09T11:33:27.0679847Z  containerd version: bcc810d6b9066471b0b6fa75f557a15a1cbf31bb
2025-02-09T11:33:27.0680799Z  runc version: v1.2.4-0-g6c52b3f
2025-02-09T11:33:27.0681367Z  init version: de40ad0
2025-02-09T11:33:27.0681847Z  Security Options:
2025-02-09T11:33:27.0682294Z   apparmor
2025-02-09T11:33:27.0682724Z   seccomp
2025-02-09T11:33:27.0683136Z    Profile: builtin
2025-02-09T11:33:27.0683578Z   cgroupns
2025-02-09T11:33:27.0684027Z  Kernel Version: 6.8.0-1020-azure
2025-02-09T11:33:27.0684555Z  Operating System: Ubuntu 24.04.1 LTS
2025-02-09T11:33:27.0685064Z  OSType: linux
2025-02-09T11:33:27.0685498Z  Architecture: x86_64
2025-02-09T11:33:27.0685951Z  CPUs: 4
2025-02-09T11:33:27.0686379Z  Total Memory: 15.62GiB
2025-02-09T11:33:27.0686846Z  Name: fv-az1075-817
2025-02-09T11:33:27.0687328Z  ID: 5da1e875-f4d9-42c6-906c-34f1b814e6b3
2025-02-09T11:33:27.0687892Z  Docker Root Dir: /var/lib/docker
2025-02-09T11:33:27.0688399Z  Debug Mode: false
2025-02-09T11:33:27.0688856Z  Username: githubactions
2025-02-09T11:33:27.0689327Z  Experimental: false
2025-02-09T11:33:27.0689803Z  Insecure Registries:
2025-02-09T11:33:27.0690784Z   127.0.0.0/8
2025-02-09T11:33:27.0691527Z  Live Restore Enabled: false
2025-02-09T11:33:27.0692027Z 
2025-02-09T11:33:27.0693157Z ##[endgroup]
2025-02-09T11:33:27.0694427Z ##[group]Pulling binfmt Docker image
2025-02-09T11:33:27.4926836Z Cache Size: ~23 MB (23958968 B)
2025-02-09T11:33:27.4951070Z [command]/usr/bin/tar -xf /home/runner/work/_temp/8375f825-917f-4d71-8050-0f83920ba5ec/cache.tzst -P -C /home/runner/work/gpt_academic/gpt_academic --use-compress-program unzstd
2025-02-09T11:33:27.6016020Z Cache restored successfully
2025-02-09T11:33:27.6069113Z Restored docker.io--tonistiigi--binfmt-latest-linux-x64 from GitHub Actions cache
2025-02-09T11:33:27.6748372Z Cached to hosted tool cache /opt/hostedtoolcache/docker.io--tonistiigi--binfmt/latest/linux-x64
2025-02-09T11:33:27.7566318Z Image found from cache in /home/runner/.docker/.cache/images/docker.io--tonistiigi--binfmt/latest/linux-x64/image.tar
2025-02-09T11:33:27.7591667Z [command]/usr/bin/docker load -i /home/runner/.docker/.cache/images/docker.io--tonistiigi--binfmt/latest/linux-x64/image.tar
2025-02-09T11:33:28.2402204Z Received 23958968 of 23958968 (100.0%), 22.8 MBs/sec
2025-02-09T11:33:28.2511290Z Loaded image: tonistiigi/binfmt:latest
2025-02-09T11:33:28.2657215Z [command]/usr/bin/docker pull docker.io/tonistiigi/binfmt:latest
2025-02-09T11:33:28.5991701Z latest: Pulling from tonistiigi/binfmt
2025-02-09T11:33:28.6688217Z Digest: sha256:66e11bea77a5ea9d6f0fe79b57cd2b189b5d15b93a2bdb925be22949232e4e55
2025-02-09T11:33:28.6696427Z Status: Image is up to date for tonistiigi/binfmt:latest
2025-02-09T11:33:28.6704498Z docker.io/tonistiigi/binfmt:latest
2025-02-09T11:33:28.6738735Z [command]/usr/bin/docker save -o /home/runner/work/_temp/docker-actions-toolkit-I7AbND/749e64100d3fa0c09bdbc8a02e4fb9cb3ee64266f7f661c98371040689abacb3.tar docker.io/tonistiigi/binfmt:latest
2025-02-09T11:33:29.1411388Z Image cached to /home/runner/.docker/.cache/images/docker.io--tonistiigi--binfmt/latest/linux-x64/image.tar
2025-02-09T11:33:29.1412743Z ##[endgroup]
2025-02-09T11:33:29.1413482Z ##[group]Image info
2025-02-09T11:33:29.1426448Z [command]/usr/bin/docker image inspect docker.io/tonistiigi/binfmt:latest
2025-02-09T11:33:29.1552235Z [
2025-02-09T11:33:29.1552900Z     {
2025-02-09T11:33:29.1553499Z         "Id": "sha256:354472a378935adfe74a19600b89bd9ada7bb058306fff23b3d6613405852faf",
2025-02-09T11:33:29.1554187Z         "RepoTags": [
2025-02-09T11:33:29.1554564Z             "tonistiigi/binfmt:latest"
2025-02-09T11:33:29.1554984Z         ],
2025-02-09T11:33:29.1555323Z         "RepoDigests": [
2025-02-09T11:33:29.1556068Z             "tonistiigi/binfmt@sha256:66e11bea77a5ea9d6f0fe79b57cd2b189b5d15b93a2bdb925be22949232e4e55"
2025-02-09T11:33:29.1556832Z         ],
2025-02-09T11:33:29.1557156Z         "Parent": "",
2025-02-09T11:33:29.1557966Z         "Comment": "buildkit.dockerfile.v0",
2025-02-09T11:33:29.1558464Z         "Created": "2022-08-02T19:13:20.178433831Z",
2025-02-09T11:33:29.1558921Z         "DockerVersion": "",
2025-02-09T11:33:29.1559305Z         "Author": "",
2025-02-09T11:33:29.1559640Z         "Config": {
2025-02-09T11:33:29.1559961Z             "Hostname": "",
2025-02-09T11:33:29.1560491Z             "Domainname": "",
2025-02-09T11:33:29.1560884Z             "User": "",
2025-02-09T11:33:29.1561254Z             "AttachStdin": false,
2025-02-09T11:33:29.1561669Z             "AttachStdout": false,
2025-02-09T11:33:29.1562118Z             "AttachStderr": false,
2025-02-09T11:33:29.1562566Z             "Tty": false,
2025-02-09T11:33:29.1562934Z             "OpenStdin": false,
2025-02-09T11:33:29.1563311Z             "StdinOnce": false,
2025-02-09T11:33:29.1563675Z             "Env": [
2025-02-09T11:33:29.1564175Z                 "PATH=/usr/local/sbin:/usr/local/bin:/usr/sbin:/usr/bin:/sbin:/bin",
2025-02-09T11:33:29.1564787Z                 "QEMU_PRESERVE_ARGV0=1"
2025-02-09T11:33:29.1565220Z             ],
2025-02-09T11:33:29.1565553Z             "Cmd": null,
2025-02-09T11:33:29.1565948Z             "Image": "",
2025-02-09T11:33:29.1566319Z             "Volumes": {
2025-02-09T11:33:29.1566694Z                 "/tmp": {}
2025-02-09T11:33:29.1567268Z             },
2025-02-09T11:33:29.1567644Z             "WorkingDir": "/",
2025-02-09T11:33:29.1568063Z             "Entrypoint": [
2025-02-09T11:33:29.1568458Z                 "/usr/bin/binfmt"
2025-02-09T11:33:29.1568869Z             ],
2025-02-09T11:33:29.1569197Z             "OnBuild": null,
2025-02-09T11:33:29.1569585Z             "Labels": {
2025-02-09T11:33:29.1570145Z                 "org.opencontainers.image.created": "2022-08-02T18:32:39.936Z",
2025-02-09T11:33:29.1571752Z                 "org.opencontainers.image.description": "Cross-platform emulator collection distributed with Docker images",
2025-02-09T11:33:29.1572991Z                 "org.opencontainers.image.licenses": "MIT",
2025-02-09T11:33:29.1573762Z                 "org.opencontainers.image.revision": "a161c41c7aeaf3ef1c5b97f91aa02a12cca73432",
2025-02-09T11:33:29.1574718Z                 "org.opencontainers.image.source": "https://github.com/tonistiigi/binfmt",
2025-02-09T11:33:29.1575527Z                 "org.opencontainers.image.title": "Binfmt",
2025-02-09T11:33:29.1576275Z                 "org.opencontainers.image.url": "https://github.com/tonistiigi/binfmt",
2025-02-09T11:33:29.1577125Z                 "org.opencontainers.image.version": "qemu-v7.0.0-28"
2025-02-09T11:33:29.1577723Z             }
2025-02-09T11:33:29.1578070Z         },
2025-02-09T11:33:29.1578437Z         "Architecture": "amd64",
2025-02-09T11:33:29.1578876Z         "Os": "linux",
2025-02-09T11:33:29.1579273Z         "Size": 60182964,
2025-02-09T11:33:29.1579682Z         "GraphDriver": {
2025-02-09T11:33:29.1580086Z             "Data": {
2025-02-09T11:33:29.1581185Z                 "LowerDir": "/var/lib/docker/overlay2/12ebbb5ed7033b5b99e6150abdaf368ea80d165250429f029cb1155bfe1e955f/diff",
2025-02-09T11:33:29.1582684Z                 "MergedDir": "/var/lib/docker/overlay2/712880618fba8eacc83f3062296a4a21c4341104fb8c7f75007122a5b279c3d4/merged",
2025-02-09T11:33:29.1584132Z                 "UpperDir": "/var/lib/docker/overlay2/712880618fba8eacc83f3062296a4a21c4341104fb8c7f75007122a5b279c3d4/diff",
2025-02-09T11:33:29.1585738Z                 "WorkDir": "/var/lib/docker/overlay2/712880618fba8eacc83f3062296a4a21c4341104fb8c7f75007122a5b279c3d4/work"
2025-02-09T11:33:29.1586677Z             },
2025-02-09T11:33:29.1587067Z             "Name": "overlay2"
2025-02-09T11:33:29.1587485Z         },
2025-02-09T11:33:29.1587845Z         "RootFS": {
2025-02-09T11:33:29.1588308Z             "Type": "layers",
2025-02-09T11:33:29.1588737Z             "Layers": [
2025-02-09T11:33:29.1589358Z                 "sha256:4c67e4044f8c0fe3e3efaf76f2a3d5d3d866f8ef2e8a9da756949d90e576baa0",
2025-02-09T11:33:29.1590296Z                 "sha256:949acf1cb73a60306e050836deb85a26fe23e226f6bcc499872b057efbf22dd1"
2025-02-09T11:33:29.1591491Z             ]
2025-02-09T11:33:29.1591828Z         },
2025-02-09T11:33:29.1592146Z         "Metadata": {
2025-02-09T11:33:29.1592539Z             "LastTagTime": "0001-01-01T00:00:00Z"
2025-02-09T11:33:29.1592979Z         }
2025-02-09T11:33:29.1593272Z     }
2025-02-09T11:33:29.1593556Z ]
2025-02-09T11:33:29.1594178Z ##[endgroup]
2025-02-09T11:33:29.1594755Z ##[group]Installing QEMU static binaries
2025-02-09T11:33:29.1595767Z [command]/usr/bin/docker run --rm --privileged docker.io/tonistiigi/binfmt:latest --install all
2025-02-09T11:33:29.5166877Z installing: s390x OK
2025-02-09T11:33:29.5167302Z installing: mips64 OK
2025-02-09T11:33:29.5167649Z installing: arm64 OK
2025-02-09T11:33:29.5167990Z installing: arm OK
2025-02-09T11:33:29.5168337Z installing: mips64le OK
2025-02-09T11:33:29.5168767Z installing: ppc64le OK
2025-02-09T11:33:29.5169148Z installing: riscv64 OK
2025-02-09T11:33:29.5426411Z {
2025-02-09T11:33:29.5426752Z   "supported": [
2025-02-09T11:33:29.5427125Z     "linux/amd64",
2025-02-09T11:33:29.5427731Z     "linux/arm64",
2025-02-09T11:33:29.5427987Z     "linux/riscv64",
2025-02-09T11:33:29.5428487Z     "linux/ppc64le",
2025-02-09T11:33:29.5428711Z     "linux/s390x",
2025-02-09T11:33:29.5428917Z     "linux/386",
2025-02-09T11:33:29.5429116Z     "linux/mips64le",
2025-02-09T11:33:29.5429323Z     "linux/mips64",
2025-02-09T11:33:29.5429519Z     "linux/arm/v7",
2025-02-09T11:33:29.5429825Z     "linux/arm/v6"
2025-02-09T11:33:29.5430148Z   ],
2025-02-09T11:33:29.5430920Z   "emulators": [
2025-02-09T11:33:29.5431550Z     "llvm-16-runtime.binfmt",
2025-02-09T11:33:29.5431964Z     "llvm-17-runtime.binfmt",
2025-02-09T11:33:29.5432356Z     "llvm-18-runtime.binfmt",
2025-02-09T11:33:29.5432728Z     "python3.12",
2025-02-09T11:33:29.5433050Z     "qemu-aarch64",
2025-02-09T11:33:29.5433360Z     "qemu-arm",
2025-02-09T11:33:29.5433657Z     "qemu-mips64",
2025-02-09T11:33:29.5434306Z     "qemu-mips64el",
2025-02-09T11:33:29.5434651Z     "qemu-ppc64le",
2025-02-09T11:33:29.5434977Z     "qemu-riscv64",
2025-02-09T11:33:29.5435289Z     "qemu-s390x"
2025-02-09T11:33:29.5435603Z   ]
2025-02-09T11:33:29.5435878Z }
2025-02-09T11:33:29.6198766Z ##[endgroup]
2025-02-09T11:33:29.6199249Z ##[group]Extracting available platforms
2025-02-09T11:33:29.9155090Z linux/amd64,linux/arm64,linux/riscv64,linux/ppc64le,linux/s390x,linux/386,linux/mips64le,linux/mips64,linux/arm/v7,linux/arm/v6
2025-02-09T11:33:29.9156712Z ##[endgroup]
2025-02-09T11:33:29.9376882Z ##[group]Run docker/setup-buildx-action@v3
2025-02-09T11:33:29.9377176Z with:
2025-02-09T11:33:29.9377369Z   driver: docker-container
2025-02-09T11:33:29.9377586Z   install: false
2025-02-09T11:33:29.9377773Z   use: true
2025-02-09T11:33:29.9377952Z   cache-binary: true
2025-02-09T11:33:29.9378146Z   cleanup: true
2025-02-09T11:33:29.9378338Z env:
2025-02-09T11:33:29.9378504Z   REGISTRY: ghcr.io
2025-02-09T11:33:29.9378749Z   IMAGE_NAME: binary-husky/gpt_academic_with_latex_arm
2025-02-09T11:33:29.9379052Z ##[endgroup]
2025-02-09T11:33:30.1795587Z ##[group]Docker info
2025-02-09T11:33:30.1841652Z [command]/usr/bin/docker version
2025-02-09T11:33:30.2040884Z Client: Docker Engine - Community
2025-02-09T11:33:30.2041409Z  Version:           26.1.3
2025-02-09T11:33:30.2041791Z  API version:       1.45
2025-02-09T11:33:30.2042151Z  Go version:        go1.21.10
2025-02-09T11:33:30.2042518Z  Git commit:        b72abbb
2025-02-09T11:33:30.2042976Z  Built:             Thu May 16 08:33:35 2024
2025-02-09T11:33:30.2043407Z  OS/Arch:           linux/amd64
2025-02-09T11:33:30.2043768Z  Context:           default
2025-02-09T11:33:30.2043989Z 
2025-02-09T11:33:30.2044141Z Server: Docker Engine - Community
2025-02-09T11:33:30.2044538Z  Engine:
2025-02-09T11:33:30.2044760Z   Version:          26.1.3
2025-02-09T11:33:30.2045014Z   API version:      1.45 (minimum version 1.24)
2025-02-09T11:33:30.2045302Z   Go version:       go1.21.10
2025-02-09T11:33:30.2045539Z   Git commit:       8e96db1
2025-02-09T11:33:30.2045778Z   Built:            Thu May 16 08:33:35 2024
2025-02-09T11:33:30.2046050Z   OS/Arch:          linux/amd64
2025-02-09T11:33:30.2046280Z   Experimental:     false
2025-02-09T11:33:30.2046508Z  containerd:
2025-02-09T11:33:30.2046696Z   Version:          1.7.25
2025-02-09T11:33:30.2046963Z   GitCommit:        bcc810d6b9066471b0b6fa75f557a15a1cbf31bb
2025-02-09T11:33:30.2047266Z  runc:
2025-02-09T11:33:30.2047446Z   Version:          1.2.4
2025-02-09T11:33:30.2047678Z   GitCommit:        v1.2.4-0-g6c52b3f
2025-02-09T11:33:30.2047925Z  docker-init:
2025-02-09T11:33:30.2048120Z   Version:          0.19.0
2025-02-09T11:33:30.2048335Z   GitCommit:        de40ad0
2025-02-09T11:33:30.2111986Z [command]/usr/bin/docker info
2025-02-09T11:33:30.2501366Z Client: Docker Engine - Community
2025-02-09T11:33:30.2501817Z  Version:    26.1.3
2025-02-09T11:33:30.2502162Z  Context:    default
2025-02-09T11:33:30.2502491Z  Debug Mode: false
2025-02-09T11:33:30.2502809Z  Plugins:
2025-02-09T11:33:30.2503150Z   buildx: Docker Buildx (Docker Inc.)
2025-02-09T11:33:30.2503564Z     Version:  v0.20.1
2025-02-09T11:33:30.2503986Z     Path:     /usr/libexec/docker/cli-plugins/docker-buildx
2025-02-09T11:33:30.2504516Z   compose: Docker Compose (Docker Inc.)
2025-02-09T11:33:30.2504935Z     Version:  v2.27.1
2025-02-09T11:33:30.2505363Z     Path:     /usr/libexec/docker/cli-plugins/docker-compose
2025-02-09T11:33:30.2505731Z 
2025-02-09T11:33:30.2505851Z Server:
2025-02-09T11:33:30.2506132Z  Containers: 0
2025-02-09T11:33:30.2506450Z   Running: 0
2025-02-09T11:33:30.2506735Z   Paused: 0
2025-02-09T11:33:30.2507020Z   Stopped: 0
2025-02-09T11:33:30.2507307Z  Images: 1
2025-02-09T11:33:30.2507585Z  Server Version: 26.1.3
2025-02-09T11:33:30.2507919Z  Storage Driver: overlay2
2025-02-09T11:33:30.2508279Z   Backing Filesystem: extfs
2025-02-09T11:33:30.2508648Z   Supports d_type: true
2025-02-09T11:33:30.2509007Z   Using metacopy: false
2025-02-09T11:33:30.2509360Z   Native Overlay Diff: false
2025-02-09T11:33:30.2510022Z   userxattr: false
2025-02-09T11:33:30.2510508Z  Logging Driver: json-file
2025-02-09T11:33:30.2510858Z  Cgroup Driver: systemd
2025-02-09T11:33:30.2511204Z  Cgroup Version: 2
2025-02-09T11:33:30.2511514Z  Plugins:
2025-02-09T11:33:30.2511791Z   Volume: local
2025-02-09T11:33:30.2512190Z   Network: bridge host ipvlan macvlan null overlay
2025-02-09T11:33:30.2512840Z   Log: awslogs fluentd gcplogs gelf journald json-file local splunk syslog
2025-02-09T11:33:30.2513413Z  Swarm: inactive
2025-02-09T11:33:30.2513988Z  Runtimes: runc io.containerd.runc.v2
2025-02-09T11:33:30.2514418Z  Default Runtime: runc
2025-02-09T11:33:30.2514767Z  Init Binary: docker-init
2025-02-09T11:33:30.2515243Z  containerd version: bcc810d6b9066471b0b6fa75f557a15a1cbf31bb
2025-02-09T11:33:30.2515778Z  runc version: v1.2.4-0-g6c52b3f
2025-02-09T11:33:30.2516154Z  init version: de40ad0
2025-02-09T11:33:30.2516497Z  Security Options:
2025-02-09T11:33:30.2516834Z   apparmor
2025-02-09T11:33:30.2517055Z   seccomp
2025-02-09T11:33:30.2517245Z    Profile: builtin
2025-02-09T11:33:30.2517440Z   cgroupns
2025-02-09T11:33:30.2517630Z  Kernel Version: 6.8.0-1020-azure
2025-02-09T11:33:30.2517884Z  Operating System: Ubuntu 24.04.1 LTS
2025-02-09T11:33:30.2518130Z  OSType: linux
2025-02-09T11:33:30.2518322Z  Architecture: x86_64
2025-02-09T11:33:30.2518516Z  CPUs: 4
2025-02-09T11:33:30.2518691Z  Total Memory: 15.62GiB
2025-02-09T11:33:30.2518894Z  Name: fv-az1075-817
2025-02-09T11:33:30.2519112Z  ID: 5da1e875-f4d9-42c6-906c-34f1b814e6b3
2025-02-09T11:33:30.2519389Z  Docker Root Dir: /var/lib/docker
2025-02-09T11:33:30.2519617Z  Debug Mode: false
2025-02-09T11:33:30.2519813Z  Username: githubactions
2025-02-09T11:33:30.2520024Z  Experimental: false
2025-02-09T11:33:30.2520226Z  Insecure Registries:
2025-02-09T11:33:30.2520943Z   127.0.0.0/8
2025-02-09T11:33:30.2521144Z  Live Restore Enabled: false
2025-02-09T11:33:30.2521292Z 
2025-02-09T11:33:30.2522135Z ##[endgroup]
2025-02-09T11:33:30.3063207Z ##[group]Buildx version
2025-02-09T11:33:30.3084438Z [command]/usr/bin/docker buildx version
2025-02-09T11:33:30.3505631Z github.com/docker/buildx v0.20.1 245093b99ab74aa2c729a496759afca0704d6470
2025-02-09T11:33:30.3535930Z ##[endgroup]
2025-02-09T11:33:30.3682369Z ##[group]Inspecting default docker context
2025-02-09T11:33:30.3813098Z [
2025-02-09T11:33:30.3813441Z   {
2025-02-09T11:33:30.3813755Z     "Name": "default",
2025-02-09T11:33:30.3814150Z     "Metadata": {},
2025-02-09T11:33:30.3814520Z     "Endpoints": {
2025-02-09T11:33:30.3814845Z       "docker": {
2025-02-09T11:33:30.3815249Z         "Host": "unix:///var/run/docker.sock",
2025-02-09T11:33:30.3815729Z         "SkipTLSVerify": false
2025-02-09T11:33:30.3816119Z       }
2025-02-09T11:33:30.3816412Z     },
2025-02-09T11:33:30.3816727Z     "TLSMaterial": {},
2025-02-09T11:33:30.3817105Z     "Storage": {
2025-02-09T11:33:30.3817511Z       "MetadataPath": "<IN MEMORY>",
2025-02-09T11:33:30.3817979Z       "TLSPath": "<IN MEMORY>"
2025-02-09T11:33:30.3818384Z     }
2025-02-09T11:33:30.3818715Z   }
2025-02-09T11:33:30.3819003Z ]
2025-02-09T11:33:30.3819640Z ##[endgroup]
2025-02-09T11:33:30.3820310Z ##[group]Creating a new builder instance
2025-02-09T11:33:30.4312255Z [command]/usr/bin/docker buildx create --name builder-a153490f-beb6-4a88-86f8-abd728f45693 --driver docker-container --buildkitd-flags --allow-insecure-entitlement security.insecure --allow-insecure-entitlement network.host --use
2025-02-09T11:33:30.4801903Z builder-a153490f-beb6-4a88-86f8-abd728f45693
2025-02-09T11:33:30.4838914Z ##[endgroup]
2025-02-09T11:33:30.4839779Z ##[group]Booting builder
2025-02-09T11:33:30.4892308Z [command]/usr/bin/docker buildx inspect --bootstrap --builder builder-a153490f-beb6-4a88-86f8-abd728f45693
2025-02-09T11:33:30.5365611Z #1 [internal] booting buildkit
2025-02-09T11:33:30.6866780Z #1 pulling image moby/buildkit:buildx-stable-1
2025-02-09T11:33:32.3510540Z #1 pulling image moby/buildkit:buildx-stable-1 1.8s done
2025-02-09T11:33:32.5020531Z #1 creating container buildx_buildkit_builder-a153490f-beb6-4a88-86f8-abd728f456930
2025-02-09T11:33:32.7134014Z #1 creating container buildx_buildkit_builder-a153490f-beb6-4a88-86f8-abd728f456930 0.4s done
2025-02-09T11:33:32.7152377Z #1 DONE 2.2s
2025-02-09T11:33:32.7443062Z Name:          builder-a153490f-beb6-4a88-86f8-abd728f45693
2025-02-09T11:33:32.7444155Z Driver:        docker-container
2025-02-09T11:33:32.7445168Z Last Activity: 2025-02-09 11:33:30 +0000 UTC
2025-02-09T11:33:32.7445548Z 
2025-02-09T11:33:32.7445675Z Nodes:
2025-02-09T11:33:32.7446458Z Name:                  builder-a153490f-beb6-4a88-86f8-abd728f456930
2025-02-09T11:33:32.7447061Z Endpoint:              unix:///var/run/docker.sock
2025-02-09T11:33:32.7447537Z Status:                running
2025-02-09T11:33:32.7448381Z BuildKit daemon flags: --allow-insecure-entitlement security.insecure --allow-insecure-entitlement network.host
2025-02-09T11:33:32.7449245Z BuildKit version:      v0.19.0
2025-02-09T11:33:32.7450224Z Platforms:             linux/amd64, linux/amd64/v2, linux/amd64/v3, linux/arm64, linux/riscv64, linux/ppc64le, linux/s390x, linux/386, linux/arm/v7, linux/arm/v6
2025-02-09T11:33:32.7451508Z Labels:
2025-02-09T11:33:32.7451921Z  org.mobyproject.buildkit.worker.executor:         oci
2025-02-09T11:33:32.7452604Z  org.mobyproject.buildkit.worker.hostname:         8cbc1441749e
2025-02-09T11:33:32.7453290Z  org.mobyproject.buildkit.worker.network:          host
2025-02-09T11:33:32.7453954Z  org.mobyproject.buildkit.worker.oci.process-mode: sandbox
2025-02-09T11:33:32.7454642Z  org.mobyproject.buildkit.worker.selinux.enabled:  false
2025-02-09T11:33:32.7455318Z  org.mobyproject.buildkit.worker.snapshotter:      overlayfs
2025-02-09T11:33:32.7455862Z GC Policy rule#0:
2025-02-09T11:33:32.7456186Z  All:            false
2025-02-09T11:33:32.7456731Z  Filters:        type==source.local,type==exec.cachemount,type==source.git.checkout
2025-02-09T11:33:32.7457355Z  Keep Duration:  48h0m0s
2025-02-09T11:33:32.7457714Z  Max Used Space: 488.3MiB
2025-02-09T11:33:32.7458067Z GC Policy rule#1:
2025-02-09T11:33:32.7458388Z  All:            false
2025-02-09T11:33:32.7458720Z  Keep Duration:  1440h0m0s
2025-02-09T11:33:32.7459070Z  Reserved Space: 7.451GiB
2025-02-09T11:33:32.7459422Z  Max Used Space: 54.02GiB
2025-02-09T11:33:32.7459770Z  Min Free Space: 13.97GiB
2025-02-09T11:33:32.7460108Z GC Policy rule#2:
2025-02-09T11:33:32.7460591Z  All:            false
2025-02-09T11:33:32.7460928Z  Reserved Space: 7.451GiB
2025-02-09T11:33:32.7461278Z  Max Used Space: 54.02GiB
2025-02-09T11:33:32.7461620Z  Min Free Space: 13.97GiB
2025-02-09T11:33:32.7461972Z GC Policy rule#3:
2025-02-09T11:33:32.7462275Z  All:            true
2025-02-09T11:33:32.7462608Z  Reserved Space: 7.451GiB
2025-02-09T11:33:32.7462965Z  Max Used Space: 54.02GiB
2025-02-09T11:33:32.7463321Z  Min Free Space: 13.97GiB
2025-02-09T11:33:32.7492009Z ##[endgroup]
2025-02-09T11:33:32.8244729Z ##[group]Inspect builder
2025-02-09T11:33:32.8297863Z {
2025-02-09T11:33:32.8298209Z   "nodes": [
2025-02-09T11:33:32.8298533Z     {
2025-02-09T11:33:32.8298983Z       "name": "builder-a153490f-beb6-4a88-86f8-abd728f456930",
2025-02-09T11:33:32.8299601Z       "endpoint": "unix:///var/run/docker.sock",
2025-02-09T11:33:32.8300114Z       "status": "running",
2025-02-09T11:33:32.8301215Z       "buildkitd-flags": "--allow-insecure-entitlement security.insecure --allow-insecure-entitlement network.host",
2025-02-09T11:33:32.8302147Z       "buildkit": "v0.19.0",
2025-02-09T11:33:32.8303212Z       "platforms": "linux/amd64,linux/amd64/v2,linux/amd64/v3,linux/arm64,linux/riscv64,linux/ppc64le,linux/s390x,linux/386,linux/arm/v7,linux/arm/v6",
2025-02-09T11:33:32.8304299Z       "features": {
2025-02-09T11:33:32.8304845Z         "Automatically load images to the Docker Engine image store": true,
2025-02-09T11:33:32.8305504Z         "Cache export": true,
2025-02-09T11:33:32.8305972Z         "Docker exporter": true,
2025-02-09T11:33:32.8306432Z         "Multi-platform build": true,
2025-02-09T11:33:32.8306887Z         "OCI exporter": true
2025-02-09T11:33:32.8307577Z       },
2025-02-09T11:33:32.8307841Z       "labels": {
2025-02-09T11:33:32.8308240Z         "org.mobyproject.buildkit.worker.executor": "oci",
2025-02-09T11:33:32.8308841Z         "org.mobyproject.buildkit.worker.hostname": "8cbc1441749e",
2025-02-09T11:33:32.8309432Z         "org.mobyproject.buildkit.worker.network": "host",
2025-02-09T11:33:32.8310104Z         "org.mobyproject.buildkit.worker.oci.process-mode": "sandbox",
2025-02-09T11:33:32.8311016Z         "org.mobyproject.buildkit.worker.selinux.enabled": "false",
2025-02-09T11:33:32.8311839Z         "org.mobyproject.buildkit.worker.snapshotter": "overlayfs"
2025-02-09T11:33:32.8312384Z       },
2025-02-09T11:33:32.8312672Z       "gcPolicy": [
2025-02-09T11:33:32.8312980Z         {
2025-02-09T11:33:32.8313262Z           "all": false,
2025-02-09T11:33:32.8313595Z           "filter": [
2025-02-09T11:33:32.8313936Z             "type==source.local",
2025-02-09T11:33:32.8314335Z             "type==exec.cachemount",
2025-02-09T11:33:32.8314763Z             "type==source.git.checkout"
2025-02-09T11:33:32.8315168Z           ],
2025-02-09T11:33:32.8315482Z           "keepDuration": "48h0m0s"
2025-02-09T11:33:32.8315864Z         },
2025-02-09T11:33:32.8316137Z         {
2025-02-09T11:33:32.8316419Z           "all": false,
2025-02-09T11:33:32.8316770Z           "keepDuration": "1440h0m0s"
2025-02-09T11:33:32.8317160Z         },
2025-02-09T11:33:32.8317423Z         {
2025-02-09T11:33:32.8317704Z           "all": false
2025-02-09T11:33:32.8318017Z         },
2025-02-09T11:33:32.8318288Z         {
2025-02-09T11:33:32.8318574Z           "all": true
2025-02-09T11:33:32.8318890Z         }
2025-02-09T11:33:32.8319160Z       ]
2025-02-09T11:33:32.8319427Z     }
2025-02-09T11:33:32.8319764Z   ],
2025-02-09T11:33:32.8320217Z   "name": "builder-a153490f-beb6-4a88-86f8-abd728f45693",
2025-02-09T11:33:32.8321224Z   "driver": "docker-container",
2025-02-09T11:33:32.8321774Z   "lastActivity": "2025-02-09T11:33:30.000Z"
2025-02-09T11:33:32.8322373Z }
2025-02-09T11:33:32.8323144Z ##[endgroup]
2025-02-09T11:33:32.8323932Z ##[group]BuildKit version
2025-02-09T11:33:32.8324511Z builder-a153490f-beb6-4a88-86f8-abd728f456930: v0.19.0
2025-02-09T11:33:32.8325446Z ##[endgroup]
2025-02-09T11:33:32.8473939Z ##[group]Run actions/checkout@v4
2025-02-09T11:33:32.8474305Z with:
2025-02-09T11:33:32.8474687Z   repository: binary-husky/gpt_academic
2025-02-09T11:33:32.8475157Z   token: ***
2025-02-09T11:33:32.8475424Z   ssh-strict: true
2025-02-09T11:33:32.8475792Z   ssh-user: git
2025-02-09T11:33:32.8476089Z   persist-credentials: true
2025-02-09T11:33:32.8476453Z   clean: true
2025-02-09T11:33:32.8476767Z   sparse-checkout-cone-mode: true
2025-02-09T11:33:32.8477118Z   fetch-depth: 1
2025-02-09T11:33:32.8477445Z   fetch-tags: false
2025-02-09T11:33:32.8477737Z   show-progress: true
2025-02-09T11:33:32.8478031Z   lfs: false
2025-02-09T11:33:32.8478327Z   submodules: false
2025-02-09T11:33:32.8478625Z   set-safe-directory: true
2025-02-09T11:33:32.8478933Z env:
2025-02-09T11:33:32.8479255Z   REGISTRY: ghcr.io
2025-02-09T11:33:32.8479617Z   IMAGE_NAME: binary-husky/gpt_academic_with_latex_arm
2025-02-09T11:33:32.8480027Z ##[endgroup]
2025-02-09T11:33:32.9514224Z Syncing repository: binary-husky/gpt_academic
2025-02-09T11:33:32.9515167Z ##[group]Getting Git version info
2025-02-09T11:33:32.9515826Z Working directory is '/home/runner/work/gpt_academic/gpt_academic'
2025-02-09T11:33:32.9516733Z [command]/usr/bin/git version
2025-02-09T11:33:32.9581830Z git version 2.48.1
2025-02-09T11:33:32.9608020Z ##[endgroup]
2025-02-09T11:33:32.9621633Z Temporarily overriding HOME='/home/runner/work/_temp/afe84031-2bc8-4597-848c-408cfe8bf59d' before making global git config changes
2025-02-09T11:33:32.9622952Z Adding repository directory to the temporary git global config as a safe directory
2025-02-09T11:33:32.9635011Z [command]/usr/bin/git config --global --add safe.directory /home/runner/work/gpt_academic/gpt_academic
2025-02-09T11:33:32.9670081Z Deleting the contents of '/home/runner/work/gpt_academic/gpt_academic'
2025-02-09T11:33:32.9674037Z ##[group]Initializing the repository
2025-02-09T11:33:32.9678418Z [command]/usr/bin/git init /home/runner/work/gpt_academic/gpt_academic
2025-02-09T11:33:32.9763962Z hint: Using 'master' as the name for the initial branch. This default branch name
2025-02-09T11:33:32.9764673Z hint: is subject to change. To configure the initial branch name to use in all
2025-02-09T11:33:32.9765148Z hint: of your new repositories, which will suppress this warning, call:
2025-02-09T11:33:32.9765493Z hint:
2025-02-09T11:33:32.9765755Z hint: 	git config --global init.defaultBranch <name>
2025-02-09T11:33:32.9766041Z hint:
2025-02-09T11:33:32.9766307Z hint: Names commonly chosen instead of 'master' are 'main', 'trunk' and
2025-02-09T11:33:32.9766876Z hint: 'development'. The just-created branch can be renamed via this command:
2025-02-09T11:33:32.9767473Z hint:
2025-02-09T11:33:32.9767669Z hint: 	git branch -m <name>
2025-02-09T11:33:32.9775833Z Initialized empty Git repository in /home/runner/work/gpt_academic/gpt_academic/.git/
2025-02-09T11:33:32.9786230Z [command]/usr/bin/git remote add origin https://github.com/binary-husky/gpt_academic
2025-02-09T11:33:32.9819884Z ##[endgroup]
2025-02-09T11:33:32.9820677Z ##[group]Disabling automatic garbage collection
2025-02-09T11:33:32.9824469Z [command]/usr/bin/git config --local gc.auto 0
2025-02-09T11:33:32.9851762Z ##[endgroup]
2025-02-09T11:33:32.9852316Z ##[group]Setting up auth
2025-02-09T11:33:32.9858129Z [command]/usr/bin/git config --local --name-only --get-regexp core\.sshCommand
2025-02-09T11:33:32.9886813Z [command]/usr/bin/git submodule foreach --recursive sh -c "git config --local --name-only --get-regexp 'core\.sshCommand' && git config --local --unset-all 'core.sshCommand' || :"
2025-02-09T11:33:33.0203995Z [command]/usr/bin/git config --local --name-only --get-regexp http\.https\:\/\/github\.com\/\.extraheader
2025-02-09T11:33:33.0231641Z [command]/usr/bin/git submodule foreach --recursive sh -c "git config --local --name-only --get-regexp 'http\.https\:\/\/github\.com\/\.extraheader' && git config --local --unset-all 'http.https://github.com/.extraheader' || :"
2025-02-09T11:33:33.0453330Z [command]/usr/bin/git config --local http.https://github.com/.extraheader AUTHORIZATION: basic ***
2025-02-09T11:33:33.0488291Z ##[endgroup]
2025-02-09T11:33:33.0488920Z ##[group]Fetching the repository
2025-02-09T11:33:33.0497635Z [command]/usr/bin/git -c protocol.version=2 fetch --no-tags --prune --no-recurse-submodules --depth=1 origin +163e59c0f309c731e8c8475466ad4c3597487f08:refs/remotes/origin/master
2025-02-09T11:33:33.3574637Z From https://github.com/binary-husky/gpt_academic
2025-02-09T11:33:33.3575362Z  * [new ref]         163e59c0f309c731e8c8475466ad4c3597487f08 -> origin/master
2025-02-09T11:33:33.3602786Z ##[endgroup]
2025-02-09T11:33:33.3603490Z ##[group]Determining the checkout info
2025-02-09T11:33:33.3605769Z ##[endgroup]
2025-02-09T11:33:33.3612630Z [command]/usr/bin/git sparse-checkout disable
2025-02-09T11:33:33.3661864Z [command]/usr/bin/git config --local --unset-all extensions.worktreeConfig
2025-02-09T11:33:33.3688251Z ##[group]Checking out the ref
2025-02-09T11:33:33.3692269Z [command]/usr/bin/git checkout --progress --force -B master refs/remotes/origin/master
2025-02-09T11:33:33.4013004Z Reset branch 'master'
2025-02-09T11:33:33.4015986Z branch 'master' set up to track 'origin/master'.
2025-02-09T11:33:33.4022195Z ##[endgroup]
2025-02-09T11:33:33.4055212Z [command]/usr/bin/git log -1 --format=%H
2025-02-09T11:33:33.4076792Z 163e59c0f309c731e8c8475466ad4c3597487f08
2025-02-09T11:33:33.4199764Z ##[group]Run docker/login-action@v3
2025-02-09T11:33:33.4200042Z with:
2025-02-09T11:33:33.4200226Z   registry: ghcr.io
2025-02-09T11:33:33.4200755Z   username: binary-husky
2025-02-09T11:33:33.4201193Z   password: ***
2025-02-09T11:33:33.4201394Z   ecr: auto
2025-02-09T11:33:33.4201570Z   logout: true
2025-02-09T11:33:33.4201745Z env:
2025-02-09T11:33:33.4201917Z   REGISTRY: ghcr.io
2025-02-09T11:33:33.4202169Z   IMAGE_NAME: binary-husky/gpt_academic_with_latex_arm
2025-02-09T11:33:33.4202638Z ##[endgroup]
2025-02-09T11:33:33.6989531Z Logging into ghcr.io...
2025-02-09T11:33:33.8679226Z Login Succeeded!
2025-02-09T11:33:33.8793270Z ##[group]Run docker/metadata-action@v4
2025-02-09T11:33:33.8793564Z with:
2025-02-09T11:33:33.8793831Z   images: ghcr.io/binary-husky/gpt_academic_with_latex_arm
2025-02-09T11:33:33.8794144Z   context: workflow
2025-02-09T11:33:33.8794480Z   github-token: ***
2025-02-09T11:33:33.8794683Z env:
2025-02-09T11:33:33.8794856Z   REGISTRY: ghcr.io
2025-02-09T11:33:33.8795104Z   IMAGE_NAME: binary-husky/gpt_academic_with_latex_arm
2025-02-09T11:33:33.8795400Z ##[endgroup]
2025-02-09T11:33:34.1613999Z ##[group]Context info
2025-02-09T11:33:34.1614426Z eventName: push
2025-02-09T11:33:34.1618384Z sha: 163e59c0f309c731e8c8475466ad4c3597487f08
2025-02-09T11:33:34.1618912Z ref: refs/heads/master
2025-02-09T11:33:34.1619324Z workflow: build-with-latex-arm
2025-02-09T11:33:34.1619756Z action: meta
2025-02-09T11:33:34.1620093Z actor: binary-husky
2025-02-09T11:33:34.1620663Z runNumber: 85
2025-02-09T11:33:34.1621007Z runId: 13225231502
2025-02-09T11:33:34.1621666Z ##[endgroup]
2025-02-09T11:33:34.1627064Z ##[group]Processing images input
2025-02-09T11:33:34.1627869Z name=ghcr.io/binary-husky/gpt_academic_with_latex_arm,enable=true
2025-02-09T11:33:34.1628678Z ##[endgroup]
2025-02-09T11:33:34.1640108Z ##[group]Processing tags input
2025-02-09T11:33:34.1640850Z type=schedule,pattern=nightly,enable=true,priority=1000
2025-02-09T11:33:34.1641655Z type=ref,event=branch,enable=true,priority=600
2025-02-09T11:33:34.1642238Z type=ref,event=tag,enable=true,priority=600
2025-02-09T11:33:34.1642843Z type=ref,event=pr,prefix=pr-,enable=true,priority=600
2025-02-09T11:33:34.1643636Z ##[endgroup]
2025-02-09T11:33:34.1644598Z ##[group]Processing flavor input
2025-02-09T11:33:34.1645035Z latest=auto
2025-02-09T11:33:34.1645527Z prefix=
2025-02-09T11:33:34.1645885Z prefixLatest=false
2025-02-09T11:33:34.1646242Z suffix=
2025-02-09T11:33:34.1646694Z suffixLatest=false
2025-02-09T11:33:34.1647429Z ##[endgroup]
2025-02-09T11:33:34.1685348Z ##[group]Docker image version
2025-02-09T11:33:34.1685919Z master
2025-02-09T11:33:34.1686683Z ##[endgroup]
2025-02-09T11:33:34.1691874Z ##[group]Docker tags
2025-02-09T11:33:34.1692399Z ghcr.io/binary-husky/gpt_academic_with_latex_arm:master
2025-02-09T11:33:34.1693184Z ##[endgroup]
2025-02-09T11:33:34.1852501Z ##[group]Docker labels
2025-02-09T11:33:34.1852994Z org.opencontainers.image.created=2025-02-09T11:33:34.164Z
2025-02-09T11:33:34.1855284Z org.opencontainers.image.description=为GPT/GLM等LLM大语言模型提供实用化交互接口，特别优化论文阅读/润色/写作体验，模块化设计，支持自定义快捷按钮&函数插件，支持Python和C++等项目剖析&自译解功能，PDF/LaTex论文翻译&总结功能，支持并行问询多种LLM模型，支持chatglm3等本地模型。接入通义千问, deepseekcoder, 讯飞星火, 文心一言, llama2, rwkv, claude2, moss等。
2025-02-09T11:33:34.1856712Z org.opencontainers.image.licenses=GPL-3.0
2025-02-09T11:33:34.1857469Z org.opencontainers.image.revision=163e59c0f309c731e8c8475466ad4c3597487f08
2025-02-09T11:33:34.1858447Z org.opencontainers.image.source=https://github.com/binary-husky/gpt_academic
2025-02-09T11:33:34.1859273Z org.opencontainers.image.title=gpt_academic
2025-02-09T11:33:34.1860043Z org.opencontainers.image.url=https://github.com/binary-husky/gpt_academic
2025-02-09T11:33:34.1861038Z org.opencontainers.image.version=master
2025-02-09T11:33:34.1861786Z ##[endgroup]
2025-02-09T11:33:34.1862404Z ##[group]JSON output
2025-02-09T11:33:34.1863326Z {
2025-02-09T11:33:34.1863638Z   "tags": [
2025-02-09T11:33:34.1864066Z     "ghcr.io/binary-husky/gpt_academic_with_latex_arm:master"
2025-02-09T11:33:34.1864496Z   ],
2025-02-09T11:33:34.1864663Z   "labels": {
2025-02-09T11:33:34.1864949Z     "org.opencontainers.image.created": "2025-02-09T11:33:34.164Z",
2025-02-09T11:33:34.1866794Z     "org.opencontainers.image.description": "为GPT/GLM等LLM大语言模型提供实用化交互接口，特别优化论文阅读/润色/写作体验，模块化设计，支持自定义快捷按钮&函数插件，支持Python和C++等项目剖析&自译解功能，PDF/LaTex论文翻译&总结功能，支持并行问询多种LLM模型，支持chatglm3等本地模型。接入通义千问, deepseekcoder, 讯飞星火, 文心一言, llama2, rwkv, claude2, moss等。",
2025-02-09T11:33:34.1868406Z     "org.opencontainers.image.licenses": "GPL-3.0",
2025-02-09T11:33:34.1869477Z     "org.opencontainers.image.revision": "163e59c0f309c731e8c8475466ad4c3597487f08",
2025-02-09T11:33:34.1871167Z     "org.opencontainers.image.source": "https://github.com/binary-husky/gpt_academic",
2025-02-09T11:33:34.1872063Z     "org.opencontainers.image.title": "gpt_academic",
2025-02-09T11:33:34.1872861Z     "org.opencontainers.image.url": "https://github.com/binary-husky/gpt_academic",
2025-02-09T11:33:34.1873643Z     "org.opencontainers.image.version": "master"
2025-02-09T11:33:34.1874130Z   }
2025-02-09T11:33:34.1874410Z }
2025-02-09T11:33:34.1874993Z ##[endgroup]
2025-02-09T11:33:34.1875617Z ##[group]Bake file definition
2025-02-09T11:33:34.1876029Z {
2025-02-09T11:33:34.1876328Z   "target": {
2025-02-09T11:33:34.1876687Z     "docker-metadata-action": {
2025-02-09T11:33:34.1877102Z       "tags": [
2025-02-09T11:33:34.1877566Z         "ghcr.io/binary-husky/gpt_academic_with_latex_arm:master"
2025-02-09T11:33:34.1878121Z       ],
2025-02-09T11:33:34.1878389Z       "labels": {
2025-02-09T11:33:34.1878675Z         "org.opencontainers.image.created": "2025-02-09T11:33:34.164Z",
2025-02-09T11:33:34.1880012Z         "org.opencontainers.image.description": "为GPT/GLM等LLM大语言模型提供实用化交互接口，特别优化论文阅读/润色/写作体验，模块化设计，支持自定义快捷按钮&函数插件，支持Python和C++等项目剖析&自译解功能，PDF/LaTex论文翻译&总结功能，支持并行问询多种LLM模型，支持chatglm3等本地模型。接入通义千问, deepseekcoder, 讯飞星火, 文心一言, llama2, rwkv, claude2, moss等。",
2025-02-09T11:33:34.1881614Z         "org.opencontainers.image.licenses": "GPL-3.0",
2025-02-09T11:33:34.1882407Z         "org.opencontainers.image.revision": "163e59c0f309c731e8c8475466ad4c3597487f08",
2025-02-09T11:33:34.1883408Z         "org.opencontainers.image.source": "https://github.com/binary-husky/gpt_academic",
2025-02-09T11:33:34.1884225Z         "org.opencontainers.image.title": "gpt_academic",
2025-02-09T11:33:34.1884980Z         "org.opencontainers.image.url": "https://github.com/binary-husky/gpt_academic",
2025-02-09T11:33:34.1885746Z         "org.opencontainers.image.version": "master"
2025-02-09T11:33:34.1886250Z       },
2025-02-09T11:33:34.1886540Z       "args": {
2025-02-09T11:33:34.1887080Z         "DOCKER_META_IMAGES": "ghcr.io/binary-husky/gpt_academic_with_latex_arm",
2025-02-09T11:33:34.1887718Z         "DOCKER_META_VERSION": "master"
2025-02-09T11:33:34.1888141Z       }
2025-02-09T11:33:34.1888419Z     }
2025-02-09T11:33:34.1888709Z   }
2025-02-09T11:33:34.1888987Z }
2025-02-09T11:33:34.1889557Z ##[endgroup]
2025-02-09T11:33:34.2000270Z ##[group]Run docker/build-push-action@v6
2025-02-09T11:33:34.2000793Z with:
2025-02-09T11:33:34.2000979Z   context: .
2025-02-09T11:33:34.2001166Z   push: true
2025-02-09T11:33:34.2001361Z   platforms: linux/arm64
2025-02-09T11:33:34.2001608Z   file: docs/GithubAction+NoLocal+Latex
2025-02-09T11:33:34.2001952Z   tags: ghcr.io/binary-husky/gpt_academic_with_latex_arm:master
2025-02-09T11:33:34.2004140Z   labels: org.opencontainers.image.created=2025-02-09T11:33:34.164Z
org.opencontainers.image.description=为GPT/GLM等LLM大语言模型提供实用化交互接口，特别优化论文阅读/润色/写作体验，模块化设计，支持自定义快捷按钮&函数插件，支持Python和C++等项目剖析&自译解功能，PDF/LaTex论文翻译&总结功能，支持并行问询多种LLM模型，支持chatglm3等本地模型。接入通义千问, deepseekcoder, 讯飞星火, 文心一言, llama2, rwkv, claude2, moss等。
org.opencontainers.image.licenses=GPL-3.0
org.opencontainers.image.revision=163e59c0f309c731e8c8475466ad4c3597487f08
org.opencontainers.image.source=https://github.com/binary-husky/gpt_academic
org.opencontainers.image.title=gpt_academic
org.opencontainers.image.url=https://github.com/binary-husky/gpt_academic
org.opencontainers.image.version=master
2025-02-09T11:33:34.2006157Z   load: false
2025-02-09T11:33:34.2006348Z   no-cache: false
2025-02-09T11:33:34.2006545Z   pull: false
2025-02-09T11:33:34.2006875Z   github-token: ***
2025-02-09T11:33:34.2007072Z env:
2025-02-09T11:33:34.2007244Z   REGISTRY: ghcr.io
2025-02-09T11:33:34.2007497Z   IMAGE_NAME: binary-husky/gpt_academic_with_latex_arm
2025-02-09T11:33:34.2007815Z   DOCKER_METADATA_OUTPUT_VERSION: master
2025-02-09T11:33:34.2008219Z   DOCKER_METADATA_OUTPUT_TAGS: ghcr.io/binary-husky/gpt_academic_with_latex_arm:master
2025-02-09T11:33:34.2010870Z   DOCKER_METADATA_OUTPUT_LABELS: org.opencontainers.image.created=2025-02-09T11:33:34.164Z
org.opencontainers.image.description=为GPT/GLM等LLM大语言模型提供实用化交互接口，特别优化论文阅读/润色/写作体验，模块化设计，支持自定义快捷按钮&函数插件，支持Python和C++等项目剖析&自译解功能，PDF/LaTex论文翻译&总结功能，支持并行问询多种LLM模型，支持chatglm3等本地模型。接入通义千问, deepseekcoder, 讯飞星火, 文心一言, llama2, rwkv, claude2, moss等。
org.opencontainers.image.licenses=GPL-3.0
org.opencontainers.image.revision=163e59c0f309c731e8c8475466ad4c3597487f08
org.opencontainers.image.source=https://github.com/binary-husky/gpt_academic
org.opencontainers.image.title=gpt_academic
org.opencontainers.image.url=https://github.com/binary-husky/gpt_academic
org.opencontainers.image.version=master
2025-02-09T11:33:34.2015009Z   DOCKER_METADATA_OUTPUT_JSON: {"tags":["ghcr.io/binary-husky/gpt_academic_with_latex_arm:master"],"labels":{"org.opencontainers.image.created":"2025-02-09T11:33:34.164Z","org.opencontainers.image.description":"为GPT/GLM等LLM大语言模型提供实用化交互接口，特别优化论文阅读/润色/写作体验，模块化设计，支持自定义快捷按钮&函数插件，支持Python和C++等项目剖析&自译解功能，PDF/LaTex论文翻译&总结功能，支持并行问询多种LLM模型，支持chatglm3等本地模型。接入通义千问, deepseekcoder, 讯飞星火, 文心一言, llama2, rwkv, claude2, moss等。","org.opencontainers.image.licenses":"GPL-3.0","org.opencontainers.image.revision":"163e59c0f309c731e8c8475466ad4c3597487f08","org.opencontainers.image.source":"https://github.com/binary-husky/gpt_academic","org.opencontainers.image.title":"gpt_academic","org.opencontainers.image.url":"https://github.com/binary-husky/gpt_academic","org.opencontainers.image.version":"master"}}
2025-02-09T11:33:34.2017524Z   DOCKER_METADATA_OUTPUT_BAKE_FILE: /tmp/docker-actions-toolkit-0tyl90/docker-metadata-action-bake.json
2025-02-09T11:33:34.2017980Z ##[endgroup]
2025-02-09T11:33:34.4354106Z ##[group]GitHub Actions runtime token ACs
2025-02-09T11:33:34.4361382Z refs/heads/master: read/write
2025-02-09T11:33:34.4362401Z ##[endgroup]
2025-02-09T11:33:34.4362935Z ##[group]Docker info
2025-02-09T11:33:34.4427563Z [command]/usr/bin/docker version
2025-02-09T11:33:34.4606780Z Client: Docker Engine - Community
2025-02-09T11:33:34.4609924Z  Version:           26.1.3
2025-02-09T11:33:34.4610303Z  API version:       1.45
2025-02-09T11:33:34.4610858Z  Go version:        go1.21.10
2025-02-09T11:33:34.4611232Z  Git commit:        b72abbb
2025-02-09T11:33:34.4611616Z  Built:             Thu May 16 08:33:35 2024
2025-02-09T11:33:34.4612034Z  OS/Arch:           linux/amd64
2025-02-09T11:33:34.4612763Z  Context:           default
2025-02-09T11:33:34.4613014Z 
2025-02-09T11:33:34.4613166Z Server: Docker Engine - Community
2025-02-09T11:33:34.4613544Z  Engine:
2025-02-09T11:33:34.4613833Z   Version:          26.1.3
2025-02-09T11:33:34.4614107Z   API version:      1.45 (minimum version 1.24)
2025-02-09T11:33:34.4614387Z   Go version:       go1.21.10
2025-02-09T11:33:34.4614617Z   Git commit:       8e96db1
2025-02-09T11:33:34.4614844Z   Built:            Thu May 16 08:33:35 2024
2025-02-09T11:33:34.4615116Z   OS/Arch:          linux/amd64
2025-02-09T11:33:34.4615353Z   Experimental:     false
2025-02-09T11:33:34.4615737Z  containerd:
2025-02-09T11:33:34.4615924Z   Version:          1.7.25
2025-02-09T11:33:34.4616188Z   GitCommit:        bcc810d6b9066471b0b6fa75f557a15a1cbf31bb
2025-02-09T11:33:34.4616477Z  runc:
2025-02-09T11:33:34.4616652Z   Version:          1.2.4
2025-02-09T11:33:34.4616870Z   GitCommit:        v1.2.4-0-g6c52b3f
2025-02-09T11:33:34.4617114Z  docker-init:
2025-02-09T11:33:34.4617309Z   Version:          0.19.0
2025-02-09T11:33:34.4617531Z   GitCommit:        de40ad0
2025-02-09T11:33:34.4655627Z [command]/usr/bin/docker info
2025-02-09T11:33:34.5007371Z Client: Docker Engine - Community
2025-02-09T11:33:34.5007882Z  Version:    26.1.3
2025-02-09T11:33:34.5008229Z  Context:    default
2025-02-09T11:33:34.5008573Z  Debug Mode: false
2025-02-09T11:33:34.5008892Z  Plugins:
2025-02-09T11:33:34.5009225Z   buildx: Docker Buildx (Docker Inc.)
2025-02-09T11:33:34.5009649Z     Version:  v0.20.1
2025-02-09T11:33:34.5010086Z     Path:     /usr/libexec/docker/cli-plugins/docker-buildx
2025-02-09T11:33:34.5010820Z   compose: Docker Compose (Docker Inc.)
2025-02-09T11:33:34.5011243Z     Version:  v2.27.1
2025-02-09T11:33:34.5011671Z     Path:     /usr/libexec/docker/cli-plugins/docker-compose
2025-02-09T11:33:34.5012147Z 
2025-02-09T11:33:34.5012275Z Server:
2025-02-09T11:33:34.5012553Z  Containers: 1
2025-02-09T11:33:34.5012849Z   Running: 1
2025-02-09T11:33:34.5013139Z   Paused: 0
2025-02-09T11:33:34.5013409Z   Stopped: 0
2025-02-09T11:33:34.5013687Z  Images: 2
2025-02-09T11:33:34.5013968Z  Server Version: 26.1.3
2025-02-09T11:33:34.5014303Z  Storage Driver: overlay2
2025-02-09T11:33:34.5014678Z   Backing Filesystem: extfs
2025-02-09T11:33:34.5015052Z   Supports d_type: true
2025-02-09T11:33:34.5015400Z   Using metacopy: false
2025-02-09T11:33:34.5015742Z   Native Overlay Diff: false
2025-02-09T11:33:34.5016099Z   userxattr: false
2025-02-09T11:33:34.5016410Z  Logging Driver: json-file
2025-02-09T11:33:34.5016766Z  Cgroup Driver: systemd
2025-02-09T11:33:34.5017090Z  Cgroup Version: 2
2025-02-09T11:33:34.5017425Z  Plugins:
2025-02-09T11:33:34.5017711Z   Volume: local
2025-02-09T11:33:34.5018076Z   Network: bridge host ipvlan macvlan null overlay
2025-02-09T11:33:34.5018730Z   Log: awslogs fluentd gcplogs gelf journald json-file local splunk syslog
2025-02-09T11:33:34.5019333Z  Swarm: inactive
2025-02-09T11:33:34.5019782Z  Runtimes: io.containerd.runc.v2 runc
2025-02-09T11:33:34.5020324Z  Default Runtime: runc
2025-02-09T11:33:34.5021187Z  Init Binary: docker-init
2025-02-09T11:33:34.5021788Z  containerd version: bcc810d6b9066471b0b6fa75f557a15a1cbf31bb
2025-02-09T11:33:34.5022468Z  runc version: v1.2.4-0-g6c52b3f
2025-02-09T11:33:34.5022991Z  init version: de40ad0
2025-02-09T11:33:34.5023298Z  Security Options:
2025-02-09T11:33:34.5023555Z   apparmor
2025-02-09T11:33:34.5049642Z   seccomp
2025-02-09T11:33:34.5049983Z    Profile: builtin
2025-02-09T11:33:34.5050305Z   cgroupns
2025-02-09T11:33:34.5050866Z  Kernel Version: 6.8.0-1020-azure
2025-02-09T11:33:34.5051277Z  Operating System: Ubuntu 24.04.1 LTS
2025-02-09T11:33:34.5051560Z  OSType: linux
2025-02-09T11:33:34.5051766Z  Architecture: x86_64
2025-02-09T11:33:34.5051976Z  CPUs: 4
2025-02-09T11:33:34.5052150Z  Total Memory: 15.62GiB
2025-02-09T11:33:34.5052469Z  Name: fv-az1075-817
2025-02-09T11:33:34.5052718Z  ID: 5da1e875-f4d9-42c6-906c-34f1b814e6b3
2025-02-09T11:33:34.5052993Z  Docker Root Dir: /var/lib/docker
2025-02-09T11:33:34.5053229Z  Debug Mode: false
2025-02-09T11:33:34.5053793Z  Username: githubactions
2025-02-09T11:33:34.5054061Z  Experimental: false
2025-02-09T11:33:34.5054362Z  Insecure Registries:
2025-02-09T11:33:34.5054555Z   127.0.0.0/8
2025-02-09T11:33:34.5054857Z  Live Restore Enabled: false
2025-02-09T11:33:34.5055028Z 
2025-02-09T11:33:34.5055385Z ##[endgroup]
2025-02-09T11:33:34.5055803Z ##[group]Proxy configuration
2025-02-09T11:33:34.5056153Z No proxy configuration found
2025-02-09T11:33:34.5056527Z ##[endgroup]
2025-02-09T11:33:34.5487903Z ##[group]Buildx version
2025-02-09T11:33:34.5511594Z [command]/usr/bin/docker buildx version
2025-02-09T11:33:34.5886103Z github.com/docker/buildx v0.20.1 245093b99ab74aa2c729a496759afca0704d6470
2025-02-09T11:33:34.5914289Z ##[endgroup]
2025-02-09T11:33:34.5931812Z ##[group]Builder info
2025-02-09T11:33:34.6715025Z {
2025-02-09T11:33:34.6715295Z   "nodes": [
2025-02-09T11:33:34.6715492Z     {
2025-02-09T11:33:34.6715762Z       "name": "builder-a153490f-beb6-4a88-86f8-abd728f456930",
2025-02-09T11:33:34.6716140Z       "endpoint": "unix:///var/run/docker.sock",
2025-02-09T11:33:34.6716429Z       "status": "running",
2025-02-09T11:33:34.6716918Z       "buildkitd-flags": "--allow-insecure-entitlement security.insecure --allow-insecure-entitlement network.host",
2025-02-09T11:33:34.6717416Z       "buildkit": "v0.19.0",
2025-02-09T11:33:34.6717977Z       "platforms": "linux/amd64,linux/amd64/v2,linux/amd64/v3,linux/arm64,linux/riscv64,linux/ppc64le,linux/s390x,linux/386,linux/arm/v7,linux/arm/v6",
2025-02-09T11:33:34.6718543Z       "features": {
2025-02-09T11:33:34.6718835Z         "Automatically load images to the Docker Engine image store": true,
2025-02-09T11:33:34.6719199Z         "Cache export": true,
2025-02-09T11:33:34.6719440Z         "Docker exporter": true,
2025-02-09T11:33:34.6719678Z         "Multi-platform build": true,
2025-02-09T11:33:34.6719928Z         "OCI exporter": true
2025-02-09T11:33:34.6720139Z       },
2025-02-09T11:33:34.6720309Z       "labels": {
2025-02-09T11:33:34.6720746Z         "org.mobyproject.buildkit.worker.executor": "oci",
2025-02-09T11:33:34.6721126Z         "org.mobyproject.buildkit.worker.hostname": "8cbc1441749e",
2025-02-09T11:33:34.6721501Z         "org.mobyproject.buildkit.worker.network": "host",
2025-02-09T11:33:34.6721891Z         "org.mobyproject.buildkit.worker.oci.process-mode": "sandbox",
2025-02-09T11:33:34.6722314Z         "org.mobyproject.buildkit.worker.selinux.enabled": "false",
2025-02-09T11:33:34.6722715Z         "org.mobyproject.buildkit.worker.snapshotter": "overlayfs"
2025-02-09T11:33:34.6723020Z       },
2025-02-09T11:33:34.6723185Z       "gcPolicy": [
2025-02-09T11:33:34.6723370Z         {
2025-02-09T11:33:34.6723535Z           "all": false,
2025-02-09T11:33:34.6723730Z           "filter": [
2025-02-09T11:33:34.6723933Z             "type==source.local",
2025-02-09T11:33:34.6724173Z             "type==exec.cachemount",
2025-02-09T11:33:34.6724421Z             "type==source.git.checkout"
2025-02-09T11:33:34.6724660Z           ],
2025-02-09T11:33:34.6724852Z           "keepDuration": "48h0m0s"
2025-02-09T11:33:34.6725071Z         },
2025-02-09T11:33:34.6725236Z         {
2025-02-09T11:33:34.6725404Z           "all": false,
2025-02-09T11:33:34.6725613Z           "keepDuration": "1440h0m0s"
2025-02-09T11:33:34.6725836Z         },
2025-02-09T11:33:34.6725989Z         {
2025-02-09T11:33:34.6726150Z           "all": false
2025-02-09T11:33:34.6726339Z         },
2025-02-09T11:33:34.6726499Z         {
2025-02-09T11:33:34.6726656Z           "all": true
2025-02-09T11:33:34.6726834Z         }
2025-02-09T11:33:34.6726995Z       ]
2025-02-09T11:33:34.6727164Z     }
2025-02-09T11:33:34.6727329Z   ],
2025-02-09T11:33:34.6727557Z   "name": "builder-a153490f-beb6-4a88-86f8-abd728f45693",
2025-02-09T11:33:34.6727871Z   "driver": "docker-container",
2025-02-09T11:33:34.6728126Z   "lastActivity": "2025-02-09T11:33:30.000Z"
2025-02-09T11:33:34.6728379Z }
2025-02-09T11:33:34.6728807Z ##[endgroup]
2025-02-09T11:33:34.8153695Z [command]/usr/bin/docker buildx build --file docs/GithubAction+NoLocal+Latex --iidfile /home/runner/work/_temp/docker-actions-toolkit-ueFvvQ/build-iidfile-4b93ee9f7b.txt --label org.opencontainers.image.created=2025-02-09T11:33:34.164Z --label org.opencontainers.image.description=为GPT/GLM等LLM大语言模型提供实用化交互接口，特别优化论文阅读/润色/写作体验，模块化设计，支持自定义快捷按钮&函数插件，支持Python和C++等项目剖析&自译解功能，PDF/LaTex论文翻译&总结功能，支持并行问询多种LLM模型，支持chatglm3等本地模型。接入通义千问, deepseekcoder, 讯飞星火, 文心一言, llama2, rwkv, claude2, moss等。 --label org.opencontainers.image.licenses=GPL-3.0 --label org.opencontainers.image.revision=163e59c0f309c731e8c8475466ad4c3597487f08 --label org.opencontainers.image.source=https://github.com/binary-husky/gpt_academic --label org.opencontainers.image.title=gpt_academic --label org.opencontainers.image.url=https://github.com/binary-husky/gpt_academic --label org.opencontainers.image.version=master --platform linux/arm64 --attest type=provenance,mode=max,builder-id=https://github.com/binary-husky/gpt_academic/actions/runs/13225231502/attempts/1 --tag ghcr.io/binary-husky/gpt_academic_with_latex_arm:master --metadata-file /home/runner/work/_temp/docker-actions-toolkit-ueFvvQ/build-metadata-06f9b45e5e.json --push .
2025-02-09T11:33:35.1080322Z #0 building with "builder-a153490f-beb6-4a88-86f8-abd728f45693" instance using docker-container driver
2025-02-09T11:33:35.1081432Z 
2025-02-09T11:33:35.1081678Z #1 [internal] load build definition from GithubAction+NoLocal+Latex
2025-02-09T11:33:35.1082138Z #1 transferring dockerfile: 1.39kB done
2025-02-09T11:33:35.1082456Z #1 DONE 0.0s
2025-02-09T11:33:35.1082573Z 
2025-02-09T11:33:35.1082769Z #2 [auth] menghuan1918/ubuntu_uv_ctex:pull token for registry-1.docker.io
2025-02-09T11:33:35.1083134Z #2 DONE 0.0s
2025-02-09T11:33:35.1083237Z 
2025-02-09T11:33:35.1083429Z #3 [internal] load metadata for docker.io/menghuan1918/ubuntu_uv_ctex:latest
2025-02-09T11:33:35.3004235Z #3 DONE 0.4s
2025-02-09T11:33:35.4184765Z 
2025-02-09T11:33:35.4189957Z #4 [internal] load .dockerignore
2025-02-09T11:33:35.4192186Z #4 transferring context: 2B done
2025-02-09T11:33:35.4194045Z #4 DONE 0.0s
2025-02-09T11:33:35.4194276Z 
2025-02-09T11:33:35.4195172Z #5 [1/8] FROM docker.io/menghuan1918/ubuntu_uv_ctex:latest@sha256:2b087be429bf3f38e08278754ab4e4ca639ba0165b8e71ab707f2814b5d13e11
2025-02-09T11:33:35.4197664Z #5 resolve docker.io/menghuan1918/ubuntu_uv_ctex:latest@sha256:2b087be429bf3f38e08278754ab4e4ca639ba0165b8e71ab707f2814b5d13e11 done
2025-02-09T11:33:35.4198960Z #5 sha256:decb14e0c39cfa7a919f6a8d931be38ad9ffe7fd84a81abe57bd9720740e83e8 92B / 92B 0.0s done
2025-02-09T11:33:35.5389322Z #5 ...
2025-02-09T11:33:35.5389743Z 
2025-02-09T11:33:35.5392293Z #6 [internal] load build context
2025-02-09T11:33:35.5392915Z #6 transferring context: 6.16MB 0.1s done
2025-02-09T11:33:35.5393416Z #6 DONE 0.1s
2025-02-09T11:33:35.5393789Z 
2025-02-09T11:33:35.5394459Z #5 [1/8] FROM docker.io/menghuan1918/ubuntu_uv_ctex:latest@sha256:2b087be429bf3f38e08278754ab4e4ca639ba0165b8e71ab707f2814b5d13e11
2025-02-09T11:33:35.5396069Z #5 sha256:d57b32b14e776918ee4aa88a566658690b63e675560d0b1f7e50a597597927bc 1.70kB / 1.70kB 0.1s done
2025-02-09T11:33:35.5397409Z #5 sha256:5fae8efb24618fd02d9cfbcf362b278211b8c5726ec0b790509a22fe0c5944ec 375.71kB / 375.71kB 0.1s done
2025-02-09T11:33:35.5398611Z #5 sha256:f792b9949b7aec0cebee50794aeb833593db246fca4563150ae14601133dd1c7 23.45MB / 496.69MB 0.2s
2025-02-09T11:33:35.6888405Z #5 sha256:f792b9949b7aec0cebee50794aeb833593db246fca4563150ae14601133dd1c7 63.13MB / 496.69MB 0.3s
2025-02-09T11:33:35.6889593Z #5 sha256:2fb7df9706f8b78421ef548f8831a46ef6ed2e50bd2d4c546c80aa96e29af213 1.05MB / 12.58MB 0.2s
2025-02-09T11:33:35.6893913Z #5 sha256:3c0a265ff0adaf18b5d57876696e3b101ba2052cff16f4d0af8d39bef53ce495 3.15MB / 2.73GB 0.2s
2025-02-09T11:33:35.8378880Z #5 sha256:f792b9949b7aec0cebee50794aeb833593db246fca4563150ae14601133dd1c7 92.27MB / 496.69MB 0.5s
2025-02-09T11:33:35.8379972Z #5 sha256:2fb7df9706f8b78421ef548f8831a46ef6ed2e50bd2d4c546c80aa96e29af213 12.58MB / 12.58MB 0.3s done
2025-02-09T11:33:35.8381468Z #5 sha256:25a614108e8d9c23a53cb3193f34ba623efe45c81ccaaa2281092b512ef7e07e 28.89MB / 28.89MB 0.2s done
2025-02-09T11:33:35.8382414Z #5 extracting sha256:25a614108e8d9c23a53cb3193f34ba623efe45c81ccaaa2281092b512ef7e07e
2025-02-09T11:33:35.9876206Z #5 sha256:f792b9949b7aec0cebee50794aeb833593db246fca4563150ae14601133dd1c7 126.88MB / 496.69MB 0.6s
2025-02-09T11:33:36.1377440Z #5 sha256:f792b9949b7aec0cebee50794aeb833593db246fca4563150ae14601133dd1c7 162.53MB / 496.69MB 0.8s
2025-02-09T11:33:36.2874981Z #5 sha256:f792b9949b7aec0cebee50794aeb833593db246fca4563150ae14601133dd1c7 192.94MB / 496.69MB 0.9s
2025-02-09T11:33:36.4375300Z #5 sha256:f792b9949b7aec0cebee50794aeb833593db246fca4563150ae14601133dd1c7 225.44MB / 496.69MB 1.1s
2025-02-09T11:33:36.5896383Z #5 sha256:f792b9949b7aec0cebee50794aeb833593db246fca4563150ae14601133dd1c7 259.00MB / 496.69MB 1.2s
2025-02-09T11:33:36.5900134Z #5 sha256:3c0a265ff0adaf18b5d57876696e3b101ba2052cff16f4d0af8d39bef53ce495 160.43MB / 2.73GB 1.1s
2025-02-09T11:33:36.7344993Z #5 extracting sha256:25a614108e8d9c23a53cb3193f34ba623efe45c81ccaaa2281092b512ef7e07e 1.0s done
2025-02-09T11:33:36.8873401Z #5 sha256:f792b9949b7aec0cebee50794aeb833593db246fca4563150ae14601133dd1c7 321.91MB / 496.69MB 1.5s
2025-02-09T11:33:37.0384820Z #5 sha256:f792b9949b7aec0cebee50794aeb833593db246fca4563150ae14601133dd1c7 350.22MB / 496.69MB 1.7s
2025-02-09T11:33:37.2032296Z #5 sha256:f792b9949b7aec0cebee50794aeb833593db246fca4563150ae14601133dd1c7 392.79MB / 496.69MB 1.8s
2025-02-09T11:33:37.3384481Z #5 sha256:f792b9949b7aec0cebee50794aeb833593db246fca4563150ae14601133dd1c7 419.43MB / 496.69MB 2.0s
2025-02-09T11:33:37.3385673Z #5 sha256:3c0a265ff0adaf18b5d57876696e3b101ba2052cff16f4d0af8d39bef53ce495 335.54MB / 2.73GB 1.8s
2025-02-09T11:33:37.4874352Z #5 sha256:f792b9949b7aec0cebee50794aeb833593db246fca4563150ae14601133dd1c7 456.13MB / 496.69MB 2.1s
2025-02-09T11:33:37.6384096Z #5 sha256:f792b9949b7aec0cebee50794aeb833593db246fca4563150ae14601133dd1c7 489.68MB / 496.69MB 2.3s
2025-02-09T11:33:38.0888222Z #5 sha256:3c0a265ff0adaf18b5d57876696e3b101ba2052cff16f4d0af8d39bef53ce495 491.78MB / 2.73GB 2.6s
2025-02-09T11:33:38.7632632Z #5 sha256:f792b9949b7aec0cebee50794aeb833593db246fca4563150ae14601133dd1c7 496.69MB / 496.69MB 3.2s done
2025-02-09T11:33:38.7634644Z #5 sha256:3c0a265ff0adaf18b5d57876696e3b101ba2052cff16f4d0af8d39bef53ce495 668.99MB / 2.73GB 3.3s
2025-02-09T11:33:39.3631439Z #5 sha256:3c0a265ff0adaf18b5d57876696e3b101ba2052cff16f4d0af8d39bef53ce495 808.45MB / 2.73GB 3.9s
2025-02-09T11:33:40.1143499Z #5 sha256:3c0a265ff0adaf18b5d57876696e3b101ba2052cff16f4d0af8d39bef53ce495 975.18MB / 2.73GB 4.7s
2025-02-09T11:33:41.0131226Z #5 sha256:3c0a265ff0adaf18b5d57876696e3b101ba2052cff16f4d0af8d39bef53ce495 1.11GB / 2.73GB 5.6s
2025-02-09T11:33:42.0644572Z #5 sha256:3c0a265ff0adaf18b5d57876696e3b101ba2052cff16f4d0af8d39bef53ce495 1.28GB / 2.73GB 6.6s
2025-02-09T11:33:42.8153844Z #5 sha256:3c0a265ff0adaf18b5d57876696e3b101ba2052cff16f4d0af8d39bef53ce495 1.44GB / 2.73GB 7.4s
2025-02-09T11:33:43.5629734Z #5 sha256:3c0a265ff0adaf18b5d57876696e3b101ba2052cff16f4d0af8d39bef53ce495 1.62GB / 2.73GB 8.1s
2025-02-09T11:33:44.1637969Z #5 sha256:3c0a265ff0adaf18b5d57876696e3b101ba2052cff16f4d0af8d39bef53ce495 1.76GB / 2.73GB 8.7s
2025-02-09T11:33:44.9133524Z #5 sha256:3c0a265ff0adaf18b5d57876696e3b101ba2052cff16f4d0af8d39bef53ce495 1.93GB / 2.73GB 9.5s
2025-02-09T11:33:45.5138157Z #5 sha256:3c0a265ff0adaf18b5d57876696e3b101ba2052cff16f4d0af8d39bef53ce495 2.07GB / 2.73GB 10.1s
2025-02-09T11:33:46.1135801Z #5 sha256:3c0a265ff0adaf18b5d57876696e3b101ba2052cff16f4d0af8d39bef53ce495 2.21GB / 2.73GB 10.7s
2025-02-09T11:33:46.7138398Z #5 sha256:3c0a265ff0adaf18b5d57876696e3b101ba2052cff16f4d0af8d39bef53ce495 2.35GB / 2.73GB 11.3s
2025-02-09T11:33:47.4632075Z #5 sha256:3c0a265ff0adaf18b5d57876696e3b101ba2052cff16f4d0af8d39bef53ce495 2.51GB / 2.73GB 12.0s
2025-02-09T11:33:48.0633743Z #5 sha256:3c0a265ff0adaf18b5d57876696e3b101ba2052cff16f4d0af8d39bef53ce495 2.68GB / 2.73GB 12.6s
2025-02-09T11:33:49.8722982Z #5 sha256:3c0a265ff0adaf18b5d57876696e3b101ba2052cff16f4d0af8d39bef53ce495 2.73GB / 2.73GB 14.3s done
2025-02-09T11:33:49.8724352Z #5 extracting sha256:3c0a265ff0adaf18b5d57876696e3b101ba2052cff16f4d0af8d39bef53ce495
2025-02-09T11:34:41.1861481Z #5 extracting sha256:3c0a265ff0adaf18b5d57876696e3b101ba2052cff16f4d0af8d39bef53ce495 51.5s done
2025-02-09T11:34:41.1862252Z #5 DONE 65.9s
2025-02-09T11:34:41.3106901Z 
2025-02-09T11:34:41.3107906Z #5 [1/8] FROM docker.io/menghuan1918/ubuntu_uv_ctex:latest@sha256:2b087be429bf3f38e08278754ab4e4ca639ba0165b8e71ab707f2814b5d13e11
2025-02-09T11:34:41.3109176Z #5 extracting sha256:2fb7df9706f8b78421ef548f8831a46ef6ed2e50bd2d4c546c80aa96e29af213 0.1s done
2025-02-09T11:34:41.3110240Z #5 DONE 66.0s
2025-02-09T11:34:41.4678556Z 
2025-02-09T11:34:41.4679614Z #5 [1/8] FROM docker.io/menghuan1918/ubuntu_uv_ctex:latest@sha256:2b087be429bf3f38e08278754ab4e4ca639ba0165b8e71ab707f2814b5d13e11
2025-02-09T11:34:41.4681002Z #5 extracting sha256:d57b32b14e776918ee4aa88a566658690b63e675560d0b1f7e50a597597927bc done
2025-02-09T11:34:41.4681944Z #5 extracting sha256:f792b9949b7aec0cebee50794aeb833593db246fca4563150ae14601133dd1c7
2025-02-09T11:34:47.2920592Z #5 extracting sha256:f792b9949b7aec0cebee50794aeb833593db246fca4563150ae14601133dd1c7 6.0s done
2025-02-09T11:34:47.2921500Z #5 DONE 72.0s
2025-02-09T11:34:47.4736750Z 
2025-02-09T11:34:47.4737680Z #5 [1/8] FROM docker.io/menghuan1918/ubuntu_uv_ctex:latest@sha256:2b087be429bf3f38e08278754ab4e4ca639ba0165b8e71ab707f2814b5d13e11
2025-02-09T11:34:47.4738523Z #5 extracting sha256:5fae8efb24618fd02d9cfbcf362b278211b8c5726ec0b790509a22fe0c5944ec 0.0s done
2025-02-09T11:34:47.4739135Z #5 extracting sha256:decb14e0c39cfa7a919f6a8d931be38ad9ffe7fd84a81abe57bd9720740e83e8 done
2025-02-09T11:34:47.4739564Z #5 DONE 72.0s
2025-02-09T11:34:47.4739672Z 
2025-02-09T11:34:47.4739759Z #7 [2/8] WORKDIR /gpt
2025-02-09T11:34:50.2184181Z #7 DONE 2.9s
2025-02-09T11:34:50.3809400Z 
2025-02-09T11:34:50.3809848Z #8 [3/8] COPY requirements.txt .
2025-02-09T11:34:50.3810297Z #8 DONE 0.0s
2025-02-09T11:34:50.3810698Z 
2025-02-09T11:34:50.3812585Z #9 [4/8] RUN pip install --break-system-packages openai numpy arxiv rich colorama Markdown pygments pymupdf python-docx pdfminer     && pip install --break-system-packages -r requirements.txt     && if [ "$(uname -m)" = "x86_64" ]; then     pip install --break-system-packages nougat-ocr;     fi     && pip cache purge     && rm -rf /root/.cache/pip/*
2025-02-09T11:35:25.7936421Z #9 35.56 Collecting openai
2025-02-09T11:35:31.0742712Z #9 40.84   Downloading openai-1.61.1-py3-none-any.whl.metadata (27 kB)
2025-02-09T11:35:48.7836012Z #9 58.55 Collecting numpy
2025-02-09T11:35:49.0247243Z #9 58.64   Downloading numpy-2.2.2-cp312-cp312-manylinux_2_17_aarch64.manylinux2014_aarch64.whl.metadata (63 kB)
2025-02-09T11:35:49.2515678Z #9 58.86      ━━━━━━━━━━━━━━━━━━━━━━━━━━━━━━━━━━━━━━━ 63.4/63.4 kB 836.9 kB/s eta 0:00:00
2025-02-09T11:35:51.3713594Z #9 61.14 Collecting arxiv
2025-02-09T11:35:51.6055015Z #9 61.22   Downloading arxiv-2.1.3-py3-none-any.whl.metadata (6.1 kB)
2025-02-09T11:35:58.1320854Z #9 67.90 Collecting rich
2025-02-09T11:35:58.3666730Z #9 67.99   Downloading rich-13.9.4-py3-none-any.whl.metadata (18 kB)
2025-02-09T11:35:59.8584809Z #9 69.63 Collecting colorama
2025-02-09T11:36:00.0931523Z #9 69.71   Downloading colorama-0.4.6-py2.py3-none-any.whl.metadata (17 kB)
2025-02-09T11:36:01.8508205Z #9 71.62 Collecting Markdown
2025-02-09T11:36:02.0849934Z #9 71.70   Downloading Markdown-3.7-py3-none-any.whl.metadata (7.0 kB)
2025-02-09T11:36:04.2782119Z #9 74.05 Collecting pygments
2025-02-09T11:36:04.5127274Z #9 74.13   Downloading pygments-2.19.1-py3-none-any.whl.metadata (2.5 kB)
2025-02-09T11:36:21.4873260Z #9 91.26 Collecting pymupdf
2025-02-09T11:36:21.7231904Z #9 91.34   Downloading pymupdf-1.25.3.tar.gz (67.3 MB)
2025-02-09T11:36:45.2449282Z #9 114.9      ━━━━━━━━━━━━━━━━━━━━━━━━━━━━━━━━━━━━━━━━ 67.3/67.3 MB 2.7 MB/s eta 0:00:00
2025-02-09T11:36:55.5469508Z #9 125.3   Getting requirements to build wheel: started
2025-02-09T11:37:03.6767857Z #9 133.4   Getting requirements to build wheel: finished with status 'done'
2025-02-09T11:37:03.8982469Z #9 133.5   Installing backend dependencies: started
2025-02-09T11:38:03.8621074Z #9 193.6   Installing backend dependencies: finished with status 'done'
2025-02-09T11:38:04.0349637Z #9 193.7   Preparing metadata (pyproject.toml): started
2025-02-09T11:39:35.3416660Z #9 285.1   Preparing metadata (pyproject.toml): still running...
2025-02-09T11:40:41.2501535Z #9 351.0   Preparing metadata (pyproject.toml): still running...
2025-02-09T11:41:44.9358393Z #9 414.7   Preparing metadata (pyproject.toml): still running...
2025-02-09T11:42:33.5142946Z #9 463.3   Preparing metadata (pyproject.toml): finished with status 'error'
2025-02-09T11:42:39.5453535Z #9 469.3   error: subprocess-exited-with-error
2025-02-09T11:42:39.5454426Z #9 469.3   
2025-02-09T11:42:39.5457811Z #9 469.3   × Preparing metadata (pyproject.toml) did not run successfully.
2025-02-09T11:42:39.5460050Z #9 469.3   │ exit code: 1
2025-02-09T11:42:39.5460662Z #9 469.3   ╰─> [188 lines of output]
2025-02-09T11:42:39.5461236Z #9 469.3       pymupdf_ae2fb4673877437f8071fa64ae3f8ae3/setup.py: ### Starting.
2025-02-09T11:42:39.5461850Z #9 469.3       pymupdf_ae2fb4673877437f8071fa64ae3f8ae3/setup.py: __name__: 'setup'
2025-02-09T11:42:39.5462993Z #9 469.3       pymupdf_ae2fb4673877437f8071fa64ae3f8ae3/setup.py: platform.platform(): 'Linux-6.8.0-1020-azure-aarch64-with-glibc2.39'
2025-02-09T11:42:39.5463981Z #9 469.3       pymupdf_ae2fb4673877437f8071fa64ae3f8ae3/setup.py: platform.python_version(): '3.12.3'
2025-02-09T11:42:39.5464671Z #9 469.3       pymupdf_ae2fb4673877437f8071fa64ae3f8ae3/setup.py: sys.executable: '/usr/bin/python3'
2025-02-09T11:42:39.5465392Z #9 469.3       pymupdf_ae2fb4673877437f8071fa64ae3f8ae3/setup.py: CPU bits: 64 sys.maxsize=9223372036854775807
2025-02-09T11:42:39.5466252Z #9 469.3       pymupdf_ae2fb4673877437f8071fa64ae3f8ae3/setup.py: __file__: '/tmp/pip-install-x2otucyr/pymupdf_ae2fb4673877437f8071fa64ae3f8ae3/setup.py'
2025-02-09T11:42:39.5467258Z #9 469.3       pymupdf_ae2fb4673877437f8071fa64ae3f8ae3/setup.py: os.getcwd(): '/tmp/pip-install-x2otucyr/pymupdf_ae2fb4673877437f8071fa64ae3f8ae3'
2025-02-09T11:42:39.5467995Z #9 469.3       pymupdf_ae2fb4673877437f8071fa64ae3f8ae3/setup.py: sys.argv (3):
2025-02-09T11:42:39.5468787Z #9 469.3       pymupdf_ae2fb4673877437f8071fa64ae3f8ae3/setup.py:     0: '/usr/lib/python3/dist-packages/pip/_vendor/pyproject_hooks/_in_process/_in_process.py'
2025-02-09T11:42:39.5469650Z #9 469.3       pymupdf_ae2fb4673877437f8071fa64ae3f8ae3/setup.py:     1: 'prepare_metadata_for_build_wheel'
2025-02-09T11:42:39.5470307Z #9 469.3       pymupdf_ae2fb4673877437f8071fa64ae3f8ae3/setup.py:     2: '/tmp/tmp0l0b9vu7'
2025-02-09T11:42:39.5471152Z #9 469.3       pymupdf_ae2fb4673877437f8071fa64ae3f8ae3/setup.py: os.environ (17):
2025-02-09T11:42:39.5471752Z #9 469.3       pymupdf_ae2fb4673877437f8071fa64ae3f8ae3/setup.py:     DEBIAN_FRONTEND: 'noninteractive'
2025-02-09T11:42:39.5472323Z #9 469.3       pymupdf_ae2fb4673877437f8071fa64ae3f8ae3/setup.py:     HOME: '/root'
2025-02-09T11:42:39.5473231Z #9 469.3       pymupdf_ae2fb4673877437f8071fa64ae3f8ae3/setup.py:     LC_CTYPE: 'C.UTF-8'
2025-02-09T11:42:39.5474007Z #9 469.3       pymupdf_ae2fb4673877437f8071fa64ae3f8ae3/setup.py:     OTEL_EXPORTER_OTLP_TRACES_ENDPOINT: 'unix:///dev/otel-grpc.sock'
2025-02-09T11:42:39.5474819Z #9 469.3       pymupdf_ae2fb4673877437f8071fa64ae3f8ae3/setup.py:     OTEL_EXPORTER_OTLP_TRACES_PROTOCOL: 'grpc'
2025-02-09T11:42:39.5475514Z #9 469.3       pymupdf_ae2fb4673877437f8071fa64ae3f8ae3/setup.py:     OTEL_TRACES_EXPORTER: 'otlp'
2025-02-09T11:42:39.5476294Z #9 469.3       pymupdf_ae2fb4673877437f8071fa64ae3f8ae3/setup.py:     OTEL_TRACE_PARENT: '00-b99d3357112715ca3eea16fe330c1d0b-89c869c3498aa580-01'
2025-02-09T11:42:39.5477615Z #9 469.3       pymupdf_ae2fb4673877437f8071fa64ae3f8ae3/setup.py:     PATH: '/tmp/pip-build-env-1nptuppk/overlay/local/bin:/tmp/pip-build-env-1nptuppk/normal/local/bin:/usr/local/sbin:/usr/local/bin:/usr/sbin:/usr/bin:/sbin:/bin'
2025-02-09T11:42:39.5478880Z #9 469.3       pymupdf_ae2fb4673877437f8071fa64ae3f8ae3/setup.py:     PEP517_BACKEND_PATH: '/tmp/pip-install-x2otucyr/pymupdf_ae2fb4673877437f8071fa64ae3f8ae3'
2025-02-09T11:42:39.5479721Z #9 469.3       pymupdf_ae2fb4673877437f8071fa64ae3f8ae3/setup.py:     PEP517_BUILD_BACKEND: 'setup'
2025-02-09T11:42:39.5480568Z #9 469.3       pymupdf_ae2fb4673877437f8071fa64ae3f8ae3/setup.py:     PIP_BUILD_TRACKER: '/tmp/pip-build-tracker-atheyeoa'
2025-02-09T11:42:39.5481255Z #9 469.3       pymupdf_ae2fb4673877437f8071fa64ae3f8ae3/setup.py:     PWD: '/gpt'
2025-02-09T11:42:39.5481768Z #9 469.3       pymupdf_ae2fb4673877437f8071fa64ae3f8ae3/setup.py:     PYTHONNOUSERSITE: '1'
2025-02-09T11:42:39.5482581Z #9 469.3       pymupdf_ae2fb4673877437f8071fa64ae3f8ae3/setup.py:     PYTHONPATH: '/tmp/pip-build-env-1nptuppk/site'
2025-02-09T11:42:39.5483150Z #9 469.3       pymupdf_ae2fb4673877437f8071fa64ae3f8ae3/setup.py:     SHLVL: '1'
2025-02-09T11:42:39.5483856Z #9 469.3       pymupdf_ae2fb4673877437f8071fa64ae3f8ae3/setup.py:     TRACEPARENT: '00-b99d3357112715ca3eea16fe330c1d0b-89c869c3498aa580-01'
2025-02-09T11:42:39.5484479Z #9 469.3       pymupdf_ae2fb4673877437f8071fa64ae3f8ae3/setup.py:     _: '/usr/bin/pip'
2025-02-09T11:42:39.5484972Z #9 469.3       pymupdf_ae2fb4673877437f8071fa64ae3f8ae3/setup.py: PYMUPDF_SETUP_URL_WHEEL=None
2025-02-09T11:42:39.5485503Z #9 469.3       pipcl.py:785:tag_platform(): From self.tag_platform_: ret=None.
2025-02-09T11:42:39.5485936Z #9 469.3       pipcl.py:793:tag_platform(): From AUDITWHEEL_PLAT: ret=None.
2025-02-09T11:42:39.5486372Z #9 469.3       pipcl.py:808:tag_platform(): From sysconfig.get_platform(): ret='linux_aarch64'.
2025-02-09T11:42:39.5486852Z #9 469.3       pipcl.py:822:tag_platform(): tag_platform(): returning ret='linux_aarch64'.
2025-02-09T11:42:39.5487412Z #9 469.3       pymupdf_ae2fb4673877437f8071fa64ae3f8ae3/setup.py: get_mupdf_internal(): out='dir' location=None sha=None
2025-02-09T11:42:39.5488406Z #9 469.3       pymupdf_ae2fb4673877437f8071fa64ae3f8ae3/setup.py: Download location='https://mupdf.com/downloads/archive/mupdf-1.25.4-source.tar.gz' local_tgz='mupdf-1.25.4-source.tar.gz' name='mupdf-1.25.4-source'
2025-02-09T11:42:39.5489747Z #9 469.3       pymupdf_ae2fb4673877437f8071fa64ae3f8ae3/setup.py: Downloading from location='https://mupdf.com/downloads/archive/mupdf-1.25.4-source.tar.gz' to local_tgz='mupdf-1.25.4-source.tar.gz'.
2025-02-09T11:42:39.5490734Z #9 469.3       pymupdf_ae2fb4673877437f8071fa64ae3f8ae3/setup.py: Extracting mupdf-1.25.4-source.tar.gz
2025-02-09T11:42:39.5491388Z #9 469.3       pymupdf_ae2fb4673877437f8071fa64ae3f8ae3/setup.py: Setting XCFLAGS and XCXXFLAGS to predefine TOFU_CJK_EXT.
2025-02-09T11:42:39.5492053Z #9 469.3       pymupdf_ae2fb4673877437f8071fa64ae3f8ae3/setup.py: Appending `bsymbolic-` to MuPDF build path.
2025-02-09T11:42:39.5492616Z #9 469.3       pymupdf_ae2fb4673877437f8071fa64ae3f8ae3/setup.py: g_py_limited_api=True
2025-02-09T11:42:39.5495333Z #9 469.3       pymupdf_ae2fb4673877437f8071fa64ae3f8ae3/setup.py: Building MuPDF by running: cd /tmp/pip-install-x2otucyr/pymupdf_ae2fb4673877437f8071fa64ae3f8ae3/mupdf-1.25.4-source && XCFLAGS=-DTOFU_CJK_EXT XCXXFLAGS=-DTOFU_CJK_EXT /usr/bin/python3 ./scripts/mupdfwrap.py -d build/PyMuPDF-aarch64-shared-tesseract-bsymbolic-Py_LIMITED_API_0x030c0000-release -b all && echo /tmp/pip-install-x2otucyr/pymupdf_ae2fb4673877437f8071fa64ae3f8ae3/mupdf-1.25.4-source/build/PyMuPDF-aarch64-shared-tesseract-bsymbolic-Py_LIMITED_API_0x030c0000-release: && ls -l /tmp/pip-install-x2otucyr/pymupdf_ae2fb4673877437f8071fa64ae3f8ae3/mupdf-1.25.4-source/build/PyMuPDF-aarch64-shared-tesseract-bsymbolic-Py_LIMITED_API_0x030c0000-release
2025-02-09T11:42:39.5497952Z #9 469.3       (+9.0s): state.py:358:set_dir_so: self.Py_LIMITED_API=None
2025-02-09T11:42:39.5498337Z #9 469.3       (+9.4s): -d: state.py:358:set_dir_so: self.Py_LIMITED_API='0x030c0000'
2025-02-09T11:42:39.5498718Z #9 469.3       (+9.6s): -b: m: __main__.py:1589:build: Building libmupdf.so ...
2025-02-09T11:42:39.5499149Z #9 469.3       (+9.7s): -b: m: __main__.py:1093:_get_m_command: Setting -j to  multiprocessing.cpu_count()=4
2025-02-09T11:42:39.5500555Z #9 469.3       (+10.0s): -b: m: __main__.py:1591:build: running: cd /tmp/pip-install-x2otucyr/pymupdf_ae2fb4673877437f8071fa64ae3f8ae3/mupdf-1.25.4-source && XLIB_LDFLAGS=-Wl,-Bsymbolic make -j 4 HAVE_GLUT=no HAVE_PTHREAD=yes verbose=yes shared=yes HAVE_LEPTONICA=yes HAVE_TESSERACT=yes build=release build_prefix=PyMuPDF-aarch64-shared-tesseract-bsymbolic-Py_LIMITED_API_0x030c0000-
2025-02-09T11:42:39.5501892Z #9 469.3       (+10.2s): -b: m: __main__.py:1591:build: (+9.9s): -b: m: __main__.py:1591:build: /bin/sh: 1: pkg-config: not found
2025-02-09T11:42:39.5502524Z #9 469.3       (+10.3s): -b: m: __main__.py:1591:build: (+9.9s): -b: m: __main__.py:1591:build: /bin/sh: 1: pkg-config: not found
2025-02-09T11:42:39.5503028Z #9 469.3       (+10.3s): -b: m: __main__.py:1591:build: (+9.9s): -b: m: __main__.py:1591:build: /bin/sh: 1: pkg-config: not found
2025-02-09T11:42:39.5503526Z #9 469.3       (+10.3s): -b: m: __main__.py:1591:build: (+9.9s): -b: m: __main__.py:1591:build: /bin/sh: 1: pkg-config: not found
2025-02-09T11:42:39.5504022Z #9 469.3       (+10.3s): -b: m: __main__.py:1591:build: (+9.9s): -b: m: __main__.py:1591:build: /bin/sh: 1: pkg-config: not found
2025-02-09T11:42:39.5504513Z #9 469.3       (+10.3s): -b: m: __main__.py:1591:build: (+9.9s): -b: m: __main__.py:1591:build: /bin/sh: 1: pkg-config: not found
2025-02-09T11:42:39.5505004Z #9 469.3       (+10.4s): -b: m: __main__.py:1591:build: (+9.9s): -b: m: __main__.py:1591:build: /bin/sh: 1: pkg-config: not found
2025-02-09T11:42:39.5505493Z #9 469.3       (+10.4s): -b: m: __main__.py:1591:build: (+9.9s): -b: m: __main__.py:1591:build: /bin/sh: 1: pkg-config: not found
2025-02-09T11:42:39.5505988Z #9 469.3       (+10.4s): -b: m: __main__.py:1591:build: (+9.9s): -b: m: __main__.py:1591:build: /bin/sh: 1: pkg-config: not found
2025-02-09T11:42:39.5506479Z #9 469.3       (+10.4s): -b: m: __main__.py:1591:build: (+9.9s): -b: m: __main__.py:1591:build: /bin/sh: 1: pkg-config: not found
2025-02-09T11:42:39.5506975Z #9 469.3       (+10.5s): -b: m: __main__.py:1591:build: (+9.9s): -b: m: __main__.py:1591:build: /bin/sh: 1: pkg-config: not found
2025-02-09T11:42:39.5507465Z #9 469.3       (+10.5s): -b: m: __main__.py:1591:build: (+9.9s): -b: m: __main__.py:1591:build: /bin/sh: 1: pkg-config: not found
2025-02-09T11:42:39.5507955Z #9 469.3       (+10.5s): -b: m: __main__.py:1591:build: (+9.9s): -b: m: __main__.py:1591:build: /bin/sh: 1: pkg-config: not found
2025-02-09T11:42:39.5523843Z #9 469.3       (+30.1s): -b: m: __main__.py:1591:build: (+9.9s): -b: m: __main__.py:1591:build: mkdir -p build/PyMuPDF-aarch64-shared-tesseract-bsymbolic-Py_LIMITED_API_0x030c0000-release/source/fitz/ ; cc -ffunction-sections -fdata-sections -pipe -O2 -DNDEBUG -DTOFU_CJK_EXT -Iinclude -MMD -MP -o build/PyMuPDF-aarch64-shared-tesseract-bsymbolic-Py_LIMITED_API_0x030c0000-release/source/fitz/archive.o -c source/fitz/archive.c -Wall -Wsign-compare -Wdeclaration-after-statement -fPIC -Ithirdparty/freetype/include -Iscripts/freetype -Ithirdparty/gumbo-parser/src -Ithirdparty/harfbuzz/src -Ithirdparty/libjpeg -Iscripts/libjpeg -Ithirdparty/lcms2/include -DHAVE_LCMS2MT -Ithirdparty/mujs -Ithirdparty/zlib -Ithirdparty/jbig2dec -Ithirdparty/openjpeg/src/lib/openjp2 -DOPJ_STATIC -DOPJ_HAVE_INTTYPES_H -DOPJ_HAVE_STDINT_H -DHAVE_LEPTONICA -Ithirdparty/leptonica/src -DHAVE_TESSERACT -Ithirdparty/tesseract/include -Iscripts/tesseract -Ithirdparty/extract/include -Ithirdparty/extract/src
2025-02-09T11:42:39.5533319Z #9 469.3       (+30.1s): -b: m: __main__.py:1591:build: (+9.9s): -b: m: __main__.py:1591:build: mkdir -p build/PyMuPDF-aarch64-shared-tesseract-bsymbolic-Py_LIMITED_API_0x030c0000-release/source/fitz/ ; cc -ffunction-sections -fdata-sections -pipe -O2 -DNDEBUG -DTOFU_CJK_EXT -Iinclude -MMD -MP -o build/PyMuPDF-aarch64-shared-tesseract-bsymbolic-Py_LIMITED_API_0x030c0000-release/source/fitz/bbox-device.o -c source/fitz/bbox-device.c -Wall -Wsign-compare -Wdeclaration-after-statement -fPIC -Ithirdparty/freetype/include -Iscripts/freetype -Ithirdparty/gumbo-parser/src -Ithirdparty/harfbuzz/src -Ithirdparty/libjpeg -Iscripts/libjpeg -Ithirdparty/lcms2/include -DHAVE_LCMS2MT -Ithirdparty/mujs -Ithirdparty/zlib -Ithirdparty/jbig2dec -Ithirdparty/openjpeg/src/lib/openjp2 -DOPJ_STATIC -DOPJ_HAVE_INTTYPES_H -DOPJ_HAVE_STDINT_H -DHAVE_LEPTONICA -Ithirdparty/leptonica/src -DHAVE_TESSERACT -Ithirdparty/tesseract/include -Iscripts/tesseract -Ithirdparty/extract/include -Ithirdparty/extract/src
2025-02-09T11:42:39.5539719Z #9 469.3       (+30.1s): -b: m: __main__.py:1591:build: (+9.9s): -b: m: __main__.py:1591:build: mkdir -p build/PyMuPDF-aarch64-shared-tesseract-bsymbolic-Py_LIMITED_API_0x030c0000-release/source/fitz/ ; cc -ffunction-sections -fdata-sections -pipe -O2 -DNDEBUG -DTOFU_CJK_EXT -Iinclude -MMD -MP -o build/PyMuPDF-aarch64-shared-tesseract-bsymbolic-Py_LIMITED_API_0x030c0000-release/source/fitz/bidi-std.o -c source/fitz/bidi-std.c -Wall -Wsign-compare -Wdeclaration-after-statement -fPIC -Ithirdparty/freetype/include -Iscripts/freetype -Ithirdparty/gumbo-parser/src -Ithirdparty/harfbuzz/src -Ithirdparty/libjpeg -Iscripts/libjpeg -Ithirdparty/lcms2/include -DHAVE_LCMS2MT -Ithirdparty/mujs -Ithirdparty/zlib -Ithirdparty/jbig2dec -Ithirdparty/openjpeg/src/lib/openjp2 -DOPJ_STATIC -DOPJ_HAVE_INTTYPES_H -DOPJ_HAVE_STDINT_H -DHAVE_LEPTONICA -Ithirdparty/leptonica/src -DHAVE_TESSERACT -Ithirdparty/tesseract/include -Iscripts/tesseract -Ithirdparty/extract/include -Ithirdparty/extract/src
2025-02-09T11:42:39.5546277Z #9 469.3       (+30.1s): -b: m: __main__.py:1591:build: (+9.9s): -b: m: __main__.py:1591:build: mkdir -p build/PyMuPDF-aarch64-shared-tesseract-bsymbolic-Py_LIMITED_API_0x030c0000-release/source/fitz/ ; cc -ffunction-sections -fdata-sections -pipe -O2 -DNDEBUG -DTOFU_CJK_EXT -Iinclude -MMD -MP -o build/PyMuPDF-aarch64-shared-tesseract-bsymbolic-Py_LIMITED_API_0x030c0000-release/source/fitz/bidi.o -c source/fitz/bidi.c -Wall -Wsign-compare -Wdeclaration-after-statement -fPIC -Ithirdparty/freetype/include -Iscripts/freetype -Ithirdparty/gumbo-parser/src -Ithirdparty/harfbuzz/src -Ithirdparty/libjpeg -Iscripts/libjpeg -Ithirdparty/lcms2/include -DHAVE_LCMS2MT -Ithirdparty/mujs -Ithirdparty/zlib -Ithirdparty/jbig2dec -Ithirdparty/openjpeg/src/lib/openjp2 -DOPJ_STATIC -DOPJ_HAVE_INTTYPES_H -DOPJ_HAVE_STDINT_H -DHAVE_LEPTONICA -Ithirdparty/leptonica/src -DHAVE_TESSERACT -Ithirdparty/tesseract/include -Iscripts/tesseract -Ithirdparty/extract/include -Ithirdparty/extract/src
2025-02-09T11:42:39.5552683Z #9 469.3       (+34.0s): -b: m: __main__.py:1591:build: (+9.9s): -b: m: __main__.py:1591:build: mkdir -p build/PyMuPDF-aarch64-shared-tesseract-bsymbolic-Py_LIMITED_API_0x030c0000-release/source/fitz/ ; cc -ffunction-sections -fdata-sections -pipe -O2 -DNDEBUG -DTOFU_CJK_EXT -Iinclude -MMD -MP -o build/PyMuPDF-aarch64-shared-tesseract-bsymbolic-Py_LIMITED_API_0x030c0000-release/source/fitz/bitmap.o -c source/fitz/bitmap.c -Wall -Wsign-compare -Wdeclaration-after-statement -fPIC -Ithirdparty/freetype/include -Iscripts/freetype -Ithirdparty/gumbo-parser/src -Ithirdparty/harfbuzz/src -Ithirdparty/libjpeg -Iscripts/libjpeg -Ithirdparty/lcms2/include -DHAVE_LCMS2MT -Ithirdparty/mujs -Ithirdparty/zlib -Ithirdparty/jbig2dec -Ithirdparty/openjpeg/src/lib/openjp2 -DOPJ_STATIC -DOPJ_HAVE_INTTYPES_H -DOPJ_HAVE_STDINT_H -DHAVE_LEPTONICA -Ithirdparty/leptonica/src -DHAVE_TESSERACT -Ithirdparty/tesseract/include -Iscripts/tesseract -Ithirdparty/extract/include -Ithirdparty/extract/src
2025-02-09T11:42:39.5558906Z #9 469.3       (+34.4s): -b: m: __main__.py:1591:build: (+9.9s): -b: m: __main__.py:1591:build: mkdir -p build/PyMuPDF-aarch64-shared-tesseract-bsymbolic-Py_LIMITED_API_0x030c0000-release/source/fitz/ ; cc -ffunction-sections -fdata-sections -pipe -O2 -DNDEBUG -DTOFU_CJK_EXT -Iinclude -MMD -MP -o build/PyMuPDF-aarch64-shared-tesseract-bsymbolic-Py_LIMITED_API_0x030c0000-release/source/fitz/buffer.o -c source/fitz/buffer.c -Wall -Wsign-compare -Wdeclaration-after-statement -fPIC -Ithirdparty/freetype/include -Iscripts/freetype -Ithirdparty/gumbo-parser/src -Ithirdparty/harfbuzz/src -Ithirdparty/libjpeg -Iscripts/libjpeg -Ithirdparty/lcms2/include -DHAVE_LCMS2MT -Ithirdparty/mujs -Ithirdparty/zlib -Ithirdparty/jbig2dec -Ithirdparty/openjpeg/src/lib/openjp2 -DOPJ_STATIC -DOPJ_HAVE_INTTYPES_H -DOPJ_HAVE_STDINT_H -DHAVE_LEPTONICA -Ithirdparty/leptonica/src -DHAVE_TESSERACT -Ithirdparty/tesseract/include -Iscripts/tesseract -Ithirdparty/extract/include -Ithirdparty/extract/src
2025-02-09T11:42:39.5565248Z #9 469.3       (+34.6s): -b: m: __main__.py:1591:build: (+9.9s): -b: m: __main__.py:1591:build: mkdir -p build/PyMuPDF-aarch64-shared-tesseract-bsymbolic-Py_LIMITED_API_0x030c0000-release/source/fitz/ ; cc -ffunction-sections -fdata-sections -pipe -O2 -DNDEBUG -DTOFU_CJK_EXT -Iinclude -MMD -MP -o build/PyMuPDF-aarch64-shared-tesseract-bsymbolic-Py_LIMITED_API_0x030c0000-release/source/fitz/color-fast.o -c source/fitz/color-fast.c -Wall -Wsign-compare -Wdeclaration-after-statement -fPIC -Ithirdparty/freetype/include -Iscripts/freetype -Ithirdparty/gumbo-parser/src -Ithirdparty/harfbuzz/src -Ithirdparty/libjpeg -Iscripts/libjpeg -Ithirdparty/lcms2/include -DHAVE_LCMS2MT -Ithirdparty/mujs -Ithirdparty/zlib -Ithirdparty/jbig2dec -Ithirdparty/openjpeg/src/lib/openjp2 -DOPJ_STATIC -DOPJ_HAVE_INTTYPES_H -DOPJ_HAVE_STDINT_H -DHAVE_LEPTONICA -Ithirdparty/leptonica/src -DHAVE_TESSERACT -Ithirdparty/tesseract/include -Iscripts/tesseract -Ithirdparty/extract/include -Ithirdparty/extract/src
2025-02-09T11:42:39.5571833Z #9 469.3       (+35.0s): -b: m: __main__.py:1591:build: (+9.9s): -b: m: __main__.py:1591:build: mkdir -p build/PyMuPDF-aarch64-shared-tesseract-bsymbolic-Py_LIMITED_API_0x030c0000-release/source/fitz/ ; cc -ffunction-sections -fdata-sections -pipe -O2 -DNDEBUG -DTOFU_CJK_EXT -Iinclude -MMD -MP -o build/PyMuPDF-aarch64-shared-tesseract-bsymbolic-Py_LIMITED_API_0x030c0000-release/source/fitz/color-icc-create.o -c source/fitz/color-icc-create.c -Wall -Wsign-compare -Wdeclaration-after-statement -fPIC -Ithirdparty/freetype/include -Iscripts/freetype -Ithirdparty/gumbo-parser/src -Ithirdparty/harfbuzz/src -Ithirdparty/libjpeg -Iscripts/libjpeg -Ithirdparty/lcms2/include -DHAVE_LCMS2MT -Ithirdparty/mujs -Ithirdparty/zlib -Ithirdparty/jbig2dec -Ithirdparty/openjpeg/src/lib/openjp2 -DOPJ_STATIC -DOPJ_HAVE_INTTYPES_H -DOPJ_HAVE_STDINT_H -DHAVE_LEPTONICA -Ithirdparty/leptonica/src -DHAVE_TESSERACT -Ithirdparty/tesseract/include -Iscripts/tesseract -Ithirdparty/extract/include -Ithirdparty/extract/src
2025-02-09T11:42:39.5578262Z #9 469.3       (+38.2s): -b: m: __main__.py:1591:build: (+9.9s): -b: m: __main__.py:1591:build: mkdir -p build/PyMuPDF-aarch64-shared-tesseract-bsymbolic-Py_LIMITED_API_0x030c0000-release/source/fitz/ ; cc -ffunction-sections -fdata-sections -pipe -O2 -DNDEBUG -DTOFU_CJK_EXT -Iinclude -MMD -MP -o build/PyMuPDF-aarch64-shared-tesseract-bsymbolic-Py_LIMITED_API_0x030c0000-release/source/fitz/color-lcms.o -c source/fitz/color-lcms.c -Wall -Wsign-compare -Wdeclaration-after-statement -fPIC -Ithirdparty/freetype/include -Iscripts/freetype -Ithirdparty/gumbo-parser/src -Ithirdparty/harfbuzz/src -Ithirdparty/libjpeg -Iscripts/libjpeg -Ithirdparty/lcms2/include -DHAVE_LCMS2MT -Ithirdparty/mujs -Ithirdparty/zlib -Ithirdparty/jbig2dec -Ithirdparty/openjpeg/src/lib/openjp2 -DOPJ_STATIC -DOPJ_HAVE_INTTYPES_H -DOPJ_HAVE_STDINT_H -DHAVE_LEPTONICA -Ithirdparty/leptonica/src -DHAVE_TESSERACT -Ithirdparty/tesseract/include -Iscripts/tesseract -Ithirdparty/extract/include -Ithirdparty/extract/src
2025-02-09T11:42:39.5584643Z #9 469.3       (+39.7s): -b: m: __main__.py:1591:build: (+9.9s): -b: m: __main__.py:1591:build: mkdir -p build/PyMuPDF-aarch64-shared-tesseract-bsymbolic-Py_LIMITED_API_0x030c0000-release/source/fitz/ ; cc -ffunction-sections -fdata-sections -pipe -O2 -DNDEBUG -DTOFU_CJK_EXT -Iinclude -MMD -MP -o build/PyMuPDF-aarch64-shared-tesseract-bsymbolic-Py_LIMITED_API_0x030c0000-release/source/fitz/colorspace.o -c source/fitz/colorspace.c -Wall -Wsign-compare -Wdeclaration-after-statement -fPIC -Ithirdparty/freetype/include -Iscripts/freetype -Ithirdparty/gumbo-parser/src -Ithirdparty/harfbuzz/src -Ithirdparty/libjpeg -Iscripts/libjpeg -Ithirdparty/lcms2/include -DHAVE_LCMS2MT -Ithirdparty/mujs -Ithirdparty/zlib -Ithirdparty/jbig2dec -Ithirdparty/openjpeg/src/lib/openjp2 -DOPJ_STATIC -DOPJ_HAVE_INTTYPES_H -DOPJ_HAVE_STDINT_H -DHAVE_LEPTONICA -Ithirdparty/leptonica/src -DHAVE_TESSERACT -Ithirdparty/tesseract/include -Iscripts/tesseract -Ithirdparty/extract/include -Ithirdparty/extract/src
2025-02-09T11:42:39.5591298Z #9 469.3       (+40.8s): -b: m: __main__.py:1591:build: (+9.9s): -b: m: __main__.py:1591:build: mkdir -p build/PyMuPDF-aarch64-shared-tesseract-bsymbolic-Py_LIMITED_API_0x030c0000-release/source/fitz/ ; cc -ffunction-sections -fdata-sections -pipe -O2 -DNDEBUG -DTOFU_CJK_EXT -Iinclude -MMD -MP -o build/PyMuPDF-aarch64-shared-tesseract-bsymbolic-Py_LIMITED_API_0x030c0000-release/source/fitz/compress.o -c source/fitz/compress.c -Wall -Wsign-compare -Wdeclaration-after-statement -fPIC -Ithirdparty/freetype/include -Iscripts/freetype -Ithirdparty/gumbo-parser/src -Ithirdparty/harfbuzz/src -Ithirdparty/libjpeg -Iscripts/libjpeg -Ithirdparty/lcms2/include -DHAVE_LCMS2MT -Ithirdparty/mujs -Ithirdparty/zlib -Ithirdparty/jbig2dec -Ithirdparty/openjpeg/src/lib/openjp2 -DOPJ_STATIC -DOPJ_HAVE_INTTYPES_H -DOPJ_HAVE_STDINT_H -DHAVE_LEPTONICA -Ithirdparty/leptonica/src -DHAVE_TESSERACT -Ithirdparty/tesseract/include -Iscripts/tesseract -Ithirdparty/extract/include -Ithirdparty/extract/src
2025-02-09T11:42:39.5597726Z #9 469.3       (+43.6s): -b: m: __main__.py:1591:build: (+9.9s): -b: m: __main__.py:1591:build: mkdir -p build/PyMuPDF-aarch64-shared-tesseract-bsymbolic-Py_LIMITED_API_0x030c0000-release/source/fitz/ ; cc -ffunction-sections -fdata-sections -pipe -O2 -DNDEBUG -DTOFU_CJK_EXT -Iinclude -MMD -MP -o build/PyMuPDF-aarch64-shared-tesseract-bsymbolic-Py_LIMITED_API_0x030c0000-release/source/fitz/compressed-buffer.o -c source/fitz/compressed-buffer.c -Wall -Wsign-compare -Wdeclaration-after-statement -fPIC -Ithirdparty/freetype/include -Iscripts/freetype -Ithirdparty/gumbo-parser/src -Ithirdparty/harfbuzz/src -Ithirdparty/libjpeg -Iscripts/libjpeg -Ithirdparty/lcms2/include -DHAVE_LCMS2MT -Ithirdparty/mujs -Ithirdparty/zlib -Ithirdparty/jbig2dec -Ithirdparty/openjpeg/src/lib/openjp2 -DOPJ_STATIC -DOPJ_HAVE_INTTYPES_H -DOPJ_HAVE_STDINT_H -DHAVE_LEPTONICA -Ithirdparty/leptonica/src -DHAVE_TESSERACT -Ithirdparty/tesseract/include -Iscripts/tesseract -Ithirdparty/extract/include -Ithirdparty/extract/src
2025-02-09T11:42:39.5604289Z #9 469.3       (+43.6s): -b: m: __main__.py:1591:build: (+9.9s): -b: m: __main__.py:1591:build: mkdir -p build/PyMuPDF-aarch64-shared-tesseract-bsymbolic-Py_LIMITED_API_0x030c0000-release/source/fitz/ ; cc -ffunction-sections -fdata-sections -pipe -O2 -DNDEBUG -DTOFU_CJK_EXT -Iinclude -MMD -MP -o build/PyMuPDF-aarch64-shared-tesseract-bsymbolic-Py_LIMITED_API_0x030c0000-release/source/fitz/context.o -c source/fitz/context.c -Wall -Wsign-compare -Wdeclaration-after-statement -fPIC -Ithirdparty/freetype/include -Iscripts/freetype -Ithirdparty/gumbo-parser/src -Ithirdparty/harfbuzz/src -Ithirdparty/libjpeg -Iscripts/libjpeg -Ithirdparty/lcms2/include -DHAVE_LCMS2MT -Ithirdparty/mujs -Ithirdparty/zlib -Ithirdparty/jbig2dec -Ithirdparty/openjpeg/src/lib/openjp2 -DOPJ_STATIC -DOPJ_HAVE_INTTYPES_H -DOPJ_HAVE_STDINT_H -DHAVE_LEPTONICA -Ithirdparty/leptonica/src -DHAVE_TESSERACT -Ithirdparty/tesseract/include -Iscripts/tesseract -Ithirdparty/extract/include -Ithirdparty/extract/src
2025-02-09T11:42:39.5610551Z #9 469.3       (+46.7s): -b: m: __main__.py:1591:build: (+9.9s): -b: m: __main__.py:1591:build: mkdir -p build/PyMuPDF-aarch64-shared-tesseract-bsymbolic-Py_LIMITED_API_0x030c0000-release/source/fitz/ ; cc -ffunction-sections -fdata-sections -pipe -O2 -DNDEBUG -DTOFU_CJK_EXT -Iinclude -MMD -MP -o build/PyMuPDF-aarch64-shared-tesseract-bsymbolic-Py_LIMITED_API_0x030c0000-release/source/fitz/crypt-aes.o -c source/fitz/crypt-aes.c -Wall -Wsign-compare -Wdeclaration-after-statement -fPIC -Ithirdparty/freetype/include -Iscripts/freetype -Ithirdparty/gumbo-parser/src -Ithirdparty/harfbuzz/src -Ithirdparty/libjpeg -Iscripts/libjpeg -Ithirdparty/lcms2/include -DHAVE_LCMS2MT -Ithirdparty/mujs -Ithirdparty/zlib -Ithirdparty/jbig2dec -Ithirdparty/openjpeg/src/lib/openjp2 -DOPJ_STATIC -DOPJ_HAVE_INTTYPES_H -DOPJ_HAVE_STDINT_H -DHAVE_LEPTONICA -Ithirdparty/leptonica/src -DHAVE_TESSERACT -Ithirdparty/tesseract/include -Iscripts/tesseract -Ithirdparty/extract/include -Ithirdparty/extract/src
2025-02-09T11:42:39.5616746Z #9 469.3       (+47.1s): -b: m: __main__.py:1591:build: (+9.9s): -b: m: __main__.py:1591:build: mkdir -p build/PyMuPDF-aarch64-shared-tesseract-bsymbolic-Py_LIMITED_API_0x030c0000-release/source/fitz/ ; cc -ffunction-sections -fdata-sections -pipe -O2 -DNDEBUG -DTOFU_CJK_EXT -Iinclude -MMD -MP -o build/PyMuPDF-aarch64-shared-tesseract-bsymbolic-Py_LIMITED_API_0x030c0000-release/source/fitz/crypt-arc4.o -c source/fitz/crypt-arc4.c -Wall -Wsign-compare -Wdeclaration-after-statement -fPIC -Ithirdparty/freetype/include -Iscripts/freetype -Ithirdparty/gumbo-parser/src -Ithirdparty/harfbuzz/src -Ithirdparty/libjpeg -Iscripts/libjpeg -Ithirdparty/lcms2/include -DHAVE_LCMS2MT -Ithirdparty/mujs -Ithirdparty/zlib -Ithirdparty/jbig2dec -Ithirdparty/openjpeg/src/lib/openjp2 -DOPJ_STATIC -DOPJ_HAVE_INTTYPES_H -DOPJ_HAVE_STDINT_H -DHAVE_LEPTONICA -Ithirdparty/leptonica/src -DHAVE_TESSERACT -Ithirdparty/tesseract/include -Iscripts/tesseract -Ithirdparty/extract/include -Ithirdparty/extract/src
2025-02-09T11:42:39.5623142Z #9 469.3       (+47.4s): -b: m: __main__.py:1591:build: (+9.9s): -b: m: __main__.py:1591:build: mkdir -p build/PyMuPDF-aarch64-shared-tesseract-bsymbolic-Py_LIMITED_API_0x030c0000-release/source/fitz/ ; cc -ffunction-sections -fdata-sections -pipe -O2 -DNDEBUG -DTOFU_CJK_EXT -Iinclude -MMD -MP -o build/PyMuPDF-aarch64-shared-tesseract-bsymbolic-Py_LIMITED_API_0x030c0000-release/source/fitz/crypt-md5.o -c source/fitz/crypt-md5.c -Wall -Wsign-compare -Wdeclaration-after-statement -fPIC -Ithirdparty/freetype/include -Iscripts/freetype -Ithirdparty/gumbo-parser/src -Ithirdparty/harfbuzz/src -Ithirdparty/libjpeg -Iscripts/libjpeg -Ithirdparty/lcms2/include -DHAVE_LCMS2MT -Ithirdparty/mujs -Ithirdparty/zlib -Ithirdparty/jbig2dec -Ithirdparty/openjpeg/src/lib/openjp2 -DOPJ_STATIC -DOPJ_HAVE_INTTYPES_H -DOPJ_HAVE_STDINT_H -DHAVE_LEPTONICA -Ithirdparty/leptonica/src -DHAVE_TESSERACT -Ithirdparty/tesseract/include -Iscripts/tesseract -Ithirdparty/extract/include -Ithirdparty/extract/src
2025-02-09T11:42:39.5629413Z #9 469.3       (+50.0s): -b: m: __main__.py:1591:build: (+9.9s): -b: m: __main__.py:1591:build: mkdir -p build/PyMuPDF-aarch64-shared-tesseract-bsymbolic-Py_LIMITED_API_0x030c0000-release/source/fitz/ ; cc -ffunction-sections -fdata-sections -pipe -O2 -DNDEBUG -DTOFU_CJK_EXT -Iinclude -MMD -MP -o build/PyMuPDF-aarch64-shared-tesseract-bsymbolic-Py_LIMITED_API_0x030c0000-release/source/fitz/crypt-sha2.o -c source/fitz/crypt-sha2.c -Wall -Wsign-compare -Wdeclaration-after-statement -fPIC -Ithirdparty/freetype/include -Iscripts/freetype -Ithirdparty/gumbo-parser/src -Ithirdparty/harfbuzz/src -Ithirdparty/libjpeg -Iscripts/libjpeg -Ithirdparty/lcms2/include -DHAVE_LCMS2MT -Ithirdparty/mujs -Ithirdparty/zlib -Ithirdparty/jbig2dec -Ithirdparty/openjpeg/src/lib/openjp2 -DOPJ_STATIC -DOPJ_HAVE_INTTYPES_H -DOPJ_HAVE_STDINT_H -DHAVE_LEPTONICA -Ithirdparty/leptonica/src -DHAVE_TESSERACT -Ithirdparty/tesseract/include -Iscripts/tesseract -Ithirdparty/extract/include -Ithirdparty/extract/src
2025-02-09T11:42:39.5635780Z #9 469.3       (+52.0s): -b: m: __main__.py:1591:build: (+9.9s): -b: m: __main__.py:1591:build: mkdir -p build/PyMuPDF-aarch64-shared-tesseract-bsymbolic-Py_LIMITED_API_0x030c0000-release/source/fitz/ ; cc -ffunction-sections -fdata-sections -pipe -O2 -DNDEBUG -DTOFU_CJK_EXT -Iinclude -MMD -MP -o build/PyMuPDF-aarch64-shared-tesseract-bsymbolic-Py_LIMITED_API_0x030c0000-release/source/fitz/deskew.o -c source/fitz/deskew.c -Wall -Wsign-compare -Wdeclaration-after-statement -fPIC -Ithirdparty/freetype/include -Iscripts/freetype -Ithirdparty/gumbo-parser/src -Ithirdparty/harfbuzz/src -Ithirdparty/libjpeg -Iscripts/libjpeg -Ithirdparty/lcms2/include -DHAVE_LCMS2MT -Ithirdparty/mujs -Ithirdparty/zlib -Ithirdparty/jbig2dec -Ithirdparty/openjpeg/src/lib/openjp2 -DOPJ_STATIC -DOPJ_HAVE_INTTYPES_H -DOPJ_HAVE_STDINT_H -DHAVE_LEPTONICA -Ithirdparty/leptonica/src -DHAVE_TESSERACT -Ithirdparty/tesseract/include -Iscripts/tesseract -Ithirdparty/extract/include -Ithirdparty/extract/src
2025-02-09T11:42:39.5642144Z #9 469.3       (+52.7s): -b: m: __main__.py:1591:build: (+9.9s): -b: m: __main__.py:1591:build: mkdir -p build/PyMuPDF-aarch64-shared-tesseract-bsymbolic-Py_LIMITED_API_0x030c0000-release/source/fitz/ ; cc -ffunction-sections -fdata-sections -pipe -O2 -DNDEBUG -DTOFU_CJK_EXT -Iinclude -MMD -MP -o build/PyMuPDF-aarch64-shared-tesseract-bsymbolic-Py_LIMITED_API_0x030c0000-release/source/fitz/device.o -c source/fitz/device.c -Wall -Wsign-compare -Wdeclaration-after-statement -fPIC -Ithirdparty/freetype/include -Iscripts/freetype -Ithirdparty/gumbo-parser/src -Ithirdparty/harfbuzz/src -Ithirdparty/libjpeg -Iscripts/libjpeg -Ithirdparty/lcms2/include -DHAVE_LCMS2MT -Ithirdparty/mujs -Ithirdparty/zlib -Ithirdparty/jbig2dec -Ithirdparty/openjpeg/src/lib/openjp2 -DOPJ_STATIC -DOPJ_HAVE_INTTYPES_H -DOPJ_HAVE_STDINT_H -DHAVE_LEPTONICA -Ithirdparty/leptonica/src -DHAVE_TESSERACT -Ithirdparty/tesseract/include -Iscripts/tesseract -Ithirdparty/extract/include -Ithirdparty/extract/src
2025-02-09T11:42:39.5648441Z #9 469.3       (+57.0s): -b: m: __main__.py:1591:build: (+9.9s): -b: m: __main__.py:1591:build: mkdir -p build/PyMuPDF-aarch64-shared-tesseract-bsymbolic-Py_LIMITED_API_0x030c0000-release/source/fitz/ ; cc -ffunction-sections -fdata-sections -pipe -O2 -DNDEBUG -DTOFU_CJK_EXT -Iinclude -MMD -MP -o build/PyMuPDF-aarch64-shared-tesseract-bsymbolic-Py_LIMITED_API_0x030c0000-release/source/fitz/directory.o -c source/fitz/directory.c -Wall -Wsign-compare -Wdeclaration-after-statement -fPIC -Ithirdparty/freetype/include -Iscripts/freetype -Ithirdparty/gumbo-parser/src -Ithirdparty/harfbuzz/src -Ithirdparty/libjpeg -Iscripts/libjpeg -Ithirdparty/lcms2/include -DHAVE_LCMS2MT -Ithirdparty/mujs -Ithirdparty/zlib -Ithirdparty/jbig2dec -Ithirdparty/openjpeg/src/lib/openjp2 -DOPJ_STATIC -DOPJ_HAVE_INTTYPES_H -DOPJ_HAVE_STDINT_H -DHAVE_LEPTONICA -Ithirdparty/leptonica/src -DHAVE_TESSERACT -Ithirdparty/tesseract/include -Iscripts/tesseract -Ithirdparty/extract/include -Ithirdparty/extract/src
2025-02-09T11:42:39.5654961Z #9 469.3       (+57.6s): -b: m: __main__.py:1591:build: (+9.9s): -b: m: __main__.py:1591:build: mkdir -p build/PyMuPDF-aarch64-shared-tesseract-bsymbolic-Py_LIMITED_API_0x030c0000-release/source/fitz/ ; cc -ffunction-sections -fdata-sections -pipe -O2 -DNDEBUG -DTOFU_CJK_EXT -Iinclude -MMD -MP -o build/PyMuPDF-aarch64-shared-tesseract-bsymbolic-Py_LIMITED_API_0x030c0000-release/source/fitz/document-all.o -c source/fitz/document-all.c -Wall -Wsign-compare -Wdeclaration-after-statement -fPIC -Ithirdparty/freetype/include -Iscripts/freetype -Ithirdparty/gumbo-parser/src -Ithirdparty/harfbuzz/src -Ithirdparty/libjpeg -Iscripts/libjpeg -Ithirdparty/lcms2/include -DHAVE_LCMS2MT -Ithirdparty/mujs -Ithirdparty/zlib -Ithirdparty/jbig2dec -Ithirdparty/openjpeg/src/lib/openjp2 -DOPJ_STATIC -DOPJ_HAVE_INTTYPES_H -DOPJ_HAVE_STDINT_H -DHAVE_LEPTONICA -Ithirdparty/leptonica/src -DHAVE_TESSERACT -Ithirdparty/tesseract/include -Iscripts/tesseract -Ithirdparty/extract/include -Ithirdparty/extract/src
2025-02-09T11:42:39.5661248Z #9 469.3       (+59.6s): -b: m: __main__.py:1591:build: (+9.9s): -b: m: __main__.py:1591:build: mkdir -p build/PyMuPDF-aarch64-shared-tesseract-bsymbolic-Py_LIMITED_API_0x030c0000-release/source/fitz/ ; cc -ffunction-sections -fdata-sections -pipe -O2 -DNDEBUG -DTOFU_CJK_EXT -Iinclude -MMD -MP -o build/PyMuPDF-aarch64-shared-tesseract-bsymbolic-Py_LIMITED_API_0x030c0000-release/source/fitz/document.o -c source/fitz/document.c -Wall -Wsign-compare -Wdeclaration-after-statement -fPIC -Ithirdparty/freetype/include -Iscripts/freetype -Ithirdparty/gumbo-parser/src -Ithirdparty/harfbuzz/src -Ithirdparty/libjpeg -Iscripts/libjpeg -Ithirdparty/lcms2/include -DHAVE_LCMS2MT -Ithirdparty/mujs -Ithirdparty/zlib -Ithirdparty/jbig2dec -Ithirdparty/openjpeg/src/lib/openjp2 -DOPJ_STATIC -DOPJ_HAVE_INTTYPES_H -DOPJ_HAVE_STDINT_H -DHAVE_LEPTONICA -Ithirdparty/leptonica/src -DHAVE_TESSERACT -Ithirdparty/tesseract/include -Iscripts/tesseract -Ithirdparty/extract/include -Ithirdparty/extract/src
2025-02-09T11:42:39.5667471Z #9 469.3       (+60.0s): -b: m: __main__.py:1591:build: (+9.9s): -b: m: __main__.py:1591:build: mkdir -p build/PyMuPDF-aarch64-shared-tesseract-bsymbolic-Py_LIMITED_API_0x030c0000-release/source/fitz/ ; cc -ffunction-sections -fdata-sections -pipe -O2 -DNDEBUG -DTOFU_CJK_EXT -Iinclude -MMD -MP -o build/PyMuPDF-aarch64-shared-tesseract-bsymbolic-Py_LIMITED_API_0x030c0000-release/source/fitz/draw-affine.o -c source/fitz/draw-affine.c -Wall -Wsign-compare -Wdeclaration-after-statement -fPIC -Ithirdparty/freetype/include -Iscripts/freetype -Ithirdparty/gumbo-parser/src -Ithirdparty/harfbuzz/src -Ithirdparty/libjpeg -Iscripts/libjpeg -Ithirdparty/lcms2/include -DHAVE_LCMS2MT -Ithirdparty/mujs -Ithirdparty/zlib -Ithirdparty/jbig2dec -Ithirdparty/openjpeg/src/lib/openjp2 -DOPJ_STATIC -DOPJ_HAVE_INTTYPES_H -DOPJ_HAVE_STDINT_H -DHAVE_LEPTONICA -Ithirdparty/leptonica/src -DHAVE_TESSERACT -Ithirdparty/tesseract/include -Iscripts/tesseract -Ithirdparty/extract/include -Ithirdparty/extract/src
2025-02-09T11:42:39.5674038Z #9 469.3       (+1m00.3s): -b: m: __main__.py:1591:build: (+9.9s): -b: m: __main__.py:1591:build: mkdir -p build/PyMuPDF-aarch64-shared-tesseract-bsymbolic-Py_LIMITED_API_0x030c0000-release/source/fitz/ ; cc -ffunction-sections -fdata-sections -pipe -O2 -DNDEBUG -DTOFU_CJK_EXT -Iinclude -MMD -MP -o build/PyMuPDF-aarch64-shared-tesseract-bsymbolic-Py_LIMITED_API_0x030c0000-release/source/fitz/draw-blend.o -c source/fitz/draw-blend.c -Wall -Wsign-compare -Wdeclaration-after-statement -fPIC -Ithirdparty/freetype/include -Iscripts/freetype -Ithirdparty/gumbo-parser/src -Ithirdparty/harfbuzz/src -Ithirdparty/libjpeg -Iscripts/libjpeg -Ithirdparty/lcms2/include -DHAVE_LCMS2MT -Ithirdparty/mujs -Ithirdparty/zlib -Ithirdparty/jbig2dec -Ithirdparty/openjpeg/src/lib/openjp2 -DOPJ_STATIC -DOPJ_HAVE_INTTYPES_H -DOPJ_HAVE_STDINT_H -DHAVE_LEPTONICA -Ithirdparty/leptonica/src -DHAVE_TESSERACT -Ithirdparty/tesseract/include -Iscripts/tesseract -Ithirdparty/extract/include -Ithirdparty/extract/src
2025-02-09T11:42:39.5677479Z #9 469.3       (+1m01.8s): -b: m: __main__.py:1591:build: (+9.9s): -b: m: __main__.py:1591:build: In file included from source/fitz/deskew_neon.h:25,
2025-02-09T11:42:39.5678086Z #9 469.3       (+1m01.8s): -b: m: __main__.py:1591:build: (+9.9s): -b: m: __main__.py:1591:build:                  from source/fitz/deskew.c:299:
2025-02-09T11:42:39.5678791Z #9 469.3       (+1m01.8s): -b: m: __main__.py:1591:build: (+9.9s): -b: m: __main__.py:1591:build: In function ‘vget_high_s32’,
2025-02-09T11:42:39.5679693Z #9 469.3       (+1m01.8s): -b: m: __main__.py:1591:build: (+9.9s): -b: m: __main__.py:1591:build:     inlined from ‘zoom_x1_neon’ at source/fitz/deskew_neon.h:99:17:
2025-02-09T11:42:39.5680938Z #9 469.3       (+1m01.8s): -b: m: __main__.py:1591:build: (+9.9s): -b: m: __main__.py:1591:build: /usr/lib/gcc/aarch64-linux-gnu/13/include/arm_neon.h:3188:11: warning: ‘q_pair_sum’ may be used uninitialized [-Wmaybe-uninitialized]
2025-02-09T11:42:39.5681846Z #9 469.3       (+1m01.8s): -b: m: __main__.py:1591:build: (+9.9s): -b: m: __main__.py:1591:build:  3188 |   return  __builtin_aarch64_get_highv4si (__a);
2025-02-09T11:42:39.5682453Z #9 469.3       (+1m01.8s): -b: m: __main__.py:1591:build: (+9.9s): -b: m: __main__.py:1591:build:       |           ^~~~~~~~~~~~~~~~~~~~~~~~~~~~~~~~~~~~
2025-02-09T11:42:39.5683177Z #9 469.3       (+1m01.8s): -b: m: __main__.py:1591:build: (+9.9s): -b: m: __main__.py:1591:build: source/fitz/deskew_neon.h: In function ‘zoom_x1_neon’:
2025-02-09T11:42:39.5683990Z #9 469.3       (+1m01.8s): -b: m: __main__.py:1591:build: (+9.9s): -b: m: __main__.py:1591:build: source/fitz/deskew_neon.h:92:35: note: ‘q_pair_sum’ was declared here
2025-02-09T11:42:39.5684651Z #9 469.3       (+1m01.8s): -b: m: __main__.py:1591:build: (+9.9s): -b: m: __main__.py:1591:build:    92 |                         int32x4_t q_pair_sum;
2025-02-09T11:42:39.5685219Z #9 469.3       (+1m01.8s): -b: m: __main__.py:1591:build: (+9.9s): -b: m: __main__.py:1591:build:       |                                   ^~~~~~~~~~
2025-02-09T11:42:39.5685846Z #9 469.3       (+1m01.8s): -b: m: __main__.py:1591:build: (+9.9s): -b: m: __main__.py:1591:build: In function ‘vget_high_s32’,
2025-02-09T11:42:39.5686708Z #9 469.3       (+1m01.8s): -b: m: __main__.py:1591:build: (+9.9s): -b: m: __main__.py:1591:build:     inlined from ‘zoom_x1_neon’ at source/fitz/deskew_neon.h:112:17:
2025-02-09T11:42:39.5687781Z #9 469.3       (+1m01.8s): -b: m: __main__.py:1591:build: (+9.9s): -b: m: __main__.py:1591:build: /usr/lib/gcc/aarch64-linux-gnu/13/include/arm_neon.h:3188:11: warning: ‘q_pair_sum’ may be used uninitialized [-Wmaybe-uninitialized]
2025-02-09T11:42:39.5688661Z #9 469.3       (+1m01.8s): -b: m: __main__.py:1591:build: (+9.9s): -b: m: __main__.py:1591:build:  3188 |   return  __builtin_aarch64_get_highv4si (__a);
2025-02-09T11:42:39.5689253Z #9 469.3       (+1m01.8s): -b: m: __main__.py:1591:build: (+9.9s): -b: m: __main__.py:1591:build:       |           ^~~~~~~~~~~~~~~~~~~~~~~~~~~~~~~~~~~~
2025-02-09T11:42:39.5689954Z #9 469.3       (+1m01.8s): -b: m: __main__.py:1591:build: (+9.9s): -b: m: __main__.py:1591:build: source/fitz/deskew_neon.h: In function ‘zoom_x1_neon’:
2025-02-09T11:42:39.5691020Z #9 469.3       (+1m01.8s): -b: m: __main__.py:1591:build: (+9.9s): -b: m: __main__.py:1591:build: source/fitz/deskew_neon.h:104:35: note: ‘q_pair_sum’ was declared here
2025-02-09T11:42:39.5691690Z #9 469.3       (+1m01.8s): -b: m: __main__.py:1591:build: (+9.9s): -b: m: __main__.py:1591:build:   104 |                         int32x4_t q_pair_sum;
2025-02-09T11:42:39.5692263Z #9 469.3       (+1m01.8s): -b: m: __main__.py:1591:build: (+9.9s): -b: m: __main__.py:1591:build:       |                                   ^~~~~~~~~~
2025-02-09T11:42:39.5695867Z #9 469.3       (+1m04.7s): -b: m: __main__.py:1591:build: (+9.9s): -b: m: __main__.py:1591:build: mkdir -p build/PyMuPDF-aarch64-shared-tesseract-bsymbolic-Py_LIMITED_API_0x030c0000-release/source/fitz/ ; cc -ffunction-sections -fdata-sections -pipe -O2 -DNDEBUG -DTOFU_CJK_EXT -Iinclude -MMD -MP -o build/PyMuPDF-aarch64-shared-tesseract-bsymbolic-Py_LIMITED_API_0x030c0000-release/source/fitz/draw-device.o -c source/fitz/draw-device.c -Wall -Wsign-compare -Wdeclaration-after-statement -fPIC -Ithirdparty/freetype/include -Iscripts/freetype -Ithirdparty/gumbo-parser/src -Ithirdparty/harfbuzz/src -Ithirdparty/libjpeg -Iscripts/libjpeg -Ithirdparty/lcms2/include -DHAVE_LCMS2MT -Ithirdparty/mujs -Ithirdparty/zlib -Ithirdparty/jbig2dec -Ithirdparty/openjpeg/src/lib/openjp2 -DOPJ_STATIC -DOPJ_HAVE_INTTYPES_H -DOPJ_HAVE_STDINT_H -DHAVE_LEPTONICA -Ithirdparty/leptonica/src -DHAVE_TESSERACT -Ithirdparty/tesseract/include -Iscripts/tesseract -Ithirdparty/extract/include -Ithirdparty/extract/src
2025-02-09T11:42:39.5702299Z #9 469.3       (+1m07.7s): -b: m: __main__.py:1591:build: (+9.9s): -b: m: __main__.py:1591:build: mkdir -p build/PyMuPDF-aarch64-shared-tesseract-bsymbolic-Py_LIMITED_API_0x030c0000-release/source/fitz/ ; cc -ffunction-sections -fdata-sections -pipe -O2 -DNDEBUG -DTOFU_CJK_EXT -Iinclude -MMD -MP -o build/PyMuPDF-aarch64-shared-tesseract-bsymbolic-Py_LIMITED_API_0x030c0000-release/source/fitz/draw-edge.o -c source/fitz/draw-edge.c -Wall -Wsign-compare -Wdeclaration-after-statement -fPIC -Ithirdparty/freetype/include -Iscripts/freetype -Ithirdparty/gumbo-parser/src -Ithirdparty/harfbuzz/src -Ithirdparty/libjpeg -Iscripts/libjpeg -Ithirdparty/lcms2/include -DHAVE_LCMS2MT -Ithirdparty/mujs -Ithirdparty/zlib -Ithirdparty/jbig2dec -Ithirdparty/openjpeg/src/lib/openjp2 -DOPJ_STATIC -DOPJ_HAVE_INTTYPES_H -DOPJ_HAVE_STDINT_H -DHAVE_LEPTONICA -Ithirdparty/leptonica/src -DHAVE_TESSERACT -Ithirdparty/tesseract/include -Iscripts/tesseract -Ithirdparty/extract/include -Ithirdparty/extract/src
2025-02-09T11:42:39.5708603Z #9 469.3       (+1m13.1s): -b: m: __main__.py:1591:build: (+9.9s): -b: m: __main__.py:1591:build: mkdir -p build/PyMuPDF-aarch64-shared-tesseract-bsymbolic-Py_LIMITED_API_0x030c0000-release/source/fitz/ ; cc -ffunction-sections -fdata-sections -pipe -O2 -DNDEBUG -DTOFU_CJK_EXT -Iinclude -MMD -MP -o build/PyMuPDF-aarch64-shared-tesseract-bsymbolic-Py_LIMITED_API_0x030c0000-release/source/fitz/draw-edgebuffer.o -c source/fitz/draw-edgebuffer.c -Wall -Wsign-compare -Wdeclaration-after-statement -fPIC -Ithirdparty/freetype/include -Iscripts/freetype -Ithirdparty/gumbo-parser/src -Ithirdparty/harfbuzz/src -Ithirdparty/libjpeg -Iscripts/libjpeg -Ithirdparty/lcms2/include -DHAVE_LCMS2MT -Ithirdparty/mujs -Ithirdparty/zlib -Ithirdparty/jbig2dec -Ithirdparty/openjpeg/src/lib/openjp2 -DOPJ_STATIC -DOPJ_HAVE_INTTYPES_H -DOPJ_HAVE_STDINT_H -DHAVE_LEPTONICA -Ithirdparty/leptonica/src -DHAVE_TESSERACT -Ithirdparty/tesseract/include -Iscripts/tesseract -Ithirdparty/extract/include -Ithirdparty/extract/src
2025-02-09T11:42:39.5715269Z #9 469.3       (+1m15.4s): -b: m: __main__.py:1591:build: (+9.9s): -b: m: __main__.py:1591:build: mkdir -p build/PyMuPDF-aarch64-shared-tesseract-bsymbolic-Py_LIMITED_API_0x030c0000-release/source/fitz/ ; cc -ffunction-sections -fdata-sections -pipe -O2 -DNDEBUG -DTOFU_CJK_EXT -Iinclude -MMD -MP -o build/PyMuPDF-aarch64-shared-tesseract-bsymbolic-Py_LIMITED_API_0x030c0000-release/source/fitz/draw-glyph.o -c source/fitz/draw-glyph.c -Wall -Wsign-compare -Wdeclaration-after-statement -fPIC -Ithirdparty/freetype/include -Iscripts/freetype -Ithirdparty/gumbo-parser/src -Ithirdparty/harfbuzz/src -Ithirdparty/libjpeg -Iscripts/libjpeg -Ithirdparty/lcms2/include -DHAVE_LCMS2MT -Ithirdparty/mujs -Ithirdparty/zlib -Ithirdparty/jbig2dec -Ithirdparty/openjpeg/src/lib/openjp2 -DOPJ_STATIC -DOPJ_HAVE_INTTYPES_H -DOPJ_HAVE_STDINT_H -DHAVE_LEPTONICA -Ithirdparty/leptonica/src -DHAVE_TESSERACT -Ithirdparty/tesseract/include -Iscripts/tesseract -Ithirdparty/extract/include -Ithirdparty/extract/src
2025-02-09T11:42:39.5721744Z #9 469.3       (+1m19.8s): -b: m: __main__.py:1591:build: (+9.9s): -b: m: __main__.py:1591:build: mkdir -p build/PyMuPDF-aarch64-shared-tesseract-bsymbolic-Py_LIMITED_API_0x030c0000-release/source/fitz/ ; cc -ffunction-sections -fdata-sections -pipe -O2 -DNDEBUG -DTOFU_CJK_EXT -Iinclude -MMD -MP -o build/PyMuPDF-aarch64-shared-tesseract-bsymbolic-Py_LIMITED_API_0x030c0000-release/source/fitz/draw-mesh.o -c source/fitz/draw-mesh.c -Wall -Wsign-compare -Wdeclaration-after-statement -fPIC -Ithirdparty/freetype/include -Iscripts/freetype -Ithirdparty/gumbo-parser/src -Ithirdparty/harfbuzz/src -Ithirdparty/libjpeg -Iscripts/libjpeg -Ithirdparty/lcms2/include -DHAVE_LCMS2MT -Ithirdparty/mujs -Ithirdparty/zlib -Ithirdparty/jbig2dec -Ithirdparty/openjpeg/src/lib/openjp2 -DOPJ_STATIC -DOPJ_HAVE_INTTYPES_H -DOPJ_HAVE_STDINT_H -DHAVE_LEPTONICA -Ithirdparty/leptonica/src -DHAVE_TESSERACT -Ithirdparty/tesseract/include -Iscripts/tesseract -Ithirdparty/extract/include -Ithirdparty/extract/src
2025-02-09T11:42:39.5725261Z #9 469.3       (+1m20.6s): -b: m: __main__.py:1591:build: (+9.9s): -b: m: __main__.py:1591:build: In function ‘cursor_output’,
2025-02-09T11:42:39.5726004Z #9 469.3       (+1m20.6s): -b: m: __main__.py:1591:build: (+9.9s): -b: m: __main__.py:1591:build:     inlined from ‘cursor_flush’ at source/fitz/draw-edgebuffer.c:938:3,
2025-02-09T11:42:39.5726900Z #9 469.3       (+1m20.6s): -b: m: __main__.py:1591:build: (+9.9s): -b: m: __main__.py:1591:build:     inlined from ‘fz_gap_edgebuffer’ at source/fitz/draw-edgebuffer.c:1866:3,
2025-02-09T11:42:39.5727780Z #9 469.3       (+1m20.6s): -b: m: __main__.py:1591:build: (+9.9s): -b: m: __main__.py:1591:build:     inlined from ‘fz_gap_edgebuffer’ at source/fitz/draw-edgebuffer.c:1851:13:
2025-02-09T11:42:39.5728759Z #9 469.3       (+1m20.6s): -b: m: __main__.py:1591:build: (+9.9s): -b: m: __main__.py:1591:build: source/fitz/draw-edgebuffer.c:461:27: warning: ‘iy2’ may be used uninitialized [-Wmaybe-uninitialized]
2025-02-09T11:42:39.5729506Z #9 469.3       (+1m20.6s): -b: m: __main__.py:1591:build: (+9.9s): -b: m: __main__.py:1591:build:   461 |         if (iy >= 0 && iy < height) {
2025-02-09T11:42:39.5730052Z #9 469.3       (+1m20.6s): -b: m: __main__.py:1591:build: (+9.9s): -b: m: __main__.py:1591:build:       |                        ~~~^~~~~~~~
2025-02-09T11:42:39.5730934Z #9 469.3       (+1m20.6s): -b: m: __main__.py:1591:build: (+9.9s): -b: m: __main__.py:1591:build: source/fitz/draw-edgebuffer.c: In function ‘fz_gap_edgebuffer’:
2025-02-09T11:42:39.5731906Z #9 469.3       (+1m20.6s): -b: m: __main__.py:1591:build: (+9.9s): -b: m: __main__.py:1591:build: source/fitz/draw-edgebuffer.c:740:23: note: ‘iy2’ was declared here
2025-02-09T11:42:39.5732532Z #9 469.3       (+1m20.6s): -b: m: __main__.py:1591:build: (+9.9s): -b: m: __main__.py:1591:build:   740 |         int iy0, iy1, iy2;
2025-02-09T11:42:39.5733066Z #9 469.3       (+1m20.6s): -b: m: __main__.py:1591:build: (+9.9s): -b: m: __main__.py:1591:build:       |                       ^~~
2025-02-09T11:42:39.5736503Z #9 469.3       (+1m23.6s): -b: m: __main__.py:1591:build: (+9.9s): -b: m: __main__.py:1591:build: mkdir -p build/PyMuPDF-aarch64-shared-tesseract-bsymbolic-Py_LIMITED_API_0x030c0000-release/source/fitz/ ; cc -ffunction-sections -fdata-sections -pipe -O2 -DNDEBUG -DTOFU_CJK_EXT -Iinclude -MMD -MP -o build/PyMuPDF-aarch64-shared-tesseract-bsymbolic-Py_LIMITED_API_0x030c0000-release/source/fitz/draw-paint.o -c source/fitz/draw-paint.c -Wall -Wsign-compare -Wdeclaration-after-statement -fPIC -Ithirdparty/freetype/include -Iscripts/freetype -Ithirdparty/gumbo-parser/src -Ithirdparty/harfbuzz/src -Ithirdparty/libjpeg -Iscripts/libjpeg -Ithirdparty/lcms2/include -DHAVE_LCMS2MT -Ithirdparty/mujs -Ithirdparty/zlib -Ithirdparty/jbig2dec -Ithirdparty/openjpeg/src/lib/openjp2 -DOPJ_STATIC -DOPJ_HAVE_INTTYPES_H -DOPJ_HAVE_STDINT_H -DHAVE_LEPTONICA -Ithirdparty/leptonica/src -DHAVE_TESSERACT -Ithirdparty/tesseract/include -Iscripts/tesseract -Ithirdparty/extract/include -Ithirdparty/extract/src
2025-02-09T11:42:39.5742997Z #9 469.3       (+1m26.1s): -b: m: __main__.py:1591:build: (+9.9s): -b: m: __main__.py:1591:build: mkdir -p build/PyMuPDF-aarch64-shared-tesseract-bsymbolic-Py_LIMITED_API_0x030c0000-release/source/fitz/ ; cc -ffunction-sections -fdata-sections -pipe -O2 -DNDEBUG -DTOFU_CJK_EXT -Iinclude -MMD -MP -o build/PyMuPDF-aarch64-shared-tesseract-bsymbolic-Py_LIMITED_API_0x030c0000-release/source/fitz/draw-path.o -c source/fitz/draw-path.c -Wall -Wsign-compare -Wdeclaration-after-statement -fPIC -Ithirdparty/freetype/include -Iscripts/freetype -Ithirdparty/gumbo-parser/src -Ithirdparty/harfbuzz/src -Ithirdparty/libjpeg -Iscripts/libjpeg -Ithirdparty/lcms2/include -DHAVE_LCMS2MT -Ithirdparty/mujs -Ithirdparty/zlib -Ithirdparty/jbig2dec -Ithirdparty/openjpeg/src/lib/openjp2 -DOPJ_STATIC -DOPJ_HAVE_INTTYPES_H -DOPJ_HAVE_STDINT_H -DHAVE_LEPTONICA -Ithirdparty/leptonica/src -DHAVE_TESSERACT -Ithirdparty/tesseract/include -Iscripts/tesseract -Ithirdparty/extract/include -Ithirdparty/extract/src
2025-02-09T11:42:39.5749297Z #9 469.3       (+1m26.5s): -b: m: __main__.py:1591:build: (+9.9s): -b: m: __main__.py:1591:build: mkdir -p build/PyMuPDF-aarch64-shared-tesseract-bsymbolic-Py_LIMITED_API_0x030c0000-release/source/fitz/ ; cc -ffunction-sections -fdata-sections -pipe -O2 -DNDEBUG -DTOFU_CJK_EXT -Iinclude -MMD -MP -o build/PyMuPDF-aarch64-shared-tesseract-bsymbolic-Py_LIMITED_API_0x030c0000-release/source/fitz/draw-rasterize.o -c source/fitz/draw-rasterize.c -Wall -Wsign-compare -Wdeclaration-after-statement -fPIC -Ithirdparty/freetype/include -Iscripts/freetype -Ithirdparty/gumbo-parser/src -Ithirdparty/harfbuzz/src -Ithirdparty/libjpeg -Iscripts/libjpeg -Ithirdparty/lcms2/include -DHAVE_LCMS2MT -Ithirdparty/mujs -Ithirdparty/zlib -Ithirdparty/jbig2dec -Ithirdparty/openjpeg/src/lib/openjp2 -DOPJ_STATIC -DOPJ_HAVE_INTTYPES_H -DOPJ_HAVE_STDINT_H -DHAVE_LEPTONICA -Ithirdparty/leptonica/src -DHAVE_TESSERACT -Ithirdparty/tesseract/include -Iscripts/tesseract -Ithirdparty/extract/include -Ithirdparty/extract/src
2025-02-09T11:42:39.5755947Z #9 469.3       (+1m30.2s): -b: m: __main__.py:1591:build: (+9.9s): -b: m: __main__.py:1591:build: mkdir -p build/PyMuPDF-aarch64-shared-tesseract-bsymbolic-Py_LIMITED_API_0x030c0000-release/source/fitz/ ; cc -ffunction-sections -fdata-sections -pipe -O2 -DNDEBUG -DTOFU_CJK_EXT -Iinclude -MMD -MP -o build/PyMuPDF-aarch64-shared-tesseract-bsymbolic-Py_LIMITED_API_0x030c0000-release/source/fitz/draw-scale-simple.o -c source/fitz/draw-scale-simple.c -Wall -Wsign-compare -Wdeclaration-after-statement -fPIC -Ithirdparty/freetype/include -Iscripts/freetype -Ithirdparty/gumbo-parser/src -Ithirdparty/harfbuzz/src -Ithirdparty/libjpeg -Iscripts/libjpeg -Ithirdparty/lcms2/include -DHAVE_LCMS2MT -Ithirdparty/mujs -Ithirdparty/zlib -Ithirdparty/jbig2dec -Ithirdparty/openjpeg/src/lib/openjp2 -DOPJ_STATIC -DOPJ_HAVE_INTTYPES_H -DOPJ_HAVE_STDINT_H -DHAVE_LEPTONICA -Ithirdparty/leptonica/src -DHAVE_TESSERACT -Ithirdparty/tesseract/include -Iscripts/tesseract -Ithirdparty/extract/include -Ithirdparty/extract/src
2025-02-09T11:42:39.5759926Z #9 469.3       (+1m34.2s): -b: m: __main__.py:1591:build: (+9.9s): -b: m: __main__.py:1591:build: source/fitz/draw-path.c: In function ‘fz_dash_lineto’:
2025-02-09T11:42:39.5760939Z #9 469.3       (+1m34.2s): -b: m: __main__.py:1591:build: (+9.9s): -b: m: __main__.py:1591:build: source/fitz/draw-path.c:1342:31: warning: ‘old_bx’ may be used uninitialized [-Wmaybe-uninitialized]
2025-02-09T11:42:39.5761697Z #9 469.3       (+1m34.2s): -b: m: __main__.py:1591:build: (+9.9s): -b: m: __main__.py:1591:build:  1342 |                 s->dash_cur.x = old_bx;
2025-02-09T11:42:39.5762258Z #9 469.3       (+1m34.2s): -b: m: __main__.py:1591:build: (+9.9s): -b: m: __main__.py:1591:build:       |                 ~~~~~~~~~~~~~~^~~~~~~~
2025-02-09T11:42:39.5763006Z #9 469.3       (+1m34.3s): -b: m: __main__.py:1591:build: (+9.9s): -b: m: __main__.py:1591:build: source/fitz/draw-path.c:1125:15: note: ‘old_bx’ was declared here
2025-02-09T11:42:39.5763631Z #9 469.3       (+1m34.3s): -b: m: __main__.py:1591:build: (+9.9s): -b: m: __main__.py:1591:build:  1125 |         float old_bx, old_by;
2025-02-09T11:42:39.5764169Z #9 469.3       (+1m34.3s): -b: m: __main__.py:1591:build: (+9.9s): -b: m: __main__.py:1591:build:       |               ^~~~~~
2025-02-09T11:42:39.5764997Z #9 469.3       (+1m34.3s): -b: m: __main__.py:1591:build: (+9.9s): -b: m: __main__.py:1591:build: source/fitz/draw-path.c:1343:31: warning: ‘old_by’ may be used uninitialized [-Wmaybe-uninitialized]
2025-02-09T11:42:39.5765737Z #9 469.3       (+1m34.3s): -b: m: __main__.py:1591:build: (+9.9s): -b: m: __main__.py:1591:build:  1343 |                 s->dash_cur.y = old_by;
2025-02-09T11:42:39.5766293Z #9 469.3       (+1m34.3s): -b: m: __main__.py:1591:build: (+9.9s): -b: m: __main__.py:1591:build:       |                 ~~~~~~~~~~~~~~^~~~~~~~
2025-02-09T11:42:39.5767192Z #9 469.3       (+1m34.3s): -b: m: __main__.py:1591:build: (+9.9s): -b: m: __main__.py:1591:build: source/fitz/draw-path.c:1125:23: note: ‘old_by’ was declared here
2025-02-09T11:42:39.5767819Z #9 469.3       (+1m34.3s): -b: m: __main__.py:1591:build: (+9.9s): -b: m: __main__.py:1591:build:  1125 |         float old_bx, old_by;
2025-02-09T11:42:39.5768346Z #9 469.3       (+1m34.3s): -b: m: __main__.py:1591:build: (+9.9s): -b: m: __main__.py:1591:build:       |                       ^~~~~~
2025-02-09T11:42:39.5771894Z #9 469.3       (+1m35.6s): -b: m: __main__.py:1591:build: (+9.9s): -b: m: __main__.py:1591:build: mkdir -p build/PyMuPDF-aarch64-shared-tesseract-bsymbolic-Py_LIMITED_API_0x030c0000-release/source/fitz/ ; cc -ffunction-sections -fdata-sections -pipe -O2 -DNDEBUG -DTOFU_CJK_EXT -Iinclude -MMD -MP -o build/PyMuPDF-aarch64-shared-tesseract-bsymbolic-Py_LIMITED_API_0x030c0000-release/source/fitz/draw-unpack.o -c source/fitz/draw-unpack.c -Wall -Wsign-compare -Wdeclaration-after-statement -fPIC -Ithirdparty/freetype/include -Iscripts/freetype -Ithirdparty/gumbo-parser/src -Ithirdparty/harfbuzz/src -Ithirdparty/libjpeg -Iscripts/libjpeg -Ithirdparty/lcms2/include -DHAVE_LCMS2MT -Ithirdparty/mujs -Ithirdparty/zlib -Ithirdparty/jbig2dec -Ithirdparty/openjpeg/src/lib/openjp2 -DOPJ_STATIC -DOPJ_HAVE_INTTYPES_H -DOPJ_HAVE_STDINT_H -DHAVE_LEPTONICA -Ithirdparty/leptonica/src -DHAVE_TESSERACT -Ithirdparty/tesseract/include -Iscripts/tesseract -Ithirdparty/extract/include -Ithirdparty/extract/src
2025-02-09T11:42:39.5778236Z #9 469.3       (+1m40.3s): -b: m: __main__.py:1591:build: (+9.9s): -b: m: __main__.py:1591:build: mkdir -p build/PyMuPDF-aarch64-shared-tesseract-bsymbolic-Py_LIMITED_API_0x030c0000-release/source/fitz/ ; cc -ffunction-sections -fdata-sections -pipe -O2 -DNDEBUG -DTOFU_CJK_EXT -Iinclude -MMD -MP -o build/PyMuPDF-aarch64-shared-tesseract-bsymbolic-Py_LIMITED_API_0x030c0000-release/source/fitz/encode-basic.o -c source/fitz/encode-basic.c -Wall -Wsign-compare -Wdeclaration-after-statement -fPIC -Ithirdparty/freetype/include -Iscripts/freetype -Ithirdparty/gumbo-parser/src -Ithirdparty/harfbuzz/src -Ithirdparty/libjpeg -Iscripts/libjpeg -Ithirdparty/lcms2/include -DHAVE_LCMS2MT -Ithirdparty/mujs -Ithirdparty/zlib -Ithirdparty/jbig2dec -Ithirdparty/openjpeg/src/lib/openjp2 -DOPJ_STATIC -DOPJ_HAVE_INTTYPES_H -DOPJ_HAVE_STDINT_H -DHAVE_LEPTONICA -Ithirdparty/leptonica/src -DHAVE_TESSERACT -Ithirdparty/tesseract/include -Iscripts/tesseract -Ithirdparty/extract/include -Ithirdparty/extract/src
2025-02-09T11:42:39.5784784Z #9 469.3       (+1m42.4s): -b: m: __main__.py:1591:build: (+9.9s): -b: m: __main__.py:1591:build: mkdir -p build/PyMuPDF-aarch64-shared-tesseract-bsymbolic-Py_LIMITED_API_0x030c0000-release/source/fitz/ ; cc -ffunction-sections -fdata-sections -pipe -O2 -DNDEBUG -DTOFU_CJK_EXT -Iinclude -MMD -MP -o build/PyMuPDF-aarch64-shared-tesseract-bsymbolic-Py_LIMITED_API_0x030c0000-release/source/fitz/encode-fax.o -c source/fitz/encode-fax.c -Wall -Wsign-compare -Wdeclaration-after-statement -fPIC -Ithirdparty/freetype/include -Iscripts/freetype -Ithirdparty/gumbo-parser/src -Ithirdparty/harfbuzz/src -Ithirdparty/libjpeg -Iscripts/libjpeg -Ithirdparty/lcms2/include -DHAVE_LCMS2MT -Ithirdparty/mujs -Ithirdparty/zlib -Ithirdparty/jbig2dec -Ithirdparty/openjpeg/src/lib/openjp2 -DOPJ_STATIC -DOPJ_HAVE_INTTYPES_H -DOPJ_HAVE_STDINT_H -DHAVE_LEPTONICA -Ithirdparty/leptonica/src -DHAVE_TESSERACT -Ithirdparty/tesseract/include -Iscripts/tesseract -Ithirdparty/extract/include -Ithirdparty/extract/src
2025-02-09T11:42:39.5791415Z #9 469.3       (+1m45.0s): -b: m: __main__.py:1591:build: (+9.9s): -b: m: __main__.py:1591:build: mkdir -p build/PyMuPDF-aarch64-shared-tesseract-bsymbolic-Py_LIMITED_API_0x030c0000-release/source/fitz/ ; cc -ffunction-sections -fdata-sections -pipe -O2 -DNDEBUG -DTOFU_CJK_EXT -Iinclude -MMD -MP -o build/PyMuPDF-aarch64-shared-tesseract-bsymbolic-Py_LIMITED_API_0x030c0000-release/source/fitz/encode-jpx.o -c source/fitz/encode-jpx.c -Wall -Wsign-compare -Wdeclaration-after-statement -fPIC -Ithirdparty/freetype/include -Iscripts/freetype -Ithirdparty/gumbo-parser/src -Ithirdparty/harfbuzz/src -Ithirdparty/libjpeg -Iscripts/libjpeg -Ithirdparty/lcms2/include -DHAVE_LCMS2MT -Ithirdparty/mujs -Ithirdparty/zlib -Ithirdparty/jbig2dec -Ithirdparty/openjpeg/src/lib/openjp2 -DOPJ_STATIC -DOPJ_HAVE_INTTYPES_H -DOPJ_HAVE_STDINT_H -DHAVE_LEPTONICA -Ithirdparty/leptonica/src -DHAVE_TESSERACT -Ithirdparty/tesseract/include -Iscripts/tesseract -Ithirdparty/extract/include -Ithirdparty/extract/src
2025-02-09T11:42:39.5797727Z #9 469.3       (+1m46.5s): -b: m: __main__.py:1591:build: (+9.9s): -b: m: __main__.py:1591:build: mkdir -p build/PyMuPDF-aarch64-shared-tesseract-bsymbolic-Py_LIMITED_API_0x030c0000-release/source/fitz/ ; cc -ffunction-sections -fdata-sections -pipe -O2 -DNDEBUG -DTOFU_CJK_EXT -Iinclude -MMD -MP -o build/PyMuPDF-aarch64-shared-tesseract-bsymbolic-Py_LIMITED_API_0x030c0000-release/source/fitz/encodings.o -c source/fitz/encodings.c -Wall -Wsign-compare -Wdeclaration-after-statement -fPIC -Ithirdparty/freetype/include -Iscripts/freetype -Ithirdparty/gumbo-parser/src -Ithirdparty/harfbuzz/src -Ithirdparty/libjpeg -Iscripts/libjpeg -Ithirdparty/lcms2/include -DHAVE_LCMS2MT -Ithirdparty/mujs -Ithirdparty/zlib -Ithirdparty/jbig2dec -Ithirdparty/openjpeg/src/lib/openjp2 -DOPJ_STATIC -DOPJ_HAVE_INTTYPES_H -DOPJ_HAVE_STDINT_H -DHAVE_LEPTONICA -Ithirdparty/leptonica/src -DHAVE_TESSERACT -Ithirdparty/tesseract/include -Iscripts/tesseract -Ithirdparty/extract/include -Ithirdparty/extract/src
2025-02-09T11:42:39.5804075Z #9 469.3       (+1m46.5s): -b: m: __main__.py:1591:build: (+9.9s): -b: m: __main__.py:1591:build: mkdir -p build/PyMuPDF-aarch64-shared-tesseract-bsymbolic-Py_LIMITED_API_0x030c0000-release/source/fitz/ ; cc -ffunction-sections -fdata-sections -pipe -O2 -DNDEBUG -DTOFU_CJK_EXT -Iinclude -MMD -MP -o build/PyMuPDF-aarch64-shared-tesseract-bsymbolic-Py_LIMITED_API_0x030c0000-release/source/fitz/error.o -c source/fitz/error.c -Wall -Wsign-compare -Wdeclaration-after-statement -fPIC -Ithirdparty/freetype/include -Iscripts/freetype -Ithirdparty/gumbo-parser/src -Ithirdparty/harfbuzz/src -Ithirdparty/libjpeg -Iscripts/libjpeg -Ithirdparty/lcms2/include -DHAVE_LCMS2MT -Ithirdparty/mujs -Ithirdparty/zlib -Ithirdparty/jbig2dec -Ithirdparty/openjpeg/src/lib/openjp2 -DOPJ_STATIC -DOPJ_HAVE_INTTYPES_H -DOPJ_HAVE_STDINT_H -DHAVE_LEPTONICA -Ithirdparty/leptonica/src -DHAVE_TESSERACT -Ithirdparty/tesseract/include -Iscripts/tesseract -Ithirdparty/extract/include -Ithirdparty/extract/src
2025-02-09T11:42:39.5810527Z #9 469.3       (+1m49.0s): -b: m: __main__.py:1591:build: (+9.9s): -b: m: __main__.py:1591:build: mkdir -p build/PyMuPDF-aarch64-shared-tesseract-bsymbolic-Py_LIMITED_API_0x030c0000-release/source/fitz/ ; cc -ffunction-sections -fdata-sections -pipe -O2 -DNDEBUG -DTOFU_CJK_EXT -Iinclude -MMD -MP -o build/PyMuPDF-aarch64-shared-tesseract-bsymbolic-Py_LIMITED_API_0x030c0000-release/source/fitz/filter-basic.o -c source/fitz/filter-basic.c -Wall -Wsign-compare -Wdeclaration-after-statement -fPIC -Ithirdparty/freetype/include -Iscripts/freetype -Ithirdparty/gumbo-parser/src -Ithirdparty/harfbuzz/src -Ithirdparty/libjpeg -Iscripts/libjpeg -Ithirdparty/lcms2/include -DHAVE_LCMS2MT -Ithirdparty/mujs -Ithirdparty/zlib -Ithirdparty/jbig2dec -Ithirdparty/openjpeg/src/lib/openjp2 -DOPJ_STATIC -DOPJ_HAVE_INTTYPES_H -DOPJ_HAVE_STDINT_H -DHAVE_LEPTONICA -Ithirdparty/leptonica/src -DHAVE_TESSERACT -Ithirdparty/tesseract/include -Iscripts/tesseract -Ithirdparty/extract/include -Ithirdparty/extract/src
2025-02-09T11:42:39.5816954Z #9 469.3       (+1m50.1s): -b: m: __main__.py:1591:build: (+9.9s): -b: m: __main__.py:1591:build: mkdir -p build/PyMuPDF-aarch64-shared-tesseract-bsymbolic-Py_LIMITED_API_0x030c0000-release/source/fitz/ ; cc -ffunction-sections -fdata-sections -pipe -O2 -DNDEBUG -DTOFU_CJK_EXT -Iinclude -MMD -MP -o build/PyMuPDF-aarch64-shared-tesseract-bsymbolic-Py_LIMITED_API_0x030c0000-release/source/fitz/filter-dct.o -c source/fitz/filter-dct.c -Wall -Wsign-compare -Wdeclaration-after-statement -fPIC -Ithirdparty/freetype/include -Iscripts/freetype -Ithirdparty/gumbo-parser/src -Ithirdparty/harfbuzz/src -Ithirdparty/libjpeg -Iscripts/libjpeg -Ithirdparty/lcms2/include -DHAVE_LCMS2MT -Ithirdparty/mujs -Ithirdparty/zlib -Ithirdparty/jbig2dec -Ithirdparty/openjpeg/src/lib/openjp2 -DOPJ_STATIC -DOPJ_HAVE_INTTYPES_H -DOPJ_HAVE_STDINT_H -DHAVE_LEPTONICA -Ithirdparty/leptonica/src -DHAVE_TESSERACT -Ithirdparty/tesseract/include -Iscripts/tesseract -Ithirdparty/extract/include -Ithirdparty/extract/src
2025-02-09T11:42:39.5823335Z #9 469.3       (+1m52.0s): -b: m: __main__.py:1591:build: (+9.9s): -b: m: __main__.py:1591:build: mkdir -p build/PyMuPDF-aarch64-shared-tesseract-bsymbolic-Py_LIMITED_API_0x030c0000-release/source/fitz/ ; cc -ffunction-sections -fdata-sections -pipe -O2 -DNDEBUG -DTOFU_CJK_EXT -Iinclude -MMD -MP -o build/PyMuPDF-aarch64-shared-tesseract-bsymbolic-Py_LIMITED_API_0x030c0000-release/source/fitz/filter-fax.o -c source/fitz/filter-fax.c -Wall -Wsign-compare -Wdeclaration-after-statement -fPIC -Ithirdparty/freetype/include -Iscripts/freetype -Ithirdparty/gumbo-parser/src -Ithirdparty/harfbuzz/src -Ithirdparty/libjpeg -Iscripts/libjpeg -Ithirdparty/lcms2/include -DHAVE_LCMS2MT -Ithirdparty/mujs -Ithirdparty/zlib -Ithirdparty/jbig2dec -Ithirdparty/openjpeg/src/lib/openjp2 -DOPJ_STATIC -DOPJ_HAVE_INTTYPES_H -DOPJ_HAVE_STDINT_H -DHAVE_LEPTONICA -Ithirdparty/leptonica/src -DHAVE_TESSERACT -Ithirdparty/tesseract/include -Iscripts/tesseract -Ithirdparty/extract/include -Ithirdparty/extract/src
2025-02-09T11:42:39.5829667Z #9 469.3       (+1m54.5s): -b: m: __main__.py:1591:build: (+9.9s): -b: m: __main__.py:1591:build: mkdir -p build/PyMuPDF-aarch64-shared-tesseract-bsymbolic-Py_LIMITED_API_0x030c0000-release/source/fitz/ ; cc -ffunction-sections -fdata-sections -pipe -O2 -DNDEBUG -DTOFU_CJK_EXT -Iinclude -MMD -MP -o build/PyMuPDF-aarch64-shared-tesseract-bsymbolic-Py_LIMITED_API_0x030c0000-release/source/fitz/filter-flate.o -c source/fitz/filter-flate.c -Wall -Wsign-compare -Wdeclaration-after-statement -fPIC -Ithirdparty/freetype/include -Iscripts/freetype -Ithirdparty/gumbo-parser/src -Ithirdparty/harfbuzz/src -Ithirdparty/libjpeg -Iscripts/libjpeg -Ithirdparty/lcms2/include -DHAVE_LCMS2MT -Ithirdparty/mujs -Ithirdparty/zlib -Ithirdparty/jbig2dec -Ithirdparty/openjpeg/src/lib/openjp2 -DOPJ_STATIC -DOPJ_HAVE_INTTYPES_H -DOPJ_HAVE_STDINT_H -DHAVE_LEPTONICA -Ithirdparty/leptonica/src -DHAVE_TESSERACT -Ithirdparty/tesseract/include -Iscripts/tesseract -Ithirdparty/extract/include -Ithirdparty/extract/src
2025-02-09T11:42:39.5836315Z #9 469.3       (+1m55.1s): -b: m: __main__.py:1591:build: (+9.9s): -b: m: __main__.py:1591:build: mkdir -p build/PyMuPDF-aarch64-shared-tesseract-bsymbolic-Py_LIMITED_API_0x030c0000-release/source/fitz/ ; cc -ffunction-sections -fdata-sections -pipe -O2 -DNDEBUG -DTOFU_CJK_EXT -Iinclude -MMD -MP -o build/PyMuPDF-aarch64-shared-tesseract-bsymbolic-Py_LIMITED_API_0x030c0000-release/source/fitz/filter-jbig2.o -c source/fitz/filter-jbig2.c -Wall -Wsign-compare -Wdeclaration-after-statement -fPIC -Ithirdparty/freetype/include -Iscripts/freetype -Ithirdparty/gumbo-parser/src -Ithirdparty/harfbuzz/src -Ithirdparty/libjpeg -Iscripts/libjpeg -Ithirdparty/lcms2/include -DHAVE_LCMS2MT -Ithirdparty/mujs -Ithirdparty/zlib -Ithirdparty/jbig2dec -Ithirdparty/openjpeg/src/lib/openjp2 -DOPJ_STATIC -DOPJ_HAVE_INTTYPES_H -DOPJ_HAVE_STDINT_H -DHAVE_LEPTONICA -Ithirdparty/leptonica/src -DHAVE_TESSERACT -Ithirdparty/tesseract/include -Iscripts/tesseract -Ithirdparty/extract/include -Ithirdparty/extract/src
2025-02-09T11:42:39.5842827Z #9 469.3       (+1m57.5s): -b: m: __main__.py:1591:build: (+9.9s): -b: m: __main__.py:1591:build: mkdir -p build/PyMuPDF-aarch64-shared-tesseract-bsymbolic-Py_LIMITED_API_0x030c0000-release/source/fitz/ ; cc -ffunction-sections -fdata-sections -pipe -O2 -DNDEBUG -DTOFU_CJK_EXT -Iinclude -MMD -MP -o build/PyMuPDF-aarch64-shared-tesseract-bsymbolic-Py_LIMITED_API_0x030c0000-release/source/fitz/filter-leech.o -c source/fitz/filter-leech.c -Wall -Wsign-compare -Wdeclaration-after-statement -fPIC -Ithirdparty/freetype/include -Iscripts/freetype -Ithirdparty/gumbo-parser/src -Ithirdparty/harfbuzz/src -Ithirdparty/libjpeg -Iscripts/libjpeg -Ithirdparty/lcms2/include -DHAVE_LCMS2MT -Ithirdparty/mujs -Ithirdparty/zlib -Ithirdparty/jbig2dec -Ithirdparty/openjpeg/src/lib/openjp2 -DOPJ_STATIC -DOPJ_HAVE_INTTYPES_H -DOPJ_HAVE_STDINT_H -DHAVE_LEPTONICA -Ithirdparty/leptonica/src -DHAVE_TESSERACT -Ithirdparty/tesseract/include -Iscripts/tesseract -Ithirdparty/extract/include -Ithirdparty/extract/src
2025-02-09T11:42:39.5849140Z #9 469.3       (+1m57.5s): -b: m: __main__.py:1591:build: (+9.9s): -b: m: __main__.py:1591:build: mkdir -p build/PyMuPDF-aarch64-shared-tesseract-bsymbolic-Py_LIMITED_API_0x030c0000-release/source/fitz/ ; cc -ffunction-sections -fdata-sections -pipe -O2 -DNDEBUG -DTOFU_CJK_EXT -Iinclude -MMD -MP -o build/PyMuPDF-aarch64-shared-tesseract-bsymbolic-Py_LIMITED_API_0x030c0000-release/source/fitz/filter-lzw.o -c source/fitz/filter-lzw.c -Wall -Wsign-compare -Wdeclaration-after-statement -fPIC -Ithirdparty/freetype/include -Iscripts/freetype -Ithirdparty/gumbo-parser/src -Ithirdparty/harfbuzz/src -Ithirdparty/libjpeg -Iscripts/libjpeg -Ithirdparty/lcms2/include -DHAVE_LCMS2MT -Ithirdparty/mujs -Ithirdparty/zlib -Ithirdparty/jbig2dec -Ithirdparty/openjpeg/src/lib/openjp2 -DOPJ_STATIC -DOPJ_HAVE_INTTYPES_H -DOPJ_HAVE_STDINT_H -DHAVE_LEPTONICA -Ithirdparty/leptonica/src -DHAVE_TESSERACT -Ithirdparty/tesseract/include -Iscripts/tesseract -Ithirdparty/extract/include -Ithirdparty/extract/src
2025-02-09T11:42:39.5852630Z #9 469.3       (+1m57.7s): -b: m: __main__.py:1591:build: (+9.9s): -b: m: __main__.py:1591:build: Segmentation fault (core dumped)
2025-02-09T11:42:39.5853620Z #9 469.3       (+1m57.7s): -b: m: __main__.py:1591:build: (+9.9s): -b: m: __main__.py:1591:build: make: *** [Makefile:149: build/PyMuPDF-aarch64-shared-tesseract-bsymbolic-Py_LIMITED_API_0x030c0000-release/source/fitz/filter-lzw.o] Error 139
2025-02-09T11:42:39.5854517Z #9 469.3       (+1m57.7s): -b: m: __main__.py:1591:build: (+9.9s): -b: m: __main__.py:1591:build: make: *** Waiting for unfinished jobs....
2025-02-09T11:42:39.5855043Z #9 469.3       (+1m59.7s): -b: m: __main__.py:1591:build: (+9.9s): -b: m: __main__.py:1591:build:
2025-02-09T11:42:39.5855446Z #9 469.3       (+1m59.7s): -b: m: __main__.py:1591:build: [returned e=2]
2025-02-09T11:42:39.5855768Z #9 469.3       Traceback (most recent call last):
2025-02-09T11:42:39.5856109Z #9 469.3           scripts/mupdfwrap.py:6:<module>(): wrap.__main__.main()
2025-02-09T11:42:39.5856500Z #9 469.3           scripts/wrap/__main__.py:3085:main(): jlib.exception_info()
2025-02-09T11:42:39.5856828Z #9 469.3           ^except raise:
2025-02-09T11:42:39.5857095Z #9 469.3           scripts/wrap/__main__.py:3083:main(): main2()
2025-02-09T11:42:39.5857569Z #9 469.3           scripts/wrap/__main__.py:2466:main2(): build( build_dirs, swig_command, args, vs_upgrade, make_command)
2025-02-09T11:42:39.5858194Z #9 469.3           scripts/wrap/__main__.py:1591:build(): jlib.system( command, prefix=jlib.log_text(), out='log', verbose=1)
2025-02-09T11:42:39.5858702Z #9 469.3           scripts/jlib.py:1710:system(): raise Exception( message)
2025-02-09T11:42:39.5859976Z #9 469.3       Exception: Command failed: cd /tmp/pip-install-x2otucyr/pymupdf_ae2fb4673877437f8071fa64ae3f8ae3/mupdf-1.25.4-source && XLIB_LDFLAGS=-Wl,-Bsymbolic make -j 4 HAVE_GLUT=no HAVE_PTHREAD=yes verbose=yes shared=yes HAVE_LEPTONICA=yes HAVE_TESSERACT=yes build=release build_prefix=PyMuPDF-aarch64-shared-tesseract-bsymbolic-Py_LIMITED_API_0x030c0000-
2025-02-09T11:42:39.5861276Z #9 469.3       Traceback (most recent call last):
2025-02-09T11:42:39.5861813Z #9 469.3         File "/usr/lib/python3/dist-packages/pip/_vendor/pyproject_hooks/_in_process/_in_process.py", line 353, in <module>
2025-02-09T11:42:39.5862304Z #9 469.3           main()
2025-02-09T11:42:39.5862747Z #9 469.3         File "/usr/lib/python3/dist-packages/pip/_vendor/pyproject_hooks/_in_process/_in_process.py", line 335, in main
2025-02-09T11:42:39.5863400Z #9 469.3           json_out['return_val'] = hook(**hook_input['kwargs'])
2025-02-09T11:42:39.5863723Z #9 469.3                                    ^^^^^^^^^^^^^^^^^^^^^^^^^^^^
2025-02-09T11:42:39.5864304Z #9 469.3         File "/usr/lib/python3/dist-packages/pip/_vendor/pyproject_hooks/_in_process/_in_process.py", line 152, in prepare_metadata_for_build_wheel
2025-02-09T11:42:39.5864979Z #9 469.3           whl_basename = backend.build_wheel(metadata_directory, config_settings)
2025-02-09T11:42:39.5865357Z #9 469.3                          ^^^^^^^^^^^^^^^^^^^^^^^^^^^^^^^^^^^^^^^^^^^^^^^^^^^^^^^^
2025-02-09T11:42:39.5865859Z #9 469.3         File "/tmp/pip-install-x2otucyr/pymupdf_ae2fb4673877437f8071fa64ae3f8ae3/pipcl.py", line 601, in build_wheel
2025-02-09T11:42:39.5866403Z #9 469.3           items = self._call_fn_build(config_settings)
2025-02-09T11:42:39.5866700Z #9 469.3                   ^^^^^^^^^^^^^^^^^^^^^^^^^^^^^^^^^^^^
2025-02-09T11:42:39.5867204Z #9 469.3         File "/tmp/pip-install-x2otucyr/pymupdf_ae2fb4673877437f8071fa64ae3f8ae3/pipcl.py", line 890, in _call_fn_build
2025-02-09T11:42:39.5867694Z #9 469.3           ret = self.fn_build()
2025-02-09T11:42:39.5867922Z #9 469.3                 ^^^^^^^^^^^^^^^
2025-02-09T11:42:39.5868361Z #9 469.3         File "/tmp/pip-install-x2otucyr/pymupdf_ae2fb4673877437f8071fa64ae3f8ae3/setup.py", line 586, in build
2025-02-09T11:42:39.5868844Z #9 469.3           mupdf_build_dir = build_mupdf_unix(
2025-02-09T11:42:39.5869122Z #9 469.3                             ^^^^^^^^^^^^^^^^^
2025-02-09T11:42:39.5869619Z #9 469.3         File "/tmp/pip-install-x2otucyr/pymupdf_ae2fb4673877437f8071fa64ae3f8ae3/setup.py", line 935, in build_mupdf_unix
2025-02-09T11:42:39.5870295Z #9 469.3           subprocess.run( command, shell=True, check=True)
2025-02-09T11:42:39.5870864Z #9 469.3         File "/usr/lib/python3.12/subprocess.py", line 571, in run
2025-02-09T11:42:39.5871244Z #9 469.3           raise CalledProcessError(retcode, process.args,
2025-02-09T11:42:39.5873764Z #9 469.3       subprocess.CalledProcessError: Command 'cd /tmp/pip-install-x2otucyr/pymupdf_ae2fb4673877437f8071fa64ae3f8ae3/mupdf-1.25.4-source && XCFLAGS=-DTOFU_CJK_EXT XCXXFLAGS=-DTOFU_CJK_EXT /usr/bin/python3 ./scripts/mupdfwrap.py -d build/PyMuPDF-aarch64-shared-tesseract-bsymbolic-Py_LIMITED_API_0x030c0000-release -b all && echo /tmp/pip-install-x2otucyr/pymupdf_ae2fb4673877437f8071fa64ae3f8ae3/mupdf-1.25.4-source/build/PyMuPDF-aarch64-shared-tesseract-bsymbolic-Py_LIMITED_API_0x030c0000-release: && ls -l /tmp/pip-install-x2otucyr/pymupdf_ae2fb4673877437f8071fa64ae3f8ae3/mupdf-1.25.4-source/build/PyMuPDF-aarch64-shared-tesseract-bsymbolic-Py_LIMITED_API_0x030c0000-release' returned non-zero exit status 1.
2025-02-09T11:42:39.5876198Z #9 469.3       [end of output]
2025-02-09T11:42:39.5876401Z #9 469.3   
2025-02-09T11:42:39.5876720Z #9 469.3   note: This error originates from a subprocess, and is likely not a problem with pip.
2025-02-09T11:42:39.6617159Z #9 469.4 error: metadata-generation-failed
2025-02-09T11:42:39.6617777Z #9 469.4 
2025-02-09T11:42:39.6618505Z #9 469.4 × Encountered error while generating package metadata.
2025-02-09T11:42:39.6619258Z #9 469.4 ╰─> See above for output.
2025-02-09T11:42:39.6619683Z #9 469.4 
2025-02-09T11:42:39.6620028Z #9 469.4 note: This is an issue with the package mentioned above, not pip.
2025-02-09T11:42:39.6620867Z #9 469.4 hint: See above for details.
2025-02-09T11:42:46.0501201Z #9 ERROR: process "/bin/bash -c pip install --break-system-packages openai numpy arxiv rich colorama Markdown pygments pymupdf python-docx pdfminer     && pip install --break-system-packages -r requirements.txt     && if [ \"$(uname -m)\" = \"x86_64\" ]; then     pip install --break-system-packages nougat-ocr;     fi     && pip cache purge     && rm -rf /root/.cache/pip/*" did not complete successfully: exit code: 1
2025-02-09T11:42:46.0652861Z ------
2025-02-09T11:42:46.0655368Z  > [4/8] RUN pip install --break-system-packages openai numpy arxiv rich colorama Markdown pygments pymupdf python-docx pdfminer     && pip install --break-system-packages -r requirements.txt     && if [ "$(uname -m)" = "x86_64" ]; then     pip install --break-system-packages nougat-ocr;     fi     && pip cache purge     && rm -rf /root/.cache/pip/*:
2025-02-09T11:42:46.0657476Z 469.3       [end of output]
2025-02-09T11:42:46.0657873Z 469.3   
2025-02-09T11:42:46.0658449Z 469.3   note: This error originates from a subprocess, and is likely not a problem with pip.
2025-02-09T11:42:46.0659223Z 469.4 error: metadata-generation-failed
2025-02-09T11:42:46.0659690Z 469.4 
2025-02-09T11:42:46.0660810Z 469.4 × Encountered error while generating package metadata.
2025-02-09T11:42:46.0661531Z 469.4 ╰─> See above for output.
2025-02-09T11:42:46.0661930Z 469.4 
2025-02-09T11:42:46.0662399Z 469.4 note: This is an issue with the package mentioned above, not pip.
2025-02-09T11:42:46.0663004Z 469.4 hint: See above for details.
2025-02-09T11:42:46.0663242Z ------
2025-02-09T11:42:46.0666291Z GithubAction+NoLocal+Latex:15
2025-02-09T11:42:46.0667157Z --------------------
2025-02-09T11:42:46.0667590Z   14 |     # 安装依赖
2025-02-09T11:42:46.0670568Z   15 | >>> RUN pip install --break-system-packages openai numpy arxiv rich colorama Markdown pygments pymupdf python-docx pdfminer \
2025-02-09T11:42:46.0671618Z   16 | >>>     && pip install --break-system-packages -r requirements.txt \
2025-02-09T11:42:46.0672265Z   17 | >>>     && if [ "$(uname -m)" = "x86_64" ]; then \
2025-02-09T11:42:46.0672820Z   18 | >>>     pip install --break-system-packages nougat-ocr; \
2025-02-09T11:42:46.0673323Z   19 | >>>     fi \
2025-02-09T11:42:46.0673945Z   20 | >>>     && pip cache purge \
2025-02-09T11:42:46.0674402Z   21 | >>>     && rm -rf /root/.cache/pip/*
2025-02-09T11:42:46.0674840Z   22 |     
2025-02-09T11:42:46.0675131Z --------------------
2025-02-09T11:42:46.0677328Z ERROR: failed to solve: process "/bin/bash -c pip install --break-system-packages openai numpy arxiv rich colorama Markdown pygments pymupdf python-docx pdfminer     && pip install --break-system-packages -r requirements.txt     && if [ \"$(uname -m)\" = \"x86_64\" ]; then     pip install --break-system-packages nougat-ocr;     fi     && pip cache purge     && rm -rf /root/.cache/pip/*" did not complete successfully: exit code: 1
2025-02-09T11:42:46.1957722Z ##[group]Reference
2025-02-09T11:42:46.3018018Z builder-a153490f-beb6-4a88-86f8-abd728f45693/builder-a153490f-beb6-4a88-86f8-abd728f456930/tvis5hjvb7hobm0y8t4b0qhzi
2025-02-09T11:42:46.3019301Z ##[endgroup]
2025-02-09T11:42:46.3020081Z ##[group]Check build summary support
2025-02-09T11:42:46.3024765Z Build summary supported!
2025-02-09T11:42:46.3025796Z ##[endgroup]
2025-02-09T11:42:46.3051990Z ##[error]buildx failed with: ERROR: failed to solve: process "/bin/bash -c pip install --break-system-packages openai numpy arxiv rich colorama Markdown pygments pymupdf python-docx pdfminer     && pip install --break-system-packages -r requirements.txt     && if [ \"$(uname -m)\" = \"x86_64\" ]; then     pip install --break-system-packages nougat-ocr;     fi     && pip cache purge     && rm -rf /root/.cache/pip/*" did not complete successfully: exit code: 1
2025-02-09T11:42:46.3150792Z Post job cleanup.
2025-02-09T11:42:46.5421052Z ##[group]Generating build summary
2025-02-09T11:42:46.6208653Z exporting build record to /home/runner/work/_temp/docker-actions-toolkit-zGRDT0/export
2025-02-09T11:42:49.6294714Z [command]/usr/bin/mkfifo /home/runner/work/_temp/docker-actions-toolkit-zGRDT0/buildx-in-P3ueGh.fifo
2025-02-09T11:42:49.6346288Z [command]/usr/bin/mkfifo /home/runner/work/_temp/docker-actions-toolkit-zGRDT0/buildx-out-GLybLY.fifo
2025-02-09T11:42:49.6386400Z [command]docker buildx --builder builder-a153490f-beb6-4a88-86f8-abd728f45693 dial-stdio
2025-02-09T11:42:49.6417377Z [command]docker run --rm -i -v /home/runner/.docker/buildx/refs:/buildx-refs -v /home/runner/work/_temp/docker-actions-toolkit-zGRDT0/export:/out docker.io/dockereng/export-build:latest --ref-state-dir=/buildx-refs --node=builder-a153490f-beb6-4a88-86f8-abd728f45693/builder-a153490f-beb6-4a88-86f8-abd728f456930 --ref=tvis5hjvb7hobm0y8t4b0qhzi --uid=1001 --gid=118
2025-02-09T11:42:49.6557514Z Unable to find image 'dockereng/export-build:latest' locally
2025-02-09T11:42:49.8829376Z latest: Pulling from dockereng/export-build
2025-02-09T11:42:49.9448668Z 5f398fcfd265: Pulling fs layer
2025-02-09T11:42:49.9449148Z 152e015ae384: Pulling fs layer
2025-02-09T11:42:50.0234282Z 152e015ae384: Download complete
2025-02-09T11:42:50.0827835Z 5f398fcfd265: Verifying Checksum
2025-02-09T11:42:50.0828265Z 5f398fcfd265: Download complete
2025-02-09T11:42:50.1830499Z 5f398fcfd265: Pull complete
2025-02-09T11:42:50.2180969Z 152e015ae384: Pull complete
2025-02-09T11:42:50.2227148Z Digest: sha256:8a8d92fc2d7cc8a8855400970bb971436fc117bd39366595f55f7e1283a1e961
2025-02-09T11:42:50.2238784Z Status: Downloaded newer image for dockereng/export-build:latest
2025-02-09T11:42:50.6130181Z Process "docker run" exited with code 0
2025-02-09T11:42:50.6134966Z Parsing /home/runner/work/_temp/docker-actions-toolkit-zGRDT0/export/summary.json
2025-02-09T11:42:50.6146398Z Build record written to /home/runner/work/_temp/docker-actions-toolkit-zGRDT0/export/binary-husky~gpt_academic~TVIS5H.dockerbuild (28.17 KB)
2025-02-09T11:42:50.6163001Z Uploading binary-husky~gpt_academic~TVIS5H.dockerbuild to blob storage
2025-02-09T11:42:50.6478476Z ERROR: read unix @->/run/docker.sock: use of closed network connection
2025-02-09T11:42:50.6511326Z Process "buildx dial-stdio" was killed with signal SIGKILL
2025-02-09T11:42:50.7083060Z Beginning upload of artifact content to blob storage
2025-02-09T11:42:50.7170528Z Uploaded bytes 28843
2025-02-09T11:42:50.7481322Z Finished uploading artifact content to blob storage!
2025-02-09T11:42:50.7485819Z SHA256 hash of uploaded artifact is 9527c7dacde001235d13a7e80112715b7409eb1e3a1eb9560d34ca78235e9b22
2025-02-09T11:42:50.7487023Z Finalizing artifact upload
2025-02-09T11:42:50.8363879Z Artifact successfully finalized (2560473274)
2025-02-09T11:42:50.8365226Z Artifact download URL: https://github.com/binary-husky/gpt_academic/actions/runs/13225231502/artifacts/2560473274
2025-02-09T11:42:50.8402023Z Writing summary
2025-02-09T11:42:50.8417459Z ##[endgroup]
2025-02-09T11:42:50.8418236Z ##[group]Removing temp folder /home/runner/work/_temp/docker-actions-toolkit-ueFvvQ
2025-02-09T11:42:50.8423866Z ##[endgroup]
2025-02-09T11:42:50.8424380Z ##[group]Post cache
2025-02-09T11:42:50.8425945Z State not set
2025-02-09T11:42:50.8426458Z ##[endgroup]
2025-02-09T11:42:50.8946568Z Post job cleanup.
2025-02-09T11:42:51.1765057Z [command]/usr/bin/docker logout ghcr.io
2025-02-09T11:42:51.1908518Z Removing login credentials for ghcr.io
2025-02-09T11:42:51.1951580Z ##[group]Post cache
2025-02-09T11:42:51.1953455Z State not set
2025-02-09T11:42:51.1954533Z ##[endgroup]
2025-02-09T11:42:51.2090596Z Post job cleanup.
2025-02-09T11:42:51.3043084Z [command]/usr/bin/git version
2025-02-09T11:42:51.3078722Z git version 2.48.1
2025-02-09T11:42:51.3121198Z Temporarily overriding HOME='/home/runner/work/_temp/a5b971ac-a988-4d72-858c-594d7e5082b6' before making global git config changes
2025-02-09T11:42:51.3122997Z Adding repository directory to the temporary git global config as a safe directory
2025-02-09T11:42:51.3135163Z [command]/usr/bin/git config --global --add safe.directory /home/runner/work/gpt_academic/gpt_academic
2025-02-09T11:42:51.3169367Z [command]/usr/bin/git config --local --name-only --get-regexp core\.sshCommand
2025-02-09T11:42:51.3202221Z [command]/usr/bin/git submodule foreach --recursive sh -c "git config --local --name-only --get-regexp 'core\.sshCommand' && git config --local --unset-all 'core.sshCommand' || :"
2025-02-09T11:42:51.3439774Z [command]/usr/bin/git config --local --name-only --get-regexp http\.https\:\/\/github\.com\/\.extraheader
2025-02-09T11:42:51.3461895Z http.https://github.com/.extraheader
2025-02-09T11:42:51.3478993Z [command]/usr/bin/git config --local --unset-all http.https://github.com/.extraheader
2025-02-09T11:42:51.3513979Z [command]/usr/bin/git submodule foreach --recursive sh -c "git config --local --name-only --get-regexp 'http\.https\:\/\/github\.com\/\.extraheader' && git config --local --unset-all 'http.https://github.com/.extraheader' || :"
2025-02-09T11:42:51.3860572Z Post job cleanup.
2025-02-09T11:42:51.6210272Z ##[group]Removing builder
2025-02-09T11:42:51.7089541Z [command]/usr/bin/docker buildx rm builder-a153490f-beb6-4a88-86f8-abd728f45693
2025-02-09T11:42:59.4884829Z builder-a153490f-beb6-4a88-86f8-abd728f45693 removed
2025-02-09T11:42:59.4918856Z ##[endgroup]
2025-02-09T11:42:59.4920717Z ##[group]Cleaning up certificates
2025-02-09T11:42:59.4926686Z ##[endgroup]
2025-02-09T11:42:59.4927314Z ##[group]Post cache
2025-02-09T11:42:59.4929386Z State not set
2025-02-09T11:42:59.4930906Z ##[endgroup]
2025-02-09T11:42:59.5038987Z Post job cleanup.
2025-02-09T11:42:59.7298323Z ##[group]Post cache
2025-02-09T11:42:59.7301094Z Caching docker.io--tonistiigi--binfmt-latest-linux-x64 to GitHub Actions cache
2025-02-09T11:42:59.7485979Z [command]/usr/bin/tar --posix -cf cache.tzst --exclude cache.tzst -P -C /home/runner/work/gpt_academic/gpt_academic --files-from manifest.txt --use-compress-program zstdmt
2025-02-09T11:43:00.1645803Z Failed to save: Unable to reserve cache with key docker.io--tonistiigi--binfmt-latest-linux-x64, another job may be creating this cache. More details: Cache already exists. Scope: refs/heads/master, Key: docker.io--tonistiigi--binfmt-latest-linux-x64, Version: 0f256030c2162b26c4af1b51965f055655033ea67381759b247836dd596e3432
2025-02-09T11:43:00.1702549Z ##[endgroup]
2025-02-09T11:43:00.1821103Z Cleaning up orphan processes
