2025-04-14T19:02:17.9984048Z ##[group]Run awalsh128/cache-apt-pkgs-action@latest
2025-04-14T19:02:17.9984406Z with:
2025-04-14T19:02:17.9984596Z   packages: quilt
2025-04-14T19:02:17.9984796Z   version: 1
2025-04-14T19:02:17.9985130Z   execute_install_scripts: false
2025-04-14T19:02:17.9985365Z   debug: false
2025-04-14T19:02:17.9985547Z env:
2025-04-14T19:02:17.9985716Z   CODECOV_TOKEN: 
2025-04-14T19:02:17.9985916Z   DISABLE_V8_COMPILE_CACHE: 1
2025-04-14T19:02:17.9986136Z ##[endgroup]
2025-04-14T19:02:18.0059013Z ##[group]Run ${GITHUB_ACTION_PATH}/pre_cache_action.sh \
2025-04-14T19:02:18.0059411Z [36;1m${GITHUB_ACTION_PATH}/pre_cache_action.sh \[0m
2025-04-14T19:02:18.0060000Z [36;1m  ~/cache-apt-pkgs \[0m
2025-04-14T19:02:18.0060251Z [36;1m  "$VERSION" \[0m
2025-04-14T19:02:18.0060487Z [36;1m  "$EXEC_INSTALL_SCRIPTS" \[0m
2025-04-14T19:02:18.0060737Z [36;1m  "$DEBUG" \[0m
2025-04-14T19:02:18.0060939Z [36;1m  "$PACKAGES"[0m
2025-04-14T19:02:18.0061257Z [36;1mecho "CACHE_KEY=$(cat ~/cache-apt-pkgs/cache_key.md5)" >> $GITHUB_ENV[0m
2025-04-14T19:02:18.0115441Z shell: /usr/bin/bash --noprofile --norc -e -o pipefail {0}
2025-04-14T19:02:18.0115790Z env:
2025-04-14T19:02:18.0115967Z   CODECOV_TOKEN: 
2025-04-14T19:02:18.0116181Z   DISABLE_V8_COMPILE_CACHE: 1
2025-04-14T19:02:18.0116413Z   VERSION: 1
2025-04-14T19:02:18.0116608Z   EXEC_INSTALL_SCRIPTS: false
2025-04-14T19:02:18.0116832Z   DEBUG: false
2025-04-14T19:02:18.0117020Z   PACKAGES: quilt
2025-04-14T19:02:18.0117210Z ##[endgroup]
2025-04-14T19:02:18.0246323Z 19:02:18.024 Normalizing package list...
2025-04-14T19:02:18.3159412Z 19:02:18.315 done
2025-04-14T19:02:18.3185402Z 19:02:18.318 Validating action arguments (version='1', packages='quilt=0.66-2.1')...
2025-04-14T19:02:18.3211683Z 19:02:18.320 done
2025-04-14T19:02:18.3211945Z 
2025-04-14T19:02:18.3224047Z 19:02:18.322 Creating cache key...
2025-04-14T19:02:18.3236541Z 19:02:18.323 - Value to hash is 'quilt=0.66-2.1 @ 1 3'.
2025-04-14T19:02:18.3270744Z 19:02:18.326 - Value hashed as '87445ee6748e7bbe458c1ccd051ba936'.
2025-04-14T19:02:18.3282353Z 19:02:18.327 done
2025-04-14T19:02:18.3295249Z 19:02:18.329 Hash value written to /home/runner/cache-apt-pkgs/cache_key.md5
2025-04-14T19:02:18.3388773Z ##[group]Run actions/cache/restore@v4
2025-04-14T19:02:18.3389041Z with:
2025-04-14T19:02:18.3389227Z   path: ~/cache-apt-pkgs
2025-04-14T19:02:18.3389492Z   key: cache-apt-pkgs_87445ee6748e7bbe458c1ccd051ba936
2025-04-14T19:02:18.3390073Z   enableCrossOsArchive: false
2025-04-14T19:02:18.3390316Z   fail-on-cache-miss: false
2025-04-14T19:02:18.3390534Z   lookup-only: false
2025-04-14T19:02:18.3390729Z env:
2025-04-14T19:02:18.3390892Z   CODECOV_TOKEN: 
2025-04-14T19:02:18.3391087Z   DISABLE_V8_COMPILE_CACHE: 1
2025-04-14T19:02:18.3391334Z   CACHE_KEY: 87445ee6748e7bbe458c1ccd051ba936
2025-04-14T19:02:18.3391593Z ##[endgroup]
2025-04-14T19:02:18.5801354Z Cache hit for: cache-apt-pkgs_87445ee6748e7bbe458c1ccd051ba936
2025-04-14T19:02:18.9180100Z Received 1318148 of 1318148 (100.0%), 5.6 MBs/sec
2025-04-14T19:02:18.9181101Z Cache Size: ~1 MB (1318148 B)
2025-04-14T19:02:18.9206366Z [command]/usr/bin/tar -xf /home/runner/work/_temp/f739afe8-9a31-4957-ab11-860cc8ad6cb1/cache.tzst -P -C /home/runner/work/code-server/code-server --use-compress-program unzstd
2025-04-14T19:02:18.9319242Z Cache restored successfully
2025-04-14T19:02:18.9451044Z Cache restored from key: cache-apt-pkgs_87445ee6748e7bbe458c1ccd051ba936
2025-04-14T19:02:18.9543915Z ##[group]Run ${GITHUB_ACTION_PATH}/post_cache_action.sh \
2025-04-14T19:02:18.9544333Z [36;1m${GITHUB_ACTION_PATH}/post_cache_action.sh \[0m
2025-04-14T19:02:18.9544640Z [36;1m  ~/cache-apt-pkgs \[0m
2025-04-14T19:02:18.9544878Z [36;1m  / \[0m
2025-04-14T19:02:18.9545084Z [36;1m  "$CACHE_HIT" \[0m
2025-04-14T19:02:18.9545317Z [36;1m  "$EXEC_INSTALL_SCRIPTS" \[0m
2025-04-14T19:02:18.9545571Z [36;1m  "$DEBUG" \[0m
2025-04-14T19:02:18.9545778Z [36;1m  "$PACKAGES"[0m
2025-04-14T19:02:18.9546254Z [36;1mfunction create_list { local list=$(cat ~/cache-apt-pkgs/manifest_${1}.log | tr '\n' ','); echo ${list:0:-1}; };[0m
2025-04-14T19:02:18.9547081Z [36;1mecho "package-version-list=$(create_list main)" >> $GITHUB_OUTPUT[0m
2025-04-14T19:02:18.9547561Z [36;1mecho "all-package-version-list=$(create_list all)" >> $GITHUB_OUTPUT[0m
2025-04-14T19:02:18.9600520Z shell: /usr/bin/bash --noprofile --norc -e -o pipefail {0}
2025-04-14T19:02:18.9600862Z env:
2025-04-14T19:02:18.9601045Z   CODECOV_TOKEN: 
2025-04-14T19:02:18.9601260Z   DISABLE_V8_COMPILE_CACHE: 1
2025-04-14T19:02:18.9601528Z   CACHE_KEY: 87445ee6748e7bbe458c1ccd051ba936
2025-04-14T19:02:18.9601794Z   CACHE_HIT: true
2025-04-14T19:02:18.9602000Z   EXEC_INSTALL_SCRIPTS: false
2025-04-14T19:02:18.9602227Z   DEBUG: false
2025-04-14T19:02:18.9602413Z   PACKAGES: quilt
2025-04-14T19:02:18.9602607Z ##[endgroup]
2025-04-14T19:02:18.9810089Z 19:02:18.980 Found 7 files in the cache.
2025-04-14T19:02:18.9833853Z 19:02:18.983 - cache_key.md5
2025-04-14T19:02:18.9857793Z 19:02:18.985 - diffstat=1.64-1build2.tar
2025-04-14T19:02:18.9881799Z 19:02:18.987 - gettext=0.21-4ubuntu4.tar
2025-04-14T19:02:18.9905382Z 19:02:18.990 - install.log
2025-04-14T19:02:18.9928677Z 19:02:18.992 - manifest_all.log
2025-04-14T19:02:18.9952111Z 19:02:18.994 - manifest_main.log
2025-04-14T19:02:18.9975320Z 19:02:18.997 - quilt=0.66-2.1.tar
2025-04-14T19:02:18.9987242Z 
2025-04-14T19:02:18.9987534Z 19:02:18.998 Reading from main requested packages manifest...
2025-04-14T19:02:19.0034558Z 19:02:19.003 - quilt=0.66-2.1
2025-04-14T19:02:19.0047151Z 19:02:19.004 done
2025-04-14T19:02:19.0047358Z 
2025-04-14T19:02:19.0096262Z 19:02:19.009 Restoring 3 packages from cache...
2025-04-14T19:02:19.0120450Z 19:02:19.011 - diffstat=1.64-1build2.tar restoring...
2025-04-14T19:02:19.0219143Z 19:02:19.021   done
2025-04-14T19:02:19.0243155Z 19:02:19.024 - gettext=0.21-4ubuntu4.tar restoring...
2025-04-14T19:02:19.0400997Z 19:02:19.039   done
2025-04-14T19:02:19.0425255Z 19:02:19.042 - quilt=0.66-2.1.tar restoring...
2025-04-14T19:02:19.0591026Z 19:02:19.058   done
2025-04-14T19:02:19.0603174Z 19:02:19.060 done
2025-04-14T19:02:19.0605712Z 
2025-04-14T19:02:19.0701757Z ##[group]Run rm -rf ~/cache-apt-pkgs
2025-04-14T19:02:19.0702085Z [36;1mrm -rf ~/cache-apt-pkgs[0m
2025-04-14T19:02:19.0755241Z shell: /usr/bin/bash --noprofile --norc -e -o pipefail {0}
2025-04-14T19:02:19.0755586Z env:
2025-04-14T19:02:19.0755773Z   CODECOV_TOKEN: 
2025-04-14T19:02:19.0755987Z   DISABLE_V8_COMPILE_CACHE: 1
2025-04-14T19:02:19.0756253Z   CACHE_KEY: 87445ee6748e7bbe458c1ccd051ba936
2025-04-14T19:02:19.0756531Z ##[endgroup]
