2025-02-09T02:31:22.0820032Z Requested labels: ubuntu-latest
2025-02-09T02:31:22.0820243Z Job defined at: styled-components/styled-components/.github/workflows/test.yml@refs/pull/4356/merge
2025-02-09T02:31:22.0820354Z Waiting for a runner to pick up this job...
2025-02-09T02:31:23.2855108Z Job is waiting for a hosted runner to come online.
2025-02-09T02:31:25.6174924Z Job is about to start running on the hosted runner: GitHub Actions 39 (hosted)
2025-02-09T02:31:27.2716948Z Current runner version: '2.322.0'
2025-02-09T02:31:27.2746518Z ##[group]Operating System
2025-02-09T02:31:27.2747380Z Ubuntu
2025-02-09T02:31:27.2747898Z 24.04.1
2025-02-09T02:31:27.2748389Z LTS
2025-02-09T02:31:27.2748929Z ##[endgroup]
2025-02-09T02:31:27.2749429Z ##[group]Runner Image
2025-02-09T02:31:27.2749980Z Image: ubuntu-24.04
2025-02-09T02:31:27.2750784Z Version: 20250202.1.0
2025-02-09T02:31:27.2751869Z Included Software: https://github.com/actions/runner-images/blob/ubuntu24/20250202.1/images/ubuntu/Ubuntu2404-Readme.md
2025-02-09T02:31:27.2753302Z Image Release: https://github.com/actions/runner-images/releases/tag/ubuntu24%2F20250202.1
2025-02-09T02:31:27.2754254Z ##[endgroup]
2025-02-09T02:31:27.2754742Z ##[group]Runner Image Provisioner
2025-02-09T02:31:27.2755364Z 2.0.422.1
2025-02-09T02:31:27.2755872Z ##[endgroup]
2025-02-09T02:31:27.2756840Z ##[group]GITHUB_TOKEN Permissions
2025-02-09T02:31:27.2758877Z Contents: read
2025-02-09T02:31:27.2759457Z Metadata: read
2025-02-09T02:31:27.2760250Z ##[endgroup]
2025-02-09T02:31:27.2763529Z Secret source: None
2025-02-09T02:31:27.2764605Z Prepare workflow directory
2025-02-09T02:31:27.3139361Z Prepare all required actions
2025-02-09T02:31:27.3176022Z Getting action download info
2025-02-09T02:31:27.5100917Z ##[group]Download immutable action package 'actions/checkout@v4'
2025-02-09T02:31:27.5101895Z Version: 4.2.2
2025-02-09T02:31:27.5102935Z Digest: sha256:ccb2698953eaebd21c7bf6268a94f9c26518a7e38e27e0b83c1fe1ad049819b1
2025-02-09T02:31:27.5104076Z Source commit SHA: 11bd71901bbe5b1630ceea73d27597364c9af683
2025-02-09T02:31:27.5104770Z ##[endgroup]
2025-02-09T02:31:27.5944993Z ##[group]Download immutable action package 'actions/setup-node@v4'
2025-02-09T02:31:27.5945782Z Version: 4.2.0
2025-02-09T02:31:27.5946493Z Digest: sha256:86190341f7d053ba0db4f8e0ad72b8a71043ab3287c7e7f2f3b56def57ec452a
2025-02-09T02:31:27.5947426Z Source commit SHA: 1d0ff469b7ec7b3cb9d8673fde0c81c44821de2a
2025-02-09T02:31:27.5948099Z ##[endgroup]
2025-02-09T02:31:27.9239113Z Complete job name: prettier
2025-02-09T02:31:27.9976793Z ##[group]Run actions/checkout@v4
2025-02-09T02:31:27.9977722Z with:
2025-02-09T02:31:27.9978260Z   repository: styled-components/styled-components
2025-02-09T02:31:27.9979071Z   token: ***
2025-02-09T02:31:27.9979502Z   ssh-strict: true
2025-02-09T02:31:27.9979942Z   ssh-user: git
2025-02-09T02:31:27.9980544Z   persist-credentials: true
2025-02-09T02:31:27.9981058Z   clean: true
2025-02-09T02:31:27.9981510Z   sparse-checkout-cone-mode: true
2025-02-09T02:31:27.9982048Z   fetch-depth: 1
2025-02-09T02:31:27.9982497Z   fetch-tags: false
2025-02-09T02:31:27.9983187Z   show-progress: true
2025-02-09T02:31:27.9983977Z   lfs: false
2025-02-09T02:31:27.9984429Z   submodules: false
2025-02-09T02:31:27.9984881Z   set-safe-directory: true
2025-02-09T02:31:27.9985740Z env:
2025-02-09T02:31:27.9986384Z   YARN_ENABLE_HARDENED_MODE: 1
2025-02-09T02:31:27.9986908Z ##[endgroup]
2025-02-09T02:31:28.1868251Z Syncing repository: styled-components/styled-components
2025-02-09T02:31:28.1870298Z ##[group]Getting Git version info
2025-02-09T02:31:28.1871387Z Working directory is '/home/runner/work/styled-components/styled-components'
2025-02-09T02:31:28.1872519Z [command]/usr/bin/git version
2025-02-09T02:31:28.1928790Z git version 2.48.1
2025-02-09T02:31:28.1957436Z ##[endgroup]
2025-02-09T02:31:28.1970897Z Temporarily overriding HOME='/home/runner/work/_temp/3189e098-c44b-41b6-af5e-49881a4c1210' before making global git config changes
2025-02-09T02:31:28.1973129Z Adding repository directory to the temporary git global config as a safe directory
2025-02-09T02:31:28.1976021Z [command]/usr/bin/git config --global --add safe.directory /home/runner/work/styled-components/styled-components
2025-02-09T02:31:28.2009996Z Deleting the contents of '/home/runner/work/styled-components/styled-components'
2025-02-09T02:31:28.2013799Z ##[group]Initializing the repository
2025-02-09T02:31:28.2017670Z [command]/usr/bin/git init /home/runner/work/styled-components/styled-components
2025-02-09T02:31:28.2096331Z hint: Using 'master' as the name for the initial branch. This default branch name
2025-02-09T02:31:28.2097648Z hint: is subject to change. To configure the initial branch name to use in all
2025-02-09T02:31:28.2098770Z hint: of your new repositories, which will suppress this warning, call:
2025-02-09T02:31:28.2099614Z hint:
2025-02-09T02:31:28.2100199Z hint: 	git config --global init.defaultBranch <name>
2025-02-09T02:31:28.2101084Z hint:
2025-02-09T02:31:28.2101761Z hint: Names commonly chosen instead of 'master' are 'main', 'trunk' and
2025-02-09T02:31:28.2102813Z hint: 'development'. The just-created branch can be renamed via this command:
2025-02-09T02:31:28.2103638Z hint:
2025-02-09T02:31:28.2104152Z hint: 	git branch -m <name>
2025-02-09T02:31:28.2105752Z Initialized empty Git repository in /home/runner/work/styled-components/styled-components/.git/
2025-02-09T02:31:28.2116079Z [command]/usr/bin/git remote add origin https://github.com/styled-components/styled-components
2025-02-09T02:31:28.2147795Z ##[endgroup]
2025-02-09T02:31:28.2148614Z ##[group]Disabling automatic garbage collection
2025-02-09T02:31:28.2151848Z [command]/usr/bin/git config --local gc.auto 0
2025-02-09T02:31:28.2181218Z ##[endgroup]
2025-02-09T02:31:28.2182745Z ##[group]Setting up auth
2025-02-09T02:31:28.2188873Z [command]/usr/bin/git config --local --name-only --get-regexp core\.sshCommand
2025-02-09T02:31:28.2220658Z [command]/usr/bin/git submodule foreach --recursive sh -c "git config --local --name-only --get-regexp 'core\.sshCommand' && git config --local --unset-all 'core.sshCommand' || :"
2025-02-09T02:31:28.2535590Z [command]/usr/bin/git config --local --name-only --get-regexp http\.https\:\/\/github\.com\/\.extraheader
2025-02-09T02:31:28.2564799Z [command]/usr/bin/git submodule foreach --recursive sh -c "git config --local --name-only --get-regexp 'http\.https\:\/\/github\.com\/\.extraheader' && git config --local --unset-all 'http.https://github.com/.extraheader' || :"
2025-02-09T02:31:28.2811386Z [command]/usr/bin/git config --local http.https://github.com/.extraheader AUTHORIZATION: basic ***
2025-02-09T02:31:28.2850914Z ##[endgroup]
2025-02-09T02:31:28.2852459Z ##[group]Fetching the repository
2025-02-09T02:31:28.2861178Z [command]/usr/bin/git -c protocol.version=2 fetch --no-tags --prune --no-recurse-submodules --depth=1 origin +b34521306ef5e8ea2628cc47e82264e76ae7f3cb:refs/remotes/pull/4356/merge
2025-02-09T02:31:28.7075715Z From https://github.com/styled-components/styled-components
2025-02-09T02:31:28.7077911Z  * [new ref]         b34521306ef5e8ea2628cc47e82264e76ae7f3cb -> pull/4356/merge
2025-02-09T02:31:28.7102900Z ##[endgroup]
2025-02-09T02:31:28.7104197Z ##[group]Determining the checkout info
2025-02-09T02:31:28.7105694Z ##[endgroup]
2025-02-09T02:31:28.7110988Z [command]/usr/bin/git sparse-checkout disable
2025-02-09T02:31:28.7150763Z [command]/usr/bin/git config --local --unset-all extensions.worktreeConfig
2025-02-09T02:31:28.7178322Z ##[group]Checking out the ref
2025-02-09T02:31:28.7183097Z [command]/usr/bin/git checkout --progress --force refs/remotes/pull/4356/merge
2025-02-09T02:31:28.7458860Z Note: switching to 'refs/remotes/pull/4356/merge'.
2025-02-09T02:31:28.7459989Z 
2025-02-09T02:31:28.7460902Z You are in 'detached HEAD' state. You can look around, make experimental
2025-02-09T02:31:28.7462003Z changes and commit them, and you can discard any commits you make in this
2025-02-09T02:31:28.7463400Z state without impacting any branches by switching back to a branch.
2025-02-09T02:31:28.7464598Z 
2025-02-09T02:31:28.7465306Z If you want to create a new branch to retain commits you create, you may
2025-02-09T02:31:28.7467045Z do so (now or later) by using -c with the switch command. Example:
2025-02-09T02:31:28.7468191Z 
2025-02-09T02:31:28.7468673Z   git switch -c <new-branch-name>
2025-02-09T02:31:28.7469494Z 
2025-02-09T02:31:28.7469982Z Or undo this operation with:
2025-02-09T02:31:28.7470962Z 
2025-02-09T02:31:28.7471363Z   git switch -
2025-02-09T02:31:28.7471892Z 
2025-02-09T02:31:28.7472744Z Turn off this advice by setting config variable advice.detachedHead to false
2025-02-09T02:31:28.7474459Z 
2025-02-09T02:31:28.7475889Z HEAD is now at b345213 Merge 5b5b8d584433107cfca6638edfbc10c13afff789 into 44a31cb346dc7d22608bb38cc4369acdb05ee705
2025-02-09T02:31:28.7479583Z ##[endgroup]
2025-02-09T02:31:28.7505758Z [command]/usr/bin/git log -1 --format=%H
2025-02-09T02:31:28.7527870Z b34521306ef5e8ea2628cc47e82264e76ae7f3cb
2025-02-09T02:31:28.7762785Z ##[group]Run actions/setup-node@v4
2025-02-09T02:31:28.7763378Z with:
2025-02-09T02:31:28.7763800Z   cache: yarn
2025-02-09T02:31:28.7764257Z   node-version-file: .nvmrc
2025-02-09T02:31:28.7764769Z   always-auth: false
2025-02-09T02:31:28.7765238Z   check-latest: false
2025-02-09T02:31:28.7765846Z   token: ***
2025-02-09T02:31:28.7766272Z env:
2025-02-09T02:31:28.7766698Z   YARN_ENABLE_HARDENED_MODE: 1
2025-02-09T02:31:28.7767219Z ##[endgroup]
2025-02-09T02:31:28.9528527Z Node version file is not JSON file
2025-02-09T02:31:28.9529925Z Resolved .nvmrc as 20
2025-02-09T02:31:28.9574069Z Found in cache @ /opt/hostedtoolcache/node/20.18.2/x64
2025-02-09T02:31:28.9581240Z ##[group]Environment details
2025-02-09T02:31:32.6410191Z node: v20.18.2
2025-02-09T02:31:32.6411245Z npm: 10.8.2
2025-02-09T02:31:32.6411670Z yarn: 4.0.2
2025-02-09T02:31:32.6412879Z ##[endgroup]
2025-02-09T02:31:32.6437975Z [command]/usr/local/bin/yarn --version
2025-02-09T02:31:32.9426112Z 4.0.2
2025-02-09T02:31:32.9725529Z [command]/usr/local/bin/yarn config get cacheFolder
2025-02-09T02:31:33.2705133Z /home/runner/.yarn/berry/cache
2025-02-09T02:31:33.3162396Z [command]/usr/local/bin/yarn config get enableGlobalCache
2025-02-09T02:31:33.6177582Z [33mtrue[39m
2025-02-09T02:31:34.9458785Z Received 146800640 of 172693785 (85.0%), 140.0 MBs/sec
2025-02-09T02:31:35.0314929Z Cache Size: ~165 MB (172693785 B)
2025-02-09T02:31:35.0348843Z [command]/usr/bin/tar -xf /home/runner/work/_temp/a7c437dd-7690-4e8f-9608-fdee70ed7f9c/cache.tzst -P -C /home/runner/work/styled-components/styled-components --use-compress-program unzstd
2025-02-09T02:31:35.6983234Z Cache restored successfully
2025-02-09T02:31:35.7356027Z Cache restored from key: node-cache-Linux-x64-yarn-8c8b246bb61239e56cbae3ffbebf4b87203f4b310aadc1e5a35204cd5221f5f9
2025-02-09T02:31:35.9467309Z Received 172693785 of 172693785 (100.0%), 82.3 MBs/sec
2025-02-09T02:31:35.9608575Z ##[group]Run yarn install --immutable
2025-02-09T02:31:35.9608961Z [36;1myarn install --immutable[0m
2025-02-09T02:31:35.9643642Z shell: /usr/bin/bash -e {0}
2025-02-09T02:31:35.9643930Z env:
2025-02-09T02:31:35.9644155Z   YARN_ENABLE_HARDENED_MODE: 1
2025-02-09T02:31:35.9644418Z ##[endgroup]
2025-02-09T02:31:36.3873290Z [94m➤[39m YN0000: · Yarn 4.0.2
2025-02-09T02:31:36.3988212Z [94m➤[39m [90mYN0000[39m: ┌ Resolution step
2025-02-09T02:31:36.3988927Z ##[group]Resolution step
2025-02-09T02:31:41.7461547Z ##[endgroup]
2025-02-09T02:31:41.7466298Z [94m➤[39m [90mYN0000[39m: └ Completed in 5s 347ms
2025-02-09T02:31:41.7484656Z [94m➤[39m [90mYN0000[39m: ┌ Post-resolution validation
2025-02-09T02:31:41.7485598Z ##[group]Post-resolution validation
2025-02-09T02:31:41.7488279Z [93m➤[39m YN0060: │ [38;5;173mreact[39m is listed by your project with version [38;5;111m17.0.2[39m, which doesn't satisfy what [38;5;173mstyled-components[39m ([38;5;111mp99ba3[39m) and other dependencies request ([91mbut they have non-overlapping ranges![39m).
2025-02-09T02:31:41.7491892Z [93m➤[39m YN0060: │ [38;5;173mrollup[39m is listed by your project with version [38;5;111m3.29.4[39m, which doesn't satisfy what [38;5;173mrollup-plugin-sourcemaps[39m ([38;5;111mp5e5e5[39m) and other dependencies request ([38;5;37m^2.0.0[39m).
2025-02-09T02:31:41.7495068Z [93m➤[39m YN0002: │ [38;5;166m@styled-components/[39m[38;5;173mbenchmarks[39m[38;5;111m@[39m[38;5;111mworkspace:packages/benchmarks[39m doesn't provide [38;5;173mcsstype[39m ([38;5;111mpd52a5[39m), requested by [38;5;173mgoober[39m.
2025-02-09T02:31:41.7497914Z [93m➤[39m YN0086: │ Some peer dependencies are incorrectly met; run [38;5;111myarn explain peer-requirements <hash>[39m for details, where [38;5;111m<hash>[39m is the six-letter p-prefixed code.
2025-02-09T02:31:41.7953859Z ##[endgroup]
2025-02-09T02:31:41.7954749Z [94m➤[39m [90mYN0000[39m: └ Completed
2025-02-09T02:31:41.7955626Z [94m➤[39m [90mYN0000[39m: ┌ Fetch step
2025-02-09T02:31:41.7956300Z ##[group]Fetch step
2025-02-09T02:31:42.5864894Z ##[endgroup]
2025-02-09T02:31:42.5866006Z [94m➤[39m [90mYN0000[39m: └ Completed in 0s 791ms
2025-02-09T02:31:42.6194522Z [94m➤[39m [90mYN0000[39m: ┌ Link step
2025-02-09T02:31:42.6195494Z ##[group]Link step
2025-02-09T02:31:48.1291101Z [94m➤[39m YN0007: │ [38;5;173mstyled-components-project[39m[38;5;111m@[39m[38;5;111mworkspace:.[39m must be built because it never has been before or the last one failed
2025-02-09T02:31:48.7518088Z ##[endgroup]
2025-02-09T02:31:48.7519139Z [94m➤[39m [90mYN0000[39m: └ Completed in 6s 132ms
2025-02-09T02:31:48.8305711Z [93m➤[39m YN0000: · Done with warnings in 12s 445ms
2025-02-09T02:31:48.8867376Z ##[group]Run yarn run prettier
2025-02-09T02:31:48.8867705Z [36;1myarn run prettier[0m
2025-02-09T02:31:48.8895222Z shell: /usr/bin/bash -e {0}
2025-02-09T02:31:48.8895462Z env:
2025-02-09T02:31:48.8895654Z   YARN_ENABLE_HARDENED_MODE: 1
2025-02-09T02:31:48.8895912Z ##[endgroup]
2025-02-09T02:31:50.0250062Z Checking formatting...
2025-02-09T02:31:52.0285494Z All matched files use Prettier code style!
2025-02-09T02:31:52.0902189Z Post job cleanup.
2025-02-09T02:31:52.2435945Z Cache hit occurred on the primary key node-cache-Linux-x64-yarn-8c8b246bb61239e56cbae3ffbebf4b87203f4b310aadc1e5a35204cd5221f5f9, not saving cache.
2025-02-09T02:31:52.2555689Z Post job cleanup.
2025-02-09T02:31:52.3528081Z [command]/usr/bin/git version
2025-02-09T02:31:52.3571109Z git version 2.48.1
2025-02-09T02:31:52.3614213Z Temporarily overriding HOME='/home/runner/work/_temp/5fda22f8-2c1f-4f37-beda-6f73ec1a3882' before making global git config changes
2025-02-09T02:31:52.3615809Z Adding repository directory to the temporary git global config as a safe directory
2025-02-09T02:31:52.3620709Z [command]/usr/bin/git config --global --add safe.directory /home/runner/work/styled-components/styled-components
2025-02-09T02:31:52.3654333Z [command]/usr/bin/git config --local --name-only --get-regexp core\.sshCommand
2025-02-09T02:31:52.3686478Z [command]/usr/bin/git submodule foreach --recursive sh -c "git config --local --name-only --get-regexp 'core\.sshCommand' && git config --local --unset-all 'core.sshCommand' || :"
2025-02-09T02:31:52.3917444Z [command]/usr/bin/git config --local --name-only --get-regexp http\.https\:\/\/github\.com\/\.extraheader
2025-02-09T02:31:52.3937718Z http.https://github.com/.extraheader
2025-02-09T02:31:52.3950271Z [command]/usr/bin/git config --local --unset-all http.https://github.com/.extraheader
2025-02-09T02:31:52.3980666Z [command]/usr/bin/git submodule foreach --recursive sh -c "git config --local --name-only --get-regexp 'http\.https\:\/\/github\.com\/\.extraheader' && git config --local --unset-all 'http.https://github.com/.extraheader' || :"
2025-02-09T02:31:52.4307433Z Cleaning up orphan processes
