2025-04-15T03:00:34.7773427Z Requested labels: ubuntu-latest
2025-04-15T03:00:34.7773608Z Job defined at: cypress-io/cypress/.github/workflows/semantic-pull-request.yml@refs/heads/develop
2025-04-15T03:00:34.7773716Z Waiting for a runner to pick up this job...
2025-04-15T03:00:35.2612294Z Job is waiting for a hosted runner to come online.
2025-04-15T03:00:37.7094776Z Job is about to start running on the hosted runner: GitHub Actions 17 (hosted)
2025-04-15T03:00:39.2138375Z Current runner version: '2.323.0'
2025-04-15T03:00:39.2166699Z ##[group]Operating System
2025-04-15T03:00:39.2167491Z Ubuntu
2025-04-15T03:00:39.2168003Z 24.04.2
2025-04-15T03:00:39.2168547Z LTS
2025-04-15T03:00:39.2169026Z ##[endgroup]
2025-04-15T03:00:39.2169523Z ##[group]Runner Image
2025-04-15T03:00:39.2170160Z Image: ubuntu-24.04
2025-04-15T03:00:39.2170687Z Version: 20250406.1.0
2025-04-15T03:00:39.2172016Z Included Software: https://github.com/actions/runner-images/blob/ubuntu24/20250406.1/images/ubuntu/Ubuntu2404-Readme.md
2025-04-15T03:00:39.2173492Z Image Release: https://github.com/actions/runner-images/releases/tag/ubuntu24%2F20250406.1
2025-04-15T03:00:39.2174414Z ##[endgroup]
2025-04-15T03:00:39.2174894Z ##[group]Runner Image Provisioner
2025-04-15T03:00:39.2175566Z 2.0.422.1
2025-04-15T03:00:39.2176072Z ##[endgroup]
2025-04-15T03:00:39.2177227Z ##[group]GITHUB_TOKEN Permissions
2025-04-15T03:00:39.2178999Z Contents: read
2025-04-15T03:00:39.2179551Z Metadata: read
2025-04-15T03:00:39.2180372Z PullRequests: read
2025-04-15T03:00:39.2181005Z ##[endgroup]
2025-04-15T03:00:39.2184431Z Secret source: Actions
2025-04-15T03:00:39.2185149Z Prepare workflow directory
2025-04-15T03:00:39.2580846Z Prepare all required actions
2025-04-15T03:00:39.2617712Z Getting action download info
2025-04-15T03:00:39.4459514Z ##[group]Download immutable action package 'actions/checkout@v4'
2025-04-15T03:00:39.4460394Z Version: 4.2.2
2025-04-15T03:00:39.4461368Z Digest: sha256:ccb2698953eaebd21c7bf6268a94f9c26518a7e38e27e0b83c1fe1ad049819b1
2025-04-15T03:00:39.4462445Z Source commit SHA: 11bd71901bbe5b1630ceea73d27597364c9af683
2025-04-15T03:00:39.4463079Z ##[endgroup]
2025-04-15T03:00:39.5220901Z ##[group]Download immutable action package 'actions/github-script@v7'
2025-04-15T03:00:39.5221908Z Version: 7.0.1
2025-04-15T03:00:39.5222619Z Digest: sha256:bce02966afe3a75123f766b765abe432fac5464b74976015dc06b811ac9054c7
2025-04-15T03:00:39.5223567Z Source commit SHA: 60a0d83039c74a4aee543508d2ffcb1c3799cdea
2025-04-15T03:00:39.5224222Z ##[endgroup]
2025-04-15T03:00:39.7653247Z Complete job name: Semantic Pull Request
2025-04-15T03:00:39.8567664Z ##[group]Run actions/checkout@v4
2025-04-15T03:00:39.8568592Z with:
2025-04-15T03:00:39.8569081Z   ref: renovate/npm-webpack-4-vulnerability
2025-04-15T03:00:39.8569722Z   repository: cypress-io/cypress
2025-04-15T03:00:39.8570415Z   token: ***
2025-04-15T03:00:39.8570854Z   ssh-strict: true
2025-04-15T03:00:39.8571473Z   ssh-user: git
2025-04-15T03:00:39.8571935Z   persist-credentials: true
2025-04-15T03:00:39.8572426Z   clean: true
2025-04-15T03:00:39.8572893Z   sparse-checkout-cone-mode: true
2025-04-15T03:00:39.8573431Z   fetch-depth: 1
2025-04-15T03:00:39.8573892Z   fetch-tags: false
2025-04-15T03:00:39.8574362Z   show-progress: true
2025-04-15T03:00:39.8574830Z   lfs: false
2025-04-15T03:00:39.8575251Z   submodules: false
2025-04-15T03:00:39.8575718Z   set-safe-directory: true
2025-04-15T03:00:39.8576498Z ##[endgroup]
2025-04-15T03:00:40.0172781Z Syncing repository: cypress-io/cypress
2025-04-15T03:00:40.0174647Z ##[group]Getting Git version info
2025-04-15T03:00:40.0175493Z Working directory is '/home/runner/work/cypress/cypress'
2025-04-15T03:00:40.0176506Z [command]/usr/bin/git version
2025-04-15T03:00:40.0217319Z git version 2.49.0
2025-04-15T03:00:40.0245111Z ##[endgroup]
2025-04-15T03:00:40.0260571Z Temporarily overriding HOME='/home/runner/work/_temp/f81ee55a-a1c6-42fb-b28a-34481d037856' before making global git config changes
2025-04-15T03:00:40.0263722Z Adding repository directory to the temporary git global config as a safe directory
2025-04-15T03:00:40.0267160Z [command]/usr/bin/git config --global --add safe.directory /home/runner/work/cypress/cypress
2025-04-15T03:00:40.0300938Z Deleting the contents of '/home/runner/work/cypress/cypress'
2025-04-15T03:00:40.0305248Z ##[group]Initializing the repository
2025-04-15T03:00:40.0310019Z [command]/usr/bin/git init /home/runner/work/cypress/cypress
2025-04-15T03:00:40.0367100Z hint: Using 'master' as the name for the initial branch. This default branch name
2025-04-15T03:00:40.0368764Z hint: is subject to change. To configure the initial branch name to use in all
2025-04-15T03:00:40.0369775Z hint: of your new repositories, which will suppress this warning, call:
2025-04-15T03:00:40.0371400Z hint:
2025-04-15T03:00:40.0372032Z hint: 	git config --global init.defaultBranch <name>
2025-04-15T03:00:40.0373062Z hint:
2025-04-15T03:00:40.0374265Z hint: Names commonly chosen instead of 'master' are 'main', 'trunk' and
2025-04-15T03:00:40.0376207Z hint: 'development'. The just-created branch can be renamed via this command:
2025-04-15T03:00:40.0377837Z hint:
2025-04-15T03:00:40.0378720Z hint: 	git branch -m <name>
2025-04-15T03:00:40.0380142Z Initialized empty Git repository in /home/runner/work/cypress/cypress/.git/
2025-04-15T03:00:40.0385795Z [command]/usr/bin/git remote add origin https://github.com/cypress-io/cypress
2025-04-15T03:00:40.0418135Z ##[endgroup]
2025-04-15T03:00:40.0419558Z ##[group]Disabling automatic garbage collection
2025-04-15T03:00:40.0423191Z [command]/usr/bin/git config --local gc.auto 0
2025-04-15T03:00:40.0451923Z ##[endgroup]
2025-04-15T03:00:40.0453446Z ##[group]Setting up auth
2025-04-15T03:00:40.0459358Z [command]/usr/bin/git config --local --name-only --get-regexp core\.sshCommand
2025-04-15T03:00:40.0491472Z [command]/usr/bin/git submodule foreach --recursive sh -c "git config --local --name-only --get-regexp 'core\.sshCommand' && git config --local --unset-all 'core.sshCommand' || :"
2025-04-15T03:00:40.0767826Z [command]/usr/bin/git config --local --name-only --get-regexp http\.https\:\/\/github\.com\/\.extraheader
2025-04-15T03:00:40.0795922Z [command]/usr/bin/git submodule foreach --recursive sh -c "git config --local --name-only --get-regexp 'http\.https\:\/\/github\.com\/\.extraheader' && git config --local --unset-all 'http.https://github.com/.extraheader' || :"
2025-04-15T03:00:40.1016303Z [command]/usr/bin/git config --local http.https://github.com/.extraheader AUTHORIZATION: basic ***
2025-04-15T03:00:40.1052542Z ##[endgroup]
2025-04-15T03:00:40.1053355Z ##[group]Fetching the repository
2025-04-15T03:00:40.1061371Z [command]/usr/bin/git -c protocol.version=2 fetch --no-tags --prune --no-recurse-submodules --depth=1 origin +refs/heads/renovate/npm-webpack-4-vulnerability*:refs/remotes/origin/renovate/npm-webpack-4-vulnerability* +refs/tags/renovate/npm-webpack-4-vulnerability*:refs/tags/renovate/npm-webpack-4-vulnerability*
2025-04-15T03:00:42.0551398Z From https://github.com/cypress-io/cypress
2025-04-15T03:00:42.0553459Z  * [new branch]      renovate/npm-webpack-4-vulnerability -> origin/renovate/npm-webpack-4-vulnerability
2025-04-15T03:00:42.0575755Z ##[endgroup]
2025-04-15T03:00:42.0576843Z ##[group]Determining the checkout info
2025-04-15T03:00:42.0582512Z [command]/usr/bin/git branch --list --remote origin/renovate/npm-webpack-4-vulnerability
2025-04-15T03:00:42.0604798Z   origin/renovate/npm-webpack-4-vulnerability
2025-04-15T03:00:42.0610926Z ##[endgroup]
2025-04-15T03:00:42.0614755Z [command]/usr/bin/git sparse-checkout disable
2025-04-15T03:00:42.0651519Z [command]/usr/bin/git config --local --unset-all extensions.worktreeConfig
2025-04-15T03:00:42.0677691Z ##[group]Checking out the ref
2025-04-15T03:00:42.0682021Z [command]/usr/bin/git checkout --progress --force -B renovate/npm-webpack-4-vulnerability refs/remotes/origin/renovate/npm-webpack-4-vulnerability
2025-04-15T03:00:42.6537497Z Switched to a new branch 'renovate/npm-webpack-4-vulnerability'
2025-04-15T03:00:42.6540853Z branch 'renovate/npm-webpack-4-vulnerability' set up to track 'origin/renovate/npm-webpack-4-vulnerability'.
2025-04-15T03:00:42.6566439Z ##[endgroup]
2025-04-15T03:00:42.6608469Z [command]/usr/bin/git log -1 --format=%H
2025-04-15T03:00:42.6631591Z 41ed2094826f717a1489fea350ad3f7d5aeeb03a
2025-04-15T03:00:42.6846278Z ##[group]Run npm install
2025-04-15T03:00:42.6846584Z [36;1mnpm install[0m
2025-04-15T03:00:42.6897451Z shell: /usr/bin/bash -e {0}
2025-04-15T03:00:42.6897720Z ##[endgroup]
2025-04-15T03:00:45.4390147Z 
2025-04-15T03:00:45.4391234Z added 74 packages, and audited 75 packages in 3s
2025-04-15T03:00:45.4391689Z 
2025-04-15T03:00:45.4391853Z 13 packages are looking for funding
2025-04-15T03:00:45.4392245Z   run `npm fund` for details
2025-04-15T03:00:45.4400584Z 
2025-04-15T03:00:45.4400804Z found 0 vulnerabilities
2025-04-15T03:00:45.4587255Z ##[group]Run actions/github-script@v7
2025-04-15T03:00:45.4587545Z with:
2025-04-15T03:00:45.4588126Z   script: const verifyPullRequest = require('./scripts/github-actions/semantic-pull-request')

await verifyPullRequest({ context, core, github })

2025-04-15T03:00:45.4588895Z   github-token: ***
2025-04-15T03:00:45.4589102Z   debug: false
2025-04-15T03:00:45.4589307Z   user-agent: actions/github-script
2025-04-15T03:00:45.4589593Z   result-encoding: json
2025-04-15T03:00:45.4589805Z   retries: 0
2025-04-15T03:00:45.4590027Z   retry-exempt-status-codes: 400,401,403,404,422
2025-04-15T03:00:45.4590310Z ##[endgroup]
2025-04-15T03:00:46.4183614Z Does not contain any user-facing changes that impacts the next Cypress release.
2025-04-15T03:00:46.4313113Z Post job cleanup.
2025-04-15T03:00:46.5180655Z [command]/usr/bin/git version
2025-04-15T03:00:46.5220737Z git version 2.49.0
2025-04-15T03:00:46.5261191Z Temporarily overriding HOME='/home/runner/work/_temp/64633eb6-e95c-4cf9-8d33-7f63930adeb4' before making global git config changes
2025-04-15T03:00:46.5262124Z Adding repository directory to the temporary git global config as a safe directory
2025-04-15T03:00:46.5266330Z [command]/usr/bin/git config --global --add safe.directory /home/runner/work/cypress/cypress
2025-04-15T03:00:46.5297780Z [command]/usr/bin/git config --local --name-only --get-regexp core\.sshCommand
2025-04-15T03:00:46.5326714Z [command]/usr/bin/git submodule foreach --recursive sh -c "git config --local --name-only --get-regexp 'core\.sshCommand' && git config --local --unset-all 'core.sshCommand' || :"
2025-04-15T03:00:46.5553712Z [command]/usr/bin/git config --local --name-only --get-regexp http\.https\:\/\/github\.com\/\.extraheader
2025-04-15T03:00:46.5574138Z http.https://github.com/.extraheader
2025-04-15T03:00:46.5585149Z [command]/usr/bin/git config --local --unset-all http.https://github.com/.extraheader
2025-04-15T03:00:46.5612392Z [command]/usr/bin/git submodule foreach --recursive sh -c "git config --local --name-only --get-regexp 'http\.https\:\/\/github\.com\/\.extraheader' && git config --local --unset-all 'http.https://github.com/.extraheader' || :"
2025-04-15T03:00:46.5918362Z Cleaning up orphan processes
