2025-04-15T00:39:43.2799477Z Requested labels: ubuntu-24.04
2025-04-15T00:39:43.2799907Z Job defined at: duckdb/duckdb/.github/workflows/CodeQuality.yml@refs/heads/main
2025-04-15T00:39:43.2800012Z Waiting for a runner to pick up this job...
2025-04-15T00:41:01.8495910Z Job is waiting for a hosted runner to come online.
2025-04-15T00:41:04.8270745Z Job is about to start running on the hosted runner: GitHub Actions 50 (hosted)
2025-04-15T00:41:06.3422968Z Current runner version: '2.323.0'
2025-04-15T00:41:06.3449286Z ##[group]Operating System
2025-04-15T00:41:06.3450129Z Ubuntu
2025-04-15T00:41:06.3450720Z 24.04.2
2025-04-15T00:41:06.3451245Z LTS
2025-04-15T00:41:06.3451744Z ##[endgroup]
2025-04-15T00:41:06.3452396Z ##[group]Runner Image
2025-04-15T00:41:06.3452973Z Image: ubuntu-24.04
2025-04-15T00:41:06.3453525Z Version: 20250406.1.0
2025-04-15T00:41:06.3454656Z Included Software: https://github.com/actions/runner-images/blob/ubuntu24/20250406.1/images/ubuntu/Ubuntu2404-Readme.md
2025-04-15T00:41:06.3456054Z Image Release: https://github.com/actions/runner-images/releases/tag/ubuntu24%2F20250406.1
2025-04-15T00:41:06.3457308Z ##[endgroup]
2025-04-15T00:41:06.3457916Z ##[group]Runner Image Provisioner
2025-04-15T00:41:06.3458509Z 2.0.422.1
2025-04-15T00:41:06.3459106Z ##[endgroup]
2025-04-15T00:41:06.3460283Z ##[group]GITHUB_TOKEN Permissions
2025-04-15T00:41:06.3462151Z Contents: read
2025-04-15T00:41:06.3462750Z Metadata: read
2025-04-15T00:41:06.3463511Z Packages: read
2025-04-15T00:41:06.3464276Z ##[endgroup]
2025-04-15T00:41:06.3466282Z Secret source: Actions
2025-04-15T00:41:06.3467381Z Prepare workflow directory
2025-04-15T00:41:06.3969948Z Prepare all required actions
2025-04-15T00:41:06.4005465Z Getting action download info
2025-04-15T00:41:06.5537154Z ##[group]Download immutable action package 'actions/checkout@v4'
2025-04-15T00:41:06.5538426Z Version: 4.2.2
2025-04-15T00:41:06.5539471Z Digest: sha256:ccb2698953eaebd21c7bf6268a94f9c26518a7e38e27e0b83c1fe1ad049819b1
2025-04-15T00:41:06.5540705Z Source commit SHA: 11bd71901bbe5b1630ceea73d27597364c9af683
2025-04-15T00:41:06.5541525Z ##[endgroup]
2025-04-15T00:41:06.6351746Z Download action repository 'hendrikmuhs/ccache-action@main' (SHA:15fe4dd483de6883ed9b919e77778f61f69fc053)
2025-04-15T00:41:06.9775560Z Complete job name: Tidy Check
2025-04-15T00:41:07.0412963Z ##[group]Run actions/checkout@v4
2025-04-15T00:41:07.0413809Z with:
2025-04-15T00:41:07.0414235Z   fetch-depth: 0
2025-04-15T00:41:07.0414707Z   repository: duckdb/duckdb
2025-04-15T00:41:07.0415384Z   token: ***
2025-04-15T00:41:07.0415839Z   ssh-strict: true
2025-04-15T00:41:07.0416274Z   ssh-user: git
2025-04-15T00:41:07.0416705Z   persist-credentials: true
2025-04-15T00:41:07.0417419Z   clean: true
2025-04-15T00:41:07.0417858Z   sparse-checkout-cone-mode: true
2025-04-15T00:41:07.0418371Z   fetch-tags: false
2025-04-15T00:41:07.0418811Z   show-progress: true
2025-04-15T00:41:07.0419256Z   lfs: false
2025-04-15T00:41:07.0419659Z   submodules: false
2025-04-15T00:41:07.0420102Z   set-safe-directory: true
2025-04-15T00:41:07.0420815Z env:
2025-04-15T00:41:07.0421363Z   GH_TOKEN: ***
2025-04-15T00:41:07.0421815Z   CC: gcc
2025-04-15T00:41:07.0422235Z   CXX: g++
2025-04-15T00:41:07.0422654Z   GEN: ninja
2025-04-15T00:41:07.0423072Z   TIDY_THREADS: 4
2025-04-15T00:41:07.0423520Z   TIDY_CHECKS: 
2025-04-15T00:41:07.0423928Z ##[endgroup]
2025-04-15T00:41:07.2385120Z Syncing repository: duckdb/duckdb
2025-04-15T00:41:07.2387289Z ##[group]Getting Git version info
2025-04-15T00:41:07.2388085Z Working directory is '/home/runner/work/duckdb/duckdb'
2025-04-15T00:41:07.2389042Z [command]/usr/bin/git version
2025-04-15T00:41:07.2489911Z git version 2.49.0
2025-04-15T00:41:07.2519737Z ##[endgroup]
2025-04-15T00:41:07.2539372Z Temporarily overriding HOME='/home/runner/work/_temp/e483f6d8-c0e4-4dd5-a5e1-79fb78b794c5' before making global git config changes
2025-04-15T00:41:07.2541596Z Adding repository directory to the temporary git global config as a safe directory
2025-04-15T00:41:07.2544157Z [command]/usr/bin/git config --global --add safe.directory /home/runner/work/duckdb/duckdb
2025-04-15T00:41:07.2578830Z Deleting the contents of '/home/runner/work/duckdb/duckdb'
2025-04-15T00:41:07.2582677Z ##[group]Initializing the repository
2025-04-15T00:41:07.2586563Z [command]/usr/bin/git init /home/runner/work/duckdb/duckdb
2025-04-15T00:41:07.2684820Z hint: Using 'master' as the name for the initial branch. This default branch name
2025-04-15T00:41:07.2686008Z hint: is subject to change. To configure the initial branch name to use in all
2025-04-15T00:41:07.2687722Z hint: of your new repositories, which will suppress this warning, call:
2025-04-15T00:41:07.2688450Z hint:
2025-04-15T00:41:07.2688987Z hint: 	git config --global init.defaultBranch <name>
2025-04-15T00:41:07.2689952Z hint:
2025-04-15T00:41:07.2690927Z hint: Names commonly chosen instead of 'master' are 'main', 'trunk' and
2025-04-15T00:41:07.2692491Z hint: 'development'. The just-created branch can be renamed via this command:
2025-04-15T00:41:07.2693710Z hint:
2025-04-15T00:41:07.2694359Z hint: 	git branch -m <name>
2025-04-15T00:41:07.2695105Z Initialized empty Git repository in /home/runner/work/duckdb/duckdb/.git/
2025-04-15T00:41:07.2704217Z [command]/usr/bin/git remote add origin https://github.com/duckdb/duckdb
2025-04-15T00:41:07.2738379Z ##[endgroup]
2025-04-15T00:41:07.2739640Z ##[group]Disabling automatic garbage collection
2025-04-15T00:41:07.2742491Z [command]/usr/bin/git config --local gc.auto 0
2025-04-15T00:41:07.2771003Z ##[endgroup]
2025-04-15T00:41:07.2772072Z ##[group]Setting up auth
2025-04-15T00:41:07.2777370Z [command]/usr/bin/git config --local --name-only --get-regexp core\.sshCommand
2025-04-15T00:41:07.2807004Z [command]/usr/bin/git submodule foreach --recursive sh -c "git config --local --name-only --get-regexp 'core\.sshCommand' && git config --local --unset-all 'core.sshCommand' || :"
2025-04-15T00:41:07.3152073Z [command]/usr/bin/git config --local --name-only --get-regexp http\.https\:\/\/github\.com\/\.extraheader
2025-04-15T00:41:07.3189579Z [command]/usr/bin/git submodule foreach --recursive sh -c "git config --local --name-only --get-regexp 'http\.https\:\/\/github\.com\/\.extraheader' && git config --local --unset-all 'http.https://github.com/.extraheader' || :"
2025-04-15T00:41:07.3437789Z [command]/usr/bin/git config --local http.https://github.com/.extraheader AUTHORIZATION: basic ***
2025-04-15T00:41:07.3478298Z ##[endgroup]
2025-04-15T00:41:07.3481243Z ##[group]Fetching the repository
2025-04-15T00:41:07.3487620Z [command]/usr/bin/git -c protocol.version=2 fetch --prune --no-recurse-submodules origin +refs/heads/*:refs/remotes/origin/* +refs/tags/*:refs/tags/*
2025-04-15T00:41:28.2339212Z From https://github.com/duckdb/duckdb
2025-04-15T00:41:28.2340125Z  * [new branch]            main              -> origin/main
2025-04-15T00:41:28.2341269Z  * [new branch]            v1.1-eatoni       -> origin/v1.1-eatoni
2025-04-15T00:41:28.2342644Z  * [new branch]            v1.2-histrionicus -> origin/v1.2-histrionicus
2025-04-15T00:41:28.2343788Z  * [new tag]               v0.1.0            -> v0.1.0
2025-04-15T00:41:28.2344807Z  * [new tag]               v0.1.1            -> v0.1.1
2025-04-15T00:41:28.2346228Z  * [new tag]               v0.1.2            -> v0.1.2
2025-04-15T00:41:28.2347261Z  * [new tag]               v0.1.3            -> v0.1.3
2025-04-15T00:41:28.2348580Z  * [new tag]               v0.1.4            -> v0.1.4
2025-04-15T00:41:28.2349294Z  * [new tag]               v0.1.5            -> v0.1.5
2025-04-15T00:41:28.2350259Z  * [new tag]               v0.1.6            -> v0.1.6
2025-04-15T00:41:28.2351638Z  * [new tag]               v0.1.7            -> v0.1.7
2025-04-15T00:41:28.2352786Z  * [new tag]               v0.1.8            -> v0.1.8
2025-04-15T00:41:28.2353462Z  * [new tag]               v0.1.9            -> v0.1.9
2025-04-15T00:41:28.2355556Z  * [new tag]               v0.10.0           -> v0.10.0
2025-04-15T00:41:28.2356901Z  * [new tag]               v0.10.1           -> v0.10.1
2025-04-15T00:41:28.2358670Z  * [new tag]               v0.10.2           -> v0.10.2
2025-04-15T00:41:28.2360270Z  * [new tag]               v0.10.3           -> v0.10.3
2025-04-15T00:41:28.2361839Z  * [new tag]               v0.2.0            -> v0.2.0
2025-04-15T00:41:28.2363034Z  * [new tag]               v0.2.1            -> v0.2.1
2025-04-15T00:41:28.2364392Z  * [new tag]               v0.2.2            -> v0.2.2
2025-04-15T00:41:28.2365830Z  * [new tag]               v0.2.3            -> v0.2.3
2025-04-15T00:41:28.2368532Z  * [new tag]               v0.2.4            -> v0.2.4
2025-04-15T00:41:28.2369214Z  * [new tag]               v0.2.5            -> v0.2.5
2025-04-15T00:41:28.2370444Z  * [new tag]               v0.2.6            -> v0.2.6
2025-04-15T00:41:28.2371892Z  * [new tag]               v0.2.7            -> v0.2.7
2025-04-15T00:41:28.2373311Z  * [new tag]               v0.2.8            -> v0.2.8
2025-04-15T00:41:28.2374778Z  * [new tag]               v0.2.9            -> v0.2.9
2025-04-15T00:41:28.2376218Z  * [new tag]               v0.3.0            -> v0.3.0
2025-04-15T00:41:28.2378083Z  * [new tag]               v0.3.1            -> v0.3.1
2025-04-15T00:41:28.2379311Z  * [new tag]               v0.3.2            -> v0.3.2
2025-04-15T00:41:28.2380796Z  * [new tag]               v0.3.3            -> v0.3.3
2025-04-15T00:41:28.2382114Z  * [new tag]               v0.3.4            -> v0.3.4
2025-04-15T00:41:28.2383605Z  * [new tag]               v0.4.0            -> v0.4.0
2025-04-15T00:41:28.2384906Z  * [new tag]               v0.5.0            -> v0.5.0
2025-04-15T00:41:28.2386370Z  * [new tag]               v0.5.1            -> v0.5.1
2025-04-15T00:41:28.2387993Z  * [new tag]               v0.6.0            -> v0.6.0
2025-04-15T00:41:28.2389450Z  * [new tag]               v0.6.1            -> v0.6.1
2025-04-15T00:41:28.2390826Z  * [new tag]               v0.7.0            -> v0.7.0
2025-04-15T00:41:28.2392261Z  * [new tag]               v0.7.1            -> v0.7.1
2025-04-15T00:41:28.2393955Z  * [new tag]               v0.8.0            -> v0.8.0
2025-04-15T00:41:28.2395013Z  * [new tag]               v0.8.1            -> v0.8.1
2025-04-15T00:41:28.2396560Z  * [new tag]               v0.9.0            -> v0.9.0
2025-04-15T00:41:28.2398201Z  * [new tag]               v0.9.1            -> v0.9.1
2025-04-15T00:41:28.2399956Z  * [new tag]               v0.9.2            -> v0.9.2
2025-04-15T00:41:28.2401138Z  * [new tag]               v1.0.0            -> v1.0.0
2025-04-15T00:41:28.2402622Z  * [new tag]               v1.1.0            -> v1.1.0
2025-04-15T00:41:28.2404245Z  * [new tag]               v1.1.1            -> v1.1.1
2025-04-15T00:41:28.2405593Z  * [new tag]               v1.1.2            -> v1.1.2
2025-04-15T00:41:28.2407028Z  * [new tag]               v1.1.3            -> v1.1.3
2025-04-15T00:41:28.2408542Z  * [new tag]               v1.2.0            -> v1.2.0
2025-04-15T00:41:28.2409975Z  * [new tag]               v1.2.1            -> v1.2.1
2025-04-15T00:41:28.2411152Z  * [new tag]               v1.2.2            -> v1.2.2
2025-04-15T00:41:28.2457684Z [command]/usr/bin/git branch --list --remote origin/main
2025-04-15T00:41:28.2480230Z   origin/main
2025-04-15T00:41:28.2489241Z [command]/usr/bin/git rev-parse refs/remotes/origin/main
2025-04-15T00:41:28.2509555Z cae7a680bc78d82d0a3f721291c3a36ce99c6561
2025-04-15T00:41:28.2514980Z ##[endgroup]
2025-04-15T00:41:28.2515421Z ##[group]Determining the checkout info
2025-04-15T00:41:28.2516148Z ##[endgroup]
2025-04-15T00:41:28.2521032Z [command]/usr/bin/git sparse-checkout disable
2025-04-15T00:41:28.2564272Z [command]/usr/bin/git config --local --unset-all extensions.worktreeConfig
2025-04-15T00:41:28.2589173Z ##[group]Checking out the ref
2025-04-15T00:41:28.2593165Z [command]/usr/bin/git checkout --progress --force -B main refs/remotes/origin/main
2025-04-15T00:41:29.2791123Z Updating files:  59% (8160/13781)
2025-04-15T00:41:29.2840429Z Updating files:  60% (8269/13781)
2025-04-15T00:41:29.2897572Z Updating files:  61% (8407/13781)
2025-04-15T00:41:29.3091989Z Updating files:  62% (8545/13781)
2025-04-15T00:41:29.3191400Z Updating files:  63% (8683/13781)
2025-04-15T00:41:29.3242825Z Updating files:  64% (8820/13781)
2025-04-15T00:41:29.3297120Z Updating files:  65% (8958/13781)
2025-04-15T00:41:29.3357428Z Updating files:  66% (9096/13781)
2025-04-15T00:41:29.3427128Z Updating files:  67% (9234/13781)
2025-04-15T00:41:29.3487176Z Updating files:  68% (9372/13781)
2025-04-15T00:41:29.3544439Z Updating files:  69% (9509/13781)
2025-04-15T00:41:29.3601799Z Updating files:  70% (9647/13781)
2025-04-15T00:41:29.3653180Z Updating files:  71% (9785/13781)
2025-04-15T00:41:29.3714513Z Updating files:  72% (9923/13781)
2025-04-15T00:41:29.3773287Z Updating files:  73% (10061/13781)
2025-04-15T00:41:29.3833446Z Updating files:  74% (10198/13781)
2025-04-15T00:41:29.3890132Z Updating files:  75% (10336/13781)
2025-04-15T00:41:29.3947898Z Updating files:  76% (10474/13781)
2025-04-15T00:41:29.4006940Z Updating files:  77% (10612/13781)
2025-04-15T00:41:29.4060089Z Updating files:  78% (10750/13781)
2025-04-15T00:41:29.4113237Z Updating files:  79% (10887/13781)
2025-04-15T00:41:29.4346237Z Updating files:  80% (11025/13781)
2025-04-15T00:41:29.4403843Z Updating files:  81% (11163/13781)
2025-04-15T00:41:29.4605869Z Updating files:  82% (11301/13781)
2025-04-15T00:41:29.4661402Z Updating files:  83% (11439/13781)
2025-04-15T00:41:29.4716197Z Updating files:  84% (11577/13781)
2025-04-15T00:41:29.4770762Z Updating files:  85% (11714/13781)
2025-04-15T00:41:29.4825845Z Updating files:  86% (11852/13781)
2025-04-15T00:41:29.4893853Z Updating files:  87% (11990/13781)
2025-04-15T00:41:29.5182763Z Updating files:  88% (12128/13781)
2025-04-15T00:41:29.5792527Z Updating files:  89% (12266/13781)
2025-04-15T00:41:29.5958795Z Updating files:  90% (12403/13781)
2025-04-15T00:41:29.6111981Z Updating files:  91% (12541/13781)
2025-04-15T00:41:29.6287972Z Updating files:  92% (12679/13781)
2025-04-15T00:41:29.6355752Z Updating files:  93% (12817/13781)
2025-04-15T00:41:29.6567089Z Updating files:  94% (12955/13781)
2025-04-15T00:41:29.6690830Z Updating files:  95% (13092/13781)
2025-04-15T00:41:29.6780849Z Updating files:  96% (13230/13781)
2025-04-15T00:41:29.6863806Z Updating files:  97% (13368/13781)
2025-04-15T00:41:29.6939583Z Updating files:  98% (13506/13781)
2025-04-15T00:41:29.7071688Z Updating files:  99% (13644/13781)
2025-04-15T00:41:29.7072173Z Updating files: 100% (13781/13781)
2025-04-15T00:41:29.7072670Z Updating files: 100% (13781/13781), done.
2025-04-15T00:41:29.7272925Z Switched to a new branch 'main'
2025-04-15T00:41:29.7274792Z branch 'main' set up to track 'origin/main'.
2025-04-15T00:41:29.7365166Z ##[endgroup]
2025-04-15T00:41:29.7413659Z [command]/usr/bin/git log -1 --format=%H
2025-04-15T00:41:29.7439428Z cae7a680bc78d82d0a3f721291c3a36ce99c6561
2025-04-15T00:41:29.7634911Z ##[group]Run sudo apt-get update -y -qq && sudo apt-get install -y -qq ninja-build clang-tidy && sudo pip3 install pybind11[global] --break-system-packages
2025-04-15T00:41:29.7635918Z [36;1msudo apt-get update -y -qq && sudo apt-get install -y -qq ninja-build clang-tidy && sudo pip3 install pybind11[global] --break-system-packages[0m
2025-04-15T00:41:29.7688238Z shell: /usr/bin/bash --noprofile --norc -e -o pipefail {0}
2025-04-15T00:41:29.7688596Z env:
2025-04-15T00:41:29.7689059Z   GH_TOKEN: ***
2025-04-15T00:41:29.7689256Z   CC: gcc
2025-04-15T00:41:29.7689424Z   CXX: g++
2025-04-15T00:41:29.7689589Z   GEN: ninja
2025-04-15T00:41:29.7689768Z   TIDY_THREADS: 4
2025-04-15T00:41:29.7689971Z   TIDY_CHECKS: 
2025-04-15T00:41:29.7690154Z ##[endgroup]
2025-04-15T00:41:37.0689680Z Selecting previously unselected package clang-tidy.
2025-04-15T00:41:37.0952587Z (Reading database ... 
2025-04-15T00:41:37.0953021Z (Reading database ... 5%
2025-04-15T00:41:37.0953344Z (Reading database ... 10%
2025-04-15T00:41:37.0953585Z (Reading database ... 15%
2025-04-15T00:41:37.0953809Z (Reading database ... 20%
2025-04-15T00:41:37.0954056Z (Reading database ... 25%
2025-04-15T00:41:37.0954416Z (Reading database ... 30%
2025-04-15T00:41:37.0954754Z (Reading database ... 35%
2025-04-15T00:41:37.0955105Z (Reading database ... 40%
2025-04-15T00:41:37.0955459Z (Reading database ... 45%
2025-04-15T00:41:37.0955984Z (Reading database ... 50%
2025-04-15T00:41:37.1049066Z (Reading database ... 55%
2025-04-15T00:41:37.1512141Z (Reading database ... 60%
2025-04-15T00:41:37.1843873Z (Reading database ... 65%
2025-04-15T00:41:37.2194263Z (Reading database ... 70%
2025-04-15T00:41:37.2554790Z (Reading database ... 75%
2025-04-15T00:41:37.3032159Z (Reading database ... 80%
2025-04-15T00:41:37.3765976Z (Reading database ... 85%
2025-04-15T00:41:37.4490068Z (Reading database ... 90%
2025-04-15T00:41:37.4956466Z (Reading database ... 95%
2025-04-15T00:41:37.4957085Z (Reading database ... 100%
2025-04-15T00:41:37.4957621Z (Reading database ... 221801 files and directories currently installed.)
2025-04-15T00:41:37.5000700Z Preparing to unpack .../clang-tidy_1%3a18.0-59~exp2_amd64.deb ...
2025-04-15T00:41:37.5045438Z Unpacking clang-tidy (1:18.0-59~exp2) ...
2025-04-15T00:41:37.5321545Z Selecting previously unselected package ninja-build.
2025-04-15T00:41:37.5456471Z Preparing to unpack .../ninja-build_1.11.1-2_amd64.deb ...
2025-04-15T00:41:37.5466058Z Unpacking ninja-build (1.11.1-2) ...
2025-04-15T00:41:37.5915888Z Setting up clang-tidy (1:18.0-59~exp2) ...
2025-04-15T00:41:37.5951474Z Setting up ninja-build (1.11.1-2) ...
2025-04-15T00:41:37.5990778Z Processing triggers for man-db (2.12.0-4build2) ...
2025-04-15T00:41:46.8066098Z 
2025-04-15T00:41:46.8066688Z Running kernel seems to be up-to-date.
2025-04-15T00:41:46.8067145Z 
2025-04-15T00:41:46.8067246Z No services need to be restarted.
2025-04-15T00:41:46.8067435Z 
2025-04-15T00:41:46.8067538Z No containers need to be restarted.
2025-04-15T00:41:46.8067720Z 
2025-04-15T00:41:46.8067875Z No user sessions are running outdated binaries.
2025-04-15T00:41:46.8068091Z 
2025-04-15T00:41:46.8068296Z No VM guests are running outdated hypervisor (qemu) binaries on this host.
2025-04-15T00:41:48.3855485Z Collecting pybind11[global]
2025-04-15T00:41:48.4344670Z   Downloading pybind11-2.13.6-py3-none-any.whl.metadata (9.5 kB)
2025-04-15T00:41:48.4721274Z Collecting pybind11-global==2.13.6 (from pybind11[global])
2025-04-15T00:41:48.4813199Z   Downloading pybind11_global-2.13.6-py3-none-any.whl.metadata (9.4 kB)
2025-04-15T00:41:48.4974320Z Downloading pybind11_global-2.13.6-py3-none-any.whl (439 kB)
2025-04-15T00:41:48.5264795Z    â”â”â”â”â”â”â”â”â”â”â”â”â”â”â”â”â”â”â”â”â”â”â”â”â”â”â”â”â”â”â”â”â”â”â”â”â”â”â”â” 439.5/439.5 kB 16.2 MB/s eta 0:00:00
2025-04-15T00:41:48.5341740Z Downloading pybind11-2.13.6-py3-none-any.whl (243 kB)
2025-04-15T00:41:48.5447844Z    â”â”â”â”â”â”â”â”â”â”â”â”â”â”â”â”â”â”â”â”â”â”â”â”â”â”â”â”â”â”â”â”â”â”â”â”â”â”â”â” 243.3/243.3 kB 26.4 MB/s eta 0:00:00
2025-04-15T00:41:48.7937770Z Installing collected packages: pybind11-global, pybind11
2025-04-15T00:41:48.8409730Z Successfully installed pybind11-2.13.6 pybind11-global-2.13.6
2025-04-15T00:41:48.8411754Z WARNING: Running pip as the 'root' user can result in broken permissions and conflicting behaviour with the system package manager. It is recommended to use a virtual environment instead: https://pip.pypa.io/warnings/venv
2025-04-15T00:41:48.9108297Z ##[group]Run hendrikmuhs/ccache-action@main
2025-04-15T00:41:48.9108595Z with:
2025-04-15T00:41:48.9108779Z   key: tidy-check
2025-04-15T00:41:48.9108961Z   save: true
2025-04-15T00:41:48.9109127Z   restore: true
2025-04-15T00:41:48.9109307Z   max-size: 500M
2025-04-15T00:41:48.9109480Z   verbose: 0
2025-04-15T00:41:48.9109647Z   variant: ccache
2025-04-15T00:41:48.9109859Z   append-timestamp: true
2025-04-15T00:41:48.9110074Z   create-symlink: false
2025-04-15T00:41:48.9110284Z   job-summary: CCache Statistics
2025-04-15T00:41:48.9110495Z env:
2025-04-15T00:41:48.9110851Z   GH_TOKEN: ***
2025-04-15T00:41:48.9111035Z   CC: gcc
2025-04-15T00:41:48.9111197Z   CXX: g++
2025-04-15T00:41:48.9111359Z   GEN: ninja
2025-04-15T00:41:48.9111529Z   TIDY_THREADS: 4
2025-04-15T00:41:48.9111709Z   TIDY_CHECKS: 
2025-04-15T00:41:48.9111885Z ##[endgroup]
2025-04-15T00:41:49.0362871Z ##[group]Install ccache
2025-04-15T00:41:49.0396417Z [command]/usr/bin/sh -xc $(which sudo) apt-get install -y ccache
2025-04-15T00:41:49.0437376Z + which sudo
2025-04-15T00:41:49.0441178Z + /usr/bin/sudo apt-get install -y ccache
2025-04-15T00:41:49.0662723Z Reading package lists...
2025-04-15T00:41:49.2400290Z Building dependency tree...
2025-04-15T00:41:49.2407891Z Reading state information...
2025-04-15T00:41:49.4117679Z The following additional packages will be installed:
2025-04-15T00:41:49.4122037Z   libhiredis1.1.0
2025-04-15T00:41:49.4129317Z Suggested packages:
2025-04-15T00:41:49.4129920Z   distcc | icecc
2025-04-15T00:41:49.4290942Z The following NEW packages will be installed:
2025-04-15T00:41:49.4298205Z   ccache libhiredis1.1.0
2025-04-15T00:41:49.4475551Z 0 upgraded, 2 newly installed, 0 to remove and 101 not upgraded.
2025-04-15T00:41:49.4476463Z Need to get 633 kB of archives.
2025-04-15T00:41:49.4478448Z After this operation, 1756 kB of additional disk space will be used.
2025-04-15T00:41:49.4479165Z Get:1 file:/etc/apt/apt-mirrors.txt Mirrorlist [142 B]
2025-04-15T00:41:50.7769703Z Get:2 http://azure.archive.ubuntu.com/ubuntu noble/universe amd64 libhiredis1.1.0 amd64 1.2.0-6ubuntu3 [41.4 kB]
2025-04-15T00:41:50.7953742Z Get:3 http://azure.archive.ubuntu.com/ubuntu noble/universe amd64 ccache amd64 4.9.1-1 [592 kB]
2025-04-15T00:41:51.0655768Z Fetched 633 kB in 1s (460 kB/s)
2025-04-15T00:41:51.0857458Z Selecting previously unselected package libhiredis1.1.0:amd64.
2025-04-15T00:41:51.0912127Z (Reading database ... 
2025-04-15T00:41:51.0912625Z (Reading database ... 5%
2025-04-15T00:41:51.0913079Z (Reading database ... 10%
2025-04-15T00:41:51.0913483Z (Reading database ... 15%
2025-04-15T00:41:51.0913909Z (Reading database ... 20%
2025-04-15T00:41:51.0914349Z (Reading database ... 25%
2025-04-15T00:41:51.0914778Z (Reading database ... 30%
2025-04-15T00:41:51.0915193Z (Reading database ... 35%
2025-04-15T00:41:51.0915617Z (Reading database ... 40%
2025-04-15T00:41:51.0916070Z (Reading database ... 45%
2025-04-15T00:41:51.0917759Z (Reading database ... 50%
2025-04-15T00:41:51.0931432Z (Reading database ... 55%
2025-04-15T00:41:51.1030417Z (Reading database ... 60%
2025-04-15T00:41:51.1055992Z (Reading database ... 65%
2025-04-15T00:41:51.1077811Z (Reading database ... 70%
2025-04-15T00:41:51.1120238Z (Reading database ... 75%
2025-04-15T00:41:51.1150585Z (Reading database ... 80%
2025-04-15T00:41:51.1333518Z (Reading database ... 85%
2025-04-15T00:41:51.1602524Z (Reading database ... 90%
2025-04-15T00:41:51.1684499Z (Reading database ... 95%
2025-04-15T00:41:51.1684976Z (Reading database ... 100%
2025-04-15T00:41:51.1685639Z (Reading database ... 221820 files and directories currently installed.)
2025-04-15T00:41:51.1729480Z Preparing to unpack .../libhiredis1.1.0_1.2.0-6ubuntu3_amd64.deb ...
2025-04-15T00:41:51.1758034Z Unpacking libhiredis1.1.0:amd64 (1.2.0-6ubuntu3) ...
2025-04-15T00:41:51.1986413Z Selecting previously unselected package ccache.
2025-04-15T00:41:51.2132394Z Preparing to unpack .../ccache_4.9.1-1_amd64.deb ...
2025-04-15T00:41:51.2142645Z Unpacking ccache (4.9.1-1) ...
2025-04-15T00:41:51.2628667Z Setting up libhiredis1.1.0:amd64 (1.2.0-6ubuntu3) ...
2025-04-15T00:41:51.2650571Z Setting up ccache (4.9.1-1) ...
2025-04-15T00:41:51.2674204Z Updating symlinks in /usr/lib/ccache ...
2025-04-15T00:41:51.2766067Z Processing triggers for libc-bin (2.39-0ubuntu8.4) ...
2025-04-15T00:41:51.5110816Z Processing triggers for man-db (2.12.0-4build2) ...
2025-04-15T00:41:56.3381050Z 
2025-04-15T00:41:56.3381478Z Running kernel seems to be up-to-date.
2025-04-15T00:41:56.3381844Z 
2025-04-15T00:41:56.3383349Z No services need to be restarted.
2025-04-15T00:41:56.3383651Z 
2025-04-15T00:41:56.3383813Z No containers need to be restarted.
2025-04-15T00:41:56.3384129Z 
2025-04-15T00:41:56.3384318Z No user sessions are running outdated binaries.
2025-04-15T00:41:56.3384561Z 
2025-04-15T00:41:56.3384780Z No VM guests are running outdated hypervisor (qemu) binaries on this host.
2025-04-15T00:41:57.2890016Z 
2025-04-15T00:41:57.2901079Z ##[endgroup]
2025-04-15T00:41:57.2901529Z ##[group]Restore cache
2025-04-15T00:41:57.3937924Z ##[warning]Cache not found for keys: ccache-tidy-check-
2025-04-15T00:41:57.3946257Z No cache found.
2025-04-15T00:41:57.3946966Z ##[endgroup]
2025-04-15T00:41:57.3947371Z ##[group]Configure ccache, linux
2025-04-15T00:41:57.3947794Z [command]/usr/bin/sh -xc ccache --set-config=cache_dir='/home/runner/work/duckdb/duckdb/.ccache'
2025-04-15T00:41:57.3956244Z + ccache --set-config=cache_dir=/home/runner/work/duckdb/duckdb/.ccache
2025-04-15T00:41:57.4004092Z [command]/usr/bin/sh -xc ccache --set-config=max_size='500M'
2025-04-15T00:41:57.4024570Z + ccache --set-config=max_size=500M
2025-04-15T00:41:57.4061250Z [command]/usr/bin/sh -xc ccache --set-config=compression=true
2025-04-15T00:41:57.4084656Z + ccache --set-config=compression=true
2025-04-15T00:41:57.4112846Z Cccache config:
2025-04-15T00:41:57.4124468Z [command]/usr/bin/sh -xc ccache -p
2025-04-15T00:41:57.4144014Z + ccache -p
2025-04-15T00:41:57.4159615Z (default) absolute_paths_in_stderr = false
2025-04-15T00:41:57.4160149Z (default) base_dir = 
2025-04-15T00:41:57.4160793Z (/home/runner/.config/ccache/ccache.conf) cache_dir = /home/runner/work/duckdb/duckdb/.ccache
2025-04-15T00:41:57.4161419Z (default) compiler = 
2025-04-15T00:41:57.4161636Z (default) compiler_check = mtime
2025-04-15T00:41:57.4161886Z (default) compiler_type = auto
2025-04-15T00:41:57.4162193Z (/home/runner/.config/ccache/ccache.conf) compression = true
2025-04-15T00:41:57.4162525Z (default) compression_level = 0
2025-04-15T00:41:57.4162750Z (default) cpp_extension = 
2025-04-15T00:41:57.4162964Z (default) debug = false
2025-04-15T00:41:57.4163159Z (default) debug_dir = 
2025-04-15T00:41:57.4163355Z (default) debug_level = 2
2025-04-15T00:41:57.4163568Z (default) depend_mode = false
2025-04-15T00:41:57.4163791Z (default) direct_mode = true
2025-04-15T00:41:57.4164011Z (default) disable = false
2025-04-15T00:41:57.4164218Z (default) extra_files_to_hash = 
2025-04-15T00:41:57.4164445Z (default) file_clone = false
2025-04-15T00:41:57.4164657Z (default) hard_link = false
2025-04-15T00:41:57.4164870Z (default) hash_dir = true
2025-04-15T00:41:57.4165085Z (default) ignore_headers_in_manifest = 
2025-04-15T00:41:57.4165337Z (default) ignore_options = 
2025-04-15T00:41:57.4165550Z (default) inode_cache = true
2025-04-15T00:41:57.4165772Z (default) keep_comments_cpp = false
2025-04-15T00:41:57.4166116Z (default) log_file = 
2025-04-15T00:41:57.4166401Z (default) max_files = 0
2025-04-15T00:41:57.4166676Z (/home/runner/.config/ccache/ccache.conf) max_size = 500.0 MB
2025-04-15T00:41:57.4167239Z (default) msvc_dep_prefix = Note: including file:
2025-04-15T00:41:57.4167516Z (default) namespace = 
2025-04-15T00:41:57.4167711Z (default) path = 
2025-04-15T00:41:57.4167920Z (default) pch_external_checksum = false
2025-04-15T00:41:57.4168174Z (default) prefix_command = 
2025-04-15T00:41:57.4168396Z (default) prefix_command_cpp = 
2025-04-15T00:41:57.4168618Z (default) read_only = false
2025-04-15T00:41:57.4168836Z (default) read_only_direct = false
2025-04-15T00:41:57.4169452Z (default) recache = false
2025-04-15T00:41:57.4169704Z (default) remote_only = false
2025-04-15T00:41:57.4170056Z (default) remote_storage = 
2025-04-15T00:41:57.4170277Z (default) reshare = false
2025-04-15T00:41:57.4170492Z (default) run_second_cpp = true
2025-04-15T00:41:57.4170718Z (default) sloppiness = 
2025-04-15T00:41:57.4170918Z (default) stats = true
2025-04-15T00:41:57.4171115Z (default) stats_log = 
2025-04-15T00:41:57.4171350Z (default) temporary_dir = /run/user/1001/ccache-tmp
2025-04-15T00:41:57.4171622Z (default) umask = 
2025-04-15T00:41:57.4178607Z [command]/usr/bin/sh -xc ccache -z
2025-04-15T00:41:57.4196625Z + ccache -z
2025-04-15T00:41:57.4640667Z Statistics zeroed
2025-04-15T00:41:57.4649600Z ##[endgroup]
2025-04-15T00:41:57.4746394Z ##[group]Run set -e
2025-04-15T00:41:57.4746647Z [36;1mset -e[0m
2025-04-15T00:41:57.4748062Z [36;1mcurl -Lo /tmp/clang-tidy-cache https://github.com/ejfitzgerald/clang-tidy-cache/releases/download/v0.4.0/clang-tidy-cache-linux-amd64[0m
2025-04-15T00:41:57.4749223Z [36;1mmd5sum /tmp/clang-tidy-cache | grep 880b290d7bbe7c1fb2a4f591f9a86cc1[0m
2025-04-15T00:41:57.4749721Z [36;1mchmod +x /tmp/clang-tidy-cache[0m
2025-04-15T00:41:57.4798394Z shell: /usr/bin/bash --noprofile --norc -e -o pipefail {0}
2025-04-15T00:41:57.4798721Z env:
2025-04-15T00:41:57.4799100Z   GH_TOKEN: ***
2025-04-15T00:41:57.4799284Z   CC: gcc
2025-04-15T00:41:57.4799622Z   CXX: g++
2025-04-15T00:41:57.4799783Z   GEN: ninja
2025-04-15T00:41:57.4799948Z   TIDY_THREADS: 4
2025-04-15T00:41:57.4800126Z   TIDY_CHECKS: 
2025-04-15T00:41:57.4800314Z ##[endgroup]
2025-04-15T00:41:57.4930690Z   % Total    % Received % Xferd  Average Speed   Time    Time     Time  Current
2025-04-15T00:41:57.4931435Z                                  Dload  Upload   Total   Spent    Left  Speed
2025-04-15T00:41:57.4931783Z 
2025-04-15T00:41:57.6362650Z   0     0    0     0    0     0      0      0 --:--:-- --:--:-- --:--:--     0
2025-04-15T00:41:57.6363598Z   0     0    0     0    0     0      0      0 --:--:-- --:--:-- --:--:--     0
2025-04-15T00:41:57.8642340Z 
2025-04-15T00:41:57.8642876Z 100 14.8M  100 14.8M    0     0  39.9M      0 --:--:-- --:--:-- --:--:-- 39.9M
2025-04-15T00:41:57.8965418Z 880b290d7bbe7c1fb2a4f591f9a86cc1  /tmp/clang-tidy-cache
2025-04-15T00:41:57.9010580Z ##[group]Run make tidy-check TIDY_BINARY=/tmp/clang-tidy-cache
2025-04-15T00:41:57.9011008Z [36;1mmake tidy-check TIDY_BINARY=/tmp/clang-tidy-cache[0m
2025-04-15T00:41:57.9058195Z shell: /usr/bin/bash --noprofile --norc -e -o pipefail {0}
2025-04-15T00:41:57.9058514Z env:
2025-04-15T00:41:57.9058932Z   GH_TOKEN: ***
2025-04-15T00:41:57.9059116Z   CC: gcc
2025-04-15T00:41:57.9059274Z   CXX: g++
2025-04-15T00:41:57.9059432Z   GEN: ninja
2025-04-15T00:41:57.9059601Z   TIDY_THREADS: 4
2025-04-15T00:41:57.9059773Z   TIDY_CHECKS: 
2025-04-15T00:41:57.9059949Z ##[endgroup]
2025-04-15T00:41:57.9154704Z mkdir -p ./build/tidy && \
2025-04-15T00:41:57.9155130Z cd build/tidy && \
2025-04-15T00:41:57.9155770Z cmake -DCLANG_TIDY=1 -DDISABLE_UNITY=1 -DBUILD_EXTENSIONS=parquet -DBUILD_PYTHON_PKG=TRUE -DBUILD_SHELL=0 ../.. && \
2025-04-15T00:41:57.9156537Z python3 ../../scripts/run-clang-tidy.py -quiet -j 4 -clang-tidy-binary /tmp/clang-tidy-cache 
2025-04-15T00:41:58.0699154Z -- The C compiler identification is GNU 13.3.0
2025-04-15T00:41:58.1787369Z -- The CXX compiler identification is GNU 13.3.0
2025-04-15T00:41:58.1924674Z -- Detecting C compiler ABI info
2025-04-15T00:41:58.2535957Z -- Detecting C compiler ABI info - done
2025-04-15T00:41:58.2713060Z -- Check for working C compiler: /usr/bin/gcc - skipped
2025-04-15T00:41:58.2719320Z -- Detecting C compile features
2025-04-15T00:41:58.2725018Z -- Detecting C compile features - done
2025-04-15T00:41:58.2843485Z -- Detecting CXX compiler ABI info
2025-04-15T00:41:58.3482625Z -- Detecting CXX compiler ABI info - done
2025-04-15T00:41:58.3667929Z -- Check for working CXX compiler: /usr/bin/g++ - skipped
2025-04-15T00:41:58.3672046Z -- Detecting CXX compile features
2025-04-15T00:41:58.3678981Z -- Detecting CXX compile features - done
2025-04-15T00:41:58.3761549Z -- Performing Test CMAKE_HAVE_LIBC_PTHREAD
2025-04-15T00:41:58.4493998Z -- Performing Test CMAKE_HAVE_LIBC_PTHREAD - Success
2025-04-15T00:41:58.4506442Z -- Found Threads: TRUE
2025-04-15T00:41:58.4575710Z -- Found Git: /usr/bin/git (found version "2.49.0")
2025-04-15T00:41:58.7006449Z -- git hash cae7a680bc, version v1.3.0-dev2456, extension folder cae7a680bc
2025-04-15T00:41:58.7009594Z -- Setting build type to 'Release'.
2025-04-15T00:41:58.7013923Z -- Load extension 'parquet' from '/home/runner/work/duckdb/duckdb/extensions' @ cae7a680bc
2025-04-15T00:41:58.7017391Z -- Load extension 'core_functions' from '/home/runner/work/duckdb/duckdb/extensions' @ cae7a680bc
2025-04-15T00:41:58.7756647Z CMake Warning at tools/pythonpkg/CMakeLists.txt:5 (find_package):
2025-04-15T00:41:58.7757521Z   By not providing "FindPythonLibs.cmake" in CMAKE_MODULE_PATH this project
2025-04-15T00:41:58.7758099Z   has asked CMake to find a package configuration file provided by
2025-04-15T00:41:58.7758527Z   "PythonLibs", but CMake did not find one.
2025-04-15T00:41:58.7758762Z 
2025-04-15T00:41:58.7758987Z   Could not find a package configuration file provided by "PythonLibs" with
2025-04-15T00:41:58.7759471Z   any of the following names:
2025-04-15T00:41:58.7759694Z 
2025-04-15T00:41:58.7759805Z     PythonLibsConfig.cmake
2025-04-15T00:41:58.7760355Z     pythonlibs-config.cmake
2025-04-15T00:41:58.7760517Z 
2025-04-15T00:41:58.7760727Z   Add the installation prefix of "PythonLibs" to CMAKE_PREFIX_PATH or set
2025-04-15T00:41:58.7761215Z   "PythonLibs_DIR" to a directory containing one of the above files.  If
2025-04-15T00:41:58.7761712Z   "PythonLibs" provides a separate development package or SDK, be sure it has
2025-04-15T00:41:58.7762100Z   been installed.
2025-04-15T00:41:58.7762223Z 
2025-04-15T00:41:58.7762227Z 
2025-04-15T00:41:58.7900727Z -- Extensions linked into DuckDB: [parquet, core_functions]
2025-04-15T00:41:58.8050309Z -- Configuring done (0.9s)
2025-04-15T00:41:59.4891702Z -- Generating done (0.7s)
2025-04-15T00:41:59.4896178Z -- Build files have been written to: /home/runner/work/duckdb/duckdb/build/tidy
2025-04-15T02:03:58.2222689Z 31810 warnings generated.
2025-04-15T02:03:58.2224337Z /tmp/clang-tidy-cache -p=/home/runner/work/duckdb/duckdb/build/tidy --quiet /home/runner/work/duckdb/duckdb/extension/parquet/parquet_reader.cpp
2025-04-15T02:03:58.2227223Z /home/runner/work/duckdb/duckdb/extension/parquet/parquet_reader.cpp:1229:43: error: narrowing conversion from 'idx_t' (aka 'unsigned long') to signed type 'row_t' (aka 'long') is implementation-defined [bugprone-narrowing-conversions,-warnings-as-errors]
2025-04-15T02:03:58.2257167Z 63620 warnings generated.
2025-04-15T02:03:58.2268722Z  1229 |                         filter_count = deletion_filter->Filter(state.offset_in_group + state.group_offset, scan_count, state.sel);
2025-04-15T02:03:58.2315423Z       |                                                                ^
2025-04-15T02:03:58.2315952Z Failed to get commands: exit status 1
2025-04-15T02:06:35.1231216Z 31810 warnings generated.
2025-04-15T02:06:35.1232366Z /tmp/clang-tidy-cache -p=/home/runner/work/duckdb/duckdb/build/tidy --quiet /home/runner/work/duckdb/duckdb/extension/parquet/parquet_reader.cpp
2025-04-15T02:06:35.1233692Z 63620 warnings generated.
2025-04-15T02:06:35.1253763Z /home/runner/work/duckdb/duckdb/extension/parquet/parquet_reader.cpp:1229:43: error: narrowing conversion from 'idx_t' (aka 'unsigned long') to signed type 'row_t' (aka 'long') is implementation-defined [bugprone-narrowing-conversions,-warnings-as-errors]
2025-04-15T02:06:35.1258154Z  1229 |                         filter_count = deletion_filter->Filter(state.offset_in_group + state.group_offset, scan_count, state.sel);
2025-04-15T02:06:35.1260291Z       |                                                                ^
2025-04-15T02:06:35.1260765Z Failed to get commands: exit status 1
2025-04-15T02:15:26.4484242Z make: *** [Makefile:426: tidy-check] Error 1
2025-04-15T02:15:26.4494652Z ##[error]Process completed with exit code 2.
2025-04-15T02:15:26.4560359Z Post job cleanup.
2025-04-15T02:15:26.5855281Z ##[group]ccache stats
2025-04-15T02:15:26.5871877Z [command]/usr/bin/ccache -s
2025-04-15T02:15:26.5933556Z Local storage:
2025-04-15T02:15:26.5933919Z   Cache size (GB): 0.0 / 0.5 ( 0.00%)
2025-04-15T02:15:26.5952782Z [command]/usr/bin/ccache --version
2025-04-15T02:15:26.5977862Z ccache version 4.9.1
2025-04-15T02:15:26.5978422Z Features: file-storage http-storage redis+unix-storage redis-storage
2025-04-15T02:15:26.5978887Z 
2025-04-15T02:15:26.5979050Z Copyright (C) 2002-2007 Andrew Tridgell
2025-04-15T02:15:26.5979512Z Copyright (C) 2009-2024 Joel Rosdahl and other contributors
2025-04-15T02:15:26.5979760Z 
2025-04-15T02:15:26.5979982Z See <https://ccache.dev/credits.html> for a complete list of contributors.
2025-04-15T02:15:26.5980263Z 
2025-04-15T02:15:26.5980468Z This program is free software; you can redistribute it and/or modify it under
2025-04-15T02:15:26.5980978Z the terms of the GNU General Public License as published by the Free Software
2025-04-15T02:15:26.5981426Z Foundation; either version 3 of the License, or (at your option) any later
2025-04-15T02:15:26.5981761Z version.
2025-04-15T02:15:26.5985543Z ##[endgroup]
2025-04-15T02:15:26.6063243Z Not saving cache because no objects are cached.
2025-04-15T02:15:26.6197369Z Post job cleanup.
2025-04-15T02:15:26.7108876Z [command]/usr/bin/git version
2025-04-15T02:15:26.7144251Z git version 2.49.0
2025-04-15T02:15:26.7188064Z Temporarily overriding HOME='/home/runner/work/_temp/0c515fa0-8ceb-425a-a706-999175174865' before making global git config changes
2025-04-15T02:15:26.7189310Z Adding repository directory to the temporary git global config as a safe directory
2025-04-15T02:15:26.7194676Z [command]/usr/bin/git config --global --add safe.directory /home/runner/work/duckdb/duckdb
2025-04-15T02:15:26.7230128Z [command]/usr/bin/git config --local --name-only --get-regexp core\.sshCommand
2025-04-15T02:15:26.7262918Z [command]/usr/bin/git submodule foreach --recursive sh -c "git config --local --name-only --get-regexp 'core\.sshCommand' && git config --local --unset-all 'core.sshCommand' || :"
2025-04-15T02:15:26.7499643Z [command]/usr/bin/git config --local --name-only --get-regexp http\.https\:\/\/github\.com\/\.extraheader
2025-04-15T02:15:26.7523323Z http.https://github.com/.extraheader
2025-04-15T02:15:26.7536713Z [command]/usr/bin/git config --local --unset-all http.https://github.com/.extraheader
2025-04-15T02:15:26.7569517Z [command]/usr/bin/git submodule foreach --recursive sh -c "git config --local --name-only --get-regexp 'http\.https\:\/\/github\.com\/\.extraheader' && git config --local --unset-all 'http.https://github.com/.extraheader' || :"
2025-04-15T02:15:26.7930048Z Cleaning up orphan processes
