2025-04-11T11:40:15.3722524Z Requested labels: namespace-profile-default
2025-04-11T11:40:15.3722662Z Job defined at: tailwindlabs/tailwindcss/.github/workflows/integration-tests.yml@refs/heads/main
2025-04-11T11:40:15.3722751Z Waiting for a runner to pick up this job...
2025-04-11T11:40:26.0347449Z Job is about to start running on the runner: nsc-runner-psb6scnqe9h56 (repository)
2025-04-11T11:40:27.4868933Z Current runner version: '2.323.0'
2025-04-11T11:40:27.4873388Z Runner name: 'nsc-runner-psb6scnqe9h56'
2025-04-11T11:40:27.4874019Z Runner group name: 'Default'
2025-04-11T11:40:27.4874982Z Machine name: 'psb6scnqe9h56'
2025-04-11T11:40:27.4886019Z ##[group]Namespace Runner Details
2025-04-11T11:40:27.4886789Z ID: psb6scnqe9h56
2025-04-11T11:40:27.4887351Z Operating System: Linux
2025-04-11T11:40:27.4887909Z Machine Type: 4x16
2025-04-11T11:40:27.4888508Z Architecture: amd64
2025-04-11T11:40:27.4889102Z Instance URL: https://cloud.namespace.so/4spl0qlhq6pt2/instance/psb6scnqe9h56
2025-04-11T11:40:27.4889877Z Container Registry: nscr.io/4spl0qlhq6pt2
2025-04-11T11:40:27.4890552Z ##[endgroup]
2025-04-11T11:40:27.4891097Z ##[group]Namespace Runner Profile Info
2025-04-11T11:40:27.4891769Z Tag: namespace-profile-default
2025-04-11T11:40:27.4892567Z Profile URL: https://cloud.namespace.so/4spl0qlhq6pt2/actions/profile/namespace-profile-default
2025-04-11T11:40:27.4893666Z Remote Builder: Enabled.
2025-04-11T11:40:27.4894308Z ##[endgroup]
2025-04-11T11:40:27.4895396Z ##[group]GITHUB_TOKEN Permissions
2025-04-11T11:40:27.4896734Z Contents: read
2025-04-11T11:40:27.4897328Z Metadata: read
2025-04-11T11:40:27.4897913Z ##[endgroup]
2025-04-11T11:40:27.4899716Z Secret source: Actions
2025-04-11T11:40:27.4900415Z Prepare workflow directory
2025-04-11T11:40:27.5105896Z Prepare all required actions
2025-04-11T11:40:27.5130048Z Getting action download info
2025-04-11T11:40:27.7492300Z Download action repository 'actions/checkout@v4' (SHA:11bd71901bbe5b1630ceea73d27597364c9af683)
2025-04-11T11:40:28.1546064Z Download action repository 'pnpm/action-setup@v4' (SHA:a7487c7e89a18df4991f7f222e4898a00d66ddda)
2025-04-11T11:40:28.6311322Z Download action repository 'actions/setup-node@v4' (SHA:cdca7365b2dadb8aad0a33bc7601856ffabcc48e)
2025-04-11T11:40:29.0921314Z Download action repository 'actions/cache@v4' (SHA:5a3ec84eff668545956fd18022155c47e93e2684)
2025-04-11T11:40:29.5607073Z Download action repository 'discord-actions/message@v2' (SHA:5c7149c81a83146e5d01f142be1bf87a61831c4d)
2025-04-11T11:40:30.0073872Z Complete job name: Linux /  cli
2025-04-11T11:40:30.0242267Z A job started hook has been configured by the self-hosted runner administrator
2025-04-11T11:40:30.0334555Z ##[group]Run '/home/runner/prejob.sh'
2025-04-11T11:40:30.0366537Z shell: /usr/bin/bash --noprofile --norc -e -o pipefail {0}
2025-04-11T11:40:30.0367044Z ##[endgroup]
2025-04-11T11:40:30.0590368Z ##[group]Run actions/checkout@v4
2025-04-11T11:40:30.0590783Z with:
2025-04-11T11:40:30.0591100Z   repository: tailwindlabs/tailwindcss
2025-04-11T11:40:30.0591541Z   token: ***
2025-04-11T11:40:30.0591953Z   ssh-strict: true
2025-04-11T11:40:30.0592264Z   ssh-user: git
2025-04-11T11:40:30.0592553Z   persist-credentials: true
2025-04-11T11:40:30.0592923Z   clean: true
2025-04-11T11:40:30.0593222Z   sparse-checkout-cone-mode: true
2025-04-11T11:40:30.0593578Z   fetch-depth: 1
2025-04-11T11:40:30.0593891Z   fetch-tags: false
2025-04-11T11:40:30.0594181Z   show-progress: true
2025-04-11T11:40:30.0594536Z   lfs: false
2025-04-11T11:40:30.0594778Z   submodules: false
2025-04-11T11:40:30.0595072Z   set-safe-directory: true
2025-04-11T11:40:30.0595415Z env:
2025-04-11T11:40:30.0595711Z   NSC_CONTAINER_REGISTRY: nscr.io/4spl0qlhq6pt2
2025-04-11T11:40:30.0596036Z ##[endgroup]
2025-04-11T11:40:30.1715965Z Syncing repository: tailwindlabs/tailwindcss
2025-04-11T11:40:30.1717819Z ##[group]Getting Git version info
2025-04-11T11:40:30.1718463Z Working directory is '/home/runner/work/tailwindcss/tailwindcss'
2025-04-11T11:40:30.1719320Z [command]/usr/bin/git version
2025-04-11T11:40:30.1748693Z git version 2.48.1
2025-04-11T11:40:30.1777507Z ##[endgroup]
2025-04-11T11:40:30.1786553Z Temporarily overriding HOME='/home/runner/work/_temp/61297f37-548b-4d9e-819a-828d0aa6c26c' before making global git config changes
2025-04-11T11:40:30.1790104Z Adding repository directory to the temporary git global config as a safe directory
2025-04-11T11:40:30.1791003Z [command]/usr/bin/git config --global --add safe.directory /home/runner/work/tailwindcss/tailwindcss
2025-04-11T11:40:30.1817559Z Deleting the contents of '/home/runner/work/tailwindcss/tailwindcss'
2025-04-11T11:40:30.1820244Z ##[group]Initializing the repository
2025-04-11T11:40:30.1823493Z [command]/usr/bin/git init /home/runner/work/tailwindcss/tailwindcss
2025-04-11T11:40:30.1872444Z hint: Using 'master' as the name for the initial branch. This default branch name
2025-04-11T11:40:30.1873233Z hint: is subject to change. To configure the initial branch name to use in all
2025-04-11T11:40:30.1873945Z hint: of your new repositories, which will suppress this warning, call:
2025-04-11T11:40:30.1874423Z hint:
2025-04-11T11:40:30.1874948Z hint: 	git config --global init.defaultBranch <name>
2025-04-11T11:40:30.1875502Z hint:
2025-04-11T11:40:30.1876047Z hint: Names commonly chosen instead of 'master' are 'main', 'trunk' and
2025-04-11T11:40:30.1876676Z hint: 'development'. The just-created branch can be renamed via this command:
2025-04-11T11:40:30.1877519Z hint:
2025-04-11T11:40:30.1877988Z hint: 	git branch -m <name>
2025-04-11T11:40:30.1878593Z Initialized empty Git repository in /home/runner/work/tailwindcss/tailwindcss/.git/
2025-04-11T11:40:30.1884117Z [command]/usr/bin/git remote add origin https://github.com/tailwindlabs/tailwindcss
2025-04-11T11:40:30.1907155Z ##[endgroup]
2025-04-11T11:40:30.1907673Z ##[group]Disabling automatic garbage collection
2025-04-11T11:40:30.1909510Z [command]/usr/bin/git config --local gc.auto 0
2025-04-11T11:40:30.1929819Z ##[endgroup]
2025-04-11T11:40:30.1930303Z ##[group]Setting up auth
2025-04-11T11:40:30.1933177Z [command]/usr/bin/git config --local --name-only --get-regexp core\.sshCommand
2025-04-11T11:40:30.1958608Z [command]/usr/bin/git submodule foreach --recursive sh -c "git config --local --name-only --get-regexp 'core\.sshCommand' && git config --local --unset-all 'core.sshCommand' || :"
2025-04-11T11:40:30.2234674Z [command]/usr/bin/git config --local --name-only --get-regexp http\.https\:\/\/github\.com\/\.extraheader
2025-04-11T11:40:30.2255888Z [command]/usr/bin/git submodule foreach --recursive sh -c "git config --local --name-only --get-regexp 'http\.https\:\/\/github\.com\/\.extraheader' && git config --local --unset-all 'http.https://github.com/.extraheader' || :"
2025-04-11T11:40:30.2483477Z [command]/usr/bin/git config --local http.https://github.com/.extraheader AUTHORIZATION: basic ***
2025-04-11T11:40:30.2506394Z ##[endgroup]
2025-04-11T11:40:30.2510395Z ##[group]Fetching the repository
2025-04-11T11:40:30.2511178Z [command]/usr/bin/git -c protocol.version=2 fetch --no-tags --prune --no-recurse-submodules --depth=1 origin +3bea760ff21b66a616d99d833eaf05a2f99ad839:refs/remotes/origin/main
2025-04-11T11:40:30.8358054Z From https://github.com/tailwindlabs/tailwindcss
2025-04-11T11:40:30.8377403Z  * [new ref]         3bea760ff21b66a616d99d833eaf05a2f99ad839 -> origin/main
2025-04-11T11:40:30.8378822Z ##[endgroup]
2025-04-11T11:40:30.8379426Z ##[group]Determining the checkout info
2025-04-11T11:40:30.8380182Z ##[endgroup]
2025-04-11T11:40:30.8383326Z [command]/usr/bin/git sparse-checkout disable
2025-04-11T11:40:30.8414524Z [command]/usr/bin/git config --local --unset-all extensions.worktreeConfig
2025-04-11T11:40:30.8434145Z ##[group]Checking out the ref
2025-04-11T11:40:30.8436595Z [command]/usr/bin/git checkout --progress --force -B main refs/remotes/origin/main
2025-04-11T11:40:30.8807069Z Switched to a new branch 'main'
2025-04-11T11:40:30.8810447Z branch 'main' set up to track 'origin/main'.
2025-04-11T11:40:30.8813976Z ##[endgroup]
2025-04-11T11:40:30.8838630Z [command]/usr/bin/git log -1 --format=%H
2025-04-11T11:40:30.8858010Z 3bea760ff21b66a616d99d833eaf05a2f99ad839
2025-04-11T11:40:30.8966897Z ##[group]Run pnpm/action-setup@v4
2025-04-11T11:40:30.8967182Z with:
2025-04-11T11:40:30.8967448Z   dest: ~/setup-pnpm
2025-04-11T11:40:30.8967694Z   run_install: null
2025-04-11T11:40:30.8967933Z   package_json_file: package.json
2025-04-11T11:40:30.8968226Z   standalone: false
2025-04-11T11:40:30.8968605Z env:
2025-04-11T11:40:30.8968839Z   NSC_CONTAINER_REGISTRY: nscr.io/4spl0qlhq6pt2
2025-04-11T11:40:30.8969148Z ##[endgroup]
2025-04-11T11:40:30.9345705Z ##[group]Running self-installer...
2025-04-11T11:40:31.3223215Z Progress: resolved 1, reused 0, downloaded 0, added 0
2025-04-11T11:40:31.3309677Z Packages: +1
2025-04-11T11:40:31.3310724Z +
2025-04-11T11:40:31.6878610Z Progress: resolved 1, reused 0, downloaded 1, added 1, done
2025-04-11T11:40:31.7076023Z 
2025-04-11T11:40:31.7076575Z dependencies:
2025-04-11T11:40:31.7077291Z + pnpm 9.6.0 (10.8.0 is available)
2025-04-11T11:40:31.7077525Z 
2025-04-11T11:40:31.7097679Z Done in 641ms
2025-04-11T11:40:31.7244207Z ##[endgroup]
2025-04-11T11:40:31.7246638Z Installation Completed!
2025-04-11T11:40:31.7362228Z ##[group]Run actions/setup-node@v4
2025-04-11T11:40:31.7362540Z with:
2025-04-11T11:40:31.7362741Z   node-version: 20
2025-04-11T11:40:31.7362924Z   cache: pnpm
2025-04-11T11:40:31.7363170Z   always-auth: false
2025-04-11T11:40:31.7363389Z   check-latest: false
2025-04-11T11:40:31.7363706Z   token: ***
2025-04-11T11:40:31.7363965Z env:
2025-04-11T11:40:31.7364201Z   NSC_CONTAINER_REGISTRY: nscr.io/4spl0qlhq6pt2
2025-04-11T11:40:31.7364536Z   PNPM_HOME: /home/runner/setup-pnpm/node_modules/.bin
2025-04-11T11:40:31.7364814Z ##[endgroup]
2025-04-11T11:40:31.8445362Z Attempting to download 20...
2025-04-11T11:40:32.2970493Z Acquiring 20.19.0 - x64 from https://github.com/actions/node-versions/releases/download/20.19.0-13838090974/node-20.19.0-linux-x64.tar.gz
2025-04-11T11:40:32.6664844Z Extracting ...
2025-04-11T11:40:32.6733705Z [command]/usr/bin/tar xz --strip 1 --warning=no-unknown-keyword --overwrite -C /home/runner/work/_temp/6d0a1607-e688-4ad5-ba17-bb9fe2af4072 -f /home/runner/work/_temp/71cd56e5-87a6-417b-baba-eda02149bd9f
2025-04-11T11:40:33.4246163Z Adding to the cache ...
2025-04-11T11:40:34.5412223Z ##[group]Environment details
2025-04-11T11:40:34.7259354Z node: v20.19.0
2025-04-11T11:40:34.7260128Z npm: 10.8.2
2025-04-11T11:40:34.7260703Z yarn: 1.22.22
2025-04-11T11:40:34.7261731Z ##[endgroup]
2025-04-11T11:40:34.7275297Z [command]/home/runner/setup-pnpm/node_modules/.bin/pnpm store path --silent
2025-04-11T11:40:35.0136448Z /home/runner/setup-pnpm/node_modules/.bin/store/v3
2025-04-11T11:40:35.1195693Z Cache hit for: node-cache-Linux-x64-pnpm-294c6a186b4dfc4d46572d22eb6239058f1940e941cb83127155bef3427f7073
2025-04-11T11:40:36.2350777Z Received 130023424 of 206787121 (62.9%), 124.0 MBs/sec
2025-04-11T11:40:36.9292252Z Received 206787121 of 206787121 (100.0%), 116.4 MBs/sec
2025-04-11T11:40:36.9292887Z Cache Size: ~197 MB (206787121 B)
2025-04-11T11:40:36.9322872Z [command]/usr/bin/tar -xf /home/runner/work/_temp/7bdd0b75-1be2-421e-9f91-ffcd13b8c255/cache.tzst -P -C /home/runner/work/tailwindcss/tailwindcss --use-compress-program unzstd
2025-04-11T11:40:38.1543731Z Cache restored successfully
2025-04-11T11:40:38.1820642Z Cache restored from key: node-cache-Linux-x64-pnpm-294c6a186b4dfc4d46572d22eb6239058f1940e941cb83127155bef3427f7073
2025-04-11T11:40:38.2730657Z ##[group]Run actions/cache@v4
2025-04-11T11:40:38.2730895Z with:
2025-04-11T11:40:38.2731255Z   path: ~/.cargo/bin/
~/.cargo/registry/index/
~/.cargo/registry/cache/
~/.cargo/git/db/
target/

2025-04-11T11:40:38.2731744Z   key: Linux-cargo-b50935dc9b0ad9804b0fa87450584e62e2e8a0806a7e7799acd6360ec106e712
2025-04-11T11:40:38.2732163Z   enableCrossOsArchive: false
2025-04-11T11:40:38.2732457Z   fail-on-cache-miss: false
2025-04-11T11:40:38.2732708Z   lookup-only: false
2025-04-11T11:40:38.2732915Z   save-always: false
2025-04-11T11:40:38.2733178Z env:
2025-04-11T11:40:38.2733406Z   NSC_CONTAINER_REGISTRY: nscr.io/4spl0qlhq6pt2
2025-04-11T11:40:38.2733734Z   PNPM_HOME: /home/runner/setup-pnpm/node_modules/.bin
2025-04-11T11:40:38.2733990Z ##[endgroup]
2025-04-11T11:40:38.4618369Z Cache hit for: Linux-cargo-b50935dc9b0ad9804b0fa87450584e62e2e8a0806a7e7799acd6360ec106e712
2025-04-11T11:40:39.6248005Z Received 121634816 of 193835451 (62.8%), 116.0 MBs/sec
2025-04-11T11:40:40.0473538Z Received 193835451 of 193835451 (100.0%), 129.8 MBs/sec
2025-04-11T11:40:40.0474256Z Cache Size: ~185 MB (193835451 B)
2025-04-11T11:40:40.0509866Z [command]/usr/bin/tar -xf /home/runner/work/_temp/5ef6445d-04af-47e0-a88b-b886b9088aad/cache.tzst -P -C /home/runner/work/tailwindcss/tailwindcss --use-compress-program unzstd
2025-04-11T11:40:40.8616416Z Cache restored successfully
2025-04-11T11:40:40.9001213Z Cache restored from key: Linux-cargo-b50935dc9b0ad9804b0fa87450584e62e2e8a0806a7e7799acd6360ec106e712
2025-04-11T11:40:40.9875780Z ##[group]Run actions/cache@v4
2025-04-11T11:40:40.9875952Z with:
2025-04-11T11:40:40.9876177Z   path: ./target/
./crates/node/*.node
./crates/node/index.js
./crates/node/index.d.ts

2025-04-11T11:40:40.9876611Z   key: Linux-oxide-76b59d46a9be6d8117f0d7126b35767e9e1e1d5e87ebe7ff488eb9a23a7305be
2025-04-11T11:40:40.9876905Z   enableCrossOsArchive: false
2025-04-11T11:40:40.9877207Z   fail-on-cache-miss: false
2025-04-11T11:40:40.9877364Z   lookup-only: false
2025-04-11T11:40:40.9877508Z   save-always: false
2025-04-11T11:40:40.9877653Z env:
2025-04-11T11:40:40.9877798Z   NSC_CONTAINER_REGISTRY: nscr.io/4spl0qlhq6pt2
2025-04-11T11:40:40.9878028Z   PNPM_HOME: /home/runner/setup-pnpm/node_modules/.bin
2025-04-11T11:40:40.9878224Z ##[endgroup]
2025-04-11T11:40:41.1784681Z Cache hit for: Linux-oxide-76b59d46a9be6d8117f0d7126b35767e9e1e1d5e87ebe7ff488eb9a23a7305be
2025-04-11T11:40:42.0601472Z Received 69627082 of 69627082 (100.0%), 87.7 MBs/sec
2025-04-11T11:40:42.0601897Z Cache Size: ~66 MB (69627082 B)
2025-04-11T11:40:42.0621225Z [command]/usr/bin/tar -xf /home/runner/work/_temp/a7a59ae0-0998-4c9e-a429-5a0552b93fd9/cache.tzst -P -C /home/runner/work/tailwindcss/tailwindcss --use-compress-program unzstd
2025-04-11T11:40:42.3255680Z Cache restored successfully
2025-04-11T11:40:42.3406762Z Cache restored from key: Linux-oxide-76b59d46a9be6d8117f0d7126b35767e9e1e1d5e87ebe7ff488eb9a23a7305be
2025-04-11T11:40:42.3509685Z ##[group]Run pnpm install
2025-04-11T11:40:42.3509893Z [36;1mpnpm install[0m
2025-04-11T11:40:42.3539582Z shell: /usr/bin/bash -e {0}
2025-04-11T11:40:42.3539749Z env:
2025-04-11T11:40:42.3539897Z   NSC_CONTAINER_REGISTRY: nscr.io/4spl0qlhq6pt2
2025-04-11T11:40:42.3540123Z   PNPM_HOME: /home/runner/setup-pnpm/node_modules/.bin
2025-04-11T11:40:42.3540319Z ##[endgroup]
2025-04-11T11:40:42.6102576Z crates/node/npm/android-arm-eabi         |  WARN  Unsupported platform: wanted: {"cpu":["arm"],"os":["android"],"libc":["any"]} (current: {"os":"linux","cpu":"x64","libc":"glibc"})
2025-04-11T11:40:42.6104061Z crates/node/npm/android-arm64            |  WARN  Unsupported platform: wanted: {"cpu":["arm64"],"os":["android"],"libc":["any"]} (current: {"os":"linux","cpu":"x64","libc":"glibc"})
2025-04-11T11:40:42.6105276Z crates/node/npm/darwin-arm64             |  WARN  Unsupported platform: wanted: {"cpu":["arm64"],"os":["darwin"],"libc":["any"]} (current: {"os":"linux","cpu":"x64","libc":"glibc"})
2025-04-11T11:40:42.6106249Z crates/node/npm/darwin-x64               |  WARN  Unsupported platform: wanted: {"cpu":["x64"],"os":["darwin"],"libc":["any"]} (current: {"os":"linux","cpu":"x64","libc":"glibc"})
2025-04-11T11:40:42.6107314Z crates/node/npm/freebsd-x64              |  WARN  Unsupported platform: wanted: {"cpu":["x64"],"os":["freebsd"],"libc":["any"]} (current: {"os":"linux","cpu":"x64","libc":"glibc"})
2025-04-11T11:40:42.6108309Z crates/node/npm/linux-arm-gnueabihf      |  WARN  Unsupported platform: wanted: {"cpu":["arm"],"os":["linux"],"libc":["any"]} (current: {"os":"linux","cpu":"x64","libc":"glibc"})
2025-04-11T11:40:42.6109393Z crates/node/npm/linux-arm64-gnu          |  WARN  Unsupported platform: wanted: {"cpu":["arm64"],"os":["linux"],"libc":["glibc"]} (current: {"os":"linux","cpu":"x64","libc":"glibc"})
2025-04-11T11:40:42.6110499Z crates/node/npm/linux-arm64-musl         |  WARN  Unsupported platform: wanted: {"cpu":["arm64"],"os":["linux"],"libc":["musl"]} (current: {"os":"linux","cpu":"x64","libc":"glibc"})
2025-04-11T11:40:42.6111970Z crates/node/npm/linux-x64-musl           |  WARN  Unsupported platform: wanted: {"cpu":["x64"],"os":["linux"],"libc":["musl"]} (current: {"os":"linux","cpu":"x64","libc":"glibc"})
2025-04-11T11:40:42.6114227Z crates/node/npm/win32-arm64-msvc         |  WARN  Unsupported platform: wanted: {"cpu":["arm64"],"os":["win32"],"libc":["any"]} (current: {"os":"linux","cpu":"x64","libc":"glibc"})
2025-04-11T11:40:42.6115168Z crates/node/npm/win32-x64-msvc           |  WARN  Unsupported platform: wanted: {"cpu":["x64"],"os":["win32"],"libc":["any"]} (current: {"os":"linux","cpu":"x64","libc":"glibc"})
2025-04-11T11:40:42.6263777Z Scope: all 27 workspace projects
2025-04-11T11:40:42.6595141Z Lockfile is up to date, resolution step is skipped
2025-04-11T11:40:42.6982412Z Progress: resolved 1, reused 0, downloaded 0, added 0
2025-04-11T11:40:42.7382526Z Packages: +590
2025-04-11T11:40:42.7383013Z ++++++++++++++++++++++++++++++++++++++++++++++++++++++++++++++++++++++++++++++++
2025-04-11T11:40:43.6963933Z Progress: resolved 590, reused 283, downloaded 13, added 284
2025-04-11T11:40:44.6966878Z Progress: resolved 590, reused 283, downloaded 102, added 382
2025-04-11T11:40:45.4015928Z Progress: resolved 590, reused 283, downloaded 295, added 590, done
2025-04-11T11:40:45.5650888Z .../node_modules/@parcel/watcher install$ node scripts/build-from-source.js
2025-04-11T11:40:45.5658362Z .../node_modules/@parcel/watcher install$ node scripts/build-from-source.js
2025-04-11T11:40:45.5658741Z .../esbuild@0.21.5/node_modules/esbuild postinstall$ node install.js
2025-04-11T11:40:45.5806702Z .../esbuild@0.25.0/node_modules/esbuild postinstall$ node install.js
2025-04-11T11:40:45.5807370Z .../esbuild@0.23.1/node_modules/esbuild postinstall$ node install.js
2025-04-11T11:40:45.6444012Z .../node_modules/@parcel/watcher install: Done
2025-04-11T11:40:45.6464599Z .../node_modules/@parcel/watcher install: Done
2025-04-11T11:40:45.6465462Z .../esbuild@0.21.5/node_modules/esbuild postinstall: Done
2025-04-11T11:40:45.6531879Z .../esbuild@0.25.0/node_modules/esbuild postinstall: Done
2025-04-11T11:40:45.6541121Z .../node_modules/tree-sitter install$ node-gyp-build
2025-04-11T11:40:45.6657603Z .../.pnpm/bun@1.2.8/node_modules/bun postinstall$ node install.js
2025-04-11T11:40:45.6818790Z .../esbuild@0.23.1/node_modules/esbuild postinstall: Done
2025-04-11T11:40:45.6901528Z .../esbuild@0.24.0/node_modules/esbuild postinstall$ node install.js
2025-04-11T11:40:45.7060100Z .../.pnpm/bun@1.2.8/node_modules/bun postinstall: Done
2025-04-11T11:40:45.7097562Z .../sharp@0.33.5/node_modules/sharp install$ node install/check
2025-04-11T11:40:45.7207866Z .../node_modules/tree-sitter install: Done
2025-04-11T11:40:45.7247817Z .../esbuild@0.24.0/node_modules/esbuild postinstall: Done
2025-04-11T11:40:47.2117967Z .../sharp@0.33.5/node_modules/sharp install: Done
2025-04-11T11:40:47.2198830Z .../node_modules/tree-sitter-javascript install$ node-gyp-build
2025-04-11T11:40:47.2812257Z .../node_modules/tree-sitter-javascript install: Done
2025-04-11T11:40:47.2999998Z .../node_modules/tree-sitter-typescript install$ node-gyp-build
2025-04-11T11:40:47.3632322Z .../node_modules/tree-sitter-typescript install: Done
2025-04-11T11:40:47.4680126Z  WARN  Failed to create bin at /home/runner/work/tailwindcss/tailwindcss/packages/@tailwindcss-standalone/node_modules/.bin/tailwindcss. ENOENT: no such file or directory, open '/home/runner/work/tailwindcss/tailwindcss/packages/@tailwindcss-cli/dist/index.mjs'
2025-04-11T11:40:49.9475387Z 
2025-04-11T11:40:49.9475788Z devDependencies:
2025-04-11T11:40:49.9475995Z + @playwright/test 1.51.1
2025-04-11T11:40:49.9476176Z + @types/node 20.14.13
2025-04-11T11:40:49.9478059Z + postcss 8.5.3
2025-04-11T11:40:49.9478217Z + postcss-import 16.1.0
2025-04-11T11:40:49.9478720Z + prettier 3.5.0
2025-04-11T11:40:49.9478871Z + prettier-plugin-embed 0.5.0
2025-04-11T11:40:49.9479077Z + prettier-plugin-organize-imports 4.0.0
2025-04-11T11:40:49.9479248Z + tsup 8.4.0
2025-04-11T11:40:49.9479395Z + turbo 2.4.4
2025-04-11T11:40:49.9479587Z + typescript 5.5.4
2025-04-11T11:40:49.9479707Z + vitest 2.0.5
2025-04-11T11:40:49.9480006Z 
2025-04-11T11:40:49.9931050Z  WARN  Failed to create bin at /home/runner/work/tailwindcss/tailwindcss/packages/@tailwindcss-standalone/node_modules/.bin/tailwindcss. ENOENT: no such file or directory, open '/home/runner/work/tailwindcss/tailwindcss/packages/@tailwindcss-standalone/node_modules/@tailwindcss/cli/dist/index.mjs'
2025-04-11T11:40:51.8853135Z Done in 9.5s
2025-04-11T11:40:51.9970919Z ##[group]Run pnpm run build
2025-04-11T11:40:51.9971111Z [36;1mpnpm run build[0m
2025-04-11T11:40:52.0000650Z shell: /usr/bin/bash -e {0}
2025-04-11T11:40:52.0000794Z env:
2025-04-11T11:40:52.0000924Z   NSC_CONTAINER_REGISTRY: nscr.io/4spl0qlhq6pt2
2025-04-11T11:40:52.0001132Z   PNPM_HOME: /home/runner/setup-pnpm/node_modules/.bin
2025-04-11T11:40:52.0001317Z   CARGO_PROFILE_RELEASE_LTO: off
2025-04-11T11:40:52.0001484Z   CARGO_TARGET_X86_64_PC_WINDOWS_MSVC_LINKER: lld-link
2025-04-11T11:40:52.0001657Z ##[endgroup]
2025-04-11T11:40:52.2906754Z 
2025-04-11T11:40:52.2907963Z > @tailwindcss/root@1.0.0 build /home/runner/work/tailwindcss/tailwindcss
2025-04-11T11:40:52.2908499Z > turbo build --filter=!./playgrounds/*
2025-04-11T11:40:52.2908689Z 
2025-04-11T11:40:52.3324763Z 
2025-04-11T11:40:52.3325341Z Attention:
2025-04-11T11:40:52.3325742Z Turborepo now collects completely anonymous telemetry regarding usage.
2025-04-11T11:40:52.3326478Z This information is used to shape the Turborepo roadmap and prioritize features.
2025-04-11T11:40:52.3326973Z You can learn more, including how to opt-out if you'd not like to participate in this anonymous program, by visiting the following URL:
2025-04-11T11:40:52.3327401Z https://turbo.build/repo/docs/telemetry
2025-04-11T11:40:52.3327540Z 
2025-04-11T11:40:52.3786679Z • Packages in scope: @tailwindcss/browser, @tailwindcss/cli, @tailwindcss/node, @tailwindcss/oxide, @tailwindcss/oxide-android-arm-eabi, @tailwindcss/oxide-android-arm64, @tailwindcss/oxide-darwin-arm64, @tailwindcss/oxide-darwin-x64, @tailwindcss/oxide-freebsd-x64, @tailwindcss/oxide-linux-arm-gnueabihf, @tailwindcss/oxide-linux-arm64-gnu, @tailwindcss/oxide-linux-arm64-musl, @tailwindcss/oxide-linux-x64-gnu, @tailwindcss/oxide-linux-x64-musl, @tailwindcss/oxide-win32-arm64-msvc, @tailwindcss/oxide-win32-x64-msvc, @tailwindcss/postcss, @tailwindcss/standalone, @tailwindcss/upgrade, @tailwindcss/vite, internal-example-plugin, internal-integrations, tailwindcss
2025-04-11T11:40:52.3788226Z • Running build in 23 packages
2025-04-11T11:40:52.3789171Z • Remote caching disabled
2025-04-11T11:41:15.3227768Z ##[group]@tailwindcss/oxide:build
2025-04-11T11:41:15.3228495Z cache miss, executing 572d89ff7225873e
2025-04-11T11:41:15.3228707Z 
2025-04-11T11:41:15.3228976Z > @tailwindcss/oxide@4.1.3 build /home/runner/work/tailwindcss/tailwindcss/crates/node
2025-04-11T11:41:15.3229484Z > napi build --platform --release --no-const-enum
2025-04-11T11:41:15.3229669Z 
2025-04-11T11:41:15.3230010Z    Compiling tailwind-oxide v0.0.0 (/home/runner/work/tailwindcss/tailwindcss/crates/node)
2025-04-11T11:41:15.3230503Z    Compiling ignore v0.4.23 (/home/runner/work/tailwindcss/tailwindcss/crates/ignore)
2025-04-11T11:41:15.3231154Z    Compiling classification-macros v0.1.0 (/home/runner/work/tailwindcss/tailwindcss/crates/classification-macros)
2025-04-11T11:41:15.3231729Z    Compiling tailwindcss-oxide v0.1.0 (/home/runner/work/tailwindcss/tailwindcss/crates/oxide)
2025-04-11T11:41:15.3232271Z warning: unexpected `cfg` condition value: `used_linker`
2025-04-11T11:41:15.3232600Z   --> crates/node/src/lib.rs:96:1
2025-04-11T11:41:15.3232903Z    |
2025-04-11T11:41:15.3233131Z 96 | #[napi]
2025-04-11T11:41:15.3233349Z    | ^^^^^^^
2025-04-11T11:41:15.3233568Z    |
2025-04-11T11:41:15.3233856Z    = note: no expected values for `feature`
2025-04-11T11:41:15.3234398Z    = note: using a cfg inside a attribute macro will use the cfgs from the destination crate and not the ones from the defining crate
2025-04-11T11:41:15.3235170Z    = help: try referring to `napi::bindgen_prelude::ctor` crate for guidance on how handle this unexpected cfg
2025-04-11T11:41:15.3236243Z    = help: the attribute macro `napi::bindgen_prelude::ctor` may come from an old version of the `ctor` crate, try updating your dependency with `cargo update -p ctor`
2025-04-11T11:41:15.3237218Z    = note: see <https://doc.rust-lang.org/nightly/rustc/check-cfg/cargo-specifics.html> for more information about checking conditional configuration
2025-04-11T11:41:15.3237883Z    = note: `#[warn(unexpected_cfgs)]` on by default
2025-04-11T11:41:15.3238371Z    = note: this warning originates in the attribute macro `napi::bindgen_prelude::ctor` (in Nightly builds, run with -Z macro-backtrace for more info)
2025-04-11T11:41:15.3238719Z 
2025-04-11T11:41:15.3238868Z warning: unexpected `cfg` condition value: `used_linker`
2025-04-11T11:41:15.3239167Z    --> crates/node/src/lib.rs:111:1
2025-04-11T11:41:15.3239437Z     |
2025-04-11T11:41:15.3239643Z 111 | #[napi]
2025-04-11T11:41:15.3239862Z     | ^^^^^^^
2025-04-11T11:41:15.3240077Z     |
2025-04-11T11:41:15.3240324Z     = note: no expected values for `feature`
2025-04-11T11:41:15.3240930Z     = note: using a cfg inside a attribute macro will use the cfgs from the destination crate and not the ones from the defining crate
2025-04-11T11:41:15.3241515Z     = help: try referring to `napi::bindgen_prelude::ctor` crate for guidance on how handle this unexpected cfg
2025-04-11T11:41:15.3242132Z     = help: the attribute macro `napi::bindgen_prelude::ctor` may come from an old version of the `ctor` crate, try updating your dependency with `cargo update -p ctor`
2025-04-11T11:41:15.3242881Z     = note: see <https://doc.rust-lang.org/nightly/rustc/check-cfg/cargo-specifics.html> for more information about checking conditional configuration
2025-04-11T11:41:15.3243664Z     = note: this warning originates in the attribute macro `napi::bindgen_prelude::ctor` (in Nightly builds, run with -Z macro-backtrace for more info)
2025-04-11T11:41:15.3244007Z 
2025-04-11T11:41:15.3244163Z warning: `tailwind-oxide` (lib) generated 2 warnings
2025-04-11T11:41:15.3244522Z     Finished `release` profile [optimized] target(s) in 13.36s
2025-04-11T11:41:15.3245209Z ##[endgroup]
2025-04-11T11:41:19.9228489Z ##[group]tailwindcss:build
2025-04-11T11:41:19.9229007Z cache miss, executing 26a6bf9cb0e4bac3
2025-04-11T11:41:19.9229264Z 
2025-04-11T11:41:19.9229639Z > tailwindcss@4.1.3 build /home/runner/work/tailwindcss/tailwindcss/packages/tailwindcss
2025-04-11T11:41:19.9230228Z > tsup-node --env.NODE_ENV production
2025-04-11T11:41:19.9230402Z 
2025-04-11T11:41:19.9232130Z [34mCLI[39m Building entry: {"lib":"src/index.ts","plugin":"src/plugin.ts","colors":"src/compat/colors.ts","default-theme":"src/compat/default-theme.ts","flatten-color-palette":"src/compat/flatten-color-palette.ts"}
2025-04-11T11:41:19.9232842Z [34mCLI[39m Using tsconfig: tsconfig.json
2025-04-11T11:41:19.9233883Z [34mCLI[39m Building entry: {"plugin":"src/plugin.cts","lib":"src/index.cts","colors":"src/compat/colors.cts","default-theme":"src/compat/default-theme.cts","flatten-color-palette":"src/compat/flatten-color-palette.cts"}
2025-04-11T11:41:19.9234536Z [34mCLI[39m Using tsconfig: tsconfig.json
2025-04-11T11:41:19.9234824Z [34mCLI[39m tsup v8.4.0
2025-04-11T11:41:19.9235330Z [34mCLI[39m Using tsup config: /home/runner/work/tailwindcss/tailwindcss/packages/tailwindcss/tsup.config.ts
2025-04-11T11:41:19.9235726Z [34mCLI[39m tsup v8.4.0
2025-04-11T11:41:19.9236139Z [34mCLI[39m Using tsup config: /home/runner/work/tailwindcss/tailwindcss/packages/tailwindcss/tsup.config.ts
2025-04-11T11:41:19.9236509Z [34mCLI[39m Target: es2022
2025-04-11T11:41:19.9236716Z [34mCJS[39m Build start
2025-04-11T11:41:19.9237065Z [34mCLI[39m Target: es2022
2025-04-11T11:41:19.9237302Z [34mESM[39m Build start
2025-04-11T11:41:19.9237619Z [32mESM[39m [1mdist/lib.mjs                   [22m[32m218.00 B[39m
2025-04-11T11:41:19.9237934Z [32mESM[39m [1mdist/flatten-color-palette.mjs [22m[32m424.00 B[39m
2025-04-11T11:41:19.9238333Z [32mESM[39m [1mdist/default-theme.mjs         [22m[32m92.00 B[39m
2025-04-11T11:41:19.9238998Z [32mESM[39m [1mdist/chunk-LVZ2NCUL.mjs        [22m[32m186.69 KB[39m
2025-04-11T11:41:19.9239303Z [32mESM[39m [1mdist/chunk-HTB5LLOP.mjs        [22m[32m7.79 KB[39m
2025-04-11T11:41:19.9239605Z [32mESM[39m [1mdist/plugin.mjs                [22m[32m192.00 B[39m
2025-04-11T11:41:19.9240036Z [32mESM[39m [1mdist/colors.mjs                [22m[32m58.00 B[39m
2025-04-11T11:41:19.9240331Z [32mESM[39m [1mdist/chunk-P5FH2LZE.mjs        [22m[32m22.77 KB[39m
2025-04-11T11:41:19.9240655Z [32mESM[39m ⚡️ Build success in 75ms
2025-04-11T11:41:19.9240921Z [32mCJS[39m [1mdist/plugin.js                [22m[32m201.00 B[39m
2025-04-11T11:41:19.9241214Z [32mCJS[39m [1mdist/colors.js                [22m[32m7.80 KB[39m
2025-04-11T11:41:19.9241506Z [32mCJS[39m [1mdist/default-theme.js         [22m[32m25.01 KB[39m
2025-04-11T11:41:19.9241846Z [32mCJS[39m [1mdist/lib.js                   [22m[32m217.38 KB[39m
2025-04-11T11:41:19.9242284Z [32mCJS[39m [1mdist/flatten-color-palette.js [22m[32m29.34 KB[39m
2025-04-11T11:41:19.9242631Z [32mCJS[39m ⚡️ Build success in 76ms
2025-04-11T11:41:19.9242900Z [34mDTS[39m Build start
2025-04-11T11:41:19.9243146Z [34mDTS[39m Build start
2025-04-11T11:41:19.9243450Z [32mDTS[39m ⚡️ Build success in 3720ms
2025-04-11T11:41:19.9243816Z [32mDTS[39m [1mdist/lib.d.mts                     [22m[32m8.09 KB[39m
2025-04-11T11:41:19.9244221Z [32mDTS[39m [1mdist/plugin.d.mts                  [22m[32m642.00 B[39m
2025-04-11T11:41:19.9244645Z [32mDTS[39m [1mdist/default-theme.d.mts           [22m[32m27.49 KB[39m
2025-04-11T11:41:19.9245282Z [32mDTS[39m [1mdist/colors.d.mts                  [22m[32m6.01 KB[39m
2025-04-11T11:41:19.9245884Z [32mDTS[39m [1mdist/flatten-color-palette.d.mts   [22m[32m186.00 B[39m
2025-04-11T11:41:19.9246487Z [32mDTS[39m [1mdist/types-B254mqw1.d.mts          [22m[32m3.29 KB[39m
2025-04-11T11:41:19.9247074Z [32mDTS[39m [1mdist/resolve-config-QUZ9b-Gn.d.mts [22m[32m3.54 KB[39m
2025-04-11T11:41:19.9247621Z [32mDTS[39m ⚡️ Build success in 3913ms
2025-04-11T11:41:19.9248116Z [32mDTS[39m [1mdist/plugin.d.ts                  [22m[32m3.47 KB[39m
2025-04-11T11:41:19.9248598Z [32mDTS[39m [1mdist/lib.d.ts                     [22m[32m92.00 B[39m
2025-04-11T11:41:19.9249026Z [32mDTS[39m [1mdist/colors.d.ts                  [22m[32m89.00 B[39m
2025-04-11T11:41:19.9249540Z [32mDTS[39m [1mdist/default-theme.d.ts           [22m[32m27.49 KB[39m
2025-04-11T11:41:19.9250123Z [32mDTS[39m [1mdist/flatten-color-palette.d.ts   [22m[32m186.00 B[39m
2025-04-11T11:41:19.9250732Z [32mDTS[39m [1mdist/resolve-config-BIFUA2FY.d.ts [22m[32m491.00 B[39m
2025-04-11T11:41:19.9251362Z [32mDTS[39m [1mdist/colors-b_6i0Oi7.d.ts         [22m[32m6.00 KB[39m
2025-04-11T11:41:19.9252036Z ##[endgroup]
2025-04-11T11:41:20.4734724Z ##[group]@tailwindcss/browser:build
2025-04-11T11:41:20.4735287Z cache miss, executing 9bb15c38285c36f7
2025-04-11T11:41:20.4735513Z 
2025-04-11T11:41:20.4737112Z > @tailwindcss/browser@4.1.3 build /home/runner/work/tailwindcss/tailwindcss/packages/@tailwindcss-browser
2025-04-11T11:41:20.4737567Z > tsup-node
2025-04-11T11:41:20.4737779Z 
2025-04-11T11:41:20.4738211Z [34mCLI[39m Building entry: src/index.ts
2025-04-11T11:41:20.4738601Z [34mCLI[39m Using tsconfig: tsconfig.json
2025-04-11T11:41:20.4738986Z [34mCLI[39m tsup v8.4.0
2025-04-11T11:41:20.4739693Z [34mCLI[39m Using tsup config: /home/runner/work/tailwindcss/tailwindcss/packages/@tailwindcss-browser/tsup.config.ts
2025-04-11T11:41:20.4740163Z [34mCLI[39m Target: es2022
2025-04-11T11:41:20.4749444Z [34mCLI[39m Cleaning output folder
2025-04-11T11:41:20.4749716Z [34mIIFE[39m Build start
2025-04-11T11:41:20.4749992Z [32mIIFE[39m [1mdist/index.global.js [22m[32m244.74 KB[39m
2025-04-11T11:41:20.4750281Z [32mIIFE[39m ⚡️ Build success in 64ms
2025-04-11T11:41:20.4750701Z ##[endgroup]
2025-04-11T11:41:24.0166066Z ##[group]@tailwindcss/node:build
2025-04-11T11:41:24.0166612Z cache miss, executing 61c5285cfd43a32f
2025-04-11T11:41:24.0167164Z 
2025-04-11T11:41:24.0167544Z > @tailwindcss/node@4.1.3 build /home/runner/work/tailwindcss/tailwindcss/packages/@tailwindcss-node
2025-04-11T11:41:24.0168043Z > tsup-node
2025-04-11T11:41:24.0168246Z 
2025-04-11T11:41:24.0168980Z [34mCLI[39m Building entry: src/index.cts
2025-04-11T11:41:24.0169556Z [34mCLI[39m Using tsconfig: tsconfig.json
2025-04-11T11:41:24.0169898Z [34mCLI[39m tsup v8.4.0
2025-04-11T11:41:24.0170421Z [34mCLI[39m Using tsup config: /home/runner/work/tailwindcss/tailwindcss/packages/@tailwindcss-node/tsup.config.ts
2025-04-11T11:41:24.0170999Z [34mCLI[39m Building entry: src/index.ts
2025-04-11T11:41:24.0171332Z [34mCLI[39m Using tsconfig: tsconfig.json
2025-04-11T11:41:24.0171629Z [34mCLI[39m tsup v8.4.0
2025-04-11T11:41:24.0172136Z [34mCLI[39m Using tsup config: /home/runner/work/tailwindcss/tailwindcss/packages/@tailwindcss-node/tsup.config.ts
2025-04-11T11:41:24.0172689Z [34mCLI[39m Building entry: src/esm-cache.loader.mts
2025-04-11T11:41:24.0173026Z [34mCLI[39m Using tsconfig: tsconfig.json
2025-04-11T11:41:24.0173311Z [34mCLI[39m tsup v8.4.0
2025-04-11T11:41:24.0173801Z [34mCLI[39m Using tsup config: /home/runner/work/tailwindcss/tailwindcss/packages/@tailwindcss-node/tsup.config.ts
2025-04-11T11:41:24.0174355Z [34mCLI[39m Building entry: src/require-cache.cts
2025-04-11T11:41:24.0174770Z [34mCLI[39m Using tsconfig: tsconfig.json
2025-04-11T11:41:24.0175132Z [34mCLI[39m tsup v8.4.0
2025-04-11T11:41:24.0175659Z [34mCLI[39m Using tsup config: /home/runner/work/tailwindcss/tailwindcss/packages/@tailwindcss-node/tsup.config.ts
2025-04-11T11:41:24.0176117Z [34mCLI[39m Target: es2022
2025-04-11T11:41:24.0176375Z [34mCJS[39m Build start
2025-04-11T11:41:24.0176642Z [34mCLI[39m Target: es2022
2025-04-11T11:41:24.0176889Z [34mESM[39m Build start
2025-04-11T11:41:24.0177167Z [34mCLI[39m Target: es2022
2025-04-11T11:41:24.0177499Z [34mESM[39m Build start
2025-04-11T11:41:24.0177789Z [34mCLI[39m Target: es2022
2025-04-11T11:41:24.0178068Z [34mCJS[39m Build start
2025-04-11T11:41:24.0178411Z [32mCJS[39m [1mdist/require-cache.js [22m[32m579.00 B[39m
2025-04-11T11:41:24.0178815Z [32mCJS[39m ⚡️ Build success in 15ms
2025-04-11T11:41:24.0179195Z [32mESM[39m [1mdist/esm-cache.loader.mjs [22m[32m307.00 B[39m
2025-04-11T11:41:24.0179607Z [32mESM[39m ⚡️ Build success in 18ms
2025-04-11T11:41:24.0180492Z [warn] [33m▲ [43;33m[[43;30mWARNING[43;33m][0m [1m"import.meta" is not available with the "cjs" output format and will be empty[0m [empty-import-meta]
2025-04-11T11:41:24.0180814Z 
2025-04-11T11:41:24.0181084Z     src/compile.ts:195:24:
2025-04-11T11:41:24.0181572Z [37m      195 │     jiti ??= createJiti([32mimport.meta[37m.url, { moduleCache: false, fs...
2025-04-11T11:41:24.0182040Z           ╵                         [32m~~~~~~~~~~~[0m
2025-04-11T11:41:24.0182262Z 
2025-04-11T11:41:24.0182442Z   You need to set the output format to "esm" for "import.meta" to work correctly.
2025-04-11T11:41:24.0182710Z 
2025-04-11T11:41:24.0182713Z 
2025-04-11T11:41:24.0182931Z [32mCJS[39m [1mdist/index.js [22m[32m44.24 KB[39m
2025-04-11T11:41:24.0183280Z [32mCJS[39m ⚡️ Build success in 135ms
2025-04-11T11:41:24.0183629Z [32mESM[39m [1mdist/index.mjs [22m[32m43.43 KB[39m
2025-04-11T11:41:24.0183959Z [32mESM[39m ⚡️ Build success in 138ms
2025-04-11T11:41:24.0184296Z [34mDTS[39m Build start
2025-04-11T11:41:24.0184554Z [34mDTS[39m Build start
2025-04-11T11:41:24.0184903Z [34mDTS[39m Build start
2025-04-11T11:41:24.0185307Z [34mDTS[39m Build start
2025-04-11T11:41:24.0185667Z [32mDTS[39m ⚡️ Build success in 983ms
2025-04-11T11:41:24.0186202Z [32mDTS[39m [1mdist/esm-cache.loader.d.mts [22m[32m99.00 B[39m
2025-04-11T11:41:24.0186616Z [32mDTS[39m ⚡️ Build success in 1029ms
2025-04-11T11:41:24.0187044Z [32mDTS[39m [1mdist/require-cache.d.ts [22m[32m90.00 B[39m
2025-04-11T11:41:24.0187438Z [32mDTS[39m ⚡️ Build success in 3280ms
2025-04-11T11:41:24.0188052Z [32mDTS[39m [1mdist/index.d.mts [22m[32m3.69 KB[39m
2025-04-11T11:41:24.0188599Z [32mDTS[39m ⚡️ Build success in 3368ms
2025-04-11T11:41:24.0188954Z [32mDTS[39m [1mdist/index.d.ts [22m[32m3.69 KB[39m
2025-04-11T11:41:24.0189446Z ##[endgroup]
2025-04-11T11:41:24.6044581Z ##[group]@tailwindcss/cli:build
2025-04-11T11:41:24.6049478Z cache miss, executing f833ba795d837882
2025-04-11T11:41:24.6049730Z 
2025-04-11T11:41:24.6050075Z > @tailwindcss/cli@4.1.3 build /home/runner/work/tailwindcss/tailwindcss/packages/@tailwindcss-cli
2025-04-11T11:41:24.6050489Z > tsup-node
2025-04-11T11:41:24.6050632Z 
2025-04-11T11:41:24.6051064Z [34mCLI[39m Building entry: src/index.ts
2025-04-11T11:41:24.6053303Z [34mCLI[39m Using tsconfig: tsconfig.json
2025-04-11T11:41:24.6053630Z [34mCLI[39m tsup v8.4.0
2025-04-11T11:41:24.6054245Z [34mCLI[39m Using tsup config: /home/runner/work/tailwindcss/tailwindcss/packages/@tailwindcss-cli/tsup.config.ts
2025-04-11T11:41:24.6054827Z [34mCLI[39m Target: es2022
2025-04-11T11:41:24.6055167Z [34mCLI[39m Cleaning output folder
2025-04-11T11:41:24.6055465Z [34mESM[39m Build start
2025-04-11T11:41:24.6055868Z [32mESM[39m [1mdist/index.mjs [22m[32m10.24 KB[39m
2025-04-11T11:41:24.6056233Z [32mESM[39m ⚡️ Build success in 32ms
2025-04-11T11:41:24.6056704Z ##[endgroup]
2025-04-11T11:41:24.7020248Z ##[group]@tailwindcss/upgrade:build
2025-04-11T11:41:24.7020699Z cache miss, executing e3b1bc7fa81a34a5
2025-04-11T11:41:24.7020853Z 
2025-04-11T11:41:24.7021195Z > @tailwindcss/upgrade@4.1.3 build /home/runner/work/tailwindcss/tailwindcss/packages/@tailwindcss-upgrade
2025-04-11T11:41:24.7021632Z > tsup-node
2025-04-11T11:41:24.7021769Z 
2025-04-11T11:41:24.7022048Z [34mCLI[39m Building entry: src/index.ts
2025-04-11T11:41:24.7022427Z [34mCLI[39m Using tsconfig: tsconfig.json
2025-04-11T11:41:24.7022720Z [34mCLI[39m tsup v8.4.0
2025-04-11T11:41:24.7023380Z [34mCLI[39m Using tsup config: /home/runner/work/tailwindcss/tailwindcss/packages/@tailwindcss-upgrade/tsup.config.ts
2025-04-11T11:41:24.7023962Z [34mCLI[39m Target: es2022
2025-04-11T11:41:24.7024325Z [34mCLI[39m Cleaning output folder
2025-04-11T11:41:24.7024678Z [34mESM[39m Build start
2025-04-11T11:41:24.7025075Z [32mESM[39m [1mdist/index.mjs [22m[32m146.62 KB[39m
2025-04-11T11:41:24.7025540Z [32mESM[39m ⚡️ Build success in 115ms
2025-04-11T11:41:24.7025990Z ##[endgroup]
2025-04-11T11:41:28.3240232Z ##[group]@tailwindcss/standalone:build
2025-04-11T11:41:28.3243081Z cache miss, executing fcfb8c6a68a3a01d
2025-04-11T11:41:28.3243437Z 
2025-04-11T11:41:28.3243923Z > @tailwindcss/standalone@4.1.3 build /home/runner/work/tailwindcss/tailwindcss/packages/@tailwindcss-standalone
2025-04-11T11:41:28.3244570Z > bun ./scripts/build.ts
2025-04-11T11:41:28.3244794Z 
2025-04-11T11:41:28.3245021Z  [302ms]  bundle  204 modules
2025-04-11T11:41:28.3245373Z  [361ms]  bundle  204 modules
2025-04-11T11:41:28.3245714Z  [402ms]  bundle  204 modules
2025-04-11T11:41:28.3246117Z  [438ms]  bundle  204 modules
2025-04-11T11:41:28.3246495Z  [514ms]  bundle  204 modules
2025-04-11T11:41:28.3246838Z  [572ms]  bundle  204 modules
2025-04-11T11:41:28.3247176Z  [579ms]  bundle  204 modules
2025-04-11T11:41:28.3247543Z Downloading [37824670] 
2025-04-11T11:41:28.3247933Z Downloading [37939348] 
2025-04-11T11:41:28.3248293Z Decompressing... 
2025-04-11T11:41:28.3248635Z Decompressing... 
2025-04-11T11:41:28.3248988Z Decompressing... 
2025-04-11T11:41:28.3249714Z [1.696s] compile  /home/runner/work/tailwindcss/tailwindcss/packages/@tailwindcss-standalone/dist/tailwindcss-macos-x64 bun-darwin-x64-baseline-v1.2.8
2025-04-11T11:41:28.3250296Z Decompressing... 
2025-04-11T11:41:28.3250629Z Decompressing... 
2025-04-11T11:41:28.3250982Z Decompressing... 
2025-04-11T11:41:28.3251631Z [1.922s] compile  /home/runner/work/tailwindcss/tailwindcss/packages/@tailwindcss-standalone/dist/tailwindcss-linux-arm64 bun-linux-aarch64-v1.2.8
2025-04-11T11:41:28.3252532Z [2.033s] compile  /home/runner/work/tailwindcss/tailwindcss/packages/@tailwindcss-standalone/dist/tailwindcss-linux-arm64-musl bun-linux-aarch64-musl-v1.2.8
2025-04-11T11:41:28.3253760Z [1.895s] compile  /home/runner/work/tailwindcss/tailwindcss/packages/@tailwindcss-standalone/dist/tailwindcss-linux-x64-musl bun-linux-x64-musl-baseline-v1.2.8
2025-04-11T11:41:28.3254881Z [2.082s] compile  /home/runner/work/tailwindcss/tailwindcss/packages/@tailwindcss-standalone/dist/tailwindcss-windows-x64.exe bun-windows-x64-baseline-v1.2.8
2025-04-11T11:41:28.3255821Z [2.041s] compile  /home/runner/work/tailwindcss/tailwindcss/packages/@tailwindcss-standalone/dist/tailwindcss-linux-x64 bun-linux-x64-baseline-v1.2.8
2025-04-11T11:41:28.3259201Z [2.174s] compile  /home/runner/work/tailwindcss/tailwindcss/packages/@tailwindcss-standalone/dist/tailwindcss-macos-arm64 bun-darwin-aarch64-v1.2.8
2025-04-11T11:41:28.3260149Z ┌───┬─────────────────────────────┬──────────────────────────────────────────────────────────────────┬─────────┐
2025-04-11T11:41:28.3260617Z │   │ triple                      │ sum                                                              │ elapsed │
2025-04-11T11:41:28.3261149Z ├───┼─────────────────────────────┼──────────────────────────────────────────────────────────────────┼─────────┤
2025-04-11T11:41:28.3261767Z │ 0 │ bun-linux-arm64             │ db3e5f8ecae0c45943f8e6bc4dd67ff18e7c648cf4fb6777dfa65a8aa03cb89a │ 2725ms  │
2025-04-11T11:41:28.3262506Z │ 1 │ bun-linux-arm64-musl        │ e1adae5369b849d59dd689432d3dd1be294a05da3633e5d17da019bca4a17442 │ 2764ms  │
2025-04-11T11:41:28.3263236Z │ 2 │ bun-linux-x64-baseline      │ d61e532a41609158fde399854398cf25f4a0025e1b66f4bae450159e0852d9d2 │ 3231ms  │
2025-04-11T11:41:28.3263936Z │ 3 │ bun-linux-x64-musl-baseline │ e47cebdcf19125125f8f631f02d45c7bf5d9af178453f2948e6d7c2cb760ee6e │ 2908ms  │
2025-04-11T11:41:28.3264618Z │ 4 │ bun-darwin-arm64            │ 295dd4b72bc1bdd9461b369c6adeecd7db258614db7c8527f1efe3d43f3b0b5c │ 3280ms  │
2025-04-11T11:41:28.3265235Z │ 5 │ bun-darwin-x64-baseline     │ 99bbf39372dcdb6f43cfe223e9926e76cc373e163380e7406208b49af7411fcd │ 2456ms  │
2025-04-11T11:41:28.3265942Z │ 6 │ bun-windows-x64-baseline    │ 339b4383a76df9d694a330c4738309a36cf2060006564904c4e77972b07edd3e │ 3122ms  │
2025-04-11T11:41:28.3266521Z └───┴─────────────────────────────┴──────────────────────────────────────────────────────────────────┴─────────┘
2025-04-11T11:41:28.3267017Z ##[endgroup]
2025-04-11T11:41:28.9558100Z ##[group]@tailwindcss/vite:build
2025-04-11T11:41:28.9559449Z cache miss, executing b80212da2f88179c
2025-04-11T11:41:28.9560345Z 
2025-04-11T11:41:28.9561370Z > @tailwindcss/vite@4.1.3 build /home/runner/work/tailwindcss/tailwindcss/packages/@tailwindcss-vite
2025-04-11T11:41:28.9562548Z > tsup-node
2025-04-11T11:41:28.9563402Z 
2025-04-11T11:41:28.9564497Z [34mCLI[39m Building entry: src/index.ts
2025-04-11T11:41:28.9565549Z [34mCLI[39m Using tsconfig: tsconfig.json
2025-04-11T11:41:28.9566552Z [34mCLI[39m tsup v8.4.0
2025-04-11T11:41:28.9567800Z [34mCLI[39m Using tsup config: /home/runner/work/tailwindcss/tailwindcss/packages/@tailwindcss-vite/tsup.config.ts
2025-04-11T11:41:28.9570221Z [34mCLI[39m Target: es2022
2025-04-11T11:41:28.9572421Z [34mCLI[39m Cleaning output folder
2025-04-11T11:41:28.9574697Z [34mESM[39m Build start
2025-04-11T11:41:28.9576888Z [32mESM[39m [1mdist/index.mjs [22m[32m5.06 KB[39m
2025-04-11T11:41:28.9579122Z [32mESM[39m ⚡️ Build success in 11ms
2025-04-11T11:41:28.9581352Z [34mDTS[39m Build start
2025-04-11T11:41:28.9583595Z [32mDTS[39m ⚡️ Build success in 4191ms
2025-04-11T11:41:28.9585780Z [32mDTS[39m [1mdist/index.d.mts [22m[32m110.00 B[39m
2025-04-11T11:41:28.9588008Z ##[endgroup]
2025-04-11T11:41:29.1563664Z ##[group]@tailwindcss/postcss:build
2025-04-11T11:41:29.1565172Z cache miss, executing a06a7f4c485516a8
2025-04-11T11:41:29.1565302Z 
2025-04-11T11:41:29.1565562Z > @tailwindcss/postcss@4.1.3 build /home/runner/work/tailwindcss/tailwindcss/packages/@tailwindcss-postcss
2025-04-11T11:41:29.1565862Z > tsup-node
2025-04-11T11:41:29.1565928Z 
2025-04-11T11:41:29.1566892Z [34mCLI[39m Building entry: src/index.ts
2025-04-11T11:41:29.1567203Z [34mCLI[39m Using tsconfig: tsconfig.json
2025-04-11T11:41:29.1567469Z [34mCLI[39m tsup v8.4.0
2025-04-11T11:41:29.1568023Z [34mCLI[39m Using tsup config: /home/runner/work/tailwindcss/tailwindcss/packages/@tailwindcss-postcss/tsup.config.ts
2025-04-11T11:41:29.1568638Z [34mCLI[39m Building entry: src/index.cts
2025-04-11T11:41:29.1568969Z [34mCLI[39m Using tsconfig: tsconfig.json
2025-04-11T11:41:29.1569251Z [34mCLI[39m tsup v8.4.0
2025-04-11T11:41:29.1569758Z [34mCLI[39m Using tsup config: /home/runner/work/tailwindcss/tailwindcss/packages/@tailwindcss-postcss/tsup.config.ts
2025-04-11T11:41:29.1570239Z [34mCLI[39m Target: es2022
2025-04-11T11:41:29.1570506Z [34mESM[39m Build start
2025-04-11T11:41:29.1570761Z [34mCLI[39m Target: es2022
2025-04-11T11:41:29.1571019Z [34mCJS[39m Build start
2025-04-11T11:41:29.1571364Z [32mESM[39m [1mdist/index.mjs [22m[32m36.81 KB[39m
2025-04-11T11:41:29.1571702Z [32mESM[39m ⚡️ Build success in 118ms
2025-04-11T11:41:29.1572045Z [32mCJS[39m [1mdist/index.js [22m[32m37.47 KB[39m
2025-04-11T11:41:29.1572513Z [32mCJS[39m ⚡️ Build success in 128ms
2025-04-11T11:41:29.1572822Z [34mDTS[39m Build start
2025-04-11T11:41:29.1573071Z [34mDTS[39m Build start
2025-04-11T11:41:29.1573403Z [32mDTS[39m ⚡️ Build success in 4193ms
2025-04-11T11:41:29.1573750Z [32mDTS[39m [1mdist/index.d.mts [22m[32m254.00 B[39m
2025-04-11T11:41:29.1574076Z [32mDTS[39m ⚡️ Build success in 4278ms
2025-04-11T11:41:29.1574439Z [32mDTS[39m [1mdist/index.d.ts [22m[32m221.00 B[39m
2025-04-11T11:41:29.1574845Z ##[endgroup]
2025-04-11T11:41:29.1580783Z 
2025-04-11T11:41:29.1581210Z  Tasks:    9 successful, 9 total
2025-04-11T11:41:29.1581535Z Cached:    0 cached, 9 total
2025-04-11T11:41:29.1581799Z   Time:    36.807s 
2025-04-11T11:41:29.1581968Z 
2025-04-11T11:41:30.7631818Z 
2025-04-11T11:41:30.7632373Z > @tailwindcss/root@1.0.0 postbuild /home/runner/work/tailwindcss/tailwindcss
2025-04-11T11:41:30.7632860Z > node ./scripts/pack-packages.mjs
2025-04-11T11:41:30.7633017Z 
2025-04-11T11:41:32.5800894Z Done.
2025-04-11T11:41:32.5934642Z ##[group]Run pnpm run test:integrations ./integrations/cli
2025-04-11T11:41:32.5935130Z [36;1mpnpm run test:integrations ./integrations/cli[0m
2025-04-11T11:41:32.5966213Z shell: /usr/bin/bash -e {0}
2025-04-11T11:41:32.5966471Z env:
2025-04-11T11:41:32.5966723Z   NSC_CONTAINER_REGISTRY: nscr.io/4spl0qlhq6pt2
2025-04-11T11:41:32.5967050Z   PNPM_HOME: /home/runner/setup-pnpm/node_modules/.bin
2025-04-11T11:41:32.5967439Z   GITHUB_WORKSPACE: /home/runner/work/tailwindcss/tailwindcss
2025-04-11T11:41:32.5967753Z ##[endgroup]
2025-04-11T11:41:32.8478864Z 
2025-04-11T11:41:32.8479297Z > @tailwindcss/root@1.0.0 test:integrations /home/runner/work/tailwindcss/tailwindcss
2025-04-11T11:41:32.8479713Z > vitest --root=./integrations "./integrations/cli"
2025-04-11T11:41:32.8479908Z 
2025-04-11T11:41:33.0244705Z [33mThe CJS build of Vite's Node API is deprecated. See https://vitejs.dev/guide/troubleshooting.html#vite-cjs-node-api-deprecated for more details.[39m
2025-04-11T11:41:33.0408265Z 
2025-04-11T11:41:33.0409013Z [7m[1m[36m RUN [39m[22m[27m [36mv2.0.5[39m [90m/home/runner/work/tailwindcss/tailwindcss/integrations[39m
2025-04-11T11:41:33.0409284Z 
2025-04-11T11:41:38.9143848Z  [32m✓[39m cli/plugins.test.ts [2m ([22m[2m5 tests[22m[2m)[22m[33m 5652[2mms[22m[39m
2025-04-11T11:41:40.2161932Z  [32m✓[39m cli/standalone.test.ts [2m ([22m[2m2 tests[22m[2m)[22m[33m 1100[2mms[22m[39m
2025-04-11T11:41:40.3537251Z  [32m✓[39m cli/config.test.ts [2m ([22m[2m6 tests[22m[2m)[22m[33m 7097[2mms[22m[39m
2025-04-11T11:41:46.0078798Z [90mstderr[2m | cli/index.test.ts[2m > [22m[2minput and output flags can be the same if `-` is used[22m[39m
2025-04-11T11:41:46.0081701Z [3m[1m[34m≈[39m[22m[23m tailwindcss [34mv4.1.3[39m
2025-04-11T11:41:46.0082075Z 
2025-04-11T11:41:46.0082571Z Specified input file [2m[34m`[39m[22m[34m./index.css[39m[2m[34m`[39m[22m does not exist.
2025-04-11T11:41:46.0083078Z 
2025-04-11T11:41:46.0083082Z 
2025-04-11T11:41:46.0625916Z [90mstderr[2m | cli/index.test.ts[2m > [22m[2mchanges to CSS files should pick up new CSS variables (if any)[22m[39m
2025-04-11T11:41:46.0627543Z [3m[1m[34m≈[39m[22m[23m tailwindcss [34mv4.1.3[39m
2025-04-11T11:41:46.0627767Z 
2025-04-11T11:41:46.0628274Z Specified input file [2m[34m`[39m[22m[34m./input.css[39m[2m[34m`[39m[22m and output file [2m[34m`[39m[22m[34m./input.css[39m[2m[34m`[39m[22m are identical.
2025-04-11T11:41:46.0628750Z 
2025-04-11T11:41:46.0629139Z 
2025-04-11T11:41:46.0659519Z [90mstderr[2m | cli/index.test.ts[2m > [22m[2mchanges to CSS files should pick up new CSS variables (if any)[22m[39m
2025-04-11T11:41:46.0660616Z Error: Invalid declaration: `��@ r e f e r e n c e   ' t a i l w i n d c s s / t h e m e . c s s ' `
2025-04-11T11:41:46.0661346Z 
2025-04-11T11:41:46.0661356Z 
2025-04-11T11:41:46.6550160Z [90mstderr[2m | cli/index.test.ts[2m > [22m[2mpolyfills should be imported after external `@import url(…)` statements[22m[39m
2025-04-11T11:41:46.6550704Z [3m[1m[34m≈[39m[22m[23m tailwindcss [34mv4.1.3[39m
2025-04-11T11:41:46.6550855Z 
2025-04-11T11:41:46.6551354Z Specified input file [2m[34m`[39m[22m[34m./input.css[39m[2m[34m`[39m[22m and output file [2m[34m`[39m[22m[34m./input.css[39m[2m[34m`[39m[22m are identical.
2025-04-11T11:41:46.6551655Z 
2025-04-11T11:41:46.6551658Z 
2025-04-11T11:41:52.5983178Z  [32m✓[39m cli/index.test.ts [2m ([22m[2m26 tests[22m[2m)[22m[33m 19339[2mms[22m[39m
2025-04-11T11:41:52.6057131Z 
2025-04-11T11:41:52.6062596Z [2m Test Files [22m [1m[32m4 passed[39m[22m[90m (4)[39m
2025-04-11T11:41:52.6063204Z [2m      Tests [22m [1m[32m39 passed[39m[22m[90m (39)[39m
2025-04-11T11:41:52.6064969Z [2m   Start at [22m 11:41:33
2025-04-11T11:41:52.6065682Z [2m   Duration [22m 19.56s[2m (transform 128ms, setup 0ms, collect 357ms, tests 33.19s, environment 0ms, prepare 187ms)[22m
2025-04-11T11:41:52.6066136Z 
2025-04-11T11:41:52.7164636Z Post job cleanup.
2025-04-11T11:41:52.7985699Z Cache hit occurred on the primary key Linux-oxide-76b59d46a9be6d8117f0d7126b35767e9e1e1d5e87ebe7ff488eb9a23a7305be, not saving cache.
2025-04-11T11:41:54.0217683Z Post job cleanup.
2025-04-11T11:41:54.1017637Z Cache hit occurred on the primary key Linux-cargo-b50935dc9b0ad9804b0fa87450584e62e2e8a0806a7e7799acd6360ec106e712, not saving cache.
2025-04-11T11:41:54.1088629Z Post job cleanup.
2025-04-11T11:41:54.2051249Z Cache hit occurred on the primary key node-cache-Linux-x64-pnpm-294c6a186b4dfc4d46572d22eb6239058f1940e941cb83127155bef3427f7073, not saving cache.
2025-04-11T11:41:54.2124454Z Post job cleanup.
2025-04-11T11:41:54.2461524Z Pruning is unnecessary.
2025-04-11T11:41:54.2540851Z Post job cleanup.
2025-04-11T11:41:54.3130408Z [command]/usr/bin/git version
2025-04-11T11:41:54.3154199Z git version 2.48.1
2025-04-11T11:41:54.3179426Z Temporarily overriding HOME='/home/runner/work/_temp/778f33ae-701c-47a2-9abd-7f28ea63829e' before making global git config changes
2025-04-11T11:41:54.3180134Z Adding repository directory to the temporary git global config as a safe directory
2025-04-11T11:41:54.3188688Z [command]/usr/bin/git config --global --add safe.directory /home/runner/work/tailwindcss/tailwindcss
2025-04-11T11:41:54.3215640Z [command]/usr/bin/git config --local --name-only --get-regexp core\.sshCommand
2025-04-11T11:41:54.3241674Z [command]/usr/bin/git submodule foreach --recursive sh -c "git config --local --name-only --get-regexp 'core\.sshCommand' && git config --local --unset-all 'core.sshCommand' || :"
2025-04-11T11:41:54.3500546Z [command]/usr/bin/git config --local --name-only --get-regexp http\.https\:\/\/github\.com\/\.extraheader
2025-04-11T11:41:54.3518498Z http.https://github.com/.extraheader
2025-04-11T11:41:54.3527739Z [command]/usr/bin/git config --local --unset-all http.https://github.com/.extraheader
2025-04-11T11:41:54.3552487Z [command]/usr/bin/git submodule foreach --recursive sh -c "git config --local --name-only --get-regexp 'http\.https\:\/\/github\.com\/\.extraheader' && git config --local --unset-all 'http.https://github.com/.extraheader' || :"
2025-04-11T11:41:54.3874845Z Cleaning up orphan processes
