2025-03-09T09:00:32.4515954Z Requested labels: ubuntu-latest
2025-03-09T09:00:32.4516289Z Job defined at: danielmiessler/fabric/.github/workflows/update-version-and-create-tag.yml@refs/heads/main
2025-03-09T09:00:32.4516391Z Waiting for a runner to pick up this job...
2025-03-09T09:00:32.8775660Z Job is waiting for a hosted runner to come online.
2025-03-09T09:00:35.9145120Z Job is about to start running on the hosted runner: GitHub Actions 4 (hosted)
2025-03-09T09:00:37.2973464Z Current runner version: '2.322.0'
2025-03-09T09:00:37.2996469Z ##[group]Operating System
2025-03-09T09:00:37.2997250Z Ubuntu
2025-03-09T09:00:37.2997851Z 24.04.2
2025-03-09T09:00:37.2998367Z LTS
2025-03-09T09:00:37.2998806Z ##[endgroup]
2025-03-09T09:00:37.2999403Z ##[group]Runner Image
2025-03-09T09:00:37.3000048Z Image: ubuntu-24.04
2025-03-09T09:00:37.3000668Z Version: 20250302.1.0
2025-03-09T09:00:37.3002138Z Included Software: https://github.com/actions/runner-images/blob/ubuntu24/20250302.1/images/ubuntu/Ubuntu2404-Readme.md
2025-03-09T09:00:37.3003726Z Image Release: https://github.com/actions/runner-images/releases/tag/ubuntu24%2F20250302.1
2025-03-09T09:00:37.3004765Z ##[endgroup]
2025-03-09T09:00:37.3005329Z ##[group]Runner Image Provisioner
2025-03-09T09:00:37.3005913Z 2.0.422.1
2025-03-09T09:00:37.3006463Z ##[endgroup]
2025-03-09T09:00:37.3007552Z ##[group]GITHUB_TOKEN Permissions
2025-03-09T09:00:37.3009655Z Contents: write
2025-03-09T09:00:37.3010232Z Metadata: read
2025-03-09T09:00:37.3010975Z ##[endgroup]
2025-03-09T09:00:37.3014450Z Secret source: Actions
2025-03-09T09:00:37.3015561Z Prepare workflow directory
2025-03-09T09:00:37.3319488Z Prepare all required actions
2025-03-09T09:00:37.3356299Z Getting action download info
2025-03-09T09:00:37.4922737Z Download action repository 'actions/checkout@v4' (SHA:11bd71901bbe5b1630ceea73d27597364c9af683)
2025-03-09T09:00:37.5718782Z Download action repository 'DeterminateSystems/nix-installer-action@main' (SHA:a48face58194521af687ce7df4c802b1b558e743)
2025-03-09T09:00:37.8558090Z Complete job name: update-version
2025-03-09T09:00:37.9316949Z ##[group]Run actions/checkout@v4
2025-03-09T09:00:37.9317779Z with:
2025-03-09T09:00:37.9318168Z   fetch-depth: 0
2025-03-09T09:00:37.9318618Z   repository: danielmiessler/fabric
2025-03-09T09:00:37.9319303Z   token: ***
2025-03-09T09:00:37.9319706Z   ssh-strict: true
2025-03-09T09:00:37.9320123Z   ssh-user: git
2025-03-09T09:00:37.9320557Z   persist-credentials: true
2025-03-09T09:00:37.9321038Z   clean: true
2025-03-09T09:00:37.9321476Z   sparse-checkout-cone-mode: true
2025-03-09T09:00:37.9322232Z   fetch-tags: false
2025-03-09T09:00:37.9322652Z   show-progress: true
2025-03-09T09:00:37.9323071Z   lfs: false
2025-03-09T09:00:37.9323464Z   submodules: false
2025-03-09T09:00:37.9323898Z   set-safe-directory: true
2025-03-09T09:00:37.9324600Z ##[endgroup]
2025-03-09T09:00:38.1023089Z Syncing repository: danielmiessler/fabric
2025-03-09T09:00:38.1024823Z ##[group]Getting Git version info
2025-03-09T09:00:38.1025604Z Working directory is '/home/runner/work/fabric/fabric'
2025-03-09T09:00:38.1026983Z [command]/usr/bin/git version
2025-03-09T09:00:38.1068827Z git version 2.48.1
2025-03-09T09:00:38.1096469Z ##[endgroup]
2025-03-09T09:00:38.1111916Z Temporarily overriding HOME='/home/runner/work/_temp/15c1e6e7-30a8-4580-901c-1abc1b4c4799' before making global git config changes
2025-03-09T09:00:38.1114338Z Adding repository directory to the temporary git global config as a safe directory
2025-03-09T09:00:38.1126030Z [command]/usr/bin/git config --global --add safe.directory /home/runner/work/fabric/fabric
2025-03-09T09:00:38.1160472Z Deleting the contents of '/home/runner/work/fabric/fabric'
2025-03-09T09:00:38.1164601Z ##[group]Initializing the repository
2025-03-09T09:00:38.1169152Z [command]/usr/bin/git init /home/runner/work/fabric/fabric
2025-03-09T09:00:38.1223277Z hint: Using 'master' as the name for the initial branch. This default branch name
2025-03-09T09:00:38.1224836Z hint: is subject to change. To configure the initial branch name to use in all
2025-03-09T09:00:38.1225772Z hint: of your new repositories, which will suppress this warning, call:
2025-03-09T09:00:38.1226473Z hint:
2025-03-09T09:00:38.1227312Z hint: 	git config --global init.defaultBranch <name>
2025-03-09T09:00:38.1228110Z hint:
2025-03-09T09:00:38.1228765Z hint: Names commonly chosen instead of 'master' are 'main', 'trunk' and
2025-03-09T09:00:38.1230441Z hint: 'development'. The just-created branch can be renamed via this command:
2025-03-09T09:00:38.1232316Z hint:
2025-03-09T09:00:38.1233063Z hint: 	git branch -m <name>
2025-03-09T09:00:38.1234355Z Initialized empty Git repository in /home/runner/work/fabric/fabric/.git/
2025-03-09T09:00:38.1241288Z [command]/usr/bin/git remote add origin https://github.com/danielmiessler/fabric
2025-03-09T09:00:38.1272323Z ##[endgroup]
2025-03-09T09:00:38.1273566Z ##[group]Disabling automatic garbage collection
2025-03-09T09:00:38.1277194Z [command]/usr/bin/git config --local gc.auto 0
2025-03-09T09:00:38.1305567Z ##[endgroup]
2025-03-09T09:00:38.1306256Z ##[group]Setting up auth
2025-03-09T09:00:38.1312202Z [command]/usr/bin/git config --local --name-only --get-regexp core\.sshCommand
2025-03-09T09:00:38.1341366Z [command]/usr/bin/git submodule foreach --recursive sh -c "git config --local --name-only --get-regexp 'core\.sshCommand' && git config --local --unset-all 'core.sshCommand' || :"
2025-03-09T09:00:38.1611037Z [command]/usr/bin/git config --local --name-only --get-regexp http\.https\:\/\/github\.com\/\.extraheader
2025-03-09T09:00:38.1639616Z [command]/usr/bin/git submodule foreach --recursive sh -c "git config --local --name-only --get-regexp 'http\.https\:\/\/github\.com\/\.extraheader' && git config --local --unset-all 'http.https://github.com/.extraheader' || :"
2025-03-09T09:00:38.1862385Z [command]/usr/bin/git config --local http.https://github.com/.extraheader AUTHORIZATION: basic ***
2025-03-09T09:00:38.1900233Z ##[endgroup]
2025-03-09T09:00:38.1901044Z ##[group]Fetching the repository
2025-03-09T09:00:38.1909351Z [command]/usr/bin/git -c protocol.version=2 fetch --prune --no-recurse-submodules origin +refs/heads/*:refs/remotes/origin/* +refs/tags/*:refs/tags/*
2025-03-09T09:00:41.7475292Z From https://github.com/danielmiessler/fabric
2025-03-09T09:00:41.7477015Z  * [new branch]      agents                -> origin/agents
2025-03-09T09:00:41.7479876Z  * [new branch]      feat/exolab           -> origin/feat/exolab
2025-03-09T09:00:41.7481113Z  * [new branch]      main                  -> origin/main
2025-03-09T09:00:41.7482709Z  * [new branch]      model_as_env_variable -> origin/model_as_env_variable
2025-03-09T09:00:41.7489019Z  * [new branch]      pipx                  -> origin/pipx
2025-03-09T09:00:41.7490384Z  * [new branch]      transcribe            -> origin/transcribe
2025-03-09T09:00:41.7492185Z  * [new branch]      trying_something_awesome -> origin/trying_something_awesome
2025-03-09T09:00:41.7493642Z  * [new tag]         1.2.0                 -> 1.2.0
2025-03-09T09:00:41.7494756Z  * [new tag]         1.4.0                 -> 1.4.0
2025-03-09T09:00:41.7495971Z  * [new tag]         v0.9.04               -> v0.9.04
2025-03-09T09:00:41.7497190Z  * [new tag]         v1.0.0                -> v1.0.0
2025-03-09T09:00:41.7498448Z  * [new tag]         v1.1.0                -> v1.1.0
2025-03-09T09:00:41.7579245Z  * [new tag]         v1.1.1                -> v1.1.1
2025-03-09T09:00:41.7580534Z  * [new tag]         v1.1.2                -> v1.1.2
2025-03-09T09:00:41.7581974Z  * [new tag]         v1.1.3                -> v1.1.3
2025-03-09T09:00:41.7583138Z  * [new tag]         v1.3.0                -> v1.3.0
2025-03-09T09:00:41.7584325Z  * [new tag]         v1.4.100              -> v1.4.100
2025-03-09T09:00:41.7587377Z  * [new tag]         v1.4.101              -> v1.4.101
2025-03-09T09:00:41.7589132Z  * [new tag]         v1.4.102              -> v1.4.102
2025-03-09T09:00:41.7592742Z  * [new tag]         v1.4.103              -> v1.4.103
2025-03-09T09:00:41.7593842Z  * [new tag]         v1.4.104              -> v1.4.104
2025-03-09T09:00:41.7594933Z  * [new tag]         v1.4.105              -> v1.4.105
2025-03-09T09:00:41.7596017Z  * [new tag]         v1.4.106              -> v1.4.106
2025-03-09T09:00:41.7597200Z  * [new tag]         v1.4.107              -> v1.4.107
2025-03-09T09:00:41.7598395Z  * [new tag]         v1.4.108              -> v1.4.108
2025-03-09T09:00:41.7599618Z  * [new tag]         v1.4.109              -> v1.4.109
2025-03-09T09:00:41.7600803Z  * [new tag]         v1.4.110              -> v1.4.110
2025-03-09T09:00:41.7604154Z  * [new tag]         v1.4.111              -> v1.4.111
2025-03-09T09:00:41.7607711Z  * [new tag]         v1.4.112              -> v1.4.112
2025-03-09T09:00:41.7611819Z  * [new tag]         v1.4.113              -> v1.4.113
2025-03-09T09:00:41.7613133Z  * [new tag]         v1.4.114              -> v1.4.114
2025-03-09T09:00:41.7614710Z  * [new tag]         v1.4.115              -> v1.4.115
2025-03-09T09:00:41.7616139Z  * [new tag]         v1.4.116              -> v1.4.116
2025-03-09T09:00:41.7617431Z  * [new tag]         v1.4.117              -> v1.4.117
2025-03-09T09:00:41.7618856Z  * [new tag]         v1.4.118              -> v1.4.118
2025-03-09T09:00:41.7620376Z  * [new tag]         v1.4.119              -> v1.4.119
2025-03-09T09:00:41.7622036Z  * [new tag]         v1.4.120              -> v1.4.120
2025-03-09T09:00:41.7623296Z  * [new tag]         v1.4.121              -> v1.4.121
2025-03-09T09:00:41.7624472Z  * [new tag]         v1.4.122              -> v1.4.122
2025-03-09T09:00:41.7625643Z  * [new tag]         v1.4.123              -> v1.4.123
2025-03-09T09:00:41.7626798Z  * [new tag]         v1.4.124              -> v1.4.124
2025-03-09T09:00:41.7628096Z  * [new tag]         v1.4.125              -> v1.4.125
2025-03-09T09:00:41.7629389Z  * [new tag]         v1.4.126              -> v1.4.126
2025-03-09T09:00:41.7630666Z  * [new tag]         v1.4.127              -> v1.4.127
2025-03-09T09:00:41.7632126Z  * [new tag]         v1.4.128              -> v1.4.128
2025-03-09T09:00:41.7633403Z  * [new tag]         v1.4.129              -> v1.4.129
2025-03-09T09:00:41.7634948Z  * [new tag]         v1.4.13               -> v1.4.13
2025-03-09T09:00:41.7636215Z  * [new tag]         v1.4.130              -> v1.4.130
2025-03-09T09:00:41.7637412Z  * [new tag]         v1.4.131              -> v1.4.131
2025-03-09T09:00:41.7638621Z  * [new tag]         v1.4.132              -> v1.4.132
2025-03-09T09:00:41.7639830Z  * [new tag]         v1.4.133              -> v1.4.133
2025-03-09T09:00:41.7641014Z  * [new tag]         v1.4.134              -> v1.4.134
2025-03-09T09:00:41.7642530Z  * [new tag]         v1.4.135              -> v1.4.135
2025-03-09T09:00:41.7643808Z  * [new tag]         v1.4.136              -> v1.4.136
2025-03-09T09:00:41.7645092Z  * [new tag]         v1.4.137              -> v1.4.137
2025-03-09T09:00:41.7646359Z  * [new tag]         v1.4.138              -> v1.4.138
2025-03-09T09:00:41.7647616Z  * [new tag]         v1.4.139              -> v1.4.139
2025-03-09T09:00:41.7648863Z  * [new tag]         v1.4.140              -> v1.4.140
2025-03-09T09:00:41.7650161Z  * [new tag]         v1.4.141              -> v1.4.141
2025-03-09T09:00:41.7651384Z  * [new tag]         v1.4.142              -> v1.4.142
2025-03-09T09:00:41.7652797Z  * [new tag]         v1.4.143              -> v1.4.143
2025-03-09T09:00:41.7653990Z  * [new tag]         v1.4.144              -> v1.4.144
2025-03-09T09:00:41.7655163Z  * [new tag]         v1.4.145              -> v1.4.145
2025-03-09T09:00:41.7656323Z  * [new tag]         v1.4.146              -> v1.4.146
2025-03-09T09:00:41.7657549Z  * [new tag]         v1.4.147              -> v1.4.147
2025-03-09T09:00:41.7658731Z  * [new tag]         v1.4.148              -> v1.4.148
2025-03-09T09:00:41.7659920Z  * [new tag]         v1.4.149              -> v1.4.149
2025-03-09T09:00:41.7661053Z  * [new tag]         v1.4.150              -> v1.4.150
2025-03-09T09:00:41.7662399Z  * [new tag]         v1.4.151              -> v1.4.151
2025-03-09T09:00:41.7663572Z  * [new tag]         v1.4.152              -> v1.4.152
2025-03-09T09:00:41.7664748Z  * [new tag]         v1.4.153              -> v1.4.153
2025-03-09T09:00:41.7665900Z  * [new tag]         v1.4.154              -> v1.4.154
2025-03-09T09:00:41.7667096Z  * [new tag]         v1.4.44               -> v1.4.44
2025-03-09T09:00:41.7668258Z  * [new tag]         v1.4.45               -> v1.4.45
2025-03-09T09:00:41.7669432Z  * [new tag]         v1.4.46               -> v1.4.46
2025-03-09T09:00:41.7670638Z  * [new tag]         v1.4.47               -> v1.4.47
2025-03-09T09:00:41.7672316Z  * [new tag]         v1.4.48               -> v1.4.48
2025-03-09T09:00:41.7673472Z  * [new tag]         v1.4.49               -> v1.4.49
2025-03-09T09:00:41.7674595Z  * [new tag]         v1.4.50               -> v1.4.50
2025-03-09T09:00:41.7675715Z  * [new tag]         v1.4.51               -> v1.4.51
2025-03-09T09:00:41.7676860Z  * [new tag]         v1.4.52               -> v1.4.52
2025-03-09T09:00:41.7678000Z  * [new tag]         v1.4.53               -> v1.4.53
2025-03-09T09:00:41.7679149Z  * [new tag]         v1.4.54               -> v1.4.54
2025-03-09T09:00:41.7680299Z  * [new tag]         v1.4.55               -> v1.4.55
2025-03-09T09:00:41.7681431Z  * [new tag]         v1.4.56               -> v1.4.56
2025-03-09T09:00:41.7682764Z  * [new tag]         v1.4.57               -> v1.4.57
2025-03-09T09:00:41.7683915Z  * [new tag]         v1.4.58               -> v1.4.58
2025-03-09T09:00:41.7685034Z  * [new tag]         v1.4.59               -> v1.4.59
2025-03-09T09:00:41.7688560Z  * [new tag]         v1.4.60               -> v1.4.60
2025-03-09T09:00:41.7689755Z  * [new tag]         v1.4.61               -> v1.4.61
2025-03-09T09:00:41.7690950Z  * [new tag]         v1.4.62               -> v1.4.62
2025-03-09T09:00:41.7692361Z  * [new tag]         v1.4.63               -> v1.4.63
2025-03-09T09:00:41.7693941Z  * [new tag]         v1.4.64               -> v1.4.64
2025-03-09T09:00:41.7695099Z  * [new tag]         v1.4.65               -> v1.4.65
2025-03-09T09:00:41.7696244Z  * [new tag]         v1.4.66               -> v1.4.66
2025-03-09T09:00:41.7697703Z  * [new tag]         v1.4.67               -> v1.4.67
2025-03-09T09:00:41.7698884Z  * [new tag]         v1.4.68               -> v1.4.68
2025-03-09T09:00:41.7700030Z  * [new tag]         v1.4.69               -> v1.4.69
2025-03-09T09:00:41.7701202Z  * [new tag]         v1.4.70               -> v1.4.70
2025-03-09T09:00:41.7702583Z  * [new tag]         v1.4.71               -> v1.4.71
2025-03-09T09:00:41.7703757Z  * [new tag]         v1.4.72               -> v1.4.72
2025-03-09T09:00:41.7704931Z  * [new tag]         v1.4.73               -> v1.4.73
2025-03-09T09:00:41.7706035Z  * [new tag]         v1.4.74               -> v1.4.74
2025-03-09T09:00:41.7707241Z  * [new tag]         v1.4.75               -> v1.4.75
2025-03-09T09:00:41.7707965Z  * [new tag]         v1.4.76               -> v1.4.76
2025-03-09T09:00:41.7708667Z  * [new tag]         v1.4.77               -> v1.4.77
2025-03-09T09:00:41.7709358Z  * [new tag]         v1.4.78               -> v1.4.78
2025-03-09T09:00:41.7710063Z  * [new tag]         v1.4.79               -> v1.4.79
2025-03-09T09:00:41.7710735Z  * [new tag]         v1.4.80               -> v1.4.80
2025-03-09T09:00:41.7711405Z  * [new tag]         v1.4.81               -> v1.4.81
2025-03-09T09:00:41.7712322Z  * [new tag]         v1.4.82               -> v1.4.82
2025-03-09T09:00:41.7712996Z  * [new tag]         v1.4.83               -> v1.4.83
2025-03-09T09:00:41.7713663Z  * [new tag]         v1.4.84               -> v1.4.84
2025-03-09T09:00:41.7714333Z  * [new tag]         v1.4.85               -> v1.4.85
2025-03-09T09:00:41.7714998Z  * [new tag]         v1.4.86               -> v1.4.86
2025-03-09T09:00:41.7715663Z  * [new tag]         v1.4.87               -> v1.4.87
2025-03-09T09:00:41.7716331Z  * [new tag]         v1.4.88               -> v1.4.88
2025-03-09T09:00:41.7716986Z  * [new tag]         v1.4.89               -> v1.4.89
2025-03-09T09:00:41.7717645Z  * [new tag]         v1.4.90               -> v1.4.90
2025-03-09T09:00:41.7718313Z  * [new tag]         v1.4.91               -> v1.4.91
2025-03-09T09:00:41.7718975Z  * [new tag]         v1.4.92               -> v1.4.92
2025-03-09T09:00:41.7719637Z  * [new tag]         v1.4.93               -> v1.4.93
2025-03-09T09:00:41.7720308Z  * [new tag]         v1.4.94               -> v1.4.94
2025-03-09T09:00:41.7721001Z  * [new tag]         v1.4.95               -> v1.4.95
2025-03-09T09:00:41.7721835Z  * [new tag]         v1.4.96               -> v1.4.96
2025-03-09T09:00:41.7722754Z  * [new tag]         v1.4.97               -> v1.4.97
2025-03-09T09:00:41.7723411Z  * [new tag]         v1.4.98               -> v1.4.98
2025-03-09T09:00:41.7724074Z  * [new tag]         v1.4.99               -> v1.4.99
2025-03-09T09:00:41.7725734Z [command]/usr/bin/git branch --list --remote origin/main
2025-03-09T09:00:41.7726803Z   origin/main
2025-03-09T09:00:41.7737292Z [command]/usr/bin/git rev-parse refs/remotes/origin/main
2025-03-09T09:00:41.7759216Z d794afe40502665147bc1166a2881dc20f6887c4
2025-03-09T09:00:41.7765683Z ##[endgroup]
2025-03-09T09:00:41.7766948Z ##[group]Determining the checkout info
2025-03-09T09:00:41.7768297Z ##[endgroup]
2025-03-09T09:00:41.7771403Z [command]/usr/bin/git sparse-checkout disable
2025-03-09T09:00:41.7808300Z [command]/usr/bin/git config --local --unset-all extensions.worktreeConfig
2025-03-09T09:00:41.7833285Z ##[group]Checking out the ref
2025-03-09T09:00:41.7836965Z [command]/usr/bin/git checkout --progress --force -B main refs/remotes/origin/main
2025-03-09T09:00:42.2500183Z Switched to a new branch 'main'
2025-03-09T09:00:42.2503605Z branch 'main' set up to track 'origin/main'.
2025-03-09T09:00:42.2527480Z ##[endgroup]
2025-03-09T09:00:42.2565497Z [command]/usr/bin/git log -1 --format=%H
2025-03-09T09:00:42.2589512Z d794afe40502665147bc1166a2881dc20f6887c4
2025-03-09T09:00:42.2978838Z ##[group]Run DeterminateSystems/nix-installer-action@main
2025-03-09T09:00:42.2980227Z with:
2025-03-09T09:00:42.2981048Z   determinate: false
2025-03-09T09:00:42.2982096Z   flakehub: false
2025-03-09T09:00:42.2983009Z   force-docker-shim: false
2025-03-09T09:00:42.2984385Z   github-token: ***
2025-03-09T09:00:42.2985410Z   github-server-url: https://github.com
2025-03-09T09:00:42.2986595Z   job-status: success
2025-03-09T09:00:42.2987500Z   kvm: true
2025-03-09T09:00:42.2988339Z   modify-profile: true
2025-03-09T09:00:42.2989311Z   reinstall: false
2025-03-09T09:00:42.2990193Z   start-daemon: true
2025-03-09T09:00:42.2991151Z   diagnostic-endpoint: -
2025-03-09T09:00:42.2992294Z   trust-runner-user: true
2025-03-09T09:00:42.2993317Z   _internal-strict-mode: false
2025-03-09T09:00:42.2994345Z ##[endgroup]
2025-03-09T09:00:42.8867244Z ##[group]Configuring KVM
2025-03-09T09:00:42.9427665Z ##[endgroup]
2025-03-09T09:00:42.9428737Z [32m Accelerated KVM is enabled [33m⚡️
2025-03-09T09:00:42.9429674Z ##[group]Installing Nix
2025-03-09T09:00:42.9431449Z ##[group]Downloading nix-installer for x86_64-linux
2025-03-09T09:00:42.9433385Z Fetching from https://us-east-2.swim.install.determinate.systems/nix-installer/stable/x86_64-linux
2025-03-09T09:00:43.4956741Z Cache Size: ~35 MB (36785232 B)
2025-03-09T09:00:43.4984332Z [command]/usr/bin/tar -xf /home/runner/work/_temp/c89f47c6-483f-4fcf-94d8-76d8da472d3a/cache.tzst -P -C /home/runner/work/_temp/nix-installer-8190d831-4537-4da3-bdc8-8d54c71ff360 --use-compress-program unzstd
2025-03-09T09:00:43.5920735Z Cache restored successfully
2025-03-09T09:00:43.6000520Z ##[endgroup]
2025-03-09T09:00:43.6016584Z [command]/home/runner/work/_temp/nix-installer-8190d831-4537-4da3-bdc8-8d54c71ff360/nix-installer install linux
2025-03-09T09:00:43.6078812Z  INFO nix-installer v3.0.0
2025-03-09T09:00:43.8104171Z [2m[33m`nix-installer` needs to run as `root`, attempting to escalate now via `sudo`...[39m[0m
2025-03-09T09:00:43.8218044Z  INFO nix-installer v3.0.0
2025-03-09T09:00:44.1622700Z  INFO Step: Create directory `/nix`
2025-03-09T09:00:44.1623937Z  INFO Step: Provision Nix
2025-03-09T09:00:44.2768665Z Received 36785232 of 36785232 (100.0%), 35.0 MBs/sec
2025-03-09T09:00:46.2929249Z  INFO Step: Create build users (UID 30001-30032) and group (GID 30000)
2025-03-09T09:00:46.9482875Z  INFO Step: Configure Nix
2025-03-09T09:00:47.1807373Z  INFO Step: Create directory `/etc/tmpfiles.d`
2025-03-09T09:00:47.1807955Z  INFO Step: Configure upstream Nix daemon service
2025-03-09T09:00:47.7062122Z  INFO Step: Remove directory `/nix/temp-install-dir`
2025-03-09T09:00:47.9314310Z [1m[32mNix was installed successfully![39m[0m
2025-03-09T09:00:47.9315386Z To get started using Nix, open a new shell or run `[1m. /nix/var/nix/profiles/default/etc/profile.d/nix-daemon.sh[0m`
2025-03-09T09:00:47.9316289Z 
2025-03-09T09:00:47.9583141Z ##[endgroup]
2025-03-09T09:00:48.0277865Z ##[group]Run git config user.name "github-actions[bot]"
2025-03-09T09:00:48.0278357Z [36;1mgit config user.name "github-actions[bot]"[0m
2025-03-09T09:00:48.0278848Z [36;1mgit config user.email "github-actions[bot]@users.noreply.github.com"[0m
2025-03-09T09:00:48.0332490Z shell: /usr/bin/bash -e {0}
2025-03-09T09:00:48.0332801Z env:
2025-03-09T09:00:48.0333025Z   DETERMINATE_NIX_KVM: 1
2025-03-09T09:00:48.0333311Z ##[endgroup]
2025-03-09T09:00:48.0482273Z ##[group]Run latest_tag=$(git tag --sort=-creatordate | head -n 1)
2025-03-09T09:00:48.0482787Z [36;1mlatest_tag=$(git tag --sort=-creatordate | head -n 1)[0m
2025-03-09T09:00:48.0483164Z [36;1mecho "Latest tag is: $latest_tag"[0m
2025-03-09T09:00:48.0483592Z [36;1mecho "tag=$latest_tag" >> $GITHUB_ENV  # Save the latest tag to environment file[0m
2025-03-09T09:00:48.0526207Z shell: /usr/bin/bash -e {0}
2025-03-09T09:00:48.0526501Z env:
2025-03-09T09:00:48.0526728Z   DETERMINATE_NIX_KVM: 1
2025-03-09T09:00:48.0526998Z ##[endgroup]
2025-03-09T09:00:48.0634031Z Latest tag is: v1.4.154
2025-03-09T09:00:48.0687321Z ##[group]Run latest_tag=v1.4.154
2025-03-09T09:00:48.0687643Z [36;1mlatest_tag=v1.4.154[0m
2025-03-09T09:00:48.0687982Z [36;1mmajor=$(echo "$latest_tag" | cut -d. -f1 | sed 's/v//')[0m
2025-03-09T09:00:48.0688370Z [36;1mminor=$(echo "$latest_tag" | cut -d. -f2)[0m
2025-03-09T09:00:48.0688717Z [36;1mpatch=$(echo "$latest_tag" | cut -d. -f3)[0m
2025-03-09T09:00:48.0689034Z [36;1mnew_patch=$((patch + 1))[0m
2025-03-09T09:00:48.0689357Z [36;1mnew_version="${major}.${minor}.${new_patch}"[0m
2025-03-09T09:00:48.0689684Z [36;1mnew_tag="v${new_version}"[0m
2025-03-09T09:00:48.0689980Z [36;1mecho "New version is: $new_version"[0m
2025-03-09T09:00:48.0690451Z [36;1mecho "new_version=$new_version" >> $GITHUB_ENV  # Save the new version to environment file[0m
2025-03-09T09:00:48.0690927Z [36;1mecho "New tag is: $new_tag"[0m
2025-03-09T09:00:48.0691328Z [36;1mecho "new_tag=$new_tag" >> $GITHUB_ENV  # Save the new tag to environment file[0m
2025-03-09T09:00:48.0735504Z shell: /usr/bin/bash -e {0}
2025-03-09T09:00:48.0735793Z env:
2025-03-09T09:00:48.0736003Z   DETERMINATE_NIX_KVM: 1
2025-03-09T09:00:48.0736256Z   tag: v1.4.154
2025-03-09T09:00:48.0736473Z ##[endgroup]
2025-03-09T09:00:48.0853368Z New version is: 1.4.155
2025-03-09T09:00:48.0853791Z New tag is: v1.4.155
2025-03-09T09:00:48.0884650Z ##[group]Run echo "package main" > version.go
2025-03-09T09:00:48.0885045Z [36;1mecho "package main" > version.go[0m
2025-03-09T09:00:48.0885368Z [36;1mecho "" >> version.go[0m
2025-03-09T09:00:48.0885707Z [36;1mecho "var version = \"v1.4.155\"" >> version.go[0m
2025-03-09T09:00:48.0928375Z shell: /usr/bin/bash -e {0}
2025-03-09T09:00:48.0928669Z env:
2025-03-09T09:00:48.0928897Z   DETERMINATE_NIX_KVM: 1
2025-03-09T09:00:48.0929180Z   tag: v1.4.154
2025-03-09T09:00:48.0929424Z   new_version: 1.4.155
2025-03-09T09:00:48.0929678Z   new_tag: v1.4.155
2025-03-09T09:00:48.0929919Z ##[endgroup]
2025-03-09T09:00:48.1044730Z ##[group]Run echo "\"1.4.155\"" > nix/pkgs/fabric/version.nix
2025-03-09T09:00:48.1045155Z [36;1mecho "\"1.4.155\"" > nix/pkgs/fabric/version.nix[0m
2025-03-09T09:00:48.1087663Z shell: /usr/bin/bash -e {0}
2025-03-09T09:00:48.1087937Z env:
2025-03-09T09:00:48.1088149Z   DETERMINATE_NIX_KVM: 1
2025-03-09T09:00:48.1088402Z   tag: v1.4.154
2025-03-09T09:00:48.1088630Z   new_version: 1.4.155
2025-03-09T09:00:48.1088869Z   new_tag: v1.4.155
2025-03-09T09:00:48.1089102Z ##[endgroup]
2025-03-09T09:00:48.1178890Z ##[group]Run nix fmt
2025-03-09T09:00:48.1179139Z [36;1mnix fmt[0m
2025-03-09T09:00:48.1221335Z shell: /usr/bin/bash -e {0}
2025-03-09T09:00:48.1221606Z env:
2025-03-09T09:00:48.1222089Z   DETERMINATE_NIX_KVM: 1
2025-03-09T09:00:48.1222421Z   tag: v1.4.154
2025-03-09T09:00:48.1222649Z   new_version: 1.4.155
2025-03-09T09:00:48.1223068Z   new_tag: v1.4.155
2025-03-09T09:00:48.1223299Z ##[endgroup]
2025-03-09T09:00:48.1720114Z warning: Git tree '/home/runner/work/fabric/fabric' is dirty
2025-03-09T09:00:48.9516109Z copying path '/nix/store/v0g0bxsd5gw6k0jz2855f8h7l1218925-source' from 'https://cache.nixos.org'...
2025-03-09T09:01:03.9920045Z unpacking 'github:nix-systems/default/da67096a3b9bf56a91d16901293e51ba5b49a27e?narHash=sha256-Vy1rq5AaRuLzOxct8nz4T6wlgyUR7zLU309k9mBC768%3D' into the Git cache...
2025-03-09T09:01:04.1883158Z unpacking 'github:numtide/treefmt-nix/13c913f5deb3a5c08bb810efd89dc8cb24dd968b?narHash=sha256-p2r8xhQZ3TYIEKBoiEhllKWQqWNJNoT9v64Vmg4q8Zw%3D' into the Git cache...
2025-03-09T09:01:07.3797339Z these 5 derivations will be built:
2025-03-09T09:01:07.3802385Z   /nix/store/zpykvf42zcd44mif9y3sfv2l7zkvjnlz-statix.toml.drv
2025-03-09T09:01:07.3803592Z   /nix/store/h2wyc6zpxd83yipm3y33gf2ygqiar5w6-statix-config.drv
2025-03-09T09:01:07.3804754Z   /nix/store/f0pci68fildnfn38bjwfm4fx0dcy1wbq-statix-fix.drv
2025-03-09T09:01:07.3805892Z   /nix/store/ybkhyn9wxyx9sbga5j8cf67g1xd0d6fk-treefmt.toml.drv
2025-03-09T09:01:07.3806881Z   /nix/store/5cmn667g6zsa4l3hvklc423yzi9hihfh-treefmt.drv
2025-03-09T09:01:07.3807829Z these 80 paths will be fetched (150.85 MiB download, 705.86 MiB unpacked):
2025-03-09T09:01:07.3808876Z   /nix/store/cf7gkacyxmm66lwl5nj6j6yykbrg4q5c-acl-2.3.2
2025-03-09T09:01:07.3809890Z   /nix/store/a9jgnlhkjkxav6qrc3rzg2q84pkl2wvr-attr-2.5.2
2025-03-09T09:01:07.3810891Z   /nix/store/5mh7kaj2fyv8mk4sfq1brwxgc02884wi-bash-5.2p37
2025-03-09T09:01:07.3812105Z   /nix/store/8zvalh0pmrmzypynv2gh8mw1vkkys19i-brotli-1.1.0-lib
2025-03-09T09:01:07.3813150Z   /nix/store/ivl2v8rgg7qh1jkj5pwpqycax3rc2hnl-bzip2-1.0.8
2025-03-09T09:01:07.3814265Z   /nix/store/mglixp03lsp0w986svwdvm7vcy17rdax-bzip2-1.0.8-bin
2025-03-09T09:01:07.3815457Z   /nix/store/4s9rah4cwaxflicsk5cndnknqlk9n4p3-coreutils-9.5
2025-03-09T09:01:07.3816559Z   /nix/store/8yfak7dis3yqqls4mclzp5jb1ic2jzab-curl-8.11.0
2025-03-09T09:01:07.3817489Z   /nix/store/c748z5q1ac6yc92xf69lm7mjaj52m4xx-deadnix-1.2.1
2025-03-09T09:01:07.3818190Z   /nix/store/00g69vw7c9lycy63h45ximy0wmzqx5y6-diffutils-3.10
2025-03-09T09:01:07.3818898Z   /nix/store/74h4z8k82pmp24xryflv4lxkz8jlpqqd-ed-1.20.2
2025-03-09T09:01:07.3819863Z   /nix/store/wkysiv0sxqs6wn44nb46bbyig4plzsy4-elfutils-0.192
2025-03-09T09:01:07.3820714Z   /nix/store/5ayb629gzbkc3amm6zd5jp1aciprb2zs-expat-2.6.4
2025-03-09T09:01:07.3821532Z   /nix/store/c4rj90r2m89rxs64hmm857mipwjhig5d-file-5.46
2025-03-09T09:01:07.3822408Z   /nix/store/jqrz1vq5nz4lnv9pqzydj0ir58wbjfy1-findutils-4.10.0
2025-03-09T09:01:07.3822964Z   /nix/store/a3c47r5z1q2c4rz0kvq8hlilkhx2s718-gawk-5.3.1
2025-03-09T09:01:07.3823574Z   /nix/store/bpq1s72cw9qb2fs8mnmlw6hn2c7iy0ss-gcc-14-20241116-lib
2025-03-09T09:01:07.3824467Z   /nix/store/17v0ywnr3akp85pvdi56gwl99ljv95kx-gcc-14-20241116-libgcc
2025-03-09T09:01:07.3825461Z   /nix/store/2h8rk9xwa6xqy2pqk2lr2s57qbrx5p30-gdbm-1.24-lib
2025-03-09T09:01:07.3825985Z   /nix/store/65h17wjrrlsj2rj540igylrx7fqcd6vq-glibc-2.40-36
2025-03-09T09:01:07.3826478Z   /nix/store/a2byxfv4lc8f2g5xfzw8cz5q8k05wi29-gmp-with-cxx-6.3.0
2025-03-09T09:01:07.3827002Z   /nix/store/ghb61mqc90qf1nx6kyahhhagicyxvcyg-gmp-with-cxx-6.3.0
2025-03-09T09:01:07.3827619Z   /nix/store/1m67ipsk39xvhyqrxnzv2m2p48pil8kl-gnu-config-2024-01-01
2025-03-09T09:01:07.3828390Z   /nix/store/aap6cq56amx4mzbyxp2wpgsf1kqjcr1f-gnugrep-3.11
2025-03-09T09:01:07.3829161Z   /nix/store/fp6cjl1zcmm6mawsnrb5yak1wkz2ma8l-gnumake-4.4.1
2025-03-09T09:01:07.3829821Z   /nix/store/abm77lnrkrkb58z6xp1qwjcr1xgkcfwm-gnused-4.9
2025-03-09T09:01:07.3830478Z   /nix/store/9cwwj1c9csmc85l2cqzs3h9hbf1vwl6c-gnutar-1.35
2025-03-09T09:01:07.3831467Z   /nix/store/jfv85qbj4vb1dafcg6kncg4vrbq2bbxv-go-1.23.4
2025-03-09T09:01:07.3832455Z   /nix/store/mnnv5iqsa1hcc9v1snyxai3yqzmav9kf-gotools-0.25.0
2025-03-09T09:01:07.3833156Z   /nix/store/nvvj6sk0k6px48436drlblf4gafgbvzr-gzip-1.13
2025-03-09T09:01:07.3833856Z   /nix/store/pmvskik4cp4vh4gy0affdavpwm79k2mf-iana-etc-20240318
2025-03-09T09:01:07.3834875Z   /nix/store/i1mjz7h6bx4yv5x32wf726b1mgl4yygd-json-c-0.18
2025-03-09T09:01:07.3835535Z   /nix/store/2wh1gqyzf5xsvxpdz2k0bxiz583wwq29-keyutils-1.6.3-lib
2025-03-09T09:01:07.3836184Z   /nix/store/zqkizm9zn19bf9n58xcfxl4ks7yfs8my-krb5-1.21.3-lib
2025-03-09T09:01:07.3836882Z   /nix/store/r04wysx6yl7ys1rdv1b1lih6in1810r0-libffi-3.4.6
2025-03-09T09:01:07.3837563Z   /nix/store/34z2792zyd4ayl5186vx0s98ckdaccz9-libidn2-2.3.7
2025-03-09T09:01:07.3838263Z   /nix/store/fkfhss4k4zqi3rqzwgisqa8gm8xjb0b2-libpsl-0.21.5
2025-03-09T09:01:07.3838973Z   /nix/store/fp0l21s4j49wcp9l4w59nlb4biy0dr8f-libssh2-1.11.1
2025-03-09T09:01:07.3839705Z   /nix/store/xcqcgqazykf6s7fsn08k0blnh0wisdcl-libunistring-1.3
2025-03-09T09:01:07.3840272Z   /nix/store/6cr0spsvymmrp1hj5n0kbaxw55w1lqyp-libxcrypt-4.4.36
2025-03-09T09:01:07.3841027Z   /nix/store/srz64fswvjbph7i00ffvr3wbyjw87a06-libyaml-0.2.5
2025-03-09T09:01:07.3841903Z   /nix/store/ky5k49f2byfjg49ci75ci89szy29hk4k-mailcap-2.1.54
2025-03-09T09:01:07.3842669Z   /nix/store/1aybnfshx1vxh7vi04bhfh1n69k15335-mpdecimal-4.0.0
2025-03-09T09:01:07.3843453Z   /nix/store/wm1qn5jqrxpcjkc640gq8a90ns5gw3cn-ncurses-6.4.20221231
2025-03-09T09:01:07.3844232Z   /nix/store/82lh8f5wi6ya5jkcwr036md8630j652d-nghttp2-1.64.0-lib
2025-03-09T09:01:07.3845033Z   /nix/store/lch913ar0a3w3f6d63crf5vfvpckddk1-nixfmt-unstable-2024-12-04
2025-03-09T09:01:07.3845632Z   /nix/store/h1ydpxkw9qhjdxjpic1pdc2nirggyy6f-openssl-3.3.2
2025-03-09T09:01:07.3846021Z   /nix/store/5yja5dpk2qw1v5mbfbl2d7klcdfrh90w-patch-2.7.6
2025-03-09T09:01:07.3846410Z   /nix/store/srfxqk119fijwnprgsqvn68ys9kiw0bn-patchelf-0.15.0
2025-03-09T09:01:07.3846804Z   /nix/store/3j1p598fivxs69wx3a657ysv3rw8k06l-pcre2-10.44
2025-03-09T09:01:07.3847270Z   /nix/store/0lj0851s55mkwmylmkcw4m71m7ggl772-publicsuffix-list-0-unstable-2024-12-06
2025-03-09T09:01:07.3847765Z   /nix/store/c9m6yd8fg1flz2j5r4bif1ib5j20a0cy-python3-3.12.8
2025-03-09T09:01:07.3848180Z   /nix/store/ka3h6h9gj6wf24yckrch9844pd4bklfc-python3.12-cbor2-5.6.4
2025-03-09T09:01:07.3848634Z   /nix/store/a7p8w035ri614k9y82y7c9cs9fkvb6ac-python3.12-colorama-0.4.6
2025-03-09T09:01:07.3849134Z   /nix/store/vnkay8zkgfh38biyhgj1rp2886qlw9bz-python3.12-markdown-it-py-3.0.0
2025-03-09T09:01:07.3849618Z   /nix/store/f3a35ljg6yaxf4cxb5fqc562r3v978x7-python3.12-mdurl-0.1.2
2025-03-09T09:01:07.3850082Z   /nix/store/ncvqa6aazrsh3lyjwrd0q5wjvng8si8w-python3.12-pygments-2.18.0
2025-03-09T09:01:07.3850637Z   /nix/store/mv5jpzs99allm6ni5zfjbhmyvjw8mdcj-python3.12-python-dateutil-2.9.0.post0
2025-03-09T09:01:07.3851158Z   /nix/store/r5kb9400ihayy81jgj6rw6cwxlq6k24a-python3.12-pyyaml-6.0.2
2025-03-09T09:01:07.3851626Z   /nix/store/lmzwm13gz7am129ihxg2zjmm51vinaaf-python3.12-remarshal-0.20.0
2025-03-09T09:01:07.3852304Z   /nix/store/8cipdqyzsiyqx1d73lzs89anz2sb9pzs-python3.12-rich-13.9.4
2025-03-09T09:01:07.3852792Z   /nix/store/zqsb4b4rdf5yl7i76vwjhg49hbgp3nli-python3.12-rich-argparse-1.6.0
2025-03-09T09:01:07.3853299Z   /nix/store/svijjywn5mk2ljh4c9lx2my1w2jmr8hy-python3.12-ruamel-base-1.0.0
2025-03-09T09:01:07.3853809Z   /nix/store/ipci9bcpb3kaxq88f5wwcyf3spvqk265-python3.12-ruamel-yaml-0.18.6
2025-03-09T09:01:07.3854322Z   /nix/store/iqjg6b78n41i9r2z7i70q0nk6m1d8h6k-python3.12-ruamel-yaml-clib-0.2.7
2025-03-09T09:01:07.3854801Z   /nix/store/03kwj7hvj4f32ss5g99zm2wq18h8r0wf-python3.12-six-1.17.0
2025-03-09T09:01:07.3855248Z   /nix/store/v9vdk698r9jk17z6ipph79cj9wjqb573-python3.12-tomlkit-0.13.2
2025-03-09T09:01:07.3855746Z   /nix/store/ls6dyvvnxji760drr228z8v5n6mivzdh-python3.12-u-msgpack-python-2.8.0
2025-03-09T09:01:07.3856211Z   /nix/store/9jzrcxf9wi9yp679il6j6zh6cq81p4s9-readline-8.2p13
2025-03-09T09:01:07.3856601Z   /nix/store/dj96qp9vps02l3n8xgc2vallqa9rhafb-sqlite-3.47.0
2025-03-09T09:01:07.3857194Z   /nix/store/zc1f5d889k3xb33vdxw56mhah1q8a8lb-statix-0.5.8
2025-03-09T09:01:07.3857573Z   /nix/store/4ig84cyqi6qy4n0sanrbzsw1ixa497jx-stdenv-linux
2025-03-09T09:01:07.3857936Z   /nix/store/8n58sbly7gdjscz5wkr6kia72dcf1qs5-treefmt-2.1.1
2025-03-09T09:01:07.3858297Z   /nix/store/gfkyf4hw4riqwgf5scfk8r8g69crbn4x-tzdata-2024b
2025-03-09T09:01:07.3858889Z   /nix/store/d29r1bdmlvwmj52apgcdxfl1mm9c5782-update-autotools-gnu-config-scripts-hook
2025-03-09T09:01:07.3859424Z   /nix/store/acfkqzj5qrqs88a4a6ixnybbjxja663d-xgcc-14-20241116-libgcc
2025-03-09T09:01:07.3859819Z   /nix/store/c2njy6bv84kw1i4bjf5k5gn7gz8hn57n-xz-5.6.3
2025-03-09T09:01:07.3860166Z   /nix/store/h18s640fnhhj2qdh5vivcfbxvz377srg-xz-5.6.3-bin
2025-03-09T09:01:07.3860569Z   /nix/store/cqlaa2xf6lslnizyj9xqa8j0ii1yqw0x-zlib-1.3.1
2025-03-09T09:01:07.3860922Z   /nix/store/s0zynhz13rhg0gg8cy0ga4c0lnv3yqdn-zstd-1.5.6
2025-03-09T09:01:07.3895717Z copying path '/nix/store/pmvskik4cp4vh4gy0affdavpwm79k2mf-iana-etc-20240318' from 'https://cache.nixos.org'...
2025-03-09T09:01:07.3899724Z copying path '/nix/store/ky5k49f2byfjg49ci75ci89szy29hk4k-mailcap-2.1.54' from 'https://cache.nixos.org'...
2025-03-09T09:01:07.3902142Z copying path '/nix/store/gfkyf4hw4riqwgf5scfk8r8g69crbn4x-tzdata-2024b' from 'https://cache.nixos.org'...
2025-03-09T09:01:07.3914804Z copying path '/nix/store/1m67ipsk39xvhyqrxnzv2m2p48pil8kl-gnu-config-2024-01-01' from 'https://cache.nixos.org'...
2025-03-09T09:01:07.3923064Z copying path '/nix/store/acfkqzj5qrqs88a4a6ixnybbjxja663d-xgcc-14-20241116-libgcc' from 'https://cache.nixos.org'...
2025-03-09T09:01:07.3927659Z copying path '/nix/store/17v0ywnr3akp85pvdi56gwl99ljv95kx-gcc-14-20241116-libgcc' from 'https://cache.nixos.org'...
2025-03-09T09:01:07.3933917Z copying path '/nix/store/xcqcgqazykf6s7fsn08k0blnh0wisdcl-libunistring-1.3' from 'https://cache.nixos.org'...
2025-03-09T09:01:07.3969138Z copying path '/nix/store/0lj0851s55mkwmylmkcw4m71m7ggl772-publicsuffix-list-0-unstable-2024-12-06' from 'https://cache.nixos.org'...
2025-03-09T09:01:07.4133936Z copying path '/nix/store/d29r1bdmlvwmj52apgcdxfl1mm9c5782-update-autotools-gnu-config-scripts-hook' from 'https://cache.nixos.org'...
2025-03-09T09:01:07.4626697Z copying path '/nix/store/34z2792zyd4ayl5186vx0s98ckdaccz9-libidn2-2.3.7' from 'https://cache.nixos.org'...
2025-03-09T09:01:07.4923606Z copying path '/nix/store/65h17wjrrlsj2rj540igylrx7fqcd6vq-glibc-2.40-36' from 'https://cache.nixos.org'...
2025-03-09T09:01:07.9244567Z copying path '/nix/store/a9jgnlhkjkxav6qrc3rzg2q84pkl2wvr-attr-2.5.2' from 'https://cache.nixos.org'...
2025-03-09T09:01:07.9246777Z copying path '/nix/store/5mh7kaj2fyv8mk4sfq1brwxgc02884wi-bash-5.2p37' from 'https://cache.nixos.org'...
2025-03-09T09:01:07.9248830Z copying path '/nix/store/8zvalh0pmrmzypynv2gh8mw1vkkys19i-brotli-1.1.0-lib' from 'https://cache.nixos.org'...
2025-03-09T09:01:07.9250905Z copying path '/nix/store/ivl2v8rgg7qh1jkj5pwpqycax3rc2hnl-bzip2-1.0.8' from 'https://cache.nixos.org'...
2025-03-09T09:01:07.9253081Z copying path '/nix/store/74h4z8k82pmp24xryflv4lxkz8jlpqqd-ed-1.20.2' from 'https://cache.nixos.org'...
2025-03-09T09:01:07.9258788Z copying path '/nix/store/5ayb629gzbkc3amm6zd5jp1aciprb2zs-expat-2.6.4' from 'https://cache.nixos.org'...
2025-03-09T09:01:07.9261279Z copying path '/nix/store/bpq1s72cw9qb2fs8mnmlw6hn2c7iy0ss-gcc-14-20241116-lib' from 'https://cache.nixos.org'...
2025-03-09T09:01:07.9262898Z copying path '/nix/store/2h8rk9xwa6xqy2pqk2lr2s57qbrx5p30-gdbm-1.24-lib' from 'https://cache.nixos.org'...
2025-03-09T09:01:07.9264231Z copying path '/nix/store/fp6cjl1zcmm6mawsnrb5yak1wkz2ma8l-gnumake-4.4.1' from 'https://cache.nixos.org'...
2025-03-09T09:01:07.9265820Z copying path '/nix/store/abm77lnrkrkb58z6xp1qwjcr1xgkcfwm-gnused-4.9' from 'https://cache.nixos.org'...
2025-03-09T09:01:07.9267316Z copying path '/nix/store/mnnv5iqsa1hcc9v1snyxai3yqzmav9kf-gotools-0.25.0' from 'https://cache.nixos.org'...
2025-03-09T09:01:07.9277591Z copying path '/nix/store/i1mjz7h6bx4yv5x32wf726b1mgl4yygd-json-c-0.18' from 'https://cache.nixos.org'...
2025-03-09T09:01:07.9278965Z copying path '/nix/store/a3c47r5z1q2c4rz0kvq8hlilkhx2s718-gawk-5.3.1' from 'https://cache.nixos.org'...
2025-03-09T09:01:07.9280965Z copying path '/nix/store/2wh1gqyzf5xsvxpdz2k0bxiz583wwq29-keyutils-1.6.3-lib' from 'https://cache.nixos.org'...
2025-03-09T09:01:07.9281955Z copying path '/nix/store/fkfhss4k4zqi3rqzwgisqa8gm8xjb0b2-libpsl-0.21.5' from 'https://cache.nixos.org'...
2025-03-09T09:01:07.9282951Z copying path '/nix/store/r04wysx6yl7ys1rdv1b1lih6in1810r0-libffi-3.4.6' from 'https://cache.nixos.org'...
2025-03-09T09:01:07.9459808Z copying path '/nix/store/6cr0spsvymmrp1hj5n0kbaxw55w1lqyp-libxcrypt-4.4.36' from 'https://cache.nixos.org'...
2025-03-09T09:01:07.9481928Z copying path '/nix/store/srz64fswvjbph7i00ffvr3wbyjw87a06-libyaml-0.2.5' from 'https://cache.nixos.org'...
2025-03-09T09:01:07.9526984Z copying path '/nix/store/cf7gkacyxmm66lwl5nj6j6yykbrg4q5c-acl-2.3.2' from 'https://cache.nixos.org'...
2025-03-09T09:01:07.9556716Z copying path '/nix/store/mglixp03lsp0w986svwdvm7vcy17rdax-bzip2-1.0.8-bin' from 'https://cache.nixos.org'...
2025-03-09T09:01:07.9572173Z copying path '/nix/store/1aybnfshx1vxh7vi04bhfh1n69k15335-mpdecimal-4.0.0' from 'https://cache.nixos.org'...
2025-03-09T09:01:07.9575824Z copying path '/nix/store/wm1qn5jqrxpcjkc640gq8a90ns5gw3cn-ncurses-6.4.20221231' from 'https://cache.nixos.org'...
2025-03-09T09:01:07.9578903Z copying path '/nix/store/82lh8f5wi6ya5jkcwr036md8630j652d-nghttp2-1.64.0-lib' from 'https://cache.nixos.org'...
2025-03-09T09:01:07.9713591Z copying path '/nix/store/h1ydpxkw9qhjdxjpic1pdc2nirggyy6f-openssl-3.3.2' from 'https://cache.nixos.org'...
2025-03-09T09:01:07.9715728Z copying path '/nix/store/5yja5dpk2qw1v5mbfbl2d7klcdfrh90w-patch-2.7.6' from 'https://cache.nixos.org'...
2025-03-09T09:01:07.9834614Z copying path '/nix/store/3j1p598fivxs69wx3a657ysv3rw8k06l-pcre2-10.44' from 'https://cache.nixos.org'...
2025-03-09T09:01:07.9934408Z copying path '/nix/store/8n58sbly7gdjscz5wkr6kia72dcf1qs5-treefmt-2.1.1' from 'https://cache.nixos.org'...
2025-03-09T09:01:07.9983454Z copying path '/nix/store/c2njy6bv84kw1i4bjf5k5gn7gz8hn57n-xz-5.6.3' from 'https://cache.nixos.org'...
2025-03-09T09:01:07.9992453Z copying path '/nix/store/jfv85qbj4vb1dafcg6kncg4vrbq2bbxv-go-1.23.4' from 'https://cache.nixos.org'...
2025-03-09T09:01:08.0037373Z copying path '/nix/store/nvvj6sk0k6px48436drlblf4gafgbvzr-gzip-1.13' from 'https://cache.nixos.org'...
2025-03-09T09:01:08.0154795Z copying path '/nix/store/cqlaa2xf6lslnizyj9xqa8j0ii1yqw0x-zlib-1.3.1' from 'https://cache.nixos.org'...
2025-03-09T09:01:08.0156128Z copying path '/nix/store/9cwwj1c9csmc85l2cqzs3h9hbf1vwl6c-gnutar-1.35' from 'https://cache.nixos.org'...
2025-03-09T09:01:08.0462828Z copying path '/nix/store/c4rj90r2m89rxs64hmm857mipwjhig5d-file-5.46' from 'https://cache.nixos.org'...
2025-03-09T09:01:08.0467156Z copying path '/nix/store/dj96qp9vps02l3n8xgc2vallqa9rhafb-sqlite-3.47.0' from 'https://cache.nixos.org'...
2025-03-09T09:01:08.0878843Z copying path '/nix/store/h18s640fnhhj2qdh5vivcfbxvz377srg-xz-5.6.3-bin' from 'https://cache.nixos.org'...
2025-03-09T09:01:08.1014807Z copying path '/nix/store/aap6cq56amx4mzbyxp2wpgsf1kqjcr1f-gnugrep-3.11' from 'https://cache.nixos.org'...
2025-03-09T09:01:08.2712621Z copying path '/nix/store/c748z5q1ac6yc92xf69lm7mjaj52m4xx-deadnix-1.2.1' from 'https://cache.nixos.org'...
2025-03-09T09:01:08.2715554Z copying path '/nix/store/a2byxfv4lc8f2g5xfzw8cz5q8k05wi29-gmp-with-cxx-6.3.0' from 'https://cache.nixos.org'...
2025-03-09T09:01:08.2719219Z copying path '/nix/store/ghb61mqc90qf1nx6kyahhhagicyxvcyg-gmp-with-cxx-6.3.0' from 'https://cache.nixos.org'...
2025-03-09T09:01:08.2720627Z copying path '/nix/store/srfxqk119fijwnprgsqvn68ys9kiw0bn-patchelf-0.15.0' from 'https://cache.nixos.org'...
2025-03-09T09:01:08.2722121Z copying path '/nix/store/zc1f5d889k3xb33vdxw56mhah1q8a8lb-statix-0.5.8' from 'https://cache.nixos.org'...
2025-03-09T09:01:08.2733608Z copying path '/nix/store/s0zynhz13rhg0gg8cy0ga4c0lnv3yqdn-zstd-1.5.6' from 'https://cache.nixos.org'...
2025-03-09T09:01:08.3026020Z copying path '/nix/store/zqkizm9zn19bf9n58xcfxl4ks7yfs8my-krb5-1.21.3-lib' from 'https://cache.nixos.org'...
2025-03-09T09:01:08.3056431Z copying path '/nix/store/fp0l21s4j49wcp9l4w59nlb4biy0dr8f-libssh2-1.11.1' from 'https://cache.nixos.org'...
2025-03-09T09:01:08.4473882Z copying path '/nix/store/4s9rah4cwaxflicsk5cndnknqlk9n4p3-coreutils-9.5' from 'https://cache.nixos.org'...
2025-03-09T09:01:08.5279897Z copying path '/nix/store/9jzrcxf9wi9yp679il6j6zh6cq81p4s9-readline-8.2p13' from 'https://cache.nixos.org'...
2025-03-09T09:01:08.5463549Z copying path '/nix/store/8yfak7dis3yqqls4mclzp5jb1ic2jzab-curl-8.11.0' from 'https://cache.nixos.org'...
2025-03-09T09:01:08.6096704Z copying path '/nix/store/c9m6yd8fg1flz2j5r4bif1ib5j20a0cy-python3-3.12.8' from 'https://cache.nixos.org'...
2025-03-09T09:01:08.6277126Z copying path '/nix/store/wkysiv0sxqs6wn44nb46bbyig4plzsy4-elfutils-0.192' from 'https://cache.nixos.org'...
2025-03-09T09:01:08.6298845Z copying path '/nix/store/jqrz1vq5nz4lnv9pqzydj0ir58wbjfy1-findutils-4.10.0' from 'https://cache.nixos.org'...
2025-03-09T09:01:08.6300542Z copying path '/nix/store/00g69vw7c9lycy63h45ximy0wmzqx5y6-diffutils-3.10' from 'https://cache.nixos.org'...
2025-03-09T09:01:08.7206258Z copying path '/nix/store/4ig84cyqi6qy4n0sanrbzsw1ixa497jx-stdenv-linux' from 'https://cache.nixos.org'...
2025-03-09T09:01:08.7278295Z copying path '/nix/store/lch913ar0a3w3f6d63crf5vfvpckddk1-nixfmt-unstable-2024-12-04' from 'https://cache.nixos.org'...
2025-03-09T09:01:10.4549609Z copying path '/nix/store/ka3h6h9gj6wf24yckrch9844pd4bklfc-python3.12-cbor2-5.6.4' from 'https://cache.nixos.org'...
2025-03-09T09:01:10.4553369Z copying path '/nix/store/a7p8w035ri614k9y82y7c9cs9fkvb6ac-python3.12-colorama-0.4.6' from 'https://cache.nixos.org'...
2025-03-09T09:01:10.4556986Z copying path '/nix/store/iqjg6b78n41i9r2z7i70q0nk6m1d8h6k-python3.12-ruamel-yaml-clib-0.2.7' from 'https://cache.nixos.org'...
2025-03-09T09:01:10.4559640Z copying path '/nix/store/r5kb9400ihayy81jgj6rw6cwxlq6k24a-python3.12-pyyaml-6.0.2' from 'https://cache.nixos.org'...
2025-03-09T09:01:10.4562290Z copying path '/nix/store/f3a35ljg6yaxf4cxb5fqc562r3v978x7-python3.12-mdurl-0.1.2' from 'https://cache.nixos.org'...
2025-03-09T09:01:10.4565318Z copying path '/nix/store/svijjywn5mk2ljh4c9lx2my1w2jmr8hy-python3.12-ruamel-base-1.0.0' from 'https://cache.nixos.org'...
2025-03-09T09:01:10.4567840Z copying path '/nix/store/ls6dyvvnxji760drr228z8v5n6mivzdh-python3.12-u-msgpack-python-2.8.0' from 'https://cache.nixos.org'...
2025-03-09T09:01:10.4569491Z copying path '/nix/store/03kwj7hvj4f32ss5g99zm2wq18h8r0wf-python3.12-six-1.17.0' from 'https://cache.nixos.org'...
2025-03-09T09:01:10.4570960Z copying path '/nix/store/v9vdk698r9jk17z6ipph79cj9wjqb573-python3.12-tomlkit-0.13.2' from 'https://cache.nixos.org'...
2025-03-09T09:01:10.4576665Z copying path '/nix/store/ncvqa6aazrsh3lyjwrd0q5wjvng8si8w-python3.12-pygments-2.18.0' from 'https://cache.nixos.org'...
2025-03-09T09:01:10.4956659Z copying path '/nix/store/vnkay8zkgfh38biyhgj1rp2886qlw9bz-python3.12-markdown-it-py-3.0.0' from 'https://cache.nixos.org'...
2025-03-09T09:01:10.4960167Z copying path '/nix/store/mv5jpzs99allm6ni5zfjbhmyvjw8mdcj-python3.12-python-dateutil-2.9.0.post0' from 'https://cache.nixos.org'...
2025-03-09T09:01:10.5027819Z copying path '/nix/store/ipci9bcpb3kaxq88f5wwcyf3spvqk265-python3.12-ruamel-yaml-0.18.6' from 'https://cache.nixos.org'...
2025-03-09T09:01:10.7965175Z copying path '/nix/store/8cipdqyzsiyqx1d73lzs89anz2sb9pzs-python3.12-rich-13.9.4' from 'https://cache.nixos.org'...
2025-03-09T09:01:10.8837759Z copying path '/nix/store/zqsb4b4rdf5yl7i76vwjhg49hbgp3nli-python3.12-rich-argparse-1.6.0' from 'https://cache.nixos.org'...
2025-03-09T09:01:10.9027252Z copying path '/nix/store/lmzwm13gz7am129ihxg2zjmm51vinaaf-python3.12-remarshal-0.20.0' from 'https://cache.nixos.org'...
2025-03-09T09:01:10.9569575Z building '/nix/store/zpykvf42zcd44mif9y3sfv2l7zkvjnlz-statix.toml.drv'...
2025-03-09T09:01:11.3000437Z building '/nix/store/h2wyc6zpxd83yipm3y33gf2ygqiar5w6-statix-config.drv'...
2025-03-09T09:01:11.3632711Z building '/nix/store/f0pci68fildnfn38bjwfm4fx0dcy1wbq-statix-fix.drv'...
2025-03-09T09:01:12.2562915Z building '/nix/store/ybkhyn9wxyx9sbga5j8cf67g1xd0d6fk-treefmt.toml.drv'...
2025-03-09T09:01:12.4885801Z building '/nix/store/5cmn667g6zsa4l3hvklc423yzi9hihfh-treefmt.drv'...
2025-03-09T09:01:12.5553686Z 2025/03/09 09:01:12 INFO using config file: /nix/store/dfgzl3n4ls3nsgb5y9wqsjwqgy35dqav-treefmt.toml
2025-03-09T09:01:12.6445713Z WARN no formatter for path: .devcontainer/devcontainer.json
2025-03-09T09:01:12.6446439Z WARN no formatter for path: .dockerignore
2025-03-09T09:01:12.6447001Z WARN no formatter for path: .envrc
2025-03-09T09:01:12.6447613Z WARN no formatter for path: .github/ISSUE_TEMPLATE/bug.yml
2025-03-09T09:01:12.6448432Z WARN no formatter for path: .github/ISSUE_TEMPLATE/feature-request.yml
2025-03-09T09:01:12.6449279Z WARN no formatter for path: .github/ISSUE_TEMPLATE/question.yml
2025-03-09T09:01:12.6450082Z WARN no formatter for path: .github/pull_request_template.md
2025-03-09T09:01:12.6450800Z WARN no formatter for path: .github/workflows/ci.yml
2025-03-09T09:01:12.6451519Z WARN no formatter for path: .github/workflows/patterns.yaml
2025-03-09T09:01:12.6452457Z WARN no formatter for path: .github/workflows/release.yml
2025-03-09T09:01:12.6453325Z WARN no formatter for path: .github/workflows/update-version-and-create-tag.yml
2025-03-09T09:01:12.6454158Z WARN no formatter for path: Alma.md
2025-03-09T09:01:12.6454679Z WARN no formatter for path: Dockerfile
2025-03-09T09:01:12.6455200Z WARN no formatter for path: LICENSE
2025-03-09T09:01:12.6455706Z WARN no formatter for path: NOTES.md
2025-03-09T09:01:12.6456534Z WARN no formatter for path: Pattern_Descriptions/README_Pattern_Descriptions_and_Tags_MGT.md
2025-03-09T09:01:12.6457564Z WARN no formatter for path: Pattern_Descriptions/extract_patterns.py
2025-03-09T09:01:12.6458460Z WARN no formatter for path: Pattern_Descriptions/pattern_descriptions.json
2025-03-09T09:01:12.6459383Z WARN no formatter for path: Pattern_Descriptions/pattern_extracts.json
2025-03-09T09:01:12.6460113Z WARN no formatter for path: README.md
2025-03-09T09:01:12.6460725Z WARN no formatter for path: Web Interface MOD Readme Files/WEB V2 Install Guide.md
2025-03-09T09:01:12.6461522Z WARN no formatter for path: Web Interface MOD Readme Files/pr-1284-update.md
2025-03-09T09:01:12.6462325Z WARN no formatter for path: cli/README.md
2025-03-09T09:01:12.6462794Z WARN no formatter for path: cli/example.yaml
2025-03-09T09:01:12.6463265Z WARN no formatter for path: coverage.out
2025-03-09T09:01:12.6463736Z WARN no formatter for path: docker-compose.yml
2025-03-09T09:01:12.6464297Z WARN no formatter for path: images/fabric-logo-gif.gif
2025-03-09T09:01:12.6464892Z WARN no formatter for path: images/fabric-summarize.png
2025-03-09T09:01:12.6465479Z WARN no formatter for path: nix/pkgs/fabric/gomod2nix.toml
2025-03-09T09:01:12.6466089Z WARN no formatter for path: patterns/agility_story/system.md
2025-03-09T09:01:12.6466697Z WARN no formatter for path: patterns/agility_story/user.md
2025-03-09T09:01:12.6467256Z WARN no formatter for path: patterns/ai/system.md
2025-03-09T09:01:12.6467833Z WARN no formatter for path: patterns/analyze_answers/README.md
2025-03-09T09:01:12.6468462Z WARN no formatter for path: patterns/analyze_answers/system.md
2025-03-09T09:01:12.6469108Z WARN no formatter for path: patterns/analyze_candidates/system.md
2025-03-09T09:01:12.6469772Z WARN no formatter for path: patterns/analyze_candidates/user.md
2025-03-09T09:01:12.6470445Z WARN no formatter for path: patterns/analyze_cfp_submission/system.md
2025-03-09T09:01:12.6471108Z WARN no formatter for path: patterns/analyze_claims/system.md
2025-03-09T09:01:12.6471847Z WARN no formatter for path: patterns/analyze_claims/user.md
2025-03-09T09:01:12.6472473Z WARN no formatter for path: patterns/analyze_comments/system.md
2025-03-09T09:01:12.6473107Z WARN no formatter for path: patterns/analyze_debate/system.md
2025-03-09T09:01:12.6474050Z WARN no formatter for path: patterns/analyze_email_headers/system.md
2025-03-09T09:01:12.6474756Z WARN no formatter for path: patterns/analyze_email_headers/user.md
2025-03-09T09:01:12.6475411Z WARN no formatter for path: patterns/analyze_incident/system.md
2025-03-09T09:01:12.6476038Z WARN no formatter for path: patterns/analyze_incident/user.md
2025-03-09T09:01:12.6476931Z WARN no formatter for path: patterns/analyze_interviewer_techniques/system.md
2025-03-09T09:01:12.6477627Z WARN no formatter for path: patterns/analyze_logs/system.md
2025-03-09T09:01:12.6478243Z WARN no formatter for path: patterns/analyze_malware/system.md
2025-03-09T09:01:12.6478924Z WARN no formatter for path: patterns/analyze_military_strategy/system.md
2025-03-09T09:01:12.6479614Z WARN no formatter for path: patterns/analyze_mistakes/system.md
2025-03-09T09:01:12.6480251Z WARN no formatter for path: patterns/analyze_paper/system.md
2025-03-09T09:01:12.6480858Z WARN no formatter for path: patterns/analyze_paper/user.md
2025-03-09T09:01:12.6481470Z WARN no formatter for path: patterns/analyze_patent/system.md
2025-03-09T09:01:12.6482263Z WARN no formatter for path: patterns/analyze_personality/system.md
2025-03-09T09:01:12.6482945Z WARN no formatter for path: patterns/analyze_presentation/system.md
2025-03-09T09:01:12.6483647Z WARN no formatter for path: patterns/analyze_product_feedback/system.md
2025-03-09T09:01:12.6484348Z WARN no formatter for path: patterns/analyze_proposition/system.md
2025-03-09T09:01:12.6485014Z WARN no formatter for path: patterns/analyze_proposition/user.md
2025-03-09T09:01:12.6485643Z WARN no formatter for path: patterns/analyze_prose/system.md
2025-03-09T09:01:12.6486243Z WARN no formatter for path: patterns/analyze_prose/user.md
2025-03-09T09:01:12.6486868Z WARN no formatter for path: patterns/analyze_prose_json/system.md
2025-03-09T09:01:12.6487515Z WARN no formatter for path: patterns/analyze_prose_json/user.md
2025-03-09T09:01:12.6488172Z WARN no formatter for path: patterns/analyze_prose_pinker/system.md
2025-03-09T09:01:12.6488817Z WARN no formatter for path: patterns/analyze_risk/system.md
2025-03-09T09:01:12.6489427Z WARN no formatter for path: patterns/analyze_sales_call/system.md
2025-03-09T09:01:12.6490118Z WARN no formatter for path: patterns/analyze_spiritual_text/system.md
2025-03-09T09:01:12.6490806Z WARN no formatter for path: patterns/analyze_spiritual_text/user.md
2025-03-09T09:01:12.6491488Z WARN no formatter for path: patterns/analyze_tech_impact/system.md
2025-03-09T09:01:12.6492295Z WARN no formatter for path: patterns/analyze_tech_impact/user.md
2025-03-09T09:01:12.6492972Z WARN no formatter for path: patterns/analyze_threat_report/system.md
2025-03-09T09:01:12.6493652Z WARN no formatter for path: patterns/analyze_threat_report/user.md
2025-03-09T09:01:12.6494354Z WARN no formatter for path: patterns/analyze_threat_report_cmds/system.md
2025-03-09T09:01:12.6495113Z WARN no formatter for path: patterns/analyze_threat_report_trends/system.md
2025-03-09T09:01:12.6495879Z WARN no formatter for path: patterns/analyze_threat_report_trends/user.md
2025-03-09T09:01:12.6496621Z WARN no formatter for path: patterns/answer_interview_question/system.md
2025-03-09T09:01:12.6497378Z WARN no formatter for path: patterns/ask_secure_by_design_questions/system.md
2025-03-09T09:01:12.6498087Z WARN no formatter for path: patterns/ask_uncle_duke/system.md
2025-03-09T09:01:12.6498750Z WARN no formatter for path: patterns/capture_thinkers_work/system.md
2025-03-09T09:01:12.6499409Z WARN no formatter for path: patterns/check_agreement/system.md
2025-03-09T09:01:12.6500032Z WARN no formatter for path: patterns/check_agreement/user.md
2025-03-09T09:01:12.6500628Z WARN no formatter for path: patterns/clean_text/system.md
2025-03-09T09:01:12.6501202Z WARN no formatter for path: patterns/clean_text/user.md
2025-03-09T09:01:12.6502078Z WARN no formatter for path: patterns/coding_master/system.md
2025-03-09T09:01:12.6503058Z WARN no formatter for path: patterns/compare_and_contrast/system.md
2025-03-09T09:01:12.6503945Z WARN no formatter for path: patterns/compare_and_contrast/user.md
2025-03-09T09:01:12.6504619Z WARN no formatter for path: patterns/convert_to_markdown/system.md
2025-03-09T09:01:12.6505323Z WARN no formatter for path: patterns/create_5_sentence_summary/system.md
2025-03-09T09:01:12.6506035Z WARN no formatter for path: patterns/create_academic_paper/system.md
2025-03-09T09:01:12.6507013Z WARN no formatter for path: patterns/create_ai_jobs_analysis/system.md
2025-03-09T09:01:12.6507688Z WARN no formatter for path: patterns/create_aphorisms/system.md
2025-03-09T09:01:12.6508320Z WARN no formatter for path: patterns/create_aphorisms/user.md
2025-03-09T09:01:12.6508956Z WARN no formatter for path: patterns/create_art_prompt/system.md
2025-03-09T09:01:12.6509647Z WARN no formatter for path: patterns/create_better_frame/system.md
2025-03-09T09:01:12.6510316Z WARN no formatter for path: patterns/create_better_frame/user.md
2025-03-09T09:01:12.6511008Z WARN no formatter for path: patterns/create_coding_project/README.md
2025-03-09T09:01:12.6511869Z WARN no formatter for path: patterns/create_coding_project/system.md
2025-03-09T09:01:12.6512354Z WARN no formatter for path: patterns/create_command/README.md
2025-03-09T09:01:12.6512729Z WARN no formatter for path: patterns/create_command/system.md
2025-03-09T09:01:12.6513084Z WARN no formatter for path: patterns/create_command/user.md
2025-03-09T09:01:12.6513569Z WARN no formatter for path: patterns/create_cyber_summary/system.md
2025-03-09T09:01:12.6514262Z WARN no formatter for path: patterns/create_design_document/system.md
2025-03-09T09:01:12.6514861Z WARN no formatter for path: patterns/create_diy/system.md
2025-03-09T09:01:12.6515419Z WARN no formatter for path: patterns/create_formal_email/system.md
2025-03-09T09:01:12.6516128Z WARN no formatter for path: patterns/create_git_diff_commit/README.md
2025-03-09T09:01:12.6516867Z WARN no formatter for path: patterns/create_git_diff_commit/system.md
2025-03-09T09:01:12.6517623Z WARN no formatter for path: patterns/create_graph_from_input/system.md
2025-03-09T09:01:12.6518429Z WARN no formatter for path: patterns/create_hormozi_offer/system.md
2025-03-09T09:01:12.6519185Z WARN no formatter for path: patterns/create_idea_compass/system.md
2025-03-09T09:01:12.6519993Z WARN no formatter for path: patterns/create_investigation_visualization/system.md
2025-03-09T09:01:12.6520790Z WARN no formatter for path: patterns/create_keynote/system.md
2025-03-09T09:01:12.6521503Z WARN no formatter for path: patterns/create_loe_document/system.md
2025-03-09T09:01:12.6522387Z WARN no formatter for path: patterns/create_logo/system.md
2025-03-09T09:01:12.6523031Z WARN no formatter for path: patterns/create_logo/user.md
2025-03-09T09:01:12.6523749Z WARN no formatter for path: patterns/create_markmap_visualization/system.md
2025-03-09T09:01:12.6524563Z WARN no formatter for path: patterns/create_mermaid_visualization/system.md
2025-03-09T09:01:12.6525430Z WARN no formatter for path: patterns/create_mermaid_visualization_for_github/system.md
2025-03-09T09:01:12.6526269Z WARN no formatter for path: patterns/create_micro_summary/system.md
2025-03-09T09:01:12.6527041Z WARN no formatter for path: patterns/create_network_threat_landscape/system.md
2025-03-09T09:01:12.6527865Z WARN no formatter for path: patterns/create_network_threat_landscape/user.md
2025-03-09T09:01:12.6528661Z WARN no formatter for path: patterns/create_newsletter_entry/system.md
2025-03-09T09:01:12.6529424Z WARN no formatter for path: patterns/create_newsletter_entry/user.md
2025-03-09T09:01:12.6530111Z WARN no formatter for path: patterns/create_npc/system.md
2025-03-09T09:01:12.6530728Z WARN no formatter for path: patterns/create_npc/user.md
2025-03-09T09:01:12.6531360Z WARN no formatter for path: patterns/create_pattern/system.md
2025-03-09T09:01:12.6532184Z WARN no formatter for path: patterns/create_prd/system.md
2025-03-09T09:01:12.6532874Z WARN no formatter for path: patterns/create_prediction_block/system.md
2025-03-09T09:01:12.6533573Z WARN no formatter for path: patterns/create_quiz/README.md
2025-03-09T09:01:12.6534415Z WARN no formatter for path: patterns/create_quiz/system.md
2025-03-09T09:01:12.6535103Z WARN no formatter for path: patterns/create_reading_plan/system.md
2025-03-09T09:01:12.6535975Z WARN no formatter for path: patterns/create_recursive_outline/system.md
2025-03-09T09:01:12.6536775Z WARN no formatter for path: patterns/create_report_finding/system.md
2025-03-09T09:01:12.6537716Z WARN no formatter for path: patterns/create_report_finding/user.md
2025-03-09T09:01:12.6538438Z WARN no formatter for path: patterns/create_rpg_summary/system.md
2025-03-09T09:01:12.6539164Z WARN no formatter for path: patterns/create_security_update/system.md
2025-03-09T09:01:12.6539900Z WARN no formatter for path: patterns/create_security_update/user.md
2025-03-09T09:01:12.6540606Z WARN no formatter for path: patterns/create_show_intro/system.md
2025-03-09T09:01:12.6541298Z WARN no formatter for path: patterns/create_sigma_rules/system.md
2025-03-09T09:01:12.6542220Z WARN no formatter for path: patterns/create_story_explanation/system.md
2025-03-09T09:01:12.6543006Z WARN no formatter for path: patterns/create_stride_threat_model/system.md
2025-03-09T09:01:12.6543786Z WARN no formatter for path: patterns/create_summary/system.md
2025-03-09T09:01:12.6544441Z WARN no formatter for path: patterns/create_tags/system.md
2025-03-09T09:01:12.6545141Z WARN no formatter for path: patterns/create_threat_scenarios/system.md
2025-03-09T09:01:12.6545874Z WARN no formatter for path: patterns/create_ttrc_graph/system.md
2025-03-09T09:01:12.6546591Z WARN no formatter for path: patterns/create_ttrc_narrative/system.md
2025-03-09T09:01:12.6547328Z WARN no formatter for path: patterns/create_upgrade_pack/system.md
2025-03-09T09:01:12.6548015Z WARN no formatter for path: patterns/create_user_story/system.md
2025-03-09T09:01:12.6548721Z WARN no formatter for path: patterns/create_video_chapters/system.md
2025-03-09T09:01:12.6549464Z WARN no formatter for path: patterns/create_video_chapters/user.md
2025-03-09T09:01:12.6550214Z WARN no formatter for path: patterns/create_visualization/system.md
2025-03-09T09:01:12.6550925Z WARN no formatter for path: patterns/dialog_with_socrates/system.md
2025-03-09T09:01:12.6551617Z WARN no formatter for path: patterns/enrich_blog_post/system.md
2025-03-09T09:01:12.6552466Z WARN no formatter for path: patterns/explain_code/system.md
2025-03-09T09:01:12.6553105Z WARN no formatter for path: patterns/explain_code/user.md
2025-03-09T09:01:12.6553730Z WARN no formatter for path: patterns/explain_docs/system.md
2025-03-09T09:01:12.6554351Z WARN no formatter for path: patterns/explain_docs/user.md
2025-03-09T09:01:12.6554976Z WARN no formatter for path: patterns/explain_math/README.md
2025-03-09T09:01:12.6555611Z WARN no formatter for path: patterns/explain_math/system.md
2025-03-09T09:01:12.6556258Z WARN no formatter for path: patterns/explain_project/system.md
2025-03-09T09:01:12.6556916Z WARN no formatter for path: patterns/explain_terms/system.md
2025-03-09T09:01:12.6557595Z WARN no formatter for path: patterns/export_data_as_csv/system.md
2025-03-09T09:01:12.6558418Z WARN no formatter for path: patterns/extract_algorithm_update_recommendations/system.md
2025-03-09T09:01:12.6559383Z WARN no formatter for path: patterns/extract_algorithm_update_recommendations/user.md
2025-03-09T09:01:12.6560235Z WARN no formatter for path: patterns/extract_article_wisdom/README.md
2025-03-09T09:01:12.6561153Z WARN no formatter for path: patterns/extract_article_wisdom/dmiessler/extract_wisdom-1.0.0/system.md
2025-03-09T09:01:12.6562446Z WARN no formatter for path: patterns/extract_article_wisdom/dmiessler/extract_wisdom-1.0.0/user.md
2025-03-09T09:01:12.6563338Z WARN no formatter for path: patterns/extract_article_wisdom/system.md
2025-03-09T09:01:12.6564047Z WARN no formatter for path: patterns/extract_article_wisdom/user.md
2025-03-09T09:01:12.6564731Z WARN no formatter for path: patterns/extract_book_ideas/system.md
2025-03-09T09:01:12.6565475Z WARN no formatter for path: patterns/extract_book_recommendations/system.md
2025-03-09T09:01:12.6566456Z WARN no formatter for path: patterns/extract_business_ideas/system.md
2025-03-09T09:01:12.6567243Z WARN no formatter for path: patterns/extract_controversial_ideas/system.md
2025-03-09T09:01:12.6568008Z WARN no formatter for path: patterns/extract_core_message/system.md
2025-03-09T09:01:12.6568746Z WARN no formatter for path: patterns/extract_ctf_writeup/README.md
2025-03-09T09:01:12.6569692Z WARN no formatter for path: patterns/extract_ctf_writeup/system.md
2025-03-09T09:01:12.6570387Z WARN no formatter for path: patterns/extract_domains/system.md
2025-03-09T09:01:12.6571131Z WARN no formatter for path: patterns/extract_extraordinary_claims/system.md
2025-03-09T09:01:12.6572157Z WARN no formatter for path: patterns/extract_ideas/system.md
2025-03-09T09:01:12.6572797Z WARN no formatter for path: patterns/extract_insights/system.md
2025-03-09T09:01:12.6573455Z WARN no formatter for path: patterns/extract_insights_dm/system.md
2025-03-09T09:01:12.6574139Z WARN no formatter for path: patterns/extract_instructions/system.md
2025-03-09T09:01:12.6574788Z WARN no formatter for path: patterns/extract_jokes/system.md
2025-03-09T09:01:12.6575427Z WARN no formatter for path: patterns/extract_latest_video/system.md
2025-03-09T09:01:12.6576084Z WARN no formatter for path: patterns/extract_main_idea/system.md
2025-03-09T09:01:12.6576784Z WARN no formatter for path: patterns/extract_most_redeeming_thing/system.md
2025-03-09T09:01:12.6577495Z WARN no formatter for path: patterns/extract_patterns/system.md
2025-03-09T09:01:12.6578114Z WARN no formatter for path: patterns/extract_poc/system.md
2025-03-09T09:01:12.6578697Z WARN no formatter for path: patterns/extract_poc/user.md
2025-03-09T09:01:12.6579311Z WARN no formatter for path: patterns/extract_predictions/system.md
2025-03-09T09:01:12.6579994Z WARN no formatter for path: patterns/extract_primary_problem/system.md
2025-03-09T09:01:12.6580706Z WARN no formatter for path: patterns/extract_primary_solution/system.md
2025-03-09T09:01:12.6581419Z WARN no formatter for path: patterns/extract_product_features/README.md
2025-03-09T09:01:12.6582448Z WARN no formatter for path: patterns/extract_product_features/dmiessler/extract_wisdom-1.0.0/system.md
2025-03-09T09:01:12.6583583Z WARN no formatter for path: patterns/extract_product_features/dmiessler/extract_wisdom-1.0.0/user.md
2025-03-09T09:01:12.6584577Z WARN no formatter for path: patterns/extract_product_features/system.md
2025-03-09T09:01:12.6585344Z WARN no formatter for path: patterns/extract_questions/system.md
2025-03-09T09:01:12.6586272Z WARN no formatter for path: patterns/extract_recipe/README.md
2025-03-09T09:01:12.6587051Z WARN no formatter for path: patterns/extract_recipe/system.md
2025-03-09T09:01:12.6588023Z WARN no formatter for path: patterns/extract_recommendations/system.md
2025-03-09T09:01:12.6588871Z WARN no formatter for path: patterns/extract_recommendations/user.md
2025-03-09T09:01:12.6589694Z WARN no formatter for path: patterns/extract_references/system.md
2025-03-09T09:01:12.6590634Z WARN no formatter for path: patterns/extract_references/user.md
2025-03-09T09:01:12.6591452Z WARN no formatter for path: patterns/extract_skills/system.md
2025-03-09T09:01:12.6606320Z WARN no formatter for path: patterns/extract_song_meaning/system.md
2025-03-09T09:01:12.6607231Z WARN no formatter for path: patterns/extract_sponsors/system.md
2025-03-09T09:01:12.6608100Z WARN no formatter for path: patterns/extract_videoid/system.md
2025-03-09T09:01:12.6688079Z WARN no formatter for path: patterns/extract_videoid/user.md
2025-03-09T09:01:12.6688706Z WARN no formatter for path: patterns/extract_wisdom/README.md
2025-03-09T09:01:12.6689513Z WARN no formatter for path: patterns/extract_wisdom/dmiessler/extract_wisdom-1.0.0/system.md
2025-03-09T09:01:12.6690368Z WARN no formatter for path: patterns/extract_wisdom/dmiessler/extract_wisdom-1.0.0/user.md
2025-03-09T09:01:12.6691067Z WARN no formatter for path: patterns/extract_wisdom/system.md
2025-03-09T09:01:12.6692216Z WARN no formatter for path: patterns/extract_wisdom_agents/system.md
2025-03-09T09:01:12.6692968Z WARN no formatter for path: patterns/extract_wisdom_dm/system.md
2025-03-09T09:01:12.6693691Z WARN no formatter for path: patterns/extract_wisdom_nometa/system.md
2025-03-09T09:01:12.6694402Z WARN no formatter for path: patterns/find_hidden_message/system.md
2025-03-09T09:01:12.6695119Z WARN no formatter for path: patterns/find_logical_fallacies/system.md
2025-03-09T09:01:12.6696105Z WARN no formatter for path: patterns/get_wow_per_minute/system.md
2025-03-09T09:01:12.6696797Z WARN no formatter for path: patterns/get_youtube_rss/system.md
2025-03-09T09:01:12.6697422Z WARN no formatter for path: patterns/humanize/README.md
2025-03-09T09:01:12.6698036Z WARN no formatter for path: patterns/humanize/system.md
2025-03-09T09:01:12.6698732Z WARN no formatter for path: patterns/identify_dsrp_distinctions/system.md
2025-03-09T09:01:12.6699530Z WARN no formatter for path: patterns/identify_dsrp_perspectives/system.md
2025-03-09T09:01:12.6700341Z WARN no formatter for path: patterns/identify_dsrp_relationships/system.md
2025-03-09T09:01:12.6701135Z WARN no formatter for path: patterns/identify_dsrp_systems/system.md
2025-03-09T09:01:12.6702093Z WARN no formatter for path: patterns/identify_job_stories/system.md
2025-03-09T09:01:12.6702856Z WARN no formatter for path: patterns/improve_academic_writing/system.md
2025-03-09T09:01:12.6703647Z WARN no formatter for path: patterns/improve_academic_writing/user.md
2025-03-09T09:01:12.6704370Z WARN no formatter for path: patterns/improve_prompt/system.md
2025-03-09T09:01:12.6705081Z WARN no formatter for path: patterns/improve_report_finding/system.md
2025-03-09T09:01:12.6705795Z WARN no formatter for path: patterns/improve_report_finding/user.md
2025-03-09T09:01:12.6706468Z WARN no formatter for path: patterns/improve_writing/system.md
2025-03-09T09:01:12.6707132Z WARN no formatter for path: patterns/improve_writing/user.md
2025-03-09T09:01:12.6707785Z WARN no formatter for path: patterns/judge_output/system.md
2025-03-09T09:01:12.6708447Z WARN no formatter for path: patterns/label_and_rate/system.md
2025-03-09T09:01:12.6709085Z WARN no formatter for path: patterns/md_callout/system.md
2025-03-09T09:01:12.6709789Z WARN no formatter for path: patterns/official_pattern_template/system.md
2025-03-09T09:01:12.6710532Z WARN no formatter for path: patterns/pattern_explanations.md
2025-03-09T09:01:12.6711241Z WARN no formatter for path: patterns/prepare_7s_strategy/system.md
2025-03-09T09:01:12.6712136Z WARN no formatter for path: patterns/provide_guidance/system.md
2025-03-09T09:01:12.6712800Z WARN no formatter for path: patterns/rate_ai_response/system.md
2025-03-09T09:01:12.6713463Z WARN no formatter for path: patterns/rate_ai_result/system.md
2025-03-09T09:01:12.6714125Z WARN no formatter for path: patterns/rate_content/system.md
2025-03-09T09:01:12.6714750Z WARN no formatter for path: patterns/rate_content/user.md
2025-03-09T09:01:12.6715367Z WARN no formatter for path: patterns/rate_value/README.md
2025-03-09T09:01:12.6715998Z WARN no formatter for path: patterns/rate_value/system.md
2025-03-09T09:01:12.6716605Z WARN no formatter for path: patterns/rate_value/user.md
2025-03-09T09:01:12.6717214Z WARN no formatter for path: patterns/raw_query/system.md
2025-03-09T09:01:12.6717881Z WARN no formatter for path: patterns/raycast/capture_thinkers_work
2025-03-09T09:01:12.6718613Z WARN no formatter for path: patterns/raycast/create_story_explanation
2025-03-09T09:01:12.6719368Z WARN no formatter for path: patterns/raycast/extract_primary_problem
2025-03-09T09:01:12.6720073Z WARN no formatter for path: patterns/raycast/extract_wisdom
2025-03-09T09:01:12.6720667Z WARN no formatter for path: patterns/raycast/yt
2025-03-09T09:01:12.6721272Z WARN no formatter for path: patterns/recommend_artists/system.md
2025-03-09T09:01:12.6722190Z WARN no formatter for path: patterns/recommend_pipeline_upgrades/system.md
2025-03-09T09:01:12.6722987Z WARN no formatter for path: patterns/recommend_talkpanel_topics/system.md
2025-03-09T09:01:12.6723978Z WARN no formatter for path: patterns/refine_design_document/system.md
2025-03-09T09:01:12.6724690Z WARN no formatter for path: patterns/review_design/system.md
2025-03-09T09:01:12.6725430Z WARN no formatter for path: patterns/sanitize_broken_html_to_markdown/system.md
2025-03-09T09:01:12.6726255Z WARN no formatter for path: patterns/show_fabric_options_markmap/system.md
2025-03-09T09:01:12.6727210Z WARN no formatter for path: patterns/solve_with_cot/system.md
2025-03-09T09:01:12.6727888Z WARN no formatter for path: patterns/suggest_pattern/system.md
2025-03-09T09:01:12.6728556Z WARN no formatter for path: patterns/suggest_pattern/user.md
2025-03-09T09:01:12.6729297Z WARN no formatter for path: patterns/summarize/dmiessler/summarize/system.md
2025-03-09T09:01:12.6730110Z WARN no formatter for path: patterns/summarize/dmiessler/summarize/user.md
2025-03-09T09:01:12.6730827Z WARN no formatter for path: patterns/summarize/system.md
2025-03-09T09:01:12.6731436Z WARN no formatter for path: patterns/summarize/user.md
2025-03-09T09:01:12.6732243Z WARN no formatter for path: patterns/summarize_debate/system.md
2025-03-09T09:01:12.6732935Z WARN no formatter for path: patterns/summarize_git_changes/system.md
2025-03-09T09:01:12.6733657Z WARN no formatter for path: patterns/summarize_git_diff/system.md
2025-03-09T09:01:12.6734377Z WARN no formatter for path: patterns/summarize_lecture/system.md
2025-03-09T09:01:12.6735113Z WARN no formatter for path: patterns/summarize_legislation/system.md
2025-03-09T09:01:12.6735822Z WARN no formatter for path: patterns/summarize_meeting/system.md
2025-03-09T09:01:12.6736510Z WARN no formatter for path: patterns/summarize_micro/system.md
2025-03-09T09:01:12.6737175Z WARN no formatter for path: patterns/summarize_micro/user.md
2025-03-09T09:01:12.6737865Z WARN no formatter for path: patterns/summarize_newsletter/system.md
2025-03-09T09:01:12.6738583Z WARN no formatter for path: patterns/summarize_newsletter/user.md
2025-03-09T09:01:12.6739276Z WARN no formatter for path: patterns/summarize_paper/README.md
2025-03-09T09:01:12.6739953Z WARN no formatter for path: patterns/summarize_paper/system.md
2025-03-09T09:01:12.6740615Z WARN no formatter for path: patterns/summarize_paper/user.md
2025-03-09T09:01:12.6741272Z WARN no formatter for path: patterns/summarize_prompt/system.md
2025-03-09T09:01:12.6742161Z WARN no formatter for path: patterns/summarize_pull-requests/system.md
2025-03-09T09:01:12.6742944Z WARN no formatter for path: patterns/summarize_pull-requests/user.md
2025-03-09T09:01:12.6743669Z WARN no formatter for path: patterns/summarize_rpg_session/system.md
2025-03-09T09:01:12.6744327Z WARN no formatter for path: patterns/t_analyze_challenge_handling/system.md
2025-03-09T09:01:12.6744964Z WARN no formatter for path: patterns/t_check_metrics/system.md
2025-03-09T09:01:12.6745549Z WARN no formatter for path: patterns/t_create_h3_career/system.md
2025-03-09T09:01:12.6746180Z WARN no formatter for path: patterns/t_create_opening_sentences/system.md
2025-03-09T09:01:12.6746843Z WARN no formatter for path: patterns/t_describe_life_outlook/system.md
2025-03-09T09:01:12.6747491Z WARN no formatter for path: patterns/t_extract_intro_sentences/system.md
2025-03-09T09:01:12.6748142Z WARN no formatter for path: patterns/t_extract_panel_topics/system.md
2025-03-09T09:01:12.6748758Z WARN no formatter for path: patterns/t_find_blindspots/system.md
2025-03-09T09:01:12.6749381Z WARN no formatter for path: patterns/t_find_negative_thinking/system.md
2025-03-09T09:01:12.6750028Z WARN no formatter for path: patterns/t_find_neglected_goals/system.md
2025-03-09T09:01:12.6750648Z WARN no formatter for path: patterns/t_give_encouragement/system.md
2025-03-09T09:01:12.6751263Z WARN no formatter for path: patterns/t_red_team_thinking/system.md
2025-03-09T09:01:12.6752023Z WARN no formatter for path: patterns/t_threat_model_plans/system.md
2025-03-09T09:01:12.6752737Z WARN no formatter for path: patterns/t_visualize_mission_goals_projects/system.md
2025-03-09T09:01:12.6753588Z WARN no formatter for path: patterns/t_year_in_review/system.md
2025-03-09T09:01:12.6754189Z WARN no formatter for path: patterns/to_flashcards/system.md
2025-03-09T09:01:12.6754822Z WARN no formatter for path: patterns/transcribe_minutes/README.md
2025-03-09T09:01:12.6755525Z WARN no formatter for path: patterns/transcribe_minutes/system.md
2025-03-09T09:01:12.6756184Z WARN no formatter for path: patterns/translate/system.md
2025-03-09T09:01:12.6756975Z WARN no formatter for path: patterns/tweet/system.md
2025-03-09T09:01:12.6757576Z WARN no formatter for path: patterns/write_essay/system.md
2025-03-09T09:01:12.6758312Z WARN no formatter for path: patterns/write_hackerone_report/README.md
2025-03-09T09:01:12.6759052Z WARN no formatter for path: patterns/write_hackerone_report/system.md
2025-03-09T09:01:12.6759724Z WARN no formatter for path: patterns/write_latex/system.md
2025-03-09T09:01:12.6760345Z WARN no formatter for path: patterns/write_micro_essay/system.md
2025-03-09T09:01:12.6761051Z WARN no formatter for path: patterns/write_nuclei_template_rule/system.md
2025-03-09T09:01:12.6761982Z WARN no formatter for path: patterns/write_nuclei_template_rule/user.md
2025-03-09T09:01:12.6762707Z WARN no formatter for path: patterns/write_pull-request/system.md
2025-03-09T09:01:12.6763391Z WARN no formatter for path: patterns/write_semgrep_rule/system.md
2025-03-09T09:01:12.6764074Z WARN no formatter for path: patterns/write_semgrep_rule/user.md
2025-03-09T09:01:12.6764479Z WARN no formatter for path: patterns/youtube_summary/system.md
2025-03-09T09:01:12.6765016Z WARN no formatter for path: plugins/template/Examples/README.md
2025-03-09T09:01:12.6765423Z WARN no formatter for path: plugins/template/Examples/memories.db
2025-03-09T09:01:12.6766198Z WARN no formatter for path: plugins/template/Examples/remote-security-report.sh
2025-03-09T09:01:12.6767096Z WARN no formatter for path: plugins/template/Examples/remote-security-report.yaml
2025-03-09T09:01:12.6767960Z WARN no formatter for path: plugins/template/Examples/security-report.sh
2025-03-09T09:01:12.6768772Z WARN no formatter for path: plugins/template/Examples/security-report.yaml
2025-03-09T09:01:12.6769564Z WARN no formatter for path: plugins/template/Examples/sqlite3_demo.yaml
2025-03-09T09:01:12.6770121Z WARN no formatter for path: plugins/template/Examples/test_pattern.md
2025-03-09T09:01:12.6770678Z WARN no formatter for path: plugins/template/Examples/track_packages.sh
2025-03-09T09:01:12.6771218Z WARN no formatter for path: plugins/template/Examples/word-generator.py
2025-03-09T09:01:12.6771871Z WARN no formatter for path: plugins/template/Examples/word-generator.yaml
2025-03-09T09:01:12.6772451Z WARN no formatter for path: plugins/template/README.md
2025-03-09T09:01:12.6772908Z WARN no formatter for path: plugins/template/datetime.md
2025-03-09T09:01:12.6773253Z WARN no formatter for path: plugins/template/fetch.md
2025-03-09T09:01:12.6773769Z WARN no formatter for path: plugins/template/file.md
2025-03-09T09:01:12.6774316Z WARN no formatter for path: plugins/template/sys.md
2025-03-09T09:01:12.6774889Z WARN no formatter for path: plugins/template/text.md
2025-03-09T09:01:12.6775452Z WARN no formatter for path: setup_fabric.bat
2025-03-09T09:01:12.6776089Z WARN no formatter for path: stitches/rate_ai_result/rate_ai_result.txt
2025-03-09T09:01:12.6776820Z WARN no formatter for path: stitches/rate_ai_result/readme.md
2025-03-09T09:01:12.6777400Z WARN no formatter for path: streamlit.py
2025-03-09T09:01:12.6777882Z WARN no formatter for path: system.md
2025-03-09T09:01:12.6778397Z WARN no formatter for path: web/.github/dependabot.yml
2025-03-09T09:01:12.6778917Z WARN no formatter for path: web/.npmrc
2025-03-09T09:01:12.6779395Z WARN no formatter for path: web/.prettierignore
2025-03-09T09:01:12.6779890Z WARN no formatter for path: web/.prettierrc
2025-03-09T09:01:12.6780407Z WARN no formatter for path: web/.vscode/settings.json
2025-03-09T09:01:12.6780922Z WARN no formatter for path: web/README.md
2025-03-09T09:01:12.6781419Z WARN no formatter for path: web/STD-README.md
2025-03-09T09:01:12.6782609Z WARN no formatter for path: web/Web Interface Update README Files/enhanced-pattern-selection-update.md
2025-03-09T09:01:12.6783624Z WARN no formatter for path: web/Web Interface Update README Files/language-options.md
2025-03-09T09:01:12.6785184Z WARN no formatter for path: web/Web Interface Update README Files/pattern-search-implementation.md
2025-03-09T09:01:12.6786750Z WARN no formatter for path: web/Web Interface Update README Files/pr-1284-update.md
2025-03-09T09:01:12.6788073Z WARN no formatter for path: web/Web Interface Update README Files/pr-1319_PDF_TO_MARKDOWN_README.md
2025-03-09T09:01:12.6790977Z WARN no formatter for path: web/eslint.config.js
2025-03-09T09:01:12.6791918Z WARN no formatter for path: web/jsconfig.json
2025-03-09T09:01:12.6792974Z WARN no formatter for path: web/my-custom-theme.ts
2025-03-09T09:01:12.6793743Z WARN no formatter for path: web/myfiles/Fabric_obsidian/.gitkeep
2025-03-09T09:01:12.6794378Z WARN no formatter for path: web/myfiles/inbox/.gitkeep
2025-03-09T09:01:12.6794932Z WARN no formatter for path: web/package.json
2025-03-09T09:01:12.6795452Z WARN no formatter for path: web/pnpm-lock.yaml
2025-03-09T09:01:12.6795990Z WARN no formatter for path: web/postcss.config.cjs
2025-03-09T09:01:12.6796535Z WARN no formatter for path: web/postcss.config.js
2025-03-09T09:01:12.6797126Z WARN no formatter for path: web/rollup.config.js
2025-03-09T09:01:12.6797725Z WARN no formatter for path: web/src/app.css
2025-03-09T09:01:12.6798298Z WARN no formatter for path: web/src/app.d.ts
2025-03-09T09:01:12.6798805Z WARN no formatter for path: web/src/app.html
2025-03-09T09:01:12.6799312Z WARN no formatter for path: web/src/app.postcss
2025-03-09T09:01:12.6799821Z WARN no formatter for path: web/src/index.test.ts
2025-03-09T09:01:12.6800426Z WARN no formatter for path: web/src/lib/actions/clickOutside.ts
2025-03-09T09:01:12.6801055Z WARN no formatter for path: web/src/lib/api/base.ts
2025-03-09T09:01:12.6801966Z WARN no formatter for path: web/src/lib/api/config.ts
2025-03-09T09:01:12.6802541Z WARN no formatter for path: web/src/lib/api/contexts.ts
2025-03-09T09:01:12.6803106Z WARN no formatter for path: web/src/lib/api/models.ts
2025-03-09T09:01:12.6803723Z WARN no formatter for path: web/src/lib/components/chat/Chat.svelte
2025-03-09T09:01:12.6804468Z WARN no formatter for path: web/src/lib/components/chat/ChatInput.svelte
2025-03-09T09:01:12.6805283Z WARN no formatter for path: web/src/lib/components/chat/ChatMessages.svelte
2025-03-09T09:01:12.6806171Z WARN no formatter for path: web/src/lib/components/chat/DropdownGroup.svelte
2025-03-09T09:01:12.6807057Z WARN no formatter for path: web/src/lib/components/chat/ModelConfig.svelte
2025-03-09T09:01:12.6807826Z WARN no formatter for path: web/src/lib/components/chat/Models.svelte
2025-03-09T09:01:12.6808560Z WARN no formatter for path: web/src/lib/components/chat/Patterns.svelte
2025-03-09T09:01:12.6809356Z WARN no formatter for path: web/src/lib/components/chat/SessionManager.svelte
2025-03-09T09:01:12.6810180Z WARN no formatter for path: web/src/lib/components/chat/Transcripts.svelte
2025-03-09T09:01:12.6810921Z WARN no formatter for path: web/src/lib/components/contact/Contact.svelte
2025-03-09T09:01:12.6811844Z WARN no formatter for path: web/src/lib/components/home/Footer.svelte
2025-03-09T09:01:12.6812590Z WARN no formatter for path: web/src/lib/components/home/Header.svelte
2025-03-09T09:01:12.6813402Z WARN no formatter for path: web/src/lib/components/patterns/PatternList.svelte
2025-03-09T09:01:12.6814280Z WARN no formatter for path: web/src/lib/components/patterns/TagFilterPanel.svelte
2025-03-09T09:01:12.6815099Z WARN no formatter for path: web/src/lib/components/posts/PostCard.svelte
2025-03-09T09:01:12.6815880Z WARN no formatter for path: web/src/lib/components/posts/PostContent.svelte
2025-03-09T09:01:12.6816691Z WARN no formatter for path: web/src/lib/components/posts/PostLayout.svelte
2025-03-09T09:01:12.6817458Z WARN no formatter for path: web/src/lib/components/posts/PostMeta.svelte
2025-03-09T09:01:12.6818521Z WARN no formatter for path: web/src/lib/components/posts/post-interface.ts
2025-03-09T09:01:12.6819367Z WARN no formatter for path: web/src/lib/components/settings/LanguageSelector.svelte
2025-03-09T09:01:12.6820224Z WARN no formatter for path: web/src/lib/components/terminal/Terminal.svelte
2025-03-09T09:01:12.6821024Z WARN no formatter for path: web/src/lib/components/ui/button/button.svelte
2025-03-09T09:01:12.6822164Z WARN no formatter for path: web/src/lib/components/ui/button/index.js
2025-03-09T09:01:12.6823005Z WARN no formatter for path: web/src/lib/components/ui/buymeacoffee/BuyMeCoffee.svelte
2025-03-09T09:01:12.6823851Z WARN no formatter for path: web/src/lib/components/ui/cards/card.svelte
2025-03-09T09:01:12.6824675Z WARN no formatter for path: web/src/lib/components/ui/checkbox/Checkbox.svelte
2025-03-09T09:01:12.6825464Z WARN no formatter for path: web/src/lib/components/ui/checkbox/index.ts
2025-03-09T09:01:12.6826292Z WARN no formatter for path: web/src/lib/components/ui/connections/Connections.svelte
2025-03-09T09:01:12.6827237Z WARN no formatter for path: web/src/lib/components/ui/connections/ParticleSystem.ts
2025-03-09T09:01:12.6828094Z WARN no formatter for path: web/src/lib/components/ui/connections/canvas.ts
2025-03-09T09:01:12.6828896Z WARN no formatter for path: web/src/lib/components/ui/connections/colors.ts
2025-03-09T09:01:12.6829715Z WARN no formatter for path: web/src/lib/components/ui/connections/particle.ts
2025-03-09T09:01:12.6830554Z WARN no formatter for path: web/src/lib/components/ui/help/HelpModal.svelte
2025-03-09T09:01:12.6831345Z WARN no formatter for path: web/src/lib/components/ui/input/Input.svelte
2025-03-09T09:01:12.6832254Z WARN no formatter for path: web/src/lib/components/ui/input/index.ts
2025-03-09T09:01:12.6832990Z WARN no formatter for path: web/src/lib/components/ui/label/index.js
2025-03-09T09:01:12.6833740Z WARN no formatter for path: web/src/lib/components/ui/label/label.svelte
2025-03-09T09:01:12.6834501Z WARN no formatter for path: web/src/lib/components/ui/modal/Modal.svelte
2025-03-09T09:01:12.6835361Z WARN no formatter for path: web/src/lib/components/ui/modal/PatternTilesModal.svelte
2025-03-09T09:01:12.6836259Z WARN no formatter for path: web/src/lib/components/ui/noteDrawer/NoteDrawer.svelte
2025-03-09T09:01:12.6837044Z WARN no formatter for path: web/src/lib/components/ui/select/index.js
2025-03-09T09:01:12.6837849Z WARN no formatter for path: web/src/lib/components/ui/select/select-content.svelte
2025-03-09T09:01:12.6838730Z WARN no formatter for path: web/src/lib/components/ui/select/select-item.svelte
2025-03-09T09:01:12.6839592Z WARN no formatter for path: web/src/lib/components/ui/select/select-label.svelte
2025-03-09T09:01:12.6840485Z WARN no formatter for path: web/src/lib/components/ui/select/select-separator.svelte
2025-03-09T09:01:12.6841386Z WARN no formatter for path: web/src/lib/components/ui/select/select-trigger.svelte
2025-03-09T09:01:12.6842462Z WARN no formatter for path: web/src/lib/components/ui/select/select-value.svelte
2025-03-09T09:01:12.6843312Z WARN no formatter for path: web/src/lib/components/ui/select/select.svelte
2025-03-09T09:01:12.6844076Z WARN no formatter for path: web/src/lib/components/ui/slider/index.js
2025-03-09T09:01:12.6844835Z WARN no formatter for path: web/src/lib/components/ui/slider/slider.svelte
2025-03-09T09:01:12.6845644Z WARN no formatter for path: web/src/lib/components/ui/spinner/spinner.svelte
2025-03-09T09:01:12.6846479Z WARN no formatter for path: web/src/lib/components/ui/tagSearch/TagList.svelte
2025-03-09T09:01:12.6847325Z WARN no formatter for path: web/src/lib/components/ui/tagSearch/TagSearch.svelte
2025-03-09T09:01:12.6848128Z WARN no formatter for path: web/src/lib/components/ui/textarea/index.js
2025-03-09T09:01:12.6848920Z WARN no formatter for path: web/src/lib/components/ui/textarea/textarea.svelte
2025-03-09T09:01:12.6849727Z WARN no formatter for path: web/src/lib/components/ui/toast/Toast.svelte
2025-03-09T09:01:12.6850555Z WARN no formatter for path: web/src/lib/components/ui/toast/ToastContainer.svelte
2025-03-09T09:01:12.6851591Z WARN no formatter for path: web/src/lib/components/ui/toc/Toc.svelte
2025-03-09T09:01:12.6852586Z WARN no formatter for path: web/src/lib/components/ui/tooltip/Tooltip.svelte
2025-03-09T09:01:12.6853337Z WARN no formatter for path: web/src/lib/config/features.ts
2025-03-09T09:01:12.6854017Z WARN no formatter for path: web/src/lib/content/.obsidian/app.json
2025-03-09T09:01:12.6854965Z WARN no formatter for path: web/src/lib/content/.obsidian/appearance.json
2025-03-09T09:01:12.6855756Z WARN no formatter for path: web/src/lib/content/.obsidian/core-plugins.json
2025-03-09T09:01:12.6856532Z WARN no formatter for path: web/src/lib/content/.obsidian/templates.json
2025-03-09T09:01:12.6857255Z WARN no formatter for path: web/src/lib/content/.obsidian/types.json
2025-03-09T09:01:12.6857968Z WARN no formatter for path: web/src/lib/content/.obsidian/workspace.json
2025-03-09T09:01:12.6858767Z WARN no formatter for path: web/src/lib/content/posts/extract_wisdom.md
2025-03-09T09:01:12.6859474Z WARN no formatter for path: web/src/lib/content/posts/faq.md
2025-03-09T09:01:12.6860155Z WARN no formatter for path: web/src/lib/content/posts/obsidian.md
2025-03-09T09:01:12.6860848Z WARN no formatter for path: web/src/lib/content/posts/opinion.md
2025-03-09T09:01:12.6861574Z WARN no formatter for path: web/src/lib/content/posts/personal-story.md
2025-03-09T09:01:12.6862498Z WARN no formatter for path: web/src/lib/content/posts/product-review.md
2025-03-09T09:01:12.6863221Z WARN no formatter for path: web/src/lib/content/posts/resources.md
2025-03-09T09:01:12.6863954Z WARN no formatter for path: web/src/lib/content/posts/tips-n-tricks.md
2025-03-09T09:01:12.6864678Z WARN no formatter for path: web/src/lib/content/posts/tutorial.md
2025-03-09T09:01:12.6865464Z WARN no formatter for path: web/src/lib/content/posts/using-svelte-in-markdown.md
2025-03-09T09:01:12.6866262Z WARN no formatter for path: web/src/lib/content/posts/welcome.md
2025-03-09T09:01:12.6866993Z WARN no formatter for path: web/src/lib/content/templates/{{title}}.md
2025-03-09T09:01:12.6867764Z WARN no formatter for path: web/src/lib/interfaces/LanguageDisplay.svelte
2025-03-09T09:01:12.6868536Z WARN no formatter for path: web/src/lib/interfaces/chat-interface.ts
2025-03-09T09:01:12.6869284Z WARN no formatter for path: web/src/lib/interfaces/context-interface.ts
2025-03-09T09:01:12.6870039Z WARN no formatter for path: web/src/lib/interfaces/model-interface.ts
2025-03-09T09:01:12.6870785Z WARN no formatter for path: web/src/lib/interfaces/pattern-interface.ts
2025-03-09T09:01:12.6871517Z WARN no formatter for path: web/src/lib/interfaces/session-interface.ts
2025-03-09T09:01:12.6872421Z WARN no formatter for path: web/src/lib/interfaces/storage-interface.ts
2025-03-09T09:01:12.6873125Z WARN no formatter for path: web/src/lib/services/ChatService.ts
2025-03-09T09:01:12.6873889Z WARN no formatter for path: web/src/lib/services/PdfConversionService.ts
2025-03-09T09:01:12.6874640Z WARN no formatter for path: web/src/lib/services/toast-service.ts
2025-03-09T09:01:12.6875369Z WARN no formatter for path: web/src/lib/services/transcriptService.ts
2025-03-09T09:01:12.6876074Z WARN no formatter for path: web/src/lib/store/chat-config.ts
2025-03-09T09:01:12.6876720Z WARN no formatter for path: web/src/lib/store/chat-store.ts
2025-03-09T09:01:12.6877378Z WARN no formatter for path: web/src/lib/store/favorites-store.ts
2025-03-09T09:01:12.6878081Z WARN no formatter for path: web/src/lib/store/language-store.ts
2025-03-09T09:01:12.6878747Z WARN no formatter for path: web/src/lib/store/model-store.ts
2025-03-09T09:01:12.6879384Z WARN no formatter for path: web/src/lib/store/note-store.ts
2025-03-09T09:01:12.6880042Z WARN no formatter for path: web/src/lib/store/obsidian-store.ts
2025-03-09T09:01:12.6880710Z WARN no formatter for path: web/src/lib/store/pattern-store.ts
2025-03-09T09:01:12.6881377Z WARN no formatter for path: web/src/lib/store/session-store.ts
2025-03-09T09:01:12.6882222Z WARN no formatter for path: web/src/lib/store/theme-store.ts
2025-03-09T09:01:12.6883050Z WARN no formatter for path: web/src/lib/store/toast-store.ts
2025-03-09T09:01:12.6883690Z WARN no formatter for path: web/src/lib/types/index.ts
2025-03-09T09:01:12.6884295Z WARN no formatter for path: web/src/lib/utils/file-utils.ts
2025-03-09T09:01:12.6884911Z WARN no formatter for path: web/src/lib/utils/markdown.ts
2025-03-09T09:01:12.6885510Z WARN no formatter for path: web/src/lib/utils/utils.ts
2025-03-09T09:01:12.6886306Z WARN no formatter for path: web/src/lib/utils/validators.ts
2025-03-09T09:01:12.6886947Z WARN no formatter for path: web/src/routes/+layout.svelte
2025-03-09T09:01:12.6887547Z WARN no formatter for path: web/src/routes/+layout.ts
2025-03-09T09:01:12.6888137Z WARN no formatter for path: web/src/routes/+page.svelte
2025-03-09T09:01:12.6888718Z WARN no formatter for path: web/src/routes/+page.ts
2025-03-09T09:01:12.6889329Z WARN no formatter for path: web/src/routes/about/+error.svelte
2025-03-09T09:01:12.6889985Z WARN no formatter for path: web/src/routes/about/+page.svelte
2025-03-09T09:01:12.6890613Z WARN no formatter for path: web/src/routes/about/+page.ts
2025-03-09T09:01:12.6891236Z WARN no formatter for path: web/src/routes/about/README.md
2025-03-09T09:01:12.6892183Z WARN no formatter for path: web/src/routes/api/youtube/transcript/+server.ts
2025-03-09T09:01:12.6892932Z WARN no formatter for path: web/src/routes/chat/+layout.svelte
2025-03-09T09:01:12.6893604Z WARN no formatter for path: web/src/routes/chat/+page.svelte
2025-03-09T09:01:12.6894240Z WARN no formatter for path: web/src/routes/chat/+page.ts
2025-03-09T09:01:12.6894868Z WARN no formatter for path: web/src/routes/chat/+server.ts
2025-03-09T09:01:12.6895529Z WARN no formatter for path: web/src/routes/contact/+error.svelte
2025-03-09T09:01:12.6896228Z WARN no formatter for path: web/src/routes/contact/+page.svelte
2025-03-09T09:01:12.6896894Z WARN no formatter for path: web/src/routes/contact/+page.ts
2025-03-09T09:01:12.6897535Z WARN no formatter for path: web/src/routes/contact/contact.md
2025-03-09T09:01:12.6898187Z WARN no formatter for path: web/src/routes/notes/+server.ts
2025-03-09T09:01:12.6898831Z WARN no formatter for path: web/src/routes/obsidian/+server.ts
2025-03-09T09:01:12.6899497Z WARN no formatter for path: web/src/routes/posts/+error.svelte
2025-03-09T09:01:12.6900157Z WARN no formatter for path: web/src/routes/posts/+page.svelte
2025-03-09T09:01:12.6900821Z WARN no formatter for path: web/src/routes/posts/+page.ts
2025-03-09T09:01:12.6901469Z WARN no formatter for path: web/src/routes/posts/Search.svelte
2025-03-09T09:01:12.6902461Z WARN no formatter for path: web/src/routes/posts/[slug]/+error.svelte
2025-03-09T09:01:12.6903212Z WARN no formatter for path: web/src/routes/posts/[slug]/+page.svelte
2025-03-09T09:01:12.6903920Z WARN no formatter for path: web/src/routes/posts/[slug]/+page.ts
2025-03-09T09:01:12.6904563Z WARN no formatter for path: web/src/routes/tags/+page.svelte
2025-03-09T09:01:12.6905186Z WARN no formatter for path: web/src/routes/tags/+page.ts
2025-03-09T09:01:12.6905846Z WARN no formatter for path: web/src/routes/tags/[tag]/+page.svelte
2025-03-09T09:01:12.6906530Z WARN no formatter for path: web/src/routes/tags/[tag]/+page.ts
2025-03-09T09:01:12.6907126Z WARN no formatter for path: web/static/brain.png
2025-03-09T09:01:12.6907767Z WARN no formatter for path: web/static/data/pattern_descriptions.json
2025-03-09T09:01:12.6908429Z WARN no formatter for path: web/static/electric.png
2025-03-09T09:01:12.6909020Z WARN no formatter for path: web/static/fabric-logo.gif
2025-03-09T09:01:12.6909610Z WARN no formatter for path: web/static/fabric-logo.png
2025-03-09T09:01:12.6910205Z WARN no formatter for path: web/static/fabric-summarize.png
2025-03-09T09:01:12.6910805Z WARN no formatter for path: web/static/favicon.png
2025-03-09T09:01:12.6911395Z WARN no formatter for path: web/static/obsidian-logo.png
2025-03-09T09:01:12.6912165Z WARN no formatter for path: web/static/robots.txt
2025-03-09T09:01:12.6912704Z WARN no formatter for path: web/svelte.config.js
2025-03-09T09:01:12.6913498Z WARN no formatter for path: web/tailwind.config.ts
2025-03-09T09:01:12.6914070Z WARN no formatter for path: web/tsconfig.json
2025-03-09T09:01:12.6914597Z WARN no formatter for path: web/vite.config.ts
2025-03-09T09:01:12.8101092Z traversed 618 files
2025-03-09T09:01:12.8101920Z emitted 99 files for processing
2025-03-09T09:01:12.8102322Z formatted 99 files (0 changed) in 256ms
2025-03-09T09:01:12.8139996Z ##[group]Run nix run .#gomod2nix -- --outdir nix/pkgs/fabric
2025-03-09T09:01:12.8140508Z [36;1mnix run .#gomod2nix -- --outdir nix/pkgs/fabric[0m
2025-03-09T09:01:12.8190372Z shell: /usr/bin/bash -e {0}
2025-03-09T09:01:12.8190648Z env:
2025-03-09T09:01:12.8190861Z   DETERMINATE_NIX_KVM: 1
2025-03-09T09:01:12.8191122Z   tag: v1.4.154
2025-03-09T09:01:12.8191353Z   new_version: 1.4.155
2025-03-09T09:01:12.8191592Z   new_tag: v1.4.155
2025-03-09T09:01:12.8192037Z ##[endgroup]
2025-03-09T09:01:12.8651915Z warning: Git tree '/home/runner/work/fabric/fabric' is dirty
2025-03-09T09:01:12.9458366Z unpacking 'github:nix-community/gomod2nix/514283ec89c39ad0079ff2f3b1437404e4cba608?narHash=sha256-tPsqU00FhgdFr0JiQUiBMgPVbl1jbPCY5gbFiJycL3I%3D' into the Git cache...
2025-03-09T09:01:13.2450881Z unpacking 'github:numtide/flake-utils/ff7b65b44d01cf9ba6a71320833626af21126384?narHash=sha256-zsNZZGTGnMOf9YpHKJqMSsa0dXbfmxeoJ7xHlrt%2BxmY%3D' into the Git cache...
2025-03-09T09:01:14.1861017Z these 12 derivations will be built:
2025-03-09T09:01:14.1873152Z   /nix/store/1b1c3g3b2fmschhvm5blfh1n5czrp3sz-mousetrap_v1.1.0.drv
2025-03-09T09:01:14.1874039Z   /nix/store/41pc91cs173vlavrspdr94nqdzx7bzjb-pflag_v1.0.5.drv
2025-03-09T09:01:14.1874791Z   /nix/store/8q9vr419wlkv2d1xs1gy6x7m4ix80682-toml_v1.4.0.drv
2025-03-09T09:01:14.1875540Z   /nix/store/9h0a6rjal49r0lwjys48q8zcrhn2b8hp-logrus_v1.9.3.drv
2025-03-09T09:01:14.1876292Z   /nix/store/g5hgirapgam66lklxpb4al8lqfxlpg1s-sys_v0.14.0.drv
2025-03-09T09:01:14.1877105Z   /nix/store/hjn4a2b5lmzd2a5hw9zkvyvdp384ldvj-vcs_v0.1.0-deprecated.drv
2025-03-09T09:01:14.1877901Z   /nix/store/k8nqs36qhvhdb35hcc88z64x57d2c65x-cobra_v1.8.1.drv
2025-03-09T09:01:14.1878659Z   /nix/store/kniwzs6l2gl0ywipwgpxqqv32mbmq5vf-mod_v0.22.0.drv
2025-03-09T09:01:14.1879558Z   /nix/store/kq4vaijlpgi6da2jsiljrf4x0vbfp85d-gomod2nix-symlink.drv
2025-03-09T09:01:14.1880645Z   /nix/store/yybafbmrg3syrvwb5qfmvy50ccvl0cma-go-nix_v0.0.0-20220612195009-5f5614f7ca47.drv
2025-03-09T09:01:14.1882057Z   /nix/store/zrsq7njqp1af3sj3pv7ryzi54h7z26wh-vendor-env.drv
2025-03-09T09:01:14.1883065Z   /nix/store/i4lg9fpq4in0w1ml4g82d92wi22jshz8-gomod2nix-dev.drv
2025-03-09T09:01:14.1884276Z these 26 paths will be fetched (64.74 MiB download, 297.55 MiB unpacked):
2025-03-09T09:01:14.1885127Z   /nix/store/j7p46r8v9gcpbxx89pbqlh61zhd33gzv-binutils-2.43.1
2025-03-09T09:01:14.1885952Z   /nix/store/df2a8k58k00f2dh2x930dg6xs6g6mliv-binutils-2.43.1-lib
2025-03-09T09:01:14.1887027Z   /nix/store/srcmmqi8kxjfygd0hyy42c8hv6cws83b-binutils-wrapper-2.43.1
2025-03-09T09:01:14.1887869Z   /nix/store/qj9sknibkcml9b4v8gwljh4ph3yg9ssb-die-hook
2025-03-09T09:01:14.1888677Z   /nix/store/qbry6090vlr9ar33kdmmbq2p5apzbga8-expand-response-params
2025-03-09T09:01:14.1889522Z   /nix/store/l89iqc7am6i60y8vk507zwrzxf0wcd3v-gcc-14-20241116
2025-03-09T09:01:14.1890316Z   /nix/store/xcn9p4xxfbvlkpah7pwchpav4ab9d135-gcc-wrapper-14-20241116
2025-03-09T09:01:14.1891146Z   /nix/store/1c6bmxrrhm8bd26ai2rjqld2yyjrxhds-glibc-2.40-36-bin
2025-03-09T09:01:14.1892882Z   /nix/store/kj8hbqx4ds9qm9mq7hyikxyfwwg13kzj-glibc-2.40-36-dev
2025-03-09T09:01:14.1893628Z   /nix/store/kryrg7ds05iwcmy81amavk8w13y4lxbs-gmp-6.3.0
2025-03-09T09:01:14.1894346Z   /nix/store/6fh284hiym458bvsrprpvf00ldg1md3r-install-shell-files
2025-03-09T09:01:14.1895067Z   /nix/store/xmbv8s4p4i4dbxgkgdrdfb0ym25wh6gk-isl-0.20
2025-03-09T09:01:14.1895717Z   /nix/store/s8vyrf9xh2yh66ilivw3gi8hzxv7d44c-jq-1.7.1
2025-03-09T09:01:14.1896366Z   /nix/store/c79nkzxaiki5r7igd4a5lawwdds38f2l-jq-1.7.1-bin
2025-03-09T09:01:14.1897063Z   /nix/store/4nrxcmjis6bahcr6gphczjfhz12f2vnd-jq-1.7.1-dev
2025-03-09T09:01:14.1897755Z   /nix/store/2a3anh8vl3fcgk0fvaravlimrqawawza-libmpc-1.3.1
2025-03-09T09:01:14.1898502Z   /nix/store/pc74azbkr19rkd5bjalq2xwx86cj3cga-linux-headers-6.12
2025-03-09T09:01:14.1899254Z   /nix/store/png303rlwchszvb9hdq9cx40aw2bg940-lz4-1.10.0-lib
2025-03-09T09:01:14.1900047Z   /nix/store/9cdcy8k4zp8zm03kpqf49xghfk1c451l-make-shell-wrapper-hook
2025-03-09T09:01:14.1901338Z   /nix/store/qs22aazzrdd4dnjf9vffl0n31hvls43h-mpfr-4.2.1
2025-03-09T09:01:14.1902452Z   /nix/store/4cn5s8950q4ldkwmzs9cgyssp62lhf9m-nss-cacert-3.107
2025-03-09T09:01:14.1903219Z   /nix/store/w6skm2pz5dc6dk8w2g92hl2jd2q2yc49-oniguruma-6.9.9-lib
2025-03-09T09:01:14.1903930Z   /nix/store/2ylv2am86rc4rxvz38zyvdws4gwdr34k-popt-1.19
2025-03-09T09:01:14.1904580Z   /nix/store/9j9gm3r9bpsi2iliwykh9h930rishqdh-rsync-3.3.0
2025-03-09T09:01:14.1905269Z   /nix/store/d0gfdcag8bxzvg7ww4s7px4lf8sxisyx-stdenv-linux
2025-03-09T09:01:14.1905963Z   /nix/store/48klpfwghadq8jpzprk5d04h9l04ihcv-xxHash-0.8.2
2025-03-09T09:01:14.1950977Z copying path '/nix/store/6fh284hiym458bvsrprpvf00ldg1md3r-install-shell-files' from 'https://cache.nixos.org'...
2025-03-09T09:01:14.1964230Z copying path '/nix/store/qj9sknibkcml9b4v8gwljh4ph3yg9ssb-die-hook' from 'https://cache.nixos.org'...
2025-03-09T09:01:14.1999597Z copying path '/nix/store/qbry6090vlr9ar33kdmmbq2p5apzbga8-expand-response-params' from 'https://cache.nixos.org'...
2025-03-09T09:01:14.2005392Z copying path '/nix/store/pc74azbkr19rkd5bjalq2xwx86cj3cga-linux-headers-6.12' from 'https://cache.nixos.org'...
2025-03-09T09:01:14.2007871Z copying path '/nix/store/png303rlwchszvb9hdq9cx40aw2bg940-lz4-1.10.0-lib' from 'https://cache.nixos.org'...
2025-03-09T09:01:14.2009660Z copying path '/nix/store/48klpfwghadq8jpzprk5d04h9l04ihcv-xxHash-0.8.2' from 'https://cache.nixos.org'...
2025-03-09T09:01:14.2011195Z copying path '/nix/store/2ylv2am86rc4rxvz38zyvdws4gwdr34k-popt-1.19' from 'https://cache.nixos.org'...
2025-03-09T09:01:14.2014678Z copying path '/nix/store/1c6bmxrrhm8bd26ai2rjqld2yyjrxhds-glibc-2.40-36-bin' from 'https://cache.nixos.org'...
2025-03-09T09:01:14.2038366Z copying path '/nix/store/kryrg7ds05iwcmy81amavk8w13y4lxbs-gmp-6.3.0' from 'https://cache.nixos.org'...
2025-03-09T09:01:14.2054419Z copying path '/nix/store/df2a8k58k00f2dh2x930dg6xs6g6mliv-binutils-2.43.1-lib' from 'https://cache.nixos.org'...
2025-03-09T09:01:14.2061043Z copying path '/nix/store/4cn5s8950q4ldkwmzs9cgyssp62lhf9m-nss-cacert-3.107' from 'https://cache.nixos.org'...
2025-03-09T09:01:14.2773392Z building '/nix/store/kq4vaijlpgi6da2jsiljrf4x0vbfp85d-gomod2nix-symlink.drv'...
2025-03-09T09:01:14.2775329Z copying path '/nix/store/w6skm2pz5dc6dk8w2g92hl2jd2q2yc49-oniguruma-6.9.9-lib' from 'https://cache.nixos.org'...
2025-03-09T09:01:14.2858125Z copying path '/nix/store/9cdcy8k4zp8zm03kpqf49xghfk1c451l-make-shell-wrapper-hook' from 'https://cache.nixos.org'...
2025-03-09T09:01:14.2878352Z copying path '/nix/store/9j9gm3r9bpsi2iliwykh9h930rishqdh-rsync-3.3.0' from 'https://cache.nixos.org'...
2025-03-09T09:01:14.3076539Z copying path '/nix/store/xmbv8s4p4i4dbxgkgdrdfb0ym25wh6gk-isl-0.20' from 'https://cache.nixos.org'...
2025-03-09T09:01:14.3081516Z copying path '/nix/store/qs22aazzrdd4dnjf9vffl0n31hvls43h-mpfr-4.2.1' from 'https://cache.nixos.org'...
2025-03-09T09:01:14.3477726Z copying path '/nix/store/s8vyrf9xh2yh66ilivw3gi8hzxv7d44c-jq-1.7.1' from 'https://cache.nixos.org'...
2025-03-09T09:01:14.3651263Z copying path '/nix/store/2a3anh8vl3fcgk0fvaravlimrqawawza-libmpc-1.3.1' from 'https://cache.nixos.org'...
2025-03-09T09:01:14.3667094Z copying path '/nix/store/j7p46r8v9gcpbxx89pbqlh61zhd33gzv-binutils-2.43.1' from 'https://cache.nixos.org'...
2025-03-09T09:01:14.3826510Z copying path '/nix/store/c79nkzxaiki5r7igd4a5lawwdds38f2l-jq-1.7.1-bin' from 'https://cache.nixos.org'...
2025-03-09T09:01:14.3960369Z copying path '/nix/store/4nrxcmjis6bahcr6gphczjfhz12f2vnd-jq-1.7.1-dev' from 'https://cache.nixos.org'...
2025-03-09T09:01:14.4608612Z building '/nix/store/k8nqs36qhvhdb35hcc88z64x57d2c65x-cobra_v1.8.1.drv'...
2025-03-09T09:01:14.4924370Z building '/nix/store/yybafbmrg3syrvwb5qfmvy50ccvl0cma-go-nix_v0.0.0-20220612195009-5f5614f7ca47.drv'...
2025-03-09T09:01:14.5418051Z building '/nix/store/9h0a6rjal49r0lwjys48q8zcrhn2b8hp-logrus_v1.9.3.drv'...
2025-03-09T09:01:14.7695167Z copying path '/nix/store/kj8hbqx4ds9qm9mq7hyikxyfwwg13kzj-glibc-2.40-36-dev' from 'https://cache.nixos.org'...
2025-03-09T09:01:15.0913476Z building '/nix/store/kniwzs6l2gl0ywipwgpxqqv32mbmq5vf-mod_v0.22.0.drv'...
2025-03-09T09:01:15.1445012Z copying path '/nix/store/l89iqc7am6i60y8vk507zwrzxf0wcd3v-gcc-14-20241116' from 'https://cache.nixos.org'...
2025-03-09T09:01:15.1707715Z building '/nix/store/1b1c3g3b2fmschhvm5blfh1n5czrp3sz-mousetrap_v1.1.0.drv'...
2025-03-09T09:01:15.2608838Z copying path '/nix/store/srcmmqi8kxjfygd0hyy42c8hv6cws83b-binutils-wrapper-2.43.1' from 'https://cache.nixos.org'...
2025-03-09T09:01:15.5002953Z building '/nix/store/41pc91cs173vlavrspdr94nqdzx7bzjb-pflag_v1.0.5.drv'...
2025-03-09T09:01:15.5812486Z building '/nix/store/g5hgirapgam66lklxpb4al8lqfxlpg1s-sys_v0.14.0.drv'...
2025-03-09T09:01:15.8104169Z building '/nix/store/8q9vr419wlkv2d1xs1gy6x7m4ix80682-toml_v1.4.0.drv'...
2025-03-09T09:01:15.9943850Z building '/nix/store/hjn4a2b5lmzd2a5hw9zkvyvdp384ldvj-vcs_v0.1.0-deprecated.drv'...
2025-03-09T09:01:19.6493075Z copying path '/nix/store/xcn9p4xxfbvlkpah7pwchpav4ab9d135-gcc-wrapper-14-20241116' from 'https://cache.nixos.org'...
2025-03-09T09:01:19.6678185Z copying path '/nix/store/d0gfdcag8bxzvg7ww4s7px4lf8sxisyx-stdenv-linux' from 'https://cache.nixos.org'...
2025-03-09T09:01:20.0222751Z building '/nix/store/zrsq7njqp1af3sj3pv7ryzi54h7z26wh-vendor-env.drv'...
2025-03-09T09:01:20.2298530Z building '/nix/store/i4lg9fpq4in0w1ml4g82d92wi22jshz8-gomod2nix-dev.drv'...
2025-03-09T09:01:36.9048417Z time="2025-03-09T09:01:36Z" level=info msg="Parsing go.mod" modPath=go.mod
2025-03-09T09:01:36.9051982Z time="2025-03-09T09:01:36Z" level=info msg="Downloading dependencies"
2025-03-09T09:01:41.4003531Z time="2025-03-09T09:01:41Z" level=info msg="Done downloading dependencies"
2025-03-09T09:01:41.4020300Z time="2025-03-09T09:01:41Z" level=info msg="Wrote: nix/pkgs/fabric/gomod2nix.toml"
2025-03-09T09:01:41.4055155Z ##[group]Run git add version.go
2025-03-09T09:01:41.4055476Z [36;1mgit add version.go[0m
2025-03-09T09:01:41.4055748Z [36;1mgit add nix/pkgs/fabric/version.nix[0m
2025-03-09T09:01:41.4056203Z [36;1mgit add nix/pkgs/fabric/gomod2nix.toml[0m
2025-03-09T09:01:41.4056521Z [36;1mgit add .[0m
2025-03-09T09:01:41.4056761Z [36;1mif ! git diff --staged --quiet; then[0m
2025-03-09T09:01:41.4057236Z [36;1m  git commit -m "Update version to v1.4.155 and commit $commit_hash"[0m
2025-03-09T09:01:41.4057596Z [36;1melse[0m
2025-03-09T09:01:41.4057804Z [36;1m  echo "No changes to commit."[0m
2025-03-09T09:01:41.4058062Z [36;1mfi[0m
2025-03-09T09:01:41.4106003Z shell: /usr/bin/bash -e {0}
2025-03-09T09:01:41.4106312Z env:
2025-03-09T09:01:41.4106523Z   DETERMINATE_NIX_KVM: 1
2025-03-09T09:01:41.4106771Z   tag: v1.4.154
2025-03-09T09:01:41.4106994Z   new_version: 1.4.155
2025-03-09T09:01:41.4107229Z   new_tag: v1.4.155
2025-03-09T09:01:41.4107447Z ##[endgroup]
2025-03-09T09:01:41.7894085Z [main 44a6c03] Update version to v1.4.155 and commit
2025-03-09T09:01:41.7894821Z  2 files changed, 2 insertions(+), 2 deletions(-)
2025-03-09T09:01:41.7927550Z ##[group]Run git push origin main  # Push changes to the main branch
2025-03-09T09:01:41.7928058Z [36;1mgit push origin main  # Push changes to the main branch[0m
2025-03-09T09:01:41.7974062Z shell: /usr/bin/bash -e {0}
2025-03-09T09:01:41.7974358Z env:
2025-03-09T09:01:41.7974583Z   DETERMINATE_NIX_KVM: 1
2025-03-09T09:01:41.7974854Z   tag: v1.4.154
2025-03-09T09:01:41.7975098Z   new_version: 1.4.155
2025-03-09T09:01:41.7975352Z   new_tag: v1.4.155
2025-03-09T09:01:41.7975829Z   GITHUB_TOKEN: ***
2025-03-09T09:01:41.7976080Z ##[endgroup]
2025-03-09T09:01:42.2133928Z To https://github.com/danielmiessler/fabric
2025-03-09T09:01:42.2134454Z    d794afe..44a6c03  main -> main
2025-03-09T09:01:42.2200234Z ##[group]Run git tag v1.4.155
2025-03-09T09:01:42.2200571Z [36;1mgit tag v1.4.155[0m
2025-03-09T09:01:42.2200886Z [36;1mgit push origin v1.4.155  # Push the new tag[0m
2025-03-09T09:01:42.2246869Z shell: /usr/bin/bash -e {0}
2025-03-09T09:01:42.2247140Z env:
2025-03-09T09:01:42.2247347Z   DETERMINATE_NIX_KVM: 1
2025-03-09T09:01:42.2247596Z   tag: v1.4.154
2025-03-09T09:01:42.2247828Z   new_version: 1.4.155
2025-03-09T09:01:42.2248248Z   new_tag: v1.4.155
2025-03-09T09:01:42.2249069Z   GITHUB_TOKEN: ***
2025-03-09T09:01:42.2249305Z ##[endgroup]
2025-03-09T09:01:42.8078795Z To https://github.com/danielmiessler/fabric
2025-03-09T09:01:42.8079672Z  * [new tag]         v1.4.155 -> v1.4.155
2025-03-09T09:01:42.8146471Z ##[group]Run curl -X POST \
2025-03-09T09:01:42.8146805Z [36;1mcurl -X POST \[0m
2025-03-09T09:01:42.8147127Z [36;1m  -H "Authorization: token $GITHUB_TOKEN" \[0m
2025-03-09T09:01:42.8147519Z [36;1m  -H "Accept: application/vnd.github.v3+json" \[0m
2025-03-09T09:01:42.8148000Z [36;1m  https://api.github.com/repos/danielmiessler/fabric/dispatches \[0m
2025-03-09T09:01:42.8148550Z [36;1m  -d '{"event_type": "tag_created", "client_payload": {"tag": "v1.4.155"}}'[0m
2025-03-09T09:01:42.8194930Z shell: /usr/bin/bash -e {0}
2025-03-09T09:01:42.8195196Z env:
2025-03-09T09:01:42.8195402Z   DETERMINATE_NIX_KVM: 1
2025-03-09T09:01:42.8195654Z   tag: v1.4.154
2025-03-09T09:01:42.8195874Z   new_version: 1.4.155
2025-03-09T09:01:42.8196123Z   new_tag: v1.4.155
2025-03-09T09:01:42.8196572Z   GITHUB_TOKEN: ***
2025-03-09T09:01:42.8196805Z ##[endgroup]
2025-03-09T09:01:42.8319151Z   % Total    % Received % Xferd  Average Speed   Time    Time     Time  Current
2025-03-09T09:01:42.8319922Z                                  Dload  Upload   Total   Spent    Left  Speed
2025-03-09T09:01:42.8320270Z 
2025-03-09T09:01:42.9913312Z   0     0    0     0    0     0      0      0 --:--:-- --:--:-- --:--:--     0
2025-03-09T09:01:42.9914362Z 100    68    0     0  100    68      0    426 --:--:-- --:--:-- --:--:--   427
2025-03-09T09:01:43.0048991Z Post job cleanup.
2025-03-09T09:01:44.1977984Z Post job cleanup.
2025-03-09T09:01:44.2901075Z [command]/usr/bin/git version
2025-03-09T09:01:44.2936749Z git version 2.48.1
2025-03-09T09:01:44.2980150Z Temporarily overriding HOME='/home/runner/work/_temp/8ffdb75d-e40b-4eb8-a182-7cf2364b6273' before making global git config changes
2025-03-09T09:01:44.2981483Z Adding repository directory to the temporary git global config as a safe directory
2025-03-09T09:01:44.2986797Z [command]/usr/bin/git config --global --add safe.directory /home/runner/work/fabric/fabric
2025-03-09T09:01:44.3028340Z [command]/usr/bin/git config --local --name-only --get-regexp core\.sshCommand
2025-03-09T09:01:44.3060502Z [command]/usr/bin/git submodule foreach --recursive sh -c "git config --local --name-only --get-regexp 'core\.sshCommand' && git config --local --unset-all 'core.sshCommand' || :"
2025-03-09T09:01:44.3290031Z [command]/usr/bin/git config --local --name-only --get-regexp http\.https\:\/\/github\.com\/\.extraheader
2025-03-09T09:01:44.3310744Z http.https://github.com/.extraheader
2025-03-09T09:01:44.3323566Z [command]/usr/bin/git config --local --unset-all http.https://github.com/.extraheader
2025-03-09T09:01:44.3354693Z [command]/usr/bin/git submodule foreach --recursive sh -c "git config --local --name-only --get-regexp 'http\.https\:\/\/github\.com\/\.extraheader' && git config --local --unset-all 'http.https://github.com/.extraheader' || :"
2025-03-09T09:01:44.3685085Z Cleaning up orphan processes
