2025-03-10T15:23:32.6006459Z Requested labels: ubuntu-latest
2025-03-10T15:23:32.6006758Z Job defined at: coder/code-server/.github/workflows/security.yaml@refs/heads/main
2025-03-10T15:23:32.6006853Z Waiting for a runner to pick up this job...
2025-03-10T15:23:33.2366691Z Job is waiting for a hosted runner to come online.
2025-03-10T15:23:36.7352670Z Job is about to start running on the hosted runner: GitHub Actions 5 (hosted)
2025-03-10T15:23:38.6464969Z Current runner version: '2.322.0'
2025-03-10T15:23:38.6492500Z ##[group]Operating System
2025-03-10T15:23:38.6493356Z Ubuntu
2025-03-10T15:23:38.6493893Z 24.04.2
2025-03-10T15:23:38.6494397Z LTS
2025-03-10T15:23:38.6494874Z ##[endgroup]
2025-03-10T15:23:38.6495426Z ##[group]Runner Image
2025-03-10T15:23:38.6495998Z Image: ubuntu-24.04
2025-03-10T15:23:38.6496572Z Version: 20250302.1.0
2025-03-10T15:23:38.6497632Z Included Software: https://github.com/actions/runner-images/blob/ubuntu24/20250302.1/images/ubuntu/Ubuntu2404-Readme.md
2025-03-10T15:23:38.6499040Z Image Release: https://github.com/actions/runner-images/releases/tag/ubuntu24%2F20250302.1
2025-03-10T15:23:38.6499991Z ##[endgroup]
2025-03-10T15:23:38.6500700Z ##[group]Runner Image Provisioner
2025-03-10T15:23:38.6501603Z 2.0.422.1
2025-03-10T15:23:38.6502542Z ##[endgroup]
2025-03-10T15:23:38.6504921Z ##[group]GITHUB_TOKEN Permissions
2025-03-10T15:23:38.6507457Z Actions: write
2025-03-10T15:23:38.6508225Z Attestations: write
2025-03-10T15:23:38.6508971Z Checks: write
2025-03-10T15:23:38.6509447Z Contents: write
2025-03-10T15:23:38.6510022Z Deployments: write
2025-03-10T15:23:38.6510890Z Discussions: write
2025-03-10T15:23:38.6511456Z Issues: write
2025-03-10T15:23:38.6512016Z Metadata: read
2025-03-10T15:23:38.6512501Z Packages: write
2025-03-10T15:23:38.6513027Z Pages: write
2025-03-10T15:23:38.6513588Z PullRequests: write
2025-03-10T15:23:38.6514135Z RepositoryProjects: write
2025-03-10T15:23:38.6514716Z SecurityEvents: write
2025-03-10T15:23:38.6515277Z Statuses: write
2025-03-10T15:23:38.6515782Z ##[endgroup]
2025-03-10T15:23:38.6518952Z Secret source: Actions
2025-03-10T15:23:38.6520261Z Prepare workflow directory
2025-03-10T15:23:38.6833840Z Prepare all required actions
2025-03-10T15:23:38.6871327Z Getting action download info
2025-03-10T15:23:38.9012994Z Download action repository 'actions/checkout@v4' (SHA:11bd71901bbe5b1630ceea73d27597364c9af683)
2025-03-10T15:23:38.9993956Z Download action repository 'actions/setup-node@v4' (SHA:1d0ff469b7ec7b3cb9d8673fde0c81c44821de2a)
2025-03-10T15:23:39.1689503Z Complete job name: Audit node modules
2025-03-10T15:23:39.2418271Z ##[group]Run actions/checkout@v4
2025-03-10T15:23:39.2419107Z with:
2025-03-10T15:23:39.2419511Z   fetch-depth: 0
2025-03-10T15:23:39.2419944Z   repository: coder/code-server
2025-03-10T15:23:39.2420787Z   token: ***
2025-03-10T15:23:39.2421192Z   ssh-strict: true
2025-03-10T15:23:39.2421595Z   ssh-user: git
2025-03-10T15:23:39.2422012Z   persist-credentials: true
2025-03-10T15:23:39.2422475Z   clean: true
2025-03-10T15:23:39.2422888Z   sparse-checkout-cone-mode: true
2025-03-10T15:23:39.2423381Z   fetch-tags: false
2025-03-10T15:23:39.2423787Z   show-progress: true
2025-03-10T15:23:39.2424195Z   lfs: false
2025-03-10T15:23:39.2424575Z   submodules: false
2025-03-10T15:23:39.2424990Z   set-safe-directory: true
2025-03-10T15:23:39.2425674Z ##[endgroup]
2025-03-10T15:23:39.4718573Z Syncing repository: coder/code-server
2025-03-10T15:23:39.4720676Z ##[group]Getting Git version info
2025-03-10T15:23:39.4721941Z Working directory is '/home/runner/work/code-server/code-server'
2025-03-10T15:23:39.4723805Z [command]/usr/bin/git version
2025-03-10T15:23:39.4794847Z git version 2.48.1
2025-03-10T15:23:39.4826231Z ##[endgroup]
2025-03-10T15:23:39.4842759Z Temporarily overriding HOME='/home/runner/work/_temp/b546c26b-0982-4bc0-a868-8183623b6a26' before making global git config changes
2025-03-10T15:23:39.4845189Z Adding repository directory to the temporary git global config as a safe directory
2025-03-10T15:23:39.4857998Z [command]/usr/bin/git config --global --add safe.directory /home/runner/work/code-server/code-server
2025-03-10T15:23:39.4897041Z Deleting the contents of '/home/runner/work/code-server/code-server'
2025-03-10T15:23:39.4901545Z ##[group]Initializing the repository
2025-03-10T15:23:39.4906357Z [command]/usr/bin/git init /home/runner/work/code-server/code-server
2025-03-10T15:23:39.4979270Z hint: Using 'master' as the name for the initial branch. This default branch name
2025-03-10T15:23:39.4981194Z hint: is subject to change. To configure the initial branch name to use in all
2025-03-10T15:23:39.4982208Z hint: of your new repositories, which will suppress this warning, call:
2025-03-10T15:23:39.4982939Z hint:
2025-03-10T15:23:39.4983415Z hint: 	git config --global init.defaultBranch <name>
2025-03-10T15:23:39.4984004Z hint:
2025-03-10T15:23:39.4984549Z hint: Names commonly chosen instead of 'master' are 'main', 'trunk' and
2025-03-10T15:23:39.4985447Z hint: 'development'. The just-created branch can be renamed via this command:
2025-03-10T15:23:39.4986245Z hint:
2025-03-10T15:23:39.4986625Z hint: 	git branch -m <name>
2025-03-10T15:23:39.4989888Z Initialized empty Git repository in /home/runner/work/code-server/code-server/.git/
2025-03-10T15:23:39.5000877Z [command]/usr/bin/git remote add origin https://github.com/coder/code-server
2025-03-10T15:23:39.5035285Z ##[endgroup]
2025-03-10T15:23:39.5036110Z ##[group]Disabling automatic garbage collection
2025-03-10T15:23:39.5040544Z [command]/usr/bin/git config --local gc.auto 0
2025-03-10T15:23:39.5070484Z ##[endgroup]
2025-03-10T15:23:39.5071781Z ##[group]Setting up auth
2025-03-10T15:23:39.5078183Z [command]/usr/bin/git config --local --name-only --get-regexp core\.sshCommand
2025-03-10T15:23:39.5109095Z [command]/usr/bin/git submodule foreach --recursive sh -c "git config --local --name-only --get-regexp 'core\.sshCommand' && git config --local --unset-all 'core.sshCommand' || :"
2025-03-10T15:23:39.5434801Z [command]/usr/bin/git config --local --name-only --get-regexp http\.https\:\/\/github\.com\/\.extraheader
2025-03-10T15:23:39.5465310Z [command]/usr/bin/git submodule foreach --recursive sh -c "git config --local --name-only --get-regexp 'http\.https\:\/\/github\.com\/\.extraheader' && git config --local --unset-all 'http.https://github.com/.extraheader' || :"
2025-03-10T15:23:39.5695635Z [command]/usr/bin/git config --local http.https://github.com/.extraheader AUTHORIZATION: basic ***
2025-03-10T15:23:39.5733873Z ##[endgroup]
2025-03-10T15:23:39.5735089Z ##[group]Fetching the repository
2025-03-10T15:23:39.5744020Z [command]/usr/bin/git -c protocol.version=2 fetch --prune --no-recurse-submodules origin +refs/heads/*:refs/remotes/origin/* +refs/tags/*:refs/tags/*
2025-03-10T15:23:42.3965336Z From https://github.com/coder/code-server
2025-03-10T15:23:42.3967066Z  * [new branch]        bpmct/link-check    -> origin/bpmct/link-check
2025-03-10T15:23:42.3968043Z  * [new branch]        docker-test         -> origin/docker-test
2025-03-10T15:23:42.3969373Z  * [new branch]        main                -> origin/main
2025-03-10T15:23:42.3970926Z  * [new branch]        release/v4.5.0      -> origin/release/v4.5.0
2025-03-10T15:23:42.3972619Z  * [new branch]        release/v4.6.0      -> origin/release/v4.6.0
2025-03-10T15:23:42.3975644Z  * [new branch]        release/v4.8.2      -> origin/release/v4.8.2
2025-03-10T15:23:42.3978281Z  * [new branch]        release/v4.9.0-rc.1 -> origin/release/v4.9.0-rc.1
2025-03-10T15:23:42.3980488Z  * [new branch]        v4.0.0              -> origin/v4.0.0
2025-03-10T15:23:42.3983359Z  * [new branch]        v4.0.1              -> origin/v4.0.1
2025-03-10T15:23:42.3985745Z  * [new branch]        v4.0.2              -> origin/v4.0.2
2025-03-10T15:23:42.3988477Z  * [new branch]        v4.1.0              -> origin/v4.1.0
2025-03-10T15:23:42.3990875Z  * [new branch]        v4.3.0              -> origin/v4.3.0
2025-03-10T15:23:42.3992853Z  * [new tag]           1.1099-vsc1.33.1    -> 1.1099-vsc1.33.1
2025-03-10T15:23:42.3995872Z  * [new tag]           1.1106-vsc1.33.1    -> 1.1106-vsc1.33.1
2025-03-10T15:23:42.3997773Z  * [new tag]           1.1119-vsc1.33.1    -> 1.1119-vsc1.33.1
2025-03-10T15:23:42.3999115Z  * [new tag]           1.1140-vsc1.33.1    -> 1.1140-vsc1.33.1
2025-03-10T15:23:42.4000734Z  * [new tag]           1.1156-vsc1.33.1    -> 1.1156-vsc1.33.1
2025-03-10T15:23:42.4002057Z  * [new tag]           1.31.0              -> 1.31.0
2025-03-10T15:23:42.4003239Z  * [new tag]           1.31.0-20           -> 1.31.0-20
2025-03-10T15:23:42.4005143Z  * [new tag]           1.31.1-100          -> 1.31.1-100
2025-03-10T15:23:42.4006371Z  * [new tag]           1.32.0-245          -> 1.32.0-245
2025-03-10T15:23:42.4007779Z  * [new tag]           1.32.0-275          -> 1.32.0-275
2025-03-10T15:23:42.4008948Z  * [new tag]           1.32.0-282          -> 1.32.0-282
2025-03-10T15:23:42.4010370Z  * [new tag]           1.32.0-310          -> 1.32.0-310
2025-03-10T15:23:42.4012123Z  * [new tag]           1.408-vsc1.32.0     -> 1.408-vsc1.32.0
2025-03-10T15:23:42.4013755Z  * [new tag]           1.604-vsc1.32.0     -> 1.604-vsc1.32.0
2025-03-10T15:23:42.4015114Z  * [new tag]           1.691-vsc1.33.0     -> 1.691-vsc1.33.0
2025-03-10T15:23:42.4016540Z  * [new tag]           1.696-vsc1.33.0     -> 1.696-vsc1.33.0
2025-03-10T15:23:42.4018801Z  * [new tag]           1.790-vsc1.33.1     -> 1.790-vsc1.33.1
2025-03-10T15:23:42.4020577Z  * [new tag]           1.792-vsc1.33.1     -> 1.792-vsc1.33.1
2025-03-10T15:23:42.4021944Z  * [new tag]           1.854-vsc1.33.1     -> 1.854-vsc1.33.1
2025-03-10T15:23:42.4023364Z  * [new tag]           1.868-vsc1.33.1     -> 1.868-vsc1.33.1
2025-03-10T15:23:42.4024720Z  * [new tag]           1.903-vsc1.33.1     -> 1.903-vsc1.33.1
2025-03-10T15:23:42.4026089Z  * [new tag]           1.939-vsc1.33.1     -> 1.939-vsc1.33.1
2025-03-10T15:23:42.4027464Z  * [new tag]           2.1472-vsc1.38.1    -> 2.1472-vsc1.38.1
2025-03-10T15:23:42.4028822Z  * [new tag]           2.1478-vsc1.38.1    -> 2.1478-vsc1.38.1
2025-03-10T15:23:42.4030485Z  * [new tag]           2.1485-vsc1.38.1    -> 2.1485-vsc1.38.1
2025-03-10T15:23:42.4031880Z  * [new tag]           2.1523-vsc1.38.1    -> 2.1523-vsc1.38.1
2025-03-10T15:23:42.4033322Z  * [new tag]           2.1637-vsc1.39.2    -> 2.1637-vsc1.39.2
2025-03-10T15:23:42.4034669Z  * [new tag]           2.1638-vsc1.39.2    -> 2.1638-vsc1.39.2
2025-03-10T15:23:42.4036133Z  * [new tag]           2.1650-vsc1.39.2    -> 2.1650-vsc1.39.2
2025-03-10T15:23:42.4037529Z  * [new tag]           2.1655-vsc1.39.2    -> 2.1655-vsc1.39.2
2025-03-10T15:23:42.4039237Z  * [new tag]           2.1662-vsc1.39.2    -> 2.1662-vsc1.39.2
2025-03-10T15:23:42.4040974Z  * [new tag]           2.1665-vsc1.39.2    -> 2.1665-vsc1.39.2
2025-03-10T15:23:42.4042406Z  * [new tag]           2.1688-vsc1.39.2    -> 2.1688-vsc1.39.2
2025-03-10T15:23:42.4043714Z  * [new tag]           2.1692-vsc1.39.2    -> 2.1692-vsc1.39.2
2025-03-10T15:23:42.4045063Z  * [new tag]           2.1698              -> 2.1698
2025-03-10T15:23:42.4046313Z  * [new tag]           3.0.0               -> 3.0.0
2025-03-10T15:23:42.4047904Z  * [new tag]           3.0.1               -> 3.0.1
2025-03-10T15:23:42.4049807Z  * [new tag]           3.0.2               -> 3.0.2
2025-03-10T15:23:42.4051191Z  * [new tag]           3.1.0               -> 3.1.0
2025-03-10T15:23:42.4052684Z  * [new tag]           3.1.1               -> 3.1.1
2025-03-10T15:23:42.4054569Z  * [new tag]           3.2.0               -> 3.2.0
2025-03-10T15:23:42.4055987Z  * [new tag]           3.4.0               -> 3.4.0
2025-03-10T15:23:42.4057931Z  * [new tag]           3.4.1               -> 3.4.1
2025-03-10T15:23:42.4060241Z  * [new tag]           v3.10.0             -> v3.10.0
2025-03-10T15:23:42.4061559Z  * [new tag]           v3.10.1             -> v3.10.1
2025-03-10T15:23:42.4062776Z  * [new tag]           v3.10.2             -> v3.10.2
2025-03-10T15:23:42.4064201Z  * [new tag]           v3.11.0             -> v3.11.0
2025-03-10T15:23:42.4066412Z  * [new tag]           v3.11.1             -> v3.11.1
2025-03-10T15:23:42.4067678Z  * [new tag]           v3.12.0             -> v3.12.0
2025-03-10T15:23:42.4068934Z  * [new tag]           v3.3.0              -> v3.3.0
2025-03-10T15:23:42.4070437Z  * [new tag]           v3.3.1              -> v3.3.1
2025-03-10T15:23:42.4071659Z  * [new tag]           v3.4.0              -> v3.4.0
2025-03-10T15:23:42.4073027Z  * [new tag]           v3.4.1              -> v3.4.1
2025-03-10T15:23:42.4074275Z  * [new tag]           v3.5.0              -> v3.5.0
2025-03-10T15:23:42.4075808Z  * [new tag]           v3.6.0              -> v3.6.0
2025-03-10T15:23:42.4077070Z  * [new tag]           v3.6.1              -> v3.6.1
2025-03-10T15:23:42.4078294Z  * [new tag]           v3.6.2              -> v3.6.2
2025-03-10T15:23:42.4079678Z  * [new tag]           v3.7.0              -> v3.7.0
2025-03-10T15:23:42.4081156Z  * [new tag]           v3.7.1              -> v3.7.1
2025-03-10T15:23:42.4082444Z  * [new tag]           v3.7.2              -> v3.7.2
2025-03-10T15:23:42.4083753Z  * [new tag]           v3.7.3              -> v3.7.3
2025-03-10T15:23:42.4085003Z  * [new tag]           v3.7.4              -> v3.7.4
2025-03-10T15:23:42.4086328Z  * [new tag]           v3.8.0              -> v3.8.0
2025-03-10T15:23:42.4087696Z  * [new tag]           v3.8.1              -> v3.8.1
2025-03-10T15:23:42.4089525Z  * [new tag]           v3.9.0              -> v3.9.0
2025-03-10T15:23:42.4090971Z  * [new tag]           v3.9.1              -> v3.9.1
2025-03-10T15:23:42.4092253Z  * [new tag]           v3.9.2              -> v3.9.2
2025-03-10T15:23:42.4093501Z  * [new tag]           v3.9.3              -> v3.9.3
2025-03-10T15:23:42.4095026Z  * [new tag]           v4.0.0              -> v4.0.0
2025-03-10T15:23:42.4096234Z  * [new tag]           v4.0.1              -> v4.0.1
2025-03-10T15:23:42.4097524Z  * [new tag]           v4.0.2              -> v4.0.2
2025-03-10T15:23:42.4098717Z  * [new tag]           v4.1.0              -> v4.1.0
2025-03-10T15:23:42.4099979Z  * [new tag]           v4.10.0             -> v4.10.0
2025-03-10T15:23:42.4101428Z  * [new tag]           v4.10.0-rc.1        -> v4.10.0-rc.1
2025-03-10T15:23:42.4102628Z  * [new tag]           v4.10.0-rc.2        -> v4.10.0-rc.2
2025-03-10T15:23:42.4104140Z  * [new tag]           v4.10.1             -> v4.10.1
2025-03-10T15:23:42.4105356Z  * [new tag]           v4.10.1-rc.1        -> v4.10.1-rc.1
2025-03-10T15:23:42.4107324Z  * [new tag]           v4.11.0             -> v4.11.0
2025-03-10T15:23:42.4108613Z  * [new tag]           v4.11.0-rc.1        -> v4.11.0-rc.1
2025-03-10T15:23:42.4110011Z  * [new tag]           v4.12.0             -> v4.12.0
2025-03-10T15:23:42.4111828Z  * [new tag]           v4.12.0-rc.1        -> v4.12.0-rc.1
2025-03-10T15:23:42.4113227Z  * [new tag]           v4.12.0-rc.2        -> v4.12.0-rc.2
2025-03-10T15:23:42.4114525Z  * [new tag]           v4.13.0             -> v4.13.0
2025-03-10T15:23:42.4115767Z  * [new tag]           v4.13.0-rc.1        -> v4.13.0-rc.1
2025-03-10T15:23:42.4116983Z  * [new tag]           v4.13.0-rc.2        -> v4.13.0-rc.2
2025-03-10T15:23:42.4118429Z  * [new tag]           v4.14.0             -> v4.14.0
2025-03-10T15:23:42.4119595Z  * [new tag]           v4.14.0-rc.1        -> v4.14.0-rc.1
2025-03-10T15:23:42.4121297Z  * [new tag]           v4.14.1             -> v4.14.1
2025-03-10T15:23:42.4122570Z  * [new tag]           v4.14.1-rc.1        -> v4.14.1-rc.1
2025-03-10T15:23:42.4123805Z  * [new tag]           v4.14.1-rc.2        -> v4.14.1-rc.2
2025-03-10T15:23:42.4125310Z  * [new tag]           v4.15.0             -> v4.15.0
2025-03-10T15:23:42.4126640Z  * [new tag]           v4.15.0-rc.1        -> v4.15.0-rc.1
2025-03-10T15:23:42.4127951Z  * [new tag]           v4.16.0             -> v4.16.0
2025-03-10T15:23:42.4129153Z  * [new tag]           v4.16.0-rc.1        -> v4.16.0-rc.1
2025-03-10T15:23:42.4131329Z  * [new tag]           v4.16.1             -> v4.16.1
2025-03-10T15:23:42.4141105Z  * [new tag]           v4.17.0             -> v4.17.0
2025-03-10T15:23:42.4142425Z  * [new tag]           v4.17.0-rc.1        -> v4.17.0-rc.1
2025-03-10T15:23:42.4143634Z  * [new tag]           v4.17.1             -> v4.17.1
2025-03-10T15:23:42.4144797Z  * [new tag]           v4.17.1-rc.1        -> v4.17.1-rc.1
2025-03-10T15:23:42.4145987Z  * [new tag]           v4.18.0             -> v4.18.0
2025-03-10T15:23:42.4147199Z  * [new tag]           v4.18.0-rc.1        -> v4.18.0-rc.1
2025-03-10T15:23:42.4148375Z  * [new tag]           v4.19.0             -> v4.19.0
2025-03-10T15:23:42.4149573Z  * [new tag]           v4.19.0-rc.1        -> v4.19.0-rc.1
2025-03-10T15:23:42.4151349Z  * [new tag]           v4.19.1             -> v4.19.1
2025-03-10T15:23:42.4152537Z  * [new tag]           v4.19.1-rc.1        -> v4.19.1-rc.1
2025-03-10T15:23:42.4153782Z  * [new tag]           v4.19.1-rc.2        -> v4.19.1-rc.2
2025-03-10T15:23:42.4154964Z  * [new tag]           v4.2.0              -> v4.2.0
2025-03-10T15:23:42.4156140Z  * [new tag]           v4.20.0             -> v4.20.0
2025-03-10T15:23:42.4157272Z  * [new tag]           v4.20.0-rc.1        -> v4.20.0-rc.1
2025-03-10T15:23:42.4158466Z  * [new tag]           v4.20.1             -> v4.20.1
2025-03-10T15:23:42.4159609Z  * [new tag]           v4.21.0             -> v4.21.0
2025-03-10T15:23:42.4161158Z  * [new tag]           v4.21.0-rc.1        -> v4.21.0-rc.1
2025-03-10T15:23:42.4162339Z  * [new tag]           v4.21.1             -> v4.21.1
2025-03-10T15:23:42.4163534Z  * [new tag]           v4.21.1-rc.1        -> v4.21.1-rc.1
2025-03-10T15:23:42.4164748Z  * [new tag]           v4.21.2             -> v4.21.2
2025-03-10T15:23:42.4165944Z  * [new tag]           v4.22.0             -> v4.22.0
2025-03-10T15:23:42.4167107Z  * [new tag]           v4.22.0-rc.1        -> v4.22.0-rc.1
2025-03-10T15:23:42.4168340Z  * [new tag]           v4.22.1             -> v4.22.1
2025-03-10T15:23:42.4169610Z  * [new tag]           v4.22.1-rc.1        -> v4.22.1-rc.1
2025-03-10T15:23:42.4171048Z  * [new tag]           v4.22.1-rc.2        -> v4.22.1-rc.2
2025-03-10T15:23:42.4172135Z  * [new tag]           v4.23.0             -> v4.23.0
2025-03-10T15:23:42.4174322Z  * [new tag]           v4.23.0-rc.1        -> v4.23.0-rc.1
2025-03-10T15:23:42.4175600Z  * [new tag]           v4.23.0-rc.2        -> v4.23.0-rc.2
2025-03-10T15:23:42.4177395Z  * [new tag]           v4.23.1             -> v4.23.1
2025-03-10T15:23:42.4178605Z  * [new tag]           v4.3.0              -> v4.3.0
2025-03-10T15:23:42.4179962Z  * [new tag]           v4.4.0              -> v4.4.0
2025-03-10T15:23:42.4181631Z  * [new tag]           v4.5.0              -> v4.5.0
2025-03-10T15:23:42.4183332Z  * [new tag]           v4.5.1              -> v4.5.1
2025-03-10T15:23:42.4184797Z  * [new tag]           v4.5.2              -> v4.5.2
2025-03-10T15:23:42.4186159Z  * [new tag]           v4.5.2-rc.1         -> v4.5.2-rc.1
2025-03-10T15:23:42.4187421Z  * [new tag]           v4.6.0              -> v4.6.0
2025-03-10T15:23:42.4188670Z  * [new tag]           v4.6.0-rc.1         -> v4.6.0-rc.1
2025-03-10T15:23:42.4190421Z  * [new tag]           v4.6.1              -> v4.6.1
2025-03-10T15:23:42.4191705Z  * [new tag]           v4.7.0              -> v4.7.0
2025-03-10T15:23:42.4192949Z  * [new tag]           v4.7.1              -> v4.7.1
2025-03-10T15:23:42.4194687Z  * [new tag]           v4.8.0              -> v4.8.0
2025-03-10T15:23:42.4196447Z  * [new tag]           v4.8.1              -> v4.8.1
2025-03-10T15:23:42.4198500Z  * [new tag]           v4.8.1-rc.1         -> v4.8.1-rc.1
2025-03-10T15:23:42.4199787Z  * [new tag]           v4.8.2              -> v4.8.2
2025-03-10T15:23:42.4201309Z  * [new tag]           v4.8.2-rc.1         -> v4.8.2-rc.1
2025-03-10T15:23:42.4202563Z  * [new tag]           v4.8.3              -> v4.8.3
2025-03-10T15:23:42.4203852Z  * [new tag]           v4.89.0             -> v4.89.0
2025-03-10T15:23:42.4205123Z  * [new tag]           v4.89.0-rc.1        -> v4.89.0-rc.1
2025-03-10T15:23:42.4206474Z  * [new tag]           v4.89.1             -> v4.89.1
2025-03-10T15:23:42.4207832Z  * [new tag]           v4.9.0              -> v4.9.0
2025-03-10T15:23:42.4209739Z  * [new tag]           v4.9.0-rc.0         -> v4.9.0-rc.0
2025-03-10T15:23:42.4212021Z  * [new tag]           v4.9.0-rc.1         -> v4.9.0-rc.1
2025-03-10T15:23:42.4213329Z  * [new tag]           v4.9.0-rc.2         -> v4.9.0-rc.2
2025-03-10T15:23:42.4214618Z  * [new tag]           v4.9.0-rc.3         -> v4.9.0-rc.3
2025-03-10T15:23:42.4311894Z  * [new tag]           v4.9.0-rc.4         -> v4.9.0-rc.4
2025-03-10T15:23:42.4313792Z  * [new tag]           v4.9.1              -> v4.9.1
2025-03-10T15:23:42.4315788Z  * [new tag]           v4.9.1-rc.1         -> v4.9.1-rc.1
2025-03-10T15:23:42.4316974Z  * [new tag]           v4.90.0             -> v4.90.0
2025-03-10T15:23:42.4318167Z  * [new tag]           v4.90.0-rc.1        -> v4.90.0-rc.1
2025-03-10T15:23:42.4319355Z  * [new tag]           v4.90.1             -> v4.90.1
2025-03-10T15:23:42.4320899Z  * [new tag]           v4.90.2             -> v4.90.2
2025-03-10T15:23:42.4322118Z  * [new tag]           v4.90.3             -> v4.90.3
2025-03-10T15:23:42.4323333Z  * [new tag]           v4.91.0             -> v4.91.0
2025-03-10T15:23:42.4324617Z  * [new tag]           v4.91.0-rc.1        -> v4.91.0-rc.1
2025-03-10T15:23:42.4325889Z  * [new tag]           v4.91.1             -> v4.91.1
2025-03-10T15:23:42.4327095Z  * [new tag]           v4.92.2             -> v4.92.2
2025-03-10T15:23:42.4328325Z  * [new tag]           v4.92.2-rc.1        -> v4.92.2-rc.1
2025-03-10T15:23:42.4329576Z  * [new tag]           v4.93.1             -> v4.93.1
2025-03-10T15:23:42.4331078Z  * [new tag]           v4.93.1-rc.1        -> v4.93.1-rc.1
2025-03-10T15:23:42.4332467Z  * [new tag]           v4.94.2-rc.1        -> v4.94.2-rc.1
2025-03-10T15:23:42.4333612Z  * [new tag]           v4.95.1             -> v4.95.1
2025-03-10T15:23:42.4334455Z  * [new tag]           v4.95.1-rc.1        -> v4.95.1-rc.1
2025-03-10T15:23:42.4335312Z  * [new tag]           v4.95.1-rc.2        -> v4.95.1-rc.2
2025-03-10T15:23:42.4336132Z  * [new tag]           v4.95.2             -> v4.95.2
2025-03-10T15:23:42.4336924Z  * [new tag]           v4.95.3             -> v4.95.3
2025-03-10T15:23:42.4337738Z  * [new tag]           v4.96.1             -> v4.96.1
2025-03-10T15:23:42.4338573Z  * [new tag]           v4.96.2             -> v4.96.2
2025-03-10T15:23:42.4339397Z  * [new tag]           v4.96.4             -> v4.96.4
2025-03-10T15:23:42.4340545Z  * [new tag]           v4.97.1-rc.1        -> v4.97.1-rc.1
2025-03-10T15:23:42.4341442Z  * [new tag]           v4.97.2             -> v4.97.2
2025-03-10T15:23:42.4342343Z  * [new tag]           v4.98.0-rc.1        -> v4.98.0-rc.1
2025-03-10T15:23:42.4344524Z [command]/usr/bin/git branch --list --remote origin/main
2025-03-10T15:23:42.4351555Z   origin/main
2025-03-10T15:23:42.4360478Z [command]/usr/bin/git rev-parse refs/remotes/origin/main
2025-03-10T15:23:42.4381677Z cc3c22deee4392aac109a16cb57063c24dd5fa78
2025-03-10T15:23:42.4388981Z ##[endgroup]
2025-03-10T15:23:42.4390786Z ##[group]Determining the checkout info
2025-03-10T15:23:42.4392661Z ##[endgroup]
2025-03-10T15:23:42.4395204Z [command]/usr/bin/git sparse-checkout disable
2025-03-10T15:23:42.4434843Z [command]/usr/bin/git config --local --unset-all extensions.worktreeConfig
2025-03-10T15:23:42.4462297Z ##[group]Checking out the ref
2025-03-10T15:23:42.4466639Z [command]/usr/bin/git checkout --progress --force -B main refs/remotes/origin/main
2025-03-10T15:23:42.5302895Z Switched to a new branch 'main'
2025-03-10T15:23:42.5304375Z branch 'main' set up to track 'origin/main'.
2025-03-10T15:23:42.5567770Z ##[endgroup]
2025-03-10T15:23:42.5604289Z [command]/usr/bin/git log -1 --format=%H
2025-03-10T15:23:42.5626799Z cc3c22deee4392aac109a16cb57063c24dd5fa78
2025-03-10T15:23:42.5886753Z ##[group]Run actions/setup-node@v4
2025-03-10T15:23:42.5887507Z with:
2025-03-10T15:23:42.5887972Z   node-version-file: .node-version
2025-03-10T15:23:42.5888664Z   always-auth: false
2025-03-10T15:23:42.5889191Z   check-latest: false
2025-03-10T15:23:42.5889979Z   token: ***
2025-03-10T15:23:42.5890595Z ##[endgroup]
2025-03-10T15:23:42.7633676Z Node version file is not JSON file
2025-03-10T15:23:42.7635982Z Resolved .node-version as 20.18.2
2025-03-10T15:23:42.7648785Z Attempting to download 20.18.2...
2025-03-10T15:23:43.1490857Z Acquiring 20.18.2 - x64 from https://github.com/actions/node-versions/releases/download/20.18.2-12900461873/node-20.18.2-linux-x64.tar.gz
2025-03-10T15:23:43.6749517Z Extracting ...
2025-03-10T15:23:43.6883032Z [command]/usr/bin/tar xz --strip 1 --warning=no-unknown-keyword --overwrite -C /home/runner/work/_temp/a6973064-3276-48ee-a712-f76e175df512 -f /home/runner/work/_temp/f776b477-7e43-44c0-b641-9b9afabb2b4d
2025-03-10T15:23:44.6815790Z Adding to the cache ...
2025-03-10T15:23:46.3358101Z ##[group]Environment details
2025-03-10T15:23:46.5575058Z node: v20.18.2
2025-03-10T15:23:46.5575474Z npm: 10.8.2
2025-03-10T15:23:46.5575760Z yarn: 1.22.22
2025-03-10T15:23:46.5576615Z ##[endgroup]
2025-03-10T15:23:46.5723260Z ##[group]Run npm audit
2025-03-10T15:23:46.5723579Z [36;1mnpm audit[0m
2025-03-10T15:23:46.5777035Z shell: /usr/bin/bash -e {0}
2025-03-10T15:23:46.5777314Z ##[endgroup]
2025-03-10T15:23:47.1442800Z found 0 vulnerabilities
2025-03-10T15:23:47.1576955Z Post job cleanup.
2025-03-10T15:23:47.3281092Z Post job cleanup.
2025-03-10T15:23:47.4245523Z [command]/usr/bin/git version
2025-03-10T15:23:47.4281152Z git version 2.48.1
2025-03-10T15:23:47.4323682Z Temporarily overriding HOME='/home/runner/work/_temp/369496b8-46a9-4679-9cdb-2895e07ae764' before making global git config changes
2025-03-10T15:23:47.4328849Z Adding repository directory to the temporary git global config as a safe directory
2025-03-10T15:23:47.4329874Z [command]/usr/bin/git config --global --add safe.directory /home/runner/work/code-server/code-server
2025-03-10T15:23:47.4365520Z [command]/usr/bin/git config --local --name-only --get-regexp core\.sshCommand
2025-03-10T15:23:47.4398027Z [command]/usr/bin/git submodule foreach --recursive sh -c "git config --local --name-only --get-regexp 'core\.sshCommand' && git config --local --unset-all 'core.sshCommand' || :"
2025-03-10T15:23:47.4630288Z [command]/usr/bin/git config --local --name-only --get-regexp http\.https\:\/\/github\.com\/\.extraheader
2025-03-10T15:23:47.4651916Z http.https://github.com/.extraheader
2025-03-10T15:23:47.4665201Z [command]/usr/bin/git config --local --unset-all http.https://github.com/.extraheader
2025-03-10T15:23:47.4697242Z [command]/usr/bin/git submodule foreach --recursive sh -c "git config --local --name-only --get-regexp 'http\.https\:\/\/github\.com\/\.extraheader' && git config --local --unset-all 'http.https://github.com/.extraheader' || :"
2025-03-10T15:23:47.5058038Z Cleaning up orphan processes
