2025-04-14T01:50:21.6200287Z Requested labels: macos-latest
2025-04-14T01:50:21.6200594Z Job defined at: menloresearch/jan/.github/workflows/jan-electron-linter-and-test.yml@refs/pull/4904/merge
2025-04-14T01:50:21.6200681Z Waiting for a runner to pick up this job...
2025-04-14T01:50:21.9093591Z Job is waiting for a hosted runner to come online.
2025-04-14T01:50:25.3740661Z Job is about to start running on the hosted runner: GitHub Actions 287 (hosted)
2025-04-14T01:50:27.1639330Z Current runner version: '2.323.0'
2025-04-14T01:50:27.1654960Z ##[group]Operating System
2025-04-14T01:50:27.1655410Z macOS
2025-04-14T01:50:27.1655720Z 14.7.4
2025-04-14T01:50:27.1656000Z 23H420
2025-04-14T01:50:27.1656300Z ##[endgroup]
2025-04-14T01:50:27.1656620Z ##[group]Runner Image
2025-04-14T01:50:27.1656970Z Image: macos-14-arm64
2025-04-14T01:50:27.1657310Z Version: 20250331.1204
2025-04-14T01:50:27.1657990Z Included Software: https://github.com/actions/runner-images/blob/macos-14-arm64/20250331.1204/images/macos/macos-14-arm64-Readme.md
2025-04-14T01:50:27.1658930Z Image Release: https://github.com/actions/runner-images/releases/tag/macos-14-arm64%2F20250331.1204
2025-04-14T01:50:27.1659520Z ##[endgroup]
2025-04-14T01:50:27.1659850Z ##[group]Runner Image Provisioner
2025-04-14T01:50:27.1660270Z 2.0.422.1+55c30c14fe2a0a1547db1b656933ae07d97649a9
2025-04-14T01:50:27.1660670Z ##[endgroup]
2025-04-14T01:50:27.1662110Z ##[group]GITHUB_TOKEN Permissions
2025-04-14T01:50:27.1663150Z Actions: write
2025-04-14T01:50:27.1663510Z Attestations: write
2025-04-14T01:50:27.1663830Z Checks: write
2025-04-14T01:50:27.1664170Z Contents: write
2025-04-14T01:50:27.1664490Z Deployments: write
2025-04-14T01:50:27.1664830Z Discussions: write
2025-04-14T01:50:27.1665160Z Issues: write
2025-04-14T01:50:27.1665470Z Metadata: read
2025-04-14T01:50:27.1665790Z Models: read
2025-04-14T01:50:27.1666100Z Packages: write
2025-04-14T01:50:27.1666430Z Pages: write
2025-04-14T01:50:27.1666750Z PullRequests: write
2025-04-14T01:50:27.1667090Z RepositoryProjects: write
2025-04-14T01:50:27.1667460Z SecurityEvents: write
2025-04-14T01:50:27.1667780Z Statuses: write
2025-04-14T01:50:27.1668110Z ##[endgroup]
2025-04-14T01:50:27.1669340Z Secret source: Actions
2025-04-14T01:50:27.1669820Z Prepare workflow directory
2025-04-14T01:50:27.1857460Z Prepare all required actions
2025-04-14T01:50:27.1882030Z Getting action download info
2025-04-14T01:50:27.3908270Z ##[group]Download immutable action package 'actions/checkout@v3'
2025-04-14T01:50:27.3909040Z Version: 3.6.0
2025-04-14T01:50:27.3909790Z Digest: sha256:942562b9c7d4b1f2557f1da21f4d3eb4eb4fd01f2ad78b2a6e187d1b193e0a0f
2025-04-14T01:50:27.3910660Z Source commit SHA: f43a0e5ff2bd294095638e18286ca9a3d1956744
2025-04-14T01:50:27.3911210Z ##[endgroup]
2025-04-14T01:50:27.5764000Z ##[group]Download immutable action package 'actions/setup-node@v3'
2025-04-14T01:50:27.5764550Z Version: 3.8.2
2025-04-14T01:50:27.5765040Z Digest: sha256:68fc4b9708f7154a0a41cdc7ba02b867f6c9d8cbf1979d824253e8e80bbdb973
2025-04-14T01:50:27.5765650Z Source commit SHA: 1a4442cacd436585916779262731d5b162bc6ec7
2025-04-14T01:50:27.5766120Z ##[endgroup]
2025-04-14T01:50:27.7102590Z Complete job name: test-on-macos
2025-04-14T01:50:27.7482020Z ##[group]Run actions/checkout@v3
2025-04-14T01:50:27.7482520Z with:
2025-04-14T01:50:27.7482800Z   fetch-depth: 0
2025-04-14T01:50:27.7483110Z   repository: menloresearch/jan
2025-04-14T01:50:27.7483540Z   token: ***
2025-04-14T01:50:27.7483800Z   ssh-strict: true
2025-04-14T01:50:27.7484110Z   persist-credentials: true
2025-04-14T01:50:27.7484420Z   clean: true
2025-04-14T01:50:27.7484710Z   sparse-checkout-cone-mode: true
2025-04-14T01:50:27.7485040Z   fetch-tags: false
2025-04-14T01:50:27.7485320Z   lfs: false
2025-04-14T01:50:27.7485590Z   submodules: false
2025-04-14T01:50:27.7485870Z   set-safe-directory: true
2025-04-14T01:50:27.7486270Z ##[endgroup]
2025-04-14T01:50:27.9481140Z Syncing repository: menloresearch/jan
2025-04-14T01:50:27.9482350Z ##[group]Getting Git version info
2025-04-14T01:50:27.9482790Z Working directory is '/Users/runner/work/jan/jan'
2025-04-14T01:50:27.9483460Z [command]/opt/homebrew/bin/git version
2025-04-14T01:50:27.9966960Z git version 2.49.0
2025-04-14T01:50:27.9990760Z ##[endgroup]
2025-04-14T01:50:27.9996390Z Copying '/Users/runner/.gitconfig' to '/Users/runner/work/_temp/3de6d8de-2ae2-48fa-932e-f9f72ad016e8/.gitconfig'
2025-04-14T01:50:28.0003420Z Temporarily overriding HOME='/Users/runner/work/_temp/3de6d8de-2ae2-48fa-932e-f9f72ad016e8' before making global git config changes
2025-04-14T01:50:28.0005020Z Adding repository directory to the temporary git global config as a safe directory
2025-04-14T01:50:28.0006020Z [command]/opt/homebrew/bin/git config --global --add safe.directory /Users/runner/work/jan/jan
2025-04-14T01:50:28.0079930Z Deleting the contents of '/Users/runner/work/jan/jan'
2025-04-14T01:50:28.0082080Z ##[group]Initializing the repository
2025-04-14T01:50:28.0084070Z [command]/opt/homebrew/bin/git init /Users/runner/work/jan/jan
2025-04-14T01:50:28.0240920Z hint: Using 'master' as the name for the initial branch. This default branch name
2025-04-14T01:50:28.0242040Z hint: is subject to change. To configure the initial branch name to use in all
2025-04-14T01:50:28.0242760Z hint: of your new repositories, which will suppress this warning, call:
2025-04-14T01:50:28.0243250Z hint:
2025-04-14T01:50:28.0243630Z hint: 	git config --global init.defaultBranch <name>
2025-04-14T01:50:28.0244050Z hint:
2025-04-14T01:50:28.0244460Z hint: Names commonly chosen instead of 'master' are 'main', 'trunk' and
2025-04-14T01:50:28.0245080Z hint: 'development'. The just-created branch can be renamed via this command:
2025-04-14T01:50:28.0245660Z hint:
2025-04-14T01:50:28.0245960Z hint: 	git branch -m <name>
2025-04-14T01:50:28.0246530Z Initialized empty Git repository in /Users/runner/work/jan/jan/.git/
2025-04-14T01:50:28.0247780Z [command]/opt/homebrew/bin/git remote add origin https://github.com/menloresearch/jan
2025-04-14T01:50:28.0291170Z ##[endgroup]
2025-04-14T01:50:28.0291730Z ##[group]Disabling automatic garbage collection
2025-04-14T01:50:28.0292620Z [command]/opt/homebrew/bin/git config --local gc.auto 0
2025-04-14T01:50:28.0325200Z ##[endgroup]
2025-04-14T01:50:28.0325710Z ##[group]Setting up auth
2025-04-14T01:50:28.0328140Z [command]/opt/homebrew/bin/git config --local --name-only --get-regexp core\.sshCommand
2025-04-14T01:50:28.0363410Z [command]/opt/homebrew/bin/git submodule foreach --recursive sh -c "git config --local --name-only --get-regexp 'core\.sshCommand' && git config --local --unset-all 'core.sshCommand' || :"
2025-04-14T01:50:28.1016740Z [command]/opt/homebrew/bin/git config --local --name-only --get-regexp http\.https\:\/\/github\.com\/\.extraheader
2025-04-14T01:50:28.1053240Z [command]/opt/homebrew/bin/git submodule foreach --recursive sh -c "git config --local --name-only --get-regexp 'http\.https\:\/\/github\.com\/\.extraheader' && git config --local --unset-all 'http.https://github.com/.extraheader' || :"
2025-04-14T01:50:28.1624570Z [command]/opt/homebrew/bin/git config --local http.https://github.com/.extraheader AUTHORIZATION: basic ***
2025-04-14T01:50:28.1675510Z ##[endgroup]
2025-04-14T01:50:28.1676660Z ##[group]Fetching the repository
2025-04-14T01:50:28.1680620Z [command]/opt/homebrew/bin/git -c protocol.version=2 fetch --prune --progress --no-recurse-submodules origin +refs/heads/*:refs/remotes/origin/* +refs/tags/*:refs/tags/* +f34bba54dba9b9db7394213a9ff04b0b97a07619:refs/remotes/pull/4904/merge
2025-04-14T01:50:28.9299960Z remote: Enumerating objects: 45305, done.        
2025-04-14T01:50:28.9304160Z remote: Counting objects:   0% (1/368)        
2025-04-14T01:50:28.9307270Z remote: Counting objects:   1% (4/368)        
2025-04-14T01:50:28.9310280Z remote: Counting objects:   2% (8/368)        
2025-04-14T01:50:28.9313170Z remote: Counting objects:   3% (12/368)        
2025-04-14T01:50:28.9316210Z remote: Counting objects:   4% (15/368)        
2025-04-14T01:50:28.9319210Z remote: Counting objects:   5% (19/368)        
2025-04-14T01:50:28.9322280Z remote: Counting objects:   6% (23/368)        
2025-04-14T01:50:28.9325330Z remote: Counting objects:   7% (26/368)        
2025-04-14T01:50:28.9328510Z remote: Counting objects:   8% (30/368)        
2025-04-14T01:50:28.9335010Z remote: Counting objects:   9% (34/368)        
2025-04-14T01:50:28.9338590Z remote: Counting objects:  10% (37/368)        
2025-04-14T01:50:28.9341390Z remote: Counting objects:  11% (41/368)        
2025-04-14T01:50:28.9344040Z remote: Counting objects:  12% (45/368)        
2025-04-14T01:50:28.9352480Z remote: Counting objects:  13% (48/368)        
2025-04-14T01:50:28.9354790Z remote: Counting objects:  14% (52/368)        
2025-04-14T01:50:28.9357120Z remote: Counting objects:  15% (56/368)        
2025-04-14T01:50:28.9359070Z remote: Counting objects:  16% (59/368)        
2025-04-14T01:50:28.9360990Z remote: Counting objects:  17% (63/368)        
2025-04-14T01:50:28.9362940Z remote: Counting objects:  18% (67/368)        
2025-04-14T01:50:28.9364860Z remote: Counting objects:  19% (70/368)        
2025-04-14T01:50:28.9425180Z remote: Counting objects:  20% (74/368)        
2025-04-14T01:50:28.9427560Z remote: Counting objects:  21% (78/368)        
2025-04-14T01:50:28.9429490Z remote: Counting objects:  22% (81/368)        
2025-04-14T01:50:28.9431470Z remote: Counting objects:  23% (85/368)        
2025-04-14T01:50:28.9433450Z remote: Counting objects:  24% (89/368)        
2025-04-14T01:50:28.9435560Z remote: Counting objects:  25% (92/368)        
2025-04-14T01:50:28.9437500Z remote: Counting objects:  26% (96/368)        
2025-04-14T01:50:28.9439430Z remote: Counting objects:  27% (100/368)        
2025-04-14T01:50:28.9441840Z remote: Counting objects:  28% (104/368)        
2025-04-14T01:50:28.9444160Z remote: Counting objects:  29% (107/368)        
2025-04-14T01:50:28.9445820Z remote: Counting objects:  30% (111/368)        
2025-04-14T01:50:28.9447470Z remote: Counting objects:  31% (115/368)        
2025-04-14T01:50:28.9449330Z remote: Counting objects:  32% (118/368)        
2025-04-14T01:50:28.9451030Z remote: Counting objects:  33% (122/368)        
2025-04-14T01:50:28.9452780Z remote: Counting objects:  34% (126/368)        
2025-04-14T01:50:28.9454510Z remote: Counting objects:  35% (129/368)        
2025-04-14T01:50:28.9456200Z remote: Counting objects:  36% (133/368)        
2025-04-14T01:50:28.9457890Z remote: Counting objects:  37% (137/368)        
2025-04-14T01:50:28.9459630Z remote: Counting objects:  38% (140/368)        
2025-04-14T01:50:28.9461320Z remote: Counting objects:  39% (144/368)        
2025-04-14T01:50:28.9463070Z remote: Counting objects:  40% (148/368)        
2025-04-14T01:50:28.9464830Z remote: Counting objects:  41% (151/368)        
2025-04-14T01:50:28.9466570Z remote: Counting objects:  42% (155/368)        
2025-04-14T01:50:28.9468360Z remote: Counting objects:  43% (159/368)        
2025-04-14T01:50:28.9470240Z remote: Counting objects:  44% (162/368)        
2025-04-14T01:50:28.9472060Z remote: Counting objects:  45% (166/368)        
2025-04-14T01:50:28.9473820Z remote: Counting objects:  46% (170/368)        
2025-04-14T01:50:28.9475580Z remote: Counting objects:  47% (173/368)        
2025-04-14T01:50:28.9478850Z remote: Counting objects:  48% (177/368)        
2025-04-14T01:50:28.9480770Z remote: Counting objects:  49% (181/368)        
2025-04-14T01:50:28.9482610Z remote: Counting objects:  50% (184/368)        
2025-04-14T01:50:28.9484410Z remote: Counting objects:  51% (188/368)        
2025-04-14T01:50:28.9486180Z remote: Counting objects:  52% (192/368)        
2025-04-14T01:50:28.9487870Z remote: Counting objects:  53% (196/368)        
2025-04-14T01:50:28.9489540Z remote: Counting objects:  54% (199/368)        
2025-04-14T01:50:28.9491050Z remote: Counting objects:  55% (203/368)        
2025-04-14T01:50:28.9492550Z remote: Counting objects:  56% (207/368)        
2025-04-14T01:50:28.9494010Z remote: Counting objects:  57% (210/368)        
2025-04-14T01:50:28.9495490Z remote: Counting objects:  58% (214/368)        
2025-04-14T01:50:28.9496940Z remote: Counting objects:  59% (218/368)        
2025-04-14T01:50:28.9498410Z remote: Counting objects:  60% (221/368)        
2025-04-14T01:50:28.9499870Z remote: Counting objects:  61% (225/368)        
2025-04-14T01:50:28.9501290Z remote: Counting objects:  62% (229/368)        
2025-04-14T01:50:28.9502940Z remote: Counting objects:  63% (232/368)        
2025-04-14T01:50:28.9504430Z remote: Counting objects:  64% (236/368)        
2025-04-14T01:50:28.9505860Z remote: Counting objects:  65% (240/368)        
2025-04-14T01:50:28.9516380Z remote: Counting objects:  66% (243/368)        
2025-04-14T01:50:28.9517860Z remote: Counting objects:  67% (247/368)        
2025-04-14T01:50:28.9519290Z remote: Counting objects:  68% (251/368)        
2025-04-14T01:50:28.9520690Z remote: Counting objects:  69% (254/368)        
2025-04-14T01:50:28.9522110Z remote: Counting objects:  70% (258/368)        
2025-04-14T01:50:28.9523490Z remote: Counting objects:  71% (262/368)        
2025-04-14T01:50:28.9524910Z remote: Counting objects:  72% (265/368)        
2025-04-14T01:50:28.9526300Z remote: Counting objects:  73% (269/368)        
2025-04-14T01:50:28.9527740Z remote: Counting objects:  74% (273/368)        
2025-04-14T01:50:28.9529120Z remote: Counting objects:  75% (276/368)        
2025-04-14T01:50:28.9530600Z remote: Counting objects:  76% (280/368)        
2025-04-14T01:50:28.9531950Z remote: Counting objects:  77% (284/368)        
2025-04-14T01:50:28.9533350Z remote: Counting objects:  78% (288/368)        
2025-04-14T01:50:28.9536170Z remote: Counting objects:  79% (291/368)        
2025-04-14T01:50:28.9537810Z remote: Counting objects:  80% (295/368)        
2025-04-14T01:50:28.9539380Z remote: Counting objects:  81% (299/368)        
2025-04-14T01:50:28.9540960Z remote: Counting objects:  82% (302/368)        
2025-04-14T01:50:28.9542510Z remote: Counting objects:  83% (306/368)        
2025-04-14T01:50:28.9543990Z remote: Counting objects:  84% (310/368)        
2025-04-14T01:50:28.9545420Z remote: Counting objects:  85% (313/368)        
2025-04-14T01:50:28.9546870Z remote: Counting objects:  86% (317/368)        
2025-04-14T01:50:28.9548510Z remote: Counting objects:  87% (321/368)        
2025-04-14T01:50:28.9549920Z remote: Counting objects:  88% (324/368)        
2025-04-14T01:50:28.9551390Z remote: Counting objects:  89% (328/368)        
2025-04-14T01:50:28.9552850Z remote: Counting objects:  90% (332/368)        
2025-04-14T01:50:28.9554280Z remote: Counting objects:  91% (335/368)        
2025-04-14T01:50:28.9556120Z remote: Counting objects:  92% (339/368)        
2025-04-14T01:50:28.9557510Z remote: Counting objects:  93% (343/368)        
2025-04-14T01:50:28.9558900Z remote: Counting objects:  94% (346/368)        
2025-04-14T01:50:28.9560300Z remote: Counting objects:  95% (350/368)        
2025-04-14T01:50:28.9561680Z remote: Counting objects:  96% (354/368)        
2025-04-14T01:50:28.9563070Z remote: Counting objects:  97% (357/368)        
2025-04-14T01:50:28.9564470Z remote: Counting objects:  98% (361/368)        
2025-04-14T01:50:28.9565870Z remote: Counting objects:  99% (365/368)        
2025-04-14T01:50:28.9568210Z remote: Counting objects: 100% (368/368)        
2025-04-14T01:50:28.9569760Z remote: Counting objects: 100% (368/368), done.        
2025-04-14T01:50:28.9571260Z remote: Compressing objects:   0% (1/182)        
2025-04-14T01:50:28.9572720Z remote: Compressing objects:   1% (2/182)        
2025-04-14T01:50:28.9574140Z remote: Compressing objects:   2% (4/182)        
2025-04-14T01:50:28.9575600Z remote: Compressing objects:   3% (6/182)        
2025-04-14T01:50:28.9577020Z remote: Compressing objects:   4% (8/182)        
2025-04-14T01:50:28.9578450Z remote: Compressing objects:   5% (10/182)        
2025-04-14T01:50:28.9579890Z remote: Compressing objects:   6% (11/182)        
2025-04-14T01:50:28.9581320Z remote: Compressing objects:   7% (13/182)        
2025-04-14T01:50:28.9582760Z remote: Compressing objects:   8% (15/182)        
2025-04-14T01:50:28.9584190Z remote: Compressing objects:   9% (17/182)        
2025-04-14T01:50:28.9585600Z remote: Compressing objects:  10% (19/182)        
2025-04-14T01:50:28.9587030Z remote: Compressing objects:  11% (21/182)        
2025-04-14T01:50:28.9588450Z remote: Compressing objects:  12% (22/182)        
2025-04-14T01:50:28.9589870Z remote: Compressing objects:  13% (24/182)        
2025-04-14T01:50:28.9591280Z remote: Compressing objects:  14% (26/182)        
2025-04-14T01:50:28.9592680Z remote: Compressing objects:  15% (28/182)        
2025-04-14T01:50:28.9627760Z remote: Compressing objects:  16% (30/182)        
2025-04-14T01:50:28.9629840Z remote: Compressing objects:  17% (31/182)        
2025-04-14T01:50:28.9631560Z remote: Compressing objects:  18% (33/182)        
2025-04-14T01:50:28.9633030Z remote: Compressing objects:  19% (35/182)        
2025-04-14T01:50:28.9634470Z remote: Compressing objects:  20% (37/182)        
2025-04-14T01:50:28.9635890Z remote: Compressing objects:  21% (39/182)        
2025-04-14T01:50:28.9637440Z remote: Compressing objects:  22% (41/182)        
2025-04-14T01:50:28.9638860Z remote: Compressing objects:  23% (42/182)        
2025-04-14T01:50:28.9640340Z remote: Compressing objects:  24% (44/182)        
2025-04-14T01:50:28.9641850Z remote: Compressing objects:  25% (46/182)        
2025-04-14T01:50:28.9643480Z remote: Compressing objects:  26% (48/182)        
2025-04-14T01:50:28.9645400Z remote: Compressing objects:  27% (50/182)        
2025-04-14T01:50:28.9648290Z remote: Compressing objects:  28% (51/182)        
2025-04-14T01:50:28.9649770Z remote: Compressing objects:  29% (53/182)        
2025-04-14T01:50:28.9651400Z remote: Compressing objects:  30% (55/182)        
2025-04-14T01:50:28.9652970Z remote: Compressing objects:  31% (57/182)        
2025-04-14T01:50:28.9654410Z remote: Compressing objects:  32% (59/182)        
2025-04-14T01:50:28.9655830Z remote: Compressing objects:  33% (61/182)        
2025-04-14T01:50:28.9657320Z remote: Compressing objects:  34% (62/182)        
2025-04-14T01:50:28.9659880Z remote: Compressing objects:  35% (64/182)        
2025-04-14T01:50:28.9661410Z remote: Compressing objects:  36% (66/182)        
2025-04-14T01:50:28.9662910Z remote: Compressing objects:  37% (68/182)        
2025-04-14T01:50:28.9664340Z remote: Compressing objects:  38% (70/182)        
2025-04-14T01:50:28.9665750Z remote: Compressing objects:  39% (71/182)        
2025-04-14T01:50:28.9667310Z remote: Compressing objects:  40% (73/182)        
2025-04-14T01:50:28.9668690Z remote: Compressing objects:  41% (75/182)        
2025-04-14T01:50:28.9670160Z remote: Compressing objects:  42% (77/182)        
2025-04-14T01:50:28.9671570Z remote: Compressing objects:  43% (79/182)        
2025-04-14T01:50:28.9672950Z remote: Compressing objects:  44% (81/182)        
2025-04-14T01:50:28.9674340Z remote: Compressing objects:  45% (82/182)        
2025-04-14T01:50:28.9675570Z remote: Compressing objects:  46% (84/182)        
2025-04-14T01:50:28.9676720Z remote: Compressing objects:  47% (86/182)        
2025-04-14T01:50:28.9677860Z remote: Compressing objects:  48% (88/182)        
2025-04-14T01:50:28.9679510Z remote: Compressing objects:  49% (90/182)        
2025-04-14T01:50:28.9680710Z remote: Compressing objects:  50% (91/182)        
2025-04-14T01:50:28.9681840Z remote: Compressing objects:  51% (93/182)        
2025-04-14T01:50:28.9682970Z remote: Compressing objects:  52% (95/182)        
2025-04-14T01:50:28.9684110Z remote: Compressing objects:  53% (97/182)        
2025-04-14T01:50:28.9685260Z remote: Compressing objects:  54% (99/182)        
2025-04-14T01:50:28.9686430Z remote: Compressing objects:  55% (101/182)        
2025-04-14T01:50:28.9687590Z remote: Compressing objects:  56% (102/182)        
2025-04-14T01:50:28.9688730Z remote: Compressing objects:  57% (104/182)        
2025-04-14T01:50:28.9689870Z remote: Compressing objects:  58% (106/182)        
2025-04-14T01:50:28.9691010Z remote: Compressing objects:  59% (108/182)        
2025-04-14T01:50:28.9692140Z remote: Compressing objects:  60% (110/182)        
2025-04-14T01:50:28.9693270Z remote: Compressing objects:  61% (112/182)        
2025-04-14T01:50:28.9694430Z remote: Compressing objects:  62% (113/182)        
2025-04-14T01:50:28.9695570Z remote: Compressing objects:  63% (115/182)        
2025-04-14T01:50:28.9696700Z remote: Compressing objects:  64% (117/182)        
2025-04-14T01:50:28.9697840Z remote: Compressing objects:  65% (119/182)        
2025-04-14T01:50:28.9698970Z remote: Compressing objects:  66% (121/182)        
2025-04-14T01:50:28.9700540Z remote: Compressing objects:  67% (122/182)        
2025-04-14T01:50:28.9701670Z remote: Compressing objects:  68% (124/182)        
2025-04-14T01:50:28.9702810Z remote: Compressing objects:  69% (126/182)        
2025-04-14T01:50:28.9703940Z remote: Compressing objects:  70% (128/182)        
2025-04-14T01:50:28.9705070Z remote: Compressing objects:  71% (130/182)        
2025-04-14T01:50:28.9706200Z remote: Compressing objects:  72% (132/182)        
2025-04-14T01:50:28.9707490Z remote: Compressing objects:  73% (133/182)        
2025-04-14T01:50:28.9708640Z remote: Compressing objects:  74% (135/182)        
2025-04-14T01:50:28.9709790Z remote: Compressing objects:  75% (137/182)        
2025-04-14T01:50:28.9710940Z remote: Compressing objects:  76% (139/182)        
2025-04-14T01:50:28.9712070Z remote: Compressing objects:  77% (141/182)        
2025-04-14T01:50:28.9713220Z remote: Compressing objects:  78% (142/182)        
2025-04-14T01:50:28.9714390Z remote: Compressing objects:  79% (144/182)        
2025-04-14T01:50:28.9715530Z remote: Compressing objects:  80% (146/182)        
2025-04-14T01:50:28.9716690Z remote: Compressing objects:  81% (148/182)        
2025-04-14T01:50:28.9717830Z remote: Compressing objects:  82% (150/182)        
2025-04-14T01:50:28.9718990Z remote: Compressing objects:  83% (152/182)        
2025-04-14T01:50:28.9720130Z remote: Compressing objects:  84% (153/182)        
2025-04-14T01:50:28.9721280Z remote: Compressing objects:  85% (155/182)        
2025-04-14T01:50:28.9722430Z remote: Compressing objects:  86% (157/182)        
2025-04-14T01:50:28.9723570Z remote: Compressing objects:  87% (159/182)        
2025-04-14T01:50:28.9724710Z remote: Compressing objects:  88% (161/182)        
2025-04-14T01:50:28.9725850Z remote: Compressing objects:  89% (162/182)        
2025-04-14T01:50:28.9727020Z remote: Compressing objects:  90% (164/182)        
2025-04-14T01:50:28.9728160Z remote: Compressing objects:  91% (166/182)        
2025-04-14T01:50:28.9729320Z remote: Compressing objects:  92% (168/182)        
2025-04-14T01:50:28.9730470Z remote: Compressing objects:  93% (170/182)        
2025-04-14T01:50:28.9731630Z remote: Compressing objects:  94% (172/182)        
2025-04-14T01:50:28.9732760Z remote: Compressing objects:  95% (173/182)        
2025-04-14T01:50:28.9733880Z remote: Compressing objects:  96% (175/182)        
2025-04-14T01:50:28.9735020Z remote: Compressing objects:  97% (177/182)        
2025-04-14T01:50:28.9736170Z remote: Compressing objects:  98% (179/182)        
2025-04-14T01:50:28.9737300Z remote: Compressing objects:  99% (181/182)        
2025-04-14T01:50:28.9738770Z remote: Compressing objects: 100% (182/182)        
2025-04-14T01:50:28.9740050Z remote: Compressing objects: 100% (182/182), done.        
2025-04-14T01:50:29.1243800Z Receiving objects:   0% (1/45305)
2025-04-14T01:50:29.1822280Z Receiving objects:   1% (454/45305)
2025-04-14T01:50:29.2134670Z Receiving objects:   2% (907/45305)
2025-04-14T01:50:29.2404610Z Receiving objects:   3% (1360/45305)
2025-04-14T01:50:29.2510300Z Receiving objects:   4% (1813/45305)
2025-04-14T01:50:29.2595950Z Receiving objects:   5% (2266/45305)
2025-04-14T01:50:29.2670680Z Receiving objects:   6% (2719/45305)
2025-04-14T01:50:29.2726170Z Receiving objects:   7% (3172/45305)
2025-04-14T01:50:29.2779570Z Receiving objects:   8% (3625/45305)
2025-04-14T01:50:29.2891820Z Receiving objects:   9% (4078/45305)
2025-04-14T01:50:29.3818350Z Receiving objects:  10% (4531/45305)
2025-04-14T01:50:30.1188110Z Receiving objects:  11% (4984/45305)
2025-04-14T01:50:30.9876700Z Receiving objects:  11% (5085/45305), 46.11 MiB | 45.75 MiB/s
2025-04-14T01:50:31.9907940Z Receiving objects:  11% (5095/45305), 112.30 MiB | 55.87 MiB/s
2025-04-14T01:50:32.7971050Z Receiving objects:  11% (5103/45305), 178.39 MiB | 59.21 MiB/s
2025-04-14T01:50:32.9876450Z Receiving objects:  12% (5437/45305), 212.04 MiB | 60.36 MiB/s
2025-04-14T01:50:33.1886940Z Receiving objects:  12% (5575/45305), 212.04 MiB | 60.36 MiB/s
2025-04-14T01:50:33.1955610Z Receiving objects:  13% (5890/45305), 244.92 MiB | 61.03 MiB/s
2025-04-14T01:50:33.2955930Z Receiving objects:  14% (6343/45305), 244.92 MiB | 61.03 MiB/s
2025-04-14T01:50:33.3060320Z Receiving objects:  15% (6796/45305), 244.92 MiB | 61.03 MiB/s
2025-04-14T01:50:33.4426870Z Receiving objects:  16% (7249/45305), 244.92 MiB | 61.03 MiB/s
2025-04-14T01:50:33.9932070Z Receiving objects:  17% (7702/45305), 244.92 MiB | 61.03 MiB/s
2025-04-14T01:50:34.9872540Z Receiving objects:  17% (7953/45305), 311.81 MiB | 66.13 MiB/s
2025-04-14T01:50:35.2797710Z Receiving objects:  17% (8028/45305), 345.05 MiB | 66.33 MiB/s
2025-04-14T01:50:35.2927480Z Receiving objects:  18% (8155/45305), 378.36 MiB | 66.43 MiB/s
2025-04-14T01:50:35.2943450Z Receiving objects:  19% (8608/45305), 378.36 MiB | 66.43 MiB/s
2025-04-14T01:50:35.9935870Z Receiving objects:  20% (9061/45305), 378.36 MiB | 66.43 MiB/s
2025-04-14T01:50:36.4791440Z Receiving objects:  20% (9175/45305), 444.93 MiB | 66.53 MiB/s
2025-04-14T01:50:36.7449020Z Receiving objects:  21% (9515/45305), 444.93 MiB | 66.53 MiB/s
2025-04-14T01:50:36.7587620Z Receiving objects:  22% (9968/45305), 478.43 MiB | 66.65 MiB/s
2025-04-14T01:50:36.9967990Z Receiving objects:  23% (10421/45305), 478.43 MiB | 66.65 MiB/s
2025-04-14T01:50:37.9868740Z Receiving objects:  23% (10826/45305), 508.01 MiB | 65.71 MiB/s
2025-04-14T01:50:38.0187390Z Receiving objects:  23% (10862/45305), 539.46 MiB | 65.40 MiB/s
2025-04-14T01:50:38.0295540Z Receiving objects:  24% (10874/45305), 572.21 MiB | 65.18 MiB/s
2025-04-14T01:50:38.0296140Z Receiving objects:  25% (11327/45305), 572.21 MiB | 65.18 MiB/s
2025-04-14T01:50:38.0644150Z Receiving objects:  26% (11780/45305), 572.21 MiB | 65.18 MiB/s
2025-04-14T01:50:38.1662160Z Receiving objects:  27% (12233/45305), 572.21 MiB | 65.18 MiB/s
2025-04-14T01:50:38.2799720Z Receiving objects:  28% (12686/45305), 572.21 MiB | 65.18 MiB/s
2025-04-14T01:50:39.0022200Z Receiving objects:  29% (13139/45305), 572.21 MiB | 65.18 MiB/s
2025-04-14T01:50:39.6198860Z Receiving objects:  29% (13164/45305), 638.05 MiB | 65.01 MiB/s
2025-04-14T01:50:39.6213550Z Receiving objects:  30% (13592/45305), 671.32 MiB | 65.02 MiB/s
2025-04-14T01:50:39.6222650Z Receiving objects:  31% (14045/45305), 671.32 MiB | 65.02 MiB/s
2025-04-14T01:50:39.6234650Z Receiving objects:  32% (14498/45305), 671.32 MiB | 65.02 MiB/s
2025-04-14T01:50:39.6510380Z Receiving objects:  33% (14951/45305), 671.32 MiB | 65.02 MiB/s
2025-04-14T01:50:39.6517380Z Receiving objects:  34% (15404/45305), 671.32 MiB | 65.02 MiB/s
2025-04-14T01:50:39.6522080Z Receiving objects:  35% (15857/45305), 671.32 MiB | 65.02 MiB/s
2025-04-14T01:50:39.6534230Z Receiving objects:  36% (16310/45305), 671.32 MiB | 65.02 MiB/s
2025-04-14T01:50:39.6758500Z Receiving objects:  37% (16763/45305), 671.32 MiB | 65.02 MiB/s
2025-04-14T01:50:39.6770090Z Receiving objects:  38% (17216/45305), 671.32 MiB | 65.02 MiB/s
2025-04-14T01:50:39.6785000Z Receiving objects:  39% (17669/45305), 671.32 MiB | 65.02 MiB/s
2025-04-14T01:50:39.6830290Z Receiving objects:  40% (18122/45305), 671.32 MiB | 65.02 MiB/s
2025-04-14T01:50:39.6845330Z Receiving objects:  41% (18576/45305), 671.32 MiB | 65.02 MiB/s
2025-04-14T01:50:39.6932680Z Receiving objects:  42% (19029/45305), 671.32 MiB | 65.02 MiB/s
2025-04-14T01:50:39.6953800Z Receiving objects:  43% (19482/45305), 671.32 MiB | 65.02 MiB/s
2025-04-14T01:50:39.6961100Z Receiving objects:  44% (19935/45305), 671.32 MiB | 65.02 MiB/s
2025-04-14T01:50:39.7046820Z Receiving objects:  45% (20388/45305), 671.32 MiB | 65.02 MiB/s
2025-04-14T01:50:39.7060160Z Receiving objects:  46% (20841/45305), 671.32 MiB | 65.02 MiB/s
2025-04-14T01:50:40.0024350Z Receiving objects:  47% (21294/45305), 671.32 MiB | 65.02 MiB/s
2025-04-14T01:50:40.1166030Z Receiving objects:  47% (21539/45305), 704.34 MiB | 64.99 MiB/s
2025-04-14T01:50:40.1177330Z Receiving objects:  48% (21747/45305), 704.34 MiB | 64.99 MiB/s
2025-04-14T01:50:40.1184250Z Receiving objects:  49% (22200/45305), 704.34 MiB | 64.99 MiB/s
2025-04-14T01:50:40.1197070Z Receiving objects:  50% (22653/45305), 704.34 MiB | 64.99 MiB/s
2025-04-14T01:50:40.1270550Z Receiving objects:  51% (23106/45305), 704.34 MiB | 64.99 MiB/s
2025-04-14T01:50:40.4659550Z Receiving objects:  52% (23559/45305), 704.34 MiB | 64.99 MiB/s
2025-04-14T01:50:40.4671450Z Receiving objects:  53% (24012/45305), 704.34 MiB | 64.99 MiB/s
2025-04-14T01:50:40.4706860Z Receiving objects:  54% (24465/45305), 704.34 MiB | 64.99 MiB/s
2025-04-14T01:50:41.0080970Z Receiving objects:  55% (24918/45305), 704.34 MiB | 64.99 MiB/s
2025-04-14T01:50:41.1926280Z Receiving objects:  55% (25359/45305), 771.16 MiB | 64.90 MiB/s
2025-04-14T01:50:41.2440050Z Receiving objects:  56% (25371/45305), 771.16 MiB | 64.90 MiB/s
2025-04-14T01:50:41.9821520Z Receiving objects:  57% (25824/45305), 771.16 MiB | 64.90 MiB/s
2025-04-14T01:50:42.3344630Z Receiving objects:  57% (25977/45305), 803.78 MiB | 65.60 MiB/s
2025-04-14T01:50:42.5485610Z Receiving objects:  58% (26277/45305), 837.64 MiB | 66.13 MiB/s
2025-04-14T01:50:42.5489310Z Receiving objects:  59% (26730/45305), 870.31 MiB | 66.19 MiB/s
2025-04-14T01:50:42.5502090Z Receiving objects:  60% (27183/45305), 870.31 MiB | 66.19 MiB/s
2025-04-14T01:50:42.5511120Z Receiving objects:  61% (27637/45305), 870.31 MiB | 66.19 MiB/s
2025-04-14T01:50:42.5580430Z Receiving objects:  62% (28090/45305), 870.31 MiB | 66.19 MiB/s
2025-04-14T01:50:42.5588820Z Receiving objects:  63% (28543/45305), 870.31 MiB | 66.19 MiB/s
2025-04-14T01:50:42.5600220Z Receiving objects:  64% (28996/45305), 870.31 MiB | 66.19 MiB/s
2025-04-14T01:50:42.6928730Z Receiving objects:  65% (29449/45305), 870.31 MiB | 66.19 MiB/s
2025-04-14T01:50:42.7044140Z Receiving objects:  66% (29902/45305), 870.31 MiB | 66.19 MiB/s
2025-04-14T01:50:42.7122350Z Receiving objects:  67% (30355/45305), 870.31 MiB | 66.19 MiB/s
2025-04-14T01:50:43.0143560Z Receiving objects:  68% (30808/45305), 870.31 MiB | 66.19 MiB/s
2025-04-14T01:50:43.9054050Z Receiving objects:  68% (31020/45305), 904.03 MiB | 66.29 MiB/s
2025-04-14T01:50:44.0146640Z Receiving objects:  69% (31261/45305), 937.07 MiB | 66.30 MiB/s
2025-04-14T01:50:44.3232500Z Receiving objects:  69% (31589/45305), 970.10 MiB | 66.24 MiB/s
2025-04-14T01:50:44.8121110Z Receiving objects:  70% (31714/45305), 970.10 MiB | 66.24 MiB/s
2025-04-14T01:50:44.8140290Z Receiving objects:  71% (32167/45305), 1003.51 MiB | 66.34 MiB/s
2025-04-14T01:50:44.8202450Z Receiving objects:  72% (32620/45305), 1003.51 MiB | 66.34 MiB/s
2025-04-14T01:50:44.8207540Z Receiving objects:  73% (33073/45305), 1003.51 MiB | 66.34 MiB/s
2025-04-14T01:50:44.8262790Z Receiving objects:  74% (33526/45305), 1003.51 MiB | 66.34 MiB/s
2025-04-14T01:50:44.8276420Z Receiving objects:  75% (33979/45305), 1003.51 MiB | 66.34 MiB/s
2025-04-14T01:50:44.8292760Z Receiving objects:  76% (34432/45305), 1003.51 MiB | 66.34 MiB/s
2025-04-14T01:50:44.8426640Z Receiving objects:  77% (34885/45305), 1003.51 MiB | 66.34 MiB/s
2025-04-14T01:50:44.8432350Z Receiving objects:  78% (35338/45305), 1003.51 MiB | 66.34 MiB/s
2025-04-14T01:50:44.8460030Z Receiving objects:  79% (35791/45305), 1003.51 MiB | 66.34 MiB/s
2025-04-14T01:50:44.8473250Z Receiving objects:  80% (36244/45305), 1003.51 MiB | 66.34 MiB/s
2025-04-14T01:50:44.8483960Z Receiving objects:  81% (36698/45305), 1003.51 MiB | 66.34 MiB/s
2025-04-14T01:50:44.8513920Z Receiving objects:  82% (37151/45305), 1003.51 MiB | 66.34 MiB/s
2025-04-14T01:50:44.8526880Z Receiving objects:  83% (37604/45305), 1003.51 MiB | 66.34 MiB/s
2025-04-14T01:50:44.8541890Z Receiving objects:  84% (38057/45305), 1003.51 MiB | 66.34 MiB/s
2025-04-14T01:50:44.9798850Z Receiving objects:  85% (38510/45305), 1003.51 MiB | 66.34 MiB/s
2025-04-14T01:50:45.2471870Z Receiving objects:  85% (38639/45305), 1003.51 MiB | 66.34 MiB/s
2025-04-14T01:50:45.2484910Z Receiving objects:  86% (38963/45305), 1.01 GiB | 66.40 MiB/s   
2025-04-14T01:50:45.2494720Z Receiving objects:  87% (39416/45305), 1.01 GiB | 66.40 MiB/s
2025-04-14T01:50:45.2514050Z Receiving objects:  88% (39869/45305), 1.01 GiB | 66.40 MiB/s
2025-04-14T01:50:45.3339790Z Receiving objects:  89% (40322/45305), 1.01 GiB | 66.40 MiB/s
2025-04-14T01:50:45.4000290Z Receiving objects:  90% (40775/45305), 1.01 GiB | 66.40 MiB/s
2025-04-14T01:50:45.4071070Z Receiving objects:  91% (41228/45305), 1.01 GiB | 66.40 MiB/s
2025-04-14T01:50:45.4082320Z Receiving objects:  92% (41681/45305), 1.01 GiB | 66.40 MiB/s
2025-04-14T01:50:45.5637410Z Receiving objects:  93% (42134/45305), 1.01 GiB | 66.40 MiB/s
2025-04-14T01:50:45.5771030Z Receiving objects:  94% (42587/45305), 1.04 GiB | 66.00 MiB/s
2025-04-14T01:50:45.5819370Z Receiving objects:  95% (43040/45305), 1.04 GiB | 66.00 MiB/s
2025-04-14T01:50:45.5857350Z Receiving objects:  96% (43493/45305), 1.04 GiB | 66.00 MiB/s
2025-04-14T01:50:45.6043690Z Receiving objects:  97% (43946/45305), 1.04 GiB | 66.00 MiB/s
2025-04-14T01:50:45.6248120Z Receiving objects:  98% (44399/45305), 1.04 GiB | 66.00 MiB/s
2025-04-14T01:50:45.6419020Z Receiving objects:  99% (44852/45305), 1.04 GiB | 66.00 MiB/s
2025-04-14T01:50:45.6419620Z remote: Total 45305 (delta 240), reused 208 (delta 180), pack-reused 44937 (from 2)        
2025-04-14T01:50:45.6428820Z Receiving objects: 100% (45305/45305), 1.04 GiB | 66.00 MiB/s
2025-04-14T01:50:45.6429120Z Receiving objects: 100% (45305/45305), 1.05 GiB | 64.65 MiB/s, done.
2025-04-14T01:50:45.6526430Z Resolving deltas:   0% (0/27151)
2025-04-14T01:50:45.6559320Z Resolving deltas:   1% (272/27151)
2025-04-14T01:50:45.6583370Z Resolving deltas:   2% (544/27151)
2025-04-14T01:50:45.6602770Z Resolving deltas:   3% (815/27151)
2025-04-14T01:50:45.6667610Z Resolving deltas:   4% (1087/27151)
2025-04-14T01:50:45.6715170Z Resolving deltas:   5% (1358/27151)
2025-04-14T01:50:45.6739680Z Resolving deltas:   6% (1630/27151)
2025-04-14T01:50:45.6835510Z Resolving deltas:   7% (1901/27151)
2025-04-14T01:50:45.6862520Z Resolving deltas:   8% (2173/27151)
2025-04-14T01:50:45.6893220Z Resolving deltas:   9% (2444/27151)
2025-04-14T01:50:45.6920590Z Resolving deltas:  10% (2716/27151)
2025-04-14T01:50:45.6946530Z Resolving deltas:  11% (2987/27151)
2025-04-14T01:50:45.6977500Z Resolving deltas:  12% (3260/27151)
2025-04-14T01:50:45.7003090Z Resolving deltas:  13% (3530/27151)
2025-04-14T01:50:45.7022240Z Resolving deltas:  14% (3802/27151)
2025-04-14T01:50:45.7103540Z Resolving deltas:  15% (4073/27151)
2025-04-14T01:50:45.7106170Z Resolving deltas:  16% (4345/27151)
2025-04-14T01:50:45.7119200Z Resolving deltas:  17% (4617/27151)
2025-04-14T01:50:45.7132730Z Resolving deltas:  18% (4888/27151)
2025-04-14T01:50:45.7155360Z Resolving deltas:  19% (5160/27151)
2025-04-14T01:50:45.7177540Z Resolving deltas:  20% (5431/27151)
2025-04-14T01:50:45.7202520Z Resolving deltas:  21% (5702/27151)
2025-04-14T01:50:45.7220190Z Resolving deltas:  22% (5975/27151)
2025-04-14T01:50:45.7236420Z Resolving deltas:  23% (6245/27151)
2025-04-14T01:50:45.7266580Z Resolving deltas:  24% (6517/27151)
2025-04-14T01:50:45.7331560Z Resolving deltas:  25% (6788/27151)
2025-04-14T01:50:45.7356090Z Resolving deltas:  26% (7060/27151)
2025-04-14T01:50:45.7372650Z Resolving deltas:  27% (7332/27151)
2025-04-14T01:50:45.7391450Z Resolving deltas:  28% (7603/27151)
2025-04-14T01:50:45.7414280Z Resolving deltas:  29% (7876/27151)
2025-04-14T01:50:45.7430530Z Resolving deltas:  30% (8146/27151)
2025-04-14T01:50:45.7449270Z Resolving deltas:  31% (8417/27151)
2025-04-14T01:50:45.7468620Z Resolving deltas:  32% (8689/27151)
2025-04-14T01:50:45.7500270Z Resolving deltas:  33% (8960/27151)
2025-04-14T01:50:45.7521200Z Resolving deltas:  34% (9232/27151)
2025-04-14T01:50:45.7538620Z Resolving deltas:  35% (9503/27151)
2025-04-14T01:50:45.7552600Z Resolving deltas:  36% (9775/27151)
2025-04-14T01:50:45.7567930Z Resolving deltas:  37% (10046/27151)
2025-04-14T01:50:45.7587970Z Resolving deltas:  38% (10318/27151)
2025-04-14T01:50:45.7602080Z Resolving deltas:  39% (10590/27151)
2025-04-14T01:50:45.7614850Z Resolving deltas:  40% (10861/27151)
2025-04-14T01:50:45.7628650Z Resolving deltas:  41% (11133/27151)
2025-04-14T01:50:45.7635340Z Resolving deltas:  42% (11404/27151)
2025-04-14T01:50:45.7653070Z Resolving deltas:  43% (11675/27151)
2025-04-14T01:50:45.7664740Z Resolving deltas:  44% (11947/27151)
2025-04-14T01:50:45.7675750Z Resolving deltas:  45% (12218/27151)
2025-04-14T01:50:45.7688910Z Resolving deltas:  46% (12490/27151)
2025-04-14T01:50:45.7696550Z Resolving deltas:  47% (12761/27151)
2025-04-14T01:50:45.7712220Z Resolving deltas:  48% (13033/27151)
2025-04-14T01:50:45.7724580Z Resolving deltas:  49% (13304/27151)
2025-04-14T01:50:45.7747540Z Resolving deltas:  50% (13576/27151)
2025-04-14T01:50:45.7758330Z Resolving deltas:  51% (13849/27151)
2025-04-14T01:50:45.7777290Z Resolving deltas:  52% (14119/27151)
2025-04-14T01:50:45.7795180Z Resolving deltas:  53% (14391/27151)
2025-04-14T01:50:45.7808300Z Resolving deltas:  54% (14662/27151)
2025-04-14T01:50:45.7819670Z Resolving deltas:  55% (14934/27151)
2025-04-14T01:50:45.8000130Z Resolving deltas:  56% (15205/27151)
2025-04-14T01:50:45.8017750Z Resolving deltas:  57% (15477/27151)
2025-04-14T01:50:45.8040460Z Resolving deltas:  58% (15748/27151)
2025-04-14T01:50:45.8048450Z Resolving deltas:  59% (16020/27151)
2025-04-14T01:50:45.8061550Z Resolving deltas:  60% (16291/27151)
2025-04-14T01:50:45.8104730Z Resolving deltas:  61% (16563/27151)
2025-04-14T01:50:45.8124660Z Resolving deltas:  62% (16834/27151)
2025-04-14T01:50:45.8152490Z Resolving deltas:  63% (17106/27151)
2025-04-14T01:50:45.8158680Z Resolving deltas:  64% (17377/27151)
2025-04-14T01:50:45.8169460Z Resolving deltas:  65% (17649/27151)
2025-04-14T01:50:45.8221630Z Resolving deltas:  66% (17920/27151)
2025-04-14T01:50:45.8222050Z Resolving deltas:  67% (18192/27151)
2025-04-14T01:50:45.8222360Z Resolving deltas:  68% (18463/27151)
2025-04-14T01:50:45.8317970Z Resolving deltas:  69% (18735/27151)
2025-04-14T01:50:45.8331340Z Resolving deltas:  70% (19006/27151)
2025-04-14T01:50:45.8341760Z Resolving deltas:  71% (19278/27151)
2025-04-14T01:50:45.8359250Z Resolving deltas:  72% (19549/27151)
2025-04-14T01:50:45.8373660Z Resolving deltas:  73% (19821/27151)
2025-04-14T01:50:45.8381730Z Resolving deltas:  74% (20092/27151)
2025-04-14T01:50:45.8391470Z Resolving deltas:  75% (20364/27151)
2025-04-14T01:50:45.8408760Z Resolving deltas:  76% (20635/27151)
2025-04-14T01:50:45.8425580Z Resolving deltas:  77% (20907/27151)
2025-04-14T01:50:45.8439200Z Resolving deltas:  78% (21178/27151)
2025-04-14T01:50:45.8452030Z Resolving deltas:  79% (21450/27151)
2025-04-14T01:50:45.8465290Z Resolving deltas:  80% (21721/27151)
2025-04-14T01:50:45.8478280Z Resolving deltas:  81% (21993/27151)
2025-04-14T01:50:45.8494250Z Resolving deltas:  82% (22264/27151)
2025-04-14T01:50:45.8507250Z Resolving deltas:  83% (22536/27151)
2025-04-14T01:50:45.8521810Z Resolving deltas:  84% (22807/27151)
2025-04-14T01:50:45.8540580Z Resolving deltas:  85% (23081/27151)
2025-04-14T01:50:45.8564760Z Resolving deltas:  86% (23350/27151)
2025-04-14T01:50:45.8578330Z Resolving deltas:  87% (23622/27151)
2025-04-14T01:50:45.8590120Z Resolving deltas:  88% (23893/27151)
2025-04-14T01:50:45.9554460Z Resolving deltas:  89% (24165/27151)
2025-04-14T01:50:45.9594730Z Resolving deltas:  90% (24436/27151)
2025-04-14T01:50:45.9595980Z Resolving deltas:  91% (24708/27151)
2025-04-14T01:50:45.9720140Z Resolving deltas:  92% (24979/27151)
2025-04-14T01:50:45.9742860Z Resolving deltas:  93% (25251/27151)
2025-04-14T01:50:45.9757970Z Resolving deltas:  94% (25522/27151)
2025-04-14T01:50:45.9787960Z Resolving deltas:  95% (25794/27151)
2025-04-14T01:50:45.9810300Z Resolving deltas:  96% (26065/27151)
2025-04-14T01:50:45.9823940Z Resolving deltas:  97% (26337/27151)
2025-04-14T01:50:45.9851700Z Resolving deltas:  98% (26608/27151)
2025-04-14T01:50:45.9872750Z Resolving deltas:  99% (26880/27151)
2025-04-14T01:50:45.9872960Z Resolving deltas: 100% (27151/27151)
2025-04-14T01:50:45.9873230Z Resolving deltas: 100% (27151/27151), done.
2025-04-14T01:50:46.1187920Z From https://github.com/menloresearch/jan
2025-04-14T01:50:46.1188700Z  * [new branch]        chore/bump-llama.cpp-to-support-gemma-3 -> origin/chore/bump-llama.cpp-to-support-gemma-3
2025-04-14T01:50:46.1189900Z  * [new branch]        chore/disable-verify-update-windows -> origin/chore/disable-verify-update-windows
2025-04-14T01:50:46.1190580Z  * [new branch]        dev                     -> origin/dev
2025-04-14T01:50:46.1193550Z  * [new branch]        docs/0.6.0-docs         -> origin/docs/0.6.0-docs
2025-04-14T01:50:46.1195390Z  * [new branch]        docs/privacy-docs       -> origin/docs/privacy-docs
2025-04-14T01:50:46.1197600Z  * [new branch]        docs/update-privacy-docs -> origin/docs/update-privacy-docs
2025-04-14T01:50:46.1199900Z  * [new branch]        docs/update-privacy-page -> origin/docs/update-privacy-page
2025-04-14T01:50:46.1202650Z  * [new branch]        feat/jan-integrates-mcp-tools -> origin/feat/jan-integrates-mcp-tools
2025-04-14T01:50:46.1204690Z  * [new branch]        feat/jan-on-web         -> origin/feat/jan-on-web
2025-04-14T01:50:46.1206690Z  * [new branch]        feat/jan-ui-with-tool-use -> origin/feat/jan-ui-with-tool-use
2025-04-14T01:50:46.1208660Z  * [new branch]        feat/mcp-assistant-extension -> origin/feat/mcp-assistant-extension
2025-04-14T01:50:46.1210760Z  * [new branch]        feat/postuninstall-linux -> origin/feat/postuninstall-linux
2025-04-14T01:50:46.1213410Z  * [new branch]        feat/tauri-build-option -> origin/feat/tauri-build-option
2025-04-14T01:50:46.1215780Z  * [new branch]        feat/ui-extension-framework -> origin/feat/ui-extension-framework
2025-04-14T01:50:46.1218420Z  * [new branch]        fix/hub-desc-render     -> origin/fix/hub-desc-render
2025-04-14T01:50:46.1220230Z  * [new branch]        fix/llama-server        -> origin/fix/llama-server
2025-04-14T01:50:46.1222460Z  * [new branch]        flatpak                 -> origin/flatpak
2025-04-14T01:50:46.1225010Z  * [new branch]        main                    -> origin/main
2025-04-14T01:50:46.1228120Z  * [new branch]        refactor/support-tauri-toolkit -> origin/refactor/support-tauri-toolkit
2025-04-14T01:50:46.1231190Z  * [new branch]        release/v0.5.14         -> origin/release/v0.5.14
2025-04-14T01:50:46.1232810Z  * [new branch]        release/v0.5.15         -> origin/release/v0.5.15
2025-04-14T01:50:46.1234560Z  * [new branch]        release/v0.5.16         -> origin/release/v0.5.16
2025-04-14T01:50:46.1236880Z  * [new tag]           core-0.1.1              -> core-0.1.1
2025-04-14T01:50:46.1238440Z  * [new tag]           core-0.1.10             -> core-0.1.10
2025-04-14T01:50:46.1239740Z  * [new tag]           core-0.1.2              -> core-0.1.2
2025-04-14T01:50:46.1241320Z  * [new tag]           core-0.1.3              -> core-0.1.3
2025-04-14T01:50:46.1243460Z  * [new tag]           core-0.1.4              -> core-0.1.4
2025-04-14T01:50:46.1244480Z  * [new tag]           core-0.1.5              -> core-0.1.5
2025-04-14T01:50:46.1245730Z  * [new tag]           core-0.1.6              -> core-0.1.6
2025-04-14T01:50:46.1247020Z  * [new tag]           core-0.1.7              -> core-0.1.7
2025-04-14T01:50:46.1248630Z  * [new tag]           core-0.1.8              -> core-0.1.8
2025-04-14T01:50:46.1249820Z  * [new tag]           core-0.1.9              -> core-0.1.9
2025-04-14T01:50:46.1251070Z  * [new tag]           data-plugin-1.0.1       -> data-plugin-1.0.1
2025-04-14T01:50:46.1252760Z  * [new tag]           data-plugin-1.0.10      -> data-plugin-1.0.10
2025-04-14T01:50:46.1254130Z  * [new tag]           data-plugin-1.0.11      -> data-plugin-1.0.11
2025-04-14T01:50:46.1255960Z  * [new tag]           data-plugin-1.0.12      -> data-plugin-1.0.12
2025-04-14T01:50:46.1256950Z  * [new tag]           data-plugin-1.0.13      -> data-plugin-1.0.13
2025-04-14T01:50:46.1258880Z  * [new tag]           data-plugin-1.0.14      -> data-plugin-1.0.14
2025-04-14T01:50:46.1260210Z  * [new tag]           data-plugin-1.0.15      -> data-plugin-1.0.15
2025-04-14T01:50:46.1261400Z  * [new tag]           data-plugin-1.0.16      -> data-plugin-1.0.16
2025-04-14T01:50:46.1262900Z  * [new tag]           data-plugin-1.0.18      -> data-plugin-1.0.18
2025-04-14T01:50:46.1264280Z  * [new tag]           data-plugin-1.0.19      -> data-plugin-1.0.19
2025-04-14T01:50:46.1265740Z  * [new tag]           data-plugin-1.0.2       -> data-plugin-1.0.2
2025-04-14T01:50:46.1266960Z  * [new tag]           data-plugin-1.0.3       -> data-plugin-1.0.3
2025-04-14T01:50:46.1268330Z  * [new tag]           data-plugin-1.0.6       -> data-plugin-1.0.6
2025-04-14T01:50:46.1269620Z  * [new tag]           data-plugin-1.0.7       -> data-plugin-1.0.7
2025-04-14T01:50:46.1271020Z  * [new tag]           data-plugin-1.0.8       -> data-plugin-1.0.8
2025-04-14T01:50:46.1272650Z  * [new tag]           data-plugin-1.0.9       -> data-plugin-1.0.9
2025-04-14T01:50:46.1274050Z  * [new tag]           inference-plugin-1.0.1  -> inference-plugin-1.0.1
2025-04-14T01:50:46.1275450Z  * [new tag]           inference-plugin-1.0.10 -> inference-plugin-1.0.10
2025-04-14T01:50:46.1276880Z  * [new tag]           inference-plugin-1.0.11 -> inference-plugin-1.0.11
2025-04-14T01:50:46.1278180Z  * [new tag]           inference-plugin-1.0.12 -> inference-plugin-1.0.12
2025-04-14T01:50:46.1280010Z  * [new tag]           inference-plugin-1.0.13 -> inference-plugin-1.0.13
2025-04-14T01:50:46.1281000Z  * [new tag]           inference-plugin-1.0.14 -> inference-plugin-1.0.14
2025-04-14T01:50:46.1282470Z  * [new tag]           inference-plugin-1.0.16 -> inference-plugin-1.0.16
2025-04-14T01:50:46.1285450Z  * [new tag]           inference-plugin-1.0.17 -> inference-plugin-1.0.17
2025-04-14T01:50:46.1286470Z  * [new tag]           inference-plugin-1.0.18 -> inference-plugin-1.0.18
2025-04-14T01:50:46.1287750Z  * [new tag]           inference-plugin-1.0.19 -> inference-plugin-1.0.19
2025-04-14T01:50:46.1289550Z  * [new tag]           inference-plugin-1.0.2  -> inference-plugin-1.0.2
2025-04-14T01:50:46.1290810Z  * [new tag]           inference-plugin-1.0.20 -> inference-plugin-1.0.20
2025-04-14T01:50:46.1292310Z  * [new tag]           inference-plugin-1.0.21 -> inference-plugin-1.0.21
2025-04-14T01:50:46.1293830Z  * [new tag]           inference-plugin-1.0.3  -> inference-plugin-1.0.3
2025-04-14T01:50:46.1295070Z  * [new tag]           inference-plugin-1.0.4  -> inference-plugin-1.0.4
2025-04-14T01:50:46.1296420Z  * [new tag]           inference-plugin-1.0.7  -> inference-plugin-1.0.7
2025-04-14T01:50:46.1298080Z  * [new tag]           inference-plugin-1.0.8  -> inference-plugin-1.0.8
2025-04-14T01:50:46.1299340Z  * [new tag]           inference-plugin-1.0.9  -> inference-plugin-1.0.9
2025-04-14T01:50:46.1301050Z  * [new tag]           model-management-plugin-1.0.1 -> model-management-plugin-1.0.1
2025-04-14T01:50:46.1302540Z  * [new tag]           model-management-plugin-1.0.11 -> model-management-plugin-1.0.11
2025-04-14T01:50:46.1303630Z  * [new tag]           model-management-plugin-1.0.12 -> model-management-plugin-1.0.12
2025-04-14T01:50:46.1304930Z  * [new tag]           model-management-plugin-1.0.13 -> model-management-plugin-1.0.13
2025-04-14T01:50:46.1306240Z  * [new tag]           model-management-plugin-1.0.2 -> model-management-plugin-1.0.2
2025-04-14T01:50:46.1308020Z  * [new tag]           model-management-plugin-1.0.3 -> model-management-plugin-1.0.3
2025-04-14T01:50:46.1308990Z  * [new tag]           model-management-plugin-1.0.4 -> model-management-plugin-1.0.4
2025-04-14T01:50:46.1310340Z  * [new tag]           model-management-plugin-1.0.7 -> model-management-plugin-1.0.7
2025-04-14T01:50:46.1311760Z  * [new tag]           model-management-plugin-1.0.8 -> model-management-plugin-1.0.8
2025-04-14T01:50:46.1313370Z  * [new tag]           model-management-plugin-1.0.9 -> model-management-plugin-1.0.9
2025-04-14T01:50:46.1314630Z  * [new tag]           monitoring-plugin-1.0.1 -> monitoring-plugin-1.0.1
2025-04-14T01:50:46.1316030Z  * [new tag]           monitoring-plugin-1.0.2 -> monitoring-plugin-1.0.2
2025-04-14T01:50:46.1317520Z  * [new tag]           monitoring-plugin-1.0.3 -> monitoring-plugin-1.0.3
2025-04-14T01:50:46.1318810Z  * [new tag]           monitoring-plugin-1.0.6 -> monitoring-plugin-1.0.6
2025-04-14T01:50:46.1320090Z  * [new tag]           monitoring-plugin-1.0.8 -> monitoring-plugin-1.0.8
2025-04-14T01:50:46.1321610Z  * [new tag]           monitoring-plugin-1.0.9 -> monitoring-plugin-1.0.9
2025-04-14T01:50:46.1323050Z  * [new tag]           openai-plugin-1.0.1     -> openai-plugin-1.0.1
2025-04-14T01:50:46.1324360Z  * [new tag]           openai-plugin-1.0.2     -> openai-plugin-1.0.2
2025-04-14T01:50:46.1325650Z  * [new tag]           openai-plugin-1.0.3     -> openai-plugin-1.0.3
2025-04-14T01:50:46.1327000Z  * [new tag]           openai-plugin-1.0.6     -> openai-plugin-1.0.6
2025-04-14T01:50:46.1328330Z  * [new tag]           openai-plugin-1.0.7     -> openai-plugin-1.0.7
2025-04-14T01:50:46.1329640Z  * [new tag]           plugin-core-0.1.4       -> plugin-core-0.1.4
2025-04-14T01:50:46.1331620Z  * [new tag]           plugin-core-0.1.5       -> plugin-core-0.1.5
2025-04-14T01:50:46.1332530Z  * [new tag]           plugin-core-0.1.6       -> plugin-core-0.1.6
2025-04-14T01:50:46.1333760Z  * [new tag]           plugin-core-0.1.7       -> plugin-core-0.1.7
2025-04-14T01:50:46.1335130Z  * [new tag]           plugin-core-0.1.8       -> plugin-core-0.1.8
2025-04-14T01:50:46.1336460Z  * [new tag]           retrieval-plugin-1.0.1  -> retrieval-plugin-1.0.1
2025-04-14T01:50:46.1348250Z  * [new tag]           retrieval-plugin-1.0.2  -> retrieval-plugin-1.0.2
2025-04-14T01:50:46.1351280Z  * [new tag]           retrieval-plugin-1.0.3  -> retrieval-plugin-1.0.3
2025-04-14T01:50:46.1351680Z  * [new tag]           v0.1.0-joi              -> v0.1.0-joi
2025-04-14T01:50:46.1351970Z  * [new tag]           v0.1.1                  -> v0.1.1
2025-04-14T01:50:46.1352390Z  * [new tag]           v0.1.2                  -> v0.1.2
2025-04-14T01:50:46.1353450Z  * [new tag]           v0.1.3                  -> v0.1.3
2025-04-14T01:50:46.1353730Z  * [new tag]           v0.2.0                  -> v0.2.0
2025-04-14T01:50:46.1354150Z  * [new tag]           v0.2.0-core             -> v0.2.0-core
2025-04-14T01:50:46.1354810Z  * [new tag]           v0.2.1                  -> v0.2.1
2025-04-14T01:50:46.1355160Z  * [new tag]           v0.2.2                  -> v0.2.2
2025-04-14T01:50:46.1355960Z  * [new tag]           v0.2.3                  -> v0.2.3
2025-04-14T01:50:46.1356560Z  * [new tag]           v0.3.0                  -> v0.3.0
2025-04-14T01:50:46.1358140Z  * [new tag]           v0.3.1                  -> v0.3.1
2025-04-14T01:50:46.1359450Z  * [new tag]           v0.3.2                  -> v0.3.2
2025-04-14T01:50:46.1360700Z  * [new tag]           v0.3.3                  -> v0.3.3
2025-04-14T01:50:46.1362030Z  * [new tag]           v0.4.0                  -> v0.4.0
2025-04-14T01:50:46.1363510Z  * [new tag]           v0.4.1                  -> v0.4.1
2025-04-14T01:50:46.1364650Z  * [new tag]           v0.4.10                 -> v0.4.10
2025-04-14T01:50:46.1365970Z  * [new tag]           v0.4.11                 -> v0.4.11
2025-04-14T01:50:46.1367500Z  * [new tag]           v0.4.12                 -> v0.4.12
2025-04-14T01:50:46.1368760Z  * [new tag]           v0.4.13                 -> v0.4.13
2025-04-14T01:50:46.1370200Z  * [new tag]           v0.4.14                 -> v0.4.14
2025-04-14T01:50:46.1371510Z  * [new tag]           v0.4.2                  -> v0.4.2
2025-04-14T01:50:46.1372870Z  * [new tag]           v0.4.3                  -> v0.4.3
2025-04-14T01:50:46.1374110Z  * [new tag]           v0.4.4                  -> v0.4.4
2025-04-14T01:50:46.1375500Z  * [new tag]           v0.4.5                  -> v0.4.5
2025-04-14T01:50:46.1376780Z  * [new tag]           v0.4.6                  -> v0.4.6
2025-04-14T01:50:46.1378080Z  * [new tag]           v0.4.7                  -> v0.4.7
2025-04-14T01:50:46.1379440Z  * [new tag]           v0.4.8                  -> v0.4.8
2025-04-14T01:50:46.1381160Z  * [new tag]           v0.4.9                  -> v0.4.9
2025-04-14T01:50:46.1382190Z  * [new tag]           v0.5.0                  -> v0.5.0
2025-04-14T01:50:46.1383530Z  * [new tag]           v0.5.1                  -> v0.5.1
2025-04-14T01:50:46.1385000Z  * [new tag]           v0.5.10                 -> v0.5.10
2025-04-14T01:50:46.1386410Z  * [new tag]           v0.5.10-rc1-beta        -> v0.5.10-rc1-beta
2025-04-14T01:50:46.1387930Z  * [new tag]           v0.5.11                 -> v0.5.11
2025-04-14T01:50:46.1389200Z  * [new tag]           v0.5.11-rc1-beta        -> v0.5.11-rc1-beta
2025-04-14T01:50:46.1390770Z  * [new tag]           v0.5.11-rc2-beta        -> v0.5.11-rc2-beta
2025-04-14T01:50:46.1391970Z  * [new tag]           v0.5.12                 -> v0.5.12
2025-04-14T01:50:46.1393350Z  * [new tag]           v0.5.12-rc1-beta        -> v0.5.12-rc1-beta
2025-04-14T01:50:46.1395000Z  * [new tag]           v0.5.12-rc2-beta        -> v0.5.12-rc2-beta
2025-04-14T01:50:46.1396250Z  * [new tag]           v0.5.12-rc3-beta        -> v0.5.12-rc3-beta
2025-04-14T01:50:46.1397630Z  * [new tag]           v0.5.12-rc4-beta        -> v0.5.12-rc4-beta
2025-04-14T01:50:46.1399100Z  * [new tag]           v0.5.12-rc5-beta        -> v0.5.12-rc5-beta
2025-04-14T01:50:46.1400480Z  * [new tag]           v0.5.12-rc6-beta        -> v0.5.12-rc6-beta
2025-04-14T01:50:46.1402000Z  * [new tag]           v0.5.12-rc7-beta        -> v0.5.12-rc7-beta
2025-04-14T01:50:46.1403330Z  * [new tag]           v0.5.13                 -> v0.5.13
2025-04-14T01:50:46.1404710Z  * [new tag]           v0.5.13-rc1-beta        -> v0.5.13-rc1-beta
2025-04-14T01:50:46.1406060Z  * [new tag]           v0.5.13-rc2-beta        -> v0.5.13-rc2-beta
2025-04-14T01:50:46.1407420Z  * [new tag]           v0.5.13-rc3-beta        -> v0.5.13-rc3-beta
2025-04-14T01:50:46.1408620Z  * [new tag]           v0.5.13-rc4-beta        -> v0.5.13-rc4-beta
2025-04-14T01:50:46.1410210Z  * [new tag]           v0.5.13-rc5-beta        -> v0.5.13-rc5-beta
2025-04-14T01:50:46.1411480Z  * [new tag]           v0.5.14                 -> v0.5.14
2025-04-14T01:50:46.1413020Z  * [new tag]           v0.5.14-rc1-beta        -> v0.5.14-rc1-beta
2025-04-14T01:50:46.1414560Z  * [new tag]           v0.5.14-rc2-beta        -> v0.5.14-rc2-beta
2025-04-14T01:50:46.1415820Z  * [new tag]           v0.5.14-rc3-beta        -> v0.5.14-rc3-beta
2025-04-14T01:50:46.1417180Z  * [new tag]           v0.5.14-rc4-beta        -> v0.5.14-rc4-beta
2025-04-14T01:50:46.1418580Z  * [new tag]           v0.5.14-rc5-beta        -> v0.5.14-rc5-beta
2025-04-14T01:50:46.1420010Z  * [new tag]           v0.5.14-rc6-beta        -> v0.5.14-rc6-beta
2025-04-14T01:50:46.1421590Z  * [new tag]           v0.5.14-rc7-beta        -> v0.5.14-rc7-beta
2025-04-14T01:50:46.1422730Z  * [new tag]           v0.5.15                 -> v0.5.15
2025-04-14T01:50:46.1424420Z  * [new tag]           v0.5.15-rc1-beta        -> v0.5.15-rc1-beta
2025-04-14T01:50:46.1426150Z  * [new tag]           v0.5.15-rc10-beta       -> v0.5.15-rc10-beta
2025-04-14T01:50:46.1427700Z  * [new tag]           v0.5.15-rc11-beta       -> v0.5.15-rc11-beta
2025-04-14T01:50:46.1428590Z  * [new tag]           v0.5.15-rc12-beta       -> v0.5.15-rc12-beta
2025-04-14T01:50:46.1430060Z  * [new tag]           v0.5.15-rc13-beta       -> v0.5.15-rc13-beta
2025-04-14T01:50:46.1431280Z  * [new tag]           v0.5.15-rc14-beta       -> v0.5.15-rc14-beta
2025-04-14T01:50:46.1432980Z  * [new tag]           v0.5.15-rc15-beta       -> v0.5.15-rc15-beta
2025-04-14T01:50:46.1434220Z  * [new tag]           v0.5.15-rc16-beta       -> v0.5.15-rc16-beta
2025-04-14T01:50:46.1435560Z  * [new tag]           v0.5.15-rc17-beta       -> v0.5.15-rc17-beta
2025-04-14T01:50:46.1436830Z  * [new tag]           v0.5.15-rc18-beta       -> v0.5.15-rc18-beta
2025-04-14T01:50:46.1438150Z  * [new tag]           v0.5.15-rc19-beta       -> v0.5.15-rc19-beta
2025-04-14T01:50:46.1439520Z  * [new tag]           v0.5.15-rc2-beta        -> v0.5.15-rc2-beta
2025-04-14T01:50:46.1440810Z  * [new tag]           v0.5.15-rc20-beta       -> v0.5.15-rc20-beta
2025-04-14T01:50:46.1442020Z  * [new tag]           v0.5.15-rc21-beta       -> v0.5.15-rc21-beta
2025-04-14T01:50:46.1443480Z  * [new tag]           v0.5.15-rc3-beta        -> v0.5.15-rc3-beta
2025-04-14T01:50:46.1444930Z  * [new tag]           v0.5.15-rc4-beta        -> v0.5.15-rc4-beta
2025-04-14T01:50:46.1446170Z  * [new tag]           v0.5.15-rc5-beta        -> v0.5.15-rc5-beta
2025-04-14T01:50:46.1447450Z  * [new tag]           v0.5.15-rc6-beta        -> v0.5.15-rc6-beta
2025-04-14T01:50:46.1448910Z  * [new tag]           v0.5.15-rc7-beta        -> v0.5.15-rc7-beta
2025-04-14T01:50:46.1450620Z  * [new tag]           v0.5.15-rc8-beta        -> v0.5.15-rc8-beta
2025-04-14T01:50:46.1451550Z  * [new tag]           v0.5.15-rc9-beta        -> v0.5.15-rc9-beta
2025-04-14T01:50:46.1452790Z  * [new tag]           v0.5.16                 -> v0.5.16
2025-04-14T01:50:46.1454210Z  * [new tag]           v0.5.16-rc1-beta        -> v0.5.16-rc1-beta
2025-04-14T01:50:46.1455500Z  * [new tag]           v0.5.16-rc2-beta        -> v0.5.16-rc2-beta
2025-04-14T01:50:46.1456830Z  * [new tag]           v0.5.16-rc3-beta        -> v0.5.16-rc3-beta
2025-04-14T01:50:46.1458370Z  * [new tag]           v0.5.16-rc4-beta        -> v0.5.16-rc4-beta
2025-04-14T01:50:46.1459530Z  * [new tag]           v0.5.16-rc5-beta        -> v0.5.16-rc5-beta
2025-04-14T01:50:46.1460940Z  * [new tag]           v0.5.16-rc6-beta        -> v0.5.16-rc6-beta
2025-04-14T01:50:46.1462190Z  * [new tag]           v0.5.16-rc7-beta        -> v0.5.16-rc7-beta
2025-04-14T01:50:46.1463420Z  * [new tag]           v0.5.16-rc8-beta        -> v0.5.16-rc8-beta
2025-04-14T01:50:46.1464740Z  * [new tag]           v0.5.2                  -> v0.5.2
2025-04-14T01:50:46.1466090Z  * [new tag]           v0.5.3                  -> v0.5.3
2025-04-14T01:50:46.1467630Z  * [new tag]           v0.5.4                  -> v0.5.4
2025-04-14T01:50:46.1468910Z  * [new tag]           v0.5.5                  -> v0.5.5
2025-04-14T01:50:46.1470200Z  * [new tag]           v0.5.6                  -> v0.5.6
2025-04-14T01:50:46.1471610Z  * [new tag]           v0.5.7                  -> v0.5.7
2025-04-14T01:50:46.1473050Z  * [new tag]           v0.5.7-rc1-beta         -> v0.5.7-rc1-beta
2025-04-14T01:50:46.1482200Z  * [new tag]           v0.5.7-rc2-beta         -> v0.5.7-rc2-beta
2025-04-14T01:50:46.1482620Z  * [new tag]           v0.5.8                  -> v0.5.8
2025-04-14T01:50:46.1482900Z  * [new tag]           v0.5.9                  -> v0.5.9
2025-04-14T01:50:46.1483240Z  * [new ref]           f34bba54dba9b9db7394213a9ff04b0b97a07619 -> pull/4904/merge
2025-04-14T01:50:46.1553230Z ##[endgroup]
2025-04-14T01:50:46.1553600Z ##[group]Determining the checkout info
2025-04-14T01:50:46.1553910Z ##[endgroup]
2025-04-14T01:50:46.1554170Z ##[group]Checking out the ref
2025-04-14T01:50:46.1557190Z [command]/opt/homebrew/bin/git checkout --progress --force refs/remotes/pull/4904/merge
2025-04-14T01:50:47.2567400Z Updating files:  95% (1222/1283)
2025-04-14T01:50:47.2575630Z Updating files:  96% (1232/1283)
2025-04-14T01:50:47.2583220Z Updating files:  97% (1245/1283)
2025-04-14T01:50:47.2590710Z Updating files:  98% (1258/1283)
2025-04-14T01:50:47.2610420Z Updating files:  99% (1271/1283)
2025-04-14T01:50:47.2610670Z Updating files: 100% (1283/1283)
2025-04-14T01:50:47.2610900Z Updating files: 100% (1283/1283), done.
2025-04-14T01:50:47.2643020Z HEAD is now at f34bba54 Merge d653a548aee0f2fcb3b08477f94be66a3e8d92a4 into 535f2b4de175d804c1d930452b975854c2fbf086
2025-04-14T01:50:47.2661630Z ##[endgroup]
2025-04-14T01:50:47.2738490Z [command]/opt/homebrew/bin/git log -1 --format='%H'
2025-04-14T01:50:47.2792470Z 'f34bba54dba9b9db7394213a9ff04b0b97a07619'
2025-04-14T01:50:47.2956990Z ##[group]Run actions/setup-node@v3
2025-04-14T01:50:47.2957160Z with:
2025-04-14T01:50:47.2957270Z   node-version: 20
2025-04-14T01:50:47.2957400Z   always-auth: false
2025-04-14T01:50:47.2957530Z   check-latest: false
2025-04-14T01:50:47.2957750Z   token: ***
2025-04-14T01:50:47.2957860Z ##[endgroup]
2025-04-14T01:50:47.4244790Z Found in cache @ /Users/runner/hostedtoolcache/node/20.19.0/arm64
2025-04-14T01:50:47.4248170Z ##[group]Environment details
2025-04-14T01:50:47.8194980Z node: v20.19.0
2025-04-14T01:50:47.8195210Z npm: 10.8.2
2025-04-14T01:50:47.8197520Z yarn: 1.22.22
2025-04-14T01:50:47.8198360Z ##[endgroup]
2025-04-14T01:50:47.8270200Z ##[group]Run echo "IS_TEST=true" >> $GITHUB_ENV
2025-04-14T01:50:47.8270550Z [36;1mecho "IS_TEST=true" >> $GITHUB_ENV[0m
2025-04-14T01:50:47.8347600Z shell: /bin/bash -e {0}
2025-04-14T01:50:47.8347830Z ##[endgroup]
2025-04-14T01:50:47.8754470Z ##[group]Run rm -rf ~/jan
2025-04-14T01:50:47.8754700Z [36;1mrm -rf ~/jan[0m
2025-04-14T01:50:47.8754870Z [36;1mmake clean[0m
2025-04-14T01:50:47.8804540Z shell: /bin/bash -e {0}
2025-04-14T01:50:47.8804720Z env:
2025-04-14T01:50:47.8804870Z   IS_TEST: true
2025-04-14T01:50:47.8805010Z ##[endgroup]
2025-04-14T01:50:48.9650240Z find . -name "node_modules" -type d -prune -exec rm -rf '{}' +
2025-04-14T01:50:48.9786330Z find . -name ".next" -type d -exec rm -rf '{}' +
2025-04-14T01:50:48.9895790Z find . -name "dist" -type d -exec rm -rf '{}' +
2025-04-14T01:50:49.0002770Z find . -name "build" -type d -exec rm -rf '{}' +
2025-04-14T01:50:49.0108760Z find . -name "out" -type d -exec rm -rf '{}' +
2025-04-14T01:50:49.0215220Z find . -name ".turbo" -type d -exec rm -rf '{}' +
2025-04-14T01:50:49.0325710Z find . -name ".yarn" -type d -exec rm -rf '{}' +
2025-04-14T01:50:49.0433610Z find . -name "package-lock.json" -type f -exec rm -rf '{}' +
2025-04-14T01:50:49.0543030Z rm -rf ./pre-install/*.tgz
2025-04-14T01:50:49.0566690Z rm -rf ./extensions/*/*.tgz
2025-04-14T01:50:49.0592150Z rm -rf ./electron/pre-install/*.tgz
2025-04-14T01:50:49.0615460Z rm -rf ~/jan/extensions
2025-04-14T01:50:49.0638050Z rm -rf ~/Library/Caches/jan*
2025-04-14T01:50:49.0755400Z ##[group]Run echo "REPORT_PORTAL_DESCRIPTION=)" >> $GITHUB_ENV
2025-04-14T01:50:49.0755770Z [36;1mecho "REPORT_PORTAL_DESCRIPTION=)" >> $GITHUB_ENV[0m
2025-04-14T01:50:49.0805270Z shell: /bin/bash -e {0}
2025-04-14T01:50:49.0805530Z env:
2025-04-14T01:50:49.0805710Z   IS_TEST: true
2025-04-14T01:50:49.0805880Z ##[endgroup]
2025-04-14T01:50:49.1204860Z ##[group]Run make test
2025-04-14T01:50:49.1205080Z [36;1mmake test[0m
2025-04-14T01:50:49.1249370Z shell: /bin/bash -e {0}
2025-04-14T01:50:49.1249560Z env:
2025-04-14T01:50:49.1249690Z   IS_TEST: true
2025-04-14T01:50:49.1249900Z   REPORT_PORTAL_DESCRIPTION: )
2025-04-14T01:50:49.1250100Z   CSC_IDENTITY_AUTO_DISCOVERY: false
2025-04-14T01:50:49.1250280Z ##[endgroup]
2025-04-14T01:50:49.1535970Z corepack enable
2025-04-14T01:50:49.1979760Z corepack prepare yarn@4.5.3 --activate
2025-04-14T01:50:49.2353980Z Preparing yarn@4.5.3 for immediate activation...
2025-04-14T01:50:49.4255280Z yarn --version
2025-04-14T01:50:49.5576030Z 4.5.3
2025-04-14T01:50:49.5706270Z yarn config set -H enableImmutableInstalls false
2025-04-14T01:50:49.6754510Z [94m[39m YN0000: Successfully set enableImmutableInstalls to [33mfalse[39m
2025-04-14T01:50:49.6829110Z yarn install
2025-04-14T01:50:49.8673630Z [93m[39m YN0000: Yarn detected that the current workflow is executed from a public pull request. For safety the hardened mode has been enabled.
2025-04-14T01:50:49.8674900Z [93m[39m YN0000: It will prevent malicious lockfile manipulations, in exchange for a slower install time. You can opt-out if necessary; check our documentation for more details.
2025-04-14T01:50:49.8675460Z 
2025-04-14T01:50:49.8675790Z [94m[39m YN0000:  Yarn 4.5.3
2025-04-14T01:50:49.8691900Z [94m[39m [90mYN0000[39m:  Project validation
2025-04-14T01:50:49.8692740Z ##[group]Project validation
2025-04-14T01:50:49.8693330Z [93m[39m YN0057:  [38;5;166m@janhq/[39m[38;5;173mweb[39m: Resolutions field will be ignored
2025-04-14T01:50:49.8693790Z ##[endgroup]
2025-04-14T01:50:49.8694130Z [94m[39m [90mYN0000[39m:  Completed
2025-04-14T01:50:49.8731420Z [94m[39m [90mYN0000[39m:  Resolution step
2025-04-14T01:50:49.8731900Z ##[group]Resolution step
2025-04-14T01:50:57.5350200Z ##[endgroup]
2025-04-14T01:50:57.5489400Z [94m[39m [90mYN0000[39m:  Completed in 7s 655ms
2025-04-14T01:50:57.5509640Z [94m[39m [90mYN0000[39m:  Post-resolution validation
2025-04-14T01:50:57.5510370Z ##[group]Post-resolution validation
2025-04-14T01:50:57.5516800Z [93m[39m YN0060:  [38;5;166m@types/[39m[38;5;173mreact[39m is listed by your project with version [38;5;111m18.3.18[39m ([38;5;111mp7e37c[39m), which doesn't satisfy what [38;5;166m@types/[39m[38;5;173mreact-dom[39m and other dependencies request ([38;5;37m^19.0.0[39m).
2025-04-14T01:50:57.5518360Z [93m[39m YN0002:  [38;5;166m@janhq/[39m[38;5;173mjoi[39m[38;5;111m@[39m[38;5;111mworkspace:joi[39m doesn't provide [38;5;173mpostcss[39m ([38;5;111mpf0e0f[39m), requested by [38;5;173mautoprefixer[39m and other dependencies.
2025-04-14T01:50:57.5520010Z [93m[39m YN0002:  [38;5;166m@janhq/[39m[38;5;173mserver[39m[38;5;111m@[39m[38;5;111mworkspace:server[39m doesn't provide [38;5;173meslint[39m ([38;5;111mp97e11[39m), requested by [38;5;166m@typescript-eslint/[39m[38;5;173meslint-plugin[39m and other dependencies.
2025-04-14T01:50:57.5521440Z [93m[39m YN0002:  [38;5;166m@janhq/[39m[38;5;173mweb[39m[38;5;111m@[39m[38;5;111mworkspace:web[39m doesn't provide [38;5;166m@rrweb/[39m[38;5;173mtypes[39m ([38;5;111mp9c7ba[39m), requested by [38;5;173mposthog-js[39m.
2025-04-14T01:50:57.5522640Z [93m[39m YN0002:  [38;5;166m@janhq/[39m[38;5;173mweb[39m[38;5;111m@[39m[38;5;111mworkspace:web[39m doesn't provide [38;5;173mjest[39m ([38;5;111mp7d887[39m), requested by [38;5;173mts-jest[39m.
2025-04-14T01:50:57.5523870Z [93m[39m YN0002:  [38;5;166m@janhq/[39m[38;5;173mweb[39m[38;5;111m@[39m[38;5;111mworkspace:web[39m doesn't provide [38;5;173munified[39m ([38;5;111mp70c73[39m), requested by [38;5;173mrehype-highlight-code-lines[39m.
2025-04-14T01:50:57.5526850Z [93m[39m YN0086:  Some peer dependencies are incorrectly met by your project; run [38;5;111myarn explain peer-requirements <hash>[39m for details, where [38;5;111m<hash>[39m is the six-letter p-prefixed code.
2025-04-14T01:50:57.5528330Z [93m[39m YN0086:  Some peer dependencies are incorrectly met by dependencies; run [38;5;111myarn explain peer-requirements[39m for details.
2025-04-14T01:50:57.5529090Z ##[endgroup]
2025-04-14T01:50:57.5529510Z [94m[39m [90mYN0000[39m:  Completed
2025-04-14T01:50:57.5529900Z [94m[39m [90mYN0000[39m:  Fetch step
2025-04-14T01:50:57.5530330Z ##[group]Fetch step
2025-04-14T01:51:11.2815650Z [94m[39m YN0013:  [38;5;220m1821[39m packages were added to the project ([38;5;160m+ 887.12 MiB[39m).
2025-04-14T01:51:11.2829890Z ##[endgroup]
2025-04-14T01:51:11.2830830Z [94m[39m [90mYN0000[39m:  Completed in 13s 749ms
2025-04-14T01:51:11.3432600Z [94m[39m [90mYN0000[39m:  Link step
2025-04-14T01:51:11.3434270Z ##[group]Link step
2025-04-14T01:51:29.1984110Z [94m[39m YN0007:  [38;5;173melectron[39m[38;5;111m@[39m[38;5;111mnpm:33.2.1[39m must be built because it never has been before or the last one failed
2025-04-14T01:51:29.1987710Z [94m[39m YN0007:  [38;5;173melectron[39m[38;5;111m@[39m[38;5;111mnpm:30.0.6[39m must be built because it never has been before or the last one failed
2025-04-14T01:51:29.1999540Z [94m[39m YN0007:  [38;5;173mmicrotime[39m[38;5;111m@[39m[38;5;111mnpm:3.1.1[39m must be built because it never has been before or the last one failed
2025-04-14T01:51:29.2001000Z [94m[39m YN0007:  [38;5;166m@parcel/[39m[38;5;173mwatcher[39m[38;5;111m@[39m[38;5;111mnpm:2.5.1[39m must be built because it never has been before or the last one failed
2025-04-14T01:51:29.2002460Z [94m[39m YN0007:  [38;5;173mcore-js[39m[38;5;111m@[39m[38;5;111mnpm:3.40.0[39m must be built because it never has been before or the last one failed
2025-04-14T01:51:29.2006080Z [94m[39m YN0007:  [38;5;173mfsevents[39m[38;5;111m@[39m[38;5;111mpatch:fsevents@npm%3A1.2.13#optional!builtin<compat/fsevents>::version=1.2.13&hash=d11327[39m must be built because it never has been before or the last one failed
2025-04-14T01:51:29.2008100Z [94m[39m YN0007:  [38;5;173mcore-js[39m[38;5;111m@[39m[38;5;111mnpm:2.6.12[39m must be built because it never has been before or the last one failed
2025-04-14T01:51:30.1419160Z [94m[39m [90mYN0000[39m:  [38;5;173mfsevents[39m[38;5;111m@[39m[38;5;111mpatch:fsevents@npm%3A1.2.13#optional!builtin<compat/fsevents>::version=1.2.13&hash=d11327[39m [32mSTDOUT[39m [31m[1mUsage Error[22m[39m: Couldn't find a script name "node-gyp" in the top-level (used by [38;5;173mfsevents[39m[38;5;111m@[39m[38;5;111mpatch:fsevents@npm%3A1.2.13#optional!builtin<compat/fsevents>::version=1.2.13&hash=d11327[39m). This typically happens because some package depends on "node-gyp" to build itself, but didn't list it in their dependencies. To fix that, please run "yarn add node-gyp" into your top-level workspace. You also can open an issue on the repository of the specified package to suggest them to use an optional peer dependency.
2025-04-14T01:51:30.1421960Z [94m[39m [90mYN0000[39m:  [38;5;173mfsevents[39m[38;5;111m@[39m[38;5;111mpatch:fsevents@npm%3A1.2.13#optional!builtin<compat/fsevents>::version=1.2.13&hash=d11327[39m [32mSTDOUT[39m 
2025-04-14T01:51:30.1423910Z [94m[39m [90mYN0000[39m:  [38;5;173mfsevents[39m[38;5;111m@[39m[38;5;111mpatch:fsevents@npm%3A1.2.13#optional!builtin<compat/fsevents>::version=1.2.13&hash=d11327[39m [32mSTDOUT[39m [1m$ [22myarn run [--inspect] [--inspect-brk] [-T,--top-level] [-B,--binaries-only] [--require #0] <scriptName> ...
2025-04-14T01:51:33.5496490Z ##[endgroup]
2025-04-14T01:51:33.5498320Z [94m[39m [90mYN0000[39m:  Completed in 22s 205ms
2025-04-14T01:51:33.6695550Z [93m[39m YN0000:  Done with warnings in 43s 802ms
2025-04-14T01:51:33.8530550Z yarn build:joi
2025-04-14T01:51:35.5019310Z [36m
2025-04-14T01:51:35.5021620Z [1m./src/index.ts[22m  [1mdist/esm/index.js[22m...[39m
2025-04-14T01:51:38.6583150Z [32mcreated [1mdist/esm/index.js[22m in [1m3.1s[22m[39m
2025-04-14T01:51:38.6583880Z [36m
2025-04-14T01:51:38.6589140Z [1mdist/esm/index.d.ts[22m  [1mdist/index.d.ts[22m...[39m
2025-04-14T01:51:38.6957860Z Created bundle index.d.ts: 9.55 kB  2.26 kB (gzip)
2025-04-14T01:51:38.6963560Z [32mcreated [1mdist/index.d.ts[22m in [1m38ms[22m[39m
2025-04-14T01:51:38.7213670Z yarn build:core
2025-04-14T01:51:41.5138820Z [log] [2m<DIR>/[22m[32mdist/index.js.map  [39m[2masset[22m[2m  size: 153.60 kB[22m
2025-04-14T01:51:41.5139580Z [log] [2m<DIR>/[22m[36mdist/index.js      [39m[2mchunk[22m[2m  size:  62.68 kB[22m
2025-04-14T01:51:41.5140420Z [log] [2m<DIR>/[22m[32mdist/node/index.cjs.js.map  [39m[2masset[22m[2m  size: 71.36 kB[22m
2025-04-14T01:51:41.5141070Z [log] [2m<DIR>/[22m[36mdist/node/index.cjs.js      [39m[2mchunk[22m[2m  size: 36.94 kB[22m
2025-04-14T01:51:41.5141450Z [log]
2025-04-14T01:51:41.5142030Z [success] Finished in [1m61.76 ms[22m
2025-04-14T01:51:41.8152670Z [94m[39m [90mYN0000[39m: README.md
2025-04-14T01:51:41.8153240Z [94m[39m [90mYN0000[39m: dist/browser/core.js
2025-04-14T01:51:41.8153710Z [94m[39m [90mYN0000[39m: dist/browser/core.js.map
2025-04-14T01:51:41.8154200Z [94m[39m [90mYN0000[39m: dist/browser/events.js
2025-04-14T01:51:41.8154610Z [94m[39m [90mYN0000[39m: dist/browser/events.js.map
2025-04-14T01:51:41.8155020Z [94m[39m [90mYN0000[39m: dist/browser/extension.js
2025-04-14T01:51:41.8155510Z [94m[39m [90mYN0000[39m: dist/browser/extension.js.map
2025-04-14T01:51:41.8155990Z [94m[39m [90mYN0000[39m: dist/browser/extensions/assistant.js
2025-04-14T01:51:41.8156660Z [94m[39m [90mYN0000[39m: dist/browser/extensions/assistant.js.map
2025-04-14T01:51:41.8157260Z [94m[39m [90mYN0000[39m: dist/browser/extensions/conversational.js
2025-04-14T01:51:41.8157950Z [94m[39m [90mYN0000[39m: dist/browser/extensions/conversational.js.map
2025-04-14T01:51:41.8158600Z [94m[39m [90mYN0000[39m: dist/browser/extensions/engines/AIEngine.js
2025-04-14T01:51:41.8159520Z [94m[39m [90mYN0000[39m: dist/browser/extensions/engines/AIEngine.js.map
2025-04-14T01:51:41.8160170Z [94m[39m [90mYN0000[39m: dist/browser/extensions/engines/EngineManager.js
2025-04-14T01:51:41.8161350Z [94m[39m [90mYN0000[39m: dist/browser/extensions/engines/EngineManager.js.map
2025-04-14T01:51:41.8162100Z [94m[39m [90mYN0000[39m: dist/browser/extensions/engines/LocalOAIEngine.js
2025-04-14T01:51:41.8162770Z [94m[39m [90mYN0000[39m: dist/browser/extensions/engines/LocalOAIEngine.js.map
2025-04-14T01:51:41.8163840Z [94m[39m [90mYN0000[39m: dist/browser/extensions/engines/OAIEngine.js
2025-04-14T01:51:41.8164730Z [94m[39m [90mYN0000[39m: dist/browser/extensions/engines/OAIEngine.js.map
2025-04-14T01:51:41.8165600Z [94m[39m [90mYN0000[39m: dist/browser/extensions/engines/RemoteOAIEngine.js
2025-04-14T01:51:41.8166440Z [94m[39m [90mYN0000[39m: dist/browser/extensions/engines/RemoteOAIEngine.js.map
2025-04-14T01:51:41.8167430Z [94m[39m [90mYN0000[39m: dist/browser/extensions/engines/helpers/sse.js
2025-04-14T01:51:41.8168230Z [94m[39m [90mYN0000[39m: dist/browser/extensions/engines/helpers/sse.js.map
2025-04-14T01:51:41.8168950Z [94m[39m [90mYN0000[39m: dist/browser/extensions/engines/index.js
2025-04-14T01:51:41.8169620Z [94m[39m [90mYN0000[39m: dist/browser/extensions/engines/index.js.map
2025-04-14T01:51:41.8170350Z [94m[39m [90mYN0000[39m: dist/browser/extensions/enginesManagement.js
2025-04-14T01:51:41.8171020Z [94m[39m [90mYN0000[39m: dist/browser/extensions/enginesManagement.js.map
2025-04-14T01:51:41.8171880Z [94m[39m [90mYN0000[39m: dist/browser/extensions/hardwareManagement.js
2025-04-14T01:51:41.8172580Z [94m[39m [90mYN0000[39m: dist/browser/extensions/hardwareManagement.js.map
2025-04-14T01:51:41.8173420Z [94m[39m [90mYN0000[39m: dist/browser/extensions/index.js
2025-04-14T01:51:41.8174070Z [94m[39m [90mYN0000[39m: dist/browser/extensions/index.js.map
2025-04-14T01:51:41.8174660Z [94m[39m [90mYN0000[39m: dist/browser/extensions/inference.js
2025-04-14T01:51:41.8175560Z [94m[39m [90mYN0000[39m: dist/browser/extensions/inference.js.map
2025-04-14T01:51:41.8176150Z [94m[39m [90mYN0000[39m: dist/browser/extensions/model.js
2025-04-14T01:51:41.8176590Z [94m[39m [90mYN0000[39m: dist/browser/extensions/model.js.map
2025-04-14T01:51:41.8177030Z [94m[39m [90mYN0000[39m: dist/browser/fs.js
2025-04-14T01:51:41.8177480Z [94m[39m [90mYN0000[39m: dist/browser/fs.js.map
2025-04-14T01:51:41.8177890Z [94m[39m [90mYN0000[39m: dist/browser/index.js
2025-04-14T01:51:41.8178340Z [94m[39m [90mYN0000[39m: dist/browser/index.js.map
2025-04-14T01:51:41.8178820Z [94m[39m [90mYN0000[39m: dist/browser/models/index.js
2025-04-14T01:51:41.8179300Z [94m[39m [90mYN0000[39m: dist/browser/models/index.js.map
2025-04-14T01:51:41.8179780Z [94m[39m [90mYN0000[39m: dist/browser/models/manager.js
2025-04-14T01:51:41.8180280Z [94m[39m [90mYN0000[39m: dist/browser/models/manager.js.map
2025-04-14T01:51:41.8180720Z [94m[39m [90mYN0000[39m: dist/browser/models/utils.js
2025-04-14T01:51:41.8181150Z [94m[39m [90mYN0000[39m: dist/browser/models/utils.js.map
2025-04-14T01:51:41.8181610Z [94m[39m [90mYN0000[39m: dist/browser/tools/index.js
2025-04-14T01:51:41.8182060Z [94m[39m [90mYN0000[39m: dist/browser/tools/index.js.map
2025-04-14T01:51:41.8182490Z [94m[39m [90mYN0000[39m: dist/browser/tools/manager.js
2025-04-14T01:51:41.8182960Z [94m[39m [90mYN0000[39m: dist/browser/tools/manager.js.map
2025-04-14T01:51:41.8183380Z [94m[39m [90mYN0000[39m: dist/browser/tools/tool.js
2025-04-14T01:51:41.8183920Z [94m[39m [90mYN0000[39m: dist/browser/tools/tool.js.map
2025-04-14T01:51:41.8184370Z [94m[39m [90mYN0000[39m: dist/index.js
2025-04-14T01:51:41.8184760Z [94m[39m [90mYN0000[39m: dist/index.js.map
2025-04-14T01:51:41.8185290Z [94m[39m [90mYN0000[39m: dist/node/api/common/adapter.js
2025-04-14T01:51:41.8185770Z [94m[39m [90mYN0000[39m: dist/node/api/common/adapter.js.map
2025-04-14T01:51:41.8186260Z [94m[39m [90mYN0000[39m: dist/node/api/common/handler.js
2025-04-14T01:51:41.8186710Z [94m[39m [90mYN0000[39m: dist/node/api/common/handler.js.map
2025-04-14T01:51:41.8187320Z [94m[39m [90mYN0000[39m: dist/node/api/index.js
2025-04-14T01:51:41.8187720Z [94m[39m [90mYN0000[39m: dist/node/api/index.js.map
2025-04-14T01:51:41.8188410Z [94m[39m [90mYN0000[39m: dist/node/api/processors/Processor.js
2025-04-14T01:51:41.8189040Z [94m[39m [90mYN0000[39m: dist/node/api/processors/Processor.js.map
2025-04-14T01:51:41.8189440Z [94m[39m [90mYN0000[39m: dist/node/api/processors/app.js
2025-04-14T01:51:41.8189880Z [94m[39m [90mYN0000[39m: dist/node/api/processors/app.js.map
2025-04-14T01:51:41.8190360Z [94m[39m [90mYN0000[39m: dist/node/api/processors/extension.js
2025-04-14T01:51:41.8190830Z [94m[39m [90mYN0000[39m: dist/node/api/processors/extension.js.map
2025-04-14T01:51:41.8191320Z [94m[39m [90mYN0000[39m: dist/node/api/processors/fs.js
2025-04-14T01:51:41.8191750Z [94m[39m [90mYN0000[39m: dist/node/api/processors/fs.js.map
2025-04-14T01:51:41.8192250Z [94m[39m [90mYN0000[39m: dist/node/api/processors/fsExt.js
2025-04-14T01:51:41.8192750Z [94m[39m [90mYN0000[39m: dist/node/api/processors/fsExt.js.map
2025-04-14T01:51:41.8193290Z [94m[39m [90mYN0000[39m: dist/node/extension/extension.js
2025-04-14T01:51:41.8193800Z [94m[39m [90mYN0000[39m: dist/node/extension/extension.js.map
2025-04-14T01:51:41.8194220Z [94m[39m [90mYN0000[39m: dist/node/extension/index.js
2025-04-14T01:51:41.8194690Z [94m[39m [90mYN0000[39m: dist/node/extension/index.js.map
2025-04-14T01:51:41.8195130Z [94m[39m [90mYN0000[39m: dist/node/extension/manager.js
2025-04-14T01:51:41.8195620Z [94m[39m [90mYN0000[39m: dist/node/extension/manager.js.map
2025-04-14T01:51:41.8196020Z [94m[39m [90mYN0000[39m: dist/node/extension/store.js
2025-04-14T01:51:41.8196430Z [94m[39m [90mYN0000[39m: dist/node/extension/store.js.map
2025-04-14T01:51:41.8197070Z [94m[39m [90mYN0000[39m: dist/node/helper/config.js
2025-04-14T01:51:41.8197510Z [94m[39m [90mYN0000[39m: dist/node/helper/config.js.map
2025-04-14T01:51:41.8197950Z [94m[39m [90mYN0000[39m: dist/node/helper/index.js
2025-04-14T01:51:41.8198370Z [94m[39m [90mYN0000[39m: dist/node/helper/index.js.map
2025-04-14T01:51:41.8198840Z [94m[39m [90mYN0000[39m: dist/node/helper/logger.js
2025-04-14T01:51:41.8199260Z [94m[39m [90mYN0000[39m: dist/node/helper/logger.js.map
2025-04-14T01:51:41.8199710Z [94m[39m [90mYN0000[39m: dist/node/helper/module.js
2025-04-14T01:51:41.8200100Z [94m[39m [90mYN0000[39m: dist/node/helper/module.js.map
2025-04-14T01:51:41.8200510Z [94m[39m [90mYN0000[39m: dist/node/helper/path.js
2025-04-14T01:51:41.8200970Z [94m[39m [90mYN0000[39m: dist/node/helper/path.js.map
2025-04-14T01:51:41.8201390Z [94m[39m [90mYN0000[39m: dist/node/helper/resource.js
2025-04-14T01:51:41.8201880Z [94m[39m [90mYN0000[39m: dist/node/helper/resource.js.map
2025-04-14T01:51:41.8202310Z [94m[39m [90mYN0000[39m: dist/node/index.cjs.js
2025-04-14T01:51:41.8202730Z [94m[39m [90mYN0000[39m: dist/node/index.cjs.js.map
2025-04-14T01:51:41.8203100Z [94m[39m [90mYN0000[39m: dist/node/index.js
2025-04-14T01:51:41.8203520Z [94m[39m [90mYN0000[39m: dist/node/index.js.map
2025-04-14T01:51:41.8203890Z [94m[39m [90mYN0000[39m: dist/types/api/index.js
2025-04-14T01:51:41.8204290Z [94m[39m [90mYN0000[39m: dist/types/api/index.js.map
2025-04-14T01:51:41.8204780Z [94m[39m [90mYN0000[39m: dist/types/assistant/assistantEntity.js
2025-04-14T01:51:41.8205270Z [94m[39m [90mYN0000[39m: dist/types/assistant/assistantEntity.js.map
2025-04-14T01:51:41.8205790Z [94m[39m [90mYN0000[39m: dist/types/assistant/assistantEvent.js
2025-04-14T01:51:41.8206270Z [94m[39m [90mYN0000[39m: dist/types/assistant/assistantEvent.js.map
2025-04-14T01:51:41.8206810Z [94m[39m [90mYN0000[39m: dist/types/assistant/assistantInterface.js
2025-04-14T01:51:41.8207320Z [94m[39m [90mYN0000[39m: dist/types/assistant/assistantInterface.js.map
2025-04-14T01:51:41.8207960Z [94m[39m [90mYN0000[39m: dist/types/assistant/index.js
2025-04-14T01:51:41.8208440Z [94m[39m [90mYN0000[39m: dist/types/assistant/index.js.map
2025-04-14T01:51:41.8208880Z [94m[39m [90mYN0000[39m: dist/types/browser/core.d.ts
2025-04-14T01:51:41.8209370Z [94m[39m [90mYN0000[39m: dist/types/browser/events.d.ts
2025-04-14T01:51:41.8209820Z [94m[39m [90mYN0000[39m: dist/types/browser/extension.d.ts
2025-04-14T01:51:41.8210410Z [94m[39m [90mYN0000[39m: dist/types/browser/extensions/assistant.d.ts
2025-04-14T01:51:41.8210940Z [94m[39m [90mYN0000[39m: dist/types/browser/extensions/conversational.d.ts
2025-04-14T01:51:41.8211540Z [94m[39m [90mYN0000[39m: dist/types/browser/extensions/engines/AIEngine.d.ts
2025-04-14T01:51:41.8212100Z [94m[39m [90mYN0000[39m: dist/types/browser/extensions/engines/EngineManager.d.ts
2025-04-14T01:51:41.8212760Z [94m[39m [90mYN0000[39m: dist/types/browser/extensions/engines/LocalOAIEngine.d.ts
2025-04-14T01:51:41.8213330Z [94m[39m [90mYN0000[39m: dist/types/browser/extensions/engines/OAIEngine.d.ts
2025-04-14T01:51:41.8213980Z [94m[39m [90mYN0000[39m: dist/types/browser/extensions/engines/RemoteOAIEngine.d.ts
2025-04-14T01:51:41.8214580Z [94m[39m [90mYN0000[39m: dist/types/browser/extensions/engines/helpers/sse.d.ts
2025-04-14T01:51:41.8215190Z [94m[39m [90mYN0000[39m: dist/types/browser/extensions/engines/index.d.ts
2025-04-14T01:51:41.8215770Z [94m[39m [90mYN0000[39m: dist/types/browser/extensions/enginesManagement.d.ts
2025-04-14T01:51:41.8216330Z [94m[39m [90mYN0000[39m: dist/types/browser/extensions/hardwareManagement.d.ts
2025-04-14T01:51:41.8216880Z [94m[39m [90mYN0000[39m: dist/types/browser/extensions/index.d.ts
2025-04-14T01:51:41.8217360Z [94m[39m [90mYN0000[39m: dist/types/browser/extensions/inference.d.ts
2025-04-14T01:51:41.8218220Z [94m[39m [90mYN0000[39m: dist/types/browser/extensions/model.d.ts
2025-04-14T01:51:41.8218680Z [94m[39m [90mYN0000[39m: dist/types/browser/fs.d.ts
2025-04-14T01:51:41.8219130Z [94m[39m [90mYN0000[39m: dist/types/browser/index.d.ts
2025-04-14T01:51:41.8219560Z [94m[39m [90mYN0000[39m: dist/types/browser/models/index.d.ts
2025-04-14T01:51:41.8220060Z [94m[39m [90mYN0000[39m: dist/types/browser/models/manager.d.ts
2025-04-14T01:51:41.8220510Z [94m[39m [90mYN0000[39m: dist/types/browser/models/utils.d.ts
2025-04-14T01:51:41.8221040Z [94m[39m [90mYN0000[39m: dist/types/browser/tools/index.d.ts
2025-04-14T01:51:41.8221490Z [94m[39m [90mYN0000[39m: dist/types/browser/tools/manager.d.ts
2025-04-14T01:51:41.8221970Z [94m[39m [90mYN0000[39m: dist/types/browser/tools/tool.d.ts
2025-04-14T01:51:41.8222430Z [94m[39m [90mYN0000[39m: dist/types/config/appConfigEntity.js
2025-04-14T01:51:41.8222890Z [94m[39m [90mYN0000[39m: dist/types/config/appConfigEntity.js.map
2025-04-14T01:51:41.8223400Z [94m[39m [90mYN0000[39m: dist/types/config/appConfigEvent.js
2025-04-14T01:51:41.8223880Z [94m[39m [90mYN0000[39m: dist/types/config/appConfigEvent.js.map
2025-04-14T01:51:41.8224360Z [94m[39m [90mYN0000[39m: dist/types/config/index.js
2025-04-14T01:51:41.8224780Z [94m[39m [90mYN0000[39m: dist/types/config/index.js.map
2025-04-14T01:51:41.8225210Z [94m[39m [90mYN0000[39m: dist/types/engine/index.js
2025-04-14T01:51:41.8225600Z [94m[39m [90mYN0000[39m: dist/types/engine/index.js.map
2025-04-14T01:51:41.8226050Z [94m[39m [90mYN0000[39m: dist/types/file/index.js
2025-04-14T01:51:41.8226450Z [94m[39m [90mYN0000[39m: dist/types/file/index.js.map
2025-04-14T01:51:41.8226870Z [94m[39m [90mYN0000[39m: dist/types/hardware/index.js
2025-04-14T01:51:41.8227330Z [94m[39m [90mYN0000[39m: dist/types/hardware/index.js.map
2025-04-14T01:51:41.8227810Z [94m[39m [90mYN0000[39m: dist/types/huggingface/huggingfaceEntity.js
2025-04-14T01:51:41.8228360Z [94m[39m [90mYN0000[39m: dist/types/huggingface/huggingfaceEntity.js.map
2025-04-14T01:51:41.8228870Z [94m[39m [90mYN0000[39m: dist/types/huggingface/index.js
2025-04-14T01:51:41.8229680Z [94m[39m [90mYN0000[39m: dist/types/huggingface/index.js.map
2025-04-14T01:51:41.8230100Z [94m[39m [90mYN0000[39m: dist/types/index.d.ts
2025-04-14T01:51:41.8230520Z [94m[39m [90mYN0000[39m: dist/types/index.js
2025-04-14T01:51:41.8230890Z [94m[39m [90mYN0000[39m: dist/types/index.js.map
2025-04-14T01:51:41.8231330Z [94m[39m [90mYN0000[39m: dist/types/inference/index.js
2025-04-14T01:51:41.8231800Z [94m[39m [90mYN0000[39m: dist/types/inference/index.js.map
2025-04-14T01:51:41.8232310Z [94m[39m [90mYN0000[39m: dist/types/inference/inferenceEntity.js
2025-04-14T01:51:41.8232810Z [94m[39m [90mYN0000[39m: dist/types/inference/inferenceEntity.js.map
2025-04-14T01:51:41.8233410Z [94m[39m [90mYN0000[39m: dist/types/inference/inferenceEvent.js
2025-04-14T01:51:41.8233910Z [94m[39m [90mYN0000[39m: dist/types/inference/inferenceEvent.js.map
2025-04-14T01:51:41.8234460Z [94m[39m [90mYN0000[39m: dist/types/inference/inferenceInterface.js
2025-04-14T01:51:41.8234980Z [94m[39m [90mYN0000[39m: dist/types/inference/inferenceInterface.js.map
2025-04-14T01:51:41.8235440Z [94m[39m [90mYN0000[39m: dist/types/message/index.js
2025-04-14T01:51:41.8235900Z [94m[39m [90mYN0000[39m: dist/types/message/index.js.map
2025-04-14T01:51:41.8236350Z [94m[39m [90mYN0000[39m: dist/types/message/messageEntity.js
2025-04-14T01:51:41.8236860Z [94m[39m [90mYN0000[39m: dist/types/message/messageEntity.js.map
2025-04-14T01:51:41.8237320Z [94m[39m [90mYN0000[39m: dist/types/message/messageEvent.js
2025-04-14T01:51:41.8237800Z [94m[39m [90mYN0000[39m: dist/types/message/messageEvent.js.map
2025-04-14T01:51:41.8238290Z [94m[39m [90mYN0000[39m: dist/types/message/messageInterface.js
2025-04-14T01:51:41.8238800Z [94m[39m [90mYN0000[39m: dist/types/message/messageInterface.js.map
2025-04-14T01:51:41.8239450Z [94m[39m [90mYN0000[39m: dist/types/message/messageRequestType.js
2025-04-14T01:51:41.8239950Z [94m[39m [90mYN0000[39m: dist/types/message/messageRequestType.js.map
2025-04-14T01:51:41.8240490Z [94m[39m [90mYN0000[39m: dist/types/miscellaneous/appUpdate.js
2025-04-14T01:51:41.8241020Z [94m[39m [90mYN0000[39m: dist/types/miscellaneous/appUpdate.js.map
2025-04-14T01:51:41.8241510Z [94m[39m [90mYN0000[39m: dist/types/miscellaneous/index.js
2025-04-14T01:51:41.8241970Z [94m[39m [90mYN0000[39m: dist/types/miscellaneous/index.js.map
2025-04-14T01:51:41.8242490Z [94m[39m [90mYN0000[39m: dist/types/miscellaneous/promptTemplate.js
2025-04-14T01:51:41.8243000Z [94m[39m [90mYN0000[39m: dist/types/miscellaneous/promptTemplate.js.map
2025-04-14T01:51:41.8243520Z [94m[39m [90mYN0000[39m: dist/types/miscellaneous/selectFiles.js
2025-04-14T01:51:41.8244010Z [94m[39m [90mYN0000[39m: dist/types/miscellaneous/selectFiles.js.map
2025-04-14T01:51:41.8244560Z [94m[39m [90mYN0000[39m: dist/types/miscellaneous/systemResourceInfo.js
2025-04-14T01:51:41.8245160Z [94m[39m [90mYN0000[39m: dist/types/miscellaneous/systemResourceInfo.js.map
2025-04-14T01:51:41.8245630Z [94m[39m [90mYN0000[39m: dist/types/model/index.js
2025-04-14T01:51:41.8246100Z [94m[39m [90mYN0000[39m: dist/types/model/index.js.map
2025-04-14T01:51:41.8246540Z [94m[39m [90mYN0000[39m: dist/types/model/modelEntity.js
2025-04-14T01:51:41.8247040Z [94m[39m [90mYN0000[39m: dist/types/model/modelEntity.js.map
2025-04-14T01:51:41.8247480Z [94m[39m [90mYN0000[39m: dist/types/model/modelEvent.js
2025-04-14T01:51:41.8247950Z [94m[39m [90mYN0000[39m: dist/types/model/modelEvent.js.map
2025-04-14T01:51:41.8248400Z [94m[39m [90mYN0000[39m: dist/types/model/modelImport.js
2025-04-14T01:51:41.8248840Z [94m[39m [90mYN0000[39m: dist/types/model/modelImport.js.map
2025-04-14T01:51:41.8249340Z [94m[39m [90mYN0000[39m: dist/types/model/modelInterface.js
2025-04-14T01:51:41.8249830Z [94m[39m [90mYN0000[39m: dist/types/model/modelInterface.js.map
2025-04-14T01:51:41.8250310Z [94m[39m [90mYN0000[39m: dist/types/model/modelSource.js
2025-04-14T01:51:41.8250890Z [94m[39m [90mYN0000[39m: dist/types/model/modelSource.js.map
2025-04-14T01:51:41.8251400Z [94m[39m [90mYN0000[39m: dist/types/node/api/common/adapter.d.ts
2025-04-14T01:51:41.8251920Z [94m[39m [90mYN0000[39m: dist/types/node/api/common/handler.d.ts
2025-04-14T01:51:41.8252400Z [94m[39m [90mYN0000[39m: dist/types/node/api/index.d.ts
2025-04-14T01:51:41.8252890Z [94m[39m [90mYN0000[39m: dist/types/node/api/processors/Processor.d.ts
2025-04-14T01:51:41.8253390Z [94m[39m [90mYN0000[39m: dist/types/node/api/processors/app.d.ts
2025-04-14T01:51:41.8253940Z [94m[39m [90mYN0000[39m: dist/types/node/api/processors/extension.d.ts
2025-04-14T01:51:41.8254450Z [94m[39m [90mYN0000[39m: dist/types/node/api/processors/fs.d.ts
2025-04-14T01:51:41.8254980Z [94m[39m [90mYN0000[39m: dist/types/node/api/processors/fsExt.d.ts
2025-04-14T01:51:41.8255510Z [94m[39m [90mYN0000[39m: dist/types/node/extension/extension.d.ts
2025-04-14T01:51:41.8256060Z [94m[39m [90mYN0000[39m: dist/types/node/extension/index.d.ts
2025-04-14T01:51:41.8256530Z [94m[39m [90mYN0000[39m: dist/types/node/extension/manager.d.ts
2025-04-14T01:51:41.8257080Z [94m[39m [90mYN0000[39m: dist/types/node/extension/store.d.ts
2025-04-14T01:51:41.8257600Z [94m[39m [90mYN0000[39m: dist/types/node/helper/config.d.ts
2025-04-14T01:51:41.8258040Z [94m[39m [90mYN0000[39m: dist/types/node/helper/index.d.ts
2025-04-14T01:51:41.8258550Z [94m[39m [90mYN0000[39m: dist/types/node/helper/logger.d.ts
2025-04-14T01:51:41.8259000Z [94m[39m [90mYN0000[39m: dist/types/node/helper/module.d.ts
2025-04-14T01:51:41.8259500Z [94m[39m [90mYN0000[39m: dist/types/node/helper/path.d.ts
2025-04-14T01:51:41.8259950Z [94m[39m [90mYN0000[39m: dist/types/node/helper/resource.d.ts
2025-04-14T01:51:41.8260590Z [94m[39m [90mYN0000[39m: dist/types/node/index.d.ts
2025-04-14T01:51:41.8261020Z [94m[39m [90mYN0000[39m: dist/types/setting/index.js
2025-04-14T01:51:41.8276410Z [94m[39m [90mYN0000[39m: dist/types/setting/index.js.map
2025-04-14T01:51:41.8276980Z [94m[39m [90mYN0000[39m: dist/types/setting/settingComponent.js
2025-04-14T01:51:41.8277540Z [94m[39m [90mYN0000[39m: dist/types/setting/settingComponent.js.map
2025-04-14T01:51:41.8278100Z [94m[39m [90mYN0000[39m: dist/types/thread/index.js
2025-04-14T01:51:41.8278500Z [94m[39m [90mYN0000[39m: dist/types/thread/index.js.map
2025-04-14T01:51:41.8278930Z [94m[39m [90mYN0000[39m: dist/types/thread/threadEntity.js
2025-04-14T01:51:41.8279390Z [94m[39m [90mYN0000[39m: dist/types/thread/threadEntity.js.map
2025-04-14T01:51:41.8279810Z [94m[39m [90mYN0000[39m: dist/types/thread/threadInterface.js
2025-04-14T01:51:41.8280300Z [94m[39m [90mYN0000[39m: dist/types/thread/threadInterface.js.map
2025-04-14T01:51:41.8280720Z [94m[39m [90mYN0000[39m: dist/types/types/api/index.d.ts
2025-04-14T01:51:41.8281200Z [94m[39m [90mYN0000[39m: dist/types/types/assistant/assistantEntity.d.ts
2025-04-14T01:51:41.8281700Z [94m[39m [90mYN0000[39m: dist/types/types/assistant/assistantEvent.d.ts
2025-04-14T01:51:41.8282200Z [94m[39m [90mYN0000[39m: dist/types/types/assistant/assistantInterface.d.ts
2025-04-14T01:51:41.8282680Z [94m[39m [90mYN0000[39m: dist/types/types/assistant/index.d.ts
2025-04-14T01:51:41.8283170Z [94m[39m [90mYN0000[39m: dist/types/types/config/appConfigEntity.d.ts
2025-04-14T01:51:41.8283690Z [94m[39m [90mYN0000[39m: dist/types/types/config/appConfigEvent.d.ts
2025-04-14T01:51:41.8284190Z [94m[39m [90mYN0000[39m: dist/types/types/config/index.d.ts
2025-04-14T01:51:41.8284640Z [94m[39m [90mYN0000[39m: dist/types/types/engine/index.d.ts
2025-04-14T01:51:41.8285220Z [94m[39m [90mYN0000[39m: dist/types/types/file/index.d.ts
2025-04-14T01:51:41.8285740Z [94m[39m [90mYN0000[39m: dist/types/types/hardware/index.d.ts
2025-04-14T01:51:41.8286260Z [94m[39m [90mYN0000[39m: dist/types/types/huggingface/huggingfaceEntity.d.ts
2025-04-14T01:51:41.8286930Z [94m[39m [90mYN0000[39m: dist/types/types/huggingface/index.d.ts
2025-04-14T01:51:41.8287370Z [94m[39m [90mYN0000[39m: dist/types/types/index.d.ts
2025-04-14T01:51:41.8287810Z [94m[39m [90mYN0000[39m: dist/types/types/inference/index.d.ts
2025-04-14T01:51:41.8288290Z [94m[39m [90mYN0000[39m: dist/types/types/inference/inferenceEntity.d.ts
2025-04-14T01:51:41.8288800Z [94m[39m [90mYN0000[39m: dist/types/types/inference/inferenceEvent.d.ts
2025-04-14T01:51:41.8289340Z [94m[39m [90mYN0000[39m: dist/types/types/inference/inferenceInterface.d.ts
2025-04-14T01:51:41.8289780Z [94m[39m [90mYN0000[39m: dist/types/types/message/index.d.ts
2025-04-14T01:51:41.8290220Z [94m[39m [90mYN0000[39m: dist/types/types/message/messageEntity.d.ts
2025-04-14T01:51:41.8290730Z [94m[39m [90mYN0000[39m: dist/types/types/message/messageEvent.d.ts
2025-04-14T01:51:41.8291200Z [94m[39m [90mYN0000[39m: dist/types/types/message/messageInterface.d.ts
2025-04-14T01:51:41.8291730Z [94m[39m [90mYN0000[39m: dist/types/types/message/messageRequestType.d.ts
2025-04-14T01:51:41.8292200Z [94m[39m [90mYN0000[39m: dist/types/types/miscellaneous/appUpdate.d.ts
2025-04-14T01:51:41.8292660Z [94m[39m [90mYN0000[39m: dist/types/types/miscellaneous/index.d.ts
2025-04-14T01:51:41.8293140Z [94m[39m [90mYN0000[39m: dist/types/types/miscellaneous/promptTemplate.d.ts
2025-04-14T01:51:41.8293630Z [94m[39m [90mYN0000[39m: dist/types/types/miscellaneous/selectFiles.d.ts
2025-04-14T01:51:41.8294140Z [94m[39m [90mYN0000[39m: dist/types/types/miscellaneous/systemResourceInfo.d.ts
2025-04-14T01:51:41.8294590Z [94m[39m [90mYN0000[39m: dist/types/types/model/index.d.ts
2025-04-14T01:51:41.8295010Z [94m[39m [90mYN0000[39m: dist/types/types/model/modelEntity.d.ts
2025-04-14T01:51:41.8295630Z [94m[39m [90mYN0000[39m: dist/types/types/model/modelEvent.d.ts
2025-04-14T01:51:41.8296060Z [94m[39m [90mYN0000[39m: dist/types/types/model/modelImport.d.ts
2025-04-14T01:51:41.8296500Z [94m[39m [90mYN0000[39m: dist/types/types/model/modelInterface.d.ts
2025-04-14T01:51:41.8296930Z [94m[39m [90mYN0000[39m: dist/types/types/model/modelSource.d.ts
2025-04-14T01:51:41.8297330Z [94m[39m [90mYN0000[39m: dist/types/types/setting/index.d.ts
2025-04-14T01:51:41.8297780Z [94m[39m [90mYN0000[39m: dist/types/types/setting/settingComponent.d.ts
2025-04-14T01:51:41.8298210Z [94m[39m [90mYN0000[39m: dist/types/types/thread/index.d.ts
2025-04-14T01:51:41.8298620Z [94m[39m [90mYN0000[39m: dist/types/types/thread/threadEntity.d.ts
2025-04-14T01:51:41.8299060Z [94m[39m [90mYN0000[39m: dist/types/types/thread/threadInterface.d.ts
2025-04-14T01:51:41.8299400Z [94m[39m [90mYN0000[39m: package.json
2025-04-14T01:51:41.8657860Z [94m[39m YN0000: Package archive generated in [38;5;170m/Users/runner/work/jan/jan/core/package.tgz[39m
2025-04-14T01:51:41.8658770Z [94m[39m YN0000: Done in 0s 125ms
2025-04-14T01:51:41.8771370Z yarn build:server
2025-04-14T01:51:42.7955540Z [33m[UNRESOLVED_IMPORT] Warning:[0m Could not resolve 'bufferutil' in node_modules/ws/lib/buffer-util.js
2025-04-14T01:51:42.7956270Z      [38;5;246m[0m[38;5;246m[0m[38;5;246m[[0mnode_modules/ws/lib/buffer-util.js:117:32[38;5;246m][0m
2025-04-14T01:51:42.7956580Z      [38;5;246m[0m
2025-04-14T01:51:42.7957960Z  [38;5;246m117 [0m [38;5;249m [0m[38;5;249m [0m[38;5;249m [0m[38;5;249m [0m[38;5;249mc[0m[38;5;249mo[0m[38;5;249mn[0m[38;5;249ms[0m[38;5;249mt[0m[38;5;249m [0m[38;5;249mb[0m[38;5;249mu[0m[38;5;249mf[0m[38;5;249mf[0m[38;5;249me[0m[38;5;249mr[0m[38;5;249mU[0m[38;5;249mt[0m[38;5;249mi[0m[38;5;249ml[0m[38;5;249m [0m[38;5;249m=[0m[38;5;249m [0m[38;5;249mr[0m[38;5;249me[0m[38;5;249mq[0m[38;5;249mu[0m[38;5;249mi[0m[38;5;249mr[0m[38;5;249me[0m[38;5;249m([0m'bufferutil'[38;5;249m)[0m[38;5;249m;[0m
2025-04-14T01:51:42.7958940Z  [38;5;240m    [0m                                  
2025-04-14T01:51:42.7959790Z  [38;5;240m    [0m                                       Module not found, treating it as an external dependency
2025-04-14T01:51:42.7960190Z [38;5;246m[0m
2025-04-14T01:51:42.7960290Z 
2025-04-14T01:51:42.7960730Z [33m[UNRESOLVED_IMPORT] Warning:[0m Could not resolve 'utf-8-validate' in node_modules/ws/lib/validation.js
2025-04-14T01:51:42.7961310Z      [38;5;246m[0m[38;5;246m[0m[38;5;246m[[0mnode_modules/ws/lib/validation.js:144:33[38;5;246m][0m
2025-04-14T01:51:42.7961600Z      [38;5;246m[0m
2025-04-14T01:51:42.7962960Z  [38;5;246m144 [0m [38;5;249m [0m[38;5;249m [0m[38;5;249m [0m[38;5;249m [0m[38;5;249mc[0m[38;5;249mo[0m[38;5;249mn[0m[38;5;249ms[0m[38;5;249mt[0m[38;5;249m [0m[38;5;249mi[0m[38;5;249ms[0m[38;5;249mV[0m[38;5;249ma[0m[38;5;249ml[0m[38;5;249mi[0m[38;5;249md[0m[38;5;249mU[0m[38;5;249mT[0m[38;5;249mF[0m[38;5;249m8[0m[38;5;249m [0m[38;5;249m=[0m[38;5;249m [0m[38;5;249mr[0m[38;5;249me[0m[38;5;249mq[0m[38;5;249mu[0m[38;5;249mi[0m[38;5;249mr[0m[38;5;249me[0m[38;5;249m([0m'utf-8-validate'[38;5;249m)[0m[38;5;249m;[0m
2025-04-14T01:51:42.7963830Z  [38;5;240m    [0m                                   
2025-04-14T01:51:42.7964260Z  [38;5;240m    [0m                                          Module not found, treating it as an external dependency
2025-04-14T01:51:42.7964550Z [38;5;246m[0m
2025-04-14T01:51:42.7964640Z 
2025-04-14T01:51:42.7973730Z [33m[UNRESOLVED_IMPORT] Warning:[0m Could not resolve 'spdx-license-ids' in ../core/node_modules/spdx-correct/index.js
2025-04-14T01:51:42.7974420Z     [38;5;246m[0m[38;5;246m[0m[38;5;246m[[0m../core/node_modules/spdx-correct/index.js:17:30[38;5;246m][0m
2025-04-14T01:51:42.7974740Z     [38;5;246m[0m
2025-04-14T01:51:42.7976410Z  [38;5;246m17 [0m [38;5;249mv[0m[38;5;249ma[0m[38;5;249mr[0m[38;5;249m [0m[38;5;249ms[0m[38;5;249mp[0m[38;5;249md[0m[38;5;249mx[0m[38;5;249mL[0m[38;5;249mi[0m[38;5;249mc[0m[38;5;249me[0m[38;5;249mn[0m[38;5;249ms[0m[38;5;249me[0m[38;5;249mI[0m[38;5;249md[0m[38;5;249ms[0m[38;5;249m [0m[38;5;249m=[0m[38;5;249m [0m[38;5;249mr[0m[38;5;249me[0m[38;5;249mq[0m[38;5;249mu[0m[38;5;249mi[0m[38;5;249mr[0m[38;5;249me[0m[38;5;249m([0m'spdx-license-ids'[38;5;249m)[0m
2025-04-14T01:51:42.7977290Z  [38;5;240m   [0m                                
2025-04-14T01:51:42.7977760Z  [38;5;240m   [0m                                        Module not found, treating it as an external dependency
2025-04-14T01:51:42.7978070Z [38;5;246m[0m
2025-04-14T01:51:42.7978170Z 
2025-04-14T01:51:42.7978620Z [33m[UNRESOLVED_IMPORT] Warning:[0m Could not resolve 'bluebird' in ../core/node_modules/promise-inflight/inflight.js
2025-04-14T01:51:42.7979250Z    [38;5;246m[0m[38;5;246m[0m[38;5;246m[[0m../core/node_modules/promise-inflight/inflight.js:6:22[38;5;246m][0m
2025-04-14T01:51:42.7979570Z    [38;5;246m[0m
2025-04-14T01:51:42.7980470Z  [38;5;246m6 [0m [38;5;249m [0m[38;5;249m [0m[38;5;249mB[0m[38;5;249ml[0m[38;5;249mu[0m[38;5;249me[0m[38;5;249mb[0m[38;5;249mi[0m[38;5;249mr[0m[38;5;249md[0m[38;5;249m [0m[38;5;249m=[0m[38;5;249m [0m[38;5;249mr[0m[38;5;249me[0m[38;5;249mq[0m[38;5;249mu[0m[38;5;249mi[0m[38;5;249mr[0m[38;5;249me[0m[38;5;249m([0m'bluebird'[38;5;249m)[0m
2025-04-14T01:51:42.7981090Z  [38;5;240m  [0m                        
2025-04-14T01:51:42.7981580Z  [38;5;240m  [0m                            Module not found, treating it as an external dependency
2025-04-14T01:51:42.7981870Z [38;5;246m[0m
2025-04-14T01:51:42.7981960Z 
2025-04-14T01:51:42.7982440Z [33m[UNRESOLVED_IMPORT] Warning:[0m Could not resolve 'spdx-license-ids' in ../core/node_modules/spdx-expression-parse/scan.js
2025-04-14T01:51:42.7983140Z    [38;5;246m[0m[38;5;246m[0m[38;5;246m[[0m../core/node_modules/spdx-expression-parse/scan.js:4:19[38;5;246m][0m
2025-04-14T01:51:42.7983590Z    [38;5;246m[0m
2025-04-14T01:51:42.7984510Z  [38;5;246m4 [0m [38;5;249m [0m[38;5;249m [0m[38;5;249m.[0m[38;5;249mc[0m[38;5;249mo[0m[38;5;249mn[0m[38;5;249mc[0m[38;5;249ma[0m[38;5;249mt[0m[38;5;249m([0m[38;5;249mr[0m[38;5;249me[0m[38;5;249mq[0m[38;5;249mu[0m[38;5;249mi[0m[38;5;249mr[0m[38;5;249me[0m[38;5;249m([0m'spdx-license-ids'[38;5;249m)[0m[38;5;249m)[0m
2025-04-14T01:51:42.7985180Z  [38;5;240m  [0m                     
2025-04-14T01:51:42.7985630Z  [38;5;240m  [0m                             Module not found, treating it as an external dependency
2025-04-14T01:51:42.7985970Z [38;5;246m[0m
2025-04-14T01:51:42.7986060Z 
2025-04-14T01:51:42.7986670Z [33m[UNRESOLVED_IMPORT] Warning:[0m Could not resolve 'spdx-license-ids/deprecated' in ../core/node_modules/spdx-expression-parse/scan.js
2025-04-14T01:51:42.7987590Z    [38;5;246m[0m[38;5;246m[0m[38;5;246m[[0m../core/node_modules/spdx-expression-parse/scan.js:5:19[38;5;246m][0m
2025-04-14T01:51:42.7987990Z    [38;5;246m[0m
2025-04-14T01:51:42.7988920Z  [38;5;246m5 [0m [38;5;249m [0m[38;5;249m [0m[38;5;249m.[0m[38;5;249mc[0m[38;5;249mo[0m[38;5;249mn[0m[38;5;249mc[0m[38;5;249ma[0m[38;5;249mt[0m[38;5;249m([0m[38;5;249mr[0m[38;5;249me[0m[38;5;249mq[0m[38;5;249mu[0m[38;5;249mi[0m[38;5;249mr[0m[38;5;249me[0m[38;5;249m([0m'spdx-license-ids/deprecated'[38;5;249m)[0m[38;5;249m)[0m
2025-04-14T01:51:42.7989580Z  [38;5;240m  [0m                     
2025-04-14T01:51:42.7990010Z  [38;5;240m  [0m                                  Module not found, treating it as an external dependency
2025-04-14T01:51:42.7990290Z [38;5;246m[0m
2025-04-14T01:51:42.7990370Z 
2025-04-14T01:51:42.7991010Z [33m[UNRESOLVED_IMPORT] Warning:[0m Could not resolve 'spdx-exceptions' in ../core/node_modules/spdx-expression-parse/scan.js
2025-04-14T01:51:42.7991660Z    [38;5;246m[0m[38;5;246m[0m[38;5;246m[[0m../core/node_modules/spdx-expression-parse/scan.js:6:26[38;5;246m][0m
2025-04-14T01:51:42.7991960Z    [38;5;246m[0m
2025-04-14T01:51:42.7993070Z  [38;5;246m6 [0m [38;5;249mv[0m[38;5;249ma[0m[38;5;249mr[0m[38;5;249m [0m[38;5;249me[0m[38;5;249mx[0m[38;5;249mc[0m[38;5;249me[0m[38;5;249mp[0m[38;5;249mt[0m[38;5;249mi[0m[38;5;249mo[0m[38;5;249mn[0m[38;5;249ms[0m[38;5;249m [0m[38;5;249m=[0m[38;5;249m [0m[38;5;249mr[0m[38;5;249me[0m[38;5;249mq[0m[38;5;249mu[0m[38;5;249mi[0m[38;5;249mr[0m[38;5;249me[0m[38;5;249m([0m'spdx-exceptions'[38;5;249m)[0m
2025-04-14T01:51:42.7993790Z  [38;5;240m  [0m                            
2025-04-14T01:51:42.7994210Z  [38;5;240m  [0m                                   Module not found, treating it as an external dependency
2025-04-14T01:51:42.7994480Z [38;5;246m[0m
2025-04-14T01:51:42.7994570Z 
2025-04-14T01:51:42.8164760Z [log] [2m<DIR>/[22m[32mdist/index.js.map  [39m[2masset[22m[2m  size: 10,040.29 kB[22m
2025-04-14T01:51:42.8165380Z [log] [2m<DIR>/[22m[36mdist/index.js      [39m[2mchunk[22m[2m  size:  5,476.43 kB[22m
2025-04-14T01:51:42.8165650Z [log]
2025-04-14T01:51:42.8165870Z [success] Finished in [1m280.55 ms[22m
2025-04-14T01:51:42.8369990Z yarn build:extensions
2025-04-14T01:51:43.0991570Z No matches found: "./pre-install/*.tgz"
2025-04-14T01:51:45.3297440Z [log] [2m<DIR>/[22m[32mdist/index.js.map  [39m[2masset[22m[2m  size: 153.60 kB[22m
2025-04-14T01:51:45.3298120Z [log] [2m<DIR>/[22m[36mdist/index.js      [39m[2mchunk[22m[2m  size:  62.68 kB[22m
2025-04-14T01:51:45.3298750Z [log] [2m<DIR>/[22m[32mdist/node/index.cjs.js.map  [39m[2masset[22m[2m  size: 71.36 kB[22m
2025-04-14T01:51:45.3299470Z [log] [2m<DIR>/[22m[36mdist/node/index.cjs.js      [39m[2mchunk[22m[2m  size: 36.94 kB[22m
2025-04-14T01:51:45.3299810Z [log]
2025-04-14T01:51:45.3300080Z [success] Finished in [1m23.43 ms[22m
2025-04-14T01:51:45.5074190Z [93m[39m YN0000: Yarn detected that the current workflow is executed from a public pull request. For safety the hardened mode has been enabled.
2025-04-14T01:51:45.5075310Z [93m[39m YN0000: It will prevent malicious lockfile manipulations, in exchange for a slower install time. You can opt-out if necessary; check our documentation for more details.
2025-04-14T01:51:45.5075750Z 
2025-04-14T01:51:45.5075960Z [94m[39m YN0000:  Yarn 4.5.3
2025-04-14T01:51:45.5127800Z [94m[39m [90mYN0000[39m:  Resolution step
2025-04-14T01:51:45.5128690Z ##[group]Resolution step
2025-04-14T01:51:48.6827490Z [94m[39m YN0085:  [38;5;70m+[39m [38;5;166m@janhq/[39m[38;5;173mcore[39m[38;5;111m@[39m[38;5;111mfile:../../core/package.tgz#../../core/package.tgz::hash=ec9e6d&locator=%40janhq%2Fassistant-extension%40workspace%3Aassistant-extension[39m, and [38;5;220m5[39m more.
2025-04-14T01:51:48.6829260Z [94m[39m YN0085:  [38;5;160m-[39m [38;5;166m@janhq/[39m[38;5;173mcore[39m[38;5;111m@[39m[38;5;111mfile:../../core/package.tgz#../../core/package.tgz::hash=704042&locator=%40janhq%2Fassistant-extension%40workspace%3Aassistant-extension[39m, and [38;5;220m19[39m more.
2025-04-14T01:51:48.6942470Z ##[endgroup]
2025-04-14T01:51:48.6943000Z [94m[39m [90mYN0000[39m:  Completed in 3s 182ms
2025-04-14T01:51:48.6946950Z [94m[39m [90mYN0000[39m:  Post-resolution validation
2025-04-14T01:51:48.6947480Z ##[group]Post-resolution validation
2025-04-14T01:51:48.6948590Z [93m[39m YN0002:  [38;5;166m@janhq/[39m[38;5;173massistant-extension[39m[38;5;111m@[39m[38;5;111mworkspace:assistant-extension[39m doesn't provide [38;5;173mwebpack[39m ([38;5;111mpb9f55[39m), requested by [38;5;173mts-loader[39m.
2025-04-14T01:51:48.6950180Z [93m[39m YN0002:  [38;5;166m@janhq/[39m[38;5;173mconversational-extension[39m[38;5;111m@[39m[38;5;111mworkspace:conversational-extension[39m doesn't provide [38;5;173mwebpack[39m ([38;5;111mpd966f[39m), requested by [38;5;173mts-loader[39m.
2025-04-14T01:51:48.6951710Z [93m[39m YN0002:  [38;5;166m@janhq/[39m[38;5;173mengine-management-extension[39m[38;5;111m@[39m[38;5;111mworkspace:engine-management-extension[39m doesn't provide [38;5;173mwebpack[39m ([38;5;111mp52429[39m), requested by [38;5;173mts-loader[39m.
2025-04-14T01:51:48.6953240Z [93m[39m YN0002:  [38;5;166m@janhq/[39m[38;5;173mhardware-management-extension[39m[38;5;111m@[39m[38;5;111mworkspace:hardware-management-extension[39m doesn't provide [38;5;173mwebpack[39m ([38;5;111mp0df57[39m), requested by [38;5;173mts-loader[39m.
2025-04-14T01:51:48.6954600Z [93m[39m YN0086:  Some peer dependencies are incorrectly met by your project; run [38;5;111myarn explain peer-requirements <hash>[39m for details, where [38;5;111m<hash>[39m is the six-letter p-prefixed code.
2025-04-14T01:51:48.6955250Z ##[endgroup]
2025-04-14T01:51:48.6955480Z [94m[39m [90mYN0000[39m:  Completed
2025-04-14T01:51:48.6956140Z [94m[39m [90mYN0000[39m:  Fetch step
2025-04-14T01:51:48.6956430Z ##[group]Fetch step
2025-04-14T01:51:51.0082540Z [94m[39m YN0013:  [38;5;220m232[39m packages were added to the project ([38;5;160m+ 264.61 MiB[39m).
2025-04-14T01:51:51.0083460Z ##[endgroup]
2025-04-14T01:51:51.0083820Z [94m[39m [90mYN0000[39m:  Completed in 2s 313ms
2025-04-14T01:51:51.0440000Z [94m[39m [90mYN0000[39m:  Link step
2025-04-14T01:51:51.0440900Z ##[group]Link step
2025-04-14T01:52:02.7426970Z [94m[39m YN0007:  [38;5;173mhnswlib-node[39m[38;5;111m@[39m[38;5;111mnpm:1.4.2[39m must be built because it never has been before or the last one failed
2025-04-14T01:52:02.7431450Z [94m[39m YN0007:  [38;5;173mcore-js[39m[38;5;111m@[39m[38;5;111mnpm:2.6.12[39m must be built because it never has been before or the last one failed
2025-04-14T01:52:02.7433060Z [94m[39m YN0007:  [38;5;173mfsevents[39m[38;5;111m@[39m[38;5;111mpatch:fsevents@npm%3A1.2.13#optional!builtin<compat/fsevents>::version=1.2.13&hash=d11327[39m must be built because it never has been before or the last one failed
2025-04-14T01:52:02.7434190Z [94m[39m YN0007:  [38;5;173mesbuild[39m[38;5;111m@[39m[38;5;111mnpm:0.24.2[39m must be built because it never has been before or the last one failed
2025-04-14T01:52:03.7159280Z [94m[39m [90mYN0000[39m:  [38;5;173mhnswlib-node[39m[38;5;111m@[39m[38;5;111mnpm:1.4.2[39m [31mSTDERR[39m gyp info it worked if it ends with ok
2025-04-14T01:52:03.7261230Z [94m[39m [90mYN0000[39m:  [38;5;173mhnswlib-node[39m[38;5;111m@[39m[38;5;111mnpm:1.4.2[39m [31mSTDERR[39m gyp info using node-gyp@11.0.0
2025-04-14T01:52:03.7363090Z [94m[39m [90mYN0000[39m:  [38;5;173mhnswlib-node[39m[38;5;111m@[39m[38;5;111mnpm:1.4.2[39m [31mSTDERR[39m gyp info using node@20.19.0 | darwin | arm64
2025-04-14T01:52:03.9578680Z [94m[39m [90mYN0000[39m:  [38;5;173mhnswlib-node[39m[38;5;111m@[39m[38;5;111mnpm:1.4.2[39m [31mSTDERR[39m gyp info find Python using Python version 3.13.2 found at "/opt/homebrew/opt/python@3.13/bin/python3.13"
2025-04-14T01:52:04.0886160Z [94m[39m [90mYN0000[39m:  [38;5;173mhnswlib-node[39m[38;5;111m@[39m[38;5;111mnpm:1.4.2[39m [32mSTDOUT[39m 
2025-04-14T01:52:04.0988230Z [94m[39m [90mYN0000[39m:  [38;5;173mhnswlib-node[39m[38;5;111m@[39m[38;5;111mnpm:1.4.2[39m [31mSTDERR[39m gyp http GET https://nodejs.org/download/release/v20.19.0/node-v20.19.0-headers.tar.gz
2025-04-14T01:52:04.1691070Z [94m[39m [90mYN0000[39m:  [38;5;173mfsevents[39m[38;5;111m@[39m[38;5;111mpatch:fsevents@npm%3A1.2.13#optional!builtin<compat/fsevents>::version=1.2.13&hash=d11327[39m [32mSTDOUT[39m [31m[1mUsage Error[22m[39m: The nearest package directory ([38;5;170m/Users/runner/work/jan/jan/extensions/model-extension/node_modules/chokidar/node_modules/fsevents[39m) doesn't seem to be part of the project declared in [38;5;170m/Users/runner/work/jan/jan/extensions[39m.
2025-04-14T01:52:04.1791670Z [94m[39m [90mYN0000[39m:  [38;5;173mfsevents[39m[38;5;111m@[39m[38;5;111mpatch:fsevents@npm%3A1.2.13#optional!builtin<compat/fsevents>::version=1.2.13&hash=d11327[39m [32mSTDOUT[39m 
2025-04-14T01:52:04.1894620Z [94m[39m [90mYN0000[39m:  [38;5;173mfsevents[39m[38;5;111m@[39m[38;5;111mpatch:fsevents@npm%3A1.2.13#optional!builtin<compat/fsevents>::version=1.2.13&hash=d11327[39m [32mSTDOUT[39m - If [38;5;170m/Users/runner/work/jan/jan/extensions[39m isn't intended to be a project, remove any yarn.lock and/or package.json file there.
2025-04-14T01:52:04.1995620Z [94m[39m [90mYN0000[39m:  [38;5;173mfsevents[39m[38;5;111m@[39m[38;5;111mpatch:fsevents@npm%3A1.2.13#optional!builtin<compat/fsevents>::version=1.2.13&hash=d11327[39m [32mSTDOUT[39m - If [38;5;170m/Users/runner/work/jan/jan/extensions[39m is intended to be a project, it might be that you forgot to list [38;5;170mmodel-extension/node_modules/chokidar/node_modules/fsevents[39m in its workspace configuration.
2025-04-14T01:52:04.2098780Z [94m[39m [90mYN0000[39m:  [38;5;173mfsevents[39m[38;5;111m@[39m[38;5;111mpatch:fsevents@npm%3A1.2.13#optional!builtin<compat/fsevents>::version=1.2.13&hash=d11327[39m [32mSTDOUT[39m - Finally, if [38;5;170m/Users/runner/work/jan/jan/extensions[39m is fine and you intend [38;5;170mmodel-extension/node_modules/chokidar/node_modules/fsevents[39m to be treated as a completely separate project (not even a workspace), create an empty yarn.lock file in it.
2025-04-14T01:52:04.2184130Z [94m[39m [90mYN0000[39m:  [38;5;173mfsevents[39m[38;5;111m@[39m[38;5;111mpatch:fsevents@npm%3A1.2.13#optional!builtin<compat/fsevents>::version=1.2.13&hash=d11327[39m [32mSTDOUT[39m 
2025-04-14T01:52:04.2186220Z [94m[39m [90mYN0000[39m:  [38;5;173mfsevents[39m[38;5;111m@[39m[38;5;111mpatch:fsevents@npm%3A1.2.13#optional!builtin<compat/fsevents>::version=1.2.13&hash=d11327[39m [32mSTDOUT[39m [1m$ [22myarn run [--inspect] [--inspect-brk] [-T,--top-level] [-B,--binaries-only] [--require #0] <scriptName> ...
2025-04-14T01:52:04.2223820Z [94m[39m [90mYN0000[39m:  [38;5;173mfsevents[39m[38;5;111m@[39m[38;5;111mpatch:fsevents@npm%3A1.2.13#optional!builtin<compat/fsevents>::version=1.2.13&hash=d11327[39m [32mSTDOUT[39m [31m[1mUsage Error[22m[39m: The nearest package directory ([38;5;170m/Users/runner/work/jan/jan/extensions/assistant-extension/node_modules/fsevents[39m) doesn't seem to be part of the project declared in [38;5;170m/Users/runner/work/jan/jan/extensions[39m.
2025-04-14T01:52:04.2226780Z [94m[39m [90mYN0000[39m:  [38;5;173mfsevents[39m[38;5;111m@[39m[38;5;111mpatch:fsevents@npm%3A1.2.13#optional!builtin<compat/fsevents>::version=1.2.13&hash=d11327[39m [32mSTDOUT[39m 
2025-04-14T01:52:04.2229720Z [94m[39m [90mYN0000[39m:  [38;5;173mfsevents[39m[38;5;111m@[39m[38;5;111mpatch:fsevents@npm%3A1.2.13#optional!builtin<compat/fsevents>::version=1.2.13&hash=d11327[39m [32mSTDOUT[39m - If [38;5;170m/Users/runner/work/jan/jan/extensions[39m isn't intended to be a project, remove any yarn.lock and/or package.json file there.
2025-04-14T01:52:04.2232240Z [94m[39m [90mYN0000[39m:  [38;5;173mfsevents[39m[38;5;111m@[39m[38;5;111mpatch:fsevents@npm%3A1.2.13#optional!builtin<compat/fsevents>::version=1.2.13&hash=d11327[39m [32mSTDOUT[39m - If [38;5;170m/Users/runner/work/jan/jan/extensions[39m is intended to be a project, it might be that you forgot to list [38;5;170massistant-extension/node_modules/fsevents[39m in its workspace configuration.
2025-04-14T01:52:04.2234950Z [94m[39m [90mYN0000[39m:  [38;5;173mfsevents[39m[38;5;111m@[39m[38;5;111mpatch:fsevents@npm%3A1.2.13#optional!builtin<compat/fsevents>::version=1.2.13&hash=d11327[39m [32mSTDOUT[39m - Finally, if [38;5;170m/Users/runner/work/jan/jan/extensions[39m is fine and you intend [38;5;170massistant-extension/node_modules/fsevents[39m to be treated as a completely separate project (not even a workspace), create an empty yarn.lock file in it.
2025-04-14T01:52:04.2236780Z [94m[39m [90mYN0000[39m:  [38;5;173mfsevents[39m[38;5;111m@[39m[38;5;111mpatch:fsevents@npm%3A1.2.13#optional!builtin<compat/fsevents>::version=1.2.13&hash=d11327[39m [32mSTDOUT[39m 
2025-04-14T01:52:04.2238530Z [94m[39m [90mYN0000[39m:  [38;5;173mfsevents[39m[38;5;111m@[39m[38;5;111mpatch:fsevents@npm%3A1.2.13#optional!builtin<compat/fsevents>::version=1.2.13&hash=d11327[39m [32mSTDOUT[39m [1m$ [22myarn run [--inspect] [--inspect-brk] [-T,--top-level] [-B,--binaries-only] [--require #0] <scriptName> ...
2025-04-14T01:52:04.2241090Z [94m[39m [90mYN0000[39m:  [38;5;173mfsevents[39m[38;5;111m@[39m[38;5;111mpatch:fsevents@npm%3A1.2.13#optional!builtin<compat/fsevents>::version=1.2.13&hash=d11327[39m [32mSTDOUT[39m [31m[1mUsage Error[22m[39m: The nearest package directory ([38;5;170m/Users/runner/work/jan/jan/extensions/conversational-extension/node_modules/fsevents[39m) doesn't seem to be part of the project declared in [38;5;170m/Users/runner/work/jan/jan/extensions[39m.
2025-04-14T01:52:04.2243400Z [94m[39m [90mYN0000[39m:  [38;5;173mfsevents[39m[38;5;111m@[39m[38;5;111mpatch:fsevents@npm%3A1.2.13#optional!builtin<compat/fsevents>::version=1.2.13&hash=d11327[39m [32mSTDOUT[39m 
2025-04-14T01:52:04.2245140Z [94m[39m [90mYN0000[39m:  [38;5;173mfsevents[39m[38;5;111m@[39m[38;5;111mpatch:fsevents@npm%3A1.2.13#optional!builtin<compat/fsevents>::version=1.2.13&hash=d11327[39m [32mSTDOUT[39m - If [38;5;170m/Users/runner/work/jan/jan/extensions[39m isn't intended to be a project, remove any yarn.lock and/or package.json file there.
2025-04-14T01:52:04.2247490Z [94m[39m [90mYN0000[39m:  [38;5;173mfsevents[39m[38;5;111m@[39m[38;5;111mpatch:fsevents@npm%3A1.2.13#optional!builtin<compat/fsevents>::version=1.2.13&hash=d11327[39m [32mSTDOUT[39m - If [38;5;170m/Users/runner/work/jan/jan/extensions[39m is intended to be a project, it might be that you forgot to list [38;5;170mconversational-extension/node_modules/fsevents[39m in its workspace configuration.
2025-04-14T01:52:04.2250670Z [94m[39m [90mYN0000[39m:  [38;5;173mfsevents[39m[38;5;111m@[39m[38;5;111mpatch:fsevents@npm%3A1.2.13#optional!builtin<compat/fsevents>::version=1.2.13&hash=d11327[39m [32mSTDOUT[39m - Finally, if [38;5;170m/Users/runner/work/jan/jan/extensions[39m is fine and you intend [38;5;170mconversational-extension/node_modules/fsevents[39m to be treated as a completely separate project (not even a workspace), create an empty yarn.lock file in it.
2025-04-14T01:52:04.2252550Z [94m[39m [90mYN0000[39m:  [38;5;173mfsevents[39m[38;5;111m@[39m[38;5;111mpatch:fsevents@npm%3A1.2.13#optional!builtin<compat/fsevents>::version=1.2.13&hash=d11327[39m [32mSTDOUT[39m 
2025-04-14T01:52:04.2254350Z [94m[39m [90mYN0000[39m:  [38;5;173mfsevents[39m[38;5;111m@[39m[38;5;111mpatch:fsevents@npm%3A1.2.13#optional!builtin<compat/fsevents>::version=1.2.13&hash=d11327[39m [32mSTDOUT[39m [1m$ [22myarn run [--inspect] [--inspect-brk] [-T,--top-level] [-B,--binaries-only] [--require #0] <scriptName> ...
2025-04-14T01:52:04.2256950Z [94m[39m [90mYN0000[39m:  [38;5;173mfsevents[39m[38;5;111m@[39m[38;5;111mpatch:fsevents@npm%3A1.2.13#optional!builtin<compat/fsevents>::version=1.2.13&hash=d11327[39m [32mSTDOUT[39m [31m[1mUsage Error[22m[39m: The nearest package directory ([38;5;170m/Users/runner/work/jan/jan/extensions/inference-cortex-extension/node_modules/chokidar/node_modules/fsevents[39m) doesn't seem to be part of the project declared in [38;5;170m/Users/runner/work/jan/jan/extensions[39m.
2025-04-14T01:52:04.2258920Z [94m[39m [90mYN0000[39m:  [38;5;173mfsevents[39m[38;5;111m@[39m[38;5;111mpatch:fsevents@npm%3A1.2.13#optional!builtin<compat/fsevents>::version=1.2.13&hash=d11327[39m [32mSTDOUT[39m 
2025-04-14T01:52:04.2260730Z [94m[39m [90mYN0000[39m:  [38;5;173mfsevents[39m[38;5;111m@[39m[38;5;111mpatch:fsevents@npm%3A1.2.13#optional!builtin<compat/fsevents>::version=1.2.13&hash=d11327[39m [32mSTDOUT[39m - If [38;5;170m/Users/runner/work/jan/jan/extensions[39m isn't intended to be a project, remove any yarn.lock and/or package.json file there.
2025-04-14T01:52:04.2265070Z [94m[39m [90mYN0000[39m:  [38;5;173mfsevents[39m[38;5;111m@[39m[38;5;111mpatch:fsevents@npm%3A1.2.13#optional!builtin<compat/fsevents>::version=1.2.13&hash=d11327[39m [32mSTDOUT[39m - If [38;5;170m/Users/runner/work/jan/jan/extensions[39m is intended to be a project, it might be that you forgot to list [38;5;170minference-cortex-extension/node_modules/chokidar/node_modules/fsevents[39m in its workspace configuration.
2025-04-14T01:52:04.2268070Z [94m[39m [90mYN0000[39m:  [38;5;173mfsevents[39m[38;5;111m@[39m[38;5;111mpatch:fsevents@npm%3A1.2.13#optional!builtin<compat/fsevents>::version=1.2.13&hash=d11327[39m [32mSTDOUT[39m - Finally, if [38;5;170m/Users/runner/work/jan/jan/extensions[39m is fine and you intend [38;5;170minference-cortex-extension/node_modules/chokidar/node_modules/fsevents[39m to be treated as a completely separate project (not even a workspace), create an empty yarn.lock file in it.
2025-04-14T01:52:04.2270180Z [94m[39m [90mYN0000[39m:  [38;5;173mfsevents[39m[38;5;111m@[39m[38;5;111mpatch:fsevents@npm%3A1.2.13#optional!builtin<compat/fsevents>::version=1.2.13&hash=d11327[39m [32mSTDOUT[39m 
2025-04-14T01:52:04.2271790Z [94m[39m [90mYN0000[39m:  [38;5;173mfsevents[39m[38;5;111m@[39m[38;5;111mpatch:fsevents@npm%3A1.2.13#optional!builtin<compat/fsevents>::version=1.2.13&hash=d11327[39m [32mSTDOUT[39m [1m$ [22myarn run [--inspect] [--inspect-brk] [-T,--top-level] [-B,--binaries-only] [--require #0] <scriptName> ...
2025-04-14T01:52:04.2274330Z [94m[39m [90mYN0000[39m:  [38;5;173mfsevents[39m[38;5;111m@[39m[38;5;111mpatch:fsevents@npm%3A1.2.13#optional!builtin<compat/fsevents>::version=1.2.13&hash=d11327[39m [32mSTDOUT[39m [31m[1mUsage Error[22m[39m: The nearest package directory ([38;5;170m/Users/runner/work/jan/jan/extensions/engine-management-extension/node_modules/chokidar/node_modules/fsevents[39m) doesn't seem to be part of the project declared in [38;5;170m/Users/runner/work/jan/jan/extensions[39m.
2025-04-14T01:52:04.2276190Z [94m[39m [90mYN0000[39m:  [38;5;173mfsevents[39m[38;5;111m@[39m[38;5;111mpatch:fsevents@npm%3A1.2.13#optional!builtin<compat/fsevents>::version=1.2.13&hash=d11327[39m [32mSTDOUT[39m 
2025-04-14T01:52:04.2277920Z [94m[39m [90mYN0000[39m:  [38;5;173mfsevents[39m[38;5;111m@[39m[38;5;111mpatch:fsevents@npm%3A1.2.13#optional!builtin<compat/fsevents>::version=1.2.13&hash=d11327[39m [32mSTDOUT[39m - If [38;5;170m/Users/runner/work/jan/jan/extensions[39m isn't intended to be a project, remove any yarn.lock and/or package.json file there.
2025-04-14T01:52:04.2280540Z [94m[39m [90mYN0000[39m:  [38;5;173mfsevents[39m[38;5;111m@[39m[38;5;111mpatch:fsevents@npm%3A1.2.13#optional!builtin<compat/fsevents>::version=1.2.13&hash=d11327[39m [32mSTDOUT[39m - If [38;5;170m/Users/runner/work/jan/jan/extensions[39m is intended to be a project, it might be that you forgot to list [38;5;170mengine-management-extension/node_modules/chokidar/node_modules/fsevents[39m in its workspace configuration.
2025-04-14T01:52:04.2283400Z [94m[39m [90mYN0000[39m:  [38;5;173mfsevents[39m[38;5;111m@[39m[38;5;111mpatch:fsevents@npm%3A1.2.13#optional!builtin<compat/fsevents>::version=1.2.13&hash=d11327[39m [32mSTDOUT[39m - Finally, if [38;5;170m/Users/runner/work/jan/jan/extensions[39m is fine and you intend [38;5;170mengine-management-extension/node_modules/chokidar/node_modules/fsevents[39m to be treated as a completely separate project (not even a workspace), create an empty yarn.lock file in it.
2025-04-14T01:52:04.2285220Z [94m[39m [90mYN0000[39m:  [38;5;173mfsevents[39m[38;5;111m@[39m[38;5;111mpatch:fsevents@npm%3A1.2.13#optional!builtin<compat/fsevents>::version=1.2.13&hash=d11327[39m [32mSTDOUT[39m 
2025-04-14T01:52:04.2286870Z [94m[39m [90mYN0000[39m:  [38;5;173mfsevents[39m[38;5;111m@[39m[38;5;111mpatch:fsevents@npm%3A1.2.13#optional!builtin<compat/fsevents>::version=1.2.13&hash=d11327[39m [32mSTDOUT[39m [1m$ [22myarn run [--inspect] [--inspect-brk] [-T,--top-level] [-B,--binaries-only] [--require #0] <scriptName> ...
2025-04-14T01:52:04.2290240Z [94m[39m [90mYN0000[39m:  [38;5;173mfsevents[39m[38;5;111m@[39m[38;5;111mpatch:fsevents@npm%3A1.2.13#optional!builtin<compat/fsevents>::version=1.2.13&hash=d11327[39m [32mSTDOUT[39m [31m[1mUsage Error[22m[39m: Couldn't find a script name "node-gyp" in the top-level (used by [38;5;173mfsevents[39m[38;5;111m@[39m[38;5;111mpatch:fsevents@npm%3A1.2.13#optional!builtin<compat/fsevents>::version=1.2.13&hash=d11327[39m). This typically happens because some package depends on "node-gyp" to build itself, but didn't list it in their dependencies. To fix that, please run "yarn add node-gyp" into your top-level workspace. You also can open an issue on the repository of the specified package to suggest them to use an optional peer dependency.
2025-04-14T01:52:04.2292500Z [94m[39m [90mYN0000[39m:  [38;5;173mfsevents[39m[38;5;111m@[39m[38;5;111mpatch:fsevents@npm%3A1.2.13#optional!builtin<compat/fsevents>::version=1.2.13&hash=d11327[39m [32mSTDOUT[39m 
2025-04-14T01:52:04.2293950Z [94m[39m [90mYN0000[39m:  [38;5;173mfsevents[39m[38;5;111m@[39m[38;5;111mpatch:fsevents@npm%3A1.2.13#optional!builtin<compat/fsevents>::version=1.2.13&hash=d11327[39m [32mSTDOUT[39m [1m$ [22myarn run [--inspect] [--inspect-brk] [-T,--top-level] [-B,--binaries-only] [--require #0] <scriptName> ...
2025-04-14T01:52:04.2983840Z [94m[39m [90mYN0000[39m:  [38;5;173mhnswlib-node[39m[38;5;111m@[39m[38;5;111mnpm:1.4.2[39m [31mSTDERR[39m gyp http 200 https://nodejs.org/download/release/v20.19.0/node-v20.19.0-headers.tar.gz
2025-04-14T01:52:05.1926500Z [94m[39m [90mYN0000[39m:  [38;5;173mhnswlib-node[39m[38;5;111m@[39m[38;5;111mnpm:1.4.2[39m [31mSTDERR[39m gyp http GET https://nodejs.org/download/release/v20.19.0/SHASUMS256.txt
2025-04-14T01:52:05.2271850Z [94m[39m [90mYN0000[39m:  [38;5;173mhnswlib-node[39m[38;5;111m@[39m[38;5;111mnpm:1.4.2[39m [31mSTDERR[39m gyp http 200 https://nodejs.org/download/release/v20.19.0/SHASUMS256.txt
2025-04-14T01:52:05.2302380Z [94m[39m [90mYN0000[39m:  [38;5;173mhnswlib-node[39m[38;5;111m@[39m[38;5;111mnpm:1.4.2[39m [31mSTDERR[39m gyp info spawn /opt/homebrew/opt/python@3.13/bin/python3.13
2025-04-14T01:52:05.2315730Z [94m[39m [90mYN0000[39m:  [38;5;173mhnswlib-node[39m[38;5;111m@[39m[38;5;111mnpm:1.4.2[39m [31mSTDERR[39m gyp info spawn args [
2025-04-14T01:52:05.2318050Z [94m[39m [90mYN0000[39m:  [38;5;173mhnswlib-node[39m[38;5;111m@[39m[38;5;111mnpm:1.4.2[39m [31mSTDERR[39m gyp info spawn args '/Users/runner/work/jan/jan/extensions/model-extension/node_modules/node-gyp/gyp/gyp_main.py',
2025-04-14T01:52:05.2319410Z [94m[39m [90mYN0000[39m:  [38;5;173mhnswlib-node[39m[38;5;111m@[39m[38;5;111mnpm:1.4.2[39m [31mSTDERR[39m gyp info spawn args 'binding.gyp',
2025-04-14T01:52:05.2320480Z [94m[39m [90mYN0000[39m:  [38;5;173mhnswlib-node[39m[38;5;111m@[39m[38;5;111mnpm:1.4.2[39m [31mSTDERR[39m gyp info spawn args '-f',
2025-04-14T01:52:05.2321570Z [94m[39m [90mYN0000[39m:  [38;5;173mhnswlib-node[39m[38;5;111m@[39m[38;5;111mnpm:1.4.2[39m [31mSTDERR[39m gyp info spawn args 'make',
2025-04-14T01:52:05.2322640Z [94m[39m [90mYN0000[39m:  [38;5;173mhnswlib-node[39m[38;5;111m@[39m[38;5;111mnpm:1.4.2[39m [31mSTDERR[39m gyp info spawn args '-I',
2025-04-14T01:52:05.2324210Z [94m[39m [90mYN0000[39m:  [38;5;173mhnswlib-node[39m[38;5;111m@[39m[38;5;111mnpm:1.4.2[39m [31mSTDERR[39m gyp info spawn args '/Users/runner/work/jan/jan/extensions/assistant-extension/node_modules/hnswlib-node/build/config.gypi',
2025-04-14T01:52:05.2325610Z [94m[39m [90mYN0000[39m:  [38;5;173mhnswlib-node[39m[38;5;111m@[39m[38;5;111mnpm:1.4.2[39m [31mSTDERR[39m gyp info spawn args '-I',
2025-04-14T01:52:05.2327130Z [94m[39m [90mYN0000[39m:  [38;5;173mhnswlib-node[39m[38;5;111m@[39m[38;5;111mnpm:1.4.2[39m [31mSTDERR[39m gyp info spawn args '/Users/runner/work/jan/jan/extensions/model-extension/node_modules/node-gyp/addon.gypi',
2025-04-14T01:52:05.2328410Z [94m[39m [90mYN0000[39m:  [38;5;173mhnswlib-node[39m[38;5;111m@[39m[38;5;111mnpm:1.4.2[39m [31mSTDERR[39m gyp info spawn args '-I',
2025-04-14T01:52:05.2329810Z [94m[39m [90mYN0000[39m:  [38;5;173mhnswlib-node[39m[38;5;111m@[39m[38;5;111mnpm:1.4.2[39m [31mSTDERR[39m gyp info spawn args '/Users/runner/Library/Caches/node-gyp/20.19.0/include/node/common.gypi',
2025-04-14T01:52:05.2331160Z [94m[39m [90mYN0000[39m:  [38;5;173mhnswlib-node[39m[38;5;111m@[39m[38;5;111mnpm:1.4.2[39m [31mSTDERR[39m gyp info spawn args '-Dlibrary=shared_library',
2025-04-14T01:52:05.2332330Z [94m[39m [90mYN0000[39m:  [38;5;173mhnswlib-node[39m[38;5;111m@[39m[38;5;111mnpm:1.4.2[39m [31mSTDERR[39m gyp info spawn args '-Dvisibility=default',
2025-04-14T01:52:05.2333870Z [94m[39m [90mYN0000[39m:  [38;5;173mhnswlib-node[39m[38;5;111m@[39m[38;5;111mnpm:1.4.2[39m [31mSTDERR[39m gyp info spawn args '-Dnode_root_dir=/Users/runner/Library/Caches/node-gyp/20.19.0',
2025-04-14T01:52:05.2335390Z [94m[39m [90mYN0000[39m:  [38;5;173mhnswlib-node[39m[38;5;111m@[39m[38;5;111mnpm:1.4.2[39m [31mSTDERR[39m gyp info spawn args '-Dnode_gyp_dir=/Users/runner/work/jan/jan/extensions/model-extension/node_modules/node-gyp',
2025-04-14T01:52:05.2337110Z [94m[39m [90mYN0000[39m:  [38;5;173mhnswlib-node[39m[38;5;111m@[39m[38;5;111mnpm:1.4.2[39m [31mSTDERR[39m gyp info spawn args '-Dnode_lib_file=/Users/runner/Library/Caches/node-gyp/20.19.0/<(target_arch)/node.lib',
2025-04-14T01:52:05.2338860Z [94m[39m [90mYN0000[39m:  [38;5;173mhnswlib-node[39m[38;5;111m@[39m[38;5;111mnpm:1.4.2[39m [31mSTDERR[39m gyp info spawn args '-Dmodule_root_dir=/Users/runner/work/jan/jan/extensions/assistant-extension/node_modules/hnswlib-node',
2025-04-14T01:52:05.2340300Z [94m[39m [90mYN0000[39m:  [38;5;173mhnswlib-node[39m[38;5;111m@[39m[38;5;111mnpm:1.4.2[39m [31mSTDERR[39m gyp info spawn args '-Dnode_engine=v8',
2025-04-14T01:52:05.2341410Z [94m[39m [90mYN0000[39m:  [38;5;173mhnswlib-node[39m[38;5;111m@[39m[38;5;111mnpm:1.4.2[39m [31mSTDERR[39m gyp info spawn args '--depth=.',
2025-04-14T01:52:05.2342540Z [94m[39m [90mYN0000[39m:  [38;5;173mhnswlib-node[39m[38;5;111m@[39m[38;5;111mnpm:1.4.2[39m [31mSTDERR[39m gyp info spawn args '--no-parallel',
2025-04-14T01:52:05.2343640Z [94m[39m [90mYN0000[39m:  [38;5;173mhnswlib-node[39m[38;5;111m@[39m[38;5;111mnpm:1.4.2[39m [31mSTDERR[39m gyp info spawn args '--generator-output',
2025-04-14T01:52:05.2345050Z [94m[39m [90mYN0000[39m:  [38;5;173mhnswlib-node[39m[38;5;111m@[39m[38;5;111mnpm:1.4.2[39m [31mSTDERR[39m gyp info spawn args 'build',
2025-04-14T01:52:05.2346330Z [94m[39m [90mYN0000[39m:  [38;5;173mhnswlib-node[39m[38;5;111m@[39m[38;5;111mnpm:1.4.2[39m [31mSTDERR[39m gyp info spawn args '-Goutput_dir=.'
2025-04-14T01:52:05.2347550Z [94m[39m [90mYN0000[39m:  [38;5;173mhnswlib-node[39m[38;5;111m@[39m[38;5;111mnpm:1.4.2[39m [31mSTDERR[39m gyp info spawn args ]
2025-04-14T01:52:07.6885880Z [94m[39m [90mYN0000[39m:  [38;5;173mhnswlib-node[39m[38;5;111m@[39m[38;5;111mnpm:1.4.2[39m [31mSTDERR[39m gyp info spawn make
2025-04-14T01:52:07.6887610Z [94m[39m [90mYN0000[39m:  [38;5;173mhnswlib-node[39m[38;5;111m@[39m[38;5;111mnpm:1.4.2[39m [31mSTDERR[39m gyp info spawn args [ 'BUILDTYPE=Release', '-C', 'build' ]
2025-04-14T01:52:07.6987160Z [94m[39m [90mYN0000[39m:  [38;5;173mhnswlib-node[39m[38;5;111m@[39m[38;5;111mnpm:1.4.2[39m [32mSTDOUT[39m   CXX(target) Release/obj.target/addon/src/addon.o
2025-04-14T01:52:11.2958310Z [94m[39m [90mYN0000[39m:  [38;5;173mhnswlib-node[39m[38;5;111m@[39m[38;5;111mnpm:1.4.2[39m [32mSTDOUT[39m   SOLINK_MODULE(target) Release/addon.node
2025-04-14T01:52:11.4881510Z [94m[39m [90mYN0000[39m:  [38;5;173mhnswlib-node[39m[38;5;111m@[39m[38;5;111mnpm:1.4.2[39m [31mSTDERR[39m gyp info ok 
2025-04-14T01:52:11.4950470Z ##[endgroup]
2025-04-14T01:52:11.4969250Z [94m[39m [90mYN0000[39m:  Completed in 20s 451ms
2025-04-14T01:52:11.5412930Z [93m[39m YN0000:  Done with warnings in 26s 34ms
2025-04-14T01:52:12.9920570Z [log] [2m<DIR>/[22m[36mdist/index.js  [39m[2mchunk[22m[2m  size: 77.97 kB[22m
2025-04-14T01:52:12.9921990Z [log]
2025-04-14T01:52:12.9922460Z [success] Finished in [1m11.60 ms[22m
2025-04-14T01:52:12.9923870Z janhq-conversational-extension-1.0.0.tgz
2025-04-14T01:52:12.9924320Z No matches found: "*.tgz"
2025-04-14T01:52:12.9925710Z npm notice
2025-04-14T01:52:12.9926390Z npm notice   @janhq/conversational-extension@1.0.0
2025-04-14T01:52:12.9928000Z npm notice Tarball Contents
2025-04-14T01:52:12.9930670Z npm notice 78.0kB dist/index.js
2025-04-14T01:52:12.9931750Z npm notice 1.1kB package.json
2025-04-14T01:52:12.9932150Z npm notice Tarball Details
2025-04-14T01:52:12.9932620Z npm notice name: @janhq/conversational-extension
2025-04-14T01:52:12.9933050Z npm notice version: 1.0.0
2025-04-14T01:52:12.9933550Z npm notice filename: janhq-conversational-extension-1.0.0.tgz
2025-04-14T01:52:12.9934110Z npm notice package size: 20.0 kB
2025-04-14T01:52:12.9934810Z npm notice unpacked size: 79.0 kB
2025-04-14T01:52:12.9936740Z npm notice shasum: 09a89de7cbb2c9a874e5b39743722d934229bfe8
2025-04-14T01:52:12.9937340Z npm notice integrity: sha512-QokL2P3FnthIS[...]p1BjZ6l4OhAeQ==
2025-04-14T01:52:12.9938700Z npm notice total files: 2
2025-04-14T01:52:12.9939010Z npm notice
2025-04-14T01:52:15.6782020Z [log] [2m<DIR>/[22m[36mdist/index.js  [39m[2mchunk[22m[2m  size: 143.66 kB[22m
2025-04-14T01:52:15.6783000Z [log] [2m<DIR>/[22m[36mdist/node/index.cjs.js  [39m[2mchunk[22m[2m  size: 2.83 kB[22m
2025-04-14T01:52:15.6783450Z [log]
2025-04-14T01:52:15.6783930Z [success] Finished in [1m22.85 ms[22m
2025-04-14T01:52:15.6784430Z Either APP_PATH or DEVELOPER_ID is not set. Skipping script execution.
2025-04-14T01:52:15.6784960Z janhq-engine-management-extension-1.0.3.tgz
2025-04-14T01:52:15.6785330Z No matches found: "*.tgz"
2025-04-14T01:52:15.6785600Z npm notice
2025-04-14T01:52:15.6786080Z npm notice   @janhq/engine-management-extension@1.0.3
2025-04-14T01:52:15.6786450Z npm notice Tarball Contents
2025-04-14T01:52:15.6786840Z npm notice 143.7kB dist/index.js
2025-04-14T01:52:15.6787230Z npm notice 2.8kB dist/node/index.cjs.js
2025-04-14T01:52:15.6787610Z npm notice 1.2kB package.json
2025-04-14T01:52:15.6787950Z npm notice Bundled Dependencies
2025-04-14T01:52:15.6788330Z npm notice layerr
2025-04-14T01:52:15.6788590Z npm notice ulidx
2025-04-14T01:52:15.6788870Z npm notice tslib
2025-04-14T01:52:15.6789340Z npm notice rxjs
2025-04-14T01:52:15.6836280Z npm notice @janhq/core
2025-04-14T01:52:15.6836700Z npm notice Tarball Details
2025-04-14T01:52:15.6837160Z npm notice name: @janhq/engine-management-extension
2025-04-14T01:52:15.6837530Z npm notice version: 1.0.3
2025-04-14T01:52:15.6837980Z npm notice filename: janhq-engine-management-extension-1.0.3.tgz
2025-04-14T01:52:15.6838380Z npm notice package size: 964.0 kB
2025-04-14T01:52:15.6838760Z npm notice unpacked size: 5.4 MB
2025-04-14T01:52:15.6839140Z npm notice shasum: a653575db7708e568b439b1f46d60446fd1684e8
2025-04-14T01:52:15.6839700Z npm notice integrity: sha512-KS9SnT/Lbaq2P[...]xUd+FYnhuEyeA==
2025-04-14T01:52:15.6840070Z npm notice bundled deps: 5
2025-04-14T01:52:15.6840370Z npm notice bundled files: 0
2025-04-14T01:52:15.6840630Z npm notice own files: 2585
2025-04-14T01:52:15.6840930Z npm notice total files: 2585
2025-04-14T01:52:15.6841230Z npm notice
2025-04-14T01:52:16.0860190Z Skip universal build
2025-04-14T01:52:16.0860890Z [log] [2m<DIR>/[22m[36mdist/index.js  [39m[2mchunk[22m[2m  size: 41.87 kB[22m
2025-04-14T01:52:16.0861470Z [log] [2m<DIR>/[22m[36mdist/node/index.js  [39m[2mchunk[22m[2m  size: 4,192.20 kB[22m
2025-04-14T01:52:16.0861850Z [log]
2025-04-14T01:52:16.0862150Z [success] Finished in [1m191.71 ms[22m
2025-04-14T01:52:16.0862620Z Either APP_PATH or DEVELOPER_ID is not set. Skipping script execution.
2025-04-14T01:52:16.0863000Z janhq-assistant-extension-1.0.2.tgz
2025-04-14T01:52:16.0863350Z No matches found: "*.tgz"
2025-04-14T01:52:16.0863580Z npm notice
2025-04-14T01:52:16.0864810Z npm notice   @janhq/assistant-extension@1.0.2
2025-04-14T01:52:16.0865150Z npm notice Tarball Contents
2025-04-14T01:52:16.0865410Z npm notice 2.6kB README.md
2025-04-14T01:52:16.0865700Z npm notice 41.9kB dist/index.js
2025-04-14T01:52:16.0865980Z npm notice 4.3MB dist/node/index.js
2025-04-14T01:52:16.0866270Z npm notice 2.2kB package.json
2025-04-14T01:52:16.0866650Z npm notice Bundled Dependencies
2025-04-14T01:52:16.0866980Z npm notice file-uri-to-path
2025-04-14T01:52:16.0867240Z npm notice hnswlib-node
2025-04-14T01:52:16.0867730Z npm notice layerr
2025-04-14T01:52:16.0868510Z npm notice ulidx
2025-04-14T01:52:16.0869360Z npm notice node-addon-api
2025-04-14T01:52:16.0879780Z npm notice tslib
2025-04-14T01:52:16.0880250Z npm notice rxjs
2025-04-14T01:52:16.0880680Z npm notice @janhq/core
2025-04-14T01:52:16.0880890Z npm notice bindings
2025-04-14T01:52:16.0881100Z npm notice Tarball Details
2025-04-14T01:52:16.0881430Z npm notice name: @janhq/assistant-extension
2025-04-14T01:52:16.0881740Z npm notice version: 1.0.2
2025-04-14T01:52:16.0882080Z npm notice filename: janhq-assistant-extension-1.0.2.tgz
2025-04-14T01:52:16.0882420Z npm notice package size: 2.8 MB
2025-04-14T01:52:16.0882730Z npm notice unpacked size: 13.6 MB
2025-04-14T01:52:16.0883090Z npm notice shasum: 2dac9811e1242fe83de7b626defb701949efce87
2025-04-14T01:52:16.0883520Z npm notice integrity: sha512-rUTk9UQGs7Bqo[...]nHQBoUBcCxqbQ==
2025-04-14T01:52:16.0883890Z npm notice bundled deps: 9
2025-04-14T01:52:16.0884120Z npm notice bundled files: 0
2025-04-14T01:52:16.0884400Z npm notice own files: 2642
2025-04-14T01:52:16.0884640Z npm notice total files: 2642
2025-04-14T01:52:16.0884870Z npm notice
2025-04-14T01:52:18.3316330Z [log] [2m<DIR>/[22m[36mdist/index.js  [39m[2mchunk[22m[2m  size: 74.53 kB[22m
2025-04-14T01:52:18.3351830Z [log]
2025-04-14T01:52:18.3352350Z [success] Finished in [1m9.35 ms[22m
2025-04-14T01:52:18.3352810Z Either APP_PATH or DEVELOPER_ID is not set. Skipping script execution.
2025-04-14T01:52:18.3353230Z janhq-hardware-management-extension-1.0.0.tgz
2025-04-14T01:52:18.3353560Z No matches found: "*.tgz"
2025-04-14T01:52:18.3353750Z npm notice
2025-04-14T01:52:18.3354130Z npm notice   @janhq/hardware-management-extension@1.0.0
2025-04-14T01:52:18.3354460Z npm notice Tarball Contents
2025-04-14T01:52:18.3354730Z npm notice 74.5kB dist/index.js
2025-04-14T01:52:18.3355000Z npm notice 1.2kB package.json
2025-04-14T01:52:18.3355720Z npm notice Bundled Dependencies
2025-04-14T01:52:18.3355990Z npm notice layerr
2025-04-14T01:52:18.3356180Z npm notice ulidx
2025-04-14T01:52:18.3356360Z npm notice tslib
2025-04-14T01:52:18.3356580Z npm notice rxjs
2025-04-14T01:52:18.3356790Z npm notice @janhq/core
2025-04-14T01:52:18.3357040Z npm notice Tarball Details
2025-04-14T01:52:18.3357330Z npm notice name: @janhq/hardware-management-extension
2025-04-14T01:52:18.3357620Z npm notice version: 1.0.0
2025-04-14T01:52:18.3358030Z npm notice filename: janhq-hardware-management-extension-1.0.0.tgz
2025-04-14T01:52:18.3358390Z npm notice package size: 955.9 kB
2025-04-14T01:52:18.3358660Z npm notice unpacked size: 5.3 MB
2025-04-14T01:52:18.3359010Z npm notice shasum: c4fa323e93c2addd6c924eddbc4d5a4802320529
2025-04-14T01:52:18.3359470Z npm notice integrity: sha512-kLVrkP8FXmkDk[...]J/HBV8Y+XGuuA==
2025-04-14T01:52:18.3359770Z npm notice bundled deps: 5
2025-04-14T01:52:18.3360000Z npm notice bundled files: 0
2025-04-14T01:52:18.3360260Z npm notice own files: 2584
2025-04-14T01:52:18.3360490Z npm notice total files: 2584
2025-04-14T01:52:18.3360680Z npm notice
2025-04-14T01:52:19.1630230Z [log] [2m<DIR>/[22m[36mdist/index.js  [39m[2mchunk[22m[2m  size: 135.03 kB[22m
2025-04-14T01:52:19.1630780Z [log]
2025-04-14T01:52:19.1631580Z [success] Finished in [1m14.84 ms[22m
2025-04-14T01:52:19.1632110Z janhq-model-extension-1.0.36.tgz
2025-04-14T01:52:19.1632400Z No matches found: "*.tgz"
2025-04-14T01:52:19.1632610Z npm notice
2025-04-14T01:52:19.1632980Z npm notice   @janhq/model-extension@1.0.36
2025-04-14T01:52:19.1633260Z npm notice Tarball Contents
2025-04-14T01:52:19.1633490Z npm notice 2.6kB README.md
2025-04-14T01:52:19.1633710Z npm notice 135.2kB dist/index.js
2025-04-14T01:52:19.1633950Z npm notice 950B package.json
2025-04-14T01:52:19.1634170Z npm notice Tarball Details
2025-04-14T01:52:19.1634460Z npm notice name: @janhq/model-extension
2025-04-14T01:52:19.1634710Z npm notice version: 1.0.36
2025-04-14T01:52:19.1635070Z npm notice filename: janhq-model-extension-1.0.36.tgz
2025-04-14T01:52:19.1635450Z npm notice package size: 32.6 kB
2025-04-14T01:52:19.1635950Z npm notice unpacked size: 138.7 kB
2025-04-14T01:52:19.1636340Z npm notice shasum: 5a15af29ff08981c29e85926598d6ba5da63814e
2025-04-14T01:52:19.1636760Z npm notice integrity: sha512-y6KBxEXQ43UyB[...]+2IWkHytzvb3A==
2025-04-14T01:52:19.1637070Z npm notice total files: 3
2025-04-14T01:52:19.1637320Z npm notice
2025-04-14T01:52:20.4360880Z [log] [2m<DIR>/[22m[36mdist/index.js  [39m[2mchunk[22m[2m  size: 99.81 kB[22m
2025-04-14T01:52:20.4361950Z [log] [2m<DIR>/[22m[36mdist/node/index.cjs.js  [39m[2mchunk[22m[2m  size: 5.00 kB[22m
2025-04-14T01:52:20.4362480Z [log]
2025-04-14T01:52:20.4363020Z [success] Finished in [1m14.85 ms[22m
2025-04-14T01:52:20.4363480Z No matches found: "*.tgz"
2025-04-14T01:52:20.4364010Z HTTPError: Response code 400 (Bad Request)
2025-04-14T01:52:20.4365010Z     at EventEmitter.<anonymous> (/Users/runner/work/jan/jan/extensions/inference-cortex-extension/node_modules/got/index.js:250:24)
2025-04-14T01:52:20.4365850Z     at EventEmitter.emit (node:events:524:28)
2025-04-14T01:52:20.4366710Z     at Immediate.<anonymous> (/Users/runner/work/jan/jan/extensions/inference-cortex-extension/node_modules/got/index.js:99:8)
2025-04-14T01:52:20.4367530Z     at process.processImmediate (node:internal/timers:483:21)
2025-04-14T01:52:20.4368170Z HTTPError: Response code 400 (Bad Request)
2025-04-14T01:52:20.4369060Z     at EventEmitter.<anonymous> (/Users/runner/work/jan/jan/extensions/inference-cortex-extension/node_modules/got/index.js:250:24)
2025-04-14T01:52:20.4369870Z     at EventEmitter.emit (node:events:524:28)
2025-04-14T01:52:20.4370660Z     at Immediate.<anonymous> (/Users/runner/work/jan/jan/extensions/inference-cortex-extension/node_modules/got/index.js:99:8)
2025-04-14T01:52:20.4371560Z     at process.processImmediate (node:internal/timers:483:21)
2025-04-14T01:52:20.4394090Z The command failed in workspace [38;5;166m@janhq/[39m[38;5;173minference-cortex-extension[39m[38;5;111m@[39m[38;5;111mworkspace:inference-cortex-extension[39m with exit code 1
2025-04-14T01:52:20.4395490Z The command failed for workspaces that are depended upon by other workspaces; can't satisfy the dependency graph
2025-04-14T01:52:20.4396340Z Failed with errors in 8s 655ms
2025-04-14T01:52:20.4566530Z make: *** [install-and-build] Error 1
2025-04-14T01:52:20.4592080Z ##[error]Process completed with exit code 2.
2025-04-14T01:52:20.4715790Z Post job cleanup.
2025-04-14T01:52:20.7291240Z [command]/opt/homebrew/bin/git version
2025-04-14T01:52:20.7778820Z git version 2.49.0
2025-04-14T01:52:20.7813440Z Copying '/Users/runner/.gitconfig' to '/Users/runner/work/_temp/65680b71-7430-4a44-b789-0f45188dea99/.gitconfig'
2025-04-14T01:52:20.7819740Z Temporarily overriding HOME='/Users/runner/work/_temp/65680b71-7430-4a44-b789-0f45188dea99' before making global git config changes
2025-04-14T01:52:20.7820420Z Adding repository directory to the temporary git global config as a safe directory
2025-04-14T01:52:20.7822820Z [command]/opt/homebrew/bin/git config --global --add safe.directory /Users/runner/work/jan/jan
2025-04-14T01:52:20.7920340Z [command]/opt/homebrew/bin/git config --local --name-only --get-regexp core\.sshCommand
2025-04-14T01:52:20.7959790Z [command]/opt/homebrew/bin/git submodule foreach --recursive sh -c "git config --local --name-only --get-regexp 'core\.sshCommand' && git config --local --unset-all 'core.sshCommand' || :"
2025-04-14T01:52:20.8510660Z [command]/opt/homebrew/bin/git config --local --name-only --get-regexp http\.https\:\/\/github\.com\/\.extraheader
2025-04-14T01:52:20.8540910Z http.https://github.com/.extraheader
2025-04-14T01:52:20.8547800Z [command]/opt/homebrew/bin/git config --local --unset-all http.https://github.com/.extraheader
2025-04-14T01:52:20.8588520Z [command]/opt/homebrew/bin/git submodule foreach --recursive sh -c "git config --local --name-only --get-regexp 'http\.https\:\/\/github\.com\/\.extraheader' && git config --local --unset-all 'http.https://github.com/.extraheader' || :"
2025-04-14T01:52:20.9125100Z Cleaning up orphan processes
