2025-04-11T18:15:34.0917815Z Prepare all required actions
2025-04-11T18:15:34.0918348Z Getting action download info
2025-04-11T18:15:34.2490376Z ##[group]Download immutable action package 'actions/setup-node@v4'
2025-04-11T18:15:34.2490865Z Version: 4.3.0
2025-04-11T18:15:34.2491258Z Digest: sha256:9f9f8171ffc89cb7f6897e615e2b43b46bb55176fd279129eb0088157eace9b2
2025-04-11T18:15:34.2491770Z Source commit SHA: cdca7365b2dadb8aad0a33bc7601856ffabcc48e
2025-04-11T18:15:34.2492124Z ##[endgroup]
2025-04-11T18:15:34.3538674Z ##[group]Download immutable action package 'actions/upload-artifact@v4'
2025-04-11T18:15:34.3539131Z Version: 4.6.2
2025-04-11T18:15:34.3539504Z Digest: sha256:290722aa3281d5caf23d0acdc3dbeb3424786a1a01a9cc97e72f147225e37c38
2025-04-11T18:15:34.3539997Z Source commit SHA: ea165f8d65b6e75b540449e92b4886f43607fa02
2025-04-11T18:15:34.3540329Z ##[endgroup]
2025-04-11T18:15:34.4856954Z ##[group]Run ./.github/workflows/actions/test-core-screenshot
2025-04-11T18:15:34.4857357Z with:
2025-04-11T18:15:34.4857574Z   shard: 7
2025-04-11T18:15:34.4857841Z   totalShards: 20
2025-04-11T18:15:34.4858072Z ##[endgroup]
2025-04-11T18:15:34.4980292Z ##[group]Run actions/setup-node@v4
2025-04-11T18:15:34.4980610Z with:
2025-04-11T18:15:34.4980831Z   node-version: 20.x
2025-04-11T18:15:34.4981079Z   always-auth: false
2025-04-11T18:15:34.4981313Z   check-latest: false
2025-04-11T18:15:34.4981676Z   token: ***
2025-04-11T18:15:34.4981905Z ##[endgroup]
2025-04-11T18:15:34.6744364Z Found in cache @ /opt/hostedtoolcache/node/20.19.0/x64
2025-04-11T18:15:34.6753644Z ##[group]Environment details
2025-04-11T18:15:35.0601433Z node: v20.19.0
2025-04-11T18:15:35.0602042Z npm: 10.8.2
2025-04-11T18:15:35.0602364Z yarn: 1.22.22
2025-04-11T18:15:35.0603173Z ##[endgroup]
2025-04-11T18:15:35.0715276Z Prepare all required actions
2025-04-11T18:15:35.0715631Z Getting action download info
2025-04-11T18:15:35.2234700Z ##[group]Download immutable action package 'actions/download-artifact@v4'
2025-04-11T18:15:35.2235217Z Version: 4.2.1
2025-04-11T18:15:35.2235625Z Digest: sha256:dc468d5aa7f2038c97563f0fd51a6d40150fe504eef54e24f5ac75983c6666de
2025-04-11T18:15:35.2236200Z Source commit SHA: 95815c38cf2ff2164869cbab79da8d1f422bc89e
2025-04-11T18:15:35.2236722Z ##[endgroup]
2025-04-11T18:15:35.4421142Z ##[group]Run ./.github/workflows/actions/download-archive
2025-04-11T18:15:35.4421481Z with:
2025-04-11T18:15:35.4421681Z   name: ionic-core
2025-04-11T18:15:35.4421884Z   path: ./core
2025-04-11T18:15:35.4422083Z   filename: CoreBuild.zip
2025-04-11T18:15:35.4422322Z ##[endgroup]
2025-04-11T18:15:35.4470359Z ##[group]Run actions/download-artifact@v4
2025-04-11T18:15:35.4470657Z with:
2025-04-11T18:15:35.4470834Z   name: ionic-core
2025-04-11T18:15:35.4471032Z   path: ./core
2025-04-11T18:15:35.4471231Z   merge-multiple: false
2025-04-11T18:15:35.4471462Z   repository: ionic-team/ionic-framework
2025-04-11T18:15:35.4471726Z   run-id: 14409444158
2025-04-11T18:15:35.4471921Z ##[endgroup]
2025-04-11T18:15:35.6429363Z Downloading single artifact
2025-04-11T18:15:35.7657674Z Preparing to download the following artifacts:
2025-04-11T18:15:35.7658939Z - ionic-core (ID: 2929637445, Size: 5157437, Expected Digest: sha256:ef8962b108bbfcbdf8616af210710b48cb74f3f1af68cdea59d33d55acf5014a)
2025-04-11T18:15:35.8458096Z Redirecting to blob download url: https://productionresultssa8.blob.core.windows.net/actions-results/f2752043-f424-446d-bf46-1082057dd729/workflow-job-run-60360e90-de33-5e95-9d3a-c6e4b95a6c9b/artifacts/8b195ff755a0fb0e432f914b9dafce014f6a2ae37c056d7e9cf4114538aaf978.zip
2025-04-11T18:15:35.8461104Z Starting download of artifact to: /home/runner/work/ionic-framework/ionic-framework/core
2025-04-11T18:15:36.0040067Z (node:1884) [DEP0005] DeprecationWarning: Buffer() is deprecated due to security and usability issues. Please use the Buffer.alloc(), Buffer.allocUnsafe(), or Buffer.from() methods instead.
2025-04-11T18:15:36.0042090Z (Use `node --trace-deprecation ...` to show where the warning was created)
2025-04-11T18:15:36.3370025Z SHA256 digest of downloaded artifact is ef8962b108bbfcbdf8616af210710b48cb74f3f1af68cdea59d33d55acf5014a
2025-04-11T18:15:36.3371742Z Artifact download completed successfully.
2025-04-11T18:15:36.3372397Z Total of 1 artifact(s) downloaded
2025-04-11T18:15:36.3377250Z Download artifact has finished successfully
2025-04-11T18:15:36.3515009Z ##[group]Run unzip -q -o ./core/CoreBuild.zip
2025-04-11T18:15:36.3515458Z [36;1munzip -q -o ./core/CoreBuild.zip[0m
2025-04-11T18:15:36.3568212Z shell: /usr/bin/bash --noprofile --norc -e -o pipefail {0}
2025-04-11T18:15:36.3568603Z ##[endgroup]
2025-04-11T18:15:36.6583746Z ##[group]Run npm install
2025-04-11T18:15:36.6584048Z [36;1mnpm install[0m
2025-04-11T18:15:36.6632898Z shell: /usr/bin/bash --noprofile --norc -e -o pipefail {0}
2025-04-11T18:15:36.6633245Z ##[endgroup]
2025-04-11T18:15:40.0220699Z npm warn deprecated ini@1.3.5: Please update to ini >=1.3.6 to avoid a prototype pollution issue
2025-04-11T18:15:41.3560902Z npm warn deprecated @stylelint/postcss-markdown@0.36.2: Use the original unforked package instead: postcss-markdown
2025-04-11T18:15:46.3816266Z 
2025-04-11T18:15:46.3817385Z added 843 packages, and audited 845 packages in 10s
2025-04-11T18:15:46.3817933Z 
2025-04-11T18:15:46.3818151Z 161 packages are looking for funding
2025-04-11T18:15:46.3818534Z   run `npm fund` for details
2025-04-11T18:15:46.3947785Z 
2025-04-11T18:15:46.3948607Z 16 vulnerabilities (5 moderate, 10 high, 1 critical)
2025-04-11T18:15:46.3948917Z 
2025-04-11T18:15:46.3949121Z To address all issues, run:
2025-04-11T18:15:46.3949382Z   npm audit fix
2025-04-11T18:15:46.3949512Z 
2025-04-11T18:15:46.3949637Z Run `npm audit` for details.
2025-04-11T18:15:46.4247403Z ##[group]Run npm run test.e2e.docker.ci  -- --shard=7/20
2025-04-11T18:15:46.4248022Z [36;1mnpm run test.e2e.docker.ci  -- --shard=7/20[0m
2025-04-11T18:15:46.4294745Z shell: /usr/bin/bash --noprofile --norc -e -o pipefail {0}
2025-04-11T18:15:46.4295084Z ##[endgroup]
2025-04-11T18:15:46.5410706Z 
2025-04-11T18:15:46.5411400Z > @ionic/core@8.5.4 test.e2e.docker.ci
2025-04-11T18:15:46.5412124Z > npm run docker.build && CI=true node ./scripts/docker.mjs --shard=7/20
2025-04-11T18:15:46.5412492Z 
2025-04-11T18:15:46.6569231Z 
2025-04-11T18:15:46.6569922Z > @ionic/core@8.5.4 docker.build
2025-04-11T18:15:46.6570629Z > docker build -t ionic-playwright .
2025-04-11T18:15:46.6570998Z 
2025-04-11T18:15:47.2344213Z #0 building with "default" instance using docker driver
2025-04-11T18:15:47.2344733Z 
2025-04-11T18:15:47.2345071Z #1 [internal] load build definition from Dockerfile
2025-04-11T18:15:47.2345756Z #1 transferring dockerfile: 140B done
2025-04-11T18:15:47.2346220Z #1 DONE 0.0s
2025-04-11T18:15:47.2346661Z 
2025-04-11T18:15:47.2347122Z #2 [internal] load metadata for mcr.microsoft.com/playwright:v1.51.1
2025-04-11T18:15:47.3405469Z #2 DONE 0.3s
2025-04-11T18:15:47.4579183Z 
2025-04-11T18:15:47.4580038Z #3 [internal] load .dockerignore
2025-04-11T18:15:47.4580669Z #3 transferring context: 2B done
2025-04-11T18:15:47.4580963Z #3 DONE 0.0s
2025-04-11T18:15:47.4581094Z 
2025-04-11T18:15:47.4581692Z #4 [1/2] FROM mcr.microsoft.com/playwright:v1.51.1@sha256:146d046a8d79a1b3a87596c4457b0b1c47f811bf4fc2cc1b99e873ae7f1cbbbd
2025-04-11T18:15:47.4582781Z #4 resolve mcr.microsoft.com/playwright:v1.51.1@sha256:146d046a8d79a1b3a87596c4457b0b1c47f811bf4fc2cc1b99e873ae7f1cbbbd done
2025-04-11T18:15:47.4583707Z #4 sha256:107a4fb0af3829758fca8bb809bb86ccb87dd630e4d61110103466886f7b0746 1.05MB / 30.62MB 0.1s
2025-04-11T18:15:47.4584533Z #4 sha256:8c401718c9840101a765a463ac914fdc601eac9168514e5b99d9790d3e9314d9 1.05MB / 103.79MB 0.1s
2025-04-11T18:15:47.4585646Z #4 sha256:39224aba52ceadd68846f4be54e0a32c959024f2bc3273ccf55759f25fc23fc9 1.94MB / 1.94MB 0.1s done
2025-04-11T18:15:47.4586752Z #4 sha256:08d1cdd3adadca7e4ef993b1b833978ce34bb0fe025ef2e00cea37c7fdb746d8 0B / 759.82MB 0.1s
2025-04-11T18:15:47.4587486Z #4 sha256:146d046a8d79a1b3a87596c4457b0b1c47f811bf4fc2cc1b99e873ae7f1cbbbd 743B / 743B done
2025-04-11T18:15:47.4588207Z #4 sha256:daa1690ea366d2d6b52ea085a59a221a6e954cd9d9c13c89bd7eccb0673e8961 1.17kB / 1.17kB done
2025-04-11T18:15:47.4589102Z #4 sha256:07625bb0f130786b63a5f8d0a01ae8366633f044fdd1d322f4e17d891e40eb38 4.35kB / 4.35kB done
2025-04-11T18:15:47.5580463Z #4 sha256:107a4fb0af3829758fca8bb809bb86ccb87dd630e4d61110103466886f7b0746 10.49MB / 30.62MB 0.2s
2025-04-11T18:15:47.6582577Z #4 sha256:107a4fb0af3829758fca8bb809bb86ccb87dd630e4d61110103466886f7b0746 25.17MB / 30.62MB 0.3s
2025-04-11T18:15:47.8214652Z #4 sha256:107a4fb0af3829758fca8bb809bb86ccb87dd630e4d61110103466886f7b0746 30.62MB / 30.62MB 0.4s
2025-04-11T18:15:47.8216162Z #4 sha256:8c401718c9840101a765a463ac914fdc601eac9168514e5b99d9790d3e9314d9 7.34MB / 103.79MB 0.4s
2025-04-11T18:15:47.8217694Z #4 extracting sha256:107a4fb0af3829758fca8bb809bb86ccb87dd630e4d61110103466886f7b0746
2025-04-11T18:15:47.9239291Z #4 sha256:107a4fb0af3829758fca8bb809bb86ccb87dd630e4d61110103466886f7b0746 30.62MB / 30.62MB 0.4s done
2025-04-11T18:15:47.9242143Z #4 sha256:8c401718c9840101a765a463ac914fdc601eac9168514e5b99d9790d3e9314d9 12.89MB / 103.79MB 0.5s
2025-04-11T18:15:47.9243527Z #4 sha256:08d1cdd3adadca7e4ef993b1b833978ce34bb0fe025ef2e00cea37c7fdb746d8 49.28MB / 759.82MB 0.5s
2025-04-11T18:15:48.0246880Z #4 sha256:8c401718c9840101a765a463ac914fdc601eac9168514e5b99d9790d3e9314d9 24.12MB / 103.79MB 0.6s
2025-04-11T18:15:48.1288476Z #4 sha256:08d1cdd3adadca7e4ef993b1b833978ce34bb0fe025ef2e00cea37c7fdb746d8 91.23MB / 759.82MB 0.7s
2025-04-11T18:15:48.2323185Z #4 sha256:8c401718c9840101a765a463ac914fdc601eac9168514e5b99d9790d3e9314d9 33.55MB / 103.79MB 0.8s
2025-04-11T18:15:48.3335310Z #4 sha256:8c401718c9840101a765a463ac914fdc601eac9168514e5b99d9790d3e9314d9 38.80MB / 103.79MB 0.9s
2025-04-11T18:15:48.3336915Z #4 sha256:08d1cdd3adadca7e4ef993b1b833978ce34bb0fe025ef2e00cea37c7fdb746d8 137.36MB / 759.82MB 0.9s
2025-04-11T18:15:48.4578304Z #4 sha256:8c401718c9840101a765a463ac914fdc601eac9168514e5b99d9790d3e9314d9 58.72MB / 103.79MB 1.1s
2025-04-11T18:15:48.4579727Z #4 sha256:08d1cdd3adadca7e4ef993b1b833978ce34bb0fe025ef2e00cea37c7fdb746d8 182.45MB / 759.82MB 1.1s
2025-04-11T18:15:48.5580406Z #4 sha256:8c401718c9840101a765a463ac914fdc601eac9168514e5b99d9790d3e9314d9 68.16MB / 103.79MB 1.2s
2025-04-11T18:15:48.6585323Z #4 sha256:8c401718c9840101a765a463ac914fdc601eac9168514e5b99d9790d3e9314d9 75.50MB / 103.79MB 1.3s
2025-04-11T18:15:48.6598832Z #4 sha256:08d1cdd3adadca7e4ef993b1b833978ce34bb0fe025ef2e00cea37c7fdb746d8 222.30MB / 759.82MB 1.3s
2025-04-11T18:15:48.8454459Z #4 sha256:8c401718c9840101a765a463ac914fdc601eac9168514e5b99d9790d3e9314d9 85.98MB / 103.79MB 1.4s
2025-04-11T18:15:48.8455928Z #4 extracting sha256:107a4fb0af3829758fca8bb809bb86ccb87dd630e4d61110103466886f7b0746 1.0s done
2025-04-11T18:15:48.9576909Z #4 sha256:8c401718c9840101a765a463ac914fdc601eac9168514e5b99d9790d3e9314d9 98.57MB / 103.79MB 1.6s
2025-04-11T18:15:48.9578395Z #4 sha256:08d1cdd3adadca7e4ef993b1b833978ce34bb0fe025ef2e00cea37c7fdb746d8 276.82MB / 759.82MB 1.6s
2025-04-11T18:15:49.2276725Z #4 sha256:08d1cdd3adadca7e4ef993b1b833978ce34bb0fe025ef2e00cea37c7fdb746d8 325.06MB / 759.82MB 1.8s
2025-04-11T18:15:49.2278151Z #4 extracting sha256:8c401718c9840101a765a463ac914fdc601eac9168514e5b99d9790d3e9314d9
2025-04-11T18:15:49.3576973Z #4 sha256:8c401718c9840101a765a463ac914fdc601eac9168514e5b99d9790d3e9314d9 103.79MB / 103.79MB 1.8s done
2025-04-11T18:15:49.3579947Z #4 sha256:08d1cdd3adadca7e4ef993b1b833978ce34bb0fe025ef2e00cea37c7fdb746d8 376.44MB / 759.82MB 2.0s
2025-04-11T18:15:49.6287416Z #4 sha256:08d1cdd3adadca7e4ef993b1b833978ce34bb0fe025ef2e00cea37c7fdb746d8 426.77MB / 759.82MB 2.2s
2025-04-11T18:15:49.8443558Z #4 sha256:08d1cdd3adadca7e4ef993b1b833978ce34bb0fe025ef2e00cea37c7fdb746d8 466.62MB / 759.82MB 2.4s
2025-04-11T18:15:50.0479734Z #4 sha256:08d1cdd3adadca7e4ef993b1b833978ce34bb0fe025ef2e00cea37c7fdb746d8 510.66MB / 759.82MB 2.6s
2025-04-11T18:15:50.2574928Z #4 sha256:08d1cdd3adadca7e4ef993b1b833978ce34bb0fe025ef2e00cea37c7fdb746d8 570.43MB / 759.82MB 2.9s
2025-04-11T18:15:50.4986719Z #4 sha256:08d1cdd3adadca7e4ef993b1b833978ce34bb0fe025ef2e00cea37c7fdb746d8 620.76MB / 759.82MB 3.1s
2025-04-11T18:15:50.8554805Z #4 sha256:08d1cdd3adadca7e4ef993b1b833978ce34bb0fe025ef2e00cea37c7fdb746d8 671.09MB / 759.82MB 3.4s
2025-04-11T18:15:51.0577367Z #4 sha256:08d1cdd3adadca7e4ef993b1b833978ce34bb0fe025ef2e00cea37c7fdb746d8 729.81MB / 759.82MB 3.7s
2025-04-11T18:15:52.9575143Z #4 sha256:08d1cdd3adadca7e4ef993b1b833978ce34bb0fe025ef2e00cea37c7fdb746d8 759.82MB / 759.82MB 5.6s done
2025-04-11T18:15:53.7156247Z #4 extracting sha256:8c401718c9840101a765a463ac914fdc601eac9168514e5b99d9790d3e9314d9 4.3s done
2025-04-11T18:15:55.5754099Z #4 extracting sha256:39224aba52ceadd68846f4be54e0a32c959024f2bc3273ccf55759f25fc23fc9
2025-04-11T18:15:55.7381936Z #4 extracting sha256:39224aba52ceadd68846f4be54e0a32c959024f2bc3273ccf55759f25fc23fc9 0.0s done
2025-04-11T18:15:55.7383347Z #4 extracting sha256:08d1cdd3adadca7e4ef993b1b833978ce34bb0fe025ef2e00cea37c7fdb746d8 0.1s
2025-04-11T18:16:00.8304579Z #4 extracting sha256:08d1cdd3adadca7e4ef993b1b833978ce34bb0fe025ef2e00cea37c7fdb746d8 5.2s
2025-04-11T18:16:05.8652854Z #4 extracting sha256:08d1cdd3adadca7e4ef993b1b833978ce34bb0fe025ef2e00cea37c7fdb746d8 10.2s
2025-04-11T18:16:08.2068073Z #4 extracting sha256:08d1cdd3adadca7e4ef993b1b833978ce34bb0fe025ef2e00cea37c7fdb746d8 12.4s done
2025-04-11T18:16:11.5406783Z #4 DONE 24.2s
2025-04-11T18:16:11.7051888Z 
2025-04-11T18:16:11.7052476Z #5 [2/2] WORKDIR /ionic
2025-04-11T18:16:11.7052906Z #5 DONE 0.0s
2025-04-11T18:16:11.7053095Z 
2025-04-11T18:16:11.7053320Z #6 exporting to image
2025-04-11T18:16:11.7053811Z #6 exporting layers
2025-04-11T18:16:12.8870552Z #6 exporting layers 1.3s done
2025-04-11T18:16:12.9151391Z #6 writing image sha256:ca8abade36c54173b544ddb723e3b910245c22e32c32f8f2c4c70e95f09a7403 done
2025-04-11T18:16:12.9152551Z #6 naming to docker.io/library/ionic-playwright done
2025-04-11T18:16:12.9153091Z #6 DONE 1.3s
2025-04-11T18:16:13.3074083Z 
2025-04-11T18:16:13.3087385Z > @ionic/core@8.5.4 test.e2e
2025-04-11T18:16:13.3087978Z > npx playwright test --shard=7/20
2025-04-11T18:16:13.3088208Z 
2025-04-11T18:16:14.9099019Z [WebServer] [35mINFO: Accepting connections at http://localhost:3333.[39m
2025-04-11T18:16:18.6648952Z 
2025-04-11T18:16:18.6649704Z Running 445 tests using 1 worker, shard 7 of 20
2025-04-11T18:16:47.5735782Z Â·Â·Â·Â·Â·Â·Â·Â·Â·Â·Â·Â·Â·Â·Â·Â·Â·Â·Â·Â·Â·Â·Â·Â·Â·Â·Â·Â·Â·Â·Â·Â·Â·Â·Â·Â·Â·Â·Â·Â·Â·Â·Â·Â·Â·Â°Â°Â°Â°Â°Â°Â°Â°Â°Â°Â°Â°Â°Â°Â°Â°Â°Â°Â°Â°Â°Â°Â°Â°Â°Â°Â°Â°Â°Â°Â°Â°Â°Â°Â°
2025-04-11T18:16:47.7691341Z Â°Â°Â°Â°Â°Â°Â°Â°Â°Â°Â°Â°Â°Â°Â°Â°Â°Â°Â°Â°Â°Â°Â°Â°Â°Â°Â°Â°Â°Â°Â°Â°Â°Â°Â°Â°Â°Â°Â°Â°Â°Â°Â°Â°Â°Â°Â°Â°Â°Â°Â°Â°Â°Â°Â°Â°Â°Â°Â°Â°Â°Â°Â°Â°Â°Â°Â°Â°Â°Â°Â°Â°Â°Â°Â°Â°Â°Â°Â°Â°
2025-04-11T18:16:47.9567149Z Â°Â°Â°Â°Â°Â°Â°Â°Â°Â°Â°Â°Â°Â°Â°Â°Â°Â°Â°Â°Â°Â°Â°Â°Â°Â°Â°Â°Â°Â°Â°Â°Â°Â°Â°Â°Â°Â°Â°Â°Â°Â°Â°Â°Â°Â°Â°Â°Â°Â°Â°Â°Â°Â°Â°Â°Â°Â°Â°Â°Â°Â°Â°Â°Â°Â°Â°Â°Â°Â°Â°Â°Â°Â°Â°Â°Â°Â°Â°Â°
2025-04-11T18:17:36.9830811Z Â°Â°Â°Â·Â·Â·Â·Â·Â·Â·Â·Â·Â·Â·Â·Â·Â·Â°Â°Â°Â°Â°Â°Â°Â°Â°Â°Â·Â·Â·Â·Â·Â·Â·Â·Â·Â·Â·Â·Â·Â·Â·Â·Â·Â°Â°Â°Â°Â·Â·Â·Â·Â·Â·Â·Â·Â·Â·Â·Â·Â·Â·Â·Â·Â·Â·Â·Â·Â·Â·Â·Â·Â·Â·Â·Â·Â·Â·Â·Â·
2025-04-11T18:18:08.5468598Z Â·Â·Â·Â·Â·Â·Â·Â·Â·Â·Â·Â·Â·Â·Â·Â·Â·Â·Â·Â·Â·Â·Â·Â·Â·Â·Â·Â·Â·Â·Â·Â·Â·Â·Â·Â·Â·Â·Â·Â·Â·Â·Â·Â·Â·Â·Â·Â·Â·Â·Â·Â·Â·Â·Â·Â·Â·Â·Â·Â·Â·Â·Â·Â·Â·Â·Â·Â·Â·Â·Â·Â·Â°Â·Â·Â°Â°Â·Â·Â°
2025-04-11T18:18:26.8097420Z Â·Â·Â·Â·Â·Â·Â·Â·Â·Â·Â·Â·Â·Â·Â·Â·Â·Â·Â·Â·Â·Â·Â·Â·Â·Â·Â·Â·Â·Â·Â·Â·Â·Â·Â·Â·Â·Â·Â·Â·Â·Â·Â·Â·Â·
2025-04-11T18:18:26.8103155Z   216 skipped
2025-04-11T18:18:26.8103502Z   229 passed (2.2m)
2025-04-11T18:18:26.9227142Z ##[notice]  216 skipped
  229 passed (2.2m)
2025-04-11T18:18:27.0997621Z Prepare all required actions
2025-04-11T18:18:27.0997958Z Getting action download info
2025-04-11T18:18:27.3093132Z ##[group]Run ./.github/workflows/actions/upload-archive
2025-04-11T18:18:27.3093446Z with:
2025-04-11T18:18:27.3093635Z   name: test-results-7-20
2025-04-11T18:18:27.3093868Z   output: core/TestResults-7-20.zip
2025-04-11T18:18:27.3094130Z   paths: core/playwright-report
2025-04-11T18:18:27.3094368Z ##[endgroup]
2025-04-11T18:18:27.3110660Z ##[group]Run zip -q -r core/TestResults-7-20.zip core/playwright-report
2025-04-11T18:18:27.3111321Z [36;1mzip -q -r core/TestResults-7-20.zip core/playwright-report[0m
2025-04-11T18:18:27.3157767Z shell: /usr/bin/bash --noprofile --norc -e -o pipefail {0}
2025-04-11T18:18:27.3158092Z ##[endgroup]
2025-04-11T18:18:27.3530479Z ##[group]Run actions/upload-artifact@v4
2025-04-11T18:18:27.3530758Z with:
2025-04-11T18:18:27.3530945Z   name: test-results-7-20
2025-04-11T18:18:27.3531185Z   path: core/TestResults-7-20.zip
2025-04-11T18:18:27.3531436Z   if-no-files-found: warn
2025-04-11T18:18:27.3531831Z   compression-level: 6
2025-04-11T18:18:27.3532041Z   overwrite: false
2025-04-11T18:18:27.3532242Z   include-hidden-files: false
2025-04-11T18:18:27.3532467Z ##[endgroup]
2025-04-11T18:18:27.5673265Z With the provided path, there will be 1 file uploaded
2025-04-11T18:18:27.5678853Z Artifact name is valid!
2025-04-11T18:18:27.5680175Z Root directory input is valid!
2025-04-11T18:18:27.7132355Z Beginning upload of artifact content to blob storage
2025-04-11T18:18:27.9791748Z Uploaded bytes 334525
2025-04-11T18:18:28.0109825Z Finished uploading artifact content to blob storage!
2025-04-11T18:18:28.0114011Z SHA256 digest of uploaded artifact zip is 40c38abb3f795d24b25b2e732d52210e2cd817b3feabf4962a2085795a2ad6d7
2025-04-11T18:18:28.0115567Z Finalizing artifact upload
2025-04-11T18:18:28.0949027Z Artifact test-results-7-20.zip successfully finalized. Artifact ID 2929656461
2025-04-11T18:18:28.0950877Z Artifact test-results-7-20 has been successfully uploaded! Final size is 334525 bytes. Artifact ID is 2929656461
2025-04-11T18:18:28.0957160Z Artifact download URL: https://github.com/ionic-team/ionic-framework/actions/runs/14409444158/artifacts/2929656461
