2025-04-15T08:29:04.6122872Z Requested labels: ubuntu-latest-unit-tester
2025-04-15T08:29:04.6123006Z Job defined at: run-llama/llama_index/.github/workflows/coverage.yml@refs/pull/18460/merge
2025-04-15T08:29:04.6123075Z Waiting for a runner to pick up this job...
2025-04-15T08:29:06.8025248Z Job is waiting for a runner from 'ubuntu-latest-unit-tester' to come online.
2025-04-15T08:29:07.1050839Z Job is about to start running on the runner: ubuntu-latest-unit-tester_037fba19ef7d (organization)
2025-04-15T08:29:09.2991707Z Current runner version: '2.323.0'
2025-04-15T08:29:09.2997795Z Runner name: 'ubuntu-latest-unit-tester_037fba19ef7d'
2025-04-15T08:29:09.2998788Z Runner group name: 'Default'
2025-04-15T08:29:09.2999635Z Machine name: 'runner'
2025-04-15T08:29:09.3015636Z ##[group]Operating System
2025-04-15T08:29:09.3016380Z Ubuntu
2025-04-15T08:29:09.3016870Z 24.04.2
2025-04-15T08:29:09.3017449Z LTS
2025-04-15T08:29:09.3017948Z ##[endgroup]
2025-04-15T08:29:09.3018456Z ##[group]Runner Image
2025-04-15T08:29:09.3019139Z Image: ubuntu-24.04
2025-04-15T08:29:09.3019682Z Version: 20250406.1.0
2025-04-15T08:29:09.3020668Z Included Software: https://github.com/actions/runner-images/blob/ubuntu24/20250406.1/images/ubuntu/Ubuntu2404-Readme.md
2025-04-15T08:29:09.3022418Z Image Release: https://github.com/actions/runner-images/releases/tag/ubuntu24%2F20250406.1
2025-04-15T08:29:09.3023333Z ##[endgroup]
2025-04-15T08:29:09.3025593Z ##[group]GITHUB_TOKEN Permissions
2025-04-15T08:29:09.3027632Z Actions: read
2025-04-15T08:29:09.3028400Z Attestations: read
2025-04-15T08:29:09.3028917Z Checks: read
2025-04-15T08:29:09.3029542Z Contents: read
2025-04-15T08:29:09.3030066Z Deployments: read
2025-04-15T08:29:09.3030586Z Discussions: read
2025-04-15T08:29:09.3031344Z Issues: read
2025-04-15T08:29:09.3031855Z Metadata: read
2025-04-15T08:29:09.3032368Z Models: read
2025-04-15T08:29:09.3032913Z Packages: read
2025-04-15T08:29:09.3033439Z Pages: read
2025-04-15T08:29:09.3033962Z PullRequests: read
2025-04-15T08:29:09.3034588Z RepositoryProjects: read
2025-04-15T08:29:09.3035195Z SecurityEvents: read
2025-04-15T08:29:09.3035774Z Statuses: read
2025-04-15T08:29:09.3036273Z ##[endgroup]
2025-04-15T08:29:09.3039030Z Secret source: None
2025-04-15T08:29:09.3039912Z Prepare workflow directory
2025-04-15T08:29:09.3495548Z Prepare all required actions
2025-04-15T08:29:09.3531520Z Getting action download info
2025-04-15T08:29:09.5173150Z Download action repository 'actions/checkout@v4' (SHA:11bd71901bbe5b1630ceea73d27597364c9af683)
2025-04-15T08:29:09.6347366Z Download action repository 'actions/setup-python@v5' (SHA:8d9ed9ac5c53483de85588cdf95a591a75ab9f55)
2025-04-15T08:29:10.0869558Z Complete job name: test (3.9)
2025-04-15T08:29:10.1497405Z ##[group]Run rm -rf /opt/hostedtoolcache/*
2025-04-15T08:29:10.1498101Z [36;1mrm -rf /opt/hostedtoolcache/*[0m
2025-04-15T08:29:10.1551165Z shell: /usr/bin/bash --noprofile --norc -e -o pipefail {0}
2025-04-15T08:29:10.1552123Z env:
2025-04-15T08:29:10.1552539Z   POETRY_VERSION: 1.8.3
2025-04-15T08:29:10.1553021Z   SYSTEM_VERSION_COMPAT: 1
2025-04-15T08:29:10.1553487Z   CI: true
2025-04-15T08:29:10.1553869Z ##[endgroup]
2025-04-15T08:29:52.5021445Z ##[group]Run actions/checkout@v4
2025-04-15T08:29:52.5021813Z with:
2025-04-15T08:29:52.5022042Z   fetch-depth: 0
2025-04-15T08:29:52.5022302Z   repository: run-llama/llama_index
2025-04-15T08:29:52.5022748Z   token: ***
2025-04-15T08:29:52.5022983Z   ssh-strict: true
2025-04-15T08:29:52.5023218Z   ssh-user: git
2025-04-15T08:29:52.5023456Z   persist-credentials: true
2025-04-15T08:29:52.5023746Z   clean: true
2025-04-15T08:29:52.5023985Z   sparse-checkout-cone-mode: true
2025-04-15T08:29:52.5024273Z   fetch-tags: false
2025-04-15T08:29:52.5024507Z   show-progress: true
2025-04-15T08:29:52.5024737Z   lfs: false
2025-04-15T08:29:52.5024952Z   submodules: false
2025-04-15T08:29:52.5025191Z   set-safe-directory: true
2025-04-15T08:29:52.5025456Z env:
2025-04-15T08:29:52.5025670Z   POETRY_VERSION: 1.8.3
2025-04-15T08:29:52.5025921Z   SYSTEM_VERSION_COMPAT: 1
2025-04-15T08:29:52.5026172Z ##[endgroup]
2025-04-15T08:29:52.6101013Z Syncing repository: run-llama/llama_index
2025-04-15T08:29:52.6102469Z ##[group]Getting Git version info
2025-04-15T08:29:52.6102914Z Working directory is '/home/runner/work/llama_index/llama_index'
2025-04-15T08:29:52.6103528Z [command]/usr/bin/git version
2025-04-15T08:29:52.6962118Z git version 2.49.0
2025-04-15T08:29:52.6987334Z ##[endgroup]
2025-04-15T08:29:52.7001997Z Temporarily overriding HOME='/home/runner/work/_temp/dec91d62-4939-4395-99d0-1ace505f73f8' before making global git config changes
2025-04-15T08:29:52.7003269Z Adding repository directory to the temporary git global config as a safe directory
2025-04-15T08:29:52.7007213Z [command]/usr/bin/git config --global --add safe.directory /home/runner/work/llama_index/llama_index
2025-04-15T08:29:52.7078294Z Deleting the contents of '/home/runner/work/llama_index/llama_index'
2025-04-15T08:29:52.7081671Z ##[group]Initializing the repository
2025-04-15T08:29:52.7085230Z [command]/usr/bin/git init /home/runner/work/llama_index/llama_index
2025-04-15T08:29:52.7489606Z hint: Using 'master' as the name for the initial branch. This default branch name
2025-04-15T08:29:52.7490382Z hint: is subject to change. To configure the initial branch name to use in all
2025-04-15T08:29:52.7491361Z hint: of your new repositories, which will suppress this warning, call:
2025-04-15T08:29:52.7491840Z hint:
2025-04-15T08:29:52.7492212Z hint: 	git config --global init.defaultBranch <name>
2025-04-15T08:29:52.7492623Z hint:
2025-04-15T08:29:52.7493031Z hint: Names commonly chosen instead of 'master' are 'main', 'trunk' and
2025-04-15T08:29:52.7493654Z hint: 'development'. The just-created branch can be renamed via this command:
2025-04-15T08:29:52.7494147Z hint:
2025-04-15T08:29:52.7494429Z hint: 	git branch -m <name>
2025-04-15T08:29:52.7575238Z Initialized empty Git repository in /home/runner/work/llama_index/llama_index/.git/
2025-04-15T08:29:52.7585778Z [command]/usr/bin/git remote add origin https://github.com/run-llama/llama_index
2025-04-15T08:29:52.7658863Z ##[endgroup]
2025-04-15T08:29:52.7659378Z ##[group]Disabling automatic garbage collection
2025-04-15T08:29:52.7662773Z [command]/usr/bin/git config --local gc.auto 0
2025-04-15T08:29:52.7690954Z ##[endgroup]
2025-04-15T08:29:52.7691509Z ##[group]Setting up auth
2025-04-15T08:29:52.7697111Z [command]/usr/bin/git config --local --name-only --get-regexp core\.sshCommand
2025-04-15T08:29:52.7725285Z [command]/usr/bin/git submodule foreach --recursive sh -c "git config --local --name-only --get-regexp 'core\.sshCommand' && git config --local --unset-all 'core.sshCommand' || :"
2025-04-15T08:29:52.9297873Z [command]/usr/bin/git config --local --name-only --get-regexp http\.https\:\/\/github\.com\/\.extraheader
2025-04-15T08:29:52.9326228Z [command]/usr/bin/git submodule foreach --recursive sh -c "git config --local --name-only --get-regexp 'http\.https\:\/\/github\.com\/\.extraheader' && git config --local --unset-all 'http.https://github.com/.extraheader' || :"
2025-04-15T08:29:52.9549043Z [command]/usr/bin/git config --local http.https://github.com/.extraheader AUTHORIZATION: basic ***
2025-04-15T08:29:52.9582080Z ##[endgroup]
2025-04-15T08:29:52.9582788Z ##[group]Fetching the repository
2025-04-15T08:29:52.9590715Z [command]/usr/bin/git -c protocol.version=2 fetch --prune --no-recurse-submodules origin +refs/heads/*:refs/remotes/origin/* +refs/tags/*:refs/tags/* +42c63d66091fa888898671e92124ea555a1af290:refs/remotes/pull/18460/merge
2025-04-15T08:30:01.1640735Z From https://github.com/run-llama/llama_index
2025-04-15T08:30:01.1642106Z  * [new branch]          15371-migrate-llama-index-integrations-and-llama-index-packs-to-pydantic-v2 -> origin/15371-migrate-llama-index-integrations-and-llama-index-packs-to-pydantic-v2
2025-04-15T08:30:01.1644154Z  * [new branch]          8147-bug-streaming-on-react-chat-agent-not-working-as-expected -> origin/8147-bug-streaming-on-react-chat-agent-not-working-as-expected
2025-04-15T08:30:01.1645119Z  * [new branch]          8206-bug-indexas_chat_engine -> origin/8206-bug-indexas_chat_engine
2025-04-15T08:30:01.1646048Z  * [new branch]          DJC-GO-SOLO/main        -> origin/DJC-GO-SOLO/main
2025-04-15T08:30:01.1646550Z  * [new branch]          EleniVerteouri/main     -> origin/EleniVerteouri/main
2025-04-15T08:30:01.1649180Z  * [new branch]          HollowMan6/main         -> origin/HollowMan6/main
2025-04-15T08:30:01.1652455Z  * [new branch]          Ja-sonYun/main          -> origin/Ja-sonYun/main
2025-04-15T08:30:01.1654611Z  * [new branch]          Moi1oM/main             -> origin/Moi1oM/main
2025-04-15T08:30:01.1657148Z  * [new branch]          NickNYU/main            -> origin/NickNYU/main
2025-04-15T08:30:01.1659125Z  * [new branch]          Update-Milvus-vectorstore -> origin/Update-Milvus-vectorstore
2025-04-15T08:30:01.1661856Z  * [new branch]          YeonwooSung/main        -> origin/YeonwooSung/main
2025-04-15T08:30:01.1663618Z  * [new branch]          add-bm25-retriever      -> origin/add-bm25-retriever
2025-04-15T08:30:01.1665531Z  * [new branch]          add-duckdb-vector-store -> origin/add-duckdb-vector-store
2025-04-15T08:30:01.1667421Z  * [new branch]          add-dynamodb-url        -> origin/add-dynamodb-url
2025-04-15T08:30:01.1669386Z  * [new branch]          aim_callback            -> origin/aim_callback
2025-04-15T08:30:01.1671566Z  * [new branch]          asif_bagel              -> origin/asif_bagel
2025-04-15T08:30:01.1673583Z  * [new branch]          batmanscode-add-author-metadata-discord -> origin/batmanscode-add-author-metadata-discord
2025-04-15T08:30:01.1675912Z  * [new branch]          chore/makefile          -> origin/chore/makefile
2025-04-15T08:30:01.1679945Z  * [new branch]          chua/heap               -> origin/chua/heap
2025-04-15T08:30:01.1680408Z  * [new branch]          cogniswitch_llama       -> origin/cogniswitch_llama
2025-04-15T08:30:01.1682539Z  * [new branch]          configure-reranker      -> origin/configure-reranker
2025-04-15T08:30:01.1684159Z  * [new branch]          docarray-vectorstore    -> origin/docarray-vectorstore
2025-04-15T08:30:01.1686533Z  * [new branch]          external_kg             -> origin/external_kg
2025-04-15T08:30:01.1689561Z  * [new branch]          fabiofumarola/main      -> origin/fabiofumarola/main
2025-04-15T08:30:01.1692202Z  * [new branch]          feat-enable-custom-download-folder-for-nltk -> origin/feat-enable-custom-download-folder-for-nltk
2025-04-15T08:30:01.1693953Z  * [new branch]          feat-qdrant-metadata-filtering -> origin/feat-qdrant-metadata-filtering
2025-04-15T08:30:01.1697180Z  * [new branch]          feat/async-retriever    -> origin/feat/async-retriever
2025-04-15T08:30:01.1698881Z  * [new branch]          feat/async-synth        -> origin/feat/async-synth
2025-04-15T08:30:01.1701557Z  * [new branch]          feat/aws-semaphore      -> origin/feat/aws-semaphore
2025-04-15T08:30:01.1704680Z  * [new branch]          feature/add-deepeval-integration -> origin/feature/add-deepeval-integration
2025-04-15T08:30:01.1706387Z  * [new branch]          feature/firestore-bactch-insert -> origin/feature/firestore-bactch-insert
2025-04-15T08:30:01.1708829Z  * [new branch]          fix-pgvector            -> origin/fix-pgvector
2025-04-15T08:30:01.1710747Z  * [new branch]          fix-singel-mail-parsing-failure -> origin/fix-singel-mail-parsing-failure
2025-04-15T08:30:01.1713368Z  * [new branch]          fix-validator-empty-is-not-none -> origin/fix-validator-empty-is-not-none
2025-04-15T08:30:01.1716433Z  * [new branch]          fix/remove-node         -> origin/fix/remove-node
2025-04-15T08:30:01.1718558Z  * [new branch]          fix_metadata_extractors_json_dumps_ensure_ascii -> origin/fix_metadata_extractors_json_dumps_ensure_ascii
2025-04-15T08:30:01.1721847Z  * [new branch]          george/verbosity        -> origin/george/verbosity
2025-04-15T08:30:01.1723885Z  * [new branch]          graph_rag_optimization  -> origin/graph_rag_optimization
2025-04-15T08:30:01.1726267Z  * [new branch]          hackgoofer-patch-1      -> origin/hackgoofer-patch-1
2025-04-15T08:30:01.1729331Z  * [new branch]          hz/bug_fix              -> origin/hz/bug_fix
2025-04-15T08:30:01.1731600Z  * [new branch]          hz/colbert_reranker_v1  -> origin/hz/colbert_reranker_v1
2025-04-15T08:30:01.1733822Z  * [new branch]          hz/gpt4v                -> origin/hz/gpt4v
2025-04-15T08:30:01.1736068Z  * [new branch]          hz/hz_filter_v0         -> origin/hz/hz_filter_v0
2025-04-15T08:30:01.1738710Z  * [new branch]          hz/hz_gemini_mm_fix_1   -> origin/hz/hz_gemini_mm_fix_1
2025-04-15T08:30:01.1740252Z  * [new branch]          hz/hz_google            -> origin/hz/hz_google
2025-04-15T08:30:01.1742980Z  * [new branch]          hz/hz_mm_fix_v1         -> origin/hz/hz_mm_fix_v1
2025-04-15T08:30:01.1745155Z  * [new branch]          hz/hz_mm_qe_v1          -> origin/hz/hz_mm_qe_v1
2025-04-15T08:30:01.1747219Z  * [new branch]          hz/hz_mm_table          -> origin/hz/hz_mm_table
2025-04-15T08:30:01.1749398Z  * [new branch]          hz/hz_pdf               -> origin/hz/hz_pdf
2025-04-15T08:30:01.1751957Z  * [new branch]          hz/hz_qe                -> origin/hz/hz_qe
2025-04-15T08:30:01.1754107Z  * [new branch]          hz/hz_qe_1              -> origin/hz/hz_qe_1
2025-04-15T08:30:01.1756411Z  * [new branch]          hz/hz_rank_gpt          -> origin/hz/hz_rank_gpt
2025-04-15T08:30:01.1758859Z  * [new branch]          hz/hz_rerank_v1         -> origin/hz/hz_rerank_v1
2025-04-15T08:30:01.1760777Z  * [new branch]          hz/image_type           -> origin/hz/image_type
2025-04-15T08:30:01.1763245Z  * [new branch]          hz/mm_index             -> origin/hz/mm_index
2025-04-15T08:30:01.1765109Z  * [new branch]          hz/mmr                  -> origin/hz/mmr
2025-04-15T08:30:01.1767063Z  * [new branch]          hz/ollama_mm            -> origin/hz/ollama_mm
2025-04-15T08:30:01.1768846Z  * [new branch]          hz/phi-2                -> origin/hz/phi-2
2025-04-15T08:30:01.1770777Z  * [new branch]          hz/rec_ret_dedup        -> origin/hz/rec_ret_dedup
2025-04-15T08:30:01.1773838Z  * [new branch]          javier/fix-s3fs-pdf-reading -> origin/javier/fix-s3fs-pdf-reading
2025-04-15T08:30:01.1775532Z  * [new branch]          javier/sharepoint-async-support -> origin/javier/sharepoint-async-support
2025-04-15T08:30:01.1778300Z  * [new branch]          jerry/add_ai_assistant_integration -> origin/jerry/add_ai_assistant_integration
2025-04-15T08:30:01.1779833Z  * [new branch]          jerry/add_llm_compiler  -> origin/jerry/add_llm_compiler
2025-04-15T08:30:01.1781987Z  * [new branch]          jerry/add_multi_doc_auto_retrival -> origin/jerry/add_multi_doc_auto_retrival
2025-04-15T08:30:01.1783883Z  * [new branch]          jerry/add_query_pipeline -> origin/jerry/add_query_pipeline
2025-04-15T08:30:01.1785772Z  * [new branch]          jerry/add_query_pipeline_vis -> origin/jerry/add_query_pipeline_vis
2025-04-15T08:30:01.1787632Z  * [new branch]          jerry/add_reflexion_agent -> origin/jerry/add_reflexion_agent
2025-04-15T08:30:01.1789431Z  * [new branch]          jerry/add_semantic_chunking -> origin/jerry/add_semantic_chunking
2025-04-15T08:30:01.1791832Z  * [new branch]          jerry/allow_relative_imports_llama_packs_bak -> origin/jerry/allow_relative_imports_llama_packs_bak
2025-04-15T08:30:01.1793298Z  * [new branch]          jerry/bump_version_0.8.64 -> origin/jerry/bump_version_0.8.64
2025-04-15T08:30:01.1795288Z  * [new branch]          jerry/create_react_chat_engine -> origin/jerry/create_react_chat_engine
2025-04-15T08:30:01.1797207Z  * [new branch]          jerry/custom_query_engine -> origin/jerry/custom_query_engine
2025-04-15T08:30:01.1798796Z  * [new branch]          jerry/edit_raft         -> origin/jerry/edit_raft
2025-04-15T08:30:01.1801084Z  * [new branch]          jerry/escape_json_structured_llm -> origin/jerry/escape_json_structured_llm
2025-04-15T08:30:01.1802992Z  * [new branch]          jerry/expose_prompts    -> origin/jerry/expose_prompts
2025-04-15T08:30:01.1804965Z  * [new branch]          jerry/fix_elasticsearch_guide -> origin/jerry/fix_elasticsearch_guide
2025-04-15T08:30:01.1806898Z  * [new branch]          jerry/fix_observability_doc -> origin/jerry/fix_observability_doc
2025-04-15T08:30:01.1808572Z  * [new branch]          jerry/fix_stuff_for_report_gen -> origin/jerry/fix_stuff_for_report_gen
2025-04-15T08:30:01.1810566Z  * [new branch]          jerry/fix_tool_callbacks -> origin/jerry/fix_tool_callbacks
2025-04-15T08:30:01.1812756Z  * [new branch]          jerry/migrate_builtins  -> origin/jerry/migrate_builtins
2025-04-15T08:30:01.1814690Z  * [new branch]          jerry/openai_llm_function_calling -> origin/jerry/openai_llm_function_calling
2025-04-15T08:30:01.1816441Z  * [new branch]          jerry/small_chroma_fix  -> origin/jerry/small_chroma_fix
2025-04-15T08:30:01.1818705Z  * [new branch]          jerry/test_workflow_query_engine_change -> origin/jerry/test_workflow_query_engine_change
2025-04-15T08:30:01.1820518Z  * [new branch]          jerry/wip_agents        -> origin/jerry/wip_agents
2025-04-15T08:30:01.1823475Z  * [new branch]          joelrorseth/main        -> origin/joelrorseth/main
2025-04-15T08:30:01.1826111Z  * [new branch]          jon-chuang/path-validation -> origin/jon-chuang/path-validation
2025-04-15T08:30:01.1828580Z  * [new branch]          jon/for-test            -> origin/jon/for-test
2025-04-15T08:30:01.1830420Z  * [new branch]          jon/local               -> origin/jon/local
2025-04-15T08:30:01.1832734Z  * [new branch]          kg_vector_custom_retriever -> origin/kg_vector_custom_retriever
2025-04-15T08:30:01.1835274Z  * [new branch]          ljv/learn-overhaul      -> origin/ljv/learn-overhaul
2025-04-15T08:30:01.1837985Z  * [new branch]          logan/add_changelog_to_docs -> origin/logan/add_changelog_to_docs
2025-04-15T08:30:01.1839754Z  * [new branch]          logan/add_docs_build_to_ci -> origin/logan/add_docs_build_to_ci
2025-04-15T08:30:01.1841909Z  * [new branch]          logan/add_openai_dep    -> origin/logan/add_openai_dep
2025-04-15T08:30:01.1844017Z  * [new branch]          logan/agent_streaming   -> origin/logan/agent_streaming
2025-04-15T08:30:01.1845816Z  * [new branch]          logan/agent_streaming_v2 -> origin/logan/agent_streaming_v2
2025-04-15T08:30:01.1847744Z  * [new branch]          logan/ammend_service_context_fix -> origin/logan/ammend_service_context_fix
2025-04-15T08:30:01.1849258Z  * [new branch]          logan/audio_support     -> origin/logan/audio_support
2025-04-15T08:30:01.1851426Z  * [new branch]          logan/bedrock_retriever_nits -> origin/logan/bedrock_retriever_nits
2025-04-15T08:30:01.1853470Z  * [new branch]          logan/bump_mpypy_version -> origin/logan/bump_mpypy_version
2025-04-15T08:30:01.1855483Z  * [new branch]          logan/bump_pinecone_dep -> origin/logan/bump_pinecone_dep
2025-04-15T08:30:01.1857463Z  * [new branch]          logan/bundle_nltk_tiktoken -> origin/logan/bundle_nltk_tiktoken
2025-04-15T08:30:01.1859317Z  * [new branch]          logan/changelog_0.6.22  -> origin/logan/changelog_0.6.22
2025-04-15T08:30:01.1861339Z  * [new branch]          logan/changelog_in_docs -> origin/logan/changelog_in_docs
2025-04-15T08:30:01.1863328Z  * [new branch]          logan/coa_agent         -> origin/logan/coa_agent
2025-04-15T08:30:01.1865154Z  * [new branch]          logan/dispatcher_exception_fix -> origin/logan/dispatcher_exception_fix
2025-04-15T08:30:01.1866733Z  * [new branch]          logan/docker_tool_spec  -> origin/logan/docker_tool_spec
2025-04-15T08:30:01.1868976Z  * [new branch]          logan/document_modelling_refactor_v3 -> origin/logan/document_modelling_refactor_v3
2025-04-15T08:30:01.1871098Z  * [new branch]          logan/download_loader_exists_bug -> origin/logan/download_loader_exists_bug
2025-04-15T08:30:01.1873020Z  * [new branch]          logan/fix_agent_sources -> origin/logan/fix_agent_sources
2025-04-15T08:30:01.1874805Z  * [new branch]          logan/fix_box           -> origin/logan/fix_box
2025-04-15T08:30:01.1876818Z  * [new branch]          logan/fix_chroma_filtesr -> origin/logan/fix_chroma_filtesr
2025-04-15T08:30:01.1878809Z  * [new branch]          logan/fix_core          -> origin/logan/fix_core
2025-04-15T08:30:01.1880704Z  * [new branch]          logan/fix_extractor_docs -> origin/logan/fix_extractor_docs
2025-04-15T08:30:01.1882695Z  * [new branch]          logan/fix_graph_storage_bug_v2 -> origin/logan/fix_graph_storage_bug_v2
2025-04-15T08:30:01.1884650Z  * [new branch]          logan/fix_marshall_edge_case -> origin/logan/fix_marshall_edge_case
2025-04-15T08:30:01.1886554Z  * [new branch]          logan/fix_redis_vector_nodes -> origin/logan/fix_redis_vector_nodes
2025-04-15T08:30:01.1888498Z  * [new branch]          logan/fix_sql_database  -> origin/logan/fix_sql_database
2025-04-15T08:30:01.1890369Z  * [new branch]          logan/fix_version       -> origin/logan/fix_version
2025-04-15T08:30:01.1892547Z  * [new branch]          logan/force_async_tests -> origin/logan/force_async_tests
2025-04-15T08:30:01.1894529Z  * [new branch]          logan/function_calling_agent_streamng -> origin/logan/function_calling_agent_streamng
2025-04-15T08:30:01.1896356Z  * [new branch]          logan/hf_patch_2        -> origin/logan/hf_patch_2
2025-04-15T08:30:01.1898356Z  * [new branch]          logan/hf_tools          -> origin/logan/hf_tools
2025-04-15T08:30:01.1900290Z  * [new branch]          logan/improve_refine    -> origin/logan/improve_refine
2025-04-15T08:30:01.1902526Z  * [new branch]          logan/keyword_index_no_match -> origin/logan/keyword_index_no_match
2025-04-15T08:30:01.1904517Z  * [new branch]          logan/make_docs_great_again -> origin/logan/make_docs_great_again
2025-04-15T08:30:01.1906486Z  * [new branch]          logan/migrate_pydantic  -> origin/logan/migrate_pydantic
2025-04-15T08:30:01.1908479Z  * [new branch]          logan/ollama_base_url   -> origin/logan/ollama_base_url
2025-04-15T08:30:01.1910468Z  * [new branch]          logan/opea_llm          -> origin/logan/opea_llm
2025-04-15T08:30:01.1912616Z  * [new branch]          logan/openai_functions  -> origin/logan/openai_functions
2025-04-15T08:30:01.1914687Z  * [new branch]          logan/pass_in_callback_manager -> origin/logan/pass_in_callback_manager
2025-04-15T08:30:01.1916610Z  * [new branch]          logan/patch_markdown_parser -> origin/logan/patch_markdown_parser
2025-04-15T08:30:01.1918522Z  * [new branch]          logan/portkey_update    -> origin/logan/portkey_update
2025-04-15T08:30:01.1920560Z  * [new branch]          logan/program_examples  -> origin/logan/program_examples
2025-04-15T08:30:01.1922939Z  * [new branch]          logan/prompt_tracking   -> origin/logan/prompt_tracking
2025-04-15T08:30:01.1924967Z  * [new branch]          logan/promptstore       -> origin/logan/promptstore
2025-04-15T08:30:01.1927106Z  * [new branch]          logan/refactor_base_llm -> origin/logan/refactor_base_llm
2025-04-15T08:30:01.1929153Z  * [new branch]          logan/relase_changelog_action -> origin/logan/relase_changelog_action
2025-04-15T08:30:01.1931214Z  * [new branch]          logan/remove_files      -> origin/logan/remove_files
2025-04-15T08:30:01.1933345Z  * [new branch]          logan/remove_old_notebooks -> origin/logan/remove_old_notebooks
2025-04-15T08:30:01.1935597Z  * [new branch]          logan/remove_service_context -> origin/logan/remove_service_context
2025-04-15T08:30:01.1937462Z  * [new branch]          logan/response_builder_ux -> origin/logan/response_builder_ux
2025-04-15T08:30:01.1939454Z  * [new branch]          logan/token_counting    -> origin/logan/token_counting
2025-04-15T08:30:01.1941500Z  * [new branch]          logan/tool_sources      -> origin/logan/tool_sources
2025-04-15T08:30:01.1943644Z  * [new branch]          logan/try_removing_plugins -> origin/logan/try_removing_plugins
2025-04-15T08:30:01.1945761Z  * [new branch]          logan/update_chatbot_tutorial.py -> origin/logan/update_chatbot_tutorial.py
2025-04-15T08:30:01.1947749Z  * [new branch]          logan/update_github_docs -> origin/logan/update_github_docs
2025-04-15T08:30:01.1949810Z  * [new branch]          logan/vector_similarity_speedup -> origin/logan/vector_similarity_speedup
2025-04-15T08:30:01.1952013Z  * [new branch]          logan/weaviate_similarity -> origin/logan/weaviate_similarity
2025-04-15T08:30:01.1953993Z  * [new branch]          logan/weaviate_use_id   -> origin/logan/weaviate_use_id
2025-04-15T08:30:01.1956143Z  * [new branch]          logan/workflow_result_object -> origin/logan/workflow_result_object
2025-04-15T08:30:01.1958154Z  * [new branch]          logan/workflows_session_ux -> origin/logan/workflows_session_ux
2025-04-15T08:30:01.1960147Z  * [new branch]          main                    -> origin/main
2025-04-15T08:30:01.1963134Z  * [new branch]          massi/events-buffer-serialize -> origin/massi/events-buffer-serialize
2025-04-15T08:30:01.1965065Z  * [new branch]          massi/img-to-img-retrieval-example -> origin/massi/img-to-img-retrieval-example
2025-04-15T08:30:01.1966935Z  * [new branch]          monsterapi              -> origin/monsterapi
2025-04-15T08:30:01.1968998Z  * [new branch]          nebulagraph_store_int_vertex_id -> origin/nebulagraph_store_int_vertex_id
2025-04-15T08:30:01.1971650Z  * [new branch]          nerdai/async-timeout-per-step -> origin/nerdai/async-timeout-per-step
2025-04-15T08:30:01.1973661Z  * [new branch]          nerdai/checkpointing-in-workflow -> origin/nerdai/checkpointing-in-workflow
2025-04-15T08:30:01.1975300Z  * [new branch]          nerdai/fix-parallel-processing-bug -> origin/nerdai/fix-parallel-processing-bug
2025-04-15T08:30:01.1977467Z  * [new branch]          nerdai/memory-modules-without-chatstore -> origin/nerdai/memory-modules-without-chatstore
2025-04-15T08:30:01.1979026Z  * [new branch]          nerdai/modify_download_utils_for_pdf -> origin/nerdai/modify_download_utils_for_pdf
2025-04-15T08:30:01.1981222Z  * [new branch]          nerdai/multi-hop-agent  -> origin/nerdai/multi-hop-agent
2025-04-15T08:30:01.1983422Z  * [new branch]          nerdai/networks-postprocessor-diff-privacy-demo -> origin/nerdai/networks-postprocessor-diff-privacy-demo
2025-04-15T08:30:01.1984674Z  * [new branch]          nerdai/pydantic-v2-batch-1 -> origin/nerdai/pydantic-v2-batch-1
2025-04-15T08:30:01.1986865Z  * [new branch]          nerdai/pydantic-v2-graph-stores-indices -> origin/nerdai/pydantic-v2-graph-stores-indices
2025-04-15T08:30:01.1988428Z  * [new branch]          nerdai/pydantic-v2-llms -> origin/nerdai/pydantic-v2-llms
2025-04-15T08:30:01.1990760Z  * [new branch]          nerdai/pydantic-v2-migration-evaluation-response-synthesizers -> origin/nerdai/pydantic-v2-migration-evaluation-response-synthesizers
2025-04-15T08:30:01.1992628Z  * [new branch]          nerdai/pydantic-v2-migration-llama-index-networks -> origin/nerdai/pydantic-v2-migration-llama-index-networks
2025-04-15T08:30:01.1995050Z  * [new branch]          nerdai/pydantic-v2-migration-llama-index-utils-llama-index-cli-llama-index-finetuning-llama-index-experimental -> origin/nerdai/pydantic-v2-migration-llama-index-utils-llama-index-cli-llama-index-finetuning-llama-index-experimental
2025-04-15T08:30:01.1997016Z  * [new branch]          nerdai/pydantic-v2-migration-llama-packs -> origin/nerdai/pydantic-v2-migration-llama-packs
2025-04-15T08:30:01.1998836Z  * [new branch]          nerdai/pydantic-v2-migration-node-parsers-output-parsers -> origin/nerdai/pydantic-v2-migration-node-parsers-output-parsers
2025-04-15T08:30:01.2000359Z  * [new branch]          nerdai/pydantic-v2-migration-readers -> origin/nerdai/pydantic-v2-migration-readers
2025-04-15T08:30:01.2002780Z  * [new branch]          nerdai/pydantic-v2-migration-retrievers-storage -> origin/nerdai/pydantic-v2-migration-retrievers-storage
2025-04-15T08:30:01.2004453Z  * [new branch]          nerdai/pydantic-v2-migration-tools -> origin/nerdai/pydantic-v2-migration-tools
2025-04-15T08:30:01.2006637Z  * [new branch]          nerdai/pydantic-v2-migration-vector-stores -> origin/nerdai/pydantic-v2-migration-vector-stores
2025-04-15T08:30:01.2008091Z  * [new branch]          nerdai/revert-langfuse  -> origin/nerdai/revert-langfuse
2025-04-15T08:30:01.2010243Z  * [new branch]          nerdai/revert-last-comimt -> origin/nerdai/revert-last-comimt
2025-04-15T08:30:01.2012657Z  * [new branch]          nerdai/undo-the-previous-step-workflow -> origin/nerdai/undo-the-previous-step-workflow
2025-04-15T08:30:01.2014309Z  * [new branch]          nerdai/wadave           -> origin/nerdai/wadave
2025-04-15T08:30:01.2016520Z  * [new branch]          next_0.9.0a1            -> origin/next_0.9.0a1
2025-04-15T08:30:01.2018396Z  * [new branch]          next_0.9.0a2            -> origin/next_0.9.0a2
2025-04-15T08:30:01.2020382Z  * [new branch]          next_0.9.0a3            -> origin/next_0.9.0a3
2025-04-15T08:30:01.2023840Z  * [new branch]          nguyetpvt/fix/load-json-with-utf8 -> origin/nguyetpvt/fix/load-json-with-utf8
2025-04-15T08:30:01.2025838Z  * [new branch]          open-ai-key-validation  -> origin/open-ai-key-validation
2025-04-15T08:30:01.2027762Z  * [new branch]          patch-1                 -> origin/patch-1
2025-04-15T08:30:01.2030435Z  * [new branch]          pierre/fix_doc_d_in_search -> origin/pierre/fix_doc_d_in_search
2025-04-15T08:30:01.2032502Z  * [new branch]          pierre/fix_float_parse  -> origin/pierre/fix_float_parse
2025-04-15T08:30:01.2034564Z  * [new branch]          pydantic_through_response_modes -> origin/pydantic_through_response_modes
2025-04-15T08:30:01.2036605Z  * [new branch]          revert-12295-nf-fix-notebook -> origin/revert-12295-nf-fix-notebook
2025-04-15T08:30:01.2038576Z  * [new branch]          revert-9027-main        -> origin/revert-9027-main
2025-04-15T08:30:01.2040653Z  * [new branch]          revert-9842-trt_in_process -> origin/revert-9842-trt_in_process
2025-04-15T08:30:01.2043461Z  * [new branch]          seldo/0.8.53.post3      -> origin/seldo/0.8.53.post3
2025-04-15T08:30:01.2046102Z  * [new branch]          sheresaidon/main        -> origin/sheresaidon/main
2025-04-15T08:30:01.2048085Z  * [new branch]          sphinx_ext              -> origin/sphinx_ext
2025-04-15T08:30:01.2050248Z  * [new branch]          stale_packages          -> origin/stale_packages
2025-04-15T08:30:01.2052465Z  * [new branch]          structured_synth        -> origin/structured_synth
2025-04-15T08:30:01.2055204Z  * [new branch]          suo/0113_table_qa       -> origin/suo/0113_table_qa
2025-04-15T08:30:01.2057184Z  * [new branch]          suo/alpha1              -> origin/suo/alpha1
2025-04-15T08:30:01.2058977Z  * [new branch]          suo/bump_version        -> origin/suo/bump_version
2025-04-15T08:30:01.2061156Z  * [new branch]          suo/drop_gpt            -> origin/suo/drop_gpt
2025-04-15T08:30:01.2063124Z  * [new branch]          suo/guidance            -> origin/suo/guidance
2025-04-15T08:30:01.2065024Z  * [new branch]          suo/llms                -> origin/suo/llms
2025-04-15T08:30:01.2066913Z  * [new branch]          suo/llms_p1             -> origin/suo/llms_p1
2025-04-15T08:30:01.2068874Z  * [new branch]          suo/may29_prompt_helper -> origin/suo/may29_prompt_helper
2025-04-15T08:30:01.2070968Z  * [new branch]          suo/may8_expose_vector_query -> origin/suo/may8_expose_vector_query
2025-04-15T08:30:01.2073092Z  * [new branch]          suo/may9_streaming      -> origin/suo/may9_streaming
2025-04-15T08:30:01.2074839Z  * [new branch]          suo/prompt_cleanup      -> origin/suo/prompt_cleanup
2025-04-15T08:30:01.2076658Z  * [new branch]          suo/rip_off_bandaid     -> origin/suo/rip_off_bandaid
2025-04-15T08:30:01.2078604Z  * [new branch]          suo/tst                 -> origin/suo/tst
2025-04-15T08:30:01.2080541Z  * [new branch]          suo/update_env          -> origin/suo/update_env
2025-04-15T08:30:01.2083132Z  * [new branch]          suo/use_networkx        -> origin/suo/use_networkx
2025-04-15T08:30:01.2085156Z  * [new branch]          support-pydantic-v2     -> origin/support-pydantic-v2
2025-04-15T08:30:01.2087087Z  * [new branch]          vectara                 -> origin/vectara
2025-04-15T08:30:01.2088996Z  * [new branch]          wandbcallback           -> origin/wandbcallback
2025-04-15T08:30:01.2091277Z  * [new branch]          workflows               -> origin/workflows
2025-04-15T08:30:01.2130068Z  * [new tag]             v0.10.0                 -> v0.10.0
2025-04-15T08:30:01.2131306Z  * [new tag]             v0.10.1                 -> v0.10.1
2025-04-15T08:30:01.2132376Z  * [new tag]             v0.10.10                -> v0.10.10
2025-04-15T08:30:01.2133416Z  * [new tag]             v0.10.11                -> v0.10.11
2025-04-15T08:30:01.2134396Z  * [new tag]             v0.10.12                -> v0.10.12
2025-04-15T08:30:01.2135466Z  * [new tag]             v0.10.13                -> v0.10.13
2025-04-15T08:30:01.2136427Z  * [new tag]             v0.10.13.post1          -> v0.10.13.post1
2025-04-15T08:30:01.2137408Z  * [new tag]             v0.10.14                -> v0.10.14
2025-04-15T08:30:01.2138457Z  * [new tag]             v0.10.15                -> v0.10.15
2025-04-15T08:30:01.2139531Z  * [new tag]             v0.10.16                -> v0.10.16
2025-04-15T08:30:01.2140570Z  * [new tag]             v0.10.17                -> v0.10.17
2025-04-15T08:30:01.2141724Z  * [new tag]             v0.10.18                -> v0.10.18
2025-04-15T08:30:01.2142815Z  * [new tag]             v0.10.19                -> v0.10.19
2025-04-15T08:30:01.2143817Z  * [new tag]             v0.10.20                -> v0.10.20
2025-04-15T08:30:01.2144822Z  * [new tag]             v0.10.22                -> v0.10.22
2025-04-15T08:30:01.2145837Z  * [new tag]             v0.10.23                -> v0.10.23
2025-04-15T08:30:01.2146859Z  * [new tag]             v0.10.24                -> v0.10.24
2025-04-15T08:30:01.2147900Z  * [new tag]             v0.10.25                -> v0.10.25
2025-04-15T08:30:01.2148942Z  * [new tag]             v0.10.26                -> v0.10.26
2025-04-15T08:30:01.2149986Z  * [new tag]             v0.10.27                -> v0.10.27
2025-04-15T08:30:01.2151178Z  * [new tag]             v0.10.28                -> v0.10.28
2025-04-15T08:30:01.2152301Z  * [new tag]             v0.10.28.post1          -> v0.10.28.post1
2025-04-15T08:30:01.2153301Z  * [new tag]             v0.10.29                -> v0.10.29
2025-04-15T08:30:01.2154470Z  * [new tag]             v0.10.3                 -> v0.10.3
2025-04-15T08:30:01.2155530Z  * [new tag]             v0.10.30                -> v0.10.30
2025-04-15T08:30:01.2156580Z  * [new tag]             v0.10.31                -> v0.10.31
2025-04-15T08:30:01.2157638Z  * [new tag]             v0.10.32                -> v0.10.32
2025-04-15T08:30:01.2158663Z  * [new tag]             v0.10.33                -> v0.10.33
2025-04-15T08:30:01.2159698Z  * [new tag]             v0.10.34                -> v0.10.34
2025-04-15T08:30:01.2160981Z  * [new tag]             v0.10.35                -> v0.10.35
2025-04-15T08:30:01.2162059Z  * [new tag]             v0.10.36                -> v0.10.36
2025-04-15T08:30:01.2163150Z  * [new tag]             v0.10.37                -> v0.10.37
2025-04-15T08:30:01.2164200Z  * [new tag]             v0.10.38                -> v0.10.38
2025-04-15T08:30:01.2165262Z  * [new tag]             v0.10.39                -> v0.10.39
2025-04-15T08:30:01.2166347Z  * [new tag]             v0.10.40                -> v0.10.40
2025-04-15T08:30:01.2167618Z  * [new tag]             v0.10.41                -> v0.10.41
2025-04-15T08:30:01.2168509Z  * [new tag]             v0.10.42                -> v0.10.42
2025-04-15T08:30:01.2169549Z  * [new tag]             v0.10.43                -> v0.10.43
2025-04-15T08:30:01.2170633Z  * [new tag]             v0.10.44                -> v0.10.44
2025-04-15T08:30:01.2171895Z  * [new tag]             v0.10.45                -> v0.10.45
2025-04-15T08:30:01.2172910Z  * [new tag]             v0.10.45post1           -> v0.10.45post1
2025-04-15T08:30:01.2173949Z  * [new tag]             v0.10.46                -> v0.10.46
2025-04-15T08:30:01.2175100Z  * [new tag]             v0.10.47                -> v0.10.47
2025-04-15T08:30:01.2176183Z  * [new tag]             v0.10.48                -> v0.10.48
2025-04-15T08:30:01.2177362Z  * [new tag]             v0.10.48.post1          -> v0.10.48.post1
2025-04-15T08:30:01.2178505Z  * [new tag]             v0.10.49                -> v0.10.49
2025-04-15T08:30:01.2179587Z  * [new tag]             v0.10.5                 -> v0.10.5
2025-04-15T08:30:01.2180718Z  * [new tag]             v0.10.50                -> v0.10.50
2025-04-15T08:30:01.2182083Z  * [new tag]             v0.10.51                -> v0.10.51
2025-04-15T08:30:01.2183177Z  * [new tag]             v0.10.52                -> v0.10.52
2025-04-15T08:30:01.2184265Z  * [new tag]             v0.10.53                -> v0.10.53
2025-04-15T08:30:01.2185460Z  * [new tag]             v0.10.54                -> v0.10.54
2025-04-15T08:30:01.2186514Z  * [new tag]             v0.10.54post1           -> v0.10.54post1
2025-04-15T08:30:01.2187611Z  * [new tag]             v0.10.55                -> v0.10.55
2025-04-15T08:30:01.2188638Z  * [new tag]             v0.10.56                -> v0.10.56
2025-04-15T08:30:01.2189860Z  * [new tag]             v0.10.57                -> v0.10.57
2025-04-15T08:30:01.2191171Z  * [new tag]             v0.10.58                -> v0.10.58
2025-04-15T08:30:01.2192310Z  * [new tag]             v0.10.59                -> v0.10.59
2025-04-15T08:30:01.2193491Z  * [new tag]             v0.10.6                 -> v0.10.6
2025-04-15T08:30:01.2194641Z  * [new tag]             v0.10.60                -> v0.10.60
2025-04-15T08:30:01.2195747Z  * [new tag]             v0.10.61                -> v0.10.61
2025-04-15T08:30:01.2196846Z  * [new tag]             v0.10.62                -> v0.10.62
2025-04-15T08:30:01.2197968Z  * [new tag]             v0.10.63                -> v0.10.63
2025-04-15T08:30:01.2199029Z  * [new tag]             v0.10.64                -> v0.10.64
2025-04-15T08:30:01.2200082Z  * [new tag]             v0.10.65                -> v0.10.65
2025-04-15T08:30:01.2201308Z  * [new tag]             v0.10.66                -> v0.10.66
2025-04-15T08:30:01.2202612Z  * [new tag]             v0.10.67                -> v0.10.67
2025-04-15T08:30:01.2203773Z  * [new tag]             v0.10.67.post1          -> v0.10.67.post1
2025-04-15T08:30:01.2205160Z  * [new tag]             v0.10.68                -> v0.10.68
2025-04-15T08:30:01.2206748Z  * [new tag]             v0.10.7                 -> v0.10.7
2025-04-15T08:30:01.2208323Z  * [new tag]             v0.10.8                 -> v0.10.8
2025-04-15T08:30:01.2209922Z  * [new tag]             v0.10.9                 -> v0.10.9
2025-04-15T08:30:01.2211677Z  * [new tag]             v0.11.0                 -> v0.11.0
2025-04-15T08:30:01.2213243Z  * [new tag]             v0.11.1                 -> v0.11.1
2025-04-15T08:30:01.2214879Z  * [new tag]             v0.11.10                -> v0.11.10
2025-04-15T08:30:01.2216475Z  * [new tag]             v0.11.11                -> v0.11.11
2025-04-15T08:30:01.2217978Z  * [new tag]             v0.11.12                -> v0.11.12
2025-04-15T08:30:01.2219555Z  * [new tag]             v0.11.13                -> v0.11.13
2025-04-15T08:30:01.2221225Z  * [new tag]             v0.11.14                -> v0.11.14
2025-04-15T08:30:01.2223022Z  * [new tag]             v0.11.15                -> v0.11.15
2025-04-15T08:30:01.2224744Z  * [new tag]             v0.11.16                -> v0.11.16
2025-04-15T08:30:01.2226173Z  * [new tag]             v0.11.17                -> v0.11.17
2025-04-15T08:30:01.2227654Z  * [new tag]             v0.11.17.post1          -> v0.11.17.post1
2025-04-15T08:30:01.2229236Z  * [new tag]             v0.11.18                -> v0.11.18
2025-04-15T08:30:01.2230980Z  * [new tag]             v0.11.19                -> v0.11.19
2025-04-15T08:30:01.2232613Z  * [new tag]             v0.11.2                 -> v0.11.2
2025-04-15T08:30:01.2234225Z  * [new tag]             v0.11.20                -> v0.11.20
2025-04-15T08:30:01.2235790Z  * [new tag]             v0.11.21                -> v0.11.21
2025-04-15T08:30:01.2237381Z  * [new tag]             v0.11.22                -> v0.11.22
2025-04-15T08:30:01.2239042Z  * [new tag]             v0.11.23                -> v0.11.23
2025-04-15T08:30:01.2240683Z  * [new tag]             v0.11.23.post1          -> v0.11.23.post1
2025-04-15T08:30:01.2242441Z  * [new tag]             v0.11.23.post2          -> v0.11.23.post2
2025-04-15T08:30:01.2243953Z  * [new tag]             v0.11.23.post3          -> v0.11.23.post3
2025-04-15T08:30:01.2245507Z  * [new tag]             v0.11.3                 -> v0.11.3
2025-04-15T08:30:01.2247091Z  * [new tag]             v0.11.4                 -> v0.11.4
2025-04-15T08:30:01.2249124Z  * [new tag]             v0.11.5                 -> v0.11.5
2025-04-15T08:30:01.2250744Z  * [new tag]             v0.11.6                 -> v0.11.6
2025-04-15T08:30:01.2252486Z  * [new tag]             v0.11.6.post1           -> v0.11.6.post1
2025-04-15T08:30:01.2254156Z  * [new tag]             v0.11.7                 -> v0.11.7
2025-04-15T08:30:01.2255654Z  * [new tag]             v0.11.8                 -> v0.11.8
2025-04-15T08:30:01.2257280Z  * [new tag]             v0.11.9                 -> v0.11.9
2025-04-15T08:30:01.2258814Z  * [new tag]             v0.12.0                 -> v0.12.0
2025-04-15T08:30:01.2260423Z  * [new tag]             v0.12.0.post1           -> v0.12.0.post1
2025-04-15T08:30:01.2262148Z  * [new tag]             v0.12.1                 -> v0.12.1
2025-04-15T08:30:01.2263834Z  * [new tag]             v0.12.10                -> v0.12.10
2025-04-15T08:30:01.2265391Z  * [new tag]             v0.12.11                -> v0.12.11
2025-04-15T08:30:01.2267053Z  * [new tag]             v0.12.12                -> v0.12.12
2025-04-15T08:30:01.2268603Z  * [new tag]             v0.12.13                -> v0.12.13
2025-04-15T08:30:01.2270150Z  * [new tag]             v0.12.13.post1          -> v0.12.13.post1
2025-04-15T08:30:01.2271954Z  * [new tag]             v0.12.14                -> v0.12.14
2025-04-15T08:30:01.2273677Z  * [new tag]             v0.12.15                -> v0.12.15
2025-04-15T08:30:01.2275222Z  * [new tag]             v0.12.16                -> v0.12.16
2025-04-15T08:30:01.2276924Z  * [new tag]             v0.12.17                -> v0.12.17
2025-04-15T08:30:01.2278179Z  * [new tag]             v0.12.17.post1          -> v0.12.17.post1
2025-04-15T08:30:01.2279919Z  * [new tag]             v0.12.17.post2          -> v0.12.17.post2
2025-04-15T08:30:01.2281557Z  * [new tag]             v0.12.18                -> v0.12.18
2025-04-15T08:30:01.2283407Z  * [new tag]             v0.12.19                -> v0.12.19
2025-04-15T08:30:01.2284939Z  * [new tag]             v0.12.2                 -> v0.12.2
2025-04-15T08:30:01.2286661Z  * [new tag]             v0.12.20                -> v0.12.20
2025-04-15T08:30:01.2288238Z  * [new tag]             v0.12.21                -> v0.12.21
2025-04-15T08:30:01.2289863Z  * [new tag]             v0.12.22                -> v0.12.22
2025-04-15T08:30:01.2291659Z  * [new tag]             v0.12.22.post1          -> v0.12.22.post1
2025-04-15T08:30:01.2293420Z  * [new tag]             v0.12.23                -> v0.12.23
2025-04-15T08:30:01.2295007Z  * [new tag]             v0.12.24                -> v0.12.24
2025-04-15T08:30:01.2296704Z  * [new tag]             v0.12.24.post1          -> v0.12.24.post1
2025-04-15T08:30:01.2298527Z  * [new tag]             v0.12.24.post2          -> v0.12.24.post2
2025-04-15T08:30:01.2300170Z  * [new tag]             v0.12.25                -> v0.12.25
2025-04-15T08:30:01.2302623Z  * [new tag]             v0.12.26                -> v0.12.26
2025-04-15T08:30:01.2303908Z  * [new tag]             v0.12.27                -> v0.12.27
2025-04-15T08:30:01.2305939Z  * [new tag]             v0.12.28                -> v0.12.28
2025-04-15T08:30:01.2307980Z  * [new tag]             v0.12.29                -> v0.12.29
2025-04-15T08:30:01.2309492Z  * [new tag]             v0.12.3                 -> v0.12.3
2025-04-15T08:30:01.2311746Z  * [new tag]             v0.12.30                -> v0.12.30
2025-04-15T08:30:01.2313303Z  * [new tag]             v0.12.4                 -> v0.12.4
2025-04-15T08:30:01.2315286Z  * [new tag]             v0.12.5                 -> v0.12.5
2025-04-15T08:30:01.2316822Z  * [new tag]             v0.12.6                 -> v0.12.6
2025-04-15T08:30:01.2318805Z  * [new tag]             v0.12.7                 -> v0.12.7
2025-04-15T08:30:01.2320636Z  * [new tag]             v0.12.8                 -> v0.12.8
2025-04-15T08:30:01.2322800Z  * [new tag]             v0.12.9                 -> v0.12.9
2025-04-15T08:30:01.2324340Z  * [new tag]             v0.12.9.post1           -> v0.12.9.post1
2025-04-15T08:30:01.2326289Z  * [new tag]             v0.2.17                 -> v0.2.17
2025-04-15T08:30:01.2327824Z  * [new tag]             v0.3.0                  -> v0.3.0
2025-04-15T08:30:01.2329949Z  * [new tag]             v0.3.1                  -> v0.3.1
2025-04-15T08:30:01.2331443Z  * [new tag]             v0.3.2                  -> v0.3.2
2025-04-15T08:30:01.2333797Z  * [new tag]             v0.3.3                  -> v0.3.3
2025-04-15T08:30:01.2334884Z  * [new tag]             v0.3.4                  -> v0.3.4
2025-04-15T08:30:01.2336841Z  * [new tag]             v0.3.5                  -> v0.3.5
2025-04-15T08:30:01.2338348Z  * [new tag]             v0.3.6                  -> v0.3.6
2025-04-15T08:30:01.2340404Z  * [new tag]             v0.4.0                  -> v0.4.0
2025-04-15T08:30:01.2342152Z  * [new tag]             v0.4.1                  -> v0.4.1
2025-04-15T08:30:01.2344100Z  * [new tag]             v0.4.10                 -> v0.4.10
2025-04-15T08:30:01.2345807Z  * [new tag]             v0.4.11                 -> v0.4.11
2025-04-15T08:30:01.2347766Z  * [new tag]             v0.4.12                 -> v0.4.12
2025-04-15T08:30:01.2349290Z  * [new tag]             v0.4.13                 -> v0.4.13
2025-04-15T08:30:01.2351290Z  * [new tag]             v0.4.14                 -> v0.4.14
2025-04-15T08:30:01.2353337Z  * [new tag]             v0.4.15                 -> v0.4.15
2025-04-15T08:30:01.2354775Z  * [new tag]             v0.4.16                 -> v0.4.16
2025-04-15T08:30:01.2356811Z  * [new tag]             v0.4.17                 -> v0.4.17
2025-04-15T08:30:01.2358377Z  * [new tag]             v0.4.18                 -> v0.4.18
2025-04-15T08:30:01.2360088Z  * [new tag]             v0.4.19                 -> v0.4.19
2025-04-15T08:30:01.2361831Z  * [new tag]             v0.4.2                  -> v0.4.2
2025-04-15T08:30:01.2363516Z  * [new tag]             v0.4.20                 -> v0.4.20
2025-04-15T08:30:01.2365036Z  * [new tag]             v0.4.21                 -> v0.4.21
2025-04-15T08:30:01.2366555Z  * [new tag]             v0.4.22                 -> v0.4.22
2025-04-15T08:30:01.2368104Z  * [new tag]             v0.4.22.post1           -> v0.4.22.post1
2025-04-15T08:30:01.2369652Z  * [new tag]             v0.4.23                 -> v0.4.23
2025-04-15T08:30:01.2371293Z  * [new tag]             v0.4.24                 -> v0.4.24
2025-04-15T08:30:01.2373004Z  * [new tag]             v0.4.25                 -> v0.4.25
2025-04-15T08:30:01.2374500Z  * [new tag]             v0.4.26                 -> v0.4.26
2025-04-15T08:30:01.2376082Z  * [new tag]             v0.4.27                 -> v0.4.27
2025-04-15T08:30:01.2377790Z  * [new tag]             v0.4.28                 -> v0.4.28
2025-04-15T08:30:01.2379866Z  * [new tag]             v0.4.29                 -> v0.4.29
2025-04-15T08:30:01.2381336Z  * [new tag]             v0.4.3                  -> v0.4.3
2025-04-15T08:30:01.2383425Z  * [new tag]             v0.4.30                 -> v0.4.30
2025-04-15T08:30:01.2385154Z  * [new tag]             v0.4.31                 -> v0.4.31
2025-04-15T08:30:01.2386837Z  * [new tag]             v0.4.32                 -> v0.4.32
2025-04-15T08:30:01.2388699Z  * [new tag]             v0.4.33                 -> v0.4.33
2025-04-15T08:30:01.2390534Z  * [new tag]             v0.4.34                 -> v0.4.34
2025-04-15T08:30:01.2392412Z  * [new tag]             v0.4.35                 -> v0.4.35
2025-04-15T08:30:01.2394458Z  * [new tag]             v0.4.35.post1           -> v0.4.35.post1
2025-04-15T08:30:01.2396123Z  * [new tag]             v0.4.36                 -> v0.4.36
2025-04-15T08:30:01.2397972Z  * [new tag]             v0.4.37                 -> v0.4.37
2025-04-15T08:30:01.2399693Z  * [new tag]             v0.4.38                 -> v0.4.38
2025-04-15T08:30:01.2401621Z  * [new tag]             v0.4.39                 -> v0.4.39
2025-04-15T08:30:01.2403530Z  * [new tag]             v0.4.4                  -> v0.4.4
2025-04-15T08:30:01.2405395Z  * [new tag]             v0.4.40                 -> v0.4.40
2025-04-15T08:30:01.2407156Z  * [new tag]             v0.4.5                  -> v0.4.5
2025-04-15T08:30:01.2408782Z  * [new tag]             v0.4.6                  -> v0.4.6
2025-04-15T08:30:01.2410740Z  * [new tag]             v0.4.7                  -> v0.4.7
2025-04-15T08:30:01.2412634Z  * [new tag]             v0.4.8                  -> v0.4.8
2025-04-15T08:30:01.2414506Z  * [new tag]             v0.4.9                  -> v0.4.9
2025-04-15T08:30:01.2416375Z  * [new tag]             v0.5.0                  -> v0.5.0
2025-04-15T08:30:01.2418037Z  * [new tag]             v0.5.1                  -> v0.5.1
2025-04-15T08:30:01.2419964Z  * [new tag]             v0.5.10                 -> v0.5.10
2025-04-15T08:30:01.2421811Z  * [new tag]             v0.5.11                 -> v0.5.11
2025-04-15T08:30:01.2423734Z  * [new tag]             v0.5.12                 -> v0.5.12
2025-04-15T08:30:01.2425612Z  * [new tag]             v0.5.13                 -> v0.5.13
2025-04-15T08:30:01.2427290Z  * [new tag]             v0.5.13.post1           -> v0.5.13.post1
2025-04-15T08:30:01.2429214Z  * [new tag]             v0.5.15                 -> v0.5.15
2025-04-15T08:30:01.2430992Z  * [new tag]             v0.5.16                 -> v0.5.16
2025-04-15T08:30:01.2432947Z  * [new tag]             v0.5.17                 -> v0.5.17
2025-04-15T08:30:01.2434747Z  * [new tag]             v0.5.17.post1           -> v0.5.17.post1
2025-04-15T08:30:01.2436639Z  * [new tag]             v0.5.18                 -> v0.5.18
2025-04-15T08:30:01.2438310Z  * [new tag]             v0.5.19                 -> v0.5.19
2025-04-15T08:30:01.2440253Z  * [new tag]             v0.5.2                  -> v0.5.2
2025-04-15T08:30:01.2442246Z  * [new tag]             v0.5.20                 -> v0.5.20
2025-04-15T08:30:01.2444144Z  * [new tag]             v0.5.22                 -> v0.5.22
2025-04-15T08:30:01.2445845Z  * [new tag]             v0.5.23                 -> v0.5.23
2025-04-15T08:30:01.2447821Z  * [new tag]             v0.5.23.post1           -> v0.5.23.post1
2025-04-15T08:30:01.2449703Z  * [new tag]             v0.5.24                 -> v0.5.24
2025-04-15T08:30:01.2451322Z  * [new tag]             v0.5.25                 -> v0.5.25
2025-04-15T08:30:01.2453541Z  * [new tag]             v0.5.26                 -> v0.5.26
2025-04-15T08:30:01.2454956Z  * [new tag]             v0.5.27                 -> v0.5.27
2025-04-15T08:30:01.2456993Z  * [new tag]             v0.5.3                  -> v0.5.3
2025-04-15T08:30:01.2458713Z  * [new tag]             v0.5.4                  -> v0.5.4
2025-04-15T08:30:01.2460541Z  * [new tag]             v0.5.5                  -> v0.5.5
2025-04-15T08:30:01.2462746Z  * [new tag]             v0.5.6                  -> v0.5.6
2025-04-15T08:30:01.2464389Z  * [new tag]             v0.5.7                  -> v0.5.7
2025-04-15T08:30:01.2466224Z  * [new tag]             v0.5.8                  -> v0.5.8
2025-04-15T08:30:01.2468064Z  * [new tag]             v0.5.9                  -> v0.5.9
2025-04-15T08:30:01.2469984Z  * [new tag]             v0.6.0                  -> v0.6.0
2025-04-15T08:30:01.2472079Z  * [new tag]             v0.6.0.alpha1           -> v0.6.0.alpha1
2025-04-15T08:30:01.2473744Z  * [new tag]             v0.6.0.alpha2           -> v0.6.0.alpha2
2025-04-15T08:30:01.2475691Z  * [new tag]             v0.6.0.alpha3           -> v0.6.0.alpha3
2025-04-15T08:30:01.2477612Z  * [new tag]             v0.6.0.alpha4           -> v0.6.0.alpha4
2025-04-15T08:30:01.2479385Z  * [new tag]             v0.6.0.alpha5           -> v0.6.0.alpha5
2025-04-15T08:30:01.2481552Z  * [new tag]             v0.6.0.alpha6           -> v0.6.0.alpha6
2025-04-15T08:30:01.2482985Z  * [new tag]             v0.6.0.alpha7           -> v0.6.0.alpha7
2025-04-15T08:30:01.2484960Z  * [new tag]             v0.6.1                  -> v0.6.1
2025-04-15T08:30:01.2486715Z  * [new tag]             v0.6.13                 -> v0.6.13
2025-04-15T08:30:01.2488609Z  * [new tag]             v0.6.17                 -> v0.6.17
2025-04-15T08:30:01.2490478Z  * [new tag]             v0.6.2                  -> v0.6.2
2025-04-15T08:30:01.2492909Z  * [new tag]             v0.6.21                 -> v0.6.21
2025-04-15T08:30:01.2494322Z  * [new tag]             v0.6.21.post1           -> v0.6.21.post1
2025-04-15T08:30:01.2496475Z  * [new tag]             v0.6.22                 -> v0.6.22
2025-04-15T08:30:01.2499259Z  * [new tag]             v0.6.3                  -> v0.6.3
2025-04-15T08:30:01.2500475Z  * [new tag]             v0.6.37                 -> v0.6.37
2025-04-15T08:30:01.2502829Z  * [new tag]             v0.7.10                 -> v0.7.10
2025-04-15T08:30:01.2504073Z  * [new tag]             v0.7.11                 -> v0.7.11
2025-04-15T08:30:01.2506135Z  * [new tag]             v0.7.11.post1           -> v0.7.11.post1
2025-04-15T08:30:01.2507436Z  * [new tag]             v0.7.12                 -> v0.7.12
2025-04-15T08:30:01.2509554Z  * [new tag]             v0.7.13                 -> v0.7.13
2025-04-15T08:30:01.2511015Z  * [new tag]             v0.7.14                 -> v0.7.14
2025-04-15T08:30:01.2512962Z  * [new tag]             v0.7.19                 -> v0.7.19
2025-04-15T08:30:01.2514695Z  * [new tag]             v0.7.20                 -> v0.7.20
2025-04-15T08:30:01.2516607Z  * [new tag]             v0.7.24.post1           -> v0.7.24.post1
2025-04-15T08:30:01.2518406Z  * [new tag]             v0.7.9                  -> v0.7.9
2025-04-15T08:30:01.2520116Z  * [new tag]             v0.8.1.post1            -> v0.8.1.post1
2025-04-15T08:30:01.2522217Z  * [new tag]             v0.8.10                 -> v0.8.10
2025-04-15T08:30:01.2524018Z  * [new tag]             v0.8.11.post1           -> v0.8.11.post1
2025-04-15T08:30:01.2526004Z  * [new tag]             v0.8.11.post2           -> v0.8.11.post2
2025-04-15T08:30:01.2527829Z  * [new tag]             v0.8.11.post3           -> v0.8.11.post3
2025-04-15T08:30:01.2529650Z  * [new tag]             v0.8.12                 -> v0.8.12
2025-04-15T08:30:01.2531276Z  * [new tag]             v0.8.13                 -> v0.8.13
2025-04-15T08:30:01.2533358Z  * [new tag]             v0.8.14                 -> v0.8.14
2025-04-15T08:30:01.2534734Z  * [new tag]             v0.8.15                 -> v0.8.15
2025-04-15T08:30:01.2536696Z  * [new tag]             v0.8.16                 -> v0.8.16
2025-04-15T08:30:01.2538216Z  * [new tag]             v0.8.17                 -> v0.8.17
2025-04-15T08:30:01.2540154Z  * [new tag]             v0.8.18                 -> v0.8.18
2025-04-15T08:30:01.2542081Z  * [new tag]             v0.8.19                 -> v0.8.19
2025-04-15T08:30:01.2544062Z  * [new tag]             v0.8.2                  -> v0.8.2
2025-04-15T08:30:01.2545826Z  * [new tag]             v0.8.2.post1            -> v0.8.2.post1
2025-04-15T08:30:01.2547624Z  * [new tag]             v0.8.20                 -> v0.8.20
2025-04-15T08:30:01.2549063Z  * [new tag]             v0.8.21                 -> v0.8.21
2025-04-15T08:30:01.2551185Z  * [new tag]             v0.8.22                 -> v0.8.22
2025-04-15T08:30:01.2552826Z  * [new tag]             v0.8.23                 -> v0.8.23
2025-04-15T08:30:01.2554874Z  * [new tag]             v0.8.23.post1           -> v0.8.23.post1
2025-04-15T08:30:01.2556349Z  * [new tag]             v0.8.24                 -> v0.8.24
2025-04-15T08:30:01.2558434Z  * [new tag]             v0.8.24.post1           -> v0.8.24.post1
2025-04-15T08:30:01.2559924Z  * [new tag]             v0.8.25                 -> v0.8.25
2025-04-15T08:30:01.2562104Z  * [new tag]             v0.8.26                 -> v0.8.26
2025-04-15T08:30:01.2563643Z  * [new tag]             v0.8.26.post1           -> v0.8.26.post1
2025-04-15T08:30:01.2565405Z  * [new tag]             v0.8.27                 -> v0.8.27
2025-04-15T08:30:01.2567112Z  * [new tag]             v0.8.28                 -> v0.8.28
2025-04-15T08:30:01.2568584Z  * [new tag]             v0.8.28.alpha1          -> v0.8.28.alpha1
2025-04-15T08:30:01.2570220Z  * [new tag]             v0.8.29                 -> v0.8.29
2025-04-15T08:30:01.2571980Z  * [new tag]             v0.8.29.post1           -> v0.8.29.post1
2025-04-15T08:30:01.2573639Z  * [new tag]             v0.8.3                  -> v0.8.3
2025-04-15T08:30:01.2575265Z  * [new tag]             v0.8.30                 -> v0.8.30
2025-04-15T08:30:01.2576814Z  * [new tag]             v0.8.31                 -> v0.8.31
2025-04-15T08:30:01.2578417Z  * [new tag]             v0.8.32                 -> v0.8.32
2025-04-15T08:30:01.2579970Z  * [new tag]             v0.8.33                 -> v0.8.33
2025-04-15T08:30:01.2581817Z  * [new tag]             v0.8.34                 -> v0.8.34
2025-04-15T08:30:01.2583438Z  * [new tag]             v0.8.35                 -> v0.8.35
2025-04-15T08:30:01.2585030Z  * [new tag]             v0.8.36                 -> v0.8.36
2025-04-15T08:30:01.2586566Z  * [new tag]             v0.8.37                 -> v0.8.37
2025-04-15T08:30:01.2588232Z  * [new tag]             v0.8.38                 -> v0.8.38
2025-04-15T08:30:01.2590173Z  * [new tag]             v0.8.39                 -> v0.8.39
2025-04-15T08:30:01.2591728Z  * [new tag]             v0.8.39.post1           -> v0.8.39.post1
2025-04-15T08:30:01.2593725Z  * [new tag]             v0.8.39.post2           -> v0.8.39.post2
2025-04-15T08:30:01.2595593Z  * [new tag]             v0.8.4                  -> v0.8.4
2025-04-15T08:30:01.2597425Z  * [new tag]             v0.8.40                 -> v0.8.40
2025-04-15T08:30:01.2599196Z  * [new tag]             v0.8.41                 -> v0.8.41
2025-04-15T08:30:01.2601292Z  * [new tag]             v0.8.42                 -> v0.8.42
2025-04-15T08:30:01.2603234Z  * [new tag]             v0.8.43                 -> v0.8.43
2025-04-15T08:30:01.2605119Z  * [new tag]             v0.8.43.post1           -> v0.8.43.post1
2025-04-15T08:30:01.2606851Z  * [new tag]             v0.8.44                 -> v0.8.44
2025-04-15T08:30:01.2609028Z  * [new tag]             v0.8.45                 -> v0.8.45
2025-04-15T08:30:01.2610505Z  * [new tag]             v0.8.45.post1           -> v0.8.45.post1
2025-04-15T08:30:01.2612872Z  * [new tag]             v0.8.46                 -> v0.8.46
2025-04-15T08:30:01.2614768Z  * [new tag]             v0.8.47                 -> v0.8.47
2025-04-15T08:30:01.2616647Z  * [new tag]             v0.8.48                 -> v0.8.48
2025-04-15T08:30:01.2618564Z  * [new tag]             v0.8.49                 -> v0.8.49
2025-04-15T08:30:01.2620435Z  * [new tag]             v0.8.5.post1            -> v0.8.5.post1
2025-04-15T08:30:01.2622827Z  * [new tag]             v0.8.50                 -> v0.8.50
2025-04-15T08:30:01.2624101Z  * [new tag]             v0.8.51                 -> v0.8.51
2025-04-15T08:30:01.2625388Z  * [new tag]             v0.8.51.post1           -> v0.8.51.post1
2025-04-15T08:30:01.2626844Z  * [new tag]             v0.8.52                 -> v0.8.52
2025-04-15T08:30:01.2627806Z  * [new tag]             v0.8.53                 -> v0.8.53
2025-04-15T08:30:01.2629246Z  * [new tag]             v0.8.53.post1           -> v0.8.53.post1
2025-04-15T08:30:01.2630480Z  * [new tag]             v0.8.53.post3           -> v0.8.53.post3
2025-04-15T08:30:01.2631995Z  * [new tag]             v0.8.54                 -> v0.8.54
2025-04-15T08:30:01.2633213Z  * [new tag]             v0.8.55                 -> v0.8.55
2025-04-15T08:30:01.2634518Z  * [new tag]             v0.8.56                 -> v0.8.56
2025-04-15T08:30:01.2635898Z  * [new tag]             v0.8.57                 -> v0.8.57
2025-04-15T08:30:01.2637245Z  * [new tag]             v0.8.58                 -> v0.8.58
2025-04-15T08:30:01.2638468Z  * [new tag]             v0.8.59                 -> v0.8.59
2025-04-15T08:30:01.2639708Z  * [new tag]             v0.8.61                 -> v0.8.61
2025-04-15T08:30:01.2641184Z  * [new tag]             v0.8.62                 -> v0.8.62
2025-04-15T08:30:01.2642636Z  * [new tag]             v0.8.62.post1           -> v0.8.62.post1
2025-04-15T08:30:01.2643918Z  * [new tag]             v0.8.63                 -> v0.8.63
2025-04-15T08:30:01.2645238Z  * [new tag]             v0.8.63.post1           -> v0.8.63.post1
2025-04-15T08:30:01.2646490Z  * [new tag]             v0.8.63.post2           -> v0.8.63.post2
2025-04-15T08:30:01.2647781Z  * [new tag]             v0.8.64                 -> v0.8.64
2025-04-15T08:30:01.2649099Z  * [new tag]             v0.8.64.post1           -> v0.8.64.post1
2025-04-15T08:30:01.2650345Z  * [new tag]             v0.8.65                 -> v0.8.65
2025-04-15T08:30:01.2651816Z  * [new tag]             v0.8.66                 -> v0.8.66
2025-04-15T08:30:01.2653200Z  * [new tag]             v0.8.67                 -> v0.8.67
2025-04-15T08:30:01.2654392Z  * [new tag]             v0.8.68                 -> v0.8.68
2025-04-15T08:30:01.2655744Z  * [new tag]             v0.8.69                 -> v0.8.69
2025-04-15T08:30:01.2657090Z  * [new tag]             v0.8.69.post1           -> v0.8.69.post1
2025-04-15T08:30:01.2658391Z  * [new tag]             v0.8.69.post2           -> v0.8.69.post2
2025-04-15T08:30:01.2659758Z  * [new tag]             v0.8.7                  -> v0.8.7
2025-04-15T08:30:01.2661183Z  * [new tag]             v0.9.0                  -> v0.9.0
2025-04-15T08:30:01.2662605Z  * [new tag]             v0.9.0.post1            -> v0.9.0.post1
2025-04-15T08:30:01.2663820Z  * [new tag]             v0.9.0a1                -> v0.9.0a1
2025-04-15T08:30:01.2664982Z  * [new tag]             v0.9.0a2                -> v0.9.0a2
2025-04-15T08:30:01.2666199Z  * [new tag]             v0.9.0a3                -> v0.9.0a3
2025-04-15T08:30:01.2667601Z  * [new tag]             v0.9.1                  -> v0.9.1
2025-04-15T08:30:01.2668896Z  * [new tag]             v0.9.10                 -> v0.9.10
2025-04-15T08:30:01.2670222Z  * [new tag]             v0.9.11                 -> v0.9.11
2025-04-15T08:30:01.2671783Z  * [new tag]             v0.9.11.post1           -> v0.9.11.post1
2025-04-15T08:30:01.2673018Z  * [new tag]             v0.9.12                 -> v0.9.12
2025-04-15T08:30:01.2674303Z  * [new tag]             v0.9.13                 -> v0.9.13
2025-04-15T08:30:01.2675589Z  * [new tag]             v0.9.14                 -> v0.9.14
2025-04-15T08:30:01.2676843Z  * [new tag]             v0.9.14.post1           -> v0.9.14.post1
2025-04-15T08:30:01.2678126Z  * [new tag]             v0.9.14.post2           -> v0.9.14.post2
2025-04-15T08:30:01.2679519Z  * [new tag]             v0.9.14.post3           -> v0.9.14.post3
2025-04-15T08:30:01.2680983Z  * [new tag]             v0.9.15                 -> v0.9.15
2025-04-15T08:30:01.2682391Z  * [new tag]             v0.9.15.post1           -> v0.9.15.post1
2025-04-15T08:30:01.2683752Z  * [new tag]             v0.9.15.post2           -> v0.9.15.post2
2025-04-15T08:30:01.2685016Z  * [new tag]             v0.9.16                 -> v0.9.16
2025-04-15T08:30:01.2686483Z  * [new tag]             v0.9.16.post1           -> v0.9.16.post1
2025-04-15T08:30:01.2687709Z  * [new tag]             v0.9.17                 -> v0.9.17
2025-04-15T08:30:01.2689035Z  * [new tag]             v0.9.17.dev1            -> v0.9.17.dev1
2025-04-15T08:30:01.2690311Z  * [new tag]             v0.9.18                 -> v0.9.18
2025-04-15T08:30:01.2691793Z  * [new tag]             v0.9.19                 -> v0.9.19
2025-04-15T08:30:01.2693113Z  * [new tag]             v0.9.2                  -> v0.9.2
2025-04-15T08:30:01.2694998Z  * [new tag]             v0.9.20                 -> v0.9.20
2025-04-15T08:30:01.2696298Z  * [new tag]             v0.9.21                 -> v0.9.21
2025-04-15T08:30:01.2722234Z  * [new tag]             v0.9.22                 -> v0.9.22
2025-04-15T08:30:01.2722993Z  * [new tag]             v0.9.23                 -> v0.9.23
2025-04-15T08:30:01.2723328Z  * [new tag]             v0.9.24                 -> v0.9.24
2025-04-15T08:30:01.2723639Z  * [new tag]             v0.9.25                 -> v0.9.25
2025-04-15T08:30:01.2723968Z  * [new tag]             v0.9.25.post1           -> v0.9.25.post1
2025-04-15T08:30:01.2724276Z  * [new tag]             v0.9.26                 -> v0.9.26
2025-04-15T08:30:01.2724548Z  * [new tag]             v0.9.27                 -> v0.9.27
2025-04-15T08:30:01.2724818Z  * [new tag]             v0.9.28                 -> v0.9.28
2025-04-15T08:30:01.2725107Z  * [new tag]             v0.9.28.post1           -> v0.9.28.post1
2025-04-15T08:30:01.2725595Z  * [new tag]             v0.9.28.post2           -> v0.9.28.post2
2025-04-15T08:30:01.2725878Z  * [new tag]             v0.9.29                 -> v0.9.29
2025-04-15T08:30:01.2726148Z  * [new tag]             v0.9.3                  -> v0.9.3
2025-04-15T08:30:01.2726431Z  * [new tag]             v0.9.3.post1            -> v0.9.3.post1
2025-04-15T08:30:01.2726721Z  * [new tag]             v0.9.30                 -> v0.9.30
2025-04-15T08:30:01.2726996Z  * [new tag]             v0.9.31                 -> v0.9.31
2025-04-15T08:30:01.2727265Z  * [new tag]             v0.9.32                 -> v0.9.32
2025-04-15T08:30:01.2727528Z  * [new tag]             v0.9.33                 -> v0.9.33
2025-04-15T08:30:01.2727786Z  * [new tag]             v0.9.34                 -> v0.9.34
2025-04-15T08:30:01.2728044Z  * [new tag]             v0.9.35                 -> v0.9.35
2025-04-15T08:30:01.2728317Z  * [new tag]             v0.9.36                 -> v0.9.36
2025-04-15T08:30:01.2728588Z  * [new tag]             v0.9.37                 -> v0.9.37
2025-04-15T08:30:01.2728871Z  * [new tag]             v0.9.37.post1           -> v0.9.37.post1
2025-04-15T08:30:01.2729157Z  * [new tag]             v0.9.38                 -> v0.9.38
2025-04-15T08:30:01.2730060Z  * [new tag]             v0.9.39                 -> v0.9.39
2025-04-15T08:30:01.2731534Z  * [new tag]             v0.9.4                  -> v0.9.4
2025-04-15T08:30:01.2733021Z  * [new tag]             v0.9.40                 -> v0.9.40
2025-04-15T08:30:01.2734402Z  * [new tag]             v0.9.41                 -> v0.9.41
2025-04-15T08:30:01.2735762Z  * [new tag]             v0.9.42                 -> v0.9.42
2025-04-15T08:30:01.2737198Z  * [new tag]             v0.9.42.post1           -> v0.9.42.post1
2025-04-15T08:30:01.2738604Z  * [new tag]             v0.9.42.post2           -> v0.9.42.post2
2025-04-15T08:30:01.2739899Z  * [new tag]             v0.9.43                 -> v0.9.43
2025-04-15T08:30:01.2741366Z  * [new tag]             v0.9.44                 -> v0.9.44
2025-04-15T08:30:01.2742724Z  * [new tag]             v0.9.45                 -> v0.9.45
2025-04-15T08:30:01.2744151Z  * [new tag]             v0.9.45.post1           -> v0.9.45.post1
2025-04-15T08:30:01.2745614Z  * [new tag]             v0.9.46                 -> v0.9.46
2025-04-15T08:30:01.2747022Z  * [new tag]             v0.9.47                 -> v0.9.47
2025-04-15T08:30:01.2748381Z  * [new tag]             v0.9.48                 -> v0.9.48
2025-04-15T08:30:01.2749895Z  * [new tag]             v0.9.5                  -> v0.9.5
2025-04-15T08:30:01.2751054Z  * [new tag]             v0.9.6                  -> v0.9.6
2025-04-15T08:30:01.2752596Z  * [new tag]             v0.9.6.post1            -> v0.9.6.post1
2025-04-15T08:30:01.2753968Z  * [new tag]             v0.9.6.post2            -> v0.9.6.post2
2025-04-15T08:30:01.2755313Z  * [new tag]             v0.9.7                  -> v0.9.7
2025-04-15T08:30:01.2756673Z  * [new tag]             v0.9.8                  -> v0.9.8
2025-04-15T08:30:01.2758103Z  * [new tag]             v0.9.8.post1            -> v0.9.8.post1
2025-04-15T08:30:01.2759468Z  * [new tag]             v0.9.9                  -> v0.9.9
2025-04-15T08:30:01.2762676Z  * [new ref]             42c63d66091fa888898671e92124ea555a1af290 -> pull/18460/merge
2025-04-15T08:30:01.2871448Z ##[endgroup]
2025-04-15T08:30:01.2871873Z ##[group]Determining the checkout info
2025-04-15T08:30:01.2872596Z ##[endgroup]
2025-04-15T08:30:01.2878774Z [command]/usr/bin/git sparse-checkout disable
2025-04-15T08:30:01.2958367Z [command]/usr/bin/git config --local --unset-all extensions.worktreeConfig
2025-04-15T08:30:01.2986244Z ##[group]Checking out the ref
2025-04-15T08:30:01.2990671Z [command]/usr/bin/git checkout --progress --force refs/remotes/pull/18460/merge
2025-04-15T08:30:02.3208493Z Updating files:  67% (8142/12035)
2025-04-15T08:30:02.3260043Z Updating files:  68% (8184/12035)
2025-04-15T08:30:02.3308314Z Updating files:  69% (8305/12035)
2025-04-15T08:30:02.3359933Z Updating files:  70% (8425/12035)
2025-04-15T08:30:02.3415162Z Updating files:  71% (8545/12035)
2025-04-15T08:30:02.3471700Z Updating files:  72% (8666/12035)
2025-04-15T08:30:02.3525162Z Updating files:  73% (8786/12035)
2025-04-15T08:30:02.3578548Z Updating files:  74% (8906/12035)
2025-04-15T08:30:02.3634072Z Updating files:  75% (9027/12035)
2025-04-15T08:30:02.3686576Z Updating files:  76% (9147/12035)
2025-04-15T08:30:02.3744171Z Updating files:  77% (9267/12035)
2025-04-15T08:30:02.3801513Z Updating files:  78% (9388/12035)
2025-04-15T08:30:02.4001835Z Updating files:  79% (9508/12035)
2025-04-15T08:30:02.4081092Z Updating files:  80% (9628/12035)
2025-04-15T08:30:02.4137135Z Updating files:  81% (9749/12035)
2025-04-15T08:30:02.4207535Z Updating files:  82% (9869/12035)
2025-04-15T08:30:02.4260241Z Updating files:  83% (9990/12035)
2025-04-15T08:30:02.4312158Z Updating files:  84% (10110/12035)
2025-04-15T08:30:02.4364987Z Updating files:  85% (10230/12035)
2025-04-15T08:30:02.4421428Z Updating files:  86% (10351/12035)
2025-04-15T08:30:02.4477274Z Updating files:  87% (10471/12035)
2025-04-15T08:30:02.4528077Z Updating files:  88% (10591/12035)
2025-04-15T08:30:02.4580472Z Updating files:  89% (10712/12035)
2025-04-15T08:30:02.4661361Z Updating files:  90% (10832/12035)
2025-04-15T08:30:02.4723934Z Updating files:  91% (10952/12035)
2025-04-15T08:30:02.4780109Z Updating files:  92% (11073/12035)
2025-04-15T08:30:02.4832164Z Updating files:  93% (11193/12035)
2025-04-15T08:30:02.5122508Z Updating files:  94% (11313/12035)
2025-04-15T08:30:02.5181446Z Updating files:  95% (11434/12035)
2025-04-15T08:30:02.5349113Z Updating files:  96% (11554/12035)
2025-04-15T08:30:02.6011267Z Updating files:  97% (11674/12035)
2025-04-15T08:30:02.6066032Z Updating files:  98% (11795/12035)
2025-04-15T08:30:02.6132835Z Updating files:  99% (11915/12035)
2025-04-15T08:30:02.6133259Z Updating files: 100% (12035/12035)
2025-04-15T08:30:02.6133537Z Updating files: 100% (12035/12035), done.
2025-04-15T08:30:02.6315766Z Note: switching to 'refs/remotes/pull/18460/merge'.
2025-04-15T08:30:02.6316238Z 
2025-04-15T08:30:02.6316619Z You are in 'detached HEAD' state. You can look around, make experimental
2025-04-15T08:30:02.6317393Z changes and commit them, and you can discard any commits you make in this
2025-04-15T08:30:02.6318344Z state without impacting any branches by switching back to a branch.
2025-04-15T08:30:02.6318930Z 
2025-04-15T08:30:02.6319302Z If you want to create a new branch to retain commits you create, you may
2025-04-15T08:30:02.6320156Z do so (now or later) by using -c with the switch command. Example:
2025-04-15T08:30:02.6320509Z 
2025-04-15T08:30:02.6320647Z   git switch -c <new-branch-name>
2025-04-15T08:30:02.6321169Z 
2025-04-15T08:30:02.6321307Z Or undo this operation with:
2025-04-15T08:30:02.6321527Z 
2025-04-15T08:30:02.6321637Z   git switch -
2025-04-15T08:30:02.6321798Z 
2025-04-15T08:30:02.6322100Z Turn off this advice by setting config variable advice.detachedHead to false
2025-04-15T08:30:02.6322513Z 
2025-04-15T08:30:02.6322956Z HEAD is now at 42c63d660 Merge 3499e34df3b2f190d467a975fb7064a8744a0c86 into 8e2ef85ad3f89b08d9010b6f933ad84a6b649639
2025-04-15T08:30:02.6405547Z ##[endgroup]
2025-04-15T08:30:02.6445881Z [command]/usr/bin/git log -1 --format=%H
2025-04-15T08:30:02.6467907Z 42c63d66091fa888898671e92124ea555a1af290
2025-04-15T08:30:02.6583281Z ##[group]Run pipx install poetry==1.8.3
2025-04-15T08:30:02.6583608Z [36;1mpipx install poetry==1.8.3[0m
2025-04-15T08:30:02.6632119Z shell: /usr/bin/bash -e {0}
2025-04-15T08:30:02.6632359Z env:
2025-04-15T08:30:02.6632547Z   POETRY_VERSION: 1.8.3
2025-04-15T08:30:02.6632769Z   SYSTEM_VERSION_COMPAT: 1
2025-04-15T08:30:02.6632975Z ##[endgroup]
2025-04-15T08:30:03.1904070Z creating virtual environment...
2025-04-15T08:30:03.4014567Z installing poetry from spec 'poetry==1.8.3'...
2025-04-15T08:30:11.6412476Z done! ✨ 🌟 ✨
2025-04-15T08:30:11.6412919Z   installed package poetry 1.8.3, installed using Python 3.12.3
2025-04-15T08:30:11.6413717Z   These apps are now globally available
2025-04-15T08:30:11.6414075Z     - poetry
2025-04-15T08:30:11.6663053Z ##[group]Run actions/setup-python@v5
2025-04-15T08:30:11.6663325Z with:
2025-04-15T08:30:11.6663503Z   python-version: 3.9
2025-04-15T08:30:11.6663708Z   check-latest: false
2025-04-15T08:30:11.6664111Z   token: ***
2025-04-15T08:30:11.6664308Z   update-environment: true
2025-04-15T08:30:11.6664536Z   allow-prereleases: false
2025-04-15T08:30:11.6664740Z   freethreaded: false
2025-04-15T08:30:11.6664929Z env:
2025-04-15T08:30:11.6665096Z   POETRY_VERSION: 1.8.3
2025-04-15T08:30:11.6665305Z   SYSTEM_VERSION_COMPAT: 1
2025-04-15T08:30:11.6665504Z ##[endgroup]
2025-04-15T08:30:11.8291050Z ##[group]Installed versions
2025-04-15T08:30:11.8300010Z Version 3.9 was not found in the local cache
2025-04-15T08:30:12.2381555Z Version 3.9 is available for downloading
2025-04-15T08:30:12.2383051Z Download from "https://github.com/actions/python-versions/releases/download/3.9.22-14344111503/python-3.9.22-linux-24.04-x64.tar.gz"
2025-04-15T08:30:12.7902777Z Extract downloaded archive
2025-04-15T08:30:12.8003638Z [command]/usr/bin/tar xz --warning=no-unknown-keyword --overwrite -C /home/runner/work/_temp/8d42f869-4e97-45c8-b2a1-0d24886c1999 -f /home/runner/work/_temp/edad0539-746e-453e-85fb-8b61971f60e0
2025-04-15T08:30:14.1101260Z Execute installation script
2025-04-15T08:30:14.1194326Z Check if Python hostedtoolcache folder exist...
2025-04-15T08:30:14.1194934Z Creating Python hostedtoolcache folder...
2025-04-15T08:30:14.1207074Z Create Python 3.9.22 folder
2025-04-15T08:30:14.1220507Z Copy Python binaries to hostedtoolcache folder
2025-04-15T08:30:14.5935538Z Create additional symlinks (Required for the UsePythonVersion Azure Pipelines task and the setup-python GitHub Action)
2025-04-15T08:30:14.5977877Z Upgrading pip...
2025-04-15T08:30:17.0522201Z Looking in links: /tmp/tmpe3_3ymjh
2025-04-15T08:30:17.0526827Z Requirement already satisfied: setuptools in /opt/hostedtoolcache/Python/3.9.22/x64/lib/python3.9/site-packages (58.1.0)
2025-04-15T08:30:17.0531555Z Requirement already satisfied: pip in /opt/hostedtoolcache/Python/3.9.22/x64/lib/python3.9/site-packages (23.0.1)
2025-04-15T08:30:18.6648828Z Collecting pip
2025-04-15T08:30:18.6961666Z Downloading pip-25.0.1-py3-none-any.whl (1.8 MB)
2025-04-15T08:30:18.7423409Z ━━━━━━━━━━━━━━━━━━━━━━━━━━━━━━━━━━━━━━━━ 1.8/1.8 MB 42.2 MB/s eta 0:00:00
2025-04-15T08:30:18.7423774Z 
2025-04-15T08:30:18.7749014Z Installing collected packages: pip
2025-04-15T08:30:18.7749893Z Attempting uninstall: pip
2025-04-15T08:30:18.7756222Z Found existing installation: pip 23.0.1
2025-04-15T08:30:18.9562618Z Uninstalling pip-23.0.1:
2025-04-15T08:30:18.9631840Z Successfully uninstalled pip-23.0.1
2025-04-15T08:30:19.7890124Z Successfully installed pip-25.0.1
2025-04-15T08:30:19.8375446Z Create complete file
2025-04-15T08:30:19.8413543Z Successfully set up CPython (3.9.22)
2025-04-15T08:30:19.8414822Z ##[endgroup]
2025-04-15T08:30:19.8547803Z ##[group]Run curl --proto '=https' --tlsv1.2 -fsSLO https://static.pantsbuild.org/setup/get-pants.sh
2025-04-15T08:30:19.8548508Z [36;1mcurl --proto '=https' --tlsv1.2 -fsSLO https://static.pantsbuild.org/setup/get-pants.sh[0m
2025-04-15T08:30:19.8548948Z [36;1mchmod +x get-pants.sh[0m
2025-04-15T08:30:19.8549188Z [36;1m./get-pants.sh[0m
2025-04-15T08:30:19.8601390Z shell: /usr/bin/bash -e {0}
2025-04-15T08:30:19.8601659Z env:
2025-04-15T08:30:19.8601858Z   POETRY_VERSION: 1.8.3
2025-04-15T08:30:19.8602088Z   SYSTEM_VERSION_COMPAT: 1
2025-04-15T08:30:19.8602372Z   pythonLocation: /opt/hostedtoolcache/Python/3.9.22/x64
2025-04-15T08:30:19.8602808Z   PKG_CONFIG_PATH: /opt/hostedtoolcache/Python/3.9.22/x64/lib/pkgconfig
2025-04-15T08:30:19.8603210Z   Python_ROOT_DIR: /opt/hostedtoolcache/Python/3.9.22/x64
2025-04-15T08:30:19.8603556Z   Python2_ROOT_DIR: /opt/hostedtoolcache/Python/3.9.22/x64
2025-04-15T08:30:19.8603935Z   Python3_ROOT_DIR: /opt/hostedtoolcache/Python/3.9.22/x64
2025-04-15T08:30:19.8604278Z   LD_LIBRARY_PATH: /opt/hostedtoolcache/Python/3.9.22/x64/lib
2025-04-15T08:30:19.8604741Z ##[endgroup]
2025-04-15T08:30:20.3999944Z Downloading and installing the pants launcher ...
2025-04-15T08:30:21.1589458Z [32mInstalled the pants launcher from https://github.com/pantsbuild/scie-pants/releases/latest/download/scie-pants-linux-x86_64 to /home/runner/.local/bin/pants[0m
2025-04-15T08:30:21.1591047Z [32m
2025-04-15T08:30:21.1591597Z Running `pants` in a Pants-enabled repo will use the version of Pants configured for that repo.[0m
2025-04-15T08:30:21.1592357Z [32mIn a repo not yet Pants-enabled, it will prompt you to set up Pants for that repo.[0m
2025-04-15T08:30:21.1643941Z ##[group]Run pants tailor --check :: -docs/::
2025-04-15T08:30:21.1644278Z [36;1mpants tailor --check :: -docs/::[0m
2025-04-15T08:30:21.1691350Z shell: /usr/bin/bash -e {0}
2025-04-15T08:30:21.1691576Z env:
2025-04-15T08:30:21.1691755Z   POETRY_VERSION: 1.8.3
2025-04-15T08:30:21.1691967Z   SYSTEM_VERSION_COMPAT: 1
2025-04-15T08:30:21.1692245Z   pythonLocation: /opt/hostedtoolcache/Python/3.9.22/x64
2025-04-15T08:30:21.1692665Z   PKG_CONFIG_PATH: /opt/hostedtoolcache/Python/3.9.22/x64/lib/pkgconfig
2025-04-15T08:30:21.1693039Z   Python_ROOT_DIR: /opt/hostedtoolcache/Python/3.9.22/x64
2025-04-15T08:30:21.1693379Z   Python2_ROOT_DIR: /opt/hostedtoolcache/Python/3.9.22/x64
2025-04-15T08:30:21.1693710Z   Python3_ROOT_DIR: /opt/hostedtoolcache/Python/3.9.22/x64
2025-04-15T08:30:21.1694049Z   LD_LIBRARY_PATH: /opt/hostedtoolcache/Python/3.9.22/x64/lib
2025-04-15T08:30:21.1694335Z ##[endgroup]
2025-04-15T08:30:26.0508086Z [32mBootstrapping Pants 2.25.0[0m
2025-04-15T08:30:26.0509784Z [32mInstalling pantsbuild.pants==2.25.0 into a virtual environment at /home/runner/.cache/nce/6d61748cea187199dc28418157b2121ccbbb44e4af2ee6fddf8c04bbed73f76d/bindings/venvs/2.25.0[0m
2025-04-15T08:30:36.2427479Z [32mNew virtual environment successfully created at /home/runner/.cache/nce/6d61748cea187199dc28418157b2121ccbbb44e4af2ee6fddf8c04bbed73f76d/bindings/venvs/2.25.0[0m
2025-04-15T08:30:40.7990498Z 08:30:40.79 [INFO] Initializing scheduler...
2025-04-15T08:30:42.5794298Z 08:30:42.57 [INFO] Scheduler initialized.
2025-04-15T08:30:56.5340075Z ##[group]Run # Get the changed files
2025-04-15T08:30:56.5340413Z [36;1m# Get the changed files[0m
2025-04-15T08:30:56.5340719Z [36;1mCHANGED_FILES=$(pants list --changed-since=origin/main)[0m
2025-04-15T08:30:56.5341181Z [36;1m[0m
2025-04-15T08:30:56.5341393Z [36;1m# Find which roots contain changed files[0m
2025-04-15T08:30:56.5341677Z [36;1mCHANGED_ROOTS=""[0m
2025-04-15T08:30:56.5341900Z [36;1mFILTER_PATTERNS="["[0m
2025-04-15T08:30:56.5342134Z [36;1mfor file in $CHANGED_FILES; do[0m
2025-04-15T08:30:56.5342383Z [36;1m  # Start with the full path[0m
2025-04-15T08:30:56.5342621Z [36;1m  root="$file"[0m
2025-04-15T08:30:56.5342968Z [36;1m  # Keep going up the directory tree until we find a directory containing a marker file[0m
2025-04-15T08:30:56.5343389Z [36;1m  # (e.g., 'pyproject.toml' for python projects)[0m
2025-04-15T08:30:56.5343825Z [36;1m  while [[ ! -f "$root/pyproject.toml" && "$root" != "." && "$root" != "/" && "$root" != "./" ]]; do[0m
2025-04-15T08:30:56.5344222Z [36;1m    root=$(dirname "$root")[0m
2025-04-15T08:30:56.5344448Z [36;1m  done[0m
2025-04-15T08:30:56.5344615Z [36;1m[0m
2025-04-15T08:30:56.5344868Z [36;1m  if [[ "$root" != "." && "$root" != "/" && "$root" != "./" && ! "$FILTER_PATTERNS" =~ "$root" ]]; then[0m
2025-04-15T08:30:56.5345262Z [36;1m    FILTER_PATTERNS="${FILTER_PATTERNS}'${root}/llama_index',"[0m
2025-04-15T08:30:56.5345614Z [36;1m    CHANGED_ROOTS="${CHANGED_ROOTS} ${root}/::"[0m
2025-04-15T08:30:56.5345875Z [36;1m  fi[0m
2025-04-15T08:30:56.5346044Z [36;1mdone[0m
2025-04-15T08:30:56.5346207Z [36;1m[0m
2025-04-15T08:30:56.5346417Z [36;1m# remove the last comma and close the bracket[0m
2025-04-15T08:30:56.5346717Z [36;1mFILTER_PATTERNS="${FILTER_PATTERNS%,}]"[0m
2025-04-15T08:30:56.5346964Z [36;1m[0m
2025-04-15T08:30:56.5347187Z [36;1mecho "Coverage filter patterns: $FILTER_PATTERNS"[0m
2025-04-15T08:30:56.5347655Z [36;1mecho "Changed roots: $CHANGED_ROOTS"[0m
2025-04-15T08:30:56.5347899Z [36;1m[0m
2025-04-15T08:30:56.5348108Z [36;1mpants --level=error --no-local-cache test \[0m
2025-04-15T08:30:56.5348394Z [36;1m  --test-use-coverage \[0m
2025-04-15T08:30:56.5348666Z [36;1m  --coverage-py-filter="${FILTER_PATTERNS}" \[0m
2025-04-15T08:30:56.5348935Z [36;1m  ${CHANGED_ROOTS}[0m
2025-04-15T08:30:56.5396836Z shell: /usr/bin/bash -e {0}
2025-04-15T08:30:56.5397071Z env:
2025-04-15T08:30:56.5397248Z   POETRY_VERSION: 1.8.3
2025-04-15T08:30:56.5397451Z   SYSTEM_VERSION_COMPAT: 1
2025-04-15T08:30:56.5397726Z   pythonLocation: /opt/hostedtoolcache/Python/3.9.22/x64
2025-04-15T08:30:56.5398121Z   PKG_CONFIG_PATH: /opt/hostedtoolcache/Python/3.9.22/x64/lib/pkgconfig
2025-04-15T08:30:56.5398496Z   Python_ROOT_DIR: /opt/hostedtoolcache/Python/3.9.22/x64
2025-04-15T08:30:56.5398833Z   Python2_ROOT_DIR: /opt/hostedtoolcache/Python/3.9.22/x64
2025-04-15T08:30:56.5399170Z   Python3_ROOT_DIR: /opt/hostedtoolcache/Python/3.9.22/x64
2025-04-15T08:30:56.5399505Z   LD_LIBRARY_PATH: /opt/hostedtoolcache/Python/3.9.22/x64/lib
2025-04-15T08:30:56.5399790Z ##[endgroup]
2025-04-15T08:30:59.9390442Z Coverage filter patterns: ['llama-index-integrations/vector_stores/llama-index-vector-stores-milvus/llama_index']
2025-04-15T08:30:59.9391677Z Changed roots:  llama-index-integrations/vector_stores/llama-index-vector-stores-milvus/::
2025-04-15T08:42:54.9211390Z 
2025-04-15T08:42:54.9212821Z ✓ llama-index-integrations/vector_stores/llama-index-vector-stores-milvus/tests/test_vector_stores_milvus.py succeeded in 19.59s.
2025-04-15T08:43:05.0483221Z 
2025-04-15T08:43:05.0483868Z Name                                                                                                                   Stmts   Miss  Cover
2025-04-15T08:43:05.0484659Z ------------------------------------------------------------------------------------------------------------------------------------------
2025-04-15T08:43:05.0486306Z llama-index-integrations/vector_stores/llama-index-vector-stores-milvus/llama_index/vector_stores/milvus/__init__.py       2      0   100%
2025-04-15T08:43:05.0487907Z llama-index-integrations/vector_stores/llama-index-vector-stores-milvus/llama_index/vector_stores/milvus/base.py         523    108    79%
2025-04-15T08:43:05.0489510Z llama-index-integrations/vector_stores/llama-index-vector-stores-milvus/llama_index/vector_stores/milvus/utils.py        138     34    75%
2025-04-15T08:43:05.0490722Z ------------------------------------------------------------------------------------------------------------------------------------------
2025-04-15T08:43:05.0491651Z TOTAL                                                                                                                    663    142    79%
2025-04-15T08:43:05.0492024Z 
2025-04-15T08:43:05.1481038Z 
2025-04-15T08:43:05.1481619Z Wrote html coverage report to `dist/coverage/python`
2025-04-15T08:43:05.1561680Z 
2025-04-15T08:43:05.1562119Z Wrote xml coverage report to `dist/coverage/python`
2025-04-15T08:43:05.3692827Z Post job cleanup.
2025-04-15T08:43:05.5251693Z Post job cleanup.
2025-04-15T08:43:05.6164960Z [command]/usr/bin/git version
2025-04-15T08:43:05.6200938Z git version 2.49.0
2025-04-15T08:43:05.6246608Z Temporarily overriding HOME='/home/runner/work/_temp/32b49ffe-0e1a-4829-8c87-c5463e352671' before making global git config changes
2025-04-15T08:43:05.6247494Z Adding repository directory to the temporary git global config as a safe directory
2025-04-15T08:43:05.6251585Z [command]/usr/bin/git config --global --add safe.directory /home/runner/work/llama_index/llama_index
2025-04-15T08:43:05.6284886Z [command]/usr/bin/git config --local --name-only --get-regexp core\.sshCommand
2025-04-15T08:43:05.6316540Z [command]/usr/bin/git submodule foreach --recursive sh -c "git config --local --name-only --get-regexp 'core\.sshCommand' && git config --local --unset-all 'core.sshCommand' || :"
2025-04-15T08:43:05.6565019Z [command]/usr/bin/git config --local --name-only --get-regexp http\.https\:\/\/github\.com\/\.extraheader
2025-04-15T08:43:05.6586435Z http.https://github.com/.extraheader
2025-04-15T08:43:05.6597895Z [command]/usr/bin/git config --local --unset-all http.https://github.com/.extraheader
2025-04-15T08:43:05.6628117Z [command]/usr/bin/git submodule foreach --recursive sh -c "git config --local --name-only --get-regexp 'http\.https\:\/\/github\.com\/\.extraheader' && git config --local --unset-all 'http.https://github.com/.extraheader' || :"
2025-04-15T08:43:05.6967342Z Cleaning up orphan processes
