2025-02-11T00:36:42.3565823Z Requested labels: ubuntu-latest
2025-02-11T00:36:42.3566185Z Job defined at: alpinejs/alpine/.github/workflows/run-tests.yml@refs/heads/dependabot/npm_and_yarn/esbuild-0.25.0
2025-02-11T00:36:42.3566291Z Waiting for a runner to pick up this job...
2025-02-11T00:36:43.1013977Z Job is waiting for a hosted runner to come online.
2025-02-11T00:36:46.6194596Z Job is about to start running on the hosted runner: GitHub Actions 11 (hosted)
2025-02-11T00:36:48.6848422Z Current runner version: '2.322.0'
2025-02-11T00:36:48.6872966Z ##[group]Operating System
2025-02-11T00:36:48.6873937Z Ubuntu
2025-02-11T00:36:48.6874469Z 24.04.1
2025-02-11T00:36:48.6874966Z LTS
2025-02-11T00:36:48.6875465Z ##[endgroup]
2025-02-11T00:36:48.6875993Z ##[group]Runner Image
2025-02-11T00:36:48.6876615Z Image: ubuntu-24.04
2025-02-11T00:36:48.6877140Z Version: 20250202.1.0
2025-02-11T00:36:48.6878151Z Included Software: https://github.com/actions/runner-images/blob/ubuntu24/20250202.1/images/ubuntu/Ubuntu2404-Readme.md
2025-02-11T00:36:48.6879521Z Image Release: https://github.com/actions/runner-images/releases/tag/ubuntu24%2F20250202.1
2025-02-11T00:36:48.6880403Z ##[endgroup]
2025-02-11T00:36:48.6880922Z ##[group]Runner Image Provisioner
2025-02-11T00:36:48.6881572Z 2.0.422.1
2025-02-11T00:36:48.6882056Z ##[endgroup]
2025-02-11T00:36:48.6884632Z ##[group]GITHUB_TOKEN Permissions
2025-02-11T00:36:48.6886573Z Actions: read
2025-02-11T00:36:48.6887411Z Attestations: read
2025-02-11T00:36:48.6888035Z Checks: read
2025-02-11T00:36:48.6888581Z Contents: read
2025-02-11T00:36:48.6889121Z Deployments: read
2025-02-11T00:36:48.6889636Z Discussions: read
2025-02-11T00:36:48.6890188Z Issues: read
2025-02-11T00:36:48.6890655Z Metadata: read
2025-02-11T00:36:48.6891151Z Packages: read
2025-02-11T00:36:48.6891690Z Pages: read
2025-02-11T00:36:48.6892197Z PullRequests: read
2025-02-11T00:36:48.6892709Z RepositoryProjects: read
2025-02-11T00:36:48.6893500Z SecurityEvents: read
2025-02-11T00:36:48.6894043Z Statuses: read
2025-02-11T00:36:48.6894523Z ##[endgroup]
2025-02-11T00:36:48.6897455Z Secret source: Dependabot
2025-02-11T00:36:48.6898197Z Prepare workflow directory
2025-02-11T00:36:48.7206344Z Prepare all required actions
2025-02-11T00:36:48.7242250Z Getting action download info
2025-02-11T00:36:48.9379649Z ##[group]Download immutable action package 'actions/checkout@v3'
2025-02-11T00:36:48.9380796Z Version: 3.6.0
2025-02-11T00:36:48.9381802Z Digest: sha256:942562b9c7d4b1f2557f1da21f4d3eb4eb4fd01f2ad78b2a6e187d1b193e0a0f
2025-02-11T00:36:48.9382958Z Source commit SHA: f43a0e5ff2bd294095638e18286ca9a3d1956744
2025-02-11T00:36:48.9383977Z ##[endgroup]
2025-02-11T00:36:49.0205165Z ##[group]Download immutable action package 'actions/setup-node@v3'
2025-02-11T00:36:49.0205992Z Version: 3.8.2
2025-02-11T00:36:49.0206739Z Digest: sha256:68fc4b9708f7154a0a41cdc7ba02b867f6c9d8cbf1979d824253e8e80bbdb973
2025-02-11T00:36:49.0207739Z Source commit SHA: 1a4442cacd436585916779262731d5b162bc6ec7
2025-02-11T00:36:49.0208398Z ##[endgroup]
2025-02-11T00:36:49.1869670Z Complete job name: build
2025-02-11T00:36:49.2565075Z ##[group]Run actions/checkout@v3
2025-02-11T00:36:49.2565886Z with:
2025-02-11T00:36:49.2566283Z   repository: alpinejs/alpine
2025-02-11T00:36:49.2566910Z   token: ***
2025-02-11T00:36:49.2567306Z   ssh-strict: true
2025-02-11T00:36:49.2567736Z   persist-credentials: true
2025-02-11T00:36:49.2568188Z   clean: true
2025-02-11T00:36:49.2568586Z   sparse-checkout-cone-mode: true
2025-02-11T00:36:49.2569069Z   fetch-depth: 1
2025-02-11T00:36:49.2569483Z   fetch-tags: false
2025-02-11T00:36:49.2569887Z   lfs: false
2025-02-11T00:36:49.2570272Z   submodules: false
2025-02-11T00:36:49.2570678Z   set-safe-directory: true
2025-02-11T00:36:49.2571313Z ##[endgroup]
2025-02-11T00:36:49.4005412Z Syncing repository: alpinejs/alpine
2025-02-11T00:36:49.4007103Z ##[group]Getting Git version info
2025-02-11T00:36:49.4007779Z Working directory is '/home/runner/work/alpine/alpine'
2025-02-11T00:36:49.4008666Z [command]/usr/bin/git version
2025-02-11T00:36:49.4051963Z git version 2.48.1
2025-02-11T00:36:49.4081894Z ##[endgroup]
2025-02-11T00:36:49.4100083Z Temporarily overriding HOME='/home/runner/work/_temp/bf6bfcc9-2d25-4351-b786-3b88d6fa8ba1' before making global git config changes
2025-02-11T00:36:49.4101782Z Adding repository directory to the temporary git global config as a safe directory
2025-02-11T00:36:49.4104930Z [command]/usr/bin/git config --global --add safe.directory /home/runner/work/alpine/alpine
2025-02-11T00:36:49.4142732Z Deleting the contents of '/home/runner/work/alpine/alpine'
2025-02-11T00:36:49.4147018Z ##[group]Initializing the repository
2025-02-11T00:36:49.4151422Z [command]/usr/bin/git init /home/runner/work/alpine/alpine
2025-02-11T00:36:49.4216712Z hint: Using 'master' as the name for the initial branch. This default branch name
2025-02-11T00:36:49.4218540Z hint: is subject to change. To configure the initial branch name to use in all
2025-02-11T00:36:49.4219768Z hint: of your new repositories, which will suppress this warning, call:
2025-02-11T00:36:49.4220422Z hint:
2025-02-11T00:36:49.4221061Z hint: 	git config --global init.defaultBranch <name>
2025-02-11T00:36:49.4222014Z hint:
2025-02-11T00:36:49.4222884Z hint: Names commonly chosen instead of 'master' are 'main', 'trunk' and
2025-02-11T00:36:49.4224519Z hint: 'development'. The just-created branch can be renamed via this command:
2025-02-11T00:36:49.4225217Z hint:
2025-02-11T00:36:49.4225598Z hint: 	git branch -m <name>
2025-02-11T00:36:49.4226286Z Initialized empty Git repository in /home/runner/work/alpine/alpine/.git/
2025-02-11T00:36:49.4230718Z [command]/usr/bin/git remote add origin https://github.com/alpinejs/alpine
2025-02-11T00:36:49.4260982Z ##[endgroup]
2025-02-11T00:36:49.4261710Z ##[group]Disabling automatic garbage collection
2025-02-11T00:36:49.4263575Z [command]/usr/bin/git config --local gc.auto 0
2025-02-11T00:36:49.4289981Z ##[endgroup]
2025-02-11T00:36:49.4290662Z ##[group]Setting up auth
2025-02-11T00:36:49.4295129Z [command]/usr/bin/git config --local --name-only --get-regexp core\.sshCommand
2025-02-11T00:36:49.4320646Z [command]/usr/bin/git submodule foreach --recursive sh -c "git config --local --name-only --get-regexp 'core\.sshCommand' && git config --local --unset-all 'core.sshCommand' || :"
2025-02-11T00:36:49.4587217Z [command]/usr/bin/git config --local --name-only --get-regexp http\.https\:\/\/github\.com\/\.extraheader
2025-02-11T00:36:49.4613515Z [command]/usr/bin/git submodule foreach --recursive sh -c "git config --local --name-only --get-regexp 'http\.https\:\/\/github\.com\/\.extraheader' && git config --local --unset-all 'http.https://github.com/.extraheader' || :"
2025-02-11T00:36:49.4841280Z [command]/usr/bin/git config --local http.https://github.com/.extraheader AUTHORIZATION: basic ***
2025-02-11T00:36:49.4874076Z ##[endgroup]
2025-02-11T00:36:49.4875397Z ##[group]Fetching the repository
2025-02-11T00:36:49.4883758Z [command]/usr/bin/git -c protocol.version=2 fetch --no-tags --prune --progress --no-recurse-submodules --depth=1 origin +a848a3dc5221ce25f71eb9667982698215fff544:refs/remotes/origin/dependabot/npm_and_yarn/esbuild-0.25.0
2025-02-11T00:36:49.9634447Z remote: Enumerating objects: 359, done.        
2025-02-11T00:36:49.9635385Z remote: Counting objects:   0% (1/359)        
2025-02-11T00:36:49.9636394Z remote: Counting objects:   1% (4/359)        
2025-02-11T00:36:49.9637349Z remote: Counting objects:   2% (8/359)        
2025-02-11T00:36:49.9638540Z remote: Counting objects:   3% (11/359)        
2025-02-11T00:36:49.9639398Z remote: Counting objects:   4% (15/359)        
2025-02-11T00:36:49.9639985Z remote: Counting objects:   5% (18/359)        
2025-02-11T00:36:49.9640739Z remote: Counting objects:   6% (22/359)        
2025-02-11T00:36:49.9641330Z remote: Counting objects:   7% (26/359)        
2025-02-11T00:36:49.9642030Z remote: Counting objects:   8% (29/359)        
2025-02-11T00:36:49.9642625Z remote: Counting objects:   9% (33/359)        
2025-02-11T00:36:49.9643418Z remote: Counting objects:  10% (36/359)        
2025-02-11T00:36:49.9644066Z remote: Counting objects:  11% (40/359)        
2025-02-11T00:36:49.9644881Z remote: Counting objects:  12% (44/359)        
2025-02-11T00:36:49.9645606Z remote: Counting objects:  13% (47/359)        
2025-02-11T00:36:49.9646199Z remote: Counting objects:  14% (51/359)        
2025-02-11T00:36:49.9646767Z remote: Counting objects:  15% (54/359)        
2025-02-11T00:36:49.9647366Z remote: Counting objects:  16% (58/359)        
2025-02-11T00:36:49.9647936Z remote: Counting objects:  17% (62/359)        
2025-02-11T00:36:49.9648737Z remote: Counting objects:  18% (65/359)        
2025-02-11T00:36:49.9649490Z remote: Counting objects:  19% (69/359)        
2025-02-11T00:36:49.9650358Z remote: Counting objects:  20% (72/359)        
2025-02-11T00:36:49.9651353Z remote: Counting objects:  21% (76/359)        
2025-02-11T00:36:49.9652457Z remote: Counting objects:  22% (79/359)        
2025-02-11T00:36:49.9653799Z remote: Counting objects:  23% (83/359)        
2025-02-11T00:36:49.9654715Z remote: Counting objects:  24% (87/359)        
2025-02-11T00:36:49.9655306Z remote: Counting objects:  25% (90/359)        
2025-02-11T00:36:49.9655881Z remote: Counting objects:  26% (94/359)        
2025-02-11T00:36:49.9656717Z remote: Counting objects:  27% (97/359)        
2025-02-11T00:36:49.9657638Z remote: Counting objects:  28% (101/359)        
2025-02-11T00:36:49.9658229Z remote: Counting objects:  29% (105/359)        
2025-02-11T00:36:49.9658989Z remote: Counting objects:  30% (108/359)        
2025-02-11T00:36:49.9659940Z remote: Counting objects:  31% (112/359)        
2025-02-11T00:36:49.9660532Z remote: Counting objects:  32% (115/359)        
2025-02-11T00:36:49.9661091Z remote: Counting objects:  33% (119/359)        
2025-02-11T00:36:49.9661665Z remote: Counting objects:  34% (123/359)        
2025-02-11T00:36:49.9662225Z remote: Counting objects:  35% (126/359)        
2025-02-11T00:36:49.9662801Z remote: Counting objects:  36% (130/359)        
2025-02-11T00:36:49.9663601Z remote: Counting objects:  37% (133/359)        
2025-02-11T00:36:49.9664191Z remote: Counting objects:  38% (137/359)        
2025-02-11T00:36:49.9664766Z remote: Counting objects:  39% (141/359)        
2025-02-11T00:36:49.9665341Z remote: Counting objects:  40% (144/359)        
2025-02-11T00:36:49.9665915Z remote: Counting objects:  41% (148/359)        
2025-02-11T00:36:49.9666486Z remote: Counting objects:  42% (151/359)        
2025-02-11T00:36:49.9667047Z remote: Counting objects:  43% (155/359)        
2025-02-11T00:36:49.9667629Z remote: Counting objects:  44% (158/359)        
2025-02-11T00:36:49.9668245Z remote: Counting objects:  45% (162/359)        
2025-02-11T00:36:49.9668814Z remote: Counting objects:  46% (166/359)        
2025-02-11T00:36:49.9669382Z remote: Counting objects:  47% (169/359)        
2025-02-11T00:36:49.9669955Z remote: Counting objects:  48% (173/359)        
2025-02-11T00:36:49.9670518Z remote: Counting objects:  49% (176/359)        
2025-02-11T00:36:49.9671084Z remote: Counting objects:  50% (180/359)        
2025-02-11T00:36:49.9671848Z remote: Counting objects:  51% (184/359)        
2025-02-11T00:36:49.9672430Z remote: Counting objects:  52% (187/359)        
2025-02-11T00:36:49.9673004Z remote: Counting objects:  53% (191/359)        
2025-02-11T00:36:49.9673774Z remote: Counting objects:  54% (194/359)        
2025-02-11T00:36:49.9674351Z remote: Counting objects:  55% (198/359)        
2025-02-11T00:36:49.9674921Z remote: Counting objects:  56% (202/359)        
2025-02-11T00:36:49.9675503Z remote: Counting objects:  57% (205/359)        
2025-02-11T00:36:49.9676069Z remote: Counting objects:  58% (209/359)        
2025-02-11T00:36:49.9676630Z remote: Counting objects:  59% (212/359)        
2025-02-11T00:36:49.9677199Z remote: Counting objects:  60% (216/359)        
2025-02-11T00:36:49.9677769Z remote: Counting objects:  61% (219/359)        
2025-02-11T00:36:49.9678344Z remote: Counting objects:  62% (223/359)        
2025-02-11T00:36:49.9678913Z remote: Counting objects:  63% (227/359)        
2025-02-11T00:36:49.9679496Z remote: Counting objects:  64% (230/359)        
2025-02-11T00:36:49.9680072Z remote: Counting objects:  65% (234/359)        
2025-02-11T00:36:49.9680645Z remote: Counting objects:  66% (237/359)        
2025-02-11T00:36:49.9681225Z remote: Counting objects:  67% (241/359)        
2025-02-11T00:36:49.9681797Z remote: Counting objects:  68% (245/359)        
2025-02-11T00:36:49.9682377Z remote: Counting objects:  69% (248/359)        
2025-02-11T00:36:49.9683268Z remote: Counting objects:  70% (252/359)        
2025-02-11T00:36:49.9683891Z remote: Counting objects:  71% (255/359)        
2025-02-11T00:36:49.9684459Z remote: Counting objects:  72% (259/359)        
2025-02-11T00:36:49.9685032Z remote: Counting objects:  73% (263/359)        
2025-02-11T00:36:49.9685603Z remote: Counting objects:  74% (266/359)        
2025-02-11T00:36:49.9686171Z remote: Counting objects:  75% (270/359)        
2025-02-11T00:36:49.9686747Z remote: Counting objects:  76% (273/359)        
2025-02-11T00:36:49.9687322Z remote: Counting objects:  77% (277/359)        
2025-02-11T00:36:49.9687897Z remote: Counting objects:  78% (281/359)        
2025-02-11T00:36:49.9688464Z remote: Counting objects:  79% (284/359)        
2025-02-11T00:36:49.9689034Z remote: Counting objects:  80% (288/359)        
2025-02-11T00:36:49.9689601Z remote: Counting objects:  81% (291/359)        
2025-02-11T00:36:49.9690163Z remote: Counting objects:  82% (295/359)        
2025-02-11T00:36:49.9690736Z remote: Counting objects:  83% (298/359)        
2025-02-11T00:36:49.9691301Z remote: Counting objects:  84% (302/359)        
2025-02-11T00:36:49.9691866Z remote: Counting objects:  85% (306/359)        
2025-02-11T00:36:49.9692432Z remote: Counting objects:  86% (309/359)        
2025-02-11T00:36:49.9692997Z remote: Counting objects:  87% (313/359)        
2025-02-11T00:36:49.9693790Z remote: Counting objects:  88% (316/359)        
2025-02-11T00:36:49.9694403Z remote: Counting objects:  89% (320/359)        
2025-02-11T00:36:49.9694978Z remote: Counting objects:  90% (324/359)        
2025-02-11T00:36:49.9695546Z remote: Counting objects:  91% (327/359)        
2025-02-11T00:36:49.9696121Z remote: Counting objects:  92% (331/359)        
2025-02-11T00:36:49.9696686Z remote: Counting objects:  93% (334/359)        
2025-02-11T00:36:49.9697257Z remote: Counting objects:  94% (338/359)        
2025-02-11T00:36:49.9697822Z remote: Counting objects:  95% (342/359)        
2025-02-11T00:36:49.9698395Z remote: Counting objects:  96% (345/359)        
2025-02-11T00:36:49.9698959Z remote: Counting objects:  97% (349/359)        
2025-02-11T00:36:49.9699522Z remote: Counting objects:  98% (352/359)        
2025-02-11T00:36:49.9700091Z remote: Counting objects:  99% (356/359)        
2025-02-11T00:36:49.9700655Z remote: Counting objects: 100% (359/359)        
2025-02-11T00:36:49.9701257Z remote: Counting objects: 100% (359/359), done.        
2025-02-11T00:36:49.9701873Z remote: Compressing objects:   0% (1/317)        
2025-02-11T00:36:49.9702582Z remote: Compressing objects:   1% (4/317)        
2025-02-11T00:36:49.9703281Z remote: Compressing objects:   2% (7/317)        
2025-02-11T00:36:49.9703877Z remote: Compressing objects:   3% (10/317)        
2025-02-11T00:36:49.9704468Z remote: Compressing objects:   4% (13/317)        
2025-02-11T00:36:49.9705065Z remote: Compressing objects:   5% (16/317)        
2025-02-11T00:36:49.9705648Z remote: Compressing objects:   6% (20/317)        
2025-02-11T00:36:49.9706261Z remote: Compressing objects:   7% (23/317)        
2025-02-11T00:36:49.9706878Z remote: Compressing objects:   8% (26/317)        
2025-02-11T00:36:50.0053635Z remote: Compressing objects:   9% (29/317)        
2025-02-11T00:36:50.0055501Z remote: Compressing objects:  10% (32/317)        
2025-02-11T00:36:50.0056544Z remote: Compressing objects:  11% (35/317)        
2025-02-11T00:36:50.0057291Z remote: Compressing objects:  12% (39/317)        
2025-02-11T00:36:50.0057997Z remote: Compressing objects:  13% (42/317)        
2025-02-11T00:36:50.0058700Z remote: Compressing objects:  14% (45/317)        
2025-02-11T00:36:50.0059382Z remote: Compressing objects:  15% (48/317)        
2025-02-11T00:36:50.0060063Z remote: Compressing objects:  16% (51/317)        
2025-02-11T00:36:50.0060740Z remote: Compressing objects:  17% (54/317)        
2025-02-11T00:36:50.0061411Z remote: Compressing objects:  18% (58/317)        
2025-02-11T00:36:50.0062087Z remote: Compressing objects:  19% (61/317)        
2025-02-11T00:36:50.0062949Z remote: Compressing objects:  20% (64/317)        
2025-02-11T00:36:50.0063903Z remote: Compressing objects:  21% (67/317)        
2025-02-11T00:36:50.0064570Z remote: Compressing objects:  22% (70/317)        
2025-02-11T00:36:50.0065240Z remote: Compressing objects:  23% (73/317)        
2025-02-11T00:36:50.0065908Z remote: Compressing objects:  24% (77/317)        
2025-02-11T00:36:50.0066577Z remote: Compressing objects:  25% (80/317)        
2025-02-11T00:36:50.0067247Z remote: Compressing objects:  26% (83/317)        
2025-02-11T00:36:50.0067915Z remote: Compressing objects:  27% (86/317)        
2025-02-11T00:36:50.0068580Z remote: Compressing objects:  28% (89/317)        
2025-02-11T00:36:50.0069245Z remote: Compressing objects:  29% (92/317)        
2025-02-11T00:36:50.0069910Z remote: Compressing objects:  30% (96/317)        
2025-02-11T00:36:50.0070582Z remote: Compressing objects:  31% (99/317)        
2025-02-11T00:36:50.0071250Z remote: Compressing objects:  32% (102/317)        
2025-02-11T00:36:50.0071930Z remote: Compressing objects:  33% (105/317)        
2025-02-11T00:36:50.0072608Z remote: Compressing objects:  34% (108/317)        
2025-02-11T00:36:50.0073399Z remote: Compressing objects:  35% (111/317)        
2025-02-11T00:36:50.0074046Z remote: Compressing objects:  36% (115/317)        
2025-02-11T00:36:50.0074643Z remote: Compressing objects:  37% (118/317)        
2025-02-11T00:36:50.0075230Z remote: Compressing objects:  38% (121/317)        
2025-02-11T00:36:50.0075819Z remote: Compressing objects:  39% (124/317)        
2025-02-11T00:36:50.0076400Z remote: Compressing objects:  40% (127/317)        
2025-02-11T00:36:50.0076984Z remote: Compressing objects:  41% (130/317)        
2025-02-11T00:36:50.0077565Z remote: Compressing objects:  42% (134/317)        
2025-02-11T00:36:50.0078151Z remote: Compressing objects:  43% (137/317)        
2025-02-11T00:36:50.0078744Z remote: Compressing objects:  44% (140/317)        
2025-02-11T00:36:50.0079343Z remote: Compressing objects:  45% (143/317)        
2025-02-11T00:36:50.0079957Z remote: Compressing objects:  46% (146/317)        
2025-02-11T00:36:50.0158093Z remote: Compressing objects:  47% (149/317)        
2025-02-11T00:36:50.0159291Z remote: Compressing objects:  48% (153/317)        
2025-02-11T00:36:50.0160443Z remote: Compressing objects:  49% (156/317)        
2025-02-11T00:36:50.0161100Z remote: Compressing objects:  50% (159/317)        
2025-02-11T00:36:50.0161694Z remote: Compressing objects:  51% (162/317)        
2025-02-11T00:36:50.0162505Z remote: Compressing objects:  52% (165/317)        
2025-02-11T00:36:50.0163279Z remote: Compressing objects:  53% (169/317)        
2025-02-11T00:36:50.0163884Z remote: Compressing objects:  54% (172/317)        
2025-02-11T00:36:50.0164482Z remote: Compressing objects:  55% (175/317)        
2025-02-11T00:36:50.0165068Z remote: Compressing objects:  56% (178/317)        
2025-02-11T00:36:50.0165656Z remote: Compressing objects:  57% (181/317)        
2025-02-11T00:36:50.0166245Z remote: Compressing objects:  58% (184/317)        
2025-02-11T00:36:50.0166860Z remote: Compressing objects:  59% (188/317)        
2025-02-11T00:36:50.0167443Z remote: Compressing objects:  60% (191/317)        
2025-02-11T00:36:50.0168021Z remote: Compressing objects:  61% (194/317)        
2025-02-11T00:36:50.0265361Z remote: Compressing objects:  62% (197/317)        
2025-02-11T00:36:50.0267648Z remote: Compressing objects:  63% (200/317)        
2025-02-11T00:36:50.0274404Z remote: Compressing objects:  64% (203/317)        
2025-02-11T00:36:50.0276855Z remote: Compressing objects:  65% (207/317)        
2025-02-11T00:36:50.0281591Z remote: Compressing objects:  66% (210/317)        
2025-02-11T00:36:50.0284319Z remote: Compressing objects:  67% (213/317)        
2025-02-11T00:36:50.0287699Z remote: Compressing objects:  68% (216/317)        
2025-02-11T00:36:50.0292176Z remote: Compressing objects:  69% (219/317)        
2025-02-11T00:36:50.0296599Z remote: Compressing objects:  70% (222/317)        
2025-02-11T00:36:50.0307378Z remote: Compressing objects:  71% (226/317)        
2025-02-11T00:36:50.0314816Z remote: Compressing objects:  72% (229/317)        
2025-02-11T00:36:50.0325524Z remote: Compressing objects:  73% (232/317)        
2025-02-11T00:36:50.0328030Z remote: Compressing objects:  74% (235/317)        
2025-02-11T00:36:50.0336129Z remote: Compressing objects:  75% (238/317)        
2025-02-11T00:36:50.0341511Z remote: Compressing objects:  76% (241/317)        
2025-02-11T00:36:50.0342550Z remote: Compressing objects:  77% (245/317)        
2025-02-11T00:36:50.0347498Z remote: Compressing objects:  78% (248/317)        
2025-02-11T00:36:50.0350849Z remote: Compressing objects:  79% (251/317)        
2025-02-11T00:36:50.0353764Z remote: Compressing objects:  80% (254/317)        
2025-02-11T00:36:50.0355775Z remote: Compressing objects:  81% (257/317)        
2025-02-11T00:36:50.0357137Z remote: Compressing objects:  82% (260/317)        
2025-02-11T00:36:50.0358280Z remote: Compressing objects:  83% (264/317)        
2025-02-11T00:36:50.0359427Z remote: Compressing objects:  84% (267/317)        
2025-02-11T00:36:50.0360506Z remote: Compressing objects:  85% (270/317)        
2025-02-11T00:36:50.0361623Z remote: Compressing objects:  86% (273/317)        
2025-02-11T00:36:50.0363035Z remote: Compressing objects:  87% (276/317)        
2025-02-11T00:36:50.0364461Z remote: Compressing objects:  88% (279/317)        
2025-02-11T00:36:50.0365538Z remote: Compressing objects:  89% (283/317)        
2025-02-11T00:36:50.0366618Z remote: Compressing objects:  90% (286/317)        
2025-02-11T00:36:50.0367694Z remote: Compressing objects:  91% (289/317)        
2025-02-11T00:36:50.0368714Z remote: Compressing objects:  92% (292/317)        
2025-02-11T00:36:50.0369652Z remote: Compressing objects:  93% (295/317)        
2025-02-11T00:36:50.0370644Z remote: Compressing objects:  94% (298/317)        
2025-02-11T00:36:50.0371684Z remote: Compressing objects:  95% (302/317)        
2025-02-11T00:36:50.0372750Z remote: Compressing objects:  96% (305/317)        
2025-02-11T00:36:50.0374098Z remote: Compressing objects:  97% (308/317)        
2025-02-11T00:36:50.0375143Z remote: Compressing objects:  98% (311/317)        
2025-02-11T00:36:50.0376104Z remote: Compressing objects:  99% (314/317)        
2025-02-11T00:36:50.0377163Z remote: Compressing objects: 100% (317/317)        
2025-02-11T00:36:50.0378391Z remote: Compressing objects: 100% (317/317), done.        
2025-02-11T00:36:50.0719738Z Receiving objects:   0% (1/359)
2025-02-11T00:36:50.0720561Z Receiving objects:   1% (4/359)
2025-02-11T00:36:50.0721101Z Receiving objects:   2% (8/359)
2025-02-11T00:36:50.1707589Z Receiving objects:   3% (11/359)
2025-02-11T00:36:50.1708705Z Receiving objects:   4% (15/359)
2025-02-11T00:36:50.3163903Z Receiving objects:   5% (18/359)
2025-02-11T00:36:50.3195389Z Receiving objects:   6% (22/359)
2025-02-11T00:36:50.3196898Z Receiving objects:   7% (26/359)
2025-02-11T00:36:50.3199174Z Receiving objects:   8% (29/359)
2025-02-11T00:36:50.3200223Z Receiving objects:   9% (33/359)
2025-02-11T00:36:50.3201042Z Receiving objects:  10% (36/359)
2025-02-11T00:36:50.3202657Z Receiving objects:  11% (40/359)
2025-02-11T00:36:50.3204989Z Receiving objects:  12% (44/359)
2025-02-11T00:36:50.3208336Z Receiving objects:  13% (47/359)
2025-02-11T00:36:50.3210488Z Receiving objects:  14% (51/359)
2025-02-11T00:36:50.3211405Z Receiving objects:  15% (54/359)
2025-02-11T00:36:50.3212274Z Receiving objects:  16% (58/359)
2025-02-11T00:36:50.3213537Z Receiving objects:  17% (62/359)
2025-02-11T00:36:50.3214466Z Receiving objects:  18% (65/359)
2025-02-11T00:36:50.3215387Z Receiving objects:  19% (69/359)
2025-02-11T00:36:50.3216310Z Receiving objects:  20% (72/359)
2025-02-11T00:36:50.3217246Z Receiving objects:  21% (76/359)
2025-02-11T00:36:50.3218196Z Receiving objects:  22% (79/359)
2025-02-11T00:36:50.3221096Z Receiving objects:  23% (83/359)
2025-02-11T00:36:50.3223561Z Receiving objects:  24% (87/359)
2025-02-11T00:36:50.3225365Z Receiving objects:  25% (90/359)
2025-02-11T00:36:50.3226240Z Receiving objects:  26% (94/359)
2025-02-11T00:36:50.3227308Z Receiving objects:  27% (97/359)
2025-02-11T00:36:50.3229447Z Receiving objects:  28% (101/359)
2025-02-11T00:36:50.3231305Z Receiving objects:  29% (105/359)
2025-02-11T00:36:50.3232275Z Receiving objects:  30% (108/359)
2025-02-11T00:36:50.3234747Z Receiving objects:  31% (112/359)
2025-02-11T00:36:50.3235627Z Receiving objects:  32% (115/359)
2025-02-11T00:36:50.3236448Z Receiving objects:  33% (119/359)
2025-02-11T00:36:50.3237377Z Receiving objects:  34% (123/359)
2025-02-11T00:36:50.3238248Z Receiving objects:  35% (126/359)
2025-02-11T00:36:50.3239139Z Receiving objects:  36% (130/359)
2025-02-11T00:36:50.3240114Z Receiving objects:  37% (133/359)
2025-02-11T00:36:50.3240997Z Receiving objects:  38% (137/359)
2025-02-11T00:36:50.3241840Z Receiving objects:  39% (141/359)
2025-02-11T00:36:50.3242890Z Receiving objects:  40% (144/359)
2025-02-11T00:36:50.3244855Z Receiving objects:  41% (148/359)
2025-02-11T00:36:50.3245945Z Receiving objects:  42% (151/359)
2025-02-11T00:36:50.3247971Z Receiving objects:  43% (155/359)
2025-02-11T00:36:50.3249128Z Receiving objects:  44% (158/359)
2025-02-11T00:36:50.3250915Z Receiving objects:  45% (162/359)
2025-02-11T00:36:50.3252175Z Receiving objects:  46% (166/359)
2025-02-11T00:36:50.3253437Z Receiving objects:  47% (169/359)
2025-02-11T00:36:50.3257140Z Receiving objects:  48% (173/359)
2025-02-11T00:36:50.3261944Z Receiving objects:  49% (176/359)
2025-02-11T00:36:50.3265501Z Receiving objects:  50% (180/359)
2025-02-11T00:36:50.3267867Z Receiving objects:  51% (184/359)
2025-02-11T00:36:50.3269087Z Receiving objects:  52% (187/359)
2025-02-11T00:36:50.3277907Z Receiving objects:  53% (191/359)
2025-02-11T00:36:50.3278728Z Receiving objects:  54% (194/359)
2025-02-11T00:36:50.3279482Z Receiving objects:  55% (198/359)
2025-02-11T00:36:50.3280244Z Receiving objects:  56% (202/359)
2025-02-11T00:36:50.3280976Z Receiving objects:  57% (205/359)
2025-02-11T00:36:50.3281759Z Receiving objects:  58% (209/359)
2025-02-11T00:36:50.3282542Z Receiving objects:  59% (212/359)
2025-02-11T00:36:50.3283522Z Receiving objects:  60% (216/359)
2025-02-11T00:36:50.3284323Z Receiving objects:  61% (219/359)
2025-02-11T00:36:50.3285097Z Receiving objects:  62% (223/359)
2025-02-11T00:36:50.3285893Z Receiving objects:  63% (227/359)
2025-02-11T00:36:50.3286678Z Receiving objects:  64% (230/359)
2025-02-11T00:36:50.3287421Z Receiving objects:  65% (234/359)
2025-02-11T00:36:50.3288406Z Receiving objects:  66% (237/359)
2025-02-11T00:36:50.3289244Z Receiving objects:  67% (241/359)
2025-02-11T00:36:50.3290035Z Receiving objects:  68% (245/359)
2025-02-11T00:36:50.3293429Z Receiving objects:  69% (248/359)
2025-02-11T00:36:50.3294715Z Receiving objects:  70% (252/359)
2025-02-11T00:36:50.3304300Z Receiving objects:  71% (255/359)
2025-02-11T00:36:50.3305232Z Receiving objects:  72% (259/359)
2025-02-11T00:36:50.3306082Z Receiving objects:  73% (263/359)
2025-02-11T00:36:50.3306907Z Receiving objects:  74% (266/359)
2025-02-11T00:36:50.3307716Z Receiving objects:  75% (270/359)
2025-02-11T00:36:50.3308627Z Receiving objects:  76% (273/359)
2025-02-11T00:36:50.3309534Z Receiving objects:  77% (277/359)
2025-02-11T00:36:50.3310392Z Receiving objects:  78% (281/359)
2025-02-11T00:36:50.3311220Z Receiving objects:  79% (284/359)
2025-02-11T00:36:50.3312066Z Receiving objects:  80% (288/359)
2025-02-11T00:36:50.3313569Z remote: Total 359 (delta 41), reused 170 (delta 24), pack-reused 0 (from 0)        
2025-02-11T00:36:50.3314945Z Receiving objects:  81% (291/359)
2025-02-11T00:36:50.3315838Z Receiving objects:  82% (295/359)
2025-02-11T00:36:50.3316733Z Receiving objects:  83% (298/359)
2025-02-11T00:36:50.3317692Z Receiving objects:  84% (302/359)
2025-02-11T00:36:50.3318610Z Receiving objects:  85% (306/359)
2025-02-11T00:36:50.3319476Z Receiving objects:  86% (309/359)
2025-02-11T00:36:50.3320322Z Receiving objects:  87% (313/359)
2025-02-11T00:36:50.3321178Z Receiving objects:  88% (316/359)
2025-02-11T00:36:50.3322464Z Receiving objects:  89% (320/359)
2025-02-11T00:36:50.3323518Z Receiving objects:  90% (324/359)
2025-02-11T00:36:50.3326683Z Receiving objects:  91% (327/359)
2025-02-11T00:36:50.3328542Z Receiving objects:  92% (331/359)
2025-02-11T00:36:50.3330899Z Receiving objects:  93% (334/359)
2025-02-11T00:36:50.3332656Z Receiving objects:  94% (338/359)
2025-02-11T00:36:50.3335243Z Receiving objects:  95% (342/359)
2025-02-11T00:36:50.3336443Z Receiving objects:  96% (345/359)
2025-02-11T00:36:50.3337824Z Receiving objects:  97% (349/359)
2025-02-11T00:36:50.3338995Z Receiving objects:  98% (352/359)
2025-02-11T00:36:50.3340090Z Receiving objects:  99% (356/359)
2025-02-11T00:36:50.3341178Z Receiving objects: 100% (359/359)
2025-02-11T00:36:50.3342511Z Receiving objects: 100% (359/359), 1.48 MiB | 5.67 MiB/s, done.
2025-02-11T00:36:50.3345176Z Resolving deltas:   0% (0/41)
2025-02-11T00:36:50.3346259Z Resolving deltas:   2% (1/41)
2025-02-11T00:36:50.3347367Z Resolving deltas:   4% (2/41)
2025-02-11T00:36:50.3348588Z Resolving deltas:   7% (3/41)
2025-02-11T00:36:50.3349878Z Resolving deltas:   9% (4/41)
2025-02-11T00:36:50.3351048Z Resolving deltas:  12% (5/41)
2025-02-11T00:36:50.3352213Z Resolving deltas:  14% (6/41)
2025-02-11T00:36:50.3353622Z Resolving deltas:  17% (7/41)
2025-02-11T00:36:50.3354940Z Resolving deltas:  19% (8/41)
2025-02-11T00:36:50.3356262Z Resolving deltas:  21% (9/41)
2025-02-11T00:36:50.3357450Z Resolving deltas:  24% (10/41)
2025-02-11T00:36:50.3358621Z Resolving deltas:  26% (11/41)
2025-02-11T00:36:50.3359890Z Resolving deltas:  29% (12/41)
2025-02-11T00:36:50.3361282Z Resolving deltas:  31% (13/41)
2025-02-11T00:36:50.3362692Z Resolving deltas:  34% (14/41)
2025-02-11T00:36:50.3364361Z Resolving deltas:  36% (15/41)
2025-02-11T00:36:50.3365714Z Resolving deltas:  39% (16/41)
2025-02-11T00:36:50.3367667Z Resolving deltas:  41% (17/41)
2025-02-11T00:36:50.3369169Z Resolving deltas:  43% (18/41)
2025-02-11T00:36:50.3370506Z Resolving deltas:  46% (19/41)
2025-02-11T00:36:50.3371947Z Resolving deltas:  48% (20/41)
2025-02-11T00:36:50.3373509Z Resolving deltas:  51% (21/41)
2025-02-11T00:36:50.3374934Z Resolving deltas:  53% (22/41)
2025-02-11T00:36:50.3376302Z Resolving deltas:  56% (23/41)
2025-02-11T00:36:50.3377643Z Resolving deltas:  58% (24/41)
2025-02-11T00:36:50.3378988Z Resolving deltas:  60% (25/41)
2025-02-11T00:36:50.3380334Z Resolving deltas:  63% (26/41)
2025-02-11T00:36:50.3381678Z Resolving deltas:  65% (27/41)
2025-02-11T00:36:50.3382960Z Resolving deltas:  68% (28/41)
2025-02-11T00:36:50.3397990Z Resolving deltas:  70% (29/41)
2025-02-11T00:36:50.3399305Z Resolving deltas:  73% (30/41)
2025-02-11T00:36:50.3400428Z Resolving deltas:  78% (32/41)
2025-02-11T00:36:50.3401745Z Resolving deltas:  80% (33/41)
2025-02-11T00:36:50.3403057Z Resolving deltas:  82% (34/41)
2025-02-11T00:36:50.3404119Z Resolving deltas:  85% (35/41)
2025-02-11T00:36:50.3405018Z Resolving deltas:  87% (36/41)
2025-02-11T00:36:50.3405903Z Resolving deltas:  90% (37/41)
2025-02-11T00:36:50.3407151Z Resolving deltas:  92% (38/41)
2025-02-11T00:36:50.3408355Z Resolving deltas:  95% (39/41)
2025-02-11T00:36:50.3409560Z Resolving deltas:  97% (40/41)
2025-02-11T00:36:50.3410750Z Resolving deltas: 100% (41/41)
2025-02-11T00:36:50.3411957Z Resolving deltas: 100% (41/41), done.
2025-02-11T00:36:50.3503888Z From https://github.com/alpinejs/alpine
2025-02-11T00:36:50.3506409Z  * [new ref]         a848a3dc5221ce25f71eb9667982698215fff544 -> origin/dependabot/npm_and_yarn/esbuild-0.25.0
2025-02-11T00:36:50.3539395Z ##[endgroup]
2025-02-11T00:36:50.3541512Z ##[group]Determining the checkout info
2025-02-11T00:36:50.3543909Z ##[endgroup]
2025-02-11T00:36:50.3545776Z ##[group]Checking out the ref
2025-02-11T00:36:50.3548837Z [command]/usr/bin/git checkout --progress --force -B dependabot/npm_and_yarn/esbuild-0.25.0 refs/remotes/origin/dependabot/npm_and_yarn/esbuild-0.25.0
2025-02-11T00:36:50.3851820Z Switched to a new branch 'dependabot/npm_and_yarn/esbuild-0.25.0'
2025-02-11T00:36:50.3855278Z branch 'dependabot/npm_and_yarn/esbuild-0.25.0' set up to track 'origin/dependabot/npm_and_yarn/esbuild-0.25.0'.
2025-02-11T00:36:50.3863961Z ##[endgroup]
2025-02-11T00:36:50.3897200Z [command]/usr/bin/git log -1 --format='%H'
2025-02-11T00:36:50.3918622Z 'a848a3dc5221ce25f71eb9667982698215fff544'
2025-02-11T00:36:50.4201999Z ##[group]Run actions/setup-node@v3
2025-02-11T00:36:50.4203022Z with:
2025-02-11T00:36:50.4203874Z   node-version: 18
2025-02-11T00:36:50.4204649Z   always-auth: false
2025-02-11T00:36:50.4205458Z   check-latest: false
2025-02-11T00:36:50.4206523Z   token: ***
2025-02-11T00:36:50.4207235Z ##[endgroup]
2025-02-11T00:36:50.5989513Z Found in cache @ /opt/hostedtoolcache/node/18.20.6/x64
2025-02-11T00:36:50.5994751Z ##[group]Environment details
2025-02-11T00:36:50.9420816Z node: v18.20.6
2025-02-11T00:36:50.9421372Z npm: 10.8.2
2025-02-11T00:36:50.9421815Z yarn: 1.22.22
2025-02-11T00:36:50.9423239Z ##[endgroup]
2025-02-11T00:36:50.9530166Z ##[group]Run npm install
2025-02-11T00:36:50.9530675Z [36;1mnpm install[0m
2025-02-11T00:36:50.9564975Z shell: /usr/bin/bash -e {0}
2025-02-11T00:36:50.9565399Z ##[endgroup]
2025-02-11T00:36:53.1598512Z npm warn deprecated w3c-hr-time@1.0.2: Use your platform's native performance.now() and performance.timeOrigin.
2025-02-11T00:36:53.1978304Z npm warn deprecated urix@0.1.0: Please see https://github.com/lydell/urix#deprecated
2025-02-11T00:36:53.4400863Z npm warn deprecated source-map-url@0.4.1: See https://github.com/lydell/source-map-url#deprecated
2025-02-11T00:36:53.5228720Z npm warn deprecated sane@4.1.0: some dependency vulnerabilities fixed, support for node < 10 dropped, and newer ECMAScript syntax/features added
2025-02-11T00:36:53.5483390Z npm warn deprecated source-map-resolve@0.5.3: See https://github.com/lydell/source-map-resolve#deprecated
2025-02-11T00:36:53.5641226Z npm warn deprecated resolve-url@0.2.1: https://github.com/lydell/resolve-url#deprecated
2025-02-11T00:36:53.6479909Z npm warn deprecated querystring@0.2.0: The querystring API is considered Legacy. new code should use the URLSearchParams API instead.
2025-02-11T00:37:09.2581002Z 
2025-02-11T00:37:09.2581695Z added 659 packages, and audited 675 packages in 18s
2025-02-11T00:37:09.2582268Z 
2025-02-11T00:37:09.2582535Z 51 packages are looking for funding
2025-02-11T00:37:09.2583026Z   run `npm fund` for details
2025-02-11T00:37:09.3010294Z 
2025-02-11T00:37:09.3010997Z 30 vulnerabilities (22 moderate, 7 high, 1 critical)
2025-02-11T00:37:09.3011592Z 
2025-02-11T00:37:09.3011924Z To address issues that do not require attention, run:
2025-02-11T00:37:09.3012405Z   npm audit fix
2025-02-11T00:37:09.3012591Z 
2025-02-11T00:37:09.3013487Z To address all issues possible (including breaking changes), run:
2025-02-11T00:37:09.3014553Z   npm audit fix --force
2025-02-11T00:37:09.3014879Z 
2025-02-11T00:37:09.3015391Z Some issues need review, and may require choosing
2025-02-11T00:37:09.3016330Z a different dependency.
2025-02-11T00:37:09.3016747Z 
2025-02-11T00:37:09.3017054Z Run `npm audit` for details.
2025-02-11T00:37:09.3299692Z ##[group]Run npm run build
2025-02-11T00:37:09.3299975Z [36;1mnpm run build[0m
2025-02-11T00:37:09.3329831Z shell: /usr/bin/bash -e {0}
2025-02-11T00:37:09.3330070Z ##[endgroup]
2025-02-11T00:37:09.4589141Z 
2025-02-11T00:37:09.4589456Z > build
2025-02-11T00:37:09.5152450Z âœ˜ [ERROR] Invalid option in build() call: "watch"
2025-02-11T00:37:09.5153373Z > node ./scripts/build.js
2025-02-11T00:37:09.5153655Z 
2025-02-11T00:37:09.5153735Z 
2025-02-11T00:37:09.5154207Z     /home/runner/work/alpine/alpine/node_modules/esbuild/lib/main.js:254:12:
2025-02-11T00:37:09.5155293Z       254 â”‚       throw new Error(`Invalid option ${where}: ${quote(key)}`);
2025-02-11T00:37:09.5155963Z           â•µ             ^
2025-02-11T00:37:09.5156206Z 
2025-02-11T00:37:09.5156845Z     at checkForInvalidFlags (/home/runner/work/alpine/alpine/node_modules/esbuild/lib/main.js:254:13)
2025-02-11T00:37:09.5158244Z     at flagsForBuildOptions (/home/runner/work/alpine/alpine/node_modules/esbuild/lib/main.js:427:3)
2025-02-11T00:37:09.5159925Z     at buildOrContextContinue (/home/runner/work/alpine/alpine/node_modules/esbuild/lib/main.js:914:9)
2025-02-11T00:37:09.5161186Z     at buildOrContextImpl (/home/runner/work/alpine/alpine/node_modules/esbuild/lib/main.js:898:5)
2025-02-11T00:37:09.5162450Z     at Object.buildOrContext (/home/runner/work/alpine/alpine/node_modules/esbuild/lib/main.js:700:5)
2025-02-11T00:37:09.5163796Z     at /home/runner/work/alpine/alpine/node_modules/esbuild/lib/main.js:2030:15
2025-02-11T00:37:09.5164557Z     at new Promise (<anonymous>)
2025-02-11T00:37:09.5165426Z     at Object.build (/home/runner/work/alpine/alpine/node_modules/esbuild/lib/main.js:2029:25)
2025-02-11T00:37:09.5166614Z     at Object.build (/home/runner/work/alpine/alpine/node_modules/esbuild/lib/main.js:1880:51)
2025-02-11T00:37:09.5167628Z     at build (/home/runner/work/alpine/alpine/scripts/build.js:91:31)
2025-02-11T00:37:09.5168105Z 
2025-02-11T00:37:09.5168660Z âœ˜ [ERROR] Invalid option in build() call: "watch"
2025-02-11T00:37:09.5169055Z 
2025-02-11T00:37:09.5169505Z     /home/runner/work/alpine/alpine/node_modules/esbuild/lib/main.js:254:12:
2025-02-11T00:37:09.5170504Z       254 â”‚       throw new Error(`Invalid option ${where}: ${quote(key)}`);
2025-02-11T00:37:09.5171106Z           â•µ             ^
2025-02-11T00:37:09.5171341Z 
2025-02-11T00:37:09.5171948Z     at checkForInvalidFlags (/home/runner/work/alpine/alpine/node_modules/esbuild/lib/main.js:254:13)
2025-02-11T00:37:09.5173441Z     at flagsForBuildOptions (/home/runner/work/alpine/alpine/node_modules/esbuild/lib/main.js:427:3)
2025-02-11T00:37:09.5174741Z     at buildOrContextContinue (/home/runner/work/alpine/alpine/node_modules/esbuild/lib/main.js:914:9)
2025-02-11T00:37:09.5175986Z     at buildOrContextImpl (/home/runner/work/alpine/alpine/node_modules/esbuild/lib/main.js:898:5)
2025-02-11T00:37:09.5177204Z     at Object.buildOrContext (/home/runner/work/alpine/alpine/node_modules/esbuild/lib/main.js:700:5)
2025-02-11T00:37:09.5178313Z     at /home/runner/work/alpine/alpine/node_modules/esbuild/lib/main.js:2030:15
2025-02-11T00:37:09.5178995Z     at new Promise (<anonymous>)
2025-02-11T00:37:09.5179792Z     at Object.build (/home/runner/work/alpine/alpine/node_modules/esbuild/lib/main.js:2029:25)
2025-02-11T00:37:09.5180927Z     at Object.build (/home/runner/work/alpine/alpine/node_modules/esbuild/lib/main.js:1880:51)
2025-02-11T00:37:09.5181930Z     at build (/home/runner/work/alpine/alpine/scripts/build.js:91:31)
2025-02-11T00:37:09.5182418Z 
2025-02-11T00:37:09.5182981Z âœ˜ [ERROR] Invalid option in build() call: "watch"
2025-02-11T00:37:09.5183593Z 
2025-02-11T00:37:09.5184061Z     /home/runner/work/alpine/alpine/node_modules/esbuild/lib/main.js:254:12:
2025-02-11T00:37:09.5185122Z       254 â”‚       throw new Error(`Invalid option ${where}: ${quote(key)}`);
2025-02-11T00:37:09.5185816Z           â•µ             ^
2025-02-11T00:37:09.5186084Z 
2025-02-11T00:37:09.5186994Z     at checkForInvalidFlags (/home/runner/work/alpine/alpine/node_modules/esbuild/lib/main.js:254:13)
2025-02-11T00:37:09.5188261Z     at flagsForBuildOptions (/home/runner/work/alpine/alpine/node_modules/esbuild/lib/main.js:427:3)
2025-02-11T00:37:09.5189508Z     at buildOrContextContinue (/home/runner/work/alpine/alpine/node_modules/esbuild/lib/main.js:914:9)
2025-02-11T00:37:09.5190785Z     at buildOrContextImpl (/home/runner/work/alpine/alpine/node_modules/esbuild/lib/main.js:898:5)
2025-02-11T00:37:09.5192022Z     at Object.buildOrContext (/home/runner/work/alpine/alpine/node_modules/esbuild/lib/main.js:700:5)
2025-02-11T00:37:09.5193396Z     at /home/runner/work/alpine/alpine/node_modules/esbuild/lib/main.js:2030:15
2025-02-11T00:37:09.5194146Z     at new Promise (<anonymous>)
2025-02-11T00:37:09.5194965Z     at Object.build (/home/runner/work/alpine/alpine/node_modules/esbuild/lib/main.js:2029:25)
2025-02-11T00:37:09.5196136Z     at Object.build (/home/runner/work/alpine/alpine/node_modules/esbuild/lib/main.js:1880:51)
2025-02-11T00:37:09.5197118Z     at build (/home/runner/work/alpine/alpine/scripts/build.js:91:31)
2025-02-11T00:37:09.5197787Z 
2025-02-11T00:37:09.5198297Z âœ˜ [ERROR] Invalid option in build() call: "watch"
2025-02-11T00:37:09.5198640Z 
2025-02-11T00:37:09.5199070Z     /home/runner/work/alpine/alpine/node_modules/esbuild/lib/main.js:254:12:
2025-02-11T00:37:09.5200010Z       254 â”‚       throw new Error(`Invalid option ${where}: ${quote(key)}`);
2025-02-11T00:37:09.5200655Z           â•µ             ^
2025-02-11T00:37:09.5200898Z 
2025-02-11T00:37:09.5201527Z     at checkForInvalidFlags (/home/runner/work/alpine/alpine/node_modules/esbuild/lib/main.js:254:13)
2025-02-11T00:37:09.5202856Z     at flagsForBuildOptions (/home/runner/work/alpine/alpine/node_modules/esbuild/lib/main.js:427:3)
2025-02-11T00:37:09.5204409Z     at buildOrContextContinue (/home/runner/work/alpine/alpine/node_modules/esbuild/lib/main.js:914:9)
2025-02-11T00:37:09.5205668Z     at buildOrContextImpl (/home/runner/work/alpine/alpine/node_modules/esbuild/lib/main.js:898:5)
2025-02-11T00:37:09.5206899Z     at Object.buildOrContext (/home/runner/work/alpine/alpine/node_modules/esbuild/lib/main.js:700:5)
2025-02-11T00:37:09.5207943Z     at /home/runner/work/alpine/alpine/node_modules/esbuild/lib/main.js:2030:15
2025-02-11T00:37:09.5208608Z     at new Promise (<anonymous>)
2025-02-11T00:37:09.5209390Z     at Object.build (/home/runner/work/alpine/alpine/node_modules/esbuild/lib/main.js:2029:25)
2025-02-11T00:37:09.5210533Z     at Object.build (/home/runner/work/alpine/alpine/node_modules/esbuild/lib/main.js:1880:51)
2025-02-11T00:37:09.5211528Z     at build (/home/runner/work/alpine/alpine/scripts/build.js:91:31)
2025-02-11T00:37:09.5212001Z 
2025-02-11T00:37:09.5212573Z âœ˜ [ERROR] Invalid option in build() call: "watch"
2025-02-11T00:37:09.5212959Z 
2025-02-11T00:37:09.5213624Z     /home/runner/work/alpine/alpine/node_modules/esbuild/lib/main.js:254:12:
2025-02-11T00:37:09.5214672Z       254 â”‚       throw new Error(`Invalid option ${where}: ${quote(key)}`);
2025-02-11T00:37:09.5215303Z           â•µ             ^
2025-02-11T00:37:09.5215540Z 
2025-02-11T00:37:09.5216144Z     at checkForInvalidFlags (/home/runner/work/alpine/alpine/node_modules/esbuild/lib/main.js:254:13)
2025-02-11T00:37:09.5217377Z     at flagsForBuildOptions (/home/runner/work/alpine/alpine/node_modules/esbuild/lib/main.js:427:3)
2025-02-11T00:37:09.5218601Z     at buildOrContextContinue (/home/runner/work/alpine/alpine/node_modules/esbuild/lib/main.js:914:9)
2025-02-11T00:37:09.5219857Z     at buildOrContextImpl (/home/runner/work/alpine/alpine/node_modules/esbuild/lib/main.js:898:5)
2025-02-11T00:37:09.5221137Z     at Object.buildOrContext (/home/runner/work/alpine/alpine/node_modules/esbuild/lib/main.js:700:5)
2025-02-11T00:37:09.5222275Z     at /home/runner/work/alpine/alpine/node_modules/esbuild/lib/main.js:2030:15
2025-02-11T00:37:09.5223033Z     at new Promise (<anonymous>)
2025-02-11T00:37:09.5224084Z     at Object.build (/home/runner/work/alpine/alpine/node_modules/esbuild/lib/main.js:2029:25)
2025-02-11T00:37:09.5225482Z     at Object.build (/home/runner/work/alpine/alpine/node_modules/esbuild/lib/main.js:1880:51)
2025-02-11T00:37:09.5226469Z     at build (/home/runner/work/alpine/alpine/scripts/build.js:91:31)
2025-02-11T00:37:09.5226907Z 
2025-02-11T00:37:09.5227369Z âœ˜ [ERROR] Invalid option in build() call: "watch"
2025-02-11T00:37:09.5227713Z 
2025-02-11T00:37:09.5228142Z     /home/runner/work/alpine/alpine/node_modules/esbuild/lib/main.js:254:12:
2025-02-11T00:37:09.5229152Z       254 â”‚       throw new Error(`Invalid option ${where}: ${quote(key)}`);
2025-02-11T00:37:09.5229729Z           â•µ             ^
2025-02-11T00:37:09.5229961Z 
2025-02-11T00:37:09.5230604Z     at checkForInvalidFlags (/home/runner/work/alpine/alpine/node_modules/esbuild/lib/main.js:254:13)
2025-02-11T00:37:09.5231914Z     at flagsForBuildOptions (/home/runner/work/alpine/alpine/node_modules/esbuild/lib/main.js:427:3)
2025-02-11T00:37:09.5233416Z     at buildOrContextContinue (/home/runner/work/alpine/alpine/node_modules/esbuild/lib/main.js:914:9)
2025-02-11T00:37:09.5234975Z     at buildOrContextImpl (/home/runner/work/alpine/alpine/node_modules/esbuild/lib/main.js:898:5)
2025-02-11T00:37:09.5236271Z     at Object.buildOrContext (/home/runner/work/alpine/alpine/node_modules/esbuild/lib/main.js:700:5)
2025-02-11T00:37:09.5237412Z     at /home/runner/work/alpine/alpine/node_modules/esbuild/lib/main.js:2030:15
2025-02-11T00:37:09.5238105Z     at new Promise (<anonymous>)
2025-02-11T00:37:09.5238842Z     at Object.build (/home/runner/work/alpine/alpine/node_modules/esbuild/lib/main.js:2029:25)
2025-02-11T00:37:09.5239926Z     at Object.build (/home/runner/work/alpine/alpine/node_modules/esbuild/lib/main.js:1880:51)
2025-02-11T00:37:09.5240847Z     at build (/home/runner/work/alpine/alpine/scripts/build.js:91:31)
2025-02-11T00:37:09.5241274Z 
2025-02-11T00:37:09.5241777Z âœ˜ [ERROR] Invalid option in build() call: "watch"
2025-02-11T00:37:09.5242130Z 
2025-02-11T00:37:09.5242566Z     /home/runner/work/alpine/alpine/node_modules/esbuild/lib/main.js:254:12:
2025-02-11T00:37:09.5243823Z       254 â”‚       throw new Error(`Invalid option ${where}: ${quote(key)}`);
2025-02-11T00:37:09.5244482Z           â•µ             ^
2025-02-11T00:37:09.5244718Z 
2025-02-11T00:37:09.5245355Z     at checkForInvalidFlags (/home/runner/work/alpine/alpine/node_modules/esbuild/lib/main.js:254:13)
2025-02-11T00:37:09.5246641Z     at flagsForBuildOptions (/home/runner/work/alpine/alpine/node_modules/esbuild/lib/main.js:427:3)
2025-02-11T00:37:09.5247968Z     at buildOrContextContinue (/home/runner/work/alpine/alpine/node_modules/esbuild/lib/main.js:914:9)
2025-02-11T00:37:09.5249294Z     at buildOrContextImpl (/home/runner/work/alpine/alpine/node_modules/esbuild/lib/main.js:898:5)
2025-02-11T00:37:09.5250578Z     at Object.buildOrContext (/home/runner/work/alpine/alpine/node_modules/esbuild/lib/main.js:700:5)
2025-02-11T00:37:09.5251670Z     at /home/runner/work/alpine/alpine/node_modules/esbuild/lib/main.js:2030:15
2025-02-11T00:37:09.5252367Z     at new Promise (<anonymous>)
2025-02-11T00:37:09.5253336Z     at Object.build (/home/runner/work/alpine/alpine/node_modules/esbuild/lib/main.js:2029:25)
2025-02-11T00:37:09.5254466Z     at Object.build (/home/runner/work/alpine/alpine/node_modules/esbuild/lib/main.js:1880:51)
2025-02-11T00:37:09.5255378Z     at build (/home/runner/work/alpine/alpine/scripts/build.js:91:31)
2025-02-11T00:37:09.5255808Z 
2025-02-11T00:37:09.5256285Z âœ˜ [ERROR] Invalid option in build() call: "watch"
2025-02-11T00:37:09.5256629Z 
2025-02-11T00:37:09.5257061Z     /home/runner/work/alpine/alpine/node_modules/esbuild/lib/main.js:254:12:
2025-02-11T00:37:09.5258069Z       254 â”‚       throw new Error(`Invalid option ${where}: ${quote(key)}`);
2025-02-11T00:37:09.5258734Z           â•µ             ^
2025-02-11T00:37:09.5258971Z 
2025-02-11T00:37:09.5259588Z     at checkForInvalidFlags (/home/runner/work/alpine/alpine/node_modules/esbuild/lib/main.js:254:13)
2025-02-11T00:37:09.5260909Z     at flagsForBuildOptions (/home/runner/work/alpine/alpine/node_modules/esbuild/lib/main.js:427:3)
2025-02-11T00:37:09.5262525Z     at buildOrContextContinue (/home/runner/work/alpine/alpine/node_modules/esbuild/lib/main.js:914:9)
2025-02-11T00:37:09.5264075Z     at buildOrContextImpl (/home/runner/work/alpine/alpine/node_modules/esbuild/lib/main.js:898:5)
2025-02-11T00:37:09.5265290Z     at Object.buildOrContext (/home/runner/work/alpine/alpine/node_modules/esbuild/lib/main.js:700:5)
2025-02-11T00:37:09.5266351Z     at /home/runner/work/alpine/alpine/node_modules/esbuild/lib/main.js:2030:15
2025-02-11T00:37:09.5267074Z     at new Promise (<anonymous>)
2025-02-11T00:37:09.5267904Z     at Object.build (/home/runner/work/alpine/alpine/node_modules/esbuild/lib/main.js:2029:25)
2025-02-11T00:37:09.5269092Z     at Object.build (/home/runner/work/alpine/alpine/node_modules/esbuild/lib/main.js:1880:51)
2025-02-11T00:37:09.5270104Z     at build (/home/runner/work/alpine/alpine/scripts/build.js:91:31)
2025-02-11T00:37:09.5270576Z 
2025-02-11T00:37:09.5271137Z âœ˜ [ERROR] Invalid option in build() call: "watch"
2025-02-11T00:37:09.5271759Z 
2025-02-11T00:37:09.5272185Z     /home/runner/work/alpine/alpine/node_modules/esbuild/lib/main.js:254:12:
2025-02-11T00:37:09.5273342Z       254 â”‚       throw new Error(`Invalid option ${where}: ${quote(key)}`);
2025-02-11T00:37:09.5273929Z           â•µ             ^
2025-02-11T00:37:09.5274144Z 
2025-02-11T00:37:09.5274755Z     at checkForInvalidFlags (/home/runner/work/alpine/alpine/node_modules/esbuild/lib/main.js:254:13)
2025-02-11T00:37:09.5276043Z     at flagsForBuildOptions (/home/runner/work/alpine/alpine/node_modules/esbuild/lib/main.js:427:3)
2025-02-11T00:37:09.5277319Z     at buildOrContextContinue (/home/runner/work/alpine/alpine/node_modules/esbuild/lib/main.js:914:9)
2025-02-11T00:37:09.5278549Z     at buildOrContextImpl (/home/runner/work/alpine/alpine/node_modules/esbuild/lib/main.js:898:5)
2025-02-11T00:37:09.5279843Z     at Object.buildOrContext (/home/runner/work/alpine/alpine/node_modules/esbuild/lib/main.js:700:5)
2025-02-11T00:37:09.5280968Z     at /home/runner/work/alpine/alpine/node_modules/esbuild/lib/main.js:2030:15
2025-02-11T00:37:09.5281720Z     at new Promise (<anonymous>)
2025-02-11T00:37:09.5282562Z     at Object.build (/home/runner/work/alpine/alpine/node_modules/esbuild/lib/main.js:2029:25)
2025-02-11T00:37:09.5283892Z     at Object.build (/home/runner/work/alpine/alpine/node_modules/esbuild/lib/main.js:1880:51)
2025-02-11T00:37:09.5284809Z     at build (/home/runner/work/alpine/alpine/scripts/build.js:91:31)
2025-02-11T00:37:09.5285237Z 
2025-02-11T00:37:09.5285737Z âœ˜ [ERROR] Invalid option in build() call: "watch"
2025-02-11T00:37:09.5286090Z 
2025-02-11T00:37:09.5286514Z     /home/runner/work/alpine/alpine/node_modules/esbuild/lib/main.js:254:12:
2025-02-11T00:37:09.5287509Z       254 â”‚       throw new Error(`Invalid option ${where}: ${quote(key)}`);
2025-02-11T00:37:09.5288185Z           â•µ             ^
2025-02-11T00:37:09.5288427Z 
2025-02-11T00:37:09.5289075Z     at checkForInvalidFlags (/home/runner/work/alpine/alpine/node_modules/esbuild/lib/main.js:254:13)
2025-02-11T00:37:09.5290423Z     at flagsForBuildOptions (/home/runner/work/alpine/alpine/node_modules/esbuild/lib/main.js:427:3)
2025-02-11T00:37:09.5291699Z     at buildOrContextContinue (/home/runner/work/alpine/alpine/node_modules/esbuild/lib/main.js:914:9)
2025-02-11T00:37:09.5292926Z     at buildOrContextImpl (/home/runner/work/alpine/alpine/node_modules/esbuild/lib/main.js:898:5)
2025-02-11T00:37:09.5294333Z     at Object.buildOrContext (/home/runner/work/alpine/alpine/node_modules/esbuild/lib/main.js:700:5)
2025-02-11T00:37:09.5295385Z     at /home/runner/work/alpine/alpine/node_modules/esbuild/lib/main.js:2030:15
2025-02-11T00:37:09.5327372Z     at new Promise (<anonymous>)
2025-02-11T00:37:09.5328271Z     at Object.build (/home/runner/work/alpine/alpine/node_modules/esbuild/lib/main.js:2029:25)
2025-02-11T00:37:09.5329866Z     at Object.build (/home/runner/work/alpine/alpine/node_modules/esbuild/lib/main.js:1880:51)
2025-02-11T00:37:09.5331117Z     at build (/home/runner/work/alpine/alpine/scripts/build.js:91:31)
2025-02-11T00:37:09.5331635Z 
2025-02-11T00:37:09.5332162Z âœ˜ [ERROR] Invalid option in build() call: "watch"
2025-02-11T00:37:09.5332550Z 
2025-02-11T00:37:09.5333016Z     /home/runner/work/alpine/alpine/node_modules/esbuild/lib/main.js:254:12:
2025-02-11T00:37:09.5334243Z       254 â”‚       throw new Error(`Invalid option ${where}: ${quote(key)}`);
2025-02-11T00:37:09.5334832Z           â•µ             ^
2025-02-11T00:37:09.5335058Z 
2025-02-11T00:37:09.5335654Z     at checkForInvalidFlags (/home/runner/work/alpine/alpine/node_modules/esbuild/lib/main.js:254:13)
2025-02-11T00:37:09.5336915Z     at flagsForBuildOptions (/home/runner/work/alpine/alpine/node_modules/esbuild/lib/main.js:427:3)
2025-02-11T00:37:09.5338426Z     at buildOrContextContinue (/home/runner/work/alpine/alpine/node_modules/esbuild/lib/main.js:914:9)
2025-02-11T00:37:09.5339804Z     at buildOrContextImpl (/home/runner/work/alpine/alpine/node_modules/esbuild/lib/main.js:898:5)
2025-02-11T00:37:09.5342032Z     at Object.buildOrContext (/home/runner/work/alpine/alpine/node_modules/esbuild/lib/main.js:700:5)
2025-02-11T00:37:09.5343297Z     at /home/runner/work/alpine/alpine/node_modules/esbuild/lib/main.js:2030:15
2025-02-11T00:37:09.5343987Z     at new Promise (<anonymous>)
2025-02-11T00:37:09.5344766Z     at Object.build (/home/runner/work/alpine/alpine/node_modules/esbuild/lib/main.js:2029:25)
2025-02-11T00:37:09.5345897Z     at Object.build (/home/runner/work/alpine/alpine/node_modules/esbuild/lib/main.js:1880:51)
2025-02-11T00:37:09.5346897Z     at build (/home/runner/work/alpine/alpine/scripts/build.js:91:31)
2025-02-11T00:37:09.5347364Z 
2025-02-11T00:37:09.5347965Z âœ˜ [ERROR] Invalid option in build() call: "watch"
2025-02-11T00:37:09.5348355Z 
2025-02-11T00:37:09.5348808Z     /home/runner/work/alpine/alpine/node_modules/esbuild/lib/main.js:254:12:
2025-02-11T00:37:09.5349795Z       254 â”‚       throw new Error(`Invalid option ${where}: ${quote(key)}`);
2025-02-11T00:37:09.5350375Z           â•µ             ^
2025-02-11T00:37:09.5350622Z 
2025-02-11T00:37:09.5351236Z     at checkForInvalidFlags (/home/runner/work/alpine/alpine/node_modules/esbuild/lib/main.js:254:13)
2025-02-11T00:37:09.5352468Z     at flagsForBuildOptions (/home/runner/work/alpine/alpine/node_modules/esbuild/lib/main.js:427:3)
2025-02-11T00:37:09.5353967Z     at buildOrContextContinue (/home/runner/work/alpine/alpine/node_modules/esbuild/lib/main.js:914:9)
2025-02-11T00:37:09.5355291Z     at buildOrContextImpl (/home/runner/work/alpine/alpine/node_modules/esbuild/lib/main.js:898:5)
2025-02-11T00:37:09.5356575Z     at Object.buildOrContext (/home/runner/work/alpine/alpine/node_modules/esbuild/lib/main.js:700:5)
2025-02-11T00:37:09.5357652Z     at /home/runner/work/alpine/alpine/node_modules/esbuild/lib/main.js:2030:15
2025-02-11T00:37:09.5358339Z     at new Promise (<anonymous>)
2025-02-11T00:37:09.5359112Z     at Object.build (/home/runner/work/alpine/alpine/node_modules/esbuild/lib/main.js:2029:25)
2025-02-11T00:37:09.5360197Z     at Object.build (/home/runner/work/alpine/alpine/node_modules/esbuild/lib/main.js:1880:51)
2025-02-11T00:37:09.5361184Z     at build (/home/runner/work/alpine/alpine/scripts/build.js:91:31)
2025-02-11T00:37:09.5361659Z 
2025-02-11T00:37:09.5362168Z âœ˜ [ERROR] Invalid option in build() call: "watch"
2025-02-11T00:37:09.5362548Z 
2025-02-11T00:37:09.5362996Z     /home/runner/work/alpine/alpine/node_modules/esbuild/lib/main.js:254:12:
2025-02-11T00:37:09.5364238Z       254 â”‚       throw new Error(`Invalid option ${where}: ${quote(key)}`);
2025-02-11T00:37:09.5364878Z           â•µ             ^
2025-02-11T00:37:09.5365101Z 
2025-02-11T00:37:09.5365696Z     at checkForInvalidFlags (/home/runner/work/alpine/alpine/node_modules/esbuild/lib/main.js:254:13)
2025-02-11T00:37:09.5366912Z     at flagsForBuildOptions (/home/runner/work/alpine/alpine/node_modules/esbuild/lib/main.js:427:3)
2025-02-11T00:37:09.5368138Z     at buildOrContextContinue (/home/runner/work/alpine/alpine/node_modules/esbuild/lib/main.js:914:9)
2025-02-11T00:37:09.5369661Z     at buildOrContextImpl (/home/runner/work/alpine/alpine/node_modules/esbuild/lib/main.js:898:5)
2025-02-11T00:37:09.5371000Z     at Object.buildOrContext (/home/runner/work/alpine/alpine/node_modules/esbuild/lib/main.js:700:5)
2025-02-11T00:37:09.5372119Z     at /home/runner/work/alpine/alpine/node_modules/esbuild/lib/main.js:2030:15
2025-02-11T00:37:09.5372787Z     at new Promise (<anonymous>)
2025-02-11T00:37:09.5373761Z     at Object.build (/home/runner/work/alpine/alpine/node_modules/esbuild/lib/main.js:2029:25)
2025-02-11T00:37:09.5374847Z     at Object.build (/home/runner/work/alpine/alpine/node_modules/esbuild/lib/main.js:1880:51)
2025-02-11T00:37:09.5375801Z     at build (/home/runner/work/alpine/alpine/scripts/build.js:91:31)
2025-02-11T00:37:09.5376267Z 
2025-02-11T00:37:09.5376776Z âœ˜ [ERROR] Invalid option in build() call: "watch"
2025-02-11T00:37:09.5377160Z 
2025-02-11T00:37:09.5377608Z     /home/runner/work/alpine/alpine/node_modules/esbuild/lib/main.js:254:12:
2025-02-11T00:37:09.5378939Z       254 â”‚       throw new Error(`Invalid option ${where}: ${quote(key)}`);
2025-02-11T00:37:09.5379542Z           â•µ             ^
2025-02-11T00:37:09.5379774Z 
2025-02-11T00:37:09.5380351Z     at checkForInvalidFlags (/home/runner/work/alpine/alpine/node_modules/esbuild/lib/main.js:254:13)
2025-02-11T00:37:09.5381360Z     at flagsForBuildOptions (/home/runner/work/alpine/alpine/node_modules/esbuild/lib/main.js:427:3)
2025-02-11T00:37:09.5382576Z     at buildOrContextContinue (/home/runner/work/alpine/alpine/node_modules/esbuild/lib/main.js:914:9)
2025-02-11T00:37:09.5383950Z     at buildOrContextImpl (/home/runner/work/alpine/alpine/node_modules/esbuild/lib/main.js:898:5)
2025-02-11T00:37:09.5385144Z     at Object.buildOrContext (/home/runner/work/alpine/alpine/node_modules/esbuild/lib/main.js:700:5)
2025-02-11T00:37:09.5386259Z     at /home/runner/work/alpine/alpine/node_modules/esbuild/lib/main.js:2030:15
2025-02-11T00:37:09.5386989Z     at new Promise (<anonymous>)
2025-02-11T00:37:09.5387855Z     at Object.build (/home/runner/work/alpine/alpine/node_modules/esbuild/lib/main.js:2029:25)
2025-02-11T00:37:09.5389023Z     at Object.build (/home/runner/work/alpine/alpine/node_modules/esbuild/lib/main.js:1880:51)
2025-02-11T00:37:09.5389969Z     at build (/home/runner/work/alpine/alpine/scripts/build.js:91:31)
2025-02-11T00:37:09.5390397Z 
2025-02-11T00:37:09.5390915Z âœ˜ [ERROR] Invalid option in build() call: "watch"
2025-02-11T00:37:09.5391256Z 
2025-02-11T00:37:09.5391676Z     /home/runner/work/alpine/alpine/node_modules/esbuild/lib/main.js:254:12:
2025-02-11T00:37:09.5392640Z       254 â”‚       throw new Error(`Invalid option ${where}: ${quote(key)}`);
2025-02-11T00:37:09.5393478Z           â•µ             ^
2025-02-11T00:37:09.5393731Z 
2025-02-11T00:37:09.5394367Z     at checkForInvalidFlags (/home/runner/work/alpine/alpine/node_modules/esbuild/lib/main.js:254:13)
2025-02-11T00:37:09.5395690Z     at flagsForBuildOptions (/home/runner/work/alpine/alpine/node_modules/esbuild/lib/main.js:427:3)
2025-02-11T00:37:09.5397027Z     at buildOrContextContinue (/home/runner/work/alpine/alpine/node_modules/esbuild/lib/main.js:914:9)
2025-02-11T00:37:09.5398255Z     at buildOrContextImpl (/home/runner/work/alpine/alpine/node_modules/esbuild/lib/main.js:898:5)
2025-02-11T00:37:09.5399427Z     at Object.buildOrContext (/home/runner/work/alpine/alpine/node_modules/esbuild/lib/main.js:700:5)
2025-02-11T00:37:09.5400501Z     at /home/runner/work/alpine/alpine/node_modules/esbuild/lib/main.js:2030:15
2025-02-11T00:37:09.5401231Z     at new Promise (<anonymous>)
2025-02-11T00:37:09.5402089Z     at Object.build (/home/runner/work/alpine/alpine/node_modules/esbuild/lib/main.js:2029:25)
2025-02-11T00:37:09.5403444Z     at Object.build (/home/runner/work/alpine/alpine/node_modules/esbuild/lib/main.js:1880:51)
2025-02-11T00:37:09.5404392Z     at build (/home/runner/work/alpine/alpine/scripts/build.js:91:31)
2025-02-11T00:37:09.5404816Z 
2025-02-11T00:37:09.5405277Z âœ˜ [ERROR] Invalid option in build() call: "watch"
2025-02-11T00:37:09.5405627Z 
2025-02-11T00:37:09.5406250Z     /home/runner/work/alpine/alpine/node_modules/esbuild/lib/main.js:254:12:
2025-02-11T00:37:09.5407242Z       254 â”‚       throw new Error(`Invalid option ${where}: ${quote(key)}`);
2025-02-11T00:37:09.5407898Z           â•µ             ^
2025-02-11T00:37:09.5408148Z 
2025-02-11T00:37:09.5408774Z     at checkForInvalidFlags (/home/runner/work/alpine/alpine/node_modules/esbuild/lib/main.js:254:13)
2025-02-11T00:37:09.5410102Z     at flagsForBuildOptions (/home/runner/work/alpine/alpine/node_modules/esbuild/lib/main.js:427:3)
2025-02-11T00:37:09.5411362Z     at buildOrContextContinue (/home/runner/work/alpine/alpine/node_modules/esbuild/lib/main.js:914:9)
2025-02-11T00:37:09.5412564Z     at buildOrContextImpl (/home/runner/work/alpine/alpine/node_modules/esbuild/lib/main.js:898:5)
2025-02-11T00:37:09.5413944Z     at Object.buildOrContext (/home/runner/work/alpine/alpine/node_modules/esbuild/lib/main.js:700:5)
2025-02-11T00:37:09.5415069Z     at /home/runner/work/alpine/alpine/node_modules/esbuild/lib/main.js:2030:15
2025-02-11T00:37:09.5416031Z     at new Promise (<anonymous>)
2025-02-11T00:37:09.5416879Z     at Object.build (/home/runner/work/alpine/alpine/node_modules/esbuild/lib/main.js:2029:25)
2025-02-11T00:37:09.5418045Z     at Object.build (/home/runner/work/alpine/alpine/node_modules/esbuild/lib/main.js:1880:51)
2025-02-11T00:37:09.5418964Z     at build (/home/runner/work/alpine/alpine/scripts/build.js:91:31)
2025-02-11T00:37:09.5419392Z 
2025-02-11T00:37:09.5419845Z âœ˜ [ERROR] Invalid option in build() call: "watch"
2025-02-11T00:37:09.5420184Z 
2025-02-11T00:37:09.5420601Z     /home/runner/work/alpine/alpine/node_modules/esbuild/lib/main.js:254:12:
2025-02-11T00:37:09.5421567Z       254 â”‚       throw new Error(`Invalid option ${where}: ${quote(key)}`);
2025-02-11T00:37:09.5422231Z           â•µ             ^
2025-02-11T00:37:09.5422479Z 
2025-02-11T00:37:09.5423300Z     at checkForInvalidFlags (/home/runner/work/alpine/alpine/node_modules/esbuild/lib/main.js:254:13)
2025-02-11T00:37:09.5424642Z     at flagsForBuildOptions (/home/runner/work/alpine/alpine/node_modules/esbuild/lib/main.js:427:3)
2025-02-11T00:37:09.5425891Z     at buildOrContextContinue (/home/runner/work/alpine/alpine/node_modules/esbuild/lib/main.js:914:9)
2025-02-11T00:37:09.5427104Z     at buildOrContextImpl (/home/runner/work/alpine/alpine/node_modules/esbuild/lib/main.js:898:5)
2025-02-11T00:37:09.5428290Z     at Object.buildOrContext (/home/runner/work/alpine/alpine/node_modules/esbuild/lib/main.js:700:5)
2025-02-11T00:37:09.5429475Z     at /home/runner/work/alpine/alpine/node_modules/esbuild/lib/main.js:2030:15
2025-02-11T00:37:09.5430228Z     at new Promise (<anonymous>)
2025-02-11T00:37:09.5431057Z     at Object.build (/home/runner/work/alpine/alpine/node_modules/esbuild/lib/main.js:2029:25)
2025-02-11T00:37:09.5432159Z     at Object.build (/home/runner/work/alpine/alpine/node_modules/esbuild/lib/main.js:1880:51)
2025-02-11T00:37:09.5432980Z     at build (/home/runner/work/alpine/alpine/scripts/build.js:91:31)
2025-02-11T00:37:09.5433487Z 
2025-02-11T00:37:09.5433987Z âœ˜ [ERROR] Invalid option in build() call: "watch"
2025-02-11T00:37:09.5434339Z 
2025-02-11T00:37:09.5434768Z     /home/runner/work/alpine/alpine/node_modules/esbuild/lib/main.js:254:12:
2025-02-11T00:37:09.5435702Z       254 â”‚       throw new Error(`Invalid option ${where}: ${quote(key)}`);
2025-02-11T00:37:09.5436287Z           â•µ             ^
2025-02-11T00:37:09.5436507Z 
2025-02-11T00:37:09.5437106Z     at checkForInvalidFlags (/home/runner/work/alpine/alpine/node_modules/esbuild/lib/main.js:254:13)
2025-02-11T00:37:09.5438386Z     at flagsForBuildOptions (/home/runner/work/alpine/alpine/node_modules/esbuild/lib/main.js:427:3)
2025-02-11T00:37:09.5439729Z     at buildOrContextContinue (/home/runner/work/alpine/alpine/node_modules/esbuild/lib/main.js:914:9)
2025-02-11T00:37:09.5441021Z     at buildOrContextImpl (/home/runner/work/alpine/alpine/node_modules/esbuild/lib/main.js:898:5)
2025-02-11T00:37:09.5442425Z     at Object.buildOrContext (/home/runner/work/alpine/alpine/node_modules/esbuild/lib/main.js:700:5)
2025-02-11T00:37:09.5443770Z     at /home/runner/work/alpine/alpine/node_modules/esbuild/lib/main.js:2030:15
2025-02-11T00:37:09.5444483Z     at new Promise (<anonymous>)
2025-02-11T00:37:09.5445306Z     at Object.build (/home/runner/work/alpine/alpine/node_modules/esbuild/lib/main.js:2029:25)
2025-02-11T00:37:09.5446460Z     at Object.build (/home/runner/work/alpine/alpine/node_modules/esbuild/lib/main.js:1880:51)
2025-02-11T00:37:09.5447464Z     at build (/home/runner/work/alpine/alpine/scripts/build.js:91:31)
2025-02-11T00:37:09.5447938Z 
2025-02-11T00:37:09.5448438Z âœ˜ [ERROR] Invalid option in build() call: "watch"
2025-02-11T00:37:09.5448792Z 
2025-02-11T00:37:09.5449219Z     /home/runner/work/alpine/alpine/node_modules/esbuild/lib/main.js:254:12:
2025-02-11T00:37:09.5450149Z       254 â”‚       throw new Error(`Invalid option ${where}: ${quote(key)}`);
2025-02-11T00:37:09.5450756Z           â•µ             ^
2025-02-11T00:37:09.5451249Z 
2025-02-11T00:37:09.5451876Z     at checkForInvalidFlags (/home/runner/work/alpine/alpine/node_modules/esbuild/lib/main.js:254:13)
2025-02-11T00:37:09.5453360Z     at flagsForBuildOptions (/home/runner/work/alpine/alpine/node_modules/esbuild/lib/main.js:427:3)
2025-02-11T00:37:09.5454704Z     at buildOrContextContinue (/home/runner/work/alpine/alpine/node_modules/esbuild/lib/main.js:914:9)
2025-02-11T00:37:09.5455994Z     at buildOrContextImpl (/home/runner/work/alpine/alpine/node_modules/esbuild/lib/main.js:898:5)
2025-02-11T00:37:09.5457181Z     at Object.buildOrContext (/home/runner/work/alpine/alpine/node_modules/esbuild/lib/main.js:700:5)
2025-02-11T00:37:09.5458222Z     at /home/runner/work/alpine/alpine/node_modules/esbuild/lib/main.js:2030:15
2025-02-11T00:37:09.5458945Z     at new Promise (<anonymous>)
2025-02-11T00:37:09.5459773Z     at Object.build (/home/runner/work/alpine/alpine/node_modules/esbuild/lib/main.js:2029:25)
2025-02-11T00:37:09.5460958Z     at Object.build (/home/runner/work/alpine/alpine/node_modules/esbuild/lib/main.js:1880:51)
2025-02-11T00:37:09.5461937Z     at build (/home/runner/work/alpine/alpine/scripts/build.js:91:31)
2025-02-11T00:37:09.5462372Z 
2025-02-11T00:37:09.5462974Z âœ˜ [ERROR] Invalid option in build() call: "watch"
2025-02-11T00:37:09.5463536Z 
2025-02-11T00:37:09.5463960Z     /home/runner/work/alpine/alpine/node_modules/esbuild/lib/main.js:254:12:
2025-02-11T00:37:09.5464902Z       254 â”‚       throw new Error(`Invalid option ${where}: ${quote(key)}`);
2025-02-11T00:37:09.5465528Z           â•µ             ^
2025-02-11T00:37:09.5465780Z 
2025-02-11T00:37:09.5466414Z     at checkForInvalidFlags (/home/runner/work/alpine/alpine/node_modules/esbuild/lib/main.js:254:13)
2025-02-11T00:37:09.5467736Z     at flagsForBuildOptions (/home/runner/work/alpine/alpine/node_modules/esbuild/lib/main.js:427:3)
2025-02-11T00:37:09.5469026Z     at buildOrContextContinue (/home/runner/work/alpine/alpine/node_modules/esbuild/lib/main.js:914:9)
2025-02-11T00:37:09.5470247Z     at buildOrContextImpl (/home/runner/work/alpine/alpine/node_modules/esbuild/lib/main.js:898:5)
2025-02-11T00:37:09.5471460Z     at Object.buildOrContext (/home/runner/work/alpine/alpine/node_modules/esbuild/lib/main.js:700:5)
2025-02-11T00:37:09.5472580Z     at /home/runner/work/alpine/alpine/node_modules/esbuild/lib/main.js:2030:15
2025-02-11T00:37:09.5473504Z     at new Promise (<anonymous>)
2025-02-11T00:37:09.5474336Z     at Object.build (/home/runner/work/alpine/alpine/node_modules/esbuild/lib/main.js:2029:25)
2025-02-11T00:37:09.5475499Z     at Object.build (/home/runner/work/alpine/alpine/node_modules/esbuild/lib/main.js:1880:51)
2025-02-11T00:37:09.5476486Z     at build (/home/runner/work/alpine/alpine/scripts/build.js:91:31)
2025-02-11T00:37:09.5476962Z 
2025-02-11T00:37:09.5477424Z âœ˜ [ERROR] Invalid option in build() call: "watch"
2025-02-11T00:37:09.5477775Z 
2025-02-11T00:37:09.5478194Z     /home/runner/work/alpine/alpine/node_modules/esbuild/lib/main.js:254:12:
2025-02-11T00:37:09.5479325Z       254 â”‚       throw new Error(`Invalid option ${where}: ${quote(key)}`);
2025-02-11T00:37:09.5479934Z           â•µ             ^
2025-02-11T00:37:09.5480162Z 
2025-02-11T00:37:09.5480791Z     at checkForInvalidFlags (/home/runner/work/alpine/alpine/node_modules/esbuild/lib/main.js:254:13)
2025-02-11T00:37:09.5482098Z     at flagsForBuildOptions (/home/runner/work/alpine/alpine/node_modules/esbuild/lib/main.js:427:3)
2025-02-11T00:37:09.5483605Z     at buildOrContextContinue (/home/runner/work/alpine/alpine/node_modules/esbuild/lib/main.js:914:9)
2025-02-11T00:37:09.5484875Z     at buildOrContextImpl (/home/runner/work/alpine/alpine/node_modules/esbuild/lib/main.js:898:5)
2025-02-11T00:37:09.5485966Z     at Object.buildOrContext (/home/runner/work/alpine/alpine/node_modules/esbuild/lib/main.js:700:5)
2025-02-11T00:37:09.5487018Z     at /home/runner/work/alpine/alpine/node_modules/esbuild/lib/main.js:2030:15
2025-02-11T00:37:09.5487705Z     at new Promise (<anonymous>)
2025-02-11T00:37:09.5488491Z     at Object.build (/home/runner/work/alpine/alpine/node_modules/esbuild/lib/main.js:2029:25)
2025-02-11T00:37:09.5489865Z     at Object.build (/home/runner/work/alpine/alpine/node_modules/esbuild/lib/main.js:1880:51)
2025-02-11T00:37:09.5490849Z     at build (/home/runner/work/alpine/alpine/scripts/build.js:91:31)
2025-02-11T00:37:09.5491326Z 
2025-02-11T00:37:09.5491836Z âœ˜ [ERROR] Invalid option in build() call: "watch"
2025-02-11T00:37:09.5492223Z 
2025-02-11T00:37:09.5492676Z     /home/runner/work/alpine/alpine/node_modules/esbuild/lib/main.js:254:12:
2025-02-11T00:37:09.5493945Z       254 â”‚       throw new Error(`Invalid option ${where}: ${quote(key)}`);
2025-02-11T00:37:09.5494543Z           â•µ             ^
2025-02-11T00:37:09.5494768Z 
2025-02-11T00:37:09.5495471Z     at checkForInvalidFlags (/home/runner/work/alpine/alpine/node_modules/esbuild/lib/main.js:254:13)
2025-02-11T00:37:09.5496687Z     at flagsForBuildOptions (/home/runner/work/alpine/alpine/node_modules/esbuild/lib/main.js:427:3)
2025-02-11T00:37:09.5498013Z     at buildOrContextContinue (/home/runner/work/alpine/alpine/node_modules/esbuild/lib/main.js:914:9)
2025-02-11T00:37:09.5499363Z     at buildOrContextImpl (/home/runner/work/alpine/alpine/node_modules/esbuild/lib/main.js:898:5)
2025-02-11T00:37:09.5500641Z     at Object.buildOrContext (/home/runner/work/alpine/alpine/node_modules/esbuild/lib/main.js:700:5)
2025-02-11T00:37:09.5501709Z     at /home/runner/work/alpine/alpine/node_modules/esbuild/lib/main.js:2030:15
2025-02-11T00:37:09.5502395Z     at new Promise (<anonymous>)
2025-02-11T00:37:09.5503364Z     at Object.build (/home/runner/work/alpine/alpine/node_modules/esbuild/lib/main.js:2029:25)
2025-02-11T00:37:09.5504491Z     at Object.build (/home/runner/work/alpine/alpine/node_modules/esbuild/lib/main.js:1880:51)
2025-02-11T00:37:09.5505473Z     at build (/home/runner/work/alpine/alpine/scripts/build.js:91:31)
2025-02-11T00:37:09.5505938Z 
2025-02-11T00:37:09.5506453Z âœ˜ [ERROR] Invalid option in build() call: "watch"
2025-02-11T00:37:09.5506835Z 
2025-02-11T00:37:09.5507310Z     /home/runner/work/alpine/alpine/node_modules/esbuild/lib/main.js:254:12:
2025-02-11T00:37:09.5508348Z       254 â”‚       throw new Error(`Invalid option ${where}: ${quote(key)}`);
2025-02-11T00:37:09.5508944Z           â•µ             ^
2025-02-11T00:37:09.5509168Z 
2025-02-11T00:37:09.5509776Z     at checkForInvalidFlags (/home/runner/work/alpine/alpine/node_modules/esbuild/lib/main.js:254:13)
2025-02-11T00:37:09.5510995Z     at flagsForBuildOptions (/home/runner/work/alpine/alpine/node_modules/esbuild/lib/main.js:427:3)
2025-02-11T00:37:09.5512279Z     at buildOrContextContinue (/home/runner/work/alpine/alpine/node_modules/esbuild/lib/main.js:914:9)
2025-02-11T00:37:09.5513795Z     at buildOrContextImpl (/home/runner/work/alpine/alpine/node_modules/esbuild/lib/main.js:898:5)
2025-02-11T00:37:09.5515085Z     at Object.buildOrContext (/home/runner/work/alpine/alpine/node_modules/esbuild/lib/main.js:700:5)
2025-02-11T00:37:09.5516153Z     at /home/runner/work/alpine/alpine/node_modules/esbuild/lib/main.js:2030:15
2025-02-11T00:37:09.5517056Z     at new Promise (<anonymous>)
2025-02-11T00:37:09.5517860Z     at Object.build (/home/runner/work/alpine/alpine/node_modules/esbuild/lib/main.js:2029:25)
2025-02-11T00:37:09.5518995Z     at Object.build (/home/runner/work/alpine/alpine/node_modules/esbuild/lib/main.js:1880:51)
2025-02-11T00:37:09.5519984Z     at build (/home/runner/work/alpine/alpine/scripts/build.js:91:31)
2025-02-11T00:37:09.5520459Z 
2025-02-11T00:37:09.5520970Z âœ˜ [ERROR] Invalid option in build() call: "watch"
2025-02-11T00:37:09.5521348Z 
2025-02-11T00:37:09.5521775Z     /home/runner/work/alpine/alpine/node_modules/esbuild/lib/main.js:254:12:
2025-02-11T00:37:09.5522724Z       254 â”‚       throw new Error(`Invalid option ${where}: ${quote(key)}`);
2025-02-11T00:37:09.5523507Z           â•µ             ^
2025-02-11T00:37:09.5523725Z 
2025-02-11T00:37:09.5524320Z     at checkForInvalidFlags (/home/runner/work/alpine/alpine/node_modules/esbuild/lib/main.js:254:13)
2025-02-11T00:37:09.5525894Z     at flagsForBuildOptions (/home/runner/work/alpine/alpine/node_modules/esbuild/lib/main.js:427:3)
2025-02-11T00:37:09.5527233Z     at buildOrContextContinue (/home/runner/work/alpine/alpine/node_modules/esbuild/lib/main.js:914:9)
2025-02-11T00:37:09.5528502Z     at buildOrContextImpl (/home/runner/work/alpine/alpine/node_modules/esbuild/lib/main.js:898:5)
2025-02-11T00:37:09.5529758Z     at Object.buildOrContext (/home/runner/work/alpine/alpine/node_modules/esbuild/lib/main.js:700:5)
2025-02-11T00:37:09.5530804Z     at /home/runner/work/alpine/alpine/node_modules/esbuild/lib/main.js:2030:15
2025-02-11T00:37:09.5531516Z     at new Promise (<anonymous>)
2025-02-11T00:37:09.5532336Z     at Object.build (/home/runner/work/alpine/alpine/node_modules/esbuild/lib/main.js:2029:25)
2025-02-11T00:37:09.5533675Z     at Object.build (/home/runner/work/alpine/alpine/node_modules/esbuild/lib/main.js:1880:51)
2025-02-11T00:37:09.5534666Z     at build (/home/runner/work/alpine/alpine/scripts/build.js:91:31)
2025-02-11T00:37:09.5535159Z 
2025-02-11T00:37:09.5535658Z âœ˜ [ERROR] Invalid option in build() call: "watch"
2025-02-11T00:37:09.5536055Z 
2025-02-11T00:37:09.5536507Z     /home/runner/work/alpine/alpine/node_modules/esbuild/lib/main.js:254:12:
2025-02-11T00:37:09.5537492Z       254 â”‚       throw new Error(`Invalid option ${where}: ${quote(key)}`);
2025-02-11T00:37:09.5538123Z           â•µ             ^
2025-02-11T00:37:09.5538347Z 
2025-02-11T00:37:09.5538959Z     at checkForInvalidFlags (/home/runner/work/alpine/alpine/node_modules/esbuild/lib/main.js:254:13)
2025-02-11T00:37:09.5540223Z     at flagsForBuildOptions (/home/runner/work/alpine/alpine/node_modules/esbuild/lib/main.js:427:3)
2025-02-11T00:37:09.5541443Z     at buildOrContextContinue (/home/runner/work/alpine/alpine/node_modules/esbuild/lib/main.js:914:9)
2025-02-11T00:37:09.5542669Z     at buildOrContextImpl (/home/runner/work/alpine/alpine/node_modules/esbuild/lib/main.js:898:5)
2025-02-11T00:37:09.5544193Z     at Object.buildOrContext (/home/runner/work/alpine/alpine/node_modules/esbuild/lib/main.js:700:5)
2025-02-11T00:37:09.5545374Z     at /home/runner/work/alpine/alpine/node_modules/esbuild/lib/main.js:2030:15
2025-02-11T00:37:09.5546124Z     at new Promise (<anonymous>)
2025-02-11T00:37:09.5546912Z     at Object.build (/home/runner/work/alpine/alpine/node_modules/esbuild/lib/main.js:2029:25)
2025-02-11T00:37:09.5547995Z     at Object.build (/home/runner/work/alpine/alpine/node_modules/esbuild/lib/main.js:1880:51)
2025-02-11T00:37:09.5548894Z     at build (/home/runner/work/alpine/alpine/scripts/build.js:91:31)
2025-02-11T00:37:09.5549342Z 
2025-02-11T00:37:09.5549819Z âœ˜ [ERROR] Invalid option in build() call: "watch"
2025-02-11T00:37:09.5550204Z 
2025-02-11T00:37:09.5550658Z     /home/runner/work/alpine/alpine/node_modules/esbuild/lib/main.js:254:12:
2025-02-11T00:37:09.5551730Z       254 â”‚       throw new Error(`Invalid option ${where}: ${quote(key)}`);
2025-02-11T00:37:09.5552422Z           â•µ             ^
2025-02-11T00:37:09.5552661Z 
2025-02-11T00:37:09.5553680Z     at checkForInvalidFlags (/home/runner/work/alpine/alpine/node_modules/esbuild/lib/main.js:254:13)
2025-02-11T00:37:09.5554978Z     at flagsForBuildOptions (/home/runner/work/alpine/alpine/node_modules/esbuild/lib/main.js:427:3)
2025-02-11T00:37:09.5556208Z     at buildOrContextContinue (/home/runner/work/alpine/alpine/node_modules/esbuild/lib/main.js:914:9)
2025-02-11T00:37:09.5557496Z     at buildOrContextImpl (/home/runner/work/alpine/alpine/node_modules/esbuild/lib/main.js:898:5)
2025-02-11T00:37:09.5558810Z     at Object.buildOrContext (/home/runner/work/alpine/alpine/node_modules/esbuild/lib/main.js:700:5)
2025-02-11T00:37:09.5559915Z     at /home/runner/work/alpine/alpine/node_modules/esbuild/lib/main.js:2030:15
2025-02-11T00:37:09.5560592Z     at new Promise (<anonymous>)
2025-02-11T00:37:09.5561367Z     at Object.build (/home/runner/work/alpine/alpine/node_modules/esbuild/lib/main.js:2029:25)
2025-02-11T00:37:09.5562466Z     at Object.build (/home/runner/work/alpine/alpine/node_modules/esbuild/lib/main.js:1880:51)
2025-02-11T00:37:09.5563794Z     at build (/home/runner/work/alpine/alpine/scripts/build.js:91:31)
2025-02-11T00:37:09.5564229Z 
2025-02-11T00:37:09.5564688Z âœ˜ [ERROR] Invalid option in build() call: "watch"
2025-02-11T00:37:09.5565064Z 
2025-02-11T00:37:09.5565510Z     /home/runner/work/alpine/alpine/node_modules/esbuild/lib/main.js:254:12:
2025-02-11T00:37:09.5566557Z       254 â”‚       throw new Error(`Invalid option ${where}: ${quote(key)}`);
2025-02-11T00:37:09.5567222Z           â•µ             ^
2025-02-11T00:37:09.5567464Z 
2025-02-11T00:37:09.5568091Z     at checkForInvalidFlags (/home/runner/work/alpine/alpine/node_modules/esbuild/lib/main.js:254:13)
2025-02-11T00:37:09.5569392Z     at flagsForBuildOptions (/home/runner/work/alpine/alpine/node_modules/esbuild/lib/main.js:427:3)
2025-02-11T00:37:09.5570697Z     at buildOrContextContinue (/home/runner/work/alpine/alpine/node_modules/esbuild/lib/main.js:914:9)
2025-02-11T00:37:09.5571992Z     at buildOrContextImpl (/home/runner/work/alpine/alpine/node_modules/esbuild/lib/main.js:898:5)
2025-02-11T00:37:09.5573436Z     at Object.buildOrContext (/home/runner/work/alpine/alpine/node_modules/esbuild/lib/main.js:700:5)
2025-02-11T00:37:09.5574529Z     at /home/runner/work/alpine/alpine/node_modules/esbuild/lib/main.js:2030:15
2025-02-11T00:37:09.5575224Z     at new Promise (<anonymous>)
2025-02-11T00:37:09.5576040Z     at Object.build (/home/runner/work/alpine/alpine/node_modules/esbuild/lib/main.js:2029:25)
2025-02-11T00:37:09.5577196Z     at Object.build (/home/runner/work/alpine/alpine/node_modules/esbuild/lib/main.js:1880:51)
2025-02-11T00:37:09.5578172Z     at build (/home/runner/work/alpine/alpine/scripts/build.js:91:31)
2025-02-11T00:37:09.5578654Z 
2025-02-11T00:37:09.5579139Z âœ˜ [ERROR] Invalid option in build() call: "watch"
2025-02-11T00:37:09.5579519Z 
2025-02-11T00:37:09.5579956Z     /home/runner/work/alpine/alpine/node_modules/esbuild/lib/main.js:254:12:
2025-02-11T00:37:09.5581029Z       254 â”‚       throw new Error(`Invalid option ${where}: ${quote(key)}`);
2025-02-11T00:37:09.5581716Z           â•µ             ^
2025-02-11T00:37:09.5581960Z 
2025-02-11T00:37:09.5582585Z     at checkForInvalidFlags (/home/runner/work/alpine/alpine/node_modules/esbuild/lib/main.js:254:13)
2025-02-11T00:37:09.5584095Z     at flagsForBuildOptions (/home/runner/work/alpine/alpine/node_modules/esbuild/lib/main.js:427:3)
2025-02-11T00:37:09.5585419Z     at buildOrContextContinue (/home/runner/work/alpine/alpine/node_modules/esbuild/lib/main.js:914:9)
2025-02-11T00:37:09.5586687Z     at buildOrContextImpl (/home/runner/work/alpine/alpine/node_modules/esbuild/lib/main.js:898:5)
2025-02-11T00:37:09.5587943Z     at Object.buildOrContext (/home/runner/work/alpine/alpine/node_modules/esbuild/lib/main.js:700:5)
2025-02-11T00:37:09.5589076Z     at /home/runner/work/alpine/alpine/node_modules/esbuild/lib/main.js:2030:15
2025-02-11T00:37:09.5589819Z     at new Promise (<anonymous>)
2025-02-11T00:37:09.5590890Z     at Object.build (/home/runner/work/alpine/alpine/node_modules/esbuild/lib/main.js:2029:25)
2025-02-11T00:37:09.5592088Z     at Object.build (/home/runner/work/alpine/alpine/node_modules/esbuild/lib/main.js:1880:51)
2025-02-11T00:37:09.5593269Z     at build (/home/runner/work/alpine/alpine/scripts/build.js:91:31)
2025-02-11T00:37:09.5593767Z 
2025-02-11T00:37:09.5594263Z âœ˜ [ERROR] Invalid option in build() call: "watch"
2025-02-11T00:37:09.5594642Z 
2025-02-11T00:37:09.5595094Z     /home/runner/work/alpine/alpine/node_modules/esbuild/lib/main.js:254:12:
2025-02-11T00:37:09.5596111Z       254 â”‚       throw new Error(`Invalid option ${where}: ${quote(key)}`);
2025-02-11T00:37:09.5596752Z           â•µ             ^
2025-02-11T00:37:09.5596992Z 
2025-02-11T00:37:09.5597643Z     at checkForInvalidFlags (/home/runner/work/alpine/alpine/node_modules/esbuild/lib/main.js:254:13)
2025-02-11T00:37:09.5598921Z     at flagsForBuildOptions (/home/runner/work/alpine/alpine/node_modules/esbuild/lib/main.js:427:3)
2025-02-11T00:37:09.5600204Z     at buildOrContextContinue (/home/runner/work/alpine/alpine/node_modules/esbuild/lib/main.js:914:9)
2025-02-11T00:37:09.5601737Z     at buildOrContextImpl (/home/runner/work/alpine/alpine/node_modules/esbuild/lib/main.js:898:5)
2025-02-11T00:37:09.5602937Z     at Object.buildOrContext (/home/runner/work/alpine/alpine/node_modules/esbuild/lib/main.js:700:5)
2025-02-11T00:37:09.5604073Z     at /home/runner/work/alpine/alpine/node_modules/esbuild/lib/main.js:2030:15
2025-02-11T00:37:09.5604714Z     at new Promise (<anonymous>)
2025-02-11T00:37:09.5605419Z     at Object.build (/home/runner/work/alpine/alpine/node_modules/esbuild/lib/main.js:2029:25)
2025-02-11T00:37:09.5606437Z     at Object.build (/home/runner/work/alpine/alpine/node_modules/esbuild/lib/main.js:1880:51)
2025-02-11T00:37:09.5607251Z     at build (/home/runner/work/alpine/alpine/scripts/build.js:91:31)
2025-02-11T00:37:09.5607654Z 
2025-02-11T00:37:09.5608081Z âœ˜ [ERROR] Invalid option in build() call: "watch"
2025-02-11T00:37:09.5608405Z 
2025-02-11T00:37:09.5608810Z     /home/runner/work/alpine/alpine/node_modules/esbuild/lib/main.js:254:12:
2025-02-11T00:37:09.5609693Z       254 â”‚       throw new Error(`Invalid option ${where}: ${quote(key)}`);
2025-02-11T00:37:09.5610287Z           â•µ             ^
2025-02-11T00:37:09.5610494Z 
2025-02-11T00:37:09.5611047Z     at checkForInvalidFlags (/home/runner/work/alpine/alpine/node_modules/esbuild/lib/main.js:254:13)
2025-02-11T00:37:09.5612120Z     at flagsForBuildOptions (/home/runner/work/alpine/alpine/node_modules/esbuild/lib/main.js:427:3)
2025-02-11T00:37:09.5613375Z     at buildOrContextContinue (/home/runner/work/alpine/alpine/node_modules/esbuild/lib/main.js:914:9)
2025-02-11T00:37:09.5614528Z     at buildOrContextImpl (/home/runner/work/alpine/alpine/node_modules/esbuild/lib/main.js:898:5)
2025-02-11T00:37:09.5615664Z     at Object.buildOrContext (/home/runner/work/alpine/alpine/node_modules/esbuild/lib/main.js:700:5)
2025-02-11T00:37:09.5616670Z     at /home/runner/work/alpine/alpine/node_modules/esbuild/lib/main.js:2030:15
2025-02-11T00:37:09.5617346Z     at new Promise (<anonymous>)
2025-02-11T00:37:09.5618101Z     at Object.build (/home/runner/work/alpine/alpine/node_modules/esbuild/lib/main.js:2029:25)
2025-02-11T00:37:09.5619144Z     at Object.build (/home/runner/work/alpine/alpine/node_modules/esbuild/lib/main.js:1880:51)
2025-02-11T00:37:09.5620029Z     at build (/home/runner/work/alpine/alpine/scripts/build.js:91:31)
2025-02-11T00:37:09.5620443Z 
2025-02-11T00:37:09.5620837Z âœ˜ [ERROR] Invalid option in build() call: "watch"
2025-02-11T00:37:09.5621172Z 
2025-02-11T00:37:09.5621573Z     /home/runner/work/alpine/alpine/node_modules/esbuild/lib/main.js:254:12:
2025-02-11T00:37:09.5622448Z       254 â”‚       throw new Error(`Invalid option ${where}: ${quote(key)}`);
2025-02-11T00:37:09.5623006Z           â•µ             ^
2025-02-11T00:37:09.5623369Z 
2025-02-11T00:37:09.5623954Z     at checkForInvalidFlags (/home/runner/work/alpine/alpine/node_modules/esbuild/lib/main.js:254:13)
2025-02-11T00:37:09.5625404Z     at flagsForBuildOptions (/home/runner/work/alpine/alpine/node_modules/esbuild/lib/main.js:427:3)
2025-02-11T00:37:09.5626637Z     at buildOrContextContinue (/home/runner/work/alpine/alpine/node_modules/esbuild/lib/main.js:914:9)
2025-02-11T00:37:09.5627799Z     at buildOrContextImpl (/home/runner/work/alpine/alpine/node_modules/esbuild/lib/main.js:898:5)
2025-02-11T00:37:09.5628977Z     at Object.buildOrContext (/home/runner/work/alpine/alpine/node_modules/esbuild/lib/main.js:700:5)
2025-02-11T00:37:09.5629983Z     at /home/runner/work/alpine/alpine/node_modules/esbuild/lib/main.js:2030:15
2025-02-11T00:37:09.5630621Z     at new Promise (<anonymous>)
2025-02-11T00:37:09.5631359Z     at Object.build (/home/runner/work/alpine/alpine/node_modules/esbuild/lib/main.js:2029:25)
2025-02-11T00:37:09.5632393Z     at Object.build (/home/runner/work/alpine/alpine/node_modules/esbuild/lib/main.js:1880:51)
2025-02-11T00:37:09.5633347Z     at build (/home/runner/work/alpine/alpine/scripts/build.js:91:31)
2025-02-11T00:37:09.5633917Z 
2025-02-11T00:37:09.5634307Z âœ˜ [ERROR] Invalid option in build() call: "watch"
2025-02-11T00:37:09.5634618Z 
2025-02-11T00:37:09.5635033Z     /home/runner/work/alpine/alpine/node_modules/esbuild/lib/main.js:254:12:
2025-02-11T00:37:09.5635950Z       254 â”‚       throw new Error(`Invalid option ${where}: ${quote(key)}`);
2025-02-11T00:37:09.5636530Z           â•µ             ^
2025-02-11T00:37:09.5636741Z 
2025-02-11T00:37:09.5637330Z     at checkForInvalidFlags (/home/runner/work/alpine/alpine/node_modules/esbuild/lib/main.js:254:13)
2025-02-11T00:37:09.5638521Z     at flagsForBuildOptions (/home/runner/work/alpine/alpine/node_modules/esbuild/lib/main.js:427:3)
2025-02-11T00:37:09.5639721Z     at buildOrContextContinue (/home/runner/work/alpine/alpine/node_modules/esbuild/lib/main.js:914:9)
2025-02-11T00:37:09.5640887Z     at buildOrContextImpl (/home/runner/work/alpine/alpine/node_modules/esbuild/lib/main.js:898:5)
2025-02-11T00:37:09.5642016Z     at Object.buildOrContext (/home/runner/work/alpine/alpine/node_modules/esbuild/lib/main.js:700:5)
2025-02-11T00:37:09.5643061Z     at /home/runner/work/alpine/alpine/node_modules/esbuild/lib/main.js:2030:15
2025-02-11T00:37:09.5643767Z     at new Promise (<anonymous>)
2025-02-11T00:37:09.5644223Z     at Object.build (/home/runner/work/alpine/alpine/node_modules/esbuild/lib/main.js:2029:25)
2025-02-11T00:37:09.5644841Z     at Object.build (/home/runner/work/alpine/alpine/node_modules/esbuild/lib/main.js:1880:51)
2025-02-11T00:37:09.5645347Z     at build (/home/runner/work/alpine/alpine/scripts/build.js:91:31)
2025-02-11T00:37:09.5645597Z 
2025-02-11T00:37:09.5645858Z âœ˜ [ERROR] Invalid option in build() call: "watch"
2025-02-11T00:37:09.5646069Z 
2025-02-11T00:37:09.5646306Z     /home/runner/work/alpine/alpine/node_modules/esbuild/lib/main.js:254:12:
2025-02-11T00:37:09.5646831Z       254 â”‚       throw new Error(`Invalid option ${where}: ${quote(key)}`);
2025-02-11T00:37:09.5647168Z           â•µ             ^
2025-02-11T00:37:09.5647294Z 
2025-02-11T00:37:09.5647638Z     at checkForInvalidFlags (/home/runner/work/alpine/alpine/node_modules/esbuild/lib/main.js:254:13)
2025-02-11T00:37:09.5648312Z     at flagsForBuildOptions (/home/runner/work/alpine/alpine/node_modules/esbuild/lib/main.js:427:3)
2025-02-11T00:37:09.5648991Z     at buildOrContextContinue (/home/runner/work/alpine/alpine/node_modules/esbuild/lib/main.js:914:9)
2025-02-11T00:37:09.5649660Z     at buildOrContextImpl (/home/runner/work/alpine/alpine/node_modules/esbuild/lib/main.js:898:5)
2025-02-11T00:37:09.5650315Z     at Object.buildOrContext (/home/runner/work/alpine/alpine/node_modules/esbuild/lib/main.js:700:5)
2025-02-11T00:37:09.5650898Z     at /home/runner/work/alpine/alpine/node_modules/esbuild/lib/main.js:2030:15
2025-02-11T00:37:09.5651289Z     at new Promise (<anonymous>)
2025-02-11T00:37:09.5651720Z     at Object.build (/home/runner/work/alpine/alpine/node_modules/esbuild/lib/main.js:2029:25)
2025-02-11T00:37:09.5652314Z     at Object.build (/home/runner/work/alpine/alpine/node_modules/esbuild/lib/main.js:1880:51)
2025-02-11T00:37:09.5652976Z     at build (/home/runner/work/alpine/alpine/scripts/build.js:91:31)
2025-02-11T00:37:09.5653467Z 
2025-02-11T00:37:09.5653718Z âœ˜ [ERROR] Invalid option in build() call: "watch"
2025-02-11T00:37:09.5653915Z 
2025-02-11T00:37:09.5654151Z     /home/runner/work/alpine/alpine/node_modules/esbuild/lib/main.js:254:12:
2025-02-11T00:37:09.5654663Z       254 â”‚       throw new Error(`Invalid option ${where}: ${quote(key)}`);
2025-02-11T00:37:09.5654993Z           â•µ             ^
2025-02-11T00:37:09.5655123Z 
2025-02-11T00:37:09.5655456Z     at checkForInvalidFlags (/home/runner/work/alpine/alpine/node_modules/esbuild/lib/main.js:254:13)
2025-02-11T00:37:09.5656115Z     at flagsForBuildOptions (/home/runner/work/alpine/alpine/node_modules/esbuild/lib/main.js:427:3)
2025-02-11T00:37:09.5656782Z     at buildOrContextContinue (/home/runner/work/alpine/alpine/node_modules/esbuild/lib/main.js:914:9)
2025-02-11T00:37:09.5657445Z     at buildOrContextImpl (/home/runner/work/alpine/alpine/node_modules/esbuild/lib/main.js:898:5)
2025-02-11T00:37:09.5658456Z     at Object.buildOrContext (/home/runner/work/alpine/alpine/node_modules/esbuild/lib/main.js:700:5)
2025-02-11T00:37:09.5659039Z     at /home/runner/work/alpine/alpine/node_modules/esbuild/lib/main.js:2030:15
2025-02-11T00:37:09.5659418Z     at new Promise (<anonymous>)
2025-02-11T00:37:09.5659848Z     at Object.build (/home/runner/work/alpine/alpine/node_modules/esbuild/lib/main.js:2029:25)
2025-02-11T00:37:09.5660438Z     at Object.build (/home/runner/work/alpine/alpine/node_modules/esbuild/lib/main.js:1880:51)
2025-02-11T00:37:09.5660938Z     at build (/home/runner/work/alpine/alpine/scripts/build.js:91:31)
2025-02-11T00:37:09.5661175Z 
2025-02-11T00:37:09.5661513Z âœ˜ [ERROR] Invalid option in build() call: "watch"
2025-02-11T00:37:09.5661713Z 
2025-02-11T00:37:09.5661941Z     /home/runner/work/alpine/alpine/node_modules/esbuild/lib/main.js:254:12:
2025-02-11T00:37:09.5662449Z       254 â”‚       throw new Error(`Invalid option ${where}: ${quote(key)}`);
2025-02-11T00:37:09.5662797Z           â•µ             ^
2025-02-11T00:37:09.5662920Z 
2025-02-11T00:37:09.5663437Z     at checkForInvalidFlags (/home/runner/work/alpine/alpine/node_modules/esbuild/lib/main.js:254:13)
2025-02-11T00:37:09.5664104Z     at flagsForBuildOptions (/home/runner/work/alpine/alpine/node_modules/esbuild/lib/main.js:427:3)
2025-02-11T00:37:09.5664767Z     at buildOrContextContinue (/home/runner/work/alpine/alpine/node_modules/esbuild/lib/main.js:914:9)
2025-02-11T00:37:09.5665418Z     at buildOrContextImpl (/home/runner/work/alpine/alpine/node_modules/esbuild/lib/main.js:898:5)
2025-02-11T00:37:09.5666066Z     at Object.buildOrContext (/home/runner/work/alpine/alpine/node_modules/esbuild/lib/main.js:700:5)
2025-02-11T00:37:09.5666639Z     at /home/runner/work/alpine/alpine/node_modules/esbuild/lib/main.js:2030:15
2025-02-11T00:37:09.5667017Z     at new Promise (<anonymous>)
2025-02-11T00:37:09.5667443Z     at Object.build (/home/runner/work/alpine/alpine/node_modules/esbuild/lib/main.js:2029:25)
2025-02-11T00:37:09.5668046Z     at Object.build (/home/runner/work/alpine/alpine/node_modules/esbuild/lib/main.js:1880:51)
2025-02-11T00:37:09.5668542Z     at build (/home/runner/work/alpine/alpine/scripts/build.js:91:31)
2025-02-11T00:37:09.5668783Z 
2025-02-11T00:37:09.5669002Z âœ˜ [ERROR] Invalid option in build() call: "watch"
2025-02-11T00:37:09.5669198Z 
2025-02-11T00:37:09.5669423Z     /home/runner/work/alpine/alpine/node_modules/esbuild/lib/main.js:254:12:
2025-02-11T00:37:09.5669929Z       254 â”‚       throw new Error(`Invalid option ${where}: ${quote(key)}`);
2025-02-11T00:37:09.5670260Z           â•µ             ^
2025-02-11T00:37:09.5670381Z 
2025-02-11T00:37:09.5670699Z     at checkForInvalidFlags (/home/runner/work/alpine/alpine/node_modules/esbuild/lib/main.js:254:13)
2025-02-11T00:37:09.5671358Z     at flagsForBuildOptions (/home/runner/work/alpine/alpine/node_modules/esbuild/lib/main.js:427:3)
2025-02-11T00:37:09.5672182Z     at buildOrContextContinue (/home/runner/work/alpine/alpine/node_modules/esbuild/lib/main.js:914:9)
2025-02-11T00:37:09.5672846Z     at buildOrContextImpl (/home/runner/work/alpine/alpine/node_modules/esbuild/lib/main.js:898:5)
2025-02-11T00:37:09.5673658Z     at Object.buildOrContext (/home/runner/work/alpine/alpine/node_modules/esbuild/lib/main.js:700:5)
2025-02-11T00:37:09.5674234Z     at /home/runner/work/alpine/alpine/node_modules/esbuild/lib/main.js:2030:15
2025-02-11T00:37:09.5674612Z     at new Promise (<anonymous>)
2025-02-11T00:37:09.5675049Z     at Object.build (/home/runner/work/alpine/alpine/node_modules/esbuild/lib/main.js:2029:25)
2025-02-11T00:37:09.5675639Z     at Object.build (/home/runner/work/alpine/alpine/node_modules/esbuild/lib/main.js:1880:51)
2025-02-11T00:37:09.5676138Z     at build (/home/runner/work/alpine/alpine/scripts/build.js:91:31)
2025-02-11T00:37:09.5676404Z 
2025-02-11T00:37:09.5676635Z âœ˜ [ERROR] Invalid option in build() call: "watch"
2025-02-11T00:37:09.5676840Z 
2025-02-11T00:37:09.5677084Z     /home/runner/work/alpine/alpine/node_modules/esbuild/lib/main.js:254:12:
2025-02-11T00:37:09.5677756Z       254 â”‚       throw new Error(`Invalid option ${where}: ${quote(key)}`);
2025-02-11T00:37:09.5678090Z           â•µ             ^
2025-02-11T00:37:09.5678218Z 
2025-02-11T00:37:09.5678549Z     at checkForInvalidFlags (/home/runner/work/alpine/alpine/node_modules/esbuild/lib/main.js:254:13)
2025-02-11T00:37:09.5679223Z     at flagsForBuildOptions (/home/runner/work/alpine/alpine/node_modules/esbuild/lib/main.js:427:3)
2025-02-11T00:37:09.5679897Z     at buildOrContextContinue (/home/runner/work/alpine/alpine/node_modules/esbuild/lib/main.js:914:9)
2025-02-11T00:37:09.5680548Z     at buildOrContextImpl (/home/runner/work/alpine/alpine/node_modules/esbuild/lib/main.js:898:5)
2025-02-11T00:37:09.5681197Z     at Object.buildOrContext (/home/runner/work/alpine/alpine/node_modules/esbuild/lib/main.js:700:5)
2025-02-11T00:37:09.5681778Z     at /home/runner/work/alpine/alpine/node_modules/esbuild/lib/main.js:2030:15
2025-02-11T00:37:09.5682176Z     at new Promise (<anonymous>)
2025-02-11T00:37:09.5682613Z     at Object.build (/home/runner/work/alpine/alpine/node_modules/esbuild/lib/main.js:2029:25)
2025-02-11T00:37:09.5683652Z     at Object.build (/home/runner/work/alpine/alpine/node_modules/esbuild/lib/main.js:1880:51)
2025-02-11T00:37:09.5684556Z     at build (/home/runner/work/alpine/alpine/scripts/build.js:91:31)
2025-02-11T00:37:09.5684983Z 
2025-02-11T00:37:09.5685423Z âœ˜ [ERROR] Invalid option in build() call: "watch"
2025-02-11T00:37:09.5685792Z 
2025-02-11T00:37:09.5686214Z     /home/runner/work/alpine/alpine/node_modules/esbuild/lib/main.js:254:12:
2025-02-11T00:37:09.5687114Z       254 â”‚       throw new Error(`Invalid option ${where}: ${quote(key)}`);
2025-02-11T00:37:09.5687646Z           â•µ             ^
2025-02-11T00:37:09.5687845Z 
2025-02-11T00:37:09.5688400Z     at checkForInvalidFlags (/home/runner/work/alpine/alpine/node_modules/esbuild/lib/main.js:254:13)
2025-02-11T00:37:09.5689559Z     at flagsForBuildOptions (/home/runner/work/alpine/alpine/node_modules/esbuild/lib/main.js:427:3)
2025-02-11T00:37:09.5690666Z     at buildOrContextContinue (/home/runner/work/alpine/alpine/node_modules/esbuild/lib/main.js:914:9)
2025-02-11T00:37:09.5691766Z     at buildOrContextImpl (/home/runner/work/alpine/alpine/node_modules/esbuild/lib/main.js:898:5)
2025-02-11T00:37:09.5692865Z     at Object.buildOrContext (/home/runner/work/alpine/alpine/node_modules/esbuild/lib/main.js:700:5)
2025-02-11T00:37:09.5694058Z     at /home/runner/work/alpine/alpine/node_modules/esbuild/lib/main.js:2030:15
2025-02-11T00:37:09.5694716Z     at new Promise (<anonymous>)
2025-02-11T00:37:09.5695432Z     at Object.build (/home/runner/work/alpine/alpine/node_modules/esbuild/lib/main.js:2029:25)
2025-02-11T00:37:09.5696388Z     at Object.build (/home/runner/work/alpine/alpine/node_modules/esbuild/lib/main.js:1880:51)
2025-02-11T00:37:09.5697215Z     at build (/home/runner/work/alpine/alpine/scripts/build.js:91:31)
2025-02-11T00:37:09.5697472Z 
2025-02-11T00:37:09.5697915Z âœ˜ [ERROR] Invalid option in build() call: "watch"
2025-02-11T00:37:09.5698137Z 
2025-02-11T00:37:09.5698371Z     /home/runner/work/alpine/alpine/node_modules/esbuild/lib/main.js:254:12:
2025-02-11T00:37:09.5698895Z       254 â”‚       throw new Error(`Invalid option ${where}: ${quote(key)}`);
2025-02-11T00:37:09.5699231Z           â•µ             ^
2025-02-11T00:37:09.5699358Z 
2025-02-11T00:37:09.5699683Z     at checkForInvalidFlags (/home/runner/work/alpine/alpine/node_modules/esbuild/lib/main.js:254:13)
2025-02-11T00:37:09.5700351Z     at flagsForBuildOptions (/home/runner/work/alpine/alpine/node_modules/esbuild/lib/main.js:427:3)
2025-02-11T00:37:09.5701021Z     at buildOrContextContinue (/home/runner/work/alpine/alpine/node_modules/esbuild/lib/main.js:914:9)
2025-02-11T00:37:09.5701675Z     at buildOrContextImpl (/home/runner/work/alpine/alpine/node_modules/esbuild/lib/main.js:898:5)
2025-02-11T00:37:09.5702325Z     at Object.buildOrContext (/home/runner/work/alpine/alpine/node_modules/esbuild/lib/main.js:700:5)
2025-02-11T00:37:09.5703039Z     at /home/runner/work/alpine/alpine/node_modules/esbuild/lib/main.js:2030:15
2025-02-11T00:37:09.5703679Z     at new Promise (<anonymous>)
2025-02-11T00:37:09.5704118Z     at Object.build (/home/runner/work/alpine/alpine/node_modules/esbuild/lib/main.js:2029:25)
2025-02-11T00:37:09.5704731Z     at Object.build (/home/runner/work/alpine/alpine/node_modules/esbuild/lib/main.js:1880:51)
2025-02-11T00:37:09.5705244Z     at build (/home/runner/work/alpine/alpine/scripts/build.js:91:31)
2025-02-11T00:37:09.5705490Z 
2025-02-11T00:37:09.5705729Z âœ˜ [ERROR] Invalid option in build() call: "watch"
2025-02-11T00:37:09.5705935Z 
2025-02-11T00:37:09.5706174Z     /home/runner/work/alpine/alpine/node_modules/esbuild/lib/main.js:254:12:
2025-02-11T00:37:09.5706693Z       254 â”‚       throw new Error(`Invalid option ${where}: ${quote(key)}`);
2025-02-11T00:37:09.5707029Z           â•µ             ^
2025-02-11T00:37:09.5707157Z 
2025-02-11T00:37:09.5707489Z     at checkForInvalidFlags (/home/runner/work/alpine/alpine/node_modules/esbuild/lib/main.js:254:13)
2025-02-11T00:37:09.5708173Z     at flagsForBuildOptions (/home/runner/work/alpine/alpine/node_modules/esbuild/lib/main.js:427:3)
2025-02-11T00:37:09.5708848Z     at buildOrContextContinue (/home/runner/work/alpine/alpine/node_modules/esbuild/lib/main.js:914:9)
2025-02-11T00:37:09.5709507Z     at buildOrContextImpl (/home/runner/work/alpine/alpine/node_modules/esbuild/lib/main.js:898:5)
2025-02-11T00:37:09.5710158Z     at Object.buildOrContext (/home/runner/work/alpine/alpine/node_modules/esbuild/lib/main.js:700:5)
2025-02-11T00:37:09.5710735Z     at /home/runner/work/alpine/alpine/node_modules/esbuild/lib/main.js:2030:15
2025-02-11T00:37:09.5711119Z     at new Promise (<anonymous>)
2025-02-11T00:37:09.5711558Z     at Object.build (/home/runner/work/alpine/alpine/node_modules/esbuild/lib/main.js:2029:25)
2025-02-11T00:37:09.5712154Z     at Object.build (/home/runner/work/alpine/alpine/node_modules/esbuild/lib/main.js:1880:51)
2025-02-11T00:37:09.5712667Z     at build (/home/runner/work/alpine/alpine/scripts/build.js:91:31)
2025-02-11T00:37:09.5712915Z 
2025-02-11T00:37:09.5713319Z âœ˜ [ERROR] Invalid option in build() call: "watch"
2025-02-11T00:37:09.5713554Z 
2025-02-11T00:37:09.5713793Z     /home/runner/work/alpine/alpine/node_modules/esbuild/lib/main.js:254:12:
2025-02-11T00:37:09.5714319Z       254 â”‚       throw new Error(`Invalid option ${where}: ${quote(key)}`);
2025-02-11T00:37:09.5714660Z           â•µ             ^
2025-02-11T00:37:09.5714785Z 
2025-02-11T00:37:09.5715109Z     at checkForInvalidFlags (/home/runner/work/alpine/alpine/node_modules/esbuild/lib/main.js:254:13)
2025-02-11T00:37:09.5715777Z     at flagsForBuildOptions (/home/runner/work/alpine/alpine/node_modules/esbuild/lib/main.js:427:3)
2025-02-11T00:37:09.5716446Z     at buildOrContextContinue (/home/runner/work/alpine/alpine/node_modules/esbuild/lib/main.js:914:9)
2025-02-11T00:37:09.5717095Z     at buildOrContextImpl (/home/runner/work/alpine/alpine/node_modules/esbuild/lib/main.js:898:5)
2025-02-11T00:37:09.5717919Z     at Object.buildOrContext (/home/runner/work/alpine/alpine/node_modules/esbuild/lib/main.js:700:5)
2025-02-11T00:37:09.5718506Z     at /home/runner/work/alpine/alpine/node_modules/esbuild/lib/main.js:2030:15
2025-02-11T00:37:09.5718886Z     at new Promise (<anonymous>)
2025-02-11T00:37:09.5719320Z     at Object.build (/home/runner/work/alpine/alpine/node_modules/esbuild/lib/main.js:2029:25)
2025-02-11T00:37:09.5719921Z     at Object.build (/home/runner/work/alpine/alpine/node_modules/esbuild/lib/main.js:1880:51)
2025-02-11T00:37:09.5720418Z     at build (/home/runner/work/alpine/alpine/scripts/build.js:91:31)
2025-02-11T00:37:09.5720660Z 
2025-02-11T00:37:09.5720886Z âœ˜ [ERROR] Invalid option in build() call: "watch"
2025-02-11T00:37:09.5721088Z 
2025-02-11T00:37:09.5721318Z     /home/runner/work/alpine/alpine/node_modules/esbuild/lib/main.js:254:12:
2025-02-11T00:37:09.5721830Z       254 â”‚       throw new Error(`Invalid option ${where}: ${quote(key)}`);
2025-02-11T00:37:09.5722296Z           â•µ             ^
2025-02-11T00:37:09.5722422Z 
2025-02-11T00:37:09.5722744Z     at checkForInvalidFlags (/home/runner/work/alpine/alpine/node_modules/esbuild/lib/main.js:254:13)
2025-02-11T00:37:09.5723623Z     at flagsForBuildOptions (/home/runner/work/alpine/alpine/node_modules/esbuild/lib/main.js:427:3)
2025-02-11T00:37:09.5724314Z     at buildOrContextContinue (/home/runner/work/alpine/alpine/node_modules/esbuild/lib/main.js:914:9)
2025-02-11T00:37:09.5724972Z     at buildOrContextImpl (/home/runner/work/alpine/alpine/node_modules/esbuild/lib/main.js:898:5)
2025-02-11T00:37:09.5725633Z     at Object.buildOrContext (/home/runner/work/alpine/alpine/node_modules/esbuild/lib/main.js:700:5)
2025-02-11T00:37:09.5726209Z     at /home/runner/work/alpine/alpine/node_modules/esbuild/lib/main.js:2030:15
2025-02-11T00:37:09.5726587Z     at new Promise (<anonymous>)
2025-02-11T00:37:09.5727017Z     at Object.build (/home/runner/work/alpine/alpine/node_modules/esbuild/lib/main.js:2029:25)
2025-02-11T00:37:09.5727620Z     at Object.build (/home/runner/work/alpine/alpine/node_modules/esbuild/lib/main.js:1880:51)
2025-02-11T00:37:09.5728117Z     at build (/home/runner/work/alpine/alpine/scripts/build.js:91:31)
2025-02-11T00:37:09.5728359Z 
2025-02-11T00:37:09.5728578Z âœ˜ [ERROR] Invalid option in build() call: "watch"
2025-02-11T00:37:09.5728808Z 
2025-02-11T00:37:09.5729122Z     /home/runner/work/alpine/alpine/node_modules/esbuild/lib/main.js:254:12:
2025-02-11T00:37:09.5730032Z       254 â”‚       throw new Error(`Invalid option ${where}: ${quote(key)}`);
2025-02-11T00:37:09.5730642Z           â•µ             ^
2025-02-11T00:37:09.5730853Z 
2025-02-11T00:37:09.5731325Z     at checkForInvalidFlags (/home/runner/work/alpine/alpine/node_modules/esbuild/lib/main.js:254:13)
2025-02-11T00:37:09.5732001Z     at flagsForBuildOptions (/home/runner/work/alpine/alpine/node_modules/esbuild/lib/main.js:427:3)
2025-02-11T00:37:09.5732686Z     at buildOrContextContinue (/home/runner/work/alpine/alpine/node_modules/esbuild/lib/main.js:914:9)
2025-02-11T00:37:09.5733604Z     at buildOrContextImpl (/home/runner/work/alpine/alpine/node_modules/esbuild/lib/main.js:898:5)
2025-02-11T00:37:09.5734275Z     at Object.buildOrContext (/home/runner/work/alpine/alpine/node_modules/esbuild/lib/main.js:700:5)
2025-02-11T00:37:09.5734859Z     at /home/runner/work/alpine/alpine/node_modules/esbuild/lib/main.js:2030:15
2025-02-11T00:37:09.5735249Z     at new Promise (<anonymous>)
2025-02-11T00:37:09.5735690Z     at Object.build (/home/runner/work/alpine/alpine/node_modules/esbuild/lib/main.js:2029:25)
2025-02-11T00:37:09.5736291Z     at Object.build (/home/runner/work/alpine/alpine/node_modules/esbuild/lib/main.js:1880:51)
2025-02-11T00:37:09.5736798Z     at build (/home/runner/work/alpine/alpine/scripts/build.js:91:31)
2025-02-11T00:37:09.5737043Z 
2025-02-11T00:37:09.5737294Z âœ˜ [ERROR] Invalid option in build() call: "watch"
2025-02-11T00:37:09.5737505Z 
2025-02-11T00:37:09.5737896Z     /home/runner/work/alpine/alpine/node_modules/esbuild/lib/main.js:254:12:
2025-02-11T00:37:09.5738443Z       254 â”‚       throw new Error(`Invalid option ${where}: ${quote(key)}`);
2025-02-11T00:37:09.5738783Z           â•µ             ^
2025-02-11T00:37:09.5738912Z 
2025-02-11T00:37:09.5739242Z     at checkForInvalidFlags (/home/runner/work/alpine/alpine/node_modules/esbuild/lib/main.js:254:13)
2025-02-11T00:37:09.5739916Z     at flagsForBuildOptions (/home/runner/work/alpine/alpine/node_modules/esbuild/lib/main.js:427:3)
2025-02-11T00:37:09.5740585Z     at buildOrContextContinue (/home/runner/work/alpine/alpine/node_modules/esbuild/lib/main.js:914:9)
2025-02-11T00:37:09.5741237Z     at buildOrContextImpl (/home/runner/work/alpine/alpine/node_modules/esbuild/lib/main.js:898:5)
2025-02-11T00:37:09.5741881Z     at Object.buildOrContext (/home/runner/work/alpine/alpine/node_modules/esbuild/lib/main.js:700:5)
2025-02-11T00:37:09.5742455Z     at /home/runner/work/alpine/alpine/node_modules/esbuild/lib/main.js:2030:15
2025-02-11T00:37:09.5742844Z     at new Promise (<anonymous>)
2025-02-11T00:37:09.5743830Z     at Object.build (/home/runner/work/alpine/alpine/node_modules/esbuild/lib/main.js:2029:25)
2025-02-11T00:37:09.5744460Z     at Object.build (/home/runner/work/alpine/alpine/node_modules/esbuild/lib/main.js:1880:51)
2025-02-11T00:37:09.5744981Z     at build (/home/runner/work/alpine/alpine/scripts/build.js:91:31)
2025-02-11T00:37:09.5745236Z 
2025-02-11T00:37:09.5745485Z âœ˜ [ERROR] Invalid option in build() call: "watch"
2025-02-11T00:37:09.5745685Z 
2025-02-11T00:37:09.5745919Z     /home/runner/work/alpine/alpine/node_modules/esbuild/lib/main.js:254:12:
2025-02-11T00:37:09.5746434Z       254 â”‚       throw new Error(`Invalid option ${where}: ${quote(key)}`);
2025-02-11T00:37:09.5746766Z           â•µ             ^
2025-02-11T00:37:09.5746893Z 
2025-02-11T00:37:09.5747221Z     at checkForInvalidFlags (/home/runner/work/alpine/alpine/node_modules/esbuild/lib/main.js:254:13)
2025-02-11T00:37:09.5747898Z     at flagsForBuildOptions (/home/runner/work/alpine/alpine/node_modules/esbuild/lib/main.js:427:3)
2025-02-11T00:37:09.5748573Z     at buildOrContextContinue (/home/runner/work/alpine/alpine/node_modules/esbuild/lib/main.js:914:9)
2025-02-11T00:37:09.5749230Z     at buildOrContextImpl (/home/runner/work/alpine/alpine/node_modules/esbuild/lib/main.js:898:5)
2025-02-11T00:37:09.5749879Z     at Object.buildOrContext (/home/runner/work/alpine/alpine/node_modules/esbuild/lib/main.js:700:5)
2025-02-11T00:37:09.5750453Z     at /home/runner/work/alpine/alpine/node_modules/esbuild/lib/main.js:2030:15
2025-02-11T00:37:09.5750837Z     at new Promise (<anonymous>)
2025-02-11T00:37:09.5751267Z     at Object.build (/home/runner/work/alpine/alpine/node_modules/esbuild/lib/main.js:2029:25)
2025-02-11T00:37:09.5751856Z     at Object.build (/home/runner/work/alpine/alpine/node_modules/esbuild/lib/main.js:1880:51)
2025-02-11T00:37:09.5752353Z     at build (/home/runner/work/alpine/alpine/scripts/build.js:91:31)
2025-02-11T00:37:09.5752593Z 
2025-02-11T00:37:09.5752808Z âœ˜ [ERROR] Invalid option in build() call: "watch"
2025-02-11T00:37:09.5753008Z 
2025-02-11T00:37:09.5753486Z     /home/runner/work/alpine/alpine/node_modules/esbuild/lib/main.js:254:12:
2025-02-11T00:37:09.5754022Z       254 â”‚       throw new Error(`Invalid option ${where}: ${quote(key)}`);
2025-02-11T00:37:09.5754361Z           â•µ             ^
2025-02-11T00:37:09.5754487Z 
2025-02-11T00:37:09.5754813Z     at checkForInvalidFlags (/home/runner/work/alpine/alpine/node_modules/esbuild/lib/main.js:254:13)
2025-02-11T00:37:09.5755482Z     at flagsForBuildOptions (/home/runner/work/alpine/alpine/node_modules/esbuild/lib/main.js:427:3)
2025-02-11T00:37:09.5756154Z     at buildOrContextContinue (/home/runner/work/alpine/alpine/node_modules/esbuild/lib/main.js:914:9)
2025-02-11T00:37:09.5756811Z     at buildOrContextImpl (/home/runner/work/alpine/alpine/node_modules/esbuild/lib/main.js:898:5)
2025-02-11T00:37:09.5757458Z     at Object.buildOrContext (/home/runner/work/alpine/alpine/node_modules/esbuild/lib/main.js:700:5)
2025-02-11T00:37:09.5758203Z     at /home/runner/work/alpine/alpine/node_modules/esbuild/lib/main.js:2030:15
2025-02-11T00:37:09.5758597Z     at new Promise (<anonymous>)
2025-02-11T00:37:09.5759029Z     at Object.build (/home/runner/work/alpine/alpine/node_modules/esbuild/lib/main.js:2029:25)
2025-02-11T00:37:09.5759625Z     at Object.build (/home/runner/work/alpine/alpine/node_modules/esbuild/lib/main.js:1880:51)
2025-02-11T00:37:09.5760125Z     at build (/home/runner/work/alpine/alpine/scripts/build.js:91:31)
2025-02-11T00:37:09.5760369Z 
2025-02-11T00:37:09.5760591Z âœ˜ [ERROR] Invalid option in build() call: "watch"
2025-02-11T00:37:09.5760785Z 
2025-02-11T00:37:09.5761012Z     /home/runner/work/alpine/alpine/node_modules/esbuild/lib/main.js:254:12:
2025-02-11T00:37:09.5761524Z       254 â”‚       throw new Error(`Invalid option ${where}: ${quote(key)}`);
2025-02-11T00:37:09.5761850Z           â•µ             ^
2025-02-11T00:37:09.5761972Z 
2025-02-11T00:37:09.5762303Z     at checkForInvalidFlags (/home/runner/work/alpine/alpine/node_modules/esbuild/lib/main.js:254:13)
2025-02-11T00:37:09.5763308Z     at flagsForBuildOptions (/home/runner/work/alpine/alpine/node_modules/esbuild/lib/main.js:427:3)
2025-02-11T00:37:09.5764002Z     at buildOrContextContinue (/home/runner/work/alpine/alpine/node_modules/esbuild/lib/main.js:914:9)
2025-02-11T00:37:09.5764656Z     at buildOrContextImpl (/home/runner/work/alpine/alpine/node_modules/esbuild/lib/main.js:898:5)
2025-02-11T00:37:09.5765311Z     at Object.buildOrContext (/home/runner/work/alpine/alpine/node_modules/esbuild/lib/main.js:700:5)
2025-02-11T00:37:09.5765890Z     at /home/runner/work/alpine/alpine/node_modules/esbuild/lib/main.js:2030:15
2025-02-11T00:37:09.5766268Z     at new Promise (<anonymous>)
2025-02-11T00:37:09.5766694Z     at Object.build (/home/runner/work/alpine/alpine/node_modules/esbuild/lib/main.js:2029:25)
2025-02-11T00:37:09.5767284Z     at Object.build (/home/runner/work/alpine/alpine/node_modules/esbuild/lib/main.js:1880:51)
2025-02-11T00:37:09.5767793Z     at build (/home/runner/work/alpine/alpine/scripts/build.js:91:31)
2025-02-11T00:37:09.5768033Z 
2025-02-11T00:37:09.5768258Z âœ˜ [ERROR] Invalid option in build() call: "watch"
2025-02-11T00:37:09.5768452Z 
2025-02-11T00:37:09.5768679Z     /home/runner/work/alpine/alpine/node_modules/esbuild/lib/main.js:254:12:
2025-02-11T00:37:09.5769186Z       254 â”‚       throw new Error(`Invalid option ${where}: ${quote(key)}`);
2025-02-11T00:37:09.5769513Z           â•µ             ^
2025-02-11T00:37:09.5769634Z 
2025-02-11T00:37:09.5769960Z     at checkForInvalidFlags (/home/runner/work/alpine/alpine/node_modules/esbuild/lib/main.js:254:13)
2025-02-11T00:37:09.5770618Z     at flagsForBuildOptions (/home/runner/work/alpine/alpine/node_modules/esbuild/lib/main.js:427:3)
2025-02-11T00:37:09.5771290Z     at buildOrContextContinue (/home/runner/work/alpine/alpine/node_modules/esbuild/lib/main.js:914:9)
2025-02-11T00:37:09.5771949Z     at buildOrContextImpl (/home/runner/work/alpine/alpine/node_modules/esbuild/lib/main.js:898:5)
2025-02-11T00:37:09.5772611Z     at Object.buildOrContext (/home/runner/work/alpine/alpine/node_modules/esbuild/lib/main.js:700:5)
2025-02-11T00:37:09.5773457Z     at /home/runner/work/alpine/alpine/node_modules/esbuild/lib/main.js:2030:15
2025-02-11T00:37:09.5773866Z     at new Promise (<anonymous>)
2025-02-11T00:37:09.5774324Z     at Object.build (/home/runner/work/alpine/alpine/node_modules/esbuild/lib/main.js:2029:25)
2025-02-11T00:37:09.5774936Z     at Object.build (/home/runner/work/alpine/alpine/node_modules/esbuild/lib/main.js:1880:51)
2025-02-11T00:37:09.5775448Z     at build (/home/runner/work/alpine/alpine/scripts/build.js:91:31)
2025-02-11T00:37:09.5775694Z 
2025-02-11T00:37:09.5786072Z ##[error]Process completed with exit code 1.
2025-02-11T00:37:09.5880460Z Post job cleanup.
2025-02-11T00:37:09.6594149Z [command]/usr/bin/git version
2025-02-11T00:37:09.6627702Z git version 2.48.1
2025-02-11T00:37:09.6669430Z Temporarily overriding HOME='/home/runner/work/_temp/80f71fa7-e8ee-4abf-92b1-29ba38787099' before making global git config changes
2025-02-11T00:37:09.6670338Z Adding repository directory to the temporary git global config as a safe directory
2025-02-11T00:37:09.6672998Z [command]/usr/bin/git config --global --add safe.directory /home/runner/work/alpine/alpine
2025-02-11T00:37:09.6703400Z [command]/usr/bin/git config --local --name-only --get-regexp core\.sshCommand
2025-02-11T00:37:09.6730737Z [command]/usr/bin/git submodule foreach --recursive sh -c "git config --local --name-only --get-regexp 'core\.sshCommand' && git config --local --unset-all 'core.sshCommand' || :"
2025-02-11T00:37:09.6961510Z [command]/usr/bin/git config --local --name-only --get-regexp http\.https\:\/\/github\.com\/\.extraheader
2025-02-11T00:37:09.6982621Z http.https://github.com/.extraheader
2025-02-11T00:37:09.6993424Z [command]/usr/bin/git config --local --unset-all http.https://github.com/.extraheader
2025-02-11T00:37:09.7021362Z [command]/usr/bin/git submodule foreach --recursive sh -c "git config --local --name-only --get-regexp 'http\.https\:\/\/github\.com\/\.extraheader' && git config --local --unset-all 'http.https://github.com/.extraheader' || :"
2025-02-11T00:37:09.7342526Z Cleaning up orphan processes
