2025-02-27T14:52:17.9193009Z Requested labels: ubuntu-latest
2025-02-27T14:52:17.9193309Z Job defined at: satwikkansal/wtfpython/.github/workflows/pr.yml@refs/pull/373/merge
2025-02-27T14:52:17.9193406Z Waiting for a runner to pick up this job...
2025-02-27T14:52:18.4147163Z Job is waiting for a hosted runner to come online.
2025-02-27T14:52:21.5785273Z Job is about to start running on the hosted runner: GitHub Actions 18 (hosted)
2025-02-27T14:52:23.1711217Z Current runner version: '2.322.0'
2025-02-27T14:52:23.1737571Z ##[group]Operating System
2025-02-27T14:52:23.1738833Z Ubuntu
2025-02-27T14:52:23.1739792Z 24.04.2
2025-02-27T14:52:23.1740671Z LTS
2025-02-27T14:52:23.1741522Z ##[endgroup]
2025-02-27T14:52:23.1742822Z ##[group]Runner Image
2025-02-27T14:52:23.1743893Z Image: ubuntu-24.04
2025-02-27T14:52:23.1744823Z Version: 20250223.1.0
2025-02-27T14:52:23.1746798Z Included Software: https://github.com/actions/runner-images/blob/ubuntu24/20250223.1/images/ubuntu/Ubuntu2404-Readme.md
2025-02-27T14:52:23.1749254Z Image Release: https://github.com/actions/runner-images/releases/tag/ubuntu24%2F20250223.1
2025-02-27T14:52:23.1750931Z ##[endgroup]
2025-02-27T14:52:23.1752104Z ##[group]Runner Image Provisioner
2025-02-27T14:52:23.1753406Z 2.0.422.1
2025-02-27T14:52:23.1754500Z ##[endgroup]
2025-02-27T14:52:23.1756670Z ##[group]GITHUB_TOKEN Permissions
2025-02-27T14:52:23.1759980Z Checks: read
2025-02-27T14:52:23.1760991Z Contents: read
2025-02-27T14:52:23.1762107Z Metadata: read
2025-02-27T14:52:23.1763681Z PullRequests: read
2025-02-27T14:52:23.1764618Z ##[endgroup]
2025-02-27T14:52:23.1767789Z Secret source: None
2025-02-27T14:52:23.1768816Z Prepare workflow directory
2025-02-27T14:52:23.2084302Z Prepare all required actions
2025-02-27T14:52:23.2127901Z Getting action download info
2025-02-27T14:52:23.3999537Z Download action repository 'actions/checkout@v4' (SHA:11bd71901bbe5b1630ceea73d27597364c9af683)
2025-02-27T14:52:23.4820234Z Download action repository 'DavidAnson/markdownlint-cli2-action@v17' (SHA:db43aef879112c3119a410d69f66701e0d530809)
2025-02-27T14:52:23.8230283Z Complete job name: lint
2025-02-27T14:52:23.8911590Z ##[group]Run actions/checkout@v4
2025-02-27T14:52:23.8912671Z with:
2025-02-27T14:52:23.8913244Z   repository: satwikkansal/wtfpython
2025-02-27T14:52:23.8913940Z   token: ***
2025-02-27T14:52:23.8914347Z   ssh-strict: true
2025-02-27T14:52:23.8914761Z   ssh-user: git
2025-02-27T14:52:23.8915188Z   persist-credentials: true
2025-02-27T14:52:23.8915690Z   clean: true
2025-02-27T14:52:23.8916112Z   sparse-checkout-cone-mode: true
2025-02-27T14:52:23.8916617Z   fetch-depth: 1
2025-02-27T14:52:23.8917030Z   fetch-tags: false
2025-02-27T14:52:23.8917458Z   show-progress: true
2025-02-27T14:52:23.8917886Z   lfs: false
2025-02-27T14:52:23.8918280Z   submodules: false
2025-02-27T14:52:23.8918715Z   set-safe-directory: true
2025-02-27T14:52:23.8919421Z ##[endgroup]
2025-02-27T14:52:24.0706908Z Syncing repository: satwikkansal/wtfpython
2025-02-27T14:52:24.0708668Z ##[group]Getting Git version info
2025-02-27T14:52:24.0709399Z Working directory is '/home/runner/work/wtfpython/wtfpython'
2025-02-27T14:52:24.0710475Z [command]/usr/bin/git version
2025-02-27T14:52:24.0765107Z git version 2.48.1
2025-02-27T14:52:24.0792767Z ##[endgroup]
2025-02-27T14:52:24.0806412Z Temporarily overriding HOME='/home/runner/work/_temp/b2607fa3-94ff-4ad2-9784-e8c59eb5b580' before making global git config changes
2025-02-27T14:52:24.0808121Z Adding repository directory to the temporary git global config as a safe directory
2025-02-27T14:52:24.0811565Z [command]/usr/bin/git config --global --add safe.directory /home/runner/work/wtfpython/wtfpython
2025-02-27T14:52:24.0845335Z Deleting the contents of '/home/runner/work/wtfpython/wtfpython'
2025-02-27T14:52:24.0849224Z ##[group]Initializing the repository
2025-02-27T14:52:24.0853081Z [command]/usr/bin/git init /home/runner/work/wtfpython/wtfpython
2025-02-27T14:52:24.0918066Z hint: Using 'master' as the name for the initial branch. This default branch name
2025-02-27T14:52:24.0919655Z hint: is subject to change. To configure the initial branch name to use in all
2025-02-27T14:52:24.0920871Z hint: of your new repositories, which will suppress this warning, call:
2025-02-27T14:52:24.0922432Z hint:
2025-02-27T14:52:24.0923635Z hint: 	git config --global init.defaultBranch <name>
2025-02-27T14:52:24.0925111Z hint:
2025-02-27T14:52:24.0926549Z hint: Names commonly chosen instead of 'master' are 'main', 'trunk' and
2025-02-27T14:52:24.0928880Z hint: 'development'. The just-created branch can be renamed via this command:
2025-02-27T14:52:24.0931183Z hint:
2025-02-27T14:52:24.0931944Z hint: 	git branch -m <name>
2025-02-27T14:52:24.0933460Z Initialized empty Git repository in /home/runner/work/wtfpython/wtfpython/.git/
2025-02-27T14:52:24.0937347Z [command]/usr/bin/git remote add origin https://github.com/satwikkansal/wtfpython
2025-02-27T14:52:24.0969720Z ##[endgroup]
2025-02-27T14:52:24.0970938Z ##[group]Disabling automatic garbage collection
2025-02-27T14:52:24.0975085Z [command]/usr/bin/git config --local gc.auto 0
2025-02-27T14:52:24.1004096Z ##[endgroup]
2025-02-27T14:52:24.1004818Z ##[group]Setting up auth
2025-02-27T14:52:24.1010373Z [command]/usr/bin/git config --local --name-only --get-regexp core\.sshCommand
2025-02-27T14:52:24.1039222Z [command]/usr/bin/git submodule foreach --recursive sh -c "git config --local --name-only --get-regexp 'core\.sshCommand' && git config --local --unset-all 'core.sshCommand' || :"
2025-02-27T14:52:24.1334616Z [command]/usr/bin/git config --local --name-only --get-regexp http\.https\:\/\/github\.com\/\.extraheader
2025-02-27T14:52:24.1362024Z [command]/usr/bin/git submodule foreach --recursive sh -c "git config --local --name-only --get-regexp 'http\.https\:\/\/github\.com\/\.extraheader' && git config --local --unset-all 'http.https://github.com/.extraheader' || :"
2025-02-27T14:52:24.1612425Z [command]/usr/bin/git config --local http.https://github.com/.extraheader AUTHORIZATION: basic ***
2025-02-27T14:52:24.1652361Z ##[endgroup]
2025-02-27T14:52:24.1653858Z ##[group]Fetching the repository
2025-02-27T14:52:24.1662344Z [command]/usr/bin/git -c protocol.version=2 fetch --no-tags --prune --no-recurse-submodules --depth=1 origin +4472d5fd8e27475088e9fb445a93309d1dff829e:refs/remotes/pull/373/merge
2025-02-27T14:52:24.4475625Z From https://github.com/satwikkansal/wtfpython
2025-02-27T14:52:24.4476508Z  * [new ref]         4472d5fd8e27475088e9fb445a93309d1dff829e -> pull/373/merge
2025-02-27T14:52:24.4500367Z ##[endgroup]
2025-02-27T14:52:24.4501133Z ##[group]Determining the checkout info
2025-02-27T14:52:24.4502936Z ##[endgroup]
2025-02-27T14:52:24.4507845Z [command]/usr/bin/git sparse-checkout disable
2025-02-27T14:52:24.4547715Z [command]/usr/bin/git config --local --unset-all extensions.worktreeConfig
2025-02-27T14:52:24.4575542Z ##[group]Checking out the ref
2025-02-27T14:52:24.4579826Z [command]/usr/bin/git checkout --progress --force refs/remotes/pull/373/merge
2025-02-27T14:52:24.4678093Z Note: switching to 'refs/remotes/pull/373/merge'.
2025-02-27T14:52:24.4678828Z 
2025-02-27T14:52:24.4679481Z You are in 'detached HEAD' state. You can look around, make experimental
2025-02-27T14:52:24.4680963Z changes and commit them, and you can discard any commits you make in this
2025-02-27T14:52:24.4682391Z state without impacting any branches by switching back to a branch.
2025-02-27T14:52:24.4683280Z 
2025-02-27T14:52:24.4683637Z If you want to create a new branch to retain commits you create, you may
2025-02-27T14:52:24.4684447Z do so (now or later) by using -c with the switch command. Example:
2025-02-27T14:52:24.4684900Z 
2025-02-27T14:52:24.4685117Z   git switch -c <new-branch-name>
2025-02-27T14:52:24.4685644Z 
2025-02-27T14:52:24.4685956Z Or undo this operation with:
2025-02-27T14:52:24.4686409Z 
2025-02-27T14:52:24.4686598Z   git switch -
2025-02-27T14:52:24.4686830Z 
2025-02-27T14:52:24.4687259Z Turn off this advice by setting config variable advice.detachedHead to false
2025-02-27T14:52:24.4687822Z 
2025-02-27T14:52:24.4688457Z HEAD is now at 4472d5f Merge 378a1bae00ea4759da40d3beb8ebd9ecea762180 into c909ede23523da9e9c5b1aae19f76dd6bb91188d
2025-02-27T14:52:24.4690206Z ##[endgroup]
2025-02-27T14:52:24.4719923Z [command]/usr/bin/git log -1 --format=%H
2025-02-27T14:52:24.4741369Z 4472d5fd8e27475088e9fb445a93309d1dff829e
2025-02-27T14:52:24.4949504Z ##[group]Run git fetch origin
2025-02-27T14:52:24.4950083Z [36;1mgit fetch origin[0m
2025-02-27T14:52:24.4950709Z [36;1mgit diff origin/dev --unified=0 *.md translations/*/*.md \[0m
2025-02-27T14:52:24.4951632Z [36;1m> /home/runner/work/_temp/diff.md[0m
2025-02-27T14:52:24.5000197Z shell: /usr/bin/bash -e {0}
2025-02-27T14:52:24.5000857Z ##[endgroup]
2025-02-27T14:52:25.0983073Z From https://github.com/satwikkansal/wtfpython
2025-02-27T14:52:25.0984539Z  * [new branch]      dev        -> origin/dev
2025-02-27T14:52:25.0986051Z  * [new branch]      master     -> origin/master
2025-02-27T14:52:25.0988874Z  * [new branch]      revert-355-#269/update-contributing-and-add-pr-issue-templates -> origin/revert-355-#269/update-contributing-and-add-pr-issue-templates
2025-02-27T14:52:25.1085725Z  * [new tag]         v2.0.0     -> v2.0.0
2025-02-27T14:52:25.1087407Z  * [new tag]         v3.0.0     -> v3.0.0
2025-02-27T14:52:25.1257730Z ##[group]Run DavidAnson/markdownlint-cli2-action@v17
2025-02-27T14:52:25.1258719Z with:
2025-02-27T14:52:25.1259289Z   globs: /home/runner/work/_temp/diff.md
2025-02-27T14:52:25.1260117Z   separator: 

2025-02-27T14:52:25.1260686Z ##[endgroup]
2025-02-27T14:52:25.2357242Z markdownlint-cli2 v0.14.0 (markdownlint v0.35.0)
2025-02-27T14:52:25.2359068Z Finding: /home/runner/work/_temp/diff.md
2025-02-27T14:52:25.2520182Z Linting: 1 file(s)
2025-02-27T14:52:25.2835690Z Summary: 2 error(s)
2025-02-27T14:52:25.2875511Z ##[error]../../_temp/diff.md:1 MD041/first-line-heading/first-line-h1 First line in a file should be a top-level heading [Context: "diff --git a/README.md b/READM..."] https://github.com/DavidAnson/markdownlint/blob/v0.35.0/doc/md041.md
2025-02-27T14:52:25.2893405Z ##[error]../../_temp/diff.md:6:2 MD042/no-empty-links No empty links [Context: "[invalid link]()"] https://github.com/DavidAnson/markdownlint/blob/v0.35.0/doc/md042.md
2025-02-27T14:52:25.2900068Z ##[error]Failed with exit code: 1
2025-02-27T14:52:25.3065058Z Post job cleanup.
2025-02-27T14:52:25.4030822Z [command]/usr/bin/git version
2025-02-27T14:52:25.4073542Z git version 2.48.1
2025-02-27T14:52:25.4119081Z Temporarily overriding HOME='/home/runner/work/_temp/ba7be6f3-c44d-4943-add8-1e2457acee1e' before making global git config changes
2025-02-27T14:52:25.4121315Z Adding repository directory to the temporary git global config as a safe directory
2025-02-27T14:52:25.4124095Z [command]/usr/bin/git config --global --add safe.directory /home/runner/work/wtfpython/wtfpython
2025-02-27T14:52:25.4161570Z [command]/usr/bin/git config --local --name-only --get-regexp core\.sshCommand
2025-02-27T14:52:25.4195001Z [command]/usr/bin/git submodule foreach --recursive sh -c "git config --local --name-only --get-regexp 'core\.sshCommand' && git config --local --unset-all 'core.sshCommand' || :"
2025-02-27T14:52:25.4423546Z [command]/usr/bin/git config --local --name-only --get-regexp http\.https\:\/\/github\.com\/\.extraheader
2025-02-27T14:52:25.4444943Z http.https://github.com/.extraheader
2025-02-27T14:52:25.4457657Z [command]/usr/bin/git config --local --unset-all http.https://github.com/.extraheader
2025-02-27T14:52:25.4491208Z [command]/usr/bin/git submodule foreach --recursive sh -c "git config --local --name-only --get-regexp 'http\.https\:\/\/github\.com\/\.extraheader' && git config --local --unset-all 'http.https://github.com/.extraheader' || :"
2025-02-27T14:52:25.4832291Z Cleaning up orphan processes
