2025-04-14T08:15:47.8689253Z Requested labels: ubuntu-latest
2025-04-14T08:15:47.8689557Z Job defined at: prettier/prettier/.github/workflows/lint.yml@refs/pull/17344/merge
2025-04-14T08:15:47.8689703Z Waiting for a runner to pick up this job...
2025-04-14T08:15:48.5046532Z Job is waiting for a hosted runner to come online.
2025-04-14T08:15:51.0444407Z Job is about to start running on the hosted runner: GitHub Actions 7 (hosted)
2025-04-14T08:15:52.5327581Z Current runner version: '2.323.0'
2025-04-14T08:15:52.5352374Z ##[group]Operating System
2025-04-14T08:15:52.5353202Z Ubuntu
2025-04-14T08:15:52.5353698Z 24.04.2
2025-04-14T08:15:52.5354206Z LTS
2025-04-14T08:15:52.5354944Z ##[endgroup]
2025-04-14T08:15:52.5355482Z ##[group]Runner Image
2025-04-14T08:15:52.5355994Z Image: ubuntu-24.04
2025-04-14T08:15:52.5356591Z Version: 20250406.1.0
2025-04-14T08:15:52.5357615Z Included Software: https://github.com/actions/runner-images/blob/ubuntu24/20250406.1/images/ubuntu/Ubuntu2404-Readme.md
2025-04-14T08:15:52.5358996Z Image Release: https://github.com/actions/runner-images/releases/tag/ubuntu24%2F20250406.1
2025-04-14T08:15:52.5359914Z ##[endgroup]
2025-04-14T08:15:52.5360434Z ##[group]Runner Image Provisioner
2025-04-14T08:15:52.5361025Z 2.0.422.1
2025-04-14T08:15:52.5361531Z ##[endgroup]
2025-04-14T08:15:52.5362487Z ##[group]GITHUB_TOKEN Permissions
2025-04-14T08:15:52.5364659Z Contents: read
2025-04-14T08:15:52.5365227Z Metadata: read
2025-04-14T08:15:52.5366015Z ##[endgroup]
2025-04-14T08:15:52.5369246Z Secret source: None
2025-04-14T08:15:52.5370073Z Prepare workflow directory
2025-04-14T08:15:52.5755292Z Prepare all required actions
2025-04-14T08:15:52.5791793Z Getting action download info
2025-04-14T08:15:52.7900815Z ##[group]Download immutable action package 'actions/checkout@v4'
2025-04-14T08:15:52.7901690Z Version: 4.2.2
2025-04-14T08:15:52.7902524Z Digest: sha256:ccb2698953eaebd21c7bf6268a94f9c26518a7e38e27e0b83c1fe1ad049819b1
2025-04-14T08:15:52.7903542Z Source commit SHA: 11bd71901bbe5b1630ceea73d27597364c9af683
2025-04-14T08:15:52.7904186Z ##[endgroup]
2025-04-14T08:15:52.8834940Z ##[group]Download immutable action package 'actions/setup-node@v4'
2025-04-14T08:15:52.8835651Z Version: 4.4.0
2025-04-14T08:15:52.8836299Z Digest: sha256:9427cefe82346e992fb5b949e3569b39d537ae41aa3086483b14eceebfc16bc1
2025-04-14T08:15:52.8837146Z Source commit SHA: 49933ea5288caeca8642d1e84afbd3f7d6820020
2025-04-14T08:15:52.8837749Z ##[endgroup]
2025-04-14T08:15:53.0866702Z Download action repository 'actions/dependency-review-action@v4' (SHA:67d4f4bd7a9b17a0db54d2a7519187c65e339de8)
2025-04-14T08:15:53.3516298Z Complete job name: Lint
2025-04-14T08:15:53.4293351Z ##[group]Run actions/checkout@v4
2025-04-14T08:15:53.4294189Z with:
2025-04-14T08:15:53.4294882Z   repository: prettier/prettier
2025-04-14T08:15:53.4295532Z   token: ***
2025-04-14T08:15:53.4295927Z   ssh-strict: true
2025-04-14T08:15:53.4296322Z   ssh-user: git
2025-04-14T08:15:53.4296722Z   persist-credentials: true
2025-04-14T08:15:53.4297154Z   clean: true
2025-04-14T08:15:53.4297559Z   sparse-checkout-cone-mode: true
2025-04-14T08:15:53.4298072Z   fetch-depth: 1
2025-04-14T08:15:53.4298452Z   fetch-tags: false
2025-04-14T08:15:53.4298850Z   show-progress: true
2025-04-14T08:15:53.4299266Z   lfs: false
2025-04-14T08:15:53.4299644Z   submodules: false
2025-04-14T08:15:53.4300057Z   set-safe-directory: true
2025-04-14T08:15:53.4300779Z ##[endgroup]
2025-04-14T08:15:53.6221443Z Syncing repository: prettier/prettier
2025-04-14T08:15:53.6223112Z ##[group]Getting Git version info
2025-04-14T08:15:53.6223785Z Working directory is '/home/runner/work/prettier/prettier'
2025-04-14T08:15:53.6224987Z [command]/usr/bin/git version
2025-04-14T08:15:53.6338197Z git version 2.49.0
2025-04-14T08:15:53.6365475Z ##[endgroup]
2025-04-14T08:15:53.6381851Z Temporarily overriding HOME='/home/runner/work/_temp/3fd03b8f-2231-4015-b62a-0da7d1b49947' before making global git config changes
2025-04-14T08:15:53.6384291Z Adding repository directory to the temporary git global config as a safe directory
2025-04-14T08:15:53.6386479Z [command]/usr/bin/git config --global --add safe.directory /home/runner/work/prettier/prettier
2025-04-14T08:15:53.6424704Z Deleting the contents of '/home/runner/work/prettier/prettier'
2025-04-14T08:15:53.6428515Z ##[group]Initializing the repository
2025-04-14T08:15:53.6432235Z [command]/usr/bin/git init /home/runner/work/prettier/prettier
2025-04-14T08:15:53.6563158Z hint: Using 'master' as the name for the initial branch. This default branch name
2025-04-14T08:15:53.6564665Z hint: is subject to change. To configure the initial branch name to use in all
2025-04-14T08:15:53.6565990Z hint: of your new repositories, which will suppress this warning, call:
2025-04-14T08:15:53.6566694Z hint:
2025-04-14T08:15:53.6567172Z hint: 	git config --global init.defaultBranch <name>
2025-04-14T08:15:53.6567725Z hint:
2025-04-14T08:15:53.6568259Z hint: Names commonly chosen instead of 'master' are 'main', 'trunk' and
2025-04-14T08:15:53.6569117Z hint: 'development'. The just-created branch can be renamed via this command:
2025-04-14T08:15:53.6570448Z hint:
2025-04-14T08:15:53.6571131Z hint: 	git branch -m <name>
2025-04-14T08:15:53.6573171Z Initialized empty Git repository in /home/runner/work/prettier/prettier/.git/
2025-04-14T08:15:53.6584469Z [command]/usr/bin/git remote add origin https://github.com/prettier/prettier
2025-04-14T08:15:53.6619034Z ##[endgroup]
2025-04-14T08:15:53.6619764Z ##[group]Disabling automatic garbage collection
2025-04-14T08:15:53.6622862Z [command]/usr/bin/git config --local gc.auto 0
2025-04-14T08:15:53.6650576Z ##[endgroup]
2025-04-14T08:15:53.6651270Z ##[group]Setting up auth
2025-04-14T08:15:53.6657466Z [command]/usr/bin/git config --local --name-only --get-regexp core\.sshCommand
2025-04-14T08:15:53.6691733Z [command]/usr/bin/git submodule foreach --recursive sh -c "git config --local --name-only --get-regexp 'core\.sshCommand' && git config --local --unset-all 'core.sshCommand' || :"
2025-04-14T08:15:53.7044663Z [command]/usr/bin/git config --local --name-only --get-regexp http\.https\:\/\/github\.com\/\.extraheader
2025-04-14T08:15:53.7074727Z [command]/usr/bin/git submodule foreach --recursive sh -c "git config --local --name-only --get-regexp 'http\.https\:\/\/github\.com\/\.extraheader' && git config --local --unset-all 'http.https://github.com/.extraheader' || :"
2025-04-14T08:15:53.7311972Z [command]/usr/bin/git config --local http.https://github.com/.extraheader AUTHORIZATION: basic ***
2025-04-14T08:15:53.7352097Z ##[endgroup]
2025-04-14T08:15:53.7353007Z ##[group]Fetching the repository
2025-04-14T08:15:53.7362891Z [command]/usr/bin/git -c protocol.version=2 fetch --no-tags --prune --no-recurse-submodules --depth=1 origin +d7d408e193f5f3367a4487f077d86dbfd8b5a3ee:refs/remotes/pull/17344/merge
2025-04-14T08:15:54.8879420Z From https://github.com/prettier/prettier
2025-04-14T08:15:54.8881217Z  * [new ref]         d7d408e193f5f3367a4487f077d86dbfd8b5a3ee -> pull/17344/merge
2025-04-14T08:15:54.8893968Z ##[endgroup]
2025-04-14T08:15:54.8895603Z ##[group]Determining the checkout info
2025-04-14T08:15:54.8897715Z ##[endgroup]
2025-04-14T08:15:54.8900773Z [command]/usr/bin/git sparse-checkout disable
2025-04-14T08:15:54.8946666Z [command]/usr/bin/git config --local --unset-all extensions.worktreeConfig
2025-04-14T08:15:54.8972300Z ##[group]Checking out the ref
2025-04-14T08:15:54.8975866Z [command]/usr/bin/git checkout --progress --force refs/remotes/pull/17344/merge
2025-04-14T08:15:55.3215235Z Note: switching to 'refs/remotes/pull/17344/merge'.
2025-04-14T08:15:55.3216390Z 
2025-04-14T08:15:55.3217146Z You are in 'detached HEAD' state. You can look around, make experimental
2025-04-14T08:15:55.3218873Z changes and commit them, and you can discard any commits you make in this
2025-04-14T08:15:55.3220619Z state without impacting any branches by switching back to a branch.
2025-04-14T08:15:55.3221598Z 
2025-04-14T08:15:55.3222208Z If you want to create a new branch to retain commits you create, you may
2025-04-14T08:15:55.3223567Z do so (now or later) by using -c with the switch command. Example:
2025-04-14T08:15:55.3224495Z 
2025-04-14T08:15:55.3224875Z   git switch -c <new-branch-name>
2025-04-14T08:15:55.3225708Z 
2025-04-14T08:15:55.3226213Z Or undo this operation with:
2025-04-14T08:15:55.3226810Z 
2025-04-14T08:15:55.3227136Z   git switch -
2025-04-14T08:15:55.3227606Z 
2025-04-14T08:15:55.3228389Z Turn off this advice by setting config variable advice.detachedHead to false
2025-04-14T08:15:55.3229442Z 
2025-04-14T08:15:55.3231060Z HEAD is now at d7d408e Merge 6fc3eecfe007c430e2854c8206282b9231679152 into c93393c0be9698f3fd303057b114084cf3970fb1
2025-04-14T08:15:55.3234670Z ##[endgroup]
2025-04-14T08:15:55.3265163Z [command]/usr/bin/git log -1 --format=%H
2025-04-14T08:15:55.3286525Z d7d408e193f5f3367a4487f077d86dbfd8b5a3ee
2025-04-14T08:15:55.3662842Z ##[group]Run actions/setup-node@v4
2025-04-14T08:15:55.3664033Z with:
2025-04-14T08:15:55.3665056Z   cache: yarn
2025-04-14T08:15:55.3665972Z   always-auth: false
2025-04-14T08:15:55.3666945Z   check-latest: false
2025-04-14T08:15:55.3668190Z   token: ***
2025-04-14T08:15:55.3669064Z ##[endgroup]
2025-04-14T08:15:55.5334058Z ##[group]Environment details
2025-04-14T08:15:56.1456215Z node: v20.19.0
2025-04-14T08:15:56.1457418Z npm: 10.8.2
2025-04-14T08:15:56.1457794Z yarn: 4.9.0
2025-04-14T08:15:56.1458872Z ##[endgroup]
2025-04-14T08:15:56.1481484Z [command]/usr/local/bin/yarn --version
2025-04-14T08:15:56.4668394Z 4.9.0
2025-04-14T08:15:56.4997004Z [command]/usr/local/bin/yarn config get cacheFolder
2025-04-14T08:15:56.8207978Z /home/runner/.yarn/berry/cache
2025-04-14T08:15:56.8636697Z [command]/usr/local/bin/yarn config get enableGlobalCache
2025-04-14T08:15:57.1870248Z [33mtrue[39m
2025-04-14T08:15:57.2870135Z Cache hit for: node-cache-Linux-x64-yarn-b2788c6578793f06bb7733a685a1925569b1952b1532ec244f6267d93695e7b6
2025-04-14T08:15:57.6178410Z Received 43775264 of 43775264 (100.0%), 140.6 MBs/sec
2025-04-14T08:15:57.6179241Z Cache Size: ~42 MB (43775264 B)
2025-04-14T08:15:57.6233025Z [command]/usr/bin/tar -xf /home/runner/work/_temp/544f7eb2-2c00-48d2-bab7-7d594b07e0ee/cache.tzst -P -C /home/runner/work/prettier/prettier --use-compress-program unzstd
2025-04-14T08:15:57.7240786Z Cache restored successfully
2025-04-14T08:15:57.7337779Z Cache restored from key: node-cache-Linux-x64-yarn-b2788c6578793f06bb7733a685a1925569b1952b1532ec244f6267d93695e7b6
2025-04-14T08:15:57.7493383Z ##[group]Run yarn install --immutable
2025-04-14T08:15:57.7493742Z [36;1myarn install --immutable[0m
2025-04-14T08:15:57.7544241Z shell: /usr/bin/bash -e {0}
2025-04-14T08:15:57.7544720Z ##[endgroup]
2025-04-14T08:15:58.1861911Z [93m➤[39m YN0000: Yarn detected that the current workflow is executed from a public pull request. For safety the hardened mode has been enabled.
2025-04-14T08:15:58.1863433Z [93m➤[39m YN0000: It will prevent malicious lockfile manipulations, in exchange for a slower install time. You can opt-out if necessary; check our documentation for more details.
2025-04-14T08:15:58.1864021Z 
2025-04-14T08:15:58.1864240Z [94m➤[39m YN0000: · Yarn 4.9.0
2025-04-14T08:15:58.1971629Z [94m➤[39m [90mYN0000[39m: ┌ Resolution step
2025-04-14T08:15:58.1972540Z ##[group]Resolution step
2025-04-14T08:16:02.8771307Z ##[endgroup]
2025-04-14T08:16:02.8776453Z [94m➤[39m [90mYN0000[39m: └ Completed in 4s 679ms
2025-04-14T08:16:02.8788012Z [94m➤[39m [90mYN0000[39m: ┌ Post-resolution validation
2025-04-14T08:16:02.8788979Z ##[group]Post-resolution validation
2025-04-14T08:16:02.8791695Z [93m➤[39m YN0060: │ [38;5;173mjest[39m is listed by your project with version [38;5;111m30.0.0-alpha.7[39m ([38;5;111mp4b5f6[39m), which doesn't satisfy what [38;5;173mjest-watch-typeahead[39m and other dependencies request ([38;5;37m^27.5.0 || ^28.0.0 || ^29.0.0[39m).
2025-04-14T08:16:02.8794830Z [93m➤[39m YN0002: │ [38;5;173mprettier[39m[38;5;111m@[39m[38;5;111mworkspace:.[39m doesn't provide [38;5;166m@types/[39m[38;5;173mnode[39m ([38;5;111mpd5d66[39m), requested by [38;5;173mknip[39m.
2025-04-14T08:16:02.8797995Z [93m➤[39m YN0002: │ [38;5;173mprettier[39m[38;5;111m@[39m[38;5;111mworkspace:.[39m doesn't provide [38;5;166m@typescript-eslint/[39m[38;5;173mparser[39m ([38;5;111mpec8fe[39m), requested by [38;5;166m@typescript-eslint/[39m[38;5;173meslint-plugin[39m.
2025-04-14T08:16:02.8800922Z [93m➤[39m YN0002: │ [38;5;173mprettier[39m[38;5;111m@[39m[38;5;111mworkspace:.[39m doesn't provide [38;5;173mrollup[39m ([38;5;111mpd38a6[39m), requested by [38;5;173mrollup-plugin-license[39m.
2025-04-14T08:16:02.8803728Z [93m➤[39m YN0086: │ Some peer dependencies are incorrectly met by your project; run [38;5;111myarn explain peer-requirements <hash>[39m for details, where [38;5;111m<hash>[39m is the six-letter p-prefixed code.
2025-04-14T08:16:02.8806230Z [93m➤[39m YN0086: │ Some peer dependencies are incorrectly met by dependencies; run [38;5;111myarn explain peer-requirements[39m for details.
2025-04-14T08:16:02.9112748Z ##[endgroup]
2025-04-14T08:16:02.9113637Z [94m➤[39m [90mYN0000[39m: └ Completed
2025-04-14T08:16:02.9127952Z [94m➤[39m [90mYN0000[39m: ┌ Fetch step
2025-04-14T08:16:02.9128739Z ##[group]Fetch step
2025-04-14T08:16:03.1544242Z ##[endgroup]
2025-04-14T08:16:03.1545617Z [94m➤[39m [90mYN0000[39m: └ Completed in 0s 242ms
2025-04-14T08:16:03.1863877Z [94m➤[39m [90mYN0000[39m: ┌ Link step
2025-04-14T08:16:03.1864947Z ##[group]Link step
2025-04-14T08:16:07.7856693Z [94m➤[39m YN0007: │ [38;5;173mesbuild[39m[38;5;111m@[39m[38;5;111mnpm:0.25.2[39m must be built because it never has been before or the last one failed
2025-04-14T08:16:07.8868928Z ##[endgroup]
2025-04-14T08:16:07.8869849Z [94m➤[39m [90mYN0000[39m: └ Completed in 4s 700ms
2025-04-14T08:16:07.9411742Z [93m➤[39m YN0000: · Done with warnings in 9s 755ms
2025-04-14T08:16:07.9922699Z ##[group]Run yarn lint:deps
2025-04-14T08:16:07.9922983Z [36;1myarn lint:deps[0m
2025-04-14T08:16:07.9971649Z shell: /usr/bin/bash -e {0}
2025-04-14T08:16:07.9971898Z ##[endgroup]
2025-04-14T08:16:08.5155287Z Checking '[90m/package.json[39m'...
2025-04-14T08:16:08.5168023Z ✅ All dependency versions are pinned.
2025-04-14T08:16:08.5168607Z 
2025-04-14T08:16:08.5169301Z Checking '[90m/website/package.json[39m'...
2025-04-14T08:16:08.5173559Z ✅ All dependency versions are pinned.
2025-04-14T08:16:08.5173899Z 
2025-04-14T08:16:08.5175508Z Checking '[90m/scripts/release/package.json[39m'...
2025-04-14T08:16:08.5178795Z ✅ All dependency versions are pinned.
2025-04-14T08:16:08.5179841Z 
2025-04-14T08:16:08.5180427Z Checking '[90m/scripts/tools/bundle-test/package.json[39m'...
2025-04-14T08:16:08.5182785Z ✅ All dependency versions are pinned.
2025-04-14T08:16:08.5183623Z 
2025-04-14T08:16:08.5185004Z Checking '[90m/scripts/tools/eslint-plugin-prettier-internal-rules/package.json[39m'...
2025-04-14T08:16:08.5192542Z ✅ All dependency versions are pinned.
2025-04-14T08:16:08.5543848Z ##[group]Run yarn lint:typecheck
2025-04-14T08:16:08.5544596Z [36;1myarn lint:typecheck[0m
2025-04-14T08:16:08.5599341Z shell: /usr/bin/bash -e {0}
2025-04-14T08:16:08.5599665Z ##[endgroup]
2025-04-14T08:16:14.3411415Z ##[group]Run yarn lint:eslint
2025-04-14T08:16:14.3411698Z [36;1myarn lint:eslint[0m
2025-04-14T08:16:14.3457917Z shell: /usr/bin/bash -e {0}
2025-04-14T08:16:14.3458152Z ##[endgroup]
2025-04-14T08:16:29.9127259Z ##[group]Run yarn lint:prettier
2025-04-14T08:16:29.9127565Z [36;1myarn lint:prettier[0m
2025-04-14T08:16:29.9172274Z shell: /usr/bin/bash -e {0}
2025-04-14T08:16:29.9172523Z ##[endgroup]
2025-04-14T08:16:30.5043566Z Checking formatting...
2025-04-14T08:16:43.5162560Z All matched files use Prettier code style!
2025-04-14T08:16:43.5642893Z ##[group]Run yarn lint:spellcheck
2025-04-14T08:16:43.5643224Z [36;1myarn lint:spellcheck[0m
2025-04-14T08:16:43.5688342Z shell: /usr/bin/bash -e {0}
2025-04-14T08:16:43.5688603Z ##[endgroup]
2025-04-14T08:16:51.6808628Z CSpell: Files checked: 2381, Issues found: 0 in 0 files.
2025-04-14T08:16:51.7418529Z ##[group]Run yarn lint:changelog
2025-04-14T08:16:51.7419032Z [36;1myarn lint:changelog[0m
2025-04-14T08:16:51.7484181Z shell: /usr/bin/bash -e {0}
2025-04-14T08:16:51.7484757Z ##[endgroup]
2025-04-14T08:16:52.3137789Z ##[group]Run yarn lint:format-test
2025-04-14T08:16:52.3138317Z [36;1myarn lint:format-test[0m
2025-04-14T08:16:52.3188854Z shell: /usr/bin/bash -e {0}
2025-04-14T08:16:52.3189258Z ##[endgroup]
2025-04-14T08:16:52.9491303Z Pass.
2025-04-14T08:16:52.9800345Z ##[group]Run yarn prettier "{docs,website/versioned_docs/version-stable}/**/*.md" --check
2025-04-14T08:16:52.9801218Z [36;1myarn prettier "{docs,website/versioned_docs/version-stable}/**/*.md" --check[0m
2025-04-14T08:16:52.9847166Z shell: /usr/bin/bash -e {0}
2025-04-14T08:16:52.9847411Z env:
2025-04-14T08:16:52.9847593Z   PRETTIER_DEBUG: true
2025-04-14T08:16:52.9847799Z ##[endgroup]
2025-04-14T08:16:53.5776429Z Checking formatting...
2025-04-14T08:16:55.1337498Z All matched files use Prettier code style!
2025-04-14T08:16:55.1714093Z ##[group]Run bash <(curl https://raw.githubusercontent.com/rhysd/actionlint/main/scripts/download-actionlint.bash)
2025-04-14T08:16:55.1715152Z [36;1mbash <(curl https://raw.githubusercontent.com/rhysd/actionlint/main/scripts/download-actionlint.bash)[0m
2025-04-14T08:16:55.1715683Z [36;1m./actionlint -color[0m
2025-04-14T08:16:55.1763968Z shell: /usr/bin/bash --noprofile --norc -e -o pipefail {0}
2025-04-14T08:16:55.1764523Z ##[endgroup]
2025-04-14T08:16:55.1898932Z   % Total    % Received % Xferd  Average Speed   Time    Time     Time  Current
2025-04-14T08:16:55.1899709Z                                  Dload  Upload   Total   Spent    Left  Speed
2025-04-14T08:16:55.1899972Z 
2025-04-14T08:16:55.2262416Z   0     0    0     0    0     0      0      0 --:--:-- --:--:-- --:--:--     0
2025-04-14T08:16:55.2263350Z 100  4058  100  4058    0     0   108k      0 --:--:-- --:--:-- --:--:--  110k
2025-04-14T08:16:55.2286587Z Start downloading actionlint v1.7.7 to /home/runner/work/prettier/prettier
2025-04-14T08:16:55.2303082Z Detected OS=linux ext=tar.gz arch=amd64
2025-04-14T08:16:55.2305952Z Downloading https://github.com/rhysd/actionlint/releases/download/v1.7.7/actionlint_1.7.7_linux_amd64.tar.gz with curl
2025-04-14T08:16:55.2358413Z   % Total    % Received % Xferd  Average Speed   Time    Time     Time  Current
2025-04-14T08:16:55.2359223Z                                  Dload  Upload   Total   Spent    Left  Speed
2025-04-14T08:16:55.2359601Z 
2025-04-14T08:16:55.2662635Z   0     0    0     0    0     0      0      0 --:--:-- --:--:-- --:--:--     0
2025-04-14T08:16:55.2663277Z   0     0    0     0    0     0      0      0 --:--:-- --:--:-- --:--:--     0
2025-04-14T08:16:55.3129991Z actionlint
2025-04-14T08:16:55.3448112Z 
2025-04-14T08:16:55.3449298Z 100 2031k  100 2031k    0     0  18.1M      0 --:--:-- --:--:-- --:--:-- 18.1M
2025-04-14T08:16:55.3537290Z Downloaded and unarchived executable: /home/runner/work/prettier/prettier/actionlint
2025-04-14T08:16:55.3559534Z Done: 1.7.7
2025-04-14T08:16:55.3560061Z installed by downloading from release page
2025-04-14T08:16:55.3560684Z built with go1.23.4 compiler for linux/amd64
2025-04-14T08:16:56.5219994Z ##[group]Run actions/dependency-review-action@v4
2025-04-14T08:16:56.5220304Z with:
2025-04-14T08:16:56.5220616Z   repo-token: ***
2025-04-14T08:16:56.5220818Z ##[endgroup]
2025-04-14T08:16:56.9201652Z ##[group]Vulnerabilities
2025-04-14T08:16:56.9202905Z Dependency review did not detect any vulnerable packages with severity level "low" or higher.
2025-04-14T08:16:56.9205512Z ##[endgroup]
2025-04-14T08:16:56.9206843Z ##[group]Licenses
2025-04-14T08:16:56.9208406Z ##[endgroup]
2025-04-14T08:16:56.9210331Z ##[group]Denied
2025-04-14T08:16:56.9211644Z Dependency review did not detect any denied packages
2025-04-14T08:16:56.9212578Z ##[endgroup]
2025-04-14T08:16:56.9216216Z ##[group]Scorecard
2025-04-14T08:16:56.9221408Z ##[group]Dependency Changes
2025-04-14T08:16:56.9226364Z ##[endgroup]
2025-04-14T08:16:56.9226963Z ##[endgroup]
2025-04-14T08:16:56.9904518Z ##[group]Run npx --package renovate --call renovate-config-validator
2025-04-14T08:16:56.9905016Z [36;1mnpx --package renovate --call renovate-config-validator[0m
2025-04-14T08:16:56.9950030Z shell: /usr/bin/bash -e {0}
2025-04-14T08:16:56.9950271Z ##[endgroup]
2025-04-14T08:16:58.8361330Z npm warn exec The following package was not found and will be installed: renovate@39.240.1
2025-04-14T08:17:13.5655443Z npm warn deprecated inflight@1.0.6: This module is not supported, and leaks memory. Do not use it. Check out lru-cache if you want a good and tested way to coalesce async requests by a key value, which is much more comprehensive and powerful.
2025-04-14T08:17:14.4106212Z npm warn deprecated rimraf@2.4.5: Rimraf versions prior to v4 are no longer supported
2025-04-14T08:17:15.0402883Z npm warn deprecated boolean@3.2.0: Package no longer supported. Contact Support at https://www.npmjs.com/support for more info.
2025-04-14T08:17:16.4378010Z npm warn deprecated glob@6.0.4: Glob versions prior to v9 are no longer supported
2025-04-14T08:17:24.2269452Z  INFO: Validating .github/renovate.json5
2025-04-14T08:17:24.2619306Z  INFO: Config validated successfully
2025-04-14T08:17:24.4173488Z ##[group]Run yarn
2025-04-14T08:17:24.4173904Z [36;1myarn[0m
2025-04-14T08:17:24.4174251Z [36;1myarn dedupe --check[0m
2025-04-14T08:17:24.4220656Z shell: /usr/bin/bash -e {0}
2025-04-14T08:17:24.4220911Z ##[endgroup]
2025-04-14T08:17:24.8767467Z [93m➤[39m YN0000: Yarn detected that the current workflow is executed from a public pull request. For safety the hardened mode has been enabled.
2025-04-14T08:17:24.8770111Z [93m➤[39m YN0000: It will prevent malicious lockfile manipulations, in exchange for a slower install time. You can opt-out if necessary; check our documentation for more details.
2025-04-14T08:17:24.8771020Z 
2025-04-14T08:17:24.8771559Z [94m➤[39m YN0000: · Yarn 4.9.0
2025-04-14T08:17:24.8928285Z [94m➤[39m [90mYN0000[39m: ┌ Resolution step
2025-04-14T08:17:24.8929299Z ##[group]Resolution step
2025-04-14T08:17:29.8729400Z ##[endgroup]
2025-04-14T08:17:29.8733705Z [94m➤[39m [90mYN0000[39m: └ Completed in 4s 980ms
2025-04-14T08:17:29.8745712Z [94m➤[39m [90mYN0000[39m: ┌ Post-resolution validation
2025-04-14T08:17:29.8746526Z ##[group]Post-resolution validation
2025-04-14T08:17:29.8748324Z [93m➤[39m YN0060: │ [38;5;173mjest[39m is listed by your project with version [38;5;111m30.0.0-alpha.7[39m ([38;5;111mp4b5f6[39m), which doesn't satisfy what [38;5;173mjest-watch-typeahead[39m and other dependencies request ([38;5;37m^27.5.0 || ^28.0.0 || ^29.0.0[39m).
2025-04-14T08:17:29.8751208Z [93m➤[39m YN0002: │ [38;5;173mprettier[39m[38;5;111m@[39m[38;5;111mworkspace:.[39m doesn't provide [38;5;166m@types/[39m[38;5;173mnode[39m ([38;5;111mpd5d66[39m), requested by [38;5;173mknip[39m.
2025-04-14T08:17:29.8753498Z [93m➤[39m YN0002: │ [38;5;173mprettier[39m[38;5;111m@[39m[38;5;111mworkspace:.[39m doesn't provide [38;5;166m@typescript-eslint/[39m[38;5;173mparser[39m ([38;5;111mpec8fe[39m), requested by [38;5;166m@typescript-eslint/[39m[38;5;173meslint-plugin[39m.
2025-04-14T08:17:29.8755233Z [93m➤[39m YN0002: │ [38;5;173mprettier[39m[38;5;111m@[39m[38;5;111mworkspace:.[39m doesn't provide [38;5;173mrollup[39m ([38;5;111mpd38a6[39m), requested by [38;5;173mrollup-plugin-license[39m.
2025-04-14T08:17:29.8756735Z [93m➤[39m YN0086: │ Some peer dependencies are incorrectly met by your project; run [38;5;111myarn explain peer-requirements <hash>[39m for details, where [38;5;111m<hash>[39m is the six-letter p-prefixed code.
2025-04-14T08:17:29.8760482Z [93m➤[39m YN0086: │ Some peer dependencies are incorrectly met by dependencies; run [38;5;111myarn explain peer-requirements[39m for details.
2025-04-14T08:17:29.9106425Z ##[endgroup]
2025-04-14T08:17:29.9107302Z [94m➤[39m [90mYN0000[39m: └ Completed
2025-04-14T08:17:29.9109934Z [94m➤[39m [90mYN0000[39m: ┌ Fetch step
2025-04-14T08:17:29.9110719Z ##[group]Fetch step
2025-04-14T08:17:30.1543005Z ##[endgroup]
2025-04-14T08:17:30.1544026Z [94m➤[39m [90mYN0000[39m: └ Completed in 0s 244ms
2025-04-14T08:17:30.1848797Z [94m➤[39m [90mYN0000[39m: ┌ Link step
2025-04-14T08:17:30.1849677Z ##[group]Link step
2025-04-14T08:17:30.4539394Z ##[endgroup]
2025-04-14T08:17:30.4541408Z [94m➤[39m [90mYN0000[39m: └ Completed in 0s 269ms
2025-04-14T08:17:30.5073674Z [93m➤[39m YN0000: · Done with warnings in 5s 631ms
2025-04-14T08:17:31.0160174Z [94m➤[39m [90mYN0000[39m: ┌ Deduplication step
2025-04-14T08:17:31.0161563Z ##[group]Deduplication step
2025-04-14T08:17:31.1138311Z [94m➤[39m YN0000: │ No packages can be deduped using the [38;5;111mhighest[39m strategy
2025-04-14T08:17:31.1139542Z ##[endgroup]
2025-04-14T08:17:31.1140110Z [94m➤[39m [90mYN0000[39m: └ Completed
2025-04-14T08:17:31.1386293Z ##[group]Run yarn
2025-04-14T08:17:31.1386540Z [36;1myarn[0m
2025-04-14T08:17:31.1386735Z [36;1myarn dedupe --check[0m
2025-04-14T08:17:31.1431615Z shell: /usr/bin/bash -e {0}
2025-04-14T08:17:31.1431849Z ##[endgroup]
2025-04-14T08:17:31.6023089Z [93m➤[39m YN0000: Yarn detected that the current workflow is executed from a public pull request. For safety the hardened mode has been enabled.
2025-04-14T08:17:31.6025482Z [93m➤[39m YN0000: It will prevent malicious lockfile manipulations, in exchange for a slower install time. You can opt-out if necessary; check our documentation for more details.
2025-04-14T08:17:31.6026091Z 
2025-04-14T08:17:31.6027314Z [94m➤[39m YN0000: · Yarn 4.9.0
2025-04-14T08:17:31.6148691Z [94m➤[39m [90mYN0000[39m: ┌ Resolution step
2025-04-14T08:17:31.6149641Z ##[group]Resolution step
2025-04-14T08:17:38.5106381Z ##[endgroup]
2025-04-14T08:17:38.5109360Z [94m➤[39m [90mYN0000[39m: └ Completed in 6s 894ms
2025-04-14T08:17:38.5111518Z [94m➤[39m [90mYN0000[39m: ┌ Post-resolution validation
2025-04-14T08:17:38.5113582Z ##[group]Post-resolution validation
2025-04-14T08:17:38.5116077Z [93m➤[39m YN0002: │ [38;5;173mroot-workspace-0b6124[39m[38;5;111m@[39m[38;5;111mworkspace:.[39m doesn't provide [38;5;166m@codemirror/[39m[38;5;173mlanguage[39m ([38;5;111mp0e327[39m), requested by [38;5;173mcodemirror-graphql[39m.
2025-04-14T08:17:38.5119441Z [93m➤[39m YN0002: │ [38;5;173mroot-workspace-0b6124[39m[38;5;111m@[39m[38;5;111mworkspace:.[39m doesn't provide [38;5;166m@types/[39m[38;5;173mreact[39m ([38;5;111mpca9d5[39m), requested by [38;5;166m@docusaurus/[39m[38;5;173mcore[39m and other dependencies.
2025-04-14T08:17:38.5123998Z [93m➤[39m YN0002: │ [38;5;173mroot-workspace-0b6124[39m[38;5;111m@[39m[38;5;111mworkspace:.[39m doesn't provide [38;5;173mcodemirror[39m ([38;5;111mpba012[39m), requested by [38;5;173mcodemirror-graphql[39m.
2025-04-14T08:17:38.5127035Z [93m➤[39m YN0002: │ [38;5;173mroot-workspace-0b6124[39m[38;5;111m@[39m[38;5;111mworkspace:.[39m doesn't provide [38;5;173mgraphql[39m ([38;5;111mpc530b[39m), requested by [38;5;173mcodemirror-graphql[39m.
2025-04-14T08:17:38.5129877Z [93m➤[39m YN0086: │ Some peer dependencies are incorrectly met by your project; run [38;5;111myarn explain peer-requirements <hash>[39m for details, where [38;5;111m<hash>[39m is the six-letter p-prefixed code.
2025-04-14T08:17:38.5132253Z [93m➤[39m YN0086: │ Some peer dependencies are incorrectly met by dependencies; run [38;5;111myarn explain peer-requirements[39m for details.
2025-04-14T08:17:38.5634013Z ##[endgroup]
2025-04-14T08:17:38.5634950Z [94m➤[39m [90mYN0000[39m: └ Completed
2025-04-14T08:17:38.5636059Z [94m➤[39m [90mYN0000[39m: ┌ Fetch step
2025-04-14T08:17:38.5636784Z ##[group]Fetch step
2025-04-14T08:17:47.8023574Z [94m➤[39m YN0013: │ [38;5;220m1028[39m packages were added to the project ([38;5;160m+ 90.18 MiB[39m).
2025-04-14T08:17:47.8029568Z ##[endgroup]
2025-04-14T08:17:47.8031464Z [94m➤[39m [90mYN0000[39m: └ Completed in 9s 239ms
2025-04-14T08:17:47.8590337Z [94m➤[39m [90mYN0000[39m: ┌ Link step
2025-04-14T08:17:47.8591204Z ##[group]Link step
2025-04-14T08:17:54.9775224Z [94m➤[39m YN0007: │ [38;5;173mcore-js[39m[38;5;111m@[39m[38;5;111mnpm:3.41.0[39m must be built because it never has been before or the last one failed
2025-04-14T08:17:54.9779617Z [94m➤[39m YN0007: │ [38;5;166m@swc/[39m[38;5;173mcore[39m[38;5;111m@[39m[38;5;111mnpm:1.11.11 [3d08c][39m must be built because it never has been before or the last one failed
2025-04-14T08:17:54.9782719Z [94m➤[39m YN0007: │ [38;5;173mesbuild[39m[38;5;111m@[39m[38;5;111mnpm:0.25.1[39m must be built because it never has been before or the last one failed
2025-04-14T08:17:54.9784878Z [94m➤[39m YN0007: │ [38;5;173mcore-js-pure[39m[38;5;111m@[39m[38;5;111mnpm:3.41.0[39m must be built because it never has been before or the last one failed
2025-04-14T08:17:55.2207969Z ##[endgroup]
2025-04-14T08:17:55.2209024Z [94m➤[39m [90mYN0000[39m: └ Completed in 7s 362ms
2025-04-14T08:17:55.3183655Z [93m➤[39m YN0000: · Done with warnings in 23s 716ms
2025-04-14T08:17:55.9828554Z [94m➤[39m [90mYN0000[39m: ┌ Deduplication step
2025-04-14T08:17:55.9829293Z ##[group]Deduplication step
2025-04-14T08:17:56.1222359Z [94m➤[39m YN0000: │ No packages can be deduped using the [38;5;111mhighest[39m strategy
2025-04-14T08:17:56.1223156Z ##[endgroup]
2025-04-14T08:17:56.1223496Z [94m➤[39m [90mYN0000[39m: └ Completed
2025-04-14T08:17:56.1521936Z ##[group]Run yarn
2025-04-14T08:17:56.1522184Z [36;1myarn[0m
2025-04-14T08:17:56.1522383Z [36;1myarn dedupe --check[0m
2025-04-14T08:17:56.1568145Z shell: /usr/bin/bash -e {0}
2025-04-14T08:17:56.1568393Z ##[endgroup]
2025-04-14T08:17:56.5127970Z [93m➤[39m YN0000: Yarn detected that the current workflow is executed from a public pull request. For safety the hardened mode has been enabled.
2025-04-14T08:17:56.5131244Z [93m➤[39m YN0000: It will prevent malicious lockfile manipulations, in exchange for a slower install time. You can opt-out if necessary; check our documentation for more details.
2025-04-14T08:17:56.5131864Z 
2025-04-14T08:17:56.5132576Z [94m➤[39m YN0000: · Yarn 4.9.0
2025-04-14T08:17:56.5335430Z [94m➤[39m [90mYN0000[39m: ┌ Resolution step
2025-04-14T08:17:56.5336046Z ##[group]Resolution step
2025-04-14T08:17:56.8774000Z ##[endgroup]
2025-04-14T08:17:56.8775209Z [94m➤[39m [90mYN0000[39m: └ Completed in 0s 344ms
2025-04-14T08:17:56.8805391Z [94m➤[39m [90mYN0000[39m: ┌ Fetch step
2025-04-14T08:17:56.8806170Z ##[group]Fetch step
2025-04-14T08:17:56.9912405Z [94m➤[39m YN0013: │ A package was added to the project ([38;5;160m+ 12.38 KiB[39m).
2025-04-14T08:17:56.9913079Z ##[endgroup]
2025-04-14T08:17:56.9913646Z [94m➤[39m [90mYN0000[39m: └ Completed
2025-04-14T08:17:56.9937781Z [94m➤[39m [90mYN0000[39m: ┌ Link step
2025-04-14T08:17:56.9938519Z ##[group]Link step
2025-04-14T08:17:57.1329012Z ##[endgroup]
2025-04-14T08:17:57.1329819Z [94m➤[39m [90mYN0000[39m: └ Completed
2025-04-14T08:17:57.1348269Z [94m➤[39m YN0000: · Done in 0s 621ms
2025-04-14T08:17:57.5052033Z [94m➤[39m [90mYN0000[39m: ┌ Deduplication step
2025-04-14T08:17:57.5052916Z ##[group]Deduplication step
2025-04-14T08:17:57.5293418Z [94m➤[39m YN0000: │ No packages can be deduped using the [38;5;111mhighest[39m strategy
2025-04-14T08:17:57.5294670Z ##[endgroup]
2025-04-14T08:17:57.5295104Z [94m➤[39m [90mYN0000[39m: └ Completed
2025-04-14T08:17:57.5512831Z ##[group]Run yarn
2025-04-14T08:17:57.5513195Z [36;1myarn[0m
2025-04-14T08:17:57.5513511Z [36;1myarn dedupe --check[0m
2025-04-14T08:17:57.5565977Z shell: /usr/bin/bash -e {0}
2025-04-14T08:17:57.5566230Z ##[endgroup]
2025-04-14T08:17:57.9240716Z [93m➤[39m YN0000: Yarn detected that the current workflow is executed from a public pull request. For safety the hardened mode has been enabled.
2025-04-14T08:17:57.9244446Z [93m➤[39m YN0000: It will prevent malicious lockfile manipulations, in exchange for a slower install time. You can opt-out if necessary; check our documentation for more details.
2025-04-14T08:17:57.9245081Z 
2025-04-14T08:17:57.9245955Z [94m➤[39m YN0000: · Yarn 4.9.0
2025-04-14T08:17:57.9554974Z [94m➤[39m [90mYN0000[39m: ┌ Resolution step
2025-04-14T08:17:57.9555828Z ##[group]Resolution step
2025-04-14T08:17:58.8106876Z ##[endgroup]
2025-04-14T08:17:58.8107885Z [94m➤[39m [90mYN0000[39m: └ Completed in 0s 855ms
2025-04-14T08:17:58.8156560Z [94m➤[39m [90mYN0000[39m: ┌ Fetch step
2025-04-14T08:17:58.8157311Z ##[group]Fetch step
2025-04-14T08:17:59.2178008Z [94m➤[39m YN0013: │ [38;5;220m8[39m packages were added to the project ([38;5;160m+ 1.13 MiB[39m).
2025-04-14T08:17:59.2178697Z ##[endgroup]
2025-04-14T08:17:59.2179092Z [94m➤[39m [90mYN0000[39m: └ Completed in 0s 402ms
2025-04-14T08:17:59.2211032Z [94m➤[39m [90mYN0000[39m: ┌ Link step
2025-04-14T08:17:59.2211831Z ##[group]Link step
2025-04-14T08:17:59.9147912Z ##[endgroup]
2025-04-14T08:17:59.9148892Z [94m➤[39m [90mYN0000[39m: └ Completed in 0s 694ms
2025-04-14T08:17:59.9196140Z [94m➤[39m YN0000: · Done in 1s 995ms
2025-04-14T08:18:00.3208333Z [94m➤[39m [90mYN0000[39m: ┌ Deduplication step
2025-04-14T08:18:00.3209462Z ##[group]Deduplication step
2025-04-14T08:18:00.3487020Z [94m➤[39m YN0000: │ No packages can be deduped using the [38;5;111mhighest[39m strategy
2025-04-14T08:18:00.3488152Z ##[endgroup]
2025-04-14T08:18:00.3488768Z [94m➤[39m [90mYN0000[39m: └ Completed
2025-04-14T08:18:00.3703908Z ##[group]Run yarn
2025-04-14T08:18:00.3704583Z [36;1myarn[0m
2025-04-14T08:18:00.3705019Z [36;1myarn dedupe --check[0m
2025-04-14T08:18:00.3752886Z shell: /usr/bin/bash -e {0}
2025-04-14T08:18:00.3753134Z ##[endgroup]
2025-04-14T08:18:00.7205086Z [93m➤[39m YN0000: Yarn detected that the current workflow is executed from a public pull request. For safety the hardened mode has been enabled.
2025-04-14T08:18:00.7208300Z [93m➤[39m YN0000: It will prevent malicious lockfile manipulations, in exchange for a slower install time. You can opt-out if necessary; check our documentation for more details.
2025-04-14T08:18:00.7208917Z 
2025-04-14T08:18:00.7209624Z [94m➤[39m YN0000: · Yarn 4.9.0
2025-04-14T08:18:00.7449822Z [94m➤[39m [90mYN0000[39m: ┌ Resolution step
2025-04-14T08:18:00.7450380Z ##[group]Resolution step
2025-04-14T08:18:00.7498161Z ##[endgroup]
2025-04-14T08:18:00.7498626Z [94m➤[39m [90mYN0000[39m: └ Completed
2025-04-14T08:18:00.7515087Z [94m➤[39m [90mYN0000[39m: ┌ Fetch step
2025-04-14T08:18:00.7515521Z ##[group]Fetch step
2025-04-14T08:18:00.7523339Z ##[endgroup]
2025-04-14T08:18:00.7523745Z [94m➤[39m [90mYN0000[39m: └ Completed
2025-04-14T08:18:00.7532258Z [94m➤[39m [90mYN0000[39m: ┌ Link step
2025-04-14T08:18:00.7532771Z ##[group]Link step
2025-04-14T08:18:00.7657555Z ##[endgroup]
2025-04-14T08:18:00.7658086Z [94m➤[39m [90mYN0000[39m: └ Completed
2025-04-14T08:18:00.7696663Z [94m➤[39m YN0000: · Done in 0s 49ms
2025-04-14T08:18:01.1737878Z [94m➤[39m [90mYN0000[39m: ┌ Deduplication step
2025-04-14T08:18:01.1738743Z ##[group]Deduplication step
2025-04-14T08:18:01.1965750Z [94m➤[39m YN0000: │ No packages can be deduped using the [38;5;111mhighest[39m strategy
2025-04-14T08:18:01.1966428Z ##[endgroup]
2025-04-14T08:18:01.1966757Z [94m➤[39m [90mYN0000[39m: └ Completed
2025-04-14T08:18:01.2170599Z ##[group]Run yarn lint:knip
2025-04-14T08:18:01.2171045Z [36;1myarn lint:knip[0m
2025-04-14T08:18:01.2230199Z shell: /usr/bin/bash -e {0}
2025-04-14T08:18:01.2230462Z ##[endgroup]
2025-04-14T08:18:05.4191490Z ##[group]Run echo "Listing changed files:" && git diff --name-only --exit-code && echo "No files changed during lint."
2025-04-14T08:18:05.4192235Z [36;1mecho "Listing changed files:" && git diff --name-only --exit-code && echo "No files changed during lint."[0m
2025-04-14T08:18:05.4238153Z shell: /usr/bin/bash -e {0}
2025-04-14T08:18:05.4238401Z ##[endgroup]
2025-04-14T08:18:05.4300515Z Listing changed files:
2025-04-14T08:18:05.7769761Z No files changed during lint.
2025-04-14T08:18:05.7826612Z Post job cleanup.
2025-04-14T08:18:05.9369910Z Cache hit occurred on the primary key node-cache-Linux-x64-yarn-b2788c6578793f06bb7733a685a1925569b1952b1532ec244f6267d93695e7b6, not saving cache.
2025-04-14T08:18:05.9471310Z Post job cleanup.
2025-04-14T08:18:06.0408403Z [command]/usr/bin/git version
2025-04-14T08:18:06.0454723Z git version 2.49.0
2025-04-14T08:18:06.0500350Z Temporarily overriding HOME='/home/runner/work/_temp/2bc6de04-ef07-48bf-a3d0-a6d28bccdda3' before making global git config changes
2025-04-14T08:18:06.0501809Z Adding repository directory to the temporary git global config as a safe directory
2025-04-14T08:18:06.0507231Z [command]/usr/bin/git config --global --add safe.directory /home/runner/work/prettier/prettier
2025-04-14T08:18:06.0544813Z [command]/usr/bin/git config --local --name-only --get-regexp core\.sshCommand
2025-04-14T08:18:06.0580791Z [command]/usr/bin/git submodule foreach --recursive sh -c "git config --local --name-only --get-regexp 'core\.sshCommand' && git config --local --unset-all 'core.sshCommand' || :"
2025-04-14T08:18:06.0838106Z [command]/usr/bin/git config --local --name-only --get-regexp http\.https\:\/\/github\.com\/\.extraheader
2025-04-14T08:18:06.0861473Z http.https://github.com/.extraheader
2025-04-14T08:18:06.0874526Z [command]/usr/bin/git config --local --unset-all http.https://github.com/.extraheader
2025-04-14T08:18:06.0907028Z [command]/usr/bin/git submodule foreach --recursive sh -c "git config --local --name-only --get-regexp 'http\.https\:\/\/github\.com\/\.extraheader' && git config --local --unset-all 'http.https://github.com/.extraheader' || :"
2025-04-14T08:18:06.1255337Z Cleaning up orphan processes
