2025-04-11T15:26:52.0279334Z Requested labels: macos-14
2025-04-11T15:26:52.0279924Z Job defined at: tailwindlabs/tailwindcss/.github/workflows/release-insiders.yml@refs/heads/main
2025-04-11T15:26:52.0280040Z Waiting for a runner to pick up this job...
2025-04-11T15:26:52.2671869Z Job is waiting for a hosted runner to come online.
2025-04-11T15:26:54.7570195Z Job is about to start running on the hosted runner: GitHub Actions 7 (hosted)
2025-04-11T15:26:56.0360150Z Current runner version: '2.323.0'
2025-04-11T15:26:56.0538620Z ##[group]Operating System
2025-04-11T15:26:56.0539450Z macOS
2025-04-11T15:26:56.0539760Z 14.7.4
2025-04-11T15:26:56.0540110Z 23H420
2025-04-11T15:26:56.0540420Z ##[endgroup]
2025-04-11T15:26:56.0540760Z ##[group]Runner Image
2025-04-11T15:26:56.0584120Z Image: macos-14-arm64
2025-04-11T15:26:56.0584540Z Version: 20250331.1204
2025-04-11T15:26:56.0585260Z Included Software: https://github.com/actions/runner-images/blob/macos-14-arm64/20250331.1204/images/macos/macos-14-arm64-Readme.md
2025-04-11T15:26:56.0586250Z Image Release: https://github.com/actions/runner-images/releases/tag/macos-14-arm64%2F20250331.1204
2025-04-11T15:26:56.0586840Z ##[endgroup]
2025-04-11T15:26:56.0587170Z ##[group]Runner Image Provisioner
2025-04-11T15:26:56.0587590Z 2.0.422.1+55c30c14fe2a0a1547db1b656933ae07d97649a9
2025-04-11T15:26:56.0588010Z ##[endgroup]
2025-04-11T15:26:56.0588700Z ##[group]GITHUB_TOKEN Permissions
2025-04-11T15:26:56.0590240Z Contents: write
2025-04-11T15:26:56.0590580Z Metadata: read
2025-04-11T15:26:56.0590900Z ##[endgroup]
2025-04-11T15:26:56.0592980Z Secret source: Actions
2025-04-11T15:26:56.0593390Z Prepare workflow directory
2025-04-11T15:26:56.0819020Z Prepare all required actions
2025-04-11T15:26:56.0844080Z Getting action download info
2025-04-11T15:26:56.3163740Z ##[group]Download immutable action package 'actions/checkout@v4'
2025-04-11T15:26:56.3164460Z Version: 4.2.2
2025-04-11T15:26:56.3165090Z Digest: sha256:ccb2698953eaebd21c7bf6268a94f9c26518a7e38e27e0b83c1fe1ad049819b1
2025-04-11T15:26:56.3165880Z Source commit SHA: 11bd71901bbe5b1630ceea73d27597364c9af683
2025-04-11T15:26:56.3166380Z ##[endgroup]
2025-04-11T15:26:56.5049480Z Download action repository 'pnpm/action-setup@v4' (SHA:a7487c7e89a18df4991f7f222e4898a00d66ddda)
2025-04-11T15:26:57.8645250Z ##[group]Download immutable action package 'actions/setup-node@v4'
2025-04-11T15:26:57.8646220Z Version: 4.3.0
2025-04-11T15:26:57.8647110Z Digest: sha256:9f9f8171ffc89cb7f6897e615e2b43b46bb55176fd279129eb0088157eace9b2
2025-04-11T15:26:57.8648370Z Source commit SHA: cdca7365b2dadb8aad0a33bc7601856ffabcc48e
2025-04-11T15:26:57.8649210Z ##[endgroup]
2025-04-11T15:26:57.9602100Z ##[group]Download immutable action package 'actions/cache@v4'
2025-04-11T15:26:57.9603280Z Version: 4.2.3
2025-04-11T15:26:57.9604590Z Digest: sha256:c8a3bb963e1f1826d8fcc8d1354f0dd29d8ac1db1d4f6f20247055ae11b81ed9
2025-04-11T15:26:57.9606380Z Source commit SHA: 5a3ec84eff668545956fd18022155c47e93e2684
2025-04-11T15:26:57.9607570Z ##[endgroup]
2025-04-11T15:26:58.0235560Z ##[group]Download immutable action package 'actions/download-artifact@v4'
2025-04-11T15:26:58.0236930Z Version: 4.2.1
2025-04-11T15:26:58.0238100Z Digest: sha256:dc468d5aa7f2038c97563f0fd51a6d40150fe504eef54e24f5ac75983c6666de
2025-04-11T15:26:58.0239670Z Source commit SHA: 95815c38cf2ff2164869cbab79da8d1f422bc89e
2025-04-11T15:26:58.0240750Z ##[endgroup]
2025-04-11T15:26:58.5835650Z ##[group]Download immutable action package 'actions/upload-artifact@v4'
2025-04-11T15:26:58.5836990Z Version: 4.6.2
2025-04-11T15:26:58.5838110Z Digest: sha256:290722aa3281d5caf23d0acdc3dbeb3424786a1a01a9cc97e72f147225e37c38
2025-04-11T15:26:58.5839590Z Source commit SHA: ea165f8d65b6e75b540449e92b4886f43607fa02
2025-04-11T15:26:58.5840650Z ##[endgroup]
2025-04-11T15:26:58.6687370Z ##[group]Download immutable action package 'actions/github-script@v7'
2025-04-11T15:26:58.6688560Z Version: 7.0.1
2025-04-11T15:26:58.6689590Z Digest: sha256:bce02966afe3a75123f766b765abe432fac5464b74976015dc06b811ac9054c7
2025-04-11T15:26:58.6691060Z Source commit SHA: 60a0d83039c74a4aee543508d2ffcb1c3799cdea
2025-04-11T15:26:58.6692060Z ##[endgroup]
2025-04-11T15:26:59.2971140Z Complete job name: Build and release Tailwind CSS insiders
2025-04-11T15:26:59.3490000Z ##[group]Run actions/checkout@v4
2025-04-11T15:26:59.3490850Z with:
2025-04-11T15:26:59.3491370Z   fetch-depth: 20
2025-04-11T15:26:59.3491950Z   repository: tailwindlabs/tailwindcss
2025-04-11T15:26:59.3492910Z   token: ***
2025-04-11T15:26:59.3494170Z   ssh-strict: true
2025-04-11T15:26:59.3494690Z   ssh-user: git
2025-04-11T15:26:59.3495230Z   persist-credentials: true
2025-04-11T15:26:59.3495820Z   clean: true
2025-04-11T15:26:59.3496370Z   sparse-checkout-cone-mode: true
2025-04-11T15:26:59.3497000Z   fetch-tags: false
2025-04-11T15:26:59.3497530Z   show-progress: true
2025-04-11T15:26:59.3498070Z   lfs: false
2025-04-11T15:26:59.3498570Z   submodules: false
2025-04-11T15:26:59.3499110Z   set-safe-directory: true
2025-04-11T15:26:59.3499870Z env:
2025-04-11T15:26:59.3500380Z   APP_NAME: tailwindcss-oxide
2025-04-11T15:26:59.3500980Z   NODE_VERSION: 20
2025-04-11T15:26:59.3501530Z   OXIDE_LOCATION: ./crates/node
2025-04-11T15:26:59.3502130Z   RELEASE_CHANNEL: insiders
2025-04-11T15:26:59.3502750Z ##[endgroup]
2025-04-11T15:26:59.6154560Z Syncing repository: tailwindlabs/tailwindcss
2025-04-11T15:26:59.6157100Z ##[group]Getting Git version info
2025-04-11T15:26:59.6157970Z Working directory is '/Users/runner/work/tailwindcss/tailwindcss'
2025-04-11T15:26:59.6159550Z [command]/opt/homebrew/bin/git version
2025-04-11T15:26:59.6739790Z git version 2.49.0
2025-04-11T15:26:59.6772930Z ##[endgroup]
2025-04-11T15:26:59.6785330Z Copying '/Users/runner/.gitconfig' to '/Users/runner/work/_temp/a539e20f-13b9-4d82-8b28-1faa2d89fdcf/.gitconfig'
2025-04-11T15:26:59.6797250Z Temporarily overriding HOME='/Users/runner/work/_temp/a539e20f-13b9-4d82-8b28-1faa2d89fdcf' before making global git config changes
2025-04-11T15:26:59.6799060Z Adding repository directory to the temporary git global config as a safe directory
2025-04-11T15:26:59.6801210Z [command]/opt/homebrew/bin/git config --global --add safe.directory /Users/runner/work/tailwindcss/tailwindcss
2025-04-11T15:26:59.6887690Z Deleting the contents of '/Users/runner/work/tailwindcss/tailwindcss'
2025-04-11T15:26:59.6889940Z ##[group]Initializing the repository
2025-04-11T15:26:59.6893900Z [command]/opt/homebrew/bin/git init /Users/runner/work/tailwindcss/tailwindcss
2025-04-11T15:26:59.7083340Z hint: Using 'master' as the name for the initial branch. This default branch name
2025-04-11T15:26:59.7084940Z hint: is subject to change. To configure the initial branch name to use in all
2025-04-11T15:26:59.7086220Z hint: of your new repositories, which will suppress this warning, call:
2025-04-11T15:26:59.7087090Z hint:
2025-04-11T15:26:59.7087750Z hint: 	git config --global init.defaultBranch <name>
2025-04-11T15:26:59.7088500Z hint:
2025-04-11T15:26:59.7089210Z hint: Names commonly chosen instead of 'master' are 'main', 'trunk' and
2025-04-11T15:26:59.7090350Z hint: 'development'. The just-created branch can be renamed via this command:
2025-04-11T15:26:59.7091260Z hint:
2025-04-11T15:26:59.7091800Z hint: 	git branch -m <name>
2025-04-11T15:26:59.7092720Z Initialized empty Git repository in /Users/runner/work/tailwindcss/tailwindcss/.git/
2025-04-11T15:26:59.7095060Z [command]/opt/homebrew/bin/git remote add origin https://github.com/tailwindlabs/tailwindcss
2025-04-11T15:26:59.7149610Z ##[endgroup]
2025-04-11T15:26:59.7150660Z ##[group]Disabling automatic garbage collection
2025-04-11T15:26:59.7151810Z [command]/opt/homebrew/bin/git config --local gc.auto 0
2025-04-11T15:26:59.7195820Z ##[endgroup]
2025-04-11T15:26:59.7196810Z ##[group]Setting up auth
2025-04-11T15:26:59.7199910Z [command]/opt/homebrew/bin/git config --local --name-only --get-regexp core\.sshCommand
2025-04-11T15:26:59.7243860Z [command]/opt/homebrew/bin/git submodule foreach --recursive sh -c "git config --local --name-only --get-regexp 'core\.sshCommand' && git config --local --unset-all 'core.sshCommand' || :"
2025-04-11T15:26:59.8004880Z [command]/opt/homebrew/bin/git config --local --name-only --get-regexp http\.https\:\/\/github\.com\/\.extraheader
2025-04-11T15:26:59.8051000Z [command]/opt/homebrew/bin/git submodule foreach --recursive sh -c "git config --local --name-only --get-regexp 'http\.https\:\/\/github\.com\/\.extraheader' && git config --local --unset-all 'http.https://github.com/.extraheader' || :"
2025-04-11T15:26:59.8558980Z [command]/opt/homebrew/bin/git config --local http.https://github.com/.extraheader AUTHORIZATION: basic ***
2025-04-11T15:26:59.8647050Z ##[endgroup]
2025-04-11T15:26:59.8648170Z ##[group]Fetching the repository
2025-04-11T15:26:59.8656970Z [command]/opt/homebrew/bin/git -c protocol.version=2 fetch --no-tags --prune --no-recurse-submodules --depth=20 origin +83ce4c0a3063e9831a5e3d582ea5dc1e4708df5c:refs/remotes/origin/main
2025-04-11T15:27:01.2402790Z From https://github.com/tailwindlabs/tailwindcss
2025-04-11T15:27:01.2404890Z  * [new ref]         83ce4c0a3063e9831a5e3d582ea5dc1e4708df5c -> origin/main
2025-04-11T15:27:01.2469920Z ##[endgroup]
2025-04-11T15:27:01.2470980Z ##[group]Determining the checkout info
2025-04-11T15:27:01.2474540Z ##[endgroup]
2025-04-11T15:27:01.2475180Z [command]/opt/homebrew/bin/git sparse-checkout disable
2025-04-11T15:27:01.2537470Z [command]/opt/homebrew/bin/git config --local --unset-all extensions.worktreeConfig
2025-04-11T15:27:01.2599880Z ##[group]Checking out the ref
2025-04-11T15:27:01.2601030Z [command]/opt/homebrew/bin/git checkout --progress --force -B main refs/remotes/origin/main
2025-04-11T15:27:01.3270550Z Switched to a new branch 'main'
2025-04-11T15:27:01.3283360Z branch 'main' set up to track 'origin/main'.
2025-04-11T15:27:01.3291860Z ##[endgroup]
2025-04-11T15:27:01.3350980Z [command]/opt/homebrew/bin/git log -1 --format=%H
2025-04-11T15:27:01.3412540Z 83ce4c0a3063e9831a5e3d582ea5dc1e4708df5c
2025-04-11T15:27:01.3567720Z ##[group]Run echo "SHA_SHORT=$(git rev-parse --short HEAD)" >> $GITHUB_ENV
2025-04-11T15:27:01.3568240Z [36;1mecho "SHA_SHORT=$(git rev-parse --short HEAD)" >> $GITHUB_ENV[0m
2025-04-11T15:27:01.3623030Z shell: /bin/bash -e {0}
2025-04-11T15:27:01.3623320Z env:
2025-04-11T15:27:01.3623500Z   APP_NAME: tailwindcss-oxide
2025-04-11T15:27:01.3623690Z   NODE_VERSION: 20
2025-04-11T15:27:01.3623860Z   OXIDE_LOCATION: ./crates/node
2025-04-11T15:27:01.3624060Z   RELEASE_CHANNEL: insiders
2025-04-11T15:27:01.3624220Z ##[endgroup]
2025-04-11T15:27:01.4151260Z ##[group]Run pnpm/action-setup@v4
2025-04-11T15:27:01.4151580Z with:
2025-04-11T15:27:01.4151730Z   dest: ~/setup-pnpm
2025-04-11T15:27:01.4151910Z   run_install: null
2025-04-11T15:27:01.4152080Z   package_json_file: package.json
2025-04-11T15:27:01.4152270Z   standalone: false
2025-04-11T15:27:01.4152480Z env:
2025-04-11T15:27:01.4152680Z   APP_NAME: tailwindcss-oxide
2025-04-11T15:27:01.4152880Z   NODE_VERSION: 20
2025-04-11T15:27:01.4153050Z   OXIDE_LOCATION: ./crates/node
2025-04-11T15:27:01.4153500Z   RELEASE_CHANNEL: insiders
2025-04-11T15:27:01.4153720Z   SHA_SHORT: 83ce4c0
2025-04-11T15:27:01.4153900Z ##[endgroup]
2025-04-11T15:27:01.4882250Z ##[group]Running self-installer...
2025-04-11T15:27:01.9784420Z Progress: resolved 1, reused 0, downloaded 0, added 0
2025-04-11T15:27:01.9887790Z Packages: +1
2025-04-11T15:27:01.9888130Z +
2025-04-11T15:27:02.5420030Z Progress: resolved 1, reused 0, downloaded 1, added 1, done
2025-04-11T15:27:02.5922560Z 
2025-04-11T15:27:02.5922960Z dependencies:
2025-04-11T15:27:02.5923290Z + pnpm 9.6.0 (10.8.0 is available)
2025-04-11T15:27:02.5923490Z 
2025-04-11T15:27:02.5970360Z Done in 997ms
2025-04-11T15:27:02.6066870Z ##[endgroup]
2025-04-11T15:27:02.6068150Z Installation Completed!
2025-04-11T15:27:02.6175640Z ##[group]Run actions/setup-node@v4
2025-04-11T15:27:02.6175840Z with:
2025-04-11T15:27:02.6175970Z   node-version: 20
2025-04-11T15:27:02.6176130Z   cache: pnpm
2025-04-11T15:27:02.6176440Z   registry-url: https://registry.npmjs.org
2025-04-11T15:27:02.6176660Z   always-auth: false
2025-04-11T15:27:02.6176840Z   check-latest: false
2025-04-11T15:27:02.6177190Z   token: ***
2025-04-11T15:27:02.6177350Z env:
2025-04-11T15:27:02.6177500Z   APP_NAME: tailwindcss-oxide
2025-04-11T15:27:02.6177690Z   NODE_VERSION: 20
2025-04-11T15:27:02.6177860Z   OXIDE_LOCATION: ./crates/node
2025-04-11T15:27:02.6178030Z   RELEASE_CHANNEL: insiders
2025-04-11T15:27:02.6178190Z   SHA_SHORT: 83ce4c0
2025-04-11T15:27:02.6178390Z   PNPM_HOME: /Users/runner/setup-pnpm/node_modules/.bin
2025-04-11T15:27:02.6179070Z ##[endgroup]
2025-04-11T15:27:02.7502000Z Found in cache @ /Users/runner/hostedtoolcache/node/20.19.0/arm64
2025-04-11T15:27:02.7505440Z ##[group]Environment details
2025-04-11T15:27:03.0923480Z node: v20.19.0
2025-04-11T15:27:03.0939420Z npm: 10.8.2
2025-04-11T15:27:03.0940050Z yarn: 1.22.22
2025-04-11T15:27:03.0940790Z ##[endgroup]
2025-04-11T15:27:03.0950440Z [command]/Users/runner/setup-pnpm/node_modules/.bin/pnpm store path --silent
2025-04-11T15:27:03.3615590Z /Users/runner/setup-pnpm/node_modules/.bin/store/v3
2025-04-11T15:27:03.4706160Z Cache hit for: node-cache-macOS-arm64-pnpm-efa1ca9d7121330576e5fe5bac8513f255b910c7ccc8922516c67b7e3aa7a706
2025-04-11T15:27:04.1498580Z Received 100565140 of 100565140 (100.0%), 150.1 MBs/sec
2025-04-11T15:27:04.1499520Z Cache Size: ~96 MB (100565140 B)
2025-04-11T15:27:04.1550730Z [command]/opt/homebrew/bin/gtar -xf /Users/runner/work/_temp/fd6a2aaf-ca4d-4a14-bdb3-ad17205484da/cache.tzst -P -C /Users/runner/work/tailwindcss/tailwindcss --delay-directory-restore --use-compress-program unzstd
2025-04-11T15:27:05.3838930Z Cache restored successfully
2025-04-11T15:27:05.3870220Z Cache restored from key: node-cache-macOS-arm64-pnpm-efa1ca9d7121330576e5fe5bac8513f255b910c7ccc8922516c67b7e3aa7a706
2025-04-11T15:27:05.5116100Z ##[group]Run actions/cache@v4
2025-04-11T15:27:05.5116350Z with:
2025-04-11T15:27:05.5116670Z   path: ~/.cargo/bin/
~/.cargo/registry/index/
~/.cargo/registry/cache/
~/.cargo/git/db/
target/

2025-04-11T15:27:05.5117130Z   key: macOS--cargo-1f1d90b91121ec7c4e795ca2e813af2c74fc0e356de86e686ae606074019ffd3
2025-04-11T15:27:05.5117480Z   enableCrossOsArchive: false
2025-04-11T15:27:05.5117680Z   fail-on-cache-miss: false
2025-04-11T15:27:05.5117860Z   lookup-only: false
2025-04-11T15:27:05.5118030Z   save-always: false
2025-04-11T15:27:05.5118180Z env:
2025-04-11T15:27:05.5118340Z   APP_NAME: tailwindcss-oxide
2025-04-11T15:27:05.5118520Z   NODE_VERSION: 20
2025-04-11T15:27:05.5118720Z   OXIDE_LOCATION: ./crates/node
2025-04-11T15:27:05.5118960Z   RELEASE_CHANNEL: insiders
2025-04-11T15:27:05.5119140Z   SHA_SHORT: 83ce4c0
2025-04-11T15:27:05.5119350Z   PNPM_HOME: /Users/runner/setup-pnpm/node_modules/.bin
2025-04-11T15:27:05.5119680Z   NPM_CONFIG_USERCONFIG: /Users/runner/work/_temp/.npmrc
2025-04-11T15:27:05.5119940Z   NODE_AUTH_TOKEN: XXXXX-XXXXX-XXXXX-XXXXX
2025-04-11T15:27:05.5120150Z ##[endgroup]
2025-04-11T15:27:05.6621200Z Cache not found for input keys: macOS--cargo-1f1d90b91121ec7c4e795ca2e813af2c74fc0e356de86e686ae606074019ffd3
2025-04-11T15:27:05.7815340Z ##[group]Run actions/cache@v4
2025-04-11T15:27:05.7815600Z with:
2025-04-11T15:27:05.7816290Z   path: ./crates/node/*.node
./crates/node/*.wasm
./crates/node/index.d.ts
./crates/node/index.js
./crates/node/browser.js
./crates/node/tailwindcss-oxide.wasi-browser.js
./crates/node/tailwindcss-oxide.wasi.cjs
./crates/node/wasi-worker-browser.mjs
./crates/node/wasi-worker.mjs

2025-04-11T15:27:05.7817180Z   key: macOS--oxide-3d66aba146d7de26bdc4c02ddf7974d2888e75884ee414e27070af0430466cd1
2025-04-11T15:27:05.7817530Z   enableCrossOsArchive: false
2025-04-11T15:27:05.7817720Z   fail-on-cache-miss: false
2025-04-11T15:27:05.7817880Z   lookup-only: false
2025-04-11T15:27:05.7818040Z   save-always: false
2025-04-11T15:27:05.7818190Z env:
2025-04-11T15:27:05.7818330Z   APP_NAME: tailwindcss-oxide
2025-04-11T15:27:05.7818500Z   NODE_VERSION: 20
2025-04-11T15:27:05.7818650Z   OXIDE_LOCATION: ./crates/node
2025-04-11T15:27:05.7818900Z   RELEASE_CHANNEL: insiders
2025-04-11T15:27:05.7819120Z   SHA_SHORT: 83ce4c0
2025-04-11T15:27:05.7819310Z   PNPM_HOME: /Users/runner/setup-pnpm/node_modules/.bin
2025-04-11T15:27:05.7819590Z   NPM_CONFIG_USERCONFIG: /Users/runner/work/_temp/.npmrc
2025-04-11T15:27:05.7819840Z   NODE_AUTH_TOKEN: XXXXX-XXXXX-XXXXX-XXXXX
2025-04-11T15:27:05.7820030Z ##[endgroup]
2025-04-11T15:27:05.9207800Z Cache not found for input keys: macOS--oxide-3d66aba146d7de26bdc4c02ddf7974d2888e75884ee414e27070af0430466cd1
2025-04-11T15:27:05.9246180Z ##[group]Run rustup target add wasm32-wasip1-threads
2025-04-11T15:27:05.9246640Z [36;1mrustup target add wasm32-wasip1-threads[0m
2025-04-11T15:27:05.9306570Z shell: /bin/bash -e {0}
2025-04-11T15:27:05.9306760Z env:
2025-04-11T15:27:05.9306910Z   APP_NAME: tailwindcss-oxide
2025-04-11T15:27:05.9307100Z   NODE_VERSION: 20
2025-04-11T15:27:05.9307260Z   OXIDE_LOCATION: ./crates/node
2025-04-11T15:27:05.9307440Z   RELEASE_CHANNEL: insiders
2025-04-11T15:27:05.9307620Z   SHA_SHORT: 83ce4c0
2025-04-11T15:27:05.9307830Z   PNPM_HOME: /Users/runner/setup-pnpm/node_modules/.bin
2025-04-11T15:27:05.9308110Z   NPM_CONFIG_USERCONFIG: /Users/runner/work/_temp/.npmrc
2025-04-11T15:27:05.9308360Z   NODE_AUTH_TOKEN: XXXXX-XXXXX-XXXXX-XXXXX
2025-04-11T15:27:05.9308570Z ##[endgroup]
2025-04-11T15:27:05.9939250Z info: syncing channel updates for '1.85.0-aarch64-apple-darwin'
2025-04-11T15:27:06.1779020Z info: latest update on 2025-02-20, rust version 1.85.0 (4d91de4e4 2025-02-17)
2025-04-11T15:27:06.1779510Z info: downloading component 'cargo'
2025-04-11T15:27:06.2225090Z info: downloading component 'clippy'
2025-04-11T15:27:06.2463670Z info: downloading component 'rust-docs'
2025-04-11T15:27:06.6535120Z info: downloading component 'rust-std'
2025-04-11T15:27:06.8224410Z info: downloading component 'rustc'
2025-04-11T15:27:07.2016370Z info: downloading component 'rustfmt'
2025-04-11T15:27:07.2273200Z info: installing component 'cargo'
2025-04-11T15:27:07.8367670Z info: installing component 'clippy'
2025-04-11T15:27:08.1674330Z info: installing component 'rust-docs'
2025-04-11T15:27:11.9176040Z info: installing component 'rust-std'
2025-04-11T15:27:13.5936070Z info: installing component 'rustc'
2025-04-11T15:27:16.7194290Z info: installing component 'rustfmt'
2025-04-11T15:27:17.7582520Z info: downloading component 'rust-std' for 'wasm32-wasip1-threads'
2025-04-11T15:27:17.9657050Z info: installing component 'rust-std' for 'wasm32-wasip1-threads'
2025-04-11T15:27:19.4348150Z ##[group]Run pnpm --filter=!./playgrounds/* install
2025-04-11T15:27:19.4348490Z [36;1mpnpm --filter=!./playgrounds/* install[0m
2025-04-11T15:27:19.4432160Z shell: /bin/bash -e {0}
2025-04-11T15:27:19.4432390Z env:
2025-04-11T15:27:19.4432680Z   APP_NAME: tailwindcss-oxide
2025-04-11T15:27:19.4432980Z   NODE_VERSION: 20
2025-04-11T15:27:19.4433230Z   OXIDE_LOCATION: ./crates/node
2025-04-11T15:27:19.4433560Z   RELEASE_CHANNEL: insiders
2025-04-11T15:27:19.4433820Z   SHA_SHORT: 83ce4c0
2025-04-11T15:27:19.4434110Z   PNPM_HOME: /Users/runner/setup-pnpm/node_modules/.bin
2025-04-11T15:27:19.4434510Z   NPM_CONFIG_USERCONFIG: /Users/runner/work/_temp/.npmrc
2025-04-11T15:27:19.4434850Z   NODE_AUTH_TOKEN: XXXXX-XXXXX-XXXXX-XXXXX
2025-04-11T15:27:19.4435200Z ##[endgroup]
2025-04-11T15:27:19.7792710Z crates/node/npm/android-arm-eabi         | â€‰WARNâ€‰ Unsupported platform: wanted: {"cpu":["arm"],"os":["android"],"libc":["any"]} (current: {"os":"darwin","cpu":"arm64","libc":"unknown"})
2025-04-11T15:27:19.7794140Z crates/node/npm/android-arm64            | â€‰WARNâ€‰ Unsupported platform: wanted: {"cpu":["arm64"],"os":["android"],"libc":["any"]} (current: {"os":"darwin","cpu":"arm64","libc":"unknown"})
2025-04-11T15:27:19.7795440Z crates/node/npm/darwin-x64               | â€‰WARNâ€‰ Unsupported platform: wanted: {"cpu":["x64"],"os":["darwin"],"libc":["any"]} (current: {"os":"darwin","cpu":"arm64","libc":"unknown"})
2025-04-11T15:27:19.7796610Z crates/node/npm/freebsd-x64              | â€‰WARNâ€‰ Unsupported platform: wanted: {"cpu":["x64"],"os":["freebsd"],"libc":["any"]} (current: {"os":"darwin","cpu":"arm64","libc":"unknown"})
2025-04-11T15:27:19.7797830Z crates/node/npm/linux-arm-gnueabihf      | â€‰WARNâ€‰ Unsupported platform: wanted: {"cpu":["arm"],"os":["linux"],"libc":["any"]} (current: {"os":"darwin","cpu":"arm64","libc":"unknown"})
2025-04-11T15:27:19.7799020Z crates/node/npm/linux-arm64-gnu          | â€‰WARNâ€‰ Unsupported platform: wanted: {"cpu":["arm64"],"os":["linux"],"libc":["glibc"]} (current: {"os":"darwin","cpu":"arm64","libc":"unknown"})
2025-04-11T15:27:19.7800190Z crates/node/npm/linux-arm64-musl         | â€‰WARNâ€‰ Unsupported platform: wanted: {"cpu":["arm64"],"os":["linux"],"libc":["musl"]} (current: {"os":"darwin","cpu":"arm64","libc":"unknown"})
2025-04-11T15:27:19.7802290Z crates/node/npm/linux-x64-gnu            | â€‰WARNâ€‰ Unsupported platform: wanted: {"cpu":["x64"],"os":["linux"],"libc":["glibc"]} (current: {"os":"darwin","cpu":"arm64","libc":"unknown"})
2025-04-11T15:27:19.7803460Z crates/node/npm/linux-x64-musl           | â€‰WARNâ€‰ Unsupported platform: wanted: {"cpu":["x64"],"os":["linux"],"libc":["musl"]} (current: {"os":"darwin","cpu":"arm64","libc":"unknown"})
2025-04-11T15:27:19.7804620Z crates/node/npm/wasm32-wasi              | â€‰WARNâ€‰ Unsupported platform: wanted: {"cpu":["wasm32"],"os":["any"],"libc":["any"]} (current: {"os":"darwin","cpu":"arm64","libc":"unknown"})
2025-04-11T15:27:19.7805760Z crates/node/npm/win32-arm64-msvc         | â€‰WARNâ€‰ Unsupported platform: wanted: {"cpu":["arm64"],"os":["win32"],"libc":["any"]} (current: {"os":"darwin","cpu":"arm64","libc":"unknown"})
2025-04-11T15:27:19.7806950Z crates/node/npm/win32-x64-msvc           | â€‰WARNâ€‰ Unsupported platform: wanted: {"cpu":["x64"],"os":["win32"],"libc":["any"]} (current: {"os":"darwin","cpu":"arm64","libc":"unknown"})
2025-04-11T15:27:19.7942570Z Scope: 25 of 28 workspace projects
2025-04-11T15:27:19.8454510Z Lockfile is up to date, resolution step is skipped
2025-04-11T15:27:19.8858140Z Progress: resolved 1, reused 0, downloaded 0, added 0
2025-04-11T15:27:19.9147210Z .                                        | +345 ++++++++++++++++++++++++++++++++
2025-04-11T15:27:20.8134330Z Progress: resolved 345, reused 344, downloaded 0, added 345, done
2025-04-11T15:27:20.9198390Z .../node_modules/@parcel/watcher install$ node scripts/build-from-source.js
2025-04-11T15:27:20.9199510Z .../esbuild@0.21.5/node_modules/esbuild postinstall$ node install.js
2025-04-11T15:27:20.9202100Z .../node_modules/@parcel/watcher install$ node scripts/build-from-source.js
2025-04-11T15:27:20.9203000Z .../esbuild@0.25.0/node_modules/esbuild postinstall$ node install.js
2025-04-11T15:27:20.9203830Z .../esbuild@0.23.1/node_modules/esbuild postinstall$ node install.js
2025-04-11T15:27:20.9599760Z .../node_modules/@parcel/watcher install: Done
2025-04-11T15:27:20.9644980Z .../node_modules/@parcel/watcher install: Done
2025-04-11T15:27:21.0097210Z .../.pnpm/bun@1.2.8/node_modules/bun postinstall$ node install.js
2025-04-11T15:27:21.0101710Z .../node_modules/tree-sitter install$ node-gyp-build
2025-04-11T15:27:21.0168360Z .../esbuild@0.21.5/node_modules/esbuild postinstall: Done
2025-04-11T15:27:21.0434420Z .../esbuild@0.25.0/node_modules/esbuild postinstall: Done
2025-04-11T15:27:21.0545540Z .../esbuild@0.24.0/node_modules/esbuild postinstall$ node install.js
2025-04-11T15:27:21.0697920Z .../esbuild@0.23.1/node_modules/esbuild postinstall: Done
2025-04-11T15:27:21.1081880Z .../.pnpm/bun@1.2.8/node_modules/bun postinstall: Done
2025-04-11T15:27:21.1436250Z .../node_modules/tree-sitter install: Done
2025-04-11T15:27:21.1781040Z .../esbuild@0.24.0/node_modules/esbuild postinstall: Done
2025-04-11T15:27:21.2927770Z .../node_modules/tree-sitter-javascript install$ node-gyp-build
2025-04-11T15:27:21.3652930Z .../node_modules/tree-sitter-javascript install: Done
2025-04-11T15:27:21.3985780Z .../node_modules/tree-sitter-typescript install$ node-gyp-build
2025-04-11T15:27:21.4897600Z .../node_modules/tree-sitter-typescript install: Done
2025-04-11T15:27:21.6241430Z â€‰WARNâ€‰ Failed to create bin at /Users/runner/work/tailwindcss/tailwindcss/packages/@tailwindcss-standalone/node_modules/.bin/tailwindcss. ENOENT: no such file or directory, open '/Users/runner/work/tailwindcss/tailwindcss/packages/@tailwindcss-cli/dist/index.mjs'
2025-04-11T15:27:22.6164900Z â€‰WARNâ€‰ Failed to create bin at /Users/runner/work/tailwindcss/tailwindcss/packages/@tailwindcss-standalone/node_modules/.bin/tailwindcss. ENOENT: no such file or directory, open '/Users/runner/work/tailwindcss/tailwindcss/packages/@tailwindcss-standalone/node_modules/@tailwindcss/cli/dist/index.mjs'
2025-04-11T15:27:23.4160890Z Done in 3.8s
2025-04-11T15:27:23.4351190Z ##[group]Run actions/download-artifact@v4
2025-04-11T15:27:23.4351400Z with:
2025-04-11T15:27:23.4351530Z   path: ./crates/node
2025-04-11T15:27:23.4351750Z   merge-multiple: false
2025-04-11T15:27:23.4352010Z   repository: tailwindlabs/tailwindcss
2025-04-11T15:27:23.4352200Z   run-id: 14406456121
2025-04-11T15:27:23.4352390Z env:
2025-04-11T15:27:23.4352570Z   APP_NAME: tailwindcss-oxide
2025-04-11T15:27:23.4352800Z   NODE_VERSION: 20
2025-04-11T15:27:23.4353000Z   OXIDE_LOCATION: ./crates/node
2025-04-11T15:27:23.4353290Z   RELEASE_CHANNEL: insiders
2025-04-11T15:27:23.4353490Z   SHA_SHORT: 83ce4c0
2025-04-11T15:27:23.4353780Z   PNPM_HOME: /Users/runner/setup-pnpm/node_modules/.bin
2025-04-11T15:27:23.4354050Z   NPM_CONFIG_USERCONFIG: /Users/runner/work/_temp/.npmrc
2025-04-11T15:27:23.4354360Z   NODE_AUTH_TOKEN: XXXXX-XXXXX-XXXXX-XXXXX
2025-04-11T15:27:23.4354590Z ##[endgroup]
2025-04-11T15:27:23.8354710Z Found 12 artifact(s)
2025-04-11T15:27:23.8363090Z No input name or pattern filtered specified, downloading all artifacts
2025-04-11T15:27:23.8366240Z An extra directory with the artifact name will be created for each download
2025-04-11T15:27:23.8372380Z Preparing to download the following artifacts:
2025-04-11T15:27:23.8373250Z - bindings-aarch64-pc-windows-msvc (ID: 2928548750, Size: 1153439, Expected Digest: sha256:6bfebd37f531cf074b291893e395f9319ed00e79edbc8592dcb83af5007188ce)
2025-04-11T15:27:23.8374350Z - bindings-x86_64-pc-windows-msvc (ID: 2928540648, Size: 1259991, Expected Digest: sha256:f41df5ab8eb2cb97f66cfbeb1155f79d4984b927fb879d8e606e422a06b54f58)
2025-04-11T15:27:23.8375430Z - bindings-aarch64-unknown-linux-musl (ID: 2928533019, Size: 1146019, Expected Digest: sha256:c538df3f454f884baa68fb7dcc7c0ed005f2c81de6ad8fe5a7f36b2e41b542ac)
2025-04-11T15:27:23.8378920Z - bindings-x86_64-unknown-linux-musl (ID: 2928531624, Size: 1246478, Expected Digest: sha256:c76b8fd425b829e945ca3528db4b6375a5cb4d5c5ed6d029719c0540bb3767fa)
2025-04-11T15:27:23.8384740Z - bindings-x86_64-unknown-freebsd (ID: 2928530931, Size: 1222625, Expected Digest: sha256:b7f47cc271dc8a25eacb7e359bc4649a11e25f500d5f9c1b9e9d9f29bafa9a5f)
2025-04-11T15:27:23.8385870Z - bindings-armv7-unknown-linux-gnueabihf (ID: 2928529867, Size: 1126469, Expected Digest: sha256:46a85c86cd86d69346a66587a896878f4d8dbf9ac82efef3e399c659bd0c39a7)
2025-04-11T15:27:23.8386990Z - bindings-aarch64-unknown-linux-gnu (ID: 2928528701, Size: 1150180, Expected Digest: sha256:75fc1c5bac3aeee627b243c2278a7b8fe3ab762006a3fc5f7a9983f585a7730c)
2025-04-11T15:27:23.8388190Z - bindings-x86_64-unknown-linux-gnu (ID: 2928527906, Size: 1248591, Expected Digest: sha256:8e691f50fd031e9c2f9ddc0d689a4b573db3b0b8d33e840dc689e478a8ecd41f)
2025-04-11T15:27:23.8389340Z - bindings-aarch64-linux-android (ID: 2928521333, Size: 1154442, Expected Digest: sha256:11693d8242f718f5a14ad013faca228f52b36e3c9e73ecde6322ad2861819a5b)
2025-04-11T15:27:23.8432910Z - bindings-armv7-linux-androideabi (ID: 2928520707, Size: 1025775, Expected Digest: sha256:07753cf7a8447d93c5ff26ac65c0889c4ce8a840ef004e34486676104a80d56b)
2025-04-11T15:27:23.8434070Z - bindings-aarch64-apple-darwin (ID: 2928520579, Size: 1097106, Expected Digest: sha256:f7c0550e27d9963ea3889581a2dc73c6e527c4f1dbb092723db20a8db398a891)
2025-04-11T15:27:23.8435130Z - bindings-x86_64-apple-darwin (ID: 2928519701, Size: 1178604, Expected Digest: sha256:4bd1f076b0c884feb49f988a56668f3bc1a95a022b8897da0325a3183463ed81)
2025-04-11T15:27:23.8925720Z Redirecting to blob download url: https://productionresultssa14.blob.core.windows.net/actions-results/54b5fc55-8950-4279-a915-c007c34dc211/workflow-job-run-44c23029-6532-5b63-296c-3b4c2f6f81c2/artifacts/16a5652cdcd72fb6e6f4bb148036a4c0aa4feb4d6ec44e3c4d170b8217618065.zip
2025-04-11T15:27:23.8927780Z Starting download of artifact to: /Users/runner/work/tailwindcss/tailwindcss/crates/node/bindings-aarch64-pc-windows-msvc
2025-04-11T15:27:23.9073020Z Redirecting to blob download url: https://productionresultssa14.blob.core.windows.net/actions-results/54b5fc55-8950-4279-a915-c007c34dc211/workflow-job-run-5a6b5f00-b174-5237-fcf8-2c175c4bb9bb/artifacts/69f89ed6bc31cf3f5f90fc7000ad1f9eead24a885837bc1ab41c01d0b1ebcdf6.zip
2025-04-11T15:27:23.9075600Z Starting download of artifact to: /Users/runner/work/tailwindcss/tailwindcss/crates/node/bindings-x86_64-pc-windows-msvc
2025-04-11T15:27:23.9172230Z Redirecting to blob download url: https://productionresultssa14.blob.core.windows.net/actions-results/54b5fc55-8950-4279-a915-c007c34dc211/workflow-job-run-ecdeedee-3d55-5616-0fd8-ef53ab1a5d59/artifacts/2d69f6fb7af021b5fa439a32fb846dc0ff6316933524276fc0efbafcaae359f2.zip
2025-04-11T15:27:23.9177450Z Starting download of artifact to: /Users/runner/work/tailwindcss/tailwindcss/crates/node/bindings-x86_64-unknown-linux-musl
2025-04-11T15:27:23.9195640Z Redirecting to blob download url: https://productionresultssa14.blob.core.windows.net/actions-results/54b5fc55-8950-4279-a915-c007c34dc211/workflow-job-run-94819aa5-d760-53ed-b4a2-1328b869c75d/artifacts/451d933aa4e10ed1371769ab46f0c256cfb22802c965085041aaf8d6c30216ad.zip
2025-04-11T15:27:23.9197030Z Starting download of artifact to: /Users/runner/work/tailwindcss/tailwindcss/crates/node/bindings-x86_64-unknown-linux-gnu
2025-04-11T15:27:23.9216200Z Redirecting to blob download url: https://productionresultssa14.blob.core.windows.net/actions-results/54b5fc55-8950-4279-a915-c007c34dc211/workflow-job-run-b2f889fc-5692-5afa-71b8-a9a306411a4d/artifacts/d0fe504a2ea15b4b654c7f5a1f1791b4a166d2100a628afe89136ef632a2bd3a.zip
2025-04-11T15:27:23.9271820Z Starting download of artifact to: /Users/runner/work/tailwindcss/tailwindcss/crates/node/bindings-aarch64-unknown-linux-gnu
2025-04-11T15:27:23.9324970Z Redirecting to blob download url: https://productionresultssa14.blob.core.windows.net/actions-results/54b5fc55-8950-4279-a915-c007c34dc211/workflow-job-run-298b25d7-57be-5d3d-bdcc-050e0b618afd/artifacts/2a665b93533926783a21c8a15c6e138a58cf1b6eeb3e78ac1ad59b5b1ec649c4.zip
2025-04-11T15:27:23.9326420Z Starting download of artifact to: /Users/runner/work/tailwindcss/tailwindcss/crates/node/bindings-aarch64-unknown-linux-musl
2025-04-11T15:27:23.9372860Z Redirecting to blob download url: https://productionresultssa14.blob.core.windows.net/actions-results/54b5fc55-8950-4279-a915-c007c34dc211/workflow-job-run-42025153-ff47-585f-6536-2a69ccf6e1be/artifacts/e0fa1fade6eb15732b4a021bfa0c9f9db7f01fc5771a1851eab14e6390532e78.zip
2025-04-11T15:27:23.9413380Z Starting download of artifact to: /Users/runner/work/tailwindcss/tailwindcss/crates/node/bindings-armv7-linux-androideabi
2025-04-11T15:27:23.9423650Z Redirecting to blob download url: https://productionresultssa14.blob.core.windows.net/actions-results/54b5fc55-8950-4279-a915-c007c34dc211/workflow-job-run-8d499733-e421-5a15-9454-d635b68d32a9/artifacts/267b0b3f059d56c067f01453e5a60f41b582a5b94e1355021e8fa180ea37e1b0.zip
2025-04-11T15:27:23.9426380Z Starting download of artifact to: /Users/runner/work/tailwindcss/tailwindcss/crates/node/bindings-aarch64-linux-android
2025-04-11T15:27:23.9436970Z Redirecting to blob download url: https://productionresultssa14.blob.core.windows.net/actions-results/54b5fc55-8950-4279-a915-c007c34dc211/workflow-job-run-e888464f-5787-5a42-f74b-41c616537a8f/artifacts/9d475aa43c9738185d3381123041c7832a8e43124be54cf092021f63e2b21823.zip
2025-04-11T15:27:23.9438370Z Starting download of artifact to: /Users/runner/work/tailwindcss/tailwindcss/crates/node/bindings-aarch64-apple-darwin
2025-04-11T15:27:23.9461450Z Redirecting to blob download url: https://productionresultssa14.blob.core.windows.net/actions-results/54b5fc55-8950-4279-a915-c007c34dc211/workflow-job-run-053d3d36-0805-5ce4-f94d-f0afc50d44a3/artifacts/2629f2faed6439ce9d9b0c893bc3e18ac20ebdfabc352032ab025661594ace7b.zip
2025-04-11T15:27:23.9462980Z Starting download of artifact to: /Users/runner/work/tailwindcss/tailwindcss/crates/node/bindings-x86_64-unknown-freebsd
2025-04-11T15:27:23.9467200Z Redirecting to blob download url: https://productionresultssa14.blob.core.windows.net/actions-results/54b5fc55-8950-4279-a915-c007c34dc211/workflow-job-run-bcc8c493-b964-5a93-58fc-c130085c0ebf/artifacts/903651e9c28222f01e4490378e3e083c7d7b664708837b94f62da3ac7622237b.zip
2025-04-11T15:27:23.9470030Z Starting download of artifact to: /Users/runner/work/tailwindcss/tailwindcss/crates/node/bindings-armv7-unknown-linux-gnueabihf
2025-04-11T15:27:23.9476500Z (node:1796) [DEP0005] DeprecationWarning: Buffer() is deprecated due to security and usability issues. Please use the Buffer.alloc(), Buffer.allocUnsafe(), or Buffer.from() methods instead.
2025-04-11T15:27:23.9477450Z (Use `node --trace-deprecation ...` to show where the warning was created)
2025-04-11T15:27:24.1030570Z SHA256 digest of downloaded artifact is 07753cf7a8447d93c5ff26ac65c0889c4ce8a840ef004e34486676104a80d56b
2025-04-11T15:27:24.1132750Z Artifact download completed successfully.
2025-04-11T15:27:24.1639240Z SHA256 digest of downloaded artifact is 6bfebd37f531cf074b291893e395f9319ed00e79edbc8592dcb83af5007188ce
2025-04-11T15:27:24.1739410Z Artifact download completed successfully.
2025-04-11T15:27:24.1877590Z Redirecting to blob download url: https://productionresultssa14.blob.core.windows.net/actions-results/54b5fc55-8950-4279-a915-c007c34dc211/workflow-job-run-aad55572-0bef-577e-1e84-a69e71e9daf2/artifacts/0207ee517a3ff68af7f87432ee44648750086bdae68a0aca6284429ae5fbf5a4.zip
2025-04-11T15:27:24.1880830Z Starting download of artifact to: /Users/runner/work/tailwindcss/tailwindcss/crates/node/bindings-x86_64-apple-darwin
2025-04-11T15:27:24.1882000Z SHA256 digest of downloaded artifact is c538df3f454f884baa68fb7dcc7c0ed005f2c81de6ad8fe5a7f36b2e41b542ac
2025-04-11T15:27:24.1882750Z Artifact download completed successfully.
2025-04-11T15:27:24.1883610Z SHA256 digest of downloaded artifact is 11693d8242f718f5a14ad013faca228f52b36e3c9e73ecde6322ad2861819a5b
2025-04-11T15:27:24.1884330Z Artifact download completed successfully.
2025-04-11T15:27:24.1885150Z SHA256 digest of downloaded artifact is 75fc1c5bac3aeee627b243c2278a7b8fe3ab762006a3fc5f7a9983f585a7730c
2025-04-11T15:27:24.1886880Z Artifact download completed successfully.
2025-04-11T15:27:24.1887720Z SHA256 digest of downloaded artifact is f41df5ab8eb2cb97f66cfbeb1155f79d4984b927fb879d8e606e422a06b54f58
2025-04-11T15:27:24.1888440Z Artifact download completed successfully.
2025-04-11T15:27:24.1889260Z SHA256 digest of downloaded artifact is c76b8fd425b829e945ca3528db4b6375a5cb4d5c5ed6d029719c0540bb3767fa
2025-04-11T15:27:24.1890610Z Artifact download completed successfully.
2025-04-11T15:27:24.1892520Z SHA256 digest of downloaded artifact is 46a85c86cd86d69346a66587a896878f4d8dbf9ac82efef3e399c659bd0c39a7
2025-04-11T15:27:24.1894900Z Artifact download completed successfully.
2025-04-11T15:27:24.1898560Z SHA256 digest of downloaded artifact is 8e691f50fd031e9c2f9ddc0d689a4b573db3b0b8d33e840dc689e478a8ecd41f
2025-04-11T15:27:24.1900140Z Artifact download completed successfully.
2025-04-11T15:27:24.1902300Z SHA256 digest of downloaded artifact is b7f47cc271dc8a25eacb7e359bc4649a11e25f500d5f9c1b9e9d9f29bafa9a5f
2025-04-11T15:27:24.1906510Z Artifact download completed successfully.
2025-04-11T15:27:24.1907350Z SHA256 digest of downloaded artifact is f7c0550e27d9963ea3889581a2dc73c6e527c4f1dbb092723db20a8db398a891
2025-04-11T15:27:24.1908080Z Artifact download completed successfully.
2025-04-11T15:27:24.1908970Z SHA256 digest of downloaded artifact is 4bd1f076b0c884feb49f988a56668f3bc1a95a022b8897da0325a3183463ed81
2025-04-11T15:27:24.1909500Z Artifact download completed successfully.
2025-04-11T15:27:24.1911210Z Total of 12 artifact(s) downloaded
2025-04-11T15:27:24.1911800Z Download artifact has finished successfully
2025-04-11T15:27:24.1938610Z ##[group]Run cd ./crates/node
2025-04-11T15:27:24.1938890Z [36;1mcd ./crates/node[0m
2025-04-11T15:27:24.1939210Z [36;1mcp bindings-x86_64-pc-windows-msvc/* ./npm/win32-x64-msvc/[0m
2025-04-11T15:27:24.1939630Z [36;1mcp bindings-aarch64-pc-windows-msvc/* ./npm/win32-arm64-msvc/[0m
2025-04-11T15:27:24.1940030Z [36;1mcp bindings-x86_64-apple-darwin/* ./npm/darwin-x64/[0m
2025-04-11T15:27:24.1940440Z [36;1mcp bindings-aarch64-apple-darwin/* ./npm/darwin-arm64/[0m
2025-04-11T15:27:24.1941070Z [36;1mcp bindings-aarch64-linux-android/* ./npm/android-arm64/[0m
2025-04-11T15:27:24.1941520Z [36;1mcp bindings-armv7-linux-androideabi/* ./npm/android-arm-eabi/[0m
2025-04-11T15:27:24.1941970Z [36;1mcp bindings-aarch64-unknown-linux-gnu/* ./npm/linux-arm64-gnu/[0m
2025-04-11T15:27:24.1942430Z [36;1mcp bindings-aarch64-unknown-linux-musl/* ./npm/linux-arm64-musl/[0m
2025-04-11T15:27:24.1942970Z [36;1mcp bindings-armv7-unknown-linux-gnueabihf/* ./npm/linux-arm-gnueabihf/[0m
2025-04-11T15:27:24.1943560Z [36;1mcp bindings-x86_64-unknown-linux-gnu/* ./npm/linux-x64-gnu/[0m
2025-04-11T15:27:24.1944280Z [36;1mcp bindings-x86_64-unknown-linux-musl/* ./npm/linux-x64-musl/[0m
2025-04-11T15:27:24.1944710Z [36;1mcp bindings-x86_64-unknown-freebsd/* ./npm/freebsd-x64/[0m
2025-04-11T15:27:24.2004730Z shell: /bin/bash -e {0}
2025-04-11T15:27:24.2005050Z env:
2025-04-11T15:27:24.2005260Z   APP_NAME: tailwindcss-oxide
2025-04-11T15:27:24.2005530Z   NODE_VERSION: 20
2025-04-11T15:27:24.2005740Z   OXIDE_LOCATION: ./crates/node
2025-04-11T15:27:24.2005970Z   RELEASE_CHANNEL: insiders
2025-04-11T15:27:24.2006200Z   SHA_SHORT: 83ce4c0
2025-04-11T15:27:24.2006470Z   PNPM_HOME: /Users/runner/setup-pnpm/node_modules/.bin
2025-04-11T15:27:24.2006840Z   NPM_CONFIG_USERCONFIG: /Users/runner/work/_temp/.npmrc
2025-04-11T15:27:24.2007250Z   NODE_AUTH_TOKEN: XXXXX-XXXXX-XXXXX-XXXXX
2025-04-11T15:27:24.2007820Z ##[endgroup]
2025-04-11T15:27:24.2879570Z ##[group]Run pnpm run version-packages 0.0.0-insiders.83ce4c0
2025-04-11T15:27:24.2880030Z [36;1mpnpm run version-packages 0.0.0-insiders.83ce4c0[0m
2025-04-11T15:27:24.2927240Z shell: /bin/bash -e {0}
2025-04-11T15:27:24.2927470Z env:
2025-04-11T15:27:24.2927670Z   APP_NAME: tailwindcss-oxide
2025-04-11T15:27:24.2927940Z   NODE_VERSION: 20
2025-04-11T15:27:24.2928170Z   OXIDE_LOCATION: ./crates/node
2025-04-11T15:27:24.2928440Z   RELEASE_CHANNEL: insiders
2025-04-11T15:27:24.2928660Z   SHA_SHORT: 83ce4c0
2025-04-11T15:27:24.2928950Z   PNPM_HOME: /Users/runner/setup-pnpm/node_modules/.bin
2025-04-11T15:27:24.2929360Z   NPM_CONFIG_USERCONFIG: /Users/runner/work/_temp/.npmrc
2025-04-11T15:27:24.2929690Z   NODE_AUTH_TOKEN: XXXXX-XXXXX-XXXXX-XXXXX
2025-04-11T15:27:24.2929960Z ##[endgroup]
2025-04-11T15:27:24.6672150Z 
2025-04-11T15:27:24.6675660Z > @tailwindcss/root@1.0.0 version-packages /Users/runner/work/tailwindcss/tailwindcss
2025-04-11T15:27:24.6707370Z > node ./scripts/version-packages.mjs "0.0.0-insiders.83ce4c0"
2025-04-11T15:27:24.6740650Z 
2025-04-11T15:27:25.2381150Z Done.
2025-04-11T15:27:25.2475270Z ##[group]Run pnpm run build
2025-04-11T15:27:25.2475550Z [36;1mpnpm run build[0m
2025-04-11T15:27:25.2528940Z shell: /bin/bash -e {0}
2025-04-11T15:27:25.2529210Z env:
2025-04-11T15:27:25.2529430Z   APP_NAME: tailwindcss-oxide
2025-04-11T15:27:25.2529710Z   NODE_VERSION: 20
2025-04-11T15:27:25.2529940Z   OXIDE_LOCATION: ./crates/node
2025-04-11T15:27:25.2530210Z   RELEASE_CHANNEL: insiders
2025-04-11T15:27:25.2530510Z   SHA_SHORT: 83ce4c0
2025-04-11T15:27:25.2530800Z   PNPM_HOME: /Users/runner/setup-pnpm/node_modules/.bin
2025-04-11T15:27:25.2531190Z   NPM_CONFIG_USERCONFIG: /Users/runner/work/_temp/.npmrc
2025-04-11T15:27:25.2531540Z   NODE_AUTH_TOKEN: XXXXX-XXXXX-XXXXX-XXXXX
2025-04-11T15:27:25.2531830Z ##[endgroup]
2025-04-11T15:27:25.5368710Z 
2025-04-11T15:27:25.5370730Z > @tailwindcss/root@1.0.0 build /Users/runner/work/tailwindcss/tailwindcss
2025-04-11T15:27:25.5371830Z > turbo build --filter=!./playgrounds/*
2025-04-11T15:27:25.5373220Z 
2025-04-11T15:27:25.7986690Z 
2025-04-11T15:27:25.7987520Z Attention:
2025-04-11T15:27:25.7988150Z Turborepo now collects completely anonymous telemetry regarding usage.
2025-04-11T15:27:25.7993030Z This information is used to shape the Turborepo roadmap and prioritize features.
2025-04-11T15:27:25.7993960Z You can learn more, including how to opt-out if you'd not like to participate in this anonymous program, by visiting the following URL:
2025-04-11T15:27:25.7994970Z https://turbo.build/repo/docs/telemetry
2025-04-11T15:27:25.7995270Z 
2025-04-11T15:27:26.1545800Z â€¢ Packages in scope: @tailwindcss/browser, @tailwindcss/cli, @tailwindcss/node, @tailwindcss/oxide, @tailwindcss/oxide-android-arm-eabi, @tailwindcss/oxide-android-arm64, @tailwindcss/oxide-darwin-arm64, @tailwindcss/oxide-darwin-x64, @tailwindcss/oxide-freebsd-x64, @tailwindcss/oxide-linux-arm-gnueabihf, @tailwindcss/oxide-linux-arm64-gnu, @tailwindcss/oxide-linux-arm64-musl, @tailwindcss/oxide-linux-x64-gnu, @tailwindcss/oxide-linux-x64-musl, @tailwindcss/oxide-wasm32-wasi, @tailwindcss/oxide-win32-arm64-msvc, @tailwindcss/oxide-win32-x64-msvc, @tailwindcss/postcss, @tailwindcss/standalone, @tailwindcss/upgrade, @tailwindcss/vite, internal-example-plugin, internal-integrations, tailwindcss
2025-04-11T15:27:26.1612940Z â€¢ Running build in 24 packages
2025-04-11T15:27:26.1623840Z â€¢ Remote caching disabled
2025-04-11T15:28:32.0186280Z ##[group]@tailwindcss/oxide:build
2025-04-11T15:28:32.0187230Z cache miss, executing bb3065051b6f2112
2025-04-11T15:28:32.0187520Z 
2025-04-11T15:28:32.0188050Z > @tailwindcss/oxide@0.0.0-insiders.83ce4c0 build /Users/runner/work/tailwindcss/tailwindcss/crates/node
2025-04-11T15:28:32.0188840Z > pnpm run build:platform && pnpm run build:wasm
2025-04-11T15:28:32.0189140Z 
2025-04-11T15:28:32.0189150Z 
2025-04-11T15:28:32.0189710Z > @tailwindcss/oxide@0.0.0-insiders.83ce4c0 build:platform /Users/runner/work/tailwindcss/tailwindcss/crates/node
2025-04-11T15:28:32.0190420Z > napi build --platform --release --no-const-enum
2025-04-11T15:28:32.0190720Z 
2025-04-11T15:28:32.0190920Z     Updating crates.io index
2025-04-11T15:28:32.0191300Z  Downloading crates ...
2025-04-11T15:28:32.0191730Z   Downloaded arrayvec v0.7.6
2025-04-11T15:28:32.0192090Z   Downloaded log v0.4.22
2025-04-11T15:28:32.0192440Z   Downloaded aho-corasick v1.1.3
2025-04-11T15:28:32.0192870Z   Downloaded thread_local v1.1.7
2025-04-11T15:28:32.0193200Z   Downloaded walkdir v2.5.0
2025-04-11T15:28:32.0193670Z   Downloaded unicode-ident v1.0.9
2025-04-11T15:28:32.0194030Z   Downloaded tracing-core v0.1.32
2025-04-11T15:28:32.0194870Z   Downloaded tracing v0.1.40
2025-04-11T15:28:32.0195650Z   Downloaded unicode-segmentation v1.10.1
2025-04-11T15:28:32.0196140Z   Downloaded regex-automata v0.1.10
2025-04-11T15:28:32.0196680Z   Downloaded itertools v0.11.0
2025-04-11T15:28:32.0197100Z   Downloaded nom v7.1.3
2025-04-11T15:28:32.0197680Z   Downloaded napi v2.16.17
2025-04-11T15:28:32.0198130Z   Downloaded tracing-subscriber v0.3.18
2025-04-11T15:28:32.0198540Z   Downloaded rayon v1.10.0
2025-04-11T15:28:32.0199630Z   Downloaded minimal-lexical v0.2.1
2025-04-11T15:28:32.0200030Z   Downloaded regex v1.11.1
2025-04-11T15:28:32.0200410Z   Downloaded syn v2.0.18
2025-04-11T15:28:32.0200770Z   Downloaded regex-syntax v0.6.29
2025-04-11T15:28:32.0201200Z   Downloaded bstr v1.11.3
2025-04-11T15:28:32.0201610Z   Downloaded memchr v2.7.4
2025-04-11T15:28:32.0202000Z   Downloaded regex-syntax v0.8.5
2025-04-11T15:28:32.0202420Z   Downloaded serde v1.0.163
2025-04-11T15:28:32.0202880Z   Downloaded rayon-core v1.12.1
2025-04-11T15:28:32.0203360Z   Downloaded sharded-slab v0.1.4
2025-04-11T15:28:32.0203760Z   Downloaded crossbeam-epoch v0.9.18
2025-04-11T15:28:32.0204210Z   Downloaded crossbeam-channel v0.5.13
2025-04-11T15:28:32.0204600Z   Downloaded quote v1.0.28
2025-04-11T15:28:32.0205110Z   Downloaded proc-macro2 v1.0.86
2025-04-11T15:28:32.0205550Z   Downloaded overload v0.1.1
2025-04-11T15:28:32.0205920Z   Downloaded ignore v0.4.23
2025-04-11T15:28:32.0206330Z   Downloaded globset v0.4.16
2025-04-11T15:28:32.0206700Z   Downloaded bitflags v2.6.0
2025-04-11T15:28:32.0207130Z   Downloaded tracing-log v0.2.0
2025-04-11T15:28:32.0207630Z   Downloaded tracing-attributes v0.1.27
2025-04-11T15:28:32.0208030Z   Downloaded regex-automata v0.4.8
2025-04-11T15:28:32.0208400Z   Downloaded semver v1.0.17
2025-04-11T15:28:32.0208810Z   Downloaded rustc-hash v2.1.1
2025-04-11T15:28:32.0209400Z   Downloaded pin-project-lite v0.2.9
2025-04-11T15:28:32.0214720Z   Downloaded once_cell v1.19.0
2025-04-11T15:28:32.0215140Z   Downloaded napi-derive-backend v1.0.75
2025-04-11T15:28:32.0215670Z   Downloaded napi-derive v2.16.13
2025-04-11T15:28:32.0216110Z   Downloaded lazy_static v1.4.0
2025-04-11T15:28:32.0216540Z   Downloaded globwalk v0.9.1
2025-04-11T15:28:32.0216960Z   Downloaded fast-glob v0.4.3
2025-04-11T15:28:32.0217360Z   Downloaded either v1.8.1
2025-04-11T15:28:32.0217660Z   Downloaded ctor v0.2.1
2025-04-11T15:28:32.0218060Z   Downloaded crossbeam-utils v0.8.20
2025-04-11T15:28:32.0218520Z   Downloaded crossbeam-queue v0.3.11
2025-04-11T15:28:32.0218970Z   Downloaded crossbeam-deque v0.8.5
2025-04-11T15:28:32.0219410Z   Downloaded crossbeam v0.8.4
2025-04-11T15:28:32.0219790Z   Downloaded convert_case v0.6.0
2025-04-11T15:28:32.0220320Z   Downloaded cfg-if v1.0.0
2025-04-11T15:28:32.0220730Z   Downloaded bexpand v1.2.0
2025-04-11T15:28:32.0221070Z   Downloaded smallvec v1.10.0
2025-04-11T15:28:32.0221450Z   Downloaded same-file v1.0.6
2025-04-11T15:28:32.0221860Z   Downloaded nu-ansi-term v0.46.0
2025-04-11T15:28:32.0222300Z   Downloaded napi-sys v2.4.0
2025-04-11T15:28:32.0222760Z   Downloaded napi-build v2.1.6
2025-04-11T15:28:32.0223200Z   Downloaded matchers v0.1.0
2025-04-11T15:28:32.0223650Z   Downloaded dunce v1.0.5
2025-04-11T15:28:32.0224130Z    Compiling proc-macro2 v1.0.86
2025-04-11T15:28:32.0224590Z    Compiling crossbeam-utils v0.8.20
2025-04-11T15:28:32.0224980Z    Compiling memchr v2.7.4
2025-04-11T15:28:32.0225340Z    Compiling quote v1.0.28
2025-04-11T15:28:32.0225730Z    Compiling unicode-ident v1.0.9
2025-04-11T15:28:32.0226100Z    Compiling aho-corasick v1.1.3
2025-04-11T15:28:32.0226520Z    Compiling regex-syntax v0.8.5
2025-04-11T15:28:32.0226910Z    Compiling syn v2.0.18
2025-04-11T15:28:32.0227500Z    Compiling regex-automata v0.4.8
2025-04-11T15:28:32.0227860Z    Compiling crossbeam-epoch v0.9.18
2025-04-11T15:28:32.0228400Z    Compiling crossbeam-deque v0.8.5
2025-04-11T15:28:32.0228720Z    Compiling log v0.4.22
2025-04-11T15:28:32.0229100Z    Compiling once_cell v1.19.0
2025-04-11T15:28:32.0229550Z    Compiling same-file v1.0.6
2025-04-11T15:28:32.0229840Z    Compiling bstr v1.11.3
2025-04-11T15:28:32.0230070Z    Compiling globset v0.4.16
2025-04-11T15:28:32.0230410Z    Compiling walkdir v2.5.0
2025-04-11T15:28:32.0230780Z    Compiling tracing-core v0.1.32
2025-04-11T15:28:32.0231110Z    Compiling either v1.8.1
2025-04-11T15:28:32.0231400Z    Compiling semver v1.0.17
2025-04-11T15:28:32.0231650Z    Compiling rayon-core v1.12.1
2025-04-11T15:28:32.0231990Z    Compiling regex-syntax v0.6.29
2025-04-11T15:28:32.0232820Z    Compiling tracing-attributes v0.1.27
2025-04-11T15:28:32.0233290Z    Compiling regex-automata v0.1.10
2025-04-11T15:28:32.0233670Z    Compiling bitflags v2.6.0
2025-04-11T15:28:32.0234110Z    Compiling minimal-lexical v0.2.1
2025-04-11T15:28:32.0234510Z    Compiling pin-project-lite v0.2.9
2025-04-11T15:28:32.0235040Z    Compiling unicode-segmentation v1.10.1
2025-04-11T15:28:32.0235450Z    Compiling lazy_static v1.4.0
2025-04-11T15:28:32.0235850Z    Compiling cfg-if v1.0.0
2025-04-11T15:28:32.0236290Z    Compiling overload v0.1.1
2025-04-11T15:28:32.0252730Z    Compiling nu-ansi-term v0.46.0
2025-04-11T15:28:32.0253170Z    Compiling regex v1.11.1
2025-04-11T15:28:32.0253480Z    Compiling convert_case v0.6.0
2025-04-11T15:28:32.0253840Z    Compiling thread_local v1.1.7
2025-04-11T15:28:32.0254230Z    Compiling sharded-slab v0.1.4
2025-04-11T15:28:32.0254630Z    Compiling nom v7.1.3
2025-04-11T15:28:32.0254910Z    Compiling tracing v0.1.40
2025-04-11T15:28:32.0255230Z    Compiling matchers v0.1.0
2025-04-11T15:28:32.0255540Z    Compiling itertools v0.11.0
2025-04-11T15:28:32.0255810Z    Compiling tracing-log v0.2.0
2025-04-11T15:28:32.0256090Z    Compiling ignore v0.4.23
2025-04-11T15:28:32.0256480Z    Compiling crossbeam-queue v0.3.11
2025-04-11T15:28:32.0256840Z    Compiling crossbeam-channel v0.5.13
2025-04-11T15:28:32.0257220Z    Compiling napi-build v2.1.6
2025-04-11T15:28:32.0257530Z    Compiling dunce v1.0.5
2025-04-11T15:28:32.0258310Z    Compiling arrayvec v0.7.6
2025-04-11T15:28:32.0258600Z    Compiling smallvec v1.10.0
2025-04-11T15:28:32.0258910Z    Compiling fast-glob v0.4.3
2025-04-11T15:28:32.0259260Z    Compiling tracing-subscriber v0.3.18
2025-04-11T15:28:32.0259840Z    Compiling ignore v0.4.23 (/Users/runner/work/tailwindcss/tailwindcss/crates/ignore)
2025-04-11T15:28:32.0260360Z    Compiling napi-derive-backend v1.0.75
2025-04-11T15:28:32.0260740Z    Compiling crossbeam v0.8.4
2025-04-11T15:28:32.0261320Z    Compiling tailwind-oxide v0.0.0 (/Users/runner/work/tailwindcss/tailwindcss/crates/node)
2025-04-11T15:28:32.0261820Z    Compiling globwalk v0.9.1
2025-04-11T15:28:32.0262120Z    Compiling bexpand v1.2.0
2025-04-11T15:28:32.0262400Z    Compiling rayon v1.10.0
2025-04-11T15:28:32.0262940Z    Compiling classification-macros v0.1.0 (/Users/runner/work/tailwindcss/tailwindcss/crates/classification-macros)
2025-04-11T15:28:32.0263490Z    Compiling ctor v0.2.1
2025-04-11T15:28:32.0263850Z    Compiling rustc-hash v2.1.1
2025-04-11T15:28:32.0264210Z    Compiling napi-sys v2.4.0
2025-04-11T15:28:32.0264520Z    Compiling napi v2.16.17
2025-04-11T15:28:32.0264870Z    Compiling napi-derive v2.16.13
2025-04-11T15:28:32.0265540Z    Compiling tailwindcss-oxide v0.1.0 (/Users/runner/work/tailwindcss/tailwindcss/crates/oxide)
2025-04-11T15:28:32.0266210Z warning: unexpected `cfg` condition value: `used_linker`
2025-04-11T15:28:32.0266640Z   --> crates/node/src/lib.rs:96:1
2025-04-11T15:28:32.0266930Z    |
2025-04-11T15:28:32.0267150Z 96 | #[napi]
2025-04-11T15:28:32.0267460Z    | ^^^^^^^
2025-04-11T15:28:32.0267650Z    |
2025-04-11T15:28:32.0267870Z    = note: no expected values for `feature`
2025-04-11T15:28:32.0268490Z    = note: using a cfg inside a attribute macro will use the cfgs from the destination crate and not the ones from the defining crate
2025-04-11T15:28:32.0269310Z    = help: try referring to `napi::bindgen_prelude::ctor` crate for guidance on how handle this unexpected cfg
2025-04-11T15:28:32.0270150Z    = help: the attribute macro `napi::bindgen_prelude::ctor` may come from an old version of the `ctor` crate, try updating your dependency with `cargo update -p ctor`
2025-04-11T15:28:32.0271090Z    = note: see <https://doc.rust-lang.org/nightly/rustc/check-cfg/cargo-specifics.html> for more information about checking conditional configuration
2025-04-11T15:28:32.0271770Z    = note: `#[warn(unexpected_cfgs)]` on by default
2025-04-11T15:28:32.0272850Z    = note: this warning originates in the attribute macro `napi::bindgen_prelude::ctor` (in Nightly builds, run with -Z macro-backtrace for more info)
2025-04-11T15:28:32.0273310Z 
2025-04-11T15:28:32.0273550Z warning: unexpected `cfg` condition value: `used_linker`
2025-04-11T15:28:32.0273890Z    --> crates/node/src/lib.rs:111:1
2025-04-11T15:28:32.0274210Z     |
2025-04-11T15:28:32.0274400Z 111 | #[napi]
2025-04-11T15:28:32.0274590Z     | ^^^^^^^
2025-04-11T15:28:32.0274800Z     |
2025-04-11T15:28:32.0275080Z     = note: no expected values for `feature`
2025-04-11T15:28:32.0275720Z     = note: using a cfg inside a attribute macro will use the cfgs from the destination crate and not the ones from the defining crate
2025-04-11T15:28:32.0276440Z     = help: try referring to `napi::bindgen_prelude::ctor` crate for guidance on how handle this unexpected cfg
2025-04-11T15:28:32.0277290Z     = help: the attribute macro `napi::bindgen_prelude::ctor` may come from an old version of the `ctor` crate, try updating your dependency with `cargo update -p ctor`
2025-04-11T15:28:32.0278280Z     = note: see <https://doc.rust-lang.org/nightly/rustc/check-cfg/cargo-specifics.html> for more information about checking conditional configuration
2025-04-11T15:28:32.0279300Z     = note: this warning originates in the attribute macro `napi::bindgen_prelude::ctor` (in Nightly builds, run with -Z macro-backtrace for more info)
2025-04-11T15:28:32.0279720Z 
2025-04-11T15:28:32.0279940Z warning: `tailwind-oxide` (lib) generated 2 warnings
2025-04-11T15:28:32.0280360Z     Finished `release` profile [optimized] target(s) in 40.04s
2025-04-11T15:28:32.0280830Z 
2025-04-11T15:28:32.0281300Z > @tailwindcss/oxide@0.0.0-insiders.83ce4c0 postbuild:platform /Users/runner/work/tailwindcss/tailwindcss/crates/node
2025-04-11T15:28:32.0281820Z > node ./scripts/move-artifacts.mjs
2025-04-11T15:28:32.0282000Z 
2025-04-11T15:28:32.0282260Z Moved tailwindcss-oxide.darwin-arm64.node to npm/darwin-arm64
2025-04-11T15:28:32.0282740Z Moved tailwindcss-oxide.wasi-browser.js to npm/wasm32-wasi
2025-04-11T15:28:32.0283180Z Moved tailwindcss-oxide.wasi.cjs to npm/wasm32-wasi
2025-04-11T15:28:32.0283650Z Moved wasi-worker-browser.mjs to npm/wasm32-wasi
2025-04-11T15:28:32.0284010Z Moved wasi-worker.mjs to npm/wasm32-wasi
2025-04-11T15:28:32.0284200Z 
2025-04-11T15:28:32.0284630Z > @tailwindcss/oxide@0.0.0-insiders.83ce4c0 build:wasm /Users/runner/work/tailwindcss/tailwindcss/crates/node
2025-04-11T15:28:32.0285280Z > napi build --release --target wasm32-wasip1-threads --no-const-enum
2025-04-11T15:28:32.0285540Z 
2025-04-11T15:28:32.0285660Z    Compiling crossbeam-utils v0.8.20
2025-04-11T15:28:32.0285930Z    Compiling memchr v2.7.4
2025-04-11T15:28:32.0286200Z    Compiling regex-syntax v0.8.5
2025-04-11T15:28:32.0286490Z    Compiling aho-corasick v1.1.3
2025-04-11T15:28:32.0286790Z    Compiling crossbeam-epoch v0.9.18
2025-04-11T15:28:32.0287090Z    Compiling crossbeam-deque v0.8.5
2025-04-11T15:28:32.0287390Z    Compiling once_cell v1.19.0
2025-04-11T15:28:32.0287630Z    Compiling log v0.4.22
2025-04-11T15:28:32.0287860Z    Compiling same-file v1.0.6
2025-04-11T15:28:32.0288110Z    Compiling walkdir v2.5.0
2025-04-11T15:28:32.0288380Z    Compiling regex-automata v0.4.8
2025-04-11T15:28:32.0288670Z    Compiling tracing-core v0.1.32
2025-04-11T15:28:32.0288950Z    Compiling regex-syntax v0.6.29
2025-04-11T15:28:32.0289210Z    Compiling either v1.8.1
2025-04-11T15:28:32.0289460Z    Compiling rayon-core v1.12.1
2025-04-11T15:28:32.0289740Z    Compiling minimal-lexical v0.2.1
2025-04-11T15:28:32.0290040Z    Compiling pin-project-lite v0.2.9
2025-04-11T15:28:32.0290320Z    Compiling bitflags v2.6.0
2025-04-11T15:28:32.0290570Z    Compiling bstr v1.11.3
2025-04-11T15:28:32.0290800Z    Compiling globset v0.4.16
2025-04-11T15:28:32.0291070Z    Compiling regex-automata v0.1.10
2025-04-11T15:28:32.0291400Z    Compiling overload v0.1.1
2025-04-11T15:28:32.0291640Z    Compiling cfg-if v1.0.0
2025-04-11T15:28:32.0291890Z    Compiling lazy_static v1.4.0
2025-04-11T15:28:32.0292190Z    Compiling sharded-slab v0.1.4
2025-04-11T15:28:32.0292520Z    Compiling matchers v0.1.0
2025-04-11T15:28:32.0293000Z    Compiling thread_local v1.1.7
2025-04-11T15:28:32.0293280Z    Compiling nu-ansi-term v0.46.0
2025-04-11T15:28:32.0293540Z    Compiling ignore v0.4.23
2025-04-11T15:28:32.0293780Z    Compiling regex v1.11.1
2025-04-11T15:28:32.0294010Z    Compiling tracing v0.1.40
2025-04-11T15:28:32.0294240Z    Compiling nom v7.1.3
2025-04-11T15:28:32.0294490Z    Compiling itertools v0.11.0
2025-04-11T15:28:32.0294760Z    Compiling tracing-log v0.2.0
2025-04-11T15:28:32.0295050Z    Compiling crossbeam-channel v0.5.13
2025-04-11T15:28:32.0296070Z    Compiling crossbeam-queue v0.3.11
2025-04-11T15:28:32.0296360Z    Compiling arrayvec v0.7.6
2025-04-11T15:28:32.0296610Z    Compiling smallvec v1.10.0
2025-04-11T15:28:32.0296850Z    Compiling dunce v1.0.5
2025-04-11T15:28:32.0297270Z    Compiling ignore v0.4.23 (/Users/runner/work/tailwindcss/tailwindcss/crates/ignore)
2025-04-11T15:28:32.0297690Z    Compiling tracing-subscriber v0.3.18
2025-04-11T15:28:32.0297990Z    Compiling bexpand v1.2.0
2025-04-11T15:28:32.0298320Z warning: unused variable: `depth`
2025-04-11T15:28:32.0298690Z    --> crates/ignore/src/walk.rs:387:9
2025-04-11T15:28:32.0298950Z     |
2025-04-11T15:28:32.0299140Z 387 |         depth: usize,
2025-04-11T15:28:32.0299540Z     |         ^^^^^ help: if this is intentional, prefix it with an underscore: `_depth`
2025-04-11T15:28:32.0299860Z     |
2025-04-11T15:28:32.0300130Z     = note: `#[warn(unused_variables)]` on by default
2025-04-11T15:28:32.0300610Z 
2025-04-11T15:28:32.0300750Z warning: unused variable: `ent`
2025-04-11T15:28:32.0301050Z    --> crates/ignore/src/walk.rs:388:9
2025-04-11T15:28:32.0301300Z     |
2025-04-11T15:28:32.0301550Z 388 |         ent: &fs::DirEntry,
2025-04-11T15:28:32.0301950Z     |         ^^^ help: if this is intentional, prefix it with an underscore: `_ent`
2025-04-11T15:28:32.0302250Z 
2025-04-11T15:28:32.0302430Z warning: unused variable: `ty`
2025-04-11T15:28:32.0302710Z    --> crates/ignore/src/walk.rs:389:9
2025-04-11T15:28:32.0303040Z     |
2025-04-11T15:28:32.0303280Z 389 |         ty: fs::FileType,
2025-04-11T15:28:32.0303670Z     |         ^^ help: if this is intentional, prefix it with an underscore: `_ty`
2025-04-11T15:28:32.0304470Z 
2025-04-11T15:28:32.0304650Z warning: unused variable: `depth`
2025-04-11T15:28:32.0304980Z    --> crates/ignore/src/walk.rs:426:18
2025-04-11T15:28:32.0305240Z     |
2025-04-11T15:28:32.0305740Z 426 |     fn from_path(depth: usize, pb: PathBuf, link: bool) -> Result<DirEntryRaw, Error> {
2025-04-11T15:28:32.0306320Z     |                  ^^^^^ help: if this is intentional, prefix it with an underscore: `_depth`
2025-04-11T15:28:32.0306580Z 
2025-04-11T15:28:32.0306720Z warning: unused variable: `pb`
2025-04-11T15:28:32.0307010Z    --> crates/ignore/src/walk.rs:426:32
2025-04-11T15:28:32.0307260Z     |
2025-04-11T15:28:32.0307700Z 426 |     fn from_path(depth: usize, pb: PathBuf, link: bool) -> Result<DirEntryRaw, Error> {
2025-04-11T15:28:32.0308240Z     |                                ^^ help: if this is intentional, prefix it with an underscore: `_pb`
2025-04-11T15:28:32.0308530Z 
2025-04-11T15:28:32.0308670Z warning: unused variable: `link`
2025-04-11T15:28:32.0308990Z    --> crates/ignore/src/walk.rs:426:45
2025-04-11T15:28:32.0309280Z     |
2025-04-11T15:28:32.0309740Z 426 |     fn from_path(depth: usize, pb: PathBuf, link: bool) -> Result<DirEntryRaw, Error> {
2025-04-11T15:28:32.0310290Z     |                                             ^^^^ help: if this is intentional, prefix it with an underscore: `_link`
2025-04-11T15:28:32.0310560Z 
2025-04-11T15:28:32.0310650Z    Compiling fast-glob v0.4.3
2025-04-11T15:28:32.0310900Z    Compiling crossbeam v0.8.4
2025-04-11T15:28:32.0311140Z    Compiling rayon v1.10.0
2025-04-11T15:28:32.0311480Z warning: `ignore` (lib) generated 6 warnings
2025-04-11T15:28:32.0311760Z    Compiling globwalk v0.9.1
2025-04-11T15:28:32.0312000Z    Compiling napi-sys v2.4.0
2025-04-11T15:28:32.0312270Z    Compiling rustc-hash v2.1.1
2025-04-11T15:28:32.0312510Z    Compiling napi v2.16.17
2025-04-11T15:28:32.0313360Z    Compiling tailwindcss-oxide v0.1.0 (/Users/runner/work/tailwindcss/tailwindcss/crates/oxide)
2025-04-11T15:28:32.0314010Z    Compiling tailwind-oxide v0.0.0 (/Users/runner/work/tailwindcss/tailwindcss/crates/node)
2025-04-11T15:28:32.0314570Z     Finished `release` profile [optimized] target(s) in 23.37s
2025-04-11T15:28:32.0314800Z 
2025-04-11T15:28:32.0315280Z > @tailwindcss/oxide@0.0.0-insiders.83ce4c0 postbuild:wasm /Users/runner/work/tailwindcss/tailwindcss/crates/node
2025-04-11T15:28:32.0315800Z > node ./scripts/move-artifacts.mjs
2025-04-11T15:28:32.0316000Z 
2025-04-11T15:28:32.0316270Z Moved tailwindcss-oxide.darwin-arm64.node to npm/darwin-arm64
2025-04-11T15:28:32.0316730Z Moved tailwindcss-oxide.debug.wasm to npm/wasm32-wasi
2025-04-11T15:28:32.0317190Z Moved tailwindcss-oxide.wasi-browser.js to npm/wasm32-wasi
2025-04-11T15:28:32.0317710Z Moved tailwindcss-oxide.wasi.cjs to npm/wasm32-wasi
2025-04-11T15:28:32.0318140Z Moved tailwindcss-oxide.wasm to npm/wasm32-wasi
2025-04-11T15:28:32.0318600Z Moved wasi-worker-browser.mjs to npm/wasm32-wasi
2025-04-11T15:28:32.0319220Z Moved wasi-worker.mjs to npm/wasm32-wasi
2025-04-11T15:28:32.0327220Z ##[endgroup]
2025-04-11T15:28:38.6880210Z ##[group]tailwindcss:build
2025-04-11T15:28:38.6884640Z cache miss, executing 4e9563463bdc3d64
2025-04-11T15:28:38.6885400Z 
2025-04-11T15:28:38.6886550Z > tailwindcss@0.0.0-insiders.83ce4c0 build /Users/runner/work/tailwindcss/tailwindcss/packages/tailwindcss
2025-04-11T15:28:38.6889870Z > tsup-node --env.NODE_ENV production
2025-04-11T15:28:38.6890060Z 
2025-04-11T15:28:38.6891590Z [34mCLI[39m Building entry: {"lib":"src/index.ts","plugin":"src/plugin.ts","colors":"src/compat/colors.ts","default-theme":"src/compat/default-theme.ts","flatten-color-palette":"src/compat/flatten-color-palette.ts"}
2025-04-11T15:28:38.6892410Z [34mCLI[39m Using tsconfig: tsconfig.json
2025-04-11T15:28:38.6893520Z [34mCLI[39m Building entry: {"plugin":"src/plugin.cts","lib":"src/index.cts","colors":"src/compat/colors.cts","default-theme":"src/compat/default-theme.cts","flatten-color-palette":"src/compat/flatten-color-palette.cts"}
2025-04-11T15:28:38.6894330Z [34mCLI[39m Using tsconfig: tsconfig.json
2025-04-11T15:28:38.6894660Z [34mCLI[39m tsup v8.4.0
2025-04-11T15:28:38.6895400Z [34mCLI[39m Using tsup config: /Users/runner/work/tailwindcss/tailwindcss/packages/tailwindcss/tsup.config.ts
2025-04-11T15:28:38.6895920Z [34mCLI[39m tsup v8.4.0
2025-04-11T15:28:38.6896680Z [34mCLI[39m Using tsup config: /Users/runner/work/tailwindcss/tailwindcss/packages/tailwindcss/tsup.config.ts
2025-04-11T15:28:38.6897200Z [34mCLI[39m Target: es2022
2025-04-11T15:28:38.6897560Z [34mESM[39m Build start
2025-04-11T15:28:38.6897860Z [34mCLI[39m Target: es2022
2025-04-11T15:28:38.6898170Z [34mCJS[39m Build start
2025-04-11T15:28:38.6898700Z [32mCJS[39m [1mdist/plugin.js                [22m[32m201.00 B[39m
2025-04-11T15:28:38.6899390Z [32mCJS[39m [1mdist/flatten-color-palette.js [22m[32m29.34 KB[39m
2025-04-11T15:28:38.6900040Z [32mCJS[39m [1mdist/lib.js                   [22m[32m217.34 KB[39m
2025-04-11T15:28:38.6900640Z [32mCJS[39m [1mdist/default-theme.js         [22m[32m25.01 KB[39m
2025-04-11T15:28:38.6901230Z [32mCJS[39m [1mdist/colors.js                [22m[32m7.80 KB[39m
2025-04-11T15:28:38.6901890Z [32mCJS[39m âš¡ï¸ Build success in 60ms
2025-04-11T15:28:38.6902440Z [32mESM[39m [1mdist/plugin.mjs                [22m[32m192.00 B[39m
2025-04-11T15:28:38.6903270Z [32mESM[39m [1mdist/chunk-P5FH2LZE.mjs        [22m[32m22.77 KB[39m
2025-04-11T15:28:38.6903850Z [32mESM[39m [1mdist/chunk-2TPSGK42.mjs        [22m[32m186.65 KB[39m
2025-04-11T15:28:38.6904400Z [32mESM[39m [1mdist/chunk-HTB5LLOP.mjs        [22m[32m7.79 KB[39m
2025-04-11T15:28:38.6905020Z [32mESM[39m [1mdist/lib.mjs                   [22m[32m218.00 B[39m
2025-04-11T15:28:38.6905690Z [32mESM[39m [1mdist/default-theme.mjs         [22m[32m92.00 B[39m
2025-04-11T15:28:38.6908600Z [32mESM[39m [1mdist/flatten-color-palette.mjs [22m[32m424.00 B[39m
2025-04-11T15:28:38.6909300Z [32mESM[39m [1mdist/colors.mjs                [22m[32m58.00 B[39m
2025-04-11T15:28:38.6909790Z [32mESM[39m âš¡ï¸ Build success in 64ms
2025-04-11T15:28:38.6910140Z [34mDTS[39m Build start
2025-04-11T15:28:38.6910480Z [34mDTS[39m Build start
2025-04-11T15:28:38.6910890Z [32mDTS[39m âš¡ï¸ Build success in 5676ms
2025-04-11T15:28:38.6911470Z [32mDTS[39m [1mdist/lib.d.mts                     [22m[32m8.09 KB[39m
2025-04-11T15:28:38.6912160Z [32mDTS[39m [1mdist/plugin.d.mts                  [22m[32m642.00 B[39m
2025-04-11T15:28:38.6912810Z [32mDTS[39m [1mdist/default-theme.d.mts           [22m[32m27.49 KB[39m
2025-04-11T15:28:38.6913410Z [32mDTS[39m [1mdist/colors.d.mts                  [22m[32m6.01 KB[39m
2025-04-11T15:28:38.6914040Z [32mDTS[39m [1mdist/flatten-color-palette.d.mts   [22m[32m186.00 B[39m
2025-04-11T15:28:38.6914690Z [32mDTS[39m [1mdist/types-B254mqw1.d.mts          [22m[32m3.29 KB[39m
2025-04-11T15:28:38.6915350Z [32mDTS[39m [1mdist/resolve-config-QUZ9b-Gn.d.mts [22m[32m3.54 KB[39m
2025-04-11T15:28:38.6915860Z [32mDTS[39m âš¡ï¸ Build success in 5915ms
2025-04-11T15:28:38.6916410Z [32mDTS[39m [1mdist/plugin.d.ts                  [22m[32m3.47 KB[39m
2025-04-11T15:28:38.6917000Z [32mDTS[39m [1mdist/lib.d.ts                     [22m[32m92.00 B[39m
2025-04-11T15:28:38.6917590Z [32mDTS[39m [1mdist/colors.d.ts                  [22m[32m89.00 B[39m
2025-04-11T15:28:38.6918490Z [32mDTS[39m [1mdist/default-theme.d.ts           [22m[32m27.49 KB[39m
2025-04-11T15:28:38.6919110Z [32mDTS[39m [1mdist/flatten-color-palette.d.ts   [22m[32m186.00 B[39m
2025-04-11T15:28:38.6919770Z [32mDTS[39m [1mdist/resolve-config-BIFUA2FY.d.ts [22m[32m491.00 B[39m
2025-04-11T15:28:38.6920420Z [32mDTS[39m [1mdist/colors-b_6i0Oi7.d.ts         [22m[32m6.00 KB[39m
2025-04-11T15:28:38.6921030Z ##[endgroup]
2025-04-11T15:28:39.3442870Z ##[group]@tailwindcss/browser:build
2025-04-11T15:28:39.3544570Z cache miss, executing df63b4a3cce475dc
2025-04-11T15:28:39.3644900Z 
2025-04-11T15:28:39.3746450Z > @tailwindcss/browser@0.0.0-insiders.83ce4c0 build /Users/runner/work/tailwindcss/tailwindcss/packages/@tailwindcss-browser
2025-04-11T15:28:39.3846100Z > tsup-node
2025-04-11T15:28:39.3946810Z 
2025-04-11T15:28:39.4047760Z [34mCLI[39m Building entry: src/index.ts
2025-04-11T15:28:39.4147950Z [34mCLI[39m Using tsconfig: tsconfig.json
2025-04-11T15:28:39.4248650Z [34mCLI[39m tsup v8.4.0
2025-04-11T15:28:39.4353300Z [34mCLI[39m Using tsup config: /Users/runner/work/tailwindcss/tailwindcss/packages/@tailwindcss-browser/tsup.config.ts
2025-04-11T15:28:39.4353890Z [34mCLI[39m Target: es2022
2025-04-11T15:28:39.4454880Z [34mCLI[39m Cleaning output folder
2025-04-11T15:28:39.4555870Z [34mIIFE[39m Build start
2025-04-11T15:28:39.4654190Z [32mIIFE[39m [1mdist/index.global.js [22m[32m244.70 KB[39m
2025-04-11T15:28:39.4754660Z [32mIIFE[39m âš¡ï¸ Build success in 51ms
2025-04-11T15:28:39.4854820Z ##[endgroup]
2025-04-11T15:28:44.8484770Z ##[group]@tailwindcss/node:build
2025-04-11T15:28:44.8486200Z cache miss, executing 71b6eb04d7163e17
2025-04-11T15:28:44.8492200Z 
2025-04-11T15:28:44.8492900Z > @tailwindcss/node@0.0.0-insiders.83ce4c0 build /Users/runner/work/tailwindcss/tailwindcss/packages/@tailwindcss-node
2025-04-11T15:28:44.8493490Z > tsup-node
2025-04-11T15:28:44.8493710Z 
2025-04-11T15:28:44.8494180Z [34mCLI[39m Building entry: src/index.cts
2025-04-11T15:28:44.8494710Z [34mCLI[39m Using tsconfig: tsconfig.json
2025-04-11T15:28:44.8495140Z [34mCLI[39m tsup v8.4.0
2025-04-11T15:28:44.8496680Z [34mCLI[39m Using tsup config: /Users/runner/work/tailwindcss/tailwindcss/packages/@tailwindcss-node/tsup.config.ts
2025-04-11T15:28:44.8497470Z [34mCLI[39m Building entry: src/index.ts
2025-04-11T15:28:44.8497960Z [34mCLI[39m Using tsconfig: tsconfig.json
2025-04-11T15:28:44.8498380Z [34mCLI[39m tsup v8.4.0
2025-04-11T15:28:44.8499540Z [34mCLI[39m Using tsup config: /Users/runner/work/tailwindcss/tailwindcss/packages/@tailwindcss-node/tsup.config.ts
2025-04-11T15:28:44.8500290Z [34mCLI[39m Building entry: src/esm-cache.loader.mts
2025-04-11T15:28:44.8509660Z [34mCLI[39m Using tsconfig: tsconfig.json
2025-04-11T15:28:44.8510170Z [34mCLI[39m tsup v8.4.0
2025-04-11T15:28:44.8510890Z [34mCLI[39m Using tsup config: /Users/runner/work/tailwindcss/tailwindcss/packages/@tailwindcss-node/tsup.config.ts
2025-04-11T15:28:44.8521920Z [34mCLI[39m Building entry: src/require-cache.cts
2025-04-11T15:28:44.8528680Z [34mCLI[39m Using tsconfig: tsconfig.json
2025-04-11T15:28:44.8536410Z [34mCLI[39m tsup v8.4.0
2025-04-11T15:28:44.8551360Z [34mCLI[39m Using tsup config: /Users/runner/work/tailwindcss/tailwindcss/packages/@tailwindcss-node/tsup.config.ts
2025-04-11T15:28:44.8569670Z [34mCLI[39m Target: es2022
2025-04-11T15:28:44.8578280Z [34mCJS[39m Build start
2025-04-11T15:28:44.8597120Z [34mCLI[39m Target: es2022
2025-04-11T15:28:44.8607360Z [34mESM[39m Build start
2025-04-11T15:28:44.8612060Z [34mCLI[39m Target: es2022
2025-04-11T15:28:44.8622360Z [34mESM[39m Build start
2025-04-11T15:28:44.8630090Z [34mCLI[39m Target: es2022
2025-04-11T15:28:44.8643310Z [34mCJS[39m Build start
2025-04-11T15:28:44.8652150Z [32mCJS[39m [1mdist/require-cache.js [22m[32m579.00 B[39m
2025-04-11T15:28:44.8690670Z [32mCJS[39m âš¡ï¸ Build success in 17ms
2025-04-11T15:28:44.8824880Z [32mESM[39m [1mdist/esm-cache.loader.mjs [22m[32m307.00 B[39m
2025-04-11T15:28:44.8955530Z [32mESM[39m âš¡ï¸ Build success in 17ms
2025-04-11T15:28:44.9078840Z [warn] [33mâ–² [43;33m[[43;30mWARNING[43;33m][0m [1m"import.meta" is not available with the "cjs" output format and will be empty[0m [empty-import-meta]
2025-04-11T15:28:44.9240230Z 
2025-04-11T15:28:44.9378260Z     src/compile.ts:195:24:
2025-04-11T15:28:44.9502900Z [37m      195 â”‚     jiti ??= createJiti([32mimport.meta[37m.url, { moduleCache: false, fs...
2025-04-11T15:28:44.9637370Z           â•µ                         [32m~~~~~~~~~~~[0m
2025-04-11T15:28:44.9800910Z 
2025-04-11T15:28:44.9933210Z   You need to set the output format to "esm" for "import.meta" to work correctly.
2025-04-11T15:28:45.0114160Z 
2025-04-11T15:28:45.0214540Z 
2025-04-11T15:28:45.0315500Z [32mCJS[39m [1mdist/index.js [22m[32m44.24 KB[39m
2025-04-11T15:28:45.0416610Z [32mCJS[39m âš¡ï¸ Build success in 85ms
2025-04-11T15:28:45.0517830Z [32mESM[39m [1mdist/index.mjs [22m[32m43.43 KB[39m
2025-04-11T15:28:45.0619250Z [32mESM[39m âš¡ï¸ Build success in 85ms
2025-04-11T15:28:45.0720410Z [34mDTS[39m Build start
2025-04-11T15:28:45.0919900Z [34mDTS[39m Build start
2025-04-11T15:28:45.0920250Z [34mDTS[39m Build start
2025-04-11T15:28:45.1025230Z [34mDTS[39m Build start
2025-04-11T15:28:45.1126560Z [32mDTS[39m âš¡ï¸ Build success in 2185ms
2025-04-11T15:28:45.1228100Z [32mDTS[39m [1mdist/require-cache.d.ts [22m[32m90.00 B[39m
2025-04-11T15:28:45.1329590Z [32mDTS[39m âš¡ï¸ Build success in 2184ms
2025-04-11T15:28:45.1430910Z [32mDTS[39m [1mdist/esm-cache.loader.d.mts [22m[32m99.00 B[39m
2025-04-11T15:28:45.1532110Z [32mDTS[39m âš¡ï¸ Build success in 5094ms
2025-04-11T15:28:45.1628300Z [32mDTS[39m [1mdist/index.d.ts [22m[32m3.69 KB[39m
2025-04-11T15:28:45.1729780Z [32mDTS[39m âš¡ï¸ Build success in 5273ms
2025-04-11T15:28:45.1830950Z [32mDTS[39m [1mdist/index.d.mts [22m[32m3.69 KB[39m
2025-04-11T15:28:45.1844680Z ##[endgroup]
2025-04-11T15:28:46.0014090Z ##[group]@tailwindcss/upgrade:build
2025-04-11T15:28:46.0115780Z cache miss, executing d001eaa0a610de3e
2025-04-11T15:28:46.0216620Z 
2025-04-11T15:28:46.0318290Z > @tailwindcss/upgrade@0.0.0-insiders.83ce4c0 build /Users/runner/work/tailwindcss/tailwindcss/packages/@tailwindcss-upgrade
2025-04-11T15:28:46.0419610Z > tsup-node
2025-04-11T15:28:46.0520500Z 
2025-04-11T15:28:46.0624170Z [34mCLI[39m Building entry: src/index.ts
2025-04-11T15:28:46.0725650Z [34mCLI[39m Using tsconfig: tsconfig.json
2025-04-11T15:28:46.0821660Z [34mCLI[39m tsup v8.4.0
2025-04-11T15:28:46.0823350Z [34mCLI[39m Using tsup config: /Users/runner/work/tailwindcss/tailwindcss/packages/@tailwindcss-upgrade/tsup.config.ts
2025-04-11T15:28:46.0824160Z [34mCLI[39m Target: es2022
2025-04-11T15:28:46.0824750Z [34mCLI[39m Cleaning output folder
2025-04-11T15:28:46.0825420Z [34mESM[39m Build start
2025-04-11T15:28:46.0826080Z [32mESM[39m [1mdist/index.mjs [22m[32m146.62 KB[39m
2025-04-11T15:28:46.0826750Z [32mESM[39m âš¡ï¸ Build success in 64ms
2025-04-11T15:28:46.0827540Z ##[endgroup]
2025-04-11T15:28:46.0827970Z ##[group]@tailwindcss/cli:build
2025-04-11T15:28:46.0944360Z cache miss, executing 0d88e85021e4e4cb
2025-04-11T15:28:46.1045130Z 
2025-04-11T15:28:46.1146010Z > @tailwindcss/cli@0.0.0-insiders.83ce4c0 build /Users/runner/work/tailwindcss/tailwindcss/packages/@tailwindcss-cli
2025-04-11T15:28:46.1246010Z > tsup-node
2025-04-11T15:28:46.1346660Z 
2025-04-11T15:28:46.1447720Z [34mCLI[39m Building entry: src/index.ts
2025-04-11T15:28:46.1548640Z [34mCLI[39m Using tsconfig: tsconfig.json
2025-04-11T15:28:46.1649110Z [34mCLI[39m tsup v8.4.0
2025-04-11T15:28:46.1750900Z [34mCLI[39m Using tsup config: /Users/runner/work/tailwindcss/tailwindcss/packages/@tailwindcss-cli/tsup.config.ts
2025-04-11T15:28:46.1841920Z [34mCLI[39m Target: es2022
2025-04-11T15:28:46.1842490Z [34mCLI[39m Cleaning output folder
2025-04-11T15:28:46.1842800Z [34mESM[39m Build start
2025-04-11T15:28:46.1843190Z [32mESM[39m [1mdist/index.mjs [22m[32m10.24 KB[39m
2025-04-11T15:28:46.1843870Z [32mESM[39m âš¡ï¸ Build success in 19ms
2025-04-11T15:28:46.1851310Z ##[endgroup]
2025-04-11T15:28:54.0169990Z ##[group]@tailwindcss/standalone:build
2025-04-11T15:28:54.0265280Z cache miss, executing 385c3ca0f519b14d
2025-04-11T15:28:54.0366800Z 
2025-04-11T15:28:54.0467860Z > @tailwindcss/standalone@0.0.0-insiders.83ce4c0 build /Users/runner/work/tailwindcss/tailwindcss/packages/@tailwindcss-standalone
2025-04-11T15:28:54.0568890Z > bun ./scripts/build.ts
2025-04-11T15:28:54.0668200Z 
2025-04-11T15:28:54.0769420Z  [765ms]  bundle  230 modules
2025-04-11T15:28:54.0869900Z  [783ms]  bundle  231 modules
2025-04-11T15:28:54.0970970Z  [835ms]  bundle  231 modules
2025-04-11T15:28:54.1071740Z  [905ms]  bundle  231 modules
2025-04-11T15:28:54.1172070Z  [964ms]  bundle  231 modules
2025-04-11T15:28:54.1272880Z  [989ms]  bundle  231 modules
2025-04-11T15:28:54.1373510Z Downloading [12970140] 
2025-04-11T15:28:54.1474140Z Downloading [17148060] Downloading [8005788] Downloading [10639519] 
2025-04-11T15:28:54.1574830Z Downloading [19003548] Downloading [2185362] Downloading [13154461] 
2025-04-11T15:28:54.1666730Z [1490ms]  bundle  230 modules
2025-04-11T15:28:54.1667560Z Downloading [11081884] 
2025-04-11T15:28:54.1668200Z Downloading [14272671] 
2025-04-11T15:28:54.1668690Z Downloading [11823260] 
2025-04-11T15:28:54.1669230Z Downloading [2570386] 
2025-04-11T15:28:54.1669620Z Downloading [17119389] 
2025-04-11T15:28:54.1669970Z Downloading [22415516] 
2025-04-11T15:28:54.1670300Z Downloading [14436511] 
2025-04-11T15:28:54.1670680Z Downloading [14313628] 
2025-04-11T15:28:54.1671070Z Downloading [3242130] 
2025-04-11T15:28:54.1671470Z Downloading [5183634] 
2025-04-11T15:28:54.1671980Z Downloading [14837916] 
2025-04-11T15:28:54.1672350Z Downloading [21821597] 
2025-04-11T15:28:54.1672710Z Downloading [7448722] 
2025-04-11T15:28:54.1673100Z Downloading [19953820] 
2025-04-11T15:28:54.1673480Z Downloading [18614431] 
2025-04-11T15:28:54.1673800Z Downloading [11368594] 
2025-04-11T15:28:54.1674190Z Downloading [21477532] 
2025-04-11T15:28:54.1674580Z Downloading [21244063] 
2025-04-11T15:28:54.1674970Z Downloading [25544860] 
2025-04-11T15:28:54.1675450Z Downloading [25483421] 
2025-04-11T15:28:54.1675780Z Downloading [22534300] 
2025-04-11T15:28:54.1676160Z Downloading [31365276] 
2025-04-11T15:28:54.1676550Z Downloading [24369311] 
2025-04-11T15:28:54.1676910Z Downloading [13490322] 
2025-04-11T15:28:54.1677300Z Downloading [25421983] 
2025-04-11T15:28:54.1677650Z Downloading [29157533] 
2025-04-11T15:28:54.1678040Z Downloading [33302684] 
2025-04-11T15:28:54.1680610Z Downloading [21645458] 
2025-04-11T15:28:54.1680870Z 
2025-04-11T15:28:54.1681100Z Downloading [25680028] 
2025-04-11T15:28:54.1681470Z Downloading [25942175] 
2025-04-11T15:28:54.1681830Z Downloading [35399836] 
2025-04-11T15:28:54.1682200Z Downloading [31701151] 
2025-04-11T15:28:54.1682540Z Downloading [10342] 
2025-04-11T15:28:54.1682950Z Downloading [3655825] 
2025-04-11T15:28:54.1683300Z Downloading [11999377] 
2025-04-11T15:28:54.1683690Z Downloading [38004892] 
2025-04-11T15:28:54.1683950Z 
2025-04-11T15:28:54.1684100Z Downloading [16160913] 
2025-04-11T15:28:54.1684510Z Downloading [28293276] 
2025-04-11T15:28:54.1684830Z Downloading [17201297] 
2025-04-11T15:28:54.1685210Z Downloading [32061596] 
2025-04-11T15:28:54.1685550Z Downloading [22796433] 
2025-04-11T15:28:54.1685750Z 
2025-04-11T15:28:54.1685960Z Downloading [25409682] 
2025-04-11T15:28:54.1686390Z Downloading [33863836] 
2025-04-11T15:28:54.1686730Z Downloading [30914706] 
2025-04-11T15:28:54.1686910Z 
2025-04-11T15:28:54.1687100Z Downloading [32880786] 
2025-04-11T15:28:54.1687510Z Downloading [33974418] 
2025-04-11T15:28:54.1687820Z Downloading [37275794] 
2025-04-11T15:28:54.1698000Z Downloading [37800082] 
2025-04-11T15:28:54.1698850Z [3.626s] compile  /Users/runner/work/tailwindcss/tailwindcss/packages/@tailwindcss-standalone/dist/tailwindcss-macos-arm64
2025-04-11T15:28:54.1699510Z Decompressing... 
2025-04-11T15:28:54.1699920Z Decompressing... 
2025-04-11T15:28:54.1710350Z [4.856s] compile  /Users/runner/work/tailwindcss/tailwindcss/packages/@tailwindcss-standalone/dist/tailwindcss-linux-arm64-musl bun-linux-aarch64-musl-v1.2.8
2025-04-11T15:28:54.1711670Z [4.444s] compile  /Users/runner/work/tailwindcss/tailwindcss/packages/@tailwindcss-standalone/dist/tailwindcss-macos-x64 bun-darwin-x64-baseline-v1.2.8
2025-04-11T15:28:54.1712500Z Decompressing... 
2025-04-11T15:28:54.1713450Z [5.288s] compile  /Users/runner/work/tailwindcss/tailwindcss/packages/@tailwindcss-standalone/dist/tailwindcss-linux-x64-musl bun-linux-x64-musl-baseline-v1.2.8
2025-04-11T15:28:54.1714200Z Decompressing... 
2025-04-11T15:28:54.1714650Z Decompressing... 
2025-04-11T15:28:54.1715500Z [5.417s] compile  /Users/runner/work/tailwindcss/tailwindcss/packages/@tailwindcss-standalone/dist/tailwindcss-linux-arm64 bun-linux-aarch64-v1.2.8
2025-04-11T15:28:54.1716780Z [5.392s] compile  /Users/runner/work/tailwindcss/tailwindcss/packages/@tailwindcss-standalone/dist/tailwindcss-linux-x64 bun-linux-x64-baseline-v1.2.8
2025-04-11T15:28:54.1717570Z Decompressing... 
2025-04-11T15:28:54.1718500Z [5.732s] compile  /Users/runner/work/tailwindcss/tailwindcss/packages/@tailwindcss-standalone/dist/tailwindcss-windows-x64.exe bun-windows-x64-baseline-v1.2.8
2025-04-11T15:28:54.1724000Z â”Œâ”€â”€â”€â”¬â”€â”€â”€â”€â”€â”€â”€â”€â”€â”€â”€â”€â”€â”€â”€â”€â”€â”€â”€â”€â”€â”€â”€â”€â”€â”€â”€â”€â”€â”¬â”€â”€â”€â”€â”€â”€â”€â”€â”€â”€â”€â”€â”€â”€â”€â”€â”€â”€â”€â”€â”€â”€â”€â”€â”€â”€â”€â”€â”€â”€â”€â”€â”€â”€â”€â”€â”€â”€â”€â”€â”€â”€â”€â”€â”€â”€â”€â”€â”€â”€â”€â”€â”€â”€â”€â”€â”€â”€â”€â”€â”€â”€â”€â”€â”€â”€â”¬â”€â”€â”€â”€â”€â”€â”€â”€â”€â”
2025-04-11T15:28:54.1724760Z â”‚   â”‚ triple                      â”‚ sum                                                              â”‚ elapsed â”‚
2025-04-11T15:28:54.1725610Z â”œâ”€â”€â”€â”¼â”€â”€â”€â”€â”€â”€â”€â”€â”€â”€â”€â”€â”€â”€â”€â”€â”€â”€â”€â”€â”€â”€â”€â”€â”€â”€â”€â”€â”€â”¼â”€â”€â”€â”€â”€â”€â”€â”€â”€â”€â”€â”€â”€â”€â”€â”€â”€â”€â”€â”€â”€â”€â”€â”€â”€â”€â”€â”€â”€â”€â”€â”€â”€â”€â”€â”€â”€â”€â”€â”€â”€â”€â”€â”€â”€â”€â”€â”€â”€â”€â”€â”€â”€â”€â”€â”€â”€â”€â”€â”€â”€â”€â”€â”€â”€â”€â”¼â”€â”€â”€â”€â”€â”€â”€â”€â”€â”¤
2025-04-11T15:28:54.1726620Z â”‚ 0 â”‚ bun-linux-arm64             â”‚ 88341332808f4e64d7bb86b49ec10b1fe83f121113733b643a6686aa8db81787 â”‚ 7085ms  â”‚
2025-04-11T15:28:54.1727620Z â”‚ 1 â”‚ bun-linux-arm64-musl        â”‚ 204d7c2beeb45b1b3320752bc0ec88f820e7adf67115a239edb0456aab6e1243 â”‚ 6050ms  â”‚
2025-04-11T15:28:54.1728560Z â”‚ 2 â”‚ bun-linux-x64-baseline      â”‚ 7356081ff8ee35def3f08646303c97c6e7699d9f4dc66000300852f9c350a1fa â”‚ 6861ms  â”‚
2025-04-11T15:28:54.1729630Z â”‚ 3 â”‚ bun-linux-x64-musl-baseline â”‚ ff3555f37b06c75a2b5e5c6521b68127d3d804e00ec80d0b3d6841c35aa002da â”‚ 6554ms  â”‚
2025-04-11T15:28:54.1730550Z â”‚ 4 â”‚ bun-darwin-arm64            â”‚ 349418dcbf868055a810e70eabf2d264069a7fc6bcb581094eefa88699975a60 â”‚ 5315ms  â”‚
2025-04-11T15:28:54.1731430Z â”‚ 5 â”‚ bun-darwin-x64-baseline     â”‚ 3014d9e94c47c7f53f6b06f49f8737b3040c1c4a8ee4bfdceaa8660cd6374301 â”‚ 6276ms  â”‚
2025-04-11T15:28:54.1737270Z â”‚ 6 â”‚ bun-windows-x64-baseline    â”‚ e4b3568caafec888d802bcbede5b28bb405834285d3ff4f9ab6d450b22c58b0d â”‚ 6970ms  â”‚
2025-04-11T15:28:54.1738340Z â””â”€â”€â”€â”´â”€â”€â”€â”€â”€â”€â”€â”€â”€â”€â”€â”€â”€â”€â”€â”€â”€â”€â”€â”€â”€â”€â”€â”€â”€â”€â”€â”€â”€â”´â”€â”€â”€â”€â”€â”€â”€â”€â”€â”€â”€â”€â”€â”€â”€â”€â”€â”€â”€â”€â”€â”€â”€â”€â”€â”€â”€â”€â”€â”€â”€â”€â”€â”€â”€â”€â”€â”€â”€â”€â”€â”€â”€â”€â”€â”€â”€â”€â”€â”€â”€â”€â”€â”€â”€â”€â”€â”€â”€â”€â”€â”€â”€â”€â”€â”€â”´â”€â”€â”€â”€â”€â”€â”€â”€â”€â”˜
2025-04-11T15:28:54.1739280Z ##[endgroup]
2025-04-11T15:28:56.3790070Z ##[group]@tailwindcss/vite:build
2025-04-11T15:28:56.3889160Z cache miss, executing 2dad9c804dcde463
2025-04-11T15:28:56.3988760Z 
2025-04-11T15:28:56.4090210Z > @tailwindcss/vite@0.0.0-insiders.83ce4c0 build /Users/runner/work/tailwindcss/tailwindcss/packages/@tailwindcss-vite
2025-04-11T15:28:56.4191580Z > tsup-node
2025-04-11T15:28:56.4292700Z 
2025-04-11T15:28:56.4393990Z [34mCLI[39m Building entry: src/index.ts
2025-04-11T15:28:56.4494240Z [34mCLI[39m Using tsconfig: tsconfig.json
2025-04-11T15:28:56.4611820Z [34mCLI[39m tsup v8.4.0
2025-04-11T15:28:56.4728120Z [34mCLI[39m Using tsup config: /Users/runner/work/tailwindcss/tailwindcss/packages/@tailwindcss-vite/tsup.config.ts
2025-04-11T15:28:56.4832970Z [34mCLI[39m Target: es2022
2025-04-11T15:28:56.4937450Z [34mCLI[39m Cleaning output folder
2025-04-11T15:28:56.5043330Z [34mESM[39m Build start
2025-04-11T15:28:56.5053320Z [32mESM[39m [1mdist/index.mjs [22m[32m5.06 KB[39m
2025-04-11T15:28:56.5135230Z [32mESM[39m âš¡ï¸ Build success in 10ms
2025-04-11T15:28:56.5136300Z [34mDTS[39m Build start
2025-04-11T15:28:56.5137260Z [32mDTS[39m âš¡ï¸ Build success in 9853ms
2025-04-11T15:28:56.5138450Z [32mDTS[39m [1mdist/index.d.mts [22m[32m110.00 B[39m
2025-04-11T15:28:56.5140160Z ##[endgroup]
2025-04-11T15:28:56.5261560Z ##[group]@tailwindcss/postcss:build
2025-04-11T15:28:56.5262370Z cache miss, executing 9fd2570ec45545d4
2025-04-11T15:28:56.5262840Z 
2025-04-11T15:28:56.5263570Z > @tailwindcss/postcss@0.0.0-insiders.83ce4c0 build /Users/runner/work/tailwindcss/tailwindcss/packages/@tailwindcss-postcss
2025-04-11T15:28:56.5264270Z > tsup-node
2025-04-11T15:28:56.5264480Z 
2025-04-11T15:28:56.5265020Z [34mCLI[39m Building entry: src/index.ts
2025-04-11T15:28:56.5265730Z [34mCLI[39m Using tsconfig: tsconfig.json
2025-04-11T15:28:56.5266200Z [34mCLI[39m tsup v8.4.0
2025-04-11T15:28:56.5267360Z [34mCLI[39m Using tsup config: /Users/runner/work/tailwindcss/tailwindcss/packages/@tailwindcss-postcss/tsup.config.ts
2025-04-11T15:28:56.5268340Z [34mCLI[39m Building entry: src/index.cts
2025-04-11T15:28:56.5269110Z [34mCLI[39m Using tsconfig: tsconfig.json
2025-04-11T15:28:56.5269540Z [34mCLI[39m tsup v8.4.0
2025-04-11T15:28:56.5270390Z [34mCLI[39m Using tsup config: /Users/runner/work/tailwindcss/tailwindcss/packages/@tailwindcss-postcss/tsup.config.ts
2025-04-11T15:28:56.5270990Z [34mCLI[39m Target: es2022
2025-04-11T15:28:56.5271460Z [34mESM[39m Build start
2025-04-11T15:28:56.5272010Z [34mCLI[39m Target: es2022
2025-04-11T15:28:56.5272410Z [34mCJS[39m Build start
2025-04-11T15:28:56.5273310Z [32mCJS[39m [1mdist/index.js [22m[32m37.47 KB[39m
2025-04-11T15:28:56.5273950Z [32mCJS[39m âš¡ï¸ Build success in 105ms
2025-04-11T15:28:56.5274500Z [32mESM[39m [1mdist/index.mjs [22m[32m36.81 KB[39m
2025-04-11T15:28:56.5274960Z [32mESM[39m âš¡ï¸ Build success in 111ms
2025-04-11T15:28:56.5275520Z [34mDTS[39m Build start
2025-04-11T15:28:56.5275940Z [34mDTS[39m Build start
2025-04-11T15:28:56.5276390Z [32mDTS[39m âš¡ï¸ Build success in 10215ms
2025-04-11T15:28:56.5276950Z [32mDTS[39m [1mdist/index.d.ts [22m[32m221.00 B[39m
2025-04-11T15:28:56.5277450Z [32mDTS[39m âš¡ï¸ Build success in 10230ms
2025-04-11T15:28:56.5278050Z [32mDTS[39m [1mdist/index.d.mts [22m[32m254.00 B[39m
2025-04-11T15:28:56.5278980Z ##[endgroup]
2025-04-11T15:28:56.5306770Z 
2025-04-11T15:28:56.5307300Z  Tasks:    9 successful, 9 total
2025-04-11T15:28:56.5307930Z Cached:    0 cached, 9 total
2025-04-11T15:28:56.5308310Z   Time:    1m30.445s 
2025-04-11T15:28:56.5308480Z 
2025-04-11T15:28:58.4060530Z 
2025-04-11T15:28:58.4061440Z > @tailwindcss/root@1.0.0 postbuild /Users/runner/work/tailwindcss/tailwindcss
2025-04-11T15:28:58.4062100Z > node ./scripts/pack-packages.mjs
2025-04-11T15:28:58.4062350Z 
2025-04-11T15:29:01.8450940Z Done.
2025-04-11T15:29:01.8613060Z ##[group]Run node ./scripts/pre-publish-optimizations.mjs
2025-04-11T15:29:01.8613620Z [36;1mnode ./scripts/pre-publish-optimizations.mjs[0m
2025-04-11T15:29:01.8829920Z shell: /bin/bash -e {0}
2025-04-11T15:29:01.8830280Z env:
2025-04-11T15:29:01.8830670Z   APP_NAME: tailwindcss-oxide
2025-04-11T15:29:01.8831030Z   NODE_VERSION: 20
2025-04-11T15:29:01.8831540Z   OXIDE_LOCATION: ./crates/node
2025-04-11T15:29:01.8831950Z   RELEASE_CHANNEL: insiders
2025-04-11T15:29:01.8832310Z   SHA_SHORT: 83ce4c0
2025-04-11T15:29:01.8832690Z   PNPM_HOME: /Users/runner/setup-pnpm/node_modules/.bin
2025-04-11T15:29:01.8833210Z   NPM_CONFIG_USERCONFIG: /Users/runner/work/_temp/.npmrc
2025-04-11T15:29:01.8833630Z   NODE_AUTH_TOKEN: XXXXX-XXXXX-XXXXX-XXXXX
2025-04-11T15:29:01.8833990Z ##[endgroup]
2025-04-11T15:29:02.1216030Z ##[group]Run node ./scripts/lock-pre-release-versions.mjs
2025-04-11T15:29:02.1216600Z [36;1mnode ./scripts/lock-pre-release-versions.mjs[0m
2025-04-11T15:29:02.1263220Z shell: /bin/bash -e {0}
2025-04-11T15:29:02.1263540Z env:
2025-04-11T15:29:02.1263830Z   APP_NAME: tailwindcss-oxide
2025-04-11T15:29:02.1264210Z   NODE_VERSION: 20
2025-04-11T15:29:02.1264510Z   OXIDE_LOCATION: ./crates/node
2025-04-11T15:29:02.1264860Z   RELEASE_CHANNEL: insiders
2025-04-11T15:29:02.1265180Z   SHA_SHORT: 83ce4c0
2025-04-11T15:29:02.1265590Z   PNPM_HOME: /Users/runner/setup-pnpm/node_modules/.bin
2025-04-11T15:29:02.1266390Z   NPM_CONFIG_USERCONFIG: /Users/runner/work/_temp/.npmrc
2025-04-11T15:29:02.1266790Z   NODE_AUTH_TOKEN: XXXXX-XXXXX-XXXXX-XXXXX
2025-04-11T15:29:02.1267200Z ##[endgroup]
2025-04-11T15:29:02.5537840Z Done.
2025-04-11T15:29:02.5628960Z ##[group]Run actions/upload-artifact@v4
2025-04-11T15:29:02.5629290Z with:
2025-04-11T15:29:02.5629510Z   name: npm-package-tarballs
2025-04-11T15:29:02.5629760Z   path: dist/*.tgz
2025-04-11T15:29:02.5629990Z   if-no-files-found: warn
2025-04-11T15:29:02.5630230Z   compression-level: 6
2025-04-11T15:29:02.5630450Z   overwrite: false
2025-04-11T15:29:02.5630680Z   include-hidden-files: false
2025-04-11T15:29:02.5630910Z env:
2025-04-11T15:29:02.5631140Z   APP_NAME: tailwindcss-oxide
2025-04-11T15:29:02.5631390Z   NODE_VERSION: 20
2025-04-11T15:29:02.5631620Z   OXIDE_LOCATION: ./crates/node
2025-04-11T15:29:02.5631880Z   RELEASE_CHANNEL: insiders
2025-04-11T15:29:02.5632120Z   SHA_SHORT: 83ce4c0
2025-04-11T15:29:02.5632410Z   PNPM_HOME: /Users/runner/setup-pnpm/node_modules/.bin
2025-04-11T15:29:02.5632820Z   NPM_CONFIG_USERCONFIG: /Users/runner/work/_temp/.npmrc
2025-04-11T15:29:02.5633140Z   NODE_AUTH_TOKEN: XXXXX-XXXXX-XXXXX-XXXXX
2025-04-11T15:29:02.5633420Z ##[endgroup]
2025-04-11T15:29:02.8636030Z With the provided path, there will be 21 files uploaded
2025-04-11T15:29:02.8638140Z Artifact name is valid!
2025-04-11T15:29:02.8638620Z Root directory input is valid!
2025-04-11T15:29:02.9458720Z Beginning upload of artifact content to blob storage
2025-04-11T15:29:03.6268600Z Uploaded bytes 8388608
2025-04-11T15:29:04.1516990Z Uploaded bytes 16560149
2025-04-11T15:29:04.1656060Z Finished uploading artifact content to blob storage!
2025-04-11T15:29:04.1658240Z SHA256 digest of uploaded artifact zip is 212eacbcb5fc916da8dee15db44c8687229de110ceef1713e5d09a6496603ab0
2025-04-11T15:29:04.1659660Z Finalizing artifact upload
2025-04-11T15:29:04.2388770Z Artifact npm-package-tarballs.zip successfully finalized. Artifact ID 2928574660
2025-04-11T15:29:04.2391000Z Artifact npm-package-tarballs has been successfully uploaded! Final size is 16560149 bytes. Artifact ID is 2928574660
2025-04-11T15:29:04.2406820Z Artifact download URL: https://github.com/tailwindlabs/tailwindcss/actions/runs/14406456121/artifacts/2928574660
2025-04-11T15:29:04.2584680Z ##[group]Run pnpm --recursive publish --tag insiders --no-git-checks
2025-04-11T15:29:04.2585910Z [36;1mpnpm --recursive publish --tag insiders --no-git-checks[0m
2025-04-11T15:29:04.2683060Z shell: /bin/bash -e {0}
2025-04-11T15:29:04.2683300Z env:
2025-04-11T15:29:04.2683490Z   APP_NAME: tailwindcss-oxide
2025-04-11T15:29:04.2683720Z   NODE_VERSION: 20
2025-04-11T15:29:04.2683930Z   OXIDE_LOCATION: ./crates/node
2025-04-11T15:29:04.2684160Z   RELEASE_CHANNEL: insiders
2025-04-11T15:29:04.2684390Z   SHA_SHORT: 83ce4c0
2025-04-11T15:29:04.2684650Z   PNPM_HOME: /Users/runner/setup-pnpm/node_modules/.bin
2025-04-11T15:29:04.2685010Z   NPM_CONFIG_USERCONFIG: /Users/runner/work/_temp/.npmrc
2025-04-11T15:29:04.2685550Z   NODE_AUTH_TOKEN: ***
2025-04-11T15:29:04.2685760Z ##[endgroup]
2025-04-11T15:29:04.5802220Z crates/node/npm/android-arm-eabi         | â€‰WARNâ€‰ Unsupported platform: wanted: {"cpu":["arm"],"os":["android"],"libc":["any"]} (current: {"os":"darwin","cpu":"arm64","libc":"unknown"})
2025-04-11T15:29:04.5804690Z crates/node/npm/android-arm64            | â€‰WARNâ€‰ Unsupported platform: wanted: {"cpu":["arm64"],"os":["android"],"libc":["any"]} (current: {"os":"darwin","cpu":"arm64","libc":"unknown"})
2025-04-11T15:29:04.5806040Z crates/node/npm/darwin-x64               | â€‰WARNâ€‰ Unsupported platform: wanted: {"cpu":["x64"],"os":["darwin"],"libc":["any"]} (current: {"os":"darwin","cpu":"arm64","libc":"unknown"})
2025-04-11T15:29:04.5807340Z crates/node/npm/freebsd-x64              | â€‰WARNâ€‰ Unsupported platform: wanted: {"cpu":["x64"],"os":["freebsd"],"libc":["any"]} (current: {"os":"darwin","cpu":"arm64","libc":"unknown"})
2025-04-11T15:29:04.5808680Z crates/node/npm/linux-arm-gnueabihf      | â€‰WARNâ€‰ Unsupported platform: wanted: {"cpu":["arm"],"os":["linux"],"libc":["any"]} (current: {"os":"darwin","cpu":"arm64","libc":"unknown"})
2025-04-11T15:29:04.5810980Z crates/node/npm/linux-arm64-gnu          | â€‰WARNâ€‰ Unsupported platform: wanted: {"cpu":["arm64"],"os":["linux"],"libc":["glibc"]} (current: {"os":"darwin","cpu":"arm64","libc":"unknown"})
2025-04-11T15:29:04.5812350Z crates/node/npm/linux-arm64-musl         | â€‰WARNâ€‰ Unsupported platform: wanted: {"cpu":["arm64"],"os":["linux"],"libc":["musl"]} (current: {"os":"darwin","cpu":"arm64","libc":"unknown"})
2025-04-11T15:29:04.5813720Z crates/node/npm/linux-x64-gnu            | â€‰WARNâ€‰ Unsupported platform: wanted: {"cpu":["x64"],"os":["linux"],"libc":["glibc"]} (current: {"os":"darwin","cpu":"arm64","libc":"unknown"})
2025-04-11T15:29:04.5815110Z crates/node/npm/linux-x64-musl           | â€‰WARNâ€‰ Unsupported platform: wanted: {"cpu":["x64"],"os":["linux"],"libc":["musl"]} (current: {"os":"darwin","cpu":"arm64","libc":"unknown"})
2025-04-11T15:29:04.5816410Z crates/node/npm/wasm32-wasi              | â€‰WARNâ€‰ Unsupported platform: wanted: {"cpu":["wasm32"],"os":["any"],"libc":["any"]} (current: {"os":"darwin","cpu":"arm64","libc":"unknown"})
2025-04-11T15:29:04.5817730Z crates/node/npm/win32-arm64-msvc         | â€‰WARNâ€‰ Unsupported platform: wanted: {"cpu":["arm64"],"os":["win32"],"libc":["any"]} (current: {"os":"darwin","cpu":"arm64","libc":"unknown"})
2025-04-11T15:29:04.5820440Z crates/node/npm/win32-x64-msvc           | â€‰WARNâ€‰ Unsupported platform: wanted: {"cpu":["x64"],"os":["win32"],"libc":["any"]} (current: {"os":"darwin","cpu":"arm64","libc":"unknown"})
2025-04-11T15:29:05.4487920Z crates/node/npm/android-arm-eabi         | â€‰WARNâ€‰ Unsupported platform: wanted: {"cpu":["arm"],"os":["android"],"libc":["any"]} (current: {"os":"darwin","cpu":"arm64","libc":"unknown"})
2025-04-11T15:29:05.4534040Z crates/node/npm/android-arm-eabi         | â€‰WARNâ€‰ Unsupported platform: wanted: {"cpu":["arm"],"os":["android"],"libc":["any"]} (current: {"os":"darwin","cpu":"arm64","libc":"unknown"})
2025-04-11T15:29:05.4539810Z crates/node/npm/android-arm-eabi         | â€‰WARNâ€‰ Unsupported platform: wanted: {"cpu":["arm"],"os":["android"],"libc":["any"]} (current: {"os":"darwin","cpu":"arm64","libc":"unknown"})
2025-04-11T15:29:06.0218620Z npm notice
2025-04-11T15:29:06.0220960Z npm notice ðŸ“¦  @tailwindcss/oxide-android-arm-eabi@0.0.0-insiders.83ce4c0
2025-04-11T15:29:06.0221430Z npm notice Tarball Contents
2025-04-11T15:29:06.0222310Z npm notice 1.1kB LICENSE
2025-04-11T15:29:06.0222610Z npm notice 114B README.md
2025-04-11T15:29:06.0222890Z npm notice 555B package.json
2025-04-11T15:29:06.0223490Z npm notice 1.8MB tailwindcss-oxide.android-arm-eabi.node
2025-04-11T15:29:06.0224060Z npm notice Tarball Details
2025-04-11T15:29:06.0224570Z npm notice name: @tailwindcss/oxide-android-arm-eabi
2025-04-11T15:29:06.0225160Z npm notice version: 0.0.0-insiders.83ce4c0
2025-04-11T15:29:06.0225830Z npm notice filename: tailwindcss-oxide-android-arm-eabi-0.0.0-insiders.83ce4c0.tgz
2025-04-11T15:29:06.0226440Z npm notice package size: 1.0 MB
2025-04-11T15:29:06.0226980Z npm notice unpacked size: 1.8 MB
2025-04-11T15:29:06.0227550Z npm notice shasum: c2af61438a843efcd36353e63e9a2ca848ee20d1
2025-04-11T15:29:06.0228250Z npm notice integrity: sha512-uAAFyM76mee7J[...]VxbbL1Gw0zlDw==
2025-04-11T15:29:06.0228760Z npm notice total files: 4
2025-04-11T15:29:06.0229210Z npm notice
2025-04-11T15:29:06.0241870Z npm notice Publishing to https://registry.npmjs.org/ with tag insiders and public access
2025-04-11T15:29:06.7883990Z npm notice publish Signed provenance statement with source and build information from GitHub Actions
2025-04-11T15:29:06.7886440Z npm notice publish Provenance statement published to transparency log: https://search.sigstore.dev/?logIndex=195574380
2025-04-11T15:29:09.5916850Z + @tailwindcss/oxide-android-arm-eabi@0.0.0-insiders.83ce4c0
2025-04-11T15:29:09.6126610Z crates/node/npm/android-arm64            | â€‰WARNâ€‰ Unsupported platform: wanted: {"cpu":["arm64"],"os":["android"],"libc":["any"]} (current: {"os":"darwin","cpu":"arm64","libc":"unknown"})
2025-04-11T15:29:09.6129930Z crates/node/npm/android-arm64            | â€‰WARNâ€‰ Unsupported platform: wanted: {"cpu":["arm64"],"os":["android"],"libc":["any"]} (current: {"os":"darwin","cpu":"arm64","libc":"unknown"})
2025-04-11T15:29:09.6134190Z crates/node/npm/android-arm64            | â€‰WARNâ€‰ Unsupported platform: wanted: {"cpu":["arm64"],"os":["android"],"libc":["any"]} (current: {"os":"darwin","cpu":"arm64","libc":"unknown"})
2025-04-11T15:29:09.9793160Z npm notice
2025-04-11T15:29:09.9794860Z npm notice ðŸ“¦  @tailwindcss/oxide-android-arm64@0.0.0-insiders.83ce4c0
2025-04-11T15:29:09.9795540Z npm notice Tarball Contents
2025-04-11T15:29:09.9796890Z npm notice 1.1kB LICENSE
2025-04-11T15:29:09.9797390Z npm notice 108B README.md
2025-04-11T15:29:09.9797720Z npm notice 545B package.json
2025-04-11T15:29:09.9798230Z npm notice 2.6MB tailwindcss-oxide.android-arm64.node
2025-04-11T15:29:09.9798970Z npm notice Tarball Details
2025-04-11T15:29:09.9799380Z npm notice name: @tailwindcss/oxide-android-arm64
2025-04-11T15:29:09.9799870Z npm notice version: 0.0.0-insiders.83ce4c0
2025-04-11T15:29:09.9800600Z npm notice filename: tailwindcss-oxide-android-arm64-0.0.0-insiders.83ce4c0.tgz
2025-04-11T15:29:09.9801250Z npm notice package size: 1.2 MB
2025-04-11T15:29:09.9801710Z npm notice unpacked size: 2.6 MB
2025-04-11T15:29:09.9814500Z npm notice shasum: 299a6dba8c56f86402a742f1190ba5c36f4d765e
2025-04-11T15:29:09.9815060Z npm notice integrity: sha512-mXU/IG1sjxfHZ[...]CElxaRlRbZOYw==
2025-04-11T15:29:09.9815440Z npm notice total files: 4
2025-04-11T15:29:09.9815690Z npm notice
2025-04-11T15:29:09.9818060Z npm notice Publishing to https://registry.npmjs.org/ with tag insiders and public access
2025-04-11T15:29:10.4789030Z npm notice publish Signed provenance statement with source and build information from GitHub Actions
2025-04-11T15:29:10.4793680Z npm notice publish Provenance statement published to transparency log: https://search.sigstore.dev/?logIndex=195574392
2025-04-11T15:29:13.5861380Z + @tailwindcss/oxide-android-arm64@0.0.0-insiders.83ce4c0
2025-04-11T15:29:13.9790840Z npm notice
2025-04-11T15:29:13.9792330Z npm notice ðŸ“¦  @tailwindcss/oxide-darwin-arm64@0.0.0-insiders.83ce4c0
2025-04-11T15:29:13.9793220Z npm notice Tarball Contents
2025-04-11T15:29:13.9793990Z npm notice 1.1kB LICENSE
2025-04-11T15:29:13.9794250Z npm notice 106B README.md
2025-04-11T15:29:13.9794530Z npm notice 540B package.json
2025-04-11T15:29:13.9794930Z npm notice 2.8MB tailwindcss-oxide.darwin-arm64.node
2025-04-11T15:29:13.9795300Z npm notice Tarball Details
2025-04-11T15:29:13.9795710Z npm notice name: @tailwindcss/oxide-darwin-arm64
2025-04-11T15:29:13.9796100Z npm notice version: 0.0.0-insiders.83ce4c0
2025-04-11T15:29:13.9796630Z npm notice filename: tailwindcss-oxide-darwin-arm64-0.0.0-insiders.83ce4c0.tgz
2025-04-11T15:29:13.9797090Z npm notice package size: 1.2 MB
2025-04-11T15:29:13.9797430Z npm notice unpacked size: 2.8 MB
2025-04-11T15:29:13.9797850Z npm notice shasum: 35f91b4e598092afd29f34a5422ed186c3a12504
2025-04-11T15:29:13.9798370Z npm notice integrity: sha512-RuuArxHEHOUOP[...]BLVKp03Hg7QTA==
2025-04-11T15:29:13.9798760Z npm notice total files: 4
2025-04-11T15:29:13.9799010Z npm notice
2025-04-11T15:29:13.9812510Z npm notice Publishing to https://registry.npmjs.org/ with tag insiders and public access
2025-04-11T15:29:14.5932310Z npm notice publish Signed provenance statement with source and build information from GitHub Actions
2025-04-11T15:29:14.5937490Z npm notice publish Provenance statement published to transparency log: https://search.sigstore.dev/?logIndex=195574402
2025-04-11T15:29:17.1002600Z + @tailwindcss/oxide-darwin-arm64@0.0.0-insiders.83ce4c0
2025-04-11T15:29:17.1315740Z crates/node/npm/darwin-x64               | â€‰WARNâ€‰ Unsupported platform: wanted: {"cpu":["x64"],"os":["darwin"],"libc":["any"]} (current: {"os":"darwin","cpu":"arm64","libc":"unknown"})
2025-04-11T15:29:17.1320610Z crates/node/npm/darwin-x64               | â€‰WARNâ€‰ Unsupported platform: wanted: {"cpu":["x64"],"os":["darwin"],"libc":["any"]} (current: {"os":"darwin","cpu":"arm64","libc":"unknown"})
2025-04-11T15:29:17.1323280Z crates/node/npm/darwin-x64               | â€‰WARNâ€‰ Unsupported platform: wanted: {"cpu":["x64"],"os":["darwin"],"libc":["any"]} (current: {"os":"darwin","cpu":"arm64","libc":"unknown"})
2025-04-11T15:29:17.4906780Z npm notice
2025-04-11T15:29:17.4908190Z npm notice ðŸ“¦  @tailwindcss/oxide-darwin-x64@0.0.0-insiders.83ce4c0
2025-04-11T15:29:17.4908670Z npm notice Tarball Contents
2025-04-11T15:29:17.4909990Z npm notice 1.1kB LICENSE
2025-04-11T15:29:17.4910330Z npm notice 103B README.md
2025-04-11T15:29:17.4910700Z npm notice 530B package.json
2025-04-11T15:29:17.4911150Z npm notice 2.6MB tailwindcss-oxide.darwin-x64.node
2025-04-11T15:29:17.4911570Z npm notice Tarball Details
2025-04-11T15:29:17.4912040Z npm notice name: @tailwindcss/oxide-darwin-x64
2025-04-11T15:29:17.4912540Z npm notice version: 0.0.0-insiders.83ce4c0
2025-04-11T15:29:17.4913160Z npm notice filename: tailwindcss-oxide-darwin-x64-0.0.0-insiders.83ce4c0.tgz
2025-04-11T15:29:17.4913720Z npm notice package size: 1.2 MB
2025-04-11T15:29:17.4914130Z npm notice unpacked size: 2.6 MB
2025-04-11T15:29:17.4914610Z npm notice shasum: e1ea9ae1ecbb9390d052dd5bc47f592024e71a5f
2025-04-11T15:29:17.4915200Z npm notice integrity: sha512-ucCegcTgWR/Kz[...]gTCxCUTymXQ6g==
2025-04-11T15:29:17.4915650Z npm notice total files: 4
2025-04-11T15:29:17.4915980Z npm notice
2025-04-11T15:29:17.4928370Z npm notice Publishing to https://registry.npmjs.org/ with tag insiders and public access
2025-04-11T15:29:18.5163690Z npm notice publish Signed provenance statement with source and build information from GitHub Actions
2025-04-11T15:29:18.5169270Z npm notice publish Provenance statement published to transparency log: https://search.sigstore.dev/?logIndex=195574411
2025-04-11T15:29:21.0023020Z + @tailwindcss/oxide-darwin-x64@0.0.0-insiders.83ce4c0
2025-04-11T15:29:21.0325710Z crates/node/npm/freebsd-x64              | â€‰WARNâ€‰ Unsupported platform: wanted: {"cpu":["x64"],"os":["freebsd"],"libc":["any"]} (current: {"os":"darwin","cpu":"arm64","libc":"unknown"})
2025-04-11T15:29:21.0331590Z crates/node/npm/freebsd-x64              | â€‰WARNâ€‰ Unsupported platform: wanted: {"cpu":["x64"],"os":["freebsd"],"libc":["any"]} (current: {"os":"darwin","cpu":"arm64","libc":"unknown"})
2025-04-11T15:29:21.0334520Z crates/node/npm/freebsd-x64              | â€‰WARNâ€‰ Unsupported platform: wanted: {"cpu":["x64"],"os":["freebsd"],"libc":["any"]} (current: {"os":"darwin","cpu":"arm64","libc":"unknown"})
2025-04-11T15:29:21.4070820Z npm notice
2025-04-11T15:29:21.4072400Z npm notice ðŸ“¦  @tailwindcss/oxide-freebsd-x64@0.0.0-insiders.83ce4c0
2025-04-11T15:29:21.4072800Z npm notice Tarball Contents
2025-04-11T15:29:21.4073820Z npm notice 1.1kB LICENSE
2025-04-11T15:29:21.4074070Z npm notice 107B README.md
2025-04-11T15:29:21.4074340Z npm notice 535B package.json
2025-04-11T15:29:21.4074710Z npm notice 3.0MB tailwindcss-oxide.freebsd-x64.node
2025-04-11T15:29:21.4075070Z npm notice Tarball Details
2025-04-11T15:29:21.4075420Z npm notice name: @tailwindcss/oxide-freebsd-x64
2025-04-11T15:29:21.4075780Z npm notice version: 0.0.0-insiders.83ce4c0
2025-04-11T15:29:21.4076290Z npm notice filename: tailwindcss-oxide-freebsd-x64-0.0.0-insiders.83ce4c0.tgz
2025-04-11T15:29:21.4076740Z npm notice package size: 1.2 MB
2025-04-11T15:29:21.4077050Z npm notice unpacked size: 3.0 MB
2025-04-11T15:29:21.4077450Z npm notice shasum: d714c5881dec1b8a59dffd93fe9d9482075c4b00
2025-04-11T15:29:21.4077940Z npm notice integrity: sha512-lC0UExo6nmsnn[...]ef80NBA0Mqmog==
2025-04-11T15:29:21.4078290Z npm notice total files: 4
2025-04-11T15:29:21.4078510Z npm notice
2025-04-11T15:29:21.4092350Z npm notice Publishing to https://registry.npmjs.org/ with tag insiders and public access
2025-04-11T15:29:21.9837150Z npm notice publish Signed provenance statement with source and build information from GitHub Actions
2025-04-11T15:29:21.9838010Z npm notice publish Provenance statement published to transparency log: https://search.sigstore.dev/?logIndex=195574419
2025-04-11T15:29:25.1347990Z + @tailwindcss/oxide-freebsd-x64@0.0.0-insiders.83ce4c0
2025-04-11T15:29:25.1519170Z crates/node/npm/linux-arm-gnueabihf      | â€‰WARNâ€‰ Unsupported platform: wanted: {"cpu":["arm"],"os":["linux"],"libc":["any"]} (current: {"os":"darwin","cpu":"arm64","libc":"unknown"})
2025-04-11T15:29:25.1537660Z crates/node/npm/linux-arm-gnueabihf      | â€‰WARNâ€‰ Unsupported platform: wanted: {"cpu":["arm"],"os":["linux"],"libc":["any"]} (current: {"os":"darwin","cpu":"arm64","libc":"unknown"})
2025-04-11T15:29:25.1542180Z crates/node/npm/linux-arm-gnueabihf      | â€‰WARNâ€‰ Unsupported platform: wanted: {"cpu":["arm"],"os":["linux"],"libc":["any"]} (current: {"os":"darwin","cpu":"arm64","libc":"unknown"})
2025-04-11T15:29:25.5085050Z npm notice
2025-04-11T15:29:25.5086730Z npm notice ðŸ“¦  @tailwindcss/oxide-linux-arm-gnueabihf@0.0.0-insiders.83ce4c0
2025-04-11T15:29:25.5087130Z npm notice Tarball Contents
2025-04-11T15:29:25.5088410Z npm notice 1.1kB LICENSE
2025-04-11T15:29:25.5088760Z npm notice 122B README.md
2025-04-11T15:29:25.5089030Z npm notice 565B package.json
2025-04-11T15:29:25.5089430Z npm notice 2.4MB tailwindcss-oxide.linux-arm-gnueabihf.node
2025-04-11T15:29:25.5089780Z npm notice Tarball Details
2025-04-11T15:29:25.5090190Z npm notice name: @tailwindcss/oxide-linux-arm-gnueabihf
2025-04-11T15:29:25.5090580Z npm notice version: 0.0.0-insiders.83ce4c0
2025-04-11T15:29:25.5091130Z npm notice filename: tailwindcss-oxide-linux-arm-gnueabihf-0.0.0-insiders.83ce4c0.tgz
2025-04-11T15:29:25.5091600Z npm notice package size: 1.1 MB
2025-04-11T15:29:25.5091900Z npm notice unpacked size: 2.4 MB
2025-04-11T15:29:25.5092300Z npm notice shasum: eda9f9bdd58570a9967a013917b8483952f9fadb
2025-04-11T15:29:25.5092790Z npm notice integrity: sha512-6Mm9K0jWK5wVM[...]2PrNjYtz/teSA==
2025-04-11T15:29:25.5093130Z npm notice total files: 4
2025-04-11T15:29:25.5093360Z npm notice
2025-04-11T15:29:25.5107880Z npm notice Publishing to https://registry.npmjs.org/ with tag insiders and public access
2025-04-11T15:29:26.0186490Z npm notice publish Signed provenance statement with source and build information from GitHub Actions
2025-04-11T15:29:26.0192290Z npm notice publish Provenance statement published to transparency log: https://search.sigstore.dev/?logIndex=195574432
2025-04-11T15:29:28.8787000Z + @tailwindcss/oxide-linux-arm-gnueabihf@0.0.0-insiders.83ce4c0
2025-04-11T15:29:28.8916160Z crates/node/npm/linux-arm64-gnu          | â€‰WARNâ€‰ Unsupported platform: wanted: {"cpu":["arm64"],"os":["linux"],"libc":["glibc"]} (current: {"os":"darwin","cpu":"arm64","libc":"unknown"})
2025-04-11T15:29:28.8940810Z crates/node/npm/linux-arm64-gnu          | â€‰WARNâ€‰ Unsupported platform: wanted: {"cpu":["arm64"],"os":["linux"],"libc":["glibc"]} (current: {"os":"darwin","cpu":"arm64","libc":"unknown"})
2025-04-11T15:29:28.8944760Z crates/node/npm/linux-arm64-gnu          | â€‰WARNâ€‰ Unsupported platform: wanted: {"cpu":["arm64"],"os":["linux"],"libc":["glibc"]} (current: {"os":"darwin","cpu":"arm64","libc":"unknown"})
2025-04-11T15:29:29.2436780Z npm notice
2025-04-11T15:29:29.2438230Z npm notice ðŸ“¦  @tailwindcss/oxide-linux-arm64-gnu@0.0.0-insiders.83ce4c0
2025-04-11T15:29:29.2438680Z npm notice Tarball Contents
2025-04-11T15:29:29.2440100Z npm notice 1.1kB LICENSE
2025-04-11T15:29:29.2440380Z npm notice 114B README.md
2025-04-11T15:29:29.2440640Z npm notice 580B package.json
2025-04-11T15:29:29.2441040Z npm notice 2.6MB tailwindcss-oxide.linux-arm64-gnu.node
2025-04-11T15:29:29.2441390Z npm notice Tarball Details
2025-04-11T15:29:29.2441750Z npm notice name: @tailwindcss/oxide-linux-arm64-gnu
2025-04-11T15:29:29.2442140Z npm notice version: 0.0.0-insiders.83ce4c0
2025-04-11T15:29:29.2442670Z npm notice filename: tailwindcss-oxide-linux-arm64-gnu-0.0.0-insiders.83ce4c0.tgz
2025-04-11T15:29:29.2443110Z npm notice package size: 1.2 MB
2025-04-11T15:29:29.2443420Z npm notice unpacked size: 2.6 MB
2025-04-11T15:29:29.2443820Z npm notice shasum: ea739d9ee8f9ceb874100e622c18fd77f78684db
2025-04-11T15:29:29.2444320Z npm notice integrity: sha512-bBQnWdcKLhc3V[...]aq2kyU31kGi8A==
2025-04-11T15:29:29.2444670Z npm notice total files: 4
2025-04-11T15:29:29.2444900Z npm notice
2025-04-11T15:29:29.2458160Z npm notice Publishing to https://registry.npmjs.org/ with tag insiders and public access
2025-04-11T15:29:29.7914580Z npm notice publish Signed provenance statement with source and build information from GitHub Actions
2025-04-11T15:29:29.7920310Z npm notice publish Provenance statement published to transparency log: https://search.sigstore.dev/?logIndex=195574442
2025-04-11T15:29:32.5589030Z + @tailwindcss/oxide-linux-arm64-gnu@0.0.0-insiders.83ce4c0
2025-04-11T15:29:32.5728830Z crates/node/npm/linux-arm64-musl         | â€‰WARNâ€‰ Unsupported platform: wanted: {"cpu":["arm64"],"os":["linux"],"libc":["musl"]} (current: {"os":"darwin","cpu":"arm64","libc":"unknown"})
2025-04-11T15:29:32.5749070Z crates/node/npm/linux-arm64-musl         | â€‰WARNâ€‰ Unsupported platform: wanted: {"cpu":["arm64"],"os":["linux"],"libc":["musl"]} (current: {"os":"darwin","cpu":"arm64","libc":"unknown"})
2025-04-11T15:29:32.5758880Z crates/node/npm/linux-arm64-musl         | â€‰WARNâ€‰ Unsupported platform: wanted: {"cpu":["arm64"],"os":["linux"],"libc":["musl"]} (current: {"os":"darwin","cpu":"arm64","libc":"unknown"})
2025-04-11T15:29:32.9333610Z npm notice
2025-04-11T15:29:32.9335290Z npm notice ðŸ“¦  @tailwindcss/oxide-linux-arm64-musl@0.0.0-insiders.83ce4c0
2025-04-11T15:29:32.9335750Z npm notice Tarball Contents
2025-04-11T15:29:32.9337040Z npm notice 1.1kB LICENSE
2025-04-11T15:29:32.9337310Z npm notice 116B README.md
2025-04-11T15:29:32.9337570Z npm notice 583B package.json
2025-04-11T15:29:32.9337960Z npm notice 2.6MB tailwindcss-oxide.linux-arm64-musl.node
2025-04-11T15:29:32.9338310Z npm notice Tarball Details
2025-04-11T15:29:32.9338810Z npm notice name: @tailwindcss/oxide-linux-arm64-musl
2025-04-11T15:29:32.9339410Z npm notice version: 0.0.0-insiders.83ce4c0
2025-04-11T15:29:32.9340120Z npm notice filename: tailwindcss-oxide-linux-arm64-musl-0.0.0-insiders.83ce4c0.tgz
2025-04-11T15:29:32.9347710Z npm notice package size: 1.1 MB
2025-04-11T15:29:32.9348040Z npm notice unpacked size: 2.6 MB
2025-04-11T15:29:32.9348450Z npm notice shasum: 753b0a9d0947efd1d9db699f4d446a91e1e6c57a
2025-04-11T15:29:32.9349360Z npm notice integrity: sha512-2TyGL9N8A+e75[...]UOOrZRakS1fZg==
2025-04-11T15:29:32.9349730Z npm notice total files: 4
2025-04-11T15:29:32.9349960Z npm notice
2025-04-11T15:29:32.9357130Z npm notice Publishing to https://registry.npmjs.org/ with tag insiders and public access
2025-04-11T15:29:33.4180940Z npm notice publish Signed provenance statement with source and build information from GitHub Actions
2025-04-11T15:29:33.4185630Z npm notice publish Provenance statement published to transparency log: https://search.sigstore.dev/?logIndex=195574451
2025-04-11T15:29:36.2625250Z + @tailwindcss/oxide-linux-arm64-musl@0.0.0-insiders.83ce4c0
2025-04-11T15:29:36.2771630Z crates/node/npm/linux-x64-gnu            | â€‰WARNâ€‰ Unsupported platform: wanted: {"cpu":["x64"],"os":["linux"],"libc":["glibc"]} (current: {"os":"darwin","cpu":"arm64","libc":"unknown"})
2025-04-11T15:29:36.2798980Z crates/node/npm/linux-x64-gnu            | â€‰WARNâ€‰ Unsupported platform: wanted: {"cpu":["x64"],"os":["linux"],"libc":["glibc"]} (current: {"os":"darwin","cpu":"arm64","libc":"unknown"})
2025-04-11T15:29:36.2803050Z crates/node/npm/linux-x64-gnu            | â€‰WARNâ€‰ Unsupported platform: wanted: {"cpu":["x64"],"os":["linux"],"libc":["glibc"]} (current: {"os":"darwin","cpu":"arm64","libc":"unknown"})
2025-04-11T15:29:36.6564950Z npm notice
2025-04-11T15:29:36.6566530Z npm notice ðŸ“¦  @tailwindcss/oxide-linux-x64-gnu@0.0.0-insiders.83ce4c0
2025-04-11T15:29:36.6566920Z npm notice Tarball Contents
2025-04-11T15:29:36.6568510Z npm notice 1.1kB LICENSE
2025-04-11T15:29:36.6568770Z npm notice 111B README.md
2025-04-11T15:29:36.6569040Z npm notice 570B package.json
2025-04-11T15:29:36.6569430Z npm notice 3.0MB tailwindcss-oxide.linux-x64-gnu.node
2025-04-11T15:29:36.6569760Z npm notice Tarball Details
2025-04-11T15:29:36.6570140Z npm notice name: @tailwindcss/oxide-linux-x64-gnu
2025-04-11T15:29:36.6570510Z npm notice version: 0.0.0-insiders.83ce4c0
2025-04-11T15:29:36.6571040Z npm notice filename: tailwindcss-oxide-linux-x64-gnu-0.0.0-insiders.83ce4c0.tgz
2025-04-11T15:29:36.6571490Z npm notice package size: 1.2 MB
2025-04-11T15:29:36.6571800Z npm notice unpacked size: 3.0 MB
2025-04-11T15:29:36.6572200Z npm notice shasum: a8e80351562240e931eb8af0e7ae04c042847b69
2025-04-11T15:29:36.6572680Z npm notice integrity: sha512-+b/nxLreZ6RNh[...]4jbGQxwlmeTtw==
2025-04-11T15:29:36.6573020Z npm notice total files: 4
2025-04-11T15:29:36.6573260Z npm notice
2025-04-11T15:29:36.6588230Z npm notice Publishing to https://registry.npmjs.org/ with tag insiders and public access
2025-04-11T15:29:37.0085670Z npm notice publish Signed provenance statement with source and build information from GitHub Actions
2025-04-11T15:29:37.0087780Z npm notice publish Provenance statement published to transparency log: https://search.sigstore.dev/?logIndex=195574465
2025-04-11T15:29:39.3286710Z + @tailwindcss/oxide-linux-x64-gnu@0.0.0-insiders.83ce4c0
2025-04-11T15:29:39.3435420Z crates/node/npm/linux-x64-musl           | â€‰WARNâ€‰ Unsupported platform: wanted: {"cpu":["x64"],"os":["linux"],"libc":["musl"]} (current: {"os":"darwin","cpu":"arm64","libc":"unknown"})
2025-04-11T15:29:39.3452180Z crates/node/npm/linux-x64-musl           | â€‰WARNâ€‰ Unsupported platform: wanted: {"cpu":["x64"],"os":["linux"],"libc":["musl"]} (current: {"os":"darwin","cpu":"arm64","libc":"unknown"})
2025-04-11T15:29:39.3456320Z crates/node/npm/linux-x64-musl           | â€‰WARNâ€‰ Unsupported platform: wanted: {"cpu":["x64"],"os":["linux"],"libc":["musl"]} (current: {"os":"darwin","cpu":"arm64","libc":"unknown"})
2025-04-11T15:29:39.7210060Z npm notice
2025-04-11T15:29:39.7211910Z npm notice ðŸ“¦  @tailwindcss/oxide-linux-x64-musl@0.0.0-insiders.83ce4c0
2025-04-11T15:29:39.7212310Z npm notice Tarball Contents
2025-04-11T15:29:39.7213950Z npm notice 1.1kB LICENSE
2025-04-11T15:29:39.7214270Z npm notice 113B README.md
2025-04-11T15:29:39.7214550Z npm notice 573B package.json
2025-04-11T15:29:39.7214930Z npm notice 3.0MB tailwindcss-oxide.linux-x64-musl.node
2025-04-11T15:29:39.7215270Z npm notice Tarball Details
2025-04-11T15:29:39.7215920Z npm notice name: @tailwindcss/oxide-linux-x64-musl
2025-04-11T15:29:39.7216300Z npm notice version: 0.0.0-insiders.83ce4c0
2025-04-11T15:29:39.7216820Z npm notice filename: tailwindcss-oxide-linux-x64-musl-0.0.0-insiders.83ce4c0.tgz
2025-04-11T15:29:39.7217250Z npm notice package size: 1.2 MB
2025-04-11T15:29:39.7217560Z npm notice unpacked size: 3.0 MB
2025-04-11T15:29:39.7217960Z npm notice shasum: 32ab673cc328176943801a598604e792cf3c5df7
2025-04-11T15:29:39.7218440Z npm notice integrity: sha512-sUJT3Kb7Pzpyn[...]keosJZwl0GiDg==
2025-04-11T15:29:39.7218790Z npm notice total files: 4
2025-04-11T15:29:39.7219020Z npm notice
2025-04-11T15:29:39.7233190Z npm notice Publishing to https://registry.npmjs.org/ with tag insiders and public access
2025-04-11T15:29:40.2910080Z npm notice publish Signed provenance statement with source and build information from GitHub Actions
2025-04-11T15:29:40.2913570Z npm notice publish Provenance statement published to transparency log: https://search.sigstore.dev/?logIndex=195574475
2025-04-11T15:29:43.1387070Z + @tailwindcss/oxide-linux-x64-musl@0.0.0-insiders.83ce4c0
2025-04-11T15:29:43.1515360Z crates/node/npm/wasm32-wasi              | â€‰WARNâ€‰ Unsupported platform: wanted: {"cpu":["wasm32"],"os":["any"],"libc":["any"]} (current: {"os":"darwin","cpu":"arm64","libc":"unknown"})
2025-04-11T15:29:43.1528610Z crates/node/npm/wasm32-wasi              | â€‰WARNâ€‰ Unsupported platform: wanted: {"cpu":["wasm32"],"os":["any"],"libc":["any"]} (current: {"os":"darwin","cpu":"arm64","libc":"unknown"})
2025-04-11T15:29:43.1539460Z â€‰ERR_PNPM_BUNDLED_DEPENDENCIES_WITHOUT_HOISTEDâ€‰ bundledDependencies does not work with node-linker=isolated
2025-04-11T15:29:43.1540660Z 
2025-04-11T15:29:43.1542000Z Add node-linker=hoisted to .npmrc or delete bundledDependencies from the root package.json to resolve this error
2025-04-11T15:29:43.1734240Z ##[error]Process completed with exit code 1.
2025-04-11T15:29:43.1800030Z Post job cleanup.
2025-04-11T15:29:43.2575630Z Pruning is unnecessary.
2025-04-11T15:29:43.2656710Z Post job cleanup.
2025-04-11T15:29:43.3514100Z [command]/opt/homebrew/bin/git version
2025-04-11T15:29:43.3766780Z git version 2.49.0
2025-04-11T15:29:43.3789540Z Copying '/Users/runner/.gitconfig' to '/Users/runner/work/_temp/d27a20d6-51e6-4e63-9260-dc280a39f7c5/.gitconfig'
2025-04-11T15:29:43.3795890Z Temporarily overriding HOME='/Users/runner/work/_temp/d27a20d6-51e6-4e63-9260-dc280a39f7c5' before making global git config changes
2025-04-11T15:29:43.3796750Z Adding repository directory to the temporary git global config as a safe directory
2025-04-11T15:29:43.3803410Z [command]/opt/homebrew/bin/git config --global --add safe.directory /Users/runner/work/tailwindcss/tailwindcss
2025-04-11T15:29:43.3893660Z [command]/opt/homebrew/bin/git config --local --name-only --get-regexp core\.sshCommand
2025-04-11T15:29:43.3935920Z [command]/opt/homebrew/bin/git submodule foreach --recursive sh -c "git config --local --name-only --get-regexp 'core\.sshCommand' && git config --local --unset-all 'core.sshCommand' || :"
2025-04-11T15:29:43.4558870Z [command]/opt/homebrew/bin/git config --local --name-only --get-regexp http\.https\:\/\/github\.com\/\.extraheader
2025-04-11T15:29:43.4594980Z http.https://github.com/.extraheader
2025-04-11T15:29:43.4603530Z [command]/opt/homebrew/bin/git config --local --unset-all http.https://github.com/.extraheader
2025-04-11T15:29:43.4653880Z [command]/opt/homebrew/bin/git submodule foreach --recursive sh -c "git config --local --name-only --get-regexp 'http\.https\:\/\/github\.com\/\.extraheader' && git config --local --unset-all 'http.https://github.com/.extraheader' || :"
2025-04-11T15:29:43.5250670Z Cleaning up orphan processes
