2025-04-15T01:57:52.3817969Z Requested labels: ubuntu-latest
2025-04-15T01:57:52.3818158Z Job defined at: langgenius/dify/.github/workflows/style.yml@refs/pull/18047/merge
2025-04-15T01:57:52.3818277Z Waiting for a runner to pick up this job...
2025-04-15T01:57:54.3213488Z Job is waiting for a hosted runner to come online.
2025-04-15T01:57:55.4692820Z Job is about to start running on the hosted runner: GitHub Actions 20 (hosted)
2025-04-15T01:57:58.0725149Z Current runner version: '2.323.0'
2025-04-15T01:57:58.0750481Z ##[group]Operating System
2025-04-15T01:57:58.0751265Z Ubuntu
2025-04-15T01:57:58.0752313Z 24.04.2
2025-04-15T01:57:58.0752901Z LTS
2025-04-15T01:57:58.0753373Z ##[endgroup]
2025-04-15T01:57:58.0753966Z ##[group]Runner Image
2025-04-15T01:57:58.0754597Z Image: ubuntu-24.04
2025-04-15T01:57:58.0755139Z Version: 20250406.1.0
2025-04-15T01:57:58.0756238Z Included Software: https://github.com/actions/runner-images/blob/ubuntu24/20250406.1/images/ubuntu/Ubuntu2404-Readme.md
2025-04-15T01:57:58.0757622Z Image Release: https://github.com/actions/runner-images/releases/tag/ubuntu24%2F20250406.1
2025-04-15T01:57:58.0758494Z ##[endgroup]
2025-04-15T01:57:58.0759116Z ##[group]Runner Image Provisioner
2025-04-15T01:57:58.0759727Z 2.0.422.1
2025-04-15T01:57:58.0760222Z ##[endgroup]
2025-04-15T01:57:58.0762725Z ##[group]GITHUB_TOKEN Permissions
2025-04-15T01:57:58.0764926Z Actions: read
2025-04-15T01:57:58.0765795Z Attestations: read
2025-04-15T01:57:58.0766500Z Checks: read
2025-04-15T01:57:58.0767003Z Contents: read
2025-04-15T01:57:58.0767552Z Deployments: read
2025-04-15T01:57:58.0768123Z Discussions: read
2025-04-15T01:57:58.0768681Z Issues: read
2025-04-15T01:57:58.0769176Z Metadata: read
2025-04-15T01:57:58.0769721Z Models: read
2025-04-15T01:57:58.0770269Z Packages: read
2025-04-15T01:57:58.0770803Z Pages: read
2025-04-15T01:57:58.0771373Z PullRequests: read
2025-04-15T01:57:58.0772110Z RepositoryProjects: read
2025-04-15T01:57:58.0772690Z SecurityEvents: read
2025-04-15T01:57:58.0773288Z Statuses: read
2025-04-15T01:57:58.0773821Z ##[endgroup]
2025-04-15T01:57:58.0776925Z Secret source: None
2025-04-15T01:57:58.0778129Z Prepare workflow directory
2025-04-15T01:57:58.1179062Z Prepare all required actions
2025-04-15T01:57:58.1216215Z Getting action download info
2025-04-15T01:57:58.3714633Z ##[group]Download immutable action package 'actions/checkout@v4'
2025-04-15T01:57:58.3715506Z Version: 4.2.2
2025-04-15T01:57:58.3716348Z Digest: sha256:ccb2698953eaebd21c7bf6268a94f9c26518a7e38e27e0b83c1fe1ad049819b1
2025-04-15T01:57:58.3717374Z Source commit SHA: 11bd71901bbe5b1630ceea73d27597364c9af683
2025-04-15T01:57:58.3717994Z ##[endgroup]
2025-04-15T01:57:58.4621195Z Download action repository 'tj-actions/changed-files@v45' (SHA:48d8f15b2aaa3d255ca5af3eba4870f807ce6b3c)
2025-04-15T01:57:59.0678757Z Complete job name: Python Style
2025-04-15T01:57:59.1385582Z ##[group]Run actions/checkout@v4
2025-04-15T01:57:59.1386434Z with:
2025-04-15T01:57:59.1386839Z   fetch-depth: 0
2025-04-15T01:57:59.1387296Z   persist-credentials: false
2025-04-15T01:57:59.1387799Z   repository: langgenius/dify
2025-04-15T01:57:59.1388442Z   token: ***
2025-04-15T01:57:59.1388849Z   ssh-strict: true
2025-04-15T01:57:59.1389267Z   ssh-user: git
2025-04-15T01:57:59.1389675Z   clean: true
2025-04-15T01:57:59.1390094Z   sparse-checkout-cone-mode: true
2025-04-15T01:57:59.1390608Z   fetch-tags: false
2025-04-15T01:57:59.1391034Z   show-progress: true
2025-04-15T01:57:59.1391476Z   lfs: false
2025-04-15T01:57:59.1392056Z   submodules: false
2025-04-15T01:57:59.1392492Z   set-safe-directory: true
2025-04-15T01:57:59.1393189Z ##[endgroup]
2025-04-15T01:57:59.3499768Z Syncing repository: langgenius/dify
2025-04-15T01:57:59.3502229Z ##[group]Getting Git version info
2025-04-15T01:57:59.3503717Z Working directory is '/home/runner/work/dify/dify'
2025-04-15T01:57:59.3506272Z [command]/usr/bin/git version
2025-04-15T01:57:59.3572201Z git version 2.49.0
2025-04-15T01:57:59.3600544Z ##[endgroup]
2025-04-15T01:57:59.3613655Z Temporarily overriding HOME='/home/runner/work/_temp/0060a320-a17a-4375-ba73-fefe372524ca' before making global git config changes
2025-04-15T01:57:59.3616017Z Adding repository directory to the temporary git global config as a safe directory
2025-04-15T01:57:59.3619582Z [command]/usr/bin/git config --global --add safe.directory /home/runner/work/dify/dify
2025-04-15T01:57:59.3655289Z Deleting the contents of '/home/runner/work/dify/dify'
2025-04-15T01:57:59.3659793Z ##[group]Initializing the repository
2025-04-15T01:57:59.3664708Z [command]/usr/bin/git init /home/runner/work/dify/dify
2025-04-15T01:57:59.3753958Z hint: Using 'master' as the name for the initial branch. This default branch name
2025-04-15T01:57:59.3756165Z hint: is subject to change. To configure the initial branch name to use in all
2025-04-15T01:57:59.3758452Z hint: of your new repositories, which will suppress this warning, call:
2025-04-15T01:57:59.3760363Z hint:
2025-04-15T01:57:59.3762228Z hint: 	git config --global init.defaultBranch <name>
2025-04-15T01:57:59.3764310Z hint:
2025-04-15T01:57:59.3766304Z hint: Names commonly chosen instead of 'master' are 'main', 'trunk' and
2025-04-15T01:57:59.3769480Z hint: 'development'. The just-created branch can be renamed via this command:
2025-04-15T01:57:59.3772258Z hint:
2025-04-15T01:57:59.3773681Z hint: 	git branch -m <name>
2025-04-15T01:57:59.3776021Z Initialized empty Git repository in /home/runner/work/dify/dify/.git/
2025-04-15T01:57:59.3780620Z [command]/usr/bin/git remote add origin https://github.com/langgenius/dify
2025-04-15T01:57:59.3810651Z ##[endgroup]
2025-04-15T01:57:59.3813563Z ##[group]Disabling automatic garbage collection
2025-04-15T01:57:59.3815986Z [command]/usr/bin/git config --local gc.auto 0
2025-04-15T01:57:59.3846459Z ##[endgroup]
2025-04-15T01:57:59.3848860Z ##[group]Setting up auth
2025-04-15T01:57:59.3953962Z [command]/usr/bin/git config --local --name-only --get-regexp core\.sshCommand
2025-04-15T01:57:59.3960891Z [command]/usr/bin/git submodule foreach --recursive sh -c "git config --local --name-only --get-regexp 'core\.sshCommand' && git config --local --unset-all 'core.sshCommand' || :"
2025-04-15T01:57:59.4209773Z [command]/usr/bin/git config --local --name-only --get-regexp http\.https\:\/\/github\.com\/\.extraheader
2025-04-15T01:57:59.4242028Z [command]/usr/bin/git submodule foreach --recursive sh -c "git config --local --name-only --get-regexp 'http\.https\:\/\/github\.com\/\.extraheader' && git config --local --unset-all 'http.https://github.com/.extraheader' || :"
2025-04-15T01:57:59.4477221Z [command]/usr/bin/git config --local http.https://github.com/.extraheader AUTHORIZATION: basic ***
2025-04-15T01:57:59.4517028Z ##[endgroup]
2025-04-15T01:57:59.4520332Z ##[group]Fetching the repository
2025-04-15T01:57:59.4531375Z [command]/usr/bin/git -c protocol.version=2 fetch --prune --no-recurse-submodules origin +refs/heads/*:refs/remotes/origin/* +refs/tags/*:refs/tags/* +074f27ebb675bc9b04eb9c7a0ed8fed4c64d1e75:refs/remotes/pull/18047/merge
2025-04-15T01:58:04.8970062Z From https://github.com/langgenius/dify
2025-04-15T01:58:04.8972039Z  * [new branch]          0.15.1-admin-apis        -> origin/0.15.1-admin-apis
2025-04-15T01:58:04.8973073Z  * [new branch]          1.0.0-fix                -> origin/1.0.0-fix
2025-04-15T01:58:04.8973953Z  * [new branch]          alert-autofix-89         -> origin/alert-autofix-89
2025-04-15T01:58:04.8975455Z  * [new branch]          bai                      -> origin/bai
2025-04-15T01:58:04.8978436Z  * [new branch]          build/add-dependabot     -> origin/build/add-dependabot
2025-04-15T01:58:04.8980657Z  * [new branch]          build/eslint-react-refresh-plugin -> origin/build/eslint-react-refresh-plugin
2025-04-15T01:58:04.8982033Z  * [new branch]          build/switch-to-pnpm     -> origin/build/switch-to-pnpm
2025-04-15T01:58:04.8984457Z  * [new branch]          chore/auto-dify          -> origin/chore/auto-dify
2025-04-15T01:58:04.8987185Z  * [new branch]          chore/enterprise-license-status -> origin/chore/enterprise-license-status
2025-04-15T01:58:04.8989604Z  * [new branch]          chore/infrastructure-upgrade -> origin/chore/infrastructure-upgrade
2025-04-15T01:58:04.8992487Z  * [new branch]          chore/optimize-app-workflow-deletion-slow-sql -> origin/chore/optimize-app-workflow-deletion-slow-sql
2025-04-15T01:58:04.8994144Z  * [new branch]          chore/upgrade-next       -> origin/chore/upgrade-next
2025-04-15T01:58:04.8997987Z  * [new branch]          cohere/cleanup-free-tenants-logs -> origin/cohere/cleanup-free-tenants-logs
2025-04-15T01:58:04.9001259Z  * [new branch]          deploy/dev               -> origin/deploy/dev
2025-04-15T01:58:04.9003945Z  * [new branch]          deploy/enterprise        -> origin/deploy/enterprise
2025-04-15T01:58:04.9007260Z  * [new branch]          dev/plugin-deploy        -> origin/dev/plugin-deploy
2025-04-15T01:58:04.9008947Z  * [new branch]          e-0154                   -> origin/e-0154
2025-04-15T01:58:04.9011208Z  * [new branch]          e-0156                   -> origin/e-0156
2025-04-15T01:58:04.9013626Z  * [new branch]          e-260                    -> origin/e-260
2025-04-15T01:58:04.9018064Z  * [new branch]          feat/14009-feature-request-support-for-retrieving-historical-conversations-without-from-enduser-id -> origin/feat/14009-feature-request-support-for-retrieving-historical-conversations-without-from-enduser-id
2025-04-15T01:58:04.9020211Z  * [new branch]          feat/2p                  -> origin/feat/2p
2025-04-15T01:58:04.9021046Z  * [new branch]          feat/add-flashrank       -> origin/feat/add-flashrank
2025-04-15T01:58:04.9022958Z  * [new branch]          feat/add-resource-from-tools -> origin/feat/add-resource-from-tools
2025-04-15T01:58:04.9024826Z  * [new branch]          feat/agent-stream-output -> origin/feat/agent-stream-output
2025-04-15T01:58:04.9026839Z  * [new branch]          feat/api-page-dark-mode  -> origin/feat/api-page-dark-mode
2025-04-15T01:58:04.9029102Z  * [new branch]          feat/aws-iam-auth-check  -> origin/feat/aws-iam-auth-check
2025-04-15T01:58:04.9031132Z  * [new branch]          feat/change-split-length-method -> origin/feat/change-split-length-method
2025-04-15T01:58:04.9033234Z  * [new branch]          feat/classnames-sort     -> origin/feat/classnames-sort
2025-04-15T01:58:04.9035834Z  * [new branch]          feat/custom-tool-input   -> origin/feat/custom-tool-input
2025-04-15T01:58:04.9037321Z  * [new branch]          feat/e-license-limit     -> origin/feat/e-license-limit
2025-04-15T01:58:04.9041065Z  * [new branch]          feat/e-permission        -> origin/feat/e-permission
2025-04-15T01:58:04.9042923Z  * [new branch]          feat/e-priced-limit      -> origin/feat/e-priced-limit
2025-04-15T01:58:04.9045366Z  * [new branch]          feat/external-knowledge  -> origin/feat/external-knowledge
2025-04-15T01:58:04.9047620Z  * [new branch]          feat/external-knowledge-api -> origin/feat/external-knowledge-api
2025-04-15T01:58:04.9049337Z  * [new branch]          feat/knowledge-dark-mode -> origin/feat/knowledge-dark-mode
2025-04-15T01:58:04.9051545Z  * [new branch]          feat/knowledge-metabase  -> origin/feat/knowledge-metabase
2025-04-15T01:58:04.9054320Z  * [new branch]          feat/llm-struct-output   -> origin/feat/llm-struct-output
2025-04-15T01:58:04.9056185Z  * [new branch]          feat/login-type-coontrol -> origin/feat/login-type-coontrol
2025-04-15T01:58:04.9058483Z  * [new branch]          feat/mecab-japanese-keywords -> origin/feat/mecab-japanese-keywords
2025-04-15T01:58:04.9060702Z  * [new branch]          feat/new-tooltip         -> origin/feat/new-tooltip
2025-04-15T01:58:04.9062878Z  * [new branch]          feat/node-execution-retry -> origin/feat/node-execution-retry
2025-04-15T01:58:04.9065392Z  * [new branch]          feat/parent-child-retrieval-api -> origin/feat/parent-child-retrieval-api
2025-04-15T01:58:04.9067164Z  * [new branch]          feat/r2                  -> origin/feat/r2
2025-04-15T01:58:04.9069923Z  * [new branch]          feat/rag-external-knowledge-with-api -> origin/feat/rag-external-knowledge-with-api
2025-04-15T01:58:04.9071796Z  * [new branch]          feat/retry-single-step-debug -> origin/feat/retry-single-step-debug
2025-04-15T01:58:04.9074079Z  * [new branch]          feat/structured-output   -> origin/feat/structured-output
2025-04-15T01:58:04.9076068Z  * [new branch]          feat/support-docx-image-view -> origin/feat/support-docx-image-view
2025-04-15T01:58:04.9078425Z  * [new branch]          feat/support-extractor-tools -> origin/feat/support-extractor-tools
2025-04-15T01:58:04.9080526Z  * [new branch]          feat/support-extractor-tools-update -> origin/feat/support-extractor-tools-update
2025-04-15T01:58:04.9083144Z  * [new branch]          feat/support-extractor-tools-update-wip -> origin/feat/support-extractor-tools-update-wip
2025-04-15T01:58:04.9085710Z  * [new branch]          feat/support-hybrid-storage-for-workflow-node-execution -> origin/feat/support-hybrid-storage-for-workflow-node-execution
2025-04-15T01:58:04.9087590Z  * [new branch]          feat/support-image-generate-for-gemini -> origin/feat/support-image-generate-for-gemini
2025-04-15T01:58:04.9089614Z  * [new branch]          feat/support-milvus-2.4  -> origin/feat/support-milvus-2.4
2025-04-15T01:58:04.9092202Z  * [new branch]          feat/support-multi-token-count -> origin/feat/support-multi-token-count
2025-04-15T01:58:04.9094252Z  * [new branch]          feat/update-beat-job-time-to-env -> origin/feat/update-beat-job-time-to-env
2025-04-15T01:58:04.9096544Z  * [new branch]          feat/update-docs         -> origin/feat/update-docs
2025-04-15T01:58:04.9098982Z  * [new branch]          feat/update-tidb-batchget-endpoint -> origin/feat/update-tidb-batchget-endpoint
2025-04-15T01:58:04.9100983Z  * [new branch]          feat/upgrade-unstructured-version -> origin/feat/upgrade-unstructured-version
2025-04-15T01:58:04.9103408Z  * [new branch]          feat/upgrade-unstructured-version-10.2 -> origin/feat/upgrade-unstructured-version-10.2
2025-04-15T01:58:04.9105291Z  * [new branch]          feat/web-app-sso         -> origin/feat/web-app-sso
2025-04-15T01:58:04.9107877Z  * [new branch]          feat/workflow-add-block-shortcut -> origin/feat/workflow-add-block-shortcut
2025-04-15T01:58:04.9109863Z  * [new branch]          feat/workflow-node-dark-mode -> origin/feat/workflow-node-dark-mode
2025-04-15T01:58:04.9113135Z  * [new branch]          fix/11839                -> origin/fix/11839
2025-04-15T01:58:04.9115908Z  * [new branch]          fix/9772-internal-server-error-when-custom-disclaimer-longer-than-64-characters -> origin/fix/9772-internal-server-error-when-custom-disclaimer-longer-than-64-characters
2025-04-15T01:58:04.9117832Z  * [new branch]          fix/agent-parallel       -> origin/fix/agent-parallel
2025-04-15T01:58:04.9118972Z  * [new branch]          fix/agent-params-pasring -> origin/fix/agent-params-pasring
2025-04-15T01:58:04.9121085Z  * [new branch]          fix/app-icon-is-missing  -> origin/fix/app-icon-is-missing
2025-04-15T01:58:04.9123081Z  * [new branch]          fix/aws-s3-r2-compatible -> origin/fix/aws-s3-r2-compatible
2025-04-15T01:58:04.9125294Z  * [new branch]          fix/build-error          -> origin/fix/build-error
2025-04-15T01:58:04.9127324Z  * [new branch]          fix/chore-fix            -> origin/fix/chore-fix
2025-04-15T01:58:04.9129437Z  * [new branch]          fix/dataset-admin        -> origin/fix/dataset-admin
2025-04-15T01:58:04.9131595Z  * [new branch]          fix/db-lock-timeout      -> origin/fix/db-lock-timeout
2025-04-15T01:58:04.9134136Z  * [new branch]          fix/docx-extract-image-ssrf -> origin/fix/docx-extract-image-ssrf
2025-04-15T01:58:04.9135982Z  * [new branch]          fix/expose-debugging-port -> origin/fix/expose-debugging-port
2025-04-15T01:58:04.9138560Z  * [new branch]          fix/external-knowledge-retrieval-issues -> origin/fix/external-knowledge-retrieval-issues
2025-04-15T01:58:04.9140437Z  * [new branch]          fix/extra-table-tracing-app-config -> origin/fix/extra-table-tracing-app-config
2025-04-15T01:58:04.9142413Z  * [new branch]          fix/fail-branch-stream   -> origin/fix/fail-branch-stream
2025-04-15T01:58:04.9144849Z  * [new branch]          fix/fail-branch-stream-output-error -> origin/fix/fail-branch-stream-output-error
2025-04-15T01:58:04.9146622Z  * [new branch]          fix/handle-agent-none-value -> origin/fix/handle-agent-none-value
2025-04-15T01:58:04.9148926Z  * [new branch]          fix/index-estimate-error -> origin/fix/index-estimate-error
2025-04-15T01:58:04.9150927Z  * [new branch]          fix/iteration-thread-pool-error -> origin/fix/iteration-thread-pool-error
2025-04-15T01:58:04.9153243Z  * [new branch]          fix/model-runtime-quato-issue -> origin/fix/model-runtime-quato-issue
2025-04-15T01:58:04.9155235Z  * [new branch]          fix/not-show-strategy-type -> origin/fix/not-show-strategy-type
2025-04-15T01:58:04.9157454Z  * [new branch]          fix/note-node-zoom-issue -> origin/fix/note-node-zoom-issue
2025-04-15T01:58:04.9159385Z  * [new branch]          fix/notion-table-extract -> origin/fix/notion-table-extract
2025-04-15T01:58:04.9161950Z  * [new branch]          fix/rag-infinity-spaces-loop -> origin/fix/rag-infinity-spaces-loop
2025-04-15T01:58:04.9163926Z  * [new branch]          fix/redis-slow-in-gevent -> origin/fix/redis-slow-in-gevent
2025-04-15T01:58:04.9166310Z  * [new branch]          fix/remove-the-retry-index-field -> origin/fix/remove-the-retry-index-field
2025-04-15T01:58:04.9168123Z  * [new branch]          fix/remove-tsne_position -> origin/fix/remove-tsne_position
2025-04-15T01:58:04.9170390Z  * [new branch]          fix/retrieval-test       -> origin/fix/retrieval-test
2025-04-15T01:58:04.9173196Z  * [new branch]          fix/run-button-disappeared-when-no-inputs-form -> origin/fix/run-button-disappeared-when-no-inputs-form
2025-04-15T01:58:04.9174809Z  * [new branch]          fix/slider-style-error   -> origin/fix/slider-style-error
2025-04-15T01:58:04.9177228Z  * [new branch]          fix/switch-strategy-clean-param -> origin/fix/switch-strategy-clean-param
2025-04-15T01:58:04.9178933Z  * [new branch]          fix/tool-info            -> origin/fix/tool-info
2025-04-15T01:58:04.9181405Z  * [new branch]          fix/tooltip              -> origin/fix/tooltip
2025-04-15T01:58:04.9183817Z  * [new branch]          fix/trace_app_config_app_id_idx -> origin/fix/trace_app_config_app_id_idx
2025-04-15T01:58:04.9185683Z  * [new branch]          fix/version-check        -> origin/fix/version-check
2025-04-15T01:58:04.9188183Z  * [new branch]          fix/workflow-version-deleting-issue -> origin/fix/workflow-version-deleting-issue
2025-04-15T01:58:04.9191472Z  * [new branch]          hotfix/get-property-of-string-type-cause-page-crash -> origin/hotfix/get-property-of-string-type-cause-page-crash
2025-04-15T01:58:04.9193175Z  * [new branch]          hotfix/translation-fix   -> origin/hotfix/translation-fix
2025-04-15T01:58:04.9195577Z  * [new branch]          main                     -> origin/main
2025-04-15T01:58:04.9197666Z  * [new branch]          opik-monitoring          -> origin/opik-monitoring
2025-04-15T01:58:04.9199640Z  * [new branch]          provider-gpustack        -> origin/provider-gpustack
2025-04-15T01:58:04.9202768Z  * [new branch]          release/0.15-support     -> origin/release/0.15-support
2025-04-15T01:58:04.9204967Z  * [new branch]          release/0.15.2-fix1      -> origin/release/0.15.2-fix1
2025-04-15T01:58:04.9206931Z  * [new branch]          release/0.15.3-fix1      -> origin/release/0.15.3-fix1
2025-04-15T01:58:04.9209457Z  * [new branch]          release/0.15.6-alpha-1   -> origin/release/0.15.6-alpha-1
2025-04-15T01:58:04.9211263Z  * [new branch]          release/1.0.0-fix1       -> origin/release/1.0.0-fix1
2025-04-15T01:58:04.9214000Z  * [new branch]          release/1.0.1-fix1       -> origin/release/1.0.1-fix1
2025-04-15T01:58:04.9215752Z  * [new branch]          release/1.1.3-fix1       -> origin/release/1.1.3-fix1
2025-04-15T01:58:04.9219218Z  * [new branch]          revert-12086-feat/parent-child-retrieval -> origin/revert-12086-feat/parent-child-retrieval
2025-04-15T01:58:04.9222381Z  * [new branch]          revert-17133-fix/i16990-text-to-language-settings -> origin/revert-17133-fix/i16990-text-to-language-settings
2025-04-15T01:58:04.9225485Z  * [new branch]          revert-9424-feat/update-dataset-clean-rule -> origin/revert-9424-feat/update-dataset-clean-rule
2025-04-15T01:58:04.9228287Z  * [new branch]          test/disable_site        -> origin/test/disable_site
2025-04-15T01:58:04.9229385Z  * [new tag]             0.10.0                   -> 0.10.0
2025-04-15T01:58:04.9230656Z  * [new tag]             0.10.0-beta1             -> 0.10.0-beta1
2025-04-15T01:58:04.9232107Z  * [new tag]             0.10.0-beta2             -> 0.10.0-beta2
2025-04-15T01:58:04.9233381Z  * [new tag]             0.10.0-beta3             -> 0.10.0-beta3
2025-04-15T01:58:04.9234744Z  * [new tag]             0.10.1                   -> 0.10.1
2025-04-15T01:58:04.9236098Z  * [new tag]             0.10.2                   -> 0.10.2
2025-04-15T01:58:04.9237573Z  * [new tag]             0.10.2-fix1              -> 0.10.2-fix1
2025-04-15T01:58:04.9238852Z  * [new tag]             0.11.0                   -> 0.11.0
2025-04-15T01:58:04.9240169Z  * [new tag]             0.11.1                   -> 0.11.1
2025-04-15T01:58:04.9241557Z  * [new tag]             0.11.2                   -> 0.11.2
2025-04-15T01:58:04.9243104Z  * [new tag]             0.12.0                   -> 0.12.0
2025-04-15T01:58:04.9244496Z  * [new tag]             0.12.1                   -> 0.12.1
2025-04-15T01:58:04.9245836Z  * [new tag]             0.13.0                   -> 0.13.0
2025-04-15T01:58:04.9247205Z  * [new tag]             0.13.1                   -> 0.13.1
2025-04-15T01:58:04.9248666Z  * [new tag]             0.13.2                   -> 0.13.2
2025-04-15T01:58:04.9249922Z  * [new tag]             0.14.0                   -> 0.14.0
2025-04-15T01:58:04.9251261Z  * [new tag]             0.14.1                   -> 0.14.1
2025-04-15T01:58:04.9252708Z  * [new tag]             0.14.2                   -> 0.14.2
2025-04-15T01:58:04.9254163Z  * [new tag]             0.15.0                   -> 0.15.0
2025-04-15T01:58:04.9255479Z  * [new tag]             0.15.1                   -> 0.15.1
2025-04-15T01:58:04.9256876Z  * [new tag]             0.15.2                   -> 0.15.2
2025-04-15T01:58:04.9258246Z  * [new tag]             0.15.3                   -> 0.15.3
2025-04-15T01:58:04.9259675Z  * [new tag]             0.15.4                   -> 0.15.4
2025-04-15T01:58:04.9261081Z  * [new tag]             0.15.5                   -> 0.15.5
2025-04-15T01:58:04.9262732Z  * [new tag]             0.15.6-alpha.1           -> 0.15.6-alpha.1
2025-04-15T01:58:04.9263872Z  * [new tag]             0.2.1                    -> 0.2.1
2025-04-15T01:58:04.9265277Z  * [new tag]             0.2.2                    -> 0.2.2
2025-04-15T01:58:04.9266703Z  * [new tag]             0.3.0                    -> 0.3.0
2025-04-15T01:58:04.9267856Z  * [new tag]             0.3.1                    -> 0.3.1
2025-04-15T01:58:04.9269323Z  * [new tag]             0.3.10                   -> 0.3.10
2025-04-15T01:58:04.9270612Z  * [new tag]             0.3.11                   -> 0.3.11
2025-04-15T01:58:04.9272241Z  * [new tag]             0.3.12                   -> 0.3.12
2025-04-15T01:58:04.9273564Z  * [new tag]             0.3.13                   -> 0.3.13
2025-04-15T01:58:04.9274999Z  * [new tag]             0.3.14                   -> 0.3.14
2025-04-15T01:58:04.9276433Z  * [new tag]             0.3.15                   -> 0.3.15
2025-04-15T01:58:04.9277677Z  * [new tag]             0.3.16                   -> 0.3.16
2025-04-15T01:58:04.9279112Z  * [new tag]             0.3.17                   -> 0.3.17
2025-04-15T01:58:04.9280395Z  * [new tag]             0.3.18                   -> 0.3.18
2025-04-15T01:58:04.9282005Z  * [new tag]             0.3.19                   -> 0.3.19
2025-04-15T01:58:04.9283595Z  * [new tag]             0.3.2                    -> 0.3.2
2025-04-15T01:58:04.9284915Z  * [new tag]             0.3.20                   -> 0.3.20
2025-04-15T01:58:04.9286232Z  * [new tag]             0.3.21                   -> 0.3.21
2025-04-15T01:58:04.9287655Z  * [new tag]             0.3.22                   -> 0.3.22
2025-04-15T01:58:04.9288909Z  * [new tag]             0.3.23                   -> 0.3.23
2025-04-15T01:58:04.9290258Z  * [new tag]             0.3.24                   -> 0.3.24
2025-04-15T01:58:04.9291827Z  * [new tag]             0.3.25                   -> 0.3.25
2025-04-15T01:58:04.9293197Z  * [new tag]             0.3.26                   -> 0.3.26
2025-04-15T01:58:04.9294568Z  * [new tag]             0.3.27                   -> 0.3.27
2025-04-15T01:58:04.9295943Z  * [new tag]             0.3.28                   -> 0.3.28
2025-04-15T01:58:04.9297258Z  * [new tag]             0.3.29                   -> 0.3.29
2025-04-15T01:58:04.9298675Z  * [new tag]             0.3.3                    -> 0.3.3
2025-04-15T01:58:04.9299985Z  * [new tag]             0.3.30                   -> 0.3.30
2025-04-15T01:58:04.9301445Z  * [new tag]             0.3.31                   -> 0.3.31
2025-04-15T01:58:04.9303109Z  * [new tag]             0.3.31-fix1              -> 0.3.31-fix1
2025-04-15T01:58:04.9304316Z  * [new tag]             0.3.31-fix2              -> 0.3.31-fix2
2025-04-15T01:58:04.9305630Z  * [new tag]             0.3.31-fix3              -> 0.3.31-fix3
2025-04-15T01:58:04.9306978Z  * [new tag]             0.3.32                   -> 0.3.32
2025-04-15T01:58:04.9308481Z  * [new tag]             0.3.33                   -> 0.3.33
2025-04-15T01:58:04.9309977Z  * [new tag]             0.3.34                   -> 0.3.34
2025-04-15T01:58:04.9311327Z  * [new tag]             0.3.4                    -> 0.3.4
2025-04-15T01:58:04.9312862Z  * [new tag]             0.3.5                    -> 0.3.5
2025-04-15T01:58:04.9314392Z  * [new tag]             0.3.6                    -> 0.3.6
2025-04-15T01:58:04.9315717Z  * [new tag]             0.3.7                    -> 0.3.7
2025-04-15T01:58:04.9317114Z  * [new tag]             0.3.8                    -> 0.3.8
2025-04-15T01:58:04.9318424Z  * [new tag]             0.3.9                    -> 0.3.9
2025-04-15T01:58:04.9319855Z  * [new tag]             0.4.0                    -> 0.4.0
2025-04-15T01:58:04.9321214Z  * [new tag]             0.4.1                    -> 0.4.1
2025-04-15T01:58:04.9322798Z  * [new tag]             0.4.2                    -> 0.4.2
2025-04-15T01:58:04.9324199Z  * [new tag]             0.4.3                    -> 0.4.3
2025-04-15T01:58:04.9325654Z  * [new tag]             0.4.4                    -> 0.4.4
2025-04-15T01:58:04.9327013Z  * [new tag]             0.4.5                    -> 0.4.5
2025-04-15T01:58:04.9328400Z  * [new tag]             0.4.6                    -> 0.4.6
2025-04-15T01:58:04.9329686Z  * [new tag]             0.4.7                    -> 0.4.7
2025-04-15T01:58:04.9331274Z  * [new tag]             0.4.8                    -> 0.4.8
2025-04-15T01:58:04.9332515Z  * [new tag]             0.4.9                    -> 0.4.9
2025-04-15T01:58:04.9334357Z  * [new tag]             0.5.0                    -> 0.5.0
2025-04-15T01:58:04.9335754Z  * [new tag]             0.5.1                    -> 0.5.1
2025-04-15T01:58:04.9337233Z  * [new tag]             0.5.10                   -> 0.5.10
2025-04-15T01:58:04.9338819Z  * [new tag]             0.5.11                   -> 0.5.11
2025-04-15T01:58:04.9340304Z  * [new tag]             0.5.11-fix1              -> 0.5.11-fix1
2025-04-15T01:58:04.9341879Z  * [new tag]             0.5.2                    -> 0.5.2
2025-04-15T01:58:04.9343502Z  * [new tag]             0.5.3                    -> 0.5.3
2025-04-15T01:58:04.9344928Z  * [new tag]             0.5.4                    -> 0.5.4
2025-04-15T01:58:04.9346417Z  * [new tag]             0.5.5                    -> 0.5.5
2025-04-15T01:58:04.9347837Z  * [new tag]             0.5.6                    -> 0.5.6
2025-04-15T01:58:04.9349340Z  * [new tag]             0.5.7                    -> 0.5.7
2025-04-15T01:58:04.9350813Z  * [new tag]             0.5.8                    -> 0.5.8
2025-04-15T01:58:04.9352444Z  * [new tag]             0.5.9                    -> 0.5.9
2025-04-15T01:58:04.9353935Z  * [new tag]             0.6.0                    -> 0.6.0
2025-04-15T01:58:04.9355461Z  * [new tag]             0.6.0-fix1               -> 0.6.0-fix1
2025-04-15T01:58:04.9356973Z  * [new tag]             0.6.0-preview-workflow.1 -> 0.6.0-preview-workflow.1
2025-04-15T01:58:04.9358381Z  * [new tag]             0.6.0-preview-workflow.2 -> 0.6.0-preview-workflow.2
2025-04-15T01:58:04.9359804Z  * [new tag]             0.6.1                    -> 0.6.1
2025-04-15T01:58:04.9361322Z  * [new tag]             0.6.10                   -> 0.6.10
2025-04-15T01:58:04.9363060Z  * [new tag]             0.6.11                   -> 0.6.11
2025-04-15T01:58:04.9364666Z  * [new tag]             0.6.12                   -> 0.6.12
2025-04-15T01:58:04.9366210Z  * [new tag]             0.6.12-fix1              -> 0.6.12-fix1
2025-04-15T01:58:04.9367596Z  * [new tag]             0.6.13                   -> 0.6.13
2025-04-15T01:58:04.9369033Z  * [new tag]             0.6.14                   -> 0.6.14
2025-04-15T01:58:04.9370680Z  * [new tag]             0.6.15                   -> 0.6.15
2025-04-15T01:58:04.9372255Z  * [new tag]             0.6.16                   -> 0.6.16
2025-04-15T01:58:04.9373720Z  * [new tag]             0.6.2                    -> 0.6.2
2025-04-15T01:58:04.9375242Z  * [new tag]             0.6.3                    -> 0.6.3
2025-04-15T01:58:04.9376714Z  * [new tag]             0.6.4                    -> 0.6.4
2025-04-15T01:58:04.9378244Z  * [new tag]             0.6.5                    -> 0.6.5
2025-04-15T01:58:04.9379742Z  * [new tag]             0.6.6                    -> 0.6.6
2025-04-15T01:58:04.9381268Z  * [new tag]             0.6.7                    -> 0.6.7
2025-04-15T01:58:04.9382982Z  * [new tag]             0.6.8                    -> 0.6.8
2025-04-15T01:58:04.9384430Z  * [new tag]             0.6.9                    -> 0.6.9
2025-04-15T01:58:04.9386174Z  * [new tag]             0.7.0                    -> 0.7.0
2025-04-15T01:58:04.9387779Z  * [new tag]             0.7.1                    -> 0.7.1
2025-04-15T01:58:04.9389027Z  * [new tag]             0.7.2                    -> 0.7.2
2025-04-15T01:58:04.9390599Z  * [new tag]             0.7.3                    -> 0.7.3
2025-04-15T01:58:04.9392266Z  * [new tag]             0.8.0                    -> 0.8.0
2025-04-15T01:58:04.9393870Z  * [new tag]             0.8.0-beta1              -> 0.8.0-beta1
2025-04-15T01:58:04.9395305Z  * [new tag]             0.8.1                    -> 0.8.1
2025-04-15T01:58:04.9396761Z  * [new tag]             0.8.2                    -> 0.8.2
2025-04-15T01:58:04.9398283Z  * [new tag]             0.8.3                    -> 0.8.3
2025-04-15T01:58:04.9399746Z  * [new tag]             0.9.0                    -> 0.9.0
2025-04-15T01:58:04.9401428Z  * [new tag]             0.9.1                    -> 0.9.1
2025-04-15T01:58:04.9402652Z  * [new tag]             0.9.1-fix1               -> 0.9.1-fix1
2025-04-15T01:58:04.9404237Z  * [new tag]             0.9.2                    -> 0.9.2
2025-04-15T01:58:04.9405802Z  * [new tag]             1.0.0                    -> 1.0.0
2025-04-15T01:58:04.9407295Z  * [new tag]             1.0.0-beta.1             -> 1.0.0-beta.1
2025-04-15T01:58:04.9408824Z  * [new tag]             1.0.1                    -> 1.0.1
2025-04-15T01:58:04.9410414Z  * [new tag]             1.1.0                    -> 1.1.0
2025-04-15T01:58:04.9412069Z  * [new tag]             1.1.1                    -> 1.1.1
2025-04-15T01:58:04.9413548Z  * [new tag]             1.1.2                    -> 1.1.2
2025-04-15T01:58:04.9415585Z  * [new tag]             1.1.3                    -> 1.1.3
2025-04-15T01:58:04.9417013Z  * [new tag]             1.2.0                    -> 1.2.0
2025-04-15T01:58:04.9418448Z  * [new tag]             v0.8.3-fix1              -> v0.8.3-fix1
2025-04-15T01:58:04.9422374Z  * [new ref]             074f27ebb675bc9b04eb9c7a0ed8fed4c64d1e75 -> pull/18047/merge
2025-04-15T01:58:04.9485076Z ##[endgroup]
2025-04-15T01:58:04.9485620Z ##[group]Determining the checkout info
2025-04-15T01:58:04.9486374Z ##[endgroup]
2025-04-15T01:58:04.9491301Z [command]/usr/bin/git sparse-checkout disable
2025-04-15T01:58:04.9528755Z [command]/usr/bin/git config --local --unset-all extensions.worktreeConfig
2025-04-15T01:58:04.9555870Z ##[group]Checking out the ref
2025-04-15T01:58:04.9559403Z [command]/usr/bin/git checkout --progress --force refs/remotes/pull/18047/merge
2025-04-15T01:58:05.3525708Z Note: switching to 'refs/remotes/pull/18047/merge'.
2025-04-15T01:58:05.3526374Z 
2025-04-15T01:58:05.3526711Z You are in 'detached HEAD' state. You can look around, make experimental
2025-04-15T01:58:05.3527450Z changes and commit them, and you can discard any commits you make in this
2025-04-15T01:58:05.3528187Z state without impacting any branches by switching back to a branch.
2025-04-15T01:58:05.3528623Z 
2025-04-15T01:58:05.3528886Z If you want to create a new branch to retain commits you create, you may
2025-04-15T01:58:05.3529548Z do so (now or later) by using -c with the switch command. Example:
2025-04-15T01:58:05.3529946Z 
2025-04-15T01:58:05.3530104Z   git switch -c <new-branch-name>
2025-04-15T01:58:05.3530374Z 
2025-04-15T01:58:05.3530537Z Or undo this operation with:
2025-04-15T01:58:05.3530787Z 
2025-04-15T01:58:05.3530918Z   git switch -
2025-04-15T01:58:05.3531099Z 
2025-04-15T01:58:05.3531444Z Turn off this advice by setting config variable advice.detachedHead to false
2025-04-15T01:58:05.3532175Z 
2025-04-15T01:58:05.3532748Z HEAD is now at 074f27ebb Merge ca3ac3d651e59a36450b7e5800ffa576709249a5 into be6a88cb7794494186bc024c6a9f9c6e9e57f3b9
2025-04-15T01:58:05.3549238Z ##[endgroup]
2025-04-15T01:58:05.3588010Z [command]/usr/bin/git log -1 --format=%H
2025-04-15T01:58:05.3611254Z 074f27ebb675bc9b04eb9c7a0ed8fed4c64d1e75
2025-04-15T01:58:05.3621255Z ##[group]Removing auth
2025-04-15T01:58:05.3625429Z [command]/usr/bin/git config --local --name-only --get-regexp core\.sshCommand
2025-04-15T01:58:05.3655251Z [command]/usr/bin/git submodule foreach --recursive sh -c "git config --local --name-only --get-regexp 'core\.sshCommand' && git config --local --unset-all 'core.sshCommand' || :"
2025-04-15T01:58:05.3885044Z [command]/usr/bin/git config --local --name-only --get-regexp http\.https\:\/\/github\.com\/\.extraheader
2025-04-15T01:58:05.3905437Z http.https://github.com/.extraheader
2025-04-15T01:58:05.3914544Z [command]/usr/bin/git config --local --unset-all http.https://github.com/.extraheader
2025-04-15T01:58:05.3944663Z [command]/usr/bin/git submodule foreach --recursive sh -c "git config --local --name-only --get-regexp 'http\.https\:\/\/github\.com\/\.extraheader' && git config --local --unset-all 'http.https://github.com/.extraheader' || :"
2025-04-15T01:58:05.4167170Z ##[endgroup]
2025-04-15T01:58:05.4461034Z ##[group]Run tj-actions/changed-files@v45
2025-04-15T01:58:05.4461319Z with:
2025-04-15T01:58:05.4461522Z   files: api/**
.github/workflows/style.yml

2025-04-15T01:58:05.4461926Z   separator:  
2025-04-15T01:58:05.4462133Z   include_all_old_new_renamed_files: false
2025-04-15T01:58:05.4462393Z   old_new_separator: ,
2025-04-15T01:58:05.4462598Z   old_new_files_separator:  
2025-04-15T01:58:05.4462826Z   files_from_source_file_separator: 

2025-04-15T01:58:05.4463067Z   files_separator: 

2025-04-15T01:58:05.4463280Z   files_yaml_from_source_file_separator: 

2025-04-15T01:58:05.4463568Z   files_ignore_yaml_from_source_file_separator: 

2025-04-15T01:58:05.4463838Z   files_ignore_separator: 

2025-04-15T01:58:05.4464082Z   files_ignore_from_source_file_separator: 

2025-04-15T01:58:05.4464323Z   path: .
2025-04-15T01:58:05.4464486Z   quotepath: true
2025-04-15T01:58:05.4464667Z   diff_relative: true
2025-04-15T01:58:05.4464854Z   dir_names: false
2025-04-15T01:58:05.4465080Z   dir_names_exclude_current_dir: false
2025-04-15T01:58:05.4465334Z   dir_names_include_files_separator: 

2025-04-15T01:58:05.4465622Z   dir_names_deleted_files_include_only_deleted_dirs: false
2025-04-15T01:58:05.4465905Z   json: false
2025-04-15T01:58:05.4466076Z   escape_json: true
2025-04-15T01:58:05.4466259Z   safe_output: true
2025-04-15T01:58:05.4466433Z   fetch_depth: 25
2025-04-15T01:58:05.4466612Z   skip_initial_fetch: false
2025-04-15T01:58:05.4466842Z   fetch_additional_submodule_history: false
2025-04-15T01:58:05.4467106Z   since_last_remote_commit: false
2025-04-15T01:58:05.4467346Z   write_output_files: false
2025-04-15T01:58:05.4467559Z   output_dir: .github/outputs
2025-04-15T01:58:05.4467802Z   output_renamed_files_as_deleted_and_added: false
2025-04-15T01:58:05.4468252Z   recover_deleted_files: false
2025-04-15T01:58:05.4468474Z   recover_files_separator: 

2025-04-15T01:58:05.4468699Z   recover_files_ignore_separator: 

2025-04-15T01:58:05.4469060Z   token: ***
2025-04-15T01:58:05.4469265Z   api_url: https://api.github.com
2025-04-15T01:58:05.4469497Z   use_rest_api: false
2025-04-15T01:58:05.4469704Z   fail_on_initial_diff_error: false
2025-04-15T01:58:05.4469947Z   fail_on_submodule_diff_error: false
2025-04-15T01:58:05.4470192Z   negation_patterns_first: false
2025-04-15T01:58:05.4470409Z   matrix: false
2025-04-15T01:58:05.4470586Z   exclude_submodules: false
2025-04-15T01:58:05.4470804Z   fetch_missing_history_max_retries: 20
2025-04-15T01:58:05.4471048Z   use_posix_path_separator: false
2025-04-15T01:58:05.4471265Z   tags_pattern: *
2025-04-15T01:58:05.4471446Z ##[endgroup]
2025-04-15T01:58:05.5643230Z ##[group]changed-files
2025-04-15T01:58:05.5781824Z Using local .git directory
2025-04-15T01:58:05.6230114Z Running on a pull_request (opened) event...
2025-04-15T01:58:05.6234261Z Repository is shallow, fetching more history...
2025-04-15T01:58:05.6234839Z Completed fetching more history.
2025-04-15T01:58:05.6548060Z Retrieving changes between be6a88cb7794494186bc024c6a9f9c6e9e57f3b9 (main) → ca3ac3d651e59a36450b7e5800ffa576709249a5 (fix/17949-basic-auth-encoding)
2025-04-15T01:58:05.6599352Z All Done!
2025-04-15T01:58:05.6600126Z ##[endgroup]
2025-04-15T01:58:05.6602218Z ##[group]changed-files-patterns
2025-04-15T01:58:05.6682936Z All Done!
2025-04-15T01:58:05.6683446Z ##[endgroup]
2025-04-15T01:58:05.6921305Z Prepare all required actions
2025-04-15T01:58:05.6922025Z Getting action download info
2025-04-15T01:58:05.8565673Z ##[group]Download immutable action package 'actions/setup-python@v5'
2025-04-15T01:58:05.8566080Z Version: 5.5.0
2025-04-15T01:58:05.8566438Z Digest: sha256:1fac95d751afd58314aebd2ab01d4bf3b3109a441917bd2cac2a22898ec494f7
2025-04-15T01:58:05.8566937Z Source commit SHA: 8d9ed9ac5c53483de85588cdf95a591a75ab9f55
2025-04-15T01:58:05.8567284Z ##[endgroup]
2025-04-15T01:58:06.1399022Z ##[group]Run ./.github/actions/setup-poetry
2025-04-15T01:58:06.1399294Z with:
2025-04-15T01:58:06.1399481Z   python-version: 3.11
2025-04-15T01:58:06.1399689Z   poetry-version: 2.0.1
2025-04-15T01:58:06.1399887Z ##[endgroup]
2025-04-15T01:58:06.1505264Z ##[group]Run actions/setup-python@v5
2025-04-15T01:58:06.1505516Z with:
2025-04-15T01:58:06.1505693Z   python-version: 3.11
2025-04-15T01:58:06.1505890Z   cache: pip
2025-04-15T01:58:06.1506068Z   check-latest: false
2025-04-15T01:58:06.1506398Z   token: ***
2025-04-15T01:58:06.1506588Z   update-environment: true
2025-04-15T01:58:06.1506805Z   allow-prereleases: false
2025-04-15T01:58:06.1507016Z   freethreaded: false
2025-04-15T01:58:06.1507208Z ##[endgroup]
2025-04-15T01:58:06.3176504Z ##[group]Installed versions
2025-04-15T01:58:06.3237050Z Successfully set up CPython (3.11.11)
2025-04-15T01:58:06.3237704Z ##[endgroup]
2025-04-15T01:58:07.5320796Z [command]/opt/hostedtoolcache/Python/3.11.11/x64/bin/pip cache dir
2025-04-15T01:58:07.8092211Z /home/runner/.cache/pip
2025-04-15T01:58:08.0977732Z pip cache is not found
2025-04-15T01:58:08.1157374Z ##[group]Run pip install poetry==2.0.1
2025-04-15T01:58:08.1157737Z [36;1mpip install poetry==2.0.1[0m
2025-04-15T01:58:08.1212347Z shell: /usr/bin/bash --noprofile --norc -e -o pipefail {0}
2025-04-15T01:58:08.1212678Z env:
2025-04-15T01:58:08.1212927Z   pythonLocation: /opt/hostedtoolcache/Python/3.11.11/x64
2025-04-15T01:58:08.1213345Z   PKG_CONFIG_PATH: /opt/hostedtoolcache/Python/3.11.11/x64/lib/pkgconfig
2025-04-15T01:58:08.1213727Z   Python_ROOT_DIR: /opt/hostedtoolcache/Python/3.11.11/x64
2025-04-15T01:58:08.1214079Z   Python2_ROOT_DIR: /opt/hostedtoolcache/Python/3.11.11/x64
2025-04-15T01:58:08.1214431Z   Python3_ROOT_DIR: /opt/hostedtoolcache/Python/3.11.11/x64
2025-04-15T01:58:08.1214780Z   LD_LIBRARY_PATH: /opt/hostedtoolcache/Python/3.11.11/x64/lib
2025-04-15T01:58:08.1215084Z ##[endgroup]
2025-04-15T01:58:08.7525665Z Collecting poetry==2.0.1
2025-04-15T01:58:08.7852830Z   Downloading poetry-2.0.1-py3-none-any.whl.metadata (7.0 kB)
2025-04-15T01:58:08.8080193Z Collecting build<2.0.0,>=1.2.1 (from poetry==2.0.1)
2025-04-15T01:58:08.8110445Z   Downloading build-1.2.2.post1-py3-none-any.whl.metadata (6.5 kB)
2025-04-15T01:58:08.8321875Z Collecting cachecontrol<0.15.0,>=0.14.0 (from cachecontrol[filecache]<0.15.0,>=0.14.0->poetry==2.0.1)
2025-04-15T01:58:08.8350793Z   Downloading cachecontrol-0.14.2-py3-none-any.whl.metadata (3.1 kB)
2025-04-15T01:58:08.8532571Z Collecting cleo<3.0.0,>=2.1.0 (from poetry==2.0.1)
2025-04-15T01:58:08.8572115Z   Downloading cleo-2.1.0-py3-none-any.whl.metadata (12 kB)
2025-04-15T01:58:08.9478878Z Collecting dulwich<0.23.0,>=0.22.6 (from poetry==2.0.1)
2025-04-15T01:58:08.9509882Z   Downloading dulwich-0.22.8-cp311-cp311-manylinux_2_17_x86_64.manylinux2014_x86_64.whl.metadata (4.9 kB)
2025-04-15T01:58:08.9675400Z Collecting fastjsonschema<3.0.0,>=2.18.0 (from poetry==2.0.1)
2025-04-15T01:58:08.9704930Z   Downloading fastjsonschema-2.21.1-py3-none-any.whl.metadata (2.2 kB)
2025-04-15T01:58:08.9838835Z Collecting installer<0.8.0,>=0.7.0 (from poetry==2.0.1)
2025-04-15T01:58:08.9866520Z   Downloading installer-0.7.0-py3-none-any.whl.metadata (936 bytes)
2025-04-15T01:58:09.0200539Z Collecting keyring<26.0.0,>=25.1.0 (from poetry==2.0.1)
2025-04-15T01:58:09.0235905Z   Downloading keyring-25.6.0-py3-none-any.whl.metadata (20 kB)
2025-04-15T01:58:09.0422471Z Collecting packaging>=24.0 (from poetry==2.0.1)
2025-04-15T01:58:09.0453680Z   Downloading packaging-24.2-py3-none-any.whl.metadata (3.2 kB)
2025-04-15T01:58:09.0614471Z Collecting pkginfo<2.0,>=1.12 (from poetry==2.0.1)
2025-04-15T01:58:09.0644857Z   Downloading pkginfo-1.12.1.2-py3-none-any.whl.metadata (13 kB)
2025-04-15T01:58:09.0905695Z Collecting platformdirs<5,>=3.0.0 (from poetry==2.0.1)
2025-04-15T01:58:09.0938553Z   Downloading platformdirs-4.3.7-py3-none-any.whl.metadata (11 kB)
2025-04-15T01:58:09.1141326Z Collecting poetry-core==2.0.1 (from poetry==2.0.1)
2025-04-15T01:58:09.1174470Z   Downloading poetry_core-2.0.1-py3-none-any.whl.metadata (3.5 kB)
2025-04-15T01:58:09.1296424Z Collecting pyproject-hooks<2.0.0,>=1.0.0 (from poetry==2.0.1)
2025-04-15T01:58:09.1324616Z   Downloading pyproject_hooks-1.2.0-py3-none-any.whl.metadata (1.3 kB)
2025-04-15T01:58:09.1604731Z Collecting requests<3.0,>=2.26 (from poetry==2.0.1)
2025-04-15T01:58:09.1632809Z   Downloading requests-2.32.3-py3-none-any.whl.metadata (4.6 kB)
2025-04-15T01:58:09.1784006Z Collecting requests-toolbelt<2.0.0,>=1.0.0 (from poetry==2.0.1)
2025-04-15T01:58:09.1812561Z   Downloading requests_toolbelt-1.0.0-py2.py3-none-any.whl.metadata (14 kB)
2025-04-15T01:58:09.1990361Z Collecting shellingham<2.0,>=1.5 (from poetry==2.0.1)
2025-04-15T01:58:09.2017410Z   Downloading shellingham-1.5.4-py2.py3-none-any.whl.metadata (3.5 kB)
2025-04-15T01:58:09.2202395Z Collecting tomlkit<1.0.0,>=0.11.4 (from poetry==2.0.1)
2025-04-15T01:58:09.2228739Z   Downloading tomlkit-0.13.2-py3-none-any.whl.metadata (2.7 kB)
2025-04-15T01:58:09.2467607Z Collecting trove-classifiers>=2022.5.19 (from poetry==2.0.1)
2025-04-15T01:58:09.2494917Z   Downloading trove_classifiers-2025.4.11.15-py3-none-any.whl.metadata (2.4 kB)
2025-04-15T01:58:09.2912070Z Collecting virtualenv<21.0.0,>=20.26.6 (from poetry==2.0.1)
2025-04-15T01:58:09.2950746Z   Downloading virtualenv-20.30.0-py3-none-any.whl.metadata (4.5 kB)
2025-04-15T01:58:09.3551234Z Collecting msgpack<2.0.0,>=0.5.2 (from cachecontrol<0.15.0,>=0.14.0->cachecontrol[filecache]<0.15.0,>=0.14.0->poetry==2.0.1)
2025-04-15T01:58:09.3585966Z   Downloading msgpack-1.1.0-cp311-cp311-manylinux_2_17_x86_64.manylinux2014_x86_64.whl.metadata (8.4 kB)
2025-04-15T01:58:09.3776062Z Collecting filelock>=3.8.0 (from cachecontrol[filecache]<0.15.0,>=0.14.0->poetry==2.0.1)
2025-04-15T01:58:09.3804391Z   Downloading filelock-3.18.0-py3-none-any.whl.metadata (2.9 kB)
2025-04-15T01:58:09.3931614Z Collecting crashtest<0.5.0,>=0.4.1 (from cleo<3.0.0,>=2.1.0->poetry==2.0.1)
2025-04-15T01:58:09.3963928Z   Downloading crashtest-0.4.1-py3-none-any.whl.metadata (1.1 kB)
2025-04-15T01:58:09.7509728Z Collecting rapidfuzz<4.0.0,>=3.0.0 (from cleo<3.0.0,>=2.1.0->poetry==2.0.1)
2025-04-15T01:58:09.7553290Z   Downloading rapidfuzz-3.13.0-cp311-cp311-manylinux_2_17_x86_64.manylinux2014_x86_64.whl.metadata (12 kB)
2025-04-15T01:58:09.7805401Z Collecting urllib3>=1.25 (from dulwich<0.23.0,>=0.22.6->poetry==2.0.1)
2025-04-15T01:58:09.7836609Z   Downloading urllib3-2.4.0-py3-none-any.whl.metadata (6.5 kB)
2025-04-15T01:58:09.8041343Z Collecting SecretStorage>=3.2 (from keyring<26.0.0,>=25.1.0->poetry==2.0.1)
2025-04-15T01:58:09.8072874Z   Downloading SecretStorage-3.3.3-py3-none-any.whl.metadata (4.0 kB)
2025-04-15T01:58:09.8185456Z Collecting jeepney>=0.4.2 (from keyring<26.0.0,>=25.1.0->poetry==2.0.1)
2025-04-15T01:58:09.8215259Z   Downloading jeepney-0.9.0-py3-none-any.whl.metadata (1.2 kB)
2025-04-15T01:58:09.8486758Z Collecting importlib_metadata>=4.11.4 (from keyring<26.0.0,>=25.1.0->poetry==2.0.1)
2025-04-15T01:58:09.8514739Z   Downloading importlib_metadata-8.6.1-py3-none-any.whl.metadata (4.7 kB)
2025-04-15T01:58:09.8714433Z Collecting jaraco.classes (from keyring<26.0.0,>=25.1.0->poetry==2.0.1)
2025-04-15T01:58:09.8747420Z   Downloading jaraco.classes-3.4.0-py3-none-any.whl.metadata (2.6 kB)
2025-04-15T01:58:09.8963506Z Collecting jaraco.functools (from keyring<26.0.0,>=25.1.0->poetry==2.0.1)
2025-04-15T01:58:09.8995660Z   Downloading jaraco.functools-4.1.0-py3-none-any.whl.metadata (2.9 kB)
2025-04-15T01:58:09.9149991Z Collecting jaraco.context (from keyring<26.0.0,>=25.1.0->poetry==2.0.1)
2025-04-15T01:58:09.9189658Z   Downloading jaraco.context-6.0.1-py3-none-any.whl.metadata (4.1 kB)
2025-04-15T01:58:09.9726789Z Collecting charset-normalizer<4,>=2 (from requests<3.0,>=2.26->poetry==2.0.1)
2025-04-15T01:58:09.9755964Z   Downloading charset_normalizer-3.4.1-cp311-cp311-manylinux_2_17_x86_64.manylinux2014_x86_64.whl.metadata (35 kB)
2025-04-15T01:58:09.9932310Z Collecting idna<4,>=2.5 (from requests<3.0,>=2.26->poetry==2.0.1)
2025-04-15T01:58:09.9959276Z   Downloading idna-3.10-py3-none-any.whl.metadata (10 kB)
2025-04-15T01:58:10.0224627Z Collecting certifi>=2017.4.17 (from requests<3.0,>=2.26->poetry==2.0.1)
2025-04-15T01:58:10.0255133Z   Downloading certifi-2025.1.31-py3-none-any.whl.metadata (2.5 kB)
2025-04-15T01:58:10.0494023Z Collecting distlib<1,>=0.3.7 (from virtualenv<21.0.0,>=20.26.6->poetry==2.0.1)
2025-04-15T01:58:10.0522593Z   Downloading distlib-0.3.9-py2.py3-none-any.whl.metadata (5.2 kB)
2025-04-15T01:58:10.0845221Z Collecting zipp>=3.20 (from importlib_metadata>=4.11.4->keyring<26.0.0,>=25.1.0->poetry==2.0.1)
2025-04-15T01:58:10.0873122Z   Downloading zipp-3.21.0-py3-none-any.whl.metadata (3.7 kB)
2025-04-15T01:58:10.2223286Z Collecting cryptography>=2.0 (from SecretStorage>=3.2->keyring<26.0.0,>=25.1.0->poetry==2.0.1)
2025-04-15T01:58:10.2255266Z   Downloading cryptography-44.0.2-cp39-abi3-manylinux_2_34_x86_64.whl.metadata (5.7 kB)
2025-04-15T01:58:10.2484214Z Collecting more-itertools (from jaraco.classes->keyring<26.0.0,>=25.1.0->poetry==2.0.1)
2025-04-15T01:58:10.2511043Z   Downloading more_itertools-10.6.0-py3-none-any.whl.metadata (37 kB)
2025-04-15T01:58:10.2636081Z Collecting backports.tarfile (from jaraco.context->keyring<26.0.0,>=25.1.0->poetry==2.0.1)
2025-04-15T01:58:10.2663158Z   Downloading backports.tarfile-1.2.0-py3-none-any.whl.metadata (2.0 kB)
2025-04-15T01:58:10.3356288Z Collecting cffi>=1.12 (from cryptography>=2.0->SecretStorage>=3.2->keyring<26.0.0,>=25.1.0->poetry==2.0.1)
2025-04-15T01:58:10.3389740Z   Downloading cffi-1.17.1-cp311-cp311-manylinux_2_17_x86_64.manylinux2014_x86_64.whl.metadata (1.5 kB)
2025-04-15T01:58:10.3541307Z Collecting pycparser (from cffi>=1.12->cryptography>=2.0->SecretStorage>=3.2->keyring<26.0.0,>=25.1.0->poetry==2.0.1)
2025-04-15T01:58:10.3567772Z   Downloading pycparser-2.22-py3-none-any.whl.metadata (943 bytes)
2025-04-15T01:58:10.3649847Z Downloading poetry-2.0.1-py3-none-any.whl (254 kB)
2025-04-15T01:58:10.3729835Z Downloading poetry_core-2.0.1-py3-none-any.whl (544 kB)
2025-04-15T01:58:10.3801852Z    ━━━━━━━━━━━━━━━━━━━━━━━━━━━━━━━━━━━━━━━━ 544.8/544.8 kB 68.3 MB/s eta 0:00:00
2025-04-15T01:58:10.3829725Z Downloading build-1.2.2.post1-py3-none-any.whl (22 kB)
2025-04-15T01:58:10.3881530Z Downloading cachecontrol-0.14.2-py3-none-any.whl (21 kB)
2025-04-15T01:58:10.3928461Z Downloading cleo-2.1.0-py3-none-any.whl (78 kB)
2025-04-15T01:58:10.3986954Z Downloading dulwich-0.22.8-cp311-cp311-manylinux_2_17_x86_64.manylinux2014_x86_64.whl (1.0 MB)
2025-04-15T01:58:10.4068376Z    ━━━━━━━━━━━━━━━━━━━━━━━━━━━━━━━━━━━━━━━━ 1.0/1.0 MB 126.5 MB/s eta 0:00:00
2025-04-15T01:58:10.4099720Z Downloading fastjsonschema-2.21.1-py3-none-any.whl (23 kB)
2025-04-15T01:58:10.4148783Z Downloading installer-0.7.0-py3-none-any.whl (453 kB)
2025-04-15T01:58:10.4218130Z Downloading keyring-25.6.0-py3-none-any.whl (39 kB)
2025-04-15T01:58:10.4273303Z Downloading packaging-24.2-py3-none-any.whl (65 kB)
2025-04-15T01:58:10.4325226Z Downloading pkginfo-1.12.1.2-py3-none-any.whl (32 kB)
2025-04-15T01:58:10.4373921Z Downloading platformdirs-4.3.7-py3-none-any.whl (18 kB)
2025-04-15T01:58:10.4422101Z Downloading pyproject_hooks-1.2.0-py3-none-any.whl (10 kB)
2025-04-15T01:58:10.4467230Z Downloading requests-2.32.3-py3-none-any.whl (64 kB)
2025-04-15T01:58:10.4517906Z Downloading requests_toolbelt-1.0.0-py2.py3-none-any.whl (54 kB)
2025-04-15T01:58:10.4567629Z Downloading shellingham-1.5.4-py2.py3-none-any.whl (9.8 kB)
2025-04-15T01:58:10.4614057Z Downloading tomlkit-0.13.2-py3-none-any.whl (37 kB)
2025-04-15T01:58:10.4663572Z Downloading trove_classifiers-2025.4.11.15-py3-none-any.whl (13 kB)
2025-04-15T01:58:10.4711291Z Downloading virtualenv-20.30.0-py3-none-any.whl (4.3 MB)
2025-04-15T01:58:10.4947044Z    ━━━━━━━━━━━━━━━━━━━━━━━━━━━━━━━━━━━━━━━━ 4.3/4.3 MB 191.7 MB/s eta 0:00:00
2025-04-15T01:58:10.4976786Z Downloading certifi-2025.1.31-py3-none-any.whl (166 kB)
2025-04-15T01:58:10.5033327Z Downloading charset_normalizer-3.4.1-cp311-cp311-manylinux_2_17_x86_64.manylinux2014_x86_64.whl (143 kB)
2025-04-15T01:58:10.5087741Z Downloading crashtest-0.4.1-py3-none-any.whl (7.6 kB)
2025-04-15T01:58:10.5137504Z Downloading distlib-0.3.9-py2.py3-none-any.whl (468 kB)
2025-04-15T01:58:10.5217086Z Downloading filelock-3.18.0-py3-none-any.whl (16 kB)
2025-04-15T01:58:10.5265643Z Downloading idna-3.10-py3-none-any.whl (70 kB)
2025-04-15T01:58:10.5316417Z Downloading importlib_metadata-8.6.1-py3-none-any.whl (26 kB)
2025-04-15T01:58:10.5396424Z Downloading jeepney-0.9.0-py3-none-any.whl (49 kB)
2025-04-15T01:58:10.5452797Z Downloading msgpack-1.1.0-cp311-cp311-manylinux_2_17_x86_64.manylinux2014_x86_64.whl (403 kB)
2025-04-15T01:58:10.5527976Z Downloading rapidfuzz-3.13.0-cp311-cp311-manylinux_2_17_x86_64.manylinux2014_x86_64.whl (3.1 MB)
2025-04-15T01:58:10.5716775Z    ━━━━━━━━━━━━━━━━━━━━━━━━━━━━━━━━━━━━━━━━ 3.1/3.1 MB 172.8 MB/s eta 0:00:00
2025-04-15T01:58:10.5744749Z Downloading SecretStorage-3.3.3-py3-none-any.whl (15 kB)
2025-04-15T01:58:10.5795299Z Downloading urllib3-2.4.0-py3-none-any.whl (128 kB)
2025-04-15T01:58:10.5856870Z Downloading jaraco.classes-3.4.0-py3-none-any.whl (6.8 kB)
2025-04-15T01:58:10.5902310Z Downloading jaraco.context-6.0.1-py3-none-any.whl (6.8 kB)
2025-04-15T01:58:10.5946751Z Downloading jaraco.functools-4.1.0-py3-none-any.whl (10 kB)
2025-04-15T01:58:10.5994936Z Downloading cryptography-44.0.2-cp39-abi3-manylinux_2_34_x86_64.whl (4.2 MB)
2025-04-15T01:58:10.6220369Z    ━━━━━━━━━━━━━━━━━━━━━━━━━━━━━━━━━━━━━━━━ 4.2/4.2 MB 194.3 MB/s eta 0:00:00
2025-04-15T01:58:10.6246779Z Downloading zipp-3.21.0-py3-none-any.whl (9.6 kB)
2025-04-15T01:58:10.6292314Z Downloading backports.tarfile-1.2.0-py3-none-any.whl (30 kB)
2025-04-15T01:58:10.6339649Z Downloading more_itertools-10.6.0-py3-none-any.whl (63 kB)
2025-04-15T01:58:10.6389058Z Downloading cffi-1.17.1-cp311-cp311-manylinux_2_17_x86_64.manylinux2014_x86_64.whl (467 kB)
2025-04-15T01:58:10.6459424Z Downloading pycparser-2.22-py3-none-any.whl (117 kB)
2025-04-15T01:58:10.7398024Z Installing collected packages: trove-classifiers, fastjsonschema, distlib, zipp, urllib3, tomlkit, shellingham, rapidfuzz, pyproject-hooks, pycparser, poetry-core, platformdirs, pkginfo, packaging, msgpack, more-itertools, jeepney, installer, idna, filelock, crashtest, charset-normalizer, certifi, backports.tarfile, virtualenv, requests, jaraco.functools, jaraco.context, jaraco.classes, importlib_metadata, dulwich, cleo, cffi, build, requests-toolbelt, cryptography, cachecontrol, SecretStorage, keyring, poetry
2025-04-15T01:58:12.5535502Z Successfully installed SecretStorage-3.3.3 backports.tarfile-1.2.0 build-1.2.2.post1 cachecontrol-0.14.2 certifi-2025.1.31 cffi-1.17.1 charset-normalizer-3.4.1 cleo-2.1.0 crashtest-0.4.1 cryptography-44.0.2 distlib-0.3.9 dulwich-0.22.8 fastjsonschema-2.21.1 filelock-3.18.0 idna-3.10 importlib_metadata-8.6.1 installer-0.7.0 jaraco.classes-3.4.0 jaraco.context-6.0.1 jaraco.functools-4.1.0 jeepney-0.9.0 keyring-25.6.0 more-itertools-10.6.0 msgpack-1.1.0 packaging-24.2 pkginfo-1.12.1.2 platformdirs-4.3.7 poetry-2.0.1 poetry-core-2.0.1 pycparser-2.22 pyproject-hooks-1.2.0 rapidfuzz-3.13.0 requests-2.32.3 requests-toolbelt-1.0.0 shellingham-1.5.4 tomlkit-0.13.2 trove-classifiers-2025.4.11.15 urllib3-2.4.0 virtualenv-20.30.0 zipp-3.21.0
2025-04-15T01:58:12.7356865Z ##[group]Run poetry install -C api --only lint
2025-04-15T01:58:12.7357247Z [36;1mpoetry install -C api --only lint[0m
2025-04-15T01:58:12.7404622Z shell: /usr/bin/bash -e {0}
2025-04-15T01:58:12.7404851Z env:
2025-04-15T01:58:12.7405092Z   pythonLocation: /opt/hostedtoolcache/Python/3.11.11/x64
2025-04-15T01:58:12.7405498Z   PKG_CONFIG_PATH: /opt/hostedtoolcache/Python/3.11.11/x64/lib/pkgconfig
2025-04-15T01:58:12.7405898Z   Python_ROOT_DIR: /opt/hostedtoolcache/Python/3.11.11/x64
2025-04-15T01:58:12.7406265Z   Python2_ROOT_DIR: /opt/hostedtoolcache/Python/3.11.11/x64
2025-04-15T01:58:12.7406627Z   Python3_ROOT_DIR: /opt/hostedtoolcache/Python/3.11.11/x64
2025-04-15T01:58:12.7406985Z   LD_LIBRARY_PATH: /opt/hostedtoolcache/Python/3.11.11/x64/lib
2025-04-15T01:58:12.7407286Z ##[endgroup]
2025-04-15T01:58:13.2012161Z Creating virtualenv dify-api in /home/runner/work/dify/dify/api/.venv
2025-04-15T01:58:13.4822126Z Installing dependencies from lock file
2025-04-15T01:58:14.1416416Z 
2025-04-15T01:58:14.1417025Z Package operations: 7 installs, 0 updates, 0 removals
2025-04-15T01:58:14.1417464Z 
2025-04-15T01:58:14.1420927Z   - Installing click (8.1.8)
2025-04-15T01:58:14.2780167Z   - Installing attrs (25.3.0)
2025-04-15T01:58:14.2782709Z   - Installing click-default-group (1.2.4)
2025-04-15T01:58:14.2805961Z   - Installing ply (3.11)
2025-04-15T01:58:14.2817986Z   - Installing typing-extensions (4.12.2)
2025-04-15T01:58:14.3282440Z   - Installing dotenv-linter (0.5.0)
2025-04-15T01:58:14.3292554Z   - Installing ruff (0.11.0)
2025-04-15T01:58:14.6960355Z ##[group]Run poetry run -C api ruff --version
2025-04-15T01:58:14.6960707Z [36;1mpoetry run -C api ruff --version[0m
2025-04-15T01:58:14.6960980Z [36;1mpoetry run -C api ruff check ./[0m
2025-04-15T01:58:14.6961292Z [36;1mpoetry run -C api ruff format --check ./[0m
2025-04-15T01:58:14.7012074Z shell: /usr/bin/bash -e {0}
2025-04-15T01:58:14.7012322Z env:
2025-04-15T01:58:14.7012583Z   pythonLocation: /opt/hostedtoolcache/Python/3.11.11/x64
2025-04-15T01:58:14.7013004Z   PKG_CONFIG_PATH: /opt/hostedtoolcache/Python/3.11.11/x64/lib/pkgconfig
2025-04-15T01:58:14.7013417Z   Python_ROOT_DIR: /opt/hostedtoolcache/Python/3.11.11/x64
2025-04-15T01:58:14.7013782Z   Python2_ROOT_DIR: /opt/hostedtoolcache/Python/3.11.11/x64
2025-04-15T01:58:14.7014143Z   Python3_ROOT_DIR: /opt/hostedtoolcache/Python/3.11.11/x64
2025-04-15T01:58:14.7014500Z   LD_LIBRARY_PATH: /opt/hostedtoolcache/Python/3.11.11/x64/lib
2025-04-15T01:58:14.7014794Z ##[endgroup]
2025-04-15T01:58:15.1313656Z ruff 0.11.0
2025-04-15T01:58:15.6954502Z All checks passed!
2025-04-15T01:58:16.2528482Z Would reformat: core/workflow/nodes/http_request/executor.py
2025-04-15T01:58:16.2529170Z 1 file would be reformatted, 1244 files already formatted
2025-04-15T01:58:16.2562304Z ##[error]Process completed with exit code 1.
2025-04-15T01:58:16.2608661Z ##[group]Run echo "Please run 'dev/reformat' to fix the fixable linting errors."
2025-04-15T01:58:16.2609185Z [36;1mecho "Please run 'dev/reformat' to fix the fixable linting errors."[0m
2025-04-15T01:58:16.2655196Z shell: /usr/bin/bash -e {0}
2025-04-15T01:58:16.2655423Z env:
2025-04-15T01:58:16.2655669Z   pythonLocation: /opt/hostedtoolcache/Python/3.11.11/x64
2025-04-15T01:58:16.2656095Z   PKG_CONFIG_PATH: /opt/hostedtoolcache/Python/3.11.11/x64/lib/pkgconfig
2025-04-15T01:58:16.2656496Z   Python_ROOT_DIR: /opt/hostedtoolcache/Python/3.11.11/x64
2025-04-15T01:58:16.2656854Z   Python2_ROOT_DIR: /opt/hostedtoolcache/Python/3.11.11/x64
2025-04-15T01:58:16.2657201Z   Python3_ROOT_DIR: /opt/hostedtoolcache/Python/3.11.11/x64
2025-04-15T01:58:16.2657554Z   LD_LIBRARY_PATH: /opt/hostedtoolcache/Python/3.11.11/x64/lib
2025-04-15T01:58:16.2657849Z ##[endgroup]
2025-04-15T01:58:16.2723211Z Please run 'dev/reformat' to fix the fixable linting errors.
2025-04-15T01:58:16.2768133Z Post job cleanup.
2025-04-15T01:58:16.2815831Z Post job cleanup.
2025-04-15T01:58:16.3747482Z [command]/usr/bin/git version
2025-04-15T01:58:16.3782610Z git version 2.49.0
2025-04-15T01:58:16.3824028Z Copying '/home/runner/.gitconfig' to '/home/runner/work/_temp/f8aa1f3b-5607-4f7e-84f2-de20abbba243/.gitconfig'
2025-04-15T01:58:16.3833251Z Temporarily overriding HOME='/home/runner/work/_temp/f8aa1f3b-5607-4f7e-84f2-de20abbba243' before making global git config changes
2025-04-15T01:58:16.3834354Z Adding repository directory to the temporary git global config as a safe directory
2025-04-15T01:58:16.3838475Z [command]/usr/bin/git config --global --add safe.directory /home/runner/work/dify/dify
2025-04-15T01:58:16.3873875Z [command]/usr/bin/git config --local --name-only --get-regexp core\.sshCommand
2025-04-15T01:58:16.3906298Z [command]/usr/bin/git submodule foreach --recursive sh -c "git config --local --name-only --get-regexp 'core\.sshCommand' && git config --local --unset-all 'core.sshCommand' || :"
2025-04-15T01:58:16.4146920Z [command]/usr/bin/git config --local --name-only --get-regexp http\.https\:\/\/github\.com\/\.extraheader
2025-04-15T01:58:16.4178435Z [command]/usr/bin/git submodule foreach --recursive sh -c "git config --local --name-only --get-regexp 'http\.https\:\/\/github\.com\/\.extraheader' && git config --local --unset-all 'http.https://github.com/.extraheader' || :"
2025-04-15T01:58:16.4514715Z Cleaning up orphan processes
