2025-04-14T22:49:43.9143694Z Self-hosted runners in the repository are disabled by your administrator
2025-04-14T22:49:44.0972180Z Requested labels: windows-latest
2025-04-14T22:49:44.0972605Z Job defined at: spring-projects/spring-boot/.github/workflows/ci.yml@refs/heads/main
2025-04-14T22:49:44.0972738Z Waiting for a runner to pick up this job...
2025-04-14T22:49:46.6219039Z Job is waiting for a hosted runner to come online.
2025-04-14T22:49:51.4750594Z Job is about to start running on the hosted runner: GitHub Actions 93 (hosted)
2025-04-14T22:49:55.7367266Z Current runner version: '2.323.0'
2025-04-14T22:49:55.7388868Z ##[group]Operating System
2025-04-14T22:49:55.7389645Z Microsoft Windows Server 2022
2025-04-14T22:49:55.7390201Z 10.0.20348
2025-04-14T22:49:55.7390679Z Datacenter
2025-04-14T22:49:55.7391140Z ##[endgroup]
2025-04-14T22:49:55.7391645Z ##[group]Runner Image
2025-04-14T22:49:55.7392185Z Image: windows-2022
2025-04-14T22:49:55.7392680Z Version: 20250406.1.0
2025-04-14T22:49:55.7393716Z Included Software: https://github.com/actions/runner-images/blob/win22/20250406.1/images/windows/Windows2022-Readme.md
2025-04-14T22:49:55.7395056Z Image Release: https://github.com/actions/runner-images/releases/tag/win22%2F20250406.1
2025-04-14T22:49:55.7395914Z ##[endgroup]
2025-04-14T22:49:55.7396435Z ##[group]Runner Image Provisioner
2025-04-14T22:49:55.7397009Z 2.0.422.1
2025-04-14T22:49:55.7397469Z ##[endgroup]
2025-04-14T22:49:55.7398588Z ##[group]GITHUB_TOKEN Permissions
2025-04-14T22:49:55.7400561Z Contents: read
2025-04-14T22:49:55.7401176Z Metadata: read
2025-04-14T22:49:55.7401678Z Packages: read
2025-04-14T22:49:55.7402148Z ##[endgroup]
2025-04-14T22:49:55.7404014Z Secret source: Actions
2025-04-14T22:49:55.7404721Z Prepare workflow directory
2025-04-14T22:49:55.7689780Z Prepare all required actions
2025-04-14T22:49:55.7725635Z Getting action download info
2025-04-14T22:49:56.0060560Z ##[group]Download immutable action package 'actions/checkout@v4'
2025-04-14T22:49:56.0061830Z Version: 4.2.2
2025-04-14T22:49:56.0063073Z Digest: sha256:ccb2698953eaebd21c7bf6268a94f9c26518a7e38e27e0b83c1fe1ad049819b1
2025-04-14T22:49:56.0064482Z Source commit SHA: 11bd71901bbe5b1630ceea73d27597364c9af683
2025-04-14T22:49:56.0065266Z ##[endgroup]
2025-04-14T22:49:56.4501016Z Complete job name: Windows | Java 17
2025-04-14T22:49:56.5809964Z ##[group]Run git config --global core.autocrlf true
2025-04-14T22:49:56.5810812Z [36;1mgit config --global core.autocrlf true[0m
2025-04-14T22:49:56.5811479Z [36;1mgit config --global core.longPaths true[0m
2025-04-14T22:49:56.5812309Z [36;1mStop-Service -name Docker[0m
2025-04-14T22:49:56.5848008Z shell: C:\Program Files\PowerShell\7\pwsh.EXE -command ". '{0}'"
2025-04-14T22:49:56.5848993Z ##[endgroup]
2025-04-14T22:49:59.6243551Z ##[group]Run actions/checkout@v4
2025-04-14T22:49:59.6244702Z with:
2025-04-14T22:49:59.6245556Z   repository: spring-projects/spring-boot
2025-04-14T22:49:59.6247011Z   token: ***
2025-04-14T22:49:59.6247808Z   ssh-strict: true
2025-04-14T22:49:59.6248635Z   ssh-user: git
2025-04-14T22:49:59.6249494Z   persist-credentials: true
2025-04-14T22:49:59.6250462Z   clean: true
2025-04-14T22:49:59.6251335Z   sparse-checkout-cone-mode: true
2025-04-14T22:49:59.6252403Z   fetch-depth: 1
2025-04-14T22:49:59.6253239Z   fetch-tags: false
2025-04-14T22:49:59.6254085Z   show-progress: true
2025-04-14T22:49:59.6254946Z   lfs: false
2025-04-14T22:49:59.6255714Z   submodules: false
2025-04-14T22:49:59.6256566Z   set-safe-directory: true
2025-04-14T22:49:59.6257492Z ##[endgroup]
2025-04-14T22:50:00.7839644Z Syncing repository: spring-projects/spring-boot
2025-04-14T22:50:00.7915377Z ##[group]Getting Git version info
2025-04-14T22:50:00.7916018Z Working directory is 'D:\a\spring-boot\spring-boot'
2025-04-14T22:50:01.2285336Z [command]"C:\Program Files\Git\bin\git.exe" version
2025-04-14T22:50:01.4708460Z git version 2.49.0.windows.1
2025-04-14T22:50:01.4720975Z ##[endgroup]
2025-04-14T22:50:01.4857658Z Copying 'C:\Users\runneradmin\.gitconfig' to 'D:\a\_temp\dca871a4-4225-4b69-b038-6e64cadf88d4\.gitconfig'
2025-04-14T22:50:01.4885073Z Temporarily overriding HOME='D:\a\_temp\dca871a4-4225-4b69-b038-6e64cadf88d4' before making global git config changes
2025-04-14T22:50:01.4886308Z Adding repository directory to the temporary git global config as a safe directory
2025-04-14T22:50:01.4897319Z [command]"C:\Program Files\Git\bin\git.exe" config --global --add safe.directory D:\a\spring-boot\spring-boot
2025-04-14T22:50:01.5123109Z Deleting the contents of 'D:\a\spring-boot\spring-boot'
2025-04-14T22:50:01.5129239Z ##[group]Initializing the repository
2025-04-14T22:50:01.5139123Z [command]"C:\Program Files\Git\bin\git.exe" init D:\a\spring-boot\spring-boot
2025-04-14T22:50:01.6352614Z Initialized empty Git repository in D:/a/spring-boot/spring-boot/.git/
2025-04-14T22:50:01.6387840Z [command]"C:\Program Files\Git\bin\git.exe" remote add origin https://github.com/spring-projects/spring-boot
2025-04-14T22:50:01.7321724Z ##[endgroup]
2025-04-14T22:50:01.7322161Z ##[group]Disabling automatic garbage collection
2025-04-14T22:50:01.7336367Z [command]"C:\Program Files\Git\bin\git.exe" config --local gc.auto 0
2025-04-14T22:50:01.7561304Z ##[endgroup]
2025-04-14T22:50:01.7561955Z ##[group]Setting up auth
2025-04-14T22:50:01.7574284Z [command]"C:\Program Files\Git\bin\git.exe" config --local --name-only --get-regexp core\.sshCommand
2025-04-14T22:50:01.7793623Z [command]"C:\Program Files\Git\bin\git.exe" submodule foreach --recursive "sh -c \"git config --local --name-only --get-regexp 'core\.sshCommand' && git config --local --unset-all 'core.sshCommand' || :\""
2025-04-14T22:50:04.4922281Z [command]"C:\Program Files\Git\bin\git.exe" config --local --name-only --get-regexp http\.https\:\/\/github\.com\/\.extraheader
2025-04-14T22:50:04.5148256Z [command]"C:\Program Files\Git\bin\git.exe" submodule foreach --recursive "sh -c \"git config --local --name-only --get-regexp 'http\.https\:\/\/github\.com\/\.extraheader' && git config --local --unset-all 'http.https://github.com/.extraheader' || :\""
2025-04-14T22:50:04.9014575Z [command]"C:\Program Files\Git\bin\git.exe" config --local http.https://github.com/.extraheader "AUTHORIZATION: basic ***"
2025-04-14T22:50:04.9374876Z ##[endgroup]
2025-04-14T22:50:04.9375585Z ##[group]Fetching the repository
2025-04-14T22:50:04.9389360Z [command]"C:\Program Files\Git\bin\git.exe" -c protocol.version=2 fetch --no-tags --prune --no-recurse-submodules --depth=1 origin +34a43c1f87031289845f1e5ff81bd600e00c1a25:refs/remotes/origin/main
2025-04-14T22:50:07.5814614Z From https://github.com/spring-projects/spring-boot
2025-04-14T22:50:07.5815150Z  * [new ref]         34a43c1f87031289845f1e5ff81bd600e00c1a25 -> origin/main
2025-04-14T22:50:07.6089490Z ##[endgroup]
2025-04-14T22:50:07.6090379Z ##[group]Determining the checkout info
2025-04-14T22:50:07.6091175Z ##[endgroup]
2025-04-14T22:50:07.6100725Z [command]"C:\Program Files\Git\bin\git.exe" sparse-checkout disable
2025-04-14T22:50:07.6539458Z [command]"C:\Program Files\Git\bin\git.exe" config --local --unset-all extensions.worktreeConfig
2025-04-14T22:50:07.6761174Z ##[group]Checking out the ref
2025-04-14T22:50:07.6761823Z [command]"C:\Program Files\Git\bin\git.exe" checkout --progress --force -B main refs/remotes/origin/main
2025-04-14T22:50:08.7506515Z Updating files:  44% (4551/10283)
2025-04-14T22:50:08.7689377Z Updating files:  45% (4628/10283)
2025-04-14T22:50:08.7855327Z Updating files:  46% (4731/10283)
2025-04-14T22:50:08.8043182Z Updating files:  47% (4834/10283)
2025-04-14T22:50:08.8210921Z Updating files:  48% (4936/10283)
2025-04-14T22:50:08.8432416Z Updating files:  49% (5039/10283)
2025-04-14T22:50:08.8695086Z Updating files:  50% (5142/10283)
2025-04-14T22:50:08.8881798Z Updating files:  51% (5245/10283)
2025-04-14T22:50:08.9085691Z Updating files:  52% (5348/10283)
2025-04-14T22:50:08.9364198Z Updating files:  53% (5450/10283)
2025-04-14T22:50:08.9558335Z Updating files:  54% (5553/10283)
2025-04-14T22:50:08.9749940Z Updating files:  55% (5656/10283)
2025-04-14T22:50:08.9951725Z Updating files:  56% (5759/10283)
2025-04-14T22:50:09.0138989Z Updating files:  57% (5862/10283)
2025-04-14T22:50:09.0350015Z Updating files:  58% (5965/10283)
2025-04-14T22:50:09.0553355Z Updating files:  59% (6067/10283)
2025-04-14T22:50:09.0726098Z Updating files:  60% (6170/10283)
2025-04-14T22:50:09.0887065Z Updating files:  61% (6273/10283)
2025-04-14T22:50:09.1067196Z Updating files:  62% (6376/10283)
2025-04-14T22:50:09.1260263Z Updating files:  63% (6479/10283)
2025-04-14T22:50:09.1397560Z Updating files:  64% (6582/10283)
2025-04-14T22:50:09.1571508Z Updating files:  65% (6684/10283)
2025-04-14T22:50:09.1771069Z Updating files:  66% (6787/10283)
2025-04-14T22:50:09.1961659Z Updating files:  67% (6890/10283)
2025-04-14T22:50:09.2277498Z Updating files:  68% (6993/10283)
2025-04-14T22:50:09.3074363Z Updating files:  69% (7096/10283)
2025-04-14T22:50:09.3371574Z Updating files:  70% (7199/10283)
2025-04-14T22:50:09.3678999Z Updating files:  71% (7301/10283)
2025-04-14T22:50:09.3958135Z Updating files:  72% (7404/10283)
2025-04-14T22:50:09.4153332Z Updating files:  73% (7507/10283)
2025-04-14T22:50:09.4360649Z Updating files:  74% (7610/10283)
2025-04-14T22:50:09.4550063Z Updating files:  75% (7713/10283)
2025-04-14T22:50:09.4722103Z Updating files:  76% (7816/10283)
2025-04-14T22:50:09.4890749Z Updating files:  77% (7918/10283)
2025-04-14T22:50:09.5069861Z Updating files:  78% (8021/10283)
2025-04-14T22:50:09.5253133Z Updating files:  79% (8124/10283)
2025-04-14T22:50:09.5544041Z Updating files:  80% (8227/10283)
2025-04-14T22:50:09.5717768Z Updating files:  81% (8330/10283)
2025-04-14T22:50:09.5914124Z Updating files:  82% (8433/10283)
2025-04-14T22:50:09.6105024Z Updating files:  83% (8535/10283)
2025-04-14T22:50:09.6295299Z Updating files:  84% (8638/10283)
2025-04-14T22:50:09.6486768Z Updating files:  85% (8741/10283)
2025-04-14T22:50:09.6680291Z Updating files:  86% (8844/10283)
2025-04-14T22:50:09.6887652Z Updating files:  87% (8947/10283)
2025-04-14T22:50:09.7054335Z Updating files:  88% (9050/10283)
2025-04-14T22:50:09.7255507Z Updating files:  89% (9152/10283)
2025-04-14T22:50:09.7354839Z Updating files:  90% (9255/10283)
2025-04-14T22:50:09.7448315Z Updating files:  90% (9316/10283)
2025-04-14T22:50:09.7705474Z Updating files:  91% (9358/10283)
2025-04-14T22:50:09.8346980Z Updating files:  92% (9461/10283)
2025-04-14T22:50:09.9010039Z Updating files:  93% (9564/10283)
2025-04-14T22:50:09.9235824Z Updating files:  94% (9667/10283)
2025-04-14T22:50:09.9492432Z Updating files:  95% (9769/10283)
2025-04-14T22:50:09.9741413Z Updating files:  96% (9872/10283)
2025-04-14T22:50:09.9986724Z Updating files:  97% (9975/10283)
2025-04-14T22:50:10.0242892Z Updating files:  98% (10078/10283)
2025-04-14T22:50:10.0446356Z Updating files:  99% (10181/10283)
2025-04-14T22:50:10.0447587Z Updating files: 100% (10283/10283)
2025-04-14T22:50:10.0447932Z Updating files: 100% (10283/10283), done.
2025-04-14T22:50:10.0804106Z branch 'main' set up to track 'origin/main'.
2025-04-14T22:50:10.0809256Z Switched to a new branch 'main'
2025-04-14T22:50:10.0852020Z ##[endgroup]
2025-04-14T22:50:10.1229448Z [command]"C:\Program Files\Git\bin\git.exe" log -1 --format=%H
2025-04-14T22:50:10.1428557Z 34a43c1f87031289845f1e5ff81bd600e00c1a25
2025-04-14T22:50:10.1910808Z Prepare all required actions
2025-04-14T22:50:10.1911355Z Getting action download info
2025-04-14T22:50:10.2021821Z ##[group]Run ./.github/actions/build
2025-04-14T22:50:10.2022077Z with:
2025-04-14T22:50:10.2022621Z   commercial-repository-password: ***
2025-04-14T22:50:10.2022960Z   commercial-repository-username: ***
2025-04-14T22:50:10.2023396Z   develocity-access-key: ***
2025-04-14T22:50:10.2023628Z   gradle-cache-read-only: false
2025-04-14T22:50:10.2023859Z   java-early-access: false
2025-04-14T22:50:10.2024069Z   java-toolchain: false
2025-04-14T22:50:10.2024260Z   java-version: 17
2025-04-14T22:50:10.2024439Z   publish: false
2025-04-14T22:50:10.2024610Z ##[endgroup]
2025-04-14T22:50:10.2212336Z Prepare all required actions
2025-04-14T22:50:10.2212620Z Getting action download info
2025-04-14T22:50:10.4549728Z Download action repository 'jlumbroso/free-disk-space@54081f138730dfa15788a46383842cd2f914a1be' (SHA:54081f138730dfa15788a46383842cd2f914a1be)
2025-04-14T22:50:10.8579144Z ##[group]Download immutable action package 'actions/setup-java@v4'
2025-04-14T22:50:10.8579569Z Version: 4.7.1
2025-04-14T22:50:10.8579947Z Digest: sha256:23223d64943473efb4336f60463c0429cd4f422cd5fc6c48a5cf0d5907c1aeac
2025-04-14T22:50:10.8580640Z Source commit SHA: c5195efecf7bdfc987ee8bae7a71cb8b11521c00
2025-04-14T22:50:10.8580997Z ##[endgroup]
2025-04-14T22:50:11.2804071Z Download action repository 'gradle/actions@06832c7b30a0129d7fb559bcc6e43d26f6374244' (SHA:06832c7b30a0129d7fb559bcc6e43d26f6374244)
2025-04-14T22:50:12.7882575Z ##[group]Run ./.github/actions/prepare-gradle-build
2025-04-14T22:50:12.7882881Z with:
2025-04-14T22:50:12.7883065Z   cache-read-only: false
2025-04-14T22:50:12.7883561Z   develocity-access-key: ***
2025-04-14T22:50:12.7883792Z   java-early-access: false
2025-04-14T22:50:12.7884005Z   java-toolchain: false
2025-04-14T22:50:12.7884200Z   java-version: 17
2025-04-14T22:50:12.7884389Z ##[endgroup]
2025-04-14T22:50:12.8032781Z ##[group]Run actions/setup-java@v4
2025-04-14T22:50:12.8033012Z with:
2025-04-14T22:50:12.8033182Z   distribution: liberica
2025-04-14T22:50:12.8033388Z   java-version: 17


2025-04-14T22:50:12.8033582Z   java-package: jdk
2025-04-14T22:50:12.8033786Z   check-latest: false
2025-04-14T22:50:12.8033975Z   server-id: github
2025-04-14T22:50:12.8034165Z   server-username: GITHUB_ACTOR
2025-04-14T22:50:12.8034396Z   server-password: GITHUB_TOKEN
2025-04-14T22:50:12.8034618Z   overwrite-settings: true
2025-04-14T22:50:12.8034822Z   job-status: success
2025-04-14T22:50:12.8035109Z   token: ***
2025-04-14T22:50:12.8035288Z ##[endgroup]
2025-04-14T22:50:13.1329835Z ##[group]Installed distributions
2025-04-14T22:50:13.1359365Z Trying to resolve the latest version from remote
2025-04-14T22:50:13.6268472Z Resolved latest version as 17.0.14+10
2025-04-14T22:50:13.6268883Z Trying to download...
2025-04-14T22:50:13.6270624Z Downloading Java 17.0.14+10 (Liberica) from https://github.com/bell-sw/Liberica/releases/download/17.0.14+10/bellsoft-jdk17.0.14+10-windows-amd64.zip ...
2025-04-14T22:50:15.1479273Z Extracting Java archive...
2025-04-14T22:50:15.2287189Z [command]"C:\Program Files\PowerShell\7\pwsh.exe" -NoLogo -NoProfile -NonInteractive -ExecutionPolicy Unrestricted -Command "$ErrorActionPreference = 'Stop' ; try { Add-Type -AssemblyName System.IO.Compression.ZipFile } catch { } ; try { [System.IO.Compression.ZipFile]::ExtractToDirectory('D:\a\_temp\8375559e-df63-4b3a-8ffc-7a1f3abaec47.zip', 'D:\a\_temp\1648b73b-9716-42c8-8a84-0a0edf9f19b1', $true) } catch { if (($_.Exception.GetType().FullName -eq 'System.Management.Automation.MethodException') -or ($_.Exception.GetType().FullName -eq 'System.Management.Automation.RuntimeException') ){ Expand-Archive -LiteralPath 'D:\a\_temp\8375559e-df63-4b3a-8ffc-7a1f3abaec47.zip' -DestinationPath 'D:\a\_temp\1648b73b-9716-42c8-8a84-0a0edf9f19b1' -Force } else { throw $_ } } ;"
2025-04-14T22:50:18.1809161Z Java 17.0.14+10 was downloaded
2025-04-14T22:50:18.1814034Z Setting Java 17.0.14+10 as the default
2025-04-14T22:50:18.1837451Z Creating toolchains.xml for JDK version 17 from liberica
2025-04-14T22:50:18.1985901Z Writing to C:\Users\runneradmin\.m2\toolchains.xml
2025-04-14T22:50:18.1991243Z 
2025-04-14T22:50:18.1995009Z Java configuration:
2025-04-14T22:50:18.1997468Z   Distribution: liberica
2025-04-14T22:50:18.2000354Z   Version: 17.0.14+10
2025-04-14T22:50:18.2001884Z   Path: C:\hostedtoolcache\windows\Java_Liberica_jdk\17.0.14-10\x64
2025-04-14T22:50:18.2003567Z 
2025-04-14T22:50:18.2005998Z ##[endgroup]
2025-04-14T22:50:18.2021932Z Creating settings.xml with server-id: github
2025-04-14T22:50:18.2027738Z Writing to C:\Users\runneradmin\.m2\settings.xml
2025-04-14T22:50:18.2633237Z ##[group]Run gradle/actions/setup-gradle@06832c7b30a0129d7fb559bcc6e43d26f6374244
2025-04-14T22:50:18.2634153Z with:
2025-04-14T22:50:18.2634353Z   cache-read-only: false
2025-04-14T22:50:18.2634929Z   develocity-access-key: ***
2025-04-14T22:50:18.2635244Z   cache-disabled: false
2025-04-14T22:50:18.2635618Z   cache-write-only: false
2025-04-14T22:50:18.2635933Z   cache-overwrite-existing: false
2025-04-14T22:50:18.2636349Z   cache-cleanup: on-success
2025-04-14T22:50:18.2636721Z   gradle-home-cache-includes: caches
notifications

2025-04-14T22:50:18.2637419Z   add-job-summary: always
2025-04-14T22:50:18.2637715Z   add-job-summary-as-pr-comment: never
2025-04-14T22:50:18.2638141Z   dependency-graph: disabled
2025-04-14T22:50:18.2638637Z   dependency-graph-report-dir: dependency-graph-reports
2025-04-14T22:50:18.2639166Z   dependency-graph-continue-on-failure: true
2025-04-14T22:50:18.2639547Z   build-scan-publish: false
2025-04-14T22:50:18.2639875Z   validate-wrappers: true
2025-04-14T22:50:18.2640098Z   allow-snapshot-wrappers: false
2025-04-14T22:50:18.2640343Z   gradle-home-cache-strict-match: false
2025-04-14T22:50:18.2641175Z   workflow-job-context: {
  "os": {
    "id": "windows-latest",
    "name": "Windows"
  },
  "java": {
    "version": 17,
    "toolchain": false
  }
}
2025-04-14T22:50:18.2642120Z   github-token: ***
2025-04-14T22:50:18.2642433Z env:
2025-04-14T22:50:18.2642930Z   JAVA_HOME: C:\hostedtoolcache\windows\Java_Liberica_jdk\17.0.14-10\x64
2025-04-14T22:50:18.2643619Z   JAVA_HOME_17_X64: C:\hostedtoolcache\windows\Java_Liberica_jdk\17.0.14-10\x64
2025-04-14T22:50:18.2644150Z ##[endgroup]
2025-04-14T22:50:19.1535946Z Setting GRADLE_USER_HOME to D:\a\.gradle to leverage (potentially) faster drive.
2025-04-14T22:50:19.1590873Z Merged default JDK locations into C:\Users\runneradmin\.m2\toolchains.xml
2025-04-14T22:50:19.1594600Z Preparing cache for cleanup.
2025-04-14T22:50:19.1601639Z ##[group]Restore Gradle state from cache
2025-04-14T22:50:19.6742900Z Cache hit for: gradle-home-v1|Windows-X64|ci[a53a018ab0dbe4f762ecb87a04bf2353]-34a43c1f87031289845f1e5ff81bd600e00c1a25
2025-04-14T22:50:20.9911655Z Received 12582912 of 527803178 (2.4%), 11.8 MBs/sec
2025-04-14T22:50:22.0068024Z Received 125829120 of 527803178 (23.8%), 59.0 MBs/sec
2025-04-14T22:50:23.0131074Z Received 188743680 of 527803178 (35.8%), 59.3 MBs/sec
2025-04-14T22:50:24.0066270Z Received 268435456 of 527803178 (50.9%), 63.5 MBs/sec
2025-04-14T22:50:25.2905318Z Received 402653184 of 527803178 (76.3%), 72.2 MBs/sec
2025-04-14T22:50:26.3978551Z Received 527803178 of 527803178 (100.0%), 78.4 MBs/sec
2025-04-14T22:50:26.3984850Z Cache Size: ~503 MB (527803178 B)
2025-04-14T22:50:26.4119021Z [command]"C:\Program Files\Git\usr\bin\tar.exe" -xf D:/a/_temp/05372c93-29c4-4917-808f-a9305713b249/cache.tzst -P -C D:/a/spring-boot/spring-boot --force-local --use-compress-program "zstd -d"
2025-04-14T22:50:30.2835042Z Cache restored successfully
2025-04-14T22:50:30.3046631Z Restored cache entry with key gradle-home-v1|Windows-X64|ci[a53a018ab0dbe4f762ecb87a04bf2353]-34a43c1f87031289845f1e5ff81bd600e00c1a25 to D:\a\.gradle\caches,D:\a\.gradle\notifications,D:\a\.gradle\.setup-gradle in 11130ms
2025-04-14T22:50:30.9309858Z Cache hit for: gradle-wrapper-zips-v1-f82d94dd741812d9afc7aad8d4ab116c
2025-04-14T22:50:30.9431613Z Cache hit for: gradle-wrapper-zips-v1-290df3079c8f8c14b9ed0453428333f8
2025-04-14T22:50:30.9439339Z Cache hit for: gradle-generated-gradle-jars-v1-3942538a3561f85d8699788d33ae5026
2025-04-14T22:50:30.9593007Z Cache hit for: gradle-dependencies-v1-4e22c838565be8eec9f693cad2fb1d98
2025-04-14T22:50:30.9599060Z Cache hit for: gradle-wrapper-zips-v1-2404ef08b03d28a6a12a9811a47b570f
2025-04-14T22:50:30.9606679Z Cache hit for: gradle-generated-gradle-jars-v1-697f81ec8d80712ce7da03f513960371
2025-04-14T22:50:30.9625547Z Cache hit for: gradle-groovy-dsl-v1-de40ef35074faed71082fa461e65f3b7
2025-04-14T22:50:30.9634601Z Cache hit for: gradle-instrumented-jars-v1-8c03867808ee4af5d02a739b13315827
2025-04-14T22:50:30.9655989Z Cache hit for: gradle-transforms-v1-a407f666999b9a6d99e6df83fa741bfc
2025-04-14T22:50:31.4275063Z Received 26218 of 26218 (100.0%), 0.2 MBs/sec
2025-04-14T22:50:31.4280959Z Cache Size: ~0 MB (26218 B)
2025-04-14T22:50:31.4326466Z [command]"C:\Program Files\Git\usr\bin\tar.exe" -xf D:/a/_temp/0e547ea7-b7e1-4f40-a958-7b5aee9bc80e/cache.tzst -P -C D:/a/spring-boot/spring-boot --force-local --use-compress-program "zstd -d"
2025-04-14T22:50:31.4825140Z Cache restored successfully
2025-04-14T22:50:31.4833964Z Restored cache entry with key gradle-generated-gradle-jars-v1-3942538a3561f85d8699788d33ae5026 to D:\a\.gradle\caches\8.13\generated-gradle-jars\gradle-test-kit-8.13.jar in 1176ms
2025-04-14T22:50:31.7524195Z Received 776066 of 776066 (100.0%), 1.6 MBs/sec
2025-04-14T22:50:31.7525586Z Cache Size: ~1 MB (776066 B)
2025-04-14T22:50:31.7543182Z [command]"C:\Program Files\Git\usr\bin\tar.exe" -xf D:/a/_temp/3baf914d-d137-4e32-82f0-3f3ec97bb68d/cache.tzst -P -C D:/a/spring-boot/spring-boot --force-local --use-compress-program "zstd -d"
2025-04-14T22:50:31.8764645Z Received 40868776 of 40868776 (100.0%), 45.9 MBs/sec
2025-04-14T22:50:31.8769514Z Cache Size: ~39 MB (40868776 B)
2025-04-14T22:50:31.9148510Z [command]"C:\Program Files\Git\usr\bin\tar.exe" -xf D:/a/_temp/a03d5dca-3cc5-47b5-b7ac-620fcb1d1e0b/cache.tzst -P -C D:/a/spring-boot/spring-boot --force-local --use-compress-program "zstd -d"
2025-04-14T22:50:32.0557655Z Received 1331843 of 1331843 (100.0%), 1.9 MBs/sec
2025-04-14T22:50:32.0564366Z Cache Size: ~1 MB (1331843 B)
2025-04-14T22:50:32.0891827Z [command]"C:\Program Files\Git\usr\bin\tar.exe" -xf D:/a/_temp/2a4d6a5c-1753-41d5-a047-099ba61f82b9/cache.tzst -P -C D:/a/spring-boot/spring-boot --force-local --use-compress-program "zstd -d"
2025-04-14T22:50:32.4251918Z Received 16777216 of 130035915 (12.9%), 13.2 MBs/sec
2025-04-14T22:50:32.4255342Z Received 12582912 of 121812828 (10.3%), 10.1 MBs/sec
2025-04-14T22:50:32.4256492Z Received 16777216 of 136206603 (12.3%), 14.2 MBs/sec
2025-04-14T22:50:32.4257179Z Received 0 of 1008885760 (0.0%), 0.0 MBs/sec
2025-04-14T22:50:32.4257760Z Received 0 of 105475978 (0.0%), 0.0 MBs/sec
2025-04-14T22:50:32.5785240Z Cache restored successfully
2025-04-14T22:50:32.8235889Z Restored cache entry with key gradle-generated-gradle-jars-v1-697f81ec8d80712ce7da03f513960371 to D:\a\.gradle\caches\8.13\generated-gradle-jars\gradle-api-8.13.jar in 2517ms
2025-04-14T22:50:33.6633161Z Received 75497472 of 130035915 (58.1%), 29.3 MBs/sec
2025-04-14T22:50:33.6634163Z Received 62914560 of 121812828 (51.6%), 24.8 MBs/sec
2025-04-14T22:50:33.6634956Z Received 83886080 of 136206603 (61.6%), 33.8 MBs/sec
2025-04-14T22:50:33.6635667Z Received 41943040 of 1008885760 (4.2%), 17.1 MBs/sec
2025-04-14T22:50:33.6636540Z Received 33554432 of 105475978 (31.8%), 14.0 MBs/sec
2025-04-14T22:50:33.8239271Z Cache restored successfully
2025-04-14T22:50:33.9875153Z Restored cache entry with key gradle-instrumented-jars-v1-8c03867808ee4af5d02a739b13315827 to D:\a\.gradle\caches\jars-*\*/ in 3678ms
2025-04-14T22:50:34.8471965Z Received 117453003 of 130035915 (90.3%), 30.8 MBs/sec
2025-04-14T22:50:34.8472709Z Received 104857600 of 121812828 (86.1%), 27.7 MBs/sec
2025-04-14T22:50:34.8473386Z Received 134217728 of 136206603 (98.5%), 36.1 MBs/sec
2025-04-14T22:50:34.8474521Z Received 62914560 of 1008885760 (6.2%), 17.0 MBs/sec
2025-04-14T22:50:34.8475300Z Received 54525952 of 105475978 (51.7%), 15.0 MBs/sec
2025-04-14T22:50:34.9613877Z Received 136206603 of 136206603 (100.0%), 35.5 MBs/sec
2025-04-14T22:50:34.9617067Z Cache Size: ~130 MB (136206603 B)
2025-04-14T22:50:34.9652353Z [command]"C:\Program Files\Git\usr\bin\tar.exe" -xf D:/a/_temp/25911fbb-62db-4a2a-b4d1-d0ba5b8048c7/cache.tzst -P -C D:/a/spring-boot/spring-boot --force-local --use-compress-program "zstd -d"
2025-04-14T22:50:35.2495574Z Received 130035915 of 130035915 (100.0%), 30.7 MBs/sec
2025-04-14T22:50:35.2496489Z Cache Size: ~124 MB (130035915 B)
2025-04-14T22:50:35.3489386Z Cache restored successfully
2025-04-14T22:50:35.3538190Z Restored cache entry with key gradle-groovy-dsl-v1-de40ef35074faed71082fa461e65f3b7 to D:\a\.gradle\caches\*\groovy-dsl\*/ in 5043ms
2025-04-14T22:50:35.3650710Z [command]"C:\Program Files\Git\usr\bin\tar.exe" -xf D:/a/_temp/bb665b2b-7f88-4ceb-b0a0-08cdbc6a8cfe/cache.tzst -P -C D:/a/spring-boot/spring-boot --force-local --use-compress-program "zstd -d"
2025-04-14T22:50:35.4015070Z Cache restored successfully
2025-04-14T22:50:35.4108454Z Restored cache entry with key gradle-wrapper-zips-v1-2404ef08b03d28a6a12a9811a47b570f to D:\a\.gradle\wrapper\dists\gradle-8.13-bin\5xuhj0ry160q40clulazy9h7d in 5102ms
2025-04-14T22:50:35.9280136Z Received 121812828 of 121812828 (100.0%), 24.8 MBs/sec
2025-04-14T22:50:35.9281661Z Cache Size: ~116 MB (121812828 B)
2025-04-14T22:50:35.9284606Z Received 113246208 of 1008885760 (11.2%), 23.5 MBs/sec
2025-04-14T22:50:35.9285160Z Received 101281674 of 105475978 (96.0%), 21.2 MBs/sec
2025-04-14T22:50:35.9433224Z Cache restored successfully
2025-04-14T22:50:35.9472898Z [command]"C:\Program Files\Git\usr\bin\tar.exe" -xf D:/a/_temp/65600a74-829c-4a69-93fc-dcc82deb077d/cache.tzst -P -C D:/a/spring-boot/spring-boot --force-local --use-compress-program "zstd -d"
2025-04-14T22:50:35.9513271Z Restored cache entry with key gradle-wrapper-zips-v1-f82d94dd741812d9afc7aad8d4ab116c to D:\a\.gradle\wrapper\dists\gradle-8.4-bin\1w5dpkrfk8irigvoxmyhowfim in 5643ms
2025-04-14T22:50:36.5049922Z Cache restored successfully
2025-04-14T22:50:36.5112779Z Restored cache entry with key gradle-wrapper-zips-v1-290df3079c8f8c14b9ed0453428333f8 to D:\a\.gradle\wrapper\dists\gradle-7.6.4-bin\eq47ircvekz8t0m2yd28ebfsh in 6203ms
2025-04-14T22:50:37.1402554Z Received 105475978 of 105475978 (100.0%), 17.5 MBs/sec
2025-04-14T22:50:37.1404058Z Cache Size: ~101 MB (105475978 B)
2025-04-14T22:50:37.1406156Z Received 150994944 of 1008885760 (15.0%), 24.8 MBs/sec
2025-04-14T22:50:37.2038711Z [command]"C:\Program Files\Git\usr\bin\tar.exe" -xf D:/a/_temp/55b175cc-94f9-41a3-955e-b65d29835804/cache.tzst -P -C D:/a/spring-boot/spring-boot --force-local --use-compress-program "zstd -d"
2025-04-14T22:50:38.1447770Z Received 247463936 of 1008885760 (24.5%), 34.6 MBs/sec
2025-04-14T22:50:39.1972306Z Received 268435456 of 1008885760 (26.6%), 32.5 MBs/sec
2025-04-14T22:50:39.3680972Z Cache restored successfully
2025-04-14T22:50:39.3753776Z Restored cache entry with key gradle-transforms-v1-a407f666999b9a6d99e6df83fa741bfc to D:\a\.gradle\caches\transforms-4\*/,D:\a\.gradle\caches\*\transforms\*/ in 9065ms
2025-04-14T22:50:40.1909177Z Received 322961408 of 1008885760 (32.0%), 34.7 MBs/sec
2025-04-14T22:50:41.1916691Z Received 394264576 of 1008885760 (39.1%), 38.1 MBs/sec
2025-04-14T22:50:42.1916300Z Received 402653184 of 1008885760 (39.9%), 35.3 MBs/sec
2025-04-14T22:50:43.1930511Z Received 473956352 of 1008885760 (47.0%), 38.1 MBs/sec
2025-04-14T22:50:44.2040153Z Received 532676608 of 1008885760 (52.8%), 39.4 MBs/sec
2025-04-14T22:50:45.2156532Z Received 566231040 of 1008885760 (56.1%), 38.9 MBs/sec
2025-04-14T22:50:46.2198191Z Received 650117120 of 1008885760 (64.4%), 41.6 MBs/sec
2025-04-14T22:50:47.2257323Z Received 687865856 of 1008885760 (68.2%), 41.3 MBs/sec
2025-04-14T22:50:48.2297444Z Received 784334848 of 1008885760 (77.7%), 44.2 MBs/sec
2025-04-14T22:50:49.2295529Z Received 843055104 of 1008885760 (83.6%), 44.9 MBs/sec
2025-04-14T22:50:50.2316647Z Received 935329792 of 1008885760 (92.7%), 47.2 MBs/sec
2025-04-14T22:50:51.2364162Z Received 994050048 of 1008885760 (98.5%), 47.6 MBs/sec
2025-04-14T22:50:51.4795620Z Received 1008885760 of 1008885760 (100.0%), 47.7 MBs/sec
2025-04-14T22:50:51.4801235Z Cache Size: ~962 MB (1008885760 B)
2025-04-14T22:50:51.4919550Z [command]"C:\Program Files\Git\usr\bin\tar.exe" -xf D:/a/_temp/0408f500-e3ef-481f-961a-c971d0a71ed8/cache.tzst -P -C D:/a/spring-boot/spring-boot --force-local --use-compress-program "zstd -d"
2025-04-14T22:50:53.7989437Z Cache restored successfully
2025-04-14T22:50:53.8497505Z Restored cache entry with key gradle-dependencies-v1-4e22c838565be8eec9f693cad2fb1d98 to D:\a\.gradle\caches\modules-*\files-*\*\*\*\* in 23540ms
2025-04-14T22:50:53.8879833Z ##[endgroup]
2025-04-14T22:50:54.7055993Z ##[group]All Gradle Wrapper jars are valid
2025-04-14T22:50:54.7057275Z âœ“ Found known Gradle Wrapper JAR files:
2025-04-14T22:50:54.7058553Z   81a82aaea5abcc8ff68b3dfcb58b3c3c429378efd98e7433460610fecd7ae45f gradle\wrapper\gradle-wrapper.jar
2025-04-14T22:50:54.7059725Z ##[endgroup]
2025-04-14T22:50:54.7078957Z Requesting short-lived Develocity access token for ge.spring.io
2025-04-14T22:50:54.8526787Z ##[group]Run gradle/actions/setup-gradle@06832c7b30a0129d7fb559bcc6e43d26f6374244
2025-04-14T22:50:54.8527230Z with:
2025-04-14T22:50:54.8527686Z   develocity-access-key: ***
2025-04-14T22:50:54.8527991Z   develocity-token-expiry: 4
2025-04-14T22:50:54.8528275Z   cache-disabled: false
2025-04-14T22:50:54.8528543Z   cache-read-only: false
2025-04-14T22:50:54.8528816Z   cache-write-only: false
2025-04-14T22:50:54.8529095Z   cache-overwrite-existing: false
2025-04-14T22:50:54.8529583Z   cache-cleanup: on-success
2025-04-14T22:50:54.8530061Z   gradle-home-cache-includes: caches
notifications

2025-04-14T22:50:54.8530547Z   add-job-summary: always
2025-04-14T22:50:54.8530858Z   add-job-summary-as-pr-comment: never
2025-04-14T22:50:54.8531190Z   dependency-graph: disabled
2025-04-14T22:50:54.8531536Z   dependency-graph-report-dir: dependency-graph-reports
2025-04-14T22:50:54.8531938Z   dependency-graph-continue-on-failure: true
2025-04-14T22:50:54.8532280Z   build-scan-publish: false
2025-04-14T22:50:54.8532558Z   validate-wrappers: true
2025-04-14T22:50:54.8532837Z   allow-snapshot-wrappers: false
2025-04-14T22:50:54.8533147Z   gradle-home-cache-strict-match: false
2025-04-14T22:50:54.8533698Z   workflow-job-context: {
  "os": {
    "id": "windows-latest",
    "name": "Windows"
  },
  "java": {
    "version": 17,
    "toolchain": false
  }
}
2025-04-14T22:50:54.8534346Z   github-token: ***
2025-04-14T22:50:54.8534585Z env:
2025-04-14T22:50:54.8534912Z   JAVA_HOME: C:\hostedtoolcache\windows\Java_Liberica_jdk\17.0.14-10\x64
2025-04-14T22:50:54.8535570Z   JAVA_HOME_17_X64: C:\hostedtoolcache\windows\Java_Liberica_jdk\17.0.14-10\x64
2025-04-14T22:50:54.8536177Z   GRADLE_ACTION_ID: gradle/actions/setup-gradle
2025-04-14T22:50:54.8536687Z   GRADLE_USER_HOME: D:\a\.gradle
2025-04-14T22:50:54.8537004Z   GRADLE_BUILD_ACTION_SETUP_COMPLETED: true
2025-04-14T22:50:54.8537342Z   GRADLE_BUILD_ACTION_CACHE_RESTORED: true
2025-04-14T22:50:54.8537831Z   DEVELOCITY_INJECTION_INIT_SCRIPT_NAME: gradle-actions.inject-develocity.init.gradle
2025-04-14T22:50:54.8538343Z   DEVELOCITY_AUTO_INJECTION_CUSTOM_VALUE: gradle-actions
2025-04-14T22:50:54.8555838Z   DEVELOCITY_ACCESS_KEY: ***
2025-04-14T22:50:54.8573055Z   GRADLE_ENTERPRISE_ACCESS_KEY: ***
2025-04-14T22:50:54.8573421Z   GITHUB_DEPENDENCY_GRAPH_ENABLED: false
2025-04-14T22:50:54.8573794Z ##[endgroup]
2025-04-14T22:50:55.5202542Z Gradle setup only performed on first gradle/actions step in workflow.
2025-04-14T22:50:55.5405662Z ##[group]Run mkdir -p $HOME/.gradle
2025-04-14T22:50:55.5406034Z [36;1mmkdir -p $HOME/.gradle[0m
2025-04-14T22:50:55.5406522Z [36;1mecho 'systemProp.user.name=spring-builds+github' >> $HOME/.gradle/gradle.properties[0m
2025-04-14T22:50:55.5408040Z [36;1mecho 'systemProp.org.gradle.internal.launcher.welcomeMessageEnabled=false' >> $HOME/.gradle/gradle.properties[0m
2025-04-14T22:50:55.5408801Z [36;1mecho 'org.gradle.daemon=false' >> $HOME/.gradle/gradle.properties[0m
2025-04-14T22:50:55.5423387Z shell: C:\Program Files\Git\bin\bash.EXE --noprofile --norc -e -o pipefail {0}
2025-04-14T22:50:55.5423828Z env:
2025-04-14T22:50:55.5424155Z   JAVA_HOME: C:\hostedtoolcache\windows\Java_Liberica_jdk\17.0.14-10\x64
2025-04-14T22:50:55.5424668Z   JAVA_HOME_17_X64: C:\hostedtoolcache\windows\Java_Liberica_jdk\17.0.14-10\x64
2025-04-14T22:50:55.5425117Z   GRADLE_ACTION_ID: gradle/actions/setup-gradle
2025-04-14T22:50:55.5425445Z   GRADLE_USER_HOME: D:\a\.gradle
2025-04-14T22:50:55.5425762Z   GRADLE_BUILD_ACTION_SETUP_COMPLETED: true
2025-04-14T22:50:55.5426104Z   GRADLE_BUILD_ACTION_CACHE_RESTORED: true
2025-04-14T22:50:55.5426580Z   DEVELOCITY_INJECTION_INIT_SCRIPT_NAME: gradle-actions.inject-develocity.init.gradle
2025-04-14T22:50:55.5427128Z   DEVELOCITY_AUTO_INJECTION_CUSTOM_VALUE: gradle-actions
2025-04-14T22:50:55.5443684Z   DEVELOCITY_ACCESS_KEY: ***
2025-04-14T22:50:55.5459942Z   GRADLE_ENTERPRISE_ACCESS_KEY: ***
2025-04-14T22:50:55.5460301Z   GITHUB_DEPENDENCY_GRAPH_ENABLED: false
2025-04-14T22:50:55.5460809Z ##[endgroup]
2025-04-14T22:50:56.0935455Z ##[group]Run ./gradlew build
2025-04-14T22:50:56.0936011Z [36;1m./gradlew build[0m
2025-04-14T22:50:56.0952502Z shell: C:\Program Files\Git\bin\bash.EXE --noprofile --norc -e -o pipefail {0}
2025-04-14T22:50:56.0952941Z env:
2025-04-14T22:50:56.0953469Z   JAVA_HOME: C:\hostedtoolcache\windows\Java_Liberica_jdk\17.0.14-10\x64
2025-04-14T22:50:56.0954182Z   JAVA_HOME_17_X64: C:\hostedtoolcache\windows\Java_Liberica_jdk\17.0.14-10\x64
2025-04-14T22:50:56.0954637Z   GRADLE_ACTION_ID: gradle/actions/setup-gradle
2025-04-14T22:50:56.0955130Z   GRADLE_USER_HOME: D:\a\.gradle
2025-04-14T22:50:56.0955454Z   GRADLE_BUILD_ACTION_SETUP_COMPLETED: true
2025-04-14T22:50:56.0955803Z   GRADLE_BUILD_ACTION_CACHE_RESTORED: true
2025-04-14T22:50:56.0956438Z   DEVELOCITY_INJECTION_INIT_SCRIPT_NAME: gradle-actions.inject-develocity.init.gradle
2025-04-14T22:50:56.0956963Z   DEVELOCITY_AUTO_INJECTION_CUSTOM_VALUE: gradle-actions
2025-04-14T22:50:56.0973944Z   DEVELOCITY_ACCESS_KEY: ***
2025-04-14T22:50:56.0990682Z   GRADLE_ENTERPRISE_ACCESS_KEY: ***
2025-04-14T22:50:56.0991025Z   GITHUB_DEPENDENCY_GRAPH_ENABLED: false
2025-04-14T22:50:56.0991341Z   COMMERCIAL_RELEASE_REPO_URL: 
2025-04-14T22:50:56.0991849Z   COMMERCIAL_REPO_PASSWORD: ***
2025-04-14T22:50:56.0992177Z   COMMERCIAL_REPO_USERNAME: ***
2025-04-14T22:50:56.0992454Z   COMMERCIAL_SNAPSHOT_REPO_URL: 
2025-04-14T22:50:56.0992731Z ##[endgroup]
2025-04-14T22:50:57.4340777Z Starting a Gradle Daemon (subsequent builds will be faster)
2025-04-14T22:51:08.5438359Z > Task :buildSrc:checkFormatMain FROM-CACHE
2025-04-14T22:51:15.9549043Z > Task :buildSrc:checkFormatTest FROM-CACHE
2025-04-14T22:51:15.9549835Z > Task :buildSrc:checkFormat UP-TO-DATE
2025-04-14T22:51:15.9550405Z > Task :buildSrc:compileJava
2025-04-14T22:51:16.0354568Z > Task :buildSrc:compileGroovy NO-SOURCE
2025-04-14T22:51:16.0457995Z > Task :buildSrc:pluginDescriptors
2025-04-14T22:51:16.0468615Z > Task :buildSrc:processResources
2025-04-14T22:51:16.0470219Z > Task :buildSrc:classes
2025-04-14T22:51:16.7259244Z > Task :buildSrc:compileTestJava FROM-CACHE
2025-04-14T22:51:16.7271457Z > Task :buildSrc:compileTestGroovy NO-SOURCE
2025-04-14T22:51:16.7337187Z > Task :buildSrc:processTestResources
2025-04-14T22:51:16.7573607Z > Task :buildSrc:testClasses
2025-04-14T22:51:17.2418077Z > Task :buildSrc:pluginUnderTestMetadata
2025-04-14T22:51:29.9760495Z > Task :buildSrc:checkstyleTest
2025-04-14T22:51:32.8276895Z > Task :buildSrc:checkstyleMain
2025-04-14T22:51:47.4760340Z > Task :buildSrc:test
2025-04-14T22:52:26.5298317Z OpenJDK 64-Bit Server VM warning: Sharing is only supported for boot loader classes because bootstrap classpath has been appended
2025-04-14T22:52:26.5299375Z 
2025-04-14T22:53:00.8291894Z 
2025-04-14T22:53:00.8293470Z > Task :buildSrc:validatePlugins
2025-04-14T22:53:00.8294296Z > Task :buildSrc:check
2025-04-14T22:53:01.0305493Z > Task :buildSrc:jar
2025-04-14T22:53:36.0384749Z > Task :assemble UP-TO-DATE
2025-04-14T22:53:36.0385329Z > Task :check UP-TO-DATE
2025-04-14T22:53:36.0386354Z > Task :build UP-TO-DATE
2025-04-14T22:53:36.0387129Z > Task :spring-boot-project:spring-boot:checkKotlinGradlePluginConfigurationErrors
2025-04-14T22:53:36.1392012Z > Task :spring-boot-project:spring-boot-actuator:processResources
2025-04-14T22:53:36.1400281Z > Task :spring-boot-project:spring-boot-actuator:extractLegalResources
2025-04-14T22:53:36.4592983Z > Task :spring-boot-project:spring-boot:syncJavaTemplates
2025-04-14T22:53:36.6301544Z > Task :spring-boot-project:spring-boot-actuator:sourcesJar
2025-04-14T22:53:40.3512824Z > Task :spring-boot-project:spring-boot-tools:spring-boot-configuration-processor:compileJava FROM-CACHE
2025-04-14T22:53:40.3514965Z > Task :spring-boot-project:spring-boot-tools:spring-boot-configuration-processor:processResources
2025-04-14T22:53:40.3516552Z > Task :spring-boot-project:spring-boot-tools:spring-boot-configuration-processor:classes
2025-04-14T22:53:40.3533455Z > Task :spring-boot-project:spring-boot-tools:spring-boot-configuration-processor:extractLegalResources
2025-04-14T22:53:40.3540029Z > Task :spring-boot-project:spring-boot-tools:spring-boot-configuration-processor:jar
2025-04-14T22:53:40.3545441Z > Task :spring-boot-project:spring-boot-autoconfigure:processResources
2025-04-14T22:53:40.4545968Z > Task :spring-boot-project:spring-boot-tools:spring-boot-autoconfigure-processor:compileJava FROM-CACHE
2025-04-14T22:53:40.4553308Z > Task :spring-boot-project:spring-boot-tools:spring-boot-autoconfigure-processor:processResources
2025-04-14T22:53:40.4554945Z > Task :spring-boot-project:spring-boot-tools:spring-boot-autoconfigure-processor:classes
2025-04-14T22:53:40.4560455Z > Task :spring-boot-project:spring-boot-tools:spring-boot-autoconfigure-processor:extractLegalResources
2025-04-14T22:53:40.4568744Z > Task :spring-boot-project:spring-boot-tools:spring-boot-autoconfigure-processor:jar
2025-04-14T22:53:40.4575354Z > Task :spring-boot-project:spring-boot-test:checkKotlinGradlePluginConfigurationErrors
2025-04-14T22:53:40.4579706Z > Task :spring-boot-project:spring-boot-autoconfigure:extractLegalResources
2025-04-14T22:53:40.4583719Z > Task :spring-boot-project:spring-boot-test:processResources
2025-04-14T22:53:40.4587513Z > Task :spring-boot-project:spring-boot-test:extractLegalResources
2025-04-14T22:53:40.4592241Z > Task :spring-boot-project:spring-boot-tools:spring-boot-test-support-docker:processResources NO-SOURCE
2025-04-14T22:53:40.4596704Z > Task :spring-boot-project:spring-boot-tools:spring-boot-test-support-docker:extractLegalResources
2025-04-14T22:53:40.4601266Z > Task :spring-boot-project:spring-boot-actuator-autoconfigure:antoraSourceZip
2025-04-14T22:53:40.4605510Z > Task :spring-boot-project:spring-boot-actuator-autoconfigure:processResources
2025-04-14T22:53:40.4609737Z > Task :spring-boot-project:spring-boot-actuator-autoconfigure:extractLegalResources
2025-04-14T22:53:40.7494426Z > Task :spring-boot-project:spring-boot-actuator-autoconfigure:sourcesJar
2025-04-14T22:53:47.0303403Z > Task :spring-boot-project:spring-boot-actuator:generatePomFileForMavenPublication
2025-04-14T22:53:47.0305352Z > Task :spring-boot-project:spring-boot-actuator:checkAdditionalSpringConfigurationMetadata
2025-04-14T22:53:47.0306470Z > Task :spring-boot-project:spring-boot-actuator:processTestResources
2025-04-14T22:53:48.2303310Z > Task :spring-boot-project:spring-boot-actuator:checkFormatDockerTest
2025-04-14T22:53:49.6694815Z > Task :spring-boot-project:spring-boot-tools:spring-boot-test-support:compileJava FROM-CACHE
2025-04-14T22:53:49.6898767Z > Task :spring-boot-project:spring-boot-tools:spring-boot-test-support:processResources NO-SOURCE
2025-04-14T22:53:49.6983998Z > Task :spring-boot-project:spring-boot-tools:spring-boot-test-support:classes UP-TO-DATE
2025-04-14T22:53:49.7020137Z > Task :spring-boot-project:spring-boot-tools:spring-boot-test-support:extractLegalResources
2025-04-14T22:53:49.7021446Z > Task :spring-boot-project:spring-boot-tools:spring-boot-test-support:jar
2025-04-14T22:53:50.4514715Z > Task :spring-boot-project:spring-boot-actuator:checkFormatMain
2025-04-14T22:53:52.6678313Z > Task :spring-boot-project:spring-boot-actuator:checkFormatTest
2025-04-14T22:53:52.6680385Z > Task :spring-boot-project:spring-boot-actuator:checkFormat
2025-04-14T22:53:52.6683668Z > Task :spring-boot-project:spring-boot-actuator:processDockerTestResources NO-SOURCE
2025-04-14T22:53:52.6684774Z > Task :spring-boot-project:spring-boot-actuator:checkstyleNohttp FROM-CACHE
2025-04-14T22:53:52.6685757Z > Task :spring-boot-project:spring-boot-actuator:reclaimDockerSpace SKIPPED
2025-04-14T22:53:54.9294212Z > Task :spring-boot-project:spring-boot-dependencies:createResolvedBom
2025-04-14T22:53:56.2439459Z > Task :spring-boot-project:spring-boot-autoconfigure:sourcesJar
2025-04-14T22:54:06.4412321Z > Task :spring-boot-project:spring-boot-autoconfigure:generatePomFileForMavenPublication
2025-04-14T22:54:06.4422551Z > Task :spring-boot-project:spring-boot-autoconfigure:checkAdditionalSpringConfigurationMetadata
2025-04-14T22:54:06.4481084Z > Task :spring-boot-project:spring-boot-tools:spring-boot-test-support-docker:compileJava FROM-CACHE
2025-04-14T22:54:06.4482532Z > Task :spring-boot-project:spring-boot-tools:spring-boot-test-support-docker:classes UP-TO-DATE
2025-04-14T22:54:06.4486604Z > Task :spring-boot-project:spring-boot-tools:spring-boot-test-support-docker:jar
2025-04-14T22:54:06.4490579Z > Task :spring-boot-project:spring-boot-dependencies:generateMetadataFileForMavenPublication SKIPPED
2025-04-14T22:54:06.4495321Z > Task :spring-boot-project:spring-boot:compileKotlin
2025-04-14T22:54:06.7281405Z > Task :spring-boot-project:spring-boot-dependencies:generatePomFileForMavenPublication
2025-04-14T22:54:06.7284067Z > Task :spring-boot-project:spring-boot-autoconfigure:processTestResources
2025-04-14T22:54:06.7697396Z > Task :spring-boot-project:spring-boot-dependencies:publishMavenPublicationToProjectRepository
2025-04-14T22:54:06.8831334Z > Task :spring-boot-project:spring-boot-dependencies:assemble
2025-04-14T22:54:07.4508218Z > Task :spring-boot-project:spring-boot-autoconfigure:checkFormatDockerTest
2025-04-14T22:54:08.8470950Z > Task :spring-boot-project:spring-boot-dependencies:bomrCheck
2025-04-14T22:54:08.9065801Z > Task :spring-boot-project:spring-boot:processResources
2025-04-14T22:54:08.9990425Z > Task :spring-boot-project:spring-boot:extractLegalResources
2025-04-14T22:54:09.2615892Z > Task :spring-boot-project:spring-boot:sourcesJar
2025-04-14T22:54:09.4778978Z > Task :spring-boot-project:spring-boot:generatePomFileForMavenPublication
2025-04-14T22:54:09.4815550Z > Task :spring-boot-project:spring-boot:checkAdditionalSpringConfigurationMetadata
2025-04-14T22:54:09.6303648Z > Task :spring-boot-project:spring-boot:processTestResources
2025-04-14T22:54:09.7388921Z > Task :spring-boot-project:spring-boot:checkCompileClasspathForProhibitedDependencies
2025-04-14T22:54:10.2525025Z > Task :spring-boot-project:spring-boot-autoconfigure:checkFormatMain
2025-04-14T22:54:10.8436781Z > Task :spring-boot-project:spring-boot-actuator-autoconfigure:generatePomFileForMavenPublication
2025-04-14T22:54:14.1357559Z > Task :spring-boot-project:spring-boot:checkFormatMain
2025-04-14T22:54:14.7190611Z > Task :spring-boot-project:spring-boot-autoconfigure:checkFormatTest
2025-04-14T22:54:14.7194861Z > Task :spring-boot-project:spring-boot-autoconfigure:checkFormat
2025-04-14T22:54:14.7198019Z > Task :spring-boot-project:spring-boot-autoconfigure:processDockerTestResources
2025-04-14T22:54:14.7199349Z > Task :spring-boot-project:spring-boot-autoconfigure:checkstyleNohttp FROM-CACHE
2025-04-14T22:54:14.7200843Z > Task :spring-boot-project:spring-boot-autoconfigure:reclaimDockerSpace SKIPPED
2025-04-14T22:54:14.8598828Z > Task :spring-boot-project:spring-boot-dependencies:checkstyleNohttp FROM-CACHE
2025-04-14T22:54:14.8600620Z > Task :spring-boot-project:spring-boot-dependencies:check
2025-04-14T22:54:14.8602522Z > Task :spring-boot-project:spring-boot-dependencies:build
2025-04-14T22:54:14.8603942Z > Task :spring-boot-project:spring-boot-devtools:processResources
2025-04-14T22:54:14.8605431Z > Task :spring-boot-project:spring-boot-devtools:extractLegalResources
2025-04-14T22:54:15.1338562Z > Task :spring-boot-project:spring-boot-devtools:sourcesJar
2025-04-14T22:54:16.8645494Z > Task :spring-boot-project:spring-boot:checkFormatTest
2025-04-14T22:54:17.6292494Z > Task :spring-boot-project:spring-boot:checkFormatTestFixtures
2025-04-14T22:54:17.6303128Z > Task :spring-boot-project:spring-boot:checkFormat
2025-04-14T22:54:17.6409136Z > Task :spring-boot-project:spring-boot-devtools:generatePomFileForMavenPublication
2025-04-14T22:54:17.6414630Z > Task :spring-boot-project:spring-boot:checkRuntimeClasspathForProhibitedDependencies
2025-04-14T22:54:17.6417430Z > Task :spring-boot-project:spring-boot:processTestFixturesResources NO-SOURCE
2025-04-14T22:54:17.6433525Z > Task :spring-boot-project:spring-boot-devtools:checkAdditionalSpringConfigurationMetadata
2025-04-14T22:54:17.7587590Z > Task :spring-boot-project:spring-boot-devtools:processTestResources
2025-04-14T22:54:17.8715076Z > Task :spring-boot-project:spring-boot-actuator-autoconfigure:checkFormatMain FROM-CACHE
2025-04-14T22:54:17.8716657Z > Task :spring-boot-project:spring-boot:checkstyleNohttp FROM-CACHE
2025-04-14T22:54:18.0762316Z > Task :spring-boot-project:spring-boot:extractTomcatConfigProperties
2025-04-14T22:54:18.1176335Z > Task :spring-boot-project:spring-boot-starters:spring-boot-starter-logging:compileJava NO-SOURCE
2025-04-14T22:54:18.1226356Z > Task :spring-boot-project:spring-boot-starters:spring-boot-starter:processResources NO-SOURCE
2025-04-14T22:54:18.1480248Z > Task :spring-boot-project:spring-boot-starters:spring-boot-starter:extractLegalResources
2025-04-14T22:54:18.1514835Z > Task :spring-boot-project:spring-boot-starters:spring-boot-starter-json:processResources NO-SOURCE
2025-04-14T22:54:18.1577119Z > Task :spring-boot-project:spring-boot-starters:spring-boot-starter-json:extractLegalResources
2025-04-14T22:54:18.1607080Z > Task :spring-boot-project:spring-boot-starters:spring-boot-starter-logging:processResources NO-SOURCE
2025-04-14T22:54:18.2535750Z > Task :spring-boot-project:spring-boot-starters:spring-boot-starter-logging:classes UP-TO-DATE
2025-04-14T22:54:18.5878220Z > Task :spring-boot-project:spring-boot-starters:spring-boot-starter-logging:extractLegalResources
2025-04-14T22:54:18.5997099Z > Task :spring-boot-project:spring-boot-devtools:checkFormatIntTest
2025-04-14T22:54:18.6596997Z > Task :spring-boot-project:spring-boot-starters:spring-boot-starter-logging:jar
2025-04-14T22:54:19.0002390Z > Task :spring-boot-project:spring-boot-starters:spring-boot-starter-tomcat:compileJava NO-SOURCE
2025-04-14T22:54:19.0189493Z > Task :spring-boot-project:spring-boot-starters:spring-boot-starter-tomcat:processResources NO-SOURCE
2025-04-14T22:54:19.0192148Z > Task :spring-boot-project:spring-boot-starters:spring-boot-starter-tomcat:classes UP-TO-DATE
2025-04-14T22:54:19.0193864Z > Task :spring-boot-project:spring-boot-starters:spring-boot-starter-tomcat:extractLegalResources
2025-04-14T22:54:19.0194976Z > Task :spring-boot-project:spring-boot-starters:spring-boot-starter-tomcat:jar
2025-04-14T22:54:19.0200243Z > Task :spring-boot-project:spring-boot-actuator-autoconfigure:checkFormatTest FROM-CACHE
2025-04-14T22:54:19.0202213Z > Task :spring-boot-project:spring-boot-actuator-autoconfigure:checkstyleNohttp FROM-CACHE
2025-04-14T22:54:19.0225389Z > Task :spring-boot-project:spring-boot-starters:spring-boot-starter-web:processResources NO-SOURCE
2025-04-14T22:54:19.0227484Z > Task :spring-boot-project:spring-boot-starters:spring-boot-starter-web:extractLegalResources
2025-04-14T22:54:19.0239746Z > Task :spring-boot-project:spring-boot-docker-compose:processResources
2025-04-14T22:54:19.0240983Z > Task :spring-boot-project:spring-boot-actuator-autoconfigure:processTestResources
2025-04-14T22:54:19.0242859Z > Task :spring-boot-project:spring-boot-docker-compose:extractLegalResources
2025-04-14T22:54:19.0244104Z > Task :spring-boot-project:spring-boot-actuator-autoconfigure:copyAntoraPackageJson
2025-04-14T22:54:19.0245254Z > Task :spring-boot-project:spring-boot-devtools:checkFormatMain
2025-04-14T22:54:19.5031571Z > Task :spring-boot-project:spring-boot-docker-compose:sourcesJar
2025-04-14T22:54:19.5056207Z > Task :spring-boot-project:spring-boot-docker-compose:generatePomFileForMavenPublication
2025-04-14T22:54:19.5061519Z > Task :spring-boot-project:spring-boot-docker-compose:checkAdditionalSpringConfigurationMetadata NO-SOURCE
2025-04-14T22:54:19.5066590Z > Task :spring-boot-project:spring-boot-docker-compose:processTestResources
2025-04-14T22:54:19.7508757Z > Task :spring-boot-project:spring-boot-devtools:checkFormatTest
2025-04-14T22:54:19.7513314Z > Task :spring-boot-project:spring-boot-devtools:checkFormat
2025-04-14T22:54:19.7514567Z > Task :spring-boot-project:spring-boot-devtools:processIntTestResources NO-SOURCE
2025-04-14T22:54:19.7518887Z > Task :spring-boot-project:spring-boot-devtools:checkstyleNohttp FROM-CACHE
2025-04-14T22:54:19.7521568Z > Task :spring-boot-project:spring-boot-docs:checkKotlinGradlePluginConfigurationErrors
2025-04-14T22:54:19.7523472Z > Task :spring-boot-project:spring-boot-testcontainers:processResources
2025-04-14T22:54:20.1135006Z > Task :spring-boot-project:spring-boot-docker-compose:checkFormatDockerTest
2025-04-14T22:54:20.5866954Z > Task :spring-boot-project:spring-boot-tools:spring-boot-loader-tools:compileJava FROM-CACHE
2025-04-14T22:54:20.5868266Z > Task :spring-boot-project:spring-boot-tools:spring-boot-cli:processResources
2025-04-14T22:54:20.5869387Z > Task :spring-boot-project:spring-boot-tools:spring-boot-cli:extractLegalResources
2025-04-14T22:54:20.5872620Z > Task :spring-boot-project:spring-boot-docs:processResources
2025-04-14T22:54:20.5874321Z > Task :spring-boot-project:spring-boot-docs:extractLegalResources
2025-04-14T22:54:20.5875390Z > Task :spring-boot-project:spring-boot-tools:spring-boot-buildpack-platform:compileJava FROM-CACHE
2025-04-14T22:54:20.5876991Z > Task :spring-boot-project:spring-boot-docker-compose:checkFormatMain
2025-04-14T22:54:21.1811642Z > Task :spring-boot-project:spring-boot-docker-compose:checkFormatTest
2025-04-14T22:54:21.2227864Z > Task :spring-boot-project:spring-boot-docker-compose:checkFormat
2025-04-14T22:54:21.7869886Z > Task :spring-boot-project:spring-boot-tools:spring-boot-gradle-plugin:compileJava FROM-CACHE
2025-04-14T22:54:21.8156311Z > Task :spring-boot-project:spring-boot-tools:spring-boot-gradle-plugin:pluginDescriptors
2025-04-14T22:54:21.9380182Z > Task :spring-boot-project:spring-boot-tools:spring-boot-gradle-plugin:processResources
2025-04-14T22:54:21.9797171Z > Task :spring-boot-project:spring-boot-tools:spring-boot-gradle-plugin:classes
2025-04-14T22:54:22.5026254Z > Task :spring-boot-project:spring-boot-tools:spring-boot-gradle-plugin:javadoc FROM-CACHE
2025-04-14T22:54:22.5983189Z > Task :spring-boot-project:spring-boot-docker-compose:processDockerTestResources
2025-04-14T22:54:22.6295865Z > Task :spring-boot-project:spring-boot-docker-compose:checkstyleNohttp FROM-CACHE
2025-04-14T22:54:22.6352045Z > Task :spring-boot-project:spring-boot-docker-compose:reclaimDockerSpace SKIPPED
2025-04-14T22:54:22.6514390Z > Task :spring-boot-project:spring-boot-tools:spring-boot-maven-plugin:syncHelpMojoInputs
2025-04-14T22:54:22.6533785Z > Task :spring-boot-project:spring-boot-tools:spring-boot-gradle-plugin:zipGradlePluginAntoraCatalogContent
2025-04-14T22:54:22.7881913Z > Task :spring-boot-project:spring-boot-docs:copyGradlePluginAntoraCatalogContent
2025-04-14T22:54:22.7883855Z > Task :spring-boot-project:spring-boot-docs:generatePomFileForMavenPublication
2025-04-14T22:54:22.8381927Z > Task :spring-boot-project:spring-boot-test-autoconfigure:processResources
2025-04-14T22:54:22.8384652Z > Task :spring-boot-project:spring-boot-tools:spring-boot-buildpack-platform:processResources NO-SOURCE
2025-04-14T22:54:22.8387102Z > Task :spring-boot-project:spring-boot-tools:spring-boot-buildpack-platform:classes UP-TO-DATE
2025-04-14T22:54:23.0850153Z > Task :spring-boot-project:spring-boot-tools:spring-boot-buildpack-platform:javadoc FROM-CACHE
2025-04-14T22:54:23.2594962Z > Task :spring-boot-project:spring-boot-tools:spring-boot-loader:compileJava FROM-CACHE
2025-04-14T22:54:23.2616695Z > Task :spring-boot-project:spring-boot-tools:spring-boot-loader:processResources
2025-04-14T22:54:23.3329162Z > Task :spring-boot-project:spring-boot-tools:spring-boot-loader:classes
2025-04-14T22:54:23.3549293Z > Task :spring-boot-project:spring-boot-tools:spring-boot-loader:javadoc FROM-CACHE
2025-04-14T22:54:23.3594163Z > Task :spring-boot-project:spring-boot-tools:spring-boot-loader-tools:processResources
2025-04-14T22:54:23.9342960Z > Task :spring-boot-project:spring-boot-tools:spring-boot-loader-classic:compileJava FROM-CACHE
2025-04-14T22:54:23.9467244Z > Task :spring-boot-project:spring-boot-tools:spring-boot-loader-classic:processResources NO-SOURCE
2025-04-14T22:54:23.9958658Z > Task :spring-boot-project:spring-boot-tools:spring-boot-loader-classic:classes UP-TO-DATE
2025-04-14T22:54:23.9962265Z > Task :spring-boot-project:spring-boot-tools:spring-boot-loader-classic:extractLegalResources
2025-04-14T22:54:24.6666211Z > Task :spring-boot-project:spring-boot-tools:spring-boot-loader-classic:jar
2025-04-14T22:54:24.6676113Z > Task :spring-boot-project:spring-boot-tools:spring-boot-loader-tools:extractLegalResources
2025-04-14T22:54:24.6681907Z > Task :spring-boot-project:spring-boot-tools:spring-boot-loader-tools:reproducibleLoaderClassicJar
2025-04-14T22:54:24.6686407Z > Task :spring-boot-project:spring-boot-tools:spring-boot-loader:extractLegalResources
2025-04-14T22:54:25.1083010Z > Task :spring-boot-project:spring-boot-tools:spring-boot-loader:jar
2025-04-14T22:54:25.1245304Z > Task :spring-boot-project:spring-boot-tools:spring-boot-loader-tools:reproducibleLoaderJar
2025-04-14T22:54:25.4145279Z > Task :spring-boot-project:spring-boot-tools:spring-boot-jarmode-tools:compileJava FROM-CACHE
2025-04-14T22:54:25.8705312Z > Task :spring-boot-project:spring-boot-tools:spring-boot-jarmode-tools:processResources
2025-04-14T22:54:25.9129904Z > Task :spring-boot-project:spring-boot-tools:spring-boot-jarmode-tools:classes
2025-04-14T22:54:25.9198484Z > Task :spring-boot-project:spring-boot-tools:spring-boot-jarmode-tools:extractLegalResources
2025-04-14T22:54:26.0927596Z > Task :spring-boot-project:spring-boot-tools:spring-boot-jarmode-tools:jar
2025-04-14T22:54:26.1671433Z > Task :spring-boot-project:spring-boot-tools:spring-boot-loader-tools:toolsJar
2025-04-14T22:54:26.1714150Z > Task :spring-boot-project:spring-boot-tools:spring-boot-loader-tools:classes
2025-04-14T22:54:26.5474452Z > Task :spring-boot-project:spring-boot-tools:spring-boot-loader-tools:javadoc FROM-CACHE
2025-04-14T22:54:26.6807159Z > Task :spring-boot-project:spring-boot-docs:documentDependencyVersionCoordinates
2025-04-14T22:54:26.6813439Z > Task :spring-boot-project:spring-boot-docs:documentDependencyVersionProperties
2025-04-14T22:54:26.6823261Z > Task :spring-boot-project:spring-boot-docs:documentDevtoolsPropertyDefaults
2025-04-14T22:54:26.6827165Z > Task :spring-boot-project:spring-boot-starters:spring-boot-starter-jdbc:processResources NO-SOURCE
2025-04-14T22:54:26.6828707Z > Task :spring-boot-project:spring-boot-starters:spring-boot-starter-jdbc:extractLegalResources
2025-04-14T22:54:26.7219384Z > Task :spring-boot-project:spring-boot-starters:spring-boot-starter-validation:processResources NO-SOURCE
2025-04-14T22:54:26.9611317Z > Task :spring-boot-project:spring-boot-starters:spring-boot-starter-validation:extractLegalResources
2025-04-14T22:54:27.0361869Z > Task :spring-boot-project:spring-boot-starters:spring-boot-starter-jetty:starterMetadata
2025-04-14T22:54:27.0476128Z > Task :spring-boot-project:spring-boot-starters:spring-boot-starter-log4j2:starterMetadata
2025-04-14T22:54:27.0480871Z > Task :spring-boot-project:spring-boot-starters:spring-boot-starter-logging:starterMetadata
2025-04-14T22:54:27.0492068Z > Task :spring-boot-project:spring-boot-starters:spring-boot-starter-reactor-netty:starterMetadata
2025-04-14T22:54:27.2411906Z > Task :spring-boot-project:spring-boot-starters:spring-boot-starter-reactor-netty:compileJava NO-SOURCE
2025-04-14T22:54:27.2911956Z > Task :spring-boot-project:spring-boot-starters:spring-boot-starter-reactor-netty:processResources NO-SOURCE
2025-04-14T22:54:27.3204776Z > Task :spring-boot-project:spring-boot-starters:spring-boot-starter-reactor-netty:classes UP-TO-DATE
2025-04-14T22:54:27.3914219Z > Task :spring-boot-project:spring-boot-starters:spring-boot-starter-reactor-netty:extractLegalResources
2025-04-14T22:54:27.3920022Z > Task :spring-boot-project:spring-boot-starters:spring-boot-starter-reactor-netty:jar
2025-04-14T22:54:27.3950139Z > Task :spring-boot-project:spring-boot-test-autoconfigure:extractLegalResources
2025-04-14T22:54:27.4216449Z > Task :spring-boot-project:spring-boot-starters:spring-boot-starter-tomcat:starterMetadata
2025-04-14T22:54:27.4239700Z > Task :spring-boot-project:spring-boot-starters:spring-boot-starter-undertow:starterMetadata
2025-04-14T22:54:27.9310048Z > Task :spring-boot-project:spring-boot-docs:generateAntoraYml
2025-04-14T22:54:27.9312870Z > Task :spring-boot-project:spring-boot-docs:sourcesJar SKIPPED
2025-04-14T22:54:27.9315356Z > Task :spring-boot-project:spring-boot-docs:copyAntoraPackageJson
2025-04-14T22:54:29.0850895Z > Task :spring-boot-project:spring-boot-actuator-autoconfigure:nodeSetup
2025-04-14T22:54:29.0886217Z > Task :spring-boot-project:spring-boot-actuator-autoconfigure:npmSetup SKIPPED
2025-04-14T22:54:30.9026508Z > Task :spring-boot-project:spring-boot:compileJava FROM-CACHE
2025-04-14T22:54:30.9027775Z > Task :spring-boot-project:spring-boot:classes
2025-04-14T22:54:31.4804268Z > Task :spring-boot-project:spring-boot:jar
2025-04-14T22:54:33.2594396Z > Task :spring-boot-project:spring-boot:javadoc FROM-CACHE
2025-04-14T22:54:33.5306389Z > Task :spring-boot-project:spring-boot-tools:spring-boot-maven-plugin:generateHelpMojo
2025-04-14T22:54:34.0309783Z > Task :spring-boot-project:spring-boot-docs:nodeSetup
2025-04-14T22:54:34.6306132Z > Task :spring-boot-project:spring-boot:javadocJar
2025-04-14T22:54:34.7349718Z > Task :spring-boot-project:spring-boot:generateMetadataFileForMavenPublication
2025-04-14T22:54:34.7351427Z > Task :spring-boot-project:spring-boot:publishMavenPublicationToProjectRepository
2025-04-14T22:54:34.7352340Z > Task :spring-boot-project:spring-boot:assemble
2025-04-14T22:54:34.8758799Z > Task :spring-boot-project:spring-boot:checkAotFactories
2025-04-14T22:54:41.0678962Z > Task :spring-boot-project:spring-boot:checkArchitectureMain
2025-04-14T22:54:41.0698277Z > Task :spring-boot-project:spring-boot:compileTestFixturesKotlin NO-SOURCE
2025-04-14T22:54:41.4037104Z > Task :spring-boot-project:spring-boot:compileTestFixturesJava FROM-CACHE
2025-04-14T22:54:42.7525776Z > Task :spring-boot-project:spring-boot-actuator:compileJava FROM-CACHE
2025-04-14T22:54:42.7589586Z > Task :spring-boot-project:spring-boot-actuator:classes
2025-04-14T22:54:42.8645458Z > Task :spring-boot-project:spring-boot-actuator:jar
2025-04-14T22:54:43.5582210Z > Task :spring-boot-project:spring-boot-autoconfigure:compileJava FROM-CACHE
2025-04-14T22:54:48.3347814Z 
2025-04-14T22:54:48.3394170Z > Task :spring-boot-project:spring-boot-actuator-autoconfigure:antoraNpmInstall
2025-04-14T22:54:48.3398609Z patch-package 8.0.0
2025-04-14T22:54:48.3431161Z Applying patches...
2025-04-14T22:54:48.3436518Z @vscode/gulp-vinyl-zip@2.5.0 ?
2025-04-14T22:54:54.2289267Z 
2025-04-14T22:54:54.2290700Z > Task :spring-boot-project:spring-boot-actuator:javadoc
2025-04-14T22:54:54.4291317Z > Task :spring-boot-project:spring-boot-actuator:javadocJar
2025-04-14T22:54:54.5385470Z > Task :spring-boot-project:spring-boot-actuator:generateMetadataFileForMavenPublication
2025-04-14T22:54:54.5408976Z > Task :spring-boot-project:spring-boot-actuator:publishMavenPublicationToProjectRepository
2025-04-14T22:54:54.5421905Z > Task :spring-boot-project:spring-boot-actuator:assemble
2025-04-14T22:54:54.5534124Z > Task :spring-boot-project:spring-boot-actuator:checkAotFactories
2025-04-14T22:54:55.5780722Z > Task :spring-boot-project:spring-boot-actuator:checkArchitectureMain
2025-04-14T22:54:55.6382937Z > Task :spring-boot-project:spring-boot-actuator:checkCompileClasspathForProhibitedDependencies
2025-04-14T22:54:55.6438683Z > Task :spring-boot-project:spring-boot-autoconfigure:classes
2025-04-14T22:54:56.6295651Z > Task :spring-boot-project:spring-boot-autoconfigure:jar
2025-04-14T22:54:59.8310096Z > Task :spring-boot-project:spring-boot-actuator:checkRuntimeClasspathForProhibitedDependencies
2025-04-14T22:54:59.8312129Z > Task :spring-boot-project:spring-boot-actuator:checkSpringConfigurationMetadata
2025-04-14T22:54:59.8313123Z > Task :spring-boot-project:spring-boot-actuator:checkSpringFactories
2025-04-14T22:55:06.9071939Z > Task :spring-boot-project:spring-boot-actuator-autoconfigure:compileJava FROM-CACHE
2025-04-14T22:55:07.5067446Z > Task :spring-boot-project:spring-boot:checkSpringConfigurationMetadata
2025-04-14T22:55:07.5970449Z > Task :spring-boot-project:spring-boot:checkSpringFactories
2025-04-14T22:55:07.7335880Z > Task :spring-boot-project:spring-boot:checkTestCompileClasspathForProhibitedDependencies
2025-04-14T22:55:07.7337830Z > Task :spring-boot-project:spring-boot-test:compileKotlin
2025-04-14T22:55:07.9206174Z > Task :spring-boot-project:spring-boot:checkTestFixturesCompileClasspathForProhibitedDependencies
2025-04-14T22:55:08.5920610Z > Task :spring-boot-project:spring-boot:checkTestFixturesRuntimeClasspathForProhibitedDependencies
2025-04-14T22:55:08.6031272Z > Task :spring-boot-project:spring-boot:testFixturesClasses UP-TO-DATE
2025-04-14T22:55:09.4470092Z > Task :spring-boot-project:spring-boot:testFixturesJar
2025-04-14T22:55:10.1503479Z > Task :spring-boot-project:spring-boot:checkTestRuntimeClasspathForProhibitedDependencies
2025-04-14T22:55:10.7598223Z > Task :spring-boot-project:spring-boot-test:compileJava FROM-CACHE
2025-04-14T22:55:10.9487409Z > Task :spring-boot-project:spring-boot:checkstyleMain FROM-CACHE
2025-04-14T22:55:11.3228502Z > Task :spring-boot-project:spring-boot:checkstyleTestFixtures FROM-CACHE
2025-04-14T22:55:11.4382976Z > Task :spring-boot-project:spring-boot-test:classes
2025-04-14T22:55:11.4585430Z > Task :spring-boot-project:spring-boot:compileTestKotlin
2025-04-14T22:55:11.5589623Z > Task :spring-boot-project:spring-boot-test:jar
2025-04-14T22:55:11.6982491Z > Task :spring-boot-project:spring-boot-actuator-autoconfigure:classes
2025-04-14T22:55:12.7051033Z > Task :spring-boot-project:spring-boot-actuator-autoconfigure:autoConfigurationMetadata
2025-04-14T22:55:13.4550195Z > Task :spring-boot-project:spring-boot-actuator-autoconfigure:jar
2025-04-14T22:55:14.9717483Z > Task :spring-boot-project:spring-boot-actuator:compileTestJava FROM-CACHE
2025-04-14T22:55:19.7189085Z > Task :spring-boot-project:spring-boot-actuator:checkArchitectureTest
2025-04-14T22:55:19.8091398Z > Task :spring-boot-project:spring-boot-actuator:checkDockerTestCompileClasspathForProhibitedDependencies
2025-04-14T22:55:20.2546051Z > Task :spring-boot-project:spring-boot-actuator:checkDockerTestRuntimeClasspathForProhibitedDependencies
2025-04-14T22:55:20.3013121Z > Task :spring-boot-project:spring-boot-actuator:checkTestCompileClasspathForProhibitedDependencies
2025-04-14T22:55:20.3147556Z > Task :spring-boot-project:spring-boot-actuator:checkTestRuntimeClasspathForProhibitedDependencies
2025-04-14T22:55:20.3157544Z > Task :spring-boot-project:spring-boot-actuator:testClasses
2025-04-14T22:55:21.3744519Z > Task :spring-boot-project:spring-boot-actuator:compileDockerTestJava FROM-CACHE
2025-04-14T22:55:21.4397801Z > Task :spring-boot-project:spring-boot-actuator:dockerTestClasses UP-TO-DATE
2025-04-14T22:55:23.0590834Z > Task :spring-boot-project:spring-boot:compileTestJava FROM-CACHE
2025-04-14T22:55:24.6496111Z > Task :spring-boot-project:spring-boot-actuator:checkstyleDockerTest
2025-04-14T22:55:31.0648379Z > Task :spring-boot-project:spring-boot-actuator:checkstyleMain
2025-04-14T22:55:34.1035726Z > Task :spring-boot-project:spring-boot-autoconfigure:autoConfigurationMetadata
2025-04-14T22:55:35.0208062Z > Task :spring-boot-project:spring-boot:checkArchitectureTest
2025-04-14T22:55:35.0578133Z > Task :spring-boot-project:spring-boot:testClasses
2025-04-14T22:55:35.4034471Z > Task :spring-boot-project:spring-boot-autoconfigure:javadoc FROM-CACHE
2025-04-14T22:55:36.5820646Z > Task :spring-boot-project:spring-boot:checkstyleTest FROM-CACHE
2025-04-14T22:55:37.9276632Z > Task :spring-boot-project:spring-boot-autoconfigure:javadocJar
2025-04-14T22:55:38.0609030Z > Task :spring-boot-project:spring-boot-autoconfigure:generateMetadataFileForMavenPublication
2025-04-14T22:55:38.2291510Z > Task :spring-boot-project:spring-boot-autoconfigure:publishMavenPublicationToProjectRepository
2025-04-14T22:55:38.4345455Z > Task :spring-boot-project:spring-boot-autoconfigure:assemble
2025-04-14T22:55:38.5032280Z > Task :spring-boot-project:spring-boot-autoconfigure:checkAotFactories
2025-04-14T22:55:41.9733968Z > Task :spring-boot-project:spring-boot-actuator:checkstyleTest
2025-04-14T22:55:43.4493131Z > Task :spring-boot-project:spring-boot-actuator-autoconfigure:javadoc
2025-04-14T22:55:44.4642867Z > Task :spring-boot-project:spring-boot-autoconfigure:checkArchitectureMain
2025-04-14T22:55:49.3860014Z OpenJDK 64-Bit Server VM warning: Sharing is only supported for boot loader classes because bootstrap classpath has been appended
2025-04-14T22:55:49.5773024Z > Task :spring-boot-project:spring-boot-actuator-autoconfigure:javadocJar
2025-04-14T22:55:49.9310377Z OpenJDK 64-Bit Server VM warning: Sharing is only supported for boot loader classes because bootstrap classpath has been appended
2025-04-14T22:55:50.4259443Z > Task :spring-boot-project:spring-boot-autoconfigure:compileTestJava FROM-CACHE
2025-04-14T22:55:50.4426627Z > Task :spring-boot-project:spring-boot-actuator-autoconfigure:generateMetadataFileForMavenPublication
2025-04-14T22:55:50.7680664Z > Task :spring-boot-project:spring-boot-actuator-autoconfigure:publishMavenPublicationToProjectRepository
2025-04-14T22:56:03.7068537Z > Task :spring-boot-project:spring-boot-autoconfigure:checkArchitectureTest
2025-04-14T22:56:06.4480612Z > Task :spring-boot-project:spring-boot:test
2025-04-14T22:56:08.5123312Z > Task :spring-boot-project:spring-boot-actuator-autoconfigure:compileTestJava FROM-CACHE
2025-04-14T22:56:08.7699776Z > Task :spring-boot-project:spring-boot-actuator-autoconfigure:testClasses
2025-04-14T22:56:10.8114062Z > Task :spring-boot-project:spring-boot-actuator-autoconfigure:checkstyleMain
2025-04-14T22:56:10.8577558Z > Task :spring-boot-project:spring-boot-actuator-autoconfigure:generateAntoraPlaybook
2025-04-14T22:56:11.0489036Z > Task :spring-boot-project:spring-boot-actuator-autoconfigure:generateAntoraYml
2025-04-14T22:56:11.1877164Z > Task :spring-boot-project:spring-boot-actuator-autoconfigure:zipActuatorRestApiAntoraLocalAggregateContent
2025-04-14T22:56:11.5155080Z > Task :spring-boot-project:spring-boot-actuator-autoconfigure:checkAdditionalSpringConfigurationMetadata
2025-04-14T22:56:11.5335113Z > Task :spring-boot-project:spring-boot-actuator-autoconfigure:checkAotFactories
2025-04-14T22:56:11.8727327Z > Task :spring-boot-project:spring-boot-actuator:test
2025-04-14T22:56:13.7661679Z > Task :spring-boot-project:spring-boot-actuator-autoconfigure:checkArchitectureMain
2025-04-14T22:56:19.8822548Z > Task :spring-boot-project:spring-boot-actuator-autoconfigure:checkArchitectureTest
2025-04-14T22:56:20.8357474Z > Task :spring-boot-project:spring-boot-actuator-autoconfigure:checkCompileClasspathForProhibitedDependencies
2025-04-14T22:56:21.0893803Z > Task :spring-boot-project:spring-boot-actuator-autoconfigure:checkFormat UP-TO-DATE
2025-04-14T22:56:21.1418296Z > Task :spring-boot-project:spring-boot-actuator-autoconfigure:checkRuntimeClasspathForProhibitedDependencies
2025-04-14T22:56:21.1513189Z > Task :spring-boot-project:spring-boot-actuator-autoconfigure:checkSpringConfigurationMetadata
2025-04-14T22:56:21.1680217Z > Task :spring-boot-project:spring-boot-actuator-autoconfigure:checkSpringFactories
2025-04-14T22:56:21.1934442Z > Task :spring-boot-project:spring-boot-actuator-autoconfigure:checkTestCompileClasspathForProhibitedDependencies
2025-04-14T22:56:21.2031246Z > Task :spring-boot-project:spring-boot-actuator-autoconfigure:checkTestRuntimeClasspathForProhibitedDependencies
2025-04-14T22:56:22.1045668Z > Task :spring-boot-project:spring-boot-autoconfigure:checkCompileClasspathForProhibitedDependencies
2025-04-14T22:56:22.1104313Z > Task :spring-boot-project:spring-boot-autoconfigure:checkDockerTestCompileClasspathForProhibitedDependencies
2025-04-14T22:56:22.8919470Z > Task :spring-boot-project:spring-boot-autoconfigure:checkDockerTestRuntimeClasspathForProhibitedDependencies
2025-04-14T22:56:23.6556147Z > Task :spring-boot-project:spring-boot-autoconfigure:checkRuntimeClasspathForProhibitedDependencies
2025-04-14T22:56:23.6714552Z > Task :spring-boot-project:spring-boot-autoconfigure:checkSpringConfigurationMetadata
2025-04-14T22:56:23.6727271Z > Task :spring-boot-project:spring-boot-autoconfigure:checkSpringFactories
2025-04-14T22:56:23.7000762Z > Task :spring-boot-project:spring-boot-autoconfigure:checkTestCompileClasspathForProhibitedDependencies
2025-04-14T22:56:23.7055529Z > Task :spring-boot-project:spring-boot-autoconfigure:checkTestRuntimeClasspathForProhibitedDependencies
2025-04-14T22:56:23.7085764Z > Task :spring-boot-project:spring-boot-autoconfigure:testClasses
2025-04-14T22:56:25.6586078Z > Task :spring-boot-project:spring-boot-autoconfigure:compileDockerTestJava FROM-CACHE
2025-04-14T22:56:25.6595458Z > Task :spring-boot-project:spring-boot-autoconfigure:dockerTestClasses
2025-04-14T22:56:26.8936873Z > Task :spring-boot-project:spring-boot-autoconfigure:checkstyleDockerTest FROM-CACHE
2025-04-14T22:56:27.2023777Z > Task :spring-boot-project:spring-boot-autoconfigure:checkstyleMain FROM-CACHE
2025-04-14T22:56:28.5070960Z > Task :spring-boot-project:spring-boot-autoconfigure:checkstyleTest FROM-CACHE
2025-04-14T22:56:34.7681264Z > Task :spring-boot-project:spring-boot-actuator-autoconfigure:checkstyleTest
2025-04-14T22:56:45.2608075Z OpenJDK 64-Bit Server VM warning: Sharing is only supported for boot loader classes because bootstrap classpath has been appended
2025-04-14T22:56:55.0466678Z OpenJDK 64-Bit Server VM warning: Sharing is only supported for boot loader classes because bootstrap classpath has been appended
2025-04-14T22:56:55.4465940Z OpenJDK 64-Bit Server VM warning: Sharing is only supported for boot loader classes because bootstrap classpath has been appended
2025-04-14T22:56:59.1542381Z > Task :spring-boot-project:spring-boot-autoconfigure:test
2025-04-14T22:57:04.9608407Z > Task :spring-boot-project:spring-boot-actuator-autoconfigure:documentationTest
2025-04-14T22:57:13.4218024Z *** java.lang.instrument ASSERTION FAILED ***: "!errorOutstanding" with message transform method call failed at s\src\java.instrument\share\native\libinstrument\JPLISAgent.c line: 876
2025-04-14T22:57:13.4219166Z 
2025-04-14T22:57:13.5749258Z *** java.lang.instrument ASSERTION FAILED ***: "!errorOutstanding" with message transform method call failed at s\src\java.instrument\share\native\libinstrument\JPLISAgent.c line: 876
2025-04-14T22:57:13.9399775Z *** java.lang.instrument ASSERTION FAILED ***: "!errorOutstanding" with message transform method call failed at s\src\java.instrument\share\native\libinstrument\JPLISAgent.c line: 876
2025-04-14T22:57:13.9497923Z *** java.lang.instrument ASSERTION FAILED ***: "!errorOutstanding" with message transform method call failed at s\src\java.instrument\share\native\libinstrument\JPLISAgent.c line: 876
2025-04-14T22:58:55.6152380Z 2025-04-14T22:58:55.496Z  INFO 2916 --- [ionShutdownHook] [                                                 ] o.s.j.d.e.EmbeddedDatabaseFactory        : Shutting down embedded database: url='jdbc:h2:mem:b8e87454-2054-4e71-8f91-52670e6f99fc;DB_CLOSE_DELAY=-1;DB_CLOSE_ON_EXIT=false'
2025-04-14T22:58:55.6348253Z 2025-04-14T22:58:55.509Z  INFO 2916 --- [ionShutdownHook] [                                                 ] com.zaxxer.hikari.HikariDataSource       : HikariPool-1 - Shutdown initiated...
2025-04-14T22:58:59.6738803Z 2025-04-14T22:58:59.005Z  INFO 2916 --- [ionShutdownHook] [                                                 ] com.zaxxer.hikari.HikariDataSource       : HikariPool-1 - Shutdown completed.
2025-04-14T22:58:59.7052885Z 2025-04-14T22:58:59.007Z  INFO 2916 --- [ionShutdownHook] [                                                 ] o.s.i.endpoint.EventDrivenConsumer       : Removing {logging-channel-adapter:_org.springframework.integration.errorLogger} as a subscriber to the 'errorChannel' channel
2025-04-14T22:58:59.7262992Z 2025-04-14T22:58:59.007Z  INFO 2916 --- [ionShutdownHook] [                                                 ] o.s.i.channel.PublishSubscribeChannel    : Channel 'application.errorChannel' has 0 subscriber(s).
2025-04-14T22:58:59.7293213Z 2025-04-14T22:58:59.008Z  INFO 2916 --- [ionShutdownHook] [                                                 ] o.s.i.endpoint.EventDrivenConsumer       : stopped bean '_org.springframework.integration.errorLogger'
2025-04-14T22:58:59.7296163Z 2025-04-14T22:58:59.010Z  INFO 2916 --- [ionShutdownHook] [                                                 ] o.s.j.d.e.EmbeddedDatabaseFactory        : Shutting down embedded database: url='jdbc:h2:mem:e708b88a-04e7-42fa-8a61-12056d00c58c;DB_CLOSE_DELAY=-1;DB_CLOSE_ON_EXIT=false'
2025-04-14T22:59:02.9920102Z 
2025-04-14T22:59:03.0654723Z > Task :spring-boot-project:spring-boot-actuator-autoconfigure:zipActuatorRestApiAntoraAggregateContent
2025-04-14T22:59:03.4075062Z > Task :spring-boot-project:spring-boot-actuator-autoconfigure:assemble
2025-04-14T22:59:10.5576053Z (node:28308) [DEP0180] DeprecationWarning: fs.Stats constructor is deprecated.
2025-04-14T22:59:10.5576924Z 
2025-04-14T22:59:10.5880146Z (Use `node --trace-deprecation ...` to show where the warning was created)
2025-04-14T22:59:10.5881330Z > Task :spring-boot-project:spring-boot-actuator-autoconfigure:antora
2025-04-14T22:59:33.6114463Z OpenJDK 64-Bit Server VM warning: Sharing is only supported for boot loader classes because bootstrap classpath has been appended
2025-04-14T22:59:51.8098948Z 
2025-04-14T22:59:51.9046361Z > Task :spring-boot-project:spring-boot-actuator-autoconfigure:test
2025-04-14T23:01:51.0319533Z > Task :spring-boot-project:spring-boot-actuator:dockerTest
2025-04-14T23:01:51.0321819Z > Task :spring-boot-project:spring-boot-actuator:check
2025-04-14T23:01:51.0327705Z > Task :spring-boot-project:spring-boot-actuator:build
2025-04-14T23:01:51.3876709Z > Task :spring-boot-project:spring-boot-devtools:compileJava FROM-CACHE
2025-04-14T23:01:51.3924721Z > Task :spring-boot-project:spring-boot-devtools:classes
2025-04-14T23:01:51.4013839Z > Task :spring-boot-project:spring-boot-devtools:autoConfigurationMetadata
2025-04-14T23:01:51.4298284Z > Task :spring-boot-project:spring-boot-devtools:jar
2025-04-14T23:01:52.3845222Z > Task :spring-boot-project:spring-boot-devtools:javadoc FROM-CACHE
2025-04-14T23:01:52.4104912Z > Task :spring-boot-project:spring-boot-devtools:javadocJar
2025-04-14T23:01:52.4785760Z > Task :spring-boot-project:spring-boot-devtools:generateMetadataFileForMavenPublication
2025-04-14T23:01:52.4927709Z > Task :spring-boot-project:spring-boot-devtools:publishMavenPublicationToProjectRepository
2025-04-14T23:01:52.5012112Z > Task :spring-boot-project:spring-boot-devtools:assemble
2025-04-14T23:01:52.5175366Z > Task :spring-boot-project:spring-boot-devtools:checkAotFactories
2025-04-14T23:01:53.1693340Z > Task :spring-boot-project:spring-boot-devtools:checkArchitectureMain
2025-04-14T23:01:53.8383835Z > Task :spring-boot-project:spring-boot-devtools:compileTestJava FROM-CACHE
2025-04-14T23:01:54.2364278Z > Task :spring-boot-project:spring-boot-devtools:checkArchitectureTest
2025-04-14T23:01:54.3117450Z > Task :spring-boot-project:spring-boot-devtools:checkCompileClasspathForProhibitedDependencies
2025-04-14T23:01:54.3123896Z > Task :spring-boot-project:spring-boot-devtools:checkIntTestCompileClasspathForProhibitedDependencies
2025-04-14T23:01:54.3150326Z > Task :spring-boot-project:spring-boot-devtools:checkIntTestRuntimeClasspathForProhibitedDependencies
2025-04-14T23:01:54.3398855Z > Task :spring-boot-project:spring-boot-devtools:checkRuntimeClasspathForProhibitedDependencies
2025-04-14T23:01:54.3483706Z > Task :spring-boot-project:spring-boot-devtools:checkSpringConfigurationMetadata
2025-04-14T23:01:54.3487100Z > Task :spring-boot-project:spring-boot-devtools:checkSpringFactories
2025-04-14T23:01:54.3497694Z > Task :spring-boot-project:spring-boot-devtools:checkTestCompileClasspathForProhibitedDependencies
2025-04-14T23:01:54.3561308Z > Task :spring-boot-project:spring-boot-devtools:checkTestRuntimeClasspathForProhibitedDependencies
2025-04-14T23:01:54.5643577Z > Task :spring-boot-project:spring-boot-devtools:compileIntTestJava FROM-CACHE
2025-04-14T23:01:54.5682008Z > Task :spring-boot-project:spring-boot-devtools:intTestClasses UP-TO-DATE
2025-04-14T23:01:54.8511236Z > Task :spring-boot-project:spring-boot-devtools:checkstyleIntTest FROM-CACHE
2025-04-14T23:01:54.9342520Z > Task :spring-boot-project:spring-boot-devtools:checkstyleMain FROM-CACHE
2025-04-14T23:01:54.9343744Z > Task :spring-boot-project:spring-boot-devtools:testClasses
2025-04-14T23:01:55.0797852Z > Task :spring-boot-project:spring-boot-devtools:checkstyleTest FROM-CACHE
2025-04-14T23:01:55.4908493Z > Task :spring-boot-project:spring-boot-devtools:test FROM-CACHE
2025-04-14T23:01:55.4982346Z > Task :spring-boot-project:spring-boot-starters:spring-boot-starter:compileJava NO-SOURCE
2025-04-14T23:01:55.5385730Z > Task :spring-boot-project:spring-boot-starters:spring-boot-starter:classes UP-TO-DATE
2025-04-14T23:01:55.5734112Z > Task :spring-boot-project:spring-boot-starters:spring-boot-starter:jar
2025-04-14T23:01:55.5739028Z > Task :spring-boot-project:spring-boot-starters:spring-boot-starter-json:compileJava NO-SOURCE
2025-04-14T23:01:55.5741086Z > Task :spring-boot-project:spring-boot-starters:spring-boot-starter-json:classes UP-TO-DATE
2025-04-14T23:01:55.5742751Z > Task :spring-boot-project:spring-boot-starters:spring-boot-starter-json:jar
2025-04-14T23:01:55.5743950Z > Task :spring-boot-project:spring-boot-starters:spring-boot-starter-web:compileJava NO-SOURCE
2025-04-14T23:01:55.5745311Z > Task :spring-boot-project:spring-boot-starters:spring-boot-starter-web:classes UP-TO-DATE
2025-04-14T23:01:55.5746644Z > Task :spring-boot-project:spring-boot-starters:spring-boot-starter-web:jar
2025-04-14T23:01:55.6602844Z > Task :spring-boot-project:spring-boot-devtools:syncIntTestDependencies
2025-04-14T23:02:25.7907640Z > Task :spring-boot-project:spring-boot-devtools:intTest
2025-04-14T23:03:04.9014316Z OpenJDK 64-Bit Server VM warning: Sharing is only supported for boot loader classes because bootstrap classpath has been appended
2025-04-14T23:03:04.9015392Z 
2025-04-14T23:03:26.9197308Z 
2025-04-14T23:03:27.1573188Z > Task :spring-boot-project:spring-boot:test
2025-04-14T23:03:27.1682807Z 
2025-04-14T23:03:27.1844528Z ElasticCommonSchemaStructuredLogFormatterTests > shouldFormatException() FAILED
2025-04-14T23:03:27.1856283Z     java.lang.AssertionError at ElasticCommonSchemaStructuredLogFormatterTests.java:98
2025-04-14T23:03:33.2586648Z OpenJDK 64-Bit Server VM warning: Sharing is only supported for boot loader classes because bootstrap classpath has been appended
2025-04-14T23:03:33.2587693Z 
2025-04-14T23:03:55.3821907Z OpenJDK 64-Bit Server VM warning: Sharing is only supported for boot loader classes because bootstrap classpath has been appended
2025-04-14T23:03:57.4811449Z OpenJDK 64-Bit Server VM warning: Sharing is only supported for boot loader classes because bootstrap classpath has been appended
2025-04-14T23:04:01.7784668Z OpenJDK 64-Bit Server VM warning: Sharing is only supported for boot loader classes because bootstrap classpath has been appended
2025-04-14T23:04:25.5460566Z OpenJDK 64-Bit Server VM warning: Sharing is only supported for boot loader classes because bootstrap classpath has been appended
2025-04-14T23:04:58.2424483Z OpenJDK 64-Bit Server VM warning: Sharing is only supported for boot loader classes because bootstrap classpath has been appended
2025-04-14T23:05:01.0443558Z OpenJDK 64-Bit Server VM warning: Sharing is only supported for boot loader classes because bootstrap classpath has been appended
2025-04-14T23:05:25.1249564Z 
2025-04-14T23:05:25.1255281Z > Task :spring-boot-project:spring-boot:test
2025-04-14T23:05:25.1366213Z 
2025-04-14T23:05:25.1393427Z JettyServletWebServerFactoryTests > restartAfterStop() FAILED
2025-04-14T23:05:25.2228447Z     org.apache.hc.client5.http.HttpHostConnectException at Net.java:-2
2025-04-14T23:05:28.7358686Z 
2025-04-14T23:05:28.7360141Z 2025-04-14T23:05:28.718Z  INFO 13328 --- [ionShutdownHook] [                                                 ] o.s.b.w.e.tomcat.GracefulShutdown        : Commencing graceful shutdown. Waiting for active requests to complete
2025-04-14T23:05:28.8359440Z 2025-04-14T23:05:28.753Z  INFO 13328 --- [tomcat-shutdown] [                                                 ] o.s.b.w.e.tomcat.GracefulShutdown        : Graceful shutdown complete
2025-04-14T23:05:30.9486834Z 
2025-04-14T23:05:30.9499322Z > Task :spring-boot-project:spring-boot-actuator-autoconfigure:check
2025-04-14T23:05:30.9501038Z > Task :spring-boot-project:spring-boot-actuator-autoconfigure:build
2025-04-14T23:05:31.2556445Z > Task :spring-boot-project:spring-boot-docker-compose:compileJava FROM-CACHE
2025-04-14T23:05:31.2557740Z > Task :spring-boot-project:spring-boot-docker-compose:classes
2025-04-14T23:05:31.3387812Z > Task :spring-boot-project:spring-boot-docker-compose:jar
2025-04-14T23:05:31.6275898Z > Task :spring-boot-project:spring-boot-docker-compose:javadoc FROM-CACHE
2025-04-14T23:05:31.6895622Z > Task :spring-boot-project:spring-boot-docker-compose:javadocJar
2025-04-14T23:05:31.6898916Z > Task :spring-boot-project:spring-boot-docker-compose:generateMetadataFileForMavenPublication
2025-04-14T23:05:31.6900519Z > Task :spring-boot-project:spring-boot-docker-compose:publishMavenPublicationToProjectRepository
2025-04-14T23:05:31.6901860Z > Task :spring-boot-project:spring-boot-docker-compose:assemble
2025-04-14T23:05:31.6903371Z > Task :spring-boot-project:spring-boot-docker-compose:checkAotFactories
2025-04-14T23:05:32.0420278Z > Task :spring-boot-project:spring-boot-docker-compose:checkArchitectureMain
2025-04-14T23:05:32.5763772Z > Task :spring-boot-project:spring-boot-docker-compose:compileTestJava FROM-CACHE
2025-04-14T23:05:32.5776815Z > Task :spring-boot-project:spring-boot-docker-compose:checkArchitectureTest
2025-04-14T23:05:32.7289234Z > Task :spring-boot-project:spring-boot-docker-compose:checkCompileClasspathForProhibitedDependencies
2025-04-14T23:05:32.8367692Z > Task :spring-boot-project:spring-boot-docker-compose:checkDockerTestCompileClasspathForProhibitedDependencies
2025-04-14T23:05:32.8369813Z > Task :spring-boot-project:spring-boot-docker-compose:checkDockerTestRuntimeClasspathForProhibitedDependencies
2025-04-14T23:05:32.8371616Z > Task :spring-boot-project:spring-boot-docker-compose:checkRuntimeClasspathForProhibitedDependencies
2025-04-14T23:05:32.8373185Z > Task :spring-boot-project:spring-boot-docker-compose:checkSpringConfigurationMetadata
2025-04-14T23:05:32.8375018Z > Task :spring-boot-project:spring-boot-docker-compose:checkSpringFactories
2025-04-14T23:05:32.9357478Z > Task :spring-boot-project:spring-boot-docker-compose:checkTestCompileClasspathForProhibitedDependencies
2025-04-14T23:05:32.9359218Z > Task :spring-boot-project:spring-boot-docker-compose:checkTestRuntimeClasspathForProhibitedDependencies
2025-04-14T23:05:32.9360555Z > Task :spring-boot-project:spring-boot-docker-compose:testClasses
2025-04-14T23:05:33.2363658Z > Task :spring-boot-project:spring-boot-docker-compose:compileDockerTestJava FROM-CACHE
2025-04-14T23:05:33.2365262Z > Task :spring-boot-project:spring-boot-docker-compose:dockerTestClasses
2025-04-14T23:05:33.3353578Z > Task :spring-boot-project:spring-boot-docker-compose:checkstyleDockerTest FROM-CACHE
2025-04-14T23:05:33.5366242Z > Task :spring-boot-project:spring-boot-docker-compose:checkstyleMain FROM-CACHE
2025-04-14T23:05:33.6353247Z > Task :spring-boot-project:spring-boot-docker-compose:checkstyleTest FROM-CACHE
2025-04-14T23:05:33.8380758Z > Task :spring-boot-project:spring-boot-docker-compose:test FROM-CACHE
2025-04-14T23:05:34.0834283Z > Task :spring-boot-project:spring-boot-docker-compose:dockerTest FROM-CACHE
2025-04-14T23:05:34.0878818Z > Task :spring-boot-project:spring-boot-docker-compose:check
2025-04-14T23:05:34.0959658Z > Task :spring-boot-project:spring-boot-docker-compose:build
2025-04-14T23:05:35.1894944Z > Task :spring-boot-project:spring-boot-test-autoconfigure:compileJava FROM-CACHE
2025-04-14T23:05:35.7218411Z > Task :spring-boot-project:spring-boot-testcontainers:compileJava FROM-CACHE
2025-04-14T23:05:36.0529251Z > Task :spring-boot-project:spring-boot-tools:spring-boot-cli:compileJava FROM-CACHE
2025-04-14T23:05:36.0532088Z > Task :spring-boot-project:spring-boot-tools:spring-boot-cli:classes
2025-04-14T23:05:36.1373129Z > Task :spring-boot-project:spring-boot-tools:spring-boot-cli:jar
2025-04-14T23:06:06.1359271Z > Task :spring-boot-project:spring-boot-docs:compileKotlin
2025-04-14T23:07:19.1383032Z > Task :spring-boot-project:spring-boot-docs:compileJava FROM-CACHE
2025-04-14T23:07:19.1761551Z > Task :spring-boot-project:spring-boot-docs:classes
2025-04-14T23:07:19.2412188Z > Task :spring-boot-project:spring-boot-docs:jar SKIPPED
2025-04-14T23:07:19.3066642Z > Task :spring-boot-project:spring-boot-docs:javadoc SKIPPED
2025-04-14T23:07:19.4735904Z > Task :spring-boot-project:spring-boot-docs:javadocJar SKIPPED
2025-04-14T23:07:19.4932467Z > Task :spring-boot-project:spring-boot-docs:copyActuatorRestApiAntoraAggregateContent
2025-04-14T23:07:19.4946126Z > Task :spring-boot-project:spring-boot-tools:spring-boot-maven-plugin:formatHelpMojoSource
2025-04-14T23:07:19.5653614Z > Task :spring-boot-project:spring-boot-tools:spring-boot-maven-plugin:compileJava FROM-CACHE
2025-04-14T23:07:19.5657987Z > Task :spring-boot-project:spring-boot-tools:spring-boot-maven-plugin:processResources
2025-04-14T23:07:19.5659540Z > Task :spring-boot-project:spring-boot-tools:spring-boot-maven-plugin:xsdResources
2025-04-14T23:07:19.5671442Z > Task :spring-boot-project:spring-boot-tools:spring-boot-maven-plugin:classes
2025-04-14T23:07:19.7561867Z > Task :spring-boot-project:spring-boot-tools:spring-boot-maven-plugin:syncPluginDescriptorInputs
2025-04-14T23:07:20.7110391Z 
2025-04-14T23:07:20.7125426Z > Task :spring-boot-project:spring-boot:test
2025-04-14T23:07:20.7131553Z 
2025-04-14T23:07:20.7137721Z UndertowReactiveWebServerFactoryTests > whenHttp2IsEnabledAndSslIsDisabledThenH2cCanBeUsed() FAILED
2025-04-14T23:07:20.7156299Z     java.util.concurrent.ExecutionException at CompletableFuture.java:396
2025-04-14T23:07:20.7162643Z         Caused by: java.io.IOException at HttpReceiverOverHTTP2.java:242
2025-04-14T23:07:24.8395772Z 
2025-04-14T23:07:24.8419645Z > Task :spring-boot-project:spring-boot-tools:spring-boot-maven-plugin:generatePluginDescriptor
2025-04-14T23:07:25.8537811Z > Task :spring-boot-project:spring-boot-tools:spring-boot-maven-plugin:documentPluginGoals
2025-04-14T23:07:25.9558524Z > Task :spring-boot-project:spring-boot-tools:spring-boot-maven-plugin:zipMavenPluginAntoraAggregateContent
2025-04-14T23:07:25.9559992Z > Task :spring-boot-project:spring-boot-docs:copyMavenPluginAntoraAggregateContent
2025-04-14T23:07:26.2659682Z > Task :spring-boot-project:spring-boot-tools:spring-boot-maven-plugin:javadoc FROM-CACHE
2025-04-14T23:07:26.3495887Z > Task :spring-boot-project:spring-boot-tools:spring-boot-maven-plugin:zipMavenPluginAntoraCatalogContent
2025-04-14T23:07:26.3533465Z > Task :spring-boot-project:spring-boot-docs:copyMavenPluginAntoraCatalogContent
2025-04-14T23:07:26.7160884Z > Task :spring-boot-project:spring-boot-test:javadoc FROM-CACHE
2025-04-14T23:07:26.7654110Z > Task :spring-boot-project:spring-boot-test-autoconfigure:classes
2025-04-14T23:07:36.2688808Z > Task :spring-boot-project:spring-boot-test-autoconfigure:javadoc
2025-04-14T23:07:36.2690587Z > Task :spring-boot-project:spring-boot-testcontainers:classes
2025-04-14T23:07:36.5418654Z > Task :spring-boot-project:spring-boot-testcontainers:javadoc FROM-CACHE
2025-04-14T23:08:06.5911656Z > Task :spring-boot-project:spring-boot-docs:aggregatedJavadoc
2025-04-14T23:08:29.2609908Z OpenJDK 64-Bit Server VM warning: Sharing is only supported for boot loader classes because bootstrap classpath has been appended
2025-04-14T23:08:29.2611075Z 
2025-04-14T23:08:36.9017969Z OpenJDK 64-Bit Server VM warning: Sharing is only supported for boot loader classes because bootstrap classpath has been appended
2025-04-14T23:08:39.2700682Z OpenJDK 64-Bit Server VM warning: Sharing is only supported for boot loader classes because bootstrap classpath has been appended
2025-04-14T23:08:41.0464820Z OpenJDK 64-Bit Server VM warning: Sharing is only supported for boot loader classes because bootstrap classpath has been appended
2025-04-14T23:09:44.4076961Z 
2025-04-14T23:09:44.4989993Z > Task :spring-boot-project:spring-boot-test:dokkatooGenerateModuleHtml
2025-04-14T23:09:49.1711332Z > Task :spring-boot-project:spring-boot-testcontainers:autoConfigurationMetadata
2025-04-14T23:09:49.3278355Z > Task :spring-boot-project:spring-boot-docs:documentAutoConfigurationClasses
2025-04-14T23:09:49.4216834Z > Task :spring-boot-project:spring-boot-docs:documentConfigurationProperties
2025-04-14T23:09:49.4759568Z > Task :spring-boot-project:spring-boot-starters:spring-boot-starter:starterMetadata
2025-04-14T23:09:49.4809602Z > Task :spring-boot-project:spring-boot-starters:spring-boot-starter-activemq:starterMetadata
2025-04-14T23:09:49.4845739Z > Task :spring-boot-project:spring-boot-starters:spring-boot-starter-actuator:starterMetadata
2025-04-14T23:09:49.5018216Z > Task :spring-boot-project:spring-boot-starters:spring-boot-starter-amqp:starterMetadata
2025-04-14T23:09:49.5380846Z > Task :spring-boot-project:spring-boot-starters:spring-boot-starter-aop:starterMetadata
2025-04-14T23:09:49.5950210Z > Task :spring-boot-project:spring-boot-starters:spring-boot-starter-artemis:starterMetadata
2025-04-14T23:09:49.6122987Z > Task :spring-boot-project:spring-boot-starters:spring-boot-starter-jdbc:compileJava NO-SOURCE
2025-04-14T23:09:49.6129594Z > Task :spring-boot-project:spring-boot-starters:spring-boot-starter-jdbc:classes UP-TO-DATE
2025-04-14T23:09:49.6230795Z > Task :spring-boot-project:spring-boot-starters:spring-boot-starter-jdbc:jar
2025-04-14T23:09:49.6292577Z > Task :spring-boot-project:spring-boot-starters:spring-boot-starter-batch:starterMetadata
2025-04-14T23:09:49.6294331Z > Task :spring-boot-project:spring-boot-starters:spring-boot-starter-cache:starterMetadata
2025-04-14T23:09:49.6295773Z > Task :spring-boot-project:spring-boot-starters:spring-boot-starter-data-cassandra:starterMetadata
2025-04-14T23:09:49.6297299Z > Task :spring-boot-project:spring-boot-starters:spring-boot-starter-data-cassandra-reactive:starterMetadata
2025-04-14T23:09:49.6300541Z > Task :spring-boot-project:spring-boot-starters:spring-boot-starter-data-couchbase:starterMetadata
2025-04-14T23:09:49.6302109Z > Task :spring-boot-project:spring-boot-starters:spring-boot-starter-data-couchbase-reactive:starterMetadata
2025-04-14T23:09:49.6303681Z > Task :spring-boot-project:spring-boot-starters:spring-boot-starter-data-elasticsearch:starterMetadata
2025-04-14T23:09:49.6305416Z > Task :spring-boot-project:spring-boot-starters:spring-boot-starter-data-jdbc:starterMetadata
2025-04-14T23:09:49.6307803Z > Task :spring-boot-project:spring-boot-starters:spring-boot-starter-data-jpa:starterMetadata
2025-04-14T23:09:49.6309835Z > Task :spring-boot-project:spring-boot-starters:spring-boot-starter-data-ldap:starterMetadata
2025-04-14T23:09:49.6311205Z > Task :spring-boot-project:spring-boot-starters:spring-boot-starter-data-mongodb:starterMetadata
2025-04-14T23:09:49.6312528Z > Task :spring-boot-project:spring-boot-starters:spring-boot-starter-data-mongodb-reactive:starterMetadata
2025-04-14T23:09:49.6313870Z > Task :spring-boot-project:spring-boot-starters:spring-boot-starter-data-neo4j:starterMetadata
2025-04-14T23:09:49.6315124Z > Task :spring-boot-project:spring-boot-starters:spring-boot-starter-data-r2dbc:starterMetadata
2025-04-14T23:09:49.6316321Z > Task :spring-boot-project:spring-boot-starters:spring-boot-starter-data-redis:starterMetadata
2025-04-14T23:09:49.6317657Z > Task :spring-boot-project:spring-boot-starters:spring-boot-starter-data-redis-reactive:starterMetadata
2025-04-14T23:09:49.6319404Z > Task :spring-boot-project:spring-boot-starters:spring-boot-starter-data-rest:starterMetadata
2025-04-14T23:09:49.6320882Z > Task :spring-boot-project:spring-boot-starters:spring-boot-starter-freemarker:starterMetadata
2025-04-14T23:09:49.6322106Z > Task :spring-boot-project:spring-boot-starters:spring-boot-starter-graphql:starterMetadata
2025-04-14T23:09:49.6324569Z > Task :spring-boot-project:spring-boot-starters:spring-boot-starter-groovy-templates:starterMetadata
2025-04-14T23:09:49.7548583Z > Task :spring-boot-project:spring-boot-starters:spring-boot-starter-hateoas:starterMetadata
2025-04-14T23:09:49.7556626Z > Task :spring-boot-project:spring-boot-starters:spring-boot-starter-integration:starterMetadata
2025-04-14T23:09:49.8518875Z > Task :spring-boot-project:spring-boot-starters:spring-boot-starter-jdbc:starterMetadata
2025-04-14T23:09:49.9454952Z > Task :spring-boot-project:spring-boot-starters:spring-boot-starter-validation:compileJava NO-SOURCE
2025-04-14T23:09:49.9729054Z > Task :spring-boot-project:spring-boot-starters:spring-boot-starter-validation:classes UP-TO-DATE
2025-04-14T23:09:49.9829865Z > Task :spring-boot-project:spring-boot-starters:spring-boot-starter-validation:jar
2025-04-14T23:09:49.9832325Z > Task :spring-boot-project:spring-boot-starters:spring-boot-starter-jersey:starterMetadata
2025-04-14T23:09:49.9834440Z > Task :spring-boot-project:spring-boot-starters:spring-boot-starter-jooq:starterMetadata
2025-04-14T23:09:49.9842372Z > Task :spring-boot-project:spring-boot-starters:spring-boot-starter-json:starterMetadata
2025-04-14T23:09:49.9844226Z > Task :spring-boot-project:spring-boot-starters:spring-boot-starter-mail:starterMetadata
2025-04-14T23:09:49.9849583Z > Task :spring-boot-project:spring-boot-starters:spring-boot-starter-mustache:starterMetadata
2025-04-14T23:09:49.9851430Z > Task :spring-boot-project:spring-boot-starters:spring-boot-starter-oauth2-authorization-server:starterMetadata
2025-04-14T23:09:49.9853155Z > Task :spring-boot-project:spring-boot-starters:spring-boot-starter-oauth2-client:starterMetadata
2025-04-14T23:09:49.9873969Z > Task :spring-boot-project:spring-boot-starters:spring-boot-starter-oauth2-resource-server:starterMetadata
2025-04-14T23:09:49.9875733Z > Task :spring-boot-project:spring-boot-starters:spring-boot-starter-pulsar:starterMetadata
2025-04-14T23:09:50.0494577Z > Task :spring-boot-project:spring-boot-starters:spring-boot-starter-pulsar-reactive:starterMetadata
2025-04-14T23:09:50.0496639Z > Task :spring-boot-project:spring-boot-starters:spring-boot-starter-quartz:starterMetadata
2025-04-14T23:09:50.0498296Z > Task :spring-boot-project:spring-boot-starters:spring-boot-starter-rsocket:starterMetadata
2025-04-14T23:09:50.0501207Z > Task :spring-boot-project:spring-boot-starters:spring-boot-starter-security:starterMetadata
2025-04-14T23:09:50.2891524Z > Task :spring-boot-project:spring-boot-test-autoconfigure:jar
2025-04-14T23:09:50.3134849Z > Task :spring-boot-project:spring-boot-starters:spring-boot-starter-test:starterMetadata
2025-04-14T23:09:50.3138539Z > Task :spring-boot-project:spring-boot-starters:spring-boot-starter-thymeleaf:starterMetadata
2025-04-14T23:09:50.3155576Z > Task :spring-boot-project:spring-boot-starters:spring-boot-starter-validation:starterMetadata
2025-04-14T23:09:50.3157978Z > Task :spring-boot-project:spring-boot-starters:spring-boot-starter-web:starterMetadata
2025-04-14T23:09:50.3530411Z > Task :spring-boot-project:spring-boot-starters:spring-boot-starter-web-services:starterMetadata
2025-04-14T23:09:50.3793334Z > Task :spring-boot-project:spring-boot-starters:spring-boot-starter-webflux:starterMetadata
2025-04-14T23:09:50.4395232Z > Task :spring-boot-project:spring-boot-starters:spring-boot-starter-websocket:starterMetadata
2025-04-14T23:09:50.4396712Z > Task :spring-boot-project:spring-boot-docs:documentStarters
2025-04-14T23:09:50.9513983Z > Task :spring-boot-project:spring-boot-test-autoconfigure:testSliceMetadata
2025-04-14T23:09:51.1698086Z > Task :spring-boot-project:spring-boot-docs:documentTestSlices
2025-04-14T23:09:59.5512872Z > Task :spring-boot-project:spring-boot-docs:runLoggingFormatExample
2025-04-14T23:10:01.7379517Z > Task :spring-boot-project:spring-boot-docs:runRemoteSpringApplicationExample
2025-04-14T23:10:07.0929737Z > Task :spring-boot-project:spring-boot-docs:runSpringApplicationExample
2025-04-14T23:10:09.1646964Z > Task :spring-boot-project:spring-boot-docs:zipRootAntoraAggregateContent
2025-04-14T23:10:09.1836938Z > Task :spring-boot-project:spring-boot-docs:npmSetup SKIPPED
2025-04-14T23:10:18.1479630Z 
2025-04-14T23:10:18.1526543Z > Task :spring-boot-project:spring-boot-docs:antoraNpmInstall
2025-04-14T23:10:18.1527516Z patch-package 8.0.0
2025-04-14T23:10:18.1547219Z Applying patches...
2025-04-14T23:10:18.1557815Z @vscode/gulp-vinyl-zip@2.5.0 ?
2025-04-14T23:10:22.0513827Z 
2025-04-14T23:10:22.0544473Z > Task :spring-boot-project:spring-boot-docs:generateAntoraPlaybook
2025-04-14T23:10:22.0560050Z > Task :spring-boot-project:spring-boot-docs:syncActuatorRestApiAntoraSource
2025-04-14T23:10:22.1432883Z > Task :spring-boot-project:spring-boot-tools:spring-boot-gradle-plugin:antoraSourceZip
2025-04-14T23:10:22.2686978Z > Task :spring-boot-project:spring-boot-docs:syncGradlePluginAntoraSource
2025-04-14T23:10:22.3694475Z > Task :spring-boot-project:spring-boot-tools:spring-boot-maven-plugin:antoraSourceZip
2025-04-14T23:10:22.5191594Z > Task :spring-boot-project:spring-boot-docs:syncMavenPluginAntoraSource
2025-04-14T23:10:22.5195243Z > Task :spring-boot-project:spring-boot-docs:checkAotFactories NO-SOURCE
2025-04-14T23:10:24.0753797Z > Task :spring-boot-project:spring-boot-docs:checkArchitectureMain
2025-04-14T23:10:24.1738826Z > Task :spring-boot-project:spring-boot-docs:compileTestKotlin NO-SOURCE
2025-04-14T23:10:24.5397764Z > Task :spring-boot-project:spring-boot-docs:compileTestJava FROM-CACHE
2025-04-14T23:10:24.5399209Z > Task :spring-boot-project:spring-boot-docs:processTestResources
2025-04-14T23:10:24.6389894Z > Task :spring-boot-project:spring-boot-docs:checkArchitectureTest
2025-04-14T23:10:24.6391191Z > Task :spring-boot-project:spring-boot-docs:checkCompileClasspathForProhibitedDependencies
2025-04-14T23:10:25.6576742Z > Task :spring-boot-project:spring-boot-docs:checkFormatMain
2025-04-14T23:10:26.6429390Z > Task :spring-boot-project:spring-boot-docs:checkFormatTest
2025-04-14T23:10:26.6539844Z > Task :spring-boot-project:spring-boot-docs:checkFormat
2025-04-14T23:10:26.6892299Z > Task :spring-boot-project:spring-boot-testcontainers:extractLegalResources
2025-04-14T23:10:26.7522145Z > Task :spring-boot-project:spring-boot-testcontainers:jar
2025-04-14T23:10:26.8626709Z > Task :spring-boot-project:spring-boot-tools:spring-boot-loader-tools:jar
2025-04-14T23:10:26.8631870Z > Task :spring-boot-project:spring-boot-docs:checkRuntimeClasspathForProhibitedDependencies
2025-04-14T23:10:26.8635350Z > Task :spring-boot-project:spring-boot-docs:checkSpringFactories NO-SOURCE
2025-04-14T23:10:26.8640052Z > Task :spring-boot-project:spring-boot-docs:checkTestCompileClasspathForProhibitedDependencies
2025-04-14T23:10:26.9040167Z > Task :spring-boot-project:spring-boot-docs:checkTestRuntimeClasspathForProhibitedDependencies
2025-04-14T23:10:31.4496703Z > Task :spring-boot-project:spring-boot-docs:checkstyleMain
2025-04-14T23:10:37.5557264Z OpenJDK 64-Bit Server VM warning: Sharing is only supported for boot loader classes because bootstrap classpath has been appended
2025-04-14T23:10:39.7425183Z > Task :spring-boot-project:spring-boot-docs:checkstyleNohttp
2025-04-14T23:10:39.8355482Z > Task :spring-boot-project:spring-boot-docs:testClasses
2025-04-14T23:10:40.9994503Z > Task :spring-boot-project:spring-boot-docs:checkstyleTest
2025-04-14T23:10:41.9353737Z 
2025-04-14T23:10:41.9364488Z > Task :spring-boot-project:spring-boot:test
2025-04-14T23:10:41.9368712Z 
2025-04-14T23:10:41.9667126Z ElasticCommonSchemaStructuredLogFormatterTests > shouldFormatException() FAILED
2025-04-14T23:10:42.0147498Z     java.lang.AssertionError at ElasticCommonSchemaStructuredLogFormatterTests.java:98
2025-04-14T23:10:54.4186896Z OpenJDK 64-Bit Server VM warning: Sharing is only supported for boot loader classes because bootstrap classpath has been appended
2025-04-14T23:10:54.4188401Z 
2025-04-14T23:11:01.2760353Z OpenJDK 64-Bit Server VM warning: Sharing is only supported for boot loader classes because bootstrap classpath has been appended
2025-04-14T23:11:05.3858590Z 2025-04-14T23:11:05.074Z  INFO 7288 --- [ionShutdownHook] [                                                 ] com.zaxxer.hikari.HikariDataSource       : HikariPool-1 - Shutdown initiated...
2025-04-14T23:11:05.4623148Z 2025-04-14T23:11:05.241Z  INFO 7288 --- [ionShutdownHook] [                                                 ] com.zaxxer.hikari.HikariDataSource       : HikariPool-1 - Shutdown completed.
2025-04-14T23:11:05.4857279Z 2025-04-14T23:11:05.242Z  INFO 7288 --- [ionShutdownHook] [                                                 ] com.zaxxer.hikari.HikariDataSource       : HikariPool-2 - Shutdown initiated...
2025-04-14T23:11:05.4867694Z 2025-04-14T23:11:05.388Z  INFO 7288 --- [ionShutdownHook] [                                                 ] com.zaxxer.hikari.HikariDataSource       : HikariPool-2 - Shutdown completed.
2025-04-14T23:11:05.4880019Z 2025-04-14T23:11:05.389Z  INFO 7288 --- [ionShutdownHook] [                                                 ] com.zaxxer.hikari.HikariDataSource       : HikariPool-3 - Shutdown initiated...
2025-04-14T23:11:05.5874591Z 2025-04-14T23:11:05.540Z  INFO 7288 --- [ionShutdownHook] [                                                 ] com.zaxxer.hikari.HikariDataSource       : HikariPool-3 - Shutdown completed.
2025-04-14T23:11:05.5967125Z 2025-04-14T23:11:05.541Z  INFO 7288 --- [ionShutdownHook] [                                                 ] com.zaxxer.hikari.HikariDataSource       : HikariPool-4 - Shutdown initiated...
2025-04-14T23:11:05.6411327Z 2025-04-14T23:11:05.603Z  INFO 7288 --- [ionShutdownHook] [                                                 ] com.zaxxer.hikari.HikariDataSource       : HikariPool-4 - Shutdown completed.
2025-04-14T23:11:05.6419455Z 2025-04-14T23:11:05.604Z  INFO 7288 --- [ionShutdownHook] [                                                 ] com.zaxxer.hikari.HikariDataSource       : HikariPool-5 - Shutdown initiated...
2025-04-14T23:11:05.8022850Z 2025-04-14T23:11:05.642Z  INFO 7288 --- [ionShutdownHook] [                                                 ] com.zaxxer.hikari.HikariDataSource       : HikariPool-5 - Shutdown completed.
2025-04-14T23:11:05.8274515Z 2025-04-14T23:11:05.643Z  INFO 7288 --- [ionShutdownHook] [                                                 ] com.zaxxer.hikari.HikariDataSource       : HikariPool-6 - Shutdown initiated...
2025-04-14T23:11:05.8397478Z 2025-04-14T23:11:05.751Z  INFO 7288 --- [ionShutdownHook] [                                                 ] com.zaxxer.hikari.HikariDataSource       : HikariPool-6 - Shutdown completed.
2025-04-14T23:11:06.1545550Z 2025-04-14T23:11:05.753Z  INFO 7288 --- [ionShutdownHook] [                                                 ] o.s.b.w.e.tomcat.GracefulShutdown        : Commencing graceful shutdown. Waiting for active requests to complete
2025-04-14T23:11:06.2470032Z 2025-04-14T23:11:06.143Z  INFO 7288 --- [tomcat-shutdown] [                                                 ] o.s.b.w.e.tomcat.GracefulShutdown        : Graceful shutdown complete
2025-04-14T23:11:06.2473439Z 
2025-04-14T23:11:06.2489912Z > Task :spring-boot-project:spring-boot:test
2025-04-14T23:11:06.2490601Z 
2025-04-14T23:11:06.2491304Z ElasticCommonSchemaStructuredLogFormatterTests > shouldFormatException() FAILED
2025-04-14T23:11:06.2492648Z     java.lang.AssertionError at ElasticCommonSchemaStructuredLogFormatterTests.java:98
2025-04-14T23:11:08.0480224Z 
2025-04-14T23:11:08.0497928Z > Task :spring-boot-project:spring-boot-docs:test
2025-04-14T23:11:08.0539764Z > Task :spring-boot-project:spring-boot-parent:createResolvedBom
2025-04-14T23:11:08.1064618Z > Task :spring-boot-project:spring-boot-parent:generateMetadataFileForMavenPublication
2025-04-14T23:11:08.1689990Z > Task :spring-boot-project:spring-boot-parent:generatePomFileForMavenPublication
2025-04-14T23:11:08.3492856Z > Task :spring-boot-project:spring-boot-parent:publishMavenPublicationToProjectRepository
2025-04-14T23:11:08.4068795Z > Task :spring-boot-project:spring-boot-parent:assemble
2025-04-14T23:11:08.4280790Z > Task :spring-boot-project:spring-boot-parent:bomrCheck
2025-04-14T23:11:08.5055597Z > Task :spring-boot-project:spring-boot-parent:checkstyleNohttp FROM-CACHE
2025-04-14T23:11:08.5314751Z > Task :spring-boot-project:spring-boot-parent:check
2025-04-14T23:11:08.5663092Z > Task :spring-boot-project:spring-boot-parent:build
2025-04-14T23:11:08.7663181Z > Task :spring-boot-project:spring-boot-test:javadocJar
2025-04-14T23:11:08.7664501Z > Task :spring-boot-project:spring-boot-test:sourcesJar
2025-04-14T23:11:08.7892753Z > Task :spring-boot-project:spring-boot-test:generateMetadataFileForMavenPublication
2025-04-14T23:11:08.8191456Z > Task :spring-boot-project:spring-boot-test:generatePomFileForMavenPublication
2025-04-14T23:11:08.9938122Z > Task :spring-boot-project:spring-boot-test:publishMavenPublicationToProjectRepository
2025-04-14T23:11:09.0128197Z > Task :spring-boot-project:spring-boot-test:assemble
2025-04-14T23:11:09.1805796Z > Task :spring-boot-project:spring-boot-test:checkAotFactories
2025-04-14T23:11:10.0400789Z > Task :spring-boot-project:spring-boot-test:checkArchitectureMain
2025-04-14T23:11:13.2242551Z > Task :spring-boot-project:spring-boot-devtools:check
2025-04-14T23:11:13.2243529Z > Task :spring-boot-project:spring-boot-devtools:build
2025-04-14T23:11:13.6842084Z > Task :spring-boot-project:spring-boot-test-autoconfigure:javadocJar
2025-04-14T23:11:13.6843992Z > Task :spring-boot-project:spring-boot-test-autoconfigure:sourcesJar
2025-04-14T23:11:14.0289762Z > Task :spring-boot-project:spring-boot-test-autoconfigure:generateMetadataFileForMavenPublication
2025-04-14T23:11:14.0432701Z > Task :spring-boot-project:spring-boot-test:processTestResources
2025-04-14T23:11:14.0483937Z > Task :spring-boot-project:spring-boot-test:checkCompileClasspathForProhibitedDependencies
2025-04-14T23:11:14.7115003Z > Task :spring-boot-project:spring-boot-test:checkFormatMain
2025-04-14T23:11:15.7138528Z > Task :spring-boot-project:spring-boot-test:checkFormatTest
2025-04-14T23:11:15.7706759Z > Task :spring-boot-project:spring-boot-test:checkFormat
2025-04-14T23:11:16.1950017Z > Task :spring-boot-project:spring-boot-test:checkRuntimeClasspathForProhibitedDependencies
2025-04-14T23:11:16.2990990Z > Task :spring-boot-project:spring-boot-test:checkSpringFactories
2025-04-14T23:11:16.4930292Z > Task :spring-boot-project:spring-boot-test:checkTestCompileClasspathForProhibitedDependencies
2025-04-14T23:11:16.6194800Z > Task :spring-boot-project:spring-boot-test:checkTestRuntimeClasspathForProhibitedDependencies
2025-04-14T23:11:18.5250952Z OpenJDK 64-Bit Server VM warning: Sharing is only supported for boot loader classes because bootstrap classpath has been appended
2025-04-14T23:11:18.7443463Z > Task :spring-boot-project:spring-boot-test:compileTestKotlin
2025-04-14T23:11:19.2597377Z > Task :spring-boot-project:spring-boot-test:compileTestJava FROM-CACHE
2025-04-14T23:11:22.0184833Z > Task :spring-boot-project:spring-boot-test:checkstyleMain
2025-04-14T23:11:22.7757754Z > Task :spring-boot-project:spring-boot-test:checkArchitectureTest
2025-04-14T23:11:22.7761405Z > Task :spring-boot-project:spring-boot-test:checkstyleNohttp FROM-CACHE
2025-04-14T23:11:22.7763020Z > Task :spring-boot-project:spring-boot-test:testClasses
2025-04-14T23:11:23.2462901Z > Task :spring-boot-project:spring-boot-test-autoconfigure:generatePomFileForMavenPublication
2025-04-14T23:11:23.5482388Z > Task :spring-boot-project:spring-boot-test-autoconfigure:publishMavenPublicationToProjectRepository
2025-04-14T23:11:23.6894322Z > Task :spring-boot-project:spring-boot-test-autoconfigure:assemble
2025-04-14T23:11:23.6962221Z > Task :spring-boot-project:spring-boot-test-autoconfigure:checkAotFactories
2025-04-14T23:11:24.0544953Z > Task :spring-boot-project:spring-boot-test-autoconfigure:checkArchitectureMain
2025-04-14T23:11:24.6385466Z 
2025-04-14T23:11:24.6387629Z > Task :spring-boot-project:spring-boot:test
2025-04-14T23:11:24.6389036Z 
2025-04-14T23:11:24.6390127Z ElasticCommonSchemaStructuredLogFormatterTests > shouldFormatException() FAILED
2025-04-14T23:11:24.6392516Z     java.lang.AssertionError at ElasticCommonSchemaStructuredLogFormatterTests.java:98
2025-04-14T23:11:24.8183345Z 
2025-04-14T23:11:24.8502891Z 5237 tests completed, 6 failed, 25 skipped
2025-04-14T23:11:25.0601874Z 
2025-04-14T23:11:25.0738239Z > Task :spring-boot-project:spring-boot-test-autoconfigure:compileTestJava FROM-CACHE
2025-04-14T23:11:25.1158698Z > Task :spring-boot-project:spring-boot-test-autoconfigure:processTestResources
2025-04-14T23:11:25.9539606Z > Task :spring-boot-project:spring-boot-test-autoconfigure:checkArchitectureTest
2025-04-14T23:11:25.9541465Z > Task :spring-boot-project:spring-boot-test-autoconfigure:checkCompileClasspathForProhibitedDependencies
2025-04-14T23:11:26.4826574Z > Task :spring-boot-project:spring-boot-test-autoconfigure:checkDockerTestCompileClasspathForProhibitedDependencies
2025-04-14T23:11:26.4837982Z > Task :spring-boot-project:spring-boot-test-autoconfigure:checkDockerTestRuntimeClasspathForProhibitedDependencies
2025-04-14T23:11:27.2896954Z > Task :spring-boot-project:spring-boot-test-autoconfigure:checkFormatDockerTest
2025-04-14T23:11:27.7515715Z > Task :spring-boot-project:spring-boot-test-autoconfigure:checkFormatMain
2025-04-14T23:11:28.5497032Z > Task :spring-boot-project:spring-boot-test-autoconfigure:checkFormatTest
2025-04-14T23:11:28.5502212Z > Task :spring-boot-project:spring-boot-test-autoconfigure:checkFormat
2025-04-14T23:11:28.5548527Z > Task :spring-boot-project:spring-boot-test-autoconfigure:checkRuntimeClasspathForProhibitedDependencies
2025-04-14T23:11:28.5835880Z > Task :spring-boot-project:spring-boot-test-autoconfigure:checkSpringFactories
2025-04-14T23:11:28.5839063Z > Task :spring-boot-project:spring-boot-test-autoconfigure:checkTestCompileClasspathForProhibitedDependencies
2025-04-14T23:11:28.7509099Z > Task :spring-boot-project:spring-boot-test-autoconfigure:checkTestRuntimeClasspathForProhibitedDependencies
2025-04-14T23:11:28.7513573Z > Task :spring-boot-project:spring-boot-test-autoconfigure:testClasses
2025-04-14T23:11:28.8883390Z > Task :spring-boot-project:spring-boot-test:checkstyleTest
2025-04-14T23:11:29.3905571Z > Task :spring-boot-project:spring-boot-test-autoconfigure:compileDockerTestJava FROM-CACHE
2025-04-14T23:11:29.4105904Z > Task :spring-boot-project:spring-boot-test-autoconfigure:processDockerTestResources
2025-04-14T23:11:29.4748458Z > Task :spring-boot-project:spring-boot-test-autoconfigure:dockerTestClasses
2025-04-14T23:11:30.9195593Z > Task :spring-boot-project:spring-boot-test-autoconfigure:checkstyleDockerTest
2025-04-14T23:11:32.0591144Z > Task :spring-boot-project:spring-boot:test FAILED
2025-04-14T23:11:35.3607488Z > Task :spring-boot-project:spring-boot-test-autoconfigure:checkstyleMain
2025-04-14T23:11:36.7396896Z OpenJDK 64-Bit Server VM warning: Sharing is only supported for boot loader classes because bootstrap classpath has been appended
2025-04-14T23:11:58.9119934Z > Task :spring-boot-project:spring-boot-test:test
2025-04-14T23:12:04.2398191Z OpenJDK 64-Bit Server VM warning: Sharing is only supported for boot loader classes because bootstrap classpath has been appended
2025-04-14T23:12:04.2399142Z 
2025-04-14T23:12:09.4540647Z OpenJDK 64-Bit Server VM warning: Sharing is only supported for boot loader classes because bootstrap classpath has been appended
2025-04-14T23:12:10.7446918Z OpenJDK 64-Bit Server VM warning: Sharing is only supported for boot loader classes because bootstrap classpath has been appended
2025-04-14T23:12:52.1394896Z 2025-04-14T23:12:52.105Z  INFO 2232 --- [ionShutdownHook] o.s.b.w.e.tomcat.GracefulShutdown        : Commencing graceful shutdown. Waiting for active requests to complete
2025-04-14T23:12:52.2395042Z 2025-04-14T23:12:52.136Z  INFO 2232 --- [tomcat-shutdown] o.s.b.w.e.tomcat.GracefulShutdown        : Graceful shutdown complete
2025-04-14T23:12:52.2396785Z 2025-04-14T23:12:52.139Z  INFO 2232 --- [ionShutdownHook] o.s.b.w.e.tomcat.GracefulShutdown        : Commencing graceful shutdown. Waiting for active requests to complete
2025-04-14T23:12:52.2397905Z 2025-04-14T23:12:52.164Z  INFO 2232 --- [tomcat-shutdown] o.s.b.w.e.tomcat.GracefulShutdown        : Graceful shutdown complete
2025-04-14T23:13:00.4404389Z 
2025-04-14T23:13:00.4405392Z gradle/actions: Writing build results to D:\a\_temp\.gradle-actions\build-results\build-1744671061291.json
2025-04-14T23:13:00.4406809Z Found test failures in 1 test task:
2025-04-14T23:13:00.4407217Z 
2025-04-14T23:13:00.4407428Z 
2025-04-14T23:13:00.4408136Z [Incubating] Problems report is available at: file:///D:/a/spring-boot/spring-boot/build/reports/problems/problems-report.html
2025-04-14T23:13:00.4409567Z :spring-boot-project:spring-boot:test
2025-04-14T23:13:00.4409976Z 
2025-04-14T23:13:00.4410871Z     org.springframework.boot.logging.log4j2.ElasticCommonSchemaStructuredLogFormatterTests > shouldFormatException()
2025-04-14T23:13:00.4412235Z Deprecated Gradle features were used in this build, making it incompatible with Gradle 9.0.
2025-04-14T23:13:00.4413835Z     org.springframework.boot.logging.log4j2.ElasticCommonSchemaStructuredLogFormatterTests > shouldFormatException()
2025-04-14T23:13:00.4414845Z 
2025-04-14T23:13:00.4415834Z     org.springframework.boot.logging.log4j2.ElasticCommonSchemaStructuredLogFormatterTests > shouldFormatException()
2025-04-14T23:13:00.4417576Z You can use '--warning-mode all' to show the individual deprecation warnings and determine if they come from your own scripts or plugins.
2025-04-14T23:13:00.4420052Z     org.springframework.boot.logging.log4j2.ElasticCommonSchemaStructuredLogFormatterTests > shouldFormatException()
2025-04-14T23:13:00.4420988Z 
2025-04-14T23:13:00.4422538Z     org.springframework.boot.web.embedded.jetty.JettyServletWebServerFactoryTests > restartAfterStop()
2025-04-14T23:13:00.4424405Z For more on this, please refer to https://docs.gradle.org/8.13/userguide/command_line_interface.html#sec:command_line_warnings in the Gradle documentation.
2025-04-14T23:13:00.4431379Z     org.springframework.boot.web.embedded.undertow.UndertowReactiveWebServerFactoryTests > whenHttp2IsEnabledAndSslIsDisabledThenH2cCanBeUsed()
2025-04-14T23:13:00.4433385Z 481 actionable tasks: 404 executed, 77 from cache
2025-04-14T23:13:00.4433870Z 
2025-04-14T23:13:00.4434569Z FAILURE: Build failed with an exception.
2025-04-14T23:13:00.4435065Z 
2025-04-14T23:13:00.4435368Z * What went wrong:
2025-04-14T23:13:00.4436467Z Execution failed for task ':spring-boot-project:spring-boot:test'.
2025-04-14T23:13:00.4507390Z > There were failing tests. See the report at: file:///D:/a/spring-boot/spring-boot/spring-boot-project/spring-boot/build/reports/tests/test/index.html
2025-04-14T23:13:00.4535807Z 
2025-04-14T23:13:00.4541005Z BUILD FAILED in 22m 3s
2025-04-14T23:13:00.8400881Z 
2025-04-14T23:13:00.8401781Z Publishing build scan...
2025-04-14T23:13:01.0400645Z gradle/actions: Writing build results to D:\a\_temp\.gradle-actions\build-scans\build-1744671061291.json
2025-04-14T23:13:02.4397189Z https://ge.spring.io/s/nzpmoltfre63a
2025-04-14T23:13:02.4397776Z 
2025-04-14T23:13:02.7686199Z ##[error]Process completed with exit code 1.
2025-04-14T23:13:02.7967228Z Prepare all required actions
2025-04-14T23:13:02.8011636Z ##[group]Run ./.github/actions/send-notification
2025-04-14T23:13:02.8011973Z with:
2025-04-14T23:13:02.8012264Z   build-scan-url: https://ge.spring.io/s/nzpmoltfre63a
2025-04-14T23:13:02.8012645Z   run-name: main | Windows | Java 17
2025-04-14T23:13:02.8012950Z   status: failure
2025-04-14T23:13:02.8013884Z   webhook-url: ***
2025-04-14T23:13:02.8014134Z env:
2025-04-14T23:13:02.8014463Z   JAVA_HOME: C:\hostedtoolcache\windows\Java_Liberica_jdk\17.0.14-10\x64
2025-04-14T23:13:02.8015108Z   JAVA_HOME_17_X64: C:\hostedtoolcache\windows\Java_Liberica_jdk\17.0.14-10\x64
2025-04-14T23:13:02.8015571Z   GRADLE_ACTION_ID: gradle/actions/setup-gradle
2025-04-14T23:13:02.8015906Z   GRADLE_USER_HOME: D:\a\.gradle
2025-04-14T23:13:02.8016214Z   GRADLE_BUILD_ACTION_SETUP_COMPLETED: true
2025-04-14T23:13:02.8016547Z   GRADLE_BUILD_ACTION_CACHE_RESTORED: true
2025-04-14T23:13:02.8017094Z   DEVELOCITY_INJECTION_INIT_SCRIPT_NAME: gradle-actions.inject-develocity.init.gradle
2025-04-14T23:13:02.8017608Z   DEVELOCITY_AUTO_INJECTION_CUSTOM_VALUE: gradle-actions
2025-04-14T23:13:02.8034547Z   DEVELOCITY_ACCESS_KEY: ***
2025-04-14T23:13:02.8052960Z   GRADLE_ENTERPRISE_ACCESS_KEY: ***
2025-04-14T23:13:02.8053368Z   GITHUB_DEPENDENCY_GRAPH_ENABLED: false
2025-04-14T23:13:02.8053697Z ##[endgroup]
2025-04-14T23:13:02.8146889Z ##[group]Run echo "BUILD_SCAN= [<https://ge.spring.io/s/nzpmoltfre63a|Build Scan>]" >> "$GITHUB_ENV"
2025-04-14T23:13:02.8147676Z [36;1mecho "BUILD_SCAN= [<https://ge.spring.io/s/nzpmoltfre63a|Build Scan>]" >> "$GITHUB_ENV"[0m
2025-04-14T23:13:02.8148492Z [36;1mecho "RUN_URL=https://github.com/spring-projects/spring-boot/actions/runs/14457295293" >> "$GITHUB_ENV"[0m
2025-04-14T23:13:02.8161471Z shell: C:\Program Files\Git\bin\bash.EXE --noprofile --norc -e -o pipefail {0}
2025-04-14T23:13:02.8162004Z env:
2025-04-14T23:13:02.8162399Z   JAVA_HOME: C:\hostedtoolcache\windows\Java_Liberica_jdk\17.0.14-10\x64
2025-04-14T23:13:02.8162969Z   JAVA_HOME_17_X64: C:\hostedtoolcache\windows\Java_Liberica_jdk\17.0.14-10\x64
2025-04-14T23:13:02.8163475Z   GRADLE_ACTION_ID: gradle/actions/setup-gradle
2025-04-14T23:13:02.8163853Z   GRADLE_USER_HOME: D:\a\.gradle
2025-04-14T23:13:02.8164266Z   GRADLE_BUILD_ACTION_SETUP_COMPLETED: true
2025-04-14T23:13:02.8164704Z   GRADLE_BUILD_ACTION_CACHE_RESTORED: true
2025-04-14T23:13:02.8165256Z   DEVELOCITY_INJECTION_INIT_SCRIPT_NAME: gradle-actions.inject-develocity.init.gradle
2025-04-14T23:13:02.8165876Z   DEVELOCITY_AUTO_INJECTION_CUSTOM_VALUE: gradle-actions
2025-04-14T23:13:02.8182150Z   DEVELOCITY_ACCESS_KEY: ***
2025-04-14T23:13:02.8198002Z   GRADLE_ENTERPRISE_ACCESS_KEY: ***
2025-04-14T23:13:02.8198459Z   GITHUB_DEPENDENCY_GRAPH_ENABLED: false
2025-04-14T23:13:02.8198850Z ##[endgroup]
2025-04-14T23:13:02.8654866Z ##[group]Run curl -X POST '***' -H 'Content-Type: application/json' -d '{ text: "<users/all> *<https://github.com/spring-projects/spring-boot/actions/runs/14457295293|main | Windows | Java 17> failed*  [<https://ge.spring.io/s/nzpmoltfre63a|Build Scan>]"}' || true
2025-04-14T23:13:02.8657044Z [36;1mcurl -X POST '***' -H 'Content-Type: application/json' -d '{ text: "<users/all> *<https://github.com/spring-projects/spring-boot/actions/runs/14457295293|main | Windows | Java 17> failed*  [<https://ge.spring.io/s/nzpmoltfre63a|Build Scan>]"}' || true[0m
2025-04-14T23:13:02.8684383Z shell: C:\Program Files\Git\bin\bash.EXE --noprofile --norc -e -o pipefail {0}
2025-04-14T23:13:02.8684831Z env:
2025-04-14T23:13:02.8685177Z   JAVA_HOME: C:\hostedtoolcache\windows\Java_Liberica_jdk\17.0.14-10\x64
2025-04-14T23:13:02.8685727Z   JAVA_HOME_17_X64: C:\hostedtoolcache\windows\Java_Liberica_jdk\17.0.14-10\x64
2025-04-14T23:13:02.8686170Z   GRADLE_ACTION_ID: gradle/actions/setup-gradle
2025-04-14T23:13:02.8686502Z   GRADLE_USER_HOME: D:\a\.gradle
2025-04-14T23:13:02.8686814Z   GRADLE_BUILD_ACTION_SETUP_COMPLETED: true
2025-04-14T23:13:02.8688665Z   GRADLE_BUILD_ACTION_CACHE_RESTORED: true
2025-04-14T23:13:02.8689218Z   DEVELOCITY_INJECTION_INIT_SCRIPT_NAME: gradle-actions.inject-develocity.init.gradle
2025-04-14T23:13:02.8690063Z   DEVELOCITY_AUTO_INJECTION_CUSTOM_VALUE: gradle-actions
2025-04-14T23:13:02.8705847Z   DEVELOCITY_ACCESS_KEY: ***
2025-04-14T23:13:02.8721777Z   GRADLE_ENTERPRISE_ACCESS_KEY: ***
2025-04-14T23:13:02.8722129Z   GITHUB_DEPENDENCY_GRAPH_ENABLED: false
2025-04-14T23:13:02.8722541Z   BUILD_SCAN:  [<https://ge.spring.io/s/nzpmoltfre63a|Build Scan>]
2025-04-14T23:13:02.8723057Z   RUN_URL: https://github.com/spring-projects/spring-boot/actions/runs/14457295293
2025-04-14T23:13:02.8723677Z ##[endgroup]
2025-04-14T23:13:03.0220904Z   % Total    % Received % Xferd  Average Speed   Time    Time     Time  Current
2025-04-14T23:13:03.0221529Z                                  Dload  Upload   Total   Spent    Left  Speed
2025-04-14T23:13:03.0221845Z 
2025-04-14T23:13:03.5653908Z   0     0    0     0    0     0      0      0 --:--:-- --:--:-- --:--:--     0
2025-04-14T23:13:03.5654676Z 100   590    0   407  100   183    747    336 --:--:-- --:--:-- --:--:--  1084
2025-04-14T23:13:03.5655157Z {
2025-04-14T23:13:03.5655518Z   "name": "spaces/AAAAuk_dnXc/messages/as_LF4xqtOA.as_LF4xqtOA",
2025-04-14T23:13:03.5656682Z   "text": "\u003cusers/all\u003e *\u003chttps://github.com/spring-projects/spring-boot/actions/runs/14457295293|main | Windows | Java 17\u003e failed*  [\u003chttps://ge.spring.io/s/nzpmoltfre63a|Build Scan\u003e]",
2025-04-14T23:13:03.5658059Z   "thread": {
2025-04-14T23:13:03.5658383Z     "name": "spaces/AAAAuk_dnXc/threads/as_LF4xqtOA"
2025-04-14T23:13:03.5658836Z   },
2025-04-14T23:13:03.5659154Z   "space": {
2025-04-14T23:13:03.5659499Z     "name": "spaces/AAAAuk_dnXc"
2025-04-14T23:13:03.5659991Z   }
2025-04-14T23:13:03.5660303Z }
2025-04-14T23:13:03.5660896Z 100   590    0   407  100   183    747    336 --:--:-- --:--:-- --:--:--  1084
2025-04-14T23:13:03.5875503Z Post job cleanup.
2025-04-14T23:13:03.6024078Z Post job cleanup.
2025-04-14T23:13:04.3403455Z Gradle setup post-action only performed for first gradle/actions step in workflow.
2025-04-14T23:13:04.3697214Z Post job cleanup.
2025-04-14T23:13:04.7699873Z In post-action step
2025-04-14T23:13:04.7719621Z ##[group]Stopping Gradle daemons
2025-04-14T23:13:04.7723205Z Stopping Gradle daemons for D:\a\.gradle\wrapper\dists\gradle-8.13-bin\5xuhj0ry160q40clulazy9h7d\gradle-8.13
2025-04-14T23:13:04.7790398Z [command]C:\Windows\system32\cmd.exe /D /S /C "D:\a\.gradle\wrapper\dists\gradle-8.13-bin\5xuhj0ry160q40clulazy9h7d\gradle-8.13\bin\gradle.bat --stop"
2025-04-14T23:13:05.6864476Z Stopping Daemon(s)
2025-04-14T23:13:05.6864815Z 1 Daemon stopped
2025-04-14T23:13:05.7163991Z ##[endgroup]
2025-04-14T23:13:05.7165942Z Not performing cache-cleanup due to build failure
2025-04-14T23:13:05.7166856Z ##[group]Caching Gradle state
2025-04-14T23:13:09.3177578Z [command]"C:\Program Files\Git\usr\bin\tar.exe" --posix -cf cache.tzst --exclude cache.tzst -P -C D:/a/spring-boot/spring-boot --files-from manifest.txt --force-local --use-compress-program "zstd -T0"
2025-04-14T23:13:10.4563274Z [command]"C:\Program Files\Git\usr\bin\tar.exe" --posix -cf cache.tzst --exclude cache.tzst -P -C D:/a/spring-boot/spring-boot --files-from manifest.txt --force-local --use-compress-program "zstd -T0"
2025-04-14T23:13:10.7410644Z [command]"C:\Program Files\Git\usr\bin\tar.exe" --posix -cf cache.tzst --exclude cache.tzst -P -C D:/a/spring-boot/spring-boot --files-from manifest.txt --force-local --use-compress-program "zstd -T0"
2025-04-14T23:13:16.5312509Z Sent 2321266 of 2321266 (100.0%), 2.2 MBs/sec
2025-04-14T23:13:16.8829578Z Saved cache entry with key gradle-groovy-dsl-v1-84014e863c5e60110cd271608a8da782 from D:\a\.gradle\caches\*\groovy-dsl\*/ in 8312ms
2025-04-14T23:13:33.8737867Z Sent 13238272 of 115798381 (11.4%), 12.5 MBs/sec
2025-04-14T23:13:34.8733884Z Sent 84017152 of 115798381 (72.6%), 39.9 MBs/sec
2025-04-14T23:13:35.7823456Z Sent 0 of 1018950073 (0.0%), 0.0 MBs/sec
2025-04-14T23:13:35.8760820Z Sent 115798381 of 115798381 (100.0%), 36.7 MBs/sec
2025-04-14T23:13:36.2785492Z Saved cache entry with key gradle-transforms-v1-8cf7e00d74fcc38c93614c1598a14cf6 from D:\a\.gradle\caches\transforms-4\*/,D:\a\.gradle\caches\*\transforms\*/ in 26680ms
2025-04-14T23:13:37.4210692Z Sent 0 of 1018950073 (0.0%), 0.0 MBs/sec
2025-04-14T23:13:38.4208587Z Sent 134217728 of 1018950073 (13.2%), 35.2 MBs/sec
2025-04-14T23:13:39.4238900Z Sent 549188025 of 1018950073 (53.9%), 112.8 MBs/sec
2025-04-14T23:13:40.4181306Z Sent 1018950073 of 1018950073 (100.0%), 172.4 MBs/sec
2025-04-14T23:13:40.7792525Z Saved cache entry with key gradle-dependencies-v1-3fd3297a4347a16713fb9bb2ba006722 from D:\a\.gradle\caches\modules-*\files-*\*\*\*\* in 33367ms
2025-04-14T23:13:41.4513678Z [command]"C:\Program Files\Git\usr\bin\tar.exe" --posix -cf cache.tzst --exclude cache.tzst -P -C D:/a/spring-boot/spring-boot --files-from manifest.txt --force-local --use-compress-program "zstd -T0"
2025-04-14T23:14:02.9382497Z Sent 0 of 571829420 (0.0%), 0.0 MBs/sec
2025-04-14T23:14:03.9443826Z Sent 0 of 571829420 (0.0%), 0.0 MBs/sec
2025-04-14T23:14:04.9380960Z Sent 402653184 of 571829420 (70.4%), 128.0 MBs/sec
2025-04-14T23:14:05.5005445Z Sent 571829420 of 571829420 (100.0%), 153.1 MBs/sec
2025-04-14T23:14:05.7826693Z Saved cache entry with key gradle-home-v1|Windows-X64|ci[a53a018ab0dbe4f762ecb87a04bf2353]-34a43c1f87031289845f1e5ff81bd600e00c1a25 from D:\a\.gradle\caches,D:\a\.gradle\notifications,D:\a\.gradle\.setup-gradle in 24415ms
2025-04-14T23:14:05.7828075Z ##[endgroup]
2025-04-14T23:14:05.7836357Z Generating Job Summary
2025-04-14T23:14:05.7859377Z Completed post-action step
2025-04-14T23:14:05.8147459Z Post job cleanup.
2025-04-14T23:14:06.1478519Z Post job cleanup.
2025-04-14T23:14:06.3915563Z [command]"C:\Program Files\Git\bin\git.exe" version
2025-04-14T23:14:06.4307026Z git version 2.49.0.windows.1
2025-04-14T23:14:06.4363942Z Copying 'C:\Users\runneradmin\.gitconfig' to 'D:\a\_temp\f3289a63-86bc-4fa7-9648-c95f60c643dd\.gitconfig'
2025-04-14T23:14:06.4383077Z Temporarily overriding HOME='D:\a\_temp\f3289a63-86bc-4fa7-9648-c95f60c643dd' before making global git config changes
2025-04-14T23:14:06.4384299Z Adding repository directory to the temporary git global config as a safe directory
2025-04-14T23:14:06.4395100Z [command]"C:\Program Files\Git\bin\git.exe" config --global --add safe.directory D:\a\spring-boot\spring-boot
2025-04-14T23:14:06.4649216Z [command]"C:\Program Files\Git\bin\git.exe" config --local --name-only --get-regexp core\.sshCommand
2025-04-14T23:14:06.4890784Z [command]"C:\Program Files\Git\bin\git.exe" submodule foreach --recursive "sh -c \"git config --local --name-only --get-regexp 'core\.sshCommand' && git config --local --unset-all 'core.sshCommand' || :\""
2025-04-14T23:14:06.9430804Z [command]"C:\Program Files\Git\bin\git.exe" config --local --name-only --get-regexp http\.https\:\/\/github\.com\/\.extraheader
2025-04-14T23:14:06.9621833Z http.https://github.com/.extraheader
2025-04-14T23:14:06.9655894Z [command]"C:\Program Files\Git\bin\git.exe" config --local --unset-all http.https://github.com/.extraheader
2025-04-14T23:14:06.9889223Z [command]"C:\Program Files\Git\bin\git.exe" submodule foreach --recursive "sh -c \"git config --local --name-only --get-regexp 'http\.https\:\/\/github\.com\/\.extraheader' && git config --local --unset-all 'http.https://github.com/.extraheader' || :\""
2025-04-14T23:14:07.4352576Z Cleaning up orphan processes
