2025-04-11T14:43:10.4831118Z Requested labels: macos-14
2025-04-11T14:43:10.4831370Z Job defined at: tailwindlabs/tailwindcss/.github/workflows/release-insiders.yml@refs/heads/main
2025-04-11T14:43:10.4831498Z Waiting for a runner to pick up this job...
2025-04-11T14:43:10.6957752Z Job is waiting for a hosted runner to come online.
2025-04-11T14:43:14.6127932Z Job is about to start running on the hosted runner: GitHub Actions 46 (hosted)
2025-04-11T14:43:16.2633130Z Current runner version: '2.323.0'
2025-04-11T14:43:16.2655820Z ##[group]Operating System
2025-04-11T14:43:16.2656400Z macOS
2025-04-11T14:43:16.2656760Z 14.7.4
2025-04-11T14:43:16.2657090Z 23H420
2025-04-11T14:43:16.2704970Z ##[endgroup]
2025-04-11T14:43:16.2705380Z ##[group]Runner Image
2025-04-11T14:43:16.2705820Z Image: macos-14-arm64
2025-04-11T14:43:16.2706190Z Version: 20250331.1204
2025-04-11T14:43:16.2706930Z Included Software: https://github.com/actions/runner-images/blob/macos-14-arm64/20250331.1204/images/macos/macos-14-arm64-Readme.md
2025-04-11T14:43:16.2707930Z Image Release: https://github.com/actions/runner-images/releases/tag/macos-14-arm64%2F20250331.1204
2025-04-11T14:43:16.2708570Z ##[endgroup]
2025-04-11T14:43:16.2708950Z ##[group]Runner Image Provisioner
2025-04-11T14:43:16.2710560Z 2.0.422.1+55c30c14fe2a0a1547db1b656933ae07d97649a9
2025-04-11T14:43:16.2711050Z ##[endgroup]
2025-04-11T14:43:16.2712870Z ##[group]GITHUB_TOKEN Permissions
2025-04-11T14:43:16.2715540Z Contents: write
2025-04-11T14:43:16.2715930Z Metadata: read
2025-04-11T14:43:16.2716290Z ##[endgroup]
2025-04-11T14:43:16.2718980Z Secret source: Actions
2025-04-11T14:43:16.2719500Z Prepare workflow directory
2025-04-11T14:43:16.3152110Z Prepare all required actions
2025-04-11T14:43:16.3181860Z Getting action download info
2025-04-11T14:43:16.6490380Z ##[group]Download immutable action package 'actions/checkout@v4'
2025-04-11T14:43:16.6491240Z Version: 4.2.2
2025-04-11T14:43:16.6491890Z Digest: sha256:ccb2698953eaebd21c7bf6268a94f9c26518a7e38e27e0b83c1fe1ad049819b1
2025-04-11T14:43:16.6492660Z Source commit SHA: 11bd71901bbe5b1630ceea73d27597364c9af683
2025-04-11T14:43:16.6493160Z ##[endgroup]
2025-04-11T14:43:16.9592730Z Download action repository 'pnpm/action-setup@v4' (SHA:a7487c7e89a18df4991f7f222e4898a00d66ddda)
2025-04-11T14:43:17.5999950Z ##[group]Download immutable action package 'actions/setup-node@v4'
2025-04-11T14:43:17.6000630Z Version: 4.3.0
2025-04-11T14:43:17.6001310Z Digest: sha256:9f9f8171ffc89cb7f6897e615e2b43b46bb55176fd279129eb0088157eace9b2
2025-04-11T14:43:17.6002080Z Source commit SHA: cdca7365b2dadb8aad0a33bc7601856ffabcc48e
2025-04-11T14:43:17.6002600Z ##[endgroup]
2025-04-11T14:43:17.7168880Z ##[group]Download immutable action package 'actions/cache@v4'
2025-04-11T14:43:17.7169490Z Version: 4.2.3
2025-04-11T14:43:17.7170050Z Digest: sha256:c8a3bb963e1f1826d8fcc8d1354f0dd29d8ac1db1d4f6f20247055ae11b81ed9
2025-04-11T14:43:17.7170730Z Source commit SHA: 5a3ec84eff668545956fd18022155c47e93e2684
2025-04-11T14:43:17.7171230Z ##[endgroup]
2025-04-11T14:43:17.8069350Z ##[group]Download immutable action package 'actions/download-artifact@v4'
2025-04-11T14:43:17.8069950Z Version: 4.2.1
2025-04-11T14:43:17.8070470Z Digest: sha256:dc468d5aa7f2038c97563f0fd51a6d40150fe504eef54e24f5ac75983c6666de
2025-04-11T14:43:17.8071110Z Source commit SHA: 95815c38cf2ff2164869cbab79da8d1f422bc89e
2025-04-11T14:43:17.8071600Z ##[endgroup]
2025-04-11T14:43:18.1687560Z ##[group]Download immutable action package 'actions/github-script@v7'
2025-04-11T14:43:18.1689220Z Version: 7.0.1
2025-04-11T14:43:18.1689790Z Digest: sha256:bce02966afe3a75123f766b765abe432fac5464b74976015dc06b811ac9054c7
2025-04-11T14:43:18.1690530Z Source commit SHA: 60a0d83039c74a4aee543508d2ffcb1c3799cdea
2025-04-11T14:43:18.1691010Z ##[endgroup]
2025-04-11T14:43:18.5156440Z Complete job name: Build and release Tailwind CSS insiders
2025-04-11T14:43:18.5579500Z ##[group]Run actions/checkout@v4
2025-04-11T14:43:18.5580010Z with:
2025-04-11T14:43:18.5580300Z   fetch-depth: 20
2025-04-11T14:43:18.5580630Z   repository: tailwindlabs/tailwindcss
2025-04-11T14:43:18.5581140Z   token: ***
2025-04-11T14:43:18.5581430Z   ssh-strict: true
2025-04-11T14:43:18.5581730Z   ssh-user: git
2025-04-11T14:43:18.5582040Z   persist-credentials: true
2025-04-11T14:43:18.5582370Z   clean: true
2025-04-11T14:43:18.5582700Z   sparse-checkout-cone-mode: true
2025-04-11T14:43:18.5583060Z   fetch-tags: false
2025-04-11T14:43:18.5583370Z   show-progress: true
2025-04-11T14:43:18.5583670Z   lfs: false
2025-04-11T14:43:18.5584330Z   submodules: false
2025-04-11T14:43:18.5584640Z   set-safe-directory: true
2025-04-11T14:43:18.5585070Z env:
2025-04-11T14:43:18.5585370Z   APP_NAME: tailwindcss-oxide
2025-04-11T14:43:18.5585710Z   NODE_VERSION: 20
2025-04-11T14:43:18.5586020Z   OXIDE_LOCATION: ./crates/node
2025-04-11T14:43:18.5586360Z   RELEASE_CHANNEL: insiders
2025-04-11T14:43:18.5586720Z ##[endgroup]
2025-04-11T14:43:18.8474040Z Syncing repository: tailwindlabs/tailwindcss
2025-04-11T14:43:18.8475460Z ##[group]Getting Git version info
2025-04-11T14:43:18.8476090Z Working directory is '/Users/runner/work/tailwindcss/tailwindcss'
2025-04-11T14:43:18.8476870Z [command]/opt/homebrew/bin/git version
2025-04-11T14:43:18.9013880Z git version 2.49.0
2025-04-11T14:43:18.9049220Z ##[endgroup]
2025-04-11T14:43:18.9060190Z Copying '/Users/runner/.gitconfig' to '/Users/runner/work/_temp/02011ade-da5f-4c79-a906-03615bcc409d/.gitconfig'
2025-04-11T14:43:18.9072220Z Temporarily overriding HOME='/Users/runner/work/_temp/02011ade-da5f-4c79-a906-03615bcc409d' before making global git config changes
2025-04-11T14:43:18.9073730Z Adding repository directory to the temporary git global config as a safe directory
2025-04-11T14:43:18.9081950Z [command]/opt/homebrew/bin/git config --global --add safe.directory /Users/runner/work/tailwindcss/tailwindcss
2025-04-11T14:43:18.9332800Z Deleting the contents of '/Users/runner/work/tailwindcss/tailwindcss'
2025-04-11T14:43:18.9336410Z ##[group]Initializing the repository
2025-04-11T14:43:18.9340040Z [command]/opt/homebrew/bin/git init /Users/runner/work/tailwindcss/tailwindcss
2025-04-11T14:43:18.9565740Z hint: Using 'master' as the name for the initial branch. This default branch name
2025-04-11T14:43:18.9567090Z hint: is subject to change. To configure the initial branch name to use in all
2025-04-11T14:43:18.9567780Z hint: of your new repositories, which will suppress this warning, call:
2025-04-11T14:43:18.9568290Z hint:
2025-04-11T14:43:18.9568700Z hint: 	git config --global init.defaultBranch <name>
2025-04-11T14:43:18.9569180Z hint:
2025-04-11T14:43:18.9569580Z hint: Names commonly chosen instead of 'master' are 'main', 'trunk' and
2025-04-11T14:43:18.9570250Z hint: 'development'. The just-created branch can be renamed via this command:
2025-04-11T14:43:18.9570800Z hint:
2025-04-11T14:43:18.9571100Z hint: 	git branch -m <name>
2025-04-11T14:43:18.9571960Z Initialized empty Git repository in /Users/runner/work/tailwindcss/tailwindcss/.git/
2025-04-11T14:43:18.9583310Z [command]/opt/homebrew/bin/git remote add origin https://github.com/tailwindlabs/tailwindcss
2025-04-11T14:43:18.9652850Z ##[endgroup]
2025-04-11T14:43:18.9654320Z ##[group]Disabling automatic garbage collection
2025-04-11T14:43:18.9655580Z [command]/opt/homebrew/bin/git config --local gc.auto 0
2025-04-11T14:43:18.9709350Z ##[endgroup]
2025-04-11T14:43:18.9710900Z ##[group]Setting up auth
2025-04-11T14:43:18.9713140Z [command]/opt/homebrew/bin/git config --local --name-only --get-regexp core\.sshCommand
2025-04-11T14:43:18.9764900Z [command]/opt/homebrew/bin/git submodule foreach --recursive sh -c "git config --local --name-only --get-regexp 'core\.sshCommand' && git config --local --unset-all 'core.sshCommand' || :"
2025-04-11T14:43:19.0608590Z [command]/opt/homebrew/bin/git config --local --name-only --get-regexp http\.https\:\/\/github\.com\/\.extraheader
2025-04-11T14:43:19.0652840Z [command]/opt/homebrew/bin/git submodule foreach --recursive sh -c "git config --local --name-only --get-regexp 'http\.https\:\/\/github\.com\/\.extraheader' && git config --local --unset-all 'http.https://github.com/.extraheader' || :"
2025-04-11T14:43:19.1214120Z [command]/opt/homebrew/bin/git config --local http.https://github.com/.extraheader AUTHORIZATION: basic ***
2025-04-11T14:43:19.1297960Z ##[endgroup]
2025-04-11T14:43:19.1298580Z ##[group]Fetching the repository
2025-04-11T14:43:19.1303610Z [command]/opt/homebrew/bin/git -c protocol.version=2 fetch --no-tags --prune --no-recurse-submodules --depth=20 origin +6e1f53348d581bdb3c03b437186ae0129651b406:refs/remotes/origin/main
2025-04-11T14:43:19.9525960Z From https://github.com/tailwindlabs/tailwindcss
2025-04-11T14:43:19.9527820Z  * [new ref]         6e1f53348d581bdb3c03b437186ae0129651b406 -> origin/main
2025-04-11T14:43:19.9592240Z ##[endgroup]
2025-04-11T14:43:19.9593440Z ##[group]Determining the checkout info
2025-04-11T14:43:19.9594910Z ##[endgroup]
2025-04-11T14:43:19.9596670Z [command]/opt/homebrew/bin/git sparse-checkout disable
2025-04-11T14:43:19.9656070Z [command]/opt/homebrew/bin/git config --local --unset-all extensions.worktreeConfig
2025-04-11T14:43:19.9701800Z ##[group]Checking out the ref
2025-04-11T14:43:19.9704510Z [command]/opt/homebrew/bin/git checkout --progress --force -B main refs/remotes/origin/main
2025-04-11T14:43:20.0200870Z Switched to a new branch 'main'
2025-04-11T14:43:20.0202770Z branch 'main' set up to track 'origin/main'.
2025-04-11T14:43:20.0222300Z ##[endgroup]
2025-04-11T14:43:20.0260870Z [command]/opt/homebrew/bin/git log -1 --format=%H
2025-04-11T14:43:20.0298720Z 6e1f53348d581bdb3c03b437186ae0129651b406
2025-04-11T14:43:20.0452810Z ##[group]Run echo "SHA_SHORT=$(git rev-parse --short HEAD)" >> $GITHUB_ENV
2025-04-11T14:43:20.0454200Z [36;1mecho "SHA_SHORT=$(git rev-parse --short HEAD)" >> $GITHUB_ENV[0m
2025-04-11T14:43:20.0503680Z shell: /bin/bash -e {0}
2025-04-11T14:43:20.0504400Z env:
2025-04-11T14:43:20.0505010Z   APP_NAME: tailwindcss-oxide
2025-04-11T14:43:20.0505780Z   NODE_VERSION: 20
2025-04-11T14:43:20.0506430Z   OXIDE_LOCATION: ./crates/node
2025-04-11T14:43:20.0507200Z   RELEASE_CHANNEL: insiders
2025-04-11T14:43:20.0507920Z ##[endgroup]
2025-04-11T14:43:20.1057580Z ##[group]Run pnpm/action-setup@v4
2025-04-11T14:43:20.1058370Z with:
2025-04-11T14:43:20.1058930Z   dest: ~/setup-pnpm
2025-04-11T14:43:20.1059520Z   run_install: null
2025-04-11T14:43:20.1060140Z   package_json_file: package.json
2025-04-11T14:43:20.1060850Z   standalone: false
2025-04-11T14:43:20.1061430Z env:
2025-04-11T14:43:20.1061970Z   APP_NAME: tailwindcss-oxide
2025-04-11T14:43:20.1062680Z   NODE_VERSION: 20
2025-04-11T14:43:20.1063280Z   OXIDE_LOCATION: ./crates/node
2025-04-11T14:43:20.1063980Z   RELEASE_CHANNEL: insiders
2025-04-11T14:43:20.1064620Z   SHA_SHORT: 6e1f533
2025-04-11T14:43:20.1065350Z ##[endgroup]
2025-04-11T14:43:20.1843440Z ##[group]Running self-installer...
2025-04-11T14:43:20.6469750Z Progress: resolved 1, reused 0, downloaded 0, added 0
2025-04-11T14:43:20.6566670Z Packages: +1
2025-04-11T14:43:20.6569470Z +
2025-04-11T14:43:21.3353450Z Progress: resolved 1, reused 0, downloaded 1, added 1, done
2025-04-11T14:43:21.3820750Z 
2025-04-11T14:43:21.3821650Z dependencies:
2025-04-11T14:43:21.3822450Z + pnpm 9.6.0 (10.8.0 is available)
2025-04-11T14:43:21.3822940Z 
2025-04-11T14:43:21.3866920Z Done in 1s
2025-04-11T14:43:21.3980290Z ##[endgroup]
2025-04-11T14:43:21.3982320Z Installation Completed!
2025-04-11T14:43:21.4253330Z ##[group]Run actions/setup-node@v4
2025-04-11T14:43:21.4254300Z with:
2025-04-11T14:43:21.4254980Z   node-version: 20
2025-04-11T14:43:21.4255810Z   cache: pnpm
2025-04-11T14:43:21.4256580Z   registry-url: https://registry.npmjs.org
2025-04-11T14:43:21.4257870Z   always-auth: false
2025-04-11T14:43:21.4258590Z   check-latest: false
2025-04-11T14:43:21.4259880Z   token: ***
2025-04-11T14:43:21.4260930Z env:
2025-04-11T14:43:21.4261540Z   APP_NAME: tailwindcss-oxide
2025-04-11T14:43:21.4262860Z   NODE_VERSION: 20
2025-04-11T14:43:21.4263540Z   OXIDE_LOCATION: ./crates/node
2025-04-11T14:43:21.4264280Z   RELEASE_CHANNEL: insiders
2025-04-11T14:43:21.4265040Z   SHA_SHORT: 6e1f533
2025-04-11T14:43:21.4265920Z   PNPM_HOME: /Users/runner/setup-pnpm/node_modules/.bin
2025-04-11T14:43:21.4267540Z ##[endgroup]
2025-04-11T14:43:21.5763710Z Found in cache @ /Users/runner/hostedtoolcache/node/20.19.0/arm64
2025-04-11T14:43:21.5767100Z ##[group]Environment details
2025-04-11T14:43:22.0624800Z node: v20.19.0
2025-04-11T14:43:22.0636910Z npm: 10.8.2
2025-04-11T14:43:22.0637610Z yarn: 1.22.22
2025-04-11T14:43:22.0638800Z ##[endgroup]
2025-04-11T14:43:22.0664230Z [command]/Users/runner/setup-pnpm/node_modules/.bin/pnpm store path --silent
2025-04-11T14:43:22.4157040Z /Users/runner/setup-pnpm/node_modules/.bin/store/v3
2025-04-11T14:43:22.7025150Z Cache hit for: node-cache-macOS-arm64-pnpm-294c6a186b4dfc4d46572d22eb6239058f1940e941cb83127155bef3427f7073
2025-04-11T14:43:23.9896470Z Received 0 of 96266911 (0.0%), 0.0 MBs/sec
2025-04-11T14:43:24.9899550Z Received 79691776 of 96266911 (82.8%), 38.0 MBs/sec
2025-04-11T14:43:25.1847490Z Received 96266911 of 96266911 (100.0%), 41.8 MBs/sec
2025-04-11T14:43:25.1853910Z Cache Size: ~92 MB (96266911 B)
2025-04-11T14:43:25.1919680Z [command]/opt/homebrew/bin/gtar -xf /Users/runner/work/_temp/d08fb003-4164-4a81-9aa2-be0d16e6258f/cache.tzst -P -C /Users/runner/work/tailwindcss/tailwindcss --delay-directory-restore --use-compress-program unzstd
2025-04-11T14:43:26.3503120Z Cache restored successfully
2025-04-11T14:43:26.3522900Z Cache restored from key: node-cache-macOS-arm64-pnpm-294c6a186b4dfc4d46572d22eb6239058f1940e941cb83127155bef3427f7073
2025-04-11T14:43:26.4916460Z ##[group]Run actions/cache@v4
2025-04-11T14:43:26.4916720Z with:
2025-04-11T14:43:26.4917010Z   path: ~/.cargo/bin/
~/.cargo/registry/index/
~/.cargo/registry/cache/
~/.cargo/git/db/
target/

2025-04-11T14:43:26.4932440Z   key: macOS--cargo-b50935dc9b0ad9804b0fa87450584e62e2e8a0806a7e7799acd6360ec106e712
2025-04-11T14:43:26.4932880Z   enableCrossOsArchive: false
2025-04-11T14:43:26.4933110Z   fail-on-cache-miss: false
2025-04-11T14:43:26.4933340Z   lookup-only: false
2025-04-11T14:43:26.4933540Z   save-always: false
2025-04-11T14:43:26.4933680Z env:
2025-04-11T14:43:26.4933830Z   APP_NAME: tailwindcss-oxide
2025-04-11T14:43:26.4934000Z   NODE_VERSION: 20
2025-04-11T14:43:26.4934200Z   OXIDE_LOCATION: ./crates/node
2025-04-11T14:43:26.4934370Z   RELEASE_CHANNEL: insiders
2025-04-11T14:43:26.4934570Z   SHA_SHORT: 6e1f533
2025-04-11T14:43:26.4934820Z   PNPM_HOME: /Users/runner/setup-pnpm/node_modules/.bin
2025-04-11T14:43:26.4935260Z   NPM_CONFIG_USERCONFIG: /Users/runner/work/_temp/.npmrc
2025-04-11T14:43:26.4935590Z   NODE_AUTH_TOKEN: XXXXX-XXXXX-XXXXX-XXXXX
2025-04-11T14:43:26.4935860Z ##[endgroup]
2025-04-11T14:43:26.8669360Z Cache hit for: macOS--cargo-b50935dc9b0ad9804b0fa87450584e62e2e8a0806a7e7799acd6360ec106e712
2025-04-11T14:43:28.2402040Z Received 0 of 92065324 (0.0%), 0.0 MBs/sec
2025-04-11T14:43:29.2420340Z Received 46137344 of 92065324 (50.1%), 21.9 MBs/sec
2025-04-11T14:43:29.8090860Z Received 92065324 of 92065324 (100.0%), 34.1 MBs/sec
2025-04-11T14:43:29.8098790Z Cache Size: ~88 MB (92065324 B)
2025-04-11T14:43:29.8250890Z [command]/opt/homebrew/bin/gtar -xf /Users/runner/work/_temp/3bb275c2-d735-4cb0-99f5-22d3b0d4d90b/cache.tzst -P -C /Users/runner/work/tailwindcss/tailwindcss --delay-directory-restore --use-compress-program unzstd
2025-04-11T14:43:30.3536760Z Cache restored successfully
2025-04-11T14:43:30.3629490Z Cache restored from key: macOS--cargo-b50935dc9b0ad9804b0fa87450584e62e2e8a0806a7e7799acd6360ec106e712
2025-04-11T14:43:30.4772780Z ##[group]Run actions/cache@v4
2025-04-11T14:43:30.4773160Z with:
2025-04-11T14:43:30.4773430Z   path: ./oxide/target/
./crates/node/*.node
./crates/node/index.js
./crates/node/index.d.ts

2025-04-11T14:43:30.4773890Z   key: macOS--oxide-76b59d46a9be6d8117f0d7126b35767e9e1e1d5e87ebe7ff488eb9a23a7305be
2025-04-11T14:43:30.4774220Z   enableCrossOsArchive: false
2025-04-11T14:43:30.4774420Z   fail-on-cache-miss: false
2025-04-11T14:43:30.4774590Z   lookup-only: false
2025-04-11T14:43:30.4774750Z   save-always: false
2025-04-11T14:43:30.4774900Z env:
2025-04-11T14:43:30.4775050Z   APP_NAME: tailwindcss-oxide
2025-04-11T14:43:30.4775220Z   NODE_VERSION: 20
2025-04-11T14:43:30.4775390Z   OXIDE_LOCATION: ./crates/node
2025-04-11T14:43:30.4775570Z   RELEASE_CHANNEL: insiders
2025-04-11T14:43:30.4775740Z   SHA_SHORT: 6e1f533
2025-04-11T14:43:30.4775940Z   PNPM_HOME: /Users/runner/setup-pnpm/node_modules/.bin
2025-04-11T14:43:30.4776260Z   NPM_CONFIG_USERCONFIG: /Users/runner/work/_temp/.npmrc
2025-04-11T14:43:30.4776500Z   NODE_AUTH_TOKEN: XXXXX-XXXXX-XXXXX-XXXXX
2025-04-11T14:43:30.4778340Z ##[endgroup]
2025-04-11T14:43:30.8542170Z Cache hit for: macOS--oxide-76b59d46a9be6d8117f0d7126b35767e9e1e1d5e87ebe7ff488eb9a23a7305be
2025-04-11T14:43:31.7937300Z Received 1104900 of 1104900 (100.0%), 1.6 MBs/sec
2025-04-11T14:43:31.7938870Z Cache Size: ~1 MB (1104900 B)
2025-04-11T14:43:31.7974860Z [command]/opt/homebrew/bin/gtar -xf /Users/runner/work/_temp/449299a5-b287-4ee6-bf86-874f1dd8ca73/cache.tzst -P -C /Users/runner/work/tailwindcss/tailwindcss --delay-directory-restore --use-compress-program unzstd
2025-04-11T14:43:31.8115330Z Cache restored successfully
2025-04-11T14:43:31.8225810Z Cache restored from key: macOS--oxide-76b59d46a9be6d8117f0d7126b35767e9e1e1d5e87ebe7ff488eb9a23a7305be
2025-04-11T14:43:31.8267460Z ##[group]Run pnpm --filter=!./playgrounds/* install
2025-04-11T14:43:31.8267890Z [36;1mpnpm --filter=!./playgrounds/* install[0m
2025-04-11T14:43:31.8337410Z shell: /bin/bash -e {0}
2025-04-11T14:43:31.8337610Z env:
2025-04-11T14:43:31.8337850Z   APP_NAME: tailwindcss-oxide
2025-04-11T14:43:31.8338080Z   NODE_VERSION: 20
2025-04-11T14:43:31.8338300Z   OXIDE_LOCATION: ./crates/node
2025-04-11T14:43:31.8338550Z   RELEASE_CHANNEL: insiders
2025-04-11T14:43:31.8338740Z   SHA_SHORT: 6e1f533
2025-04-11T14:43:31.8338960Z   PNPM_HOME: /Users/runner/setup-pnpm/node_modules/.bin
2025-04-11T14:43:31.8339280Z   NPM_CONFIG_USERCONFIG: /Users/runner/work/_temp/.npmrc
2025-04-11T14:43:31.8339560Z   NODE_AUTH_TOKEN: XXXXX-XXXXX-XXXXX-XXXXX
2025-04-11T14:43:31.8339810Z ##[endgroup]
2025-04-11T14:43:32.1162660Z crates/node/npm/android-arm-eabi         | â€‰WARNâ€‰ Unsupported platform: wanted: {"cpu":["arm"],"os":["android"],"libc":["any"]} (current: {"os":"darwin","cpu":"arm64","libc":"unknown"})
2025-04-11T14:43:32.1164020Z crates/node/npm/android-arm64            | â€‰WARNâ€‰ Unsupported platform: wanted: {"cpu":["arm64"],"os":["android"],"libc":["any"]} (current: {"os":"darwin","cpu":"arm64","libc":"unknown"})
2025-04-11T14:43:32.1165200Z crates/node/npm/darwin-x64               | â€‰WARNâ€‰ Unsupported platform: wanted: {"cpu":["x64"],"os":["darwin"],"libc":["any"]} (current: {"os":"darwin","cpu":"arm64","libc":"unknown"})
2025-04-11T14:43:32.1166380Z crates/node/npm/freebsd-x64              | â€‰WARNâ€‰ Unsupported platform: wanted: {"cpu":["x64"],"os":["freebsd"],"libc":["any"]} (current: {"os":"darwin","cpu":"arm64","libc":"unknown"})
2025-04-11T14:43:32.1167520Z crates/node/npm/linux-arm-gnueabihf      | â€‰WARNâ€‰ Unsupported platform: wanted: {"cpu":["arm"],"os":["linux"],"libc":["any"]} (current: {"os":"darwin","cpu":"arm64","libc":"unknown"})
2025-04-11T14:43:32.1168690Z crates/node/npm/linux-arm64-gnu          | â€‰WARNâ€‰ Unsupported platform: wanted: {"cpu":["arm64"],"os":["linux"],"libc":["glibc"]} (current: {"os":"darwin","cpu":"arm64","libc":"unknown"})
2025-04-11T14:43:32.1169880Z crates/node/npm/linux-arm64-musl         | â€‰WARNâ€‰ Unsupported platform: wanted: {"cpu":["arm64"],"os":["linux"],"libc":["musl"]} (current: {"os":"darwin","cpu":"arm64","libc":"unknown"})
2025-04-11T14:43:32.1171020Z crates/node/npm/linux-x64-gnu            | â€‰WARNâ€‰ Unsupported platform: wanted: {"cpu":["x64"],"os":["linux"],"libc":["glibc"]} (current: {"os":"darwin","cpu":"arm64","libc":"unknown"})
2025-04-11T14:43:32.1172130Z crates/node/npm/linux-x64-musl           | â€‰WARNâ€‰ Unsupported platform: wanted: {"cpu":["x64"],"os":["linux"],"libc":["musl"]} (current: {"os":"darwin","cpu":"arm64","libc":"unknown"})
2025-04-11T14:43:32.1173270Z crates/node/npm/win32-arm64-msvc         | â€‰WARNâ€‰ Unsupported platform: wanted: {"cpu":["arm64"],"os":["win32"],"libc":["any"]} (current: {"os":"darwin","cpu":"arm64","libc":"unknown"})
2025-04-11T14:43:32.1174390Z crates/node/npm/win32-x64-msvc           | â€‰WARNâ€‰ Unsupported platform: wanted: {"cpu":["x64"],"os":["win32"],"libc":["any"]} (current: {"os":"darwin","cpu":"arm64","libc":"unknown"})
2025-04-11T14:43:32.1298560Z Scope: 24 of 27 workspace projects
2025-04-11T14:43:32.1745840Z Lockfile is up to date, resolution step is skipped
2025-04-11T14:43:32.2041580Z Progress: resolved 1, reused 0, downloaded 0, added 0
2025-04-11T14:43:32.2243290Z .                                        | +281 ++++++++++++++++++++++++++++
2025-04-11T14:43:32.7096110Z Progress: resolved 281, reused 280, downloaded 0, added 281, done
2025-04-11T14:43:32.8037240Z .../node_modules/@parcel/watcher install$ node scripts/build-from-source.js
2025-04-11T14:43:32.8041060Z .../node_modules/@parcel/watcher install$ node scripts/build-from-source.js
2025-04-11T14:43:32.8043530Z .../esbuild@0.25.0/node_modules/esbuild postinstall$ node install.js
2025-04-11T14:43:32.8044180Z .../esbuild@0.21.5/node_modules/esbuild postinstall$ node install.js
2025-04-11T14:43:32.8345690Z .../esbuild@0.23.1/node_modules/esbuild postinstall$ node install.js
2025-04-11T14:43:32.8421680Z .../node_modules/@parcel/watcher install: Done
2025-04-11T14:43:32.8455630Z .../node_modules/@parcel/watcher install: Done
2025-04-11T14:43:32.8658150Z .../node_modules/tree-sitter install$ node-gyp-build
2025-04-11T14:43:32.8699530Z .../.pnpm/bun@1.2.8/node_modules/bun postinstall$ node install.js
2025-04-11T14:43:32.9002170Z .../esbuild@0.25.0/node_modules/esbuild postinstall: Done
2025-04-11T14:43:32.9308690Z .../esbuild@0.24.0/node_modules/esbuild postinstall$ node install.js
2025-04-11T14:43:32.9333780Z .../.pnpm/bun@1.2.8/node_modules/bun postinstall: Done
2025-04-11T14:43:32.9553010Z .../esbuild@0.21.5/node_modules/esbuild postinstall: Done
2025-04-11T14:43:32.9745070Z .../node_modules/tree-sitter install: Done
2025-04-11T14:43:32.9792380Z .../esbuild@0.23.1/node_modules/esbuild postinstall: Done
2025-04-11T14:43:33.0506560Z .../esbuild@0.24.0/node_modules/esbuild postinstall: Done
2025-04-11T14:43:33.1147800Z .../node_modules/tree-sitter-javascript install$ node-gyp-build
2025-04-11T14:43:33.1734220Z .../node_modules/tree-sitter-javascript install: Done
2025-04-11T14:43:33.1993900Z .../node_modules/tree-sitter-typescript install$ node-gyp-build
2025-04-11T14:43:33.2600060Z .../node_modules/tree-sitter-typescript install: Done
2025-04-11T14:43:33.5020190Z â€‰WARNâ€‰ Failed to create bin at /Users/runner/work/tailwindcss/tailwindcss/packages/@tailwindcss-standalone/node_modules/.bin/tailwindcss. ENOENT: no such file or directory, open '/Users/runner/work/tailwindcss/tailwindcss/packages/@tailwindcss-cli/dist/index.mjs'
2025-04-11T14:43:34.5272750Z â€‰WARNâ€‰ Failed to create bin at /Users/runner/work/tailwindcss/tailwindcss/packages/@tailwindcss-standalone/node_modules/.bin/tailwindcss. ENOENT: no such file or directory, open '/Users/runner/work/tailwindcss/tailwindcss/packages/@tailwindcss-standalone/node_modules/@tailwindcss/cli/dist/index.mjs'
2025-04-11T14:43:35.2885100Z Done in 3.3s
2025-04-11T14:43:35.3204030Z ##[group]Run actions/download-artifact@v4
2025-04-11T14:43:35.3204410Z with:
2025-04-11T14:43:35.3204630Z   path: ./crates/node
2025-04-11T14:43:35.3204910Z   merge-multiple: false
2025-04-11T14:43:35.3205170Z   repository: tailwindlabs/tailwindcss
2025-04-11T14:43:35.3205500Z   run-id: 14405659536
2025-04-11T14:43:35.3205820Z env:
2025-04-11T14:43:35.3206100Z   APP_NAME: tailwindcss-oxide
2025-04-11T14:43:35.3206390Z   NODE_VERSION: 20
2025-04-11T14:43:35.3206600Z   OXIDE_LOCATION: ./crates/node
2025-04-11T14:43:35.3206880Z   RELEASE_CHANNEL: insiders
2025-04-11T14:43:35.3207170Z   SHA_SHORT: 6e1f533
2025-04-11T14:43:35.3207400Z   PNPM_HOME: /Users/runner/setup-pnpm/node_modules/.bin
2025-04-11T14:43:35.3207730Z   NPM_CONFIG_USERCONFIG: /Users/runner/work/_temp/.npmrc
2025-04-11T14:43:35.3208010Z   NODE_AUTH_TOKEN: XXXXX-XXXXX-XXXXX-XXXXX
2025-04-11T14:43:35.3208250Z ##[endgroup]
2025-04-11T14:43:35.8302210Z Found 12 artifact(s)
2025-04-11T14:43:35.8303670Z No input name or pattern filtered specified, downloading all artifacts
2025-04-11T14:43:35.8304600Z An extra directory with the artifact name will be created for each download
2025-04-11T14:43:35.8305400Z Preparing to download the following artifacts:
2025-04-11T14:43:35.8306740Z - bindings-x86_64-pc-windows-msvc (ID: 2928236763, Size: 1260367, Expected Digest: sha256:602de6430c015ec078721bab941358d45155657b5b31ac381e3f6c568c23dc97)
2025-04-11T14:43:35.8309300Z - bindings-aarch64-unknown-linux-gnu (ID: 2928228452, Size: 1150093, Expected Digest: sha256:6810f2d0250f73bc0a769f3f08c4c3f7390048f77a80d0b5eda822603495d599)
2025-04-11T14:43:35.8311020Z - bindings-x86_64-unknown-freebsd (ID: 2928227017, Size: 1223896, Expected Digest: sha256:38bf3d647913ba6d1f4248df932d8e184ac773e479915c13b282dfe9c2ba4f63)
2025-04-11T14:43:35.8313060Z - bindings-aarch64-pc-windows-msvc (ID: 2928225928, Size: 1153307, Expected Digest: sha256:58753c7df55c4e40087ac4ba0bae38b01603981654ce4b2190240aafcf1569bb)
2025-04-11T14:43:35.8314820Z - bindings-aarch64-unknown-linux-musl (ID: 2928223843, Size: 1145950, Expected Digest: sha256:4f64a84286b7d251b791b549a74d6f20a1eb64a3e9abe4051ddcbfd372708681)
2025-04-11T14:43:35.8316430Z - bindings-x86_64-unknown-linux-musl (ID: 2928223230, Size: 1246364, Expected Digest: sha256:6db335974522bc808a2e401bacc0d2ee1bf201ae11f96b883bff9b297962f62e)
2025-04-11T14:43:35.8318020Z - bindings-x86_64-unknown-linux-gnu (ID: 2928222737, Size: 1248440, Expected Digest: sha256:a92c58ff14e519674e0684301116c079c450efcade26724807ebd4ae3e872dc6)
2025-04-11T14:43:35.8319690Z - bindings-armv7-unknown-linux-gnueabihf (ID: 2928222644, Size: 1138065, Expected Digest: sha256:a1fa41217c8f6de0066aa26d52f117d0c62b66d2439f8ffc2d2b5c827009ef98)
2025-04-11T14:43:35.8321350Z - bindings-aarch64-linux-android (ID: 2928214057, Size: 1154463, Expected Digest: sha256:99fff1d53d4f0c3e3c824c68d07074a03c0eac28a8d70df75f70cfd32ec035b2)
2025-04-11T14:43:35.8323000Z - bindings-x86_64-apple-darwin (ID: 2928213805, Size: 1178498, Expected Digest: sha256:1f455ecdea630f8ae1c5076954db1a50e1d534ae659f580ebc4408d514c3d4d2)
2025-04-11T14:43:35.8324520Z - bindings-armv7-linux-androideabi (ID: 2928213718, Size: 1025662, Expected Digest: sha256:e4c87ff0d9e2b7b18eb486d4291b209978dde34e3675ada068869943f074838f)
2025-04-11T14:43:35.8327250Z - bindings-aarch64-apple-darwin (ID: 2928213245, Size: 1096442, Expected Digest: sha256:f2276719a12144f75e94a141d1d6a71f497b3c53b0ea7e29f8ea7b7fd092e75f)
2025-04-11T14:43:36.0316790Z Redirecting to blob download url: https://productionresultssa4.blob.core.windows.net/actions-results/75bd7b44-0b7e-4656-85b0-d7f31c91af30/workflow-job-run-5a6b5f00-b174-5237-fcf8-2c175c4bb9bb/artifacts/69f89ed6bc31cf3f5f90fc7000ad1f9eead24a885837bc1ab41c01d0b1ebcdf6.zip
2025-04-11T14:43:36.0319130Z Starting download of artifact to: /Users/runner/work/tailwindcss/tailwindcss/crates/node/bindings-x86_64-pc-windows-msvc
2025-04-11T14:43:36.1701130Z Redirecting to blob download url: https://productionresultssa4.blob.core.windows.net/actions-results/75bd7b44-0b7e-4656-85b0-d7f31c91af30/workflow-job-run-8d499733-e421-5a15-9454-d635b68d32a9/artifacts/267b0b3f059d56c067f01453e5a60f41b582a5b94e1355021e8fa180ea37e1b0.zip
2025-04-11T14:43:36.1706370Z Starting download of artifact to: /Users/runner/work/tailwindcss/tailwindcss/crates/node/bindings-aarch64-linux-android
2025-04-11T14:43:36.1730550Z Redirecting to blob download url: https://productionresultssa4.blob.core.windows.net/actions-results/75bd7b44-0b7e-4656-85b0-d7f31c91af30/workflow-job-run-44c23029-6532-5b63-296c-3b4c2f6f81c2/artifacts/16a5652cdcd72fb6e6f4bb148036a4c0aa4feb4d6ec44e3c4d170b8217618065.zip
2025-04-11T14:43:36.1735430Z Starting download of artifact to: /Users/runner/work/tailwindcss/tailwindcss/crates/node/bindings-aarch64-pc-windows-msvc
2025-04-11T14:43:36.1798130Z Redirecting to blob download url: https://productionresultssa4.blob.core.windows.net/actions-results/75bd7b44-0b7e-4656-85b0-d7f31c91af30/workflow-job-run-94819aa5-d760-53ed-b4a2-1328b869c75d/artifacts/451d933aa4e10ed1371769ab46f0c256cfb22802c965085041aaf8d6c30216ad.zip
2025-04-11T14:43:36.1804280Z Starting download of artifact to: /Users/runner/work/tailwindcss/tailwindcss/crates/node/bindings-x86_64-unknown-linux-gnu
2025-04-11T14:43:36.1952740Z Redirecting to blob download url: https://productionresultssa4.blob.core.windows.net/actions-results/75bd7b44-0b7e-4656-85b0-d7f31c91af30/workflow-job-run-053d3d36-0805-5ce4-f94d-f0afc50d44a3/artifacts/2629f2faed6439ce9d9b0c893bc3e18ac20ebdfabc352032ab025661594ace7b.zip
2025-04-11T14:43:36.1956160Z Starting download of artifact to: /Users/runner/work/tailwindcss/tailwindcss/crates/node/bindings-x86_64-unknown-freebsd
2025-04-11T14:43:36.2004910Z Redirecting to blob download url: https://productionresultssa4.blob.core.windows.net/actions-results/75bd7b44-0b7e-4656-85b0-d7f31c91af30/workflow-job-run-42025153-ff47-585f-6536-2a69ccf6e1be/artifacts/e0fa1fade6eb15732b4a021bfa0c9f9db7f01fc5771a1851eab14e6390532e78.zip
2025-04-11T14:43:36.2007120Z Starting download of artifact to: /Users/runner/work/tailwindcss/tailwindcss/crates/node/bindings-armv7-linux-androideabi
2025-04-11T14:43:36.2086290Z Redirecting to blob download url: https://productionresultssa4.blob.core.windows.net/actions-results/75bd7b44-0b7e-4656-85b0-d7f31c91af30/workflow-job-run-e888464f-5787-5a42-f74b-41c616537a8f/artifacts/9d475aa43c9738185d3381123041c7832a8e43124be54cf092021f63e2b21823.zip
2025-04-11T14:43:36.2088230Z Starting download of artifact to: /Users/runner/work/tailwindcss/tailwindcss/crates/node/bindings-aarch64-apple-darwin
2025-04-11T14:43:36.2093800Z Redirecting to blob download url: https://productionresultssa4.blob.core.windows.net/actions-results/75bd7b44-0b7e-4656-85b0-d7f31c91af30/workflow-job-run-298b25d7-57be-5d3d-bdcc-050e0b618afd/artifacts/2a665b93533926783a21c8a15c6e138a58cf1b6eeb3e78ac1ad59b5b1ec649c4.zip
2025-04-11T14:43:36.2095600Z Starting download of artifact to: /Users/runner/work/tailwindcss/tailwindcss/crates/node/bindings-aarch64-unknown-linux-musl
2025-04-11T14:43:36.2099250Z Redirecting to blob download url: https://productionresultssa4.blob.core.windows.net/actions-results/75bd7b44-0b7e-4656-85b0-d7f31c91af30/workflow-job-run-ecdeedee-3d55-5616-0fd8-ef53ab1a5d59/artifacts/2d69f6fb7af021b5fa439a32fb846dc0ff6316933524276fc0efbafcaae359f2.zip
2025-04-11T14:43:36.2101040Z Starting download of artifact to: /Users/runner/work/tailwindcss/tailwindcss/crates/node/bindings-x86_64-unknown-linux-musl
2025-04-11T14:43:36.2191840Z Redirecting to blob download url: https://productionresultssa4.blob.core.windows.net/actions-results/75bd7b44-0b7e-4656-85b0-d7f31c91af30/workflow-job-run-aad55572-0bef-577e-1e84-a69e71e9daf2/artifacts/0207ee517a3ff68af7f87432ee44648750086bdae68a0aca6284429ae5fbf5a4.zip
2025-04-11T14:43:36.2197310Z Starting download of artifact to: /Users/runner/work/tailwindcss/tailwindcss/crates/node/bindings-x86_64-apple-darwin
2025-04-11T14:43:36.2205890Z Redirecting to blob download url: https://productionresultssa4.blob.core.windows.net/actions-results/75bd7b44-0b7e-4656-85b0-d7f31c91af30/workflow-job-run-b2f889fc-5692-5afa-71b8-a9a306411a4d/artifacts/d0fe504a2ea15b4b654c7f5a1f1791b4a166d2100a628afe89136ef632a2bd3a.zip
2025-04-11T14:43:36.2207680Z Starting download of artifact to: /Users/runner/work/tailwindcss/tailwindcss/crates/node/bindings-aarch64-unknown-linux-gnu
2025-04-11T14:43:36.2355370Z Redirecting to blob download url: https://productionresultssa4.blob.core.windows.net/actions-results/75bd7b44-0b7e-4656-85b0-d7f31c91af30/workflow-job-run-bcc8c493-b964-5a93-58fc-c130085c0ebf/artifacts/903651e9c28222f01e4490378e3e083c7d7b664708837b94f62da3ac7622237b.zip
2025-04-11T14:43:36.2356930Z Starting download of artifact to: /Users/runner/work/tailwindcss/tailwindcss/crates/node/bindings-armv7-unknown-linux-gnueabihf
2025-04-11T14:43:36.3453570Z (node:1751) [DEP0005] DeprecationWarning: Buffer() is deprecated due to security and usability issues. Please use the Buffer.alloc(), Buffer.allocUnsafe(), or Buffer.from() methods instead.
2025-04-11T14:43:36.3454620Z (Use `node --trace-deprecation ...` to show where the warning was created)
2025-04-11T14:43:36.8847280Z SHA256 digest of downloaded artifact is 602de6430c015ec078721bab941358d45155657b5b31ac381e3f6c568c23dc97
2025-04-11T14:43:36.8848460Z Artifact download completed successfully.
2025-04-11T14:43:36.9055340Z SHA256 digest of downloaded artifact is f2276719a12144f75e94a141d1d6a71f497b3c53b0ea7e29f8ea7b7fd092e75f
2025-04-11T14:43:36.9070360Z Artifact download completed successfully.
2025-04-11T14:43:36.9577050Z SHA256 digest of downloaded artifact is 99fff1d53d4f0c3e3c824c68d07074a03c0eac28a8d70df75f70cfd32ec035b2
2025-04-11T14:43:36.9577670Z Artifact download completed successfully.
2025-04-11T14:43:36.9623340Z SHA256 digest of downloaded artifact is 38bf3d647913ba6d1f4248df932d8e184ac773e479915c13b282dfe9c2ba4f63
2025-04-11T14:43:36.9623940Z Artifact download completed successfully.
2025-04-11T14:43:36.9804090Z SHA256 digest of downloaded artifact is a92c58ff14e519674e0684301116c079c450efcade26724807ebd4ae3e872dc6
2025-04-11T14:43:36.9804900Z Artifact download completed successfully.
2025-04-11T14:43:36.9965800Z SHA256 digest of downloaded artifact is 6db335974522bc808a2e401bacc0d2ee1bf201ae11f96b883bff9b297962f62e
2025-04-11T14:43:36.9967830Z Artifact download completed successfully.
2025-04-11T14:43:37.0075150Z SHA256 digest of downloaded artifact is 6810f2d0250f73bc0a769f3f08c4c3f7390048f77a80d0b5eda822603495d599
2025-04-11T14:43:37.0075830Z Artifact download completed successfully.
2025-04-11T14:43:37.0166030Z SHA256 digest of downloaded artifact is 4f64a84286b7d251b791b549a74d6f20a1eb64a3e9abe4051ddcbfd372708681
2025-04-11T14:43:37.0166710Z Artifact download completed successfully.
2025-04-11T14:43:37.0251670Z SHA256 digest of downloaded artifact is e4c87ff0d9e2b7b18eb486d4291b209978dde34e3675ada068869943f074838f
2025-04-11T14:43:37.0252360Z Artifact download completed successfully.
2025-04-11T14:43:37.0625840Z SHA256 digest of downloaded artifact is 1f455ecdea630f8ae1c5076954db1a50e1d534ae659f580ebc4408d514c3d4d2
2025-04-11T14:43:37.0626590Z Artifact download completed successfully.
2025-04-11T14:43:37.1026990Z SHA256 digest of downloaded artifact is a1fa41217c8f6de0066aa26d52f117d0c62b66d2439f8ffc2d2b5c827009ef98
2025-04-11T14:43:37.1027960Z Artifact download completed successfully.
2025-04-11T14:43:37.2774030Z SHA256 digest of downloaded artifact is 58753c7df55c4e40087ac4ba0bae38b01603981654ce4b2190240aafcf1569bb
2025-04-11T14:43:37.2774680Z Artifact download completed successfully.
2025-04-11T14:43:37.2775060Z Total of 12 artifact(s) downloaded
2025-04-11T14:43:37.2780450Z Download artifact has finished successfully
2025-04-11T14:43:37.2852410Z ##[group]Run cd ./crates/node
2025-04-11T14:43:37.2852740Z [36;1mcd ./crates/node[0m
2025-04-11T14:43:37.2853100Z [36;1mcp bindings-x86_64-pc-windows-msvc/* ./npm/win32-x64-msvc/[0m
2025-04-11T14:43:37.2853560Z [36;1mcp bindings-aarch64-pc-windows-msvc/* ./npm/win32-arm64-msvc/[0m
2025-04-11T14:43:37.2854000Z [36;1mcp bindings-x86_64-apple-darwin/* ./npm/darwin-x64/[0m
2025-04-11T14:43:37.2854430Z [36;1mcp bindings-aarch64-apple-darwin/* ./npm/darwin-arm64/[0m
2025-04-11T14:43:37.2854930Z [36;1mcp bindings-aarch64-linux-android/* ./npm/android-arm64/[0m
2025-04-11T14:43:37.2855400Z [36;1mcp bindings-armv7-linux-androideabi/* ./npm/android-arm-eabi/[0m
2025-04-11T14:43:37.2855850Z [36;1mcp bindings-aarch64-unknown-linux-gnu/* ./npm/linux-arm64-gnu/[0m
2025-04-11T14:43:37.2856340Z [36;1mcp bindings-aarch64-unknown-linux-musl/* ./npm/linux-arm64-musl/[0m
2025-04-11T14:43:37.2856860Z [36;1mcp bindings-armv7-unknown-linux-gnueabihf/* ./npm/linux-arm-gnueabihf/[0m
2025-04-11T14:43:37.2857400Z [36;1mcp bindings-x86_64-unknown-linux-gnu/* ./npm/linux-x64-gnu/[0m
2025-04-11T14:43:37.2857910Z [36;1mcp bindings-x86_64-unknown-linux-musl/* ./npm/linux-x64-musl/[0m
2025-04-11T14:43:37.2858380Z [36;1mcp bindings-x86_64-unknown-freebsd/* ./npm/freebsd-x64/[0m
2025-04-11T14:43:37.2922230Z shell: /bin/bash -e {0}
2025-04-11T14:43:37.2922470Z env:
2025-04-11T14:43:37.2922670Z   APP_NAME: tailwindcss-oxide
2025-04-11T14:43:37.2922950Z   NODE_VERSION: 20
2025-04-11T14:43:37.2923180Z   OXIDE_LOCATION: ./crates/node
2025-04-11T14:43:37.2923430Z   RELEASE_CHANNEL: insiders
2025-04-11T14:43:37.2923660Z   SHA_SHORT: 6e1f533
2025-04-11T14:43:37.2923940Z   PNPM_HOME: /Users/runner/setup-pnpm/node_modules/.bin
2025-04-11T14:43:37.2924440Z   NPM_CONFIG_USERCONFIG: /Users/runner/work/_temp/.npmrc
2025-04-11T14:43:37.2925100Z   NODE_AUTH_TOKEN: XXXXX-XXXXX-XXXXX-XXXXX
2025-04-11T14:43:37.2925390Z ##[endgroup]
2025-04-11T14:43:37.3622460Z ##[group]Run pnpm run version-packages 0.0.0-insiders.6e1f533
2025-04-11T14:43:37.3623160Z [36;1mpnpm run version-packages 0.0.0-insiders.6e1f533[0m
2025-04-11T14:43:37.3671140Z shell: /bin/bash -e {0}
2025-04-11T14:43:37.3671460Z env:
2025-04-11T14:43:37.3671730Z   APP_NAME: tailwindcss-oxide
2025-04-11T14:43:37.3672000Z   NODE_VERSION: 20
2025-04-11T14:43:37.3672290Z   OXIDE_LOCATION: ./crates/node
2025-04-11T14:43:37.3672570Z   RELEASE_CHANNEL: insiders
2025-04-11T14:43:37.3672880Z   SHA_SHORT: 6e1f533
2025-04-11T14:43:37.3673190Z   PNPM_HOME: /Users/runner/setup-pnpm/node_modules/.bin
2025-04-11T14:43:37.3673590Z   NPM_CONFIG_USERCONFIG: /Users/runner/work/_temp/.npmrc
2025-04-11T14:43:37.3673990Z   NODE_AUTH_TOKEN: XXXXX-XXXXX-XXXXX-XXXXX
2025-04-11T14:43:37.3674310Z ##[endgroup]
2025-04-11T14:43:37.6459920Z 
2025-04-11T14:43:37.6460580Z > @tailwindcss/root@1.0.0 version-packages /Users/runner/work/tailwindcss/tailwindcss
2025-04-11T14:43:37.6461490Z > node ./scripts/version-packages.mjs "0.0.0-insiders.6e1f533"
2025-04-11T14:43:37.6461760Z 
2025-04-11T14:43:38.0466720Z Done.
2025-04-11T14:43:38.0567600Z ##[group]Run pnpm run build
2025-04-11T14:43:38.0567880Z [36;1mpnpm run build[0m
2025-04-11T14:43:38.0614330Z shell: /bin/bash -e {0}
2025-04-11T14:43:38.0614590Z env:
2025-04-11T14:43:38.0614820Z   APP_NAME: tailwindcss-oxide
2025-04-11T14:43:38.0615110Z   NODE_VERSION: 20
2025-04-11T14:43:38.0615350Z   OXIDE_LOCATION: ./crates/node
2025-04-11T14:43:38.0615650Z   RELEASE_CHANNEL: insiders
2025-04-11T14:43:38.0615910Z   SHA_SHORT: 6e1f533
2025-04-11T14:43:38.0616230Z   PNPM_HOME: /Users/runner/setup-pnpm/node_modules/.bin
2025-04-11T14:43:38.0616640Z   NPM_CONFIG_USERCONFIG: /Users/runner/work/_temp/.npmrc
2025-04-11T14:43:38.0617020Z   NODE_AUTH_TOKEN: XXXXX-XXXXX-XXXXX-XXXXX
2025-04-11T14:43:38.0617340Z ##[endgroup]
2025-04-11T14:43:38.3094180Z 
2025-04-11T14:43:38.3094760Z > @tailwindcss/root@1.0.0 build /Users/runner/work/tailwindcss/tailwindcss
2025-04-11T14:43:38.3095270Z > turbo build --filter=!./playgrounds/*
2025-04-11T14:43:38.3095490Z 
2025-04-11T14:43:38.5320490Z 
2025-04-11T14:43:38.5320890Z Attention:
2025-04-11T14:43:38.5321420Z Turborepo now collects completely anonymous telemetry regarding usage.
2025-04-11T14:43:38.5322070Z This information is used to shape the Turborepo roadmap and prioritize features.
2025-04-11T14:43:38.5322930Z You can learn more, including how to opt-out if you'd not like to participate in this anonymous program, by visiting the following URL:
2025-04-11T14:43:38.5323560Z https://turbo.build/repo/docs/telemetry
2025-04-11T14:43:38.5323780Z 
2025-04-11T14:43:38.8110780Z â€¢ Packages in scope: @tailwindcss/browser, @tailwindcss/cli, @tailwindcss/node, @tailwindcss/oxide, @tailwindcss/oxide-android-arm-eabi, @tailwindcss/oxide-android-arm64, @tailwindcss/oxide-darwin-arm64, @tailwindcss/oxide-darwin-x64, @tailwindcss/oxide-freebsd-x64, @tailwindcss/oxide-linux-arm-gnueabihf, @tailwindcss/oxide-linux-arm64-gnu, @tailwindcss/oxide-linux-arm64-musl, @tailwindcss/oxide-linux-x64-gnu, @tailwindcss/oxide-linux-x64-musl, @tailwindcss/oxide-win32-arm64-msvc, @tailwindcss/oxide-win32-x64-msvc, @tailwindcss/postcss, @tailwindcss/standalone, @tailwindcss/upgrade, @tailwindcss/vite, internal-example-plugin, internal-integrations, tailwindcss
2025-04-11T14:43:38.8113300Z â€¢ Running build in 23 packages
2025-04-11T14:43:38.8113760Z â€¢ Remote caching disabled
2025-04-11T14:44:11.2014420Z ##[group]@tailwindcss/oxide:build
2025-04-11T14:44:11.2015330Z cache miss, executing 98dd6765d0d6ac75
2025-04-11T14:44:11.2015710Z 
2025-04-11T14:44:11.2016280Z > @tailwindcss/oxide@0.0.0-insiders.6e1f533 build /Users/runner/work/tailwindcss/tailwindcss/crates/node
2025-04-11T14:44:11.2017620Z > napi build --platform --release --no-const-enum
2025-04-11T14:44:11.2017970Z 
2025-04-11T14:44:11.2018350Z    Compiling tailwind-oxide v0.0.0 (/Users/runner/work/tailwindcss/tailwindcss/crates/node)
2025-04-11T14:44:11.2028960Z    Compiling ignore v0.4.23 (/Users/runner/work/tailwindcss/tailwindcss/crates/ignore)
2025-04-11T14:44:11.2030050Z    Compiling classification-macros v0.1.0 (/Users/runner/work/tailwindcss/tailwindcss/crates/classification-macros)
2025-04-11T14:44:11.2030940Z    Compiling tailwindcss-oxide v0.1.0 (/Users/runner/work/tailwindcss/tailwindcss/crates/oxide)
2025-04-11T14:44:11.2031900Z warning: unexpected `cfg` condition value: `used_linker`
2025-04-11T14:44:11.2032480Z   --> crates/node/src/lib.rs:96:1
2025-04-11T14:44:11.2033010Z    |
2025-04-11T14:44:11.2033330Z 96 | #[napi]
2025-04-11T14:44:11.2033820Z    | ^^^^^^^
2025-04-11T14:44:11.2034190Z    |
2025-04-11T14:44:11.2034600Z    = note: no expected values for `feature`
2025-04-11T14:44:11.2035360Z    = note: using a cfg inside a attribute macro will use the cfgs from the destination crate and not the ones from the defining crate
2025-04-11T14:44:11.2036420Z    = help: try referring to `napi::bindgen_prelude::ctor` crate for guidance on how handle this unexpected cfg
2025-04-11T14:44:11.2038190Z    = help: the attribute macro `napi::bindgen_prelude::ctor` may come from an old version of the `ctor` crate, try updating your dependency with `cargo update -p ctor`
2025-04-11T14:44:11.2039500Z    = note: see <https://doc.rust-lang.org/nightly/rustc/check-cfg/cargo-specifics.html> for more information about checking conditional configuration
2025-04-11T14:44:11.2042650Z    = note: `#[warn(unexpected_cfgs)]` on by default
2025-04-11T14:44:11.2043460Z    = note: this warning originates in the attribute macro `napi::bindgen_prelude::ctor` (in Nightly builds, run with -Z macro-backtrace for more info)
2025-04-11T14:44:11.2044020Z 
2025-04-11T14:44:11.2044420Z warning: unexpected `cfg` condition value: `used_linker`
2025-04-11T14:44:11.2044990Z    --> crates/node/src/lib.rs:111:1
2025-04-11T14:44:11.2045440Z     |
2025-04-11T14:44:11.2045930Z 111 | #[napi]
2025-04-11T14:44:11.2046290Z     | ^^^^^^^
2025-04-11T14:44:11.2046620Z     |
2025-04-11T14:44:11.2046990Z     = note: no expected values for `feature`
2025-04-11T14:44:11.2047770Z     = note: using a cfg inside a attribute macro will use the cfgs from the destination crate and not the ones from the defining crate
2025-04-11T14:44:11.2048660Z     = help: try referring to `napi::bindgen_prelude::ctor` crate for guidance on how handle this unexpected cfg
2025-04-11T14:44:11.2049710Z     = help: the attribute macro `napi::bindgen_prelude::ctor` may come from an old version of the `ctor` crate, try updating your dependency with `cargo update -p ctor`
2025-04-11T14:44:11.2050810Z     = note: see <https://doc.rust-lang.org/nightly/rustc/check-cfg/cargo-specifics.html> for more information about checking conditional configuration
2025-04-11T14:44:11.2052180Z     = note: this warning originates in the attribute macro `napi::bindgen_prelude::ctor` (in Nightly builds, run with -Z macro-backtrace for more info)
2025-04-11T14:44:11.2052700Z 
2025-04-11T14:44:11.2052990Z warning: `tailwind-oxide` (lib) generated 2 warnings
2025-04-11T14:44:11.2053610Z     Finished `release` profile [optimized] target(s) in 19.71s
2025-04-11T14:44:11.2054370Z ##[endgroup]
2025-04-11T14:44:18.2698190Z ##[group]tailwindcss:build
2025-04-11T14:44:18.2698810Z cache miss, executing 209c45aeb5d15514
2025-04-11T14:44:18.2699650Z 
2025-04-11T14:44:18.2700400Z > tailwindcss@0.0.0-insiders.6e1f533 build /Users/runner/work/tailwindcss/tailwindcss/packages/tailwindcss
2025-04-11T14:44:18.2701190Z > tsup-node --env.NODE_ENV production
2025-04-11T14:44:18.2701950Z 
2025-04-11T14:44:18.2703820Z [34mCLI[39m Building entry: {"lib":"src/index.ts","plugin":"src/plugin.ts","colors":"src/compat/colors.ts","default-theme":"src/compat/default-theme.ts","flatten-color-palette":"src/compat/flatten-color-palette.ts"}
2025-04-11T14:44:18.2704900Z [34mCLI[39m Using tsconfig: tsconfig.json
2025-04-11T14:44:18.2706430Z [34mCLI[39m Building entry: {"plugin":"src/plugin.cts","lib":"src/index.cts","colors":"src/compat/colors.cts","default-theme":"src/compat/default-theme.cts","flatten-color-palette":"src/compat/flatten-color-palette.cts"}
2025-04-11T14:44:18.2711070Z [34mCLI[39m Using tsconfig: tsconfig.json
2025-04-11T14:44:18.2711660Z [34mCLI[39m tsup v8.4.0
2025-04-11T14:44:18.2712690Z [34mCLI[39m Using tsup config: /Users/runner/work/tailwindcss/tailwindcss/packages/tailwindcss/tsup.config.ts
2025-04-11T14:44:18.2713400Z [34mCLI[39m tsup v8.4.0
2025-04-11T14:44:18.2714390Z [34mCLI[39m Using tsup config: /Users/runner/work/tailwindcss/tailwindcss/packages/tailwindcss/tsup.config.ts
2025-04-11T14:44:18.2715190Z [34mCLI[39m Target: es2022
2025-04-11T14:44:18.2715790Z [34mESM[39m Build start
2025-04-11T14:44:18.2717030Z [34mCLI[39m Target: es2022
2025-04-11T14:44:18.2717550Z [34mCJS[39m Build start
2025-04-11T14:44:18.2718480Z [32mCJS[39m [1mdist/plugin.js                [22m[32m201.00 B[39m
2025-04-11T14:44:18.2720570Z [32mCJS[39m [1mdist/colors.js                [22m[32m7.80 KB[39m
2025-04-11T14:44:18.2721720Z [32mCJS[39m [1mdist/default-theme.js         [22m[32m25.01 KB[39m
2025-04-11T14:44:18.2722490Z [32mCJS[39m [1mdist/flatten-color-palette.js [22m[32m29.34 KB[39m
2025-04-11T14:44:18.2727210Z [32mCJS[39m [1mdist/lib.js                   [22m[32m217.34 KB[39m
2025-04-11T14:44:18.2728180Z [32mCJS[39m âš¡ï¸ Build success in 99ms
2025-04-11T14:44:18.2729020Z [32mESM[39m [1mdist/plugin.mjs                [22m[32m192.00 B[39m
2025-04-11T14:44:18.2729800Z [32mESM[39m [1mdist/colors.mjs                [22m[32m58.00 B[39m
2025-04-11T14:44:18.2739320Z [32mESM[39m [1mdist/default-theme.mjs         [22m[32m92.00 B[39m
2025-04-11T14:44:18.2740250Z [32mESM[39m [1mdist/lib.mjs                   [22m[32m218.00 B[39m
2025-04-11T14:44:18.2741130Z [32mESM[39m [1mdist/chunk-R7KA7VUM.mjs        [22m[32m186.65 KB[39m
2025-04-11T14:44:18.2741960Z [32mESM[39m [1mdist/flatten-color-palette.mjs [22m[32m424.00 B[39m
2025-04-11T14:44:18.2742830Z [32mESM[39m [1mdist/chunk-HTB5LLOP.mjs        [22m[32m7.79 KB[39m
2025-04-11T14:44:18.2743670Z [32mESM[39m [1mdist/chunk-P5FH2LZE.mjs        [22m[32m22.77 KB[39m
2025-04-11T14:44:18.2744940Z [32mESM[39m âš¡ï¸ Build success in 100ms
2025-04-11T14:44:18.2745470Z [34mDTS[39m Build start
2025-04-11T14:44:18.2745970Z [34mDTS[39m Build start
2025-04-11T14:44:18.2746460Z [32mDTS[39m âš¡ï¸ Build success in 6344ms
2025-04-11T14:44:18.2747260Z [32mDTS[39m [1mdist/plugin.d.ts                  [22m[32m3.47 KB[39m
2025-04-11T14:44:18.2747990Z [32mDTS[39m [1mdist/lib.d.ts                     [22m[32m92.00 B[39m
2025-04-11T14:44:18.2748850Z [32mDTS[39m [1mdist/colors.d.ts                  [22m[32m89.00 B[39m
2025-04-11T14:44:18.2749700Z [32mDTS[39m [1mdist/default-theme.d.ts           [22m[32m27.49 KB[39m
2025-04-11T14:44:18.2750570Z [32mDTS[39m [1mdist/flatten-color-palette.d.ts   [22m[32m186.00 B[39m
2025-04-11T14:44:18.2751450Z [32mDTS[39m [1mdist/resolve-config-BIFUA2FY.d.ts [22m[32m491.00 B[39m
2025-04-11T14:44:18.2752390Z [32mDTS[39m [1mdist/colors-b_6i0Oi7.d.ts         [22m[32m6.00 KB[39m
2025-04-11T14:44:18.2753150Z [32mDTS[39m âš¡ï¸ Build success in 6358ms
2025-04-11T14:44:18.2754010Z [32mDTS[39m [1mdist/lib.d.mts                     [22m[32m8.09 KB[39m
2025-04-11T14:44:18.2754870Z [32mDTS[39m [1mdist/plugin.d.mts                  [22m[32m642.00 B[39m
2025-04-11T14:44:18.2755700Z [32mDTS[39m [1mdist/default-theme.d.mts           [22m[32m27.49 KB[39m
2025-04-11T14:44:18.2756550Z [32mDTS[39m [1mdist/colors.d.mts                  [22m[32m6.01 KB[39m
2025-04-11T14:44:18.2757370Z [32mDTS[39m [1mdist/flatten-color-palette.d.mts   [22m[32m186.00 B[39m
2025-04-11T14:44:18.2758110Z [32mDTS[39m [1mdist/types-B254mqw1.d.mts          [22m[32m3.29 KB[39m
2025-04-11T14:44:18.2758970Z [32mDTS[39m [1mdist/resolve-config-QUZ9b-Gn.d.mts [22m[32m3.54 KB[39m
2025-04-11T14:44:18.2760050Z ##[endgroup]
2025-04-11T14:44:18.9225130Z ##[group]@tailwindcss/browser:build
2025-04-11T14:44:18.9325370Z cache miss, executing 33ea1693ee10f3fb
2025-04-11T14:44:18.9426360Z 
2025-04-11T14:44:18.9527950Z > @tailwindcss/browser@0.0.0-insiders.6e1f533 build /Users/runner/work/tailwindcss/tailwindcss/packages/@tailwindcss-browser
2025-04-11T14:44:18.9628520Z > tsup-node
2025-04-11T14:44:18.9685770Z 
2025-04-11T14:44:18.9686580Z [34mCLI[39m Building entry: src/index.ts
2025-04-11T14:44:18.9687500Z [34mCLI[39m Using tsconfig: tsconfig.json
2025-04-11T14:44:18.9688220Z [34mCLI[39m tsup v8.4.0
2025-04-11T14:44:18.9689370Z [34mCLI[39m Using tsup config: /Users/runner/work/tailwindcss/tailwindcss/packages/@tailwindcss-browser/tsup.config.ts
2025-04-11T14:44:18.9690290Z [34mCLI[39m Target: es2022
2025-04-11T14:44:18.9690940Z [34mCLI[39m Cleaning output folder
2025-04-11T14:44:18.9792440Z [34mIIFE[39m Build start
2025-04-11T14:44:18.9894100Z [32mIIFE[39m [1mdist/index.global.js [22m[32m244.70 KB[39m
2025-04-11T14:44:18.9992950Z [32mIIFE[39m âš¡ï¸ Build success in 114ms
2025-04-11T14:44:19.0094530Z ##[endgroup]
2025-04-11T14:44:24.9020450Z ##[group]@tailwindcss/node:build
2025-04-11T14:44:24.9021480Z cache miss, executing 7b345240a329a20a
2025-04-11T14:44:24.9028020Z 
2025-04-11T14:44:24.9029370Z > @tailwindcss/node@0.0.0-insiders.6e1f533 build /Users/runner/work/tailwindcss/tailwindcss/packages/@tailwindcss-node
2025-04-11T14:44:24.9030170Z > tsup-node
2025-04-11T14:44:24.9030400Z 
2025-04-11T14:44:24.9030820Z [34mCLI[39m Building entry: src/index.cts
2025-04-11T14:44:24.9031380Z [34mCLI[39m Using tsconfig: tsconfig.json
2025-04-11T14:44:24.9031940Z [34mCLI[39m tsup v8.4.0
2025-04-11T14:44:24.9032780Z [34mCLI[39m Using tsup config: /Users/runner/work/tailwindcss/tailwindcss/packages/@tailwindcss-node/tsup.config.ts
2025-04-11T14:44:24.9033620Z [34mCLI[39m Building entry: src/index.ts
2025-04-11T14:44:24.9034180Z [34mCLI[39m Using tsconfig: tsconfig.json
2025-04-11T14:44:24.9034700Z [34mCLI[39m tsup v8.4.0
2025-04-11T14:44:24.9035520Z [34mCLI[39m Using tsup config: /Users/runner/work/tailwindcss/tailwindcss/packages/@tailwindcss-node/tsup.config.ts
2025-04-11T14:44:24.9036380Z [34mCLI[39m Building entry: src/esm-cache.loader.mts
2025-04-11T14:44:24.9036970Z [34mCLI[39m Using tsconfig: tsconfig.json
2025-04-11T14:44:24.9037460Z [34mCLI[39m tsup v8.4.0
2025-04-11T14:44:24.9038310Z [34mCLI[39m Using tsup config: /Users/runner/work/tailwindcss/tailwindcss/packages/@tailwindcss-node/tsup.config.ts
2025-04-11T14:44:24.9039150Z [34mCLI[39m Building entry: src/require-cache.cts
2025-04-11T14:44:24.9039680Z [34mCLI[39m Using tsconfig: tsconfig.json
2025-04-11T14:44:24.9040120Z [34mCLI[39m tsup v8.4.0
2025-04-11T14:44:24.9040880Z [34mCLI[39m Using tsup config: /Users/runner/work/tailwindcss/tailwindcss/packages/@tailwindcss-node/tsup.config.ts
2025-04-11T14:44:24.9054540Z [34mCLI[39m Target: es2022
2025-04-11T14:44:24.9054850Z [34mCJS[39m Build start
2025-04-11T14:44:24.9055320Z [34mCLI[39m Target: es2022
2025-04-11T14:44:24.9055660Z [34mESM[39m Build start
2025-04-11T14:44:24.9055970Z [34mCLI[39m Target: es2022
2025-04-11T14:44:24.9056260Z [34mESM[39m Build start
2025-04-11T14:44:24.9056540Z [34mCLI[39m Target: es2022
2025-04-11T14:44:24.9056820Z [34mCJS[39m Build start
2025-04-11T14:44:24.9057280Z [32mCJS[39m [1mdist/require-cache.js [22m[32m579.00 B[39m
2025-04-11T14:44:24.9057740Z [32mCJS[39m âš¡ï¸ Build success in 57ms
2025-04-11T14:44:24.9058260Z [32mESM[39m [1mdist/esm-cache.loader.mjs [22m[32m307.00 B[39m
2025-04-11T14:44:24.9058690Z [32mESM[39m âš¡ï¸ Build success in 62ms
2025-04-11T14:44:24.9059870Z [warn] [33mâ–² [43;33m[[43;30mWARNING[43;33m][0m [1m"import.meta" is not available with the "cjs" output format and will be empty[0m [empty-import-meta]
2025-04-11T14:44:24.9060310Z 
2025-04-11T14:44:24.9060410Z     src/compile.ts:195:24:
2025-04-11T14:44:24.9060980Z [37m      195 â”‚     jiti ??= createJiti([32mimport.meta[37m.url, { moduleCache: false, fs...
2025-04-11T14:44:24.9061480Z           â•µ                         [32m~~~~~~~~~~~[0m
2025-04-11T14:44:24.9062370Z 
2025-04-11T14:44:24.9062730Z   You need to set the output format to "esm" for "import.meta" to work correctly.
2025-04-11T14:44:24.9063030Z 
2025-04-11T14:44:24.9063040Z 
2025-04-11T14:44:24.9063330Z [32mESM[39m [1mdist/index.mjs [22m[32m43.43 KB[39m
2025-04-11T14:44:24.9063740Z [32mESM[39m âš¡ï¸ Build success in 115ms
2025-04-11T14:44:24.9064180Z [32mCJS[39m [1mdist/index.js [22m[32m44.24 KB[39m
2025-04-11T14:44:24.9064600Z [32mCJS[39m âš¡ï¸ Build success in 116ms
2025-04-11T14:44:24.9064930Z [34mDTS[39m Build start
2025-04-11T14:44:24.9065240Z [34mDTS[39m Build start
2025-04-11T14:44:24.9065530Z [34mDTS[39m Build start
2025-04-11T14:44:24.9065810Z [34mDTS[39m Build start
2025-04-11T14:44:24.9066180Z [32mDTS[39m âš¡ï¸ Build success in 2190ms
2025-04-11T14:44:24.9066710Z [32mDTS[39m [1mdist/esm-cache.loader.d.mts [22m[32m99.00 B[39m
2025-04-11T14:44:24.9067230Z [32mDTS[39m âš¡ï¸ Build success in 2222ms
2025-04-11T14:44:24.9067730Z [32mDTS[39m [1mdist/require-cache.d.ts [22m[32m90.00 B[39m
2025-04-11T14:44:24.9068180Z [32mDTS[39m âš¡ï¸ Build success in 4698ms
2025-04-11T14:44:24.9068630Z [32mDTS[39m [1mdist/index.d.ts [22m[32m3.69 KB[39m
2025-04-11T14:44:24.9069270Z [32mDTS[39m âš¡ï¸ Build success in 5768ms
2025-04-11T14:44:24.9069740Z [32mDTS[39m [1mdist/index.d.mts [22m[32m3.69 KB[39m
2025-04-11T14:44:24.9070300Z ##[endgroup]
2025-04-11T14:44:25.6776080Z ##[group]@tailwindcss/cli:build
2025-04-11T14:44:25.6876170Z cache miss, executing 9887ba833fce0fba
2025-04-11T14:44:25.6976060Z 
2025-04-11T14:44:25.7077340Z > @tailwindcss/cli@0.0.0-insiders.6e1f533 build /Users/runner/work/tailwindcss/tailwindcss/packages/@tailwindcss-cli
2025-04-11T14:44:25.7077910Z > tsup-node
2025-04-11T14:44:25.7178490Z 
2025-04-11T14:44:25.7279460Z [34mCLI[39m Building entry: src/index.ts
2025-04-11T14:44:25.7380710Z [34mCLI[39m Using tsconfig: tsconfig.json
2025-04-11T14:44:25.7481970Z [34mCLI[39m tsup v8.4.0
2025-04-11T14:44:25.7583420Z [34mCLI[39m Using tsup config: /Users/runner/work/tailwindcss/tailwindcss/packages/@tailwindcss-cli/tsup.config.ts
2025-04-11T14:44:25.7684750Z [34mCLI[39m Target: es2022
2025-04-11T14:44:25.7690590Z [34mCLI[39m Cleaning output folder
2025-04-11T14:44:25.7691150Z [34mESM[39m Build start
2025-04-11T14:44:25.7691740Z [32mESM[39m [1mdist/index.mjs [22m[32m10.24 KB[39m
2025-04-11T14:44:25.7692330Z [32mESM[39m âš¡ï¸ Build success in 9ms
2025-04-11T14:44:25.7693020Z ##[endgroup]
2025-04-11T14:44:26.0841550Z ##[group]@tailwindcss/upgrade:build
2025-04-11T14:44:26.0854050Z cache miss, executing fbfeb502419bfb59
2025-04-11T14:44:26.0854280Z 
2025-04-11T14:44:26.0854920Z > @tailwindcss/upgrade@0.0.0-insiders.6e1f533 build /Users/runner/work/tailwindcss/tailwindcss/packages/@tailwindcss-upgrade
2025-04-11T14:44:26.0855440Z > tsup-node
2025-04-11T14:44:26.0855560Z 
2025-04-11T14:44:26.0855900Z [34mCLI[39m Building entry: src/index.ts
2025-04-11T14:44:26.0856300Z [34mCLI[39m Using tsconfig: tsconfig.json
2025-04-11T14:44:26.0856670Z [34mCLI[39m tsup v8.4.0
2025-04-11T14:44:26.0857390Z [34mCLI[39m Using tsup config: /Users/runner/work/tailwindcss/tailwindcss/packages/@tailwindcss-upgrade/tsup.config.ts
2025-04-11T14:44:26.0857950Z [34mCLI[39m Target: es2022
2025-04-11T14:44:26.0858290Z [34mCLI[39m Cleaning output folder
2025-04-11T14:44:26.0858610Z [34mESM[39m Build start
2025-04-11T14:44:26.0859020Z [32mESM[39m [1mdist/index.mjs [22m[32m146.62 KB[39m
2025-04-11T14:44:26.0859430Z [32mESM[39m âš¡ï¸ Build success in 69ms
2025-04-11T14:44:26.0859880Z ##[endgroup]
2025-04-11T14:44:35.0041390Z ##[group]@tailwindcss/standalone:build
2025-04-11T14:44:35.0144060Z cache miss, executing 59513d26914dad1b
2025-04-11T14:44:35.0244920Z 
2025-04-11T14:44:35.0346350Z > @tailwindcss/standalone@0.0.0-insiders.6e1f533 build /Users/runner/work/tailwindcss/tailwindcss/packages/@tailwindcss-standalone
2025-04-11T14:44:35.0446330Z > bun ./scripts/build.ts
2025-04-11T14:44:35.0547180Z 
2025-04-11T14:44:35.0648320Z  [831ms]  bundle  215 modules
2025-04-11T14:44:35.0656680Z  [884ms]  bundle  215 modules
2025-04-11T14:44:35.0757760Z  [995ms]  bundle  215 modules
2025-04-11T14:44:35.0859080Z [1016ms]  bundle  215 modules
2025-04-11T14:44:35.0960420Z [1061ms]  bundle  215 modules
2025-04-11T14:44:35.1061800Z [1214ms]  bundle  215 modules
2025-04-11T14:44:35.1163110Z [1213ms]  bundle  215 modules
2025-04-11T14:44:35.1264710Z Downloading [8067225] Downloading [10475670] Downloading [8099995] 
2025-04-11T14:44:35.1366460Z Downloading [9107609] 
2025-04-11T14:44:35.1467160Z Downloading [13961366] 
2025-04-11T14:44:35.1568020Z Downloading [12413083] 
2025-04-11T14:44:35.1668740Z Downloading [14510235] 
2025-04-11T14:44:35.1769570Z Downloading [18774166] 
2025-04-11T14:44:35.1870440Z Downloading [12585113] 
2025-04-11T14:44:35.1971270Z Downloading [21915798] 
2025-04-11T14:44:35.2072240Z Downloading [16308377] 
2025-04-11T14:44:35.2172900Z Downloading [19851419] 
2025-04-11T14:44:35.2273870Z Downloading [22988955] 
2025-04-11T14:44:35.2381390Z Downloading [22960278] 
2025-04-11T14:44:35.2482030Z Downloading [19957913] 
2025-04-11T14:44:35.2582970Z Downloading [20482201] 
2025-04-11T14:44:35.2683770Z Downloading [25581718] 
2025-04-11T14:44:35.2785210Z Downloading [25082011] 
2025-04-11T14:44:35.2887440Z Downloading [24213657] Downloading [37545] 
2025-04-11T14:44:35.2986580Z Downloading [31631510] 
2025-04-11T14:44:35.3087840Z Downloading [1448090] 
2025-04-11T14:44:35.3189210Z Downloading [32663702] Downloading [9283739] 
2025-04-11T14:44:35.3292410Z Downloading [8239258] 
2025-04-11T14:44:35.3395140Z Downloading [36206742] Downloading [101834] 
2025-04-11T14:44:35.3494960Z Downloading [10283163] 
2025-04-11T14:44:35.3596620Z Downloading [11843739] 
2025-04-11T14:44:35.3698010Z Downloading [2189472] 
2025-04-11T14:44:35.3799550Z Downloading [13232282] 
2025-04-11T14:44:35.3900930Z Downloading [37791894] 
2025-04-11T14:44:35.4017500Z Downloading [25249945] 
2025-04-11T14:44:35.4118480Z 
2025-04-11T14:44:35.4219180Z Downloading [15837338] 
2025-04-11T14:44:35.4319490Z Downloading [30423193] 
2025-04-11T14:44:35.4420100Z Downloading [25606299] 
2025-04-11T14:44:35.4520980Z Downloading [2713760] 
2025-04-11T14:44:35.4621250Z Downloading [20555930] 
2025-04-11T14:44:35.4721960Z Downloading [30017691] 
2025-04-11T14:44:35.4822670Z Downloading [6346912] 
2025-04-11T14:44:35.4923880Z Downloading [12900507] 
2025-04-11T14:44:35.5025560Z Downloading [24733850] 
2025-04-11T14:44:35.5125940Z Downloading [32635035] 
2025-04-11T14:44:35.5226690Z Downloading [34609305] 
2025-04-11T14:44:35.5327130Z 
2025-04-11T14:44:35.5428070Z Downloading [8685728] 
2025-04-11T14:44:35.5528460Z Downloading [17082523] 
2025-04-11T14:44:35.5629420Z Downloading [25258138] 
2025-04-11T14:44:35.5729830Z Downloading [30767258] 
2025-04-11T14:44:35.5829840Z 
2025-04-11T14:44:35.5930990Z Downloading [33159323] 
2025-04-11T14:44:35.6031540Z Downloading [25450651] 
2025-04-11T14:44:35.6131740Z Downloading [34207899] 
2025-04-11T14:44:35.6232900Z Downloading [37628059] 
2025-04-11T14:44:35.6334040Z Downloading [9210016] 
2025-04-11T14:44:35.6434610Z Downloading [29640859] 
2025-04-11T14:44:35.6535710Z Downloading [9734304] 
2025-04-11T14:44:35.6636650Z Downloading [12568736] 
2025-04-11T14:44:35.6737410Z Downloading [30685339] 
2025-04-11T14:44:35.6837710Z 
2025-04-11T14:44:35.6938380Z Downloading [17557664] 
2025-04-11T14:44:35.7038960Z Downloading [19634336] 
2025-04-11T14:44:35.7139560Z Downloading [23009440] 
2025-04-11T14:44:35.7239250Z 
2025-04-11T14:44:35.7340390Z Downloading [38144155] 
2025-04-11T14:44:35.7440830Z Decompressing... 
2025-04-11T14:44:35.7541480Z Decompressing... 
2025-04-11T14:44:35.7642430Z [5.336s] compile  /Users/runner/work/tailwindcss/tailwindcss/packages/@tailwindcss-standalone/dist/tailwindcss-macos-arm64
2025-04-11T14:44:35.7743240Z [5.562s] compile  /Users/runner/work/tailwindcss/tailwindcss/packages/@tailwindcss-standalone/dist/tailwindcss-linux-arm64-musl bun-linux-aarch64-musl-v1.2.8
2025-04-11T14:44:35.7843190Z Decompressing... 
2025-04-11T14:44:35.7944500Z Decompressing... 
2025-04-11T14:44:35.8044700Z Decompressing... 
2025-04-11T14:44:35.8146630Z [6.172s] compile  /Users/runner/work/tailwindcss/tailwindcss/packages/@tailwindcss-standalone/dist/tailwindcss-linux-x64 bun-linux-x64-baseline-v1.2.8
2025-04-11T14:44:35.8247190Z [6.168s] compile  /Users/runner/work/tailwindcss/tailwindcss/packages/@tailwindcss-standalone/dist/tailwindcss-linux-arm64 bun-linux-aarch64-v1.2.8
2025-04-11T14:44:35.8347360Z [5.918s] compile  /Users/runner/work/tailwindcss/tailwindcss/packages/@tailwindcss-standalone/dist/tailwindcss-linux-x64-musl bun-linux-x64-musl-baseline-v1.2.8
2025-04-11T14:44:35.8449430Z [6.2s] compile  /Users/runner/work/tailwindcss/tailwindcss/packages/@tailwindcss-standalone/dist/tailwindcss-macos-x64 bun-darwin-x64-baseline-v1.2.8
2025-04-11T14:44:35.8549180Z Decompressing... 
2025-04-11T14:44:35.8650390Z [6.563s] compile  /Users/runner/work/tailwindcss/tailwindcss/packages/@tailwindcss-standalone/dist/tailwindcss-windows-x64.exe bun-windows-x64-baseline-v1.2.8
2025-04-11T14:44:35.8753610Z â”Œâ”€â”€â”€â”¬â”€â”€â”€â”€â”€â”€â”€â”€â”€â”€â”€â”€â”€â”€â”€â”€â”€â”€â”€â”€â”€â”€â”€â”€â”€â”€â”€â”€â”€â”¬â”€â”€â”€â”€â”€â”€â”€â”€â”€â”€â”€â”€â”€â”€â”€â”€â”€â”€â”€â”€â”€â”€â”€â”€â”€â”€â”€â”€â”€â”€â”€â”€â”€â”€â”€â”€â”€â”€â”€â”€â”€â”€â”€â”€â”€â”€â”€â”€â”€â”€â”€â”€â”€â”€â”€â”€â”€â”€â”€â”€â”€â”€â”€â”€â”€â”€â”¬â”€â”€â”€â”€â”€â”€â”€â”€â”€â”
2025-04-11T14:44:35.8852270Z â”‚   â”‚ triple                      â”‚ sum                                                              â”‚ elapsed â”‚
2025-04-11T14:44:35.8952660Z â”œâ”€â”€â”€â”¼â”€â”€â”€â”€â”€â”€â”€â”€â”€â”€â”€â”€â”€â”€â”€â”€â”€â”€â”€â”€â”€â”€â”€â”€â”€â”€â”€â”€â”€â”¼â”€â”€â”€â”€â”€â”€â”€â”€â”€â”€â”€â”€â”€â”€â”€â”€â”€â”€â”€â”€â”€â”€â”€â”€â”€â”€â”€â”€â”€â”€â”€â”€â”€â”€â”€â”€â”€â”€â”€â”€â”€â”€â”€â”€â”€â”€â”€â”€â”€â”€â”€â”€â”€â”€â”€â”€â”€â”€â”€â”€â”€â”€â”€â”€â”€â”€â”¼â”€â”€â”€â”€â”€â”€â”€â”€â”€â”¤
2025-04-11T14:44:35.9066610Z â”‚ 0 â”‚ bun-linux-arm64             â”‚ 63cb684ff9f50e36776c4a86ff91cd211428bc8d58bfc4fbc16bba40904623b8 â”‚ 8049ms  â”‚
2025-04-11T14:44:35.9158620Z â”‚ 1 â”‚ bun-linux-arm64-musl        â”‚ 3d36ba857d5d445473ee286de4e8711db4775568d631ef4a4ca9bd35a6249e1e â”‚ 7337ms  â”‚
2025-04-11T14:44:35.9258910Z â”‚ 2 â”‚ bun-linux-x64-baseline      â”‚ 1a626fdb437506ce9055d2d8870f9ecab976e31a4a202936ad2a9784736ced1e â”‚ 7876ms  â”‚
2025-04-11T14:44:35.9361280Z â”‚ 3 â”‚ bun-linux-x64-musl-baseline â”‚ ff57657f379fe37c356ccabb152a8a3f0fdec05e6fb7feebec431510a3fb27cf â”‚ 7725ms  â”‚
2025-04-11T14:44:35.9461720Z â”‚ 4 â”‚ bun-darwin-arm64            â”‚ 0ce757dfb74aef002d64d244d92d4d7cfef065838500668d27b31750c1451a5b â”‚ 6980ms  â”‚
2025-04-11T14:44:35.9564110Z â”‚ 5 â”‚ bun-darwin-x64-baseline     â”‚ 3b14cac98e775df5118c62b53eec176dab46b83763e6649cda4f126b989d58f6 â”‚ 8171ms  â”‚
2025-04-11T14:44:35.9667180Z â”‚ 6 â”‚ bun-windows-x64-baseline    â”‚ b81fb5c12735a37cae139dd2f6172464e16633c4304f89cab9bfcd17c2566401 â”‚ 8489ms  â”‚
2025-04-11T14:44:35.9767270Z â””â”€â”€â”€â”´â”€â”€â”€â”€â”€â”€â”€â”€â”€â”€â”€â”€â”€â”€â”€â”€â”€â”€â”€â”€â”€â”€â”€â”€â”€â”€â”€â”€â”€â”´â”€â”€â”€â”€â”€â”€â”€â”€â”€â”€â”€â”€â”€â”€â”€â”€â”€â”€â”€â”€â”€â”€â”€â”€â”€â”€â”€â”€â”€â”€â”€â”€â”€â”€â”€â”€â”€â”€â”€â”€â”€â”€â”€â”€â”€â”€â”€â”€â”€â”€â”€â”€â”€â”€â”€â”€â”€â”€â”€â”€â”€â”€â”€â”€â”€â”€â”´â”€â”€â”€â”€â”€â”€â”€â”€â”€â”˜
2025-04-11T14:44:35.9869000Z ##[endgroup]
2025-04-11T14:44:37.1484370Z ##[group]@tailwindcss/vite:build
2025-04-11T14:44:37.1602300Z cache miss, executing e8914fe9d6f1e728
2025-04-11T14:44:37.1712100Z 
2025-04-11T14:44:37.1814360Z > @tailwindcss/vite@0.0.0-insiders.6e1f533 build /Users/runner/work/tailwindcss/tailwindcss/packages/@tailwindcss-vite
2025-04-11T14:44:37.1843690Z > tsup-node
2025-04-11T14:44:37.1845800Z 
2025-04-11T14:44:37.1846790Z [34mCLI[39m Building entry: src/index.ts
2025-04-11T14:44:37.1847850Z [34mCLI[39m Using tsconfig: tsconfig.json
2025-04-11T14:44:37.1848630Z [34mCLI[39m tsup v8.4.0
2025-04-11T14:44:37.1849770Z [34mCLI[39m Using tsup config: /Users/runner/work/tailwindcss/tailwindcss/packages/@tailwindcss-vite/tsup.config.ts
2025-04-11T14:44:37.1850810Z [34mCLI[39m Target: es2022
2025-04-11T14:44:37.1851770Z [34mCLI[39m Cleaning output folder
2025-04-11T14:44:37.1852590Z [34mESM[39m Build start
2025-04-11T14:44:37.1853480Z [32mESM[39m [1mdist/index.mjs [22m[32m5.06 KB[39m
2025-04-11T14:44:37.1854380Z [32mESM[39m âš¡ï¸ Build success in 22ms
2025-04-11T14:44:37.1855080Z [34mDTS[39m Build start
2025-04-11T14:44:37.1855740Z [32mDTS[39m âš¡ï¸ Build success in 11063ms
2025-04-11T14:44:37.1856610Z [32mDTS[39m [1mdist/index.d.mts [22m[32m110.00 B[39m
2025-04-11T14:44:37.1857650Z ##[endgroup]
2025-04-11T14:44:37.1917370Z ##[group]@tailwindcss/postcss:build
2025-04-11T14:44:37.1918590Z cache miss, executing 94b59a3af691072d
2025-04-11T14:44:37.1919800Z 
2025-04-11T14:44:37.1920580Z > @tailwindcss/postcss@0.0.0-insiders.6e1f533 build /Users/runner/work/tailwindcss/tailwindcss/packages/@tailwindcss-postcss
2025-04-11T14:44:37.1921340Z > tsup-node
2025-04-11T14:44:37.1921640Z 
2025-04-11T14:44:37.1922360Z [34mCLI[39m Building entry: src/index.ts
2025-04-11T14:44:37.1923680Z [34mCLI[39m Using tsconfig: tsconfig.json
2025-04-11T14:44:37.1924310Z [34mCLI[39m tsup v8.4.0
2025-04-11T14:44:37.1925360Z [34mCLI[39m Using tsup config: /Users/runner/work/tailwindcss/tailwindcss/packages/@tailwindcss-postcss/tsup.config.ts
2025-04-11T14:44:37.1926280Z [34mCLI[39m Building entry: src/index.cts
2025-04-11T14:44:37.1926910Z [34mCLI[39m Using tsconfig: tsconfig.json
2025-04-11T14:44:37.1927540Z [34mCLI[39m tsup v8.4.0
2025-04-11T14:44:37.1928520Z [34mCLI[39m Using tsup config: /Users/runner/work/tailwindcss/tailwindcss/packages/@tailwindcss-postcss/tsup.config.ts
2025-04-11T14:44:37.1929550Z [34mCLI[39m Target: es2022
2025-04-11T14:44:37.1930150Z [34mESM[39m Build start
2025-04-11T14:44:37.1930920Z [34mCLI[39m Target: es2022
2025-04-11T14:44:37.1931510Z [34mCJS[39m Build start
2025-04-11T14:44:37.1932220Z [32mESM[39m [1mdist/index.mjs [22m[32m36.81 KB[39m
2025-04-11T14:44:37.1933300Z [32mESM[39m âš¡ï¸ Build success in 95ms
2025-04-11T14:44:37.1934060Z [32mCJS[39m [1mdist/index.js [22m[32m37.47 KB[39m
2025-04-11T14:44:37.1934700Z [32mCJS[39m âš¡ï¸ Build success in 99ms
2025-04-11T14:44:37.1935300Z [34mDTS[39m Build start
2025-04-11T14:44:37.1935680Z [34mDTS[39m Build start
2025-04-11T14:44:37.1936170Z [32mDTS[39m âš¡ï¸ Build success in 11075ms
2025-04-11T14:44:37.1936710Z [32mDTS[39m [1mdist/index.d.mts [22m[32m254.00 B[39m
2025-04-11T14:44:37.1937580Z [32mDTS[39m âš¡ï¸ Build success in 11207ms
2025-04-11T14:44:37.1938210Z [32mDTS[39m [1mdist/index.d.ts [22m[32m221.00 B[39m
2025-04-11T14:44:37.1939110Z ##[endgroup]
2025-04-11T14:44:37.2395970Z 
2025-04-11T14:44:37.2396940Z  Tasks:    9 successful, 9 total
2025-04-11T14:44:37.2432660Z Cached:    0 cached, 9 total
2025-04-11T14:44:37.2434940Z   Time:    58.457s 
2025-04-11T14:44:37.2463880Z 
2025-04-11T14:44:39.9070760Z 
2025-04-11T14:44:39.9071540Z > @tailwindcss/root@1.0.0 postbuild /Users/runner/work/tailwindcss/tailwindcss
2025-04-11T14:44:39.9072150Z > node ./scripts/pack-packages.mjs
2025-04-11T14:44:42.7368400Z 
2025-04-11T14:44:42.7371310Z Done.
2025-04-11T14:44:42.7523710Z ##[group]Run node ./scripts/pre-publish-optimizations.mjs
2025-04-11T14:44:42.7524250Z [36;1mnode ./scripts/pre-publish-optimizations.mjs[0m
2025-04-11T14:44:42.7734890Z shell: /bin/bash -e {0}
2025-04-11T14:44:42.7735200Z env:
2025-04-11T14:44:42.7735470Z   APP_NAME: tailwindcss-oxide
2025-04-11T14:44:42.7735820Z   NODE_VERSION: 20
2025-04-11T14:44:42.7736110Z   OXIDE_LOCATION: ./crates/node
2025-04-11T14:44:42.7736460Z   RELEASE_CHANNEL: insiders
2025-04-11T14:44:42.7736770Z   SHA_SHORT: 6e1f533
2025-04-11T14:44:42.7737140Z   PNPM_HOME: /Users/runner/setup-pnpm/node_modules/.bin
2025-04-11T14:44:42.7737740Z   NPM_CONFIG_USERCONFIG: /Users/runner/work/_temp/.npmrc
2025-04-11T14:44:42.7738120Z   NODE_AUTH_TOKEN: XXXXX-XXXXX-XXXXX-XXXXX
2025-04-11T14:44:42.7738440Z ##[endgroup]
2025-04-11T14:44:43.0179330Z ##[group]Run node ./scripts/lock-pre-release-versions.mjs
2025-04-11T14:44:43.0179850Z [36;1mnode ./scripts/lock-pre-release-versions.mjs[0m
2025-04-11T14:44:43.0242590Z shell: /bin/bash -e {0}
2025-04-11T14:44:43.0242930Z env:
2025-04-11T14:44:43.0243300Z   APP_NAME: tailwindcss-oxide
2025-04-11T14:44:43.0243670Z   NODE_VERSION: 20
2025-04-11T14:44:43.0244010Z   OXIDE_LOCATION: ./crates/node
2025-04-11T14:44:43.0244430Z   RELEASE_CHANNEL: insiders
2025-04-11T14:44:43.0244790Z   SHA_SHORT: 6e1f533
2025-04-11T14:44:43.0245250Z   PNPM_HOME: /Users/runner/setup-pnpm/node_modules/.bin
2025-04-11T14:44:43.0245740Z   NPM_CONFIG_USERCONFIG: /Users/runner/work/_temp/.npmrc
2025-04-11T14:44:43.0246230Z   NODE_AUTH_TOKEN: XXXXX-XXXXX-XXXXX-XXXXX
2025-04-11T14:44:43.0246630Z ##[endgroup]
2025-04-11T14:44:43.4196460Z Done.
2025-04-11T14:44:43.4245290Z ##[group]Run pnpm --recursive publish --tag insiders --no-git-checks
2025-04-11T14:44:43.4245830Z [36;1mpnpm --recursive publish --tag insiders --no-git-checks[0m
2025-04-11T14:44:43.4289410Z shell: /bin/bash -e {0}
2025-04-11T14:44:43.4289640Z env:
2025-04-11T14:44:43.4289850Z   APP_NAME: tailwindcss-oxide
2025-04-11T14:44:43.4290100Z   NODE_VERSION: 20
2025-04-11T14:44:43.4290340Z   OXIDE_LOCATION: ./crates/node
2025-04-11T14:44:43.4290590Z   RELEASE_CHANNEL: insiders
2025-04-11T14:44:43.4290830Z   SHA_SHORT: 6e1f533
2025-04-11T14:44:43.4291110Z   PNPM_HOME: /Users/runner/setup-pnpm/node_modules/.bin
2025-04-11T14:44:43.4291490Z   NPM_CONFIG_USERCONFIG: /Users/runner/work/_temp/.npmrc
2025-04-11T14:44:43.4292410Z   NODE_AUTH_TOKEN: ***
2025-04-11T14:44:43.4292670Z ##[endgroup]
2025-04-11T14:44:43.6932080Z crates/node/npm/android-arm-eabi         | â€‰WARNâ€‰ Unsupported platform: wanted: {"cpu":["arm"],"os":["android"],"libc":["any"]} (current: {"os":"darwin","cpu":"arm64","libc":"unknown"})
2025-04-11T14:44:43.6933760Z crates/node/npm/android-arm64            | â€‰WARNâ€‰ Unsupported platform: wanted: {"cpu":["arm64"],"os":["android"],"libc":["any"]} (current: {"os":"darwin","cpu":"arm64","libc":"unknown"})
2025-04-11T14:44:43.6935060Z crates/node/npm/darwin-x64               | â€‰WARNâ€‰ Unsupported platform: wanted: {"cpu":["x64"],"os":["darwin"],"libc":["any"]} (current: {"os":"darwin","cpu":"arm64","libc":"unknown"})
2025-04-11T14:44:43.6936520Z crates/node/npm/freebsd-x64              | â€‰WARNâ€‰ Unsupported platform: wanted: {"cpu":["x64"],"os":["freebsd"],"libc":["any"]} (current: {"os":"darwin","cpu":"arm64","libc":"unknown"})
2025-04-11T14:44:43.6937900Z crates/node/npm/linux-arm-gnueabihf      | â€‰WARNâ€‰ Unsupported platform: wanted: {"cpu":["arm"],"os":["linux"],"libc":["any"]} (current: {"os":"darwin","cpu":"arm64","libc":"unknown"})
2025-04-11T14:44:43.6939300Z crates/node/npm/linux-arm64-gnu          | â€‰WARNâ€‰ Unsupported platform: wanted: {"cpu":["arm64"],"os":["linux"],"libc":["glibc"]} (current: {"os":"darwin","cpu":"arm64","libc":"unknown"})
2025-04-11T14:44:43.6940670Z crates/node/npm/linux-arm64-musl         | â€‰WARNâ€‰ Unsupported platform: wanted: {"cpu":["arm64"],"os":["linux"],"libc":["musl"]} (current: {"os":"darwin","cpu":"arm64","libc":"unknown"})
2025-04-11T14:44:43.6942040Z crates/node/npm/linux-x64-gnu            | â€‰WARNâ€‰ Unsupported platform: wanted: {"cpu":["x64"],"os":["linux"],"libc":["glibc"]} (current: {"os":"darwin","cpu":"arm64","libc":"unknown"})
2025-04-11T14:44:43.6943260Z crates/node/npm/linux-x64-musl           | â€‰WARNâ€‰ Unsupported platform: wanted: {"cpu":["x64"],"os":["linux"],"libc":["musl"]} (current: {"os":"darwin","cpu":"arm64","libc":"unknown"})
2025-04-11T14:44:43.6944500Z crates/node/npm/win32-arm64-msvc         | â€‰WARNâ€‰ Unsupported platform: wanted: {"cpu":["arm64"],"os":["win32"],"libc":["any"]} (current: {"os":"darwin","cpu":"arm64","libc":"unknown"})
2025-04-11T14:44:43.6945730Z crates/node/npm/win32-x64-msvc           | â€‰WARNâ€‰ Unsupported platform: wanted: {"cpu":["x64"],"os":["win32"],"libc":["any"]} (current: {"os":"darwin","cpu":"arm64","libc":"unknown"})
2025-04-11T14:44:44.1807080Z crates/node/npm/android-arm-eabi         | â€‰WARNâ€‰ Unsupported platform: wanted: {"cpu":["arm"],"os":["android"],"libc":["any"]} (current: {"os":"darwin","cpu":"arm64","libc":"unknown"})
2025-04-11T14:44:44.1822960Z crates/node/npm/android-arm-eabi         | â€‰WARNâ€‰ Unsupported platform: wanted: {"cpu":["arm"],"os":["android"],"libc":["any"]} (current: {"os":"darwin","cpu":"arm64","libc":"unknown"})
2025-04-11T14:44:44.1830960Z crates/node/npm/android-arm-eabi         | â€‰WARNâ€‰ Unsupported platform: wanted: {"cpu":["arm"],"os":["android"],"libc":["any"]} (current: {"os":"darwin","cpu":"arm64","libc":"unknown"})
2025-04-11T14:44:44.7648940Z npm notice
2025-04-11T14:44:44.7650760Z npm notice ðŸ“¦  @tailwindcss/oxide-android-arm-eabi@0.0.0-insiders.6e1f533
2025-04-11T14:44:44.7651210Z npm notice Tarball Contents
2025-04-11T14:44:44.7652660Z npm notice 1.1kB LICENSE
2025-04-11T14:44:44.7653660Z npm notice 114B README.md
2025-04-11T14:44:44.7654000Z npm notice 555B package.json
2025-04-11T14:44:44.7654430Z npm notice 1.8MB tailwindcss-oxide.android-arm-eabi.node
2025-04-11T14:44:44.7654860Z npm notice Tarball Details
2025-04-11T14:44:44.7655250Z npm notice name: @tailwindcss/oxide-android-arm-eabi
2025-04-11T14:44:44.7655680Z npm notice version: 0.0.0-insiders.6e1f533
2025-04-11T14:44:44.7656260Z npm notice filename: tailwindcss-oxide-android-arm-eabi-0.0.0-insiders.6e1f533.tgz
2025-04-11T14:44:44.7656740Z npm notice package size: 1.0 MB
2025-04-11T14:44:44.7657080Z npm notice unpacked size: 1.8 MB
2025-04-11T14:44:44.7657530Z npm notice shasum: e0ce901df4591f036b3d82455b432677ff6be08e
2025-04-11T14:44:44.7658050Z npm notice integrity: sha512-E8bCXVpm1ayFT[...]s2G9vVwsZh97A==
2025-04-11T14:44:44.7658440Z npm notice total files: 4
2025-04-11T14:44:44.7658700Z npm notice
2025-04-11T14:44:44.7671770Z npm notice Publishing to https://registry.npmjs.org/ with tag insiders and public access
2025-04-11T14:44:45.7783270Z npm notice publish Signed provenance statement with source and build information from GitHub Actions
2025-04-11T14:44:45.7786780Z npm notice publish Provenance statement published to transparency log: https://search.sigstore.dev/?logIndex=195552497
2025-04-11T14:44:48.2384930Z + @tailwindcss/oxide-android-arm-eabi@0.0.0-insiders.6e1f533
2025-04-11T14:44:48.2705730Z crates/node/npm/android-arm64            | â€‰WARNâ€‰ Unsupported platform: wanted: {"cpu":["arm64"],"os":["android"],"libc":["any"]} (current: {"os":"darwin","cpu":"arm64","libc":"unknown"})
2025-04-11T14:44:48.2714210Z crates/node/npm/android-arm64            | â€‰WARNâ€‰ Unsupported platform: wanted: {"cpu":["arm64"],"os":["android"],"libc":["any"]} (current: {"os":"darwin","cpu":"arm64","libc":"unknown"})
2025-04-11T14:44:48.2723410Z crates/node/npm/android-arm64            | â€‰WARNâ€‰ Unsupported platform: wanted: {"cpu":["arm64"],"os":["android"],"libc":["any"]} (current: {"os":"darwin","cpu":"arm64","libc":"unknown"})
2025-04-11T14:44:48.6289790Z npm notice
2025-04-11T14:44:48.6291400Z npm notice ðŸ“¦  @tailwindcss/oxide-android-arm64@0.0.0-insiders.6e1f533
2025-04-11T14:44:48.6291840Z npm notice Tarball Contents
2025-04-11T14:44:48.6292950Z npm notice 1.1kB LICENSE
2025-04-11T14:44:48.6294200Z npm notice 108B README.md
2025-04-11T14:44:48.6294520Z npm notice 545B package.json
2025-04-11T14:44:48.6295040Z npm notice 2.6MB tailwindcss-oxide.android-arm64.node
2025-04-11T14:44:48.6295420Z npm notice Tarball Details
2025-04-11T14:44:48.6295800Z npm notice name: @tailwindcss/oxide-android-arm64
2025-04-11T14:44:48.6296230Z npm notice version: 0.0.0-insiders.6e1f533
2025-04-11T14:44:48.6296790Z npm notice filename: tailwindcss-oxide-android-arm64-0.0.0-insiders.6e1f533.tgz
2025-04-11T14:44:48.6297250Z npm notice package size: 1.2 MB
2025-04-11T14:44:48.6297580Z npm notice unpacked size: 2.6 MB
2025-04-11T14:44:48.6298000Z npm notice shasum: c1d11a10f53457c6bc0b4ec999b0ef903b4911cc
2025-04-11T14:44:48.6298500Z npm notice integrity: sha512-1bVmSf8PuQysu[...]ZsuRfvNBHJ+Qg==
2025-04-11T14:44:48.6298880Z npm notice total files: 4
2025-04-11T14:44:48.6299130Z npm notice
2025-04-11T14:44:48.6310660Z npm notice Publishing to https://registry.npmjs.org/ with tag insiders and public access
2025-04-11T14:44:49.4469310Z npm notice publish Signed provenance statement with source and build information from GitHub Actions
2025-04-11T14:44:49.4475220Z npm notice publish Provenance statement published to transparency log: https://search.sigstore.dev/?logIndex=195552529
2025-04-11T14:44:51.3275480Z + @tailwindcss/oxide-android-arm64@0.0.0-insiders.6e1f533
2025-04-11T14:44:51.6940830Z npm notice
2025-04-11T14:44:51.6942540Z npm notice ðŸ“¦  @tailwindcss/oxide-darwin-arm64@0.0.0-insiders.6e1f533
2025-04-11T14:44:51.6942970Z npm notice Tarball Contents
2025-04-11T14:44:51.6944100Z npm notice 1.1kB LICENSE
2025-04-11T14:44:51.6944420Z npm notice 106B README.md
2025-04-11T14:44:51.6944720Z npm notice 540B package.json
2025-04-11T14:44:51.6945580Z npm notice 2.8MB tailwindcss-oxide.darwin-arm64.node
2025-04-11T14:44:51.6946310Z npm notice Tarball Details
2025-04-11T14:44:51.6946680Z npm notice name: @tailwindcss/oxide-darwin-arm64
2025-04-11T14:44:51.6947100Z npm notice version: 0.0.0-insiders.6e1f533
2025-04-11T14:44:51.6947660Z npm notice filename: tailwindcss-oxide-darwin-arm64-0.0.0-insiders.6e1f533.tgz
2025-04-11T14:44:51.6948150Z npm notice package size: 1.2 MB
2025-04-11T14:44:51.6948520Z npm notice unpacked size: 2.8 MB
2025-04-11T14:44:51.6948970Z npm notice shasum: 5ce9aa617dc03c0488924b44176a52b54a0a0738
2025-04-11T14:44:51.6949470Z npm notice integrity: sha512-UFwTz6oesZpVc[...]IkcxMasxjvTQg==
2025-04-11T14:44:51.6949830Z npm notice total files: 4
2025-04-11T14:44:51.6950080Z npm notice
2025-04-11T14:44:51.6962520Z npm notice Publishing to https://registry.npmjs.org/ with tag insiders and public access
2025-04-11T14:44:52.5117690Z npm notice publish Signed provenance statement with source and build information from GitHub Actions
2025-04-11T14:44:52.5119660Z npm notice publish Provenance statement published to transparency log: https://search.sigstore.dev/?logIndex=195552548
2025-04-11T14:44:55.1664780Z + @tailwindcss/oxide-darwin-arm64@0.0.0-insiders.6e1f533
2025-04-11T14:44:55.1889570Z crates/node/npm/darwin-x64               | â€‰WARNâ€‰ Unsupported platform: wanted: {"cpu":["x64"],"os":["darwin"],"libc":["any"]} (current: {"os":"darwin","cpu":"arm64","libc":"unknown"})
2025-04-11T14:44:55.1895010Z crates/node/npm/darwin-x64               | â€‰WARNâ€‰ Unsupported platform: wanted: {"cpu":["x64"],"os":["darwin"],"libc":["any"]} (current: {"os":"darwin","cpu":"arm64","libc":"unknown"})
2025-04-11T14:44:55.1899170Z crates/node/npm/darwin-x64               | â€‰WARNâ€‰ Unsupported platform: wanted: {"cpu":["x64"],"os":["darwin"],"libc":["any"]} (current: {"os":"darwin","cpu":"arm64","libc":"unknown"})
2025-04-11T14:44:55.5789540Z npm notice
2025-04-11T14:44:55.5791360Z npm notice ðŸ“¦  @tailwindcss/oxide-darwin-x64@0.0.0-insiders.6e1f533
2025-04-11T14:44:55.5791800Z npm notice Tarball Contents
2025-04-11T14:44:55.5792890Z npm notice 1.1kB LICENSE
2025-04-11T14:44:55.5793170Z npm notice 103B README.md
2025-04-11T14:44:55.5793440Z npm notice 530B package.json
2025-04-11T14:44:55.5793820Z npm notice 2.6MB tailwindcss-oxide.darwin-x64.node
2025-04-11T14:44:55.5794180Z npm notice Tarball Details
2025-04-11T14:44:55.5794530Z npm notice name: @tailwindcss/oxide-darwin-x64
2025-04-11T14:44:55.5794900Z npm notice version: 0.0.0-insiders.6e1f533
2025-04-11T14:44:55.5795450Z npm notice filename: tailwindcss-oxide-darwin-x64-0.0.0-insiders.6e1f533.tgz
2025-04-11T14:44:55.5795910Z npm notice package size: 1.2 MB
2025-04-11T14:44:55.5796230Z npm notice unpacked size: 2.6 MB
2025-04-11T14:44:55.5796650Z npm notice shasum: ee8a3f10e5270d5296f6e7d0a10be10872baab7d
2025-04-11T14:44:55.5797150Z npm notice integrity: sha512-KapmUg5CNijJy[...]qToL6w4vhZ2KQ==
2025-04-11T14:44:55.5797510Z npm notice total files: 4
2025-04-11T14:44:55.5797750Z npm notice
2025-04-11T14:44:55.5811870Z npm notice Publishing to https://registry.npmjs.org/ with tag insiders and public access
2025-04-11T14:44:56.4114690Z npm notice publish Signed provenance statement with source and build information from GitHub Actions
2025-04-11T14:44:56.4118340Z npm notice publish Provenance statement published to transparency log: https://search.sigstore.dev/?logIndex=195552559
2025-04-11T14:44:59.0186100Z + @tailwindcss/oxide-darwin-x64@0.0.0-insiders.6e1f533
2025-04-11T14:44:59.0690120Z crates/node/npm/freebsd-x64              | â€‰WARNâ€‰ Unsupported platform: wanted: {"cpu":["x64"],"os":["freebsd"],"libc":["any"]} (current: {"os":"darwin","cpu":"arm64","libc":"unknown"})
2025-04-11T14:44:59.0696380Z crates/node/npm/freebsd-x64              | â€‰WARNâ€‰ Unsupported platform: wanted: {"cpu":["x64"],"os":["freebsd"],"libc":["any"]} (current: {"os":"darwin","cpu":"arm64","libc":"unknown"})
2025-04-11T14:44:59.0706220Z crates/node/npm/freebsd-x64              | â€‰WARNâ€‰ Unsupported platform: wanted: {"cpu":["x64"],"os":["freebsd"],"libc":["any"]} (current: {"os":"darwin","cpu":"arm64","libc":"unknown"})
2025-04-11T14:44:59.4393080Z npm notice
2025-04-11T14:44:59.4394620Z npm notice ðŸ“¦  @tailwindcss/oxide-freebsd-x64@0.0.0-insiders.6e1f533
2025-04-11T14:44:59.4395030Z npm notice Tarball Contents
2025-04-11T14:44:59.4396310Z npm notice 1.1kB LICENSE
2025-04-11T14:44:59.4396590Z npm notice 107B README.md
2025-04-11T14:44:59.4396980Z npm notice 535B package.json
2025-04-11T14:44:59.4397510Z npm notice 3.0MB tailwindcss-oxide.freebsd-x64.node
2025-04-11T14:44:59.4398140Z npm notice Tarball Details
2025-04-11T14:44:59.4398620Z npm notice name: @tailwindcss/oxide-freebsd-x64
2025-04-11T14:44:59.4399220Z npm notice version: 0.0.0-insiders.6e1f533
2025-04-11T14:44:59.4400060Z npm notice filename: tailwindcss-oxide-freebsd-x64-0.0.0-insiders.6e1f533.tgz
2025-04-11T14:44:59.4401120Z npm notice package size: 1.2 MB
2025-04-11T14:44:59.4401920Z npm notice unpacked size: 3.0 MB
2025-04-11T14:44:59.4410540Z npm notice shasum: 784878a5ce3a499a2741bc5f9f02339e738107eb
2025-04-11T14:44:59.4411100Z npm notice integrity: sha512-LR3E8ocUgcahD[...]89xDtu59WGQFg==
2025-04-11T14:44:59.4411510Z npm notice total files: 4
2025-04-11T14:44:59.4411750Z npm notice
2025-04-11T14:44:59.4416060Z npm notice Publishing to https://registry.npmjs.org/ with tag insiders and public access
2025-04-11T14:45:00.3519720Z npm notice publish Signed provenance statement with source and build information from GitHub Actions
2025-04-11T14:45:00.3522000Z npm notice publish Provenance statement published to transparency log: https://search.sigstore.dev/?logIndex=195552574
2025-04-11T14:45:03.4636240Z + @tailwindcss/oxide-freebsd-x64@0.0.0-insiders.6e1f533
2025-04-11T14:45:03.4801660Z crates/node/npm/linux-arm-gnueabihf      | â€‰WARNâ€‰ Unsupported platform: wanted: {"cpu":["arm"],"os":["linux"],"libc":["any"]} (current: {"os":"darwin","cpu":"arm64","libc":"unknown"})
2025-04-11T14:45:03.4816270Z crates/node/npm/linux-arm-gnueabihf      | â€‰WARNâ€‰ Unsupported platform: wanted: {"cpu":["arm"],"os":["linux"],"libc":["any"]} (current: {"os":"darwin","cpu":"arm64","libc":"unknown"})
2025-04-11T14:45:03.4831560Z crates/node/npm/linux-arm-gnueabihf      | â€‰WARNâ€‰ Unsupported platform: wanted: {"cpu":["arm"],"os":["linux"],"libc":["any"]} (current: {"os":"darwin","cpu":"arm64","libc":"unknown"})
2025-04-11T14:45:03.8704950Z npm notice
2025-04-11T14:45:03.8706620Z npm notice ðŸ“¦  @tailwindcss/oxide-linux-arm-gnueabihf@0.0.0-insiders.6e1f533
2025-04-11T14:45:03.8707110Z npm notice Tarball Contents
2025-04-11T14:45:03.8708000Z npm notice 1.1kB LICENSE
2025-04-11T14:45:03.8708330Z npm notice 122B README.md
2025-04-11T14:45:03.8708670Z npm notice 565B package.json
2025-04-11T14:45:03.8709160Z npm notice 2.4MB tailwindcss-oxide.linux-arm-gnueabihf.node
2025-04-11T14:45:03.8709600Z npm notice Tarball Details
2025-04-11T14:45:03.8710040Z npm notice name: @tailwindcss/oxide-linux-arm-gnueabihf
2025-04-11T14:45:03.8710500Z npm notice version: 0.0.0-insiders.6e1f533
2025-04-11T14:45:03.8711160Z npm notice filename: tailwindcss-oxide-linux-arm-gnueabihf-0.0.0-insiders.6e1f533.tgz
2025-04-11T14:45:03.8711730Z npm notice package size: 1.1 MB
2025-04-11T14:45:03.8712060Z npm notice unpacked size: 2.4 MB
2025-04-11T14:45:03.8712480Z npm notice shasum: 20fdf7976ef3b68d997009f035db186e01f28a10
2025-04-11T14:45:03.8712980Z npm notice integrity: sha512-gYT3gXS5ZF65k[...]lFFkAKC6sAdEQ==
2025-04-11T14:45:03.8713340Z npm notice total files: 4
2025-04-11T14:45:03.8713580Z npm notice
2025-04-11T14:45:03.8725940Z npm notice Publishing to https://registry.npmjs.org/ with tag insiders and public access
2025-04-11T14:45:04.6595440Z npm notice publish Signed provenance statement with source and build information from GitHub Actions
2025-04-11T14:45:04.6600400Z npm notice publish Provenance statement published to transparency log: https://search.sigstore.dev/?logIndex=195552613
2025-04-11T14:45:07.1074730Z + @tailwindcss/oxide-linux-arm-gnueabihf@0.0.0-insiders.6e1f533
2025-04-11T14:45:07.1315230Z crates/node/npm/linux-arm64-gnu          | â€‰WARNâ€‰ Unsupported platform: wanted: {"cpu":["arm64"],"os":["linux"],"libc":["glibc"]} (current: {"os":"darwin","cpu":"arm64","libc":"unknown"})
2025-04-11T14:45:07.1320640Z crates/node/npm/linux-arm64-gnu          | â€‰WARNâ€‰ Unsupported platform: wanted: {"cpu":["arm64"],"os":["linux"],"libc":["glibc"]} (current: {"os":"darwin","cpu":"arm64","libc":"unknown"})
2025-04-11T14:45:07.1324200Z crates/node/npm/linux-arm64-gnu          | â€‰WARNâ€‰ Unsupported platform: wanted: {"cpu":["arm64"],"os":["linux"],"libc":["glibc"]} (current: {"os":"darwin","cpu":"arm64","libc":"unknown"})
2025-04-11T14:45:07.5360310Z npm notice
2025-04-11T14:45:07.5362600Z npm notice ðŸ“¦  @tailwindcss/oxide-linux-arm64-gnu@0.0.0-insiders.6e1f533
2025-04-11T14:45:07.5363900Z npm notice Tarball Contents
2025-04-11T14:45:07.5365010Z npm notice 1.1kB LICENSE
2025-04-11T14:45:07.5365870Z npm notice 114B README.md
2025-04-11T14:45:07.5366780Z npm notice 580B package.json
2025-04-11T14:45:07.5367980Z npm notice 2.6MB tailwindcss-oxide.linux-arm64-gnu.node
2025-04-11T14:45:07.5369150Z npm notice Tarball Details
2025-04-11T14:45:07.5370050Z npm notice name: @tailwindcss/oxide-linux-arm64-gnu
2025-04-11T14:45:07.5370560Z npm notice version: 0.0.0-insiders.6e1f533
2025-04-11T14:45:07.5371290Z npm notice filename: tailwindcss-oxide-linux-arm64-gnu-0.0.0-insiders.6e1f533.tgz
2025-04-11T14:45:07.5371850Z npm notice package size: 1.2 MB
2025-04-11T14:45:07.5372190Z npm notice unpacked size: 2.6 MB
2025-04-11T14:45:07.5372610Z npm notice shasum: 5c777ffaaea33c308b9f4fa3b09fedac6eb7af4d
2025-04-11T14:45:07.5373120Z npm notice integrity: sha512-GpbKyxlmnV8LU[...]PP4LySiZzw0aw==
2025-04-11T14:45:07.5373480Z npm notice total files: 4
2025-04-11T14:45:07.5373750Z npm notice
2025-04-11T14:45:07.5387800Z npm notice Publishing to https://registry.npmjs.org/ with tag insiders and public access
2025-04-11T14:45:08.4395640Z npm notice publish Signed provenance statement with source and build information from GitHub Actions
2025-04-11T14:45:08.4399690Z npm notice publish Provenance statement published to transparency log: https://search.sigstore.dev/?logIndex=195552642
2025-04-11T14:45:10.5156430Z + @tailwindcss/oxide-linux-arm64-gnu@0.0.0-insiders.6e1f533
2025-04-11T14:45:10.5356870Z crates/node/npm/linux-arm64-musl         | â€‰WARNâ€‰ Unsupported platform: wanted: {"cpu":["arm64"],"os":["linux"],"libc":["musl"]} (current: {"os":"darwin","cpu":"arm64","libc":"unknown"})
2025-04-11T14:45:10.5380830Z crates/node/npm/linux-arm64-musl         | â€‰WARNâ€‰ Unsupported platform: wanted: {"cpu":["arm64"],"os":["linux"],"libc":["musl"]} (current: {"os":"darwin","cpu":"arm64","libc":"unknown"})
2025-04-11T14:45:10.5385190Z crates/node/npm/linux-arm64-musl         | â€‰WARNâ€‰ Unsupported platform: wanted: {"cpu":["arm64"],"os":["linux"],"libc":["musl"]} (current: {"os":"darwin","cpu":"arm64","libc":"unknown"})
2025-04-11T14:45:10.9216940Z npm notice
2025-04-11T14:45:10.9218810Z npm notice ðŸ“¦  @tailwindcss/oxide-linux-arm64-musl@0.0.0-insiders.6e1f533
2025-04-11T14:45:10.9219300Z npm notice Tarball Contents
2025-04-11T14:45:10.9220760Z npm notice 1.1kB LICENSE
2025-04-11T14:45:10.9221120Z npm notice 116B README.md
2025-04-11T14:45:10.9221510Z npm notice 583B package.json
2025-04-11T14:45:10.9222010Z npm notice 2.6MB tailwindcss-oxide.linux-arm64-musl.node
2025-04-11T14:45:10.9222480Z npm notice Tarball Details
2025-04-11T14:45:10.9222940Z npm notice name: @tailwindcss/oxide-linux-arm64-musl
2025-04-11T14:45:10.9223450Z npm notice version: 0.0.0-insiders.6e1f533
2025-04-11T14:45:10.9224090Z npm notice filename: tailwindcss-oxide-linux-arm64-musl-0.0.0-insiders.6e1f533.tgz
2025-04-11T14:45:10.9224690Z npm notice package size: 1.1 MB
2025-04-11T14:45:10.9225090Z npm notice unpacked size: 2.6 MB
2025-04-11T14:45:10.9225620Z npm notice shasum: 066f42d30f685c9443dc7334c2b43bf3f19b1bd6
2025-04-11T14:45:10.9226200Z npm notice integrity: sha512-z7QTlkyBG735c[...]Wzc25U/Yk6Q4A==
2025-04-11T14:45:10.9226660Z npm notice total files: 4
2025-04-11T14:45:10.9227000Z npm notice
2025-04-11T14:45:10.9241290Z npm notice Publishing to https://registry.npmjs.org/ with tag insiders and public access
2025-04-11T14:45:11.8110070Z npm notice publish Signed provenance statement with source and build information from GitHub Actions
2025-04-11T14:45:11.8112740Z npm notice publish Provenance statement published to transparency log: https://search.sigstore.dev/?logIndex=195552667
2025-04-11T14:45:14.3599540Z + @tailwindcss/oxide-linux-arm64-musl@0.0.0-insiders.6e1f533
2025-04-11T14:45:14.3803300Z crates/node/npm/linux-x64-gnu            | â€‰WARNâ€‰ Unsupported platform: wanted: {"cpu":["x64"],"os":["linux"],"libc":["glibc"]} (current: {"os":"darwin","cpu":"arm64","libc":"unknown"})
2025-04-11T14:45:14.3814470Z crates/node/npm/linux-x64-gnu            | â€‰WARNâ€‰ Unsupported platform: wanted: {"cpu":["x64"],"os":["linux"],"libc":["glibc"]} (current: {"os":"darwin","cpu":"arm64","libc":"unknown"})
2025-04-11T14:45:14.3822280Z crates/node/npm/linux-x64-gnu            | â€‰WARNâ€‰ Unsupported platform: wanted: {"cpu":["x64"],"os":["linux"],"libc":["glibc"]} (current: {"os":"darwin","cpu":"arm64","libc":"unknown"})
2025-04-11T14:45:14.7916230Z npm notice
2025-04-11T14:45:14.7917960Z npm notice ðŸ“¦  @tailwindcss/oxide-linux-x64-gnu@0.0.0-insiders.6e1f533
2025-04-11T14:45:14.7918640Z npm notice Tarball Contents
2025-04-11T14:45:14.7920060Z npm notice 1.1kB LICENSE
2025-04-11T14:45:14.7920540Z npm notice 111B README.md
2025-04-11T14:45:14.7920890Z npm notice 570B package.json
2025-04-11T14:45:14.7921460Z npm notice 3.0MB tailwindcss-oxide.linux-x64-gnu.node
2025-04-11T14:45:14.7921930Z npm notice Tarball Details
2025-04-11T14:45:14.7922430Z npm notice name: @tailwindcss/oxide-linux-x64-gnu
2025-04-11T14:45:14.7922860Z npm notice version: 0.0.0-insiders.6e1f533
2025-04-11T14:45:14.7923450Z npm notice filename: tailwindcss-oxide-linux-x64-gnu-0.0.0-insiders.6e1f533.tgz
2025-04-11T14:45:14.7923940Z npm notice package size: 1.2 MB
2025-04-11T14:45:14.7924280Z npm notice unpacked size: 3.0 MB
2025-04-11T14:45:14.7924800Z npm notice shasum: d3b5c549e451e93ef0ba43c19c929b8f8b538de2
2025-04-11T14:45:14.7925470Z npm notice integrity: sha512-SboLZMsG/R/CL[...]Zx+4SbobR/EgA==
2025-04-11T14:45:14.7926060Z npm notice total files: 4
2025-04-11T14:45:14.7926360Z npm notice
2025-04-11T14:45:14.7938190Z npm notice Publishing to https://registry.npmjs.org/ with tag insiders and public access
2025-04-11T14:45:15.6162940Z npm notice publish Signed provenance statement with source and build information from GitHub Actions
2025-04-11T14:45:15.6166140Z npm notice publish Provenance statement published to transparency log: https://search.sigstore.dev/?logIndex=195552697
2025-04-11T14:45:18.4437270Z + @tailwindcss/oxide-linux-x64-gnu@0.0.0-insiders.6e1f533
2025-04-11T14:45:18.4643710Z crates/node/npm/linux-x64-musl           | â€‰WARNâ€‰ Unsupported platform: wanted: {"cpu":["x64"],"os":["linux"],"libc":["musl"]} (current: {"os":"darwin","cpu":"arm64","libc":"unknown"})
2025-04-11T14:45:18.4672470Z crates/node/npm/linux-x64-musl           | â€‰WARNâ€‰ Unsupported platform: wanted: {"cpu":["x64"],"os":["linux"],"libc":["musl"]} (current: {"os":"darwin","cpu":"arm64","libc":"unknown"})
2025-04-11T14:45:18.4681530Z crates/node/npm/linux-x64-musl           | â€‰WARNâ€‰ Unsupported platform: wanted: {"cpu":["x64"],"os":["linux"],"libc":["musl"]} (current: {"os":"darwin","cpu":"arm64","libc":"unknown"})
2025-04-11T14:45:18.8520820Z npm notice
2025-04-11T14:45:18.8522230Z npm notice ðŸ“¦  @tailwindcss/oxide-linux-x64-musl@0.0.0-insiders.6e1f533
2025-04-11T14:45:18.8522750Z npm notice Tarball Contents
2025-04-11T14:45:18.8523700Z npm notice 1.1kB LICENSE
2025-04-11T14:45:18.8524140Z npm notice 113B README.md
2025-04-11T14:45:18.8524520Z npm notice 573B package.json
2025-04-11T14:45:18.8525050Z npm notice 3.0MB tailwindcss-oxide.linux-x64-musl.node
2025-04-11T14:45:18.8525470Z npm notice Tarball Details
2025-04-11T14:45:18.8525950Z npm notice name: @tailwindcss/oxide-linux-x64-musl
2025-04-11T14:45:18.8526480Z npm notice version: 0.0.0-insiders.6e1f533
2025-04-11T14:45:18.8527540Z npm notice filename: tailwindcss-oxide-linux-x64-musl-0.0.0-insiders.6e1f533.tgz
2025-04-11T14:45:18.8528120Z npm notice package size: 1.2 MB
2025-04-11T14:45:18.8528580Z npm notice unpacked size: 3.0 MB
2025-04-11T14:45:18.8529090Z npm notice shasum: a234381bab7e81ad86f113d73c7e22c9374d6038
2025-04-11T14:45:18.8529670Z npm notice integrity: sha512-cXCKLLaFYMaxj[...]pwjNilKZhhaQg==
2025-04-11T14:45:18.8530140Z npm notice total files: 4
2025-04-11T14:45:18.8530520Z npm notice
2025-04-11T14:45:18.8541730Z npm notice Publishing to https://registry.npmjs.org/ with tag insiders and public access
2025-04-11T14:45:19.5947640Z npm notice publish Signed provenance statement with source and build information from GitHub Actions
2025-04-11T14:45:19.5951620Z npm notice publish Provenance statement published to transparency log: https://search.sigstore.dev/?logIndex=195552713
2025-04-11T14:45:21.8430520Z + @tailwindcss/oxide-linux-x64-musl@0.0.0-insiders.6e1f533
2025-04-11T14:45:21.8558770Z crates/node/npm/win32-arm64-msvc         | â€‰WARNâ€‰ Unsupported platform: wanted: {"cpu":["arm64"],"os":["win32"],"libc":["any"]} (current: {"os":"darwin","cpu":"arm64","libc":"unknown"})
2025-04-11T14:45:21.8571560Z crates/node/npm/win32-arm64-msvc         | â€‰WARNâ€‰ Unsupported platform: wanted: {"cpu":["arm64"],"os":["win32"],"libc":["any"]} (current: {"os":"darwin","cpu":"arm64","libc":"unknown"})
2025-04-11T14:45:21.8611370Z crates/node/npm/win32-arm64-msvc         | â€‰WARNâ€‰ Unsupported platform: wanted: {"cpu":["arm64"],"os":["win32"],"libc":["any"]} (current: {"os":"darwin","cpu":"arm64","libc":"unknown"})
2025-04-11T14:45:22.2119560Z npm notice
2025-04-11T14:45:22.2120940Z npm notice ðŸ“¦  @tailwindcss/oxide-win32-arm64-msvc@0.0.0-insiders.6e1f533
2025-04-11T14:45:22.2121720Z npm notice Tarball Contents
2025-04-11T14:45:22.2122800Z npm notice 1.1kB LICENSE
2025-04-11T14:45:22.2123190Z npm notice 111B README.md
2025-04-11T14:45:22.2123600Z npm notice 555B package.json
2025-04-11T14:45:22.2124130Z npm notice 2.6MB tailwindcss-oxide.win32-arm64-msvc.node
2025-04-11T14:45:22.2124640Z npm notice Tarball Details
2025-04-11T14:45:22.2125110Z npm notice name: @tailwindcss/oxide-win32-arm64-msvc
2025-04-11T14:45:22.2125630Z npm notice version: 0.0.0-insiders.6e1f533
2025-04-11T14:45:22.2126260Z npm notice filename: tailwindcss-oxide-win32-arm64-msvc-0.0.0-insiders.6e1f533.tgz
2025-04-11T14:45:22.2126870Z npm notice package size: 1.2 MB
2025-04-11T14:45:22.2127260Z npm notice unpacked size: 2.6 MB
2025-04-11T14:45:22.2127810Z npm notice shasum: e8c0983f02b76c3891a7c927222af37aca0681bf
2025-04-11T14:45:22.2128400Z npm notice integrity: sha512-TWUpIOaPxudXp[...]8itc4Trko9mSg==
2025-04-11T14:45:22.2128890Z npm notice total files: 4
2025-04-11T14:45:22.2129220Z npm notice
2025-04-11T14:45:22.2140350Z npm notice Publishing to https://registry.npmjs.org/ with tag insiders and public access
2025-04-11T14:45:23.1500480Z npm notice publish Signed provenance statement with source and build information from GitHub Actions
2025-04-11T14:45:23.1503210Z npm notice publish Provenance statement published to transparency log: https://search.sigstore.dev/?logIndex=195552727
2025-04-11T14:45:25.3836460Z + @tailwindcss/oxide-win32-arm64-msvc@0.0.0-insiders.6e1f533
2025-04-11T14:45:25.4016080Z crates/node/npm/win32-x64-msvc           | â€‰WARNâ€‰ Unsupported platform: wanted: {"cpu":["x64"],"os":["win32"],"libc":["any"]} (current: {"os":"darwin","cpu":"arm64","libc":"unknown"})
2025-04-11T14:45:25.4031420Z crates/node/npm/win32-x64-msvc           | â€‰WARNâ€‰ Unsupported platform: wanted: {"cpu":["x64"],"os":["win32"],"libc":["any"]} (current: {"os":"darwin","cpu":"arm64","libc":"unknown"})
2025-04-11T14:45:25.4035490Z crates/node/npm/win32-x64-msvc           | â€‰WARNâ€‰ Unsupported platform: wanted: {"cpu":["x64"],"os":["win32"],"libc":["any"]} (current: {"os":"darwin","cpu":"arm64","libc":"unknown"})
2025-04-11T14:45:25.7844080Z npm notice
2025-04-11T14:45:25.7845520Z npm notice ðŸ“¦  @tailwindcss/oxide-win32-x64-msvc@0.0.0-insiders.6e1f533
2025-04-11T14:45:25.7846530Z npm notice Tarball Contents
2025-04-11T14:45:25.7847750Z npm notice 1.1kB LICENSE
2025-04-11T14:45:25.7848130Z npm notice 110B README.md
2025-04-11T14:45:25.7848410Z npm notice 545B package.json
2025-04-11T14:45:25.7848810Z npm notice 3.1MB tailwindcss-oxide.win32-x64-msvc.node
2025-04-11T14:45:25.7849160Z npm notice Tarball Details
2025-04-11T14:45:25.7849520Z npm notice name: @tailwindcss/oxide-win32-x64-msvc
2025-04-11T14:45:25.7849910Z npm notice version: 0.0.0-insiders.6e1f533
2025-04-11T14:45:25.7850460Z npm notice filename: tailwindcss-oxide-win32-x64-msvc-0.0.0-insiders.6e1f533.tgz
2025-04-11T14:45:25.7850920Z npm notice package size: 1.3 MB
2025-04-11T14:45:25.7851240Z npm notice unpacked size: 3.1 MB
2025-04-11T14:45:25.7851650Z npm notice shasum: 554d355c796500a0907baef77f49fd49ce7ce5f6
2025-04-11T14:45:25.7852150Z npm notice integrity: sha512-081J5pV7yu6Qx[...]qPlopYYiVPmug==
2025-04-11T14:45:25.7852510Z npm notice total files: 4
2025-04-11T14:45:25.7852860Z npm notice
2025-04-11T14:45:25.7864860Z npm notice Publishing to https://registry.npmjs.org/ with tag insiders and public access
2025-04-11T14:45:26.6047840Z npm notice publish Signed provenance statement with source and build information from GitHub Actions
2025-04-11T14:45:26.6051850Z npm notice publish Provenance statement published to transparency log: https://search.sigstore.dev/?logIndex=195552739
2025-04-11T14:45:29.0875810Z + @tailwindcss/oxide-win32-x64-msvc@0.0.0-insiders.6e1f533
2025-04-11T14:45:29.3694860Z npm notice
2025-04-11T14:45:29.3696480Z npm notice ðŸ“¦  @tailwindcss/oxide@0.0.0-insiders.6e1f533
2025-04-11T14:45:29.3697280Z npm notice Tarball Contents
2025-04-11T14:45:29.3698230Z npm notice 1.1kB LICENSE
2025-04-11T14:45:29.3698500Z npm notice 1.1kB index.d.ts
2025-04-11T14:45:29.3698770Z npm notice 9.6kB index.js
2025-04-11T14:45:29.3699050Z npm notice 2.0kB package.json
2025-04-11T14:45:29.3699330Z npm notice Tarball Details
2025-04-11T14:45:29.3699650Z npm notice name: @tailwindcss/oxide
2025-04-11T14:45:29.3700010Z npm notice version: 0.0.0-insiders.6e1f533
2025-04-11T14:45:29.3700520Z npm notice filename: tailwindcss-oxide-0.0.0-insiders.6e1f533.tgz
2025-04-11T14:45:29.3700940Z npm notice package size: 2.9 kB
2025-04-11T14:45:29.3701260Z npm notice unpacked size: 13.8 kB
2025-04-11T14:45:29.3701710Z npm notice shasum: 76e50fa37ef43c4e8ce9a6f32a4df3f328e84805
2025-04-11T14:45:29.3702200Z npm notice integrity: sha512-QRJDWE7PvcGUX[...]Y6AZYjlgYSGsA==
2025-04-11T14:45:29.3702570Z npm notice total files: 4
2025-04-11T14:45:29.3702800Z npm notice
2025-04-11T14:45:29.3714970Z npm notice Publishing to https://registry.npmjs.org/ with tag insiders and public access
2025-04-11T14:45:30.2598500Z npm notice publish Signed provenance statement with source and build information from GitHub Actions
2025-04-11T14:45:30.2603470Z npm notice publish Provenance statement published to transparency log: https://search.sigstore.dev/?logIndex=195552753
2025-04-11T14:45:32.4057700Z + @tailwindcss/oxide@0.0.0-insiders.6e1f533
2025-04-11T14:45:32.7147340Z npm notice
2025-04-11T14:45:32.7148870Z npm notice ðŸ“¦  tailwindcss@0.0.0-insiders.6e1f533
2025-04-11T14:45:32.7149520Z npm notice Tarball Contents
2025-04-11T14:45:32.7150830Z npm notice 1.1kB LICENSE
2025-04-11T14:45:32.7151130Z npm notice 2.0kB README.md
2025-04-11T14:45:32.7151470Z npm notice 8.0kB dist/chunk-HTB5LLOP.mjs
2025-04-11T14:45:32.7151840Z npm notice 23.3kB dist/chunk-P5FH2LZE.mjs
2025-04-11T14:45:32.7152200Z npm notice 191.1kB dist/chunk-R7KA7VUM.mjs
2025-04-11T14:45:32.7152560Z npm notice 6.1kB dist/colors-b_6i0Oi7.d.ts
2025-04-11T14:45:32.7152910Z npm notice 6.2kB dist/colors.d.mts
2025-04-11T14:45:32.7153230Z npm notice 89B dist/colors.d.ts
2025-04-11T14:45:32.7153540Z npm notice 8.0kB dist/colors.js
2025-04-11T14:45:32.7153850Z npm notice 58B dist/colors.mjs
2025-04-11T14:45:32.7154200Z npm notice 28.1kB dist/default-theme.d.mts
2025-04-11T14:45:32.7154570Z npm notice 28.2kB dist/default-theme.d.ts
2025-04-11T14:45:32.7154920Z npm notice 25.6kB dist/default-theme.js
2025-04-11T14:45:32.7155270Z npm notice 92B dist/default-theme.mjs
2025-04-11T14:45:32.7155890Z npm notice 186B dist/flatten-color-palette.d.mts
2025-04-11T14:45:32.7156310Z npm notice 186B dist/flatten-color-palette.d.ts
2025-04-11T14:45:32.7156710Z npm notice 30.0kB dist/flatten-color-palette.js
2025-04-11T14:45:32.7157220Z npm notice 424B dist/flatten-color-palette.mjs
2025-04-11T14:45:32.7157640Z npm notice 8.3kB dist/lib.d.mts
2025-04-11T14:45:32.7158000Z npm notice 92B dist/lib.d.ts
2025-04-11T14:45:32.7158370Z npm notice 222.6kB dist/lib.js
2025-04-11T14:45:32.7158650Z npm notice 218B dist/lib.mjs
2025-04-11T14:45:32.7158950Z npm notice 642B dist/plugin.d.mts
2025-04-11T14:45:32.7159260Z npm notice 3.6kB dist/plugin.d.ts
2025-04-11T14:45:32.7159560Z npm notice 201B dist/plugin.js
2025-04-11T14:45:32.7159860Z npm notice 192B dist/plugin.mjs
2025-04-11T14:45:32.7160210Z npm notice 491B dist/resolve-config-BIFUA2FY.d.ts
2025-04-11T14:45:32.7160630Z npm notice 3.6kB dist/resolve-config-QUZ9b-Gn.d.mts
2025-04-11T14:45:32.7161030Z npm notice 3.4kB dist/types-B254mqw1.d.mts
2025-04-11T14:45:32.7161340Z npm notice 27.2kB index.css
2025-04-11T14:45:32.7161610Z npm notice 2.4kB package.json
2025-04-11T14:45:32.7161900Z npm notice 8.2kB preflight.css
2025-04-11T14:45:32.7162180Z npm notice 17.5kB theme.css
2025-04-11T14:45:32.7162440Z npm notice 21B utilities.css
2025-04-11T14:45:32.7162700Z npm notice Tarball Details
2025-04-11T14:45:32.7162970Z npm notice name: tailwindcss
2025-04-11T14:45:32.7163300Z npm notice version: 0.0.0-insiders.6e1f533
2025-04-11T14:45:32.7163740Z npm notice filename: tailwindcss-0.0.0-insiders.6e1f533.tgz
2025-04-11T14:45:32.7164120Z npm notice package size: 149.0 kB
2025-04-11T14:45:32.7164440Z npm notice unpacked size: 657.3 kB
2025-04-11T14:45:32.7164850Z npm notice shasum: fa151297d94415f0c7bd8e5f0f354ebfccb4c670
2025-04-11T14:45:32.7165350Z npm notice integrity: sha512-zFXkVOIrFCzIy[...]n3xtE94rklr8w==
2025-04-11T14:45:32.7165700Z npm notice total files: 34
2025-04-11T14:45:32.7165930Z npm notice
2025-04-11T14:45:32.7167270Z npm notice Publishing to https://registry.npmjs.org/ with tag insiders and public access
2025-04-11T14:45:33.5673090Z npm notice publish Signed provenance statement with source and build information from GitHub Actions
2025-04-11T14:45:33.5675520Z npm notice publish Provenance statement published to transparency log: https://search.sigstore.dev/?logIndex=195552768
2025-04-11T14:45:36.7762960Z + tailwindcss@0.0.0-insiders.6e1f533
2025-04-11T14:45:37.0585750Z npm notice
2025-04-11T14:45:37.0587140Z npm notice ðŸ“¦  @tailwindcss/browser@0.0.0-insiders.6e1f533
2025-04-11T14:45:37.0587560Z npm notice Tarball Contents
2025-04-11T14:45:37.0588550Z npm notice 1.1kB LICENSE
2025-04-11T14:45:37.0588870Z npm notice 2.0kB README.md
2025-04-11T14:45:37.0589200Z npm notice 250.6kB dist/index.global.js
2025-04-11T14:45:37.0589520Z npm notice 984B package.json
2025-04-11T14:45:37.0589810Z npm notice Tarball Details
2025-04-11T14:45:37.0590130Z npm notice name: @tailwindcss/browser
2025-04-11T14:45:37.0590490Z npm notice version: 0.0.0-insiders.6e1f533
2025-04-11T14:45:37.0591220Z npm notice filename: tailwindcss-browser-0.0.0-insiders.6e1f533.tgz
2025-04-11T14:45:37.0591640Z npm notice package size: 67.4 kB
2025-04-11T14:45:37.0591980Z npm notice unpacked size: 254.6 kB
2025-04-11T14:45:37.0592400Z npm notice shasum: 2bd7cc8c1a9a735be53c13b8dea58c73900b244a
2025-04-11T14:45:37.0592900Z npm notice integrity: sha512-ZRJB/uoBP8NZY[...]7tvJ9Hd7cpnVA==
2025-04-11T14:45:37.0593260Z npm notice total files: 4
2025-04-11T14:45:37.0593500Z npm notice
2025-04-11T14:45:37.0606410Z npm notice Publishing to https://registry.npmjs.org/ with tag insiders and public access
2025-04-11T14:45:37.8920820Z npm notice publish Signed provenance statement with source and build information from GitHub Actions
2025-04-11T14:45:37.8923700Z npm notice publish Provenance statement published to transparency log: https://search.sigstore.dev/?logIndex=195552790
2025-04-11T14:45:40.2390530Z + @tailwindcss/browser@0.0.0-insiders.6e1f533
2025-04-11T14:45:40.5228810Z npm notice
2025-04-11T14:45:40.5230440Z npm notice ðŸ“¦  @tailwindcss/node@0.0.0-insiders.6e1f533
2025-04-11T14:45:40.5230810Z npm notice Tarball Contents
2025-04-11T14:45:40.5231710Z npm notice 1.1kB LICENSE
2025-04-11T14:45:40.5232020Z npm notice 2.0kB README.md
2025-04-11T14:45:40.5232360Z npm notice 99B dist/esm-cache.loader.d.mts
2025-04-11T14:45:40.5232730Z npm notice 307B dist/esm-cache.loader.mjs
2025-04-11T14:45:40.5233080Z npm notice 3.8kB dist/index.d.mts
2025-04-11T14:45:40.5233400Z npm notice 3.8kB dist/index.d.ts
2025-04-11T14:45:40.5233720Z npm notice 45.3kB dist/index.js
2025-04-11T14:45:40.5234040Z npm notice 44.5kB dist/index.mjs
2025-04-11T14:45:40.5234370Z npm notice 90B dist/require-cache.d.ts
2025-04-11T14:45:40.5234740Z npm notice 579B dist/require-cache.js
2025-04-11T14:45:40.5235050Z npm notice 1.2kB package.json
2025-04-11T14:45:40.5235330Z npm notice Tarball Details
2025-04-11T14:45:40.5235640Z npm notice name: @tailwindcss/node
2025-04-11T14:45:40.5235990Z npm notice version: 0.0.0-insiders.6e1f533
2025-04-11T14:45:40.5236500Z npm notice filename: tailwindcss-node-0.0.0-insiders.6e1f533.tgz
2025-04-11T14:45:40.5236910Z npm notice package size: 33.3 kB
2025-04-11T14:45:40.5237230Z npm notice unpacked size: 102.7 kB
2025-04-11T14:45:40.5237650Z npm notice shasum: 00239593e907cfc996ce0c676bdb125e8aa75f20
2025-04-11T14:45:40.5238140Z npm notice integrity: sha512-802u1/ftdkhv/[...]Y8qSeyZlqE/Sg==
2025-04-11T14:45:40.5238500Z npm notice total files: 11
2025-04-11T14:45:40.5238740Z npm notice
2025-04-11T14:45:40.5248720Z npm notice Publishing to https://registry.npmjs.org/ with tag insiders and public access
2025-04-11T14:45:41.3398240Z npm notice publish Signed provenance statement with source and build information from GitHub Actions
2025-04-11T14:45:41.3403060Z npm notice publish Provenance statement published to transparency log: https://search.sigstore.dev/?logIndex=195552811
2025-04-11T14:45:43.4673670Z + @tailwindcss/node@0.0.0-insiders.6e1f533
2025-04-11T14:45:43.7411630Z npm notice
2025-04-11T14:45:43.7413080Z npm notice ðŸ“¦  @tailwindcss/cli@0.0.0-insiders.6e1f533
2025-04-11T14:45:43.7413570Z npm notice Tarball Contents
2025-04-11T14:45:43.7414620Z npm notice 1.1kB LICENSE
2025-04-11T14:45:43.7414890Z npm notice 2.0kB README.md
2025-04-11T14:45:43.7415190Z npm notice 10.5kB dist/index.mjs
2025-04-11T14:45:43.7415480Z npm notice 1.1kB package.json
2025-04-11T14:45:43.7415770Z npm notice Tarball Details
2025-04-11T14:45:43.7416080Z npm notice name: @tailwindcss/cli
2025-04-11T14:45:43.7416430Z npm notice version: 0.0.0-insiders.6e1f533
2025-04-11T14:45:43.7416900Z npm notice filename: tailwindcss-cli-0.0.0-insiders.6e1f533.tgz
2025-04-11T14:45:43.7417310Z npm notice package size: 6.2 kB
2025-04-11T14:45:43.7417630Z npm notice unpacked size: 14.6 kB
2025-04-11T14:45:43.7418050Z npm notice shasum: cb0e0a614f349e88ff8b6a4b13457d4ac35e2144
2025-04-11T14:45:43.7418550Z npm notice integrity: sha512-HPwmfNVH63PtZ[...]Js5LX7ncv+WSQ==
2025-04-11T14:45:43.7418920Z npm notice total files: 4
2025-04-11T14:45:43.7419150Z npm notice
2025-04-11T14:45:43.7431030Z npm notice Publishing to https://registry.npmjs.org/ with tag insiders and public access
2025-04-11T14:45:44.5489100Z npm notice publish Signed provenance statement with source and build information from GitHub Actions
2025-04-11T14:45:44.5493980Z npm notice publish Provenance statement published to transparency log: https://search.sigstore.dev/?logIndex=195552848
2025-04-11T14:45:46.7604540Z + @tailwindcss/cli@0.0.0-insiders.6e1f533
2025-04-11T14:45:46.9986610Z npm notice
2025-04-11T14:45:46.9988070Z npm notice ðŸ“¦  @tailwindcss/postcss@0.0.0-insiders.6e1f533
2025-04-11T14:45:46.9988550Z npm notice Tarball Contents
2025-04-11T14:45:46.9989620Z npm notice 1.1kB LICENSE
2025-04-11T14:45:46.9989920Z npm notice 2.0kB README.md
2025-04-11T14:45:46.9990220Z npm notice 254B dist/index.d.mts
2025-04-11T14:45:46.9990540Z npm notice 221B dist/index.d.ts
2025-04-11T14:45:46.9990850Z npm notice 38.4kB dist/index.js
2025-04-11T14:45:46.9991150Z npm notice 37.7kB dist/index.mjs
2025-04-11T14:45:46.9991810Z npm notice 1.3kB package.json
2025-04-11T14:45:46.9992120Z npm notice Tarball Details
2025-04-11T14:45:46.9992450Z npm notice name: @tailwindcss/postcss
2025-04-11T14:45:46.9992820Z npm notice version: 0.0.0-insiders.6e1f533
2025-04-11T14:45:46.9993310Z npm notice filename: tailwindcss-postcss-0.0.0-insiders.6e1f533.tgz
2025-04-11T14:45:46.9993740Z npm notice package size: 26.1 kB
2025-04-11T14:45:46.9994060Z npm notice unpacked size: 80.9 kB
2025-04-11T14:45:46.9994480Z npm notice shasum: bebf70d3d7d24fdcc8c73b5ba9551e3c5638bd4a
2025-04-11T14:45:46.9994990Z npm notice integrity: sha512-N4llVvAoTuSdS[...]r2Cx51J/pKZqA==
2025-04-11T14:45:46.9995350Z npm notice total files: 7
2025-04-11T14:45:46.9995590Z npm notice
2025-04-11T14:45:47.0006480Z npm notice Publishing to https://registry.npmjs.org/ with tag insiders and public access
2025-04-11T14:45:47.9110920Z npm notice publish Signed provenance statement with source and build information from GitHub Actions
2025-04-11T14:45:47.9116070Z npm notice publish Provenance statement published to transparency log: https://search.sigstore.dev/?logIndex=195552887
2025-04-11T14:45:50.1410070Z + @tailwindcss/postcss@0.0.0-insiders.6e1f533
2025-04-11T14:45:50.4170680Z npm notice
2025-04-11T14:45:50.4172110Z npm notice ðŸ“¦  @tailwindcss/upgrade@0.0.0-insiders.6e1f533
2025-04-11T14:45:50.4172980Z npm notice Tarball Contents
2025-04-11T14:45:50.4174140Z npm notice 1.1kB LICENSE
2025-04-11T14:45:50.4174440Z npm notice 2.0kB README.md
2025-04-11T14:45:50.4174750Z npm notice 150.1kB dist/index.mjs
2025-04-11T14:45:50.4175050Z npm notice 1.4kB package.json
2025-04-11T14:45:50.4175340Z npm notice Tarball Details
2025-04-11T14:45:50.4175660Z npm notice name: @tailwindcss/upgrade
2025-04-11T14:45:50.4176020Z npm notice version: 0.0.0-insiders.6e1f533
2025-04-11T14:45:50.4176520Z npm notice filename: tailwindcss-upgrade-0.0.0-insiders.6e1f533.tgz
2025-04-11T14:45:50.4176950Z npm notice package size: 48.5 kB
2025-04-11T14:45:50.4177280Z npm notice unpacked size: 154.6 kB
2025-04-11T14:45:50.4177740Z npm notice shasum: 6a9e601099abfeb323b1a92af47f5a387461da91
2025-04-11T14:45:50.4178240Z npm notice integrity: sha512-wNcVLVbQl2C9f[...]GMro9zrBR1fVg==
2025-04-11T14:45:50.4178610Z npm notice total files: 4
2025-04-11T14:45:50.4178850Z npm notice
2025-04-11T14:45:50.4191430Z npm notice Publishing to https://registry.npmjs.org/ with tag insiders and public access
2025-04-11T14:45:51.2200190Z npm notice publish Signed provenance statement with source and build information from GitHub Actions
2025-04-11T14:45:51.2205070Z npm notice publish Provenance statement published to transparency log: https://search.sigstore.dev/?logIndex=195552930
2025-04-11T14:45:53.0235440Z + @tailwindcss/upgrade@0.0.0-insiders.6e1f533
2025-04-11T14:45:53.2874150Z npm notice
2025-04-11T14:45:53.2875900Z npm notice ðŸ“¦  @tailwindcss/vite@0.0.0-insiders.6e1f533
2025-04-11T14:45:53.2876460Z npm notice Tarball Contents
2025-04-11T14:45:53.2877250Z npm notice 1.1kB LICENSE
2025-04-11T14:45:53.2877520Z npm notice 2.0kB README.md
2025-04-11T14:45:53.2878080Z npm notice 110B dist/index.d.mts
2025-04-11T14:45:53.2878400Z npm notice 5.2kB dist/index.mjs
2025-04-11T14:45:53.2878690Z npm notice 1.0kB package.json
2025-04-11T14:45:53.2878970Z npm notice Tarball Details
2025-04-11T14:45:53.2879290Z npm notice name: @tailwindcss/vite
2025-04-11T14:45:53.2879650Z npm notice version: 0.0.0-insiders.6e1f533
2025-04-11T14:45:53.2880130Z npm notice filename: tailwindcss-vite-0.0.0-insiders.6e1f533.tgz
2025-04-11T14:45:53.2880530Z npm notice package size: 4.2 kB
2025-04-11T14:45:53.2880850Z npm notice unpacked size: 9.4 kB
2025-04-11T14:45:53.2881270Z npm notice shasum: 5264c7aa01a8106905acf5e3357fc59d57d667b8
2025-04-11T14:45:53.2881770Z npm notice integrity: sha512-6X+pa2MGCu6Hj[...]PBeYHpXHHFj2g==
2025-04-11T14:45:53.2882130Z npm notice total files: 5
2025-04-11T14:45:53.2882360Z npm notice
2025-04-11T14:45:53.2893520Z npm notice Publishing to https://registry.npmjs.org/ with tag insiders and public access
2025-04-11T14:45:54.1119990Z npm notice publish Signed provenance statement with source and build information from GitHub Actions
2025-04-11T14:45:54.1125150Z npm notice publish Provenance statement published to transparency log: https://search.sigstore.dev/?logIndex=195552968
2025-04-11T14:45:56.3265460Z + @tailwindcss/vite@0.0.0-insiders.6e1f533
2025-04-11T14:45:56.3644100Z ##[group]Run actions/github-script@v7
2025-04-11T14:45:56.3644670Z with:
2025-04-11T14:45:56.3646140Z   github-token: ***
2025-04-11T14:45:56.3647370Z   script: await github.rest.actions.createWorkflowDispatch({
  owner: 'tailwindlabs',
  repo: 'play.tailwindcss.com',
  ref: 'master',
  workflow_id: 'upgrade-tailwindcss.yml'
})

2025-04-11T14:45:56.3648580Z   debug: false
2025-04-11T14:45:56.3649010Z   user-agent: actions/github-script
2025-04-11T14:45:56.3649550Z   result-encoding: json
2025-04-11T14:45:56.3649970Z   retries: 0
2025-04-11T14:45:56.3650440Z   retry-exempt-status-codes: 400,401,403,404,422
2025-04-11T14:45:56.3651010Z env:
2025-04-11T14:45:56.3651400Z   APP_NAME: tailwindcss-oxide
2025-04-11T14:45:56.3651910Z   NODE_VERSION: 20
2025-04-11T14:45:56.3652500Z   OXIDE_LOCATION: ./crates/node
2025-04-11T14:45:56.3653010Z   RELEASE_CHANNEL: insiders
2025-04-11T14:45:56.3653480Z   SHA_SHORT: 6e1f533
2025-04-11T14:45:56.3654080Z   PNPM_HOME: /Users/runner/setup-pnpm/node_modules/.bin
2025-04-11T14:45:56.3654820Z   NPM_CONFIG_USERCONFIG: /Users/runner/work/_temp/.npmrc
2025-04-11T14:45:56.3655480Z   NODE_AUTH_TOKEN: XXXXX-XXXXX-XXXXX-XXXXX
2025-04-11T14:45:56.3656030Z ##[endgroup]
2025-04-11T14:45:57.3261440Z Post job cleanup.
2025-04-11T14:45:57.4475050Z Cache hit occurred on the primary key macOS--oxide-76b59d46a9be6d8117f0d7126b35767e9e1e1d5e87ebe7ff488eb9a23a7305be, not saving cache.
2025-04-11T14:45:57.8446270Z Post job cleanup.
2025-04-11T14:45:57.9652620Z Cache hit occurred on the primary key macOS--cargo-b50935dc9b0ad9804b0fa87450584e62e2e8a0806a7e7799acd6360ec106e712, not saving cache.
2025-04-11T14:45:57.9746310Z Post job cleanup.
2025-04-11T14:45:58.1010770Z Cache hit occurred on the primary key node-cache-macOS-arm64-pnpm-294c6a186b4dfc4d46572d22eb6239058f1940e941cb83127155bef3427f7073, not saving cache.
2025-04-11T14:45:58.1061940Z Post job cleanup.
2025-04-11T14:45:58.1666540Z Pruning is unnecessary.
2025-04-11T14:45:58.1749720Z Post job cleanup.
2025-04-11T14:45:58.2588900Z [command]/opt/homebrew/bin/git version
2025-04-11T14:45:58.2787700Z git version 2.49.0
2025-04-11T14:45:58.2808640Z Copying '/Users/runner/.gitconfig' to '/Users/runner/work/_temp/5302122d-2006-485a-8e51-fbb5a9caa5d3/.gitconfig'
2025-04-11T14:45:58.2818480Z Temporarily overriding HOME='/Users/runner/work/_temp/5302122d-2006-485a-8e51-fbb5a9caa5d3' before making global git config changes
2025-04-11T14:45:58.2819300Z Adding repository directory to the temporary git global config as a safe directory
2025-04-11T14:45:58.2822280Z [command]/opt/homebrew/bin/git config --global --add safe.directory /Users/runner/work/tailwindcss/tailwindcss
2025-04-11T14:45:58.2902090Z [command]/opt/homebrew/bin/git config --local --name-only --get-regexp core\.sshCommand
2025-04-11T14:45:58.2941340Z [command]/opt/homebrew/bin/git submodule foreach --recursive sh -c "git config --local --name-only --get-regexp 'core\.sshCommand' && git config --local --unset-all 'core.sshCommand' || :"
2025-04-11T14:45:58.3537880Z [command]/opt/homebrew/bin/git config --local --name-only --get-regexp http\.https\:\/\/github\.com\/\.extraheader
2025-04-11T14:45:58.3579640Z http.https://github.com/.extraheader
2025-04-11T14:45:58.3589280Z [command]/opt/homebrew/bin/git config --local --unset-all http.https://github.com/.extraheader
2025-04-11T14:45:58.3643610Z [command]/opt/homebrew/bin/git submodule foreach --recursive sh -c "git config --local --name-only --get-regexp 'http\.https\:\/\/github\.com\/\.extraheader' && git config --local --unset-all 'http.https://github.com/.extraheader' || :"
2025-04-11T14:45:58.4240830Z Cleaning up orphan processes
