2025-04-15T09:00:16.1198385Z Requested labels: ubuntu-latest
2025-04-15T09:00:16.1198645Z Job defined at: cockroachdb/cockroach/.github/workflows/code-cover-publish.yaml@refs/heads/master
2025-04-15T09:00:16.1198742Z Waiting for a runner to pick up this job...
2025-04-15T09:00:16.6277118Z Job is waiting for a hosted runner to come online.
2025-04-15T09:00:19.3461668Z Job is about to start running on the hosted runner: GitHub Actions 283 (hosted)
2025-04-15T09:00:21.0417814Z Current runner version: '2.323.0'
2025-04-15T09:00:21.0444450Z ##[group]Operating System
2025-04-15T09:00:21.0445392Z Ubuntu
2025-04-15T09:00:21.0445902Z 24.04.2
2025-04-15T09:00:21.0446403Z LTS
2025-04-15T09:00:21.0446991Z ##[endgroup]
2025-04-15T09:00:21.0447555Z ##[group]Runner Image
2025-04-15T09:00:21.0448182Z Image: ubuntu-24.04
2025-04-15T09:00:21.0448753Z Version: 20250406.1.0
2025-04-15T09:00:21.0449804Z Included Software: https://github.com/actions/runner-images/blob/ubuntu24/20250406.1/images/ubuntu/Ubuntu2404-Readme.md
2025-04-15T09:00:21.0451321Z Image Release: https://github.com/actions/runner-images/releases/tag/ubuntu24%2F20250406.1
2025-04-15T09:00:21.0452257Z ##[endgroup]
2025-04-15T09:00:21.0452828Z ##[group]Runner Image Provisioner
2025-04-15T09:00:21.0453505Z 2.0.422.1
2025-04-15T09:00:21.0454021Z ##[endgroup]
2025-04-15T09:00:21.0456828Z ##[group]GITHUB_TOKEN Permissions
2025-04-15T09:00:21.0458780Z Actions: write
2025-04-15T09:00:21.0459651Z Attestations: write
2025-04-15T09:00:21.0460291Z Checks: write
2025-04-15T09:00:21.0460865Z Contents: write
2025-04-15T09:00:21.0461453Z Deployments: write
2025-04-15T09:00:21.0462005Z Discussions: write
2025-04-15T09:00:21.0462618Z Issues: write
2025-04-15T09:00:21.0463138Z Metadata: read
2025-04-15T09:00:21.0463648Z Models: read
2025-04-15T09:00:21.0464462Z Packages: write
2025-04-15T09:00:21.0465077Z Pages: write
2025-04-15T09:00:21.0465701Z PullRequests: write
2025-04-15T09:00:21.0466283Z RepositoryProjects: write
2025-04-15T09:00:21.0466881Z SecurityEvents: write
2025-04-15T09:00:21.0467517Z Statuses: write
2025-04-15T09:00:21.0468044Z ##[endgroup]
2025-04-15T09:00:21.0470876Z Secret source: Actions
2025-04-15T09:00:21.0471870Z Prepare workflow directory
2025-04-15T09:00:21.0786687Z Prepare all required actions
2025-04-15T09:00:21.0823013Z Getting action download info
2025-04-15T09:00:21.3836048Z ##[group]Download immutable action package 'actions/github-script@v7.0.1'
2025-04-15T09:00:21.3837121Z Version: 7.0.1
2025-04-15T09:00:21.3838041Z Digest: sha256:bce02966afe3a75123f766b765abe432fac5464b74976015dc06b811ac9054c7
2025-04-15T09:00:21.3839229Z Source commit SHA: 60a0d83039c74a4aee543508d2ffcb1c3799cdea
2025-04-15T09:00:21.3839923Z ##[endgroup]
2025-04-15T09:00:21.5988389Z ##[group]Download immutable action package 'google-github-actions/auth@v1'
2025-04-15T09:00:21.5989233Z Version: 1.3.0
2025-04-15T09:00:21.5989952Z Digest: sha256:05f73dc64b896d1bff766960308ca552118c7016ffeebc91b3a234cf215a6ad5
2025-04-15T09:00:21.5990902Z Source commit SHA: 3a3c4c57d294ef65efaaee4ff17b22fa88dd3c69
2025-04-15T09:00:21.5991591Z ##[endgroup]
2025-04-15T09:00:21.8854604Z ##[group]Download immutable action package 'google-github-actions/upload-cloud-storage@v1'
2025-04-15T09:00:21.8855551Z Version: 1.0.3
2025-04-15T09:00:21.8856234Z Digest: sha256:522ede2cbe07c141d5bd3b1e47b6a6c79b0f99b5e208683beb52826c7a04d5c0
2025-04-15T09:00:21.8857144Z Source commit SHA: e95a15f226403ed658d3e65f40205649f342ba2c
2025-04-15T09:00:21.8857827Z ##[endgroup]
2025-04-15T09:00:22.6428032Z Complete job name: code-cover-publish
2025-04-15T09:00:22.7283502Z ##[group]Run actions/github-script@v7.0.1
2025-04-15T09:00:22.7285330Z with:
2025-04-15T09:00:22.7292184Z   script: var artifacts = await github.rest.actions.listWorkflowRunArtifacts({
   owner: context.repo.owner,
   repo: context.repo.repo,
   run_id: 14465463519,
});
var matchArtifact = artifacts.data.artifacts.filter((artifact) => {
  return artifact.name == "cover"
})[0];
var download = await github.rest.actions.downloadArtifact({
   owner: context.repo.owner,
   repo: context.repo.repo,
   artifact_id: matchArtifact.id,
   archive_format: 'zip',
});
var fs = require('fs');
fs.writeFileSync('/home/runner/work/cockroach/cockroach/cover.zip', Buffer.from(download.data));

2025-04-15T09:00:22.7299768Z   github-token: ***
2025-04-15T09:00:22.7300642Z   debug: false
2025-04-15T09:00:22.7301541Z   user-agent: actions/github-script
2025-04-15T09:00:22.7302619Z   result-encoding: json
2025-04-15T09:00:22.7303522Z   retries: 0
2025-04-15T09:00:22.7305015Z   retry-exempt-status-codes: 400,401,403,404,422
2025-04-15T09:00:22.7306521Z ##[endgroup]
2025-04-15T09:00:23.2561735Z ##[group]Run mkdir -p cover
2025-04-15T09:00:23.2562844Z [36;1mmkdir -p cover[0m
2025-04-15T09:00:23.2563827Z [36;1munzip cover.zip -d cover[0m
2025-04-15T09:00:23.2617680Z shell: /usr/bin/bash -e {0}
2025-04-15T09:00:23.2618732Z ##[endgroup]
2025-04-15T09:00:23.2938222Z Archive:  cover.zip
2025-04-15T09:00:23.2939835Z   inflating: cover/cover-144459-074294d26ae21503dba61dada0dcc011bef6929b.json  
2025-04-15T09:00:23.2941878Z   inflating: cover/cover-144459-ae06933291bb0474a1b0fcef29b81720d99c5165.json  
2025-04-15T09:00:23.3198058Z ##[group]Run google-github-actions/auth@v1
2025-04-15T09:00:23.3199212Z with:
2025-04-15T09:00:23.3232748Z   credentials_json: ***
2025-04-15T09:00:23.3233732Z   create_credentials_file: true
2025-04-15T09:00:23.3234865Z   export_environment_variables: true
2025-04-15T09:00:23.3235970Z   cleanup_credentials: true
2025-04-15T09:00:23.3236963Z   access_token_lifetime: 3600s
2025-04-15T09:00:23.3238329Z   access_token_scopes: https://www.googleapis.com/auth/cloud-platform
2025-04-15T09:00:23.3239719Z   retries: 3
2025-04-15T09:00:23.3240522Z   backoff: 250
2025-04-15T09:00:23.3241371Z   id_token_include_email: false
2025-04-15T09:00:23.3242355Z ##[endgroup]
2025-04-15T09:00:23.4089853Z Created credentials file at "/home/runner/work/cockroach/cockroach/gha-creds-83a6733fc105ef73.json"
2025-04-15T09:00:23.4251059Z ##[group]Run google-github-actions/upload-cloud-storage@v1
2025-04-15T09:00:23.4252317Z with:
2025-04-15T09:00:23.4253050Z   path: cover
2025-04-15T09:00:23.4253841Z   glob: **/cover-*.json
2025-04-15T09:00:23.4255020Z   parent: false
2025-04-15T09:00:23.4255966Z   destination: crl-codecover-public/pr-cockroach/
2025-04-15T09:00:23.4257129Z   process_gcloudignore: false
2025-04-15T09:00:23.4258055Z   gzip: true
2025-04-15T09:00:23.4258814Z   resumable: true
2025-04-15T09:00:23.4259628Z   concurrency: 100
2025-04-15T09:00:23.4260424Z env:
2025-04-15T09:00:23.4262037Z   CLOUDSDK_AUTH_CREDENTIAL_FILE_OVERRIDE: /home/runner/work/cockroach/cockroach/gha-creds-83a6733fc105ef73.json
2025-04-15T09:00:23.4264881Z   GOOGLE_APPLICATION_CREDENTIALS: /home/runner/work/cockroach/cockroach/gha-creds-83a6733fc105ef73.json
2025-04-15T09:00:23.4267285Z   GOOGLE_GHA_CREDS_PATH: /home/runner/work/cockroach/cockroach/gha-creds-83a6733fc105ef73.json
2025-04-15T09:00:23.4269021Z   CLOUDSDK_CORE_PROJECT: dev-inf-prod
2025-04-15T09:00:23.4270077Z   CLOUDSDK_PROJECT: dev-inf-prod
2025-04-15T09:00:23.4271060Z   GCLOUD_PROJECT: dev-inf-prod
2025-04-15T09:00:23.4272015Z   GCP_PROJECT: dev-inf-prod
2025-04-15T09:00:23.4272954Z   GOOGLE_CLOUD_PROJECT: dev-inf-prod
2025-04-15T09:00:23.4273933Z ##[endgroup]
2025-04-15T09:00:23.5486651Z ##[group]Upload files
2025-04-15T09:00:23.5506732Z Uploading /home/runner/work/cockroach/cockroach/cover/cover-144459-ae06933291bb0474a1b0fcef29b81720d99c5165.json to gs://crl-codecover-public/pr-cockroach/cover-144459-ae06933291bb0474a1b0fcef29b81720d99c5165.json
2025-04-15T09:00:23.5532881Z Uploading /home/runner/work/cockroach/cockroach/cover/cover-144459-074294d26ae21503dba61dada0dcc011bef6929b.json to gs://crl-codecover-public/pr-cockroach/cover-144459-074294d26ae21503dba61dada0dcc011bef6929b.json
2025-04-15T09:00:23.9304667Z ##[endgroup]
2025-04-15T09:00:23.9434830Z ##[group]Run curl -X GET 'https://nosnch.in/c2d75963ee' -d 'message=Code coverage uploaded to GCS'
2025-04-15T09:00:23.9437129Z [36;1mcurl -X GET 'https://nosnch.in/c2d75963ee' -d 'message=Code coverage uploaded to GCS'[0m
2025-04-15T09:00:23.9488589Z shell: /usr/bin/bash -e {0}
2025-04-15T09:00:23.9489491Z env:
2025-04-15T09:00:23.9491065Z   CLOUDSDK_AUTH_CREDENTIAL_FILE_OVERRIDE: /home/runner/work/cockroach/cockroach/gha-creds-83a6733fc105ef73.json
2025-04-15T09:00:23.9493666Z   GOOGLE_APPLICATION_CREDENTIALS: /home/runner/work/cockroach/cockroach/gha-creds-83a6733fc105ef73.json
2025-04-15T09:00:23.9496266Z   GOOGLE_GHA_CREDS_PATH: /home/runner/work/cockroach/cockroach/gha-creds-83a6733fc105ef73.json
2025-04-15T09:00:23.9498157Z   CLOUDSDK_CORE_PROJECT: dev-inf-prod
2025-04-15T09:00:23.9499208Z   CLOUDSDK_PROJECT: dev-inf-prod
2025-04-15T09:00:23.9500209Z   GCLOUD_PROJECT: dev-inf-prod
2025-04-15T09:00:23.9501175Z   GCP_PROJECT: dev-inf-prod
2025-04-15T09:00:23.9502173Z   GOOGLE_CLOUD_PROJECT: dev-inf-prod
2025-04-15T09:00:23.9503146Z ##[endgroup]
2025-04-15T09:00:23.9637852Z   % Total    % Received % Xferd  Average Speed   Time    Time     Time  Current
2025-04-15T09:00:23.9640345Z                                  Dload  Upload   Total   Spent    Left  Speed
2025-04-15T09:00:23.9641276Z 
2025-04-15T09:00:24.0059951Z   0     0    0     0    0     0      0      0 --:--:-- --:--:-- --:--:--     0
2025-04-15T09:00:24.0239228Z   0     0    0     0    0     0      0      0 --:--:-- --:--:-- --:--:--     0
2025-04-15T09:00:24.0241623Z 100    53  100    16  100    37    265    612 --:--:-- --:--:-- --:--:--   868
2025-04-15T09:00:24.0245788Z Got it, thanks!
2025-04-15T09:00:24.0413328Z Post job cleanup.
2025-04-15T09:00:24.1246849Z Removed exported credentials at "/home/runner/work/cockroach/cockroach/gha-creds-83a6733fc105ef73.json".
2025-04-15T09:00:24.1346726Z Cleaning up orphan processes
