2025-03-31T14:41:38.4199493Z Requested labels: ubuntu-latest
2025-03-31T14:41:38.4199890Z Job defined at: danielmiessler/fabric/.github/workflows/ci.yml@refs/heads/main
2025-03-31T14:41:38.4200027Z Waiting for a runner to pick up this job...
2025-03-31T14:41:39.9641805Z Job is waiting for a hosted runner to come online.
2025-03-31T14:41:42.8230546Z Job is about to start running on the hosted runner: GitHub Actions 3 (hosted)
2025-03-31T14:41:44.2883289Z Current runner version: '2.323.0'
2025-03-31T14:41:44.2908975Z ##[group]Operating System
2025-03-31T14:41:44.2909870Z Ubuntu
2025-03-31T14:41:44.2910407Z 24.04.2
2025-03-31T14:41:44.2910960Z LTS
2025-03-31T14:41:44.2911423Z ##[endgroup]
2025-03-31T14:41:44.2911964Z ##[group]Runner Image
2025-03-31T14:41:44.2912587Z Image: ubuntu-24.04
2025-03-31T14:41:44.2913144Z Version: 20250323.1.0
2025-03-31T14:41:44.2914354Z Included Software: https://github.com/actions/runner-images/blob/ubuntu24/20250323.1/images/ubuntu/Ubuntu2404-Readme.md
2025-03-31T14:41:44.2915739Z Image Release: https://github.com/actions/runner-images/releases/tag/ubuntu24%2F20250323.1
2025-03-31T14:41:44.2916710Z ##[endgroup]
2025-03-31T14:41:44.2917270Z ##[group]Runner Image Provisioner
2025-03-31T14:41:44.2917924Z 2.0.422.1
2025-03-31T14:41:44.2918453Z ##[endgroup]
2025-03-31T14:41:44.2919494Z ##[group]GITHUB_TOKEN Permissions
2025-03-31T14:41:44.2921470Z Contents: read
2025-03-31T14:41:44.2922058Z Metadata: read
2025-03-31T14:41:44.2922819Z ##[endgroup]
2025-03-31T14:41:44.2926246Z Secret source: Actions
2025-03-31T14:41:44.2927377Z Prepare workflow directory
2025-03-31T14:41:44.3236287Z Prepare all required actions
2025-03-31T14:41:44.3271874Z Getting action download info
2025-03-31T14:41:44.5338707Z ##[group]Download immutable action package 'actions/checkout@v4'
2025-03-31T14:41:44.5339783Z Version: 4.2.2
2025-03-31T14:41:44.5340737Z Digest: sha256:ccb2698953eaebd21c7bf6268a94f9c26518a7e38e27e0b83c1fe1ad049819b1
2025-03-31T14:41:44.5341978Z Source commit SHA: 11bd71901bbe5b1630ceea73d27597364c9af683
2025-03-31T14:41:44.5342752Z ##[endgroup]
2025-03-31T14:41:44.6280888Z Download action repository 'DeterminateSystems/nix-installer-action@main' (SHA:28aa4ed62ffda8c79124a2ce4318151eb8ba015e)
2025-03-31T14:41:44.8675574Z ##[group]Download immutable action package 'actions/setup-go@v4'
2025-03-31T14:41:44.8676266Z Version: 4.1.0
2025-03-31T14:41:44.8676932Z Digest: sha256:09aaaf8fb6875b4e58e0f90678c75c7669576304817a0280ece175e437c929c7
2025-03-31T14:41:44.8677804Z Source commit SHA: 93397bea11091df50f3d7e59dc26a7711a8bcfbe
2025-03-31T14:41:44.8678419Z ##[endgroup]
2025-03-31T14:41:45.1375036Z Complete job name: Run tests
2025-03-31T14:41:45.2056474Z ##[group]Run actions/checkout@v4
2025-03-31T14:41:45.2057324Z with:
2025-03-31T14:41:45.2057754Z   repository: danielmiessler/fabric
2025-03-31T14:41:45.2058429Z   token: ***
2025-03-31T14:41:45.2058836Z   ssh-strict: true
2025-03-31T14:41:45.2059236Z   ssh-user: git
2025-03-31T14:41:45.2059678Z   persist-credentials: true
2025-03-31T14:41:45.2060147Z   clean: true
2025-03-31T14:41:45.2060562Z   sparse-checkout-cone-mode: true
2025-03-31T14:41:45.2061057Z   fetch-depth: 1
2025-03-31T14:41:45.2061450Z   fetch-tags: false
2025-03-31T14:41:45.2061860Z   show-progress: true
2025-03-31T14:41:45.2062293Z   lfs: false
2025-03-31T14:41:45.2062676Z   submodules: false
2025-03-31T14:41:45.2063104Z   set-safe-directory: true
2025-03-31T14:41:45.2063970Z ##[endgroup]
2025-03-31T14:41:45.3941914Z Syncing repository: danielmiessler/fabric
2025-03-31T14:41:45.3943624Z ##[group]Getting Git version info
2025-03-31T14:41:45.3944473Z Working directory is '/home/runner/work/fabric/fabric'
2025-03-31T14:41:45.3945473Z [command]/usr/bin/git version
2025-03-31T14:41:45.4043909Z git version 2.49.0
2025-03-31T14:41:45.4071217Z ##[endgroup]
2025-03-31T14:41:45.4084548Z Temporarily overriding HOME='/home/runner/work/_temp/9abc17ef-d163-494b-83af-d2dfb28ef194' before making global git config changes
2025-03-31T14:41:45.4086664Z Adding repository directory to the temporary git global config as a safe directory
2025-03-31T14:41:45.4095994Z [command]/usr/bin/git config --global --add safe.directory /home/runner/work/fabric/fabric
2025-03-31T14:41:45.4132430Z Deleting the contents of '/home/runner/work/fabric/fabric'
2025-03-31T14:41:45.4136813Z ##[group]Initializing the repository
2025-03-31T14:41:45.4140452Z [command]/usr/bin/git init /home/runner/work/fabric/fabric
2025-03-31T14:41:45.4221182Z hint: Using 'master' as the name for the initial branch. This default branch name
2025-03-31T14:41:45.4222513Z hint: is subject to change. To configure the initial branch name to use in all
2025-03-31T14:41:45.4223419Z hint: of your new repositories, which will suppress this warning, call:
2025-03-31T14:41:45.4224231Z hint:
2025-03-31T14:41:45.4224708Z hint: 	git config --global init.defaultBranch <name>
2025-03-31T14:41:45.4225276Z hint:
2025-03-31T14:41:45.4225815Z hint: Names commonly chosen instead of 'master' are 'main', 'trunk' and
2025-03-31T14:41:45.4226708Z hint: 'development'. The just-created branch can be renamed via this command:
2025-03-31T14:41:45.4227392Z hint:
2025-03-31T14:41:45.4227779Z hint: 	git branch -m <name>
2025-03-31T14:41:45.4230203Z Initialized empty Git repository in /home/runner/work/fabric/fabric/.git/
2025-03-31T14:41:45.4241109Z [command]/usr/bin/git remote add origin https://github.com/danielmiessler/fabric
2025-03-31T14:41:45.4295359Z ##[endgroup]
2025-03-31T14:41:45.4296555Z ##[group]Disabling automatic garbage collection
2025-03-31T14:41:45.4300140Z [command]/usr/bin/git config --local gc.auto 0
2025-03-31T14:41:45.4331653Z ##[endgroup]
2025-03-31T14:41:45.4332914Z ##[group]Setting up auth
2025-03-31T14:41:45.4338886Z [command]/usr/bin/git config --local --name-only --get-regexp core\.sshCommand
2025-03-31T14:41:45.4371162Z [command]/usr/bin/git submodule foreach --recursive sh -c "git config --local --name-only --get-regexp 'core\.sshCommand' && git config --local --unset-all 'core.sshCommand' || :"
2025-03-31T14:41:45.4723416Z [command]/usr/bin/git config --local --name-only --get-regexp http\.https\:\/\/github\.com\/\.extraheader
2025-03-31T14:41:45.4758199Z [command]/usr/bin/git submodule foreach --recursive sh -c "git config --local --name-only --get-regexp 'http\.https\:\/\/github\.com\/\.extraheader' && git config --local --unset-all 'http.https://github.com/.extraheader' || :"
2025-03-31T14:41:45.4986973Z [command]/usr/bin/git config --local http.https://github.com/.extraheader AUTHORIZATION: basic ***
2025-03-31T14:41:45.5025614Z ##[endgroup]
2025-03-31T14:41:45.5026876Z ##[group]Fetching the repository
2025-03-31T14:41:45.5036887Z [command]/usr/bin/git -c protocol.version=2 fetch --no-tags --prune --no-recurse-submodules --depth=1 origin +0f8f0b6b39217f5e0c45a78f36e37e432568f98d:refs/remotes/origin/main
2025-03-31T14:41:46.5304334Z From https://github.com/danielmiessler/fabric
2025-03-31T14:41:46.5306085Z  * [new ref]         0f8f0b6b39217f5e0c45a78f36e37e432568f98d -> origin/main
2025-03-31T14:41:46.5337268Z ##[endgroup]
2025-03-31T14:41:46.5338590Z ##[group]Determining the checkout info
2025-03-31T14:41:46.5340052Z ##[endgroup]
2025-03-31T14:41:46.5345213Z [command]/usr/bin/git sparse-checkout disable
2025-03-31T14:41:46.5389898Z [command]/usr/bin/git config --local --unset-all extensions.worktreeConfig
2025-03-31T14:41:46.5419308Z ##[group]Checking out the ref
2025-03-31T14:41:46.5424507Z [command]/usr/bin/git checkout --progress --force -B main refs/remotes/origin/main
2025-03-31T14:41:47.0085880Z Switched to a new branch 'main'
2025-03-31T14:41:47.0086801Z branch 'main' set up to track 'origin/main'.
2025-03-31T14:41:47.0110270Z ##[endgroup]
2025-03-31T14:41:47.0150580Z [command]/usr/bin/git log -1 --format=%H
2025-03-31T14:41:47.0173635Z 0f8f0b6b39217f5e0c45a78f36e37e432568f98d
2025-03-31T14:41:47.0512590Z ##[group]Run DeterminateSystems/nix-installer-action@main
2025-03-31T14:41:47.0513100Z with:
2025-03-31T14:41:47.0513362Z   determinate: false
2025-03-31T14:41:47.0513648Z   flakehub: false
2025-03-31T14:41:47.0514132Z   force-docker-shim: false
2025-03-31T14:41:47.0514632Z   github-token: ***
2025-03-31T14:41:47.0514948Z   github-server-url: https://github.com
2025-03-31T14:41:47.0515315Z   job-status: success
2025-03-31T14:41:47.0515592Z   kvm: true
2025-03-31T14:41:47.0515848Z   modify-profile: true
2025-03-31T14:41:47.0516140Z   reinstall: false
2025-03-31T14:41:47.0516413Z   start-daemon: true
2025-03-31T14:41:47.0516732Z   diagnostic-endpoint: -
2025-03-31T14:41:47.0517048Z   trust-runner-user: true
2025-03-31T14:41:47.0517564Z   _internal-strict-mode: false
2025-03-31T14:41:47.0517891Z ##[endgroup]
2025-03-31T14:41:48.0077169Z [0;31m[1m[4mDeterminate Systems, Inc. Status
2025-03-31T14:41:48.0079055Z üîµ monitoring: FlakeHub.com flake status badges are unavailable. (https://status.determinate.systems/incidents/d3b01872-0b21-4423-b28d-c3cb2a081446)
2025-03-31T14:41:48.0080421Z See: https://status.determinate.systems/
2025-03-31T14:41:48.0080829Z 
2025-03-31T14:41:48.0157018Z ##[group]Configuring KVM
2025-03-31T14:41:48.0642065Z ##[endgroup]
2025-03-31T14:41:48.0643026Z [32m Accelerated KVM is enabled [33m‚ö°Ô∏è
2025-03-31T14:41:48.0643537Z ##[group]Installing Nix
2025-03-31T14:41:48.0645169Z ##[group]Downloading nix-installer for x86_64-linux
2025-03-31T14:41:48.0646496Z Fetching from https://us-east-2.swim.install.determinate.systems/nix-installer/stable/x86_64-linux
2025-03-31T14:41:48.4381058Z Cache hit for: determinatesystem-nix-installer-x86_64-linux-da82121f5e3fce624104fd76cfd69e71-8
2025-03-31T14:41:48.8301341Z Received 38032249 of 38032249 (100.0%), 109.9 MBs/sec
2025-03-31T14:41:48.8302118Z Cache Size: ~36 MB (38032249 B)
2025-03-31T14:41:48.8330694Z [command]/usr/bin/tar -xf /home/runner/work/_temp/939247a5-b45a-4db7-92a8-d590f5b36f92/cache.tzst -P -C /home/runner/work/_temp/nix-installer-7ea3fdf2-332a-4bcc-a6f5-bef6412797ab --use-compress-program unzstd
2025-03-31T14:41:48.9396450Z Cache restored successfully
2025-03-31T14:41:48.9494896Z ##[endgroup]
2025-03-31T14:41:48.9509664Z [command]/home/runner/work/_temp/nix-installer-7ea3fdf2-332a-4bcc-a6f5-bef6412797ab/nix-installer install linux
2025-03-31T14:41:48.9573042Z  INFO nix-installer v3.1.1
2025-03-31T14:41:49.1701796Z [2m[33m`nix-installer` needs to run as `root`, attempting to escalate now via `sudo`...[39m[0m
2025-03-31T14:41:49.1815966Z  INFO nix-installer v3.1.1
2025-03-31T14:41:49.4509159Z  INFO Step: Create directory `/nix`
2025-03-31T14:41:49.4510132Z  INFO Step: Provision Nix
2025-03-31T14:41:51.4361808Z  INFO Step: Create build users (UID 30001-30032) and group (GID 30000)
2025-03-31T14:41:52.2294574Z  INFO Step: Configure Nix
2025-03-31T14:41:52.4642057Z  INFO Step: Create directory `/etc/tmpfiles.d`
2025-03-31T14:41:52.4642664Z  INFO Step: Configure upstream Nix daemon service
2025-03-31T14:41:52.9885798Z  INFO Step: Remove directory `/nix/temp-install-dir`
2025-03-31T14:41:53.2522103Z [1m[32mNix was installed successfully![39m[0m
2025-03-31T14:41:53.2522871Z To get started using Nix, open a new shell or run `[1m. /nix/var/nix/profiles/default/etc/profile.d/nix-daemon.sh[0m`
2025-03-31T14:41:53.2523396Z 
2025-03-31T14:41:53.2834323Z ##[endgroup]
2025-03-31T14:41:53.4126855Z ##[group]Run actions/setup-go@v4
2025-03-31T14:41:53.4127149Z with:
2025-03-31T14:41:53.4127343Z   go-version-file: ./go.mod
2025-03-31T14:41:53.4127577Z   check-latest: false
2025-03-31T14:41:53.4127911Z   token: ***
2025-03-31T14:41:53.4128096Z   cache: true
2025-03-31T14:41:53.4128274Z env:
2025-03-31T14:41:53.4128535Z   DETSYS_BACKTRACE_COLLECTOR: 6fd42e61-7b41-4706-94f8-1f15e60a3b72
2025-03-31T14:41:53.4128883Z   DETERMINATE_NIX_KVM: 1
2025-03-31T14:41:53.4129091Z ##[endgroup]
2025-03-31T14:41:53.5243585Z Setup go version spec 1.23.4
2025-03-31T14:41:53.5256774Z Attempting to download 1.23.4...
2025-03-31T14:41:53.8121789Z matching 1.23.4...
2025-03-31T14:41:53.8162875Z Acquiring 1.23.4 from https://github.com/actions/go-versions/releases/download/1.23.4-12152391001/go-1.23.4-linux-x64.tar.gz
2025-03-31T14:41:54.3494899Z Extracting Go...
2025-03-31T14:41:54.3606513Z [command]/usr/bin/tar xz --warning=no-unknown-keyword --overwrite -C /home/runner/work/_temp/d944ca17-e691-483b-95f1-31f04df29cec -f /home/runner/work/_temp/f1898a8d-4cea-401c-b625-cbfce6fe65ce
2025-03-31T14:41:55.9912257Z Successfully extracted go to /home/runner/work/_temp/d944ca17-e691-483b-95f1-31f04df29cec
2025-03-31T14:41:55.9913103Z Adding to the cache ...
2025-03-31T14:42:00.2838460Z Successfully cached go to /opt/hostedtoolcache/go/1.23.4/x64
2025-03-31T14:42:00.2840339Z Added go to the path
2025-03-31T14:42:00.2841917Z Successfully set up Go version 1.23.4
2025-03-31T14:42:00.3032401Z [command]/opt/hostedtoolcache/go/1.23.4/x64/bin/go env GOMODCACHE
2025-03-31T14:42:00.3060043Z [command]/opt/hostedtoolcache/go/1.23.4/x64/bin/go env GOCACHE
2025-03-31T14:42:00.3089300Z /home/runner/go/pkg/mod
2025-03-31T14:42:00.3102051Z /home/runner/.cache/go-build
2025-03-31T14:42:01.5099861Z Received 134217728 of 255050781 (52.6%), 120.3 MBs/sec
2025-03-31T14:42:02.3939605Z Received 255050781 of 255050781 (100.0%), 124.9 MBs/sec
2025-03-31T14:42:02.3941053Z Cache Size: ~243 MB (255050781 B)
2025-03-31T14:42:02.4069955Z [command]/usr/bin/tar -xf /home/runner/work/_temp/79df7b91-ba0b-49d5-9ae8-6208941fc276/cache.tzst -P -C /home/runner/work/fabric/fabric --use-compress-program unzstd
2025-03-31T14:42:04.7748525Z Cache restored successfully
2025-03-31T14:42:04.8273631Z Cache restored from key: setup-go-Linux-ubuntu24-go-1.23.4-fb3a49bfbadb5d2ac4f8a604184ae5de5b05a638902723a4ae3917e9cfdc67b2
2025-03-31T14:42:04.8294061Z go version go1.23.4 linux/amd64
2025-03-31T14:42:04.8294341Z 
2025-03-31T14:42:04.8294638Z ##[group]go env
2025-03-31T14:42:04.8441354Z GO111MODULE=''
2025-03-31T14:42:04.8441773Z GOARCH='amd64'
2025-03-31T14:42:04.8442077Z GOBIN=''
2025-03-31T14:42:04.8442344Z GOCACHE='/home/runner/.cache/go-build'
2025-03-31T14:42:04.8442695Z GOENV='/home/runner/.config/go/env'
2025-03-31T14:42:04.8442993Z GOEXE=''
2025-03-31T14:42:04.8443213Z GOEXPERIMENT=''
2025-03-31T14:42:04.8443523Z GOFLAGS=''
2025-03-31T14:42:04.8443946Z GOHOSTARCH='amd64'
2025-03-31T14:42:04.8444194Z GOHOSTOS='linux'
2025-03-31T14:42:04.8444451Z GOINSECURE=''
2025-03-31T14:42:04.8444708Z GOMODCACHE='/home/runner/go/pkg/mod'
2025-03-31T14:42:04.8445076Z GONOPROXY=''
2025-03-31T14:42:04.8445304Z GONOSUMDB=''
2025-03-31T14:42:04.8445521Z GOOS='linux'
2025-03-31T14:42:04.8445753Z GOPATH='/home/runner/go'
2025-03-31T14:42:04.8446013Z GOPRIVATE=''
2025-03-31T14:42:04.8446307Z GOPROXY='https://proxy.golang.org,direct'
2025-03-31T14:42:04.8446712Z GOROOT='/opt/hostedtoolcache/go/1.23.4/x64'
2025-03-31T14:42:04.8447067Z GOSUMDB='sum.golang.org'
2025-03-31T14:42:04.8447325Z GOTMPDIR=''
2025-03-31T14:42:04.8447553Z GOTOOLCHAIN='auto'
2025-03-31T14:42:04.8447936Z GOTOOLDIR='/opt/hostedtoolcache/go/1.23.4/x64/pkg/tool/linux_amd64'
2025-03-31T14:42:04.8448353Z GOVCS=''
2025-03-31T14:42:04.8448562Z GOVERSION='go1.23.4'
2025-03-31T14:42:04.8448785Z GODEBUG=''
2025-03-31T14:42:04.8448994Z GOTELEMETRY='local'
2025-03-31T14:42:04.8449301Z GOTELEMETRYDIR='/home/runner/.config/go/telemetry'
2025-03-31T14:42:04.8449629Z GCCGO='gccgo'
2025-03-31T14:42:04.8449844Z GOAMD64='v1'
2025-03-31T14:42:04.8450311Z AR='ar'
2025-03-31T14:42:04.8450515Z CC='gcc'
2025-03-31T14:42:04.8450709Z CXX='g++'
2025-03-31T14:42:04.8450908Z CGO_ENABLED='1'
2025-03-31T14:42:04.8451167Z GOMOD='/home/runner/work/fabric/fabric/go.mod'
2025-03-31T14:42:04.8451467Z GOWORK=''
2025-03-31T14:42:04.8451679Z CGO_CFLAGS='-O2 -g'
2025-03-31T14:42:04.8451903Z CGO_CPPFLAGS=''
2025-03-31T14:42:04.8452125Z CGO_CXXFLAGS='-O2 -g'
2025-03-31T14:42:04.8452363Z CGO_FFLAGS='-O2 -g'
2025-03-31T14:42:04.8452585Z CGO_LDFLAGS='-O2 -g'
2025-03-31T14:42:04.8452824Z PKG_CONFIG='pkg-config'
2025-03-31T14:42:04.8453540Z GOGCCFLAGS='-fPIC -m64 -pthread -Wl,--no-gc-sections -fmessage-length=0 -ffile-prefix-map=/tmp/go-build562130942=/tmp/go-build -gno-record-gcc-switches'
2025-03-31T14:42:04.8454372Z 
2025-03-31T14:42:04.8454650Z ##[endgroup]
2025-03-31T14:42:04.8600493Z ##[group]Run go test -v ./...
2025-03-31T14:42:04.8600822Z [36;1mgo test -v ./...[0m
2025-03-31T14:42:04.8652523Z shell: /usr/bin/bash -e {0}
2025-03-31T14:42:04.8652775Z env:
2025-03-31T14:42:04.8653057Z   DETSYS_BACKTRACE_COLLECTOR: 6fd42e61-7b41-4706-94f8-1f15e60a3b72
2025-03-31T14:42:04.8653422Z   DETERMINATE_NIX_KVM: 1
2025-03-31T14:42:04.8653645Z ##[endgroup]
2025-03-31T14:42:06.4209425Z ?   	github.com/danielmiessler/fabric	[no test files]
2025-03-31T14:42:07.3518847Z === RUN   TestCli
2025-03-31T14:42:07.3521127Z     cli_test.go:13: Skipping test for now, collision with flag -t
2025-03-31T14:42:07.3533222Z --- SKIP: TestCli (0.00s)
2025-03-31T14:42:07.3533634Z === RUN   TestInit
2025-03-31T14:42:07.3540026Z --- PASS: TestInit (0.00s)
2025-03-31T14:42:07.3540470Z === RUN   TestReadStdin
2025-03-31T14:42:07.3540914Z --- PASS: TestReadStdin (0.00s)
2025-03-31T14:42:07.3541404Z === RUN   TestBuildChatOptions
2025-03-31T14:42:07.3541981Z --- PASS: TestBuildChatOptions (0.00s)
2025-03-31T14:42:07.3542541Z === RUN   TestBuildChatOptionsDefaultSeed
2025-03-31T14:42:07.3543146Z --- PASS: TestBuildChatOptionsDefaultSeed (0.00s)
2025-03-31T14:42:07.3543844Z === RUN   TestInitWithYAMLConfig
2025-03-31T14:42:07.3544343Z === RUN   TestInitWithYAMLConfig/Load_YAML_config
2025-03-31T14:42:07.3544946Z === RUN   TestInitWithYAMLConfig/CLI_overrides_YAML
2025-03-31T14:42:07.3545567Z === RUN   TestInitWithYAMLConfig/Invalid_YAML_config
2025-03-31T14:42:07.3546167Z --- PASS: TestInitWithYAMLConfig (0.00s)
2025-03-31T14:42:07.3546933Z     --- PASS: TestInitWithYAMLConfig/Load_YAML_config (0.00s)
2025-03-31T14:42:07.3547780Z     --- PASS: TestInitWithYAMLConfig/CLI_overrides_YAML (0.00s)
2025-03-31T14:42:07.3548663Z     --- PASS: TestInitWithYAMLConfig/Invalid_YAML_config (0.00s)
2025-03-31T14:42:07.3549289Z === RUN   TestCopyToClipboard
2025-03-31T14:42:07.3550073Z     output_test.go:9: skipping test, because of docker env. in ci.
2025-03-31T14:42:07.3550747Z --- SKIP: TestCopyToClipboard (0.00s)
2025-03-31T14:42:07.3551301Z === RUN   TestCreateOutputFile
2025-03-31T14:42:07.3551592Z 
2025-03-31T14:42:07.3551601Z 
2025-03-31T14:42:07.3551779Z ... written to test_output.txt
2025-03-31T14:42:07.3552253Z --- PASS: TestCreateOutputFile (0.00s)
2025-03-31T14:42:07.3552687Z PASS
2025-03-31T14:42:07.3553127Z ok  	github.com/danielmiessler/fabric/cli	0.011s
2025-03-31T14:42:07.3553671Z === RUN   TestNormalizeMessages
2025-03-31T14:42:07.3554313Z --- PASS: TestNormalizeMessages (0.00s)
2025-03-31T14:42:07.3554834Z === RUN   TestParseFileChanges
2025-03-31T14:42:07.3555526Z === RUN   TestParseFileChanges/No___CREATE_CODING_FEATURE_FILE_CHANGES___section
2025-03-31T14:42:07.3556504Z === RUN   TestParseFileChanges/Valid___CREATE_CODING_FEATURE_FILE_CHANGES___section
2025-03-31T14:42:07.3557535Z === RUN   TestParseFileChanges/Invalid_JSON_in___CREATE_CODING_FEATURE_FILE_CHANGES___section
2025-03-31T14:42:07.3558391Z === RUN   TestParseFileChanges/Invalid_operation
2025-03-31T14:42:07.3558973Z === RUN   TestParseFileChanges/Empty_path
2025-03-31T14:42:07.3559688Z === RUN   TestParseFileChanges/Suspicious_path_with_directory_traversal
2025-03-31T14:42:07.3560389Z --- PASS: TestParseFileChanges (0.00s)
2025-03-31T14:42:07.3561340Z     --- PASS: TestParseFileChanges/No___CREATE_CODING_FEATURE_FILE_CHANGES___section (0.00s)
2025-03-31T14:42:07.3562583Z     --- PASS: TestParseFileChanges/Valid___CREATE_CODING_FEATURE_FILE_CHANGES___section (0.00s)
2025-03-31T14:42:07.3564071Z     --- PASS: TestParseFileChanges/Invalid_JSON_in___CREATE_CODING_FEATURE_FILE_CHANGES___section (0.00s)
2025-03-31T14:42:07.3565147Z     --- PASS: TestParseFileChanges/Invalid_operation (0.00s)
2025-03-31T14:42:07.3565876Z     --- PASS: TestParseFileChanges/Empty_path (0.00s)
2025-03-31T14:42:07.3566804Z     --- PASS: TestParseFileChanges/Suspicious_path_with_directory_traversal (0.00s)
2025-03-31T14:42:07.3567540Z === RUN   TestApplyFileChanges
2025-03-31T14:42:07.3568012Z Applied create operation to test.txt
2025-03-31T14:42:07.3568811Z Applied create operation to subdir/nested.txt
2025-03-31T14:42:07.3569374Z Applied update operation to test.txt
2025-03-31T14:42:07.3569868Z --- PASS: TestApplyFileChanges (0.00s)
2025-03-31T14:42:07.3570302Z PASS
2025-03-31T14:42:07.3570709Z ok  	github.com/danielmiessler/fabric/common	0.005s
2025-03-31T14:42:07.4065972Z === RUN   TestSaveEnvFile
2025-03-31T14:42:07.4089355Z --- PASS: TestSaveEnvFile (0.00s)
2025-03-31T14:42:07.4089812Z PASS
2025-03-31T14:42:07.4090246Z ok  	github.com/danielmiessler/fabric/core	0.009s
2025-03-31T14:42:07.4090824Z === RUN   TestConfigurable_AddSetting
2025-03-31T14:42:07.4091741Z --- PASS: TestConfigurable_AddSetting (0.00s)
2025-03-31T14:42:07.4092291Z === RUN   TestConfigurable_Configure
2025-03-31T14:42:07.4092824Z --- PASS: TestConfigurable_Configure (0.00s)
2025-03-31T14:42:07.4093354Z === RUN   TestConfigurable_Setup
2025-03-31T14:42:07.4093640Z 
2025-03-31T14:42:07.4094027Z [TestConfigurable]
2025-03-31T14:42:07.4094476Z --- PASS: TestConfigurable_Setup (0.00s)
2025-03-31T14:42:07.4095016Z === RUN   TestSetting_IsValid
2025-03-31T14:42:07.4095489Z --- PASS: TestSetting_IsValid (0.00s)
2025-03-31T14:42:07.4095983Z === RUN   TestSetting_Configure
2025-03-31T14:42:07.4096461Z --- PASS: TestSetting_Configure (0.00s)
2025-03-31T14:42:07.4096998Z === RUN   TestSetting_FillEnvFileContent
2025-03-31T14:42:07.4097677Z --- PASS: TestSetting_FillEnvFileContent (0.00s)
2025-03-31T14:42:07.4098202Z === RUN   TestSetting_Print
2025-03-31T14:42:07.4098622Z --- PASS: TestSetting_Print (0.00s)
2025-03-31T14:42:07.4099093Z === RUN   TestSetupQuestion_Ask
2025-03-31T14:42:07.4099365Z 
2025-03-31T14:42:07.4099702Z [TestConfigurable] Enter test setting: (leave empty to skip):
2025-03-31T14:42:07.4100343Z --- PASS: TestSetupQuestion_Ask (0.00s)
2025-03-31T14:42:07.4100843Z === RUN   TestSettings_IsConfigured
2025-03-31T14:42:07.4101358Z --- PASS: TestSettings_IsConfigured (0.00s)
2025-03-31T14:42:07.4101867Z === RUN   TestSettings_Configure
2025-03-31T14:42:07.4102359Z --- PASS: TestSettings_Configure (0.00s)
2025-03-31T14:42:07.4102891Z === RUN   TestSettings_FillEnvFileContent
2025-03-31T14:42:07.4103465Z --- PASS: TestSettings_FillEnvFileContent (0.00s)
2025-03-31T14:42:07.4104099Z PASS
2025-03-31T14:42:07.4134595Z ok  	github.com/danielmiessler/fabric/plugins	(cached)
2025-03-31T14:42:07.4135233Z === RUN   TestNewVendorsModels
2025-03-31T14:42:07.4135731Z --- PASS: TestNewVendorsModels (0.00s)
2025-03-31T14:42:07.4136280Z === RUN   TestFindVendorsByModelFirst
2025-03-31T14:42:07.4136849Z --- PASS: TestFindVendorsByModelFirst (0.00s)
2025-03-31T14:42:07.4137420Z === RUN   TestFindVendorsByModel
2025-03-31T14:42:07.4137949Z --- PASS: TestFindVendorsByModel (0.00s)
2025-03-31T14:42:07.4138420Z PASS
2025-03-31T14:42:07.4138867Z ok  	github.com/danielmiessler/fabric/plugins/ai	0.004s
2025-03-31T14:42:07.8860002Z ?   	github.com/danielmiessler/fabric/plugins/ai/exolab	[no test files]
2025-03-31T14:42:07.8872473Z === RUN   TestNewClient_DefaultInitialization
2025-03-31T14:42:07.8875448Z --- PASS: TestNewClient_DefaultInitialization (0.00s)
2025-03-31T14:42:07.8877886Z === RUN   TestClientListModels
2025-03-31T14:42:07.8878496Z --- PASS: TestClientListModels (0.00s)
2025-03-31T14:42:07.8879100Z === RUN   TestClient_ListModels_ReturnsCorrectModels
2025-03-31T14:42:07.8879789Z --- PASS: TestClient_ListModels_ReturnsCorrectModels (0.00s)
2025-03-31T14:42:07.8880337Z PASS
2025-03-31T14:42:07.8880840Z ok  	github.com/danielmiessler/fabric/plugins/ai/anthropic	0.005s
2025-03-31T14:42:07.8888753Z === RUN   TestNewClientInitialization
2025-03-31T14:42:07.8895332Z --- PASS: TestNewClientInitialization (0.00s)
2025-03-31T14:42:07.8896070Z === RUN   TestClientConfigure
2025-03-31T14:42:07.8896687Z --- PASS: TestClientConfigure (0.00s)
2025-03-31T14:42:07.8897333Z === RUN   TestListModels
2025-03-31T14:42:07.8897748Z --- PASS: TestListModels (0.00s)
2025-03-31T14:42:07.8898321Z PASS
2025-03-31T14:42:07.8898949Z ok  	github.com/danielmiessler/fabric/plugins/ai/azure	0.004s
2025-03-31T14:42:07.8900072Z === RUN   TestNewClient_EmbeddedClientNotNil
2025-03-31T14:42:07.8900897Z --- PASS: TestNewClient_EmbeddedClientNotNil (0.00s)
2025-03-31T14:42:07.8901597Z PASS
2025-03-31T14:42:07.8902369Z ok  	github.com/danielmiessler/fabric/plugins/ai/deepseek	0.004s
2025-03-31T14:42:07.8903339Z === RUN   TestListModels_ReturnsExpectedModel
2025-03-31T14:42:07.8904303Z --- PASS: TestListModels_ReturnsExpectedModel (0.00s)
2025-03-31T14:42:07.8905060Z === RUN   TestSetup_ReturnsNil
2025-03-31T14:42:07.8905682Z --- PASS: TestSetup_ReturnsNil (0.00s)
2025-03-31T14:42:07.8906185Z === RUN   TestSendStream_SendsMessages
2025-03-31T14:42:07.8907373Z --- PASS: TestSendStream_SendsMessages (0.00s)
2025-03-31T14:42:07.8907836Z PASS
2025-03-31T14:42:07.8908314Z ok  	github.com/danielmiessler/fabric/plugins/ai/dryrun	0.004s
2025-03-31T14:42:08.4249263Z ?   	github.com/danielmiessler/fabric/plugins/ai/gemini_openai	[no test files]
2025-03-31T14:42:08.4250412Z ?   	github.com/danielmiessler/fabric/plugins/ai/litellm	[no test files]
2025-03-31T14:42:08.4251331Z ?   	github.com/danielmiessler/fabric/plugins/ai/lmstudio	[no test files]
2025-03-31T14:42:08.4252218Z ?   	github.com/danielmiessler/fabric/plugins/ai/mistral	[no test files]
2025-03-31T14:42:08.4253072Z ?   	github.com/danielmiessler/fabric/plugins/ai/ollama	[no test files]
2025-03-31T14:42:08.4371432Z === RUN   TestBuildModelNameSimple
2025-03-31T14:42:08.4372941Z --- PASS: TestBuildModelNameSimple (0.00s)
2025-03-31T14:42:08.4374562Z === RUN   TestExtractText
2025-03-31T14:42:08.4375007Z --- PASS: TestExtractText (0.00s)
2025-03-31T14:42:08.4375422Z PASS
2025-03-31T14:42:08.4375904Z ok  	github.com/danielmiessler/fabric/plugins/ai/gemini	0.010s
2025-03-31T14:42:08.4376586Z === RUN   TestNewClientEmbeddedClientNotNil
2025-03-31T14:42:08.4377194Z --- PASS: TestNewClientEmbeddedClientNotNil (0.00s)
2025-03-31T14:42:08.4377705Z PASS
2025-03-31T14:42:08.4378157Z ok  	github.com/danielmiessler/fabric/plugins/ai/groq	0.005s
2025-03-31T14:42:08.7273259Z ?   	github.com/danielmiessler/fabric/plugins/ai/siliconcloud	[no test files]
2025-03-31T14:42:08.7275428Z ?   	github.com/danielmiessler/fabric/plugins/db	[no test files]
2025-03-31T14:42:08.7293921Z === RUN   TestBuildChatCompletionRequestPinSeed
2025-03-31T14:42:08.7294997Z --- PASS: TestBuildChatCompletionRequestPinSeed (0.00s)
2025-03-31T14:42:08.7296247Z === RUN   TestBuildChatCompletionRequestNilSeed
2025-03-31T14:42:08.7298270Z --- PASS: TestBuildChatCompletionRequestNilSeed (0.00s)
2025-03-31T14:42:08.7298801Z PASS
2025-03-31T14:42:08.7299265Z ok  	github.com/danielmiessler/fabric/plugins/ai/openai	0.003s
2025-03-31T14:42:08.7326030Z testing: warning: no tests to run
2025-03-31T14:42:08.7332277Z PASS
2025-03-31T14:42:08.7334080Z ok  	github.com/danielmiessler/fabric/plugins/ai/openrouter	0.003s [no tests to run]
2025-03-31T14:42:09.0321532Z ?   	github.com/danielmiessler/fabric/plugins/strategy	[no test files]
2025-03-31T14:42:09.0324022Z ?   	github.com/danielmiessler/fabric/plugins/tools	[no test files]
2025-03-31T14:42:09.2678778Z === RUN   TestContexts_GetContext
2025-03-31T14:42:09.2679441Z --- PASS: TestContexts_GetContext (0.23s)
2025-03-31T14:42:09.2679943Z === RUN   TestDb_Configure
2025-03-31T14:42:09.2680411Z --- PASS: TestDb_Configure (0.00s)
2025-03-31T14:42:09.2680895Z === RUN   TestDb_LoadEnvFile
2025-03-31T14:42:09.2681340Z --- PASS: TestDb_LoadEnvFile (0.00s)
2025-03-31T14:42:09.2681780Z === RUN   TestDb_SaveEnv
2025-03-31T14:42:09.2682173Z --- PASS: TestDb_SaveEnv (0.00s)
2025-03-31T14:42:09.2682616Z === RUN   TestApplyVariables
2025-03-31T14:42:09.2683187Z === RUN   TestApplyVariables/pattern_with_explicit_input_placement
2025-03-31T14:42:09.2684460Z === RUN   TestApplyVariables/pattern_without_input_variable_gets_input_appended
2025-03-31T14:42:09.2685180Z --- PASS: TestApplyVariables (0.00s)
2025-03-31T14:42:09.2686009Z     --- PASS: TestApplyVariables/pattern_with_explicit_input_placement (0.00s)
2025-03-31T14:42:09.2687070Z     --- PASS: TestApplyVariables/pattern_without_input_variable_gets_input_appended (0.00s)
2025-03-31T14:42:09.2687918Z === RUN   TestGetApplyVariables
2025-03-31T14:42:09.2688486Z === RUN   TestGetApplyVariables/basic_pattern_with_variables_and_input
2025-03-31T14:42:09.2688964Z === RUN   TestGetApplyVariables/pattern_with_missing_variable
2025-03-31T14:42:09.2689461Z === RUN   TestGetApplyVariables/non-existent_pattern
2025-03-31T14:42:09.2689821Z --- PASS: TestGetApplyVariables (0.00s)
2025-03-31T14:42:09.2690430Z     --- PASS: TestGetApplyVariables/basic_pattern_with_variables_and_input (0.00s)
2025-03-31T14:42:09.2691153Z     --- PASS: TestGetApplyVariables/pattern_with_missing_variable (0.00s)
2025-03-31T14:42:09.2692269Z     --- PASS: TestGetApplyVariables/non-existent_pattern (0.00s)
2025-03-31T14:42:09.2692830Z === RUN   TestSessions_GetOrCreateSession
2025-03-31T14:42:09.2693273Z Creating new session: testSession
2025-03-31T14:42:09.2693878Z --- PASS: TestSessions_GetOrCreateSession (0.00s)
2025-03-31T14:42:09.2694368Z === RUN   TestSessions_SaveSession
2025-03-31T14:42:09.2694824Z --- PASS: TestSessions_SaveSession (0.00s)
2025-03-31T14:42:09.2695312Z === RUN   TestStorage_SaveAndLoad
2025-03-31T14:42:09.2695769Z --- PASS: TestStorage_SaveAndLoad (0.00s)
2025-03-31T14:42:09.2696237Z === RUN   TestStorage_Exists
2025-03-31T14:42:09.2696662Z --- PASS: TestStorage_Exists (0.00s)
2025-03-31T14:42:09.2697098Z === RUN   TestStorage_Delete
2025-03-31T14:42:09.2697504Z --- PASS: TestStorage_Delete (0.00s)
2025-03-31T14:42:09.2697896Z PASS
2025-03-31T14:42:09.2698333Z ok  	github.com/danielmiessler/fabric/plugins/db/fsdb	0.233s
2025-03-31T14:42:09.2698895Z === RUN   TestDateTimePlugin
2025-03-31T14:42:09.2699359Z === RUN   TestDateTimePlugin/now_returns_RFC3339
2025-03-31T14:42:09.2699905Z === RUN   TestDateTimePlugin/time_returns_HH:MM:SS
2025-03-31T14:42:09.2700461Z === RUN   TestDateTimePlugin/unix_returns_timestamp
2025-03-31T14:42:09.2701065Z === RUN   TestDateTimePlugin/today_returns_YYYY-MM-DD
2025-03-31T14:42:09.2701626Z === RUN   TestDateTimePlugin/full_returns_long_date
2025-03-31T14:42:09.2702191Z === RUN   TestDateTimePlugin/relative_positive_hours
2025-03-31T14:42:09.2702988Z === RUN   TestDateTimePlugin/relative_negative_days
2025-03-31T14:42:09.2703536Z === RUN   TestDateTimePlugin/invalid_operation
2025-03-31T14:42:09.2704207Z === RUN   TestDateTimePlugin/empty_relative_value
2025-03-31T14:42:09.2704766Z === RUN   TestDateTimePlugin/invalid_relative_format
2025-03-31T14:42:09.2705286Z --- PASS: TestDateTimePlugin (0.00s)
2025-03-31T14:42:09.2705935Z     --- PASS: TestDateTimePlugin/now_returns_RFC3339 (0.00s)
2025-03-31T14:42:09.2706683Z     --- PASS: TestDateTimePlugin/time_returns_HH:MM:SS (0.00s)
2025-03-31T14:42:09.2707459Z     --- PASS: TestDateTimePlugin/unix_returns_timestamp (0.00s)
2025-03-31T14:42:09.2708247Z     --- PASS: TestDateTimePlugin/today_returns_YYYY-MM-DD (0.00s)
2025-03-31T14:42:09.2709021Z     --- PASS: TestDateTimePlugin/full_returns_long_date (0.00s)
2025-03-31T14:42:09.2709794Z     --- PASS: TestDateTimePlugin/relative_positive_hours (0.00s)
2025-03-31T14:42:09.2710583Z     --- PASS: TestDateTimePlugin/relative_negative_days (0.00s)
2025-03-31T14:42:09.2714847Z     --- PASS: TestDateTimePlugin/invalid_operation (0.00s)
2025-03-31T14:42:09.2715695Z     --- PASS: TestDateTimePlugin/empty_relative_value (0.00s)
2025-03-31T14:42:09.2716506Z     --- PASS: TestDateTimePlugin/invalid_relative_format (0.00s)
2025-03-31T14:42:09.2717079Z === RUN   TestExtensionExecutor
2025-03-31T14:42:09.2717558Z === RUN   TestExtensionExecutor/StdoutExecution
2025-03-31T14:42:09.2718393Z Executing command: /usr/bin/sh -c /tmp/fabric-ext-executor-621712109/test-script.sh stdout World
2025-03-31T14:42:09.2719206Z === RUN   TestExtensionExecutor/FileExecution
2025-03-31T14:42:09.2719735Z === RUN   TestExtensionExecutor/ExecutionErrors
2025-03-31T14:42:09.2720545Z Executing command: /usr/bin/sh -c /tmp/fabric-ext-executor-621712109/test-script.sh invalid test
2025-03-31T14:42:09.2721322Z --- PASS: TestExtensionExecutor (0.01s)
2025-03-31T14:42:09.2721981Z     --- PASS: TestExtensionExecutor/StdoutExecution (0.00s)
2025-03-31T14:42:09.2722950Z     --- PASS: TestExtensionExecutor/FileExecution (0.00s)
2025-03-31T14:42:09.2723892Z     --- PASS: TestExtensionExecutor/ExecutionErrors (0.00s)
2025-03-31T14:42:09.2724529Z === RUN   TestFixedFileExtensionExecutor
2025-03-31T14:42:09.2725117Z === RUN   TestFixedFileExtensionExecutor/BasicFixedFile
2025-03-31T14:42:09.2725477Z === RUN   TestFixedFileExtensionExecutor/NoWorkDir
2025-03-31T14:42:09.2725838Z === RUN   TestFixedFileExtensionExecutor/CleanupBehavior
2025-03-31T14:42:09.2726191Z === RUN   TestFixedFileExtensionExecutor/ErrorCases
2025-03-31T14:42:09.2726722Z === RUN   TestFixedFileExtensionExecutor/MissingOutputFile
2025-03-31T14:42:09.2727087Z --- PASS: TestFixedFileExtensionExecutor (0.02s)
2025-03-31T14:42:09.2727848Z     --- PASS: TestFixedFileExtensionExecutor/BasicFixedFile (0.00s)
2025-03-31T14:42:09.2728538Z     --- PASS: TestFixedFileExtensionExecutor/NoWorkDir (0.00s)
2025-03-31T14:42:09.2729025Z     --- PASS: TestFixedFileExtensionExecutor/CleanupBehavior (0.01s)
2025-03-31T14:42:09.2729502Z     --- PASS: TestFixedFileExtensionExecutor/ErrorCases (0.00s)
2025-03-31T14:42:09.2729994Z     --- PASS: TestFixedFileExtensionExecutor/MissingOutputFile (0.00s)
2025-03-31T14:42:09.2730360Z === RUN   TestExtensionManager
2025-03-31T14:42:09.2730855Z === RUN   TestExtensionManager/RegisterExtension
2025-03-31T14:42:09.2731427Z Successfully registered extension:
2025-03-31T14:42:09.2731870Z Name: test-extension
2025-03-31T14:42:09.2732435Z   Executable: /tmp/fabric-ext-test-4283696077/test-script.sh
2025-03-31T14:42:09.2733003Z   Type: executable
2025-03-31T14:42:09.2733360Z   Timeout: 30s
2025-03-31T14:42:09.2733877Z   Description: Test extension
2025-03-31T14:42:09.2734280Z   Version: 1.0.0
2025-03-31T14:42:09.2734622Z   Operations:
2025-03-31T14:42:09.2734950Z     echo:
2025-03-31T14:42:09.2735447Z       Command Template: {{executable}} echo {{1}}
2025-03-31T14:42:09.2735996Z === RUN   TestExtensionManager/ListExtensions
2025-03-31T14:42:09.2736497Z Extension: test-extension
2025-03-31T14:42:09.2736886Z   Status: ENABLED
2025-03-31T14:42:09.2737418Z   Executable: /tmp/fabric-ext-test-4283696077/test-script.sh
2025-03-31T14:42:09.2737979Z   Type: executable
2025-03-31T14:42:09.2738330Z   Timeout: 30s
2025-03-31T14:42:09.2738699Z   Description: Test extension
2025-03-31T14:42:09.2739106Z   Version: 1.0.0
2025-03-31T14:42:09.2739440Z   Operations:
2025-03-31T14:42:09.2739756Z     echo:
2025-03-31T14:42:09.2740234Z       Command Template: {{executable}} echo {{1}}
2025-03-31T14:42:09.2740590Z 
2025-03-31T14:42:09.2740813Z === RUN   TestExtensionManager/ProcessExtension
2025-03-31T14:42:09.2741639Z Executing command: /usr/bin/sh -c /tmp/fabric-ext-test-4283696077/test-script.sh echo World
2025-03-31T14:42:09.2742432Z === RUN   TestExtensionManager/RemoveExtension
2025-03-31T14:42:09.2742954Z --- PASS: TestExtensionManager (0.00s)
2025-03-31T14:42:09.2743633Z     --- PASS: TestExtensionManager/RegisterExtension (0.00s)
2025-03-31T14:42:09.2744535Z     --- PASS: TestExtensionManager/ListExtensions (0.00s)
2025-03-31T14:42:09.2745260Z     --- PASS: TestExtensionManager/ProcessExtension (0.00s)
2025-03-31T14:42:09.2746030Z     --- PASS: TestExtensionManager/RemoveExtension (0.00s)
2025-03-31T14:42:09.2746599Z === RUN   TestExtensionManagerErrors
2025-03-31T14:42:09.2747205Z === RUN   TestExtensionManagerErrors/RegisterNonexistentConfig
2025-03-31T14:42:09.2747954Z === RUN   TestExtensionManagerErrors/ProcessNonexistentExtension
2025-03-31T14:42:09.2748701Z === RUN   TestExtensionManagerErrors/RemoveNonexistentExtension
2025-03-31T14:42:09.2749345Z --- PASS: TestExtensionManagerErrors (0.00s)
2025-03-31T14:42:09.2750180Z     --- PASS: TestExtensionManagerErrors/RegisterNonexistentConfig (0.00s)
2025-03-31T14:42:09.2751194Z     --- PASS: TestExtensionManagerErrors/ProcessNonexistentExtension (0.00s)
2025-03-31T14:42:09.2752208Z     --- PASS: TestExtensionManagerErrors/RemoveNonexistentExtension (0.00s)
2025-03-31T14:42:09.2752941Z === RUN   TestExtensionManagerWithInvalidConfig
2025-03-31T14:42:09.2753999Z === RUN   TestExtensionManagerWithInvalidConfig/MissingExecutable
2025-03-31T14:42:09.2754811Z === RUN   TestExtensionManagerWithInvalidConfig/InvalidTimeout
2025-03-31T14:42:09.2755539Z === RUN   TestExtensionManagerWithInvalidConfig/EmptyName
2025-03-31T14:42:09.2756220Z --- PASS: TestExtensionManagerWithInvalidConfig (0.00s)
2025-03-31T14:42:09.2757149Z     --- PASS: TestExtensionManagerWithInvalidConfig/MissingExecutable (0.00s)
2025-03-31T14:42:09.2758183Z     --- PASS: TestExtensionManagerWithInvalidConfig/InvalidTimeout (0.00s)
2025-03-31T14:42:09.2759149Z     --- PASS: TestExtensionManagerWithInvalidConfig/EmptyName (0.00s)
2025-03-31T14:42:09.2759987Z === RUN   TestRegistryPersistence
2025-03-31T14:42:09.2760483Z === RUN   TestRegistryPersistence/SaveAndReload
2025-03-31T14:42:09.2761065Z === RUN   TestRegistryPersistence/HashVerification
2025-03-31T14:42:09.2761649Z --- PASS: TestRegistryPersistence (0.00s)
2025-03-31T14:42:09.2762368Z     --- PASS: TestRegistryPersistence/SaveAndReload (0.00s)
2025-03-31T14:42:09.2763161Z     --- PASS: TestRegistryPersistence/HashVerification (0.00s)
2025-03-31T14:42:09.2763918Z === RUN   TestFetchPlugin
2025-03-31T14:42:09.2764356Z === RUN   TestFetchPlugin/invalid_URL
2025-03-31T14:42:09.2764854Z === RUN   TestFetchPlugin/malformed_URL
2025-03-31T14:42:09.2765366Z --- PASS: TestFetchPlugin (0.00s)
2025-03-31T14:42:09.2765929Z     --- PASS: TestFetchPlugin/invalid_URL (0.00s)
2025-03-31T14:42:09.2766580Z     --- PASS: TestFetchPlugin/malformed_URL (0.00s)
2025-03-31T14:42:09.2767083Z === RUN   TestFilePlugin
2025-03-31T14:42:09.2767496Z === RUN   TestFilePlugin/read_file
2025-03-31T14:42:09.2767982Z === RUN   TestFilePlugin/tail_file
2025-03-31T14:42:09.2768426Z === RUN   TestFilePlugin/exists_true
2025-03-31T14:42:09.2768882Z === RUN   TestFilePlugin/exists_false
2025-03-31T14:42:09.2769367Z === RUN   TestFilePlugin/size
2025-03-31T14:42:09.2769810Z === RUN   TestFilePlugin/modified
2025-03-31T14:42:09.2770322Z === RUN   TestFilePlugin/read_non-existent
2025-03-31T14:42:09.2770860Z === RUN   TestFilePlugin/invalid_operation
2025-03-31T14:42:09.2771406Z === RUN   TestFilePlugin/path_traversal_attempt
2025-03-31T14:42:09.2771930Z === RUN   TestFilePlugin/file_too_large
2025-03-31T14:42:09.2772459Z === RUN   TestFilePlugin/invalid_tail_format
2025-03-31T14:42:09.2772980Z === RUN   TestFilePlugin/invalid_tail_count
2025-03-31T14:42:09.2773538Z --- PASS: TestFilePlugin (0.00s)
2025-03-31T14:42:09.2774287Z     --- PASS: TestFilePlugin/read_file (0.00s)
2025-03-31T14:42:09.2774898Z     --- PASS: TestFilePlugin/tail_file (0.00s)
2025-03-31T14:42:09.2775537Z     --- PASS: TestFilePlugin/exists_true (0.00s)
2025-03-31T14:42:09.2776183Z     --- PASS: TestFilePlugin/exists_false (0.00s)
2025-03-31T14:42:09.2776792Z     --- PASS: TestFilePlugin/size (0.00s)
2025-03-31T14:42:09.2777380Z     --- PASS: TestFilePlugin/modified (0.00s)
2025-03-31T14:42:09.2778040Z     --- PASS: TestFilePlugin/read_non-existent (0.00s)
2025-03-31T14:42:09.2778751Z     --- PASS: TestFilePlugin/invalid_operation (0.00s)
2025-03-31T14:42:09.2779475Z     --- PASS: TestFilePlugin/path_traversal_attempt (0.00s)
2025-03-31T14:42:09.2780158Z     --- PASS: TestFilePlugin/file_too_large (0.00s)
2025-03-31T14:42:09.2780835Z     --- PASS: TestFilePlugin/invalid_tail_format (0.00s)
2025-03-31T14:42:09.2781531Z     --- PASS: TestFilePlugin/invalid_tail_count (0.00s)
2025-03-31T14:42:09.2782053Z === RUN   TestComputeHash
2025-03-31T14:42:09.2782472Z === RUN   TestComputeHash/valid_file
2025-03-31T14:42:09.2782968Z === RUN   TestComputeHash/nonexistent_file
2025-03-31T14:42:09.2783456Z --- PASS: TestComputeHash (0.00s)
2025-03-31T14:42:09.2784240Z     --- PASS: TestComputeHash/valid_file (0.00s)
2025-03-31T14:42:09.2784907Z     --- PASS: TestComputeHash/nonexistent_file (0.00s)
2025-03-31T14:42:09.2785442Z === RUN   TestComputeStringHash
2025-03-31T14:42:09.2785933Z === RUN   TestComputeStringHash/empty_string
2025-03-31T14:42:09.2786486Z === RUN   TestComputeStringHash/simple_string
2025-03-31T14:42:09.2787344Z === RUN   TestComputeStringHash/longer_string_with_spaces
2025-03-31T14:42:09.2788003Z --- PASS: TestComputeStringHash (0.00s)
2025-03-31T14:42:09.2788682Z     --- PASS: TestComputeStringHash/empty_string (0.00s)
2025-03-31T14:42:09.2789417Z     --- PASS: TestComputeStringHash/simple_string (0.00s)
2025-03-31T14:42:09.2790249Z     --- PASS: TestComputeStringHash/longer_string_with_spaces (0.00s)
2025-03-31T14:42:09.2790884Z === RUN   TestHashConsistency
2025-03-31T14:42:09.2791353Z --- PASS: TestHashConsistency (0.00s)
2025-03-31T14:42:09.2791817Z === RUN   TestSysPlugin
2025-03-31T14:42:09.2792484Z === RUN   TestSysPlugin/hostname_returns_valid_name
2025-03-31T14:42:09.2793054Z === RUN   TestSysPlugin/user_returns_current_user
2025-03-31T14:42:09.2793593Z === RUN   TestSysPlugin/os_returns_valid_OS
2025-03-31T14:42:09.2794340Z === RUN   TestSysPlugin/arch_returns_valid_architecture
2025-03-31T14:42:09.2794942Z === RUN   TestSysPlugin/env_returns_environment_variable
2025-03-31T14:42:09.2795531Z === RUN   TestSysPlugin/pwd_returns_valid_directory
2025-03-31T14:42:09.2796119Z === RUN   TestSysPlugin/home_returns_valid_home_directory
2025-03-31T14:42:09.2796666Z === RUN   TestSysPlugin/unknown_operation
2025-03-31T14:42:09.2797156Z === RUN   TestSysPlugin/env_without_variable
2025-03-31T14:42:09.2797702Z === RUN   TestSysPlugin/env_with_non-existent_variable
2025-03-31T14:42:09.2798222Z --- PASS: TestSysPlugin (0.00s)
2025-03-31T14:42:09.2798858Z     --- PASS: TestSysPlugin/hostname_returns_valid_name (0.00s)
2025-03-31T14:42:09.2799781Z     --- PASS: TestSysPlugin/user_returns_current_user (0.00s)
2025-03-31T14:42:09.2800659Z     --- PASS: TestSysPlugin/os_returns_valid_OS (0.00s)
2025-03-31T14:42:09.2801461Z     --- PASS: TestSysPlugin/arch_returns_valid_architecture (0.00s)
2025-03-31T14:42:09.2802321Z     --- PASS: TestSysPlugin/env_returns_environment_variable (0.00s)
2025-03-31T14:42:09.2803174Z     --- PASS: TestSysPlugin/pwd_returns_valid_directory (0.00s)
2025-03-31T14:42:09.2804231Z     --- PASS: TestSysPlugin/home_returns_valid_home_directory (0.00s)
2025-03-31T14:42:09.2805042Z     --- PASS: TestSysPlugin/unknown_operation (0.00s)
2025-03-31T14:42:09.2805747Z     --- PASS: TestSysPlugin/env_without_variable (0.00s)
2025-03-31T14:42:09.2806544Z     --- PASS: TestSysPlugin/env_with_non-existent_variable (0.00s)
2025-03-31T14:42:09.2807131Z === RUN   TestApplyTemplate
2025-03-31T14:42:09.2807606Z === RUN   TestApplyTemplate/simple_variable
2025-03-31T14:42:09.2808140Z === RUN   TestApplyTemplate/multiple_variables
2025-03-31T14:42:09.2808701Z === RUN   TestApplyTemplate/special_input_variable
2025-03-31T14:42:09.2809271Z === RUN   TestApplyTemplate/nested_variables
2025-03-31T14:42:09.2809823Z === RUN   TestApplyTemplate/simple_text_plugin
2025-03-31T14:42:09.2810399Z === RUN   TestApplyTemplate/text_plugin_with_variable
2025-03-31T14:42:09.2811016Z === RUN   TestApplyTemplate/plugin_with_dynamic_operation
2025-03-31T14:42:09.2811623Z === RUN   TestApplyTemplate/multiple_plugins
2025-03-31T14:42:09.2812147Z === RUN   TestApplyTemplate/nested_plugins
2025-03-31T14:42:09.2812690Z === RUN   TestApplyTemplate/missing_variable
2025-03-31T14:42:09.2813258Z === RUN   TestApplyTemplate/unknown_plugin
2025-03-31T14:42:09.2814001Z === RUN   TestApplyTemplate/unknown_plugin_operation
2025-03-31T14:42:09.2814578Z === RUN   TestApplyTemplate/nested_plugin_error
2025-03-31T14:42:09.2815115Z === RUN   TestApplyTemplate/empty_template
2025-03-31T14:42:09.2815665Z === RUN   TestApplyTemplate/no_substitutions_needed
2025-03-31T14:42:09.2816212Z --- PASS: TestApplyTemplate (0.00s)
2025-03-31T14:42:09.2816848Z     --- PASS: TestApplyTemplate/simple_variable (0.00s)
2025-03-31T14:42:09.2817575Z     --- PASS: TestApplyTemplate/multiple_variables (0.00s)
2025-03-31T14:42:09.2818352Z     --- PASS: TestApplyTemplate/special_input_variable (0.00s)
2025-03-31T14:42:09.2819090Z     --- PASS: TestApplyTemplate/nested_variables (0.00s)
2025-03-31T14:42:09.2819812Z     --- PASS: TestApplyTemplate/simple_text_plugin (0.00s)
2025-03-31T14:42:09.2821008Z     --- PASS: TestApplyTemplate/text_plugin_with_variable (0.00s)
2025-03-31T14:42:09.2821947Z     --- PASS: TestApplyTemplate/plugin_with_dynamic_operation (0.00s)
2025-03-31T14:42:09.2822752Z     --- PASS: TestApplyTemplate/multiple_plugins (0.00s)
2025-03-31T14:42:09.2823447Z     --- PASS: TestApplyTemplate/nested_plugins (0.00s)
2025-03-31T14:42:09.2824334Z     --- PASS: TestApplyTemplate/missing_variable (0.00s)
2025-03-31T14:42:09.2825032Z     --- PASS: TestApplyTemplate/unknown_plugin (0.00s)
2025-03-31T14:42:09.2825808Z     --- PASS: TestApplyTemplate/unknown_plugin_operation (0.00s)
2025-03-31T14:42:09.2827053Z     --- PASS: TestApplyTemplate/nested_plugin_error (0.00s)
2025-03-31T14:42:09.2827789Z     --- PASS: TestApplyTemplate/empty_template (0.00s)
2025-03-31T14:42:09.2828572Z     --- PASS: TestApplyTemplate/no_substitutions_needed (0.00s)
2025-03-31T14:42:09.2829164Z === RUN   TestTextPlugin
2025-03-31T14:42:09.2829589Z === RUN   TestTextPlugin/upper_basic
2025-03-31T14:42:09.2830103Z === RUN   TestTextPlugin/upper_mixed_case
2025-03-31T14:42:09.2830609Z === RUN   TestTextPlugin/lower_basic
2025-03-31T14:42:09.2831117Z === RUN   TestTextPlugin/lower_mixed_case
2025-03-31T14:42:09.2831628Z === RUN   TestTextPlugin/title_basic
2025-03-31T14:42:09.2832146Z === RUN   TestTextPlugin/title_with_apostrophe
2025-03-31T14:42:09.2832671Z === RUN   TestTextPlugin/trim_spaces
2025-03-31T14:42:09.2833164Z === RUN   TestTextPlugin/trim_newlines
2025-03-31T14:42:09.2833660Z === RUN   TestTextPlugin/empty_value
2025-03-31T14:42:09.2834374Z === RUN   TestTextPlugin/unknown_operation
2025-03-31T14:42:09.2834906Z --- PASS: TestTextPlugin (0.00s)
2025-03-31T14:42:09.2835512Z     --- PASS: TestTextPlugin/upper_basic (0.00s)
2025-03-31T14:42:09.2836210Z     --- PASS: TestTextPlugin/upper_mixed_case (0.00s)
2025-03-31T14:42:09.2836871Z     --- PASS: TestTextPlugin/lower_basic (0.00s)
2025-03-31T14:42:09.2837552Z     --- PASS: TestTextPlugin/lower_mixed_case (0.00s)
2025-03-31T14:42:09.2838212Z     --- PASS: TestTextPlugin/title_basic (0.00s)
2025-03-31T14:42:09.2838917Z     --- PASS: TestTextPlugin/title_with_apostrophe (0.00s)
2025-03-31T14:42:09.2839592Z     --- PASS: TestTextPlugin/trim_spaces (0.00s)
2025-03-31T14:42:09.2840233Z     --- PASS: TestTextPlugin/trim_newlines (0.00s)
2025-03-31T14:42:09.2840864Z     --- PASS: TestTextPlugin/empty_value (0.00s)
2025-03-31T14:42:09.2841519Z     --- PASS: TestTextPlugin/unknown_operation (0.00s)
2025-03-31T14:42:09.2842003Z PASS
2025-03-31T14:42:09.2842471Z ok  	github.com/danielmiessler/fabric/plugins/template	(cached)
2025-03-31T14:42:09.2958011Z ?   	github.com/danielmiessler/fabric/plugins/tools/code_helper	[no test files]
2025-03-31T14:42:09.2958970Z ?   	github.com/danielmiessler/fabric/plugins/tools/githelper	[no test files]
2025-03-31T14:42:09.2959656Z === RUN   TestHtmlReadability
2025-03-31T14:42:09.2959943Z === RUN   TestHtmlReadability/Empty_HTML
2025-03-31T14:42:09.2960254Z === RUN   TestHtmlReadability/HTML_with_text
2025-03-31T14:42:09.2960612Z === RUN   TestHtmlReadability/HTML_with_nested_tags
2025-03-31T14:42:09.2961003Z === RUN   TestHtmlReadability/HTML_missing_tags
2025-03-31T14:42:09.2961305Z --- PASS: TestHtmlReadability (0.00s)
2025-03-31T14:42:09.2961678Z     --- PASS: TestHtmlReadability/Empty_HTML (0.00s)
2025-03-31T14:42:09.2962073Z     --- PASS: TestHtmlReadability/HTML_with_text (0.00s)
2025-03-31T14:42:09.2962498Z     --- PASS: TestHtmlReadability/HTML_with_nested_tags (0.00s)
2025-03-31T14:42:09.2962927Z     --- PASS: TestHtmlReadability/HTML_missing_tags (0.00s)
2025-03-31T14:42:09.2963217Z PASS
2025-03-31T14:42:09.2963527Z ok  	github.com/danielmiessler/fabric/plugins/tools/converter	(cached)
2025-03-31T14:42:09.2964452Z ?   	github.com/danielmiessler/fabric/plugins/tools/jina	[no test files]
2025-03-31T14:42:09.2964952Z ?   	github.com/danielmiessler/fabric/plugins/tools/lang	[no test files]
2025-03-31T14:42:09.3038758Z ?   	github.com/danielmiessler/fabric/plugins/tools/to_pdf	[no test files]
2025-03-31T14:42:09.3039711Z ?   	github.com/danielmiessler/fabric/plugins/tools/youtube	[no test files]
2025-03-31T14:42:09.3040211Z ?   	github.com/danielmiessler/fabric/restapi	[no test files]
2025-03-31T14:42:09.3952136Z ##[group]Run nix flake check
2025-03-31T14:42:09.3952437Z [36;1mnix flake check[0m
2025-03-31T14:42:09.4007912Z shell: /usr/bin/bash -e {0}
2025-03-31T14:42:09.4008182Z env:
2025-03-31T14:42:09.4008471Z   DETSYS_BACKTRACE_COLLECTOR: 6fd42e61-7b41-4706-94f8-1f15e60a3b72
2025-03-31T14:42:09.4008823Z   DETERMINATE_NIX_KVM: 1
2025-03-31T14:42:09.4009047Z ##[endgroup]
2025-03-31T14:42:10.1914192Z evaluating flake...
2025-03-31T14:42:10.1919206Z checking flake output 'formatter'...
2025-03-31T14:42:10.2498171Z copying path '/nix/store/v0g0bxsd5gw6k0jz2855f8h7l1218925-source' from 'https://cache.nixos.org'...
2025-03-31T14:42:25.3778141Z unpacking 'github:nix-systems/default/da67096a3b9bf56a91d16901293e51ba5b49a27e?narHash=sha256-Vy1rq5AaRuLzOxct8nz4T6wlgyUR7zLU309k9mBC768%3D' into the Git cache...
2025-03-31T14:42:25.5750033Z checking derivation formatter.x86_64-linux...
2025-03-31T14:42:25.5918819Z unpacking 'github:numtide/treefmt-nix/13c913f5deb3a5c08bb810efd89dc8cb24dd968b?narHash=sha256-p2r8xhQZ3TYIEKBoiEhllKWQqWNJNoT9v64Vmg4q8Zw%3D' into the Git cache...
2025-03-31T14:42:28.6820382Z derivation evaluated to /nix/store/5cmn667g6zsa4l3hvklc423yzi9hihfh-treefmt.drv
2025-03-31T14:42:28.6821070Z checking flake output 'checks'...
2025-03-31T14:42:28.6821488Z checking derivation checks.x86_64-linux.formatting...
2025-03-31T14:42:28.6829454Z derivation evaluated to /nix/store/s59c3c4n8dfz5cym4wfjhlw772xa1b9z-treefmt-check.drv
2025-03-31T14:42:28.6830282Z checking flake output 'devShells'...
2025-03-31T14:42:28.6830847Z checking derivation devShells.x86_64-linux.default...
2025-03-31T14:42:28.7118567Z unpacking 'github:nix-community/gomod2nix/514283ec89c39ad0079ff2f3b1437404e4cba608?narHash=sha256-tPsqU00FhgdFr0JiQUiBMgPVbl1jbPCY5gbFiJycL3I%3D' into the Git cache...
2025-03-31T14:42:28.8922368Z unpacking 'github:numtide/flake-utils/ff7b65b44d01cf9ba6a71320833626af21126384?narHash=sha256-zsNZZGTGnMOf9YpHKJqMSsa0dXbfmxeoJ7xHlrt%2BxmY%3D' into the Git cache...
2025-03-31T14:42:29.0366717Z derivation evaluated to /nix/store/jdmgz1x8smaqmplip260cjp2y7kxy6ws-nix-shell.drv
2025-03-31T14:42:29.0367729Z checking flake output 'packages'...
2025-03-31T14:42:29.0368449Z checking derivation packages.x86_64-linux.gomod2nix...
2025-03-31T14:42:29.0369530Z derivation evaluated to /nix/store/i4lg9fpq4in0w1ml4g82d92wi22jshz8-gomod2nix-dev.drv
2025-03-31T14:42:29.0370332Z checking derivation packages.x86_64-linux.default...
2025-03-31T14:42:29.7517329Z derivation evaluated to /nix/store/qrf2klxcjs8zlzkshlmy88sjwv62p6ji-fabric-ai-1.4.166.drv
2025-03-31T14:42:29.7518543Z checking derivation packages.x86_64-linux.fabric...
2025-03-31T14:42:29.7519663Z derivation evaluated to /nix/store/qrf2klxcjs8zlzkshlmy88sjwv62p6ji-fabric-ai-1.4.166.drv
2025-03-31T14:42:29.7520566Z running 1 flake checks...
2025-03-31T14:42:29.8938963Z copying path '/nix/store/kn855hkv6yda9wi7g48lxwgplijqijb9-git-2.47.0-doc' from 'https://cache.nixos.org'...
2025-03-31T14:42:29.8951861Z copying path '/nix/store/gxv330afrspz91xzicqc291mvkgwfh5j-perl5.40.0-Digest-HMAC-1.04' from 'https://cache.nixos.org'...
2025-03-31T14:42:29.8956153Z copying path '/nix/store/1bp6wq4j24zjc9wlcnp2r2ffh4pwxfpc-perl5.40.0-FCGI-ProcManager-0.28' from 'https://cache.nixos.org'...
2025-03-31T14:42:29.8958704Z copying path '/nix/store/d43yysnlknxiq8q0fl338dxgxnyhx7ia-perl5.40.0-HTML-TagCloud-0.38' from 'https://cache.nixos.org'...
2025-03-31T14:42:29.8975339Z copying path '/nix/store/dh93rwf25khgdm3sqrsdzlzi1w09az9h-perl5.40.0-URI-5.21' from 'https://cache.nixos.org'...
2025-03-31T14:42:29.8979208Z copying path '/nix/store/mb0q4c1b7ag16vgjhy4zc32sy8c9ljfv-perl5.40.0-libnet-3.15' from 'https://cache.nixos.org'...
2025-03-31T14:42:29.8989101Z copying path '/nix/store/17v0ywnr3akp85pvdi56gwl99ljv95kx-gcc-14-20241116-libgcc' from 'https://cache.nixos.org'...
2025-03-31T14:42:29.8991362Z copying path '/nix/store/1m67ipsk39xvhyqrxnzv2m2p48pil8kl-gnu-config-2024-01-01' from 'https://cache.nixos.org'...
2025-03-31T14:42:29.8996457Z copying path '/nix/store/ky5k49f2byfjg49ci75ci89szy29hk4k-mailcap-2.1.54' from 'https://cache.nixos.org'...
2025-03-31T14:42:29.8998122Z copying path '/nix/store/2adzrcjbs8rrij7inakslzpv5fcq276i-perl5.40.0-Encode-Locale-1.05' from 'https://cache.nixos.org'...
2025-03-31T14:42:29.9001430Z copying path '/nix/store/390dg8pwcx489m9dpjdwqn6vzvrwfij0-perl5.40.0-LWP-MediaTypes-6.04' from 'https://cache.nixos.org'...
2025-03-31T14:42:29.9003179Z copying path '/nix/store/q2bw5vb464sam6bdsbb6lc0jaabf424l-perl5.40.0-IO-HTML-1.004' from 'https://cache.nixos.org'...
2025-03-31T14:42:29.9005277Z copying path '/nix/store/288yl27wjpamsijf2wwxvc21dhm4r7fv-perl5.40.0-HTML-Tagset-3.20' from 'https://cache.nixos.org'...
2025-03-31T14:42:29.9007081Z copying path '/nix/store/mynqz5pq27vc61wprpvr9qf3p41hnd1w-perl5.40.0-Test-Needs-0.002010' from 'https://cache.nixos.org'...
2025-03-31T14:42:29.9010036Z copying path '/nix/store/80nv8li5cbzrzkd4zgw79xnh7yq84wnf-perl5.40.0-Mozilla-CA-20230821' from 'https://cache.nixos.org'...
2025-03-31T14:42:29.9059302Z copying path '/nix/store/2b6gl02f7cmz2gzpw80jnygma6mmv965-perl5.40.0-Test-RequiresInternet-0.05' from 'https://cache.nixos.org'...
2025-03-31T14:42:29.9270873Z copying path '/nix/store/pmvskik4cp4vh4gy0affdavpwm79k2mf-iana-etc-20240318' from 'https://cache.nixos.org'...
2025-03-31T14:42:29.9272502Z copying path '/nix/store/xcqcgqazykf6s7fsn08k0blnh0wisdcl-libunistring-1.3' from 'https://cache.nixos.org'...
2025-03-31T14:42:29.9278585Z copying path '/nix/store/0lj0851s55mkwmylmkcw4m71m7ggl772-publicsuffix-list-0-unstable-2024-12-06' from 'https://cache.nixos.org'...
2025-03-31T14:42:29.9281646Z copying path '/nix/store/8bsvp7nbfr5kiw7clq0rwgzd6jfpzznz-perl5.40.0-Authen-SASL-2.1700' from 'https://cache.nixos.org'...
2025-03-31T14:42:29.9284895Z copying path '/nix/store/d29r1bdmlvwmj52apgcdxfl1mm9c5782-update-autotools-gnu-config-scripts-hook' from 'https://cache.nixos.org'...
2025-03-31T14:42:29.9286678Z copying path '/nix/store/la59y3p1cdiz0n0xh54n4dqriggdysyj-perl5.40.0-WWW-RobotRules-6.02' from 'https://cache.nixos.org'...
2025-03-31T14:42:29.9288317Z copying path '/nix/store/rzr5p0k0qmypknx41rnkwdzkmrp90ywa-perl5.40.0-TimeDate-2.33' from 'https://cache.nixos.org'...
2025-03-31T14:42:29.9294412Z copying path '/nix/store/acfkqzj5qrqs88a4a6ixnybbjxja663d-xgcc-14-20241116-libgcc' from 'https://cache.nixos.org'...
2025-03-31T14:42:29.9297368Z copying path '/nix/store/gfkyf4hw4riqwgf5scfk8r8g69crbn4x-tzdata-2024b' from 'https://cache.nixos.org'...
2025-03-31T14:42:29.9298888Z copying path '/nix/store/4whjf69dbgvlnxiy5jimdq89z200xv2j-perl5.40.0-Try-Tiny-0.31' from 'https://cache.nixos.org'...
2025-03-31T14:42:29.9300446Z copying path '/nix/store/1731fryiiiafq9y9py8mhf05wldfm0wv-perl5.40.0-Net-HTTP-6.23' from 'https://cache.nixos.org'...
2025-03-31T14:42:29.9468713Z copying path '/nix/store/chqcxl717ah0k021pfvfa7vrcl3gmnsb-perl5.40.0-Test-Fatal-0.017' from 'https://cache.nixos.org'...
2025-03-31T14:42:29.9559764Z copying path '/nix/store/a4qk8l5j6j2npm75wdwr0vb16ghccf2g-perl5.40.0-HTTP-Date-6.06' from 'https://cache.nixos.org'...
2025-03-31T14:42:29.9648065Z copying path '/nix/store/70alxzrz9bmb4n0jicr3vidckpgbjcby-perl5.40.0-File-Listing-6.16' from 'https://cache.nixos.org'...
2025-03-31T14:42:29.9667694Z copying path '/nix/store/s017walqrqjyr8r0qy1xxz0v0vsm9kin-perl5.40.0-HTTP-CookieJar-0.014' from 'https://cache.nixos.org'...
2025-03-31T14:42:29.9854961Z copying path '/nix/store/34z2792zyd4ayl5186vx0s98ckdaccz9-libidn2-2.3.7' from 'https://cache.nixos.org'...
2025-03-31T14:42:30.0063357Z copying path '/nix/store/65h17wjrrlsj2rj540igylrx7fqcd6vq-glibc-2.40-36' from 'https://cache.nixos.org'...
2025-03-31T14:42:30.4554136Z copying path '/nix/store/a9jgnlhkjkxav6qrc3rzg2q84pkl2wvr-attr-2.5.2' from 'https://cache.nixos.org'...
2025-03-31T14:42:30.4557627Z copying path '/nix/store/5mh7kaj2fyv8mk4sfq1brwxgc02884wi-bash-5.2p37' from 'https://cache.nixos.org'...
2025-03-31T14:42:30.4566792Z copying path '/nix/store/ivl2v8rgg7qh1jkj5pwpqycax3rc2hnl-bzip2-1.0.8' from 'https://cache.nixos.org'...
2025-03-31T14:42:30.4568790Z copying path '/nix/store/8zvalh0pmrmzypynv2gh8mw1vkkys19i-brotli-1.1.0-lib' from 'https://cache.nixos.org'...
2025-03-31T14:42:30.4570356Z copying path '/nix/store/74h4z8k82pmp24xryflv4lxkz8jlpqqd-ed-1.20.2' from 'https://cache.nixos.org'...
2025-03-31T14:42:30.4571727Z copying path '/nix/store/5ayb629gzbkc3amm6zd5jp1aciprb2zs-expat-2.6.4' from 'https://cache.nixos.org'...
2025-03-31T14:42:30.4573082Z copying path '/nix/store/abm77lnrkrkb58z6xp1qwjcr1xgkcfwm-gnused-4.9' from 'https://cache.nixos.org'...
2025-03-31T14:42:30.4574974Z copying path '/nix/store/mnnv5iqsa1hcc9v1snyxai3yqzmav9kf-gotools-0.25.0' from 'https://cache.nixos.org'...
2025-03-31T14:42:30.4576398Z copying path '/nix/store/a3c47r5z1q2c4rz0kvq8hlilkhx2s718-gawk-5.3.1' from 'https://cache.nixos.org'...
2025-03-31T14:42:30.4577660Z copying path '/nix/store/r04wysx6yl7ys1rdv1b1lih6in1810r0-libffi-3.4.6' from 'https://cache.nixos.org'...
2025-03-31T14:42:30.4579011Z copying path '/nix/store/2h8rk9xwa6xqy2pqk2lr2s57qbrx5p30-gdbm-1.24-lib' from 'https://cache.nixos.org'...
2025-03-31T14:42:30.4580532Z copying path '/nix/store/bpq1s72cw9qb2fs8mnmlw6hn2c7iy0ss-gcc-14-20241116-lib' from 'https://cache.nixos.org'...
2025-03-31T14:42:30.4582137Z copying path '/nix/store/i1mjz7h6bx4yv5x32wf726b1mgl4yygd-json-c-0.18' from 'https://cache.nixos.org'...
2025-03-31T14:42:30.4583650Z copying path '/nix/store/2wh1gqyzf5xsvxpdz2k0bxiz583wwq29-keyutils-1.6.3-lib' from 'https://cache.nixos.org'...
2025-03-31T14:42:30.4585493Z copying path '/nix/store/fp6cjl1zcmm6mawsnrb5yak1wkz2ma8l-gnumake-4.4.1' from 'https://cache.nixos.org'...
2025-03-31T14:42:30.4586839Z copying path '/nix/store/fkfhss4k4zqi3rqzwgisqa8gm8xjb0b2-libpsl-0.21.5' from 'https://cache.nixos.org'...
2025-03-31T14:42:30.4774778Z copying path '/nix/store/6cr0spsvymmrp1hj5n0kbaxw55w1lqyp-libxcrypt-4.4.36' from 'https://cache.nixos.org'...
2025-03-31T14:42:30.4776546Z copying path '/nix/store/srz64fswvjbph7i00ffvr3wbyjw87a06-libyaml-0.2.5' from 'https://cache.nixos.org'...
2025-03-31T14:42:30.4866446Z copying path '/nix/store/1aybnfshx1vxh7vi04bhfh1n69k15335-mpdecimal-4.0.0' from 'https://cache.nixos.org'...
2025-03-31T14:42:30.4899096Z copying path '/nix/store/wm1qn5jqrxpcjkc640gq8a90ns5gw3cn-ncurses-6.4.20221231' from 'https://cache.nixos.org'...
2025-03-31T14:42:30.4935811Z copying path '/nix/store/mglixp03lsp0w986svwdvm7vcy17rdax-bzip2-1.0.8-bin' from 'https://cache.nixos.org'...
2025-03-31T14:42:30.4989123Z copying path '/nix/store/82lh8f5wi6ya5jkcwr036md8630j652d-nghttp2-1.64.0-lib' from 'https://cache.nixos.org'...
2025-03-31T14:42:30.4990634Z copying path '/nix/store/cf7gkacyxmm66lwl5nj6j6yykbrg4q5c-acl-2.3.2' from 'https://cache.nixos.org'...
2025-03-31T14:42:30.5030722Z copying path '/nix/store/h1ydpxkw9qhjdxjpic1pdc2nirggyy6f-openssl-3.3.2' from 'https://cache.nixos.org'...
2025-03-31T14:42:30.5227661Z copying path '/nix/store/5yja5dpk2qw1v5mbfbl2d7klcdfrh90w-patch-2.7.6' from 'https://cache.nixos.org'...
2025-03-31T14:42:30.5249953Z copying path '/nix/store/3j1p598fivxs69wx3a657ysv3rw8k06l-pcre2-10.44' from 'https://cache.nixos.org'...
2025-03-31T14:42:30.5277205Z copying path '/nix/store/pjdkig8favrhn300cdyn6lzn52xch3an-perl5.40.0-FCGI-0.82' from 'https://cache.nixos.org'...
2025-03-31T14:42:30.5291287Z copying path '/nix/store/fxbqrwsfc6q63alynldajiw95lxsnajs-perl5.40.0-Clone-0.46' from 'https://cache.nixos.org'...
2025-03-31T14:42:30.5461867Z copying path '/nix/store/h60rh960bjnzmhgm2ab3bw86r2mma0g3-perl5.40.0-TermReadKey-2.38' from 'https://cache.nixos.org'...
2025-03-31T14:42:30.5475816Z copying path '/nix/store/8n58sbly7gdjscz5wkr6kia72dcf1qs5-treefmt-2.1.1' from 'https://cache.nixos.org'...
2025-03-31T14:42:30.5537945Z copying path '/nix/store/c2njy6bv84kw1i4bjf5k5gn7gz8hn57n-xz-5.6.3' from 'https://cache.nixos.org'...
2025-03-31T14:42:30.5589994Z copying path '/nix/store/cqlaa2xf6lslnizyj9xqa8j0ii1yqw0x-zlib-1.3.1' from 'https://cache.nixos.org'...
2025-03-31T14:42:30.5656094Z copying path '/nix/store/jfv85qbj4vb1dafcg6kncg4vrbq2bbxv-go-1.23.4' from 'https://cache.nixos.org'...
2025-03-31T14:42:30.5765083Z copying path '/nix/store/9cwwj1c9csmc85l2cqzs3h9hbf1vwl6c-gnutar-1.35' from 'https://cache.nixos.org'...
2025-03-31T14:42:30.5766542Z copying path '/nix/store/nvvj6sk0k6px48436drlblf4gafgbvzr-gzip-1.13' from 'https://cache.nixos.org'...
2025-03-31T14:42:30.5824205Z copying path '/nix/store/whf0g8g2yymkj5511bp4jl4v17s1kd23-perl5.40.0-HTTP-Message-6.45' from 'https://cache.nixos.org'...
2025-03-31T14:42:30.6067548Z copying path '/nix/store/c4rj90r2m89rxs64hmm857mipwjhig5d-file-5.46' from 'https://cache.nixos.org'...
2025-03-31T14:42:30.6069994Z copying path '/nix/store/dj96qp9vps02l3n8xgc2vallqa9rhafb-sqlite-3.47.0' from 'https://cache.nixos.org'...
2025-03-31T14:42:30.6445021Z copying path '/nix/store/8hdac0chc55s1ssv9xiksq96qr4r9g0r-perl5.40.0-HTML-Parser-3.81' from 'https://cache.nixos.org'...
2025-03-31T14:42:30.6447216Z copying path '/nix/store/8bybx6196xzn1c60kda1snpgf4x1zcfy-perl5.40.0-HTTP-Cookies-6.10' from 'https://cache.nixos.org'...
2025-03-31T14:42:30.6449815Z copying path '/nix/store/d6m831pl6cmsihdi8j5pywhsz75sbpwm-perl5.40.0-HTTP-Daemon-6.16' from 'https://cache.nixos.org'...
2025-03-31T14:42:30.6457930Z copying path '/nix/store/wjjpmk5a9mbpdz45bgamymmry86b4zx1-perl5.40.0-HTTP-Negotiate-6.01' from 'https://cache.nixos.org'...
2025-03-31T14:42:30.6627606Z copying path '/nix/store/h18s640fnhhj2qdh5vivcfbxvz377srg-xz-5.6.3-bin' from 'https://cache.nixos.org'...
2025-03-31T14:42:30.6726528Z copying path '/nix/store/aap6cq56amx4mzbyxp2wpgsf1kqjcr1f-gnugrep-3.11' from 'https://cache.nixos.org'...
2025-03-31T14:42:30.7230849Z copying path '/nix/store/w1mlpianxzqcwk98mvcwrffm8dv2ymgb-perl5.40.0-CGI-4.59' from 'https://cache.nixos.org'...
2025-03-31T14:42:30.7533991Z copying path '/nix/store/ghb61mqc90qf1nx6kyahhhagicyxvcyg-gmp-with-cxx-6.3.0' from 'https://cache.nixos.org'...
2025-03-31T14:42:30.7537933Z copying path '/nix/store/9a46kza0vbb4vdsdmpzbdc7f31y7hs0i-gettext-0.22.5' from 'https://cache.nixos.org'...
2025-03-31T14:42:30.7539492Z copying path '/nix/store/zc1f5d889k3xb33vdxw56mhah1q8a8lb-statix-0.5.8' from 'https://cache.nixos.org'...
2025-03-31T14:42:30.7547031Z copying path '/nix/store/c748z5q1ac6yc92xf69lm7mjaj52m4xx-deadnix-1.2.1' from 'https://cache.nixos.org'...
2025-03-31T14:42:30.7549452Z copying path '/nix/store/srfxqk119fijwnprgsqvn68ys9kiw0bn-patchelf-0.15.0' from 'https://cache.nixos.org'...
2025-03-31T14:42:30.7564807Z copying path '/nix/store/a2byxfv4lc8f2g5xfzw8cz5q8k05wi29-gmp-with-cxx-6.3.0' from 'https://cache.nixos.org'...
2025-03-31T14:42:30.7901097Z copying path '/nix/store/s0zynhz13rhg0gg8cy0ga4c0lnv3yqdn-zstd-1.5.6' from 'https://cache.nixos.org'...
2025-03-31T14:42:30.8926764Z copying path '/nix/store/wg7lvwiv4nc41p4a075dikgshwbqkk2h-perl5.40.0-CGI-Fast-2.16' from 'https://cache.nixos.org'...
2025-03-31T14:42:30.9546625Z copying path '/nix/store/fp0l21s4j49wcp9l4w59nlb4biy0dr8f-libssh2-1.11.1' from 'https://cache.nixos.org'...
2025-03-31T14:42:30.9587477Z copying path '/nix/store/zqkizm9zn19bf9n58xcfxl4ks7yfs8my-krb5-1.21.3-lib' from 'https://cache.nixos.org'...
2025-03-31T14:42:30.9595709Z copying path '/nix/store/zw1nv1w3fkmdklmsw9zp5l4hhfqlvf42-perl5.40.0-Net-SSLeay-1.92' from 'https://cache.nixos.org'...
2025-03-31T14:42:30.9624219Z copying path '/nix/store/4s9rah4cwaxflicsk5cndnknqlk9n4p3-coreutils-9.5' from 'https://cache.nixos.org'...
2025-03-31T14:42:31.1615349Z copying path '/nix/store/9jzrcxf9wi9yp679il6j6zh6cq81p4s9-readline-8.2p13' from 'https://cache.nixos.org'...
2025-03-31T14:42:31.3358686Z copying path '/nix/store/jwlvx6cl4s7dnh8i2vw7p8g35p6k0ln7-perl5.40.0-IO-Socket-SSL-2.083' from 'https://cache.nixos.org'...
2025-03-31T14:42:31.3467945Z copying path '/nix/store/c9m6yd8fg1flz2j5r4bif1ib5j20a0cy-python3-3.12.8' from 'https://cache.nixos.org'...
2025-03-31T14:42:31.3634405Z copying path '/nix/store/00g69vw7c9lycy63h45ximy0wmzqx5y6-diffutils-3.10' from 'https://cache.nixos.org'...
2025-03-31T14:42:31.3636342Z copying path '/nix/store/1i003ijlh9i0mzp6alqby5hg3090pjdx-perl-5.40.0' from 'https://cache.nixos.org'...
2025-03-31T14:42:31.3638911Z copying path '/nix/store/jqrz1vq5nz4lnv9pqzydj0ir58wbjfy1-findutils-4.10.0' from 'https://cache.nixos.org'...
2025-03-31T14:42:31.3650242Z copying path '/nix/store/zk4ixqhn7hl77g1qlnpy40ccjzjrwpn2-perl5.40.0-Net-SMTP-SSL-1.04' from 'https://cache.nixos.org'...
2025-03-31T14:42:31.3798118Z copying path '/nix/store/8yfak7dis3yqqls4mclzp5jb1ic2jzab-curl-8.11.0' from 'https://cache.nixos.org'...
2025-03-31T14:42:31.5036877Z copying path '/nix/store/4ig84cyqi6qy4n0sanrbzsw1ixa497jx-stdenv-linux' from 'https://cache.nixos.org'...
2025-03-31T14:42:31.5074771Z copying path '/nix/store/wkysiv0sxqs6wn44nb46bbyig4plzsy4-elfutils-0.192' from 'https://cache.nixos.org'...
2025-03-31T14:42:31.8677627Z copying path '/nix/store/lch913ar0a3w3f6d63crf5vfvpckddk1-nixfmt-unstable-2024-12-04' from 'https://cache.nixos.org'...
2025-03-31T14:42:32.5838651Z copying path '/nix/store/zjwgaram0g5v8k3nkrrxkj8zjvrrkqld-perl5.40.0-libwww-perl-6.72' from 'https://cache.nixos.org'...
2025-03-31T14:42:33.5706275Z copying path '/nix/store/iwq58rpn6idjnxbnyjh351776qzvsd0r-git-2.47.0' from 'https://cache.nixos.org'...
2025-03-31T14:42:33.5707877Z copying path '/nix/store/a7p8w035ri614k9y82y7c9cs9fkvb6ac-python3.12-colorama-0.4.6' from 'https://cache.nixos.org'...
2025-03-31T14:42:33.5714507Z copying path '/nix/store/r5kb9400ihayy81jgj6rw6cwxlq6k24a-python3.12-pyyaml-6.0.2' from 'https://cache.nixos.org'...
2025-03-31T14:42:33.5717284Z copying path '/nix/store/ncvqa6aazrsh3lyjwrd0q5wjvng8si8w-python3.12-pygments-2.18.0' from 'https://cache.nixos.org'...
2025-03-31T14:42:33.5718992Z copying path '/nix/store/ka3h6h9gj6wf24yckrch9844pd4bklfc-python3.12-cbor2-5.6.4' from 'https://cache.nixos.org'...
2025-03-31T14:42:33.5720659Z copying path '/nix/store/svijjywn5mk2ljh4c9lx2my1w2jmr8hy-python3.12-ruamel-base-1.0.0' from 'https://cache.nixos.org'...
2025-03-31T14:42:33.5722356Z copying path '/nix/store/iqjg6b78n41i9r2z7i70q0nk6m1d8h6k-python3.12-ruamel-yaml-clib-0.2.7' from 'https://cache.nixos.org'...
2025-03-31T14:42:33.5724225Z copying path '/nix/store/f3a35ljg6yaxf4cxb5fqc562r3v978x7-python3.12-mdurl-0.1.2' from 'https://cache.nixos.org'...
2025-03-31T14:42:33.5725870Z copying path '/nix/store/ls6dyvvnxji760drr228z8v5n6mivzdh-python3.12-u-msgpack-python-2.8.0' from 'https://cache.nixos.org'...
2025-03-31T14:42:33.5727535Z copying path '/nix/store/v9vdk698r9jk17z6ipph79cj9wjqb573-python3.12-tomlkit-0.13.2' from 'https://cache.nixos.org'...
2025-03-31T14:42:33.5731192Z copying path '/nix/store/03kwj7hvj4f32ss5g99zm2wq18h8r0wf-python3.12-six-1.17.0' from 'https://cache.nixos.org'...
2025-03-31T14:42:33.6162825Z copying path '/nix/store/vnkay8zkgfh38biyhgj1rp2886qlw9bz-python3.12-markdown-it-py-3.0.0' from 'https://cache.nixos.org'...
2025-03-31T14:42:33.6215316Z copying path '/nix/store/mv5jpzs99allm6ni5zfjbhmyvjw8mdcj-python3.12-python-dateutil-2.9.0.post0' from 'https://cache.nixos.org'...
2025-03-31T14:42:33.6223455Z copying path '/nix/store/ipci9bcpb3kaxq88f5wwcyf3spvqk265-python3.12-ruamel-yaml-0.18.6' from 'https://cache.nixos.org'...
2025-03-31T14:42:33.9522214Z copying path '/nix/store/8cipdqyzsiyqx1d73lzs89anz2sb9pzs-python3.12-rich-13.9.4' from 'https://cache.nixos.org'...
2025-03-31T14:42:34.0357763Z copying path '/nix/store/zqsb4b4rdf5yl7i76vwjhg49hbgp3nli-python3.12-rich-argparse-1.6.0' from 'https://cache.nixos.org'...
2025-03-31T14:42:34.0587764Z copying path '/nix/store/lmzwm13gz7am129ihxg2zjmm51vinaaf-python3.12-remarshal-0.20.0' from 'https://cache.nixos.org'...
2025-03-31T14:42:34.1125103Z building '/nix/store/zpykvf42zcd44mif9y3sfv2l7zkvjnlz-statix.toml.drv'...
2025-03-31T14:42:34.4250458Z building '/nix/store/h2wyc6zpxd83yipm3y33gf2ygqiar5w6-statix-config.drv'...
2025-03-31T14:42:34.4884899Z building '/nix/store/f0pci68fildnfn38bjwfm4fx0dcy1wbq-statix-fix.drv'...
2025-03-31T14:42:35.4302475Z building '/nix/store/ybkhyn9wxyx9sbga5j8cf67g1xd0d6fk-treefmt.toml.drv'...
2025-03-31T14:42:35.6612895Z building '/nix/store/5cmn667g6zsa4l3hvklc423yzi9hihfh-treefmt.drv'...
2025-03-31T14:42:35.7298208Z building '/nix/store/s59c3c4n8dfz5cym4wfjhlw772xa1b9z-treefmt-check.drv'...
2025-03-31T14:42:37.8282356Z warning: The check omitted these incompatible systems: aarch64-darwin, aarch64-linux, x86_64-darwin
2025-03-31T14:42:37.8282916Z Use '--all-systems' to check all.
2025-03-31T14:42:37.8693297Z Post job cleanup.
2025-03-31T14:42:37.9804260Z [command]/opt/hostedtoolcache/go/1.23.4/x64/bin/go env GOMODCACHE
2025-03-31T14:42:37.9840618Z [command]/opt/hostedtoolcache/go/1.23.4/x64/bin/go env GOCACHE
2025-03-31T14:42:37.9863971Z /home/runner/go/pkg/mod
2025-03-31T14:42:37.9891018Z /home/runner/.cache/go-build
2025-03-31T14:42:37.9896819Z Cache hit occurred on the primary key setup-go-Linux-ubuntu24-go-1.23.4-fb3a49bfbadb5d2ac4f8a604184ae5de5b05a638902723a4ae3917e9cfdc67b2, not saving cache.
2025-03-31T14:42:38.0013415Z Post job cleanup.
2025-03-31T14:42:38.3398772Z [0;31m[1m[4mDeterminate Systems, Inc. Status
2025-03-31T14:42:38.3400444Z üîµ monitoring: FlakeHub.com flake status badges are unavailable. (https://status.determinate.systems/incidents/d3b01872-0b21-4423-b28d-c3cb2a081446)
2025-03-31T14:42:38.3401694Z See: https://status.determinate.systems/
2025-03-31T14:42:38.3402086Z 
2025-03-31T14:42:39.2063493Z Post job cleanup.
2025-03-31T14:42:39.2986008Z [command]/usr/bin/git version
2025-03-31T14:42:39.3021857Z git version 2.49.0
2025-03-31T14:42:39.3066147Z Temporarily overriding HOME='/home/runner/work/_temp/4ea935aa-26ff-46de-8041-a572e71f0c29' before making global git config changes
2025-03-31T14:42:39.3067560Z Adding repository directory to the temporary git global config as a safe directory
2025-03-31T14:42:39.3079090Z [command]/usr/bin/git config --global --add safe.directory /home/runner/work/fabric/fabric
2025-03-31T14:42:39.3114815Z [command]/usr/bin/git config --local --name-only --get-regexp core\.sshCommand
2025-03-31T14:42:39.3148045Z [command]/usr/bin/git submodule foreach --recursive sh -c "git config --local --name-only --get-regexp 'core\.sshCommand' && git config --local --unset-all 'core.sshCommand' || :"
2025-03-31T14:42:39.3378143Z [command]/usr/bin/git config --local --name-only --get-regexp http\.https\:\/\/github\.com\/\.extraheader
2025-03-31T14:42:39.3398315Z http.https://github.com/.extraheader
2025-03-31T14:42:39.3410381Z [command]/usr/bin/git config --local --unset-all http.https://github.com/.extraheader
2025-03-31T14:42:39.3440891Z [command]/usr/bin/git submodule foreach --recursive sh -c "git config --local --name-only --get-regexp 'http\.https\:\/\/github\.com\/\.extraheader' && git config --local --unset-all 'http.https://github.com/.extraheader' || :"
2025-03-31T14:42:39.3767445Z Cleaning up orphan processes
