2025-03-03T14:22:45.0050490Z Prepare all required actions
2025-03-03T14:22:45.0051000Z Getting action download info
2025-03-03T14:22:45.1351570Z Download action repository 'actions/setup-node@v4' (SHA:1d0ff469b7ec7b3cb9d8673fde0c81c44821de2a)
2025-03-03T14:22:46.2430650Z Download action repository 'actions/cache@v4' (SHA:d4323d4df104b026a6aa633fdb11d772146be0bf)
2025-03-03T14:22:47.3508490Z ##[group]Run ./.github/actions/setup
2025-03-03T14:22:47.3509260Z env:
2025-03-03T14:22:47.3509450Z   IS_CI: true
2025-03-03T14:22:47.3509620Z   NPM_CACHE: /Users/runner/.npm
2025-03-03T14:22:47.3509820Z ##[endgroup]
2025-03-03T14:22:47.3609300Z ##[group]Run actions/setup-node@v4
2025-03-03T14:22:47.3609500Z with:
2025-03-03T14:22:47.3609640Z   node-version: 20
2025-03-03T14:22:47.3624000Z   always-auth: false
2025-03-03T14:22:47.3624260Z   check-latest: false
2025-03-03T14:22:47.3624580Z   token: ***
2025-03-03T14:22:47.3624750Z env:
2025-03-03T14:22:47.3624880Z   IS_CI: true
2025-03-03T14:22:47.3625040Z   NPM_CACHE: /Users/runner/.npm
2025-03-03T14:22:47.3625290Z ##[endgroup]
2025-03-03T14:22:47.5159220Z Found in cache @ /Users/runner/hostedtoolcache/node/20.18.1/arm64
2025-03-03T14:22:47.5163310Z ##[group]Environment details
2025-03-03T14:22:47.8466060Z node: v20.18.1
2025-03-03T14:22:47.8466950Z npm: 10.8.2
2025-03-03T14:22:47.8467320Z yarn: 1.22.22
2025-03-03T14:22:47.8468380Z ##[endgroup]
2025-03-03T14:22:47.9217520Z ##[group]Run actions/cache@v4
2025-03-03T14:22:47.9217800Z with:
2025-03-03T14:22:47.9217930Z   path: /Users/runner/.npm
2025-03-03T14:22:47.9218250Z   key: macOS-npm-cache-fe0b922e097600142581882ab8f2b5fcf37ac8754ec14f03e8edfbc04d9efa7b
2025-03-03T14:22:47.9218600Z   restore-keys: macOS-npm-cache-

2025-03-03T14:22:47.9218810Z   enableCrossOsArchive: false
2025-03-03T14:22:47.9219010Z   fail-on-cache-miss: false
2025-03-03T14:22:47.9219180Z   lookup-only: false
2025-03-03T14:22:47.9219330Z   save-always: false
2025-03-03T14:22:47.9219470Z env:
2025-03-03T14:22:47.9219590Z   IS_CI: true
2025-03-03T14:22:47.9219740Z   NPM_CACHE: /Users/runner/.npm
2025-03-03T14:22:47.9219980Z ##[endgroup]
2025-03-03T14:22:48.2464670Z Cache hit for: macOS-npm-cache-fe0b922e097600142581882ab8f2b5fcf37ac8754ec14f03e8edfbc04d9efa7b
2025-03-03T14:22:49.4432950Z Received 50331648 of 136438249 (36.9%), 47.8 MBs/sec
2025-03-03T14:22:50.2240910Z Received 136438249 of 136438249 (100.0%), 72.6 MBs/sec
2025-03-03T14:22:50.2242350Z Cache Size: ~130 MB (136438249 B)
2025-03-03T14:22:50.2268980Z [command]/opt/homebrew/bin/gtar -xf /Users/runner/work/_temp/77e0bad5-de28-4f09-8325-1a02496c1efc/cache.tzst -P -C /Users/runner/work/lx-music-desktop/lx-music-desktop --delay-directory-restore --use-compress-program unzstd
2025-03-03T14:22:51.4522570Z Cache restored successfully
2025-03-03T14:22:51.4786880Z Cache restored from key: macOS-npm-cache-6983bad945eaad346dc31c700877cefed2656dc69a392185710244a2c5e72c97
2025-03-03T14:22:51.4907230Z ##[group]Run npm ci
2025-03-03T14:22:51.4907490Z [36;1mnpm ci[0m
2025-03-03T14:22:51.4963260Z shell: /bin/bash --noprofile --norc -e -o pipefail {0}
2025-03-03T14:22:51.4968270Z env:
2025-03-03T14:22:51.4968480Z   IS_CI: true
2025-03-03T14:22:51.4968760Z   NPM_CACHE: /Users/runner/.npm
2025-03-03T14:22:51.4969000Z ##[endgroup]
2025-03-03T14:22:52.7618590Z npm warn skipping integrity check for git dependency ssh://git@github.com/lyswhut/webpack-hot-middleware.git
2025-03-03T14:22:52.7697880Z npm warn skipping integrity check for git dependency ssh://git@github.com/lyswhut/spinnies.git
2025-03-03T14:22:52.7826720Z npm warn skipping integrity check for git dependency ssh://git@github.com/lyswhut/needle.git
2025-03-03T14:22:52.7987570Z npm warn skipping integrity check for git dependency ssh://git@github.com/lyswhut/eslint-friendly-formatter.git
2025-03-03T14:22:52.7993770Z npm warn skipping integrity check for git dependency ssh://git@github.com/lyswhut/electron-devtools-installer.git
2025-03-03T14:22:52.8183660Z npm warn skipping integrity check for git dependency ssh://git@github.com/electron/node-gyp.git
2025-03-03T14:23:12.7143720Z 
2025-03-03T14:23:12.7147520Z > lx-music-desktop@2.11.0-beta.1 postinstall
2025-03-03T14:23:12.7148620Z > electron-builder install-app-deps
2025-03-03T14:23:12.7149050Z 
2025-03-03T14:23:13.4543090Z   â€¢ electron-builder  version=26.0.9
2025-03-03T14:23:13.5714450Z   â€¢ executing @electron/rebuild  electronVersion=34.3.0 arch=arm64 buildFromSource=false appDir=./
2025-03-03T14:23:13.5721800Z   â€¢ installing native dependencies  arch=arm64
2025-03-03T14:23:13.9924840Z   â€¢ preparing       moduleName=better-sqlite3 arch=arm64
2025-03-03T14:23:14.1064500Z   â€¢ finished        moduleName=better-sqlite3 arch=arm64
2025-03-03T14:23:14.1065360Z   â€¢ preparing       moduleName=bufferutil arch=arm64
2025-03-03T14:23:16.8936240Z   â€¢ finished        moduleName=bufferutil arch=arm64
2025-03-03T14:23:16.8960370Z   â€¢ preparing       moduleName=utf-8-validate arch=arm64
2025-03-03T14:23:18.2377120Z   â€¢ finished        moduleName=utf-8-validate arch=arm64
2025-03-03T14:23:18.2450000Z   â€¢ completed installing native dependencies
2025-03-03T14:23:18.2813520Z 
2025-03-03T14:23:18.2814630Z added 1346 packages, and audited 1347 packages in 27s
2025-03-03T14:23:18.2820140Z 
2025-03-03T14:23:18.2820490Z 257 packages are looking for funding
2025-03-03T14:23:18.2820870Z   run `npm fund` for details
2025-03-03T14:23:18.2983770Z 
2025-03-03T14:23:18.2984940Z 1 moderate severity vulnerability
2025-03-03T14:23:18.2985370Z 
2025-03-03T14:23:18.2985610Z To address all issues (including breaking changes), run:
2025-03-03T14:23:18.2986100Z   npm audit fix --force
2025-03-03T14:23:18.2986220Z 
2025-03-03T14:23:18.2986340Z Run `npm audit` for details.
