2025-04-13T17:43:38.1102845Z Requested labels: ubuntu-latest
2025-04-13T17:43:38.1103069Z Job defined at: rasbt/LLMs-from-scratch/.github/workflows/check-links.yml@refs/pull/615/merge
2025-04-13T17:43:38.1103160Z Waiting for a runner to pick up this job...
2025-04-13T17:43:39.2454825Z Job is waiting for a hosted runner to come online.
2025-04-13T17:43:41.2809339Z Job is about to start running on the hosted runner: GitHub Actions 15 (hosted)
2025-04-13T17:43:42.9801910Z Current runner version: '2.323.0'
2025-04-13T17:43:42.9828885Z ##[group]Operating System
2025-04-13T17:43:42.9829763Z Ubuntu
2025-04-13T17:43:42.9830290Z 24.04.2
2025-04-13T17:43:42.9830790Z LTS
2025-04-13T17:43:42.9831316Z ##[endgroup]
2025-04-13T17:43:42.9831818Z ##[group]Runner Image
2025-04-13T17:43:42.9832377Z Image: ubuntu-24.04
2025-04-13T17:43:42.9832953Z Version: 20250406.1.0
2025-04-13T17:43:42.9833985Z Included Software: https://github.com/actions/runner-images/blob/ubuntu24/20250406.1/images/ubuntu/Ubuntu2404-Readme.md
2025-04-13T17:43:42.9835323Z Image Release: https://github.com/actions/runner-images/releases/tag/ubuntu24%2F20250406.1
2025-04-13T17:43:42.9836474Z ##[endgroup]
2025-04-13T17:43:42.9837003Z ##[group]Runner Image Provisioner
2025-04-13T17:43:42.9837597Z 2.0.422.1
2025-04-13T17:43:42.9838175Z ##[endgroup]
2025-04-13T17:43:42.9839254Z ##[group]GITHUB_TOKEN Permissions
2025-04-13T17:43:42.9841298Z Contents: read
2025-04-13T17:43:42.9841874Z Metadata: read
2025-04-13T17:43:42.9842668Z Packages: read
2025-04-13T17:43:42.9843256Z ##[endgroup]
2025-04-13T17:43:42.9846526Z Secret source: None
2025-04-13T17:43:42.9847572Z Prepare workflow directory
2025-04-13T17:43:43.0165438Z Prepare all required actions
2025-04-13T17:43:43.0202607Z Getting action download info
2025-04-13T17:43:43.2209375Z ##[group]Download immutable action package 'actions/checkout@v4'
2025-04-13T17:43:43.2210343Z Version: 4.2.2
2025-04-13T17:43:43.2211237Z Digest: sha256:ccb2698953eaebd21c7bf6268a94f9c26518a7e38e27e0b83c1fe1ad049819b1
2025-04-13T17:43:43.2212352Z Source commit SHA: 11bd71901bbe5b1630ceea73d27597364c9af683
2025-04-13T17:43:43.2213047Z ##[endgroup]
2025-04-13T17:43:43.3061828Z ##[group]Download immutable action package 'actions/setup-python@v5'
2025-04-13T17:43:43.3062615Z Version: 5.5.0
2025-04-13T17:43:43.3063318Z Digest: sha256:1fac95d751afd58314aebd2ab01d4bf3b3109a441917bd2cac2a22898ec494f7
2025-04-13T17:43:43.3064253Z Source commit SHA: 8d9ed9ac5c53483de85588cdf95a591a75ab9f55
2025-04-13T17:43:43.3064919Z ##[endgroup]
2025-04-13T17:43:43.6578823Z Complete job name: test
2025-04-13T17:43:43.7281552Z ##[group]Run actions/checkout@v4
2025-04-13T17:43:43.7282451Z with:
2025-04-13T17:43:43.7282926Z   repository: rasbt/LLMs-from-scratch
2025-04-13T17:43:43.7283693Z   token: ***
2025-04-13T17:43:43.7284129Z   ssh-strict: true
2025-04-13T17:43:43.7284564Z   ssh-user: git
2025-04-13T17:43:43.7285016Z   persist-credentials: true
2025-04-13T17:43:43.7285533Z   clean: true
2025-04-13T17:43:43.7286002Z   sparse-checkout-cone-mode: true
2025-04-13T17:43:43.7286710Z   fetch-depth: 1
2025-04-13T17:43:43.7287162Z   fetch-tags: false
2025-04-13T17:43:43.7287626Z   show-progress: true
2025-04-13T17:43:43.7288081Z   lfs: false
2025-04-13T17:43:43.7288503Z   submodules: false
2025-04-13T17:43:43.7288966Z   set-safe-directory: true
2025-04-13T17:43:43.7289718Z ##[endgroup]
2025-04-13T17:43:43.9007406Z Syncing repository: rasbt/LLMs-from-scratch
2025-04-13T17:43:43.9009731Z ##[group]Getting Git version info
2025-04-13T17:43:43.9011384Z Working directory is '/home/runner/work/LLMs-from-scratch/LLMs-from-scratch'
2025-04-13T17:43:43.9012655Z [command]/usr/bin/git version
2025-04-13T17:43:43.9058265Z git version 2.49.0
2025-04-13T17:43:43.9085112Z ##[endgroup]
2025-04-13T17:43:43.9098869Z Temporarily overriding HOME='/home/runner/work/_temp/95a5f237-2f8d-4cbb-8a42-fdd4246cf1fd' before making global git config changes
2025-04-13T17:43:43.9100352Z Adding repository directory to the temporary git global config as a safe directory
2025-04-13T17:43:43.9103915Z [command]/usr/bin/git config --global --add safe.directory /home/runner/work/LLMs-from-scratch/LLMs-from-scratch
2025-04-13T17:43:43.9136826Z Deleting the contents of '/home/runner/work/LLMs-from-scratch/LLMs-from-scratch'
2025-04-13T17:43:43.9140575Z ##[group]Initializing the repository
2025-04-13T17:43:43.9144431Z [command]/usr/bin/git init /home/runner/work/LLMs-from-scratch/LLMs-from-scratch
2025-04-13T17:43:43.9201844Z hint: Using 'master' as the name for the initial branch. This default branch name
2025-04-13T17:43:43.9203216Z hint: is subject to change. To configure the initial branch name to use in all
2025-04-13T17:43:43.9204181Z hint: of your new repositories, which will suppress this warning, call:
2025-04-13T17:43:43.9204921Z hint:
2025-04-13T17:43:43.9205449Z hint: 	git config --global init.defaultBranch <name>
2025-04-13T17:43:43.9206201Z hint:
2025-04-13T17:43:43.9207043Z hint: Names commonly chosen instead of 'master' are 'main', 'trunk' and
2025-04-13T17:43:43.9208628Z hint: 'development'. The just-created branch can be renamed via this command:
2025-04-13T17:43:43.9209396Z hint:
2025-04-13T17:43:43.9209826Z hint: 	git branch -m <name>
2025-04-13T17:43:43.9210712Z Initialized empty Git repository in /home/runner/work/LLMs-from-scratch/LLMs-from-scratch/.git/
2025-04-13T17:43:43.9219950Z [command]/usr/bin/git remote add origin https://github.com/rasbt/LLMs-from-scratch
2025-04-13T17:43:43.9255440Z ##[endgroup]
2025-04-13T17:43:43.9257185Z ##[group]Disabling automatic garbage collection
2025-04-13T17:43:43.9260527Z [command]/usr/bin/git config --local gc.auto 0
2025-04-13T17:43:43.9289601Z ##[endgroup]
2025-04-13T17:43:43.9291123Z ##[group]Setting up auth
2025-04-13T17:43:43.9297158Z [command]/usr/bin/git config --local --name-only --get-regexp core\.sshCommand
2025-04-13T17:43:43.9328669Z [command]/usr/bin/git submodule foreach --recursive sh -c "git config --local --name-only --get-regexp 'core\.sshCommand' && git config --local --unset-all 'core.sshCommand' || :"
2025-04-13T17:43:43.9623816Z [command]/usr/bin/git config --local --name-only --get-regexp http\.https\:\/\/github\.com\/\.extraheader
2025-04-13T17:43:43.9655130Z [command]/usr/bin/git submodule foreach --recursive sh -c "git config --local --name-only --get-regexp 'http\.https\:\/\/github\.com\/\.extraheader' && git config --local --unset-all 'http.https://github.com/.extraheader' || :"
2025-04-13T17:43:43.9907345Z [command]/usr/bin/git config --local http.https://github.com/.extraheader AUTHORIZATION: basic ***
2025-04-13T17:43:43.9951187Z ##[endgroup]
2025-04-13T17:43:43.9963017Z ##[group]Fetching the repository
2025-04-13T17:43:43.9965759Z [command]/usr/bin/git -c protocol.version=2 fetch --no-tags --prune --no-recurse-submodules --depth=1 origin +829bb8898bc0135847f4953e149d7020725a49b1:refs/remotes/pull/615/merge
2025-04-13T17:43:44.5873692Z From https://github.com/rasbt/LLMs-from-scratch
2025-04-13T17:43:44.5875180Z  * [new ref]         829bb8898bc0135847f4953e149d7020725a49b1 -> pull/615/merge
2025-04-13T17:43:44.5900140Z ##[endgroup]
2025-04-13T17:43:44.5902101Z ##[group]Determining the checkout info
2025-04-13T17:43:44.5904218Z ##[endgroup]
2025-04-13T17:43:44.5908666Z [command]/usr/bin/git sparse-checkout disable
2025-04-13T17:43:44.5952771Z [command]/usr/bin/git config --local --unset-all extensions.worktreeConfig
2025-04-13T17:43:44.5980986Z ##[group]Checking out the ref
2025-04-13T17:43:44.5984759Z [command]/usr/bin/git checkout --progress --force refs/remotes/pull/615/merge
2025-04-13T17:43:44.6317932Z Note: switching to 'refs/remotes/pull/615/merge'.
2025-04-13T17:43:44.6319556Z 
2025-04-13T17:43:44.6320759Z You are in 'detached HEAD' state. You can look around, make experimental
2025-04-13T17:43:44.6323000Z changes and commit them, and you can discard any commits you make in this
2025-04-13T17:43:44.6325785Z state without impacting any branches by switching back to a branch.
2025-04-13T17:43:44.6327631Z 
2025-04-13T17:43:44.6328718Z If you want to create a new branch to retain commits you create, you may
2025-04-13T17:43:44.6331218Z do so (now or later) by using -c with the switch command. Example:
2025-04-13T17:43:44.6332679Z 
2025-04-13T17:43:44.6333287Z   git switch -c <new-branch-name>
2025-04-13T17:43:44.6334270Z 
2025-04-13T17:43:44.6334823Z Or undo this operation with:
2025-04-13T17:43:44.6335703Z 
2025-04-13T17:43:44.6336197Z   git switch -
2025-04-13T17:43:44.6337100Z 
2025-04-13T17:43:44.6338083Z Turn off this advice by setting config variable advice.detachedHead to false
2025-04-13T17:43:44.6339675Z 
2025-04-13T17:43:44.6341199Z HEAD is now at 829bb88 Merge 5add77f826ee1a6b6e7facacbda8aeb3c3a4edca into 72efebd7f8edfc5be13a4b1a6a38b762375bc8d6
2025-04-13T17:43:44.6347031Z ##[endgroup]
2025-04-13T17:43:44.6364062Z [command]/usr/bin/git log -1 --format=%H
2025-04-13T17:43:44.6386028Z 829bb8898bc0135847f4953e149d7020725a49b1
2025-04-13T17:43:44.6779700Z ##[group]Run actions/setup-python@v5
2025-04-13T17:43:44.6780943Z with:
2025-04-13T17:43:44.6781822Z   python-version: 3.10
2025-04-13T17:43:44.6782852Z   check-latest: false
2025-04-13T17:43:44.6784121Z   token: ***
2025-04-13T17:43:44.6785045Z   update-environment: true
2025-04-13T17:43:44.6786153Z   allow-prereleases: false
2025-04-13T17:43:44.6787396Z   freethreaded: false
2025-04-13T17:43:44.6788365Z ##[endgroup]
2025-04-13T17:43:44.8482400Z ##[group]Installed versions
2025-04-13T17:43:44.8545770Z Successfully set up CPython (3.10.16)
2025-04-13T17:43:44.8548739Z ##[endgroup]
2025-04-13T17:43:44.8698652Z ##[group]Run curl -LsSf https://astral.sh/uv/install.sh | sh
2025-04-13T17:43:44.8700394Z [36;1mcurl -LsSf https://astral.sh/uv/install.sh | sh[0m
2025-04-13T17:43:44.8701874Z [36;1muv add pytest-ruff pytest-check-links[0m
2025-04-13T17:43:44.8758939Z shell: /usr/bin/bash -e {0}
2025-04-13T17:43:44.8759938Z env:
2025-04-13T17:43:44.8760953Z   pythonLocation: /opt/hostedtoolcache/Python/3.10.16/x64
2025-04-13T17:43:44.8762716Z   PKG_CONFIG_PATH: /opt/hostedtoolcache/Python/3.10.16/x64/lib/pkgconfig
2025-04-13T17:43:44.8764454Z   Python_ROOT_DIR: /opt/hostedtoolcache/Python/3.10.16/x64
2025-04-13T17:43:44.8766024Z   Python2_ROOT_DIR: /opt/hostedtoolcache/Python/3.10.16/x64
2025-04-13T17:43:44.8767838Z   Python3_ROOT_DIR: /opt/hostedtoolcache/Python/3.10.16/x64
2025-04-13T17:43:44.8769445Z   LD_LIBRARY_PATH: /opt/hostedtoolcache/Python/3.10.16/x64/lib
2025-04-13T17:43:44.8770789Z ##[endgroup]
2025-04-13T17:43:45.4395685Z downloading uv 0.6.14 x86_64-unknown-linux-gnu
2025-04-13T17:43:45.6911460Z no checksums to verify
2025-04-13T17:43:45.9994215Z installing to /home/runner/.local/bin
2025-04-13T17:43:46.0041397Z   uv
2025-04-13T17:43:46.0063488Z   uvx
2025-04-13T17:43:46.0064789Z everything's installed!
2025-04-13T17:43:46.4509908Z Using CPython 3.10.16 interpreter at: /opt/hostedtoolcache/Python/3.10.16/x64/bin/python3
2025-04-13T17:43:46.4510925Z Creating virtual environment at: .venv
2025-04-13T17:43:47.5484520Z Resolved 191 packages in 1.09s
2025-04-13T17:43:47.5967377Z    Building llms-from-scratch @ file:///home/runner/work/LLMs-from-scratch/LLMs-from-scratch
2025-04-13T17:43:47.6578327Z Downloading nvidia-cusparselt-cu12 (143.1MiB)
2025-04-13T17:43:47.6579349Z Downloading nvidia-cusolver-cu12 (122.0MiB)
2025-04-13T17:43:47.6580898Z Downloading nvidia-curand-cu12 (53.7MiB)
2025-04-13T17:43:47.6582956Z Downloading nvidia-cuda-nvrtc-cu12 (23.5MiB)
2025-04-13T17:43:47.6584544Z Downloading libclang (23.4MiB)
2025-04-13T17:43:47.6585918Z Downloading nvidia-nvjitlink-cu12 (20.1MiB)
2025-04-13T17:43:47.6588713Z Downloading numpy (18.6MiB)
2025-04-13T17:43:47.6589609Z Downloading nvidia-cuda-cupti-cu12 (13.2MiB)
2025-04-13T17:43:47.6590818Z Downloading pandas (12.5MiB)
2025-04-13T17:43:47.6591677Z Downloading jupyterlab (11.7MiB)
2025-04-13T17:43:47.6593443Z Downloading ruff (10.8MiB)
2025-04-13T17:43:47.6594305Z Downloading babel (9.7MiB)
2025-04-13T17:43:47.6595629Z Downloading matplotlib (8.2MiB)
2025-04-13T17:43:47.6597108Z Downloading tensorboard-data-server (6.3MiB)
2025-04-13T17:43:47.6599453Z Downloading sympy (5.9MiB)
2025-04-13T17:43:47.6600349Z Downloading grpcio (5.7MiB)
2025-04-13T17:43:47.6601539Z Downloading tensorboard (5.2MiB)
2025-04-13T17:43:47.6602787Z Downloading tensorflow-io-gcs-filesystem (4.9MiB)
2025-04-13T17:43:47.6604075Z Downloading ml-dtypes (4.5MiB)
2025-04-13T17:43:47.6605383Z Downloading fonttools (4.4MiB)
2025-04-13T17:43:47.6607246Z Downloading pillow (4.4MiB)
2025-04-13T17:43:47.6609197Z Downloading h5py (4.3MiB)
2025-04-13T17:43:47.6611084Z Downloading debugpy (3.4MiB)
2025-04-13T17:43:47.6611570Z Downloading pip (1.8MiB)
2025-04-13T17:43:47.6614169Z Downloading networkx (1.6MiB)
2025-04-13T17:43:47.6615337Z Downloading kiwisolver (1.6MiB)
2025-04-13T17:43:47.6615930Z Downloading jedi (1.5MiB)
2025-04-13T17:43:47.6617453Z Downloading keras (1.3MiB)
2025-04-13T17:43:47.6618682Z Downloading setuptools (1.2MiB)
2025-04-13T17:43:47.6619727Z Downloading pygments (1.2MiB)
2025-04-13T17:43:47.6620918Z Downloading tiktoken (1.1MiB)
2025-04-13T17:43:47.6630305Z Downloading nvidia-nccl-cu12 (179.9MiB)
2025-04-13T17:43:47.6912482Z Downloading nvidia-cublas-cu12 (346.6MiB)
2025-04-13T17:43:47.6913190Z Downloading triton (241.4MiB)
2025-04-13T17:43:47.6914439Z Downloading torch (731.2MiB)
2025-04-13T17:43:47.6915489Z Downloading nvidia-cudnn-cu12 (634.0MiB)
2025-04-13T17:43:47.6916838Z Downloading tensorflow (614.9MiB)
2025-04-13T17:43:47.6917841Z Downloading nvidia-cufft-cu12 (201.7MiB)
2025-04-13T17:43:47.6919112Z Downloading nvidia-cusparse-cu12 (197.8MiB)
2025-04-13T17:43:48.4017893Z  Downloaded tiktoken
2025-04-13T17:43:48.4917691Z  Downloaded pygments
2025-04-13T17:43:48.6227350Z  Downloaded kiwisolver
2025-04-13T17:43:48.8237643Z  Downloaded setuptools
2025-04-13T17:43:48.8753809Z  Downloaded pip
2025-04-13T17:43:48.9689931Z  Downloaded keras
2025-04-13T17:43:49.0830095Z  Downloaded networkx
2025-04-13T17:43:49.4141701Z  Downloaded debugpy
2025-04-13T17:43:49.7882550Z  Downloaded h5py
2025-04-13T17:43:49.7989014Z  Downloaded fonttools
2025-04-13T17:43:49.8003161Z  Downloaded pillow
2025-04-13T17:43:49.8006761Z  Downloaded ml-dtypes
2025-04-13T17:43:49.8814390Z       Built llms-from-scratch @ file:///home/runner/work/LLMs-from-scratch/LLMs-from-scratch
2025-04-13T17:43:49.9274680Z  Downloaded tensorflow-io-gcs-filesystem
2025-04-13T17:43:50.0972211Z  Downloaded tensorboard
2025-04-13T17:43:50.2303568Z  Downloaded grpcio
2025-04-13T17:43:50.3287397Z  Downloaded tensorboard-data-server
2025-04-13T17:43:50.5260373Z  Downloaded sympy
2025-04-13T17:43:50.7017581Z  Downloaded matplotlib
2025-04-13T17:43:50.8697616Z  Downloaded jedi
2025-04-13T17:43:51.0553896Z  Downloaded babel
2025-04-13T17:43:51.2403339Z  Downloaded ruff
2025-04-13T17:43:51.5383937Z  Downloaded jupyterlab
2025-04-13T17:43:51.5869806Z  Downloaded nvidia-cuda-cupti-cu12
2025-04-13T17:43:51.9794656Z  Downloaded pandas
2025-04-13T17:43:52.4171476Z  Downloaded nvidia-nvjitlink-cu12
2025-04-13T17:43:52.4983950Z  Downloaded numpy
2025-04-13T17:43:52.7441400Z  Downloaded libclang
2025-04-13T17:43:52.7563486Z  Downloaded nvidia-cuda-nvrtc-cu12
2025-04-13T17:43:55.3334154Z  Downloaded nvidia-curand-cu12
2025-04-13T17:44:00.7051784Z  Downloaded nvidia-cusolver-cu12
2025-04-13T17:44:02.1644789Z  Downloaded nvidia-cusparselt-cu12
2025-04-13T17:44:04.2502251Z  Downloaded nvidia-nccl-cu12
2025-04-13T17:44:05.0588148Z  Downloaded nvidia-cusparse-cu12
2025-04-13T17:44:05.3063589Z  Downloaded nvidia-cufft-cu12
2025-04-13T17:44:06.9805256Z  Downloaded triton
2025-04-13T17:44:09.9030038Z  Downloaded nvidia-cublas-cu12
2025-04-13T17:44:16.6465822Z  Downloaded nvidia-cudnn-cu12
2025-04-13T17:44:19.4080702Z  Downloaded torch
2025-04-13T17:44:20.4015382Z  Downloaded tensorflow
2025-04-13T17:44:20.4017892Z Prepared 162 packages in 32.81s
2025-04-13T17:44:20.9806475Z Installed 162 packages in 578ms
2025-04-13T17:44:20.9808228Z  + absl-py==2.2.2
2025-04-13T17:44:20.9810526Z  + anyio==4.9.0
2025-04-13T17:44:20.9812281Z  + argon2-cffi==23.1.0
2025-04-13T17:44:20.9812798Z  + argon2-cffi-bindings==21.2.0
2025-04-13T17:44:20.9813289Z  + arrow==1.3.0
2025-04-13T17:44:20.9813677Z  + asttokens==3.0.0
2025-04-13T17:44:20.9814114Z  + astunparse==1.6.3
2025-04-13T17:44:20.9814559Z  + async-lru==2.0.5
2025-04-13T17:44:20.9814893Z  + attrs==25.3.0
2025-04-13T17:44:20.9815222Z  + babel==2.17.0
2025-04-13T17:44:20.9815584Z  + beautifulsoup4==4.13.3
2025-04-13T17:44:20.9815967Z  + bleach==6.2.0
2025-04-13T17:44:20.9816499Z  + certifi==2025.1.31
2025-04-13T17:44:20.9816859Z  + cffi==1.17.1
2025-04-13T17:44:20.9817356Z  + charset-normalizer==3.4.1
2025-04-13T17:44:20.9817785Z  + comm==0.2.2
2025-04-13T17:44:20.9818124Z  + contourpy==1.3.1
2025-04-13T17:44:20.9818751Z  + cycler==0.12.1
2025-04-13T17:44:20.9819087Z  + debugpy==1.8.14
2025-04-13T17:44:20.9819429Z  + decorator==5.2.1
2025-04-13T17:44:20.9819768Z  + defusedxml==0.7.1
2025-04-13T17:44:20.9820118Z  + docutils==0.21.2
2025-04-13T17:44:20.9820468Z  + exceptiongroup==1.2.2
2025-04-13T17:44:20.9820840Z  + executing==2.2.0
2025-04-13T17:44:20.9821186Z  + fastjsonschema==2.21.1
2025-04-13T17:44:20.9821551Z  + filelock==3.18.0
2025-04-13T17:44:20.9821899Z  + flatbuffers==25.2.10
2025-04-13T17:44:20.9822258Z  + fonttools==4.57.0
2025-04-13T17:44:20.9822591Z  + fqdn==1.5.1
2025-04-13T17:44:20.9822910Z  + fsspec==2025.3.2
2025-04-13T17:44:20.9823250Z  + gast==0.6.0
2025-04-13T17:44:20.9823587Z  + google-pasta==0.2.0
2025-04-13T17:44:20.9823945Z  + grpcio==1.71.0
2025-04-13T17:44:20.9824266Z  + h11==0.14.0
2025-04-13T17:44:20.9824586Z  + h5py==3.13.0
2025-04-13T17:44:20.9824898Z  + html5lib==1.1
2025-04-13T17:44:20.9825422Z  + httpcore==1.0.8
2025-04-13T17:44:20.9825743Z  + httpx==0.28.1
2025-04-13T17:44:20.9826069Z  + idna==3.10
2025-04-13T17:44:20.9829896Z  + iniconfig==2.1.0
2025-04-13T17:44:20.9830250Z  + ipykernel==6.29.5
2025-04-13T17:44:20.9830589Z  + ipython==8.35.0
2025-04-13T17:44:20.9830923Z  + isoduration==20.11.0
2025-04-13T17:44:20.9831262Z  + jedi==0.19.2
2025-04-13T17:44:20.9831561Z  + jinja2==3.1.6
2025-04-13T17:44:20.9831868Z  + json5==0.12.0
2025-04-13T17:44:20.9832189Z  + jsonpointer==3.0.0
2025-04-13T17:44:20.9832530Z  + jsonschema==4.23.0
2025-04-13T17:44:20.9832905Z  + jsonschema-specifications==2024.10.1
2025-04-13T17:44:20.9833396Z  + jupyter-client==8.6.3
2025-04-13T17:44:20.9833786Z  + jupyter-core==5.7.2
2025-04-13T17:44:20.9834139Z  + jupyter-events==0.12.0
2025-04-13T17:44:20.9834507Z  + jupyter-lsp==2.2.5
2025-04-13T17:44:20.9834852Z  + jupyter-server==2.15.0
2025-04-13T17:44:20.9835244Z  + jupyter-server-terminals==0.5.3
2025-04-13T17:44:20.9835661Z  + jupyterlab==4.4.0
2025-04-13T17:44:20.9836028Z  + jupyterlab-pygments==0.3.0
2025-04-13T17:44:20.9836577Z  + jupyterlab-server==2.27.3
2025-04-13T17:44:20.9836953Z  + keras==3.9.2
2025-04-13T17:44:20.9837271Z  + kiwisolver==1.4.8
2025-04-13T17:44:20.9837595Z  + libclang==18.1.1
2025-04-13T17:44:20.9838207Z  + llms-from-scratch==1.0.6 (from file:///home/runner/work/LLMs-from-scratch/LLMs-from-scratch)
2025-04-13T17:44:20.9838917Z  + markdown==3.8
2025-04-13T17:44:20.9839254Z  + markdown-it-py==3.0.0
2025-04-13T17:44:20.9839651Z  + markupsafe==3.0.2
2025-04-13T17:44:20.9840062Z  + matplotlib==3.10.1
2025-04-13T17:44:20.9840414Z  + matplotlib-inline==0.1.7
2025-04-13T17:44:20.9840779Z  + mdurl==0.1.2
2025-04-13T17:44:20.9841084Z  + mistune==3.1.3
2025-04-13T17:44:20.9841402Z  + ml-dtypes==0.5.1
2025-04-13T17:44:20.9841720Z  + mpmath==1.3.0
2025-04-13T17:44:20.9842020Z  + namex==0.0.8
2025-04-13T17:44:20.9842466Z  + nbclient==0.10.2
2025-04-13T17:44:20.9842787Z  + nbconvert==7.16.6
2025-04-13T17:44:20.9843114Z  + nbformat==5.10.4
2025-04-13T17:44:20.9843438Z  + nest-asyncio==1.6.0
2025-04-13T17:44:20.9843777Z  + networkx==3.4.2
2025-04-13T17:44:20.9844117Z  + notebook-shim==0.2.4
2025-04-13T17:44:20.9844460Z  + numpy==2.0.2
2025-04-13T17:44:20.9844809Z  + nvidia-cublas-cu12==12.4.5.8
2025-04-13T17:44:20.9845250Z  + nvidia-cuda-cupti-cu12==12.4.127
2025-04-13T17:44:20.9845685Z  + nvidia-cuda-nvrtc-cu12==12.4.127
2025-04-13T17:44:20.9846128Z  + nvidia-cuda-runtime-cu12==12.4.127
2025-04-13T17:44:20.9846708Z  + nvidia-cudnn-cu12==9.1.0.70
2025-04-13T17:44:20.9847103Z  + nvidia-cufft-cu12==11.2.1.3
2025-04-13T17:44:20.9847494Z  + nvidia-curand-cu12==10.3.5.147
2025-04-13T17:44:20.9847898Z  + nvidia-cusolver-cu12==11.6.1.9
2025-04-13T17:44:20.9848310Z  + nvidia-cusparse-cu12==12.3.1.170
2025-04-13T17:44:20.9848739Z  + nvidia-cusparselt-cu12==0.6.2
2025-04-13T17:44:20.9849149Z  + nvidia-nccl-cu12==2.21.5
2025-04-13T17:44:20.9849539Z  + nvidia-nvjitlink-cu12==12.4.127
2025-04-13T17:44:20.9849946Z  + nvidia-nvtx-cu12==12.4.127
2025-04-13T17:44:20.9850332Z  + opt-einsum==3.4.0
2025-04-13T17:44:20.9850669Z  + optree==0.15.0
2025-04-13T17:44:20.9851182Z  + overrides==7.7.0
2025-04-13T17:44:20.9851511Z  + packaging==24.2
2025-04-13T17:44:20.9851828Z  + pandas==2.2.3
2025-04-13T17:44:20.9852156Z  + pandocfilters==1.5.1
2025-04-13T17:44:20.9852508Z  + parso==0.8.4
2025-04-13T17:44:20.9852831Z  + pexpect==4.9.0
2025-04-13T17:44:20.9853151Z  + pillow==11.2.1
2025-04-13T17:44:20.9853458Z  + pip==25.0.1
2025-04-13T17:44:20.9853783Z  + platformdirs==4.3.7
2025-04-13T17:44:20.9854128Z  + pluggy==1.5.0
2025-04-13T17:44:20.9854477Z  + prometheus-client==0.21.1
2025-04-13T17:44:20.9854875Z  + prompt-toolkit==3.0.50
2025-04-13T17:44:20.9855243Z  + protobuf==5.29.4
2025-04-13T17:44:20.9855570Z  + psutil==7.0.0
2025-04-13T17:44:20.9855910Z  + ptyprocess==0.7.0
2025-04-13T17:44:20.9856252Z  + pure-eval==0.2.3
2025-04-13T17:44:20.9856744Z  + pycparser==2.22
2025-04-13T17:44:20.9857072Z  + pygments==2.19.1
2025-04-13T17:44:20.9857398Z  + pyparsing==3.2.3
2025-04-13T17:44:20.9857878Z  + pytest==8.3.5
2025-04-13T17:44:20.9858229Z  + pytest-check-links==0.10.1
2025-04-13T17:44:20.9858646Z  + pytest-ruff==0.4.1
2025-04-13T17:44:20.9859011Z  + python-dateutil==2.9.0.post0
2025-04-13T17:44:20.9859425Z  + python-json-logger==3.3.0
2025-04-13T17:44:20.9859800Z  + pytz==2025.2
2025-04-13T17:44:20.9860113Z  + pyyaml==6.0.2
2025-04-13T17:44:20.9860427Z  + pyzmq==26.4.0
2025-04-13T17:44:20.9860749Z  + referencing==0.36.2
2025-04-13T17:44:20.9861079Z  + regex==2024.11.6
2025-04-13T17:44:20.9861353Z  + requests==2.32.3
2025-04-13T17:44:20.9861662Z  + rfc3339-validator==0.1.4
2025-04-13T17:44:20.9861990Z  + rfc3986-validator==0.1.1
2025-04-13T17:44:20.9862312Z  + rich==14.0.0
2025-04-13T17:44:20.9862589Z  + rpds-py==0.24.0
2025-04-13T17:44:20.9862864Z  + ruff==0.11.5
2025-04-13T17:44:20.9863145Z  + send2trash==1.8.3
2025-04-13T17:44:20.9863441Z  + setuptools==78.1.0
2025-04-13T17:44:20.9863733Z  + six==1.17.0
2025-04-13T17:44:20.9864000Z  + sniffio==1.3.1
2025-04-13T17:44:20.9864297Z  + soupsieve==2.6
2025-04-13T17:44:20.9864579Z  + stack-data==0.6.3
2025-04-13T17:44:20.9864875Z  + sympy==1.13.1
2025-04-13T17:44:20.9865165Z  + tensorboard==2.19.0
2025-04-13T17:44:20.9865499Z  + tensorboard-data-server==0.7.2
2025-04-13T17:44:20.9865871Z  + tensorflow==2.19.0
2025-04-13T17:44:20.9866218Z  + tensorflow-io-gcs-filesystem==0.37.1
2025-04-13T17:44:20.9866760Z  + termcolor==3.0.1
2025-04-13T17:44:20.9867064Z  + terminado==0.18.1
2025-04-13T17:44:20.9867363Z  + tiktoken==0.9.0
2025-04-13T17:44:20.9867656Z  + tinycss2==1.4.0
2025-04-13T17:44:20.9867946Z  + tomli==2.2.1
2025-04-13T17:44:20.9868227Z  + torch==2.6.0
2025-04-13T17:44:20.9868501Z  + tornado==6.4.2
2025-04-13T17:44:20.9868780Z  + tqdm==4.67.1
2025-04-13T17:44:20.9869053Z  + traitlets==5.14.3
2025-04-13T17:44:20.9869334Z  + triton==3.2.0
2025-04-13T17:44:20.9869655Z  + types-python-dateutil==2.9.0.20241206
2025-04-13T17:44:20.9870057Z  + typing-extensions==4.13.2
2025-04-13T17:44:20.9870408Z  + tzdata==2025.2
2025-04-13T17:44:20.9870746Z  + uri-template==1.3.0
2025-04-13T17:44:20.9871097Z  + urllib3==2.4.0
2025-04-13T17:44:20.9871406Z  + wcwidth==0.2.13
2025-04-13T17:44:20.9871701Z  + webcolors==24.11.1
2025-04-13T17:44:20.9872006Z  + webencodings==0.5.1
2025-04-13T17:44:20.9872337Z  + websocket-client==1.8.0
2025-04-13T17:44:20.9872663Z  + werkzeug==3.1.3
2025-04-13T17:44:20.9872951Z  + wheel==0.45.1
2025-04-13T17:44:20.9873239Z  + wrapt==1.17.2
2025-04-13T17:44:20.9982398Z ##[group]Run source .venv/bin/activate
2025-04-13T17:44:20.9982750Z [36;1msource .venv/bin/activate[0m
2025-04-13T17:44:20.9983040Z [36;1mpytest --ruff --check-links ./ \[0m
2025-04-13T17:44:20.9983513Z [36;1m  --check-links-ignore "https://platform.openai.com/*" \[0m
2025-04-13T17:44:20.9983924Z [36;1m  --check-links-ignore "https://openai.com/*" \[0m
2025-04-13T17:44:20.9984316Z [36;1m  --check-links-ignore "https://arena.lmsys.org" \[0m
2025-04-13T17:44:20.9984732Z [36;1m  --check-links-ignore "https://unsloth.ai/blog/gradient" \[0m
2025-04-13T17:44:20.9985136Z [36;1m  --check-links-ignore "https://www.reddit.com/r/*" \[0m
2025-04-13T17:44:20.9985720Z [36;1m  --check-links-ignore "https://code.visualstudio.com/*" \[0m
2025-04-13T17:44:20.9986116Z [36;1m  --check-links-ignore "https://arxiv.org/*" \[0m
2025-04-13T17:44:20.9986804Z [36;1m  --check-links-ignore "https://ai.stanford.edu/~amaas/data/sentiment/" \[0m
2025-04-13T17:44:20.9987262Z [36;1m  --check-links-ignore "https://x.com/*" \[0m
2025-04-13T17:44:20.9987630Z [36;1m  --check-links-ignore "https://scholar.google.com/*"[0m
2025-04-13T17:44:21.0034918Z shell: /usr/bin/bash -e {0}
2025-04-13T17:44:21.0035162Z env:
2025-04-13T17:44:21.0035420Z   pythonLocation: /opt/hostedtoolcache/Python/3.10.16/x64
2025-04-13T17:44:21.0035896Z   PKG_CONFIG_PATH: /opt/hostedtoolcache/Python/3.10.16/x64/lib/pkgconfig
2025-04-13T17:44:21.0036414Z   Python_ROOT_DIR: /opt/hostedtoolcache/Python/3.10.16/x64
2025-04-13T17:44:21.0036786Z   Python2_ROOT_DIR: /opt/hostedtoolcache/Python/3.10.16/x64
2025-04-13T17:44:21.0037162Z   Python3_ROOT_DIR: /opt/hostedtoolcache/Python/3.10.16/x64
2025-04-13T17:44:21.0037550Z   LD_LIBRARY_PATH: /opt/hostedtoolcache/Python/3.10.16/x64/lib
2025-04-13T17:44:21.0037852Z ##[endgroup]
2025-04-13T17:44:30.5102507Z ============================= test session starts ==============================
2025-04-13T17:44:30.5103196Z platform linux -- Python 3.10.16, pytest-8.3.5, pluggy-1.5.0
2025-04-13T17:44:30.5103853Z rootdir: /home/runner/work/LLMs-from-scratch/LLMs-from-scratch
2025-04-13T17:44:30.5104377Z configfile: pyproject.toml
2025-04-13T17:44:30.5104872Z plugins: ruff-0.4.1, anyio-4.9.0, pytest_check_links-0.10.1
2025-04-13T17:44:30.5105386Z collected 1004 items / 1 error
2025-04-13T17:44:30.5105640Z 
2025-04-13T17:44:30.5105816Z ==================================== ERRORS ====================================
2025-04-13T17:44:30.5106844Z _____ ERROR collecting ch05/01_main-chapter-code/exercise-solutions.ipynb ______
2025-04-13T17:44:30.5107630Z .venv/lib/python3.10/site-packages/nbformat/__init__.py:169: in read
2025-04-13T17:44:30.5108184Z     buf = fp.read()
2025-04-13T17:44:30.5108606Z E   AttributeError: 'str' object has no attribute 'read'
2025-04-13T17:44:30.5108966Z 
2025-04-13T17:44:30.5109248Z During handling of the above exception, another exception occurred:
2025-04-13T17:44:30.5109968Z .venv/lib/python3.10/site-packages/nbformat/reader.py:19: in parse_json
2025-04-13T17:44:30.5110573Z     nb_dict = json.loads(s, **kwargs)
2025-04-13T17:44:30.5111224Z /opt/hostedtoolcache/Python/3.10.16/x64/lib/python3.10/json/__init__.py:346: in loads
2025-04-13T17:44:30.5111883Z     return _default_decoder.decode(s)
2025-04-13T17:44:30.5112508Z /opt/hostedtoolcache/Python/3.10.16/x64/lib/python3.10/json/decoder.py:337: in decode
2025-04-13T17:44:30.5113196Z     obj, end = self.raw_decode(s, idx=_w(s, 0).end())
2025-04-13T17:44:30.5113900Z /opt/hostedtoolcache/Python/3.10.16/x64/lib/python3.10/json/decoder.py:353: in raw_decode
2025-04-13T17:44:30.5114574Z     obj, end = self.scan_once(s, idx)
2025-04-13T17:44:30.5115209Z E   json.decoder.JSONDecodeError: Expecting ',' delimiter: line 272 column 5 (char 8182)
2025-04-13T17:44:30.5115735Z 
2025-04-13T17:44:30.5116023Z The above exception was the direct cause of the following exception:
2025-04-13T17:44:30.5116959Z .venv/lib/python3.10/site-packages/pytest_check_links/plugin.py:206: in collect
2025-04-13T17:44:30.5117985Z     for item in self._items_from_notebook():
2025-04-13T17:44:30.5118819Z .venv/lib/python3.10/site-packages/pytest_check_links/plugin.py:183: in _items_from_notebook
2025-04-13T17:44:30.5119759Z     nb = nbformat.read(str(self.path), as_version=4)  # type:ignore[no-untyped-call]
2025-04-13T17:44:30.5120560Z .venv/lib/python3.10/site-packages/nbformat/__init__.py:172: in read
2025-04-13T17:44:30.5121298Z     return reads(f.read(), as_version, capture_validation_error, **kwargs)
2025-04-13T17:44:30.5121981Z .venv/lib/python3.10/site-packages/nbformat/__init__.py:92: in reads
2025-04-13T17:44:30.5122528Z     nb = reader.reads(s, **kwargs)
2025-04-13T17:44:30.5123028Z .venv/lib/python3.10/site-packages/nbformat/reader.py:75: in reads
2025-04-13T17:44:30.5123808Z     nb_dict = parse_json(s, **kwargs)
2025-04-13T17:44:30.5124362Z .venv/lib/python3.10/site-packages/nbformat/reader.py:25: in parse_json
2025-04-13T17:44:30.5124913Z     raise NotJSONError(message) from e
2025-04-13T17:44:30.5125657Z E   nbformat.reader.NotJSONError: Notebook does not appear to be JSON: '{\n "cells": [\n  {\n   "cell_type": "m...
2025-04-13T17:44:30.5126667Z =============================== warnings summary ===============================
2025-04-13T17:44:30.5127254Z .venv/lib/python3.10/site-packages/jupyter_client/connect.py:22
2025-04-13T17:44:30.5128598Z   /home/runner/work/LLMs-from-scratch/LLMs-from-scratch/.venv/lib/python3.10/site-packages/jupyter_client/connect.py:22: DeprecationWarning: Jupyter is migrating its paths to use standard platformdirs
2025-04-13T17:44:30.5129932Z   given by the platformdirs library.  To remove this warning and
2025-04-13T17:44:30.5130553Z   see the appropriate new directories, set the environment variable
2025-04-13T17:44:30.5131181Z   `JUPYTER_PLATFORM_DIRS=1` and then run `jupyter --paths`.
2025-04-13T17:44:30.5131775Z   The use of platformdirs will be the default in `jupyter_core` v6
2025-04-13T17:44:30.5132469Z     from jupyter_core.paths import jupyter_data_dir, jupyter_runtime_dir, secure_write
2025-04-13T17:44:30.5132947Z 
2025-04-13T17:44:30.5133253Z -- Docs: https://docs.pytest.org/en/stable/how-to/capture-warnings.html
2025-04-13T17:44:30.5134010Z =========================== short test summary info ============================
2025-04-13T17:44:30.5135096Z ERROR ch05/01_main-chapter-code/exercise-solutions.ipynb - nbformat.reader.NotJSONError: Notebook does not appear to be JSON: '{\n "cells": [\n  {\n   "cell_type": "m...
2025-04-13T17:44:30.5136239Z !!!!!!!!!!!!!!!!!!!! Interrupted: 1 error during collection !!!!!!!!!!!!!!!!!!!!
2025-04-13T17:44:30.5136949Z ========================= 1 warning, 1 error in 8.68s ==========================
2025-04-13T17:44:30.9451623Z ##[error]Process completed with exit code 2.
2025-04-13T17:44:30.9569907Z Post job cleanup.
2025-04-13T17:44:31.0493441Z [command]/usr/bin/git version
2025-04-13T17:44:31.0528448Z git version 2.49.0
2025-04-13T17:44:31.0577344Z Temporarily overriding HOME='/home/runner/work/_temp/3651b3fd-afdd-4a71-89a4-e79a633f0263' before making global git config changes
2025-04-13T17:44:31.0578697Z Adding repository directory to the temporary git global config as a safe directory
2025-04-13T17:44:31.0583571Z [command]/usr/bin/git config --global --add safe.directory /home/runner/work/LLMs-from-scratch/LLMs-from-scratch
2025-04-13T17:44:31.0618302Z [command]/usr/bin/git config --local --name-only --get-regexp core\.sshCommand
2025-04-13T17:44:31.0650942Z [command]/usr/bin/git submodule foreach --recursive sh -c "git config --local --name-only --get-regexp 'core\.sshCommand' && git config --local --unset-all 'core.sshCommand' || :"
2025-04-13T17:44:31.0879592Z [command]/usr/bin/git config --local --name-only --get-regexp http\.https\:\/\/github\.com\/\.extraheader
2025-04-13T17:44:31.0899604Z http.https://github.com/.extraheader
2025-04-13T17:44:31.0911896Z [command]/usr/bin/git config --local --unset-all http.https://github.com/.extraheader
2025-04-13T17:44:31.0942060Z [command]/usr/bin/git submodule foreach --recursive sh -c "git config --local --name-only --get-regexp 'http\.https\:\/\/github\.com\/\.extraheader' && git config --local --unset-all 'http.https://github.com/.extraheader' || :"
2025-04-13T17:44:31.1269871Z Cleaning up orphan processes
