2025-04-14T14:51:07.4374665Z Requested labels: ubuntu-latest
2025-04-14T14:51:07.4374880Z Job defined at: JuliaLang/julia/.github/workflows/Whitespace.yml@refs/pull/58107/merge
2025-04-14T14:51:07.4374984Z Waiting for a runner to pick up this job...
2025-04-14T14:51:07.7494609Z Job is waiting for a hosted runner to come online.
2025-04-14T14:51:10.2359016Z Job is about to start running on the hosted runner: GitHub Actions 33 (hosted)
2025-04-14T14:51:11.9821802Z Current runner version: '2.323.0'
2025-04-14T14:51:11.9850397Z ##[group]Operating System
2025-04-14T14:51:11.9851294Z Ubuntu
2025-04-14T14:51:11.9851785Z 24.04.2
2025-04-14T14:51:11.9852348Z LTS
2025-04-14T14:51:11.9852833Z ##[endgroup]
2025-04-14T14:51:11.9853350Z ##[group]Runner Image
2025-04-14T14:51:11.9854027Z Image: ubuntu-24.04
2025-04-14T14:51:11.9854727Z Version: 20250406.1.0
2025-04-14T14:51:11.9855761Z Included Software: https://github.com/actions/runner-images/blob/ubuntu24/20250406.1/images/ubuntu/Ubuntu2404-Readme.md
2025-04-14T14:51:11.9857267Z Image Release: https://github.com/actions/runner-images/releases/tag/ubuntu24%2F20250406.1
2025-04-14T14:51:11.9858200Z ##[endgroup]
2025-04-14T14:51:11.9858788Z ##[group]Runner Image Provisioner
2025-04-14T14:51:11.9859762Z 2.0.422.1
2025-04-14T14:51:11.9860467Z ##[endgroup]
2025-04-14T14:51:11.9862124Z ##[group]GITHUB_TOKEN Permissions
2025-04-14T14:51:11.9865147Z Metadata: read
2025-04-14T14:51:11.9866216Z ##[endgroup]
2025-04-14T14:51:11.9871476Z Secret source: None
2025-04-14T14:51:11.9873185Z Prepare workflow directory
2025-04-14T14:51:12.0217499Z Prepare all required actions
2025-04-14T14:51:12.0257288Z Getting action download info
2025-04-14T14:51:12.2387833Z Download action repository 'actions/checkout@692973e3d937129bcbf40652eb9f2f61becf3332' (SHA:692973e3d937129bcbf40652eb9f2f61becf3332)
2025-04-14T14:51:12.3253446Z Download action repository 'julia-actions/setup-julia@9b79636afcfb07ab02c256cede01fe2db6ba808c' (SHA:9b79636afcfb07ab02c256cede01fe2db6ba808c)
2025-04-14T14:51:12.8031652Z Complete job name: Check whitespace
2025-04-14T14:51:12.8837112Z ##[group]Run actions/checkout@692973e3d937129bcbf40652eb9f2f61becf3332
2025-04-14T14:51:12.8838239Z with:
2025-04-14T14:51:12.8838710Z   persist-credentials: false
2025-04-14T14:51:12.8839243Z   repository: JuliaLang/julia
2025-04-14T14:51:12.8840003Z   token: ***
2025-04-14T14:51:12.8840445Z   ssh-strict: true
2025-04-14T14:51:12.8840877Z   ssh-user: git
2025-04-14T14:51:12.8841820Z   clean: true
2025-04-14T14:51:12.8842322Z   sparse-checkout-cone-mode: true
2025-04-14T14:51:12.8842871Z   fetch-depth: 1
2025-04-14T14:51:12.8843322Z   fetch-tags: false
2025-04-14T14:51:12.8843785Z   show-progress: true
2025-04-14T14:51:12.8844254Z   lfs: false
2025-04-14T14:51:12.8844914Z   submodules: false
2025-04-14T14:51:12.8845784Z   set-safe-directory: true
2025-04-14T14:51:12.8847026Z ##[endgroup]
2025-04-14T14:51:13.0703218Z Syncing repository: JuliaLang/julia
2025-04-14T14:51:13.0705918Z ##[group]Getting Git version info
2025-04-14T14:51:13.0706991Z Working directory is '/home/runner/work/julia/julia'
2025-04-14T14:51:13.0708032Z [command]/usr/bin/git version
2025-04-14T14:51:13.0746538Z git version 2.49.0
2025-04-14T14:51:13.0776136Z ##[endgroup]
2025-04-14T14:51:13.0791619Z Temporarily overriding HOME='/home/runner/work/_temp/f0863409-b502-4dbf-883c-e1f00b62c5e6' before making global git config changes
2025-04-14T14:51:13.0793496Z Adding repository directory to the temporary git global config as a safe directory
2025-04-14T14:51:13.0797564Z [command]/usr/bin/git config --global --add safe.directory /home/runner/work/julia/julia
2025-04-14T14:51:13.0836239Z Deleting the contents of '/home/runner/work/julia/julia'
2025-04-14T14:51:13.0840496Z ##[group]Initializing the repository
2025-04-14T14:51:13.0844462Z [command]/usr/bin/git init /home/runner/work/julia/julia
2025-04-14T14:51:13.0908271Z hint: Using 'master' as the name for the initial branch. This default branch name
2025-04-14T14:51:13.0909597Z hint: is subject to change. To configure the initial branch name to use in all
2025-04-14T14:51:13.0910780Z hint: of your new repositories, which will suppress this warning, call:
2025-04-14T14:51:13.0911579Z hint:
2025-04-14T14:51:13.0912166Z hint: 	git config --global init.defaultBranch <name>
2025-04-14T14:51:13.0912996Z hint:
2025-04-14T14:51:13.0914091Z hint: Names commonly chosen instead of 'master' are 'main', 'trunk' and
2025-04-14T14:51:13.0915516Z hint: 'development'. The just-created branch can be renamed via this command:
2025-04-14T14:51:13.0916722Z hint:
2025-04-14T14:51:13.0917205Z hint: 	git branch -m <name>
2025-04-14T14:51:13.0918069Z Initialized empty Git repository in /home/runner/work/julia/julia/.git/
2025-04-14T14:51:13.0926109Z [command]/usr/bin/git remote add origin https://github.com/JuliaLang/julia
2025-04-14T14:51:13.0960770Z ##[endgroup]
2025-04-14T14:51:13.0961582Z ##[group]Disabling automatic garbage collection
2025-04-14T14:51:13.0965427Z [command]/usr/bin/git config --local gc.auto 0
2025-04-14T14:51:13.0996252Z ##[endgroup]
2025-04-14T14:51:13.0997351Z ##[group]Setting up auth
2025-04-14T14:51:13.1006790Z [command]/usr/bin/git config --local --name-only --get-regexp core\.sshCommand
2025-04-14T14:51:13.1046988Z [command]/usr/bin/git submodule foreach --recursive sh -c "git config --local --name-only --get-regexp 'core\.sshCommand' && git config --local --unset-all 'core.sshCommand' || :"
2025-04-14T14:51:13.1382255Z [command]/usr/bin/git config --local --name-only --get-regexp http\.https\:\/\/github\.com\/\.extraheader
2025-04-14T14:51:13.1417539Z [command]/usr/bin/git submodule foreach --recursive sh -c "git config --local --name-only --get-regexp 'http\.https\:\/\/github\.com\/\.extraheader' && git config --local --unset-all 'http.https://github.com/.extraheader' || :"
2025-04-14T14:51:13.1665089Z [command]/usr/bin/git config --local http.https://github.com/.extraheader AUTHORIZATION: basic ***
2025-04-14T14:51:13.1709705Z ##[endgroup]
2025-04-14T14:51:13.1711306Z ##[group]Fetching the repository
2025-04-14T14:51:13.1721216Z [command]/usr/bin/git -c protocol.version=2 fetch --no-tags --prune --no-recurse-submodules --depth=1 origin +b9967da8815b99963d000f61abf74d455a8c80b0:refs/remotes/pull/58107/merge
2025-04-14T14:51:14.9794095Z From https://github.com/JuliaLang/julia
2025-04-14T14:51:14.9796302Z  * [new ref]         b9967da8815b99963d000f61abf74d455a8c80b0 -> pull/58107/merge
2025-04-14T14:51:14.9891167Z ##[endgroup]
2025-04-14T14:51:14.9893118Z ##[group]Determining the checkout info
2025-04-14T14:51:14.9895635Z ##[endgroup]
2025-04-14T14:51:14.9899630Z [command]/usr/bin/git sparse-checkout disable
2025-04-14T14:51:14.9941553Z [command]/usr/bin/git config --local --unset-all extensions.worktreeConfig
2025-04-14T14:51:14.9971939Z ##[group]Checking out the ref
2025-04-14T14:51:14.9975875Z [command]/usr/bin/git checkout --progress --force refs/remotes/pull/58107/merge
2025-04-14T14:51:15.1660669Z Note: switching to 'refs/remotes/pull/58107/merge'.
2025-04-14T14:51:15.1662330Z 
2025-04-14T14:51:15.1663759Z You are in 'detached HEAD' state. You can look around, make experimental
2025-04-14T14:51:15.1666867Z changes and commit them, and you can discard any commits you make in this
2025-04-14T14:51:15.1669086Z state without impacting any branches by switching back to a branch.
2025-04-14T14:51:15.1670798Z 
2025-04-14T14:51:15.1671753Z If you want to create a new branch to retain commits you create, you may
2025-04-14T14:51:15.1673341Z do so (now or later) by using -c with the switch command. Example:
2025-04-14T14:51:15.1674246Z 
2025-04-14T14:51:15.1674831Z   git switch -c <new-branch-name>
2025-04-14T14:51:15.1675610Z 
2025-04-14T14:51:15.1675972Z Or undo this operation with:
2025-04-14T14:51:15.1676547Z 
2025-04-14T14:51:15.1676864Z   git switch -
2025-04-14T14:51:15.1677335Z 
2025-04-14T14:51:15.1678110Z Turn off this advice by setting config variable advice.detachedHead to false
2025-04-14T14:51:15.1679341Z 
2025-04-14T14:51:15.1680800Z HEAD is now at b9967da Merge b494d788953d42e1a6e6cc1677e7bbaf8fea8351 into 772745beb7d71a68960733b866448d3630b8266f
2025-04-14T14:51:15.1685556Z ##[endgroup]
2025-04-14T14:51:15.1714545Z [command]/usr/bin/git log -1 --format='%H'
2025-04-14T14:51:15.1739371Z 'b9967da8815b99963d000f61abf74d455a8c80b0'
2025-04-14T14:51:15.1750510Z ##[group]Removing auth
2025-04-14T14:51:15.1755424Z [command]/usr/bin/git config --local --name-only --get-regexp core\.sshCommand
2025-04-14T14:51:15.1787795Z [command]/usr/bin/git submodule foreach --recursive sh -c "git config --local --name-only --get-regexp 'core\.sshCommand' && git config --local --unset-all 'core.sshCommand' || :"
2025-04-14T14:51:15.2031435Z [command]/usr/bin/git config --local --name-only --get-regexp http\.https\:\/\/github\.com\/\.extraheader
2025-04-14T14:51:15.2058122Z http.https://github.com/.extraheader
2025-04-14T14:51:15.2070616Z [command]/usr/bin/git config --local --unset-all http.https://github.com/.extraheader
2025-04-14T14:51:15.2111709Z [command]/usr/bin/git submodule foreach --recursive sh -c "git config --local --name-only --get-regexp 'http\.https\:\/\/github\.com\/\.extraheader' && git config --local --unset-all 'http.https://github.com/.extraheader' || :"
2025-04-14T14:51:15.2350563Z ##[endgroup]
2025-04-14T14:51:15.2618686Z ##[group]Run julia-actions/setup-julia@9b79636afcfb07ab02c256cede01fe2db6ba808c
2025-04-14T14:51:15.2620560Z with:
2025-04-14T14:51:15.2621406Z   version: 1
2025-04-14T14:51:15.2622372Z   include-all-prereleases: false
2025-04-14T14:51:15.2623530Z   arch: default
2025-04-14T14:51:15.2624640Z   show-versioninfo: false
2025-04-14T14:51:15.2625695Z ##[endgroup]
2025-04-14T14:51:18.1890891Z [command]/usr/bin/tar xf /home/runner/work/_temp/582691a5-0900-41a2-85b7-dbd25e057b3e --strip-components=1 -C /opt/hostedtoolcache/julia/1.11.4/x64
2025-04-14T14:51:24.0838964Z [command]/opt/hostedtoolcache/julia/1.11.4/x64/bin/julia --version
2025-04-14T14:51:24.0987433Z julia version 1.11.4
2025-04-14T14:51:24.1134226Z ##[group]Run contrib/check-whitespace.jl
2025-04-14T14:51:24.1134851Z [36;1mcontrib/check-whitespace.jl[0m
2025-04-14T14:51:24.1190419Z shell: /usr/bin/bash -e {0}
2025-04-14T14:51:24.1190725Z ##[endgroup]
2025-04-14T14:51:26.1974707Z Whitespace check found 1 issues:
2025-04-14T14:51:26.1976153Z doc/src/manual/multi-threading.md:304 -- trailing whitespace
2025-04-14T14:51:26.2377519Z ##[warning]trailing whitespace
2025-04-14T14:51:26.2474900Z ##[error]Process completed with exit code 1.
2025-04-14T14:51:26.2566947Z Post job cleanup.
2025-04-14T14:51:26.3605482Z [command]/usr/bin/git version
2025-04-14T14:51:26.3647581Z git version 2.49.0
2025-04-14T14:51:26.3705235Z Temporarily overriding HOME='/home/runner/work/_temp/28a1f3b0-8a65-422e-9d86-06b8bf079138' before making global git config changes
2025-04-14T14:51:26.3706528Z Adding repository directory to the temporary git global config as a safe directory
2025-04-14T14:51:26.3712069Z [command]/usr/bin/git config --global --add safe.directory /home/runner/work/julia/julia
2025-04-14T14:51:26.3752707Z [command]/usr/bin/git config --local --name-only --get-regexp core\.sshCommand
2025-04-14T14:51:26.3791048Z [command]/usr/bin/git submodule foreach --recursive sh -c "git config --local --name-only --get-regexp 'core\.sshCommand' && git config --local --unset-all 'core.sshCommand' || :"
2025-04-14T14:51:26.4046388Z [command]/usr/bin/git config --local --name-only --get-regexp http\.https\:\/\/github\.com\/\.extraheader
2025-04-14T14:51:26.4085981Z [command]/usr/bin/git submodule foreach --recursive sh -c "git config --local --name-only --get-regexp 'http\.https\:\/\/github\.com\/\.extraheader' && git config --local --unset-all 'http.https://github.com/.extraheader' || :"
2025-04-14T14:51:26.4476585Z Cleaning up orphan processes
