2025-04-15T08:39:23.0607820Z Prepare all required actions
2025-04-15T08:39:23.0609208Z Getting action download info
2025-04-15T08:39:23.2087639Z ##[group]Download immutable action package 'actions/setup-node@v4'
2025-04-15T08:39:23.2089242Z Version: 4.4.0
2025-04-15T08:39:23.2090719Z Digest: sha256:9427cefe82346e992fb5b949e3569b39d537ae41aa3086483b14eceebfc16bc1
2025-04-15T08:39:23.2092697Z Source commit SHA: 49933ea5288caeca8642d1e84afbd3f7d6820020
2025-04-15T08:39:23.2094116Z ##[endgroup]
2025-04-15T08:39:23.4710278Z Download action repository 'azure/login@v2' (SHA:a457da9ea143d694b1b9c7c869ebb04ebe844ef5)
2025-04-15T08:39:23.7183098Z ##[group]Run ./.github/actions/run-test
2025-04-15T08:39:23.7184168Z with:
2025-04-15T08:39:23.7184919Z   node-version: 18
2025-04-15T08:39:23.7185936Z   command: npm run ttest -- --shard 1/2
2025-04-15T08:39:23.7187005Z   bot-name: ubuntu-latest-node18-1
2025-04-15T08:39:23.7187973Z   shell: bash
2025-04-15T08:39:23.7188739Z env:
2025-04-15T08:39:23.7189442Z   FORCE_COLOR: 1
2025-04-15T08:39:23.7190260Z   ELECTRON_SKIP_BINARY_DOWNLOAD: 1
2025-04-15T08:39:23.7191272Z   DEBUG_GIT_COMMIT_INFO: 1
2025-04-15T08:39:23.7192178Z   PWTEST_CHANNEL: firefox-beta
2025-04-15T08:39:23.7193082Z ##[endgroup]
2025-04-15T08:39:23.7377044Z ##[group]Run actions/setup-node@v4
2025-04-15T08:39:23.7378045Z with:
2025-04-15T08:39:23.7378777Z   node-version: 18
2025-04-15T08:39:23.7379579Z   always-auth: false
2025-04-15T08:39:23.7380405Z   check-latest: false
2025-04-15T08:39:23.7381475Z   token: ***
2025-04-15T08:39:23.7382217Z env:
2025-04-15T08:39:23.7382917Z   FORCE_COLOR: 1
2025-04-15T08:39:23.7383752Z   ELECTRON_SKIP_BINARY_DOWNLOAD: 1
2025-04-15T08:39:23.7384741Z   DEBUG_GIT_COMMIT_INFO: 1
2025-04-15T08:39:23.7385793Z   PWTEST_CHANNEL: firefox-beta
2025-04-15T08:39:23.7386715Z ##[endgroup]
2025-04-15T08:39:23.9083720Z Found in cache @ /opt/hostedtoolcache/node/18.20.8/x64
2025-04-15T08:39:23.9089600Z ##[group]Environment details
2025-04-15T08:39:27.4355430Z node: v18.20.8
2025-04-15T08:39:27.4356224Z npm: 10.8.2
2025-04-15T08:39:27.4356672Z yarn: 1.22.22
2025-04-15T08:39:27.4359182Z ##[endgroup]
2025-04-15T08:39:27.4458435Z Prepare all required actions
2025-04-15T08:39:27.4502319Z ##[group]Run ./.github/actions/enable-microphone-access
2025-04-15T08:39:27.4502672Z env:
2025-04-15T08:39:27.4502891Z   FORCE_COLOR: 1
2025-04-15T08:39:27.4503143Z   ELECTRON_SKIP_BINARY_DOWNLOAD: 1
2025-04-15T08:39:27.4503429Z   DEBUG_GIT_COMMIT_INFO: 1
2025-04-15T08:39:27.4503706Z   PWTEST_CHANNEL: firefox-beta
2025-04-15T08:39:27.4503966Z ##[endgroup]
2025-04-15T08:39:27.4541386Z ##[group]Run if [[ "$(uname)" != "Darwin" ]]; then
2025-04-15T08:39:27.4541837Z [36;1mif [[ "$(uname)" != "Darwin" ]]; then[0m
2025-04-15T08:39:27.4542175Z [36;1m  echo "Not macOS, exiting"[0m
2025-04-15T08:39:27.4542490Z [36;1m  exit 0[0m
2025-04-15T08:39:27.4542718Z [36;1mfi[0m
2025-04-15T08:39:27.4542992Z [36;1mecho "Allowing microphone access to all apps"[0m
2025-04-15T08:39:27.4543436Z [36;1mversion=$(sw_vers -productVersion | cut -d. -f1)[0m
2025-04-15T08:39:27.4543853Z [36;1mif [[ "$version" == "14" || "$version" == "15" ]]; then[0m
2025-04-15T08:39:27.4544930Z [36;1m  sqlite3 $HOME/Library/Application\ Support/com.apple.TCC/TCC.db "INSERT OR IGNORE INTO access VALUES ('kTCCServiceMicrophone','/usr/local/opt/runner/provisioner/provisioner',1,2,4,1,NULL,NULL,0,'UNUSED',NULL,0,1687786159,NULL,NULL,'UNUSED',1687786159);"[0m
2025-04-15T08:39:27.4546332Z [36;1melif [[ "$version" == "12" || "$version" == "13" ]]; then[0m
2025-04-15T08:39:27.4547325Z [36;1m  sqlite3 $HOME/Library/Application\ Support/com.apple.TCC/TCC.db "INSERT OR REPLACE INTO access VALUES('kTCCServiceMicrophone','/usr/local/opt/runner/provisioner/provisioner',1,2,4,1,NULL,NULL,0,'UNUSED',NULL,0,1687786159);"[0m
2025-04-15T08:39:27.4548239Z [36;1melse[0m
2025-04-15T08:39:27.4548530Z [36;1m  echo "Skipping unsupported macOS version $version"[0m
2025-04-15T08:39:27.4548870Z [36;1m  exit 0[0m
2025-04-15T08:39:27.4549359Z [36;1mfi[0m
2025-04-15T08:39:27.4549640Z [36;1mecho "Successfully allowed microphone access"[0m
2025-04-15T08:39:27.4604383Z shell: /usr/bin/bash --noprofile --norc -e -o pipefail {0}
2025-04-15T08:39:27.4604817Z env:
2025-04-15T08:39:27.4605079Z   FORCE_COLOR: 1
2025-04-15T08:39:27.4605336Z   ELECTRON_SKIP_BINARY_DOWNLOAD: 1
2025-04-15T08:39:27.4605979Z   DEBUG_GIT_COMMIT_INFO: 1
2025-04-15T08:39:27.4606272Z   PWTEST_CHANNEL: firefox-beta
2025-04-15T08:39:27.4606557Z ##[endgroup]
2025-04-15T08:39:27.4713928Z Not macOS, exiting
2025-04-15T08:39:27.4754520Z ##[group]Run echo "::group::npm ci"
2025-04-15T08:39:27.4754872Z [36;1mecho "::group::npm ci"[0m
2025-04-15T08:39:27.4755145Z [36;1mnpm ci[0m
2025-04-15T08:39:27.4755395Z [36;1mecho "::endgroup::"[0m
2025-04-15T08:39:27.4799134Z shell: /usr/bin/bash --noprofile --norc -e -o pipefail {0}
2025-04-15T08:39:27.4799516Z env:
2025-04-15T08:39:27.4799733Z   FORCE_COLOR: 1
2025-04-15T08:39:27.4799984Z   ELECTRON_SKIP_BINARY_DOWNLOAD: 1
2025-04-15T08:39:27.4800281Z   DEBUG_GIT_COMMIT_INFO: 1
2025-04-15T08:39:27.4800558Z   PWTEST_CHANNEL: firefox-beta
2025-04-15T08:39:27.4800823Z ##[endgroup]
2025-04-15T08:39:27.4866481Z ##[group]npm ci
2025-04-15T08:39:31.2507231Z npm warn deprecated xterm-addon-fit@0.7.0: This package is now deprecated. Move to @xterm/addon-fit instead.
2025-04-15T08:39:31.6480192Z npm warn deprecated readdir-scoped-modules@1.1.0: This functionality has been moved to @npmcli/fs
2025-04-15T08:39:31.6724306Z npm warn deprecated read-package-json@2.1.2: This package is no longer supported. Please use @npmcli/package-json instead.
2025-04-15T08:39:31.7599499Z npm warn deprecated osenv@0.1.5: This package is no longer supported.
2025-04-15T08:39:32.0922117Z npm warn deprecated inflight@1.0.6: This module is not supported, and leaks memory. Do not use it. Check out lru-cache if you want a good and tested way to coalesce async requests by a key value, which is much more comprehensive and powerful.
2025-04-15T08:39:32.1546619Z npm warn deprecated read-installed@4.0.3: This package is no longer supported.
2025-04-15T08:39:32.2258981Z npm warn deprecated glob@7.2.3: Glob versions prior to v9 are no longer supported
2025-04-15T08:39:32.5051451Z npm warn deprecated debuglog@1.0.1: Package no longer supported. Contact Support at https://www.npmjs.com/support for more info.
2025-04-15T08:39:32.7866068Z npm warn deprecated boolean@3.2.0: Package no longer supported. Contact Support at https://www.npmjs.com/support for more info.
2025-04-15T08:39:32.7884573Z npm warn deprecated @types/immutable@3.8.7: This is a stub types definition for Facebook's Immutable (https://github.com/facebook/immutable-js). Facebook's Immutable provides its own type definitions, so you don't need @types/immutable installed!
2025-04-15T08:39:34.6512021Z npm warn deprecated xterm@5.3.0: This package is now deprecated. Move to @xterm/xterm instead.
2025-04-15T08:39:42.4283742Z 
2025-04-15T08:39:42.4284573Z added 557 packages, and audited 580 packages in 15s
2025-04-15T08:39:42.4285087Z 
2025-04-15T08:39:42.4285402Z 147 packages are looking for funding
2025-04-15T08:39:42.4286173Z   run `npm fund` for details
2025-04-15T08:39:42.4441638Z 
2025-04-15T08:39:42.4442422Z 2 moderate severity vulnerabilities
2025-04-15T08:39:42.4442850Z 
2025-04-15T08:39:42.4443109Z To address all issues, run:
2025-04-15T08:39:42.4443639Z   npm audit fix
2025-04-15T08:39:42.4443900Z 
2025-04-15T08:39:42.4444136Z Run `npm audit` for details.
2025-04-15T08:39:42.4719279Z ##[endgroup]
2025-04-15T08:39:42.4745407Z ##[group]Run echo "::group::npm run build"
2025-04-15T08:39:42.4746020Z [36;1mecho "::group::npm run build"[0m
2025-04-15T08:39:42.4746274Z [36;1mnpm run build[0m
2025-04-15T08:39:42.4746488Z [36;1mecho "::endgroup::"[0m
2025-04-15T08:39:42.4799965Z shell: /usr/bin/bash --noprofile --norc -e -o pipefail {0}
2025-04-15T08:39:42.4800302Z env:
2025-04-15T08:39:42.4800472Z   FORCE_COLOR: 1
2025-04-15T08:39:42.4800677Z   ELECTRON_SKIP_BINARY_DOWNLOAD: 1
2025-04-15T08:39:42.4800922Z   DEBUG_GIT_COMMIT_INFO: 1
2025-04-15T08:39:42.4801352Z   PWTEST_CHANNEL: firefox-beta
2025-04-15T08:39:42.4801751Z ##[endgroup]
2025-04-15T08:39:42.4894232Z ##[group]npm run build
2025-04-15T08:39:42.6325824Z 
2025-04-15T08:39:42.6326587Z > playwright-internal@1.52.0-next build
2025-04-15T08:39:42.6327230Z > node utils/build/build.js
2025-04-15T08:39:42.6327543Z 
2025-04-15T08:39:42.7976991Z ==== Running npm ci --save=false --fund=false --audit=false in /home/runner/work/playwright/playwright/tests/playwright-test/stable-test-runner
2025-04-15T08:39:43.5267511Z 
2025-04-15T08:39:43.5268234Z added 3 packages in 658ms
2025-04-15T08:39:43.5347967Z ==== Running npm ci --save=false --fund=false --audit=false --omit=optional in /home/runner/work/playwright/playwright/packages/playwright/bundles/babel
2025-04-15T08:39:44.8342768Z 
2025-04-15T08:39:44.8343411Z added 75 packages in 1s
2025-04-15T08:39:44.8446250Z ==== Running npm ci --save=false --fund=false --audit=false --omit=optional in /home/runner/work/playwright/playwright/packages/playwright/bundles/expect
2025-04-15T08:39:45.6737229Z 
2025-04-15T08:39:45.6738026Z added 51 packages in 760ms
2025-04-15T08:39:45.6836409Z ==== Running npm ci --save=false --fund=false --audit=false --omit=optional in /home/runner/work/playwright/playwright/packages/playwright/bundles/utils
2025-04-15T08:39:46.3694007Z 
2025-04-15T08:39:46.3694592Z added 26 packages in 618ms
2025-04-15T08:39:46.3774250Z ==== Running npm ci --save=false --fund=false --audit=false --omit=optional in /home/runner/work/playwright/playwright/packages/playwright-core/bundles/utils
2025-04-15T08:39:47.3258993Z 
2025-04-15T08:39:47.3259641Z added 45 packages in 878ms
2025-04-15T08:39:47.3363363Z ==== Running npm ci --save=false --fund=false --audit=false --omit=optional in /home/runner/work/playwright/playwright/packages/playwright-core/bundles/zip
2025-04-15T08:39:47.9571610Z 
2025-04-15T08:39:47.9572240Z added 16 packages in 552ms
2025-04-15T08:39:47.9650148Z ==== Running node /home/runner/work/playwright/playwright/utils/generate_third_party_notice.js in /home/runner/work/playwright/playwright
2025-04-15T08:39:52.1485291Z ==== Running node utils/generate_clip_paths.js in /home/runner/work/playwright/playwright
2025-04-15T08:39:52.2126488Z ==== Running node utils/generate_injected.js in /home/runner/work/playwright/playwright
2025-04-15T08:39:52.3328439Z ==== Running npx esbuild "/home/runner/work/playwright/playwright/packages/playwright/src/**/*.ts" --outdir="/home/runner/work/playwright/playwright/packages/playwright/lib" --platform=node --format=cjs in /home/runner/work/playwright/playwright
2025-04-15T08:39:52.7863181Z 
2025-04-15T08:39:52.7865130Z   packages/playwright/lib/index.js                     28.8kb
2025-04-15T08:39:52.7865964Z   packages/playwright/lib/reporters/html.js            23.7kb
2025-04-15T08:39:52.7866435Z   packages/playwright/lib/worker/workerMain.js         21.5kb
2025-04-15T08:39:52.7866855Z   packages/playwright/lib/reporters/base.js            21.1kb
2025-04-15T08:39:52.7867266Z   packages/playwright/lib/program.js                   20.4kb
2025-04-15T08:39:52.7867722Z   packages/playwright/lib/runner/testServer.js         20.2kb
2025-04-15T08:39:52.7868176Z   packages/playwright/lib/runner/dispatcher.js         18.4kb
2025-04-15T08:39:52.7868603Z   packages/playwright/lib/matchers/matchers.js         18.1kb
2025-04-15T08:39:52.7869037Z   packages/playwright/lib/matchers/toMatchSnapshot.js  18.0kb
2025-04-15T08:39:52.7869464Z   packages/playwright/lib/reporters/merge.js           17.8kb
2025-04-15T08:39:52.7869875Z   packages/playwright/lib/worker/testInfo.js           17.7kb
2025-04-15T08:39:52.7870321Z   packages/playwright/lib/common/configLoader.js       17.4kb
2025-04-15T08:39:52.7870737Z   packages/playwright/lib/runner/tasks.js              16.2kb
2025-04-15T08:39:52.7871139Z   packages/playwright/lib/runner/watchMode.js          15.5kb
2025-04-15T08:39:52.7871575Z   packages/playwright/lib/util.js                      15.1kb
2025-04-15T08:39:52.7871998Z   packages/playwright/lib/isomorphic/teleReceiver.js   14.7kb
2025-04-15T08:39:52.7872664Z   packages/playwright/lib/common/testType.js           14.1kb
2025-04-15T08:39:52.7873644Z   packages/playwright/lib/runner/loadUtils.js          14.0kb
2025-04-15T08:39:52.7874332Z   packages/playwright/lib/matchers/expect.js           13.4kb
2025-04-15T08:39:52.7875031Z   packages/playwright/lib/worker/testTracing.js        13.2kb
2025-04-15T08:39:52.7875848Z   ...and 73 more output files...
2025-04-15T08:39:52.7876169Z 
2025-04-15T08:39:52.7876556Z ⚡ Done in 39ms
2025-04-15T08:39:52.7962311Z ==== Running npx esbuild "/home/runner/work/playwright/playwright/packages/playwright-core/src/**/*.ts" --outdir="/home/runner/work/playwright/playwright/packages/playwright-core/lib" --platform=node --format=cjs in /home/runner/work/playwright/playwright
2025-04-15T08:39:53.2781900Z 
2025-04-15T08:39:53.2783171Z   packages/playwright-core/lib/generated/injectedScriptSource.js      273.8kb
2025-04-15T08:39:53.2784238Z   packages/playwright-core/lib/protocol/validator.js                  212.5kb
2025-04-15T08:39:53.2785251Z   packages/playwright-core/lib/generated/consoleApiSource.js           77.7kb
2025-04-15T08:39:53.2786440Z   packages/playwright-core/lib/server/frames.js                        64.7kb
2025-04-15T08:39:53.2787375Z   packages/playwright-core/lib/server/registry/index.js                62.8kb
2025-04-15T08:39:53.2788276Z   packages/playwright-core/lib/generated/pollingRecorderSource.js      58.5kb
2025-04-15T08:39:53.2789207Z   packages/playwright-core/lib/server/webkit/wkPage.js                 49.6kb
2025-04-15T08:39:53.2790192Z   packages/playwright-core/lib/server/chromium/crPage.js               45.1kb
2025-04-15T08:39:53.2791176Z   packages/playwright-core/lib/server/dom.js                           36.4kb
2025-04-15T08:39:53.2792154Z   packages/playwright-core/lib/server/registry/nativeDeps.js           31.3kb
2025-04-15T08:39:53.2793148Z   packages/playwright-core/lib/server/page.js                          29.9kb
2025-04-15T08:39:53.2794241Z   packages/playwright-core/lib/server/chromium/crNetworkManager.js     29.8kb
2025-04-15T08:39:53.2795307Z   packages/playwright-core/lib/client/page.js                          28.3kb
2025-04-15T08:39:53.2796561Z   packages/playwright-core/lib/utils/isomorphic/cssTokenizer.js        26.2kb
2025-04-15T08:39:53.2797583Z   packages/playwright-core/lib/cli/program.js                          25.9kb
2025-04-15T08:39:53.2798564Z   packages/playwright-core/lib/server/fetch.js                         25.3kb
2025-04-15T08:39:53.2799530Z   packages/playwright-core/lib/server/browserContext.js                25.1kb
2025-04-15T08:39:53.2800553Z   packages/playwright-core/lib/utils/isomorphic/locatorGenerators.js   24.7kb
2025-04-15T08:39:53.2801561Z   packages/playwright-core/lib/client/network.js                       24.5kb
2025-04-15T08:39:53.2802590Z   packages/playwright-core/lib/server/har/harTracer.js                 23.7kb
2025-04-15T08:39:53.2803332Z   ...and 261 more output files...
2025-04-15T08:39:53.2803637Z 
2025-04-15T08:39:53.2804033Z ⚡ Done in 128ms
2025-04-15T08:39:53.2888954Z ==== Running npx esbuild "/home/runner/work/playwright/playwright/packages/playwright-dashboard/src/**/*.ts" --outdir="/home/runner/work/playwright/playwright/packages/playwright-dashboard/lib" --platform=node --format=cjs in /home/runner/work/playwright/playwright
2025-04-15T08:39:53.6454777Z 
2025-04-15T08:39:53.6457664Z   packages/playwright-dashboard/lib/markdownReporter.js     5.4kb
2025-04-15T08:39:53.6458615Z   packages/playwright-dashboard/lib/ghaMarkdownReporter.js  5.1kb
2025-04-15T08:39:53.6459105Z 
2025-04-15T08:39:53.6459479Z ⚡ Done in 2ms
2025-04-15T08:39:53.6546609Z ==== Running npx esbuild "/home/runner/work/playwright/playwright/packages/playwright-ct-core/src/**/*.ts" --outdir="/home/runner/work/playwright/playwright/packages/playwright-ct-core/lib" --platform=node --format=cjs in /home/runner/work/playwright/playwright
2025-04-15T08:39:54.0056829Z 
2025-04-15T08:39:54.0058825Z   packages/playwright-ct-core/lib/vitePlugin.js               9.9kb
2025-04-15T08:39:54.0059774Z   packages/playwright-ct-core/lib/viteUtils.js                7.2kb
2025-04-15T08:39:54.0060456Z   packages/playwright-ct-core/lib/tsxTransform.js             6.5kb
2025-04-15T08:39:54.0060957Z   packages/playwright-ct-core/lib/router.js                   6.1kb
2025-04-15T08:39:54.0061428Z   packages/playwright-ct-core/lib/generated/indexSource.js    4.4kb
2025-04-15T08:39:54.0061925Z   packages/playwright-ct-core/lib/devServer.js                4.3kb
2025-04-15T08:39:54.0062428Z   packages/playwright-ct-core/lib/mount.js                    4.3kb
2025-04-15T08:39:54.0063260Z   packages/playwright-ct-core/lib/injected/serializers.js     3.6kb
2025-04-15T08:39:54.0064137Z   packages/playwright-ct-core/lib/injected/importRegistry.js  2.1kb
2025-04-15T08:39:54.0065024Z   packages/playwright-ct-core/lib/program.js                  1.1kb
2025-04-15T08:39:54.0066163Z   packages/playwright-ct-core/lib/injected/index.js           312b 
2025-04-15T08:39:54.0066696Z 
2025-04-15T08:39:54.0067118Z ⚡ Done in 5ms
2025-04-15T08:39:54.0151931Z ==== Running npm run build in /home/runner/work/playwright/playwright/packages/playwright/bundles/babel
2025-04-15T08:39:54.1674723Z 
2025-04-15T08:39:54.1675254Z > babel-bundle@0.0.1 build
2025-04-15T08:39:54.1676002Z > npm run esbuild -- --minify
2025-04-15T08:39:54.1676307Z 
2025-04-15T08:39:54.3202799Z 
2025-04-15T08:39:54.3203282Z > babel-bundle@0.0.1 esbuild
2025-04-15T08:39:54.3204294Z > esbuild ./src/babelBundleImpl.ts --bundle --outdir=../../lib/transform --format=cjs --platform=node --target=ES2019 --external:playwright --minify
2025-04-15T08:39:54.3204928Z 
2025-04-15T08:39:54.4202479Z 
2025-04-15T08:39:54.4203559Z   ../../lib/transform/babelBundleImpl.js  1.3mb ⚠️
2025-04-15T08:39:54.4203867Z 
2025-04-15T08:39:54.4203999Z ⚡ Done in 94ms
2025-04-15T08:39:54.4344444Z ==== Running npm run build in /home/runner/work/playwright/playwright/packages/playwright/bundles/expect
2025-04-15T08:39:54.5883281Z 
2025-04-15T08:39:54.5883709Z > expect-bundle@0.0.1 build
2025-04-15T08:39:54.5884225Z > npm run esbuild -- --minify
2025-04-15T08:39:54.5884543Z 
2025-04-15T08:39:54.7420835Z 
2025-04-15T08:39:54.7421412Z > expect-bundle@0.0.1 esbuild
2025-04-15T08:39:54.7422350Z > esbuild ./src/expectBundleImpl.ts --bundle --outdir=../../lib/common --format=cjs --platform=node --target=ES2019 --minify
2025-04-15T08:39:54.7422904Z 
2025-04-15T08:39:54.7769878Z 
2025-04-15T08:39:54.7770498Z   ../../lib/common/expectBundleImpl.js  249.6kb
2025-04-15T08:39:54.7770901Z 
2025-04-15T08:39:54.7771218Z ⚡ Done in 29ms
2025-04-15T08:39:54.7904905Z ==== Running npm run build in /home/runner/work/playwright/playwright/packages/playwright/bundles/utils
2025-04-15T08:39:54.9438003Z 
2025-04-15T08:39:54.9438544Z > utils-bundle@0.0.1 build
2025-04-15T08:39:54.9438992Z > npm run esbuild -- --minify
2025-04-15T08:39:54.9439200Z 
2025-04-15T08:39:55.1003432Z 
2025-04-15T08:39:55.1003999Z > utils-bundle@0.0.1 esbuild
2025-04-15T08:39:55.1004397Z > node build.js --minify
2025-04-15T08:39:55.1004605Z 
2025-04-15T08:39:55.1973719Z ==== Running npm run build in /home/runner/work/playwright/playwright/packages/playwright-core/bundles/utils
2025-04-15T08:39:55.3482236Z 
2025-04-15T08:39:55.3482690Z > utils-bundle@0.0.1 build
2025-04-15T08:39:55.3483201Z > npm run esbuild -- --minify
2025-04-15T08:39:55.3483410Z 
2025-04-15T08:39:55.5035196Z 
2025-04-15T08:39:55.5036093Z > utils-bundle@0.0.1 esbuild
2025-04-15T08:39:55.5036698Z > node build.js --minify
2025-04-15T08:39:55.5036978Z 
2025-04-15T08:39:55.6316497Z ==== Running npm run build in /home/runner/work/playwright/playwright/packages/playwright-core/bundles/zip
2025-04-15T08:39:55.7833153Z 
2025-04-15T08:39:55.7833763Z > zip-bundle@0.0.1 build
2025-04-15T08:39:55.7834311Z > npm run esbuild -- --minify
2025-04-15T08:39:55.7834633Z 
2025-04-15T08:39:55.9362529Z 
2025-04-15T08:39:55.9363065Z > zip-bundle@0.0.1 esbuild
2025-04-15T08:39:55.9363543Z > node build.js --minify
2025-04-15T08:39:55.9363719Z 
2025-04-15T08:39:56.0139412Z ==== Running npm run build in /home/runner/work/playwright/playwright/packages/playwright-client
2025-04-15T08:39:56.1758512Z 
2025-04-15T08:39:56.1759125Z > @playwright/client@0.0.0 build
2025-04-15T08:39:56.1759811Z > esbuild ./src/index.ts --outdir=lib --format=cjs --bundle --platform=node --target=ES2019
2025-04-15T08:39:56.1760179Z 
2025-04-15T08:39:56.2045946Z 
2025-04-15T08:39:56.2046473Z   lib/index.js  395.3kb
2025-04-15T08:39:56.2046770Z 
2025-04-15T08:39:56.2047091Z ⚡ Done in 22ms
2025-04-15T08:39:56.2120316Z ==== Running npx vite --config vite.sw.config.ts build in /home/runner/work/playwright/playwright/packages/trace-viewer
2025-04-15T08:39:56.7692442Z [36mvite v6.2.6 [32mbuilding for production...[36m[39m
2025-04-15T08:39:56.8141592Z transforming...
2025-04-15T08:39:57.2287084Z [32m✓[39m 35 modules transformed.
2025-04-15T08:39:57.2956587Z rendering chunks...
2025-04-15T08:39:57.2986169Z computing gzip size...
2025-04-15T08:39:57.3035268Z [2mpublic/[22m[36msw.bundle.js  [39m[1m[2m94.25 kB[22m[1m[22m[2m │ gzip: 32.93 kB[22m
2025-04-15T08:39:57.3036769Z [32m✓ built in 511ms[39m
2025-04-15T08:39:57.3256248Z ==== Running npx vite build in /home/runner/work/playwright/playwright/packages/html-reporter
2025-04-15T08:39:57.8799537Z [36mvite v6.2.6 [32mbuilding for production...[36m[39m
2025-04-15T08:39:57.9418900Z transforming...
2025-04-15T08:39:59.0190313Z [32m✓[39m 88 modules transformed.
2025-04-15T08:39:59.1616900Z rendering chunks...
2025-04-15T08:39:59.1821450Z computing gzip size...
2025-04-15T08:39:59.1992001Z [2mdist/[22m[32mindex.html                 [39m[1m[2m456.59 kB[22m[1m[22m[2m │ gzip: 174.33 kB[22m
2025-04-15T08:39:59.1993034Z [2mdist/[22m[2massets/[22m[35mstyle-PnV1rYJ2.css  [39m[1m[2m104.86 kB[22m[1m[22m[2m │ gzip:  17.51 kB[22m
2025-04-15T08:39:59.1993914Z [2mdist/[22m[2massets/[22m[36mindex-D1RSRgJq.js   [39m[1m[2m351.31 kB[22m[1m[22m[2m │ gzip: 156.38 kB[22m
2025-04-15T08:39:59.1995122Z [32m✓ built in 1.29s[39m
2025-04-15T08:39:59.2268261Z ==== Running npx vite build in /home/runner/work/playwright/playwright/packages/recorder
2025-04-15T08:39:59.7759623Z [36mvite v6.2.6 [32mbuilding for production...[36m[39m
2025-04-15T08:39:59.8387603Z transforming...
2025-04-15T08:40:02.0432001Z [32m✓[39m 163 modules transformed.
2025-04-15T08:40:02.3098893Z rendering chunks...
2025-04-15T08:40:02.3340770Z computing gzip size...
2025-04-15T08:40:02.3478989Z [2m../playwright-core/lib/vite/recorder/[22m[32mindex.html                            [39m[1m[2m  1.06 kB[22m[1m[22m[2m │ gzip:  0.65 kB[22m
2025-04-15T08:40:02.3480826Z [2m../playwright-core/lib/vite/recorder/[22m[2massets/[22m[32mcodicon-DCmgc-ay.ttf           [39m[1m[2m 80.34 kB[22m[1m[22m
2025-04-15T08:40:02.3482643Z [2m../playwright-core/lib/vite/recorder/[22m[2massets/[22m[35mcodeMirrorModule-C3UTv-Ge.css  [39m[1m[2m  6.01 kB[22m[1m[22m[2m │ gzip:  1.57 kB[22m
2025-04-15T08:40:02.3484216Z [2m../playwright-core/lib/vite/recorder/[22m[2massets/[22m[35mindex-eHBmevrY.css             [39m[1m[2m 92.01 kB[22m[1m[22m[2m │ gzip: 15.29 kB[22m
2025-04-15T08:40:02.3486153Z [2m../playwright-core/lib/vite/recorder/[22m[2massets/[22m[36mcodeMirrorModule-DVQi6prl.js   [39m[1m[2m293.14 kB[22m[1m[22m[2m │ gzip: 96.81 kB[22m
2025-04-15T08:40:02.3487653Z [2m../playwright-core/lib/vite/recorder/[22m[2massets/[22m[36mindex-97EUAAbk.js              [39m[1m[2m310.50 kB[22m[1m[22m[2m │ gzip: 96.98 kB[22m
2025-04-15T08:40:02.3488725Z [32m✓ built in 2.55s[39m
2025-04-15T08:40:02.3840794Z ==== Running npx vite build in /home/runner/work/playwright/playwright/packages/trace-viewer
2025-04-15T08:40:02.9381231Z [36mvite v6.2.6 [32mbuilding for production...[36m[39m
2025-04-15T08:40:03.0038723Z transforming...
2025-04-15T08:40:06.6194149Z [32m✓[39m 275 modules transformed.
2025-04-15T08:40:06.8552944Z rendering chunks...
2025-04-15T08:40:07.0635177Z computing gzip size...
2025-04-15T08:40:07.0863066Z [2m../playwright-core/lib/vite/traceViewer/[22m[32muiMode.html                             [39m[1m[2m  0.63 kB[22m[1m[22m[2m │ gzip:   0.36 kB[22m
2025-04-15T08:40:07.0865812Z [2m../playwright-core/lib/vite/traceViewer/[22m[32msnapshot.html                           [39m[1m[2m  0.80 kB[22m[1m[22m[2m │ gzip:   0.42 kB[22m
2025-04-15T08:40:07.0867283Z [2m../playwright-core/lib/vite/traceViewer/[22m[32mindex.html                              [39m[1m[2m  2.26 kB[22m[1m[22m[2m │ gzip:   1.01 kB[22m
2025-04-15T08:40:07.0868404Z [2m../playwright-core/lib/vite/traceViewer/[22m[32mcodicon.DCmgc-ay.ttf                    [39m[1m[2m 80.34 kB[22m[1m[22m
2025-04-15T08:40:07.0869691Z [2m../playwright-core/lib/vite/traceViewer/[22m[35mindex.CFOW-Ezb.css                      [39m[1m[2m  1.38 kB[22m[1m[22m[2m │ gzip:   0.59 kB[22m
2025-04-15T08:40:07.0871162Z [2m../playwright-core/lib/vite/traceViewer/[22m[35mxtermModule.Beg8tuEN.css                [39m[1m[2m  3.97 kB[22m[1m[22m[2m │ gzip:   1.64 kB[22m
2025-04-15T08:40:07.0872470Z [2m../playwright-core/lib/vite/traceViewer/[22m[35mcodeMirrorModule.C3UTv-Ge.css           [39m[1m[2m  6.01 kB[22m[1m[22m[2m │ gzip:   1.57 kB[22m
2025-04-15T08:40:07.0873590Z [2m../playwright-core/lib/vite/traceViewer/[22m[35muiMode.BatfzHMG.css                     [39m[1m[2m 59.97 kB[22m[1m[22m[2m │ gzip:   9.13 kB[22m
2025-04-15T08:40:07.0874696Z [2m../playwright-core/lib/vite/traceViewer/[22m[35mdefaultSettingsView.QdHITyLI.css        [39m[1m[2m110.58 kB[22m[1m[22m[2m │ gzip:  18.83 kB[22m
2025-04-15T08:40:07.0875437Z [33m
2025-04-15T08:40:07.0875932Z (!) Some chunks are larger than 500 kB after minification. Consider:
2025-04-15T08:40:07.0876392Z - Using dynamic import() to code-split the application
2025-04-15T08:40:07.0877250Z - Use build.rollupOptions.output.manualChunks to improve chunking: https://rollupjs.org/configuration-options/#output-manualchunks
2025-04-15T08:40:07.0879156Z - Adjust chunk size limit for this warning via build.chunkSizeWarningLimit.[39m
2025-04-15T08:40:07.0880812Z [2m../playwright-core/lib/vite/traceViewer/[22m[36mindex.DvtSwn6E.js                       [39m[1m[2m  6.83 kB[22m[1m[22m[2m │ gzip:   2.80 kB[22m
2025-04-15T08:40:07.0882872Z [2m../playwright-core/lib/vite/traceViewer/[22m[36muiMode.cQdgTfV-.js                      [39m[1m[2m 34.77 kB[22m[1m[22m[2m │ gzip:  11.99 kB[22m
2025-04-15T08:40:07.0884879Z [2m../playwright-core/lib/vite/traceViewer/[22m[2massets/[22m[36mxtermModule-BoAIEibi.js          [39m[1m[2m283.88 kB[22m[1m[22m[2m │ gzip:  70.59 kB[22m
2025-04-15T08:40:07.0887319Z [2m../playwright-core/lib/vite/traceViewer/[22m[2massets/[22m[36mcodeMirrorModule-DwAiTpyC.js     [39m[1m[2m293.16 kB[22m[1m[22m[2m │ gzip:  96.81 kB[22m
2025-04-15T08:40:07.0889560Z [2m../playwright-core/lib/vite/traceViewer/[22m[2massets/[22m[36mdefaultSettingsView-DkkRvn5X.js  [39m[1m[33m574.63 kB[39m[22m[2m │ gzip: 175.92 kB[22m
2025-04-15T08:40:07.0890711Z [32m✓ built in 4.13s[39m
2025-04-15T08:40:07.1298493Z ==== Running node /home/runner/work/playwright/playwright/utils/generate_injected.js in /home/runner/work/playwright/playwright
2025-04-15T08:40:07.2441345Z ==== Running node /home/runner/work/playwright/playwright/utils/generate_channels.js in /home/runner/work/playwright/playwright
2025-04-15T08:40:07.4525046Z ==== Running node /home/runner/work/playwright/playwright/utils/generate_types/index.js in /home/runner/work/playwright/playwright
2025-04-15T08:40:10.5877436Z ##[endgroup]
2025-04-15T08:40:10.5902084Z ##[group]Run echo "::group::npx playwright install --with-deps"
2025-04-15T08:40:10.5902528Z [36;1mecho "::group::npx playwright install --with-deps"[0m
2025-04-15T08:40:10.5902861Z [36;1mnpx playwright install --with-deps [0m
2025-04-15T08:40:10.5903127Z [36;1mecho "::endgroup::"[0m
2025-04-15T08:40:10.5950125Z shell: /usr/bin/bash --noprofile --norc -e -o pipefail {0}
2025-04-15T08:40:10.5950453Z env:
2025-04-15T08:40:10.5950821Z   FORCE_COLOR: 1
2025-04-15T08:40:10.5951028Z   ELECTRON_SKIP_BINARY_DOWNLOAD: 1
2025-04-15T08:40:10.5951435Z   DEBUG_GIT_COMMIT_INFO: 1
2025-04-15T08:40:10.5951667Z   PWTEST_CHANNEL: firefox-beta
2025-04-15T08:40:10.5951898Z ##[endgroup]
2025-04-15T08:40:10.6017496Z ##[group]npx playwright install --with-deps
2025-04-15T08:40:11.4682395Z Installing dependencies...
2025-04-15T08:40:11.4752942Z Switching to root user to install dependencies...
2025-04-15T08:40:11.5480614Z Get:1 file:/etc/apt/apt-mirrors.txt Mirrorlist [142 B]
2025-04-15T08:40:11.5819202Z Hit:2 http://azure.archive.ubuntu.com/ubuntu noble InRelease
2025-04-15T08:40:11.5837126Z Hit:6 https://packages.microsoft.com/repos/azure-cli noble InRelease
2025-04-15T08:40:11.5838276Z Get:7 https://packages.microsoft.com/ubuntu/24.04/prod noble InRelease [3600 B]
2025-04-15T08:40:11.5847970Z Get:3 http://azure.archive.ubuntu.com/ubuntu noble-updates InRelease [126 kB]
2025-04-15T08:40:11.5898809Z Hit:4 http://azure.archive.ubuntu.com/ubuntu noble-backports InRelease
2025-04-15T08:40:11.5903575Z Get:5 http://azure.archive.ubuntu.com/ubuntu noble-security InRelease [126 kB]
2025-04-15T08:40:11.7499175Z Get:8 https://packages.microsoft.com/ubuntu/24.04/prod noble/main arm64 Packages [17.1 kB]
2025-04-15T08:40:11.7592933Z Get:9 https://packages.microsoft.com/ubuntu/24.04/prod noble/main amd64 Packages [27.2 kB]
2025-04-15T08:40:11.7964337Z Get:10 http://azure.archive.ubuntu.com/ubuntu noble-updates/main amd64 Packages [992 kB]
2025-04-15T08:40:11.8035668Z Get:11 http://azure.archive.ubuntu.com/ubuntu noble-updates/main Translation-en [219 kB]
2025-04-15T08:40:11.8059804Z Get:12 http://azure.archive.ubuntu.com/ubuntu noble-updates/universe amd64 Packages [1054 kB]
2025-04-15T08:40:11.8209462Z Get:13 http://azure.archive.ubuntu.com/ubuntu noble-updates/universe Translation-en [266 kB]
2025-04-15T08:40:11.8235787Z Get:14 http://azure.archive.ubuntu.com/ubuntu noble-updates/restricted Translation-en [182 kB]
2025-04-15T08:40:11.9016162Z Get:15 http://azure.archive.ubuntu.com/ubuntu noble-security/main amd64 Packages [748 kB]
2025-04-15T08:40:11.9069878Z Get:16 http://azure.archive.ubuntu.com/ubuntu noble-security/main Translation-en [143 kB]
2025-04-15T08:40:11.9090797Z Get:17 http://azure.archive.ubuntu.com/ubuntu noble-security/universe amd64 Packages [830 kB]
2025-04-15T08:40:11.9149052Z Get:18 http://azure.archive.ubuntu.com/ubuntu noble-security/universe Translation-en [181 kB]
2025-04-15T08:40:11.9168721Z Get:19 http://azure.archive.ubuntu.com/ubuntu noble-security/restricted Translation-en [175 kB]
2025-04-15T08:40:16.9706801Z Fetched 5090 kB in 1s (6932 kB/s)
2025-04-15T08:40:17.5990856Z Reading package lists...
2025-04-15T08:40:17.6239734Z Reading package lists...
2025-04-15T08:40:17.7697277Z Building dependency tree...
2025-04-15T08:40:17.7704551Z Reading state information...
2025-04-15T08:40:17.7836911Z libasound2t64 is already the newest version (1.2.11-1build2).
2025-04-15T08:40:17.7837682Z libasound2t64 set to manually installed.
2025-04-15T08:40:17.7838332Z libatk-bridge2.0-0t64 is already the newest version (2.52.0-1build1).
2025-04-15T08:40:17.7838930Z libatk-bridge2.0-0t64 set to manually installed.
2025-04-15T08:40:17.7839501Z libatk1.0-0t64 is already the newest version (2.52.0-1build1).
2025-04-15T08:40:17.7839985Z libatk1.0-0t64 set to manually installed.
2025-04-15T08:40:17.7840509Z libatspi2.0-0t64 is already the newest version (2.52.0-1build1).
2025-04-15T08:40:17.7841019Z libatspi2.0-0t64 set to manually installed.
2025-04-15T08:40:17.7841513Z libcairo2 is already the newest version (1.18.0-3build1).
2025-04-15T08:40:17.7841969Z libcairo2 set to manually installed.
2025-04-15T08:40:17.7842597Z libcups2t64 is already the newest version (2.4.7-1.2ubuntu7.3).
2025-04-15T08:40:17.7843093Z libcups2t64 set to manually installed.
2025-04-15T08:40:17.7843590Z libdbus-1-3 is already the newest version (1.14.10-4ubuntu4.1).
2025-04-15T08:40:17.7844066Z libdbus-1-3 set to manually installed.
2025-04-15T08:40:17.7844610Z libdrm2 is already the newest version (2.4.122-1~ubuntu0.24.04.1).
2025-04-15T08:40:17.7845786Z libdrm2 set to manually installed.
2025-04-15T08:40:17.7846533Z libgbm1 is already the newest version (24.2.8-1ubuntu1~24.04.1).
2025-04-15T08:40:17.7847012Z libgbm1 set to manually installed.
2025-04-15T08:40:17.7847510Z libglib2.0-0t64 is already the newest version (2.80.0-6ubuntu3.2).
2025-04-15T08:40:17.7847919Z libglib2.0-0t64 set to manually installed.
2025-04-15T08:40:17.7848316Z libnspr4 is already the newest version (2:4.35-1.1build1).
2025-04-15T08:40:17.7848669Z libnspr4 set to manually installed.
2025-04-15T08:40:17.7849024Z libnss3 is already the newest version (2:3.98-1build1).
2025-04-15T08:40:17.7849354Z libnss3 set to manually installed.
2025-04-15T08:40:17.7849741Z libpango-1.0-0 is already the newest version (1.52.1+ds-1build1).
2025-04-15T08:40:17.7850129Z libpango-1.0-0 set to manually installed.
2025-04-15T08:40:17.7850496Z libx11-6 is already the newest version (2:1.8.7-1build1).
2025-04-15T08:40:17.7850831Z libx11-6 set to manually installed.
2025-04-15T08:40:17.7851172Z libxcb1 is already the newest version (1.15-1ubuntu2).
2025-04-15T08:40:17.7851514Z libxcb1 set to manually installed.
2025-04-15T08:40:17.7851914Z libxcomposite1 is already the newest version (1:0.4.5-1build3).
2025-04-15T08:40:17.7852303Z libxcomposite1 set to manually installed.
2025-04-15T08:40:17.7852702Z libxdamage1 is already the newest version (1:1.1.6-1build1).
2025-04-15T08:40:17.7853068Z libxdamage1 set to manually installed.
2025-04-15T08:40:17.7853458Z libxext6 is already the newest version (2:1.3.4-1build2).
2025-04-15T08:40:17.7853801Z libxext6 set to manually installed.
2025-04-15T08:40:17.7854170Z libxfixes3 is already the newest version (1:6.0.0-2build1).
2025-04-15T08:40:17.7854529Z libxfixes3 set to manually installed.
2025-04-15T08:40:17.7854908Z libxkbcommon0 is already the newest version (1.6.0-1build1).
2025-04-15T08:40:17.7855277Z libxkbcommon0 set to manually installed.
2025-04-15T08:40:17.7855768Z libxrandr2 is already the newest version (2:1.5.2-2build1).
2025-04-15T08:40:17.7856128Z libxrandr2 set to manually installed.
2025-04-15T08:40:17.7856535Z libcairo-gobject2 is already the newest version (1.18.0-3build1).
2025-04-15T08:40:17.7856963Z libcairo-gobject2 set to manually installed.
2025-04-15T08:40:17.7857391Z libfontconfig1 is already the newest version (2.15.0-1.1ubuntu2).
2025-04-15T08:40:17.7857791Z libfontconfig1 set to manually installed.
2025-04-15T08:40:17.7858199Z libfreetype6 is already the newest version (2.13.2+dfsg-1build3).
2025-04-15T08:40:17.7858580Z libfreetype6 set to manually installed.
2025-04-15T08:40:17.7859034Z libgdk-pixbuf-2.0-0 is already the newest version (2.42.10+dfsg-3ubuntu3.1).
2025-04-15T08:40:17.7859477Z libgdk-pixbuf-2.0-0 set to manually installed.
2025-04-15T08:40:17.7859918Z libpangocairo-1.0-0 is already the newest version (1.52.1+ds-1build1).
2025-04-15T08:40:17.7860337Z libpangocairo-1.0-0 set to manually installed.
2025-04-15T08:40:17.7860732Z libx11-xcb1 is already the newest version (2:1.8.7-1build1).
2025-04-15T08:40:17.7861101Z libx11-xcb1 set to manually installed.
2025-04-15T08:40:17.7861468Z libxcb-shm0 is already the newest version (1.15-1ubuntu2).
2025-04-15T08:40:17.7861825Z libxcb-shm0 set to manually installed.
2025-04-15T08:40:17.7862199Z libxcursor1 is already the newest version (1:1.2.1-1build1).
2025-04-15T08:40:17.7862554Z libxcursor1 set to manually installed.
2025-04-15T08:40:17.7862906Z libxi6 is already the newest version (2:1.8.1-1build1).
2025-04-15T08:40:17.7863243Z libxi6 set to manually installed.
2025-04-15T08:40:17.7863629Z libxrender1 is already the newest version (1:0.9.10-1.1build1).
2025-04-15T08:40:17.7863998Z libxrender1 set to manually installed.
2025-04-15T08:40:17.7864376Z libicu74 is already the newest version (74.2-1ubuntu3.1).
2025-04-15T08:40:17.7864809Z libicu74 set to manually installed.
2025-04-15T08:40:17.7865194Z libatomic1 is already the newest version (14.2.0-4ubuntu2~24.04).
2025-04-15T08:40:17.7865664Z libatomic1 set to manually installed.
2025-04-15T08:40:17.7866259Z libenchant-2-2 is already the newest version (2.3.3-2build2).
2025-04-15T08:40:17.7866747Z libenchant-2-2 set to manually installed.
2025-04-15T08:40:17.7867121Z libepoxy0 is already the newest version (1.5.10-1build1).
2025-04-15T08:40:17.7867475Z libepoxy0 set to manually installed.
2025-04-15T08:40:17.7867874Z libgstreamer1.0-0 is already the newest version (1.24.2-1ubuntu0.1).
2025-04-15T08:40:17.7868282Z libgstreamer1.0-0 set to manually installed.
2025-04-15T08:40:17.7868670Z libharfbuzz0b is already the newest version (8.3.0-2build2).
2025-04-15T08:40:17.7869032Z libharfbuzz0b set to manually installed.
2025-04-15T08:40:17.7869424Z libjpeg-turbo8 is already the newest version (2.1.5-2ubuntu2).
2025-04-15T08:40:17.7869797Z libjpeg-turbo8 set to manually installed.
2025-04-15T08:40:17.7870159Z liblcms2-2 is already the newest version (2.14-2build1).
2025-04-15T08:40:17.7870523Z liblcms2-2 set to manually installed.
2025-04-15T08:40:17.7870895Z libpng16-16t64 is already the newest version (1.6.43-5build1).
2025-04-15T08:40:17.9139658Z libpng16-16t64 set to manually installed.
2025-04-15T08:40:17.9140798Z libwayland-client0 is already the newest version (1.22.0-2.1build1).
2025-04-15T08:40:17.9141843Z libwayland-client0 set to manually installed.
2025-04-15T08:40:17.9142867Z libwayland-egl1 is already the newest version (1.22.0-2.1build1).
2025-04-15T08:40:17.9143870Z libwayland-egl1 set to manually installed.
2025-04-15T08:40:17.9145001Z libwayland-server0 is already the newest version (1.22.0-2.1build1).
2025-04-15T08:40:17.9146318Z libwayland-server0 set to manually installed.
2025-04-15T08:40:17.9147377Z libwebp7 is already the newest version (1.3.2-0.4build3).
2025-04-15T08:40:17.9148358Z libwebp7 set to manually installed.
2025-04-15T08:40:17.9149406Z libwebpdemux2 is already the newest version (1.3.2-0.4build3).
2025-04-15T08:40:17.9150400Z libwebpdemux2 set to manually installed.
2025-04-15T08:40:17.9151261Z libxml2 is already the newest version (2.9.14+dfsg-1.3ubuntu3.2).
2025-04-15T08:40:17.9152068Z libxml2 set to manually installed.
2025-04-15T08:40:17.9152775Z xvfb is already the newest version (2:21.1.12-1ubuntu1.3).
2025-04-15T08:40:17.9153748Z fonts-noto-color-emoji is already the newest version (2.047-0ubuntu0.24.04.1).
2025-04-15T08:40:17.9154765Z fonts-liberation is already the newest version (1:2.1.5-3).
2025-04-15T08:40:17.9155670Z fonts-liberation set to manually installed.
2025-04-15T08:40:17.9156399Z The following additional packages will be installed:
2025-04-15T08:40:17.9157233Z   glib-networking glib-networking-common glib-networking-services
2025-04-15T08:40:17.9158249Z   gsettings-desktop-schemas gtk-update-icon-cache libaa1 libabsl20220623t64
2025-04-15T08:40:17.9159289Z   libass9 libasyncns0 libavc1394-0 libavcodec60 libavfilter9 libavformat60
2025-04-15T08:40:17.9160230Z   libavtp0 libavutil58 libblas3 libbluray2 libbs2b0 libcaca0
2025-04-15T08:40:17.9161151Z   libcairo-script-interpreter2 libcdparanoia0 libchromaprint1 libcjson1
2025-04-15T08:40:17.9161995Z   libcodec2-1.2 libdav1d7 libdc1394-25 libdca0 libdecor-0-0
2025-04-15T08:40:17.9162825Z   libdirectfb-1.7-7t64 libdv4t64 libdvdnav4 libdvdread8t64 libegl-mesa0
2025-04-15T08:40:17.9163773Z   libegl1 libfaad2 libflac12t64 libfluidsynth3 libfreeaptx0 libgav1-1 libgme0
2025-04-15T08:40:17.9164571Z   libgraphene-1.0-0 libgsm1 libgssdp-1.6-0 libgstreamer-plugins-good1.0-0
2025-04-15T08:40:17.9165125Z   libgtk-3-common libgtk-4-common libgupnp-1.6-0 libgupnp-igd-1.6-0 libhwy1t64
2025-04-15T08:40:17.9165997Z   libiec61883-0 libimath-3-1-29t64 libinstpatch-1.0-2 libjack-jackd2-0
2025-04-15T08:40:17.9166545Z   libjxl0.7 liblapack3 liblc3-1 libldacbt-enc2 liblilv-0-0 liblrdf0 libltc11
2025-04-15T08:40:17.9167069Z   libmbedcrypto7t64 libmfx1 libmjpegutils-2.1-0t64 libmodplug1 libmp3lame0
2025-04-15T08:40:17.9167575Z   libmpcdec6 libmpeg2encpp-2.1-0t64 libmpg123-0t64 libmplex2-2.1-0t64
2025-04-15T08:40:17.9168033Z   libmysofa1 libneon27t64 libnice10 libopenal-data libopenal1
2025-04-15T08:40:17.9168514Z   libopenexr-3-1-30 libopenh264-7 libopenmpt0t64 libopenni2-0 liborc-0.4-0t64
2025-04-15T08:40:17.9169481Z   libpipewire-0.3-0t64 libplacebo338 libpocketsphinx3 libpostproc57
2025-04-15T08:40:17.9170108Z   libproxy1v5 libpulse0 libqrencode4 libraptor2-0 librav1e0 libraw1394-11
2025-04-15T08:40:17.9170613Z   librist4 librsvg2-2 librubberband2 libsamplerate0 libsbc1 libsdl2-2.0-0
2025-04-15T08:40:17.9171113Z   libsecret-common libserd-0-0 libshine3 libshout3 libsndfile1 libsndio7.0
2025-04-15T08:40:17.9171602Z   libsord-0-0 libsoundtouch1 libsoup-3.0-0 libsoup-3.0-common libsoxr0
2025-04-15T08:40:17.9172103Z   libspa-0.2-modules libspandsp2t64 libspeex1 libsphinxbase3t64 libsratom-0-0
2025-04-15T08:40:17.9172623Z   libsrt1.5-gnutls libsrtp2-1 libssh-gcrypt-4 libsvtav1enc1d1 libswresample4
2025-04-15T08:40:17.9173140Z   libswscale7 libtag1v5 libtag1v5-vanilla libtheora0 libtwolame0 libudfread0
2025-04-15T08:40:17.9173647Z   libunibreak5 libv4l-0t64 libv4lconvert0t64 libva-drm2 libva-x11-2 libva2
2025-04-15T08:40:17.9174147Z   libvdpau1 libvidstab1.1 libvisual-0.4-0 libvo-aacenc0 libvo-amrwbenc0
2025-04-15T08:40:17.9174674Z   libvorbisenc2 libvpl2 libwavpack1 libwebrtc-audio-processing1 libwildmidi2
2025-04-15T08:40:17.9175200Z   libx265-199 libxcb-xkb1 libxkbcommon-x11-0 libxvidcore4 libyuv0 libzbar0t64
2025-04-15T08:40:17.9175968Z   libzimg2 libzix-0-0 libzvbi-common libzvbi0t64 libzxing3 ocl-icd-libopencl1
2025-04-15T08:40:17.9176480Z   session-migration timgm6mb-soundfont xfonts-encodings xfonts-utils
2025-04-15T08:40:17.9176848Z Suggested packages:
2025-04-15T08:40:17.9177205Z   frei0r-plugins gvfs libcuda1 libnvcuvid1 libnvidia-encode1 libbluray-bdj
2025-04-15T08:40:17.9177715Z   libdirectfb-extra libdv-bin oss-compat libdvdcss2 libvisual-0.4-plugins
2025-04-15T08:40:17.9178194Z   jackd2 liblrdf0-dev libportaudio2 opus-tools pipewire pulseaudio
2025-04-15T08:40:17.9178660Z   raptor2-utils libraw1394-doc librsvg2-bin serdi sndiod sordi speex
2025-04-15T08:40:17.9179074Z   libwildmidi-config opencl-icd fluid-soundfont-gm
2025-04-15T08:40:17.9179392Z Recommended packages:
2025-04-15T08:40:17.9179715Z   fonts-ipafont-mincho fonts-tlwg-loma gstreamer1.0-x libaacs0
2025-04-15T08:40:17.9180187Z   default-libdecor-0-plugin-1 | libdecor-0-plugin-1 gstreamer1.0-gl
2025-04-15T08:40:17.9180661Z   libgtk-3-bin librsvg2-common libgtk-4-bin libgtk-4-media-gstreamer
2025-04-15T08:40:17.9181137Z   libpipewire-0.3-common pocketsphinx-en-us va-driver-all | va-driver
2025-04-15T08:40:17.9181590Z   vdpau-driver-all | vdpau-driver libmagickcore-6.q16-7-extra
2025-04-15T08:40:17.9997520Z The following NEW packages will be installed:
2025-04-15T08:40:17.9998450Z   fonts-freefont-ttf fonts-ipafont-gothic fonts-tlwg-loma-otf fonts-unifont
2025-04-15T08:40:17.9999514Z   fonts-wqy-zenhei glib-networking glib-networking-common
2025-04-15T08:40:18.0000424Z   glib-networking-services gsettings-desktop-schemas gstreamer1.0-libav
2025-04-15T08:40:18.0001187Z   gstreamer1.0-plugins-bad gstreamer1.0-plugins-base gstreamer1.0-plugins-good
2025-04-15T08:40:18.0002028Z   libaa1 libabsl20220623t64 libass9 libasyncns0 libavc1394-0 libavcodec60
2025-04-15T08:40:18.0003072Z   libavfilter9 libavformat60 libavif16 libavtp0 libavutil58 libblas3
2025-04-15T08:40:18.0003650Z   libbluray2 libbs2b0 libcaca0 libcairo-script-interpreter2 libcdparanoia0
2025-04-15T08:40:18.0004232Z   libchromaprint1 libcjson1 libcodec2-1.2 libdav1d7 libdc1394-25 libdca0
2025-04-15T08:40:18.0004852Z   libdecor-0-0 libdirectfb-1.7-7t64 libdv4t64 libdvdnav4 libdvdread8t64
2025-04-15T08:40:18.0005777Z   libegl-mesa0 libegl1 libevent-2.1-7t64 libfaad2 libflac12t64 libflite1
2025-04-15T08:40:18.0006377Z   libfluidsynth3 libfreeaptx0 libgav1-1 libgles2 libgme0 libgraphene-1.0-0
2025-04-15T08:40:18.0006988Z   libgsm1 libgssdp-1.6-0 libgstreamer-gl1.0-0 libgstreamer-plugins-bad1.0-0
2025-04-15T08:40:18.0007592Z   libgstreamer-plugins-base1.0-0 libgstreamer-plugins-good1.0-0 libgtk-4-1
2025-04-15T08:40:18.0008158Z   libgtk-4-common libgupnp-1.6-0 libgupnp-igd-1.6-0 libharfbuzz-icu0
2025-04-15T08:40:18.0008716Z   libhwy1t64 libhyphen0 libiec61883-0 libimath-3-1-29t64 libinstpatch-1.0-2
2025-04-15T08:40:18.0009988Z   libjack-jackd2-0 libjxl0.7 liblapack3 liblc3-1 libldacbt-enc2 liblilv-0-0
2025-04-15T08:40:18.0010519Z   liblrdf0 libltc11 libmanette-0.2-0 libmbedcrypto7t64 libmfx1
2025-04-15T08:40:18.0010994Z   libmjpegutils-2.1-0t64 libmodplug1 libmp3lame0 libmpcdec6
2025-04-15T08:40:18.0011506Z   libmpeg2encpp-2.1-0t64 libmpg123-0t64 libmplex2-2.1-0t64 libmysofa1
2025-04-15T08:40:18.0012027Z   libneon27t64 libnice10 libopenal-data libopenal1 libopenexr-3-1-30
2025-04-15T08:40:18.0012499Z   libopenh264-7 libopenmpt0t64 libopenni2-0 libopus0 liborc-0.4-0t64
2025-04-15T08:40:18.0012960Z   libpipewire-0.3-0t64 libplacebo338 libpocketsphinx3 libpostproc57
2025-04-15T08:40:18.0013447Z   libproxy1v5 libpulse0 libqrencode4 libraptor2-0 librav1e0 libraw1394-11
2025-04-15T08:40:18.0014009Z   librist4 librsvg2-2 librubberband2 libsamplerate0 libsbc1 libsdl2-2.0-0
2025-04-15T08:40:18.0014638Z   libsecret-1-0 libsecret-common libserd-0-0 libshine3 libshout3 libsndfile1
2025-04-15T08:40:18.0015152Z   libsndio7.0 libsord-0-0 libsoundtouch1 libsoup-3.0-0 libsoup-3.0-common
2025-04-15T08:40:18.0015831Z   libsoxr0 libspa-0.2-modules libspandsp2t64 libspeex1 libsphinxbase3t64
2025-04-15T08:40:18.0016335Z   libsratom-0-0 libsrt1.5-gnutls libsrtp2-1 libssh-gcrypt-4 libsvtav1enc1d1
2025-04-15T08:40:18.0016824Z   libswresample4 libswscale7 libtag1v5 libtag1v5-vanilla libtheora0
2025-04-15T08:40:18.0017292Z   libtwolame0 libudfread0 libunibreak5 libv4l-0t64 libv4lconvert0t64
2025-04-15T08:40:18.0017763Z   libva-drm2 libva-x11-2 libva2 libvdpau1 libvidstab1.1 libvisual-0.4-0
2025-04-15T08:40:18.0018250Z   libvo-aacenc0 libvo-amrwbenc0 libvorbisenc2 libvpl2 libvpx9 libwavpack1
2025-04-15T08:40:18.0018783Z   libwebrtc-audio-processing1 libwildmidi2 libwoff1 libx264-164 libx265-199
2025-04-15T08:40:18.0019304Z   libxcb-xkb1 libxkbcommon-x11-0 libxvidcore4 libyuv0 libzbar0t64 libzimg2
2025-04-15T08:40:18.0019782Z   libzix-0-0 libzvbi-common libzvbi0t64 libzxing3 ocl-icd-libopencl1
2025-04-15T08:40:18.0020272Z   session-migration timgm6mb-soundfont xfonts-cyrillic xfonts-encodings
2025-04-15T08:40:18.0020671Z   xfonts-scalable xfonts-utils
2025-04-15T08:40:18.0020985Z The following packages will be upgraded:
2025-04-15T08:40:18.0021407Z   gtk-update-icon-cache libgtk-3-0t64 libgtk-3-common libxslt1.1
2025-04-15T08:40:18.0226518Z 4 upgraded, 179 newly installed, 0 to remove and 97 not upgraded.
2025-04-15T08:40:18.0227173Z Need to get 118 MB of archives.
2025-04-15T08:40:18.0227881Z After this operation, 364 MB of additional disk space will be used.
2025-04-15T08:40:18.0228695Z Get:1 file:/etc/apt/apt-mirrors.txt Mirrorlist [142 B]
2025-04-15T08:40:18.0581869Z Get:2 http://azure.archive.ubuntu.com/ubuntu noble/universe amd64 fonts-ipafont-gothic all 00303-21ubuntu1 [3513 kB]
2025-04-15T08:40:18.1447059Z Get:3 http://azure.archive.ubuntu.com/ubuntu noble/main amd64 fonts-freefont-ttf all 20211204+svn4273-2 [5641 kB]
2025-04-15T08:40:18.2896789Z Get:4 http://azure.archive.ubuntu.com/ubuntu noble/universe amd64 fonts-tlwg-loma-otf all 1:0.7.3-1 [107 kB]
2025-04-15T08:40:18.3101010Z Get:5 http://azure.archive.ubuntu.com/ubuntu noble/universe amd64 fonts-unifont all 1:15.1.01-1build1 [2993 kB]
2025-04-15T08:40:18.3851568Z Get:6 http://azure.archive.ubuntu.com/ubuntu noble/universe amd64 fonts-wqy-zenhei all 0.9.45-8 [7472 kB]
2025-04-15T08:40:18.5023527Z Get:7 http://azure.archive.ubuntu.com/ubuntu noble/main amd64 libproxy1v5 amd64 0.5.4-4build1 [26.5 kB]
2025-04-15T08:40:18.5221836Z Get:8 http://azure.archive.ubuntu.com/ubuntu noble/main amd64 glib-networking-common all 2.80.0-1build1 [6702 B]
2025-04-15T08:40:18.5413602Z Get:9 http://azure.archive.ubuntu.com/ubuntu noble/main amd64 glib-networking-services amd64 2.80.0-1build1 [12.8 kB]
2025-04-15T08:40:18.5604310Z Get:10 http://azure.archive.ubuntu.com/ubuntu noble/main amd64 session-migration amd64 0.3.9build1 [9034 B]
2025-04-15T08:40:18.5797105Z Get:11 http://azure.archive.ubuntu.com/ubuntu noble-updates/main amd64 gsettings-desktop-schemas all 46.1-0ubuntu1 [35.6 kB]
2025-04-15T08:40:18.5989774Z Get:12 http://azure.archive.ubuntu.com/ubuntu noble/main amd64 glib-networking amd64 2.80.0-1build1 [64.1 kB]
2025-04-15T08:40:18.6184721Z Get:13 http://azure.archive.ubuntu.com/ubuntu noble/universe amd64 libva2 amd64 2.20.0-2build1 [66.2 kB]
2025-04-15T08:40:18.6392430Z Get:14 http://azure.archive.ubuntu.com/ubuntu noble/universe amd64 libva-drm2 amd64 2.20.0-2build1 [7124 B]
2025-04-15T08:40:18.6581136Z Get:15 http://azure.archive.ubuntu.com/ubuntu noble/universe amd64 libva-x11-2 amd64 2.20.0-2build1 [12.0 kB]
2025-04-15T08:40:18.6772036Z Get:16 http://azure.archive.ubuntu.com/ubuntu noble/main amd64 libvdpau1 amd64 1.5-2build1 [27.8 kB]
2025-04-15T08:40:18.6963230Z Get:17 http://azure.archive.ubuntu.com/ubuntu noble/universe amd64 libvpl2 amd64 2023.3.0-1build1 [99.8 kB]
2025-04-15T08:40:18.7175432Z Get:18 http://azure.archive.ubuntu.com/ubuntu noble/universe amd64 ocl-icd-libopencl1 amd64 2.3.2-1build1 [38.5 kB]
2025-04-15T08:40:18.7373960Z Get:19 http://azure.archive.ubuntu.com/ubuntu noble/universe amd64 libavutil58 amd64 7:6.1.1-3ubuntu5 [401 kB]
2025-04-15T08:40:18.8156447Z Get:20 http://azure.archive.ubuntu.com/ubuntu noble/universe amd64 libcodec2-1.2 amd64 1.2.0-2build1 [8998 kB]
2025-04-15T08:40:18.9938118Z Get:21 http://azure.archive.ubuntu.com/ubuntu noble/universe amd64 libdav1d7 amd64 1.4.1-1build1 [604 kB]
2025-04-15T08:40:19.0294536Z Get:22 http://azure.archive.ubuntu.com/ubuntu noble/universe amd64 libgsm1 amd64 1.0.22-1build1 [27.8 kB]
2025-04-15T08:40:19.0485365Z Get:23 http://azure.archive.ubuntu.com/ubuntu noble/universe amd64 libhwy1t64 amd64 1.0.7-8.1build1 [584 kB]
2025-04-15T08:40:19.0858118Z Get:24 http://azure.archive.ubuntu.com/ubuntu noble/universe amd64 libjxl0.7 amd64 0.7.0-10.2ubuntu6 [999 kB]
2025-04-15T08:40:19.1497215Z Get:25 http://azure.archive.ubuntu.com/ubuntu noble/main amd64 libmp3lame0 amd64 3.100-6build1 [142 kB]
2025-04-15T08:40:19.1708380Z Get:26 http://azure.archive.ubuntu.com/ubuntu noble/main amd64 libopus0 amd64 1.4-1build1 [208 kB]
2025-04-15T08:40:19.1911628Z Get:27 http://azure.archive.ubuntu.com/ubuntu noble/universe amd64 librav1e0 amd64 0.7.1-2 [1022 kB]
2025-04-15T08:40:19.2323695Z Get:28 http://azure.archive.ubuntu.com/ubuntu noble/main amd64 librsvg2-2 amd64 2.58.0+dfsg-1build1 [2135 kB]
2025-04-15T08:40:19.2890816Z Get:29 http://azure.archive.ubuntu.com/ubuntu noble/universe amd64 libshine3 amd64 3.1.1-2build1 [23.2 kB]
2025-04-15T08:40:19.3083946Z Get:30 http://azure.archive.ubuntu.com/ubuntu noble-updates/main amd64 libspeex1 amd64 1.2.1-2ubuntu2.24.04.1 [59.6 kB]
2025-04-15T08:40:19.3281196Z Get:31 http://azure.archive.ubuntu.com/ubuntu noble/universe amd64 libsvtav1enc1d1 amd64 1.7.0+dfsg-2build1 [2425 kB]
2025-04-15T08:40:19.3994895Z Get:32 http://azure.archive.ubuntu.com/ubuntu noble/universe amd64 libsoxr0 amd64 0.1.3-4build3 [80.0 kB]
2025-04-15T08:40:19.4190392Z Get:33 http://azure.archive.ubuntu.com/ubuntu noble/universe amd64 libswresample4 amd64 7:6.1.1-3ubuntu5 [63.8 kB]
2025-04-15T08:40:19.4387399Z Get:34 http://azure.archive.ubuntu.com/ubuntu noble/main amd64 libtheora0 amd64 1.1.1+dfsg.1-16.1build3 [211 kB]
2025-04-15T08:40:19.4611289Z Get:35 http://azure.archive.ubuntu.com/ubuntu noble/main amd64 libtwolame0 amd64 0.4.0-2build3 [52.3 kB]
2025-04-15T08:40:19.4843573Z Get:36 http://azure.archive.ubuntu.com/ubuntu noble/main amd64 libvorbisenc2 amd64 1.3.7-1build3 [80.8 kB]
2025-04-15T08:40:19.5062545Z Get:37 http://azure.archive.ubuntu.com/ubuntu noble-updates/main amd64 libvpx9 amd64 1.14.0-1ubuntu2.1 [1143 kB]
2025-04-15T08:40:19.5549109Z Get:38 http://azure.archive.ubuntu.com/ubuntu noble/universe amd64 libx264-164 amd64 2:0.164.3108+git31e19f9-1 [604 kB]
2025-04-15T08:40:19.6396621Z Get:39 http://azure.archive.ubuntu.com/ubuntu noble/universe amd64 libx265-199 amd64 3.5-2build1 [1226 kB]
2025-04-15T08:40:19.6814026Z Get:40 http://azure.archive.ubuntu.com/ubuntu noble/universe amd64 libxvidcore4 amd64 2:1.3.7-1build1 [219 kB]
2025-04-15T08:40:19.7025762Z Get:41 http://azure.archive.ubuntu.com/ubuntu noble/universe amd64 libzvbi-common all 0.2.42-2 [42.4 kB]
2025-04-15T08:40:19.7219089Z Get:42 http://azure.archive.ubuntu.com/ubuntu noble/universe amd64 libzvbi0t64 amd64 0.2.42-2 [261 kB]
2025-04-15T08:40:19.7478075Z Get:43 http://azure.archive.ubuntu.com/ubuntu noble/universe amd64 libavcodec60 amd64 7:6.1.1-3ubuntu5 [5851 kB]
2025-04-15T08:40:19.8795661Z Get:44 http://azure.archive.ubuntu.com/ubuntu noble/universe amd64 libunibreak5 amd64 5.1-2build1 [25.0 kB]
2025-04-15T08:40:19.8997647Z Get:45 http://azure.archive.ubuntu.com/ubuntu noble/universe amd64 libass9 amd64 1:0.17.1-2build1 [104 kB]
2025-04-15T08:40:19.9224081Z Get:46 http://azure.archive.ubuntu.com/ubuntu noble/universe amd64 libudfread0 amd64 1.1.2-1build1 [19.0 kB]
2025-04-15T08:40:19.9414165Z Get:47 http://azure.archive.ubuntu.com/ubuntu noble/universe amd64 libbluray2 amd64 1:1.3.4-1build1 [159 kB]
2025-04-15T08:40:19.9619564Z Get:48 http://azure.archive.ubuntu.com/ubuntu noble/universe amd64 libchromaprint1 amd64 1.5.1-5 [30.5 kB]
2025-04-15T08:40:19.9815692Z Get:49 http://azure.archive.ubuntu.com/ubuntu noble/universe amd64 libgme0 amd64 0.6.3-7build1 [134 kB]
2025-04-15T08:40:20.0014959Z Get:50 http://azure.archive.ubuntu.com/ubuntu noble-updates/main amd64 libmpg123-0t64 amd64 1.32.5-1ubuntu1.1 [169 kB]
2025-04-15T08:40:20.0235324Z Get:51 http://azure.archive.ubuntu.com/ubuntu noble/universe amd64 libopenmpt0t64 amd64 0.7.3-1.1build3 [647 kB]
2025-04-15T08:40:20.0625063Z Get:52 http://azure.archive.ubuntu.com/ubuntu noble/universe amd64 libcjson1 amd64 1.7.17-1 [24.8 kB]
2025-04-15T08:40:20.0820658Z Get:53 http://azure.archive.ubuntu.com/ubuntu noble/universe amd64 libmbedcrypto7t64 amd64 2.28.8-1 [209 kB]
2025-04-15T08:40:20.1079109Z Get:54 http://azure.archive.ubuntu.com/ubuntu noble/universe amd64 librist4 amd64 0.2.10+dfsg-2 [74.9 kB]
2025-04-15T08:40:20.1271522Z Get:55 http://azure.archive.ubuntu.com/ubuntu noble/universe amd64 libsrt1.5-gnutls amd64 1.5.3-1build2 [316 kB]
2025-04-15T08:40:20.1503640Z Get:56 http://azure.archive.ubuntu.com/ubuntu noble/main amd64 libssh-gcrypt-4 amd64 0.10.6-2build2 [223 kB]
2025-04-15T08:40:20.2163956Z Get:57 http://azure.archive.ubuntu.com/ubuntu noble/universe amd64 libavformat60 amd64 7:6.1.1-3ubuntu5 [1153 kB]
2025-04-15T08:40:20.2579783Z Get:58 http://azure.archive.ubuntu.com/ubuntu noble/universe amd64 libbs2b0 amd64 3.1.0+dfsg-7build1 [10.6 kB]
2025-04-15T08:40:20.2776566Z Get:59 http://azure.archive.ubuntu.com/ubuntu noble/universe amd64 libflite1 amd64 2.2-6build3 [13.6 MB]
2025-04-15T08:40:20.4956792Z Get:60 http://azure.archive.ubuntu.com/ubuntu noble/universe amd64 libserd-0-0 amd64 0.32.2-1 [43.6 kB]
2025-04-15T08:40:20.5153174Z Get:61 http://azure.archive.ubuntu.com/ubuntu noble/universe amd64 libzix-0-0 amd64 0.4.2-2build1 [23.6 kB]
2025-04-15T08:40:20.5356192Z Get:62 http://azure.archive.ubuntu.com/ubuntu noble/universe amd64 libsord-0-0 amd64 0.16.16-2build1 [15.8 kB]
2025-04-15T08:40:20.5542034Z Get:63 http://azure.archive.ubuntu.com/ubuntu noble/universe amd64 libsratom-0-0 amd64 0.6.16-1build1 [17.3 kB]
2025-04-15T08:40:20.5733013Z Get:64 http://azure.archive.ubuntu.com/ubuntu noble/universe amd64 liblilv-0-0 amd64 0.24.22-1build1 [41.0 kB]
2025-04-15T08:40:20.5927557Z Get:65 http://azure.archive.ubuntu.com/ubuntu noble/universe amd64 libmysofa1 amd64 1.3.2+dfsg-2ubuntu2 [1158 kB]
2025-04-15T08:40:20.6352261Z Get:66 http://azure.archive.ubuntu.com/ubuntu noble/universe amd64 libplacebo338 amd64 6.338.2-2build1 [2654 kB]
2025-04-15T08:40:20.6956558Z Get:67 http://azure.archive.ubuntu.com/ubuntu noble-updates/main amd64 libblas3 amd64 3.12.0-3build1.1 [238 kB]
2025-04-15T08:40:20.7157049Z Get:68 http://azure.archive.ubuntu.com/ubuntu noble-updates/main amd64 liblapack3 amd64 3.12.0-3build1.1 [2646 kB]
2025-04-15T08:40:20.7741108Z Get:69 http://azure.archive.ubuntu.com/ubuntu noble/main amd64 libasyncns0 amd64 0.8-6build4 [11.3 kB]
2025-04-15T08:40:20.7922245Z Get:70 http://azure.archive.ubuntu.com/ubuntu noble/main amd64 libflac12t64 amd64 1.4.3+ds-2.1ubuntu2 [197 kB]
2025-04-15T08:40:20.8211698Z Get:71 http://azure.archive.ubuntu.com/ubuntu noble-updates/main amd64 libsndfile1 amd64 1.2.2-1ubuntu5.24.04.1 [209 kB]
2025-04-15T08:40:20.8347128Z Get:72 http://azure.archive.ubuntu.com/ubuntu noble-updates/main amd64 libpulse0 amd64 1:16.1+dfsg1-2ubuntu10.1 [292 kB]
2025-04-15T08:40:20.8563859Z Get:73 http://azure.archive.ubuntu.com/ubuntu noble/universe amd64 libsphinxbase3t64 amd64 0.8+5prealpha+1-17build2 [126 kB]
2025-04-15T08:40:20.9159992Z Get:74 http://azure.archive.ubuntu.com/ubuntu noble/universe amd64 libpocketsphinx3 amd64 0.8.0+real5prealpha+1-15ubuntu5 [133 kB]
2025-04-15T08:40:20.9350935Z Get:75 http://azure.archive.ubuntu.com/ubuntu noble/universe amd64 libpostproc57 amd64 7:6.1.1-3ubuntu5 [49.9 kB]
2025-04-15T08:40:20.9947587Z Get:76 http://azure.archive.ubuntu.com/ubuntu noble/main amd64 libsamplerate0 amd64 0.2.2-4build1 [1344 kB]
2025-04-15T08:40:21.0387427Z Get:77 http://azure.archive.ubuntu.com/ubuntu noble/universe amd64 librubberband2 amd64 3.3.0+dfsg-2build1 [130 kB]
2025-04-15T08:40:21.0580726Z Get:78 http://azure.archive.ubuntu.com/ubuntu noble/universe amd64 libswscale7 amd64 7:6.1.1-3ubuntu5 [193 kB]
2025-04-15T08:40:21.0802786Z Get:79 http://azure.archive.ubuntu.com/ubuntu noble/universe amd64 libvidstab1.1 amd64 1.1.0-2build1 [38.5 kB]
2025-04-15T08:40:21.0987319Z Get:80 http://azure.archive.ubuntu.com/ubuntu noble/universe amd64 libzimg2 amd64 3.0.5+ds1-1build1 [254 kB]
2025-04-15T08:40:21.1193980Z Get:81 http://azure.archive.ubuntu.com/ubuntu noble/universe amd64 libavfilter9 amd64 7:6.1.1-3ubuntu5 [4235 kB]
2025-04-15T08:40:21.1928377Z Get:82 http://azure.archive.ubuntu.com/ubuntu noble-updates/main amd64 liborc-0.4-0t64 amd64 1:0.4.38-1ubuntu0.1 [207 kB]
2025-04-15T08:40:21.2121446Z Get:83 http://azure.archive.ubuntu.com/ubuntu noble-updates/main amd64 libgstreamer-plugins-base1.0-0 amd64 1.24.2-1ubuntu0.2 [862 kB]
2025-04-15T08:40:21.2506416Z Get:84 http://azure.archive.ubuntu.com/ubuntu noble/universe amd64 gstreamer1.0-libav amd64 1.24.1-1build1 [103 kB]
2025-04-15T08:40:21.2694868Z Get:85 http://azure.archive.ubuntu.com/ubuntu noble/main amd64 libcdparanoia0 amd64 3.10.2+debian-14build3 [48.5 kB]
2025-04-15T08:40:21.2884486Z Get:86 http://azure.archive.ubuntu.com/ubuntu noble/main amd64 libvisual-0.4-0 amd64 0.4.2-2build1 [115 kB]
2025-04-15T08:40:21.3071865Z Get:87 http://azure.archive.ubuntu.com/ubuntu noble-updates/main amd64 gstreamer1.0-plugins-base amd64 1.24.2-1ubuntu0.2 [721 kB]
2025-04-15T08:40:21.3459879Z Get:88 http://azure.archive.ubuntu.com/ubuntu noble/main amd64 libaa1 amd64 1.4p5-51.1 [49.9 kB]
2025-04-15T08:40:21.3649147Z Get:89 http://azure.archive.ubuntu.com/ubuntu noble/main amd64 libraw1394-11 amd64 2.1.2-2build3 [26.2 kB]
2025-04-15T08:40:21.3833063Z Get:90 http://azure.archive.ubuntu.com/ubuntu noble/main amd64 libavc1394-0 amd64 0.5.4-5build3 [15.4 kB]
2025-04-15T08:40:21.4015128Z Get:91 http://azure.archive.ubuntu.com/ubuntu noble/main amd64 libcaca0 amd64 0.99.beta20-4build2 [208 kB]
2025-04-15T08:40:21.4219194Z Get:92 http://azure.archive.ubuntu.com/ubuntu noble/main amd64 libdv4t64 amd64 1.0.0-17.1build1 [63.2 kB]
2025-04-15T08:40:21.4405955Z Get:93 http://azure.archive.ubuntu.com/ubuntu noble-updates/main amd64 libgstreamer-plugins-good1.0-0 amd64 1.24.2-1ubuntu1.1 [32.9 kB]
2025-04-15T08:40:21.5039337Z Get:94 http://azure.archive.ubuntu.com/ubuntu noble/main amd64 libiec61883-0 amd64 1.2.0-6build1 [24.5 kB]
2025-04-15T08:40:21.5227810Z Get:95 http://azure.archive.ubuntu.com/ubuntu noble/main amd64 libshout3 amd64 2.4.6-1build2 [50.3 kB]
2025-04-15T08:40:21.5483295Z Get:96 http://azure.archive.ubuntu.com/ubuntu noble/main amd64 libtag1v5-vanilla amd64 1.13.1-1build1 [326 kB]
2025-04-15T08:40:21.5703444Z Get:97 http://azure.archive.ubuntu.com/ubuntu noble/main amd64 libtag1v5 amd64 1.13.1-1build1 [11.7 kB]
2025-04-15T08:40:21.5884176Z Get:98 http://azure.archive.ubuntu.com/ubuntu noble/main amd64 libv4lconvert0t64 amd64 1.26.1-4build3 [87.6 kB]
2025-04-15T08:40:21.6080958Z Get:99 http://azure.archive.ubuntu.com/ubuntu noble/main amd64 libv4l-0t64 amd64 1.26.1-4build3 [46.9 kB]
2025-04-15T08:40:21.6266031Z Get:100 http://azure.archive.ubuntu.com/ubuntu noble/main amd64 libwavpack1 amd64 5.6.0-1build1 [84.6 kB]
2025-04-15T08:40:21.6451923Z Get:101 http://azure.archive.ubuntu.com/ubuntu noble-updates/main amd64 libsoup-3.0-common all 3.4.4-5ubuntu0.2 [10.6 kB]
2025-04-15T08:40:21.6635335Z Get:102 http://azure.archive.ubuntu.com/ubuntu noble-updates/main amd64 libsoup-3.0-0 amd64 3.4.4-5ubuntu0.2 [287 kB]
2025-04-15T08:40:21.6991615Z Get:103 http://azure.archive.ubuntu.com/ubuntu noble-updates/main amd64 gstreamer1.0-plugins-good amd64 1.24.2-1ubuntu1.1 [2238 kB]
2025-04-15T08:40:21.8343995Z Get:104 http://azure.archive.ubuntu.com/ubuntu noble-updates/main amd64 gtk-update-icon-cache amd64 3.24.41-4ubuntu1.3 [51.9 kB]
2025-04-15T08:40:21.8530166Z Get:105 http://azure.archive.ubuntu.com/ubuntu noble/main amd64 libabsl20220623t64 amd64 20220623.1-3.1ubuntu3 [423 kB]
2025-04-15T08:40:21.8882256Z Get:106 http://azure.archive.ubuntu.com/ubuntu noble/universe amd64 libgav1-1 amd64 0.18.0-1build3 [357 kB]
2025-04-15T08:40:21.9096381Z Get:107 http://azure.archive.ubuntu.com/ubuntu noble/universe amd64 libyuv0 amd64 0.0~git202401110.af6ac82-1 [178 kB]
2025-04-15T08:40:21.9291787Z Get:108 http://azure.archive.ubuntu.com/ubuntu noble/universe amd64 libavif16 amd64 1.0.4-1ubuntu3 [91.2 kB]
2025-04-15T08:40:21.9607103Z Get:109 http://azure.archive.ubuntu.com/ubuntu noble/universe amd64 libavtp0 amd64 0.2.0-1build1 [6414 B]
2025-04-15T08:40:21.9784952Z Get:110 http://azure.archive.ubuntu.com/ubuntu noble/main amd64 libcairo-script-interpreter2 amd64 1.18.0-3build1 [60.3 kB]
2025-04-15T08:40:21.9964966Z Get:111 http://azure.archive.ubuntu.com/ubuntu noble/universe amd64 libdc1394-25 amd64 2.2.6-4build1 [90.1 kB]
2025-04-15T08:40:22.0148925Z Get:112 http://azure.archive.ubuntu.com/ubuntu noble/main amd64 libdecor-0-0 amd64 0.2.2-1build2 [16.5 kB]
2025-04-15T08:40:22.0323688Z Get:113 http://azure.archive.ubuntu.com/ubuntu noble/main amd64 libgles2 amd64 1.7.0-1build1 [17.1 kB]
2025-04-15T08:40:22.0502133Z Get:114 http://azure.archive.ubuntu.com/ubuntu noble/universe amd64 libdirectfb-1.7-7t64 amd64 1.7.7-11.1ubuntu2 [1035 kB]
2025-04-15T08:40:22.0905351Z Get:115 http://azure.archive.ubuntu.com/ubuntu noble/universe amd64 libdvdread8t64 amd64 6.1.3-1.1build1 [54.7 kB]
2025-04-15T08:40:22.1088909Z Get:116 http://azure.archive.ubuntu.com/ubuntu noble/universe amd64 libdvdnav4 amd64 6.1.1-3build1 [39.5 kB]
2025-04-15T08:40:22.1258755Z Get:117 http://azure.archive.ubuntu.com/ubuntu noble-updates/main amd64 libegl-mesa0 amd64 24.2.8-1ubuntu1~24.04.1 [129 kB]
2025-04-15T08:40:22.1437279Z Get:118 http://azure.archive.ubuntu.com/ubuntu noble/main amd64 libevent-2.1-7t64 amd64 2.1.12-stable-9ubuntu2 [145 kB]
2025-04-15T08:40:22.1616799Z Get:119 http://azure.archive.ubuntu.com/ubuntu noble/universe amd64 libfaad2 amd64 2.11.1-1build1 [207 kB]
2025-04-15T08:40:22.1809643Z Get:120 http://azure.archive.ubuntu.com/ubuntu noble/universe amd64 libinstpatch-1.0-2 amd64 1.1.6-1build2 [251 kB]
2025-04-15T08:40:22.2443226Z Get:121 http://azure.archive.ubuntu.com/ubuntu noble/main amd64 libjack-jackd2-0 amd64 1.9.21~dfsg-3ubuntu3 [289 kB]
2025-04-15T08:40:22.2636546Z Get:122 http://azure.archive.ubuntu.com/ubuntu noble/main amd64 libwebrtc-audio-processing1 amd64 0.3.1-0ubuntu6 [290 kB]
2025-04-15T08:40:22.2828625Z Get:123 http://azure.archive.ubuntu.com/ubuntu noble-updates/main amd64 libspa-0.2-modules amd64 1.0.5-1ubuntu3 [626 kB]
2025-04-15T08:40:22.3186440Z Get:124 http://azure.archive.ubuntu.com/ubuntu noble-updates/main amd64 libpipewire-0.3-0t64 amd64 1.0.5-1ubuntu3 [252 kB]
2025-04-15T08:40:22.3415362Z Get:125 http://azure.archive.ubuntu.com/ubuntu noble/main amd64 libsdl2-2.0-0 amd64 2.30.0+dfsg-1build3 [685 kB]
2025-04-15T08:40:22.3796401Z Get:126 http://azure.archive.ubuntu.com/ubuntu noble/universe amd64 timgm6mb-soundfont all 1.3-5 [5427 kB]
2025-04-15T08:40:22.4786604Z Get:127 http://azure.archive.ubuntu.com/ubuntu noble/universe amd64 libfluidsynth3 amd64 2.3.4-1build3 [249 kB]
2025-04-15T08:40:22.4988763Z Get:128 http://azure.archive.ubuntu.com/ubuntu noble/main amd64 libfreeaptx0 amd64 0.1.1-2build1 [13.5 kB]
2025-04-15T08:40:22.5182229Z Get:129 http://azure.archive.ubuntu.com/ubuntu noble/main amd64 libgraphene-1.0-0 amd64 1.10.8-3build2 [46.2 kB]
2025-04-15T08:40:22.5370130Z Get:130 http://azure.archive.ubuntu.com/ubuntu noble/main amd64 libgssdp-1.6-0 amd64 1.6.3-1build3 [40.4 kB]
2025-04-15T08:40:22.5729881Z Get:131 http://azure.archive.ubuntu.com/ubuntu noble/main amd64 libegl1 amd64 1.7.0-1build1 [28.7 kB]
2025-04-15T08:40:22.5917567Z Get:132 http://azure.archive.ubuntu.com/ubuntu noble-updates/main amd64 libgstreamer-gl1.0-0 amd64 1.24.2-1ubuntu0.2 [214 kB]
2025-04-15T08:40:22.6138928Z Get:133 http://azure.archive.ubuntu.com/ubuntu noble-updates/main amd64 libgtk-3-common all 3.24.41-4ubuntu1.3 [1426 kB]
2025-04-15T08:40:22.6551331Z Get:134 http://azure.archive.ubuntu.com/ubuntu noble-updates/main amd64 libgtk-3-0t64 amd64 3.24.41-4ubuntu1.3 [2913 kB]
2025-04-15T08:40:22.7216031Z Get:135 http://azure.archive.ubuntu.com/ubuntu noble-updates/main amd64 libgtk-4-common all 4.14.2+ds-1ubuntu2 [1496 kB]
2025-04-15T08:40:22.7732213Z Get:136 http://azure.archive.ubuntu.com/ubuntu noble-updates/main amd64 libgtk-4-1 amd64 4.14.2+ds-1ubuntu2 [3288 kB]
2025-04-15T08:40:22.8479101Z Get:137 http://azure.archive.ubuntu.com/ubuntu noble/main amd64 libgupnp-1.6-0 amd64 1.6.6-1build3 [92.7 kB]
2025-04-15T08:40:22.8662376Z Get:138 http://azure.archive.ubuntu.com/ubuntu noble/universe amd64 libgupnp-igd-1.6-0 amd64 1.6.0-3build3 [16.5 kB]
2025-04-15T08:40:22.9320573Z Get:139 http://azure.archive.ubuntu.com/ubuntu noble/main amd64 libharfbuzz-icu0 amd64 8.3.0-2build2 [13.3 kB]
2025-04-15T08:40:22.9495166Z Get:140 http://azure.archive.ubuntu.com/ubuntu noble/main amd64 libhyphen0 amd64 2.8.8-7build3 [26.5 kB]
2025-04-15T08:40:22.9668068Z Get:141 http://azure.archive.ubuntu.com/ubuntu noble/universe amd64 libimath-3-1-29t64 amd64 3.1.9-3.1ubuntu2 [72.2 kB]
2025-04-15T08:40:22.9842885Z Get:142 http://azure.archive.ubuntu.com/ubuntu noble/main amd64 liblc3-1 amd64 1.0.4-3build1 [69.7 kB]
2025-04-15T08:40:23.0471643Z Get:143 http://azure.archive.ubuntu.com/ubuntu noble/main amd64 libldacbt-enc2 amd64 2.0.2.3+git20200429+ed310a0-4ubuntu2 [27.1 kB]
2025-04-15T08:40:23.0643070Z Get:144 http://azure.archive.ubuntu.com/ubuntu noble-updates/main amd64 libxslt1.1 amd64 1.1.39-0exp1ubuntu0.24.04.2 [167 kB]
2025-04-15T08:40:23.0860830Z Get:145 http://azure.archive.ubuntu.com/ubuntu noble-updates/main amd64 libraptor2-0 amd64 2.0.16-3ubuntu0.1 [165 kB]
2025-04-15T08:40:23.1057939Z Get:146 http://azure.archive.ubuntu.com/ubuntu noble/universe amd64 liblrdf0 amd64 0.6.1-4build1 [18.5 kB]
2025-04-15T08:40:23.1249349Z Get:147 http://azure.archive.ubuntu.com/ubuntu noble/universe amd64 libltc11 amd64 1.3.2-1build1 [13.0 kB]
2025-04-15T08:40:23.1442055Z Get:148 http://azure.archive.ubuntu.com/ubuntu noble/main amd64 libmanette-0.2-0 amd64 0.2.7-1build2 [30.6 kB]
2025-04-15T08:40:23.1757487Z Get:149 http://azure.archive.ubuntu.com/ubuntu noble/universe amd64 libmfx1 amd64 22.5.4-1 [3124 kB]
2025-04-15T08:40:23.2511576Z Get:150 http://azure.archive.ubuntu.com/ubuntu noble/universe amd64 libmjpegutils-2.1-0t64 amd64 1:2.1.0+debian-8.1build1 [25.5 kB]
2025-04-15T08:40:23.2699262Z Get:151 http://azure.archive.ubuntu.com/ubuntu noble/universe amd64 libmodplug1 amd64 1:0.8.9.0-3build1 [166 kB]
2025-04-15T08:40:23.2898997Z Get:152 http://azure.archive.ubuntu.com/ubuntu noble/universe amd64 libmpcdec6 amd64 2:0.1~r495-2build1 [32.7 kB]
2025-04-15T08:40:23.3066607Z Get:153 http://azure.archive.ubuntu.com/ubuntu noble/universe amd64 libmpeg2encpp-2.1-0t64 amd64 1:2.1.0+debian-8.1build1 [75.6 kB]
2025-04-15T08:40:23.3245052Z Get:154 http://azure.archive.ubuntu.com/ubuntu noble/universe amd64 libmplex2-2.1-0t64 amd64 1:2.1.0+debian-8.1build1 [46.1 kB]
2025-04-15T08:40:23.3436359Z Get:155 http://azure.archive.ubuntu.com/ubuntu noble/universe amd64 libneon27t64 amd64 0.33.0-1.1build3 [102 kB]
2025-04-15T08:40:23.3616186Z Get:156 http://azure.archive.ubuntu.com/ubuntu noble/universe amd64 libnice10 amd64 0.1.21-2build3 [157 kB]
2025-04-15T08:40:23.4277895Z Get:157 http://azure.archive.ubuntu.com/ubuntu noble/universe amd64 libopenal-data all 1:1.23.1-4build1 [161 kB]
2025-04-15T08:40:23.4461435Z Get:158 http://azure.archive.ubuntu.com/ubuntu noble/universe amd64 libopenexr-3-1-30 amd64 3.1.5-5.1build3 [1004 kB]
2025-04-15T08:40:23.4817356Z Get:159 http://azure.archive.ubuntu.com/ubuntu noble/universe amd64 libopenh264-7 amd64 2.4.1+dfsg-1 [409 kB]
2025-04-15T08:40:23.5016521Z Get:160 http://azure.archive.ubuntu.com/ubuntu noble/universe amd64 libopenni2-0 amd64 2.2.0.33+dfsg-18 [370 kB]
2025-04-15T08:40:23.5217417Z Get:161 http://azure.archive.ubuntu.com/ubuntu noble/universe amd64 libqrencode4 amd64 4.1.1-1build2 [25.0 kB]
2025-04-15T08:40:23.5385990Z Get:162 http://azure.archive.ubuntu.com/ubuntu noble/main amd64 libsecret-common all 0.21.4-1build3 [4962 B]
2025-04-15T08:40:23.5566725Z Get:163 http://azure.archive.ubuntu.com/ubuntu noble/main amd64 libsecret-1-0 amd64 0.21.4-1build3 [116 kB]
2025-04-15T08:40:23.5759673Z Get:164 http://azure.archive.ubuntu.com/ubuntu noble/universe amd64 libsndio7.0 amd64 1.9.0-0.3build3 [29.6 kB]
2025-04-15T08:40:23.5933351Z Get:165 http://azure.archive.ubuntu.com/ubuntu noble/universe amd64 libsoundtouch1 amd64 2.3.2+ds1-1build1 [60.5 kB]
2025-04-15T08:40:23.6113024Z Get:166 http://azure.archive.ubuntu.com/ubuntu noble/universe amd64 libspandsp2t64 amd64 0.0.6+dfsg-2.1build1 [311 kB]
2025-04-15T08:40:23.6308705Z Get:167 http://azure.archive.ubuntu.com/ubuntu noble/universe amd64 libsrtp2-1 amd64 2.5.0-3build1 [41.9 kB]
2025-04-15T08:40:23.6480945Z Get:168 http://azure.archive.ubuntu.com/ubuntu noble/universe amd64 libwildmidi2 amd64 0.4.3-1build3 [68.5 kB]
2025-04-15T08:40:23.6679910Z Get:169 http://azure.archive.ubuntu.com/ubuntu noble/main amd64 libwoff1 amd64 1.0.2-2build1 [45.3 kB]
2025-04-15T08:40:23.6872058Z Get:170 http://azure.archive.ubuntu.com/ubuntu noble/main amd64 libxcb-xkb1 amd64 1.15-1ubuntu2 [32.3 kB]
2025-04-15T08:40:23.7044007Z Get:171 http://azure.archive.ubuntu.com/ubuntu noble/main amd64 libxkbcommon-x11-0 amd64 1.6.0-1build1 [14.5 kB]
2025-04-15T08:40:23.7210104Z Get:172 http://azure.archive.ubuntu.com/ubuntu noble/universe amd64 libzbar0t64 amd64 0.23.93-4build3 [123 kB]
2025-04-15T08:40:23.7393086Z Get:173 http://azure.archive.ubuntu.com/ubuntu noble/universe amd64 libzxing3 amd64 2.2.1-3 [583 kB]
2025-04-15T08:40:23.7729048Z Get:174 http://azure.archive.ubuntu.com/ubuntu noble/main amd64 xfonts-encodings all 1:1.0.5-0ubuntu2 [578 kB]
2025-04-15T08:40:23.8057548Z Get:175 http://azure.archive.ubuntu.com/ubuntu noble/main amd64 xfonts-utils amd64 1:7.7+6build3 [94.4 kB]
2025-04-15T08:40:23.8870840Z Get:176 http://azure.archive.ubuntu.com/ubuntu noble/universe amd64 xfonts-cyrillic all 1:1.0.5+nmu1 [384 kB]
2025-04-15T08:40:23.9076480Z Get:177 http://azure.archive.ubuntu.com/ubuntu noble/main amd64 xfonts-scalable all 1:1.0.3-1.3 [304 kB]
2025-04-15T08:40:23.9274243Z Get:178 http://azure.archive.ubuntu.com/ubuntu noble/universe amd64 libgstreamer-plugins-bad1.0-0 amd64 1.24.2-1ubuntu4 [797 kB]
2025-04-15T08:40:23.9614699Z Get:179 http://azure.archive.ubuntu.com/ubuntu noble/universe amd64 libdca0 amd64 0.0.7-2build1 [93.8 kB]
2025-04-15T08:40:23.9795211Z Get:180 http://azure.archive.ubuntu.com/ubuntu noble/universe amd64 libopenal1 amd64 1:1.23.1-4build1 [540 kB]
2025-04-15T08:40:24.0159265Z Get:181 http://azure.archive.ubuntu.com/ubuntu noble/main amd64 libsbc1 amd64 2.0-1build1 [33.9 kB]
2025-04-15T08:40:24.0335453Z Get:182 http://azure.archive.ubuntu.com/ubuntu noble/universe amd64 libvo-aacenc0 amd64 0.1.3-2build1 [67.8 kB]
2025-04-15T08:40:24.0512037Z Get:183 http://azure.archive.ubuntu.com/ubuntu noble/universe amd64 libvo-amrwbenc0 amd64 0.1.3-2build1 [76.7 kB]
2025-04-15T08:40:24.0687851Z Get:184 http://azure.archive.ubuntu.com/ubuntu noble/universe amd64 gstreamer1.0-plugins-bad amd64 1.24.2-1ubuntu4 [3081 kB]
2025-04-15T08:40:24.5346310Z Fetched 118 MB in 6s (19.4 MB/s)
2025-04-15T08:40:24.5624745Z Selecting previously unselected package fonts-ipafont-gothic.
2025-04-15T08:40:24.5917649Z (Reading database ... 
2025-04-15T08:40:24.5918338Z (Reading database ... 5%
2025-04-15T08:40:24.5918766Z (Reading database ... 10%
2025-04-15T08:40:24.5919083Z (Reading database ... 15%
2025-04-15T08:40:24.5919484Z (Reading database ... 20%
2025-04-15T08:40:24.5920007Z (Reading database ... 25%
2025-04-15T08:40:24.5920730Z (Reading database ... 30%
2025-04-15T08:40:24.5921295Z (Reading database ... 35%
2025-04-15T08:40:24.5921808Z (Reading database ... 40%
2025-04-15T08:40:24.5922283Z (Reading database ... 45%
2025-04-15T08:40:24.5922631Z (Reading database ... 50%
2025-04-15T08:40:24.6014416Z (Reading database ... 55%
2025-04-15T08:40:24.6507536Z (Reading database ... 60%
2025-04-15T08:40:24.6879417Z (Reading database ... 65%
2025-04-15T08:40:24.7246692Z (Reading database ... 70%
2025-04-15T08:40:24.7609379Z (Reading database ... 75%
2025-04-15T08:40:24.8044429Z (Reading database ... 80%
2025-04-15T08:40:24.8644182Z (Reading database ... 85%
2025-04-15T08:40:24.9364844Z (Reading database ... 90%
2025-04-15T08:40:24.9819394Z (Reading database ... 95%
2025-04-15T08:40:24.9819721Z (Reading database ... 100%
2025-04-15T08:40:24.9820186Z (Reading database ... 221801 files and directories currently installed.)
2025-04-15T08:40:24.9864151Z Preparing to unpack .../000-fonts-ipafont-gothic_00303-21ubuntu1_all.deb ...
2025-04-15T08:40:24.9973183Z Unpacking fonts-ipafont-gothic (00303-21ubuntu1) ...
2025-04-15T08:40:25.2242428Z Selecting previously unselected package fonts-freefont-ttf.
2025-04-15T08:40:25.2379871Z Preparing to unpack .../001-fonts-freefont-ttf_20211204+svn4273-2_all.deb ...
2025-04-15T08:40:25.2402877Z Unpacking fonts-freefont-ttf (20211204+svn4273-2) ...
2025-04-15T08:40:25.3278269Z Selecting previously unselected package fonts-tlwg-loma-otf.
2025-04-15T08:40:25.3414682Z Preparing to unpack .../002-fonts-tlwg-loma-otf_1%3a0.7.3-1_all.deb ...
2025-04-15T08:40:25.3432322Z Unpacking fonts-tlwg-loma-otf (1:0.7.3-1) ...
2025-04-15T08:40:25.3860650Z Selecting previously unselected package fonts-unifont.
2025-04-15T08:40:25.3999971Z Preparing to unpack .../003-fonts-unifont_1%3a15.1.01-1build1_all.deb ...
2025-04-15T08:40:25.4017112Z Unpacking fonts-unifont (1:15.1.01-1build1) ...
2025-04-15T08:40:25.5264770Z Selecting previously unselected package fonts-wqy-zenhei.
2025-04-15T08:40:25.5399923Z Preparing to unpack .../004-fonts-wqy-zenhei_0.9.45-8_all.deb ...
2025-04-15T08:40:25.5905017Z Unpacking fonts-wqy-zenhei (0.9.45-8) ...
2025-04-15T08:40:26.0602368Z Selecting previously unselected package libproxy1v5:amd64.
2025-04-15T08:40:26.0740067Z Preparing to unpack .../005-libproxy1v5_0.5.4-4build1_amd64.deb ...
2025-04-15T08:40:26.0768120Z Unpacking libproxy1v5:amd64 (0.5.4-4build1) ...
2025-04-15T08:40:26.1019865Z Selecting previously unselected package glib-networking-common.
2025-04-15T08:40:26.1156771Z Preparing to unpack .../006-glib-networking-common_2.80.0-1build1_all.deb ...
2025-04-15T08:40:26.1166163Z Unpacking glib-networking-common (2.80.0-1build1) ...
2025-04-15T08:40:26.1359903Z Selecting previously unselected package glib-networking-services.
2025-04-15T08:40:26.1493607Z Preparing to unpack .../007-glib-networking-services_2.80.0-1build1_amd64.deb ...
2025-04-15T08:40:26.1525968Z Unpacking glib-networking-services (2.80.0-1build1) ...
2025-04-15T08:40:26.1769978Z Selecting previously unselected package session-migration.
2025-04-15T08:40:26.1905282Z Preparing to unpack .../008-session-migration_0.3.9build1_amd64.deb ...
2025-04-15T08:40:26.1919078Z Unpacking session-migration (0.3.9build1) ...
2025-04-15T08:40:26.2169318Z Selecting previously unselected package gsettings-desktop-schemas.
2025-04-15T08:40:26.2305136Z Preparing to unpack .../009-gsettings-desktop-schemas_46.1-0ubuntu1_all.deb ...
2025-04-15T08:40:26.2318068Z Unpacking gsettings-desktop-schemas (46.1-0ubuntu1) ...
2025-04-15T08:40:26.2604282Z Selecting previously unselected package glib-networking:amd64.
2025-04-15T08:40:26.2741241Z Preparing to unpack .../010-glib-networking_2.80.0-1build1_amd64.deb ...
2025-04-15T08:40:26.2755340Z Unpacking glib-networking:amd64 (2.80.0-1build1) ...
2025-04-15T08:40:26.3019743Z Selecting previously unselected package libva2:amd64.
2025-04-15T08:40:26.3156889Z Preparing to unpack .../011-libva2_2.20.0-2build1_amd64.deb ...
2025-04-15T08:40:26.3167738Z Unpacking libva2:amd64 (2.20.0-2build1) ...
2025-04-15T08:40:26.3429198Z Selecting previously unselected package libva-drm2:amd64.
2025-04-15T08:40:26.3564091Z Preparing to unpack .../012-libva-drm2_2.20.0-2build1_amd64.deb ...
2025-04-15T08:40:26.3581601Z Unpacking libva-drm2:amd64 (2.20.0-2build1) ...
2025-04-15T08:40:26.3834608Z Selecting previously unselected package libva-x11-2:amd64.
2025-04-15T08:40:26.3966310Z Preparing to unpack .../013-libva-x11-2_2.20.0-2build1_amd64.deb ...
2025-04-15T08:40:26.3981001Z Unpacking libva-x11-2:amd64 (2.20.0-2build1) ...
2025-04-15T08:40:26.4220751Z Selecting previously unselected package libvdpau1:amd64.
2025-04-15T08:40:26.4352011Z Preparing to unpack .../014-libvdpau1_1.5-2build1_amd64.deb ...
2025-04-15T08:40:26.4367879Z Unpacking libvdpau1:amd64 (1.5-2build1) ...
2025-04-15T08:40:26.4617202Z Selecting previously unselected package libvpl2.
2025-04-15T08:40:26.4747235Z Preparing to unpack .../015-libvpl2_2023.3.0-1build1_amd64.deb ...
2025-04-15T08:40:26.4760215Z Unpacking libvpl2 (2023.3.0-1build1) ...
2025-04-15T08:40:26.5051421Z Selecting previously unselected package ocl-icd-libopencl1:amd64.
2025-04-15T08:40:26.5186931Z Preparing to unpack .../016-ocl-icd-libopencl1_2.3.2-1build1_amd64.deb ...
2025-04-15T08:40:26.5205065Z Unpacking ocl-icd-libopencl1:amd64 (2.3.2-1build1) ...
2025-04-15T08:40:26.5516483Z Selecting previously unselected package libavutil58:amd64.
2025-04-15T08:40:26.5651077Z Preparing to unpack .../017-libavutil58_7%3a6.1.1-3ubuntu5_amd64.deb ...
2025-04-15T08:40:26.5661827Z Unpacking libavutil58:amd64 (7:6.1.1-3ubuntu5) ...
2025-04-15T08:40:26.5940265Z Selecting previously unselected package libcodec2-1.2:amd64.
2025-04-15T08:40:26.6074874Z Preparing to unpack .../018-libcodec2-1.2_1.2.0-2build1_amd64.deb ...
2025-04-15T08:40:26.6089141Z Unpacking libcodec2-1.2:amd64 (1.2.0-2build1) ...
2025-04-15T08:40:26.7046958Z Selecting previously unselected package libdav1d7:amd64.
2025-04-15T08:40:26.7185324Z Preparing to unpack .../019-libdav1d7_1.4.1-1build1_amd64.deb ...
2025-04-15T08:40:26.7200576Z Unpacking libdav1d7:amd64 (1.4.1-1build1) ...
2025-04-15T08:40:26.7537272Z Selecting previously unselected package libgsm1:amd64.
2025-04-15T08:40:26.7672859Z Preparing to unpack .../020-libgsm1_1.0.22-1build1_amd64.deb ...
2025-04-15T08:40:26.7683946Z Unpacking libgsm1:amd64 (1.0.22-1build1) ...
2025-04-15T08:40:26.7927760Z Selecting previously unselected package libhwy1t64:amd64.
2025-04-15T08:40:26.8062035Z Preparing to unpack .../021-libhwy1t64_1.0.7-8.1build1_amd64.deb ...
2025-04-15T08:40:26.8073657Z Unpacking libhwy1t64:amd64 (1.0.7-8.1build1) ...
2025-04-15T08:40:26.8488530Z Selecting previously unselected package libjxl0.7:amd64.
2025-04-15T08:40:26.8623253Z Preparing to unpack .../022-libjxl0.7_0.7.0-10.2ubuntu6_amd64.deb ...
2025-04-15T08:40:26.8642770Z Unpacking libjxl0.7:amd64 (0.7.0-10.2ubuntu6) ...
2025-04-15T08:40:26.9071653Z Selecting previously unselected package libmp3lame0:amd64.
2025-04-15T08:40:26.9207201Z Preparing to unpack .../023-libmp3lame0_3.100-6build1_amd64.deb ...
2025-04-15T08:40:26.9216914Z Unpacking libmp3lame0:amd64 (3.100-6build1) ...
2025-04-15T08:40:26.9469440Z Selecting previously unselected package libopus0:amd64.
2025-04-15T08:40:26.9605271Z Preparing to unpack .../024-libopus0_1.4-1build1_amd64.deb ...
2025-04-15T08:40:26.9617608Z Unpacking libopus0:amd64 (1.4-1build1) ...
2025-04-15T08:40:26.9870032Z Selecting previously unselected package librav1e0:amd64.
2025-04-15T08:40:27.0004403Z Preparing to unpack .../025-librav1e0_0.7.1-2_amd64.deb ...
2025-04-15T08:40:27.0016864Z Unpacking librav1e0:amd64 (0.7.1-2) ...
2025-04-15T08:40:27.0406033Z Selecting previously unselected package librsvg2-2:amd64.
2025-04-15T08:40:27.0541750Z Preparing to unpack .../026-librsvg2-2_2.58.0+dfsg-1build1_amd64.deb ...
2025-04-15T08:40:27.0552429Z Unpacking librsvg2-2:amd64 (2.58.0+dfsg-1build1) ...
2025-04-15T08:40:27.1135463Z Selecting previously unselected package libshine3:amd64.
2025-04-15T08:40:27.1270800Z Preparing to unpack .../027-libshine3_3.1.1-2build1_amd64.deb ...
2025-04-15T08:40:27.1282174Z Unpacking libshine3:amd64 (3.1.1-2build1) ...
2025-04-15T08:40:27.1504432Z Selecting previously unselected package libspeex1:amd64.
2025-04-15T08:40:27.1639555Z Preparing to unpack .../028-libspeex1_1.2.1-2ubuntu2.24.04.1_amd64.deb ...
2025-04-15T08:40:27.1650302Z Unpacking libspeex1:amd64 (1.2.1-2ubuntu2.24.04.1) ...
2025-04-15T08:40:27.1878844Z Selecting previously unselected package libsvtav1enc1d1:amd64.
2025-04-15T08:40:27.2012633Z Preparing to unpack .../029-libsvtav1enc1d1_1.7.0+dfsg-2build1_amd64.deb ...
2025-04-15T08:40:27.2027719Z Unpacking libsvtav1enc1d1:amd64 (1.7.0+dfsg-2build1) ...
2025-04-15T08:40:27.2619111Z Selecting previously unselected package libsoxr0:amd64.
2025-04-15T08:40:27.2757566Z Preparing to unpack .../030-libsoxr0_0.1.3-4build3_amd64.deb ...
2025-04-15T08:40:27.2768801Z Unpacking libsoxr0:amd64 (0.1.3-4build3) ...
2025-04-15T08:40:27.3016712Z Selecting previously unselected package libswresample4:amd64.
2025-04-15T08:40:27.3152061Z Preparing to unpack .../031-libswresample4_7%3a6.1.1-3ubuntu5_amd64.deb ...
2025-04-15T08:40:27.3166540Z Unpacking libswresample4:amd64 (7:6.1.1-3ubuntu5) ...
2025-04-15T08:40:27.3410023Z Selecting previously unselected package libtheora0:amd64.
2025-04-15T08:40:27.3542784Z Preparing to unpack .../032-libtheora0_1.1.1+dfsg.1-16.1build3_amd64.deb ...
2025-04-15T08:40:27.3556109Z Unpacking libtheora0:amd64 (1.1.1+dfsg.1-16.1build3) ...
2025-04-15T08:40:27.3819242Z Selecting previously unselected package libtwolame0:amd64.
2025-04-15T08:40:27.3953932Z Preparing to unpack .../033-libtwolame0_0.4.0-2build3_amd64.deb ...
2025-04-15T08:40:27.3965834Z Unpacking libtwolame0:amd64 (0.4.0-2build3) ...
2025-04-15T08:40:27.4210439Z Selecting previously unselected package libvorbisenc2:amd64.
2025-04-15T08:40:27.4342281Z Preparing to unpack .../034-libvorbisenc2_1.3.7-1build3_amd64.deb ...
2025-04-15T08:40:27.4354400Z Unpacking libvorbisenc2:amd64 (1.3.7-1build3) ...
2025-04-15T08:40:27.4613563Z Selecting previously unselected package libvpx9:amd64.
2025-04-15T08:40:27.4742802Z Preparing to unpack .../035-libvpx9_1.14.0-1ubuntu2.1_amd64.deb ...
2025-04-15T08:40:27.4756647Z Unpacking libvpx9:amd64 (1.14.0-1ubuntu2.1) ...
2025-04-15T08:40:27.5260220Z Selecting previously unselected package libx264-164:amd64.
2025-04-15T08:40:27.5391289Z Preparing to unpack .../036-libx264-164_2%3a0.164.3108+git31e19f9-1_amd64.deb ...
2025-04-15T08:40:27.5404211Z Unpacking libx264-164:amd64 (2:0.164.3108+git31e19f9-1) ...
2025-04-15T08:40:27.5727212Z Selecting previously unselected package libx265-199:amd64.
2025-04-15T08:40:27.5858314Z Preparing to unpack .../037-libx265-199_3.5-2build1_amd64.deb ...
2025-04-15T08:40:27.5871651Z Unpacking libx265-199:amd64 (3.5-2build1) ...
2025-04-15T08:40:27.6727337Z Selecting previously unselected package libxvidcore4:amd64.
2025-04-15T08:40:27.6863133Z Preparing to unpack .../038-libxvidcore4_2%3a1.3.7-1build1_amd64.deb ...
2025-04-15T08:40:27.6877780Z Unpacking libxvidcore4:amd64 (2:1.3.7-1build1) ...
2025-04-15T08:40:27.7123740Z Selecting previously unselected package libzvbi-common.
2025-04-15T08:40:27.7258561Z Preparing to unpack .../039-libzvbi-common_0.2.42-2_all.deb ...
2025-04-15T08:40:27.7271658Z Unpacking libzvbi-common (0.2.42-2) ...
2025-04-15T08:40:27.7973778Z Selecting previously unselected package libzvbi0t64:amd64.
2025-04-15T08:40:27.8107544Z Preparing to unpack .../040-libzvbi0t64_0.2.42-2_amd64.deb ...
2025-04-15T08:40:27.8122257Z Unpacking libzvbi0t64:amd64 (0.2.42-2) ...
2025-04-15T08:40:27.8407954Z Selecting previously unselected package libavcodec60:amd64.
2025-04-15T08:40:27.8542509Z Preparing to unpack .../041-libavcodec60_7%3a6.1.1-3ubuntu5_amd64.deb ...
2025-04-15T08:40:27.8558272Z Unpacking libavcodec60:amd64 (7:6.1.1-3ubuntu5) ...
2025-04-15T08:40:27.9567290Z Selecting previously unselected package libunibreak5:amd64.
2025-04-15T08:40:27.9704299Z Preparing to unpack .../042-libunibreak5_5.1-2build1_amd64.deb ...
2025-04-15T08:40:27.9717375Z Unpacking libunibreak5:amd64 (5.1-2build1) ...
2025-04-15T08:40:27.9966377Z Selecting previously unselected package libass9:amd64.
2025-04-15T08:40:28.0101454Z Preparing to unpack .../043-libass9_1%3a0.17.1-2build1_amd64.deb ...
2025-04-15T08:40:28.0113685Z Unpacking libass9:amd64 (1:0.17.1-2build1) ...
2025-04-15T08:40:28.0361784Z Selecting previously unselected package libudfread0:amd64.
2025-04-15T08:40:28.0497398Z Preparing to unpack .../044-libudfread0_1.1.2-1build1_amd64.deb ...
2025-04-15T08:40:28.0510337Z Unpacking libudfread0:amd64 (1.1.2-1build1) ...
2025-04-15T08:40:28.0785452Z Selecting previously unselected package libbluray2:amd64.
2025-04-15T08:40:28.0922556Z Preparing to unpack .../045-libbluray2_1%3a1.3.4-1build1_amd64.deb ...
2025-04-15T08:40:28.0937422Z Unpacking libbluray2:amd64 (1:1.3.4-1build1) ...
2025-04-15T08:40:28.1204288Z Selecting previously unselected package libchromaprint1:amd64.
2025-04-15T08:40:28.1340907Z Preparing to unpack .../046-libchromaprint1_1.5.1-5_amd64.deb ...
2025-04-15T08:40:28.1353958Z Unpacking libchromaprint1:amd64 (1.5.1-5) ...
2025-04-15T08:40:28.1585361Z Selecting previously unselected package libgme0:amd64.
2025-04-15T08:40:28.1721980Z Preparing to unpack .../047-libgme0_0.6.3-7build1_amd64.deb ...
2025-04-15T08:40:28.1735739Z Unpacking libgme0:amd64 (0.6.3-7build1) ...
2025-04-15T08:40:28.2600536Z Selecting previously unselected package libmpg123-0t64:amd64.
2025-04-15T08:40:28.2736665Z Preparing to unpack .../048-libmpg123-0t64_1.32.5-1ubuntu1.1_amd64.deb ...
2025-04-15T08:40:28.2749119Z Unpacking libmpg123-0t64:amd64 (1.32.5-1ubuntu1.1) ...
2025-04-15T08:40:28.3022500Z Selecting previously unselected package libopenmpt0t64:amd64.
2025-04-15T08:40:28.3159951Z Preparing to unpack .../049-libopenmpt0t64_0.7.3-1.1build3_amd64.deb ...
2025-04-15T08:40:28.3172903Z Unpacking libopenmpt0t64:amd64 (0.7.3-1.1build3) ...
2025-04-15T08:40:28.3494230Z Selecting previously unselected package libcjson1:amd64.
2025-04-15T08:40:28.3627425Z Preparing to unpack .../050-libcjson1_1.7.17-1_amd64.deb ...
2025-04-15T08:40:28.3641939Z Unpacking libcjson1:amd64 (1.7.17-1) ...
2025-04-15T08:40:28.3879170Z Selecting previously unselected package libmbedcrypto7t64:amd64.
2025-04-15T08:40:28.4013984Z Preparing to unpack .../051-libmbedcrypto7t64_2.28.8-1_amd64.deb ...
2025-04-15T08:40:28.4027514Z Unpacking libmbedcrypto7t64:amd64 (2.28.8-1) ...
2025-04-15T08:40:28.4319735Z Selecting previously unselected package librist4:amd64.
2025-04-15T08:40:28.4454650Z Preparing to unpack .../052-librist4_0.2.10+dfsg-2_amd64.deb ...
2025-04-15T08:40:28.4472406Z Unpacking librist4:amd64 (0.2.10+dfsg-2) ...
2025-04-15T08:40:28.4721627Z Selecting previously unselected package libsrt1.5-gnutls:amd64.
2025-04-15T08:40:28.4854450Z Preparing to unpack .../053-libsrt1.5-gnutls_1.5.3-1build2_amd64.deb ...
2025-04-15T08:40:28.4865375Z Unpacking libsrt1.5-gnutls:amd64 (1.5.3-1build2) ...
2025-04-15T08:40:28.5164635Z Selecting previously unselected package libssh-gcrypt-4:amd64.
2025-04-15T08:40:28.5299812Z Preparing to unpack .../054-libssh-gcrypt-4_0.10.6-2build2_amd64.deb ...
2025-04-15T08:40:28.5312285Z Unpacking libssh-gcrypt-4:amd64 (0.10.6-2build2) ...
2025-04-15T08:40:28.5608024Z Selecting previously unselected package libavformat60:amd64.
2025-04-15T08:40:28.5742437Z Preparing to unpack .../055-libavformat60_7%3a6.1.1-3ubuntu5_amd64.deb ...
2025-04-15T08:40:28.5757726Z Unpacking libavformat60:amd64 (7:6.1.1-3ubuntu5) ...
2025-04-15T08:40:28.6144769Z Selecting previously unselected package libbs2b0:amd64.
2025-04-15T08:40:28.6280392Z Preparing to unpack .../056-libbs2b0_3.1.0+dfsg-7build1_amd64.deb ...
2025-04-15T08:40:28.6298197Z Unpacking libbs2b0:amd64 (3.1.0+dfsg-7build1) ...
2025-04-15T08:40:28.6569186Z Selecting previously unselected package libflite1:amd64.
2025-04-15T08:40:28.6703922Z Preparing to unpack .../057-libflite1_2.2-6build3_amd64.deb ...
2025-04-15T08:40:28.6721621Z Unpacking libflite1:amd64 (2.2-6build3) ...
2025-04-15T08:40:28.7945358Z Selecting previously unselected package libserd-0-0:amd64.
2025-04-15T08:40:28.8081720Z Preparing to unpack .../058-libserd-0-0_0.32.2-1_amd64.deb ...
2025-04-15T08:40:28.8096365Z Unpacking libserd-0-0:amd64 (0.32.2-1) ...
2025-04-15T08:40:28.8341284Z Selecting previously unselected package libzix-0-0:amd64.
2025-04-15T08:40:28.8476451Z Preparing to unpack .../059-libzix-0-0_0.4.2-2build1_amd64.deb ...
2025-04-15T08:40:28.8487699Z Unpacking libzix-0-0:amd64 (0.4.2-2build1) ...
2025-04-15T08:40:28.8721858Z Selecting previously unselected package libsord-0-0:amd64.
2025-04-15T08:40:28.8854838Z Preparing to unpack .../060-libsord-0-0_0.16.16-2build1_amd64.deb ...
2025-04-15T08:40:28.8867214Z Unpacking libsord-0-0:amd64 (0.16.16-2build1) ...
2025-04-15T08:40:28.9108421Z Selecting previously unselected package libsratom-0-0:amd64.
2025-04-15T08:40:28.9240741Z Preparing to unpack .../061-libsratom-0-0_0.6.16-1build1_amd64.deb ...
2025-04-15T08:40:28.9257764Z Unpacking libsratom-0-0:amd64 (0.6.16-1build1) ...
2025-04-15T08:40:28.9499693Z Selecting previously unselected package liblilv-0-0:amd64.
2025-04-15T08:40:28.9634117Z Preparing to unpack .../062-liblilv-0-0_0.24.22-1build1_amd64.deb ...
2025-04-15T08:40:28.9646184Z Unpacking liblilv-0-0:amd64 (0.24.22-1build1) ...
2025-04-15T08:40:28.9906845Z Selecting previously unselected package libmysofa1:amd64.
2025-04-15T08:40:29.0039320Z Preparing to unpack .../063-libmysofa1_1.3.2+dfsg-2ubuntu2_amd64.deb ...
2025-04-15T08:40:29.0055113Z Unpacking libmysofa1:amd64 (1.3.2+dfsg-2ubuntu2) ...
2025-04-15T08:40:29.0343059Z Selecting previously unselected package libplacebo338:amd64.
2025-04-15T08:40:29.0475108Z Preparing to unpack .../064-libplacebo338_6.338.2-2build1_amd64.deb ...
2025-04-15T08:40:29.0485221Z Unpacking libplacebo338:amd64 (6.338.2-2build1) ...
2025-04-15T08:40:29.1184621Z Selecting previously unselected package libblas3:amd64.
2025-04-15T08:40:29.1322311Z Preparing to unpack .../065-libblas3_3.12.0-3build1.1_amd64.deb ...
2025-04-15T08:40:29.1355689Z Unpacking libblas3:amd64 (3.12.0-3build1.1) ...
2025-04-15T08:40:29.1650209Z Selecting previously unselected package liblapack3:amd64.
2025-04-15T08:40:29.1784557Z Preparing to unpack .../066-liblapack3_3.12.0-3build1.1_amd64.deb ...
2025-04-15T08:40:29.1819447Z Unpacking liblapack3:amd64 (3.12.0-3build1.1) ...
2025-04-15T08:40:29.2423365Z Selecting previously unselected package libasyncns0:amd64.
2025-04-15T08:40:29.2560039Z Preparing to unpack .../067-libasyncns0_0.8-6build4_amd64.deb ...
2025-04-15T08:40:29.2571515Z Unpacking libasyncns0:amd64 (0.8-6build4) ...
2025-04-15T08:40:29.2810970Z Selecting previously unselected package libflac12t64:amd64.
2025-04-15T08:40:29.2943563Z Preparing to unpack .../068-libflac12t64_1.4.3+ds-2.1ubuntu2_amd64.deb ...
2025-04-15T08:40:29.2959199Z Unpacking libflac12t64:amd64 (1.4.3+ds-2.1ubuntu2) ...
2025-04-15T08:40:29.3245362Z Selecting previously unselected package libsndfile1:amd64.
2025-04-15T08:40:29.3380020Z Preparing to unpack .../069-libsndfile1_1.2.2-1ubuntu5.24.04.1_amd64.deb ...
2025-04-15T08:40:29.3392875Z Unpacking libsndfile1:amd64 (1.2.2-1ubuntu5.24.04.1) ...
2025-04-15T08:40:29.3676705Z Selecting previously unselected package libpulse0:amd64.
2025-04-15T08:40:29.3811962Z Preparing to unpack .../070-libpulse0_1%3a16.1+dfsg1-2ubuntu10.1_amd64.deb ...
2025-04-15T08:40:29.3881265Z Unpacking libpulse0:amd64 (1:16.1+dfsg1-2ubuntu10.1) ...
2025-04-15T08:40:29.4170148Z Selecting previously unselected package libsphinxbase3t64:amd64.
2025-04-15T08:40:29.4306520Z Preparing to unpack .../071-libsphinxbase3t64_0.8+5prealpha+1-17build2_amd64.deb ...
2025-04-15T08:40:29.4320554Z Unpacking libsphinxbase3t64:amd64 (0.8+5prealpha+1-17build2) ...
2025-04-15T08:40:29.4563592Z Selecting previously unselected package libpocketsphinx3:amd64.
2025-04-15T08:40:29.4698813Z Preparing to unpack .../072-libpocketsphinx3_0.8.0+real5prealpha+1-15ubuntu5_amd64.deb ...
2025-04-15T08:40:29.4713326Z Unpacking libpocketsphinx3:amd64 (0.8.0+real5prealpha+1-15ubuntu5) ...
2025-04-15T08:40:29.5014588Z Selecting previously unselected package libpostproc57:amd64.
2025-04-15T08:40:29.5149405Z Preparing to unpack .../073-libpostproc57_7%3a6.1.1-3ubuntu5_amd64.deb ...
2025-04-15T08:40:29.5169582Z Unpacking libpostproc57:amd64 (7:6.1.1-3ubuntu5) ...
2025-04-15T08:40:29.5416940Z Selecting previously unselected package libsamplerate0:amd64.
2025-04-15T08:40:29.5552041Z Preparing to unpack .../074-libsamplerate0_0.2.2-4build1_amd64.deb ...
2025-04-15T08:40:29.5568120Z Unpacking libsamplerate0:amd64 (0.2.2-4build1) ...
2025-04-15T08:40:29.5879406Z Selecting previously unselected package librubberband2:amd64.
2025-04-15T08:40:29.6013619Z Preparing to unpack .../075-librubberband2_3.3.0+dfsg-2build1_amd64.deb ...
2025-04-15T08:40:29.6037240Z Unpacking librubberband2:amd64 (3.3.0+dfsg-2build1) ...
2025-04-15T08:40:29.6300182Z Selecting previously unselected package libswscale7:amd64.
2025-04-15T08:40:29.6435992Z Preparing to unpack .../076-libswscale7_7%3a6.1.1-3ubuntu5_amd64.deb ...
2025-04-15T08:40:29.6451992Z Unpacking libswscale7:amd64 (7:6.1.1-3ubuntu5) ...
2025-04-15T08:40:29.6812715Z Selecting previously unselected package libvidstab1.1:amd64.
2025-04-15T08:40:29.6948312Z Preparing to unpack .../077-libvidstab1.1_1.1.0-2build1_amd64.deb ...
2025-04-15T08:40:29.6958959Z Unpacking libvidstab1.1:amd64 (1.1.0-2build1) ...
2025-04-15T08:40:29.7186633Z Selecting previously unselected package libzimg2:amd64.
2025-04-15T08:40:29.7321566Z Preparing to unpack .../078-libzimg2_3.0.5+ds1-1build1_amd64.deb ...
2025-04-15T08:40:29.7333409Z Unpacking libzimg2:amd64 (3.0.5+ds1-1build1) ...
2025-04-15T08:40:29.7605308Z Selecting previously unselected package libavfilter9:amd64.
2025-04-15T08:40:29.7743101Z Preparing to unpack .../079-libavfilter9_7%3a6.1.1-3ubuntu5_amd64.deb ...
2025-04-15T08:40:29.7754524Z Unpacking libavfilter9:amd64 (7:6.1.1-3ubuntu5) ...
2025-04-15T08:40:29.8659642Z Selecting previously unselected package liborc-0.4-0t64:amd64.
2025-04-15T08:40:29.8796303Z Preparing to unpack .../080-liborc-0.4-0t64_1%3a0.4.38-1ubuntu0.1_amd64.deb ...
2025-04-15T08:40:29.8807164Z Unpacking liborc-0.4-0t64:amd64 (1:0.4.38-1ubuntu0.1) ...
2025-04-15T08:40:29.9150503Z Selecting previously unselected package libgstreamer-plugins-base1.0-0:amd64.
2025-04-15T08:40:29.9287140Z Preparing to unpack .../081-libgstreamer-plugins-base1.0-0_1.24.2-1ubuntu0.2_amd64.deb ...
2025-04-15T08:40:29.9300686Z Unpacking libgstreamer-plugins-base1.0-0:amd64 (1.24.2-1ubuntu0.2) ...
2025-04-15T08:40:29.9805428Z Selecting previously unselected package gstreamer1.0-libav:amd64.
2025-04-15T08:40:29.9941313Z Preparing to unpack .../082-gstreamer1.0-libav_1.24.1-1build1_amd64.deb ...
2025-04-15T08:40:29.9955227Z Unpacking gstreamer1.0-libav:amd64 (1.24.1-1build1) ...
2025-04-15T08:40:30.0190174Z Selecting previously unselected package libcdparanoia0:amd64.
2025-04-15T08:40:30.0324830Z Preparing to unpack .../083-libcdparanoia0_3.10.2+debian-14build3_amd64.deb ...
2025-04-15T08:40:30.0337472Z Unpacking libcdparanoia0:amd64 (3.10.2+debian-14build3) ...
2025-04-15T08:40:30.0596415Z Selecting previously unselected package libvisual-0.4-0:amd64.
2025-04-15T08:40:30.0731806Z Preparing to unpack .../084-libvisual-0.4-0_0.4.2-2build1_amd64.deb ...
2025-04-15T08:40:30.0744572Z Unpacking libvisual-0.4-0:amd64 (0.4.2-2build1) ...
2025-04-15T08:40:30.1019941Z Selecting previously unselected package gstreamer1.0-plugins-base:amd64.
2025-04-15T08:40:30.1156448Z Preparing to unpack .../085-gstreamer1.0-plugins-base_1.24.2-1ubuntu0.2_amd64.deb ...
2025-04-15T08:40:30.1171889Z Unpacking gstreamer1.0-plugins-base:amd64 (1.24.2-1ubuntu0.2) ...
2025-04-15T08:40:30.1562457Z Selecting previously unselected package libaa1:amd64.
2025-04-15T08:40:30.1697528Z Preparing to unpack .../086-libaa1_1.4p5-51.1_amd64.deb ...
2025-04-15T08:40:30.1718587Z Unpacking libaa1:amd64 (1.4p5-51.1) ...
2025-04-15T08:40:30.2020436Z Selecting previously unselected package libraw1394-11:amd64.
2025-04-15T08:40:30.2163547Z Preparing to unpack .../087-libraw1394-11_2.1.2-2build3_amd64.deb ...
2025-04-15T08:40:30.2176484Z Unpacking libraw1394-11:amd64 (2.1.2-2build3) ...
2025-04-15T08:40:30.2457522Z Selecting previously unselected package libavc1394-0:amd64.
2025-04-15T08:40:30.2596339Z Preparing to unpack .../088-libavc1394-0_0.5.4-5build3_amd64.deb ...
2025-04-15T08:40:30.2608540Z Unpacking libavc1394-0:amd64 (0.5.4-5build3) ...
2025-04-15T08:40:30.2854498Z Selecting previously unselected package libcaca0:amd64.
2025-04-15T08:40:30.2987974Z Preparing to unpack .../089-libcaca0_0.99.beta20-4build2_amd64.deb ...
2025-04-15T08:40:30.3000452Z Unpacking libcaca0:amd64 (0.99.beta20-4build2) ...
2025-04-15T08:40:30.3309760Z Selecting previously unselected package libdv4t64:amd64.
2025-04-15T08:40:30.3441897Z Preparing to unpack .../090-libdv4t64_1.0.0-17.1build1_amd64.deb ...
2025-04-15T08:40:30.3455235Z Unpacking libdv4t64:amd64 (1.0.0-17.1build1) ...
2025-04-15T08:40:30.3702008Z Selecting previously unselected package libgstreamer-plugins-good1.0-0:amd64.
2025-04-15T08:40:30.3834479Z Preparing to unpack .../091-libgstreamer-plugins-good1.0-0_1.24.2-1ubuntu1.1_amd64.deb ...
2025-04-15T08:40:30.3844080Z Unpacking libgstreamer-plugins-good1.0-0:amd64 (1.24.2-1ubuntu1.1) ...
2025-04-15T08:40:30.4073675Z Selecting previously unselected package libiec61883-0:amd64.
2025-04-15T08:40:30.4205262Z Preparing to unpack .../092-libiec61883-0_1.2.0-6build1_amd64.deb ...
2025-04-15T08:40:30.4217531Z Unpacking libiec61883-0:amd64 (1.2.0-6build1) ...
2025-04-15T08:40:30.4506602Z Selecting previously unselected package libshout3:amd64.
2025-04-15T08:40:30.4637893Z Preparing to unpack .../093-libshout3_2.4.6-1build2_amd64.deb ...
2025-04-15T08:40:30.4647577Z Unpacking libshout3:amd64 (2.4.6-1build2) ...
2025-04-15T08:40:30.4907824Z Selecting previously unselected package libtag1v5-vanilla:amd64.
2025-04-15T08:40:30.5041069Z Preparing to unpack .../094-libtag1v5-vanilla_1.13.1-1build1_amd64.deb ...
2025-04-15T08:40:30.5061689Z Unpacking libtag1v5-vanilla:amd64 (1.13.1-1build1) ...
2025-04-15T08:40:30.5324995Z Selecting previously unselected package libtag1v5:amd64.
2025-04-15T08:40:30.5459105Z Preparing to unpack .../095-libtag1v5_1.13.1-1build1_amd64.deb ...
2025-04-15T08:40:30.5471592Z Unpacking libtag1v5:amd64 (1.13.1-1build1) ...
2025-04-15T08:40:30.5739192Z Selecting previously unselected package libv4lconvert0t64:amd64.
2025-04-15T08:40:30.5870784Z Preparing to unpack .../096-libv4lconvert0t64_1.26.1-4build3_amd64.deb ...
2025-04-15T08:40:30.5881246Z Unpacking libv4lconvert0t64:amd64 (1.26.1-4build3) ...
2025-04-15T08:40:30.6113815Z Selecting previously unselected package libv4l-0t64:amd64.
2025-04-15T08:40:30.6244643Z Preparing to unpack .../097-libv4l-0t64_1.26.1-4build3_amd64.deb ...
2025-04-15T08:40:30.6253715Z Unpacking libv4l-0t64:amd64 (1.26.1-4build3) ...
2025-04-15T08:40:30.6507323Z Selecting previously unselected package libwavpack1:amd64.
2025-04-15T08:40:30.6639702Z Preparing to unpack .../098-libwavpack1_5.6.0-1build1_amd64.deb ...
2025-04-15T08:40:30.6653499Z Unpacking libwavpack1:amd64 (5.6.0-1build1) ...
2025-04-15T08:40:30.6897860Z Selecting previously unselected package libsoup-3.0-common.
2025-04-15T08:40:30.7031088Z Preparing to unpack .../099-libsoup-3.0-common_3.4.4-5ubuntu0.2_all.deb ...
2025-04-15T08:40:30.7040609Z Unpacking libsoup-3.0-common (3.4.4-5ubuntu0.2) ...
2025-04-15T08:40:30.7257853Z Selecting previously unselected package libsoup-3.0-0:amd64.
2025-04-15T08:40:30.7391214Z Preparing to unpack .../100-libsoup-3.0-0_3.4.4-5ubuntu0.2_amd64.deb ...
2025-04-15T08:40:30.7400582Z Unpacking libsoup-3.0-0:amd64 (3.4.4-5ubuntu0.2) ...
2025-04-15T08:40:30.7637273Z Selecting previously unselected package gstreamer1.0-plugins-good:amd64.
2025-04-15T08:40:30.7770092Z Preparing to unpack .../101-gstreamer1.0-plugins-good_1.24.2-1ubuntu1.1_amd64.deb ...
2025-04-15T08:40:30.7779799Z Unpacking gstreamer1.0-plugins-good:amd64 (1.24.2-1ubuntu1.1) ...
2025-04-15T08:40:30.8495351Z Preparing to unpack .../102-gtk-update-icon-cache_3.24.41-4ubuntu1.3_amd64.deb ...
2025-04-15T08:40:30.8520617Z Unpacking gtk-update-icon-cache (3.24.41-4ubuntu1.3) over (3.24.41-4ubuntu1.2) ...
2025-04-15T08:40:30.9028886Z Selecting previously unselected package libabsl20220623t64:amd64.
2025-04-15T08:40:30.9164917Z Preparing to unpack .../103-libabsl20220623t64_20220623.1-3.1ubuntu3_amd64.deb ...
2025-04-15T08:40:30.9175798Z Unpacking libabsl20220623t64:amd64 (20220623.1-3.1ubuntu3) ...
2025-04-15T08:40:30.9630862Z Selecting previously unselected package libgav1-1:amd64.
2025-04-15T08:40:30.9766232Z Preparing to unpack .../104-libgav1-1_0.18.0-1build3_amd64.deb ...
2025-04-15T08:40:30.9776182Z Unpacking libgav1-1:amd64 (0.18.0-1build3) ...
2025-04-15T08:40:31.0029780Z Selecting previously unselected package libyuv0:amd64.
2025-04-15T08:40:31.0164421Z Preparing to unpack .../105-libyuv0_0.0~git202401110.af6ac82-1_amd64.deb ...
2025-04-15T08:40:31.0175990Z Unpacking libyuv0:amd64 (0.0~git202401110.af6ac82-1) ...
2025-04-15T08:40:31.0450045Z Selecting previously unselected package libavif16:amd64.
2025-04-15T08:40:31.0584689Z Preparing to unpack .../106-libavif16_1.0.4-1ubuntu3_amd64.deb ...
2025-04-15T08:40:31.0597797Z Unpacking libavif16:amd64 (1.0.4-1ubuntu3) ...
2025-04-15T08:40:31.0820230Z Selecting previously unselected package libavtp0:amd64.
2025-04-15T08:40:31.0953229Z Preparing to unpack .../107-libavtp0_0.2.0-1build1_amd64.deb ...
2025-04-15T08:40:31.0963168Z Unpacking libavtp0:amd64 (0.2.0-1build1) ...
2025-04-15T08:40:31.1204582Z Selecting previously unselected package libcairo-script-interpreter2:amd64.
2025-04-15T08:40:31.1339973Z Preparing to unpack .../108-libcairo-script-interpreter2_1.18.0-3build1_amd64.deb ...
2025-04-15T08:40:31.1380035Z Unpacking libcairo-script-interpreter2:amd64 (1.18.0-3build1) ...
2025-04-15T08:40:31.1604855Z Selecting previously unselected package libdc1394-25:amd64.
2025-04-15T08:40:31.1742184Z Preparing to unpack .../109-libdc1394-25_2.2.6-4build1_amd64.deb ...
2025-04-15T08:40:31.1751365Z Unpacking libdc1394-25:amd64 (2.2.6-4build1) ...
2025-04-15T08:40:31.1989941Z Selecting previously unselected package libdecor-0-0:amd64.
2025-04-15T08:40:31.2125649Z Preparing to unpack .../110-libdecor-0-0_0.2.2-1build2_amd64.deb ...
2025-04-15T08:40:31.2135137Z Unpacking libdecor-0-0:amd64 (0.2.2-1build2) ...
2025-04-15T08:40:31.2352554Z Selecting previously unselected package libgles2:amd64.
2025-04-15T08:40:31.2489618Z Preparing to unpack .../111-libgles2_1.7.0-1build1_amd64.deb ...
2025-04-15T08:40:31.2502096Z Unpacking libgles2:amd64 (1.7.0-1build1) ...
2025-04-15T08:40:31.2718427Z Selecting previously unselected package libdirectfb-1.7-7t64:amd64.
2025-04-15T08:40:31.2854975Z Preparing to unpack .../112-libdirectfb-1.7-7t64_1.7.7-11.1ubuntu2_amd64.deb ...
2025-04-15T08:40:31.2864489Z Unpacking libdirectfb-1.7-7t64:amd64 (1.7.7-11.1ubuntu2) ...
2025-04-15T08:40:31.3296346Z Selecting previously unselected package libdvdread8t64:amd64.
2025-04-15T08:40:31.3431880Z Preparing to unpack .../113-libdvdread8t64_6.1.3-1.1build1_amd64.deb ...
2025-04-15T08:40:31.3441303Z Unpacking libdvdread8t64:amd64 (6.1.3-1.1build1) ...
2025-04-15T08:40:31.3674787Z Selecting previously unselected package libdvdnav4:amd64.
2025-04-15T08:40:31.3810598Z Preparing to unpack .../114-libdvdnav4_6.1.1-3build1_amd64.deb ...
2025-04-15T08:40:31.3820001Z Unpacking libdvdnav4:amd64 (6.1.1-3build1) ...
2025-04-15T08:40:31.4047227Z Selecting previously unselected package libegl-mesa0:amd64.
2025-04-15T08:40:31.4181884Z Preparing to unpack .../115-libegl-mesa0_24.2.8-1ubuntu1~24.04.1_amd64.deb ...
2025-04-15T08:40:31.4191400Z Unpacking libegl-mesa0:amd64 (24.2.8-1ubuntu1~24.04.1) ...
2025-04-15T08:40:31.4433072Z Selecting previously unselected package libevent-2.1-7t64:amd64.
2025-04-15T08:40:31.4567333Z Preparing to unpack .../116-libevent-2.1-7t64_2.1.12-stable-9ubuntu2_amd64.deb ...
2025-04-15T08:40:31.4576253Z Unpacking libevent-2.1-7t64:amd64 (2.1.12-stable-9ubuntu2) ...
2025-04-15T08:40:31.4816899Z Selecting previously unselected package libfaad2:amd64.
2025-04-15T08:40:31.4949130Z Preparing to unpack .../117-libfaad2_2.11.1-1build1_amd64.deb ...
2025-04-15T08:40:31.4958424Z Unpacking libfaad2:amd64 (2.11.1-1build1) ...
2025-04-15T08:40:31.5212077Z Selecting previously unselected package libinstpatch-1.0-2:amd64.
2025-04-15T08:40:31.5346324Z Preparing to unpack .../118-libinstpatch-1.0-2_1.1.6-1build2_amd64.deb ...
2025-04-15T08:40:31.5357331Z Unpacking libinstpatch-1.0-2:amd64 (1.1.6-1build2) ...
2025-04-15T08:40:31.5611127Z Selecting previously unselected package libjack-jackd2-0:amd64.
2025-04-15T08:40:31.5744743Z Preparing to unpack .../119-libjack-jackd2-0_1.9.21~dfsg-3ubuntu3_amd64.deb ...
2025-04-15T08:40:31.5754337Z Unpacking libjack-jackd2-0:amd64 (1.9.21~dfsg-3ubuntu3) ...
2025-04-15T08:40:31.6043256Z Selecting previously unselected package libwebrtc-audio-processing1:amd64.
2025-04-15T08:40:31.6177765Z Preparing to unpack .../120-libwebrtc-audio-processing1_0.3.1-0ubuntu6_amd64.deb ...
2025-04-15T08:40:31.6189493Z Unpacking libwebrtc-audio-processing1:amd64 (0.3.1-0ubuntu6) ...
2025-04-15T08:40:31.6433937Z Selecting previously unselected package libspa-0.2-modules:amd64.
2025-04-15T08:40:31.6567597Z Preparing to unpack .../121-libspa-0.2-modules_1.0.5-1ubuntu3_amd64.deb ...
2025-04-15T08:40:31.6578753Z Unpacking libspa-0.2-modules:amd64 (1.0.5-1ubuntu3) ...
2025-04-15T08:40:31.6924031Z Selecting previously unselected package libpipewire-0.3-0t64:amd64.
2025-04-15T08:40:31.7061153Z Preparing to unpack .../122-libpipewire-0.3-0t64_1.0.5-1ubuntu3_amd64.deb ...
2025-04-15T08:40:31.7071792Z Unpacking libpipewire-0.3-0t64:amd64 (1.0.5-1ubuntu3) ...
2025-04-15T08:40:31.7336332Z Selecting previously unselected package libsdl2-2.0-0:amd64.
2025-04-15T08:40:31.7470830Z Preparing to unpack .../123-libsdl2-2.0-0_2.30.0+dfsg-1build3_amd64.deb ...
2025-04-15T08:40:31.7480596Z Unpacking libsdl2-2.0-0:amd64 (2.30.0+dfsg-1build3) ...
2025-04-15T08:40:31.7816163Z Selecting previously unselected package timgm6mb-soundfont.
2025-04-15T08:40:31.7950123Z Preparing to unpack .../124-timgm6mb-soundfont_1.3-5_all.deb ...
2025-04-15T08:40:31.7959746Z Unpacking timgm6mb-soundfont (1.3-5) ...
2025-04-15T08:40:32.1371429Z Selecting previously unselected package libfluidsynth3:amd64.
2025-04-15T08:40:32.1510388Z Preparing to unpack .../125-libfluidsynth3_2.3.4-1build3_amd64.deb ...
2025-04-15T08:40:32.1520594Z Unpacking libfluidsynth3:amd64 (2.3.4-1build3) ...
2025-04-15T08:40:32.1773058Z Selecting previously unselected package libfreeaptx0:amd64.
2025-04-15T08:40:32.1909090Z Preparing to unpack .../126-libfreeaptx0_0.1.1-2build1_amd64.deb ...
2025-04-15T08:40:32.1918362Z Unpacking libfreeaptx0:amd64 (0.1.1-2build1) ...
2025-04-15T08:40:32.2149354Z Selecting previously unselected package libgraphene-1.0-0:amd64.
2025-04-15T08:40:32.2286917Z Preparing to unpack .../127-libgraphene-1.0-0_1.10.8-3build2_amd64.deb ...
2025-04-15T08:40:32.2297347Z Unpacking libgraphene-1.0-0:amd64 (1.10.8-3build2) ...
2025-04-15T08:40:32.2527868Z Selecting previously unselected package libgssdp-1.6-0:amd64.
2025-04-15T08:40:32.2665210Z Preparing to unpack .../128-libgssdp-1.6-0_1.6.3-1build3_amd64.deb ...
2025-04-15T08:40:32.2676048Z Unpacking libgssdp-1.6-0:amd64 (1.6.3-1build3) ...
2025-04-15T08:40:32.2910539Z Selecting previously unselected package libegl1:amd64.
2025-04-15T08:40:32.3046697Z Preparing to unpack .../129-libegl1_1.7.0-1build1_amd64.deb ...
2025-04-15T08:40:32.3061792Z Unpacking libegl1:amd64 (1.7.0-1build1) ...
2025-04-15T08:40:32.3318746Z Selecting previously unselected package libgstreamer-gl1.0-0:amd64.
2025-04-15T08:40:32.3454945Z Preparing to unpack .../130-libgstreamer-gl1.0-0_1.24.2-1ubuntu0.2_amd64.deb ...
2025-04-15T08:40:32.3465640Z Unpacking libgstreamer-gl1.0-0:amd64 (1.24.2-1ubuntu0.2) ...
2025-04-15T08:40:32.3875267Z Preparing to unpack .../131-libgtk-3-common_3.24.41-4ubuntu1.3_all.deb ...
2025-04-15T08:40:32.3905439Z Unpacking libgtk-3-common (3.24.41-4ubuntu1.3) over (3.24.41-4ubuntu1.2) ...
2025-04-15T08:40:32.5102870Z Preparing to unpack .../132-libgtk-3-0t64_3.24.41-4ubuntu1.3_amd64.deb ...
2025-04-15T08:40:32.5239311Z Unpacking libgtk-3-0t64:amd64 (3.24.41-4ubuntu1.3) over (3.24.41-4ubuntu1.2) ...
2025-04-15T08:40:32.6184057Z Selecting previously unselected package libgtk-4-common.
2025-04-15T08:40:32.6321813Z Preparing to unpack .../133-libgtk-4-common_4.14.2+ds-1ubuntu2_all.deb ...
2025-04-15T08:40:32.6334438Z Unpacking libgtk-4-common (4.14.2+ds-1ubuntu2) ...
2025-04-15T08:40:32.6885196Z Selecting previously unselected package libgtk-4-1:amd64.
2025-04-15T08:40:32.7021823Z Preparing to unpack .../134-libgtk-4-1_4.14.2+ds-1ubuntu2_amd64.deb ...
2025-04-15T08:40:32.7032558Z Unpacking libgtk-4-1:amd64 (4.14.2+ds-1ubuntu2) ...
2025-04-15T08:40:32.7797365Z Selecting previously unselected package libgupnp-1.6-0:amd64.
2025-04-15T08:40:32.7938212Z Preparing to unpack .../135-libgupnp-1.6-0_1.6.6-1build3_amd64.deb ...
2025-04-15T08:40:32.7953016Z Unpacking libgupnp-1.6-0:amd64 (1.6.6-1build3) ...
2025-04-15T08:40:32.8184723Z Selecting previously unselected package libgupnp-igd-1.6-0:amd64.
2025-04-15T08:40:32.8321079Z Preparing to unpack .../136-libgupnp-igd-1.6-0_1.6.0-3build3_amd64.deb ...
2025-04-15T08:40:32.8330710Z Unpacking libgupnp-igd-1.6-0:amd64 (1.6.0-3build3) ...
2025-04-15T08:40:32.8547774Z Selecting previously unselected package libharfbuzz-icu0:amd64.
2025-04-15T08:40:32.8682950Z Preparing to unpack .../137-libharfbuzz-icu0_8.3.0-2build2_amd64.deb ...
2025-04-15T08:40:32.8693221Z Unpacking libharfbuzz-icu0:amd64 (8.3.0-2build2) ...
2025-04-15T08:40:32.8909932Z Selecting previously unselected package libhyphen0:amd64.
2025-04-15T08:40:32.9046054Z Preparing to unpack .../138-libhyphen0_2.8.8-7build3_amd64.deb ...
2025-04-15T08:40:32.9058234Z Unpacking libhyphen0:amd64 (2.8.8-7build3) ...
2025-04-15T08:40:32.9318939Z Selecting previously unselected package libimath-3-1-29t64:amd64.
2025-04-15T08:40:32.9452844Z Preparing to unpack .../139-libimath-3-1-29t64_3.1.9-3.1ubuntu2_amd64.deb ...
2025-04-15T08:40:32.9468398Z Unpacking libimath-3-1-29t64:amd64 (3.1.9-3.1ubuntu2) ...
2025-04-15T08:40:32.9710025Z Selecting previously unselected package liblc3-1:amd64.
2025-04-15T08:40:32.9844149Z Preparing to unpack .../140-liblc3-1_1.0.4-3build1_amd64.deb ...
2025-04-15T08:40:32.9853910Z Unpacking liblc3-1:amd64 (1.0.4-3build1) ...
2025-04-15T08:40:33.0075286Z Selecting previously unselected package libldacbt-enc2:amd64.
2025-04-15T08:40:33.0208283Z Preparing to unpack .../141-libldacbt-enc2_2.0.2.3+git20200429+ed310a0-4ubuntu2_amd64.deb ...
2025-04-15T08:40:33.0221057Z Unpacking libldacbt-enc2:amd64 (2.0.2.3+git20200429+ed310a0-4ubuntu2) ...
2025-04-15T08:40:33.0599863Z Preparing to unpack .../142-libxslt1.1_1.1.39-0exp1ubuntu0.24.04.2_amd64.deb ...
2025-04-15T08:40:33.0717347Z Unpacking libxslt1.1:amd64 (1.1.39-0exp1ubuntu0.24.04.2) over (1.1.39-0exp1build1) ...
2025-04-15T08:40:33.1001000Z Selecting previously unselected package libraptor2-0:amd64.
2025-04-15T08:40:33.1140680Z Preparing to unpack .../143-libraptor2-0_2.0.16-3ubuntu0.1_amd64.deb ...
2025-04-15T08:40:33.1150836Z Unpacking libraptor2-0:amd64 (2.0.16-3ubuntu0.1) ...
2025-04-15T08:40:33.1390839Z Selecting previously unselected package liblrdf0:amd64.
2025-04-15T08:40:33.1526848Z Preparing to unpack .../144-liblrdf0_0.6.1-4build1_amd64.deb ...
2025-04-15T08:40:33.1537845Z Unpacking liblrdf0:amd64 (0.6.1-4build1) ...
2025-04-15T08:40:33.1874732Z Selecting previously unselected package libltc11:amd64.
2025-04-15T08:40:33.2009691Z Preparing to unpack .../145-libltc11_1.3.2-1build1_amd64.deb ...
2025-04-15T08:40:33.2021046Z Unpacking libltc11:amd64 (1.3.2-1build1) ...
2025-04-15T08:40:33.2247485Z Selecting previously unselected package libmanette-0.2-0:amd64.
2025-04-15T08:40:33.2381852Z Preparing to unpack .../146-libmanette-0.2-0_0.2.7-1build2_amd64.deb ...
2025-04-15T08:40:33.2393648Z Unpacking libmanette-0.2-0:amd64 (0.2.7-1build2) ...
2025-04-15T08:40:33.2622871Z Selecting previously unselected package libmfx1:amd64.
2025-04-15T08:40:33.2757842Z Preparing to unpack .../147-libmfx1_22.5.4-1_amd64.deb ...
2025-04-15T08:40:33.2769136Z Unpacking libmfx1:amd64 (22.5.4-1) ...
2025-04-15T08:40:33.3882729Z Selecting previously unselected package libmjpegutils-2.1-0t64:amd64.
2025-04-15T08:40:33.4021281Z Preparing to unpack .../148-libmjpegutils-2.1-0t64_1%3a2.1.0+debian-8.1build1_amd64.deb ...
2025-04-15T08:40:33.4031034Z Unpacking libmjpegutils-2.1-0t64:amd64 (1:2.1.0+debian-8.1build1) ...
2025-04-15T08:40:33.4263382Z Selecting previously unselected package libmodplug1:amd64.
2025-04-15T08:40:33.4401922Z Preparing to unpack .../149-libmodplug1_1%3a0.8.9.0-3build1_amd64.deb ...
2025-04-15T08:40:33.4413801Z Unpacking libmodplug1:amd64 (1:0.8.9.0-3build1) ...
2025-04-15T08:40:33.4666625Z Selecting previously unselected package libmpcdec6:amd64.
2025-04-15T08:40:33.4803550Z Preparing to unpack .../150-libmpcdec6_2%3a0.1~r495-2build1_amd64.deb ...
2025-04-15T08:40:33.4813331Z Unpacking libmpcdec6:amd64 (2:0.1~r495-2build1) ...
2025-04-15T08:40:33.5042350Z Selecting previously unselected package libmpeg2encpp-2.1-0t64:amd64.
2025-04-15T08:40:33.5179572Z Preparing to unpack .../151-libmpeg2encpp-2.1-0t64_1%3a2.1.0+debian-8.1build1_amd64.deb ...
2025-04-15T08:40:33.5191601Z Unpacking libmpeg2encpp-2.1-0t64:amd64 (1:2.1.0+debian-8.1build1) ...
2025-04-15T08:40:33.5423444Z Selecting previously unselected package libmplex2-2.1-0t64:amd64.
2025-04-15T08:40:33.5558375Z Preparing to unpack .../152-libmplex2-2.1-0t64_1%3a2.1.0+debian-8.1build1_amd64.deb ...
2025-04-15T08:40:33.5568442Z Unpacking libmplex2-2.1-0t64:amd64 (1:2.1.0+debian-8.1build1) ...
2025-04-15T08:40:33.5798464Z Selecting previously unselected package libneon27t64:amd64.
2025-04-15T08:40:33.5932208Z Preparing to unpack .../153-libneon27t64_0.33.0-1.1build3_amd64.deb ...
2025-04-15T08:40:33.5943587Z Unpacking libneon27t64:amd64 (0.33.0-1.1build3) ...
2025-04-15T08:40:33.6214549Z Selecting previously unselected package libnice10:amd64.
2025-04-15T08:40:33.6348561Z Preparing to unpack .../154-libnice10_0.1.21-2build3_amd64.deb ...
2025-04-15T08:40:33.6364211Z Unpacking libnice10:amd64 (0.1.21-2build3) ...
2025-04-15T08:40:33.6600227Z Selecting previously unselected package libopenal-data.
2025-04-15T08:40:33.6733753Z Preparing to unpack .../155-libopenal-data_1%3a1.23.1-4build1_all.deb ...
2025-04-15T08:40:33.6746624Z Unpacking libopenal-data (1:1.23.1-4build1) ...
2025-04-15T08:40:33.6985971Z Selecting previously unselected package libopenexr-3-1-30:amd64.
2025-04-15T08:40:33.7118598Z Preparing to unpack .../156-libopenexr-3-1-30_3.1.5-5.1build3_amd64.deb ...
2025-04-15T08:40:33.7128205Z Unpacking libopenexr-3-1-30:amd64 (3.1.5-5.1build3) ...
2025-04-15T08:40:33.7509656Z Selecting previously unselected package libopenh264-7:amd64.
2025-04-15T08:40:33.7643689Z Preparing to unpack .../157-libopenh264-7_2.4.1+dfsg-1_amd64.deb ...
2025-04-15T08:40:33.7655647Z Unpacking libopenh264-7:amd64 (2.4.1+dfsg-1) ...
2025-04-15T08:40:33.7939349Z Selecting previously unselected package libopenni2-0:amd64.
2025-04-15T08:40:33.8072592Z Preparing to unpack .../158-libopenni2-0_2.2.0.33+dfsg-18_amd64.deb ...
2025-04-15T08:40:33.8102033Z Unpacking libopenni2-0:amd64 (2.2.0.33+dfsg-18) ...
2025-04-15T08:40:33.8390722Z Selecting previously unselected package libqrencode4:amd64.
2025-04-15T08:40:33.8523555Z Preparing to unpack .../159-libqrencode4_4.1.1-1build2_amd64.deb ...
2025-04-15T08:40:33.8537833Z Unpacking libqrencode4:amd64 (4.1.1-1build2) ...
2025-04-15T08:40:33.8751466Z Selecting previously unselected package libsecret-common.
2025-04-15T08:40:33.8883846Z Preparing to unpack .../160-libsecret-common_0.21.4-1build3_all.deb ...
2025-04-15T08:40:33.8893114Z Unpacking libsecret-common (0.21.4-1build3) ...
2025-04-15T08:40:33.9273629Z Selecting previously unselected package libsecret-1-0:amd64.
2025-04-15T08:40:33.9440083Z Preparing to unpack .../161-libsecret-1-0_0.21.4-1build3_amd64.deb ...
2025-04-15T08:40:33.9467424Z Unpacking libsecret-1-0:amd64 (0.21.4-1build3) ...
2025-04-15T08:40:33.9730082Z Selecting previously unselected package libsndio7.0:amd64.
2025-04-15T08:40:33.9886507Z Preparing to unpack .../162-libsndio7.0_1.9.0-0.3build3_amd64.deb ...
2025-04-15T08:40:33.9896263Z Unpacking libsndio7.0:amd64 (1.9.0-0.3build3) ...
2025-04-15T08:40:34.0126442Z Selecting previously unselected package libsoundtouch1:amd64.
2025-04-15T08:40:34.0258736Z Preparing to unpack .../163-libsoundtouch1_2.3.2+ds1-1build1_amd64.deb ...
2025-04-15T08:40:34.0270626Z Unpacking libsoundtouch1:amd64 (2.3.2+ds1-1build1) ...
2025-04-15T08:40:34.0532001Z Selecting previously unselected package libspandsp2t64:amd64.
2025-04-15T08:40:34.0669424Z Preparing to unpack .../164-libspandsp2t64_0.0.6+dfsg-2.1build1_amd64.deb ...
2025-04-15T08:40:34.0681988Z Unpacking libspandsp2t64:amd64 (0.0.6+dfsg-2.1build1) ...
2025-04-15T08:40:34.0957584Z Selecting previously unselected package libsrtp2-1:amd64.
2025-04-15T08:40:34.1092872Z Preparing to unpack .../165-libsrtp2-1_2.5.0-3build1_amd64.deb ...
2025-04-15T08:40:34.1105460Z Unpacking libsrtp2-1:amd64 (2.5.0-3build1) ...
2025-04-15T08:40:34.1330558Z Selecting previously unselected package libwildmidi2:amd64.
2025-04-15T08:40:34.1464756Z Preparing to unpack .../166-libwildmidi2_0.4.3-1build3_amd64.deb ...
2025-04-15T08:40:34.1474801Z Unpacking libwildmidi2:amd64 (0.4.3-1build3) ...
2025-04-15T08:40:34.1720618Z Selecting previously unselected package libwoff1:amd64.
2025-04-15T08:40:34.1853656Z Preparing to unpack .../167-libwoff1_1.0.2-2build1_amd64.deb ...
2025-04-15T08:40:34.1867650Z Unpacking libwoff1:amd64 (1.0.2-2build1) ...
2025-04-15T08:40:34.2113437Z Selecting previously unselected package libxcb-xkb1:amd64.
2025-04-15T08:40:34.2246720Z Preparing to unpack .../168-libxcb-xkb1_1.15-1ubuntu2_amd64.deb ...
2025-04-15T08:40:34.2256098Z Unpacking libxcb-xkb1:amd64 (1.15-1ubuntu2) ...
2025-04-15T08:40:34.2496995Z Selecting previously unselected package libxkbcommon-x11-0:amd64.
2025-04-15T08:40:34.2630474Z Preparing to unpack .../169-libxkbcommon-x11-0_1.6.0-1build1_amd64.deb ...
2025-04-15T08:40:34.2642284Z Unpacking libxkbcommon-x11-0:amd64 (1.6.0-1build1) ...
2025-04-15T08:40:34.2884555Z Selecting previously unselected package libzbar0t64:amd64.
2025-04-15T08:40:34.3018665Z Preparing to unpack .../170-libzbar0t64_0.23.93-4build3_amd64.deb ...
2025-04-15T08:40:34.3026950Z Unpacking libzbar0t64:amd64 (0.23.93-4build3) ...
2025-04-15T08:40:34.3263274Z Selecting previously unselected package libzxing3:amd64.
2025-04-15T08:40:34.3398325Z Preparing to unpack .../171-libzxing3_2.2.1-3_amd64.deb ...
2025-04-15T08:40:34.3407601Z Unpacking libzxing3:amd64 (2.2.1-3) ...
2025-04-15T08:40:34.3679617Z Selecting previously unselected package xfonts-encodings.
2025-04-15T08:40:34.3814363Z Preparing to unpack .../172-xfonts-encodings_1%3a1.0.5-0ubuntu2_all.deb ...
2025-04-15T08:40:34.3832124Z Unpacking xfonts-encodings (1:1.0.5-0ubuntu2) ...
2025-04-15T08:40:34.4140916Z Selecting previously unselected package xfonts-utils.
2025-04-15T08:40:34.4276174Z Preparing to unpack .../173-xfonts-utils_1%3a7.7+6build3_amd64.deb ...
2025-04-15T08:40:34.4287073Z Unpacking xfonts-utils (1:7.7+6build3) ...
2025-04-15T08:40:34.5458054Z Selecting previously unselected package xfonts-cyrillic.
2025-04-15T08:40:34.5594835Z Preparing to unpack .../174-xfonts-cyrillic_1%3a1.0.5+nmu1_all.deb ...
2025-04-15T08:40:34.5606834Z Unpacking xfonts-cyrillic (1:1.0.5+nmu1) ...
2025-04-15T08:40:34.5984496Z Selecting previously unselected package xfonts-scalable.
2025-04-15T08:40:34.6120995Z Preparing to unpack .../175-xfonts-scalable_1%3a1.0.3-1.3_all.deb ...
2025-04-15T08:40:34.6130715Z Unpacking xfonts-scalable (1:1.0.3-1.3) ...
2025-04-15T08:40:34.6476397Z Selecting previously unselected package libgstreamer-plugins-bad1.0-0:amd64.
2025-04-15T08:40:34.6612690Z Preparing to unpack .../176-libgstreamer-plugins-bad1.0-0_1.24.2-1ubuntu4_amd64.deb ...
2025-04-15T08:40:34.6625741Z Unpacking libgstreamer-plugins-bad1.0-0:amd64 (1.24.2-1ubuntu4) ...
2025-04-15T08:40:34.7055828Z Selecting previously unselected package libdca0:amd64.
2025-04-15T08:40:34.7191933Z Preparing to unpack .../177-libdca0_0.0.7-2build1_amd64.deb ...
2025-04-15T08:40:34.7201309Z Unpacking libdca0:amd64 (0.0.7-2build1) ...
2025-04-15T08:40:34.7478623Z Selecting previously unselected package libopenal1:amd64.
2025-04-15T08:40:34.7615081Z Preparing to unpack .../178-libopenal1_1%3a1.23.1-4build1_amd64.deb ...
2025-04-15T08:40:34.7627350Z Unpacking libopenal1:amd64 (1:1.23.1-4build1) ...
2025-04-15T08:40:34.7926315Z Selecting previously unselected package libsbc1:amd64.
2025-04-15T08:40:34.8062938Z Preparing to unpack .../179-libsbc1_2.0-1build1_amd64.deb ...
2025-04-15T08:40:34.8077338Z Unpacking libsbc1:amd64 (2.0-1build1) ...
2025-04-15T08:40:34.8309932Z Selecting previously unselected package libvo-aacenc0:amd64.
2025-04-15T08:40:34.8445943Z Preparing to unpack .../180-libvo-aacenc0_0.1.3-2build1_amd64.deb ...
2025-04-15T08:40:34.8456512Z Unpacking libvo-aacenc0:amd64 (0.1.3-2build1) ...
2025-04-15T08:40:34.8680765Z Selecting previously unselected package libvo-amrwbenc0:amd64.
2025-04-15T08:40:34.8816030Z Preparing to unpack .../181-libvo-amrwbenc0_0.1.3-2build1_amd64.deb ...
2025-04-15T08:40:34.8826937Z Unpacking libvo-amrwbenc0:amd64 (0.1.3-2build1) ...
2025-04-15T08:40:34.9055825Z Selecting previously unselected package gstreamer1.0-plugins-bad:amd64.
2025-04-15T08:40:34.9190307Z Preparing to unpack .../182-gstreamer1.0-plugins-bad_1.24.2-1ubuntu4_amd64.deb ...
2025-04-15T08:40:34.9200575Z Unpacking gstreamer1.0-plugins-bad:amd64 (1.24.2-1ubuntu4) ...
2025-04-15T08:40:35.2429216Z Setting up libgme0:amd64 (0.6.3-7build1) ...
2025-04-15T08:40:35.2472160Z Setting up libchromaprint1:amd64 (1.5.1-5) ...
2025-04-15T08:40:35.2498282Z Setting up libssh-gcrypt-4:amd64 (0.10.6-2build2) ...
2025-04-15T08:40:35.2525924Z Setting up libhwy1t64:amd64 (1.0.7-8.1build1) ...
2025-04-15T08:40:35.2554852Z Setting up libcairo-script-interpreter2:amd64 (1.18.0-3build1) ...
2025-04-15T08:40:35.2595103Z Setting up libfreeaptx0:amd64 (0.1.1-2build1) ...
2025-04-15T08:40:35.2635201Z Setting up libdvdread8t64:amd64 (6.1.3-1.1build1) ...
2025-04-15T08:40:35.2668117Z Setting up libudfread0:amd64 (1.1.2-1build1) ...
2025-04-15T08:40:35.2710690Z Setting up libmodplug1:amd64 (1:0.8.9.0-3build1) ...
2025-04-15T08:40:35.2749023Z Setting up libcdparanoia0:amd64 (3.10.2+debian-14build3) ...
2025-04-15T08:40:35.2782918Z Setting up gtk-update-icon-cache (3.24.41-4ubuntu1.3) ...
2025-04-15T08:40:35.2815868Z Setting up libvo-amrwbenc0:amd64 (0.1.3-2build1) ...
2025-04-15T08:40:35.2848728Z Setting up session-migration (0.3.9build1) ...
2025-04-15T08:40:35.4111087Z Created symlink /etc/systemd/user/graphical-session-pre.target.wants/session-migration.service → /usr/lib/systemd/user/session-migration.service.
2025-04-15T08:40:35.4111788Z 
2025-04-15T08:40:35.4147022Z Setting up libraw1394-11:amd64 (2.1.2-2build3) ...
2025-04-15T08:40:35.4205742Z Setting up libsbc1:amd64 (2.0-1build1) ...
2025-04-15T08:40:35.4244932Z Setting up libproxy1v5:amd64 (0.5.4-4build1) ...
2025-04-15T08:40:35.4278485Z Setting up libneon27t64:amd64 (0.33.0-1.1build3) ...
2025-04-15T08:40:35.4311632Z Setting up libtag1v5-vanilla:amd64 (1.13.1-1build1) ...
2025-04-15T08:40:35.4349571Z Setting up libharfbuzz-icu0:amd64 (8.3.0-2build2) ...
2025-04-15T08:40:35.4385127Z Setting up libopenni2-0:amd64 (2.2.0.33+dfsg-18) ...
2025-04-15T08:40:35.4906253Z Setting up libspeex1:amd64 (1.2.1-2ubuntu2.24.04.1) ...
2025-04-15T08:40:35.4944278Z Setting up libshine3:amd64 (3.1.1-2build1) ...
2025-04-15T08:40:35.4981581Z Setting up libcaca0:amd64 (0.99.beta20-4build2) ...
2025-04-15T08:40:35.5009585Z Setting up libvpl2 (2023.3.0-1build1) ...
2025-04-15T08:40:35.5041275Z Setting up libv4lconvert0t64:amd64 (1.26.1-4build3) ...
2025-04-15T08:40:35.5082090Z Setting up libx264-164:amd64 (2:0.164.3108+git31e19f9-1) ...
2025-04-15T08:40:35.5123179Z Setting up libtwolame0:amd64 (0.4.0-2build3) ...
2025-04-15T08:40:35.5156531Z Setting up libmbedcrypto7t64:amd64 (2.28.8-1) ...
2025-04-15T08:40:35.5191994Z Setting up libwoff1:amd64 (1.0.2-2build1) ...
2025-04-15T08:40:35.5227908Z Setting up liblc3-1:amd64 (1.0.4-3build1) ...
2025-04-15T08:40:35.5256096Z Setting up libqrencode4:amd64 (4.1.1-1build2) ...
2025-04-15T08:40:35.5324340Z Setting up libhyphen0:amd64 (2.8.8-7build3) ...
2025-04-15T08:40:35.5363796Z Setting up libgsm1:amd64 (1.0.22-1build1) ...
2025-04-15T08:40:35.5392021Z Setting up libvisual-0.4-0:amd64 (0.4.2-2build1) ...
2025-04-15T08:40:35.5426845Z Setting up libsoxr0:amd64 (0.1.3-4build3) ...
2025-04-15T08:40:35.5456750Z Setting up libzix-0-0:amd64 (0.4.2-2build1) ...
2025-04-15T08:40:35.5492977Z Setting up libcodec2-1.2:amd64 (1.2.0-2build1) ...
2025-04-15T08:40:35.5528760Z Setting up libmanette-0.2-0:amd64 (0.2.7-1build2) ...
2025-04-15T08:40:35.5568498Z Setting up libsrtp2-1:amd64 (2.5.0-3build1) ...
2025-04-15T08:40:35.5596525Z Setting up libmysofa1:amd64 (1.3.2+dfsg-2ubuntu2) ...
2025-04-15T08:40:35.5626285Z Setting up libldacbt-enc2:amd64 (2.0.2.3+git20200429+ed310a0-4ubuntu2) ...
2025-04-15T08:40:35.5652920Z Setting up fonts-wqy-zenhei (0.9.45-8) ...
2025-04-15T08:40:35.5802048Z Setting up libwebrtc-audio-processing1:amd64 (0.3.1-0ubuntu6) ...
2025-04-15T08:40:35.5833734Z Setting up fonts-freefont-ttf (20211204+svn4273-2) ...
2025-04-15T08:40:35.5860874Z Setting up libevent-2.1-7t64:amd64 (2.1.12-stable-9ubuntu2) ...
2025-04-15T08:40:35.5893506Z Setting up libsvtav1enc1d1:amd64 (1.7.0+dfsg-2build1) ...
2025-04-15T08:40:35.5922661Z Setting up libsoup-3.0-common (3.4.4-5ubuntu0.2) ...
2025-04-15T08:40:35.5962019Z Setting up libmpg123-0t64:amd64 (1.32.5-1ubuntu1.1) ...
2025-04-15T08:40:35.5997094Z Setting up libcjson1:amd64 (1.7.17-1) ...
2025-04-15T08:40:35.6029732Z Setting up libxvidcore4:amd64 (2:1.3.7-1build1) ...
2025-04-15T08:40:35.6073312Z Setting up libmpcdec6:amd64 (2:0.1~r495-2build1) ...
2025-04-15T08:40:35.6122322Z Setting up libmjpegutils-2.1-0t64:amd64 (1:2.1.0+debian-8.1build1) ...
2025-04-15T08:40:35.6167822Z Setting up librav1e0:amd64 (0.7.1-2) ...
2025-04-15T08:40:35.6209454Z Setting up liborc-0.4-0t64:amd64 (1:0.4.38-1ubuntu0.1) ...
2025-04-15T08:40:35.6239564Z Setting up libxcb-xkb1:amd64 (1.15-1ubuntu2) ...
2025-04-15T08:40:35.6272265Z Setting up libvo-aacenc0:amd64 (0.1.3-2build1) ...
2025-04-15T08:40:35.6306245Z Setting up librist4:amd64 (0.2.10+dfsg-2) ...
2025-04-15T08:40:35.6336009Z Setting up librsvg2-2:amd64 (2.58.0+dfsg-1build1) ...
2025-04-15T08:40:35.6362192Z Setting up libblas3:amd64 (3.12.0-3build1.1) ...
2025-04-15T08:40:35.6427471Z update-alternatives: using /usr/lib/x86_64-linux-gnu/blas/libblas.so.3 to provide /usr/lib/x86_64-linux-gnu/libblas.so.3 (libblas.so.3-x86_64-linux-gnu) in auto mode
2025-04-15T08:40:35.6453032Z Setting up libegl-mesa0:amd64 (24.2.8-1ubuntu1~24.04.1) ...
2025-04-15T08:40:35.6525060Z Setting up libsoundtouch1:amd64 (2.3.2+ds1-1build1) ...
2025-04-15T08:40:35.6531112Z Setting up libplacebo338:amd64 (6.338.2-2build1) ...
2025-04-15T08:40:35.6582873Z Setting up libgles2:amd64 (1.7.0-1build1) ...
2025-04-15T08:40:35.6626253Z Setting up fonts-tlwg-loma-otf (1:0.7.3-1) ...
2025-04-15T08:40:35.6667629Z Setting up libva2:amd64 (2.20.0-2build1) ...
2025-04-15T08:40:35.6704912Z Setting up libspa-0.2-modules:amd64 (1.0.5-1ubuntu3) ...
2025-04-15T08:40:35.6741740Z Setting up libzxing3:amd64 (2.2.1-3) ...
2025-04-15T08:40:35.6780384Z Setting up xfonts-encodings (1:1.0.5-0ubuntu2) ...
2025-04-15T08:40:35.6811085Z Setting up libopus0:amd64 (1.4-1build1) ...
2025-04-15T08:40:35.6843227Z Setting up libfaad2:amd64 (2.11.1-1build1) ...
2025-04-15T08:40:35.6877716Z Setting up libxkbcommon-x11-0:amd64 (1.6.0-1build1) ...
2025-04-15T08:40:35.6912795Z Setting up libdc1394-25:amd64 (2.2.6-4build1) ...
2025-04-15T08:40:35.6952450Z Setting up libimath-3-1-29t64:amd64 (3.1.9-3.1ubuntu2) ...
2025-04-15T08:40:35.6991261Z Setting up libunibreak5:amd64 (5.1-2build1) ...
2025-04-15T08:40:35.7024962Z Setting up libdv4t64:amd64 (1.0.0-17.1build1) ...
2025-04-15T08:40:35.7077824Z Setting up libjxl0.7:amd64 (0.7.0-10.2ubuntu6) ...
2025-04-15T08:40:35.7117856Z Setting up libopenh264-7:amd64 (2.4.1+dfsg-1) ...
2025-04-15T08:40:35.7145140Z Setting up libltc11:amd64 (1.3.2-1build1) ...
2025-04-15T08:40:35.7180002Z Setting up libx265-199:amd64 (3.5-2build1) ...
2025-04-15T08:40:35.7223687Z Setting up libv4l-0t64:amd64 (1.26.1-4build3) ...
2025-04-15T08:40:35.7258181Z Setting up libavtp0:amd64 (0.2.0-1build1) ...
2025-04-15T08:40:35.7289392Z Setting up libsndio7.0:amd64 (1.9.0-0.3build3) ...
2025-04-15T08:40:35.7320425Z Setting up libdirectfb-1.7-7t64:amd64 (1.7.7-11.1ubuntu2) ...
2025-04-15T08:40:35.7499428Z Setting up libspandsp2t64:amd64 (0.0.6+dfsg-2.1build1) ...
2025-04-15T08:40:35.7554722Z Setting up libvidstab1.1:amd64 (1.1.0-2build1) ...
2025-04-15T08:40:35.7592187Z Setting up libvpx9:amd64 (1.14.0-1ubuntu2.1) ...
2025-04-15T08:40:35.7627884Z Setting up libsrt1.5-gnutls:amd64 (1.5.3-1build2) ...
2025-04-15T08:40:35.7672739Z Setting up libtag1v5:amd64 (1.13.1-1build1) ...
2025-04-15T08:40:35.7713863Z Setting up libflite1:amd64 (2.2-6build3) ...
2025-04-15T08:40:35.7751148Z Setting up libdav1d7:amd64 (1.4.1-1build1) ...
2025-04-15T08:40:35.7788320Z Setting up libva-drm2:amd64 (2.20.0-2build1) ...
2025-04-15T08:40:35.7833031Z Setting up fonts-ipafont-gothic (00303-21ubuntu1) ...
2025-04-15T08:40:35.7923719Z update-alternatives: using /usr/share/fonts/opentype/ipafont-gothic/ipag.ttf to provide /usr/share/fonts/truetype/fonts-japanese-gothic.ttf (fonts-japanese-gothic.ttf) in auto mode
2025-04-15T08:40:35.7949906Z Setting up ocl-icd-libopencl1:amd64 (2.3.2-1build1) ...
2025-04-15T08:40:35.7989569Z Setting up libasyncns0:amd64 (0.8-6build4) ...
2025-04-15T08:40:35.8029334Z Setting up libwildmidi2:amd64 (0.4.3-1build3) ...
2025-04-15T08:40:35.8058871Z Setting up libvdpau1:amd64 (1.5-2build1) ...
2025-04-15T08:40:35.8108170Z Setting up libwavpack1:amd64 (5.6.0-1build1) ...
2025-04-15T08:40:35.8141832Z Setting up libbs2b0:amd64 (3.1.0+dfsg-7build1) ...
2025-04-15T08:40:35.8179811Z Setting up libtheora0:amd64 (1.1.1+dfsg.1-16.1build3) ...
2025-04-15T08:40:35.8221087Z Setting up libxslt1.1:amd64 (1.1.39-0exp1ubuntu0.24.04.2) ...
2025-04-15T08:40:35.8258205Z Setting up libegl1:amd64 (1.7.0-1build1) ...
2025-04-15T08:40:35.8298866Z Setting up libdecor-0-0:amd64 (0.2.2-1build2) ...
2025-04-15T08:40:35.8328163Z Setting up libdca0:amd64 (0.0.7-2build1) ...
2025-04-15T08:40:35.8358349Z Setting up libzimg2:amd64 (3.0.5+ds1-1build1) ...
2025-04-15T08:40:35.8392697Z Setting up libopenal-data (1:1.23.1-4build1) ...
2025-04-15T08:40:35.8434096Z Setting up libabsl20220623t64:amd64 (20220623.1-3.1ubuntu3) ...
2025-04-15T08:40:35.8478966Z Setting up libflac12t64:amd64 (1.4.3+ds-2.1ubuntu2) ...
2025-04-15T08:40:35.8519276Z Setting up libgtk-4-common (4.14.2+ds-1ubuntu2) ...
2025-04-15T08:40:35.8572181Z Setting up libmpeg2encpp-2.1-0t64:amd64 (1:2.1.0+debian-8.1build1) ...
2025-04-15T08:40:35.8613363Z Setting up glib-networking-common (2.80.0-1build1) ...
2025-04-15T08:40:35.8672562Z Setting up libmfx1:amd64 (22.5.4-1) ...
2025-04-15T08:40:35.8711831Z Setting up libbluray2:amd64 (1:1.3.4-1build1) ...
2025-04-15T08:40:35.8750516Z Setting up libsamplerate0:amd64 (0.2.2-4build1) ...
2025-04-15T08:40:35.8786712Z Setting up timgm6mb-soundfont (1.3-5) ...
2025-04-15T08:40:35.8877945Z update-alternatives: using /usr/share/sounds/sf2/TimGM6mb.sf2 to provide /usr/share/sounds/sf2/default-GM.sf2 (default-GM.sf2) in auto mode
2025-04-15T08:40:35.8921155Z update-alternatives: using /usr/share/sounds/sf2/TimGM6mb.sf2 to provide /usr/share/sounds/sf3/default-GM.sf3 (default-GM.sf3) in auto mode
2025-04-15T08:40:35.8947222Z Setting up libva-x11-2:amd64 (2.20.0-2build1) ...
2025-04-15T08:40:35.8987854Z Setting up libyuv0:amd64 (0.0~git202401110.af6ac82-1) ...
2025-04-15T08:40:35.9019092Z Setting up libmplex2-2.1-0t64:amd64 (1:2.1.0+debian-8.1build1) ...
2025-04-15T08:40:35.9051642Z Setting up libpipewire-0.3-0t64:amd64 (1.0.5-1ubuntu3) ...
2025-04-15T08:40:35.9084135Z Setting up libopenmpt0t64:amd64 (0.7.3-1.1build3) ...
2025-04-15T08:40:35.9111894Z Setting up libzvbi-common (0.2.42-2) ...
2025-04-15T08:40:35.9153173Z Setting up libsecret-common (0.21.4-1build3) ...
2025-04-15T08:40:35.9182453Z Setting up libgtk-3-common (3.24.41-4ubuntu1.3) ...
2025-04-15T08:40:35.9471781Z Setting up libmp3lame0:amd64 (3.100-6build1) ...
2025-04-15T08:40:35.9506559Z Setting up libgraphene-1.0-0:amd64 (1.10.8-3build2) ...
2025-04-15T08:40:35.9536282Z Setting up libvorbisenc2:amd64 (1.3.7-1build3) ...
2025-04-15T08:40:35.9581762Z Setting up libdvdnav4:amd64 (6.1.1-3build1) ...
2025-04-15T08:40:35.9622382Z Setting up fonts-unifont (1:15.1.01-1build1) ...
2025-04-15T08:40:35.9654760Z Setting up libaa1:amd64 (1.4p5-51.1) ...
2025-04-15T08:40:35.9696474Z Setting up libiec61883-0:amd64 (1.2.0-6build1) ...
2025-04-15T08:40:35.9736563Z Setting up libserd-0-0:amd64 (0.32.2-1) ...
2025-04-15T08:40:35.9830079Z Setting up libavc1394-0:amd64 (0.5.4-5build3) ...
2025-04-15T08:40:35.9873875Z Setting up gsettings-desktop-schemas (46.1-0ubuntu1) ...
2025-04-15T08:40:35.9912234Z Setting up glib-networking-services (2.80.0-1build1) ...
2025-04-15T08:40:35.9955109Z Setting up liblapack3:amd64 (3.12.0-3build1.1) ...
2025-04-15T08:40:36.0026086Z update-alternatives: using /usr/lib/x86_64-linux-gnu/lapack/liblapack.so.3 to provide /usr/lib/x86_64-linux-gnu/liblapack.so.3 (liblapack.so.3-x86_64-linux-gnu) in auto mode
2025-04-15T08:40:36.0047521Z Setting up libzvbi0t64:amd64 (0.2.42-2) ...
2025-04-15T08:40:36.0078297Z Setting up libraptor2-0:amd64 (2.0.16-3ubuntu0.1) ...
2025-04-15T08:40:36.0108050Z Setting up libzbar0t64:amd64 (0.23.93-4build3) ...
2025-04-15T08:40:36.0139315Z Setting up libgstreamer-plugins-base1.0-0:amd64 (1.24.2-1ubuntu0.2) ...
2025-04-15T08:40:36.0198216Z Setting up libavutil58:amd64 (7:6.1.1-3ubuntu5) ...
2025-04-15T08:40:36.0226283Z Setting up libopenal1:amd64 (1:1.23.1-4build1) ...
2025-04-15T08:40:36.0257659Z Setting up xfonts-utils (1:7.7+6build3) ...
2025-04-15T08:40:36.0307922Z Setting up libsecret-1-0:amd64 (0.21.4-1build3) ...
2025-04-15T08:40:36.0349497Z Setting up libgstreamer-plugins-good1.0-0:amd64 (1.24.2-1ubuntu1.1) ...
2025-04-15T08:40:36.0379662Z Setting up libgstreamer-gl1.0-0:amd64 (1.24.2-1ubuntu0.2) ...
2025-04-15T08:40:36.0410459Z Setting up gstreamer1.0-plugins-base:amd64 (1.24.2-1ubuntu0.2) ...
2025-04-15T08:40:36.0440056Z Setting up libass9:amd64 (1:0.17.1-2build1) ...
2025-04-15T08:40:36.0471680Z Setting up libswresample4:amd64 (7:6.1.1-3ubuntu5) ...
2025-04-15T08:40:36.0510772Z Setting up libopenexr-3-1-30:amd64 (3.1.5-5.1build3) ...
2025-04-15T08:40:36.0547756Z Setting up libshout3:amd64 (2.4.6-1build2) ...
2025-04-15T08:40:36.0585438Z Setting up libgav1-1:amd64 (0.18.0-1build3) ...
2025-04-15T08:40:36.0627211Z Setting up libavcodec60:amd64 (7:6.1.1-3ubuntu5) ...
2025-04-15T08:40:36.0662120Z Setting up librubberband2:amd64 (3.3.0+dfsg-2build1) ...
2025-04-15T08:40:36.0706183Z Setting up libjack-jackd2-0:amd64 (1.9.21~dfsg-3ubuntu3) ...
2025-04-15T08:40:36.0752335Z Setting up libsord-0-0:amd64 (0.16.16-2build1) ...
2025-04-15T08:40:36.0786275Z Setting up xfonts-cyrillic (1:1.0.5+nmu1) ...
2025-04-15T08:40:36.1654944Z Setting up libpostproc57:amd64 (7:6.1.1-3ubuntu5) ...
2025-04-15T08:40:36.1683843Z Setting up libsratom-0-0:amd64 (0.6.16-1build1) ...
2025-04-15T08:40:36.1711403Z Setting up libsndfile1:amd64 (1.2.2-1ubuntu5.24.04.1) ...
2025-04-15T08:40:36.1749255Z Setting up liblilv-0-0:amd64 (0.24.22-1build1) ...
2025-04-15T08:40:36.1786101Z Setting up libinstpatch-1.0-2:amd64 (1.1.6-1build2) ...
2025-04-15T08:40:36.1820639Z Setting up xfonts-scalable (1:1.0.3-1.3) ...
2025-04-15T08:40:36.2572453Z Setting up libswscale7:amd64 (7:6.1.1-3ubuntu5) ...
2025-04-15T08:40:36.2607700Z Setting up libavif16:amd64 (1.0.4-1ubuntu3) ...
2025-04-15T08:40:36.2646526Z Setting up libpulse0:amd64 (1:16.1+dfsg1-2ubuntu10.1) ...
2025-04-15T08:40:36.2873794Z Setting up liblrdf0:amd64 (0.6.1-4build1) ...
2025-04-15T08:40:36.2902321Z Setting up libavformat60:amd64 (7:6.1.1-3ubuntu5) ...
2025-04-15T08:40:36.2945893Z Setting up libsphinxbase3t64:amd64 (0.8+5prealpha+1-17build2) ...
2025-04-15T08:40:36.2983614Z Setting up libsdl2-2.0-0:amd64 (2.30.0+dfsg-1build3) ...
2025-04-15T08:40:36.3017773Z Setting up libfluidsynth3:amd64 (2.3.4-1build3) ...
2025-04-15T08:40:36.3063756Z Setting up libpocketsphinx3:amd64 (0.8.0+real5prealpha+1-15ubuntu5) ...
2025-04-15T08:40:36.3099872Z Setting up libavfilter9:amd64 (7:6.1.1-3ubuntu5) ...
2025-04-15T08:40:36.3157030Z Setting up gstreamer1.0-libav:amd64 (1.24.1-1build1) ...
2025-04-15T08:40:36.3622222Z Processing triggers for fontconfig (2.15.0-1.1ubuntu2) ...
2025-04-15T08:40:36.6973632Z Processing triggers for libc-bin (2.39-0ubuntu8.4) ...
2025-04-15T08:40:36.7452098Z Processing triggers for man-db (2.12.0-4build2) ...
2025-04-15T08:40:48.2256358Z Processing triggers for libglib2.0-0t64:amd64 (2.80.0-6ubuntu3.2) ...
2025-04-15T08:40:48.2728679Z Setting up libgtk-3-0t64:amd64 (3.24.41-4ubuntu1.3) ...
2025-04-15T08:40:48.4873638Z Setting up libgtk-4-1:amd64 (4.14.2+ds-1ubuntu2) ...
2025-04-15T08:40:48.6187036Z Setting up glib-networking:amd64 (2.80.0-1build1) ...
2025-04-15T08:40:48.6245278Z Setting up libsoup-3.0-0:amd64 (3.4.4-5ubuntu0.2) ...
2025-04-15T08:40:48.6296182Z Setting up libgssdp-1.6-0:amd64 (1.6.3-1build3) ...
2025-04-15T08:40:48.6380626Z Setting up gstreamer1.0-plugins-good:amd64 (1.24.2-1ubuntu1.1) ...
2025-04-15T08:40:48.6430720Z Setting up libgupnp-1.6-0:amd64 (1.6.6-1build3) ...
2025-04-15T08:40:48.6512702Z Setting up libgupnp-igd-1.6-0:amd64 (1.6.0-3build3) ...
2025-04-15T08:40:48.6563709Z Setting up libnice10:amd64 (0.1.21-2build3) ...
2025-04-15T08:40:48.6632212Z Setting up libgstreamer-plugins-bad1.0-0:amd64 (1.24.2-1ubuntu4) ...
2025-04-15T08:40:48.6693621Z Setting up gstreamer1.0-plugins-bad:amd64 (1.24.2-1ubuntu4) ...
2025-04-15T08:40:48.6734024Z Processing triggers for libc-bin (2.39-0ubuntu8.4) ...
2025-04-15T08:40:49.3244633Z 
2025-04-15T08:40:49.3245320Z Running kernel seems to be up-to-date.
2025-04-15T08:40:49.3245942Z 
2025-04-15T08:40:49.3246131Z Restarting services...
2025-04-15T08:40:49.3316528Z  systemctl restart php8.3-fpm.service
2025-04-15T08:40:49.4421606Z 
2025-04-15T08:40:49.4423922Z No containers need to be restarted.
2025-04-15T08:40:49.4424757Z 
2025-04-15T08:40:49.4425338Z No user sessions are running outdated binaries.
2025-04-15T08:40:49.4426569Z 
2025-04-15T08:40:49.4427240Z No VM guests are running outdated hypervisor (qemu) binaries on this host.
2025-04-15T08:40:50.2141824Z Downloading Chromium 136.0.7103.25 (playwright build v1169)[2m from https://cdn.playwright.dev/dbazure/download/playwright/builds/chromium/1169/chromium-linux.zip[22m
2025-04-15T08:40:50.3960336Z |                                                                                |   0% of 167.7 MiB
2025-04-15T08:40:50.5493176Z |■■■■■■■■                                                                        |  10% of 167.7 MiB
2025-04-15T08:40:50.6497357Z |■■■■■■■■■■■■■■■■                                                                |  20% of 167.7 MiB
2025-04-15T08:40:50.7402734Z |■■■■■■■■■■■■■■■■■■■■■■■■                                                        |  30% of 167.7 MiB
2025-04-15T08:40:50.8207103Z |■■■■■■■■■■■■■■■■■■■■■■■■■■■■■■■■                                                |  40% of 167.7 MiB
2025-04-15T08:40:50.8955444Z |■■■■■■■■■■■■■■■■■■■■■■■■■■■■■■■■■■■■■■■■                                        |  50% of 167.7 MiB
2025-04-15T08:40:50.9779479Z |■■■■■■■■■■■■■■■■■■■■■■■■■■■■■■■■■■■■■■■■■■■■■■■■                                |  60% of 167.7 MiB
2025-04-15T08:40:51.0611271Z |■■■■■■■■■■■■■■■■■■■■■■■■■■■■■■■■■■■■■■■■■■■■■■■■■■■■■■■■                        |  70% of 167.7 MiB
2025-04-15T08:40:51.1412648Z |■■■■■■■■■■■■■■■■■■■■■■■■■■■■■■■■■■■■■■■■■■■■■■■■■■■■■■■■■■■■■■■■                |  80% of 167.7 MiB
2025-04-15T08:40:51.2109821Z |■■■■■■■■■■■■■■■■■■■■■■■■■■■■■■■■■■■■■■■■■■■■■■■■■■■■■■■■■■■■■■■■■■■■■■■■        |  90% of 167.7 MiB
2025-04-15T08:40:51.2777414Z |■■■■■■■■■■■■■■■■■■■■■■■■■■■■■■■■■■■■■■■■■■■■■■■■■■■■■■■■■■■■■■■■■■■■■■■■■■■■■■■■| 100% of 167.7 MiB
2025-04-15T08:40:54.7595839Z Chromium 136.0.7103.25 (playwright build v1169) downloaded to /home/runner/.cache/ms-playwright/chromium-1169
2025-04-15T08:40:54.7599728Z Downloading Chromium Headless Shell 136.0.7103.25 (playwright build v1169)[2m from https://cdn.playwright.dev/dbazure/download/playwright/builds/chromium/1169/chromium-headless-shell-linux.zip[22m
2025-04-15T08:40:54.9367473Z |                                                                                |   0% of 101.4 MiB
2025-04-15T08:40:55.0372003Z |■■■■■■■■                                                                        |  10% of 101.4 MiB
2025-04-15T08:40:55.1105139Z |■■■■■■■■■■■■■■■■                                                                |  20% of 101.4 MiB
2025-04-15T08:40:55.1752429Z |■■■■■■■■■■■■■■■■■■■■■■■■                                                        |  30% of 101.4 MiB
2025-04-15T08:40:55.2314019Z |■■■■■■■■■■■■■■■■■■■■■■■■■■■■■■■■                                                |  40% of 101.4 MiB
2025-04-15T08:40:55.2835756Z |■■■■■■■■■■■■■■■■■■■■■■■■■■■■■■■■■■■■■■■■                                        |  50% of 101.4 MiB
2025-04-15T08:40:55.3334451Z |■■■■■■■■■■■■■■■■■■■■■■■■■■■■■■■■■■■■■■■■■■■■■■■■                                |  60% of 101.4 MiB
2025-04-15T08:40:55.3773936Z |■■■■■■■■■■■■■■■■■■■■■■■■■■■■■■■■■■■■■■■■■■■■■■■■■■■■■■■■                        |  70% of 101.4 MiB
2025-04-15T08:40:55.4226764Z |■■■■■■■■■■■■■■■■■■■■■■■■■■■■■■■■■■■■■■■■■■■■■■■■■■■■■■■■■■■■■■■■                |  80% of 101.4 MiB
2025-04-15T08:40:55.4726900Z |■■■■■■■■■■■■■■■■■■■■■■■■■■■■■■■■■■■■■■■■■■■■■■■■■■■■■■■■■■■■■■■■■■■■■■■■        |  90% of 101.4 MiB
2025-04-15T08:40:55.5253468Z |■■■■■■■■■■■■■■■■■■■■■■■■■■■■■■■■■■■■■■■■■■■■■■■■■■■■■■■■■■■■■■■■■■■■■■■■■■■■■■■■| 100% of 101.4 MiB
2025-04-15T08:40:57.5331606Z Chromium Headless Shell 136.0.7103.25 (playwright build v1169) downloaded to /home/runner/.cache/ms-playwright/chromium_headless_shell-1169
2025-04-15T08:40:57.5333739Z Downloading Firefox 137.0 (playwright build v1482)[2m from https://cdn.playwright.dev/dbazure/download/playwright/builds/firefox/1482/firefox-ubuntu-24.04.zip[22m
2025-04-15T08:40:57.6999067Z |                                                                                |   0% of 91 MiB
2025-04-15T08:40:57.7924098Z |■■■■■■■■                                                                        |  10% of 91 MiB
2025-04-15T08:40:57.8567542Z |■■■■■■■■■■■■■■■■                                                                |  20% of 91 MiB
2025-04-15T08:40:57.9299400Z |■■■■■■■■■■■■■■■■■■■■■■■■                                                        |  30% of 91 MiB
2025-04-15T08:40:57.9894924Z |■■■■■■■■■■■■■■■■■■■■■■■■■■■■■■■■                                                |  40% of 91 MiB
2025-04-15T08:40:58.0485429Z |■■■■■■■■■■■■■■■■■■■■■■■■■■■■■■■■■■■■■■■■                                        |  50% of 91 MiB
2025-04-15T08:40:58.0960663Z |■■■■■■■■■■■■■■■■■■■■■■■■■■■■■■■■■■■■■■■■■■■■■■■■                                |  60% of 91 MiB
2025-04-15T08:40:58.1399062Z |■■■■■■■■■■■■■■■■■■■■■■■■■■■■■■■■■■■■■■■■■■■■■■■■■■■■■■■■                        |  70% of 91 MiB
2025-04-15T08:40:58.1824776Z |■■■■■■■■■■■■■■■■■■■■■■■■■■■■■■■■■■■■■■■■■■■■■■■■■■■■■■■■■■■■■■■■                |  80% of 91 MiB
2025-04-15T08:40:58.2275083Z |■■■■■■■■■■■■■■■■■■■■■■■■■■■■■■■■■■■■■■■■■■■■■■■■■■■■■■■■■■■■■■■■■■■■■■■■        |  90% of 91 MiB
2025-04-15T08:40:58.2702417Z |■■■■■■■■■■■■■■■■■■■■■■■■■■■■■■■■■■■■■■■■■■■■■■■■■■■■■■■■■■■■■■■■■■■■■■■■■■■■■■■■| 100% of 91 MiB
2025-04-15T08:41:00.0546873Z Firefox 137.0 (playwright build v1482) downloaded to /home/runner/.cache/ms-playwright/firefox-1482
2025-04-15T08:41:00.0549124Z Downloading Webkit 18.4 (playwright build v2158)[2m from https://cdn.playwright.dev/dbazure/download/playwright/builds/webkit/2158/webkit-ubuntu-24.04.zip[22m
2025-04-15T08:41:00.2181913Z |                                                                                |   0% of 93.5 MiB
2025-04-15T08:41:00.3070526Z |■■■■■■■■                                                                        |  10% of 93.5 MiB
2025-04-15T08:41:00.3672510Z |■■■■■■■■■■■■■■■■                                                                |  20% of 93.5 MiB
2025-04-15T08:41:00.4292202Z |■■■■■■■■■■■■■■■■■■■■■■■■                                                        |  30% of 93.5 MiB
2025-04-15T08:41:00.4788559Z |■■■■■■■■■■■■■■■■■■■■■■■■■■■■■■■■                                                |  40% of 93.5 MiB
2025-04-15T08:41:00.5268440Z |■■■■■■■■■■■■■■■■■■■■■■■■■■■■■■■■■■■■■■■■                                        |  50% of 93.5 MiB
2025-04-15T08:41:00.5748170Z |■■■■■■■■■■■■■■■■■■■■■■■■■■■■■■■■■■■■■■■■■■■■■■■■                                |  60% of 93.5 MiB
2025-04-15T08:41:00.6175785Z |■■■■■■■■■■■■■■■■■■■■■■■■■■■■■■■■■■■■■■■■■■■■■■■■■■■■■■■■                        |  70% of 93.5 MiB
2025-04-15T08:41:00.6641425Z |■■■■■■■■■■■■■■■■■■■■■■■■■■■■■■■■■■■■■■■■■■■■■■■■■■■■■■■■■■■■■■■■                |  80% of 93.5 MiB
2025-04-15T08:41:00.7073282Z |■■■■■■■■■■■■■■■■■■■■■■■■■■■■■■■■■■■■■■■■■■■■■■■■■■■■■■■■■■■■■■■■■■■■■■■■        |  90% of 93.5 MiB
2025-04-15T08:41:00.7470485Z |■■■■■■■■■■■■■■■■■■■■■■■■■■■■■■■■■■■■■■■■■■■■■■■■■■■■■■■■■■■■■■■■■■■■■■■■■■■■■■■■| 100% of 93.5 MiB
2025-04-15T08:41:02.6187619Z Webkit 18.4 (playwright build v2158) downloaded to /home/runner/.cache/ms-playwright/webkit-2158
2025-04-15T08:41:02.6190501Z Downloading FFMPEG playwright build v1011[2m from https://cdn.playwright.dev/dbazure/download/playwright/builds/ffmpeg/1011/ffmpeg-linux.zip[22m
2025-04-15T08:41:02.7884475Z |                                                                                |   0% of 2.3 MiB
2025-04-15T08:41:02.8009586Z |■■■■■■■■                                                                        |  10% of 2.3 MiB
2025-04-15T08:41:02.8070444Z |■■■■■■■■■■■■■■■■                                                                |  20% of 2.3 MiB
2025-04-15T08:41:02.8107416Z |■■■■■■■■■■■■■■■■■■■■■■■■                                                        |  30% of 2.3 MiB
2025-04-15T08:41:02.8130404Z |■■■■■■■■■■■■■■■■■■■■■■■■■■■■■■■■                                                |  40% of 2.3 MiB
2025-04-15T08:41:02.8154610Z |■■■■■■■■■■■■■■■■■■■■■■■■■■■■■■■■■■■■■■■■                                        |  50% of 2.3 MiB
2025-04-15T08:41:02.8179790Z |■■■■■■■■■■■■■■■■■■■■■■■■■■■■■■■■■■■■■■■■■■■■■■■■                                |  60% of 2.3 MiB
2025-04-15T08:41:02.8199132Z |■■■■■■■■■■■■■■■■■■■■■■■■■■■■■■■■■■■■■■■■■■■■■■■■■■■■■■■■                        |  70% of 2.3 MiB
2025-04-15T08:41:02.8220717Z |■■■■■■■■■■■■■■■■■■■■■■■■■■■■■■■■■■■■■■■■■■■■■■■■■■■■■■■■■■■■■■■■                |  80% of 2.3 MiB
2025-04-15T08:41:02.8242333Z |■■■■■■■■■■■■■■■■■■■■■■■■■■■■■■■■■■■■■■■■■■■■■■■■■■■■■■■■■■■■■■■■■■■■■■■■        |  90% of 2.3 MiB
2025-04-15T08:41:02.8263953Z |■■■■■■■■■■■■■■■■■■■■■■■■■■■■■■■■■■■■■■■■■■■■■■■■■■■■■■■■■■■■■■■■■■■■■■■■■■■■■■■■| 100% of 2.3 MiB
2025-04-15T08:41:02.8902459Z FFMPEG playwright build v1011 downloaded to /home/runner/.cache/ms-playwright/ffmpeg-1011
2025-04-15T08:41:03.4074058Z ##[endgroup]
2025-04-15T08:41:03.4102436Z ##[group]Run if [[ "$(uname)" == "Linux" ]]; then
2025-04-15T08:41:03.4102775Z [36;1mif [[ "$(uname)" == "Linux" ]]; then[0m
2025-04-15T08:41:03.4103262Z [36;1m  xvfb-run --auto-servernum --server-args="-screen 0 1280x960x24" -- npm run ttest -- --shard 1/2[0m
2025-04-15T08:41:03.4103727Z [36;1melse[0m
2025-04-15T08:41:03.4103924Z [36;1m  npm run ttest -- --shard 1/2[0m
2025-04-15T08:41:03.4104165Z [36;1mfi[0m
2025-04-15T08:41:03.4150577Z shell: /usr/bin/bash --noprofile --norc -e -o pipefail {0}
2025-04-15T08:41:03.4150892Z env:
2025-04-15T08:41:03.4151059Z   FORCE_COLOR: 1
2025-04-15T08:41:03.4151259Z   ELECTRON_SKIP_BINARY_DOWNLOAD: 1
2025-04-15T08:41:03.4151502Z   DEBUG_GIT_COMMIT_INFO: 1
2025-04-15T08:41:03.4151736Z   PWTEST_CHANNEL: firefox-beta
2025-04-15T08:41:03.4151986Z   PWTEST_BOT_NAME: ubuntu-latest-node18-1
2025-04-15T08:41:03.4152241Z ##[endgroup]
2025-04-15T08:41:07.8200688Z 
2025-04-15T08:41:07.8201239Z > playwright-internal@1.52.0-next ttest
2025-04-15T08:41:07.8202191Z > node ./tests/playwright-test/stable-test-runner/node_modules/@playwright/test/cli test --config=tests/playwright-test/playwright.config.ts --shard 1/2
2025-04-15T08:41:07.8203028Z 
2025-04-15T08:41:32.4745103Z 
2025-04-15T08:41:32.4746433Z [2mRunning [22m1439[2m tests using [22m2[2m workers, shard 1 of 2[22m
2025-04-15T08:43:06.0774591Z [32m·[39m[32m·[39m[32m·[39m[32m·[39m[32m·[39m[32m·[39m[32m·[39m[32m·[39m[32m·[39m[32m·[39m[32m·[39m[32m·[39m[32m·[39m[32m·[39m[32m·[39m[32m·[39m[32m·[39m[32m·[39m[32m·[39m[32m·[39m[32m·[39m[32m·[39m[32m·[39m[32m·[39m[32m·[39m[32m·[39m[32m·[39m[32m·[39m[32m·[39m[32m·[39m[32m·[39m[32m·[39m[32m·[39m[32m·[39m[32m·[39m[32m·[39m[32m·[39m[32m·[39m[32m·[39m[32m·[39m[32m·[39m[32m·[39m[32m·[39m[32m·[39m[32m·[39m[32m·[39m[32m·[39m[32m·[39m[32m·[39m[32m·[39m[32m·[39m[32m·[39m[32m·[39m[32m·[39m[32m·[39m[32m·[39m[32m·[39m[32m·[39m[32m·[39m[32m·[39m[32m·[39m[32m·[39m[32m·[39m[32m·[39m[32m·[39m[32m·[39m[32m·[39m[32m·[39m[32m·[39m[32m·[39m[32m·[39m[32m·[39m[32m·[39m[32m·[39m[32m·[39m[32m·[39m[32m·[39m[32m·[39m[32m·[39m[32m·[39m
2025-04-15T08:44:24.7959551Z [32m·[39m[32m·[39m[32m·[39m[32m·[39m[32m·[39m[32m·[39m[32m·[39m[32m·[39m[32m·[39m[32m·[39m[32m·[39m[32m·[39m[32m·[39m[32m·[39m[32m·[39m[32m·[39m[32m·[39m[32m·[39m[32m·[39m[32m·[39m[32m·[39m[32m·[39m[32m·[39m[32m·[39m[32m·[39m[32m·[39m[32m·[39m[32m·[39m[32m·[39m[32m·[39m[32m·[39m[32m·[39m[32m·[39m[32m·[39m[32m·[39m[32m·[39m[32m·[39m[32m·[39m[32m·[39m[32m·[39m[32m·[39m[32m·[39m[32m·[39m[32m·[39m[32m·[39m[32m·[39m[32m·[39m[32m·[39m[32m·[39m[32m·[39m[32m·[39m[32m·[39m[32m·[39m[32m·[39m[32m·[39m[32m·[39m[32m·[39m[32m·[39m[32m·[39m[32m·[39m[32m·[39m[32m·[39m[32m·[39m[32m·[39m[32m·[39m[32m·[39m[32m·[39m[32m·[39m[32m·[39m[32m·[39m[32m·[39m[32m·[39m[32m·[39m[32m·[39m[32m·[39m[32m·[39m[32m·[39m[32m·[39m[32m·[39m[32m·[39m
2025-04-15T08:45:45.0594114Z [32m·[39m[32m·[39m[32m·[39m[32m·[39m[32m·[39m[32m·[39m[32m·[39m[32m·[39m[32m·[39m[32m·[39m[32m·[39m[32m·[39m[32m·[39m[32m·[39m[32m·[39m[32m·[39m[32m·[39m[32m·[39m[32m·[39m[32m·[39m[32m·[39m[32m·[39m[32m·[39m[32m·[39m[32m·[39m[32m·[39m[32m·[39m[32m·[39m[32m·[39m[32m·[39m[32m·[39m[32m·[39m[32m·[39m[32m·[39m[32m·[39m[32m·[39m[32m·[39m[32m·[39m[32m·[39m[32m·[39m[32m·[39m[32m·[39m[32m·[39m[32m·[39m[32m·[39m[32m·[39m[32m·[39m[32m·[39m[32m·[39m[32m·[39m[32m·[39m[32m·[39m[32m·[39m[32m·[39m[32m·[39m[32m·[39m[32m·[39m[32m·[39m[32m·[39m[32m·[39m[32m·[39m[32m·[39m[32m·[39m[32m·[39m[32m·[39m[32m·[39m[32m·[39m[32m·[39m[32m·[39m[32m·[39m[32m·[39m[32m·[39m[32m·[39m[32m·[39m[32m·[39m[32m·[39m[32m·[39m[32m·[39m[32m·[39m[32m·[39m
2025-04-15T08:47:12.5054147Z [32m·[39m[32m·[39m[32m·[39m[32m·[39m[32m·[39m[32m·[39m[32m·[39m[32m·[39m[32m·[39m[32m·[39m[32m·[39m[32m·[39m[32m·[39m[32m·[39m[32m·[39m[32m·[39m[32m·[39m[32m·[39m[32m·[39m[32m·[39m[32m·[39m[32m·[39m[32m·[39m[32m·[39m[32m·[39m[32m·[39m[32m·[39m[32m·[39m[32m·[39m[32m·[39m[32m·[39m[32m·[39m[32m·[39m[32m·[39m[32m·[39m[32m·[39m[32m·[39m[32m·[39m[32m·[39m[32m·[39m[32m·[39m[32m·[39m[32m·[39m[32m·[39m[32m·[39m[32m·[39m[32m·[39m[32m·[39m[32m·[39m[32m·[39m[32m·[39m[32m·[39m[32m·[39m[32m·[39m[32m·[39m[32m·[39m[32m·[39m[32m·[39m[32m·[39m[32m·[39m[32m·[39m[32m·[39m[32m·[39m[32m·[39m[32m·[39m[32m·[39m[32m·[39m[32m·[39m[32m·[39m[32m·[39m[32m·[39m[32m·[39m[32m·[39m[32m·[39m[32m·[39m[32m·[39m[32m·[39m[32m·[39m[32m·[39m[32m·[39m
2025-04-15T08:48:32.7905136Z [32m·[39m[32m·[39m[32m·[39m[32m·[39m[32m·[39m[32m·[39m[32m·[39m[32m·[39m[32m·[39m[32m·[39m[32m·[39m[32m·[39m[32m·[39m[32m·[39m[32m·[39m[32m·[39m[32m·[39m[32m·[39m[32m·[39m[32m·[39m[32m·[39m[32m·[39m[32m·[39m[32m·[39m[32m·[39m[32m·[39m[32m·[39m[32m·[39m[32m·[39m[32m·[39m[32m·[39m[32m·[39m[32m·[39m[32m·[39m[32m·[39m[32m·[39m[32m·[39m[32m·[39m[32m·[39m[32m·[39m[32m·[39m[32m·[39m[32m·[39m[32m·[39m[32m·[39m[32m·[39m[32m·[39m[32m·[39m[32m·[39m[32m·[39m[32m·[39m[32m·[39m[32m·[39m[32m·[39m[32m·[39m[32m·[39m[32m·[39m[32m·[39m[32m·[39m[32m·[39m[32m·[39m[32m·[39m[32m·[39m[32m·[39m[32m·[39m[32m·[39m[32m·[39m[32m·[39m[32m·[39m[32m·[39m[32m·[39m[32m·[39m[32m·[39m[32m·[39m[32m·[39m[32m·[39m[32m·[39m[32m·[39m[32m·[39m[32m·[39m
2025-04-15T08:49:57.0936543Z [32m·[39m[32m·[39m[32m·[39m[32m·[39m[32m·[39m[32m·[39m[32m·[39m[32m·[39m[32m·[39m[32m·[39m[32m·[39m[32m·[39m[32m·[39m[32m·[39m[32m·[39m[32m·[39m[32m·[39m[32m·[39m[32m·[39m[32m·[39m[32m·[39m[32m·[39m[32m·[39m[32m·[39m[32m·[39m[32m·[39m[32m·[39m[32m·[39m[32m·[39m[32m·[39m[32m·[39m[32m·[39m[32m·[39m[32m·[39m[32m·[39m[32m·[39m[32m·[39m[32m·[39m[32m·[39m[32m·[39m[32m·[39m[32m·[39m[32m·[39m[32m·[39m[32m·[39m[32m·[39m[32m·[39m[32m·[39m[32m·[39m[32m·[39m[32m·[39m[32m·[39m[32m·[39m[32m·[39m[32m·[39m[32m·[39m[32m·[39m[32m·[39m[32m·[39m[32m·[39m[32m·[39m[32m·[39m[32m·[39m[32m·[39m[32m·[39m[32m·[39m[32m·[39m[32m·[39m[32m·[39m[32m·[39m[32m·[39m[32m·[39m[32m·[39m[32m·[39m[32m·[39m[32m·[39m[32m·[39m[32m·[39m[32m·[39m[32m·[39m
2025-04-15T08:52:21.0840820Z [32m·[39m[32m·[39m[32m·[39m[32m·[39m[32m·[39m[32m·[39m[32m·[39m[32m·[39m[32m·[39m[32m·[39m[32m·[39m[32m·[39m[32m·[39m[32m·[39m[32m·[39m[32m·[39m[32m·[39m[32m·[39m[32m·[39m[32m·[39m[32m·[39m[32m·[39m[32m·[39m[32m·[39m[32m·[39m[32m·[39m[32m·[39m[32m·[39m[32m·[39m[32m·[39m[32m·[39m[32m·[39m[32m·[39m[32m·[39m[32m·[39m[32m·[39m[32m·[39m[32m·[39m[32m·[39m[32m·[39m[32m·[39m[32m·[39m[32m·[39m[32m·[39m[32m·[39m[32m·[39m[32m·[39m[32m·[39m[32m·[39m[32m·[39m[32m·[39m[32m·[39m[32m·[39m[32m·[39m[32m·[39m[32m·[39m[32m·[39m[32m·[39m[32m·[39m[32m·[39m[32m·[39m[32m·[39m[32m·[39m[32m·[39m[32m·[39m[32m·[39m[32m·[39m[32m·[39m[32m·[39m[32m·[39m[32m·[39m[32m·[39m[32m·[39m[32m·[39m[32m·[39m[32m·[39m[32m·[39m[32m·[39m[32m·[39m[32m·[39m
2025-04-15T08:54:14.0203548Z [32m·[39m[32m·[39m[32m·[39m[32m·[39m[32m·[39m[32m·[39m[32m·[39m[32m·[39m[32m·[39m[32m·[39m[32m·[39m[32m·[39m[32m·[39m[32m·[39m[32m·[39m[32m·[39m[32m·[39m[32m·[39m[32m·[39m[32m·[39m[32m·[39m[32m·[39m[32m·[39m[32m·[39m[32m·[39m[32m·[39m[32m·[39m[32m·[39m[32m·[39m[32m·[39m[32m·[39m[32m·[39m[32m·[39m[32m·[39m[32m·[39m[32m·[39m[32m·[39m[32m·[39m[32m·[39m[32m·[39m[32m·[39m[32m·[39m[32m·[39m[32m·[39m[32m·[39m[32m·[39m[32m·[39m[32m·[39m[32m·[39m[32m·[39m[32m·[39m[32m·[39m[32m·[39m[32m·[39m[32m·[39m[32m·[39m[32m·[39m[32m·[39m[32m·[39m[32m·[39m[32m·[39m[32m·[39m[32m·[39m[32m·[39m[32m·[39m[32m·[39m[32m·[39m[32m·[39m[32m·[39m[32m·[39m[32m·[39m[32m·[39m[32m·[39m[32m·[39m[32m·[39m[32m·[39m====== node /home/runner/work/playwright/playwright/packages/playwright-test/cli.js test --workers=2 --workers=1
2025-04-15T08:54:14.0207420Z 
2025-04-15T08:54:14.0207975Z [2mRunning [22m2[2m tests using [22m1[2m worker[22m
2025-04-15T08:54:14.0208391Z 
2025-04-15T08:54:14.0208955Z   [32m✓[39m  [2m1 [22m[chromium] › a.test.ts:3:11 › pass[2m (3.1s)[22m
2025-04-15T08:54:14.0209955Z   [31m✘[39m  [2m2 [22m[31m[chromium] › a.test.ts:8:11 › fail[39m[2m (3.1s)[22m
2025-04-15T08:54:14.0211100Z   [31m✘[39m  [2m3 [22m[31m[chromium] › a.test.ts:8:11 › fail[39m[33m (retry #1)[39m[2m (3.4s)[22m
2025-04-15T08:54:14.0211682Z 
2025-04-15T08:54:14.0211693Z 
2025-04-15T08:54:14.0212593Z [31m  1) [chromium] › a.test.ts:8:11 › fail [2m────────────────────────────────────────────────────────────[22m[39m
2025-04-15T08:54:14.0213771Z 
2025-04-15T08:54:14.0214931Z     Error: [2mexpect([22m[31mreceived[39m[2m).[22mtoBe[2m([22m[32mexpected[39m[2m) // Object.is equality[22m
2025-04-15T08:54:14.0215813Z 
2025-04-15T08:54:14.0216080Z     Expected: [32m1[39m
2025-04-15T08:54:14.0216565Z     Received: [31m2[39m
2025-04-15T08:54:14.0216825Z 
2025-04-15T08:54:14.0217522Z     [0m [90m  9 |[39m         [36mawait[39m page[33m.[39msetContent([32m'<div>FAIL</div>'[39m)[33m;[39m
2025-04-15T08:54:14.0218727Z      [90m 10 |[39m         [36mawait[39m page[33m.[39mwaitForTimeout([35m3000[39m)[33m;[39m
2025-04-15T08:54:14.0220120Z     [31m[1m>[22m[39m[90m 11 |[39m         test[33m.[39mexpect([35m1[39m [33m+[39m [35m1[39m)[33m.[39mtoBe([35m1[39m)[33m;[39m
2025-04-15T08:54:14.0221184Z      [90m    |[39m                            [31m[1m^[22m[39m
2025-04-15T08:54:14.0221847Z      [90m 12 |[39m       })[33m;[39m
2025-04-15T08:54:14.0222385Z      [90m 13 |[39m     [0m
2025-04-15T08:54:14.0224043Z     [2m    at /home/runner/work/playwright/playwright/test-results/playwright-should-work-with-video-on-first-retry-playwright-test/a.test.ts:11:28[22m
2025-04-15T08:54:14.0225172Z 
2025-04-15T08:54:14.0226025Z [2m    Error Context: test-results/a-fail-chromium/error-context.md[22m
2025-04-15T08:54:14.0226552Z 
2025-04-15T08:54:14.0227444Z [90m    Retry #1 [2m───────────────────────────────────────────────────────────────────────────────────────[22m[39m
2025-04-15T08:54:14.0227969Z 
2025-04-15T08:54:14.0228822Z     Error: [2mexpect([22m[31mreceived[39m[2m).[22mtoBe[2m([22m[32mexpected[39m[2m) // Object.is equality[22m
2025-04-15T08:54:14.0229524Z 
2025-04-15T08:54:14.0229811Z     Expected: [32m1[39m
2025-04-15T08:54:14.0230290Z     Received: [31m2[39m
2025-04-15T08:54:14.0230543Z 
2025-04-15T08:54:14.0231243Z     [0m [90m  9 |[39m         [36mawait[39m page[33m.[39msetContent([32m'<div>FAIL</div>'[39m)[33m;[39m
2025-04-15T08:54:14.0232449Z      [90m 10 |[39m         [36mawait[39m page[33m.[39mwaitForTimeout([35m3000[39m)[33m;[39m
2025-04-15T08:54:14.0233777Z     [31m[1m>[22m[39m[90m 11 |[39m         test[33m.[39mexpect([35m1[39m [33m+[39m [35m1[39m)[33m.[39mtoBe([35m1[39m)[33m;[39m
2025-04-15T08:54:14.0234799Z      [90m    |[39m                            [31m[1m^[22m[39m
2025-04-15T08:54:14.0235424Z      [90m 12 |[39m       })[33m;[39m
2025-04-15T08:54:14.0236288Z      [90m 13 |[39m     [0m
2025-04-15T08:54:14.0237854Z     [2m    at /home/runner/work/playwright/playwright/test-results/playwright-should-work-with-video-on-first-retry-playwright-test/a.test.ts:11:28[22m
2025-04-15T08:54:14.0238983Z 
2025-04-15T08:54:14.0239935Z [36m    attachment #1: video (video/webm) [2m──────────────────────────────────────────────────────────────[22m[39m
2025-04-15T08:54:14.0241058Z [36m    test-results/a-fail-chromium-retry1/video.webm[39m
2025-04-15T08:54:14.0242325Z [36m    [2m────────────────────────────────────────────────────────────────────────────────────────────────[22m[39m
2025-04-15T08:54:14.0243256Z 
2025-04-15T08:54:14.0243978Z [2m    Error Context: test-results/a-fail-chromium-retry1/error-context.md[22m
2025-04-15T08:54:14.0244542Z 
2025-04-15T08:54:14.0244783Z [31m  1 failed[39m
2025-04-15T08:54:14.0246127Z [31m    [chromium] › a.test.ts:8:11 › fail [2m─────────────────────────────────────────────────────────────[22m[39m
2025-04-15T08:54:14.0247087Z [32m  1 passed[39m[2m (11.5s)[22m
2025-04-15T08:54:14.0247419Z 
2025-04-15T08:54:14.0247669Z =========================================
2025-04-15T08:54:20.1627147Z [31mF[39m[32m·[39m[32m·[39m[32m·[39m
2025-04-15T08:56:09.6369403Z [32m·[39m[32m·[39m[32m·[39m[32m·[39m[32m·[39m[32m·[39m[32m·[39m[32m·[39m[32m·[39m[32m·[39m[32m·[39m[32m·[39m[32m·[39m[32m·[39m[32m·[39m[32m·[39m[32m·[39m[32m·[39m[32m·[39m[32m·[39m[32m·[39m[32m·[39m[32m·[39m[32m·[39m[32m·[39m[32m·[39m[32m·[39m[32m·[39m[32m·[39m[32m·[39m[32m·[39m[32m·[39m[32m·[39m[32m·[39m[32m·[39m[32m·[39m[32m·[39m[32m·[39m[32m·[39m[32m·[39m[32m·[39m[32m·[39m[32m·[39m[32m·[39m[32m·[39m[32m·[39m[32m·[39m[32m·[39m[32m·[39m[32m·[39m[32m·[39m[32m·[39m[32m·[39m[32m·[39m[32m·[39m[32m·[39m[32m·[39m[32m·[39m[32m·[39m[32m·[39m[32m·[39m[32m·[39m[32m·[39m[32m·[39m[32m·[39m[32m·[39m[32m·[39m[32m·[39m[32m·[39m[32m·[39m[32m·[39m[32m·[39m[32m·[39m[32m·[39m[32m·[39m[32m·[39m[32m·[39m[32m·[39m[32m·[39m[32m·[39m
2025-04-15T08:57:42.7062203Z [32m·[39m[32m·[39m[32m·[39m[32m·[39m[32m·[39m[32m·[39m[32m·[39m[32m·[39m[32m·[39m[32m·[39m[32m·[39m[32m·[39m[32m·[39m[32m·[39m[32m·[39m[32m·[39m[32m·[39m[32m·[39m[32m·[39m[32m·[39m[32m·[39m[32m·[39m[32m·[39m[32m·[39m[32m·[39m[32m·[39m[32m·[39m[32m·[39m[32m·[39m[32m·[39m[32m·[39m[32m·[39m[32m·[39m[32m·[39m[32m·[39m[32m·[39m[32m·[39m[32m·[39m[32m·[39m[32m·[39m[32m·[39m[32m·[39m[32m·[39m[32m·[39m[32m·[39m[32m·[39m[32m·[39m[32m·[39m[32m·[39m[32m·[39m[32m·[39m[32m·[39m[32m·[39m[32m·[39m[32m·[39m[32m·[39m[32m·[39m[32m·[39m[32m·[39m[32m·[39m[32m·[39m[32m·[39m[32m·[39m[32m·[39m[32m·[39m[32m·[39m[32m·[39m[32m·[39m[32m·[39m[32m·[39m[32m·[39m[32m·[39m[32m·[39m[32m·[39m[32m·[39m[32m·[39m[32m·[39m[32m·[39m[32m·[39m[32m·[39m
2025-04-15T08:59:16.1504047Z [32m·[39m[32m·[39m[32m·[39m[32m·[39m[32m·[39m[32m·[39m[32m·[39m[32m·[39m[32m·[39m[32m·[39m[32m·[39m[32m·[39m[32m·[39m[32m·[39m[32m·[39m[32m·[39m[32m·[39m[32m·[39m[32m·[39m[32m·[39m[32m·[39m[32m·[39m[32m·[39m[32m·[39m[32m·[39m[32m·[39m[33m°[39m[33m°[39m[32m·[39m[32m·[39m[32m·[39m[32m·[39m[32m·[39m[32m·[39m[32m·[39m[33m°[39m[32m·[39m[32m·[39m[32m·[39m[32m·[39m[32m·[39m[32m·[39m[32m·[39m[32m·[39m[32m·[39m[32m·[39m[32m·[39m[32m·[39m[32m·[39m[32m·[39m[32m·[39m[32m·[39m[32m·[39m[32m·[39m[32m·[39m[32m·[39m[32m·[39m[32m·[39m[32m·[39m[32m·[39m[32m·[39m[32m·[39m[32m·[39m[32m·[39m[32m·[39m[32m·[39m[32m·[39m[32m·[39m[32m·[39m[32m·[39m[32m·[39m[32m·[39m[32m·[39m[32m·[39m[32m·[39m[32m·[39m[32m·[39m[32m·[39m[32m·[39m[32m·[39m
2025-04-15T09:01:13.2168748Z [32m·[39m[32m·[39m[32m·[39m[32m·[39m[32m·[39m[32m·[39m[32m·[39m[32m·[39m[32m·[39m[32m·[39m[32m·[39m[32m·[39m[32m·[39m[32m·[39m[32m·[39m[32m·[39m[33m°[39m[32m·[39m[32m·[39m[32m·[39m[32m·[39m[32m·[39m[32m·[39m[32m·[39m[32m·[39m[32m·[39m[32m·[39m[32m·[39m[32m·[39m[32m·[39m[32m·[39m[32m·[39m[32m·[39m[32m·[39m[32m·[39m[32m·[39m[32m·[39m[32m·[39m[32m·[39m[32m·[39m[32m·[39m[32m·[39m[32m·[39m[32m·[39m[32m·[39m[32m·[39m[32m·[39m[32m·[39m[32m·[39m[32m·[39m[32m·[39m[32m·[39m[32m·[39m[32m·[39m[32m·[39m[32m·[39m[32m·[39m[32m·[39m[32m·[39m[32m·[39m[32m·[39m[32m·[39m[32m·[39m[32m·[39m[32m·[39m[32m·[39m[32m·[39m[32m·[39m[32m·[39m[32m·[39m[32m·[39m[32m·[39m[32m·[39m[32m·[39m[32m·[39m[32m·[39m[32m·[39m[32m·[39m[32m·[39m[32m·[39m
2025-04-15T09:02:39.3213722Z [32m·[39m[32m·[39m[32m·[39m[32m·[39m[32m·[39m[32m·[39m[32m·[39m[32m·[39m[32m·[39m[32m·[39m[32m·[39m[32m·[39m[32m·[39m[32m·[39m[33m°[39m[32m·[39m[32m·[39m[32m·[39m[32m·[39m[32m·[39m[32m·[39m[32m·[39m[32m·[39m[32m·[39m[32m·[39m[32m·[39m[32m·[39m[32m·[39m[32m·[39m[32m·[39m[32m·[39m[32m·[39m[32m·[39m[32m·[39m[32m·[39m[32m·[39m[32m·[39m[32m·[39m[32m·[39m[32m·[39m[32m·[39m[32m·[39m[32m·[39m[32m·[39m[32m·[39m[32m·[39m[32m·[39m[32m·[39m[32m·[39m[32m·[39m[32m·[39m[32m·[39m[32m·[39m[32m·[39m[32m·[39m[32m·[39m[32m·[39m[32m·[39m[32m·[39m[32m·[39m[32m·[39m[32m·[39m[32m·[39m[32m·[39m[32m·[39m[32m·[39m[32m·[39m[32m·[39m[32m·[39m[32m·[39m[32m·[39m[32m·[39m[32m·[39m[32m·[39m[32m·[39m[32m·[39m[32m·[39m[32m·[39m[32m·[39m[32m·[39m
2025-04-15T09:04:09.0937475Z [32m·[39m[32m·[39m[32m·[39m[32m·[39m[32m·[39m[32m·[39m[32m·[39m[32m·[39m[32m·[39m[32m·[39m[32m·[39m[32m·[39m[32m·[39m[32m·[39m[32m·[39m[32m·[39m[32m·[39m[32m·[39m[32m·[39m[32m·[39m[32m·[39m[32m·[39m[32m·[39m[32m·[39m[32m·[39m[32m·[39m[32m·[39m[32m·[39m[32m·[39m[32m·[39m[32m·[39m[32m·[39m[32m·[39m[32m·[39m[32m·[39m[32m·[39m[32m·[39m[32m·[39m[32m·[39m[32m·[39m[32m·[39m[32m·[39m[32m·[39m[32m·[39m[32m·[39m[32m·[39m[32m·[39m[32m·[39m[32m·[39m[32m·[39m[32m·[39m[32m·[39m[32m·[39m[32m·[39m[32m·[39m[32m·[39m[32m·[39m[32m·[39m[32m·[39m[32m·[39m[32m·[39m[32m·[39m[32m·[39m[32m·[39m[32m·[39m[32m·[39m[32m·[39m[32m·[39m[32m·[39m[32m·[39m[32m·[39m[32m·[39m[32m·[39m[32m·[39m[32m·[39m[32m·[39m[32m·[39m[32m·[39m[32m·[39m[32m·[39m
2025-04-15T09:06:08.3365861Z [32m·[39m[32m·[39m[32m·[39m[32m·[39m[32m·[39m[32m·[39m[32m·[39m[32m·[39m[32m·[39m[32m·[39m[32m·[39m[32m·[39m[32m·[39m[32m·[39m[32m·[39m[32m·[39m[32m·[39m[32m·[39m[32m·[39m[32m·[39m[32m·[39m[32m·[39m[32m·[39m[32m·[39m[32m·[39m[32m·[39m[32m·[39m[32m·[39m[32m·[39m[32m·[39m[32m·[39m[32m·[39m[32m·[39m[32m·[39m[32m·[39m[32m·[39m[32m·[39m[32m·[39m[32m·[39m[32m·[39m[32m·[39m[32m·[39m[32m·[39m[32m·[39m[32m·[39m[32m·[39m[32m·[39m[32m·[39m[32m·[39m[32m·[39m[32m·[39m[32m·[39m[32m·[39m[32m·[39m[32m·[39m[32m·[39m[32m·[39m[32m·[39m[32m·[39m[32m·[39m[32m·[39m[32m·[39m[32m·[39m[32m·[39m[32m·[39m[32m·[39m[32m·[39m[32m·[39m[32m·[39m[32m·[39m[32m·[39m[32m·[39m[32m·[39m[32m·[39m[32m·[39m[32m·[39m[32m·[39m[32m·[39m[32m·[39m[32m·[39m
2025-04-15T09:09:44.4287073Z [32m·[39m[32m·[39m[32m·[39m[32m·[39m[32m·[39m[32m·[39m[32m·[39m[32m·[39m[32m·[39m[32m·[39m[32m·[39m[32m·[39m[32m·[39m[32m·[39m[32m·[39m[32m·[39m[32m·[39m[32m·[39m[32m·[39m[32m·[39m[32m·[39m[33m°[39m[33m°[39m[32m·[39m[32m·[39m[32m·[39m[32m·[39m[32m·[39m[32m·[39m[32m·[39m[32m·[39m[32m·[39m[32m·[39m[32m·[39m[32m·[39m[32m·[39m[32m·[39m[32m·[39m[32m·[39m[32m·[39m[32m·[39m[32m·[39m[32m·[39m[32m·[39m[32m·[39m[32m·[39m[32m·[39m[32m·[39m[32m·[39m[32m·[39m[32m·[39m[32m·[39m[32m·[39m[32m·[39m[32m·[39m[32m·[39m[32m·[39m[32m·[39m[32m·[39m[32m·[39m[32m·[39m[32m·[39m[32m·[39m[32m·[39m[32m·[39m[32m·[39m[32m·[39m[32m·[39m[32m·[39m[32m·[39m[32m·[39m[32m·[39m[32m·[39m[32m·[39m[32m·[39m[32m·[39m[32m·[39m[32m·[39m[32m·[39m[32m·[39m
2025-04-15T09:14:06.9829862Z [32m·[39m[32m·[39m[32m·[39m[32m·[39m[32m·[39m[32m·[39m[32m·[39m[32m·[39m[32m·[39m[32m·[39m[32m·[39m[32m·[39m[32m·[39m[32m·[39m[32m·[39m[32m·[39m[32m·[39m[32m·[39m[32m·[39m[32m·[39m[32m·[39m[32m·[39m[32m·[39m[32m·[39m[32m·[39m[32m·[39m[32m·[39m[32m·[39m[32m·[39m[32m·[39m[32m·[39m[32m·[39m[32m·[39m[32m·[39m[32m·[39m[32m·[39m[32m·[39m[32m·[39m[32m·[39m[32m·[39m[32m·[39m[32m·[39m[32m·[39m[32m·[39m[32m·[39m[32m·[39m[32m·[39m[32m·[39m[32m·[39m[32m·[39m[32m·[39m[32m·[39m[32m·[39m[32m·[39m[32m·[39m[32m·[39m[32m·[39m[32m·[39m[32m·[39m[32m·[39m[32m·[39m[32m·[39m[32m·[39m[32m·[39m[32m·[39m[32m·[39m[32m·[39m[32m·[39m[32m·[39m[32m·[39m[32m·[39m[32m·[39m[32m·[39m[32m·[39m[32m·[39m[32m·[39m[32m·[39m[32m·[39m[32m·[39m[32m·[39m
2025-04-15T09:16:31.7200946Z [32m·[39m[32m·[39m[32m·[39m[32m·[39m[32m·[39m[32m·[39m[32m·[39m[32m·[39m[32m·[39m[32m·[39m[32m·[39m[32m·[39m[32m·[39m[32m·[39m[32m·[39m[32m·[39m[32m·[39m[32m·[39m[32m·[39m[32m·[39m[32m·[39m[32m·[39m[32m·[39m[32m·[39m[32m·[39m[32m·[39m[32m·[39m[32m·[39m[32m·[39m[32m·[39m[32m·[39m[32m·[39m[32m·[39m[32m·[39m[32m·[39m[32m·[39m[32m·[39m[32m·[39m[32m·[39m[32m·[39m[32m·[39m[32m·[39m[32m·[39m[32m·[39m[32m·[39m[32m·[39m[32m·[39m[32m·[39m[32m·[39m[32m·[39m[32m·[39m[32m·[39m[32m·[39m[32m·[39m[32m·[39m[32m·[39m[32m·[39m[32m·[39m[32m·[39m[32m·[39m[32m·[39m[32m·[39m[32m·[39m[32m·[39m[32m·[39m[32m·[39m[32m·[39m[32m·[39m[32m·[39m[32m·[39m[32m·[39m[32m·[39m[32m·[39m[32m·[39m[32m·[39m[32m·[39m[32m·[39m[32m·[39m[32m·[39m
2025-04-15T09:16:31.7217809Z 
2025-04-15T09:16:31.7227200Z [31m  1) [playwright-test] › tests/playwright-test/playwright.spec.ts:485:5 › should work with video: on-first-retry [39m
2025-04-15T09:16:31.7228016Z 
2025-04-15T09:16:31.7228860Z     Error: [2mexpect([22m[31mreceived[39m[2m).[22mtoEqual[2m([22m[32mexpected[39m[2m) // deep equality[22m
2025-04-15T09:16:31.7229555Z 
2025-04-15T09:16:31.7229831Z     [32m- Expected  - 1[39m
2025-04-15T09:16:31.7230429Z     [31m+ Received  + 1[39m
2025-04-15T09:16:31.7230759Z 
2025-04-15T09:16:31.7231002Z     [2m  Array [[22m
2025-04-15T09:16:31.7231503Z     [32m-   "prompt.md",[39m
2025-04-15T09:16:31.7232088Z     [31m+   "error-context.md",[39m
2025-04-15T09:16:31.7232626Z     [2m  ][22m
2025-04-15T09:16:31.7232849Z 
2025-04-15T09:16:31.7233063Z     [0m [90m 511 |[39m
2025-04-15T09:16:31.7234448Z      [90m 512 |[39m   [36mconst[39m dirFail [33m=[39m test[33m.[39minfo()[33m.[39moutputPath([32m'test-results'[39m[33m,[39m [32m'a-fail-chromium'[39m)[33m;[39m
2025-04-15T09:16:31.7236536Z     [31m[1m>[22m[39m[90m 513 |[39m   expect(fs[33m.[39mreaddirSync(dirFail))[33m.[39mtoEqual([[32m'prompt.md'[39m])[33m;[39m
2025-04-15T09:16:31.7237724Z      [90m     |[39m                                   [31m[1m^[22m[39m
2025-04-15T09:16:31.7238351Z      [90m 514 |[39m
2025-04-15T09:16:31.7239812Z      [90m 515 |[39m   [36mconst[39m dirRetry [33m=[39m test[33m.[39minfo()[33m.[39moutputPath([32m'test-results'[39m[33m,[39m [32m'a-fail-chromium-retry1'[39m)[33m;[39m
2025-04-15T09:16:31.7242864Z      [90m 516 |[39m   [36mconst[39m videoFailRetry [33m=[39m fs[33m.[39mreaddirSync(dirRetry)[33m.[39mfind(file [33m=>[39m file[33m.[39mendsWith([32m'webm'[39m))[33m;[39m[0m
2025-04-15T09:16:31.7244753Z     [2m    at /home/runner/work/playwright/playwright/tests/playwright-test/playwright.spec.ts:513:35[22m
2025-04-15T09:16:31.7245714Z 
2025-04-15T09:16:31.7245988Z [31m  1 failed[39m
2025-04-15T09:16:31.7247290Z [31m    [playwright-test] › tests/playwright-test/playwright.spec.ts:485:5 › should work with video: on-first-retry [39m
2025-04-15T09:16:31.7248324Z [33m  7 skipped[39m
2025-04-15T09:16:31.7248887Z [32m  1431 passed[39m[2m (35.4m)[22m
2025-04-15T09:16:33.5249301Z ##[error]Process completed with exit code 1.
2025-04-15T09:16:33.5285976Z ##[group]Run echo "::group::./utils/upload_flakiness_dashboard.sh"
2025-04-15T09:16:33.5286456Z [36;1mecho "::group::./utils/upload_flakiness_dashboard.sh"[0m
2025-04-15T09:16:33.5286892Z [36;1m./utils/upload_flakiness_dashboard.sh ./test-results/report.json[0m
2025-04-15T09:16:33.5287259Z [36;1mecho "::endgroup::"[0m
2025-04-15T09:16:33.5334479Z shell: /usr/bin/bash --noprofile --norc -e -o pipefail {0}
2025-04-15T09:16:33.5334814Z env:
2025-04-15T09:16:33.5334986Z   FORCE_COLOR: 1
2025-04-15T09:16:33.5335188Z   ELECTRON_SKIP_BINARY_DOWNLOAD: 1
2025-04-15T09:16:33.5335433Z   DEBUG_GIT_COMMIT_INFO: 1
2025-04-15T09:16:33.5335989Z   PWTEST_CHANNEL: firefox-beta
2025-04-15T09:16:33.5336220Z ##[endgroup]
2025-04-15T09:16:33.5401806Z ##[group]./utils/upload_flakiness_dashboard.sh
2025-04-15T09:16:33.5424785Z NOTE: skipping dashboard uploading from Playwright branches
2025-04-15T09:16:33.5427245Z ##[endgroup]
2025-04-15T09:16:33.5472244Z Prepare all required actions
2025-04-15T09:16:33.5472676Z Getting action download info
2025-04-15T09:16:33.7648822Z ##[group]Download immutable action package 'actions/upload-artifact@v4'
2025-04-15T09:16:33.7649370Z Version: 4.6.2
2025-04-15T09:16:33.7649826Z Digest: sha256:290722aa3281d5caf23d0acdc3dbeb3424786a1a01a9cc97e72f147225e37c38
2025-04-15T09:16:33.7650428Z Source commit SHA: ea165f8d65b6e75b540449e92b4886f43607fa02
2025-04-15T09:16:33.7650832Z ##[endgroup]
2025-04-15T09:16:33.8980260Z ##[group]Run ./.github/actions/upload-blob-report
2025-04-15T09:16:33.8980743Z with:
2025-04-15T09:16:33.8981031Z   report_dir: blob-report
2025-04-15T09:16:33.8981411Z   job_name: ubuntu-latest-node18-1
2025-04-15T09:16:33.8981644Z env:
2025-04-15T09:16:33.8981803Z   FORCE_COLOR: 1
2025-04-15T09:16:33.8981996Z   ELECTRON_SKIP_BINARY_DOWNLOAD: 1
2025-04-15T09:16:33.8982229Z   DEBUG_GIT_COMMIT_INFO: 1
2025-04-15T09:16:33.8982447Z   PWTEST_CHANNEL: firefox-beta
2025-04-15T09:16:33.8982659Z ##[endgroup]
2025-04-15T09:16:33.9001929Z ##[group]Run find "blob-report" -name "*.zip" -exec unzip -t {} \;
2025-04-15T09:16:33.9002360Z [36;1mfind "blob-report" -name "*.zip" -exec unzip -t {} \;[0m
2025-04-15T09:16:33.9050583Z shell: /usr/bin/bash --noprofile --norc -e -o pipefail {0}
2025-04-15T09:16:33.9051123Z env:
2025-04-15T09:16:33.9051386Z   FORCE_COLOR: 1
2025-04-15T09:16:33.9051715Z   ELECTRON_SKIP_BINARY_DOWNLOAD: 1
2025-04-15T09:16:33.9052115Z   DEBUG_GIT_COMMIT_INFO: 1
2025-04-15T09:16:33.9052485Z   PWTEST_CHANNEL: firefox-beta
2025-04-15T09:16:33.9052852Z ##[endgroup]
2025-04-15T09:16:33.9175017Z Archive:  blob-report/ubuntu-latest-node18-1.zip
2025-04-15T09:16:33.9654091Z     testing: report.jsonl             OK
2025-04-15T09:16:33.9655327Z No errors detected in compressed data of blob-report/ubuntu-latest-node18-1.zip.
2025-04-15T09:16:33.9708451Z ##[group]Run actions/upload-artifact@v4
2025-04-15T09:16:33.9708704Z with:
2025-04-15T09:16:33.9708904Z   name: blob-report-ubuntu-latest-node18-1
2025-04-15T09:16:33.9709169Z   path: blob-report/**
2025-04-15T09:16:33.9709372Z   retention-days: 7
2025-04-15T09:16:33.9709567Z   if-no-files-found: warn
2025-04-15T09:16:33.9709968Z   compression-level: 6
2025-04-15T09:16:33.9710165Z   overwrite: false
2025-04-15T09:16:33.9710499Z   include-hidden-files: false
2025-04-15T09:16:33.9710712Z env:
2025-04-15T09:16:33.9710868Z   FORCE_COLOR: 1
2025-04-15T09:16:33.9711062Z   ELECTRON_SKIP_BINARY_DOWNLOAD: 1
2025-04-15T09:16:33.9711307Z   DEBUG_GIT_COMMIT_INFO: 1
2025-04-15T09:16:33.9711526Z   PWTEST_CHANNEL: firefox-beta
2025-04-15T09:16:33.9711744Z ##[endgroup]
2025-04-15T09:16:34.1966675Z With the provided path, there will be 1 file uploaded
2025-04-15T09:16:34.1967692Z Artifact name is valid!
2025-04-15T09:16:34.1968197Z Root directory input is valid!
2025-04-15T09:16:34.3008356Z Beginning upload of artifact content to blob storage
2025-04-15T09:16:34.4053078Z Uploaded bytes 947083
2025-04-15T09:16:34.4190810Z Finished uploading artifact content to blob storage!
2025-04-15T09:16:34.4193907Z SHA256 digest of uploaded artifact zip is 097aa598e5714901ac5b258b43f6442e14fc7fe7889f8011948c32e469ef39d5
2025-04-15T09:16:34.4195275Z Finalizing artifact upload
2025-04-15T09:16:34.4984349Z Artifact blob-report-ubuntu-latest-node18-1.zip successfully finalized. Artifact ID 2946511024
2025-04-15T09:16:34.4985868Z Artifact blob-report-ubuntu-latest-node18-1 has been successfully uploaded! Final size is 947083 bytes. Artifact ID is 2946511024
2025-04-15T09:16:34.4991997Z Artifact download URL: https://github.com/microsoft/playwright/actions/runs/14465064784/artifacts/2946511024
