2025-04-15T04:56:38.0980410Z Requested labels: ubuntu-latest
2025-04-15T04:56:38.0980715Z Job defined at: django/django/.github/workflows/linters.yml@refs/pull/19285/merge
2025-04-15T04:56:38.0980870Z Waiting for a runner to pick up this job...
2025-04-15T04:56:39.1750734Z Job is waiting for a hosted runner to come online.
2025-04-15T04:56:41.1495244Z Job is about to start running on the hosted runner: GitHub Actions 52 (hosted)
2025-04-15T04:56:43.4957409Z Current runner version: '2.323.0'
2025-04-15T04:56:43.4981351Z ##[group]Operating System
2025-04-15T04:56:43.4982301Z Ubuntu
2025-04-15T04:56:43.4982908Z 24.04.2
2025-04-15T04:56:43.4983405Z LTS
2025-04-15T04:56:43.4983910Z ##[endgroup]
2025-04-15T04:56:43.4984530Z ##[group]Runner Image
2025-04-15T04:56:43.4985139Z Image: ubuntu-24.04
2025-04-15T04:56:43.4985677Z Version: 20250406.1.0
2025-04-15T04:56:43.4986787Z Included Software: https://github.com/actions/runner-images/blob/ubuntu24/20250406.1/images/ubuntu/Ubuntu2404-Readme.md
2025-04-15T04:56:43.4988215Z Image Release: https://github.com/actions/runner-images/releases/tag/ubuntu24%2F20250406.1
2025-04-15T04:56:43.4989130Z ##[endgroup]
2025-04-15T04:56:43.4989770Z ##[group]Runner Image Provisioner
2025-04-15T04:56:43.4990395Z 2.0.422.1
2025-04-15T04:56:43.4990949Z ##[endgroup]
2025-04-15T04:56:43.4992187Z ##[group]GITHUB_TOKEN Permissions
2025-04-15T04:56:43.4993934Z Contents: read
2025-04-15T04:56:43.4994645Z Metadata: read
2025-04-15T04:56:43.4995335Z ##[endgroup]
2025-04-15T04:56:43.4998638Z Secret source: None
2025-04-15T04:56:43.4999336Z Prepare workflow directory
2025-04-15T04:56:43.5306630Z Prepare all required actions
2025-04-15T04:56:43.5342939Z Getting action download info
2025-04-15T04:56:43.7626715Z ##[group]Download immutable action package 'actions/checkout@v4'
2025-04-15T04:56:43.7627613Z Version: 4.2.2
2025-04-15T04:56:43.7628453Z Digest: sha256:ccb2698953eaebd21c7bf6268a94f9c26518a7e38e27e0b83c1fe1ad049819b1
2025-04-15T04:56:43.7629484Z Source commit SHA: 11bd71901bbe5b1630ceea73d27597364c9af683
2025-04-15T04:56:43.7630114Z ##[endgroup]
2025-04-15T04:56:43.8765807Z Download action repository 'psf/black@stable' (SHA:8a737e727ac5ab2f1d4cf5876720ed276dc8dc4b)
2025-04-15T04:56:44.5670738Z Complete job name: black
2025-04-15T04:56:44.6364546Z ##[group]Run actions/checkout@v4
2025-04-15T04:56:44.6365404Z with:
2025-04-15T04:56:44.6365806Z   repository: django/django
2025-04-15T04:56:44.6366435Z   token: ***
2025-04-15T04:56:44.6366884Z   ssh-strict: true
2025-04-15T04:56:44.6367314Z   ssh-user: git
2025-04-15T04:56:44.6367730Z   persist-credentials: true
2025-04-15T04:56:44.6368191Z   clean: true
2025-04-15T04:56:44.6368614Z   sparse-checkout-cone-mode: true
2025-04-15T04:56:44.6369112Z   fetch-depth: 1
2025-04-15T04:56:44.6369526Z   fetch-tags: false
2025-04-15T04:56:44.6369944Z   show-progress: true
2025-04-15T04:56:44.6370361Z   lfs: false
2025-04-15T04:56:44.6370745Z   submodules: false
2025-04-15T04:56:44.6371167Z   set-safe-directory: true
2025-04-15T04:56:44.6371995Z ##[endgroup]
2025-04-15T04:56:44.8858041Z Syncing repository: django/django
2025-04-15T04:56:44.8859809Z ##[group]Getting Git version info
2025-04-15T04:56:44.8860516Z Working directory is '/home/runner/work/django/django'
2025-04-15T04:56:44.8861601Z [command]/usr/bin/git version
2025-04-15T04:56:44.8985628Z git version 2.49.0
2025-04-15T04:56:44.9015906Z ##[endgroup]
2025-04-15T04:56:44.9029619Z Temporarily overriding HOME='/home/runner/work/_temp/4dd75ef9-9363-4af6-9820-444beba71a5d' before making global git config changes
2025-04-15T04:56:44.9031418Z Adding repository directory to the temporary git global config as a safe directory
2025-04-15T04:56:44.9034811Z [command]/usr/bin/git config --global --add safe.directory /home/runner/work/django/django
2025-04-15T04:56:44.9071579Z Deleting the contents of '/home/runner/work/django/django'
2025-04-15T04:56:44.9075689Z ##[group]Initializing the repository
2025-04-15T04:56:44.9079392Z [command]/usr/bin/git init /home/runner/work/django/django
2025-04-15T04:56:44.9169238Z hint: Using 'master' as the name for the initial branch. This default branch name
2025-04-15T04:56:44.9170369Z hint: is subject to change. To configure the initial branch name to use in all
2025-04-15T04:56:44.9171346Z hint: of your new repositories, which will suppress this warning, call:
2025-04-15T04:56:44.9172301Z hint:
2025-04-15T04:56:44.9172831Z hint: 	git config --global init.defaultBranch <name>
2025-04-15T04:56:44.9173455Z hint:
2025-04-15T04:56:44.9174050Z hint: Names commonly chosen instead of 'master' are 'main', 'trunk' and
2025-04-15T04:56:44.9175272Z hint: 'development'. The just-created branch can be renamed via this command:
2025-04-15T04:56:44.9176034Z hint:
2025-04-15T04:56:44.9176475Z hint: 	git branch -m <name>
2025-04-15T04:56:44.9180906Z Initialized empty Git repository in /home/runner/work/django/django/.git/
2025-04-15T04:56:44.9191574Z [command]/usr/bin/git remote add origin https://github.com/django/django
2025-04-15T04:56:44.9226923Z ##[endgroup]
2025-04-15T04:56:44.9228200Z ##[group]Disabling automatic garbage collection
2025-04-15T04:56:44.9230869Z [command]/usr/bin/git config --local gc.auto 0
2025-04-15T04:56:44.9259619Z ##[endgroup]
2025-04-15T04:56:44.9260384Z ##[group]Setting up auth
2025-04-15T04:56:44.9266286Z [command]/usr/bin/git config --local --name-only --get-regexp core\.sshCommand
2025-04-15T04:56:44.9295869Z [command]/usr/bin/git submodule foreach --recursive sh -c "git config --local --name-only --get-regexp 'core\.sshCommand' && git config --local --unset-all 'core.sshCommand' || :"
2025-04-15T04:56:44.9644070Z [command]/usr/bin/git config --local --name-only --get-regexp http\.https\:\/\/github\.com\/\.extraheader
2025-04-15T04:56:44.9674967Z [command]/usr/bin/git submodule foreach --recursive sh -c "git config --local --name-only --get-regexp 'http\.https\:\/\/github\.com\/\.extraheader' && git config --local --unset-all 'http.https://github.com/.extraheader' || :"
2025-04-15T04:56:44.9919647Z [command]/usr/bin/git config --local http.https://github.com/.extraheader AUTHORIZATION: basic ***
2025-04-15T04:56:44.9957873Z ##[endgroup]
2025-04-15T04:56:44.9968079Z ##[group]Fetching the repository
2025-04-15T04:56:44.9971115Z [command]/usr/bin/git -c protocol.version=2 fetch --no-tags --prune --no-recurse-submodules --depth=1 origin +c442f5f339a81130287eba9877f6504af8ef23f2:refs/remotes/pull/19285/merge
2025-04-15T04:56:47.1796970Z From https://github.com/django/django
2025-04-15T04:56:47.1799236Z  * [new ref]         c442f5f339a81130287eba9877f6504af8ef23f2 -> pull/19285/merge
2025-04-15T04:56:47.1863001Z ##[endgroup]
2025-04-15T04:56:47.1863494Z ##[group]Determining the checkout info
2025-04-15T04:56:47.1864985Z ##[endgroup]
2025-04-15T04:56:47.1870208Z [command]/usr/bin/git sparse-checkout disable
2025-04-15T04:56:47.1915705Z [command]/usr/bin/git config --local --unset-all extensions.worktreeConfig
2025-04-15T04:56:47.1945741Z ##[group]Checking out the ref
2025-04-15T04:56:47.1950926Z [command]/usr/bin/git checkout --progress --force refs/remotes/pull/19285/merge
2025-04-15T04:56:47.6893261Z Note: switching to 'refs/remotes/pull/19285/merge'.
2025-04-15T04:56:47.6894253Z 
2025-04-15T04:56:47.6894610Z You are in 'detached HEAD' state. You can look around, make experimental
2025-04-15T04:56:47.6895528Z changes and commit them, and you can discard any commits you make in this
2025-04-15T04:56:47.6896392Z state without impacting any branches by switching back to a branch.
2025-04-15T04:56:47.6896976Z 
2025-04-15T04:56:47.6897339Z If you want to create a new branch to retain commits you create, you may
2025-04-15T04:56:47.6898131Z do so (now or later) by using -c with the switch command. Example:
2025-04-15T04:56:47.6898569Z 
2025-04-15T04:56:47.6898770Z   git switch -c <new-branch-name>
2025-04-15T04:56:47.6899085Z 
2025-04-15T04:56:47.6899281Z Or undo this operation with:
2025-04-15T04:56:47.6899573Z 
2025-04-15T04:56:47.6899742Z   git switch -
2025-04-15T04:56:47.6899994Z 
2025-04-15T04:56:47.6900362Z Turn off this advice by setting config variable advice.detachedHead to false
2025-04-15T04:56:47.6900909Z 
2025-04-15T04:56:47.6901463Z HEAD is now at c442f5f Merge a03ebf9031ad9dac503dc12262eb345414499570 into ab1b9cc1b38e8735979c817f42e8f54a5795c4f7
2025-04-15T04:56:47.6912691Z ##[endgroup]
2025-04-15T04:56:47.6957836Z [command]/usr/bin/git log -1 --format=%H
2025-04-15T04:56:47.6983653Z c442f5f339a81130287eba9877f6504af8ef23f2
2025-04-15T04:56:47.7283469Z ##[group]Run psf/black@stable
2025-04-15T04:56:47.7283763Z with:
2025-04-15T04:56:47.7284182Z   options: --check --diff
2025-04-15T04:56:47.7284412Z   src: .
2025-04-15T04:56:47.7284584Z   jupyter: false
2025-04-15T04:56:47.7284788Z   use_pyproject: false
2025-04-15T04:56:47.7284996Z   summary: true
2025-04-15T04:56:47.7285207Z ##[endgroup]
2025-04-15T04:56:47.7406759Z ##[group]Run # Even when black fails, do not close the shell
2025-04-15T04:56:47.7407291Z [36;1m# Even when black fails, do not close the shell[0m
2025-04-15T04:56:47.7407597Z [36;1mset +e[0m
2025-04-15T04:56:47.7407792Z [36;1m[0m
2025-04-15T04:56:47.7408006Z [36;1mif [ "$RUNNER_OS" == "Windows" ]; then[0m
2025-04-15T04:56:47.7408316Z [36;1m  runner="python"[0m
2025-04-15T04:56:47.7408546Z [36;1melse[0m
2025-04-15T04:56:47.7408751Z [36;1m  runner="python3"[0m
2025-04-15T04:56:47.7408982Z [36;1mfi[0m
2025-04-15T04:56:47.7409165Z [36;1m[0m
2025-04-15T04:56:47.7409456Z [36;1mout=$(${runner} $GITHUB_ACTION_PATH/action/main.py)[0m
2025-04-15T04:56:47.7409773Z [36;1mexit_code=$?[0m
2025-04-15T04:56:47.7409985Z [36;1m[0m
2025-04-15T04:56:47.7410216Z [36;1m# Display the raw output in the step[0m
2025-04-15T04:56:47.7410498Z [36;1mecho "${out}"[0m
2025-04-15T04:56:47.7410700Z [36;1m[0m
2025-04-15T04:56:47.7410891Z [36;1mif [ "true" == "true" ]; then[0m
2025-04-15T04:56:47.7411202Z [36;1m  # Display the Markdown output in the job summary[0m
2025-04-15T04:56:47.7411542Z [36;1m  echo "\`\`\`python" >> $GITHUB_STEP_SUMMARY[0m
2025-04-15T04:56:47.7412003Z [36;1m  echo "${out}" >> $GITHUB_STEP_SUMMARY[0m
2025-04-15T04:56:47.7412307Z [36;1m  echo "\`\`\`" >> $GITHUB_STEP_SUMMARY[0m
2025-04-15T04:56:47.7412565Z [36;1mfi[0m
2025-04-15T04:56:47.7412745Z [36;1m[0m
2025-04-15T04:56:47.7412969Z [36;1m# Exit with the exit-code returned by Black[0m
2025-04-15T04:56:47.7413258Z [36;1mexit ${exit_code}[0m
2025-04-15T04:56:47.7463377Z shell: /usr/bin/bash --noprofile --norc -e -o pipefail {0}
2025-04-15T04:56:47.7463755Z env:
2025-04-15T04:56:47.7463966Z   INPUT_OPTIONS: --check --diff
2025-04-15T04:56:47.7464225Z   INPUT_SRC: .
2025-04-15T04:56:47.7464429Z   INPUT_JUPYTER: false
2025-04-15T04:56:47.7464667Z   INPUT_BLACK_ARGS: 
2025-04-15T04:56:47.7464887Z   INPUT_VERSION: 
2025-04-15T04:56:47.7465107Z   INPUT_USE_PYPROJECT: false
2025-04-15T04:56:47.7465353Z   pythonioencoding: utf-8
2025-04-15T04:56:47.7465585Z ##[endgroup]
2025-04-15T04:57:29.8487160Z Installing black[colorama]==25.1.0...
2025-04-15T04:57:29.8487892Z All done! ✨ 🍰 ✨
2025-04-15T04:57:29.8488304Z 2830 files would be left unchanged.
2025-04-15T04:57:29.8615899Z Post job cleanup.
2025-04-15T04:57:29.9590127Z [command]/usr/bin/git version
2025-04-15T04:57:29.9629916Z git version 2.49.0
2025-04-15T04:57:29.9683910Z Temporarily overriding HOME='/home/runner/work/_temp/bde0bdf0-03b2-4d82-8c04-e1ed2686e261' before making global git config changes
2025-04-15T04:57:29.9685219Z Adding repository directory to the temporary git global config as a safe directory
2025-04-15T04:57:29.9690396Z [command]/usr/bin/git config --global --add safe.directory /home/runner/work/django/django
2025-04-15T04:57:29.9729481Z [command]/usr/bin/git config --local --name-only --get-regexp core\.sshCommand
2025-04-15T04:57:29.9764777Z [command]/usr/bin/git submodule foreach --recursive sh -c "git config --local --name-only --get-regexp 'core\.sshCommand' && git config --local --unset-all 'core.sshCommand' || :"
2025-04-15T04:57:30.0021648Z [command]/usr/bin/git config --local --name-only --get-regexp http\.https\:\/\/github\.com\/\.extraheader
2025-04-15T04:57:30.0046064Z http.https://github.com/.extraheader
2025-04-15T04:57:30.0059898Z [command]/usr/bin/git config --local --unset-all http.https://github.com/.extraheader
2025-04-15T04:57:30.0093354Z [command]/usr/bin/git submodule foreach --recursive sh -c "git config --local --name-only --get-regexp 'http\.https\:\/\/github\.com\/\.extraheader' && git config --local --unset-all 'http.https://github.com/.extraheader' || :"
2025-04-15T04:57:30.0454371Z Cleaning up orphan processes
