2025-04-14T18:58:29.2770106Z ##[group]Run pre-commit/action@v3.0.1
2025-04-14T18:58:29.2770402Z with:
2025-04-14T18:58:29.2770648Z   extra_args: --verbose --hook-stage manual --all-files
2025-04-14T18:58:29.2770934Z env:
2025-04-14T18:58:29.2771108Z   ENV_FILE: environment.yml
2025-04-14T18:58:29.2771328Z   PANDAS_CI: 1
2025-04-14T18:58:29.2771772Z   MAMBA_ROOT_PREFIX: /home/runner/micromamba
2025-04-14T18:58:29.2772089Z   MAMBA_EXE: /home/runner/micromamba-bin/micromamba
2025-04-14T18:58:29.2772419Z   CONDARC: /home/runner/work/pandas/pandas/ci/.condarc
2025-04-14T18:58:29.2772896Z   PYTHONHOME: 
2025-04-14T18:58:29.2773083Z   PYTHONPATH: 
2025-04-14T18:58:29.2773262Z ##[endgroup]
2025-04-14T18:58:29.2788535Z ##[group]Run python -m pip install pre-commit
2025-04-14T18:58:29.2788865Z [36;1mpython -m pip install pre-commit[0m
2025-04-14T18:58:29.2857305Z shell: /usr/bin/bash --noprofile --norc -e -o pipefail {0}
2025-04-14T18:58:29.2857647Z env:
2025-04-14T18:58:29.2857833Z   ENV_FILE: environment.yml
2025-04-14T18:58:29.2858197Z   PANDAS_CI: 1
2025-04-14T18:58:29.2858616Z   MAMBA_ROOT_PREFIX: /home/runner/micromamba
2025-04-14T18:58:29.2859158Z   MAMBA_EXE: /home/runner/micromamba-bin/micromamba
2025-04-14T18:58:29.2859563Z   CONDARC: /home/runner/work/pandas/pandas/ci/.condarc
2025-04-14T18:58:29.2859936Z   PYTHONHOME: 
2025-04-14T18:58:29.2860303Z   PYTHONPATH: 
2025-04-14T18:58:29.2860583Z ##[endgroup]
2025-04-14T18:58:29.6620998Z Requirement already satisfied: pre-commit in /home/runner/micromamba/envs/test/lib/python3.10/site-packages (4.2.0)
2025-04-14T18:58:29.6637829Z Requirement already satisfied: cfgv>=2.0.0 in /home/runner/micromamba/envs/test/lib/python3.10/site-packages (from pre-commit) (3.3.1)
2025-04-14T18:58:29.6642900Z Requirement already satisfied: identify>=1.0.0 in /home/runner/micromamba/envs/test/lib/python3.10/site-packages (from pre-commit) (2.6.9)
2025-04-14T18:58:29.6647601Z Requirement already satisfied: nodeenv>=0.11.1 in /home/runner/micromamba/envs/test/lib/python3.10/site-packages (from pre-commit) (1.9.1)
2025-04-14T18:58:29.6652384Z Requirement already satisfied: pyyaml>=5.1 in /home/runner/micromamba/envs/test/lib/python3.10/site-packages (from pre-commit) (6.0.2)
2025-04-14T18:58:29.6657637Z Requirement already satisfied: virtualenv>=20.10.0 in /home/runner/micromamba/envs/test/lib/python3.10/site-packages (from pre-commit) (20.30.0)
2025-04-14T18:58:29.6729166Z Requirement already satisfied: distlib<1,>=0.3.7 in /home/runner/micromamba/envs/test/lib/python3.10/site-packages (from virtualenv>=20.10.0->pre-commit) (0.3.9)
2025-04-14T18:58:29.6734430Z Requirement already satisfied: filelock<4,>=3.12.2 in /home/runner/micromamba/envs/test/lib/python3.10/site-packages (from virtualenv>=20.10.0->pre-commit) (3.18.0)
2025-04-14T18:58:29.6739832Z Requirement already satisfied: platformdirs<5,>=3.9.1 in /home/runner/micromamba/envs/test/lib/python3.10/site-packages (from virtualenv>=20.10.0->pre-commit) (4.3.7)
2025-04-14T18:58:30.2573868Z ##[group]Run python -m pip freeze --local
2025-04-14T18:58:30.2574321Z [36;1mpython -m pip freeze --local[0m
2025-04-14T18:58:30.2641772Z shell: /usr/bin/bash --noprofile --norc -e -o pipefail {0}
2025-04-14T18:58:30.2642344Z env:
2025-04-14T18:58:30.2642674Z   ENV_FILE: environment.yml
2025-04-14T18:58:30.2643099Z   PANDAS_CI: 1
2025-04-14T18:58:30.2643438Z   MAMBA_ROOT_PREFIX: /home/runner/micromamba
2025-04-14T18:58:30.2643876Z   MAMBA_EXE: /home/runner/micromamba-bin/micromamba
2025-04-14T18:58:30.2644400Z   CONDARC: /home/runner/work/pandas/pandas/ci/.condarc
2025-04-14T18:58:30.2644800Z   PYTHONHOME: 
2025-04-14T18:58:30.2645208Z   PYTHONPATH: 
2025-04-14T18:58:30.2658424Z ##[endgroup]
2025-04-14T18:58:30.7931923Z accessible-pygments @ file:///home/conda/feedstock_root/build_artifacts/accessible-pygments_1734956106558/work
2025-04-14T18:58:30.7933002Z adbc-driver-manager==1.5.0
2025-04-14T18:58:30.7933439Z adbc-driver-postgresql==1.5.0
2025-04-14T18:58:30.7933884Z adbc-driver-sqlite==1.5.0
2025-04-14T18:58:30.7934583Z aiobotocore @ file:///home/conda/feedstock_root/build_artifacts/aiobotocore_1741606508148/work
2025-04-14T18:58:30.7936250Z aiohappyeyeballs @ file:///home/conda/feedstock_root/build_artifacts/aiohappyeyeballs_1741775197943/work
2025-04-14T18:58:30.7937293Z aiohttp @ file:///home/conda/feedstock_root/build_artifacts/aiohttp_1743596967296/work
2025-04-14T18:58:30.7938181Z aioitertools @ file:///home/conda/feedstock_root/build_artifacts/aioitertools_1735329051909/work
2025-04-14T18:58:30.7939090Z aiosignal @ file:///home/conda/feedstock_root/build_artifacts/aiosignal_1734342155601/work
2025-04-14T18:58:30.7940175Z aiosmtpd @ file:///home/conda/feedstock_root/build_artifacts/aiosmtpd_1733662557596/work
2025-04-14T18:58:30.7941044Z alabaster @ file:///home/conda/feedstock_root/build_artifacts/alabaster_1733750398730/work
2025-04-14T18:58:30.7942140Z anyio @ file:///home/conda/feedstock_root/build_artifacts/bld/rattler-build_anyio_1742243108/work
2025-04-14T18:58:30.7943041Z argon2-cffi @ file:///home/conda/feedstock_root/build_artifacts/argon2-cffi_1733311059102/work
2025-04-14T18:58:30.7944048Z argon2-cffi-bindings @ file:///home/conda/feedstock_root/build_artifacts/argon2-cffi-bindings_1725356557095/work
2025-04-14T18:58:30.7944963Z arrow @ file:///home/conda/feedstock_root/build_artifacts/arrow_1733584251875/work
2025-04-14T18:58:30.7945755Z asttokens @ file:///home/conda/feedstock_root/build_artifacts/asttokens_1733250440834/work
2025-04-14T18:58:30.7946542Z asv @ file:///home/conda/feedstock_root/build_artifacts/asv_1725737717890/work
2025-04-14T18:58:30.7947324Z asv_runner @ file:///home/conda/feedstock_root/build_artifacts/asv_runner_1708248797019/work
2025-04-14T18:58:30.7948215Z async-lru @ file:///home/conda/feedstock_root/build_artifacts/bld/rattler-build_async-lru_1742153708/work
2025-04-14T18:58:30.7949190Z async-timeout @ file:///home/conda/feedstock_root/build_artifacts/async-timeout_1733235340728/work
2025-04-14T18:58:30.7950070Z atpublic @ file:///home/conda/feedstock_root/build_artifacts/atpublic_1737771474411/work
2025-04-14T18:58:30.7950839Z attrs @ file:///home/conda/feedstock_root/build_artifacts/attrs_1741918516150/work
2025-04-14T18:58:30.7951849Z aws-xray-sdk @ file:///home/conda/feedstock_root/build_artifacts/aws-xray-sdk_1733852228893/work
2025-04-14T18:58:30.7952663Z babel @ file:///home/conda/feedstock_root/build_artifacts/babel_1738490167835/work
2025-04-14T18:58:30.7953531Z beautifulsoup4 @ file:///home/conda/feedstock_root/build_artifacts/beautifulsoup4_1738740337718/work
2025-04-14T18:58:30.7954526Z bleach @ file:///home/conda/feedstock_root/build_artifacts/bld/rattler-build_bleach_1737382993/work
2025-04-14T18:58:30.7955456Z blinker @ file:///home/conda/feedstock_root/build_artifacts/blinker_1731096409132/work
2025-04-14T18:58:30.7956251Z boto3 @ file:///home/conda/feedstock_root/build_artifacts/boto3_1740582741261/work
2025-04-14T18:58:30.7957060Z botocore @ file:///home/conda/feedstock_root/build_artifacts/botocore_1740533726826/work
2025-04-14T18:58:30.7957948Z Bottleneck @ file:///home/conda/feedstock_root/build_artifacts/bottleneck_1729268858017/work
2025-04-14T18:58:30.7958824Z Brotli @ file:///home/conda/feedstock_root/build_artifacts/brotli-split_1725267488082/work
2025-04-14T18:58:30.7959773Z cached-property @ file:///home/conda/feedstock_root/build_artifacts/cached_property_1615209429212/work
2025-04-14T18:58:30.7960756Z cachetools @ file:///home/conda/feedstock_root/build_artifacts/cachetools_1740094013202/work
2025-04-14T18:58:30.7961804Z certifi @ file:///home/conda/feedstock_root/build_artifacts/certifi_1739515848642/work/certifi
2025-04-14T18:58:30.7962665Z cffi @ file:///home/conda/feedstock_root/build_artifacts/cffi_1725560520483/work
2025-04-14T18:58:30.7963402Z cfgv @ file:///home/conda/feedstock_root/build_artifacts/cfgv_1734267080977/work
2025-04-14T18:58:30.7964332Z charset-normalizer @ file:///home/conda/feedstock_root/build_artifacts/charset-normalizer_1735929714516/work
2025-04-14T18:58:30.7965271Z click @ file:///home/conda/feedstock_root/build_artifacts/click_1734858813237/work
2025-04-14T18:58:30.7966152Z cloudpickle @ file:///home/conda/feedstock_root/build_artifacts/cloudpickle_1736947526808/work
2025-04-14T18:58:30.7967265Z colorama @ file:///home/conda/feedstock_root/build_artifacts/colorama_1733218098505/work
2025-04-14T18:58:30.7968074Z comm @ file:///home/conda/feedstock_root/build_artifacts/comm_1733502965406/work
2025-04-14T18:58:30.7968879Z contourpy @ file:///home/conda/feedstock_root/build_artifacts/contourpy_1731428322366/work
2025-04-14T18:58:30.7969762Z coverage @ file:///home/conda/feedstock_root/build_artifacts/coverage_1743381215370/work
2025-04-14T18:58:30.7970820Z cramjam @ file:///home/conda/feedstock_root/build_artifacts/cramjam_1726116394574/work
2025-04-14T18:58:30.7971912Z cryptography @ file:///home/conda/feedstock_root/build_artifacts/cryptography-split_1740893544290/work
2025-04-14T18:58:30.7972837Z cycler @ file:///home/conda/feedstock_root/build_artifacts/cycler_1733332471406/work
2025-04-14T18:58:30.7973652Z Cython @ file:///home/conda/feedstock_root/build_artifacts/cython_1739227941089/work
2025-04-14T18:58:30.7974461Z dask @ file:///home/conda/feedstock_root/build_artifacts/dask-core_1742597902501/work
2025-04-14T18:58:30.7975309Z debugpy @ file:///home/conda/feedstock_root/build_artifacts/debugpy_1744321252239/work
2025-04-14T18:58:30.7976186Z decorator @ file:///home/conda/feedstock_root/build_artifacts/decorator_1740384970518/work
2025-04-14T18:58:30.7977107Z defusedxml @ file:///home/conda/feedstock_root/build_artifacts/defusedxml_1615232257335/work
2025-04-14T18:58:30.7977984Z distlib @ file:///home/conda/feedstock_root/build_artifacts/distlib_1733238395481/work
2025-04-14T18:58:30.7978817Z docutils @ file:///home/conda/feedstock_root/build_artifacts/docutils_1733217766141/work
2025-04-14T18:58:30.7979616Z doit @ file:///home/conda/feedstock_root/build_artifacts/doit_1734618527375/work
2025-04-14T18:58:30.7980421Z et_xmlfile @ file:///home/conda/feedstock_root/build_artifacts/et_xmlfile_1733749653422/work
2025-04-14T18:58:30.7981383Z exceptiongroup @ file:///home/conda/feedstock_root/build_artifacts/exceptiongroup_1733208806608/work
2025-04-14T18:58:30.7982530Z execnet @ file:///home/conda/feedstock_root/build_artifacts/execnet_1733230988954/work
2025-04-14T18:58:30.7983388Z executing @ file:///home/conda/feedstock_root/build_artifacts/executing_1733569351617/work
2025-04-14T18:58:30.7984424Z fastjsonschema @ file:///home/conda/feedstock_root/build_artifacts/python-fastjsonschema_1733235979760/work/dist
2025-04-14T18:58:30.7985462Z fastparquet @ file:///home/conda/feedstock_root/build_artifacts/fastparquet_1731705211092/work
2025-04-14T18:58:30.7986370Z feedparser @ file:///home/conda/feedstock_root/build_artifacts/feedparser_1734808041952/work
2025-04-14T18:58:30.7987223Z filelock @ file:///home/conda/feedstock_root/build_artifacts/filelock_1741969488311/work
2025-04-14T18:58:30.7988019Z flake8 @ file:///home/conda/feedstock_root/build_artifacts/flake8_1718643520047/work
2025-04-14T18:58:30.7988786Z Flask @ file:///home/conda/feedstock_root/build_artifacts/flask_1741793020411/work
2025-04-14T18:58:30.7989690Z flask-cors @ file:///home/conda/feedstock_root/build_artifacts/bld/rattler-build_flask-cors_1740437019/work
2025-04-14T18:58:30.7990629Z fonttools @ file:///home/conda/feedstock_root/build_artifacts/fonttools_1743732186120/work
2025-04-14T18:58:30.7991493Z fqdn @ file:///home/conda/feedstock_root/build_artifacts/fqdn_1733327382592/work/dist
2025-04-14T18:58:30.7992464Z frozenlist @ file:///home/conda/feedstock_root/build_artifacts/frozenlist_1737645236190/work
2025-04-14T18:58:30.7993285Z fsspec @ file:///home/conda/feedstock_root/build_artifacts/fsspec_1743437245292/work
2025-04-14T18:58:30.7994053Z gcsfs @ file:///home/conda/feedstock_root/build_artifacts/gcsfs_1743445360555/work
2025-04-14T18:58:30.7994796Z gitdb @ file:///home/conda/feedstock_root/build_artifacts/gitdb_1735887193964/work
2025-04-14T18:58:30.7995611Z GitPython @ file:///home/conda/feedstock_root/build_artifacts/gitpython_1735929639977/work
2025-04-14T18:58:30.7996532Z google-api-core @ file:///home/conda/feedstock_root/build_artifacts/google-api-core-split_1741643016905/work
2025-04-14T18:58:30.7997721Z google-auth @ file:///home/conda/feedstock_root/build_artifacts/google-auth_1737618250101/work
2025-04-14T18:58:30.7998706Z google-auth-oauthlib @ file:///home/conda/feedstock_root/build_artifacts/google-auth-oauthlib_1734028936040/work
2025-04-14T18:58:30.7999760Z google-cloud-core @ file:///home/conda/feedstock_root/build_artifacts/google-cloud-core_1741676080456/work
2025-04-14T18:58:30.8001003Z google-cloud-storage @ file:///home/conda/feedstock_root/build_artifacts/google-cloud-storage_1740725233049/work
2025-04-14T18:58:30.8002179Z google-crc32c @ file:///home/conda/feedstock_root/build_artifacts/google-crc32c_1743041430734/work
2025-04-14T18:58:30.8003244Z google-resumable-media @ file:///home/conda/feedstock_root/build_artifacts/google-resumable-media_1733728468631/work
2025-04-14T18:58:30.8004483Z googleapis-common-protos @ file:///home/conda/feedstock_root/build_artifacts/googleapis-common-protos-feedstock_1742265914556/work
2025-04-14T18:58:30.8005579Z greenlet @ file:///home/conda/feedstock_root/build_artifacts/greenlet_1734532786161/work
2025-04-14T18:58:30.8006556Z grpcio @ file:///home/conda/feedstock_root/build_artifacts/grpc-split_1741419224004/work
2025-04-14T18:58:30.8007744Z h11 @ file:///home/conda/feedstock_root/build_artifacts/h11_1733327467879/work
2025-04-14T18:58:30.8008533Z h2 @ file:///home/conda/feedstock_root/build_artifacts/h2_1738578511449/work
2025-04-14T18:58:30.8009267Z hpack @ file:///home/conda/feedstock_root/build_artifacts/hpack_1737618293087/work
2025-04-14T18:58:30.8010079Z html5lib @ file:///home/conda/feedstock_root/build_artifacts/html5lib_1734075161666/work
2025-04-14T18:58:30.8010983Z httpcore @ file:///home/conda/feedstock_root/build_artifacts/bld/rattler-build_httpcore_1731707562/work
2025-04-14T18:58:30.8012023Z httpx @ file:///home/conda/feedstock_root/build_artifacts/httpx_1733663348460/work
2025-04-14T18:58:30.8012842Z hyperframe @ file:///home/conda/feedstock_root/build_artifacts/hyperframe_1737618333194/work
2025-04-14T18:58:30.8013728Z hypothesis @ file:///home/conda/feedstock_root/build_artifacts/hypothesis_1744300811062/work
2025-04-14T18:58:30.8014564Z identify @ file:///home/conda/feedstock_root/build_artifacts/identify_1741502659866/work
2025-04-14T18:58:30.8015348Z idna @ file:///home/conda/feedstock_root/build_artifacts/idna_1733211830134/work
2025-04-14T18:58:30.8016133Z imagesize @ file:///home/conda/feedstock_root/build_artifacts/imagesize_1656939531508/work
2025-04-14T18:58:30.8017110Z importlib_metadata @ file:///home/conda/feedstock_root/build_artifacts/importlib-metadata_1737420181517/work
2025-04-14T18:58:30.8018169Z importlib_resources @ file:///home/conda/feedstock_root/build_artifacts/importlib_resources_1736252299705/work
2025-04-14T18:58:30.8019156Z iniconfig @ file:///home/conda/feedstock_root/build_artifacts/iniconfig_1733223141826/work
2025-04-14T18:58:30.8019996Z ipykernel @ file:///home/conda/feedstock_root/build_artifacts/ipykernel_1719845459717/work
2025-04-14T18:58:30.8020906Z ipython @ file:///home/conda/feedstock_root/build_artifacts/bld/rattler-build_ipython_1744034854/work
2025-04-14T18:58:30.8022023Z ipywidgets @ file:///home/conda/feedstock_root/build_artifacts/ipywidgets_1744294556535/work
2025-04-14T18:58:30.8022972Z isoduration @ file:///home/conda/feedstock_root/build_artifacts/isoduration_1733493628631/work/dist
2025-04-14T18:58:30.8023989Z itsdangerous @ file:///home/conda/feedstock_root/build_artifacts/itsdangerous_1733308265247/work
2025-04-14T18:58:30.8024891Z jedi @ file:///home/conda/feedstock_root/build_artifacts/jedi_1733300866624/work
2025-04-14T18:58:30.8025712Z Jinja2 @ file:///home/conda/feedstock_root/build_artifacts/jinja2_1741263328855/work
2025-04-14T18:58:30.8026608Z jmespath @ file:///home/conda/feedstock_root/build_artifacts/jmespath_1733229141657/work
2025-04-14T18:58:30.8027520Z joserfc @ file:///home/conda/feedstock_root/build_artifacts/joserfc_1740767085887/work
2025-04-14T18:58:30.8028408Z json5 @ file:///home/conda/feedstock_root/build_artifacts/json5_1743722064131/work
2025-04-14T18:58:30.8029527Z jsondiff @ file:///home/conda/feedstock_root/build_artifacts/jsondiff_1735929067601/work
2025-04-14T18:58:30.8030411Z jsonpointer @ file:///home/conda/feedstock_root/build_artifacts/jsonpointer_1725302897999/work
2025-04-14T18:58:30.8031245Z jsonschema @ file:///home/conda/feedstock_root/build_artifacts/jsonschema_1733472696581/work
2025-04-14T18:58:30.8032347Z jsonschema-path @ file:///home/conda/feedstock_root/build_artifacts/bld/rattler-build_jsonschema-path_1737837054/work
2025-04-14T18:58:30.8033342Z jsonschema-specifications @ file:///tmp/tmpk0f344m9/src
2025-04-14T18:58:30.8034293Z jupyter-events @ file:///home/conda/feedstock_root/build_artifacts/bld/rattler-build_jupyter_events_1738765986/work
2025-04-14T18:58:30.8035448Z jupyter-lsp @ file:///home/conda/feedstock_root/build_artifacts/jupyter-lsp-meta_1733492907176/work/jupyter-lsp
2025-04-14T18:58:30.8036567Z jupyter_client @ file:///home/conda/feedstock_root/build_artifacts/jupyter_client_1733440914442/work
2025-04-14T18:58:30.8037553Z jupyter_core @ file:///home/conda/feedstock_root/build_artifacts/jupyter_core_1727163409502/work
2025-04-14T18:58:30.8038536Z jupyter_server @ file:///home/conda/feedstock_root/build_artifacts/jupyter_server_1734702637701/work
2025-04-14T18:58:30.8039658Z jupyter_server_terminals @ file:///home/conda/feedstock_root/build_artifacts/jupyter_server_terminals_1733427956852/work
2025-04-14T18:58:30.8040803Z jupyterlab @ file:///home/conda/feedstock_root/build_artifacts/jupyterlab_1743711213712/work
2025-04-14T18:58:30.8042034Z jupyterlab_pygments @ file:///home/conda/feedstock_root/build_artifacts/jupyterlab_pygments_1733328101776/work
2025-04-14T18:58:30.8043207Z jupyterlab_server @ file:///home/conda/feedstock_root/build_artifacts/jupyterlab_server_1733599573484/work
2025-04-14T18:58:30.8044373Z jupyterlab_widgets @ file:///home/conda/feedstock_root/build_artifacts/jupyterlab_widgets_1744291043727/work
2025-04-14T18:58:30.8045523Z jupyterlite-core @ file:///home/conda/feedstock_root/build_artifacts/jupyterlite-core_1738154458914/work
2025-04-14T18:58:30.8046829Z jupyterlite-pyodide-kernel @ file:///home/conda/feedstock_root/build_artifacts/jupyterlite-pyodide-kernel_1737296157176/work
2025-04-14T18:58:30.8047995Z kiwisolver @ file:///home/conda/feedstock_root/build_artifacts/kiwisolver_1725459213453/work
2025-04-14T18:58:30.8049071Z lazy-object-proxy @ file:///home/conda/feedstock_root/build_artifacts/lazy-object-proxy_1738323143911/work
2025-04-14T18:58:30.8049868Z llvmlite==0.44.0
2025-04-14T18:58:30.8050408Z locket @ file:///home/conda/feedstock_root/build_artifacts/locket_1650660393415/work
2025-04-14T18:58:30.8051258Z lxml @ file:///home/conda/feedstock_root/build_artifacts/lxml_1743976947695/work
2025-04-14T18:58:30.8052287Z Markdown @ file:///home/conda/feedstock_root/build_artifacts/markdown_1710435156458/work
2025-04-14T18:58:30.8053268Z MarkupSafe @ file:///home/conda/feedstock_root/build_artifacts/markupsafe_1733219680183/work
2025-04-14T18:58:30.8054024Z matplotlib==3.10.1
2025-04-14T18:58:30.8054734Z matplotlib-inline @ file:///home/conda/feedstock_root/build_artifacts/matplotlib-inline_1733416936468/work
2025-04-14T18:58:30.8055751Z mccabe @ file:///home/conda/feedstock_root/build_artifacts/mccabe_1733216466933/work
2025-04-14T18:58:30.8056632Z meson @ file:///home/conda/feedstock_root/build_artifacts/meson_1691536488348/work
2025-04-14T18:58:30.8057594Z meson-python @ file:///home/conda/feedstock_root/build_artifacts/meson-python_1682712129669/work
2025-04-14T18:58:30.8058644Z mistune @ file:///home/conda/feedstock_root/build_artifacts/bld/rattler-build_mistune_1742402716/work
2025-04-14T18:58:30.8059597Z moto @ file:///home/conda/feedstock_root/build_artifacts/moto_1743985085659/work
2025-04-14T18:58:30.8060480Z multidict @ file:///home/conda/feedstock_root/build_artifacts/multidict_1743843443334/work
2025-04-14T18:58:30.8061145Z munkres==1.1.4
2025-04-14T18:58:30.8062116Z mypy @ file:///home/conda/feedstock_root/build_artifacts/mypy-split_1729643036368/work
2025-04-14T18:58:30.8063203Z mypy_extensions @ file:///home/conda/feedstock_root/build_artifacts/mypy_extensions_1733230897951/work
2025-04-14T18:58:30.8064154Z natsort @ file:///home/conda/feedstock_root/build_artifacts/bld/rattler-build_natsort_1733880463/work
2025-04-14T18:58:30.8064968Z nbclient @ file:///home/conda/feedstock_root/build_artifacts/nbclient_1734628800805/work
2025-04-14T18:58:30.8065797Z nbconvert @ file:///home/conda/feedstock_root/build_artifacts/bld/rattler-build_nbconvert-core_1738067871/work
2025-04-14T18:58:30.8066772Z nbformat @ file:///home/conda/feedstock_root/build_artifacts/nbformat_1733402752141/work
2025-04-14T18:58:30.8067471Z nbsphinx @ file:///home/conda/feedstock_root/build_artifacts/nbsphinx_1741075436613/work
2025-04-14T18:58:30.8068212Z nest_asyncio @ file:///home/conda/feedstock_root/build_artifacts/nest-asyncio_1733325553580/work
2025-04-14T18:58:30.8068943Z nodeenv @ file:///home/conda/feedstock_root/build_artifacts/nodeenv_1734112117269/work
2025-04-14T18:58:30.8069642Z notebook @ file:///home/conda/feedstock_root/build_artifacts/notebook_1744236170776/work
2025-04-14T18:58:30.8070397Z notebook_shim @ file:///home/conda/feedstock_root/build_artifacts/notebook-shim_1733408315203/work
2025-04-14T18:58:30.8071110Z numba @ file:///home/conda/feedstock_root/build_artifacts/numba_1744232039266/work
2025-04-14T18:58:30.8072015Z numexpr @ file:///home/conda/feedstock_root/build_artifacts/numexpr_1732612819991/work
2025-04-14T18:58:30.8073312Z numpy @ file:///home/conda/feedstock_root/build_artifacts/numpy_1742254824252/work/dist/numpy-2.2.4-cp310-cp310-linux_x86_64.whl#sha256=89bf69a84640f36d25198a479bdb3885a47026a4604a6e700781b7b89b023bd8
2025-04-14T18:58:30.8074437Z numpydoc @ file:///home/conda/feedstock_root/build_artifacts/numpydoc_1733650859674/work
2025-04-14T18:58:30.8075098Z oauthlib @ file:///home/conda/feedstock_root/build_artifacts/oauthlib_1733752848439/work
2025-04-14T18:58:30.8075710Z odfpy @ file:///home/conda/feedstock_root/build_artifacts/odfpy_1734511734720/work
2025-04-14T18:58:30.8076479Z openapi-schema-validator @ file:///home/conda/feedstock_root/build_artifacts/openapi-schema-validator_1736695131485/work
2025-04-14T18:58:30.8077402Z openapi-spec-validator @ file:///home/conda/feedstock_root/build_artifacts/openapi-spec-validator_1733408417628/work
2025-04-14T18:58:30.8078177Z openpyxl @ file:///home/conda/feedstock_root/build_artifacts/openpyxl_1725460826776/work
2025-04-14T18:58:30.8078832Z overrides @ file:///home/conda/feedstock_root/build_artifacts/overrides_1734587627321/work
2025-04-14T18:58:30.8079512Z packaging @ file:///home/conda/feedstock_root/build_artifacts/packaging_1733203243479/work
2025-04-14T18:58:30.8080241Z -e git+https://github.com/pandas-dev/pandas@6064e78808f0515727d87543dc99213b8103d9f9#egg=pandas
2025-04-14T18:58:30.8081014Z pandocfilters @ file:///home/conda/feedstock_root/build_artifacts/pandocfilters_1631603243851/work
2025-04-14T18:58:30.8081885Z parso @ file:///home/conda/feedstock_root/build_artifacts/parso_1733271261340/work
2025-04-14T18:58:30.8082487Z partd @ file:///home/conda/feedstock_root/build_artifacts/partd_1715026491486/work
2025-04-14T18:58:30.8083128Z pathable @ file:///home/conda/feedstock_root/build_artifacts/pathable_1736621665969/work/dist
2025-04-14T18:58:30.8083791Z pexpect @ file:///home/conda/feedstock_root/build_artifacts/pexpect_1733301927746/work
2025-04-14T18:58:30.8084359Z pickleshare @ file:///home/conda/feedstock_root/build_artifacts/pickleshare_1733327343728/work
2025-04-14T18:58:30.8084904Z pillow @ file:///home/conda/feedstock_root/build_artifacts/pillow_1735929693232/work
2025-04-14T18:58:30.8085649Z pkginfo @ file:///home/conda/feedstock_root/build_artifacts/pkginfo_1739984581450/work
2025-04-14T18:58:30.8086266Z pkgutil_resolve_name @ file:///home/conda/feedstock_root/build_artifacts/pkgutil-resolve-name_1733344503739/work
2025-04-14T18:58:30.8086955Z platformdirs @ file:///home/conda/feedstock_root/build_artifacts/bld/rattler-build_platformdirs_1742485085/work
2025-04-14T18:58:30.8087691Z pluggy @ file:///home/conda/feedstock_root/build_artifacts/pluggy_1733222765875/work
2025-04-14T18:58:30.8088163Z ply @ file:///home/conda/feedstock_root/build_artifacts/ply_1733239724146/work
2025-04-14T18:58:30.8088663Z pre_commit @ file:///home/conda/feedstock_root/build_artifacts/pre-commit_1742475552107/work
2025-04-14T18:58:30.8089268Z prometheus_client @ file:///home/conda/feedstock_root/build_artifacts/prometheus_client_1733327310477/work
2025-04-14T18:58:30.8090007Z prompt_toolkit @ file:///home/conda/feedstock_root/build_artifacts/prompt-toolkit_1737453357274/work
2025-04-14T18:58:30.8090588Z propcache @ file:///home/conda/feedstock_root/build_artifacts/propcache_1744524934684/work
2025-04-14T18:58:30.8091140Z proto-plus @ file:///home/conda/feedstock_root/build_artifacts/proto-plus_1741676149446/work
2025-04-14T18:58:30.8092285Z protobuf @ file:///home/conda/feedstock_root/build_artifacts/protobuf_1741124568415/work/bazel-bin/python/dist/protobuf-5.29.3-cp310-abi3-linux_x86_64.whl#sha256=afe363dc4c34775b243aadb0083a4a4dc7d1a532a3d3084fcebb1eecb1f3bdd9
2025-04-14T18:58:30.8093304Z psutil @ file:///home/conda/feedstock_root/build_artifacts/psutil_1740663128538/work
2025-04-14T18:58:30.8093835Z psycopg2 @ file:///home/conda/feedstock_root/build_artifacts/psycopg2-split_1727892677567/work
2025-04-14T18:58:30.8094805Z ptyprocess @ file:///home/conda/feedstock_root/build_artifacts/ptyprocess_1733302279685/work/dist/ptyprocess-0.7.0-py2.py3-none-any.whl#sha256=92c32ff62b5fd8cf325bec5ab90d7be3d2a8ca8c8a3813ff487a8d2002630d1f
2025-04-14T18:58:30.8095750Z pure_eval @ file:///home/conda/feedstock_root/build_artifacts/pure_eval_1733569405015/work
2025-04-14T18:58:30.8096232Z py @ file:///home/conda/feedstock_root/build_artifacts/py_1734003417641/work
2025-04-14T18:58:30.8096730Z py-cpuinfo @ file:///home/conda/feedstock_root/build_artifacts/py-cpuinfo_1733236359728/work
2025-04-14T18:58:30.8097125Z pyarrow==19.0.1
2025-04-14T18:58:30.8097444Z pyasn1 @ file:///home/conda/feedstock_root/build_artifacts/pyasn1_1733217608156/work
2025-04-14T18:58:30.8097995Z pyasn1_modules @ file:///home/conda/feedstock_root/build_artifacts/pyasn1-modules_1743436035994/work
2025-04-14T18:58:30.8098588Z pycodestyle @ file:///home/conda/feedstock_root/build_artifacts/pycodestyle_1733216196861/work
2025-04-14T18:58:30.8099202Z pycparser @ file:///home/conda/feedstock_root/build_artifacts/bld/rattler-build_pycparser_1733195786/work
2025-04-14T18:58:30.8099663Z pydata-sphinx-theme==0.16.1
2025-04-14T18:58:30.8100042Z pyflakes @ file:///home/conda/feedstock_root/build_artifacts/pyflakes_1733216066937/work
2025-04-14T18:58:30.8100572Z Pygments @ file:///home/conda/feedstock_root/build_artifacts/pygments_1736243443484/work
2025-04-14T18:58:30.8101070Z PyJWT @ file:///home/conda/feedstock_root/build_artifacts/pyjwt_1732782409051/work
2025-04-14T18:58:30.8101751Z Pympler @ file:///home/conda/feedstock_root/build_artifacts/pympler_1733327099500/work
2025-04-14T18:58:30.8102270Z PyMySQL @ file:///home/conda/feedstock_root/build_artifacts/pymysql_1734209850979/work
2025-04-14T18:58:30.8102796Z pyOpenSSL @ file:///home/conda/feedstock_root/build_artifacts/pyopenssl_1737243356468/work
2025-04-14T18:58:30.8103338Z pyparsing @ file:///home/conda/feedstock_root/build_artifacts/pyparsing_1743089729650/work
2025-04-14T18:58:30.8103946Z pyproject-metadata @ file:///home/conda/feedstock_root/build_artifacts/pyproject-metadata_1741654677834/work
2025-04-14T18:58:30.8104404Z PyQt5==5.15.10
2025-04-14T18:58:30.8104587Z PyQt5_sip==12.13.0
2025-04-14T18:58:30.8104943Z pyreadstat @ file:///home/conda/feedstock_root/build_artifacts/pyreadstat_1729319939865/work
2025-04-14T18:58:30.8105338Z PySide6==6.9.0
2025-04-14T18:58:30.8105656Z PySocks @ file:///home/conda/feedstock_root/build_artifacts/pysocks_1733217236728/work
2025-04-14T18:58:30.8106153Z pytest @ file:///home/conda/feedstock_root/build_artifacts/pytest_1740946542080/work
2025-04-14T18:58:30.8106671Z pytest-cov @ file:///home/conda/feedstock_root/build_artifacts/pytest-cov_1743886866011/work
2025-04-14T18:58:30.8107375Z pytest-cython @ file:///home/conda/feedstock_root/build_artifacts/pytest-cython_1734078625025/work
2025-04-14T18:58:30.8108014Z pytest-localserver @ file:///home/conda/feedstock_root/build_artifacts/pytest-localserver_1733662281560/work
2025-04-14T18:58:30.8108611Z pytest-qt @ file:///home/conda/feedstock_root/build_artifacts/pytest-qt_1734663236145/work
2025-04-14T18:58:30.8109167Z pytest-xdist @ file:///home/conda/feedstock_root/build_artifacts/pytest-xdist_1733240780199/work
2025-04-14T18:58:30.8109878Z python-calamine @ file:///home/conda/feedstock_root/build_artifacts/python-calamine_1743601307814/work
2025-04-14T18:58:30.8110501Z python-dateutil @ file:///home/conda/feedstock_root/build_artifacts/python-dateutil_1733215673016/work
2025-04-14T18:58:30.8111135Z python-json-logger @ file:///home/conda/feedstock_root/build_artifacts/python-json-logger_1677079630776/work
2025-04-14T18:58:30.8111803Z pytz @ file:///home/conda/feedstock_root/build_artifacts/pytz_1742920838005/work
2025-04-14T18:58:30.8112283Z pyu2f @ file:///home/conda/feedstock_root/build_artifacts/pyu2f_1733738580568/work
2025-04-14T18:58:30.8112765Z pyxlsb @ file:///home/conda/feedstock_root/build_artifacts/pyxlsb_1665784345189/work
2025-04-14T18:58:30.8113251Z PyYAML @ file:///home/conda/feedstock_root/build_artifacts/pyyaml_1737454647378/work
2025-04-14T18:58:30.8113734Z pyzmq @ file:///home/conda/feedstock_root/build_artifacts/pyzmq_1743831255788/work
2025-04-14T18:58:30.8114299Z referencing @ file:///home/conda/feedstock_root/build_artifacts/bld/rattler-build_referencing_1737836872/work
2025-04-14T18:58:30.8114900Z requests @ file:///home/conda/feedstock_root/build_artifacts/requests_1733217035951/work
2025-04-14T18:58:30.8115485Z requests-oauthlib @ file:///home/conda/feedstock_root/build_artifacts/requests-oauthlib_1733772243268/work
2025-04-14T18:58:30.8116078Z responses @ file:///home/conda/feedstock_root/build_artifacts/responses_1741755837680/work
2025-04-14T18:58:30.8116661Z rfc3339_validator @ file:///home/conda/feedstock_root/build_artifacts/rfc3339-validator_1733599910982/work
2025-04-14T18:58:30.8117295Z rfc3986-validator @ file:///home/conda/feedstock_root/build_artifacts/rfc3986-validator_1598024191506/work
2025-04-14T18:58:30.8117913Z rpds-py @ file:///home/conda/feedstock_root/build_artifacts/bld/rattler-build_rpds-py_1743037662/work
2025-04-14T18:58:30.8118433Z rsa @ file:///home/conda/feedstock_root/build_artifacts/rsa_1733662684165/work
2025-04-14T18:58:30.8118889Z s3fs @ file:///home/conda/feedstock_root/build_artifacts/s3fs_1743454462010/work
2025-04-14T18:58:30.8119396Z s3transfer @ file:///home/conda/feedstock_root/build_artifacts/s3transfer_1740681574349/work
2025-04-14T18:58:30.8120329Z scipy @ file:///home/conda/feedstock_root/build_artifacts/scipy-split_1739790642651/work/dist/scipy-1.15.2-cp310-cp310-linux_x86_64.whl#sha256=9e52bad6c3294d1a5b04a13632118ca2157130603c6c018c2d710162b223b27e
2025-04-14T18:58:30.8121251Z seaborn @ file:///home/conda/feedstock_root/build_artifacts/seaborn-split_1733730015268/work
2025-04-14T18:58:30.8121993Z Send2Trash @ file:///home/conda/feedstock_root/build_artifacts/send2trash_1733322040660/work
2025-04-14T18:58:30.8122531Z sgmllib3k @ file:///home/conda/feedstock_root/build_artifacts/sgmllib3k_1734543040599/work
2025-04-14T18:58:30.8122917Z shiboken6==6.9.0
2025-04-14T18:58:30.8123208Z sip @ file:///home/conda/feedstock_root/build_artifacts/sip_1742163270244/work
2025-04-14T18:58:30.8123659Z six @ file:///home/conda/feedstock_root/build_artifacts/six_1733380938961/work
2025-04-14T18:58:30.8124118Z smmap @ file:///home/conda/feedstock_root/build_artifacts/smmap_1739781697784/work
2025-04-14T18:58:30.8124609Z sniffio @ file:///home/conda/feedstock_root/build_artifacts/sniffio_1733244044561/work
2025-04-14T18:58:30.8125168Z snowballstemmer @ file:///home/conda/feedstock_root/build_artifacts/snowballstemmer_1637143057757/work
2025-04-14T18:58:30.8126001Z sortedcontainers @ file:///home/conda/feedstock_root/build_artifacts/sortedcontainers_1738440353519/work
2025-04-14T18:58:30.8126767Z soupsieve @ file:///home/conda/feedstock_root/build_artifacts/soupsieve_1693929250441/work
2025-04-14T18:58:30.8127276Z Sphinx @ file:///home/conda/feedstock_root/build_artifacts/sphinx_1733754067767/work
2025-04-14T18:58:30.8127853Z sphinx-copybutton @ file:///home/conda/feedstock_root/build_artifacts/sphinx-copybutton_1734572975006/work
2025-04-14T18:58:30.8128473Z sphinx_design @ file:///home/conda/feedstock_root/build_artifacts/sphinx-design_1734614570224/work
2025-04-14T18:58:30.8129245Z sphinxcontrib-applehelp @ file:///home/conda/feedstock_root/build_artifacts/sphinxcontrib-applehelp_1733754101641/work
2025-04-14T18:58:30.8129980Z sphinxcontrib-devhelp @ file:///home/conda/feedstock_root/build_artifacts/sphinxcontrib-devhelp_1733754113405/work
2025-04-14T18:58:30.8130701Z sphinxcontrib-htmlhelp @ file:///home/conda/feedstock_root/build_artifacts/sphinxcontrib-htmlhelp_1733754280555/work
2025-04-14T18:58:30.8131415Z sphinxcontrib-jsmath @ file:///home/conda/feedstock_root/build_artifacts/sphinxcontrib-jsmath_1733753744933/work
2025-04-14T18:58:30.8132223Z sphinxcontrib-qthelp @ file:///home/conda/feedstock_root/build_artifacts/sphinxcontrib-qthelp_1733753408017/work
2025-04-14T18:58:30.8133002Z sphinxcontrib-serializinghtml @ file:///home/conda/feedstock_root/build_artifacts/sphinxcontrib-serializinghtml_1733750479108/work
2025-04-14T18:58:30.8133707Z SQLAlchemy @ file:///home/conda/feedstock_root/build_artifacts/sqlalchemy_1743109639410/work
2025-04-14T18:58:30.8134249Z stack_data @ file:///home/conda/feedstock_root/build_artifacts/stack_data_1733569443808/work
2025-04-14T18:58:30.8134770Z tables @ file:///home/conda/feedstock_root/build_artifacts/pytables_1733265973444/work
2025-04-14T18:58:30.8135282Z tabulate @ file:///home/conda/feedstock_root/build_artifacts/tabulate_1733589744265/work
2025-04-14T18:58:30.8135805Z terminado @ file:///home/conda/feedstock_root/build_artifacts/terminado_1710262609923/work
2025-04-14T18:58:30.8136327Z tinycss2 @ file:///home/conda/feedstock_root/build_artifacts/tinycss2_1729802851396/work
2025-04-14T18:58:30.8136867Z tokenize_rt @ file:///home/conda/feedstock_root/build_artifacts/tokenize-rt_1733251541864/work
2025-04-14T18:58:30.8137378Z toml @ file:///home/conda/feedstock_root/build_artifacts/toml_1734091811753/work
2025-04-14T18:58:30.8137838Z tomli @ file:///home/conda/feedstock_root/build_artifacts/tomli_1733256695513/work
2025-04-14T18:58:30.8138309Z toolz @ file:///home/conda/feedstock_root/build_artifacts/toolz_1733736030883/work
2025-04-14T18:58:30.8138798Z tornado @ file:///home/conda/feedstock_root/build_artifacts/tornado_1732615898999/work
2025-04-14T18:58:30.8139312Z traitlets @ file:///home/conda/feedstock_root/build_artifacts/traitlets_1733367359838/work
2025-04-14T18:58:30.8139876Z types-PyMySQL @ file:///home/conda/feedstock_root/build_artifacts/types-pymysql_1735548018201/work
2025-04-14T18:58:30.8140531Z types-python-dateutil @ file:///home/conda/feedstock_root/build_artifacts/types-python-dateutil_1733612335562/work
2025-04-14T18:58:30.8141157Z types-pytz @ file:///home/conda/feedstock_root/build_artifacts/types-pytz_1742275774713/work
2025-04-14T18:58:30.8141920Z types-PyYAML @ file:///home/conda/feedstock_root/build_artifacts/types-pyyaml_1743792795773/work
2025-04-14T18:58:30.8142589Z types-setuptools @ file:///home/conda/feedstock_root/build_artifacts/bld/rattler-build_types-setuptools_1743245907/work
2025-04-14T18:58:30.8143337Z typing_extensions @ file:///home/conda/feedstock_root/build_artifacts/bld/rattler-build_typing_extensions_1744302253/work
2025-04-14T18:58:30.8143998Z typing_utils @ file:///home/conda/feedstock_root/build_artifacts/typing_utils_1733331286120/work
2025-04-14T18:58:30.8144550Z tzdata @ file:///home/conda/feedstock_root/build_artifacts/python-tzdata_1742745135198/work
2025-04-14T18:58:30.8145066Z ukkonen @ file:///home/conda/feedstock_root/build_artifacts/ukkonen_1725784026316/work
2025-04-14T18:58:30.8145604Z unicodedata2 @ file:///home/conda/feedstock_root/build_artifacts/unicodedata2_1736692496989/work
2025-04-14T18:58:30.8146327Z uri-template @ file:///home/conda/feedstock_root/build_artifacts/uri-template_1733323593477/work/dist
2025-04-14T18:58:30.8146912Z urllib3 @ file:///home/conda/feedstock_root/build_artifacts/urllib3_1744323578849/work
2025-04-14T18:58:30.8147432Z versioneer @ file:///home/conda/feedstock_root/build_artifacts/versioneer_1688747414224/work
2025-04-14T18:58:30.8147974Z virtualenv @ file:///home/conda/feedstock_root/build_artifacts/virtualenv_1743473963109/work
2025-04-14T18:58:30.8148612Z wcwidth @ file:///home/conda/feedstock_root/build_artifacts/wcwidth_1733231326287/work
2025-04-14T18:58:30.8149122Z webcolors @ file:///home/conda/feedstock_root/build_artifacts/webcolors_1733359735138/work
2025-04-14T18:58:30.8149676Z webencodings @ file:///home/conda/feedstock_root/build_artifacts/webencodings_1733236011802/work
2025-04-14T18:58:30.8150278Z websocket-client @ file:///home/conda/feedstock_root/build_artifacts/websocket-client_1733157342724/work
2025-04-14T18:58:30.8150855Z Werkzeug @ file:///home/conda/feedstock_root/build_artifacts/werkzeug_1733160440960/work
2025-04-14T18:58:30.8151458Z widgetsnbextension @ file:///home/conda/feedstock_root/build_artifacts/widgetsnbextension_1744291053367/work
2025-04-14T18:58:30.8152140Z wrapt @ file:///home/conda/feedstock_root/build_artifacts/wrapt_1736869474897/work
2025-04-14T18:58:30.8152618Z xarray @ file:///home/conda/feedstock_root/build_artifacts/xarray_1728453175552/work
2025-04-14T18:58:30.8153096Z xlrd @ file:///home/conda/feedstock_root/build_artifacts/xlrd_1610224409810/work
2025-04-14T18:58:30.8153614Z XlsxWriter @ file:///home/conda/feedstock_root/build_artifacts/xlsxwriter_1738437738720/work
2025-04-14T18:58:30.8154149Z xmltodict @ file:///home/conda/feedstock_root/build_artifacts/xmltodict_1732988210345/work
2025-04-14T18:58:30.8154640Z yarl @ file:///home/conda/feedstock_root/build_artifacts/yarl_1737575777699/work
2025-04-14T18:58:30.8155099Z zipp @ file:///home/conda/feedstock_root/build_artifacts/zipp_1732827521216/work
2025-04-14T18:58:30.8155449Z zstandard==0.23.0
2025-04-14T18:58:30.8815346Z ##[group]Run actions/cache@v4
2025-04-14T18:58:30.8815590Z with:
2025-04-14T18:58:30.8815774Z   path: ~/.cache/pre-commit
2025-04-14T18:58:30.8816148Z   key: pre-commit-3||0c68c4f49c8bc69d706ea0a33153ac4a4bbe785fe9e5a1e677779d4b6df492c1
2025-04-14T18:58:30.8816557Z   enableCrossOsArchive: false
2025-04-14T18:58:30.8816787Z   fail-on-cache-miss: false
2025-04-14T18:58:30.8817003Z   lookup-only: false
2025-04-14T18:58:30.8817215Z   save-always: false
2025-04-14T18:58:30.8817405Z env:
2025-04-14T18:58:30.8817582Z   ENV_FILE: environment.yml
2025-04-14T18:58:30.8817791Z   PANDAS_CI: 1
2025-04-14T18:58:30.8818005Z   MAMBA_ROOT_PREFIX: /home/runner/micromamba
2025-04-14T18:58:30.8818317Z   MAMBA_EXE: /home/runner/micromamba-bin/micromamba
2025-04-14T18:58:30.8818647Z   CONDARC: /home/runner/work/pandas/pandas/ci/.condarc
2025-04-14T18:58:30.8818935Z   PYTHONHOME: 
2025-04-14T18:58:30.8819115Z   PYTHONPATH: 
2025-04-14T18:58:30.8819293Z ##[endgroup]
2025-04-14T18:58:31.1177006Z Cache hit for: pre-commit-3||0c68c4f49c8bc69d706ea0a33153ac4a4bbe785fe9e5a1e677779d4b6df492c1
2025-04-14T18:58:31.3282177Z Received 16552349 of 16552349 (100.0%), 92.9 MBs/sec
2025-04-14T18:58:31.3283193Z Cache Size: ~16 MB (16552349 B)
2025-04-14T18:58:31.3323878Z [command]/usr/bin/tar -xf /home/runner/work/_temp/7410895d-ecf5-46da-b0dd-8e8e22a9cfa7/cache.tzst -P -C /home/runner/work/pandas/pandas --use-compress-program unzstd
2025-04-14T18:58:31.7332017Z Cache restored successfully
2025-04-14T18:58:31.7449840Z Cache restored from key: pre-commit-3||0c68c4f49c8bc69d706ea0a33153ac4a4bbe785fe9e5a1e677779d4b6df492c1
2025-04-14T18:58:31.7543624Z ##[group]Run pre-commit run --show-diff-on-failure --color=always --verbose --hook-stage manual --all-files
2025-04-14T18:58:31.7544332Z [36;1mpre-commit run --show-diff-on-failure --color=always --verbose --hook-stage manual --all-files[0m
2025-04-14T18:58:31.7610753Z shell: /usr/bin/bash --noprofile --norc -e -o pipefail {0}
2025-04-14T18:58:31.7611289Z env:
2025-04-14T18:58:31.7611492Z   ENV_FILE: environment.yml
2025-04-14T18:58:31.7611863Z   PANDAS_CI: 1
2025-04-14T18:58:31.7612092Z   MAMBA_ROOT_PREFIX: /home/runner/micromamba
2025-04-14T18:58:31.7612412Z   MAMBA_EXE: /home/runner/micromamba-bin/micromamba
2025-04-14T18:58:31.7612760Z   CONDARC: /home/runner/work/pandas/pandas/ci/.condarc
2025-04-14T18:58:31.7613078Z   PYTHONHOME: 
2025-04-14T18:58:31.7613277Z   PYTHONPATH: 
2025-04-14T18:58:31.7613476Z ##[endgroup]
2025-04-14T18:58:32.1011129Z fix end of files.........................................................[42mPassed[m
2025-04-14T18:58:32.1012480Z [2m- hook id: end-of-file-fixer[m
2025-04-14T18:58:32.1013030Z [2m- duration: 0.06s[m
2025-04-14T18:58:32.2899776Z trim trailing whitespace.................................................[42mPassed[m
2025-04-14T18:58:32.2900625Z [2m- hook id: trailing-whitespace[m
2025-04-14T18:58:32.2901117Z [2m- duration: 0.18s[m
2025-04-14T18:58:36.4682737Z isort....................................................................[42mPassed[m
2025-04-14T18:58:36.4683483Z [2m- hook id: isort[m
2025-04-14T18:58:36.4683885Z [2m- duration: 4.17s[m
2025-04-14T18:58:36.4684135Z 
2025-04-14T18:58:36.4684275Z Skipped 1 files
2025-04-14T18:58:36.4684470Z 
2025-04-14T18:59:28.5230146Z pyright..................................................................[42mPassed[m
2025-04-14T18:59:28.5230871Z [2m- hook id: pyright[m
2025-04-14T18:59:28.5232746Z [2m- duration: 52.05s[m
2025-04-14T18:59:28.5233070Z 
2025-04-14T18:59:28.5233387Z /home/runner/work/pandas/pandas/pandas/_libs/tslibs/nattype.pyi
2025-04-14T18:59:28.5234559Z   /home/runner/work/pandas/pandas/pandas/_libs/tslibs/nattype.pyi:[33m102[39m:[33m17[39m - [36mwarning[39m: Instance methods should take a "self" parameter[90m (reportSelfClsParameterName)[39m
2025-04-14T18:59:28.5235446Z /home/runner/work/pandas/pandas/pandas/core/interchange/from_dataframe.py
2025-04-14T18:59:28.5236485Z   /home/runner/work/pandas/pandas/pandas/core/interchange/from_dataframe.py:[33m566[39m:[33m16[39m - [36mwarning[39m: Assert expression always evaluates to true[90m (reportAssertAlwaysTrue)[39m
2025-04-14T18:59:28.5237359Z /home/runner/work/pandas/pandas/pandas/core/internals/__init__.py
2025-04-14T18:59:28.5238331Z   /home/runner/work/pandas/pandas/pandas/core/internals/__init__.py:[33m9[39m:[33m5[39m - [36mwarning[39m: "Block" is specified in __all__ but is not present in module[90m (reportUnsupportedDunderAll)[39m
2025-04-14T18:59:28.5239730Z   /home/runner/work/pandas/pandas/pandas/core/internals/__init__.py:[33m11[39m:[33m5[39m - [36mwarning[39m: "ExtensionBlock" is specified in __all__ but is not present in module[90m (reportUnsupportedDunderAll)[39m
2025-04-14T18:59:28.5240519Z 0 errors, 4 warnings, 0 informations
2025-04-14T18:59:28.5240690Z 
2025-04-14T18:59:46.3615589Z pyright reportGeneralTypeIssues..........................................[42mPassed[m
2025-04-14T18:59:46.3616490Z [2m- hook id: pyright[m
2025-04-14T18:59:46.3616969Z [2m- duration: 17.83s[m
2025-04-14T18:59:46.3617191Z 
2025-04-14T18:59:46.3617422Z /home/runner/work/pandas/pandas/pandas/_libs/__init__.py
2025-04-14T18:59:46.3618951Z   /home/runner/work/pandas/pandas/pandas/_libs/__init__.py:[33m18[39m:[33m6[39m - [36mwarning[39m: Import "pandas._libs.interval" could not be resolved from source[90m (reportMissingModuleSource)[39m
2025-04-14T18:59:46.3620312Z /home/runner/work/pandas/pandas/pandas/_libs/tslibs/__init__.py
2025-04-14T18:59:46.3622367Z   /home/runner/work/pandas/pandas/pandas/_libs/tslibs/__init__.py:[33m39[39m:[33m33[39m - [36mwarning[39m: Import "pandas._libs.tslibs.dtypes" could not be resolved from source[90m (reportMissingModuleSource)[39m
2025-04-14T18:59:46.3625133Z   /home/runner/work/pandas/pandas/pandas/_libs/tslibs/__init__.py:[33m40[39m:[33m6[39m - [36mwarning[39m: Import "pandas._libs.tslibs.conversion" could not be resolved from source[90m (reportMissingModuleSource)[39m
2025-04-14T18:59:46.3627848Z   /home/runner/work/pandas/pandas/pandas/_libs/tslibs/__init__.py:[33m41[39m:[33m6[39m - [36mwarning[39m: Import "pandas._libs.tslibs.dtypes" could not be resolved from source[90m (reportMissingModuleSource)[39m
2025-04-14T18:59:46.3631026Z   /home/runner/work/pandas/pandas/pandas/_libs/tslibs/__init__.py:[33m46[39m:[33m6[39m - [36mwarning[39m: Import "pandas._libs.tslibs.nattype" could not be resolved from source[90m (reportMissingModuleSource)[39m
2025-04-14T18:59:46.3634299Z   /home/runner/work/pandas/pandas/pandas/_libs/tslibs/__init__.py:[33m52[39m:[33m6[39m - [36mwarning[39m: Import "pandas._libs.tslibs.np_datetime" could not be resolved from source[90m (reportMissingModuleSource)[39m
2025-04-14T18:59:46.3637033Z   /home/runner/work/pandas/pandas/pandas/_libs/tslibs/__init__.py:[33m62[39m:[33m6[39m - [36mwarning[39m: Import "pandas._libs.tslibs.offsets" could not be resolved from source[90m (reportMissingModuleSource)[39m
2025-04-14T18:59:46.3639765Z   /home/runner/work/pandas/pandas/pandas/_libs/tslibs/__init__.py:[33m67[39m:[33m6[39m - [36mwarning[39m: Import "pandas._libs.tslibs.parsing" could not be resolved from source[90m (reportMissingModuleSource)[39m
2025-04-14T18:59:46.3642980Z   /home/runner/work/pandas/pandas/pandas/_libs/tslibs/__init__.py:[33m68[39m:[33m6[39m - [36mwarning[39m: Import "pandas._libs.tslibs.period" could not be resolved from source[90m (reportMissingModuleSource)[39m
2025-04-14T18:59:46.3645855Z   /home/runner/work/pandas/pandas/pandas/_libs/tslibs/__init__.py:[33m72[39m:[33m6[39m - [36mwarning[39m: Import "pandas._libs.tslibs.timedeltas" could not be resolved from source[90m (reportMissingModuleSource)[39m
2025-04-14T18:59:46.3648684Z   /home/runner/work/pandas/pandas/pandas/_libs/tslibs/__init__.py:[33m77[39m:[33m6[39m - [36mwarning[39m: Import "pandas._libs.tslibs.timestamps" could not be resolved from source[90m (reportMissingModuleSource)[39m
2025-04-14T18:59:46.3650404Z   /home/runner/work/pandas/pandas/pandas/_libs/tslibs/__init__.py:[33m78[39m:[33m6[39m - [36mwarning[39m: Import "pandas._libs.tslibs.timezones" could not be resolved from source[90m (reportMissingModuleSource)[39m
2025-04-14T18:59:46.3652249Z   /home/runner/work/pandas/pandas/pandas/_libs/tslibs/__init__.py:[33m79[39m:[33m6[39m - [36mwarning[39m: Import "pandas._libs.tslibs.tzconversion" could not be resolved from source[90m (reportMissingModuleSource)[39m
2025-04-14T18:59:46.3653746Z   /home/runner/work/pandas/pandas/pandas/_libs/tslibs/__init__.py:[33m80[39m:[33m6[39m - [36mwarning[39m: Import "pandas._libs.tslibs.vectorized" could not be resolved from source[90m (reportMissingModuleSource)[39m
2025-04-14T18:59:46.3654621Z /home/runner/work/pandas/pandas/pandas/_testing/asserters.py
2025-04-14T18:59:46.3655599Z   /home/runner/work/pandas/pandas/pandas/_testing/asserters.py:[33m13[39m:[33m26[39m - [36mwarning[39m: Import "pandas._libs.lib" could not be resolved from source[90m (reportMissingModuleSource)[39m
2025-04-14T18:59:46.3657020Z   /home/runner/work/pandas/pandas/pandas/_testing/asserters.py:[33m14[39m:[33m6[39m - [36mwarning[39m: Import "pandas._libs.missing" could not be resolved from source[90m (reportMissingModuleSource)[39m
2025-04-14T18:59:46.3658432Z   /home/runner/work/pandas/pandas/pandas/_testing/asserters.py:[33m15[39m:[33m6[39m - [36mwarning[39m: Import "pandas._libs.sparse" could not be resolved from source[90m (reportMissingModuleSource)[39m
2025-04-14T18:59:46.3659799Z   /home/runner/work/pandas/pandas/pandas/_testing/asserters.py:[33m16[39m:[33m8[39m - [36mwarning[39m: Import "pandas._libs.testing" could not be resolved from source[90m (reportMissingModuleSource)[39m
2025-04-14T18:59:46.3661205Z   /home/runner/work/pandas/pandas/pandas/_testing/asserters.py:[33m17[39m:[33m6[39m - [36mwarning[39m: Import "pandas._libs.tslibs.np_datetime" could not be resolved from source[90m (reportMissingModuleSource)[39m
2025-04-14T18:59:46.3662333Z /home/runner/work/pandas/pandas/pandas/api/extensions/__init__.py
2025-04-14T18:59:46.3663534Z   /home/runner/work/pandas/pandas/pandas/api/extensions/__init__.py:[33m5[39m:[33m6[39m - [36mwarning[39m: Import "pandas._libs.lib" could not be resolved from source[90m (reportMissingModuleSource)[39m
2025-04-14T18:59:46.3664365Z /home/runner/work/pandas/pandas/pandas/api/types/__init__.py
2025-04-14T18:59:46.3665303Z   /home/runner/work/pandas/pandas/pandas/api/types/__init__.py:[33m5[39m:[33m6[39m - [36mwarning[39m: Import "pandas._libs.lib" could not be resolved from source[90m (reportMissingModuleSource)[39m
2025-04-14T18:59:46.3666241Z /home/runner/work/pandas/pandas/pandas/api/typing/__init__.py
2025-04-14T18:59:46.3667183Z   /home/runner/work/pandas/pandas/pandas/api/typing/__init__.py:[33m6[39m:[33m6[39m - [36mwarning[39m: Import "pandas._libs.lib" could not be resolved from source[90m (reportMissingModuleSource)[39m
2025-04-14T18:59:46.3668523Z   /home/runner/work/pandas/pandas/pandas/api/typing/__init__.py:[33m7[39m:[33m6[39m - [36mwarning[39m: Import "pandas._libs.missing" could not be resolved from source[90m (reportMissingModuleSource)[39m
2025-04-14T18:59:46.3669372Z /home/runner/work/pandas/pandas/pandas/compat/numpy/function.py
2025-04-14T18:59:46.3670365Z   /home/runner/work/pandas/pandas/pandas/compat/numpy/function.py:[33m32[39m:[33m6[39m - [36mwarning[39m: Import "pandas._libs.lib" could not be resolved from source[90m (reportMissingModuleSource)[39m
2025-04-14T18:59:46.3671177Z /home/runner/work/pandas/pandas/pandas/core/api.py
2025-04-14T18:59:46.3672267Z   /home/runner/work/pandas/pandas/pandas/core/api.py:[33m7[39m:[33m6[39m - [36mwarning[39m: Import "pandas._libs.missing" could not be resolved from source[90m (reportMissingModuleSource)[39m
2025-04-14T18:59:46.3673057Z /home/runner/work/pandas/pandas/pandas/core/arraylike.py
2025-04-14T18:59:46.3673980Z   /home/runner/work/pandas/pandas/pandas/core/arraylike.py:[33m15[39m:[33m26[39m - [36mwarning[39m: Import "pandas._libs.lib" could not be resolved from source[90m (reportMissingModuleSource)[39m
2025-04-14T18:59:46.3675357Z   /home/runner/work/pandas/pandas/pandas/core/arraylike.py:[33m16[39m:[33m6[39m - [36mwarning[39m: Import "pandas._libs.ops_dispatch" could not be resolved from source[90m (reportMissingModuleSource)[39m
2025-04-14T18:59:46.3676162Z /home/runner/work/pandas/pandas/pandas/core/base.py
2025-04-14T18:59:46.3677043Z   /home/runner/work/pandas/pandas/pandas/core/base.py:[33m20[39m:[33m26[39m - [36mwarning[39m: Import "pandas._libs.lib" could not be resolved from source[90m (reportMissingModuleSource)[39m
2025-04-14T18:59:46.3677817Z /home/runner/work/pandas/pandas/pandas/core/common.py
2025-04-14T18:59:46.3678704Z   /home/runner/work/pandas/pandas/pandas/core/common.py:[33m36[39m:[33m26[39m - [36mwarning[39m: Import "pandas._libs.lib" could not be resolved from source[90m (reportMissingModuleSource)[39m
2025-04-14T18:59:46.3679482Z /home/runner/work/pandas/pandas/pandas/core/sample.py
2025-04-14T18:59:46.3680382Z   /home/runner/work/pandas/pandas/pandas/core/sample.py:[33m11[39m:[33m26[39m - [36mwarning[39m: Import "pandas._libs.lib" could not be resolved from source[90m (reportMissingModuleSource)[39m
2025-04-14T18:59:46.3681244Z /home/runner/work/pandas/pandas/pandas/core/array_algos/masked_reductions.py
2025-04-14T18:59:46.3682574Z   /home/runner/work/pandas/pandas/pandas/core/array_algos/masked_reductions.py:[33m13[39m:[33m26[39m - [36mwarning[39m: Import "pandas._libs.missing" could not be resolved from source[90m (reportMissingModuleSource)[39m
2025-04-14T18:59:46.3683516Z /home/runner/work/pandas/pandas/pandas/core/array_algos/putmask.py
2025-04-14T18:59:46.3684520Z   /home/runner/work/pandas/pandas/pandas/core/array_algos/putmask.py:[33m14[39m:[33m26[39m - [36mwarning[39m: Import "pandas._libs.lib" could not be resolved from source[90m (reportMissingModuleSource)[39m
2025-04-14T18:59:46.3685411Z /home/runner/work/pandas/pandas/pandas/core/arrays/_arrow_string_mixins.py
2025-04-14T18:59:46.3686606Z   /home/runner/work/pandas/pandas/pandas/core/arrays/_arrow_string_mixins.py:[33m13[39m:[33m26[39m - [36mwarning[39m: Import "pandas._libs.lib" could not be resolved from source[90m (reportMissingModuleSource)[39m
2025-04-14T18:59:46.3687470Z /home/runner/work/pandas/pandas/pandas/core/arrays/_ranges.py
2025-04-14T18:59:46.3688416Z   /home/runner/work/pandas/pandas/pandas/core/arrays/_ranges.py:[33m12[39m:[33m6[39m - [36mwarning[39m: Import "pandas._libs.lib" could not be resolved from source[90m (reportMissingModuleSource)[39m
2025-04-14T18:59:46.3689340Z /home/runner/work/pandas/pandas/pandas/core/arrays/_utils.py
2025-04-14T18:59:46.3690274Z   /home/runner/work/pandas/pandas/pandas/core/arrays/_utils.py:[33m10[39m:[33m26[39m - [36mwarning[39m: Import "pandas._libs.lib" could not be resolved from source[90m (reportMissingModuleSource)[39m
2025-04-14T18:59:46.3691094Z /home/runner/work/pandas/pandas/pandas/core/arrays/numeric.py
2025-04-14T18:59:46.3692372Z   /home/runner/work/pandas/pandas/pandas/core/arrays/numeric.py:[33m12[39m:[33m5[39m - [36mwarning[39m: Import "pandas._libs.lib" could not be resolved from source[90m (reportMissingModuleSource)[39m
2025-04-14T18:59:46.3693792Z   /home/runner/work/pandas/pandas/pandas/core/arrays/numeric.py:[33m13[39m:[33m5[39m - [36mwarning[39m: Import "pandas._libs.missing" could not be resolved from source[90m (reportMissingModuleSource)[39m
2025-04-14T18:59:46.3694639Z /home/runner/work/pandas/pandas/pandas/core/arrays/numpy_.py
2025-04-14T18:59:46.3695593Z   /home/runner/work/pandas/pandas/pandas/core/arrays/numpy_.py:[33m11[39m:[33m26[39m - [36mwarning[39m: Import "pandas._libs.lib" could not be resolved from source[90m (reportMissingModuleSource)[39m
2025-04-14T18:59:46.3696470Z /home/runner/work/pandas/pandas/pandas/core/arrays/sparse/scipy_sparse.py
2025-04-14T18:59:46.3697527Z   /home/runner/work/pandas/pandas/pandas/core/arrays/sparse/scipy_sparse.py:[33m11[39m:[33m26[39m - [36mwarning[39m: Import "pandas._libs.lib" could not be resolved from source[90m (reportMissingModuleSource)[39m
2025-04-14T18:59:46.3698404Z /home/runner/work/pandas/pandas/pandas/core/dtypes/astype.py
2025-04-14T18:59:46.3699347Z   /home/runner/work/pandas/pandas/pandas/core/dtypes/astype.py:[33m17[39m:[33m26[39m - [36mwarning[39m: Import "pandas._libs.lib" could not be resolved from source[90m (reportMissingModuleSource)[39m
2025-04-14T18:59:46.3700783Z   /home/runner/work/pandas/pandas/pandas/core/dtypes/astype.py:[33m18[39m:[33m6[39m - [36mwarning[39m: Import "pandas._libs.tslibs.timedeltas" could not be resolved from source[90m (reportMissingModuleSource)[39m
2025-04-14T18:59:46.3701864Z /home/runner/work/pandas/pandas/pandas/core/dtypes/base.py
2025-04-14T18:59:46.3702829Z   /home/runner/work/pandas/pandas/pandas/core/dtypes/base.py:[33m17[39m:[33m26[39m - [36mwarning[39m: Import "pandas._libs.missing" could not be resolved from source[90m (reportMissingModuleSource)[39m
2025-04-14T18:59:46.3704225Z   /home/runner/work/pandas/pandas/pandas/core/dtypes/base.py:[33m18[39m:[33m6[39m - [36mwarning[39m: Import "pandas._libs.hashtable" could not be resolved from source[90m (reportMissingModuleSource)[39m
2025-04-14T18:59:46.3705625Z   /home/runner/work/pandas/pandas/pandas/core/dtypes/base.py:[33m19[39m:[33m6[39m - [36mwarning[39m: Import "pandas._libs.properties" could not be resolved from source[90m (reportMissingModuleSource)[39m
2025-04-14T18:59:46.3706486Z /home/runner/work/pandas/pandas/pandas/core/dtypes/inference.py
2025-04-14T18:59:46.3707464Z   /home/runner/work/pandas/pandas/pandas/core/dtypes/inference.py:[33m13[39m:[33m26[39m - [36mwarning[39m: Import "pandas._libs.lib" could not be resolved from source[90m (reportMissingModuleSource)[39m
2025-04-14T18:59:46.3708313Z /home/runner/work/pandas/pandas/pandas/core/dtypes/missing.py
2025-04-14T18:59:46.3709271Z   /home/runner/work/pandas/pandas/pandas/core/dtypes/missing.py:[33m16[39m:[33m26[39m - [36mwarning[39m: Import "pandas._libs.lib" could not be resolved from source[90m (reportMissingModuleSource)[39m
2025-04-14T18:59:46.3710816Z   /home/runner/work/pandas/pandas/pandas/core/dtypes/missing.py:[33m17[39m:[33m8[39m - [36mwarning[39m: Import "pandas._libs.missing" could not be resolved from source[90m (reportMissingModuleSource)[39m
2025-04-14T18:59:46.3712445Z   /home/runner/work/pandas/pandas/pandas/core/dtypes/missing.py:[33m50[39m:[33m10[39m - [36mwarning[39m: Import "pandas._libs.missing" could not be resolved from source[90m (reportMissingModuleSource)[39m
2025-04-14T18:59:46.3713460Z /home/runner/work/pandas/pandas/pandas/core/indexers/objects.py
2025-04-14T18:59:46.3714492Z   /home/runner/work/pandas/pandas/pandas/core/indexers/objects.py:[33m10[39m:[33m6[39m - [36mwarning[39m: Import "pandas._libs.window.indexers" could not be resolved from source[90m (reportMissingModuleSource)[39m
2025-04-14T18:59:46.3715398Z /home/runner/work/pandas/pandas/pandas/core/indexes/accessors.py
2025-04-14T18:59:46.3716394Z   /home/runner/work/pandas/pandas/pandas/core/indexes/accessors.py:[33m16[39m:[33m26[39m - [36mwarning[39m: Import "pandas._libs.lib" could not be resolved from source[90m (reportMissingModuleSource)[39m
2025-04-14T18:59:46.3717231Z /home/runner/work/pandas/pandas/pandas/core/indexes/api.py
2025-04-14T18:59:46.3718158Z   /home/runner/work/pandas/pandas/pandas/core/indexes/api.py:[33m12[39m:[33m5[39m - [36mwarning[39m: Import "pandas._libs.lib" could not be resolved from source[90m (reportMissingModuleSource)[39m
2025-04-14T18:59:46.3718974Z /home/runner/work/pandas/pandas/pandas/core/indexes/range.py
2025-04-14T18:59:46.3719927Z   /home/runner/work/pandas/pandas/pandas/core/indexes/range.py:[33m22[39m:[33m5[39m - [36mwarning[39m: Import "pandas._libs.index" could not be resolved from source[90m (reportMissingModuleSource)[39m
2025-04-14T18:59:46.3721289Z   /home/runner/work/pandas/pandas/pandas/core/indexes/range.py:[33m23[39m:[33m5[39m - [36mwarning[39m: Import "pandas._libs.lib" could not be resolved from source[90m (reportMissingModuleSource)[39m
2025-04-14T18:59:46.3722767Z   /home/runner/work/pandas/pandas/pandas/core/indexes/range.py:[33m25[39m:[33m6[39m - [36mwarning[39m: Import "pandas._libs.lib" could not be resolved from source[90m (reportMissingModuleSource)[39m
2025-04-14T18:59:46.3723608Z /home/runner/work/pandas/pandas/pandas/core/indexes/timedeltas.py
2025-04-14T18:59:46.3724608Z   /home/runner/work/pandas/pandas/pandas/core/indexes/timedeltas.py:[33m8[39m:[33m5[39m - [36mwarning[39m: Import "pandas._libs.index" could not be resolved from source[90m (reportMissingModuleSource)[39m
2025-04-14T18:59:46.3726018Z   /home/runner/work/pandas/pandas/pandas/core/indexes/timedeltas.py:[33m9[39m:[33m5[39m - [36mwarning[39m: Import "pandas._libs.lib" could not be resolved from source[90m (reportMissingModuleSource)[39m
2025-04-14T18:59:46.3726873Z /home/runner/work/pandas/pandas/pandas/core/interchange/column.py
2025-04-14T18:59:46.3727864Z   /home/runner/work/pandas/pandas/pandas/core/interchange/column.py:[33m10[39m:[33m6[39m - [36mwarning[39m: Import "pandas._libs.lib" could not be resolved from source[90m (reportMissingModuleSource)[39m
2025-04-14T18:59:46.3728719Z /home/runner/work/pandas/pandas/pandas/core/interchange/utils.py
2025-04-14T18:59:46.3729694Z   /home/runner/work/pandas/pandas/pandas/core/interchange/utils.py:[33m11[39m:[33m26[39m - [36mwarning[39m: Import "pandas._libs.lib" could not be resolved from source[90m (reportMissingModuleSource)[39m
2025-04-14T18:59:46.3730551Z /home/runner/work/pandas/pandas/pandas/core/internals/concat.py
2025-04-14T18:59:46.3731692Z   /home/runner/work/pandas/pandas/pandas/core/internals/concat.py:[33m12[39m:[33m5[39m - [36mwarning[39m: Import "pandas._libs.algos" could not be resolved from source[90m (reportMissingModuleSource)[39m
2025-04-14T18:59:46.3733263Z   /home/runner/work/pandas/pandas/pandas/core/internals/concat.py:[33m13[39m:[33m5[39m - [36mwarning[39m: Import "pandas._libs.internals" could not be resolved from source[90m (reportMissingModuleSource)[39m
2025-04-14T18:59:46.3734853Z   /home/runner/work/pandas/pandas/pandas/core/internals/concat.py:[33m14[39m:[33m5[39m - [36mwarning[39m: Import "pandas._libs.lib" could not be resolved from source[90m (reportMissingModuleSource)[39m
2025-04-14T18:59:46.3736321Z   /home/runner/work/pandas/pandas/pandas/core/internals/concat.py:[33m16[39m:[33m6[39m - [36mwarning[39m: Import "pandas._libs.missing" could not be resolved from source[90m (reportMissingModuleSource)[39m
2025-04-14T18:59:46.3737294Z /home/runner/work/pandas/pandas/pandas/core/internals/ops.py
2025-04-14T18:59:46.3738263Z   /home/runner/work/pandas/pandas/pandas/core/internals/ops.py:[33m13[39m:[33m10[39m - [36mwarning[39m: Import "pandas._libs.internals" could not be resolved from source[90m (reportMissingModuleSource)[39m
2025-04-14T18:59:46.3739124Z /home/runner/work/pandas/pandas/pandas/core/methods/selectn.py
2025-04-14T18:59:46.3740106Z   /home/runner/work/pandas/pandas/pandas/core/methods/selectn.py:[33m20[39m:[33m26[39m - [36mwarning[39m: Import "pandas._libs.algos" could not be resolved from source[90m (reportMissingModuleSource)[39m
2025-04-14T18:59:46.3740953Z /home/runner/work/pandas/pandas/pandas/core/methods/to_dict.py
2025-04-14T18:59:46.3742012Z   /home/runner/work/pandas/pandas/pandas/core/methods/to_dict.py:[33m13[39m:[33m5[39m - [36mwarning[39m: Import "pandas._libs.lib" could not be resolved from source[90m (reportMissingModuleSource)[39m
2025-04-14T18:59:46.3743420Z   /home/runner/work/pandas/pandas/pandas/core/methods/to_dict.py:[33m14[39m:[33m5[39m - [36mwarning[39m: Import "pandas._libs.missing" could not be resolved from source[90m (reportMissingModuleSource)[39m
2025-04-14T18:59:46.3744246Z /home/runner/work/pandas/pandas/pandas/core/ops/common.py
2025-04-14T18:59:46.3745166Z   /home/runner/work/pandas/pandas/pandas/core/ops/common.py:[33m10[39m:[33m6[39m - [36mwarning[39m: Import "pandas._libs.lib" could not be resolved from source[90m (reportMissingModuleSource)[39m
2025-04-14T18:59:46.3746517Z   /home/runner/work/pandas/pandas/pandas/core/ops/common.py:[33m11[39m:[33m6[39m - [36mwarning[39m: Import "pandas._libs.missing" could not be resolved from source[90m (reportMissingModuleSource)[39m
2025-04-14T18:59:46.3747336Z /home/runner/work/pandas/pandas/pandas/core/ops/mask_ops.py
2025-04-14T18:59:46.3748256Z   /home/runner/work/pandas/pandas/pandas/core/ops/mask_ops.py:[33m12[39m:[33m5[39m - [36mwarning[39m: Import "pandas._libs.lib" could not be resolved from source[90m (reportMissingModuleSource)[39m
2025-04-14T18:59:46.3749598Z   /home/runner/work/pandas/pandas/pandas/core/ops/mask_ops.py:[33m13[39m:[33m5[39m - [36mwarning[39m: Import "pandas._libs.missing" could not be resolved from source[90m (reportMissingModuleSource)[39m
2025-04-14T18:59:46.3750427Z /home/runner/work/pandas/pandas/pandas/core/reshape/encoding.py
2025-04-14T18:59:46.3751423Z   /home/runner/work/pandas/pandas/pandas/core/reshape/encoding.py:[33m13[39m:[33m26[39m - [36mwarning[39m: Import "pandas._libs.missing" could not be resolved from source[90m (reportMissingModuleSource)[39m
2025-04-14T18:59:46.3753052Z   /home/runner/work/pandas/pandas/pandas/core/reshape/encoding.py:[33m14[39m:[33m6[39m - [36mwarning[39m: Import "pandas._libs.sparse" could not be resolved from source[90m (reportMissingModuleSource)[39m
2025-04-14T18:59:46.3753914Z /home/runner/work/pandas/pandas/pandas/core/reshape/reshape.py
2025-04-14T18:59:46.3754891Z   /home/runner/work/pandas/pandas/pandas/core/reshape/reshape.py:[33m15[39m:[33m8[39m - [36mwarning[39m: Import "pandas._libs.reshape" could not be resolved from source[90m (reportMissingModuleSource)[39m
2025-04-14T18:59:46.3755731Z /home/runner/work/pandas/pandas/pandas/core/strings/base.py
2025-04-14T18:59:46.3756658Z   /home/runner/work/pandas/pandas/pandas/core/strings/base.py:[33m9[39m:[33m26[39m - [36mwarning[39m: Import "pandas._libs.lib" could not be resolved from source[90m (reportMissingModuleSource)[39m
2025-04-14T18:59:46.3757633Z /home/runner/work/pandas/pandas/pandas/core/strings/object_array.py
2025-04-14T18:59:46.3758634Z   /home/runner/work/pandas/pandas/pandas/core/strings/object_array.py:[33m16[39m:[33m26[39m - [36mwarning[39m: Import "pandas._libs.lib" could not be resolved from source[90m (reportMissingModuleSource)[39m
2025-04-14T18:59:46.3760065Z   /home/runner/work/pandas/pandas/pandas/core/strings/object_array.py:[33m17[39m:[33m8[39m - [36mwarning[39m: Import "pandas._libs.missing" could not be resolved from source[90m (reportMissingModuleSource)[39m
2025-04-14T18:59:46.3761787Z   /home/runner/work/pandas/pandas/pandas/core/strings/object_array.py:[33m18[39m:[33m8[39m - [36mwarning[39m: Import "pandas._libs.ops" could not be resolved from source[90m (reportMissingModuleSource)[39m
2025-04-14T18:59:46.3762652Z /home/runner/work/pandas/pandas/pandas/core/tools/timedeltas.py
2025-04-14T18:59:46.3763723Z   /home/runner/work/pandas/pandas/pandas/core/tools/timedeltas.py:[33m15[39m:[33m26[39m - [36mwarning[39m: Import "pandas._libs.lib" could not be resolved from source[90m (reportMissingModuleSource)[39m
2025-04-14T18:59:46.3773753Z   /home/runner/work/pandas/pandas/pandas/core/tools/timedeltas.py:[33m20[39m:[33m6[39m - [36mwarning[39m: Import "pandas._libs.tslibs.timedeltas" could not be resolved from source[90m (reportMissingModuleSource)[39m
2025-04-14T18:59:46.3775413Z   /home/runner/work/pandas/pandas/pandas/core/tools/timedeltas.py:[33m39[39m:[33m10[39m - [36mwarning[39m: Import "pandas._libs.tslibs.timedeltas" could not be resolved from source[90m (reportMissingModuleSource)[39m
2025-04-14T18:59:46.3776350Z /home/runner/work/pandas/pandas/pandas/core/tools/times.py
2025-04-14T18:59:46.3777308Z   /home/runner/work/pandas/pandas/pandas/core/tools/times.py:[33m11[39m:[33m6[39m - [36mwarning[39m: Import "pandas._libs.lib" could not be resolved from source[90m (reportMissingModuleSource)[39m
2025-04-14T18:59:46.3778105Z /home/runner/work/pandas/pandas/pandas/io/_util.py
2025-04-14T18:59:46.3778967Z   /home/runner/work/pandas/pandas/pandas/io/_util.py:[33m12[39m:[33m26[39m - [36mwarning[39m: Import "pandas._libs.lib" could not be resolved from source[90m (reportMissingModuleSource)[39m
2025-04-14T18:59:46.3779722Z /home/runner/work/pandas/pandas/pandas/io/clipboards.py
2025-04-14T18:59:46.3780660Z   /home/runner/work/pandas/pandas/pandas/io/clipboards.py:[33m9[39m:[33m26[39m - [36mwarning[39m: Import "pandas._libs.lib" could not be resolved from source[90m (reportMissingModuleSource)[39m
2025-04-14T18:59:46.3781471Z /home/runner/work/pandas/pandas/pandas/io/feather_format.py
2025-04-14T18:59:46.3782652Z   /home/runner/work/pandas/pandas/pandas/io/feather_format.py:[33m13[39m:[33m26[39m - [36mwarning[39m: Import "pandas._libs.lib" could not be resolved from source[90m (reportMissingModuleSource)[39m
2025-04-14T18:59:46.3783442Z /home/runner/work/pandas/pandas/pandas/io/html.py
2025-04-14T18:59:46.3784301Z   /home/runner/work/pandas/pandas/pandas/io/html.py:[33m21[39m:[33m26[39m - [36mwarning[39m: Import "pandas._libs.lib" could not be resolved from source[90m (reportMissingModuleSource)[39m
2025-04-14T18:59:46.3785040Z /home/runner/work/pandas/pandas/pandas/io/orc.py
2025-04-14T18:59:46.3785883Z   /home/runner/work/pandas/pandas/pandas/io/orc.py:[33m12[39m:[33m26[39m - [36mwarning[39m: Import "pandas._libs.lib" could not be resolved from source[90m (reportMissingModuleSource)[39m
2025-04-14T18:59:46.3786628Z /home/runner/work/pandas/pandas/pandas/io/parquet.py
2025-04-14T18:59:46.3787503Z   /home/runner/work/pandas/pandas/pandas/io/parquet.py:[33m18[39m:[33m26[39m - [36mwarning[39m: Import "pandas._libs.lib" could not be resolved from source[90m (reportMissingModuleSource)[39m
2025-04-14T18:59:46.3788252Z /home/runner/work/pandas/pandas/pandas/io/spss.py
2025-04-14T18:59:46.3789104Z   /home/runner/work/pandas/pandas/pandas/io/spss.py:[33m8[39m:[33m26[39m - [36mwarning[39m: Import "pandas._libs.lib" could not be resolved from source[90m (reportMissingModuleSource)[39m
2025-04-14T18:59:46.3790014Z /home/runner/work/pandas/pandas/pandas/io/xml.py
2025-04-14T18:59:46.3790853Z   /home/runner/work/pandas/pandas/pandas/io/xml.py:[33m14[39m:[33m26[39m - [36mwarning[39m: Import "pandas._libs.lib" could not be resolved from source[90m (reportMissingModuleSource)[39m
2025-04-14T18:59:46.3791983Z /home/runner/work/pandas/pandas/pandas/io/formats/csvs.py
2025-04-14T18:59:46.3792939Z   /home/runner/work/pandas/pandas/pandas/io/formats/csvs.py:[33m23[39m:[33m26[39m - [36mwarning[39m: Import "pandas._libs.writers" could not be resolved from source[90m (reportMissingModuleSource)[39m
2025-04-14T18:59:46.3793751Z /home/runner/work/pandas/pandas/pandas/io/formats/html.py
2025-04-14T18:59:46.3794660Z   /home/runner/work/pandas/pandas/pandas/io/formats/html.py:[33m17[39m:[33m26[39m - [36mwarning[39m: Import "pandas._libs.lib" could not be resolved from source[90m (reportMissingModuleSource)[39m
2025-04-14T18:59:46.3795486Z /home/runner/work/pandas/pandas/pandas/io/json/_table_schema.py
2025-04-14T18:59:46.3796439Z   /home/runner/work/pandas/pandas/pandas/io/json/_table_schema.py:[33m16[39m:[33m26[39m - [36mwarning[39m: Import "pandas._libs.lib" could not be resolved from source[90m (reportMissingModuleSource)[39m
2025-04-14T18:59:46.3797790Z   /home/runner/work/pandas/pandas/pandas/io/json/_table_schema.py:[33m17[39m:[33m6[39m - [36mwarning[39m: Import "pandas._libs.json" could not be resolved from source[90m (reportMissingModuleSource)[39m
2025-04-14T18:59:46.3799205Z   /home/runner/work/pandas/pandas/pandas/io/json/_table_schema.py:[33m18[39m:[33m33[39m - [36mwarning[39m: Import "pandas._libs.tslibs.timezones" could not be resolved from source[90m (reportMissingModuleSource)[39m
2025-04-14T18:59:46.3800097Z /home/runner/work/pandas/pandas/pandas/io/parsers/python_parser.py
2025-04-14T18:59:46.3801091Z   /home/runner/work/pandas/pandas/pandas/io/parsers/python_parser.py:[33m23[39m:[33m26[39m - [36mwarning[39m: Import "pandas._libs.lib" could not be resolved from source[90m (reportMissingModuleSource)[39m
2025-04-14T18:59:46.3802120Z /home/runner/work/pandas/pandas/pandas/io/parsers/readers.py
2025-04-14T18:59:46.3803080Z   /home/runner/work/pandas/pandas/pandas/io/parsers/readers.py:[33m29[39m:[33m26[39m - [36mwarning[39m: Import "pandas._libs.lib" could not be resolved from source[90m (reportMissingModuleSource)[39m
2025-04-14T18:59:46.3804471Z   /home/runner/work/pandas/pandas/pandas/io/parsers/readers.py:[33m30[39m:[33m6[39m - [36mwarning[39m: Import "pandas._libs.parsers" could not be resolved from source[90m (reportMissingModuleSource)[39m
2025-04-14T18:59:46.3805301Z /home/runner/work/pandas/pandas/pandas/io/sas/sas7bdat.py
2025-04-14T18:59:46.3806237Z   /home/runner/work/pandas/pandas/pandas/io/sas/sas7bdat.py:[33m27[39m:[33m6[39m - [36mwarning[39m: Import "pandas._libs.byteswap" could not be resolved from source[90m (reportMissingModuleSource)[39m
2025-04-14T18:59:46.3807590Z   /home/runner/work/pandas/pandas/pandas/io/sas/sas7bdat.py:[33m34[39m:[33m6[39m - [36mwarning[39m: Import "pandas._libs.sas" could not be resolved from source[90m (reportMissingModuleSource)[39m
2025-04-14T18:59:46.3808979Z   /home/runner/work/pandas/pandas/pandas/io/sas/sas7bdat.py:[33m38[39m:[33m6[39m - [36mwarning[39m: Import "pandas._libs.tslibs.conversion" could not be resolved from source[90m (reportMissingModuleSource)[39m
2025-04-14T18:59:46.3809901Z /home/runner/work/pandas/pandas/pandas/plotting/_matplotlib/converter.py
2025-04-14T18:59:46.3810943Z   /home/runner/work/pandas/pandas/pandas/plotting/_matplotlib/converter.py:[33m22[39m:[33m26[39m - [36mwarning[39m: Import "pandas._libs.lib" could not be resolved from source[90m (reportMissingModuleSource)[39m
2025-04-14T18:59:46.3812669Z   /home/runner/work/pandas/pandas/pandas/plotting/_matplotlib/converter.py:[33m27[39m:[33m6[39m - [36mwarning[39m: Import "pandas._libs.tslibs.dtypes" could not be resolved from source[90m (reportMissingModuleSource)[39m
2025-04-14T18:59:46.3814393Z   /home/runner/work/pandas/pandas/pandas/plotting/_matplotlib/converter.py:[33m63[39m:[33m10[39m - [36mwarning[39m: Import "pandas._libs.tslibs.offsets" could not be resolved from source[90m (reportMissingModuleSource)[39m
2025-04-14T18:59:46.3815296Z /home/runner/work/pandas/pandas/pandas/tseries/api.py
2025-04-14T18:59:46.3816408Z   /home/runner/work/pandas/pandas/pandas/tseries/api.py:[33m5[39m:[33m6[39m - [36mwarning[39m: Import "pandas._libs.tslibs.parsing" could not be resolved from source[90m (reportMissingModuleSource)[39m
2025-04-14T18:59:46.3817235Z /home/runner/work/pandas/pandas/pandas/tseries/offsets.py
2025-04-14T18:59:46.3818198Z   /home/runner/work/pandas/pandas/pandas/tseries/offsets.py:[33m3[39m:[33m6[39m - [36mwarning[39m: Import "pandas._libs.tslibs.offsets" could not be resolved from source[90m (reportMissingModuleSource)[39m
2025-04-14T18:59:46.3819052Z /home/runner/work/pandas/pandas/pandas/util/_decorators.py
2025-04-14T18:59:46.3820001Z   /home/runner/work/pandas/pandas/pandas/util/_decorators.py:[33m13[39m:[33m6[39m - [36mwarning[39m: Import "pandas._libs.properties" could not be resolved from source[90m (reportMissingModuleSource)[39m
2025-04-14T18:59:46.3820825Z /home/runner/work/pandas/pandas/pandas/util/_validators.py
2025-04-14T18:59:46.3821910Z   /home/runner/work/pandas/pandas/pandas/util/_validators.py:[33m19[39m:[33m26[39m - [36mwarning[39m: Import "pandas._libs.lib" could not be resolved from source[90m (reportMissingModuleSource)[39m
2025-04-14T18:59:46.3822661Z 0 errors, 107 warnings, 0 informations
2025-04-14T18:59:46.3822841Z 
2025-04-14T19:01:33.8610590Z mypy.....................................................................[42mPassed[m
2025-04-14T19:01:33.8611025Z [2m- hook id: mypy[m
2025-04-14T19:01:33.8611294Z [2m- duration: 107.49s[m
2025-04-14T19:01:33.8611472Z 
2025-04-14T19:01:33.8611806Z Success: no issues found in 1451 source files
2025-04-14T19:01:33.8612150Z 
2025-04-14T19:02:37.0645769Z mypy (stubtest)..........................................................[42mPassed[m
2025-04-14T19:02:37.0646495Z [2m- hook id: mypy[m
2025-04-14T19:02:37.0646877Z [2m- duration: 63.2s[m
