2025-04-14T18:50:43.1082550Z Prepare all required actions
2025-04-14T18:50:43.1108384Z ##[group]Run ./.github/actions/build_pandas
2025-04-14T18:50:43.1108648Z with:
2025-04-14T18:50:43.1108821Z   editable: true
2025-04-14T18:50:43.1108999Z env:
2025-04-14T18:50:43.1109174Z   ENV_FILE: environment.yml
2025-04-14T18:50:43.1109388Z   PANDAS_CI: 1
2025-04-14T18:50:43.1109590Z   MAMBA_ROOT_PREFIX: /home/runner/micromamba
2025-04-14T18:50:43.1109881Z   MAMBA_EXE: /home/runner/micromamba-bin/micromamba
2025-04-14T18:50:43.1110203Z   CONDARC: /home/runner/work/pandas/pandas/ci/.condarc
2025-04-14T18:50:43.1110480Z ##[endgroup]
2025-04-14T18:50:43.1125104Z ##[group]Run micromamba info
2025-04-14T18:50:43.1125369Z [36;1mmicromamba info[0m
2025-04-14T18:50:43.1125581Z [36;1mmicromamba list[0m
2025-04-14T18:50:43.1125799Z [36;1mpip list --pre[0m
2025-04-14T18:50:43.1183236Z shell: /usr/bin/bash -el {0}
2025-04-14T18:50:43.1183477Z env:
2025-04-14T18:50:43.1183661Z   ENV_FILE: environment.yml
2025-04-14T18:50:43.1183889Z   PANDAS_CI: 1
2025-04-14T18:50:43.1184145Z   MAMBA_ROOT_PREFIX: /home/runner/micromamba
2025-04-14T18:50:43.1184652Z   MAMBA_EXE: /home/runner/micromamba-bin/micromamba
2025-04-14T18:50:43.1184978Z   CONDARC: /home/runner/work/pandas/pandas/ci/.condarc
2025-04-14T18:50:43.1185274Z ##[endgroup]
2025-04-14T18:50:43.5633883Z 
2025-04-14T18:50:43.5634321Z        libmamba version : 2.1.0
2025-04-14T18:50:43.5634668Z      micromamba version : 2.1.0
2025-04-14T18:50:43.5635149Z            curl version : libcurl/8.13.0 OpenSSL/3.5.0 zlib/1.3.1 zstd/1.5.7 libssh2/1.11.1 nghttp2/1.64.0
2025-04-14T18:50:43.5635767Z      libarchive version : libarchive 3.7.7 zlib/1.3.1 bz2lib/1.0.8 libzstd/1.5.6
2025-04-14T18:50:43.5636247Z        envs directories : /home/runner/micromamba/envs
2025-04-14T18:50:43.5636639Z           package cache : /home/runner/micromamba/pkgs
2025-04-14T18:50:43.5636990Z                           /home/runner/.mamba/pkgs
2025-04-14T18:50:43.5637311Z             environment : test (active)
2025-04-14T18:50:43.5637657Z            env location : /home/runner/micromamba/envs/test
2025-04-14T18:50:43.5638051Z       user config files : /home/runner/.mambarc
2025-04-14T18:50:43.5638488Z  populated config files : /home/runner/work/pandas/pandas/ci/.condarc
2025-04-14T18:50:43.5638904Z        virtual packages : __unix=0=0
2025-04-14T18:50:43.5639192Z                           __linux=6.8.0=0
2025-04-14T18:50:43.5639478Z                           __glibc=2.35=0
2025-04-14T18:50:43.5639774Z                           __archspec=1=x86_64_v3
2025-04-14T18:50:43.5640181Z                channels : https://conda.anaconda.org/conda-forge/linux-64
2025-04-14T18:50:43.5640626Z                           https://conda.anaconda.org/conda-forge/noarch
2025-04-14T18:50:43.5641012Z        base environment : /home/runner/micromamba
2025-04-14T18:50:43.5641339Z                platform : linux-64
2025-04-14T18:50:45.3847117Z List of packages in environment: "/home/runner/micromamba/envs/test"
2025-04-14T18:50:45.3847732Z 
2025-04-14T18:50:45.3847960Z   Name                              Version            Build                 Channel    
2025-04-14T18:50:45.3848998Z â”€â”€â”€â”€â”€â”€â”€â”€â”€â”€â”€â”€â”€â”€â”€â”€â”€â”€â”€â”€â”€â”€â”€â”€â”€â”€â”€â”€â”€â”€â”€â”€â”€â”€â”€â”€â”€â”€â”€â”€â”€â”€â”€â”€â”€â”€â”€â”€â”€â”€â”€â”€â”€â”€â”€â”€â”€â”€â”€â”€â”€â”€â”€â”€â”€â”€â”€â”€â”€â”€â”€â”€â”€â”€â”€â”€â”€â”€â”€â”€â”€â”€â”€â”€â”€â”€â”€â”€â”€â”€
2025-04-14T18:50:45.3849699Z   _libgcc_mutex                     0.1                conda_forge           conda-forge
2025-04-14T18:50:45.3850465Z   _openmp_mutex                     4.5                2_gnu                 conda-forge
2025-04-14T18:50:45.3851317Z   accessible-pygments               0.0.5              pyhd8ed1ab_1          conda-forge
2025-04-14T18:50:45.3852476Z   adbc-driver-postgresql            1.5.0              pypi_0                pypi       
2025-04-14T18:50:45.3853343Z   adbc-driver-sqlite                1.5.0              pypi_0                pypi       
2025-04-14T18:50:45.3854140Z   aiobotocore                       2.21.1             pyhd8ed1ab_0          conda-forge
2025-04-14T18:50:45.3854895Z   aiohappyeyeballs                  2.6.1              pyhd8ed1ab_0          conda-forge
2025-04-14T18:50:45.3855951Z   aiohttp                           3.11.16            py310h89163eb_0       conda-forge
2025-04-14T18:50:45.3856854Z   aioitertools                      0.12.0             pyhd8ed1ab_1          conda-forge
2025-04-14T18:50:45.3857647Z   aiosignal                         1.3.2              pyhd8ed1ab_0          conda-forge
2025-04-14T18:50:45.3858420Z   aiosmtpd                          1.4.6              pyhd8ed1ab_1          conda-forge
2025-04-14T18:50:45.3859168Z   alabaster                         1.0.0              pyhd8ed1ab_1          conda-forge
2025-04-14T18:50:45.3859902Z   alsa-lib                          1.2.13             hb9d3cd8_0            conda-forge
2025-04-14T18:50:45.3860548Z   anyio                             4.9.0              pyh29332c3_0          conda-forge
2025-04-14T18:50:45.3861011Z   argon2-cffi                       23.1.0             pyhd8ed1ab_1          conda-forge
2025-04-14T18:50:45.3861462Z   argon2-cffi-bindings              21.2.0             py310ha75aee5_5       conda-forge
2025-04-14T18:50:45.3862275Z   arrow                             1.3.0              pyhd8ed1ab_1          conda-forge
2025-04-14T18:50:45.3862649Z   asttokens                         3.0.0              pyhd8ed1ab_1          conda-forge
2025-04-14T18:50:45.3863003Z   asv                               0.6.4              py310hf71b8c6_1       conda-forge
2025-04-14T18:50:45.3863344Z   asv_runner                        0.2.1              pyhd8ed1ab_0          conda-forge
2025-04-14T18:50:45.3863699Z   async-lru                         2.0.5              pyh29332c3_0          conda-forge
2025-04-14T18:50:45.3864060Z   async-timeout                     5.0.1              pyhd8ed1ab_1          conda-forge
2025-04-14T18:50:45.3864427Z   atpublic                          5.1                pyhd8ed1ab_0          conda-forge
2025-04-14T18:50:45.3864762Z   attr                              2.5.1              h166bdaf_1            conda-forge
2025-04-14T18:50:45.3865087Z   attrs                             25.3.0             pyh71513ae_0          conda-forge
2025-04-14T18:50:45.3865444Z   aws-c-auth                        0.8.7              h7743f02_1            conda-forge
2025-04-14T18:50:45.3865786Z   aws-c-cal                         0.8.7              h7d555fd_1            conda-forge
2025-04-14T18:50:45.3866130Z   aws-c-common                      0.12.1             hb9d3cd8_0            conda-forge
2025-04-14T18:50:45.3866512Z   aws-c-compression                 0.3.1              hcbd9e4e_3            conda-forge
2025-04-14T18:50:45.3866911Z   aws-c-event-stream                0.5.4              h286e7e7_3            conda-forge
2025-04-14T18:50:45.3867285Z   aws-c-http                        0.9.5              hbca0721_0            conda-forge
2025-04-14T18:50:45.3867622Z   aws-c-io                          0.17.0             ha855f32_8            conda-forge
2025-04-14T18:50:45.3867963Z   aws-c-mqtt                        0.12.2             hffac463_3            conda-forge
2025-04-14T18:50:45.3868306Z   aws-c-s3                          0.7.13             h4c9fe3b_3            conda-forge
2025-04-14T18:50:45.3868668Z   aws-c-sdkutils                    0.2.3              hcbd9e4e_3            conda-forge
2025-04-14T18:50:45.3869049Z   aws-checksums                     0.2.3              hcbd9e4e_3            conda-forge
2025-04-14T18:50:45.3869415Z   aws-crt-cpp                       0.31.1             h46b750d_1            conda-forge
2025-04-14T18:50:45.3869771Z   aws-sdk-cpp                       1.11.510           h1fa5cb7_4            conda-forge
2025-04-14T18:50:45.3870136Z   aws-xray-sdk                      2.14.0             pyhd8ed1ab_1          conda-forge
2025-04-14T18:50:45.3870605Z   azure-core-cpp                    1.14.0             h5cfcd09_0            conda-forge
2025-04-14T18:50:45.3871110Z   azure-identity-cpp                1.10.0             h113e628_0            conda-forge
2025-04-14T18:50:45.3871706Z   azure-storage-blobs-cpp           12.13.0            h3cf044e_1            conda-forge
2025-04-14T18:50:45.3872342Z   azure-storage-common-cpp          12.8.0             h736e048_1            conda-forge
2025-04-14T18:50:45.3872824Z   azure-storage-files-datalake-cpp  12.12.0            ha633028_1            conda-forge
2025-04-14T18:50:45.3873244Z   babel                             2.17.0             pyhd8ed1ab_0          conda-forge
2025-04-14T18:50:45.3873607Z   beautifulsoup4                    4.13.3             pyha770c72_0          conda-forge
2025-04-14T18:50:45.3873971Z   binutils                          2.43               h4852527_4            conda-forge
2025-04-14T18:50:45.3874340Z   binutils_impl_linux-64            2.43               h4bf12b8_4            conda-forge
2025-04-14T18:50:45.3874728Z   binutils_linux-64                 2.43               h4852527_4            conda-forge
2025-04-14T18:50:45.3875079Z   bleach                            6.2.0              pyh29332c3_4          conda-forge
2025-04-14T18:50:45.3875433Z   bleach-with-css                   6.2.0              h82add2a_4            conda-forge
2025-04-14T18:50:45.3875916Z   blinker                           1.9.0              pyhff2d567_0          conda-forge
2025-04-14T18:50:45.3876250Z   blosc                             1.21.6             he440d0b_1            conda-forge
2025-04-14T18:50:45.3876575Z   boto3                             1.37.1             pyhd8ed1ab_0          conda-forge
2025-04-14T18:50:45.3876917Z   botocore                          1.37.1             pyge310_1234567_0     conda-forge
2025-04-14T18:50:45.3877267Z   bottleneck                        1.4.2              py310hf462985_0       conda-forge
2025-04-14T18:50:45.3877614Z   brotli                            1.1.0              hb9d3cd8_2            conda-forge
2025-04-14T18:50:45.3877953Z   brotli-bin                        1.1.0              hb9d3cd8_2            conda-forge
2025-04-14T18:50:45.3878318Z   brotli-python                     1.1.0              py310hf71b8c6_2       conda-forge
2025-04-14T18:50:45.3878678Z   bzip2                             1.0.8              h4bc722e_7            conda-forge
2025-04-14T18:50:45.3879015Z   c-ares                            1.34.5             hb9d3cd8_0            conda-forge
2025-04-14T18:50:45.3879347Z   c-blosc2                          2.15.2             h3122c55_1            conda-forge
2025-04-14T18:50:45.3879690Z   c-compiler                        1.9.0              h2b85faf_0            conda-forge
2025-04-14T18:50:45.3880061Z   ca-certificates                   2025.1.31          hbcca054_0            conda-forge
2025-04-14T18:50:45.3880455Z   cached-property                   1.5.2              hd8ed1ab_1            conda-forge
2025-04-14T18:50:45.3880849Z   cached_property                   1.5.2              pyha770c72_1          conda-forge
2025-04-14T18:50:45.3881220Z   cachetools                        5.5.2              pyhd8ed1ab_0          conda-forge
2025-04-14T18:50:45.3881717Z   cairo                             1.18.4             h3394656_0            conda-forge
2025-04-14T18:50:45.3882073Z   certifi                           2025.1.31          pyhd8ed1ab_0          conda-forge
2025-04-14T18:50:45.3882408Z   cffi                              1.17.1             py310h8deb56e_0       conda-forge
2025-04-14T18:50:45.3882730Z   cfgv                              3.3.1              pyhd8ed1ab_1          conda-forge
2025-04-14T18:50:45.3883095Z   charset-normalizer                3.4.1              pyhd8ed1ab_0          conda-forge
2025-04-14T18:50:45.3883462Z   click                             8.1.8              pyh707e725_0          conda-forge
2025-04-14T18:50:45.3883810Z   cloudpickle                       3.1.1              pyhd8ed1ab_0          conda-forge
2025-04-14T18:50:45.3884169Z   colorama                          0.4.6              pyhd8ed1ab_1          conda-forge
2025-04-14T18:50:45.3884496Z   comm                              0.2.2              pyhd8ed1ab_1          conda-forge
2025-04-14T18:50:45.3884831Z   contourpy                         1.3.1              py310h3788b33_0       conda-forge
2025-04-14T18:50:45.3885315Z   coverage                          7.8.0              py310h89163eb_0       conda-forge
2025-04-14T18:50:45.3885678Z   cramjam                           2.8.4rc3           py310hed47299_2       conda-forge
2025-04-14T18:50:45.3886048Z   cryptography                      44.0.2             py310h6c63255_0       conda-forge
2025-04-14T18:50:45.3886423Z   cxx-compiler                      1.9.0              h1a2810e_0            conda-forge
2025-04-14T18:50:45.3886774Z   cycler                            0.12.1             pyhd8ed1ab_1          conda-forge
2025-04-14T18:50:45.3887117Z   cyrus-sasl                        2.1.27             h54b06d7_7            conda-forge
2025-04-14T18:50:45.3887465Z   cython                            3.0.12             py310had8cdd9_0       conda-forge
2025-04-14T18:50:45.3887814Z   dask-core                         2025.3.0           pyhd8ed1ab_0          conda-forge
2025-04-14T18:50:45.3888156Z   dbus                              1.13.6             h5008d03_3            conda-forge
2025-04-14T18:50:45.3888608Z   debugpy                           1.8.14             py310hf71b8c6_0       conda-forge
2025-04-14T18:50:45.3888959Z   decorator                         5.2.1              pyhd8ed1ab_0          conda-forge
2025-04-14T18:50:45.3889311Z   defusedxml                        0.7.1              pyhd8ed1ab_0          conda-forge
2025-04-14T18:50:45.3889795Z   distlib                           0.3.9              pyhd8ed1ab_1          conda-forge
2025-04-14T18:50:45.3890377Z   docutils                          0.21.2             pyhd8ed1ab_1          conda-forge
2025-04-14T18:50:45.3890933Z   doit                              0.36.0             pyhd8ed1ab_1          conda-forge
2025-04-14T18:50:45.3891665Z   double-conversion                 3.3.1              h5888daf_0            conda-forge
2025-04-14T18:50:45.3892312Z   et_xmlfile                        2.0.0              pyhd8ed1ab_1          conda-forge
2025-04-14T18:50:45.3892958Z   exceptiongroup                    1.2.2              pyhd8ed1ab_1          conda-forge
2025-04-14T18:50:45.3893596Z   execnet                           2.1.1              pyhd8ed1ab_1          conda-forge
2025-04-14T18:50:45.3894204Z   executing                         2.1.0              pyhd8ed1ab_1          conda-forge
2025-04-14T18:50:45.3894735Z   expat                             2.7.0              h5888daf_0            conda-forge
2025-04-14T18:50:45.3895308Z   fastparquet                       2024.11.0          py310hf462985_0       conda-forge
2025-04-14T18:50:45.3895964Z   feedparser                        6.0.11             pyhd8ed1ab_1          conda-forge
2025-04-14T18:50:45.3896597Z   filelock                          3.18.0             pyhd8ed1ab_0          conda-forge
2025-04-14T18:50:45.3897034Z   flake8                            7.1.0              pyhd8ed1ab_0          conda-forge
2025-04-14T18:50:45.3897371Z   flask                             3.1.0              pyhd8ed1ab_1          conda-forge
2025-04-14T18:50:45.3897724Z   flask-cors                        5.0.1              pyh29332c3_0          conda-forge
2025-04-14T18:50:45.3898123Z   font-ttf-dejavu-sans-mono         2.37               hab24e00_0            conda-forge
2025-04-14T18:50:45.3898555Z   font-ttf-inconsolata              3.000              h77eed37_0            conda-forge
2025-04-14T18:50:45.3898982Z   font-ttf-source-code-pro          2.038              h77eed37_0            conda-forge
2025-04-14T18:50:45.3899390Z   font-ttf-ubuntu                   0.83               h77eed37_3            conda-forge
2025-04-14T18:50:45.3899764Z   fontconfig                        2.15.0             h7e30c49_1            conda-forge
2025-04-14T18:50:45.3900150Z   fonts-conda-ecosystem             1                  0                     conda-forge
2025-04-14T18:50:45.3900545Z   fonts-conda-forge                 1                  0                     conda-forge
2025-04-14T18:50:45.3901088Z   fonttools                         4.57.0             py310h89163eb_0       conda-forge
2025-04-14T18:50:45.3901426Z   fqdn                              1.5.1              pyhd8ed1ab_1          conda-forge
2025-04-14T18:50:45.3901965Z   freetype                          2.13.3             h48d6fc4_0            conda-forge
2025-04-14T18:50:45.3902321Z   frozenlist                        1.5.0              py310h89163eb_1       conda-forge
2025-04-14T18:50:45.3902675Z   fsspec                            2025.3.2           pyhd8ed1ab_0          conda-forge
2025-04-14T18:50:45.3903004Z   gcc                               13.3.0             h9576a4e_2            conda-forge
2025-04-14T18:50:45.3903348Z   gcc_impl_linux-64                 13.3.0             h1e990d8_2            conda-forge
2025-04-14T18:50:45.3903702Z   gcc_linux-64                      13.3.0             hc28eda2_8            conda-forge
2025-04-14T18:50:45.3904046Z   gcsfs                             2025.3.2           pyhd8ed1ab_0          conda-forge
2025-04-14T18:50:45.3904594Z   gettext                           0.23.1             h5888daf_0            conda-forge
2025-04-14T18:50:45.3904951Z   gettext-tools                     0.23.1             h5888daf_0            conda-forge
2025-04-14T18:50:45.3905303Z   gflags                            2.2.2              h5888daf_1005         conda-forge
2025-04-14T18:50:45.3905636Z   gitdb                             4.0.12             pyhd8ed1ab_0          conda-forge
2025-04-14T18:50:45.3905998Z   gitpython                         3.1.44             pyhff2d567_0          conda-forge
2025-04-14T18:50:45.3906346Z   glib                              2.84.1             h07242d1_0            conda-forge
2025-04-14T18:50:45.3906680Z   glib-tools                        2.84.1             h4833e2c_0            conda-forge
2025-04-14T18:50:45.3907017Z   glog                              0.7.1              hbabe93e_0            conda-forge
2025-04-14T18:50:45.3907375Z   google-api-core                   2.24.2             pyhd8ed1ab_0          conda-forge
2025-04-14T18:50:45.3907762Z   google-auth                       2.38.0             pyhd8ed1ab_0          conda-forge
2025-04-14T18:50:45.3908151Z   google-auth-oauthlib              1.2.1              pyhd8ed1ab_1          conda-forge
2025-04-14T18:50:45.3908580Z   google-cloud-core                 2.4.3              pyhd8ed1ab_0          conda-forge
2025-04-14T18:50:45.3908994Z   google-cloud-storage              3.1.0              pyhd8ed1ab_0          conda-forge
2025-04-14T18:50:45.3909394Z   google-crc32c                     1.7.1              py310hd027165_0       conda-forge
2025-04-14T18:50:45.3909799Z   google-resumable-media            2.7.2              pyhd8ed1ab_2          conda-forge
2025-04-14T18:50:45.3910244Z   googleapis-common-protos          1.69.2             pyhd8ed1ab_0          conda-forge
2025-04-14T18:50:45.3910650Z   graphite2                         1.3.13             h59595ed_1003         conda-forge
2025-04-14T18:50:45.3911018Z   greenlet                          3.1.1              py310hf71b8c6_1       conda-forge
2025-04-14T18:50:45.3911367Z   grpcio                            1.71.0             py310h7053be5_0       conda-forge
2025-04-14T18:50:45.3911919Z   gst-plugins-base                  1.24.7             h0a52356_0            conda-forge
2025-04-14T18:50:45.3912294Z   gstreamer                         1.24.7             hf3bb09a_0            conda-forge
2025-04-14T18:50:45.3912626Z   gxx                               13.3.0             h9576a4e_2            conda-forge
2025-04-14T18:50:45.3912964Z   gxx_impl_linux-64                 13.3.0             hae580e1_2            conda-forge
2025-04-14T18:50:45.3913314Z   gxx_linux-64                      13.3.0             h6834431_8            conda-forge
2025-04-14T18:50:45.3913646Z   h11                               0.14.0             pyhd8ed1ab_1          conda-forge
2025-04-14T18:50:45.3913958Z   h2                                4.2.0              pyhd8ed1ab_0          conda-forge
2025-04-14T18:50:45.3914410Z   harfbuzz                          11.0.1             h2c12942_0            conda-forge
2025-04-14T18:50:45.3914748Z   hdf5                              1.14.4             nompi_h2d575fe_105    conda-forge
2025-04-14T18:50:45.3915080Z   hpack                             4.1.0              pyhd8ed1ab_0          conda-forge
2025-04-14T18:50:45.3915417Z   html5lib                          1.1                pyhd8ed1ab_2          conda-forge
2025-04-14T18:50:45.3915766Z   httpcore                          1.0.7              pyh29332c3_1          conda-forge
2025-04-14T18:50:45.3916103Z   httpx                             0.28.1             pyhd8ed1ab_0          conda-forge
2025-04-14T18:50:45.3916454Z   hyperframe                        6.1.0              pyhd8ed1ab_0          conda-forge
2025-04-14T18:50:45.3916818Z   hypothesis                        6.131.0            pyha770c72_0          conda-forge
2025-04-14T18:50:45.3917155Z   icu                               75.1               he02047a_0            conda-forge
2025-04-14T18:50:45.3917596Z   identify                          2.6.9              pyhd8ed1ab_0          conda-forge
2025-04-14T18:50:45.3917934Z   idna                              3.10               pyhd8ed1ab_1          conda-forge
2025-04-14T18:50:45.3918274Z   imagesize                         1.4.1              pyhd8ed1ab_0          conda-forge
2025-04-14T18:50:45.3918656Z   importlib-metadata                8.6.1              pyha770c72_0          conda-forge
2025-04-14T18:50:45.3919068Z   importlib_resources               6.5.2              pyhd8ed1ab_0          conda-forge
2025-04-14T18:50:45.3919447Z   iniconfig                         2.0.0              pyhd8ed1ab_1          conda-forge
2025-04-14T18:50:45.3919797Z   ipykernel                         6.29.5             pyh3099207_0          conda-forge
2025-04-14T18:50:45.3920146Z   ipython                           8.35.0             pyh907856f_0          conda-forge
2025-04-14T18:50:45.3920504Z   ipywidgets                        8.1.6              pyhd8ed1ab_0          conda-forge
2025-04-14T18:50:45.3920878Z   isoduration                       20.11.0            pyhd8ed1ab_1          conda-forge
2025-04-14T18:50:45.3921252Z   itsdangerous                      2.2.0              pyhd8ed1ab_1          conda-forge
2025-04-14T18:50:45.3921790Z   jedi                              0.19.2             pyhd8ed1ab_1          conda-forge
2025-04-14T18:50:45.3922123Z   jinja2                            3.1.6              pyhd8ed1ab_0          conda-forge
2025-04-14T18:50:45.3922463Z   jmespath                          1.0.1              pyhd8ed1ab_1          conda-forge
2025-04-14T18:50:45.3922808Z   joserfc                           1.0.4              pyhd8ed1ab_0          conda-forge
2025-04-14T18:50:45.3923141Z   json5                             0.12.0             pyhd8ed1ab_0          conda-forge
2025-04-14T18:50:45.3923484Z   jsondiff                          2.2.1              pyhd8ed1ab_1          conda-forge
2025-04-14T18:50:45.3923842Z   jsonpointer                       3.0.0              py310hff52083_1       conda-forge
2025-04-14T18:50:45.3924203Z   jsonschema                        4.23.0             pyhd8ed1ab_1          conda-forge
2025-04-14T18:50:45.3924577Z   jsonschema-path                   0.3.4              pyh29332c3_0          conda-forge
2025-04-14T18:50:45.3925008Z   jsonschema-specifications         2024.10.1          pyhd8ed1ab_1          conda-forge
2025-04-14T18:50:45.3925488Z   jsonschema-with-format-nongpl     4.23.0             hd8ed1ab_1            conda-forge
2025-04-14T18:50:45.3925921Z   jupyter-lsp                       2.2.5              pyhd8ed1ab_1          conda-forge
2025-04-14T18:50:45.3926295Z   jupyter_client                    8.6.3              pyhd8ed1ab_1          conda-forge
2025-04-14T18:50:45.3926719Z   jupyter_core                      5.7.2              pyh31011fe_1          conda-forge
2025-04-14T18:50:45.3927088Z   jupyter_events                    0.12.0             pyh29332c3_0          conda-forge
2025-04-14T18:50:45.3927604Z   jupyter_server                    2.15.0             pyhd8ed1ab_0          conda-forge
2025-04-14T18:50:45.3928007Z   jupyter_server_terminals          0.5.3              pyhd8ed1ab_1          conda-forge
2025-04-14T18:50:45.3928411Z   jupyterlab                        4.4.0              pyhd8ed1ab_0          conda-forge
2025-04-14T18:50:45.3928794Z   jupyterlab_pygments               0.3.0              pyhd8ed1ab_2          conda-forge
2025-04-14T18:50:45.3929195Z   jupyterlab_server                 2.27.3             pyhd8ed1ab_1          conda-forge
2025-04-14T18:50:45.3929590Z   jupyterlab_widgets                3.0.14             pyhd8ed1ab_0          conda-forge
2025-04-14T18:50:45.3929990Z   jupyterlite-core                  0.5.1              pyh885dcc9_0          conda-forge
2025-04-14T18:50:45.3930420Z   jupyterlite-pyodide-kernel        0.5.2              pyh885dcc9_0          conda-forge
2025-04-14T18:50:45.3930892Z   kernel-headers_linux-64           3.10.0             he073ed8_18           conda-forge
2025-04-14T18:50:45.3931396Z   keyutils                          1.6.1              h166bdaf_0            conda-forge
2025-04-14T18:50:45.3931919Z   kiwisolver                        1.4.7              py310h3788b33_0       conda-forge
2025-04-14T18:50:45.3932253Z   krb5                              1.21.3             h659f571_0            conda-forge
2025-04-14T18:50:45.3932569Z   lame                              3.100              h166bdaf_1003         conda-forge
2025-04-14T18:50:45.3932934Z   lazy-object-proxy                 1.10.0             py310ha75aee5_2       conda-forge
2025-04-14T18:50:45.3933299Z   lcms2                             2.17               h717163a_0            conda-forge
2025-04-14T18:50:45.3933642Z   ld_impl_linux-64                  2.43               h712a8e2_4            conda-forge
2025-04-14T18:50:45.3933976Z   lerc                              4.0.0              h27087fc_0            conda-forge
2025-04-14T18:50:45.3934318Z   libabseil                         20250127.1         cxx17_hbbce691_0      conda-forge
2025-04-14T18:50:45.3934677Z   libaec                            1.1.3              h59595ed_0            conda-forge
2025-04-14T18:50:45.3935015Z   libarrow                          19.0.1             hb90904d_7_cpu        conda-forge
2025-04-14T18:50:45.3935382Z   libarrow-acero                    19.0.1             hcb10f89_7_cpu        conda-forge
2025-04-14T18:50:45.3935771Z   libarrow-dataset                  19.0.1             hcb10f89_7_cpu        conda-forge
2025-04-14T18:50:45.3936177Z   libarrow-substrait                19.0.1             h1bed206_7_cpu        conda-forge
2025-04-14T18:50:45.3936561Z   libasprintf                       0.23.1             h8e693c7_0            conda-forge
2025-04-14T18:50:45.3936942Z   libasprintf-devel                 0.23.1             h8e693c7_0            conda-forge
2025-04-14T18:50:45.3937316Z   libblas                           3.9.0              31_h59b9bed_openblas  conda-forge
2025-04-14T18:50:45.3937690Z   libbrotlicommon                   1.1.0              hb9d3cd8_2            conda-forge
2025-04-14T18:50:45.3938067Z   libbrotlidec                      1.1.0              hb9d3cd8_2            conda-forge
2025-04-14T18:50:45.3938432Z   libbrotlienc                      1.1.0              hb9d3cd8_2            conda-forge
2025-04-14T18:50:45.3938777Z   libcap                            2.75               h39aace5_0            conda-forge
2025-04-14T18:50:45.3939121Z   libcblas                          3.9.0              31_he106b2a_openblas  conda-forge
2025-04-14T18:50:45.3939494Z   libclang-cpp20.1                  20.1.2             default_hb5137d0_0    conda-forge
2025-04-14T18:50:45.3939870Z   libclang13                        20.1.2             default_h9c6a7e4_0    conda-forge
2025-04-14T18:50:45.3940231Z   libcrc32c                         1.1.2              h9c3ff4c_0            conda-forge
2025-04-14T18:50:45.3940718Z   libcups                           2.3.3              h4637d8d_4            conda-forge
2025-04-14T18:50:45.3941053Z   libcurl                           8.13.0             h332b0f4_0            conda-forge
2025-04-14T18:50:45.3941399Z   libdeflate                        1.23               h4ddbbb0_0            conda-forge
2025-04-14T18:50:45.3941943Z   libdrm                            2.4.124            hb9d3cd8_0            conda-forge
2025-04-14T18:50:45.3942290Z   libedit                           3.1.20250104       pl5321h7949ede_0      conda-forge
2025-04-14T18:50:45.3942634Z   libegl                            1.7.0              ha4b6fd6_2            conda-forge
2025-04-14T18:50:45.3942956Z   libev                             4.33               hd590300_2            conda-forge
2025-04-14T18:50:45.3943287Z   libevent                          2.1.12             hf998b51_1            conda-forge
2025-04-14T18:50:45.3943634Z   libexpat                          2.7.0              h5888daf_0            conda-forge
2025-04-14T18:50:45.3943974Z   libffi                            3.4.6              h2dba641_1            conda-forge
2025-04-14T18:50:45.3944430Z   libflac                           1.4.3              h59595ed_0            conda-forge
2025-04-14T18:50:45.3944761Z   libgcc                            14.2.0             h767d61c_2            conda-forge
2025-04-14T18:50:45.3945129Z   libgcc-devel_linux-64             13.3.0             hc03c837_102          conda-forge
2025-04-14T18:50:45.3945498Z   libgcc-ng                         14.2.0             h69a702a_2            conda-forge
2025-04-14T18:50:45.3945857Z   libgcrypt-lib                     1.11.0             hb9d3cd8_2            conda-forge
2025-04-14T18:50:45.3946228Z   libgettextpo                      0.23.1             h5888daf_0            conda-forge
2025-04-14T18:50:45.3946616Z   libgettextpo-devel                0.23.1             h5888daf_0            conda-forge
2025-04-14T18:50:45.3946997Z   libgfortran                       14.2.0             h69a702a_2            conda-forge
2025-04-14T18:50:45.3947373Z   libgfortran5                      14.2.0             hf1ad2bd_2            conda-forge
2025-04-14T18:50:45.3947715Z   libgl                             1.7.0              ha4b6fd6_2            conda-forge
2025-04-14T18:50:45.3948046Z   libglib                           2.84.1             h2ff4ddf_0            conda-forge
2025-04-14T18:50:45.3948384Z   libglvnd                          1.7.0              ha4b6fd6_2            conda-forge
2025-04-14T18:50:45.3948717Z   libglx                            1.7.0              ha4b6fd6_2            conda-forge
2025-04-14T18:50:45.3949048Z   libgomp                           14.2.0             h767d61c_2            conda-forge
2025-04-14T18:50:45.3949407Z   libgoogle-cloud                   2.36.0             hc4361e1_1            conda-forge
2025-04-14T18:50:45.3949817Z   libgoogle-cloud-storage           2.36.0             h0121fbd_1            conda-forge
2025-04-14T18:50:45.3950216Z   libgpg-error                      1.53               hbd13f7d_0            conda-forge
2025-04-14T18:50:45.3950582Z   libgrpc                           1.71.0             he753a82_0            conda-forge
2025-04-14T18:50:45.3950917Z   libiconv                          1.18               h4ce23a2_1            conda-forge
2025-04-14T18:50:45.3951272Z   libjpeg-turbo                     3.0.0              hd590300_1            conda-forge
2025-04-14T18:50:45.3951794Z   liblapack                         3.9.0              31_h7ac8fdf_openblas  conda-forge
2025-04-14T18:50:45.3952152Z   libllvm20                         20.1.2             ha7bfdaf_0            conda-forge
2025-04-14T18:50:45.3952489Z   liblzma                           5.8.1              hb9d3cd8_0            conda-forge
2025-04-14T18:50:45.3952836Z   libnghttp2                        1.64.0             h161d5f1_0            conda-forge
2025-04-14T18:50:45.3953193Z   libnsl                            2.0.1              hd590300_0            conda-forge
2025-04-14T18:50:45.3953673Z   libntlm                           1.8                hb9d3cd8_0            conda-forge
2025-04-14T18:50:45.3954015Z   libogg                            1.3.5              h4ab18f5_0            conda-forge
2025-04-14T18:50:45.3954370Z   libopenblas                       0.3.29             pthreads_h94d23a6_0   conda-forge
2025-04-14T18:50:45.3954725Z   libopengl                         1.7.0              ha4b6fd6_2            conda-forge
2025-04-14T18:50:45.3955115Z   libopentelemetry-cpp              1.20.0             hd1b1c89_0            conda-forge
2025-04-14T18:50:45.3955565Z   libopentelemetry-cpp-headers      1.20.0             ha770c72_0            conda-forge
2025-04-14T18:50:45.3955977Z   libopus                           1.5.2              hd0c01bc_0            conda-forge
2025-04-14T18:50:45.3956327Z   libparquet                        19.0.1             h081d1f1_7_cpu        conda-forge
2025-04-14T18:50:45.3956691Z   libpciaccess                      0.18               hd590300_0            conda-forge
2025-04-14T18:50:45.3957232Z   libpng                            1.6.47             h943b412_0            conda-forge
2025-04-14T18:50:45.3957561Z   libpq                             17.4               h27ae623_1            conda-forge
2025-04-14T18:50:45.3957905Z   libprotobuf                       5.29.3             h501fc15_0            conda-forge
2025-04-14T18:50:45.3958268Z   libre2-11                         2024.07.02         hba17884_3            conda-forge
2025-04-14T18:50:45.3958633Z   libsanitizer                      13.3.0             he8ea267_2            conda-forge
2025-04-14T18:50:45.3959000Z   libsndfile                        1.2.2              hc60ed4a_1            conda-forge
2025-04-14T18:50:45.3959351Z   libsodium                         1.0.20             h4ab18f5_0            conda-forge
2025-04-14T18:50:45.3959699Z   libsqlite                         3.49.1             hee588c1_2            conda-forge
2025-04-14T18:50:45.3960040Z   libssh2                           1.11.1             hf672d98_0            conda-forge
2025-04-14T18:50:45.3960391Z   libstdcxx                         14.2.0             h8f9b012_2            conda-forge
2025-04-14T18:50:45.3960778Z   libstdcxx-devel_linux-64          13.3.0             hc03c837_102          conda-forge
2025-04-14T18:50:45.3961205Z   libstdcxx-ng                      14.2.0             h4852527_2            conda-forge
2025-04-14T18:50:45.3961745Z   libsystemd0                       257.4              h4e0b6ca_1            conda-forge
2025-04-14T18:50:45.3962122Z   libthrift                         0.21.0             h0e7cc3e_0            conda-forge
2025-04-14T18:50:45.3962475Z   libtiff                           4.7.0              hd9ff511_3            conda-forge
2025-04-14T18:50:45.3962827Z   libutf8proc                       2.10.0             h4c51ac1_0            conda-forge
2025-04-14T18:50:45.3963178Z   libuuid                           2.38.1             h0b41bf4_0            conda-forge
2025-04-14T18:50:45.3963521Z   libvorbis                         1.3.7              h9c3ff4c_0            conda-forge
2025-04-14T18:50:45.3963875Z   libwebp-base                      1.5.0              h851e524_0            conda-forge
2025-04-14T18:50:45.3964218Z   libxcb                            1.17.0             h8a09558_0            conda-forge
2025-04-14T18:50:45.3964556Z   libxcrypt                         4.4.36             hd590300_1            conda-forge
2025-04-14T18:50:45.3964915Z   libxkbcommon                      1.8.1              hc4a0caf_0            conda-forge
2025-04-14T18:50:45.3965266Z   libxml2                           2.13.7             h4bc477f_1            conda-forge
2025-04-14T18:50:45.3965600Z   libxslt                           1.1.39             h76b75d6_0            conda-forge
2025-04-14T18:50:45.3965930Z   libzlib                           1.3.1              hb9d3cd8_2            conda-forge
2025-04-14T18:50:45.3966273Z   llvmlite                          0.44.0             py310h1a6248f_1       conda-forge
2025-04-14T18:50:45.3966749Z   locket                            1.0.0              pyhd8ed1ab_0          conda-forge
2025-04-14T18:50:45.3967080Z   lxml                              5.3.2              py310h490dddc_0       conda-forge
2025-04-14T18:50:45.3967400Z   lz4-c                             1.10.0             h5888daf_1            conda-forge
2025-04-14T18:50:45.3967731Z   markdown                          3.6                pyhd8ed1ab_0          conda-forge
2025-04-14T18:50:45.3968079Z   markupsafe                        3.0.2              py310h89163eb_1       conda-forge
2025-04-14T18:50:45.3968437Z   matplotlib                        3.10.1             py310hff52083_0       conda-forge
2025-04-14T18:50:45.3968811Z   matplotlib-base                   3.10.1             py310h68603db_0       conda-forge
2025-04-14T18:50:45.3969209Z   matplotlib-inline                 0.1.7              pyhd8ed1ab_1          conda-forge
2025-04-14T18:50:45.3969580Z   mccabe                            0.7.0              pyhd8ed1ab_1          conda-forge
2025-04-14T18:50:45.3970029Z   meson                             1.2.1              pyhd8ed1ab_0          conda-forge
2025-04-14T18:50:45.3970374Z   meson-python                      0.13.1             pyh0c530f3_0          conda-forge
2025-04-14T18:50:45.3970732Z   mistune                           3.1.3              pyh29332c3_0          conda-forge
2025-04-14T18:50:45.3971059Z   moto                              5.1.3              pyhd8ed1ab_0          conda-forge
2025-04-14T18:50:45.3971382Z   mpg123                            1.32.9             hc50e24c_0            conda-forge
2025-04-14T18:50:45.3971898Z   multidict                         6.3.2              py310h89163eb_0       conda-forge
2025-04-14T18:50:45.3972255Z   munkres                           1.1.4              pyh9f0ad1d_0          conda-forge
2025-04-14T18:50:45.3972585Z   mypy                              1.13.0             py310ha75aee5_0       conda-forge
2025-04-14T18:50:45.3972939Z   mypy_extensions                   1.0.0              pyha770c72_1          conda-forge
2025-04-14T18:50:45.3973316Z   mysql-common                      9.0.1              h266115a_6            conda-forge
2025-04-14T18:50:45.3973672Z   mysql-libs                        9.0.1              he0572af_6            conda-forge
2025-04-14T18:50:45.3974018Z   natsort                           8.4.0              pyh29332c3_1          conda-forge
2025-04-14T18:50:45.3974358Z   nbclient                          0.10.2             pyhd8ed1ab_0          conda-forge
2025-04-14T18:50:45.3974706Z   nbconvert                         7.16.6             hb482800_0            conda-forge
2025-04-14T18:50:45.3975065Z   nbconvert-core                    7.16.6             pyh29332c3_0          conda-forge
2025-04-14T18:50:45.3975454Z   nbconvert-pandoc                  7.16.6             hed9df3c_0            conda-forge
2025-04-14T18:50:45.3975830Z   nbformat                          5.10.4             pyhd8ed1ab_1          conda-forge
2025-04-14T18:50:45.3976186Z   nbsphinx                          0.9.7              pyhd8ed1ab_0          conda-forge
2025-04-14T18:50:45.3976536Z   ncurses                           6.5                h2d0b736_3            conda-forge
2025-04-14T18:50:45.3976895Z   nest-asyncio                      1.6.0              pyhd8ed1ab_1          conda-forge
2025-04-14T18:50:45.3977237Z   ninja                             1.12.1             h297d8ca_0            conda-forge
2025-04-14T18:50:45.3977583Z   nlohmann_json                     3.12.0             h3f2d84a_0            conda-forge
2025-04-14T18:50:45.3977937Z   nodeenv                           1.9.1              pyhd8ed1ab_1          conda-forge
2025-04-14T18:50:45.3978266Z   nomkl                             1.0                h5ca1d4c_0            conda-forge
2025-04-14T18:50:45.3978602Z   notebook                          7.4.0              pyhd8ed1ab_0          conda-forge
2025-04-14T18:50:45.3978963Z   notebook-shim                     0.2.4              pyhd8ed1ab_1          conda-forge
2025-04-14T18:50:45.3979434Z   nspr                              4.36               h5888daf_0            conda-forge
2025-04-14T18:50:45.3979744Z   nss                               3.110              h159eef7_0            conda-forge
2025-04-14T18:50:45.3980063Z   numba                             0.61.2             py310h699fe88_0       conda-forge
2025-04-14T18:50:45.3980401Z   numexpr                           2.10.2             py310hdb6e06b_100     conda-forge
2025-04-14T18:50:45.3980735Z   numpy                             2.2.4              py310hefbff90_0       conda-forge
2025-04-14T18:50:45.3981074Z   numpydoc                          1.8.0              pyhd8ed1ab_1          conda-forge
2025-04-14T18:50:45.3981414Z   oauthlib                          3.2.2              pyhd8ed1ab_1          conda-forge
2025-04-14T18:50:45.3981922Z   odfpy                             1.4.1              pyhd8ed1ab_1          conda-forge
2025-04-14T18:50:45.3982327Z   openapi-schema-validator          0.6.3              pyhd8ed1ab_0          conda-forge
2025-04-14T18:50:45.3982897Z   openapi-spec-validator            0.7.1              pyhd8ed1ab_1          conda-forge
2025-04-14T18:50:45.3983288Z   openjpeg                          2.5.3              h5fbd93e_0            conda-forge
2025-04-14T18:50:45.3983626Z   openldap                          2.6.9              he970967_0            conda-forge
2025-04-14T18:50:45.3983961Z   openpyxl                          3.1.5              py310h0999ad4_1       conda-forge
2025-04-14T18:50:45.3984300Z   openssl                           3.5.0              h7b32b05_0            conda-forge
2025-04-14T18:50:45.3984623Z   orc                               2.1.1              h17f744e_1            conda-forge
2025-04-14T18:50:45.3984955Z   overrides                         7.7.0              pyhd8ed1ab_1          conda-forge
2025-04-14T18:50:45.3985308Z   packaging                         24.2               pyhd8ed1ab_2          conda-forge
2025-04-14T18:50:45.3985662Z   pandas                            2.2.3              py310h5eaa309_3       conda-forge
2025-04-14T18:50:45.3985987Z   pandoc                            3.6.4              ha770c72_0            conda-forge
2025-04-14T18:50:45.3986344Z   pandocfilters                     1.5.0              pyhd8ed1ab_0          conda-forge
2025-04-14T18:50:45.3986698Z   parso                             0.8.4              pyhd8ed1ab_1          conda-forge
2025-04-14T18:50:45.3987030Z   partd                             1.4.2              pyhd8ed1ab_0          conda-forge
2025-04-14T18:50:45.3987367Z   pathable                          0.4.4              pyhd8ed1ab_0          conda-forge
2025-04-14T18:50:45.3987702Z   pcre2                             10.44              hba22ea6_2            conda-forge
2025-04-14T18:50:45.3988035Z   pexpect                           4.9.0              pyhd8ed1ab_1          conda-forge
2025-04-14T18:50:45.3988387Z   pickleshare                       0.7.5              pyhd8ed1ab_1004       conda-forge
2025-04-14T18:50:45.3988753Z   pillow                            11.1.0             py310h7e6dc6c_0       conda-forge
2025-04-14T18:50:45.3989078Z   pip                               25.0.1             pyh8b19718_0          conda-forge
2025-04-14T18:50:45.3989402Z   pixman                            0.44.2             h29eaf8c_0            conda-forge
2025-04-14T18:50:45.3989740Z   pkginfo                           1.12.1.2           pyhd8ed1ab_0          conda-forge
2025-04-14T18:50:45.3990121Z   pkgutil-resolve-name              1.3.10             pyhd8ed1ab_2          conda-forge
2025-04-14T18:50:45.3990519Z   platformdirs                      4.3.7              pyh29332c3_0          conda-forge
2025-04-14T18:50:45.3990873Z   pluggy                            1.5.0              pyhd8ed1ab_1          conda-forge
2025-04-14T18:50:45.3991195Z   ply                               3.11               pyhd8ed1ab_3          conda-forge
2025-04-14T18:50:45.3991807Z   pre-commit                        4.2.0              pyha770c72_0          conda-forge
2025-04-14T18:50:45.3992182Z   prometheus-cpp                    1.3.0              ha5d0236_0            conda-forge
2025-04-14T18:50:45.3992570Z   prometheus_client                 0.21.1             pyhd8ed1ab_0          conda-forge
2025-04-14T18:50:45.3992966Z   prompt-toolkit                    3.0.50             pyha770c72_0          conda-forge
2025-04-14T18:50:45.3993343Z   propcache                         0.3.1              py310h89163eb_0       conda-forge
2025-04-14T18:50:45.3993703Z   proto-plus                        1.26.1             pyhd8ed1ab_0          conda-forge
2025-04-14T18:50:45.3994057Z   protobuf                          5.29.3             py310hcba5963_0       conda-forge
2025-04-14T18:50:45.3994400Z   psutil                            7.0.0              py310ha75aee5_0       conda-forge
2025-04-14T18:50:45.3994739Z   psycopg2                          2.9.9              py310hce86986_2       conda-forge
2025-04-14T18:50:45.3995222Z   pthread-stubs                     0.4                hb9d3cd8_1002         conda-forge
2025-04-14T18:50:45.3995594Z   ptyprocess                        0.7.0              pyhd8ed1ab_1          conda-forge
2025-04-14T18:50:45.3995975Z   pulseaudio-client                 17.0               hac146a9_1            conda-forge
2025-04-14T18:50:45.3996347Z   pure_eval                         0.2.3              pyhd8ed1ab_1          conda-forge
2025-04-14T18:50:45.3996672Z   py                                1.11.0             pyhd8ed1ab_1          conda-forge
2025-04-14T18:50:45.3997001Z   py-cpuinfo                        9.0.0              pyhd8ed1ab_1          conda-forge
2025-04-14T18:50:45.3997354Z   pyarrow                           19.0.1             py310hff52083_0       conda-forge
2025-04-14T18:50:45.3997718Z   pyarrow-core                      19.0.1             py310hac404ae_0_cpu   conda-forge
2025-04-14T18:50:45.3998078Z   pyasn1                            0.6.1              pyhd8ed1ab_2          conda-forge
2025-04-14T18:50:45.3998453Z   pyasn1-modules                    0.4.2              pyhd8ed1ab_0          conda-forge
2025-04-14T18:50:45.3998837Z   pycodestyle                       2.12.1             pyhd8ed1ab_1          conda-forge
2025-04-14T18:50:45.3999203Z   pycparser                         2.22               pyh29332c3_1          conda-forge
2025-04-14T18:50:45.3999585Z   pydata-sphinx-theme               0.16.1             pyhd8ed1ab_0          conda-forge
2025-04-14T18:50:45.3999973Z   pyflakes                          3.2.0              pyhd8ed1ab_1          conda-forge
2025-04-14T18:50:45.4000326Z   pygments                          2.19.1             pyhd8ed1ab_0          conda-forge
2025-04-14T18:50:45.4000664Z   pyjwt                             2.10.1             pyhd8ed1ab_0          conda-forge
2025-04-14T18:50:45.4001007Z   pympler                           1.1                pyhd8ed1ab_1          conda-forge
2025-04-14T18:50:45.4001351Z   pymysql                           1.1.1              pyhd8ed1ab_1          conda-forge
2025-04-14T18:50:45.4001939Z   pyopenssl                         25.0.0             pyhd8ed1ab_0          conda-forge
2025-04-14T18:50:45.4002302Z   pyparsing                         3.2.3              pyhd8ed1ab_1          conda-forge
2025-04-14T18:50:45.4002691Z   pyproject-metadata                0.9.1              pyhd8ed1ab_0          conda-forge
2025-04-14T18:50:45.4003064Z   pyqt                              5.15.10            py310hb3b5edb_1       conda-forge
2025-04-14T18:50:45.4003404Z   pyqt5-sip                         12.13.0            py310hf71b8c6_1       conda-forge
2025-04-14T18:50:45.4003758Z   pyreadstat                        1.2.8              py310h16f6504_0       conda-forge
2025-04-14T18:50:45.4004103Z   pyside6                           6.9.0              py310hfd10a26_0       conda-forge
2025-04-14T18:50:45.4004441Z   pysocks                           1.7.1              pyha55dd90_7          conda-forge
2025-04-14T18:50:45.4004935Z   pytables                          3.10.1             py310h431dcdc_4       conda-forge
2025-04-14T18:50:45.4005280Z   pytest                            8.3.5              pyhd8ed1ab_0          conda-forge
2025-04-14T18:50:45.4005627Z   pytest-cov                        6.1.1              pyhd8ed1ab_0          conda-forge
2025-04-14T18:50:45.4005994Z   pytest-cython                     0.3.1              pyhd8ed1ab_1          conda-forge
2025-04-14T18:50:45.4006396Z   pytest-localserver                0.9.0.post0        pyhd8ed1ab_1          conda-forge
2025-04-14T18:50:45.4006791Z   pytest-qt                         4.4.0              pyhdecd6ff_1          conda-forge
2025-04-14T18:50:45.4007153Z   pytest-xdist                      3.6.1              pyhd8ed1ab_1          conda-forge
2025-04-14T18:50:45.4007511Z   python                            3.10.17            hd6af730_0_cpython    conda-forge
2025-04-14T18:50:45.4007881Z   python-calamine                   0.3.2              py310h505e2c1_0       conda-forge
2025-04-14T18:50:45.4008404Z   python-dateutil                   2.9.0.post0        pyhff2d567_1          conda-forge
2025-04-14T18:50:45.4008831Z   python-fastjsonschema             2.21.1             pyhd8ed1ab_0          conda-forge
2025-04-14T18:50:45.4009258Z   python-json-logger                2.0.7              pyhd8ed1ab_0          conda-forge
2025-04-14T18:50:45.4009659Z   python-tzdata                     2025.2             pyhd8ed1ab_0          conda-forge
2025-04-14T18:50:45.4010024Z   python_abi                        3.10               6_cp310               conda-forge
2025-04-14T18:50:45.4010370Z   pytz                              2025.2             pyhd8ed1ab_0          conda-forge
2025-04-14T18:50:45.4010699Z   pyu2f                             0.1.5              pyhd8ed1ab_1          conda-forge
2025-04-14T18:50:45.4011031Z   pyxlsb                            1.0.10             pyhd8ed1ab_0          conda-forge
2025-04-14T18:50:45.4011380Z   pyyaml                            6.0.2              py310h89163eb_2       conda-forge
2025-04-14T18:50:45.4011890Z   pyzmq                             26.4.0             py310h71f11fc_0       conda-forge
2025-04-14T18:50:45.4029223Z   qhull                             2020.2             h434a139_5            conda-forge
2025-04-14T18:50:45.4029624Z   qt-main                           5.15.15            h993ce98_3            conda-forge
2025-04-14T18:50:45.4029989Z   qt6-main                          6.9.0              h6441bc3_0            conda-forge
2025-04-14T18:50:45.4030326Z   re2                               2024.07.02         h9925aae_3            conda-forge
2025-04-14T18:50:45.4030655Z   readline                          8.2                h8c095d6_2            conda-forge
2025-04-14T18:50:45.4031024Z   referencing                       0.36.2             pyh29332c3_0          conda-forge
2025-04-14T18:50:45.4031389Z   requests                          2.32.3             pyhd8ed1ab_1          conda-forge
2025-04-14T18:50:45.4031964Z   requests-oauthlib                 2.0.0              pyhd8ed1ab_1          conda-forge
2025-04-14T18:50:45.4032351Z   responses                         0.25.7             pyhd8ed1ab_0          conda-forge
2025-04-14T18:50:45.4032728Z   rfc3339-validator                 0.1.4              pyhd8ed1ab_1          conda-forge
2025-04-14T18:50:45.4033124Z   rfc3986-validator                 0.1.1              pyh9f0ad1d_0          conda-forge
2025-04-14T18:50:45.4033491Z   rpds-py                           0.24.0             py310hc1293b2_0       conda-forge
2025-04-14T18:50:45.4033813Z   rsa                               4.9                pyhd8ed1ab_1          conda-forge
2025-04-14T18:50:45.4034127Z   s2n                               1.5.15             hd830067_0            conda-forge
2025-04-14T18:50:45.4034438Z   s3fs                              2025.3.2           pyhd8ed1ab_0          conda-forge
2025-04-14T18:50:45.4034780Z   s3transfer                        0.11.3             pyhd8ed1ab_0          conda-forge
2025-04-14T18:50:45.4035310Z   scipy                             1.15.2             py310h1d65ade_0       conda-forge
2025-04-14T18:50:45.4035662Z   seaborn-base                      0.13.2             pyhd8ed1ab_3          conda-forge
2025-04-14T18:50:45.4036030Z   send2trash                        1.8.3              pyh0d859eb_1          conda-forge
2025-04-14T18:50:45.4036386Z   setuptools                        78.1.0             pyhff2d567_0          conda-forge
2025-04-14T18:50:45.4036736Z   sgmllib3k                         1.0.0              pyhd8ed1ab_1          conda-forge
2025-04-14T18:50:45.4037071Z   sip                               6.8.6              py310hf71b8c6_2       conda-forge
2025-04-14T18:50:45.4037378Z   six                               1.17.0             pyhd8ed1ab_0          conda-forge
2025-04-14T18:50:45.4037697Z   smmap                             5.0.2              pyhd8ed1ab_0          conda-forge
2025-04-14T18:50:45.4038031Z   snappy                            1.2.1              h8bd8927_1            conda-forge
2025-04-14T18:50:45.4038499Z   sniffio                           1.3.1              pyhd8ed1ab_1          conda-forge
2025-04-14T18:50:45.4038863Z   snowballstemmer                   2.2.0              pyhd8ed1ab_0          conda-forge
2025-04-14T18:50:45.4039258Z   sortedcontainers                  2.4.0              pyhd8ed1ab_1          conda-forge
2025-04-14T18:50:45.4039631Z   soupsieve                         2.5                pyhd8ed1ab_1          conda-forge
2025-04-14T18:50:45.4039970Z   sphinx                            8.1.3              pyhd8ed1ab_1          conda-forge
2025-04-14T18:50:45.4040352Z   sphinx-copybutton                 0.5.2              pyhd8ed1ab_1          conda-forge
2025-04-14T18:50:45.4040759Z   sphinx-design                     0.6.1              pyhd8ed1ab_2          conda-forge
2025-04-14T18:50:45.4041174Z   sphinxcontrib-applehelp           2.0.0              pyhd8ed1ab_1          conda-forge
2025-04-14T18:50:45.4041817Z   sphinxcontrib-devhelp             2.0.0              pyhd8ed1ab_1          conda-forge
2025-04-14T18:50:45.4042265Z   sphinxcontrib-htmlhelp            2.1.0              pyhd8ed1ab_1          conda-forge
2025-04-14T18:50:45.4042696Z   sphinxcontrib-jsmath              1.0.1              pyhd8ed1ab_1          conda-forge
2025-04-14T18:50:45.4043119Z   sphinxcontrib-qthelp              2.0.0              pyhd8ed1ab_1          conda-forge
2025-04-14T18:50:45.4043593Z   sphinxcontrib-serializinghtml     1.1.10             pyhd8ed1ab_1          conda-forge
2025-04-14T18:50:45.4044034Z   sqlalchemy                        2.0.40             py310ha75aee5_0       conda-forge
2025-04-14T18:50:45.4044399Z   stack_data                        0.6.3              pyhd8ed1ab_1          conda-forge
2025-04-14T18:50:45.4044765Z   sysroot_linux-64                  2.17               h0157908_18           conda-forge
2025-04-14T18:50:45.4045129Z   tabulate                          0.9.0              pyhd8ed1ab_2          conda-forge
2025-04-14T18:50:45.4045488Z   terminado                         0.18.1             pyh0d859eb_0          conda-forge
2025-04-14T18:50:45.4045837Z   tinycss2                          1.4.0              pyhd8ed1ab_0          conda-forge
2025-04-14T18:50:45.4046160Z   tk                                8.6.13             noxft_h4845f30_101    conda-forge
2025-04-14T18:50:45.4046497Z   tokenize-rt                       6.1.0              pyhd8ed1ab_1          conda-forge
2025-04-14T18:50:45.4046839Z   toml                              0.10.2             pyhd8ed1ab_1          conda-forge
2025-04-14T18:50:45.4047160Z   tomli                             2.2.1              pyhd8ed1ab_1          conda-forge
2025-04-14T18:50:45.4047492Z   toolz                             1.0.0              pyhd8ed1ab_1          conda-forge
2025-04-14T18:50:45.4047826Z   tornado                           6.4.2              py310ha75aee5_0       conda-forge
2025-04-14T18:50:45.4048303Z   traitlets                         5.14.3             pyhd8ed1ab_1          conda-forge
2025-04-14T18:50:45.4048686Z   types-pymysql                     1.1.0.20241103     pyhd8ed1ab_1          conda-forge
2025-04-14T18:50:45.4049112Z   types-python-dateutil             2.9.0.20241206     pyhd8ed1ab_0          conda-forge
2025-04-14T18:50:45.4049531Z   types-pytz                        2025.1.0.20250318  pyhd8ed1ab_0          conda-forge
2025-04-14T18:50:45.4049925Z   types-pyyaml                      6.0.12.20250402    pyhd8ed1ab_0          conda-forge
2025-04-14T18:50:45.4050351Z   types-setuptools                  78.1.0.20250329    pyh29332c3_0          conda-forge
2025-04-14T18:50:45.4050762Z   typing-extensions                 4.13.2             h0e9735f_0            conda-forge
2025-04-14T18:50:45.4051175Z   typing_extensions                 4.13.2             pyh29332c3_0          conda-forge
2025-04-14T18:50:45.4051733Z   typing_utils                      0.1.0              pyhd8ed1ab_1          conda-forge
2025-04-14T18:50:45.4052114Z   tzdata                            2025b              h78e105d_0            conda-forge
2025-04-14T18:50:45.4052582Z   ukkonen                           1.0.1              py310h3788b33_5       conda-forge
2025-04-14T18:50:45.4052948Z   unicodedata2                      16.0.0             py310ha75aee5_0       conda-forge
2025-04-14T18:50:45.4053320Z   uri-template                      1.3.0              pyhd8ed1ab_1          conda-forge
2025-04-14T18:50:45.4053676Z   urllib3                           2.4.0              pyhd8ed1ab_0          conda-forge
2025-04-14T18:50:45.4054027Z   versioneer                        0.29               pyhd8ed1ab_0          conda-forge
2025-04-14T18:50:45.4054394Z   virtualenv                        20.30.0            pyhd8ed1ab_0          conda-forge
2025-04-14T18:50:45.4054746Z   wayland                           1.23.1             h3e06ad9_0            conda-forge
2025-04-14T18:50:45.4055088Z   wcwidth                           0.2.13             pyhd8ed1ab_1          conda-forge
2025-04-14T18:50:45.4055451Z   webcolors                         24.11.1            pyhd8ed1ab_0          conda-forge
2025-04-14T18:50:45.4055814Z   webencodings                      0.5.1              pyhd8ed1ab_3          conda-forge
2025-04-14T18:50:45.4056204Z   websocket-client                  1.8.0              pyhd8ed1ab_1          conda-forge
2025-04-14T18:50:45.4056582Z   werkzeug                          3.1.3              pyhd8ed1ab_1          conda-forge
2025-04-14T18:50:45.4056918Z   wheel                             0.45.1             pyhd8ed1ab_1          conda-forge
2025-04-14T18:50:45.4057294Z   widgetsnbextension                4.0.14             pyhd8ed1ab_0          conda-forge
2025-04-14T18:50:45.4057670Z   wrapt                             1.17.2             py310ha75aee5_0       conda-forge
2025-04-14T18:50:45.4058007Z   xarray                            2024.9.0           pyhd8ed1ab_1          conda-forge
2025-04-14T18:50:45.4058352Z   xcb-util                          0.4.1              hb711507_2            conda-forge
2025-04-14T18:50:45.4058719Z   xcb-util-cursor                   0.1.5              hb9d3cd8_0            conda-forge
2025-04-14T18:50:45.4059095Z   xcb-util-image                    0.4.0              hb711507_2            conda-forge
2025-04-14T18:50:45.4059472Z   xcb-util-keysyms                  0.4.1              hb711507_0            conda-forge
2025-04-14T18:50:45.4059867Z   xcb-util-renderutil               0.3.10             hb711507_0            conda-forge
2025-04-14T18:50:45.4060267Z   xcb-util-wm                       0.4.2              hb711507_0            conda-forge
2025-04-14T18:50:45.4060640Z   xkeyboard-config                  2.43               hb9d3cd8_0            conda-forge
2025-04-14T18:50:45.4060999Z   xlrd                              2.0.1              pyhd8ed1ab_3          conda-forge
2025-04-14T18:50:45.4061375Z   xlsxwriter                        3.2.2              pyhd8ed1ab_0          conda-forge
2025-04-14T18:50:45.4062087Z   xmltodict                         0.14.2             pyhd8ed1ab_1          conda-forge
2025-04-14T18:50:45.4062451Z   xorg-libice                       1.1.2              hb9d3cd8_0            conda-forge
2025-04-14T18:50:45.4062802Z   xorg-libsm                        1.2.6              he73a12e_0            conda-forge
2025-04-14T18:50:45.4063158Z   xorg-libx11                       1.8.12             h4f16b4b_0            conda-forge
2025-04-14T18:50:45.4063515Z   xorg-libxau                       1.0.12             hb9d3cd8_0            conda-forge
2025-04-14T18:50:45.4063902Z   xorg-libxcomposite                0.4.6              hb9d3cd8_2            conda-forge
2025-04-14T18:50:45.4064299Z   xorg-libxcursor                   1.2.3              hb9d3cd8_0            conda-forge
2025-04-14T18:50:45.4064681Z   xorg-libxdamage                   1.1.6              hb9d3cd8_0            conda-forge
2025-04-14T18:50:45.4065054Z   xorg-libxdmcp                     1.1.5              hb9d3cd8_0            conda-forge
2025-04-14T18:50:45.4065586Z   xorg-libxext                      1.3.6              hb9d3cd8_0            conda-forge
2025-04-14T18:50:45.4065957Z   xorg-libxfixes                    6.0.1              hb9d3cd8_0            conda-forge
2025-04-14T18:50:45.4066321Z   xorg-libxi                        1.8.2              hb9d3cd8_0            conda-forge
2025-04-14T18:50:45.4066681Z   xorg-libxrandr                    1.5.4              hb9d3cd8_0            conda-forge
2025-04-14T18:50:45.4067055Z   xorg-libxrender                   0.9.12             hb9d3cd8_0            conda-forge
2025-04-14T18:50:45.4067424Z   xorg-libxtst                      1.2.5              hb9d3cd8_3            conda-forge
2025-04-14T18:50:45.4067790Z   xorg-libxxf86vm                   1.1.6              hb9d3cd8_0            conda-forge
2025-04-14T18:50:45.4068129Z   yaml                              0.2.5              h7f98852_2            conda-forge
2025-04-14T18:50:45.4068437Z   yarl                              1.18.3             py310h89163eb_1       conda-forge
2025-04-14T18:50:45.4068764Z   zeromq                            4.3.5              h3b0a872_7            conda-forge
2025-04-14T18:50:45.4069084Z   zipp                              3.21.0             pyhd8ed1ab_1          conda-forge
2025-04-14T18:50:45.4069398Z   zlib                              1.3.1              hb9d3cd8_2            conda-forge
2025-04-14T18:50:45.4069710Z   zlib-ng                           2.2.4              h7955e40_0            conda-forge
2025-04-14T18:50:45.4070044Z   zstandard                         0.23.0             py310ha75aee5_1       conda-forge
2025-04-14T18:50:45.4070372Z   zstd                              1.5.7              hb8e6e7a_2            conda-forge
2025-04-14T18:50:45.6873027Z Package                       Version
2025-04-14T18:50:45.6874369Z ----------------------------- ---------------------------
2025-04-14T18:50:45.6876167Z accessible-pygments           0.0.5
2025-04-14T18:50:45.6877669Z adbc-driver-manager           1.5.0
2025-04-14T18:50:45.6879239Z adbc-driver-postgresql        1.5.0
2025-04-14T18:50:45.6880774Z adbc-driver-sqlite            1.5.0
2025-04-14T18:50:45.6882507Z aiobotocore                   2.21.1
2025-04-14T18:50:45.6884029Z aiohappyeyeballs              2.6.1
2025-04-14T18:50:45.6885524Z aiohttp                       3.11.16
2025-04-14T18:50:45.6887006Z aioitertools                  0.12.0
2025-04-14T18:50:45.6888488Z aiosignal                     1.3.2
2025-04-14T18:50:45.6890004Z aiosmtpd                      1.4.6
2025-04-14T18:50:45.6891686Z alabaster                     1.0.0
2025-04-14T18:50:45.6893420Z anyio                         4.9.0
2025-04-14T18:50:45.6894917Z argon2-cffi                   23.1.0
2025-04-14T18:50:45.6896425Z argon2-cffi-bindings          21.2.0
2025-04-14T18:50:45.6897863Z arrow                         1.3.0
2025-04-14T18:50:45.6899353Z asttokens                     3.0.0
2025-04-14T18:50:45.6900832Z asv                           0.6.4
2025-04-14T18:50:45.6902547Z asv_runner                    0.2.1
2025-04-14T18:50:45.6904041Z async-lru                     2.0.5
2025-04-14T18:50:45.6905523Z async-timeout                 5.0.1
2025-04-14T18:50:45.6907009Z atpublic                      5.1
2025-04-14T18:50:45.6908468Z attrs                         25.3.0
2025-04-14T18:50:45.6909964Z aws-xray-sdk                  2.14.0
2025-04-14T18:50:45.6911656Z babel                         2.17.0
2025-04-14T18:50:45.6913222Z beautifulsoup4                4.13.3
2025-04-14T18:50:45.6914692Z bleach                        6.2.0
2025-04-14T18:50:45.6916162Z blinker                       1.9.0
2025-04-14T18:50:45.6917621Z boto3                         1.37.1
2025-04-14T18:50:45.6919159Z botocore                      1.37.1
2025-04-14T18:50:45.6920692Z Bottleneck                    1.4.2
2025-04-14T18:50:45.6922372Z Brotli                        1.1.0
2025-04-14T18:50:45.6923892Z cached-property               1.5.2
2025-04-14T18:50:45.6925340Z cachetools                    5.5.2
2025-04-14T18:50:45.6926740Z certifi                       2025.1.31
2025-04-14T18:50:45.6928276Z cffi                          1.17.1
2025-04-14T18:50:45.6929723Z cfgv                          3.3.1
2025-04-14T18:50:45.6931199Z charset-normalizer            3.4.1
2025-04-14T18:50:45.6932937Z click                         8.1.8
2025-04-14T18:50:45.6934440Z cloudpickle                   3.1.1
2025-04-14T18:50:45.6935895Z colorama                      0.4.6
2025-04-14T18:50:45.6937418Z comm                          0.2.2
2025-04-14T18:50:45.6938885Z contourpy                     1.3.1
2025-04-14T18:50:45.6940376Z coverage                      7.8.0
2025-04-14T18:50:45.6941963Z cramjam                       2.8.4rc3
2025-04-14T18:50:45.6943647Z cryptography                  44.0.2
2025-04-14T18:50:45.6945263Z cycler                        0.12.1
2025-04-14T18:50:45.6946752Z Cython                        3.0.12
2025-04-14T18:50:45.6948238Z dask                          2025.3.0
2025-04-14T18:50:45.6949706Z debugpy                       1.8.14
2025-04-14T18:50:45.6951153Z decorator                     5.2.1
2025-04-14T18:50:45.6952935Z defusedxml                    0.7.1
2025-04-14T18:50:45.6954413Z distlib                       0.3.9
2025-04-14T18:50:45.6955872Z docutils                      0.21.2
2025-04-14T18:50:45.6957329Z doit                          0.36.0
2025-04-14T18:50:45.6958793Z et_xmlfile                    2.0.0
2025-04-14T18:50:45.6960288Z exceptiongroup                1.2.2
2025-04-14T18:50:45.6961988Z execnet                       2.1.1
2025-04-14T18:50:45.6963522Z executing                     2.1.0
2025-04-14T18:50:45.6965022Z fastjsonschema                2.21.1
2025-04-14T18:50:45.6966503Z fastparquet                   2024.11.0
2025-04-14T18:50:45.6967947Z feedparser                    6.0.11
2025-04-14T18:50:45.6969417Z filelock                      3.18.0
2025-04-14T18:50:45.6970846Z flake8                        7.1.0
2025-04-14T18:50:45.6972544Z Flask                         3.1.0
2025-04-14T18:50:45.6974030Z flask-cors                    5.0.1
2025-04-14T18:50:45.6975485Z fonttools                     4.57.0
2025-04-14T18:50:45.6976925Z fqdn                          1.5.1
2025-04-14T18:50:45.6978388Z frozenlist                    1.5.0
2025-04-14T18:50:45.6979859Z fsspec                        2025.3.2
2025-04-14T18:50:45.6981333Z gcsfs                         2025.3.2
2025-04-14T18:50:45.6983165Z gitdb                         4.0.12
2025-04-14T18:50:45.6984650Z GitPython                     3.1.44
2025-04-14T18:50:45.6986126Z google-api-core               2.24.2
2025-04-14T18:50:45.6987560Z google-auth                   2.38.0
2025-04-14T18:50:45.6989032Z google-auth-oauthlib          1.2.1
2025-04-14T18:50:45.6990467Z google-cloud-core             2.4.3
2025-04-14T18:50:45.6992230Z google-cloud-storage          3.1.0
2025-04-14T18:50:45.6993672Z google-crc32c                 1.7.1
2025-04-14T18:50:45.6995130Z google-resumable-media        2.7.2
2025-04-14T18:50:45.6996495Z googleapis-common-protos      1.69.2
2025-04-14T18:50:45.6998007Z greenlet                      3.1.1
2025-04-14T18:50:45.6999459Z grpcio                        1.71.0
2025-04-14T18:50:45.7000913Z h11                           0.14.0
2025-04-14T18:50:45.7002676Z h2                            4.2.0
2025-04-14T18:50:45.7004146Z hpack                         4.1.0
2025-04-14T18:50:45.7005599Z html5lib                      1.1
2025-04-14T18:50:45.7007056Z httpcore                      1.0.7
2025-04-14T18:50:45.7008504Z httpx                         0.28.1
2025-04-14T18:50:45.7009948Z hyperframe                    6.1.0
2025-04-14T18:50:45.7011416Z hypothesis                    6.131.0
2025-04-14T18:50:45.7013113Z identify                      2.6.9
2025-04-14T18:50:45.7014549Z idna                          3.10
2025-04-14T18:50:45.7015990Z imagesize                     1.4.1
2025-04-14T18:50:45.7017446Z importlib_metadata            8.6.1
2025-04-14T18:50:45.7018949Z importlib_resources           6.5.2
2025-04-14T18:50:45.7020378Z iniconfig                     2.0.0
2025-04-14T18:50:45.7022034Z ipykernel                     6.29.5
2025-04-14T18:50:45.7023483Z ipython                       8.35.0
2025-04-14T18:50:45.7024931Z ipywidgets                    8.1.6
2025-04-14T18:50:45.7026383Z isoduration                   20.11.0
2025-04-14T18:50:45.7027820Z itsdangerous                  2.2.0
2025-04-14T18:50:45.7029268Z jedi                          0.19.2
2025-04-14T18:50:45.7030797Z Jinja2                        3.1.6
2025-04-14T18:50:45.7032432Z jmespath                      1.0.1
2025-04-14T18:50:45.7033851Z joserfc                       1.0.4
2025-04-14T18:50:45.7035327Z json5                         0.12.0
2025-04-14T18:50:45.7036785Z jsondiff                      2.2.1
2025-04-14T18:50:45.7038246Z jsonpointer                   3.0.0
2025-04-14T18:50:45.7039718Z jsonschema                    4.23.0
2025-04-14T18:50:45.7041186Z jsonschema-path               0.3.4
2025-04-14T18:50:45.7042986Z jsonschema-specifications     2024.10.1
2025-04-14T18:50:45.7044460Z jupyter_client                8.6.3
2025-04-14T18:50:45.7045924Z jupyter_core                  5.7.2
2025-04-14T18:50:45.7047394Z jupyter-events                0.12.0
2025-04-14T18:50:45.7048862Z jupyter-lsp                   2.2.5
2025-04-14T18:50:45.7050315Z jupyter_server                2.15.0
2025-04-14T18:50:45.7052047Z jupyter_server_terminals      0.5.3
2025-04-14T18:50:45.7053547Z jupyterlab                    4.4.0
2025-04-14T18:50:45.7055023Z jupyterlab_pygments           0.3.0
2025-04-14T18:50:45.7056501Z jupyterlab_server             2.27.3
2025-04-14T18:50:45.7057978Z jupyterlab_widgets            3.0.14
2025-04-14T18:50:45.7059443Z jupyterlite-core              0.5.1
2025-04-14T18:50:45.7060903Z jupyterlite-pyodide-kernel    0.5.2
2025-04-14T18:50:45.7062579Z kiwisolver                    1.4.7
2025-04-14T18:50:45.7064109Z lazy-object-proxy             1.10.0
2025-04-14T18:50:45.7065541Z llvmlite                      0.44.0
2025-04-14T18:50:45.7067003Z locket                        1.0.0
2025-04-14T18:50:45.7068429Z lxml                          5.3.2
2025-04-14T18:50:45.7069885Z Markdown                      3.6
2025-04-14T18:50:45.7071338Z MarkupSafe                    3.0.2
2025-04-14T18:50:45.7073048Z matplotlib                    3.10.1
2025-04-14T18:50:45.7074548Z matplotlib-inline             0.1.7
2025-04-14T18:50:45.7075975Z mccabe                        0.7.0
2025-04-14T18:50:45.7077434Z meson                         1.2.1
2025-04-14T18:50:45.7078903Z meson-python                  0.13.1
2025-04-14T18:50:45.7080334Z mistune                       3.1.3
2025-04-14T18:50:45.7082060Z moto                          5.1.3
2025-04-14T18:50:45.7083545Z multidict                     6.3.2
2025-04-14T18:50:45.7085007Z munkres                       1.1.4
2025-04-14T18:50:45.7086484Z mypy                          1.13.0
2025-04-14T18:50:45.7087946Z mypy_extensions               1.0.0
2025-04-14T18:50:45.7089407Z natsort                       8.4.0
2025-04-14T18:50:45.7090919Z nbclient                      0.10.2
2025-04-14T18:50:45.7092754Z nbconvert                     7.16.6
2025-04-14T18:50:45.7094270Z nbformat                      5.10.4
2025-04-14T18:50:45.7095784Z nbsphinx                      0.9.7
2025-04-14T18:50:45.7097373Z nest_asyncio                  1.6.0
2025-04-14T18:50:45.7098824Z nodeenv                       1.9.1
2025-04-14T18:50:45.7100319Z notebook                      7.4.0
2025-04-14T18:50:45.7102004Z notebook_shim                 0.2.4
2025-04-14T18:50:45.7103747Z numba                         0.61.2
2025-04-14T18:50:45.7105335Z numexpr                       2.10.2
2025-04-14T18:50:45.7106803Z numpy                         2.2.4
2025-04-14T18:50:45.7108291Z numpydoc                      1.8.0
2025-04-14T18:50:45.7109764Z oauthlib                      3.2.2
2025-04-14T18:50:45.7111213Z odfpy                         1.4.1
2025-04-14T18:50:45.7113071Z openapi-schema-validator      0.6.3
2025-04-14T18:50:45.7114582Z openapi-spec-validator        0.7.1
2025-04-14T18:50:45.7115929Z openpyxl                      3.1.5
2025-04-14T18:50:45.7117452Z overrides                     7.7.0
2025-04-14T18:50:45.7118915Z packaging                     24.2
2025-04-14T18:50:45.7120476Z pandas                        3.0.0.dev0+2068.g6064e78808
2025-04-14T18:50:45.7122053Z pandocfilters                 1.5.0
2025-04-14T18:50:45.7123545Z parso                         0.8.4
2025-04-14T18:50:45.7125025Z partd                         1.4.2
2025-04-14T18:50:45.7126538Z pathable                      0.4.4
2025-04-14T18:50:45.7128044Z pexpect                       4.9.0
2025-04-14T18:50:45.7129514Z pickleshare                   0.7.5
2025-04-14T18:50:45.7131003Z pillow                        11.1.0
2025-04-14T18:50:45.7132714Z pip                           25.0.1
2025-04-14T18:50:45.7134239Z pkginfo                       1.12.1.2
2025-04-14T18:50:45.7135737Z pkgutil_resolve_name          1.3.10
2025-04-14T18:50:45.7137200Z platformdirs                  4.3.7
2025-04-14T18:50:45.7138645Z pluggy                        1.5.0
2025-04-14T18:50:45.7140099Z ply                           3.11
2025-04-14T18:50:45.7141761Z pre_commit                    4.2.0
2025-04-14T18:50:45.7143309Z prometheus_client             0.21.1
2025-04-14T18:50:45.7144783Z prompt_toolkit                3.0.50
2025-04-14T18:50:45.7146247Z propcache                     0.3.1
2025-04-14T18:50:45.7147705Z proto-plus                    1.26.1
2025-04-14T18:50:45.7149163Z protobuf                      5.29.3
2025-04-14T18:50:45.7150636Z psutil                        7.0.0
2025-04-14T18:50:45.7152259Z psycopg2                      2.9.9
2025-04-14T18:50:45.7153780Z ptyprocess                    0.7.0
2025-04-14T18:50:45.7155255Z pure_eval                     0.2.3
2025-04-14T18:50:45.7156691Z py                            1.11.0
2025-04-14T18:50:45.7158174Z py-cpuinfo                    9.0.0
2025-04-14T18:50:45.7159620Z pyarrow                       19.0.1
2025-04-14T18:50:45.7161063Z pyasn1                        0.6.1
2025-04-14T18:50:45.7162875Z pyasn1_modules                0.4.2
2025-04-14T18:50:45.7164361Z pycodestyle                   2.12.1
2025-04-14T18:50:45.7165851Z pycparser                     2.22
2025-04-14T18:50:45.7167331Z pydata-sphinx-theme           0.16.1
2025-04-14T18:50:45.7168799Z pyflakes                      3.2.0
2025-04-14T18:50:45.7170273Z Pygments                      2.19.1
2025-04-14T18:50:45.7171878Z PyJWT                         2.10.1
2025-04-14T18:50:45.7173380Z Pympler                       1.1
2025-04-14T18:50:45.7174846Z PyMySQL                       1.1.1
2025-04-14T18:50:45.7176326Z pyOpenSSL                     25.0.0
2025-04-14T18:50:45.7177807Z pyparsing                     3.2.3
2025-04-14T18:50:45.7179325Z pyproject-metadata            0.9.1
2025-04-14T18:50:45.7180768Z PyQt5                         5.15.10
2025-04-14T18:50:45.7182447Z PyQt5_sip                     12.13.0
2025-04-14T18:50:45.7183933Z pyreadstat                    1.2.8
2025-04-14T18:50:45.7185675Z PySide6                       6.9.0
2025-04-14T18:50:45.7187117Z PySocks                       1.7.1
2025-04-14T18:50:45.7188562Z pytest                        8.3.5
2025-04-14T18:50:45.7190031Z pytest-cov                    6.1.1
2025-04-14T18:50:45.7191498Z pytest-cython                 0.3.1
2025-04-14T18:50:45.7193211Z pytest-localserver            0.0.0
2025-04-14T18:50:45.7194668Z pytest-qt                     4.4.0
2025-04-14T18:50:45.7196138Z pytest-xdist                  3.6.1
2025-04-14T18:50:45.7197620Z python-calamine               0.3.2
2025-04-14T18:50:45.7199097Z python-dateutil               2.9.0.post0
2025-04-14T18:50:45.7200577Z python-json-logger            2.0.7
2025-04-14T18:50:45.7202048Z pytz                          2025.2
2025-04-14T18:50:45.7203687Z pyu2f                         0.1.5
2025-04-14T18:50:45.7205166Z pyxlsb                        1.0.10
2025-04-14T18:50:45.7206658Z PyYAML                        6.0.2
2025-04-14T18:50:45.7208144Z pyzmq                         26.4.0
2025-04-14T18:50:45.7209784Z referencing                   0.36.2
2025-04-14T18:50:45.7211220Z requests                      2.32.3
2025-04-14T18:50:45.7212972Z requests-oauthlib             2.0.0
2025-04-14T18:50:45.7214475Z responses                     0.25.7
2025-04-14T18:50:45.7215970Z rfc3339_validator             0.1.4
2025-04-14T18:50:45.7217460Z rfc3986-validator             0.1.1
2025-04-14T18:50:45.7218930Z rpds-py                       0.24.0
2025-04-14T18:50:45.7220398Z rsa                           4.9
2025-04-14T18:50:45.7222028Z s3fs                          2025.3.2
2025-04-14T18:50:45.7223567Z s3transfer                    0.11.3
2025-04-14T18:50:45.7225010Z scipy                         1.15.2
2025-04-14T18:50:45.7226506Z seaborn                       0.13.2
2025-04-14T18:50:45.7227974Z Send2Trash                    1.8.3
2025-04-14T18:50:45.7229425Z setuptools                    78.1.0
2025-04-14T18:50:45.7230881Z sgmllib3k                     1.0.0
2025-04-14T18:50:45.7232575Z shiboken6                     6.9.0
2025-04-14T18:50:45.7234049Z sip                           6.8.6
2025-04-14T18:50:45.7235522Z six                           1.17.0
2025-04-14T18:50:45.7236989Z smmap                         5.0.2
2025-04-14T18:50:45.7238484Z sniffio                       1.3.1
2025-04-14T18:50:45.7240108Z snowballstemmer               2.2.0
2025-04-14T18:50:45.7241711Z sortedcontainers              2.4.0
2025-04-14T18:50:45.7243237Z soupsieve                     2.5
2025-04-14T18:50:45.7244702Z Sphinx                        8.1.3
2025-04-14T18:50:45.7246203Z sphinx-copybutton             0.5.2
2025-04-14T18:50:45.7247659Z sphinx_design                 0.6.1
2025-04-14T18:50:45.7249152Z sphinxcontrib-applehelp       2.0.0
2025-04-14T18:50:45.7250620Z sphinxcontrib-devhelp         2.0.0
2025-04-14T18:50:45.7252262Z sphinxcontrib-htmlhelp        2.1.0
2025-04-14T18:50:45.7253896Z sphinxcontrib-jsmath          1.0.1
2025-04-14T18:50:45.7255378Z sphinxcontrib-qthelp          2.0.0
2025-04-14T18:50:45.7256903Z sphinxcontrib-serializinghtml 1.1.10
2025-04-14T18:50:45.7258358Z SQLAlchemy                    2.0.40
2025-04-14T18:50:45.7259862Z stack_data                    0.6.3
2025-04-14T18:50:45.7261340Z tables                        3.10.1
2025-04-14T18:50:45.7263040Z tabulate                      0.9.0
2025-04-14T18:50:45.7264501Z terminado                     0.18.1
2025-04-14T18:50:45.7265942Z tinycss2                      1.4.0
2025-04-14T18:50:45.7267401Z tokenize_rt                   6.1.0
2025-04-14T18:50:45.7268837Z toml                          0.10.2
2025-04-14T18:50:45.7270285Z tomli                         2.2.1
2025-04-14T18:50:45.7271747Z toolz                         1.0.0
2025-04-14T18:50:45.7273367Z tornado                       6.4.2
2025-04-14T18:50:45.7274841Z traitlets                     5.14.3
2025-04-14T18:50:45.7276345Z types-PyMySQL                 1.1.0.20241103
2025-04-14T18:50:45.7277845Z types-python-dateutil         2.9.0.20241206
2025-04-14T18:50:45.7279297Z types-pytz                    2025.1.0.20250318
2025-04-14T18:50:45.7280655Z types-PyYAML                  6.0.12.20250402
2025-04-14T18:50:45.7282375Z types-setuptools              78.1.0.20250329
2025-04-14T18:50:45.7283849Z typing_extensions             4.13.2
2025-04-14T18:50:45.7285307Z typing_utils                  0.1.0
2025-04-14T18:50:45.7286765Z tzdata                        2025.2
2025-04-14T18:50:45.7288225Z ukkonen                       1.0.1
2025-04-14T18:50:45.7289708Z unicodedata2                  16.0.0
2025-04-14T18:50:45.7291181Z uri-template                  1.3.0
2025-04-14T18:50:45.7292916Z urllib3                       2.4.0
2025-04-14T18:50:45.7294421Z versioneer                    0.29
2025-04-14T18:50:45.7295908Z virtualenv                    20.30.0
2025-04-14T18:50:45.7297370Z wcwidth                       0.2.13
2025-04-14T18:50:45.7298839Z webcolors                     24.11.1
2025-04-14T18:50:45.7300297Z webencodings                  0.5.1
2025-04-14T18:50:45.7301767Z websocket-client              1.8.0
2025-04-14T18:50:45.7303370Z Werkzeug                      3.1.3
2025-04-14T18:50:45.7304860Z wheel                         0.45.1
2025-04-14T18:50:45.7306320Z widgetsnbextension            4.0.14
2025-04-14T18:50:45.7307774Z wrapt                         1.17.2
2025-04-14T18:50:45.7309226Z xarray                        2024.9.0
2025-04-14T18:50:45.7310681Z xlrd                          2.0.1
2025-04-14T18:50:45.7312275Z XlsxWriter                    3.2.2
2025-04-14T18:50:45.7313720Z xmltodict                     0.14.2
2025-04-14T18:50:45.7315170Z yarl                          1.18.3
2025-04-14T18:50:45.7317040Z zipp                          3.21.0
2025-04-14T18:50:45.7318437Z zstandard                     0.23.0
2025-04-14T18:50:45.7601364Z ##[group]Run if pip show pandas 1>/dev/null; then
2025-04-14T18:50:45.7602178Z [36;1mif pip show pandas 1>/dev/null; then[0m
2025-04-14T18:50:45.7602677Z [36;1m  pip uninstall -y pandas[0m
2025-04-14T18:50:45.7603092Z [36;1mfi[0m
2025-04-14T18:50:45.7672881Z shell: /usr/bin/bash -el {0}
2025-04-14T18:50:45.7673318Z env:
2025-04-14T18:50:45.7673647Z   ENV_FILE: environment.yml
2025-04-14T18:50:45.7674048Z   PANDAS_CI: 1
2025-04-14T18:50:45.7674432Z   MAMBA_ROOT_PREFIX: /home/runner/micromamba
2025-04-14T18:50:45.7674984Z   MAMBA_EXE: /home/runner/micromamba-bin/micromamba
2025-04-14T18:50:45.7675455Z   CONDARC: /home/runner/work/pandas/pandas/ci/.condarc
2025-04-14T18:50:45.7675741Z ##[endgroup]
2025-04-14T18:50:47.2908229Z Found existing installation: pandas 3.0.0.dev0+2068.g6064e78808
2025-04-14T18:50:47.4132304Z Uninstalling pandas-3.0.0.dev0+2068.g6064e78808:
2025-04-14T18:50:47.4462376Z   Successfully uninstalled pandas-3.0.0.dev0+2068.g6064e78808
2025-04-14T18:50:47.6081063Z ##[group]Run if [[ true == "true" ]]; then
2025-04-14T18:50:47.6081383Z [36;1mif [[ true == "true" ]]; then[0m
2025-04-14T18:50:47.6081987Z [36;1m  pip install -e . --no-build-isolation -v --no-deps \[0m
2025-04-14T18:50:47.6082317Z [36;1m    -Csetup-args="--werror"[0m
2025-04-14T18:50:47.6082563Z [36;1melse[0m
2025-04-14T18:50:47.6082823Z [36;1m  pip install . --no-build-isolation -v --no-deps \[0m
2025-04-14T18:50:47.6083126Z [36;1m    -Csetup-args="--werror"[0m
2025-04-14T18:50:47.6083354Z [36;1mfi[0m
2025-04-14T18:50:47.6141783Z shell: /usr/bin/bash -el {0}
2025-04-14T18:50:47.6142161Z env:
2025-04-14T18:50:47.6142382Z   ENV_FILE: environment.yml
2025-04-14T18:50:47.6142622Z   PANDAS_CI: 1
2025-04-14T18:50:47.6142840Z   MAMBA_ROOT_PREFIX: /home/runner/micromamba
2025-04-14T18:50:47.6143147Z   MAMBA_EXE: /home/runner/micromamba-bin/micromamba
2025-04-14T18:50:47.6143473Z   CONDARC: /home/runner/work/pandas/pandas/ci/.condarc
2025-04-14T18:50:47.6143758Z ##[endgroup]
2025-04-14T18:50:48.2786361Z Using pip 25.0.1 from /home/runner/micromamba/envs/test/lib/python3.10/site-packages/pip (python 3.10)
2025-04-14T18:50:48.4206688Z Obtaining file:///home/runner/work/pandas/pandas
2025-04-14T18:50:48.4260291Z   Checking if build backend supports build_editable: started
2025-04-14T18:50:48.4262355Z   Running command Checking if build backend supports build_editable
2025-04-14T18:50:48.5176540Z   Checking if build backend supports build_editable: finished with status 'done'
2025-04-14T18:50:48.5184287Z   Preparing editable metadata (pyproject.toml): started
2025-04-14T18:50:48.5186043Z   Running command Preparing editable metadata (pyproject.toml)
2025-04-14T18:50:48.8085821Z   + meson setup /home/runner/work/pandas/pandas /home/runner/work/pandas/pandas/build/cp310 -Dbuildtype=release -Db_ndebug=if-release -Db_vscrt=md --vsenv --werror --native-file=/home/runner/work/pandas/pandas/build/cp310/meson-python-native-file.ini
2025-04-14T18:50:50.4196394Z   The Meson build system
2025-04-14T18:50:50.4197346Z   Version: 1.2.1
2025-04-14T18:50:50.4199381Z   Source dir: /home/runner/work/pandas/pandas
2025-04-14T18:50:50.4201288Z   Build dir: /home/runner/work/pandas/pandas/build/cp310
2025-04-14T18:50:50.4202971Z   Build type: native build
2025-04-14T18:50:50.4204990Z   Project name: pandas
2025-04-14T18:50:50.4206671Z   Project version: 3.0.0.dev0+2068.g6064e78808
2025-04-14T18:50:50.4209304Z   C compiler for the host machine: /home/runner/micromamba/envs/test/bin/x86_64-conda-linux-gnu-cc (gcc 13.3.0 "x86_64-conda-linux-gnu-cc (conda-forge gcc 13.3.0-2) 13.3.0")
2025-04-14T18:50:50.4210828Z   C linker for the host machine: /home/runner/micromamba/envs/test/bin/x86_64-conda-linux-gnu-cc ld.bfd 2.43
2025-04-14T18:50:50.4213725Z   C++ compiler for the host machine: /home/runner/micromamba/envs/test/bin/x86_64-conda-linux-gnu-c++ (gcc 13.3.0 "x86_64-conda-linux-gnu-c++ (conda-forge gcc 13.3.0-2) 13.3.0")
2025-04-14T18:50:50.4215337Z   C++ linker for the host machine: /home/runner/micromamba/envs/test/bin/x86_64-conda-linux-gnu-c++ ld.bfd 2.43
2025-04-14T18:50:50.4216287Z   Cython compiler for the host machine: cython (cython 3.0.12)
2025-04-14T18:50:50.4217631Z   Host machine cpu family: x86_64
2025-04-14T18:50:50.4220026Z   Host machine cpu: x86_64
2025-04-14T18:50:50.4222277Z   Program python found: YES (/home/runner/micromamba/envs/test/bin/python3.10)
2025-04-14T18:50:50.4224100Z   Configuring free_threading_config.pxi using configuration
2025-04-14T18:50:50.4225890Z   Found pkg-config: /usr/bin/pkg-config (1.8.0)
2025-04-14T18:50:50.4227747Z   Run-time dependency python found: YES 3.10
2025-04-14T18:50:50.4229541Z   Build targets in project: 54
2025-04-14T18:50:50.4231174Z 
2025-04-14T18:50:50.4233420Z   pandas 3.0.0.dev0+2068.g6064e78808
2025-04-14T18:50:50.4235096Z 
2025-04-14T18:50:50.4237054Z     User defined options
2025-04-14T18:50:50.4239273Z       Native files: /home/runner/work/pandas/pandas/build/cp310/meson-python-native-file.ini
2025-04-14T18:50:50.4240587Z       buildtype   : release
2025-04-14T18:50:50.4242654Z       vsenv       : True
2025-04-14T18:50:50.4244439Z       werror      : True
2025-04-14T18:50:50.4246240Z       b_ndebug    : if-release
2025-04-14T18:50:50.4247974Z       b_vscrt     : md
2025-04-14T18:50:50.4249575Z 
2025-04-14T18:50:50.4251848Z   Found ninja-1.12.1 at /home/runner/micromamba/envs/test/bin/ninja
2025-04-14T18:50:50.4253317Z 
2025-04-14T18:50:50.4255530Z   Visual Studio environment is needed to run Ninja. It is recommended to use Meson wrapper:
2025-04-14T18:50:50.4256994Z   /home/runner/micromamba/envs/test/bin/meson compile -C .
2025-04-14T18:50:50.4659821Z   + /home/runner/micromamba/envs/test/bin/ninja
2025-04-14T18:50:50.5207513Z   [1/152] Generating pandas/_libs/khash_primitive_helper_pxi with a custom command
2025-04-14T18:50:50.5259443Z   [2/152] Generating pandas/_libs/algos_take_helper_pxi with a custom command
2025-04-14T18:50:50.5592619Z   [3/152] Generating pandas/_libs/algos_common_helper_pxi with a custom command
2025-04-14T18:50:50.5724794Z   [4/152] Generating pandas/_libs/hashtable_func_helper_pxi with a custom command
2025-04-14T18:50:50.5729238Z   [5/152] Generating pandas/_libs/index_class_helper_pxi with a custom command
2025-04-14T18:50:50.5757706Z   [6/152] Generating pandas/_libs/intervaltree_helper_pxi with a custom command
2025-04-14T18:50:50.5832501Z   [7/152] Generating pandas/_libs/hashtable_class_helper_pxi with a custom command
2025-04-14T18:50:50.6223152Z   [8/152] Generating pandas/_libs/sparse_op_helper_pxi with a custom command
2025-04-14T18:50:51.8333187Z   [9/152] Compiling Cython source /home/runner/work/pandas/pandas/pandas/_libs/tslibs/base.pyx
2025-04-14T18:50:52.0438899Z   [10/152] Compiling Cython source /home/runner/work/pandas/pandas/pandas/_libs/tslibs/ccalendar.pyx
2025-04-14T18:50:52.5103795Z   [11/152] Compiling Cython source /home/runner/work/pandas/pandas/pandas/_libs/tslibs/dtypes.pyx
2025-04-14T18:50:52.8780808Z   [12/152] Compiling Cython source /home/runner/work/pandas/pandas/pandas/_libs/tslibs/nattype.pyx
2025-04-14T18:50:54.0059128Z   [13/152] Compiling Cython source /home/runner/work/pandas/pandas/pandas/_libs/tslibs/fields.pyx
2025-04-14T18:50:54.0081074Z   [14/152] Compiling Cython source /home/runner/work/pandas/pandas/pandas/_libs/tslibs/conversion.pyx
2025-04-14T18:50:54.0806412Z   [15/152] Compiling Cython source /home/runner/work/pandas/pandas/pandas/_libs/tslibs/np_datetime.pyx
2025-04-14T18:50:56.0347500Z   [16/152] Compiling Cython source /home/runner/work/pandas/pandas/pandas/_libs/tslibs/parsing.pyx
2025-04-14T18:50:56.6363422Z   [17/152] Compiling Cython source /home/runner/work/pandas/pandas/pandas/_libs/tslibs/offsets.pyx
2025-04-14T18:50:57.0064723Z   [18/152] Compiling Cython source /home/runner/work/pandas/pandas/pandas/_libs/tslibs/period.pyx
2025-04-14T18:50:57.7157389Z   [19/152] Compiling Cython source /home/runner/work/pandas/pandas/pandas/_libs/tslibs/strptime.pyx
2025-04-14T18:50:58.0327361Z   [20/152] Compiling Cython source /home/runner/work/pandas/pandas/pandas/_libs/tslibs/timestamps.pyx
2025-04-14T18:50:58.2056428Z   [21/152] Compiling Cython source /home/runner/work/pandas/pandas/pandas/_libs/tslibs/timedeltas.pyx
2025-04-14T18:50:58.7565166Z   [22/152] Compiling Cython source /home/runner/work/pandas/pandas/pandas/_libs/tslibs/timezones.pyx
2025-04-14T18:50:59.8200055Z   [23/152] Compiling Cython source /home/runner/work/pandas/pandas/pandas/_libs/tslibs/tzconversion.pyx
2025-04-14T18:51:00.2145352Z   [24/152] Compiling Cython source /home/runner/work/pandas/pandas/pandas/_libs/tslibs/vectorized.pyx
2025-04-14T18:51:00.2909333Z   [25/152] Compiling Cython source /home/runner/work/pandas/pandas/pandas/_libs/arrays.pyx
2025-04-14T18:51:01.3452419Z   [26/152] Compiling Cython source /home/runner/work/pandas/pandas/pandas/_libs/indexing.pyx
2025-04-14T18:51:01.6971223Z   [27/152] Compiling Cython source /home/runner/work/pandas/pandas/pandas/_libs/hashing.pyx
2025-04-14T18:51:04.6572522Z   [28/152] Compiling Cython source /home/runner/work/pandas/pandas/pandas/_libs/internals.pyx
2025-04-14T18:51:04.6575644Z   warning: /home/runner/work/pandas/pandas/pandas/_libs/internals.pyx:31:0: The 'IF' statement is deprecated and will be removed in a future Cython version. Consider using runtime conditions or C macros instead. See https://github.com/cython/cython/issues/4310
2025-04-14T18:51:04.6578946Z   warning: /home/runner/work/pandas/pandas/pandas/_libs/internals.pyx:916:8: The 'IF' statement is deprecated and will be removed in a future Cython version. Consider using runtime conditions or C macros instead. See https://github.com/cython/cython/issues/4310
2025-04-14T18:51:04.6582292Z   warning: /home/runner/work/pandas/pandas/pandas/_libs/internals.pyx:921:12: The 'IF' statement is deprecated and will be removed in a future Cython version. Consider using runtime conditions or C macros instead. See https://github.com/cython/cython/issues/4310
2025-04-14T18:51:04.6585494Z   warning: /home/runner/work/pandas/pandas/pandas/_libs/internals.pyx:955:8: The 'IF' statement is deprecated and will be removed in a future Cython version. Consider using runtime conditions or C macros instead. See https://github.com/cython/cython/issues/4310
2025-04-14T18:51:04.6588585Z   warning: /home/runner/work/pandas/pandas/pandas/_libs/internals.pyx:973:8: The 'IF' statement is deprecated and will be removed in a future Cython version. Consider using runtime conditions or C macros instead. See https://github.com/cython/cython/issues/4310
2025-04-14T18:51:04.6592229Z   warning: /home/runner/work/pandas/pandas/pandas/_libs/internals.pyx:994:8: The 'IF' statement is deprecated and will be removed in a future Cython version. Consider using runtime conditions or C macros instead. See https://github.com/cython/cython/issues/4310
2025-04-14T18:51:06.3386637Z   [29/152] Compiling Cython source /home/runner/work/pandas/pandas/pandas/_libs/index.pyx
2025-04-14T18:51:08.7546371Z   [30/152] Compiling Cython source /home/runner/work/pandas/pandas/pandas/_libs/interval.pyx
2025-04-14T18:51:10.6112598Z   [31/152] Compiling Cython source /home/runner/work/pandas/pandas/pandas/_libs/missing.pyx
2025-04-14T18:51:11.1884019Z   [32/152] Compiling Cython source /home/runner/work/pandas/pandas/pandas/_libs/algos.pyx
2025-04-14T18:51:11.3132926Z   [33/152] Compiling Cython source /home/runner/work/pandas/pandas/pandas/_libs/groupby.pyx
2025-04-14T18:51:11.6609249Z   [34/152] Compiling Cython source /home/runner/work/pandas/pandas/pandas/_libs/lib.pyx
2025-04-14T18:51:12.2828242Z   [35/152] Compiling Cython source /home/runner/work/pandas/pandas/pandas/_libs/ops_dispatch.pyx
2025-04-14T18:51:12.9340046Z   [36/152] Compiling Cython source /home/runner/work/pandas/pandas/pandas/_libs/properties.pyx
2025-04-14T18:51:13.0339716Z   [37/152] Compiling Cython source /home/runner/work/pandas/pandas/pandas/_libs/join.pyx
2025-04-14T18:51:13.7617819Z   [38/152] Compiling Cython source /home/runner/work/pandas/pandas/pandas/_libs/hashtable.pyx
2025-04-14T18:51:13.8871833Z   [39/152] Compiling Cython source /home/runner/work/pandas/pandas/pandas/_libs/ops.pyx
2025-04-14T18:51:14.0278238Z   [40/152] Compiling Cython source /home/runner/work/pandas/pandas/pandas/_libs/byteswap.pyx
2025-04-14T18:51:14.7743108Z   [41/152] Compiling Cython source /home/runner/work/pandas/pandas/pandas/_libs/parsers.pyx
2025-04-14T18:51:15.0399013Z   [42/152] Compiling Cython source /home/runner/work/pandas/pandas/pandas/_libs/reshape.pyx
2025-04-14T18:51:15.6696713Z   [43/152] Compiling Cython source /home/runner/work/pandas/pandas/pandas/_libs/testing.pyx
2025-04-14T18:51:15.7740174Z   [44/152] Compiling Cython source /home/runner/work/pandas/pandas/pandas/_libs/sas.pyx
2025-04-14T18:51:17.2098070Z   [45/152] Compiling Cython source /home/runner/work/pandas/pandas/pandas/_libs/tslib.pyx
2025-04-14T18:51:17.9740108Z   [46/152] Compiling Cython source /home/runner/work/pandas/pandas/pandas/_libs/writers.pyx
2025-04-14T18:51:18.0325271Z   [47/152] Compiling C object pandas/_libs/tslibs/base.cpython-310-x86_64-linux-gnu.so.p/meson-generated_pandas__libs_tslibs_base.pyx.c.o
2025-04-14T18:51:18.0622820Z   [48/152] Compiling Cython source /home/runner/work/pandas/pandas/pandas/_libs/window/indexers.pyx
2025-04-14T18:51:19.7480824Z   [49/152] Compiling Cython source /home/runner/work/pandas/pandas/pandas/_libs/sparse.pyx
2025-04-14T18:51:19.7635230Z   [50/152] Compiling Cython source /home/runner/work/pandas/pandas/pandas/_libs/window/aggregations.pyx
2025-04-14T18:51:20.2836791Z   [51/152] Compiling C object pandas/_libs/tslibs/ccalendar.cpython-310-x86_64-linux-gnu.so.p/meson-generated_pandas__libs_tslibs_ccalendar.pyx.c.o
2025-04-14T18:51:26.9329726Z   [52/152] Compiling C object pandas/_libs/tslibs/np_datetime.cpython-310-x86_64-linux-gnu.so.p/meson-generated_pandas__libs_tslibs_np_datetime.pyx.c.o
2025-04-14T18:51:28.3686013Z   [53/152] Compiling C object pandas/_libs/tslibs/dtypes.cpython-310-x86_64-linux-gnu.so.p/meson-generated_pandas__libs_tslibs_dtypes.pyx.c.o
2025-04-14T18:51:29.8903977Z   [54/152] Compiling C object pandas/_libs/tslibs/parsing.cpython-310-x86_64-linux-gnu.so.p/.._src_parser_tokenizer.c.o
2025-04-14T18:51:30.8690453Z   [55/152] Compiling C object pandas/_libs/tslibs/nattype.cpython-310-x86_64-linux-gnu.so.p/meson-generated_pandas__libs_tslibs_nattype.pyx.c.o
2025-04-14T18:51:32.2633809Z   [56/152] Compiling C object pandas/_libs/tslibs/conversion.cpython-310-x86_64-linux-gnu.so.p/meson-generated_pandas__libs_tslibs_conversion.pyx.c.o
2025-04-14T18:51:34.7305316Z   [57/152] Compiling C object pandas/_libs/tslibs/fields.cpython-310-x86_64-linux-gnu.so.p/meson-generated_pandas__libs_tslibs_fields.pyx.c.o
2025-04-14T18:51:46.3158115Z   [58/152] Compiling C object pandas/_libs/tslibs/parsing.cpython-310-x86_64-linux-gnu.so.p/meson-generated_pandas__libs_tslibs_parsing.pyx.c.o
2025-04-14T18:51:47.2353329Z   [59/152] Compiling C object pandas/_libs/tslibs/strptime.cpython-310-x86_64-linux-gnu.so.p/meson-generated_pandas__libs_tslibs_strptime.pyx.c.o
2025-04-14T18:51:54.8043879Z   [60/152] Compiling C object pandas/_libs/tslibs/period.cpython-310-x86_64-linux-gnu.so.p/meson-generated_pandas__libs_tslibs_period.pyx.c.o
2025-04-14T18:51:59.2023653Z   [61/152] Compiling C object pandas/_libs/tslibs/timezones.cpython-310-x86_64-linux-gnu.so.p/meson-generated_pandas__libs_tslibs_timezones.pyx.c.o
2025-04-14T18:52:01.4728822Z   [62/152] Compiling C object pandas/_libs/tslibs/tzconversion.cpython-310-x86_64-linux-gnu.so.p/meson-generated_pandas__libs_tslibs_tzconversion.pyx.c.o
2025-04-14T18:52:04.7293604Z   [63/152] Compiling C object pandas/_libs/tslibs/timedeltas.cpython-310-x86_64-linux-gnu.so.p/meson-generated_pandas__libs_tslibs_timedeltas.pyx.c.o
2025-04-14T18:52:05.9735346Z   [64/152] Compiling C object pandas/_libs/tslibs/vectorized.cpython-310-x86_64-linux-gnu.so.p/meson-generated_pandas__libs_tslibs_vectorized.pyx.c.o
2025-04-14T18:52:06.0166521Z   [65/152] Compiling C object pandas/_libs/arrays.cpython-310-x86_64-linux-gnu.so.p/meson-generated_pandas__libs_arrays.pyx.c.o
2025-04-14T18:52:06.8778398Z   [66/152] Compiling C object pandas/_libs/tslibs/timestamps.cpython-310-x86_64-linux-gnu.so.p/meson-generated_pandas__libs_tslibs_timestamps.pyx.c.o
2025-04-14T18:52:14.9172599Z   [67/152] Compiling C object pandas/_libs/hashing.cpython-310-x86_64-linux-gnu.so.p/meson-generated_pandas__libs_hashing.pyx.c.o
2025-04-14T18:52:17.1795506Z   [68/152] Compiling C object pandas/_libs/indexing.cpython-310-x86_64-linux-gnu.so.p/meson-generated_pandas__libs_indexing.pyx.c.o
2025-04-14T18:52:20.7174276Z   [69/152] Compiling C object pandas/_libs/tslibs/offsets.cpython-310-x86_64-linux-gnu.so.p/meson-generated_pandas__libs_tslibs_offsets.pyx.c.o
2025-04-14T18:52:35.5763437Z   [70/152] Compiling C object pandas/_libs/internals.cpython-310-x86_64-linux-gnu.so.p/meson-generated_pandas__libs_internals.pyx.c.o
2025-04-14T18:52:50.1874779Z   [71/152] Compiling C object pandas/_libs/index.cpython-310-x86_64-linux-gnu.so.p/meson-generated_pandas__libs_index.pyx.c.o
2025-04-14T18:53:18.4683760Z   [72/152] Compiling C object pandas/_libs/interval.cpython-310-x86_64-linux-gnu.so.p/meson-generated_pandas__libs_interval.pyx.c.o
2025-04-14T18:53:19.9348079Z   [73/152] Compiling C object pandas/_libs/lib.cpython-310-x86_64-linux-gnu.so.p/src_parser_tokenizer.c.o
2025-04-14T18:53:29.3126463Z   [74/152] Compiling C object pandas/_libs/lib.cpython-310-x86_64-linux-gnu.so.p/meson-generated_pandas__libs_lib.pyx.c.o
2025-04-14T18:53:29.9705093Z   [75/152] Compiling C object pandas/_libs/pandas_datetime.cpython-310-x86_64-linux-gnu.so.p/src_vendored_numpy_datetime_np_datetime.c.o
2025-04-14T18:53:30.6014608Z   [76/152] Compiling C object pandas/_libs/pandas_datetime.cpython-310-x86_64-linux-gnu.so.p/src_vendored_numpy_datetime_np_datetime_strings.c.o
2025-04-14T18:53:30.7073577Z   [77/152] Compiling C object pandas/_libs/missing.cpython-310-x86_64-linux-gnu.so.p/meson-generated_pandas__libs_missing.pyx.c.o
2025-04-14T18:53:30.8270756Z   [78/152] Compiling C object pandas/_libs/pandas_datetime.cpython-310-x86_64-linux-gnu.so.p/src_datetime_date_conversions.c.o
2025-04-14T18:53:31.0928091Z   [79/152] Compiling C object pandas/_libs/pandas_datetime.cpython-310-x86_64-linux-gnu.so.p/src_datetime_pd_datetime.c.o
2025-04-14T18:53:31.3705112Z   [80/152] Compiling C object pandas/_libs/pandas_parser.cpython-310-x86_64-linux-gnu.so.p/src_parser_io.c.o
2025-04-14T18:53:31.5785556Z   [81/152] Compiling C object pandas/_libs/pandas_parser.cpython-310-x86_64-linux-gnu.so.p/src_parser_pd_parser.c.o
2025-04-14T18:53:32.4411933Z   [82/152] Compiling C object pandas/_libs/pandas_parser.cpython-310-x86_64-linux-gnu.so.p/src_parser_tokenizer.c.o
2025-04-14T18:53:33.9736435Z   [83/152] Compiling C object pandas/_libs/parsers.cpython-310-x86_64-linux-gnu.so.p/src_parser_tokenizer.c.o
2025-04-14T18:53:34.2404228Z   [84/152] Compiling C object pandas/_libs/parsers.cpython-310-x86_64-linux-gnu.so.p/src_parser_io.c.o
2025-04-14T18:53:34.5267478Z   [85/152] Compiling C object pandas/_libs/json.cpython-310-x86_64-linux-gnu.so.p/src_vendored_ujson_python_ujson.c.o
2025-04-14T18:53:35.7841823Z   [86/152] Compiling C object pandas/_libs/json.cpython-310-x86_64-linux-gnu.so.p/src_vendored_ujson_python_objToJSON.c.o
2025-04-14T18:53:36.0772951Z   [87/152] Compiling C object pandas/_libs/json.cpython-310-x86_64-linux-gnu.so.p/src_vendored_ujson_python_JSONtoObj.c.o
2025-04-14T18:53:36.5236165Z   [88/152] Compiling C object pandas/_libs/json.cpython-310-x86_64-linux-gnu.so.p/src_vendored_ujson_lib_ultrajsonenc.c.o
2025-04-14T18:53:36.6781080Z   [89/152] Compiling C object pandas/_libs/join.cpython-310-x86_64-linux-gnu.so.p/meson-generated_pandas__libs_join.pyx.c.o
2025-04-14T18:53:37.1053410Z   [90/152] Compiling C object pandas/_libs/json.cpython-310-x86_64-linux-gnu.so.p/src_vendored_ujson_lib_ultrajsondec.c.o
2025-04-14T18:53:37.2698782Z   [91/152] Compiling C object pandas/_libs/algos.cpython-310-x86_64-linux-gnu.so.p/meson-generated_pandas__libs_algos.pyx.c.o
2025-04-14T18:53:39.6146252Z   [92/152] Compiling C object pandas/_libs/ops_dispatch.cpython-310-x86_64-linux-gnu.so.p/meson-generated_pandas__libs_ops_dispatch.pyx.c.o
2025-04-14T18:53:39.9981815Z   [93/152] Compiling C object pandas/_libs/properties.cpython-310-x86_64-linux-gnu.so.p/meson-generated_pandas__libs_properties.pyx.c.o
2025-04-14T18:53:46.8997753Z   [94/152] Compiling C object pandas/_libs/hashtable.cpython-310-x86_64-linux-gnu.so.p/meson-generated_pandas__libs_hashtable.pyx.c.o
2025-04-14T18:53:48.2346997Z   [95/152] Compiling C object pandas/_libs/ops.cpython-310-x86_64-linux-gnu.so.p/meson-generated_pandas__libs_ops.pyx.c.o
2025-04-14T18:53:48.5423918Z   [96/152] Compiling C object pandas/_libs/byteswap.cpython-310-x86_64-linux-gnu.so.p/meson-generated_pandas__libs_byteswap.pyx.c.o
2025-04-14T18:53:51.4038201Z   [97/152] Compiling C object pandas/_libs/sas.cpython-310-x86_64-linux-gnu.so.p/meson-generated_pandas__libs_sas.pyx.c.o
2025-04-14T18:53:52.9393131Z   [98/152] Compiling C object pandas/_libs/reshape.cpython-310-x86_64-linux-gnu.so.p/meson-generated_pandas__libs_reshape.pyx.c.o
2025-04-14T18:53:56.0718693Z   [99/152] Compiling C object pandas/_libs/testing.cpython-310-x86_64-linux-gnu.so.p/meson-generated_pandas__libs_testing.pyx.c.o
2025-04-14T18:53:59.0925274Z   [100/152] Compiling C object pandas/_libs/parsers.cpython-310-x86_64-linux-gnu.so.p/meson-generated_pandas__libs_parsers.pyx.c.o
2025-04-14T18:54:01.5607327Z   [101/152] Compiling C object pandas/_libs/tslib.cpython-310-x86_64-linux-gnu.so.p/meson-generated_pandas__libs_tslib.pyx.c.o
2025-04-14T18:54:01.8538500Z   [102/152] Generating write_version_file with a custom command
2025-04-14T18:54:01.9214983Z   [103/152] Generating pandas/__init__.py with a custom command
2025-04-14T18:54:01.9877622Z   [104/152] Linking target pandas/_libs/tslibs/base.cpython-310-x86_64-linux-gnu.so
2025-04-14T18:54:02.0564314Z   [105/152] Linking target pandas/_libs/tslibs/ccalendar.cpython-310-x86_64-linux-gnu.so
2025-04-14T18:54:02.1304378Z   [106/152] Linking target pandas/_libs/tslibs/dtypes.cpython-310-x86_64-linux-gnu.so
2025-04-14T18:54:02.2089451Z   [107/152] Linking target pandas/_libs/tslibs/conversion.cpython-310-x86_64-linux-gnu.so
2025-04-14T18:54:02.2525420Z   [108/152] Compiling C object pandas/_libs/groupby.cpython-310-x86_64-linux-gnu.so.p/meson-generated_pandas__libs_groupby.pyx.c.o
2025-04-14T18:54:02.2564144Z   [109/152] Linking target pandas/_libs/tslibs/fields.cpython-310-x86_64-linux-gnu.so
2025-04-14T18:54:02.2956574Z   [110/152] Linking target pandas/_libs/tslibs/nattype.cpython-310-x86_64-linux-gnu.so
2025-04-14T18:54:02.3146258Z   [111/152] Linking target pandas/_libs/tslibs/np_datetime.cpython-310-x86_64-linux-gnu.so
2025-04-14T18:54:02.3622317Z   [112/152] Linking target pandas/_libs/tslibs/parsing.cpython-310-x86_64-linux-gnu.so
2025-04-14T18:54:02.4191107Z   [113/152] Linking target pandas/_libs/tslibs/period.cpython-310-x86_64-linux-gnu.so
2025-04-14T18:54:02.4593277Z   [114/152] Linking target pandas/_libs/tslibs/offsets.cpython-310-x86_64-linux-gnu.so
2025-04-14T18:54:02.4683947Z   [115/152] Linking target pandas/_libs/tslibs/strptime.cpython-310-x86_64-linux-gnu.so
2025-04-14T18:54:02.5268322Z   [116/152] Linking target pandas/_libs/tslibs/timedeltas.cpython-310-x86_64-linux-gnu.so
2025-04-14T18:54:02.5542096Z   [117/152] Linking target pandas/_libs/tslibs/timestamps.cpython-310-x86_64-linux-gnu.so
2025-04-14T18:54:02.5996633Z   [118/152] Linking target pandas/_libs/tslibs/tzconversion.cpython-310-x86_64-linux-gnu.so
2025-04-14T18:54:02.6183204Z   [119/152] Linking target pandas/_libs/tslibs/timezones.cpython-310-x86_64-linux-gnu.so
2025-04-14T18:54:02.6584935Z   [120/152] Linking target pandas/_libs/tslibs/vectorized.cpython-310-x86_64-linux-gnu.so
2025-04-14T18:54:02.7302443Z   [121/152] Linking target pandas/_libs/arrays.cpython-310-x86_64-linux-gnu.so
2025-04-14T18:54:02.7800143Z   [122/152] Linking target pandas/_libs/algos.cpython-310-x86_64-linux-gnu.so
2025-04-14T18:54:02.8664717Z   [123/152] Linking target pandas/_libs/hashing.cpython-310-x86_64-linux-gnu.so
2025-04-14T18:54:02.8903599Z   [124/152] Linking target pandas/_libs/groupby.cpython-310-x86_64-linux-gnu.so
2025-04-14T18:54:02.9964199Z   [125/152] Linking target pandas/_libs/hashtable.cpython-310-x86_64-linux-gnu.so
2025-04-14T18:54:03.0181451Z   [126/152] Linking target pandas/_libs/index.cpython-310-x86_64-linux-gnu.so
2025-04-14T18:54:03.0435536Z   [127/152] Linking target pandas/_libs/indexing.cpython-310-x86_64-linux-gnu.so
2025-04-14T18:54:03.0841337Z   [128/152] Linking target pandas/_libs/internals.cpython-310-x86_64-linux-gnu.so
2025-04-14T18:54:03.2053491Z   [129/152] Linking target pandas/_libs/join.cpython-310-x86_64-linux-gnu.so
2025-04-14T18:54:03.2072045Z   [130/152] Linking target pandas/_libs/interval.cpython-310-x86_64-linux-gnu.so
2025-04-14T18:54:03.2482026Z   [131/152] Linking target pandas/_libs/missing.cpython-310-x86_64-linux-gnu.so
2025-04-14T18:54:03.2802477Z   [132/152] Linking target pandas/_libs/pandas_datetime.cpython-310-x86_64-linux-gnu.so
2025-04-14T18:54:03.3134211Z   [133/152] Linking target pandas/_libs/pandas_parser.cpython-310-x86_64-linux-gnu.so
2025-04-14T18:54:03.3379976Z   [134/152] Linking target pandas/_libs/lib.cpython-310-x86_64-linux-gnu.so
2025-04-14T18:54:03.3745630Z   [135/152] Linking target pandas/_libs/parsers.cpython-310-x86_64-linux-gnu.so
2025-04-14T18:54:03.4150796Z   [136/152] Linking target pandas/_libs/json.cpython-310-x86_64-linux-gnu.so
2025-04-14T18:54:03.4607257Z   [137/152] Linking target pandas/_libs/ops.cpython-310-x86_64-linux-gnu.so
2025-04-14T18:54:03.4810493Z   [138/152] Linking target pandas/_libs/ops_dispatch.cpython-310-x86_64-linux-gnu.so
2025-04-14T18:54:03.5246295Z   [139/152] Linking target pandas/_libs/properties.cpython-310-x86_64-linux-gnu.so
2025-04-14T18:54:03.5317177Z   [140/152] Linking target pandas/_libs/reshape.cpython-310-x86_64-linux-gnu.so
2025-04-14T18:54:03.5984692Z   [141/152] Linking target pandas/_libs/byteswap.cpython-310-x86_64-linux-gnu.so
2025-04-14T18:54:03.6122789Z   [142/152] Linking target pandas/_libs/sas.cpython-310-x86_64-linux-gnu.so
2025-04-14T18:54:03.6837786Z   [143/152] Linking target pandas/_libs/testing.cpython-310-x86_64-linux-gnu.so
2025-04-14T18:54:03.6880248Z   [144/152] Linking target pandas/_libs/tslib.cpython-310-x86_64-linux-gnu.so
2025-04-14T18:54:04.1707421Z   [145/152] Compiling C object pandas/_libs/writers.cpython-310-x86_64-linux-gnu.so.p/meson-generated_pandas__libs_writers.pyx.c.o
2025-04-14T18:54:04.2126490Z   [146/152] Linking target pandas/_libs/writers.cpython-310-x86_64-linux-gnu.so
2025-04-14T18:54:06.1680208Z   [147/152] Compiling C object pandas/_libs/window/indexers.cpython-310-x86_64-linux-gnu.so.p/meson-generated_pandas__libs_window_indexers.pyx.c.o
2025-04-14T18:54:06.2078346Z   [148/152] Linking target pandas/_libs/window/indexers.cpython-310-x86_64-linux-gnu.so
2025-04-14T18:54:09.4034785Z   [149/152] Compiling C++ object pandas/_libs/window/aggregations.cpython-310-x86_64-linux-gnu.so.p/meson-generated_pandas__libs_window_aggregations.pyx.cpp.o
2025-04-14T18:54:09.4828223Z   [150/152] Linking target pandas/_libs/window/aggregations.cpython-310-x86_64-linux-gnu.so
2025-04-14T18:54:15.1810377Z   [151/152] Compiling C object pandas/_libs/sparse.cpython-310-x86_64-linux-gnu.so.p/meson-generated_pandas__libs_sparse.pyx.c.o
2025-04-14T18:54:15.2219648Z   [152/152] Linking target pandas/_libs/sparse.cpython-310-x86_64-linux-gnu.so
2025-04-14T18:54:15.2466436Z   Preparing editable metadata (pyproject.toml): finished with status 'done'
2025-04-14T18:54:15.3058969Z Building wheels for collected packages: pandas
2025-04-14T18:54:15.3066398Z   Building editable for pandas (pyproject.toml): started
2025-04-14T18:54:15.3068094Z   Running command Building editable for pandas (pyproject.toml)
2025-04-14T18:54:15.3994922Z   Building editable for pandas (pyproject.toml): finished with status 'done'
2025-04-14T18:54:15.4001199Z   Created wheel for pandas: filename=pandas-3.0.0.dev0+2068.g6064e78808-cp310-cp310-linux_x86_64.whl size=33837 sha256=2c1f44cd47ae74511b486f8ca9f9447606b2d96256d00112620b0205385f23a9
2025-04-14T18:54:15.4002853Z   Stored in directory: /tmp/pip-ephem-wheel-cache-l1fyjiq4/wheels/c8/f0/b0/4ce0d521a52df87fd89483e25a96ed38210d4a10de764be814
2025-04-14T18:54:15.4025564Z Successfully built pandas
2025-04-14T18:54:15.4027764Z Installing collected packages: pandas
2025-04-14T18:54:15.4459769Z Successfully installed pandas-3.0.0.dev0+2068.g6064e78808
