2025-03-21T20:05:15.0368290Z Prepare all required actions
2025-03-21T20:05:15.0368739Z Getting action download info
2025-03-21T20:05:15.1780994Z Download action repository 'actions/setup-node@v4' (SHA:cdca7365b2dadb8aad0a33bc7601856ffabcc48e)
2025-03-21T20:05:15.6093409Z Download action repository 'actions/cache@v4' (SHA:5a3ec84eff668545956fd18022155c47e93e2684)
2025-03-21T20:05:16.0821436Z ##[group]Run ./.github/actions/setup
2025-03-21T20:05:16.0821732Z with:
2025-03-21T20:05:16.0822186Z   node-version: 20
2025-03-21T20:05:16.0822424Z   npm-version: 8
2025-03-21T20:05:16.0822625Z env:
2025-03-21T20:05:16.0823107Z   NODE_AUTH_TOKEN: ***
2025-03-21T20:05:16.0823376Z   AWS_ACCESS_KEY_ID: ***
2025-03-21T20:05:16.0823701Z   AWS_SECRET_ACCESS_KEY: ***
2025-03-21T20:05:16.0823960Z   AWS_S3_BUCKET: ***
2025-03-21T20:05:16.0824191Z   AWS_REGION: ***
2025-03-21T20:05:16.0824404Z   SOURCE_DIR: .s3_uploads
2025-03-21T20:05:16.0824630Z ##[endgroup]
2025-03-21T20:05:16.0930455Z ##[group]Run actions/setup-node@v4
2025-03-21T20:05:16.0930735Z with:
2025-03-21T20:05:16.0930967Z   node-version: 20
2025-03-21T20:05:16.0931221Z   registry-url: https://registry.npmjs.org
2025-03-21T20:05:16.0931520Z   always-auth: false
2025-03-21T20:05:16.0931742Z   check-latest: false
2025-03-21T20:05:16.0932214Z   token: ***
2025-03-21T20:05:16.0932419Z env:
2025-03-21T20:05:16.0932668Z   NODE_AUTH_TOKEN: ***
2025-03-21T20:05:16.0932925Z   AWS_ACCESS_KEY_ID: ***
2025-03-21T20:05:16.0933236Z   AWS_SECRET_ACCESS_KEY: ***
2025-03-21T20:05:16.0933507Z   AWS_S3_BUCKET: ***
2025-03-21T20:05:16.0933732Z   AWS_REGION: ***
2025-03-21T20:05:16.0933943Z   SOURCE_DIR: .s3_uploads
2025-03-21T20:05:16.0934165Z ##[endgroup]
2025-03-21T20:05:16.2649072Z Found in cache @ /opt/hostedtoolcache/node/20.19.0/x64
2025-03-21T20:05:16.2656063Z ##[group]Environment details
2025-03-21T20:05:19.7227700Z node: v20.19.0
2025-03-21T20:05:19.7228119Z npm: 10.8.2
2025-03-21T20:05:19.7228374Z yarn: 1.22.22
2025-03-21T20:05:19.7229608Z ##[endgroup]
2025-03-21T20:05:19.7354375Z ##[group]Run npm install -g npm@8
2025-03-21T20:05:19.7354741Z [36;1mnpm install -g npm@8[0m
2025-03-21T20:05:19.7486883Z shell: /usr/bin/bash --noprofile --norc -e -o pipefail {0}
2025-03-21T20:05:19.7487301Z env:
2025-03-21T20:05:19.7487639Z   NODE_AUTH_TOKEN: ***
2025-03-21T20:05:19.7487939Z   AWS_ACCESS_KEY_ID: ***
2025-03-21T20:05:19.7488339Z   AWS_SECRET_ACCESS_KEY: ***
2025-03-21T20:05:19.7488639Z   AWS_S3_BUCKET: ***
2025-03-21T20:05:19.7488909Z   AWS_REGION: ***
2025-03-21T20:05:19.7489159Z   SOURCE_DIR: .s3_uploads
2025-03-21T20:05:19.7489512Z   NPM_CONFIG_USERCONFIG: /home/runner/work/_temp/.npmrc
2025-03-21T20:05:19.7489880Z ##[endgroup]
2025-03-21T20:05:23.8872069Z 
2025-03-21T20:05:23.8882186Z removed 54 packages, and changed 101 packages in 4s
2025-03-21T20:05:23.8882835Z 
2025-03-21T20:05:23.8883167Z 11 packages are looking for funding
2025-03-21T20:05:23.8883741Z   run `npm fund` for details
2025-03-21T20:05:24.1350494Z ##[group]Run actions/cache@v4
2025-03-21T20:05:24.1350757Z with:
2025-03-21T20:05:24.1350951Z   path: node_modules
2025-03-21T20:05:24.1351403Z   key: Linux-node-modules-bf32c163cb712155c8c90c0fed33cbb87b349ce9483520f1516d2f66d6b63e96
2025-03-21T20:05:24.1351894Z   restore-keys: Linux-node-modules-

2025-03-21T20:05:24.1352403Z   enableCrossOsArchive: false
2025-03-21T20:05:24.1352663Z   fail-on-cache-miss: false
2025-03-21T20:05:24.1352904Z   lookup-only: false
2025-03-21T20:05:24.1353126Z   save-always: false
2025-03-21T20:05:24.1353332Z env:
2025-03-21T20:05:24.1353634Z   NODE_AUTH_TOKEN: ***
2025-03-21T20:05:24.1354119Z   AWS_ACCESS_KEY_ID: ***
2025-03-21T20:05:24.1354434Z   AWS_SECRET_ACCESS_KEY: ***
2025-03-21T20:05:24.1354693Z   AWS_S3_BUCKET: ***
2025-03-21T20:05:24.1354914Z   AWS_REGION: ***
2025-03-21T20:05:24.1355125Z   SOURCE_DIR: .s3_uploads
2025-03-21T20:05:24.1355414Z   NPM_CONFIG_USERCONFIG: /home/runner/work/_temp/.npmrc
2025-03-21T20:05:24.1355723Z ##[endgroup]
2025-03-21T20:05:24.3948368Z Cache hit for: Linux-node-modules-bf32c163cb712155c8c90c0fed33cbb87b349ce9483520f1516d2f66d6b63e96
2025-03-21T20:05:25.5345171Z Received 117440512 of 150071921 (78.3%), 111.9 MBs/sec
2025-03-21T20:05:25.8186299Z Received 150071921 of 150071921 (100.0%), 111.4 MBs/sec
2025-03-21T20:05:25.8187243Z Cache Size: ~143 MB (150071921 B)
2025-03-21T20:05:25.8218320Z [command]/usr/bin/tar -xf /home/runner/work/_temp/9d74fee5-8a4c-4da3-9de1-4cb5907a9e5d/cache.tzst -P -C /home/runner/work/pixijs/pixijs --use-compress-program unzstd
2025-03-21T20:05:27.5392144Z Cache restored successfully
2025-03-21T20:05:27.5843493Z Cache restored from key: Linux-node-modules-bf32c163cb712155c8c90c0fed33cbb87b349ce9483520f1516d2f66d6b63e96
