2025-02-05T14:18:18.7578441Z Requested labels: ubuntu-latest
2025-02-05T14:18:18.7578736Z Job defined at: alpinejs/alpine/.github/workflows/run-tests.yml@refs/pull/4518/merge
2025-02-05T14:18:18.7578844Z Waiting for a runner to pick up this job...
2025-02-05T14:18:19.3355306Z Job is waiting for a hosted runner to come online.
2025-02-05T14:18:25.6478301Z Job is about to start running on the hosted runner: GitHub Actions 14 (hosted)
2025-02-05T14:18:28.2916803Z Current runner version: '2.322.0'
2025-02-05T14:18:28.2942096Z ##[group]Operating System
2025-02-05T14:18:28.2942994Z Ubuntu
2025-02-05T14:18:28.2943472Z 24.04.1
2025-02-05T14:18:28.2943996Z LTS
2025-02-05T14:18:28.2944547Z ##[endgroup]
2025-02-05T14:18:28.2945057Z ##[group]Runner Image
2025-02-05T14:18:28.2945654Z Image: ubuntu-24.04
2025-02-05T14:18:28.2946232Z Version: 20250202.1.0
2025-02-05T14:18:28.2947207Z Included Software: https://github.com/actions/runner-images/blob/ubuntu24/20250202.1/images/ubuntu/Ubuntu2404-Readme.md
2025-02-05T14:18:28.2948558Z Image Release: https://github.com/actions/runner-images/releases/tag/ubuntu24%2F20250202.1
2025-02-05T14:18:28.2949505Z ##[endgroup]
2025-02-05T14:18:28.2950010Z ##[group]Runner Image Provisioner
2025-02-05T14:18:28.2950610Z 2.0.422.1
2025-02-05T14:18:28.2951136Z ##[endgroup]
2025-02-05T14:18:28.2953370Z ##[group]GITHUB_TOKEN Permissions
2025-02-05T14:18:28.2955387Z Actions: read
2025-02-05T14:18:28.2956163Z Attestations: read
2025-02-05T14:18:28.2956929Z Checks: read
2025-02-05T14:18:28.2957448Z Contents: read
2025-02-05T14:18:28.2957921Z Deployments: read
2025-02-05T14:18:28.2958570Z Discussions: read
2025-02-05T14:18:28.2959094Z Issues: read
2025-02-05T14:18:28.2959564Z Metadata: read
2025-02-05T14:18:28.2960147Z Packages: read
2025-02-05T14:18:28.2960665Z Pages: read
2025-02-05T14:18:28.2961126Z PullRequests: read
2025-02-05T14:18:28.2961726Z RepositoryProjects: read
2025-02-05T14:18:28.2962626Z SecurityEvents: read
2025-02-05T14:18:28.2963162Z Statuses: read
2025-02-05T14:18:28.2963760Z ##[endgroup]
2025-02-05T14:18:28.2966734Z Secret source: None
2025-02-05T14:18:28.2967439Z Prepare workflow directory
2025-02-05T14:18:28.3300612Z Prepare all required actions
2025-02-05T14:18:28.3357597Z Getting action download info
2025-02-05T14:18:28.5738693Z Download action repository 'actions/checkout@v3' (SHA:f43a0e5ff2bd294095638e18286ca9a3d1956744)
2025-02-05T14:18:28.6602953Z Download action repository 'actions/setup-node@v3' (SHA:1a4442cacd436585916779262731d5b162bc6ec7)
2025-02-05T14:18:28.8205401Z Complete job name: build
2025-02-05T14:18:28.8941494Z ##[group]Run actions/checkout@v3
2025-02-05T14:18:28.8943041Z with:
2025-02-05T14:18:28.8943719Z   repository: alpinejs/alpine
2025-02-05T14:18:28.8944774Z   token: ***
2025-02-05T14:18:28.8945463Z   ssh-strict: true
2025-02-05T14:18:28.8946178Z   persist-credentials: true
2025-02-05T14:18:28.8947013Z   clean: true
2025-02-05T14:18:28.8947730Z   sparse-checkout-cone-mode: true
2025-02-05T14:18:28.8948592Z   fetch-depth: 1
2025-02-05T14:18:28.8949280Z   fetch-tags: false
2025-02-05T14:18:28.8949968Z   lfs: false
2025-02-05T14:18:28.8950642Z   submodules: false
2025-02-05T14:18:28.8951377Z   set-safe-directory: true
2025-02-05T14:18:28.8952863Z ##[endgroup]
2025-02-05T14:18:29.0467051Z Syncing repository: alpinejs/alpine
2025-02-05T14:18:29.0468879Z ##[group]Getting Git version info
2025-02-05T14:18:29.0469554Z Working directory is '/home/runner/work/alpine/alpine'
2025-02-05T14:18:29.0470446Z [command]/usr/bin/git version
2025-02-05T14:18:29.0519205Z git version 2.48.1
2025-02-05T14:18:29.0547659Z ##[endgroup]
2025-02-05T14:18:29.0563845Z Temporarily overriding HOME='/home/runner/work/_temp/5dec14be-952f-476c-bc5f-c75ef00b5b5f' before making global git config changes
2025-02-05T14:18:29.0565239Z Adding repository directory to the temporary git global config as a safe directory
2025-02-05T14:18:29.0567180Z [command]/usr/bin/git config --global --add safe.directory /home/runner/work/alpine/alpine
2025-02-05T14:18:29.0603640Z Deleting the contents of '/home/runner/work/alpine/alpine'
2025-02-05T14:18:29.0607429Z ##[group]Initializing the repository
2025-02-05T14:18:29.0610228Z [command]/usr/bin/git init /home/runner/work/alpine/alpine
2025-02-05T14:18:29.0689297Z hint: Using 'master' as the name for the initial branch. This default branch name
2025-02-05T14:18:29.0690385Z hint: is subject to change. To configure the initial branch name to use in all
2025-02-05T14:18:29.0691263Z hint: of your new repositories, which will suppress this warning, call:
2025-02-05T14:18:29.0692529Z hint:
2025-02-05T14:18:29.0693020Z hint: 	git config --global init.defaultBranch <name>
2025-02-05T14:18:29.0693605Z hint:
2025-02-05T14:18:29.0694143Z hint: Names commonly chosen instead of 'master' are 'main', 'trunk' and
2025-02-05T14:18:29.0695016Z hint: 'development'. The just-created branch can be renamed via this command:
2025-02-05T14:18:29.0695785Z hint:
2025-02-05T14:18:29.0696171Z hint: 	git branch -m <name>
2025-02-05T14:18:29.0699386Z Initialized empty Git repository in /home/runner/work/alpine/alpine/.git/
2025-02-05T14:18:29.0709834Z [command]/usr/bin/git remote add origin https://github.com/alpinejs/alpine
2025-02-05T14:18:29.0742595Z ##[endgroup]
2025-02-05T14:18:29.0743324Z ##[group]Disabling automatic garbage collection
2025-02-05T14:18:29.0745484Z [command]/usr/bin/git config --local gc.auto 0
2025-02-05T14:18:29.0772469Z ##[endgroup]
2025-02-05T14:18:29.0773173Z ##[group]Setting up auth
2025-02-05T14:18:29.0777683Z [command]/usr/bin/git config --local --name-only --get-regexp core\.sshCommand
2025-02-05T14:18:29.0804507Z [command]/usr/bin/git submodule foreach --recursive sh -c "git config --local --name-only --get-regexp 'core\.sshCommand' && git config --local --unset-all 'core.sshCommand' || :"
2025-02-05T14:18:29.1092960Z [command]/usr/bin/git config --local --name-only --get-regexp http\.https\:\/\/github\.com\/\.extraheader
2025-02-05T14:18:29.1120139Z [command]/usr/bin/git submodule foreach --recursive sh -c "git config --local --name-only --get-regexp 'http\.https\:\/\/github\.com\/\.extraheader' && git config --local --unset-all 'http.https://github.com/.extraheader' || :"
2025-02-05T14:18:29.1344256Z [command]/usr/bin/git config --local http.https://github.com/.extraheader AUTHORIZATION: basic ***
2025-02-05T14:18:29.1378969Z ##[endgroup]
2025-02-05T14:18:29.1380240Z ##[group]Fetching the repository
2025-02-05T14:18:29.1388608Z [command]/usr/bin/git -c protocol.version=2 fetch --no-tags --prune --progress --no-recurse-submodules --depth=1 origin +5816b25b342c3249bf5e4d90134d0d4d153c7f1d:refs/remotes/pull/4518/merge
2025-02-05T14:18:29.7128807Z remote: Enumerating objects: 359, done.        
2025-02-05T14:18:29.7130435Z remote: Counting objects:   0% (1/359)        
2025-02-05T14:18:29.7131951Z remote: Counting objects:   1% (4/359)        
2025-02-05T14:18:29.7133025Z remote: Counting objects:   2% (8/359)        
2025-02-05T14:18:29.7133673Z remote: Counting objects:   3% (11/359)        
2025-02-05T14:18:29.7134301Z remote: Counting objects:   4% (15/359)        
2025-02-05T14:18:29.7134933Z remote: Counting objects:   5% (18/359)        
2025-02-05T14:18:29.7135561Z remote: Counting objects:   6% (22/359)        
2025-02-05T14:18:29.7136185Z remote: Counting objects:   7% (26/359)        
2025-02-05T14:18:29.7136837Z remote: Counting objects:   8% (29/359)        
2025-02-05T14:18:29.7137465Z remote: Counting objects:   9% (33/359)        
2025-02-05T14:18:29.7138106Z remote: Counting objects:  10% (36/359)        
2025-02-05T14:18:29.7138765Z remote: Counting objects:  11% (40/359)        
2025-02-05T14:18:29.7139397Z remote: Counting objects:  12% (44/359)        
2025-02-05T14:18:29.7140083Z remote: Counting objects:  13% (47/359)        
2025-02-05T14:18:29.7140716Z remote: Counting objects:  14% (51/359)        
2025-02-05T14:18:29.7141334Z remote: Counting objects:  15% (54/359)        
2025-02-05T14:18:29.7142211Z remote: Counting objects:  16% (58/359)        
2025-02-05T14:18:29.7142845Z remote: Counting objects:  17% (62/359)        
2025-02-05T14:18:29.7143482Z remote: Counting objects:  18% (65/359)        
2025-02-05T14:18:29.7144103Z remote: Counting objects:  19% (69/359)        
2025-02-05T14:18:29.7144722Z remote: Counting objects:  20% (72/359)        
2025-02-05T14:18:29.7145355Z remote: Counting objects:  21% (76/359)        
2025-02-05T14:18:29.7145971Z remote: Counting objects:  22% (79/359)        
2025-02-05T14:18:29.7146582Z remote: Counting objects:  23% (83/359)        
2025-02-05T14:18:29.7147195Z remote: Counting objects:  24% (87/359)        
2025-02-05T14:18:29.7148111Z remote: Counting objects:  25% (90/359)        
2025-02-05T14:18:29.7148732Z remote: Counting objects:  26% (94/359)        
2025-02-05T14:18:29.7149340Z remote: Counting objects:  27% (97/359)        
2025-02-05T14:18:29.7150062Z remote: Counting objects:  28% (101/359)        
2025-02-05T14:18:29.7150855Z remote: Counting objects:  29% (105/359)        
2025-02-05T14:18:29.7151477Z remote: Counting objects:  30% (108/359)        
2025-02-05T14:18:29.7152301Z remote: Counting objects:  31% (112/359)        
2025-02-05T14:18:29.7152929Z remote: Counting objects:  32% (115/359)        
2025-02-05T14:18:29.7153543Z remote: Counting objects:  33% (119/359)        
2025-02-05T14:18:29.7154149Z remote: Counting objects:  34% (123/359)        
2025-02-05T14:18:29.7154764Z remote: Counting objects:  35% (126/359)        
2025-02-05T14:18:29.7155375Z remote: Counting objects:  36% (130/359)        
2025-02-05T14:18:29.7155981Z remote: Counting objects:  37% (133/359)        
2025-02-05T14:18:29.7156605Z remote: Counting objects:  38% (137/359)        
2025-02-05T14:18:29.7157218Z remote: Counting objects:  39% (141/359)        
2025-02-05T14:18:29.7157830Z remote: Counting objects:  40% (144/359)        
2025-02-05T14:18:29.7158441Z remote: Counting objects:  41% (148/359)        
2025-02-05T14:18:29.7159049Z remote: Counting objects:  42% (151/359)        
2025-02-05T14:18:29.7159656Z remote: Counting objects:  43% (155/359)        
2025-02-05T14:18:29.7160272Z remote: Counting objects:  44% (158/359)        
2025-02-05T14:18:29.7160888Z remote: Counting objects:  45% (162/359)        
2025-02-05T14:18:29.7161492Z remote: Counting objects:  46% (166/359)        
2025-02-05T14:18:29.7162454Z remote: Counting objects:  47% (169/359)        
2025-02-05T14:18:29.7163079Z remote: Counting objects:  48% (173/359)        
2025-02-05T14:18:29.7163680Z remote: Counting objects:  49% (176/359)        
2025-02-05T14:18:29.7164279Z remote: Counting objects:  50% (180/359)        
2025-02-05T14:18:29.7165108Z remote: Counting objects:  51% (184/359)        
2025-02-05T14:18:29.7165735Z remote: Counting objects:  52% (187/359)        
2025-02-05T14:18:29.7166338Z remote: Counting objects:  53% (191/359)        
2025-02-05T14:18:29.7166940Z remote: Counting objects:  54% (194/359)        
2025-02-05T14:18:29.7167547Z remote: Counting objects:  55% (198/359)        
2025-02-05T14:18:29.7168158Z remote: Counting objects:  56% (202/359)        
2025-02-05T14:18:29.7168773Z remote: Counting objects:  57% (205/359)        
2025-02-05T14:18:29.7169376Z remote: Counting objects:  58% (209/359)        
2025-02-05T14:18:29.7169979Z remote: Counting objects:  59% (212/359)        
2025-02-05T14:18:29.7170587Z remote: Counting objects:  60% (216/359)        
2025-02-05T14:18:29.7171181Z remote: Counting objects:  61% (219/359)        
2025-02-05T14:18:29.7171980Z remote: Counting objects:  62% (223/359)        
2025-02-05T14:18:29.7172634Z remote: Counting objects:  63% (227/359)        
2025-02-05T14:18:29.7173270Z remote: Counting objects:  64% (230/359)        
2025-02-05T14:18:29.7173869Z remote: Counting objects:  65% (234/359)        
2025-02-05T14:18:29.7174468Z remote: Counting objects:  66% (237/359)        
2025-02-05T14:18:29.7175073Z remote: Counting objects:  67% (241/359)        
2025-02-05T14:18:29.7175672Z remote: Counting objects:  68% (245/359)        
2025-02-05T14:18:29.7176277Z remote: Counting objects:  69% (248/359)        
2025-02-05T14:18:29.7176930Z remote: Counting objects:  70% (252/359)        
2025-02-05T14:18:29.7177530Z remote: Counting objects:  71% (255/359)        
2025-02-05T14:18:29.7178131Z remote: Counting objects:  72% (259/359)        
2025-02-05T14:18:29.7178738Z remote: Counting objects:  73% (263/359)        
2025-02-05T14:18:29.7179335Z remote: Counting objects:  74% (266/359)        
2025-02-05T14:18:29.7179937Z remote: Counting objects:  75% (270/359)        
2025-02-05T14:18:29.7180546Z remote: Counting objects:  76% (273/359)        
2025-02-05T14:18:29.7181341Z remote: Counting objects:  77% (277/359)        
2025-02-05T14:18:29.7182177Z remote: Counting objects:  78% (281/359)        
2025-02-05T14:18:29.7182801Z remote: Counting objects:  79% (284/359)        
2025-02-05T14:18:29.7183400Z remote: Counting objects:  80% (288/359)        
2025-02-05T14:18:29.7184000Z remote: Counting objects:  81% (291/359)        
2025-02-05T14:18:29.7184602Z remote: Counting objects:  82% (295/359)        
2025-02-05T14:18:29.7185199Z remote: Counting objects:  83% (298/359)        
2025-02-05T14:18:29.7185804Z remote: Counting objects:  84% (302/359)        
2025-02-05T14:18:29.7186409Z remote: Counting objects:  85% (306/359)        
2025-02-05T14:18:29.7187007Z remote: Counting objects:  86% (309/359)        
2025-02-05T14:18:29.7187615Z remote: Counting objects:  87% (313/359)        
2025-02-05T14:18:29.7188233Z remote: Counting objects:  88% (316/359)        
2025-02-05T14:18:29.7188834Z remote: Counting objects:  89% (320/359)        
2025-02-05T14:18:29.7189443Z remote: Counting objects:  90% (324/359)        
2025-02-05T14:18:29.7190057Z remote: Counting objects:  91% (327/359)        
2025-02-05T14:18:29.7190658Z remote: Counting objects:  92% (331/359)        
2025-02-05T14:18:29.7191269Z remote: Counting objects:  93% (334/359)        
2025-02-05T14:18:29.7192039Z remote: Counting objects:  94% (338/359)        
2025-02-05T14:18:29.7192658Z remote: Counting objects:  95% (342/359)        
2025-02-05T14:18:29.7193258Z remote: Counting objects:  96% (345/359)        
2025-02-05T14:18:29.7193867Z remote: Counting objects:  97% (349/359)        
2025-02-05T14:18:29.7194460Z remote: Counting objects:  98% (352/359)        
2025-02-05T14:18:29.7195050Z remote: Counting objects:  99% (356/359)        
2025-02-05T14:18:29.7195709Z remote: Counting objects: 100% (359/359)        
2025-02-05T14:18:29.7282241Z remote: Counting objects: 100% (359/359), done.        
2025-02-05T14:18:29.7283252Z remote: Compressing objects:   0% (1/317)        
2025-02-05T14:18:29.7283958Z remote: Compressing objects:   1% (4/317)        
2025-02-05T14:18:29.7284961Z remote: Compressing objects:   2% (7/317)        
2025-02-05T14:18:29.7285715Z remote: Compressing objects:   3% (10/317)        
2025-02-05T14:18:29.7286519Z remote: Compressing objects:   4% (13/317)        
2025-02-05T14:18:29.7287149Z remote: Compressing objects:   5% (16/317)        
2025-02-05T14:18:29.7287778Z remote: Compressing objects:   6% (20/317)        
2025-02-05T14:18:29.7288408Z remote: Compressing objects:   7% (23/317)        
2025-02-05T14:18:29.7289041Z remote: Compressing objects:   8% (26/317)        
2025-02-05T14:18:29.7289695Z remote: Compressing objects:   9% (29/317)        
2025-02-05T14:18:29.7290355Z remote: Compressing objects:  10% (32/317)        
2025-02-05T14:18:29.7290999Z remote: Compressing objects:  11% (35/317)        
2025-02-05T14:18:29.7291633Z remote: Compressing objects:  12% (39/317)        
2025-02-05T14:18:29.7292431Z remote: Compressing objects:  13% (42/317)        
2025-02-05T14:18:29.7293080Z remote: Compressing objects:  14% (45/317)        
2025-02-05T14:18:29.7293722Z remote: Compressing objects:  15% (48/317)        
2025-02-05T14:18:29.7294376Z remote: Compressing objects:  16% (51/317)        
2025-02-05T14:18:29.7295007Z remote: Compressing objects:  17% (54/317)        
2025-02-05T14:18:29.7295657Z remote: Compressing objects:  18% (58/317)        
2025-02-05T14:18:29.7296292Z remote: Compressing objects:  19% (61/317)        
2025-02-05T14:18:29.7296919Z remote: Compressing objects:  20% (64/317)        
2025-02-05T14:18:29.7297556Z remote: Compressing objects:  21% (67/317)        
2025-02-05T14:18:29.7298228Z remote: Compressing objects:  22% (70/317)        
2025-02-05T14:18:29.7298900Z remote: Compressing objects:  23% (73/317)        
2025-02-05T14:18:29.7299519Z remote: Compressing objects:  24% (77/317)        
2025-02-05T14:18:29.7305260Z remote: Compressing objects:  25% (80/317)        
2025-02-05T14:18:29.7306474Z remote: Compressing objects:  26% (83/317)        
2025-02-05T14:18:29.7307416Z remote: Compressing objects:  27% (86/317)        
2025-02-05T14:18:29.7308069Z remote: Compressing objects:  28% (89/317)        
2025-02-05T14:18:29.7308704Z remote: Compressing objects:  29% (92/317)        
2025-02-05T14:18:29.7309329Z remote: Compressing objects:  30% (96/317)        
2025-02-05T14:18:29.7309945Z remote: Compressing objects:  31% (99/317)        
2025-02-05T14:18:29.7310628Z remote: Compressing objects:  32% (102/317)        
2025-02-05T14:18:29.7311268Z remote: Compressing objects:  33% (105/317)        
2025-02-05T14:18:29.7312469Z remote: Compressing objects:  34% (108/317)        
2025-02-05T14:18:29.7313140Z remote: Compressing objects:  35% (111/317)        
2025-02-05T14:18:29.7313786Z remote: Compressing objects:  36% (115/317)        
2025-02-05T14:18:29.7314428Z remote: Compressing objects:  37% (118/317)        
2025-02-05T14:18:29.7315067Z remote: Compressing objects:  38% (121/317)        
2025-02-05T14:18:29.7315714Z remote: Compressing objects:  39% (124/317)        
2025-02-05T14:18:29.7316380Z remote: Compressing objects:  40% (127/317)        
2025-02-05T14:18:29.7317025Z remote: Compressing objects:  41% (130/317)        
2025-02-05T14:18:29.7317655Z remote: Compressing objects:  42% (134/317)        
2025-02-05T14:18:29.7318283Z remote: Compressing objects:  43% (137/317)        
2025-02-05T14:18:29.7318922Z remote: Compressing objects:  44% (140/317)        
2025-02-05T14:18:29.7319545Z remote: Compressing objects:  45% (143/317)        
2025-02-05T14:18:29.7320174Z remote: Compressing objects:  46% (146/317)        
2025-02-05T14:18:29.7754209Z remote: Compressing objects:  47% (149/317)        
2025-02-05T14:18:29.7755512Z remote: Compressing objects:  48% (153/317)        
2025-02-05T14:18:29.7756345Z remote: Compressing objects:  49% (156/317)        
2025-02-05T14:18:29.7757135Z remote: Compressing objects:  50% (159/317)        
2025-02-05T14:18:29.7757924Z remote: Compressing objects:  51% (162/317)        
2025-02-05T14:18:29.7759052Z remote: Compressing objects:  52% (165/317)        
2025-02-05T14:18:29.7759859Z remote: Compressing objects:  53% (169/317)        
2025-02-05T14:18:29.7760668Z remote: Compressing objects:  54% (172/317)        
2025-02-05T14:18:29.7761495Z remote: Compressing objects:  55% (175/317)        
2025-02-05T14:18:29.7762480Z remote: Compressing objects:  56% (178/317)        
2025-02-05T14:18:29.7763204Z remote: Compressing objects:  57% (181/317)        
2025-02-05T14:18:29.7763935Z remote: Compressing objects:  58% (184/317)        
2025-02-05T14:18:29.7764652Z remote: Compressing objects:  59% (188/317)        
2025-02-05T14:18:29.7765372Z remote: Compressing objects:  60% (191/317)        
2025-02-05T14:18:29.7766092Z remote: Compressing objects:  61% (194/317)        
2025-02-05T14:18:29.7766809Z remote: Compressing objects:  62% (197/317)        
2025-02-05T14:18:29.7767536Z remote: Compressing objects:  63% (200/317)        
2025-02-05T14:18:29.7768260Z remote: Compressing objects:  64% (203/317)        
2025-02-05T14:18:29.7768985Z remote: Compressing objects:  65% (207/317)        
2025-02-05T14:18:29.7769709Z remote: Compressing objects:  66% (210/317)        
2025-02-05T14:18:29.7824012Z remote: Compressing objects:  67% (213/317)        
2025-02-05T14:18:29.7824980Z remote: Compressing objects:  68% (216/317)        
2025-02-05T14:18:29.7825792Z remote: Compressing objects:  69% (219/317)        
2025-02-05T14:18:29.7826595Z remote: Compressing objects:  70% (222/317)        
2025-02-05T14:18:29.7827390Z remote: Compressing objects:  71% (226/317)        
2025-02-05T14:18:29.7828177Z remote: Compressing objects:  72% (229/317)        
2025-02-05T14:18:29.7828970Z remote: Compressing objects:  73% (232/317)        
2025-02-05T14:18:29.7829769Z remote: Compressing objects:  74% (235/317)        
2025-02-05T14:18:29.7830557Z remote: Compressing objects:  75% (238/317)        
2025-02-05T14:18:29.7831347Z remote: Compressing objects:  76% (241/317)        
2025-02-05T14:18:29.7832238Z remote: Compressing objects:  77% (245/317)        
2025-02-05T14:18:29.7833142Z remote: Compressing objects:  78% (248/317)        
2025-02-05T14:18:29.7833775Z remote: Compressing objects:  79% (251/317)        
2025-02-05T14:18:29.7834414Z remote: Compressing objects:  80% (254/317)        
2025-02-05T14:18:29.7835048Z remote: Compressing objects:  81% (257/317)        
2025-02-05T14:18:29.7835677Z remote: Compressing objects:  82% (260/317)        
2025-02-05T14:18:29.7836315Z remote: Compressing objects:  83% (264/317)        
2025-02-05T14:18:29.7836949Z remote: Compressing objects:  84% (267/317)        
2025-02-05T14:18:29.7837614Z remote: Compressing objects:  85% (270/317)        
2025-02-05T14:18:29.7838255Z remote: Compressing objects:  86% (273/317)        
2025-02-05T14:18:29.7838890Z remote: Compressing objects:  87% (276/317)        
2025-02-05T14:18:29.7890173Z remote: Compressing objects:  88% (279/317)        
2025-02-05T14:18:29.7891660Z remote: Compressing objects:  89% (283/317)        
2025-02-05T14:18:29.7892616Z remote: Compressing objects:  90% (286/317)        
2025-02-05T14:18:29.7893264Z remote: Compressing objects:  91% (289/317)        
2025-02-05T14:18:29.7893896Z remote: Compressing objects:  92% (292/317)        
2025-02-05T14:18:29.7894531Z remote: Compressing objects:  93% (295/317)        
2025-02-05T14:18:29.7895149Z remote: Compressing objects:  94% (298/317)        
2025-02-05T14:18:29.7895782Z remote: Compressing objects:  95% (302/317)        
2025-02-05T14:18:29.7896413Z remote: Compressing objects:  96% (305/317)        
2025-02-05T14:18:29.7897042Z remote: Compressing objects:  97% (308/317)        
2025-02-05T14:18:29.7897666Z remote: Compressing objects:  98% (311/317)        
2025-02-05T14:18:29.7898297Z remote: Compressing objects:  99% (314/317)        
2025-02-05T14:18:29.7898914Z remote: Compressing objects: 100% (317/317)        
2025-02-05T14:18:29.7899591Z remote: Compressing objects: 100% (317/317), done.        
2025-02-05T14:18:29.8074384Z Receiving objects:   0% (1/359)
2025-02-05T14:18:29.8075366Z Receiving objects:   1% (4/359)
2025-02-05T14:18:29.8075910Z Receiving objects:   2% (8/359)
2025-02-05T14:18:29.8798429Z Receiving objects:   3% (11/359)
2025-02-05T14:18:29.8799834Z Receiving objects:   4% (15/359)
2025-02-05T14:18:29.9304013Z Receiving objects:   5% (18/359)
2025-02-05T14:18:29.9450929Z Receiving objects:   6% (22/359)
2025-02-05T14:18:29.9452204Z Receiving objects:   7% (26/359)
2025-02-05T14:18:29.9453172Z Receiving objects:   8% (29/359)
2025-02-05T14:18:29.9454090Z Receiving objects:   9% (33/359)
2025-02-05T14:18:29.9455078Z Receiving objects:  10% (36/359)
2025-02-05T14:18:29.9456018Z Receiving objects:  11% (40/359)
2025-02-05T14:18:29.9456942Z Receiving objects:  12% (44/359)
2025-02-05T14:18:29.9457902Z Receiving objects:  13% (47/359)
2025-02-05T14:18:29.9459311Z Receiving objects:  14% (51/359)
2025-02-05T14:18:29.9460392Z Receiving objects:  15% (54/359)
2025-02-05T14:18:29.9464064Z Receiving objects:  16% (58/359)
2025-02-05T14:18:29.9465272Z Receiving objects:  17% (62/359)
2025-02-05T14:18:29.9466651Z Receiving objects:  18% (65/359)
2025-02-05T14:18:29.9467617Z Receiving objects:  19% (69/359)
2025-02-05T14:18:29.9468524Z Receiving objects:  20% (72/359)
2025-02-05T14:18:29.9469828Z Receiving objects:  21% (76/359)
2025-02-05T14:18:29.9470885Z Receiving objects:  22% (79/359)
2025-02-05T14:18:29.9472049Z Receiving objects:  23% (83/359)
2025-02-05T14:18:29.9472930Z Receiving objects:  24% (87/359)
2025-02-05T14:18:29.9474400Z Receiving objects:  25% (90/359)
2025-02-05T14:18:29.9475284Z Receiving objects:  26% (94/359)
2025-02-05T14:18:29.9476141Z Receiving objects:  27% (97/359)
2025-02-05T14:18:29.9476996Z Receiving objects:  28% (101/359)
2025-02-05T14:18:29.9477850Z Receiving objects:  29% (105/359)
2025-02-05T14:18:29.9478741Z Receiving objects:  30% (108/359)
2025-02-05T14:18:29.9479610Z Receiving objects:  31% (112/359)
2025-02-05T14:18:29.9480464Z Receiving objects:  32% (115/359)
2025-02-05T14:18:29.9481342Z Receiving objects:  33% (119/359)
2025-02-05T14:18:29.9482732Z Receiving objects:  34% (123/359)
2025-02-05T14:18:29.9483607Z Receiving objects:  35% (126/359)
2025-02-05T14:18:29.9484493Z Receiving objects:  36% (130/359)
2025-02-05T14:18:29.9485366Z Receiving objects:  37% (133/359)
2025-02-05T14:18:29.9488121Z Receiving objects:  38% (137/359)
2025-02-05T14:18:29.9489115Z Receiving objects:  39% (141/359)
2025-02-05T14:18:29.9490415Z Receiving objects:  40% (144/359)
2025-02-05T14:18:29.9492147Z Receiving objects:  41% (148/359)
2025-02-05T14:18:29.9494284Z Receiving objects:  42% (151/359)
2025-02-05T14:18:29.9496113Z Receiving objects:  43% (155/359)
2025-02-05T14:18:29.9497159Z Receiving objects:  44% (158/359)
2025-02-05T14:18:29.9498554Z Receiving objects:  45% (162/359)
2025-02-05T14:18:29.9500640Z Receiving objects:  46% (166/359)
2025-02-05T14:18:29.9501575Z Receiving objects:  47% (169/359)
2025-02-05T14:18:29.9504759Z Receiving objects:  48% (173/359)
2025-02-05T14:18:29.9508181Z Receiving objects:  49% (176/359)
2025-02-05T14:18:29.9511052Z Receiving objects:  50% (180/359)
2025-02-05T14:18:29.9512184Z Receiving objects:  51% (184/359)
2025-02-05T14:18:29.9513298Z Receiving objects:  52% (187/359)
2025-02-05T14:18:29.9514326Z Receiving objects:  53% (191/359)
2025-02-05T14:18:29.9515359Z Receiving objects:  54% (194/359)
2025-02-05T14:18:29.9516340Z Receiving objects:  55% (198/359)
2025-02-05T14:18:29.9517325Z Receiving objects:  56% (202/359)
2025-02-05T14:18:29.9518222Z Receiving objects:  57% (205/359)
2025-02-05T14:18:29.9519199Z Receiving objects:  58% (209/359)
2025-02-05T14:18:29.9520216Z Receiving objects:  59% (212/359)
2025-02-05T14:18:29.9521430Z Receiving objects:  60% (216/359)
2025-02-05T14:18:29.9522872Z Receiving objects:  61% (219/359)
2025-02-05T14:18:29.9523757Z Receiving objects:  62% (223/359)
2025-02-05T14:18:29.9524621Z Receiving objects:  63% (227/359)
2025-02-05T14:18:29.9525464Z Receiving objects:  64% (230/359)
2025-02-05T14:18:29.9526310Z Receiving objects:  65% (234/359)
2025-02-05T14:18:29.9527176Z Receiving objects:  66% (237/359)
2025-02-05T14:18:29.9528242Z Receiving objects:  67% (241/359)
2025-02-05T14:18:29.9529111Z Receiving objects:  68% (245/359)
2025-02-05T14:18:29.9530005Z Receiving objects:  69% (248/359)
2025-02-05T14:18:29.9530850Z Receiving objects:  70% (252/359)
2025-02-05T14:18:29.9531699Z Receiving objects:  71% (255/359)
2025-02-05T14:18:29.9532743Z Receiving objects:  72% (259/359)
2025-02-05T14:18:29.9533594Z Receiving objects:  73% (263/359)
2025-02-05T14:18:29.9535792Z Receiving objects:  74% (266/359)
2025-02-05T14:18:29.9539142Z Receiving objects:  75% (270/359)
2025-02-05T14:18:29.9540094Z Receiving objects:  76% (273/359)
2025-02-05T14:18:29.9541010Z Receiving objects:  77% (277/359)
2025-02-05T14:18:29.9542101Z Receiving objects:  78% (281/359)
2025-02-05T14:18:29.9543072Z Receiving objects:  79% (284/359)
2025-02-05T14:18:29.9544256Z Receiving objects:  80% (288/359)
2025-02-05T14:18:29.9545175Z Receiving objects:  81% (291/359)
2025-02-05T14:18:29.9546511Z remote: Total 359 (delta 41), reused 173 (delta 24), pack-reused 0 (from 0)        
2025-02-05T14:18:29.9547885Z Receiving objects:  82% (295/359)
2025-02-05T14:18:29.9551099Z Receiving objects:  83% (298/359)
2025-02-05T14:18:29.9553047Z Receiving objects:  84% (302/359)
2025-02-05T14:18:29.9554264Z Receiving objects:  85% (306/359)
2025-02-05T14:18:29.9555366Z Receiving objects:  86% (309/359)
2025-02-05T14:18:29.9556426Z Receiving objects:  87% (313/359)
2025-02-05T14:18:29.9557443Z Receiving objects:  88% (316/359)
2025-02-05T14:18:29.9560538Z Receiving objects:  89% (320/359)
2025-02-05T14:18:29.9563157Z Receiving objects:  90% (324/359)
2025-02-05T14:18:29.9566617Z Receiving objects:  91% (327/359)
2025-02-05T14:18:29.9567832Z Receiving objects:  92% (331/359)
2025-02-05T14:18:29.9571010Z Receiving objects:  93% (334/359)
2025-02-05T14:18:29.9572241Z Receiving objects:  94% (338/359)
2025-02-05T14:18:29.9573298Z Receiving objects:  95% (342/359)
2025-02-05T14:18:29.9574228Z Receiving objects:  96% (345/359)
2025-02-05T14:18:29.9575734Z Receiving objects:  97% (349/359)
2025-02-05T14:18:29.9576704Z Receiving objects:  98% (352/359)
2025-02-05T14:18:29.9577657Z Receiving objects:  99% (356/359)
2025-02-05T14:18:29.9578646Z Receiving objects: 100% (359/359)
2025-02-05T14:18:29.9579927Z Receiving objects: 100% (359/359), 1.48 MiB | 9.87 MiB/s, done.
2025-02-05T14:18:29.9584937Z Resolving deltas:   0% (0/41)
2025-02-05T14:18:29.9585963Z Resolving deltas:   2% (1/41)
2025-02-05T14:18:29.9586866Z Resolving deltas:   4% (2/41)
2025-02-05T14:18:29.9587854Z Resolving deltas:   7% (3/41)
2025-02-05T14:18:29.9588859Z Resolving deltas:   9% (4/41)
2025-02-05T14:18:29.9589852Z Resolving deltas:  12% (5/41)
2025-02-05T14:18:29.9590891Z Resolving deltas:  14% (6/41)
2025-02-05T14:18:29.9591959Z Resolving deltas:  17% (7/41)
2025-02-05T14:18:29.9592839Z Resolving deltas:  19% (8/41)
2025-02-05T14:18:29.9593686Z Resolving deltas:  21% (9/41)
2025-02-05T14:18:29.9594533Z Resolving deltas:  24% (10/41)
2025-02-05T14:18:29.9595376Z Resolving deltas:  26% (11/41)
2025-02-05T14:18:29.9596236Z Resolving deltas:  29% (12/41)
2025-02-05T14:18:29.9597060Z Resolving deltas:  31% (13/41)
2025-02-05T14:18:29.9597900Z Resolving deltas:  34% (14/41)
2025-02-05T14:18:29.9598733Z Resolving deltas:  36% (15/41)
2025-02-05T14:18:29.9599560Z Resolving deltas:  39% (16/41)
2025-02-05T14:18:29.9600441Z Resolving deltas:  41% (17/41)
2025-02-05T14:18:29.9601378Z Resolving deltas:  43% (18/41)
2025-02-05T14:18:29.9602420Z Resolving deltas:  46% (19/41)
2025-02-05T14:18:29.9603278Z Resolving deltas:  48% (20/41)
2025-02-05T14:18:29.9604120Z Resolving deltas:  51% (21/41)
2025-02-05T14:18:29.9604890Z Resolving deltas:  53% (22/41)
2025-02-05T14:18:29.9605404Z Resolving deltas:  56% (23/41)
2025-02-05T14:18:29.9606020Z Resolving deltas:  58% (24/41)
2025-02-05T14:18:29.9606607Z Resolving deltas:  60% (25/41)
2025-02-05T14:18:29.9607401Z Resolving deltas:  63% (26/41)
2025-02-05T14:18:29.9608277Z Resolving deltas:  68% (28/41)
2025-02-05T14:18:29.9609118Z Resolving deltas:  70% (29/41)
2025-02-05T14:18:29.9634215Z Resolving deltas:  73% (30/41)
2025-02-05T14:18:29.9635221Z Resolving deltas:  75% (31/41)
2025-02-05T14:18:29.9635841Z Resolving deltas:  78% (32/41)
2025-02-05T14:18:29.9636540Z Resolving deltas:  82% (34/41)
2025-02-05T14:18:29.9637374Z Resolving deltas:  85% (35/41)
2025-02-05T14:18:29.9638199Z Resolving deltas:  87% (36/41)
2025-02-05T14:18:29.9639011Z Resolving deltas:  90% (37/41)
2025-02-05T14:18:29.9639700Z Resolving deltas:  92% (38/41)
2025-02-05T14:18:29.9640286Z Resolving deltas:  95% (39/41)
2025-02-05T14:18:29.9640865Z Resolving deltas:  97% (40/41)
2025-02-05T14:18:29.9641491Z Resolving deltas: 100% (41/41)
2025-02-05T14:18:29.9642631Z Resolving deltas: 100% (41/41), done.
2025-02-05T14:18:29.9712994Z From https://github.com/alpinejs/alpine
2025-02-05T14:18:29.9714108Z  * [new ref]         5816b25b342c3249bf5e4d90134d0d4d153c7f1d -> pull/4518/merge
2025-02-05T14:18:29.9740378Z ##[endgroup]
2025-02-05T14:18:29.9741119Z ##[group]Determining the checkout info
2025-02-05T14:18:29.9742885Z ##[endgroup]
2025-02-05T14:18:29.9743778Z ##[group]Checking out the ref
2025-02-05T14:18:29.9746857Z [command]/usr/bin/git checkout --progress --force refs/remotes/pull/4518/merge
2025-02-05T14:18:30.0044951Z Note: switching to 'refs/remotes/pull/4518/merge'.
2025-02-05T14:18:30.0046182Z 
2025-02-05T14:18:30.0047227Z You are in 'detached HEAD' state. You can look around, make experimental
2025-02-05T14:18:30.0048905Z changes and commit them, and you can discard any commits you make in this
2025-02-05T14:18:30.0050476Z state without impacting any branches by switching back to a branch.
2025-02-05T14:18:30.0051403Z 
2025-02-05T14:18:30.0052195Z If you want to create a new branch to retain commits you create, you may
2025-02-05T14:18:30.0053612Z do so (now or later) by using -c with the switch command. Example:
2025-02-05T14:18:30.0054414Z 
2025-02-05T14:18:30.0054737Z   git switch -c <new-branch-name>
2025-02-05T14:18:30.0055308Z 
2025-02-05T14:18:30.0055608Z Or undo this operation with:
2025-02-05T14:18:30.0056461Z 
2025-02-05T14:18:30.0056769Z   git switch -
2025-02-05T14:18:30.0057138Z 
2025-02-05T14:18:30.0057762Z Turn off this advice by setting config variable advice.detachedHead to false
2025-02-05T14:18:30.0058703Z 
2025-02-05T14:18:30.0059826Z HEAD is now at 5816b25 Merge cca650d20038955e0b224a73bb815a8105b5aa40 into 28a2aa89d63dd21af20f4152e2c44c3f78b48216
2025-02-05T14:18:30.0063315Z ##[endgroup]
2025-02-05T14:18:30.0094473Z [command]/usr/bin/git log -1 --format='%H'
2025-02-05T14:18:30.0117657Z '5816b25b342c3249bf5e4d90134d0d4d153c7f1d'
2025-02-05T14:18:30.0363594Z ##[group]Run actions/setup-node@v3
2025-02-05T14:18:30.0364205Z with:
2025-02-05T14:18:30.0364595Z   node-version: 18
2025-02-05T14:18:30.0365038Z   always-auth: false
2025-02-05T14:18:30.0365482Z   check-latest: false
2025-02-05T14:18:30.0366064Z   token: ***
2025-02-05T14:18:30.0366479Z ##[endgroup]
2025-02-05T14:18:30.2283528Z Found in cache @ /opt/hostedtoolcache/node/18.20.6/x64
2025-02-05T14:18:30.2285131Z ##[group]Environment details
2025-02-05T14:18:30.5549025Z node: v18.20.6
2025-02-05T14:18:30.5550389Z npm: 10.8.2
2025-02-05T14:18:30.5551409Z yarn: 1.22.22
2025-02-05T14:18:30.5553712Z ##[endgroup]
2025-02-05T14:18:30.5708671Z ##[group]Run npm install
2025-02-05T14:18:30.5709755Z [36;1mnpm install[0m
2025-02-05T14:18:30.5745736Z shell: /usr/bin/bash -e {0}
2025-02-05T14:18:30.5746776Z ##[endgroup]
2025-02-05T14:18:34.6125866Z npm warn deprecated w3c-hr-time@1.0.2: Use your platform's native performance.now() and performance.timeOrigin.
2025-02-05T14:18:34.6136104Z npm warn deprecated urix@0.1.0: Please see https://github.com/lydell/urix#deprecated
2025-02-05T14:18:34.7809952Z npm warn deprecated source-map-url@0.4.1: See https://github.com/lydell/source-map-url#deprecated
2025-02-05T14:18:34.8300502Z npm warn deprecated source-map-resolve@0.5.3: See https://github.com/lydell/source-map-resolve#deprecated
2025-02-05T14:18:34.8820039Z npm warn deprecated resolve-url@0.2.1: https://github.com/lydell/resolve-url#deprecated
2025-02-05T14:18:35.0627444Z npm warn deprecated querystring@0.2.0: The querystring API is considered Legacy. new code should use the URLSearchParams API instead.
2025-02-05T14:18:35.3898313Z npm warn deprecated sane@4.1.0: some dependency vulnerabilities fixed, support for node < 10 dropped, and newer ECMAScript syntax/features added
2025-02-05T14:18:50.6034289Z 
2025-02-05T14:18:50.6035655Z added 659 packages, and audited 675 packages in 20s
2025-02-05T14:18:50.6036240Z 
2025-02-05T14:18:50.6036576Z 51 packages are looking for funding
2025-02-05T14:18:50.6037064Z   run `npm fund` for details
2025-02-05T14:18:50.6506320Z 
2025-02-05T14:18:50.6507115Z 30 vulnerabilities (22 moderate, 7 high, 1 critical)
2025-02-05T14:18:50.6507588Z 
2025-02-05T14:18:50.6507939Z To address issues that do not require attention, run:
2025-02-05T14:18:50.6508383Z   npm audit fix
2025-02-05T14:18:50.6508583Z 
2025-02-05T14:18:50.6509426Z To address all issues possible (including breaking changes), run:
2025-02-05T14:18:50.6510333Z   npm audit fix --force
2025-02-05T14:18:50.6510786Z 
2025-02-05T14:18:50.6511405Z Some issues need review, and may require choosing
2025-02-05T14:18:50.6512355Z a different dependency.
2025-02-05T14:18:50.6512667Z 
2025-02-05T14:18:50.6513089Z Run `npm audit` for details.
2025-02-05T14:18:50.6819015Z ##[group]Run npm run build
2025-02-05T14:18:50.6819299Z [36;1mnpm run build[0m
2025-02-05T14:18:50.6854588Z shell: /usr/bin/bash -e {0}
2025-02-05T14:18:50.6854840Z ##[endgroup]
2025-02-05T14:18:50.8084739Z 
2025-02-05T14:18:50.8085144Z > build
2025-02-05T14:18:50.8085598Z > node ./scripts/build.js
2025-02-05T14:18:50.8085954Z 
2025-02-05T14:18:50.8938355Z [32m intersect: 476 Bytes
2025-02-05T14:18:51.0253772Z [32m ui: 7.2 KB
2025-02-05T14:18:51.0313164Z [32m persist: 417 Bytes
2025-02-05T14:18:51.0313731Z [32m resize: 365 Bytes
2025-02-05T14:18:51.0357560Z [32m collapse: 585 Bytes
2025-02-05T14:18:51.0634712Z [32m anchor: 5.5 KB
2025-02-05T14:18:51.1345991Z [32m csp: 14.6 KB
2025-02-05T14:18:51.1385891Z [32m mask: 1002 Bytes
2025-02-05T14:18:51.1444692Z [32m morph: 1.5 KB
2025-02-05T14:18:51.1920657Z [32m sort: 11.8 KB
2025-02-05T14:18:51.2101080Z [32m focus: 4.6 KB
2025-02-05T14:18:51.2675691Z [32m alpinejs: 14.3 KB
2025-02-05T14:18:51.2844740Z ##[group]Run npm run test
2025-02-05T14:18:51.2845020Z [36;1mnpm run test[0m
2025-02-05T14:18:51.2873813Z shell: /usr/bin/bash -e {0}
2025-02-05T14:18:51.2874058Z ##[endgroup]
2025-02-05T14:18:51.4096687Z 
2025-02-05T14:18:51.4097211Z > test
2025-02-05T14:18:51.4097509Z > cypress run --quiet
2025-02-05T14:18:51.4097667Z 
2025-02-05T14:18:51.7409792Z It looks like this is your first time using Cypress: 7.7.0
2025-02-05T14:18:51.7412633Z 
2025-02-05T14:18:51.7439265Z [STARTED] Task without title.
2025-02-05T14:18:55.5872691Z [SUCCESS] Task without title.
2025-02-05T14:18:55.5876202Z 
2025-02-05T14:18:55.5876712Z Opening Cypress...
2025-02-05T14:19:08.3157693Z Browserslist: caniuse-lite is outdated. Please run:
2025-02-05T14:19:08.3159345Z npx browserslist@latest --update-db
2025-02-05T14:19:08.3159674Z 
2025-02-05T14:19:08.3159923Z Why you should do it regularly:
2025-02-05T14:19:08.3160710Z https://github.com/browserslist/browserslist#browsers-data-updating
2025-02-05T14:19:09.3765115Z 
2025-02-05T14:19:09.3774272Z [0m[0m
2025-02-05T14:19:09.9863439Z [32m  âœ“[0m[90m can clone a component[0m[31m (603ms)[0m
2025-02-05T14:19:10.1908237Z [32m  âœ“[0m[90m wont run init on clone[0m[31m (202ms)[0m
2025-02-05T14:19:10.4699208Z [32m  âœ“[0m[90m wont register listeners on clone[0m[31m (273ms)[0m
2025-02-05T14:19:10.7405024Z [32m  âœ“[0m[90m wont register extra listeners on x-model on clone[0m[31m (265ms)[0m
2025-02-05T14:19:10.7460183Z 
2025-02-05T14:19:10.7464553Z [92m [0m[32m 4 passing[0m[90m (1s)[0m
2025-02-05T14:19:10.7465228Z 
2025-02-05T14:19:11.6854369Z 
2025-02-05T14:19:11.6866274Z [0m[0m
2025-02-05T14:19:11.9951403Z [32m  âœ“[0m[90m can register custom bind object[0m[31m (301ms)[0m
2025-02-05T14:19:12.0985228Z [32m  âœ“[0m[90m can register custom bind as function[0m[31m (101ms)[0m
2025-02-05T14:19:12.1990940Z [32m  âœ“[0m[90m can consume custom bind as function[0m[31m (99ms)[0m
2025-02-05T14:19:12.3004604Z [32m  âœ“[0m[90m can bind directives individually to an element[0m[31m (99ms)[0m
2025-02-05T14:19:12.3036166Z 
2025-02-05T14:19:12.3037013Z [92m [0m[32m 4 passing[0m[90m (618ms)[0m
2025-02-05T14:19:12.3037246Z 
2025-02-05T14:19:13.2916723Z 
2025-02-05T14:19:13.2929492Z [0m[0m
2025-02-05T14:19:13.6090741Z [32m  âœ“[0m[90m can register custom data providers[0m[31m (310ms)[0m
2025-02-05T14:19:13.7198946Z [32m  âœ“[0m[90m can accept initial params[0m[31m (107ms)[0m
2025-02-05T14:19:13.8222893Z [32m  âœ“[0m[90m can spread together[0m[31m (100ms)[0m
2025-02-05T14:19:13.9201464Z [32m  âœ“[0m[90m init functions inside custom datas are called automatically[0m[31m (95ms)[0m
2025-02-05T14:19:14.1374992Z [32m  âœ“[0m[90m init functions "this" context is reactive[0m[31m (210ms)[0m
2025-02-05T14:19:14.2780044Z [32m  âœ“[0m[90m init functions have access to the parent scope[0m[31m (138ms)[0m
2025-02-05T14:19:14.4942268Z [32m  âœ“[0m[90m destroy functions inside custom datas are called automatically[0m[31m (210ms)[0m
2025-02-05T14:19:14.7158308Z [32m  âœ“[0m[90m destroy have access to the current scope[0m[31m (216ms)[0m
2025-02-05T14:19:14.7231655Z 
2025-02-05T14:19:14.7232560Z [92m [0m[32m 8 passing[0m[90m (1s)[0m
2025-02-05T14:19:14.7232904Z 
2025-02-05T14:19:15.6523473Z 
2025-02-05T14:19:15.6535594Z [0m[0m
2025-02-05T14:19:15.9657593Z [32m  âœ“[0m[90m can register custom directive[0m[31m (304ms)[0m
2025-02-05T14:19:16.3909807Z [32m  âœ“[0m[90m directives are auto cleaned up[0m[31m (419ms)[0m
2025-02-05T14:19:16.4918009Z [32m  âœ“[0m[90m can register a custom directive before an existing one[0m[31m (99ms)[0m
2025-02-05T14:19:16.4954235Z 
2025-02-05T14:19:16.4955662Z [92m [0m[32m 3 passing[0m[90m (843ms)[0m
2025-02-05T14:19:16.4955905Z 
2025-02-05T14:19:17.4235552Z 
2025-02-05T14:19:17.4247329Z [0m[0m
2025-02-05T14:19:17.7064987Z [32m  âœ“[0m[90m can register custom interceptors[0m[31m (275ms)[0m
2025-02-05T14:19:17.8027674Z [32m  âœ“[0m[90m interceptors are nesting aware[0m[31m (94ms)[0m
2025-02-05T14:19:17.8988602Z [32m  âœ“[0m[90m interceptor system prevents against circular references[0m[31m (94ms)[0m
2025-02-05T14:19:17.9013922Z 
2025-02-05T14:19:17.9014469Z [92m [0m[32m 3 passing[0m[90m (478ms)[0m
2025-02-05T14:19:17.9014686Z 
2025-02-05T14:19:19.0330461Z 
2025-02-05T14:19:19.0331226Z [0m[0m
2025-02-05T14:19:19.3286842Z [32m  âœ“[0m[90m can register custom magic properties[0m[31m (290ms)[0m
2025-02-05T14:19:19.5118188Z [32m  âœ“[0m[90m magics are lazily accessed[0m[31m (180ms)[0m
2025-02-05T14:19:19.5158634Z 
2025-02-05T14:19:19.5159729Z [92m [0m[32m 2 passing[0m[90m (483ms)[0m
2025-02-05T14:19:19.5160397Z 
2025-02-05T14:19:20.6668163Z 
2025-02-05T14:19:20.6669222Z [0m[0m
2025-02-05T14:19:20.9353289Z [32m  âœ“[0m[90m can set a custom x- prefix[0m[31m (262ms)[0m
2025-02-05T14:19:20.9394886Z 
2025-02-05T14:19:20.9395386Z [92m [0m[32m 1 passing[0m[90m (273ms)[0m
2025-02-05T14:19:20.9395728Z 
2025-02-05T14:19:22.2727085Z 
2025-02-05T14:19:22.2738446Z [0m[0m
2025-02-05T14:19:22.6976454Z [32m  âœ“[0m[90m class attribute bindings are merged by string syntax[0m[31m (417ms)[0m
2025-02-05T14:19:22.7953716Z [32m  âœ“[0m[90m class attribute bindings are added by string syntax[0m[31m (96ms)[0m
2025-02-05T14:19:22.8875688Z [32m  âœ“[0m[90m class attribute bindings are added by array syntax[0m[31m (90ms)[0m
2025-02-05T14:19:23.1592347Z [32m  âœ“[0m[90m class attribute bindings are added by object syntax[0m[31m (264ms)[0m
2025-02-05T14:19:23.3736692Z [32m  âœ“[0m[90m classes are removed before being added[0m[31m (209ms)[0m
2025-02-05T14:19:23.4815779Z [32m  âœ“[0m[90m extra whitespace in class binding string syntax is ignored[0m[31m (106ms)[0m
2025-02-05T14:19:23.6135329Z [32m  âœ“[0m[90m undefined class binding resolves to empty string[0m[31m (128ms)[0m
2025-02-05T14:19:23.6201242Z 
2025-02-05T14:19:23.6202214Z [92m [0m[32m 7 passing[0m[90m (1s)[0m
2025-02-05T14:19:23.6202569Z 
2025-02-05T14:19:24.5252832Z 
2025-02-05T14:19:24.5264432Z [0m[0m
2025-02-05T14:19:24.8693540Z [32m  âœ“[0m[90m style attribute object binding[0m[31m (337ms)[0m
2025-02-05T14:19:24.9662112Z [32m  âœ“[0m[90m style attribute object binding using camelCase syntax[0m[31m (95ms)[0m
2025-02-05T14:19:25.0618278Z [32m  âœ“[0m[90m style attribute object binding using kebab-case syntax[0m[31m (93ms)[0m
2025-02-05T14:19:25.1567739Z [32m  âœ“[0m[90m style attribute object binding with CSS variable[0m[31m (93ms)[0m
2025-02-05T14:19:25.2828953Z [32m  âœ“[0m[90m style attribute object bindings are merged with existing styles[0m[31m (124ms)[0m
2025-02-05T14:19:25.4094146Z [32m  âœ“[0m[90m CSS custom properties are set[0m[31m (120ms)[0m
2025-02-05T14:19:25.5391330Z [32m  âœ“[0m[90m existing CSS custom properties are preserved[0m[31m (127ms)[0m
2025-02-05T14:19:25.5431303Z 
2025-02-05T14:19:25.5432219Z [92m [0m[32m 7 passing[0m[90m (1s)[0m
2025-02-05T14:19:25.5432570Z 
2025-02-05T14:19:26.5178771Z 
2025-02-05T14:19:26.5190959Z [0m[0m
2025-02-05T14:19:26.8141149Z [32m  âœ“[0m[90m sets attribute bindings on initialize[0m[31m (289ms)[0m
2025-02-05T14:19:26.9080557Z [32m  âœ“[0m[90m sets undefined nested keys to empty string[0m[31m (92ms)[0m
2025-02-05T14:19:27.0039181Z [32m  âœ“[0m[90m style attribute bindings are added by string syntax[0m[31m (93ms)[0m
2025-02-05T14:19:27.1152942Z [32m  âœ“[0m[90m aria-pressed/checked/expanded/selected attribute boolean values are cast to a true/false string[0m[31m (107ms)[0m
2025-02-05T14:19:27.2721227Z [32m  âœ“[0m[90m non-boolean attributes set to null/undefined/false are removed from the element[0m[31m (152ms)[0m
2025-02-05T14:19:27.4014610Z [32m  âœ“[0m[90m non-boolean empty string attributes are not removed[0m[31m (128ms)[0m
2025-02-05T14:19:28.2177492Z [32m  âœ“[0m[90m boolean attribute values are set to their attribute name if true and removed if false[0m[31m (809ms)[0m
2025-02-05T14:19:28.3159705Z [32m  âœ“[0m[90m boolean empty string attributes are not removed[0m[31m (96ms)[0m
2025-02-05T14:19:28.4075013Z [32m  âœ“[0m[90m binding supports short syntax[0m[31m (90ms)[0m
2025-02-05T14:19:28.5220711Z [32m  âœ“[0m[90m checkbox is unchecked by default[0m[31m (104ms)[0m
2025-02-05T14:19:28.6383995Z [32m  âœ“[0m[90m radio is unchecked by default[0m[31m (111ms)[0m
2025-02-05T14:19:28.7813036Z [32m  âœ“[0m[90m checkbox values are set correctly[0m[31m (140ms)[0m
2025-02-05T14:19:28.9217584Z [32m  âœ“[0m[90m radio values are set correctly[0m[31m (137ms)[0m
2025-02-05T14:19:29.0482932Z [32m  âœ“[0m[90m .camel modifier correctly sets name of attribute[0m[31m (124ms)[0m
2025-02-05T14:19:29.1856945Z [32m  âœ“[0m[90m attribute binding names can contain numbers[0m[31m (135ms)[0m
2025-02-05T14:19:29.3257837Z [32m  âœ“[0m[90m non-string and non-boolean attributes are cast to string when bound to checkbox[0m[31m (136ms)[0m
2025-02-05T14:19:29.5398532Z [32m  âœ“[0m[90m can bind an object of directives[0m[31m (209ms)[0m
2025-02-05T14:19:29.6693064Z [32m  âœ“[0m[90m x-bind object syntax supports normal HTML attributes[0m[31m (127ms)[0m
2025-02-05T14:19:29.8003531Z [32m  âœ“[0m[90m x-bind object syntax supports normal HTML attributes mixed in with dynamic ones[0m[31m (128ms)[0m
2025-02-05T14:19:29.9335732Z [32m  âœ“[0m[90m x-bind object syntax supports x-for[0m[31m (131ms)[0m
2025-02-05T14:19:30.2099308Z [32m  âœ“[0m[90m x-bind object syntax syntax supports x-transition[0m[31m (271ms)[0m
2025-02-05T14:19:30.4218907Z [32m  âœ“[0m[90m x-bind object syntax event handlers defined as functions receive the event object as their first argument[0m[31m (206ms)[0m
2025-02-05T14:19:30.6345127Z [32m  âœ“[0m[90m x-bind object syntax event handlers defined as functions receive element bound magics[0m[31m (207ms)[0m
2025-02-05T14:19:30.7798374Z [32m  âœ“[0m[90m Can retrieve Alpine bound data with global bound method[0m[31m (142ms)[0m
2025-02-05T14:19:30.9243972Z [32m  âœ“[0m[90m Can extract Alpine bound data as a data prop[0m[31m (140ms)[0m
2025-02-05T14:19:31.2450129Z [32m  âœ“[0m[90m x-bind updates checked attribute and property after user interaction[0m[31m (316ms)[0m
2025-02-05T14:19:31.2518643Z 
2025-02-05T14:19:31.2519352Z [92m [0m[32m 26 passing[0m[90m (5s)[0m
2025-02-05T14:19:31.2519701Z 
2025-02-05T14:19:32.2276101Z 
2025-02-05T14:19:32.2287380Z [0m[0m
2025-02-05T14:19:32.5153361Z [32m  âœ“[0m[90m x-cloak is removed[0m[31m (280ms)[0m
2025-02-05T14:19:32.5195420Z 
2025-02-05T14:19:32.5196062Z [92m [0m[32m 1 passing[0m[90m (292ms)[0m
2025-02-05T14:19:32.5196408Z 
2025-02-05T14:19:33.8540176Z 
2025-02-05T14:19:33.8552737Z [0m[0m
2025-02-05T14:19:34.1454605Z [32m  âœ“[0m[90m x-data attribute value is optional[0m[31m (284ms)[0m
2025-02-05T14:19:34.4435143Z [32m  âœ“[0m[90m x-data can be nested[0m[31m (293ms)[0m
2025-02-05T14:19:34.5392826Z [32m  âœ“[0m[90m x-data can use attributes from a reusable function[0m[31m (94ms)[0m
2025-02-05T14:19:34.6341286Z [32m  âœ“[0m[90m x-data can use $el[0m[31m (90ms)[0m
2025-02-05T14:19:34.8362747Z [32m  âœ“[0m[90m functions in x-data are reactive[0m[31m (197ms)[0m
2025-02-05T14:19:35.0429520Z [32m  âœ“[0m[90m functions in x-data have access to proper this context[0m[31m (201ms)[0m
2025-02-05T14:19:35.1711019Z [32m  âœ“[0m[90m x-data works on the html tag[0m[31m (125ms)[0m
2025-02-05T14:19:35.3016459Z [32m  âœ“[0m[90m x-data getters have access to parent scope[0m[31m (126ms)[0m
2025-02-05T14:19:35.3056898Z 
2025-02-05T14:19:35.3057417Z [92m [0m[32m 8 passing[0m[90m (1s)[0m
2025-02-05T14:19:35.3057682Z 
2025-02-05T14:19:36.4130599Z 
2025-02-05T14:19:36.4143275Z [0m[0m
2025-02-05T14:19:36.7992832Z [32m  âœ“[0m[90m renders loops with x-for[0m[31m (379ms)[0m
2025-02-05T14:19:37.0026854Z [32m  âœ“[0m[90m renders loops with x-for that have space or newline[0m[31m (200ms)[0m
2025-02-05T14:19:37.1240474Z [32m  âœ“[0m[90m can destructure arrays[0m[31m (111ms)[0m
2025-02-05T14:19:37.2731635Z [32m  âœ“[0m[90m can destructure object[0m[31m (143ms)[0m
2025-02-05T14:19:37.4809384Z [32m  âœ“[0m[90m removes all elements when array is empty and previously had one item[0m[31m (200ms)[0m
2025-02-05T14:19:37.7011126Z [32m  âœ“[0m[90m removes all elements when array is empty and previously had multiple items[0m[31m (214ms)[0m
2025-02-05T14:19:37.9300852Z [32m  âœ“[0m[90m elements inside of loop are reactive[0m[31m (222ms)[0m
2025-02-05T14:19:38.1472859Z [32m  âœ“[0m[90m components inside of loop are reactive[0m[31m (211ms)[0m
2025-02-05T14:19:38.3533982Z [32m  âœ“[0m[90m components inside a plain element of loop are reactive[0m[31m (201ms)[0m
2025-02-05T14:19:38.6300960Z [32m  âœ“[0m[90m adding key attribute moves dom nodes properly[0m[31m (271ms)[0m
2025-02-05T14:19:38.9049199Z [32m  âœ“[0m[90m can key by index[0m[31m (269ms)[0m
2025-02-05T14:19:39.0052028Z [32m  âœ“[0m[90m can use index inside of loop[0m[31m (97ms)[0m
2025-02-05T14:19:39.1305746Z [32m  âœ“[0m[90m can use third iterator param (collection) inside of loop[0m[31m (122ms)[0m
2025-02-05T14:19:39.4883027Z [32m  âœ“[0m[90m listeners in loop get fresh iteration data even though they are only registered initially[0m[31m (352ms)[0m
2025-02-05T14:19:39.6966064Z [32m  âœ“[0m[90m nested x-for[0m[31m (202ms)[0m
2025-02-05T14:19:39.9130631Z [32m  âœ“[0m[90m x-for updates the right elements when new item are inserted at the beginning of the list[0m[31m (211ms)[0m
2025-02-05T14:19:40.0551652Z [32m  âœ“[0m[90m nested x-for access outer loop variable[0m[31m (140ms)[0m
2025-02-05T14:19:40.2712521Z [32m  âœ“[0m[90m sibling x-for do not interact with each other[0m[31m (210ms)[0m
2025-02-05T14:19:40.3943222Z [32m  âœ“[0m[90m x-for over range using i in x syntax[0m[31m (120ms)[0m
2025-02-05T14:19:40.5281548Z [32m  âœ“[0m[90m x-for over range using i in property syntax[0m[31m (131ms)[0m
2025-02-05T14:19:40.8205420Z [32m  âœ“[0m[90m x-for with an array of numbers[0m[31m (287ms)[0m
2025-02-05T14:19:41.0332831Z [32m  âœ“[0m[90m x-for works with undefined[0m[31m (208ms)[0m
2025-02-05T14:19:41.1673788Z [32m  âœ“[0m[90m x-for works with variables that start with let[0m[31m (131ms)[0m
2025-02-05T14:19:41.3056798Z [32m  âœ“[0m[90m x-for works with variables that start with const[0m[31m (135ms)[0m
2025-02-05T14:19:41.4362638Z [32m  âœ“[0m[90m renders children in the right order when combined with x-if[0m[31m (128ms)[0m
2025-02-05T14:19:41.8246458Z [32m  âœ“[0m[90m correctly renders x-if children when reordered[0m[31m (383ms)[0m
2025-02-05T14:19:42.0378571Z [32m  âœ“[0m[90m x-for removed dom node does not evaluate child expressions after being removed[0m[31m (208ms)[0m
2025-02-05T14:19:42.1762281Z [32m  âœ“[0m[90m renders children using directives injected by x-html correctly[0m[31m (136ms)[0m
2025-02-05T14:19:42.3954749Z [32m  âœ“[0m[90m handles x-data directly inside x-for[0m[31m (214ms)[0m
2025-02-05T14:19:42.4835055Z [32m  âœ“[0m[90m x-for throws descriptive error when key is undefined[0m[31m (86ms)[0m
2025-02-05T14:19:43.0926578Z [32m  âœ“[0m[90m x-for eagerly cleans tree[0m[31m (604ms)[0m
2025-02-05T14:19:43.0980640Z 
2025-02-05T14:19:43.0981719Z [92m [0m[32m 31 passing[0m[90m (7s)[0m
2025-02-05T14:19:43.0982585Z 
2025-02-05T14:19:43.9966911Z 
2025-02-05T14:19:43.9978340Z [0m[0m
2025-02-05T14:19:44.2998278Z [32m  âœ“[0m[90m sets html on init[0m[31m (295ms)[0m
2025-02-05T14:19:44.4789631Z [32m  âœ“[0m[90m sets html on update[0m[31m (176ms)[0m
2025-02-05T14:19:44.5741180Z [32m  âœ“[0m[90m x-html allows alpine code within[0m[31m (92ms)[0m
2025-02-05T14:19:44.6707530Z [32m  âœ“[0m[90m x-html runs even after x-if or x-for[0m[31m (92ms)[0m
2025-02-05T14:19:44.6738478Z 
2025-02-05T14:19:44.6739094Z [92m [0m[32m 4 passing[0m[90m (677ms)[0m
2025-02-05T14:19:44.6739441Z 
2025-02-05T14:19:45.6087379Z 
2025-02-05T14:19:45.6098723Z [0m[0m
2025-02-05T14:19:46.0646047Z [32m  âœ“[0m[90m x-if[0m[31m (448ms)[0m
2025-02-05T14:19:46.1613420Z [32m  âœ“[0m[90m x-if inside x-for allows nested directives[0m[31m (94ms)[0m
2025-02-05T14:19:46.2547563Z [32m  âœ“[0m[90m x-if initializes after being added to the DOM to allow x-ref to work[0m[31m (91ms)[0m
2025-02-05T14:19:46.4582763Z [32m  âœ“[0m[90m x-if removed dom does not evaluate reactive expressions in dom tree[0m[31m (200ms)[0m
2025-02-05T14:19:46.6430476Z [32m  âœ“[0m[90m x-if removed dom does not attempt skipping already-processed reactive effects in dom tree[0m[31m (182ms)[0m
2025-02-05T14:19:47.3698181Z [32m  âœ“[0m[90m x-if eagerly cleans tree[0m[31m (721ms)[0m
2025-02-05T14:19:47.3738640Z 
2025-02-05T14:19:47.3739167Z [92m [0m[32m 6 passing[0m[90m (2s)[0m
2025-02-05T14:19:47.3739510Z 
2025-02-05T14:19:48.3047308Z 
2025-02-05T14:19:48.3058185Z [0m[0m
2025-02-05T14:19:48.5881101Z [32m  âœ“[0m[90m x-ignore[0m[31m (276ms)[0m
2025-02-05T14:19:48.6870900Z [32m  âœ“[0m[90m x-ignore.self[0m[31m (96ms)[0m
2025-02-05T14:19:48.8721287Z [32m  âœ“[0m[90m can lazyload a component[0m[31m (182ms)[0m
2025-02-05T14:19:48.8761887Z 
2025-02-05T14:19:48.8762324Z [92m [0m[32m 3 passing[0m[90m (572ms)[0m
2025-02-05T14:19:48.8762536Z 
2025-02-05T14:19:49.8866198Z 
2025-02-05T14:19:49.8877872Z [0m[0m
2025-02-05T14:19:50.1772548Z [32m  âœ“[0m[90m sets text on init[0m[31m (283ms)[0m
2025-02-05T14:19:50.2745683Z [32m  âœ“[0m[90m x-init can be used outside of x-data[0m[31m (95ms)[0m
2025-02-05T14:19:50.3685684Z [32m  âœ“[0m[90m changes made in x-init happen before the rest of the component[0m[31m (92ms)[0m
2025-02-05T14:19:50.4614498Z [32m  âœ“[0m[90m can make deferred changes with $nextTick[0m[31m (91ms)[0m
2025-02-05T14:19:50.5852577Z [32m  âœ“[0m[90m x-init will not evaluate expression if it is empty[0m[31m (122ms)[0m
2025-02-05T14:19:50.7087418Z [32m  âœ“[0m[90m component nested into x-init without x-data are not initialised twice[0m[31m (121ms)[0m
2025-02-05T14:19:50.7124392Z 
2025-02-05T14:19:50.7124910Z [92m [0m[32m 6 passing[0m[90m (826ms)[0m
2025-02-05T14:19:50.7125179Z 
2025-02-05T14:19:51.6942123Z 
2025-02-05T14:19:51.6954491Z [0m[0m
2025-02-05T14:19:52.0102136Z [32m  âœ“[0m[90m The name of the test[0m[31m (308ms)[0m
2025-02-05T14:19:52.1048079Z [32m  âœ“[0m[90m x-model has value binding when initialized[0m[31m (92ms)[0m
2025-02-05T14:19:52.3784555Z [32m  âœ“[0m[90m x-model updates value when updated via input event[0m[31m (269ms)[0m
2025-02-05T14:19:52.5544713Z [32m  âœ“[0m[90m x-model has value binding when updated[0m[31m (170ms)[0m
2025-02-05T14:19:52.8810579Z [32m  âœ“[0m[90m x-model casts value to number if number modifier is present[0m[31m (321ms)[0m
2025-02-05T14:19:54.0257446Z [32m  âœ“[0m[90m x-model with number modifier returns: null if empty, original value if casting fails, numeric value if casting passes[0m[31m (1139ms)[0m
2025-02-05T14:19:54.2170985Z [32m  âœ“[0m[90m x-model casts value to boolean initially for radios[0m[31m (189ms)[0m
2025-02-05T14:19:55.1676321Z [32m  âœ“[0m[90m x-model casts value to boolean if boolean modifier is present[0m[31m (945ms)[0m
2025-02-05T14:19:56.4519641Z [32m  âœ“[0m[90m x-model with boolean modifier returns: null if empty, original value if casting fails, numeric value if casting passes[0m[31m (1279ms)[0m
2025-02-05T14:19:56.7590362Z [32m  âœ“[0m[90m x-model trims value if trim modifier is present[0m[31m (302ms)[0m
2025-02-05T14:19:57.0944003Z [32m  âœ“[0m[90m x-model can be accessed programmatically[0m[31m (330ms)[0m
2025-02-05T14:19:57.4325784Z [32m  âœ“[0m[90m x-model updates value when the form is reset[0m[31m (333ms)[0m
2025-02-05T14:19:57.6876621Z [32m  âœ“[0m[90m x-model radio updates value when the form is reset[0m[31m (250ms)[0m
2025-02-05T14:19:57.9343059Z [32m  âœ“[0m[90m x-model.number radio updates value when the form is reset[0m[31m (242ms)[0m
2025-02-05T14:19:58.1821474Z [32m  âœ“[0m[90m x-model.boolean radio updates value when the form is reset[0m[31m (242ms)[0m
2025-02-05T14:19:58.5103943Z [32m  âœ“[0m[90m x-model checkbox array updates value when the form is reset[0m[31m (323ms)[0m
2025-02-05T14:19:58.8369657Z [32m  âœ“[0m[90m x-model.number checkbox array updates value when the form is reset[0m[31m (320ms)[0m
2025-02-05T14:19:59.5396565Z [32m  âœ“[0m[90m x-model select updates value when the form is reset[0m[31m (698ms)[0m
2025-02-05T14:19:59.6655348Z [32m  âœ“[0m[90m x-model with fill modifier takes input value on null, empty string or undefined[0m[31m (122ms)[0m
2025-02-05T14:19:59.7661221Z [32m  âœ“[0m[90m x-model with fill modifier works with select elements[0m[31m (98ms)[0m
2025-02-05T14:19:59.8590748Z [32m  âœ“[0m[90m x-model with fill modifier works with radio elements[0m[31m (90ms)[0m
2025-02-05T14:19:59.9484282Z [32m  âœ“[0m[90m x-model with fill modifier respects number modifier[0m[31m (88ms)[0m
2025-02-05T14:20:00.0793724Z [32m  âœ“[0m[90m x-model with fill applies on checkboxes bound to array[0m[31m (128ms)[0m
2025-02-05T14:20:00.2040464Z [32m  âœ“[0m[90m x-model with fill and debounce still fills value[0m[31m (122ms)[0m
2025-02-05T14:20:00.2078894Z 
2025-02-05T14:20:00.2079603Z [92m [0m[32m 24 passing[0m[90m (9s)[0m
2025-02-05T14:20:00.2080068Z 
2025-02-05T14:20:01.1477938Z 
2025-02-05T14:20:01.1489567Z [0m[0m
2025-02-05T14:20:01.6249609Z [32m  âœ“[0m[90m can expose data for x-model binding[0m[31m (470ms)[0m
2025-02-05T14:20:01.8953353Z [32m  âœ“[0m[90m x-modelable works when inside x-bind and x-model is outside[0m[31m (265ms)[0m
2025-02-05T14:20:02.0813122Z [32m  âœ“[0m[90m x-modelable removes the event listener used by corresponding x-model[0m[31m (183ms)[0m
2025-02-05T14:20:02.0853250Z 
2025-02-05T14:20:02.0853958Z [92m [0m[32m 3 passing[0m[90m (938ms)[0m
2025-02-05T14:20:02.0854303Z 
2025-02-05T14:20:03.1479534Z 
2025-02-05T14:20:03.1491332Z [0m[0m
2025-02-05T14:20:03.5362707Z [32m  âœ“[0m[90m data modified in event listener updates affected attribute bindings[0m[31m (381ms)[0m
2025-02-05T14:20:03.7099319Z [32m  âœ“[0m[90m can call a method without parenthesis[0m[31m (171ms)[0m
2025-02-05T14:20:03.8871284Z [32m  âœ“[0m[90m event object is not passed if other params are present[0m[31m (174ms)[0m
2025-02-05T14:20:04.0619302Z [32m  âœ“[0m[90m nested data modified in event listener updates affected attribute bindings[0m[31m (172ms)[0m
2025-02-05T14:20:04.2693116Z [32m  âœ“[0m[90m .passive modifier should disable e.preventDefault()[0m[31m (201ms)[0m
2025-02-05T14:20:04.5634739Z [32m  âœ“[0m[90m .stop modifier[0m[31m (289ms)[0m
2025-02-05T14:20:04.9138193Z [32m  âœ“[0m[90m .stop modifier with a .throttle[0m[31m (345ms)[0m
2025-02-05T14:20:05.0953270Z [32m  âœ“[0m[90m .capture modifier[0m[31m (179ms)[0m
2025-02-05T14:20:05.3485933Z [32m  âœ“[0m[90m .capture modifier with @keyup[0m[31m (248ms)[0m
2025-02-05T14:20:05.5935641Z [32m  âœ“[0m[90m .capture modifier with @keyup and specified key[0m[31m (240ms)[0m
2025-02-05T14:20:05.8482647Z [32m  âœ“[0m[90m .self modifier[0m[31m (249ms)[0m
2025-02-05T14:20:06.1221604Z [32m  âœ“[0m[90m .self.once modifiers[0m[31m (268ms)[0m
2025-02-05T14:20:06.2978320Z [32m  âœ“[0m[90m .prevent modifier[0m[31m (171ms)[0m
2025-02-05T14:20:06.5426843Z [32m  âœ“[0m[90m .prevent modifier with a .debounce[0m[31m (240ms)[0m
2025-02-05T14:20:06.7420069Z [32m  âœ“[0m[90m .window modifier[0m[31m (197ms)[0m
2025-02-05T14:20:06.9396388Z [32m  âœ“[0m[90m expressions can start with if[0m[31m (193ms)[0m
2025-02-05T14:20:07.2109735Z [32m  âœ“[0m[90m unbind global event handler when element is removed[0m[31m (266ms)[0m
2025-02-05T14:20:07.4122532Z [32m  âœ“[0m[90m .document modifier[0m[31m (196ms)[0m
2025-02-05T14:20:07.6860581Z [32m  âœ“[0m[90m .once modifier[0m[31m (268ms)[0m
2025-02-05T14:20:07.9995456Z [32m  âœ“[0m[90m .once modifier with @keyup[0m[31m (308ms)[0m
2025-02-05T14:20:08.3716349Z [32m  âœ“[0m[90m .once modifier with @keyup and specified key[0m[31m (366ms)[0m
2025-02-05T14:20:09.1859300Z [32m  âœ“[0m[90m .debounce modifier[0m[31m (809ms)[0m
2025-02-05T14:20:09.6180377Z [32m  âœ“[0m[90m .throttle modifier[0m[31m (427ms)[0m
2025-02-05T14:20:10.7413868Z [32m  âœ“[0m[90m keydown modifiers[0m[31m (1119ms)[0m
2025-02-05T14:20:11.4578624Z [32m  âœ“[0m[90m discerns between space minus underscore[0m[31m (711ms)[0m
2025-02-05T14:20:11.7723531Z [32m  âœ“[0m[90m keydown combo modifiers[0m[31m (310ms)[0m
2025-02-05T14:20:12.0762124Z [32m  âœ“[0m[90m keydown with specified key and stop modifier only stops for specified key[0m[31m (298ms)[0m
2025-02-05T14:20:12.3232137Z [32m  âœ“[0m[90m @click.away[0m[31m (242ms)[0m
2025-02-05T14:20:12.5710823Z [32m  âœ“[0m[90m @click.away.once works after clicking inside[0m[31m (243ms)[0m
2025-02-05T14:20:12.7390055Z [32m  âœ“[0m[90m @click.away with x-show (prevent race condition)[0m[31m (166ms)[0m
2025-02-05T14:20:12.9254623Z [32m  âœ“[0m[90m event with colon[0m[31m (185ms)[0m
2025-02-05T14:20:13.1270498Z [32m  âœ“[0m[90m event instance can be passed to method reference[0m[31m (196ms)[0m
2025-02-05T14:20:13.3530111Z [32m  âœ“[0m[90m .camel modifier correctly binds event listener[0m[31m (219ms)[0m
2025-02-05T14:20:13.5550229Z [32m  âœ“[0m[90m .camel modifier correctly binds event listener with namespace[0m[31m (197ms)[0m
2025-02-05T14:20:13.7718552Z [32m  âœ“[0m[90m .dot modifier correctly binds event listener[0m[31m (212ms)[0m
2025-02-05T14:20:13.9709363Z [32m  âœ“[0m[90m underscores are allowed in event names[0m[31m (194ms)[0m
2025-02-05T14:20:14.1712982Z [32m  âœ“[0m[90m .dot modifier correctly binds event listener with namespace[0m[31m (195ms)[0m
2025-02-05T14:20:14.3689533Z [32m  âœ“[0m[90m handles await in handlers with invalid right hand expressions[0m[31m (192ms)[0m
2025-02-05T14:20:14.6757314Z [32m  âœ“[0m[90m handles system modifier keys on key events[0m[31m (302ms)[0m
2025-02-05T14:20:14.9746413Z [32m  âœ“[0m[90m handles system modifier keys on mouse events[0m[31m (294ms)[0m
2025-02-05T14:20:15.2928903Z [32m  âœ“[0m[90m handles all mouse events with modifiers[0m[31m (313ms)[0m
2025-02-05T14:20:15.3030598Z 
2025-02-05T14:20:15.3032116Z [92m [0m[32m 41 passing[0m[90m (12s)[0m
2025-02-05T14:20:15.3032740Z 
2025-02-05T14:20:16.2121144Z 
2025-02-05T14:20:16.2133890Z [0m[0m
2025-02-05T14:20:17.1070598Z [32m  âœ“[0m[90m x-show toggles display: none; with no other style attributes[0m[31m (888ms)[0m
2025-02-05T14:20:17.3218697Z [32m  âœ“[0m[90m x-show (with true default) toggles display: none; even if it exists with the page load[0m[31m (211ms)[0m
2025-02-05T14:20:17.4962285Z [32m  âœ“[0m[90m x-show (with false default) toggles display: none; even if it exists with the page load[0m[31m (171ms)[0m
2025-02-05T14:20:17.6776785Z [32m  âœ“[0m[90m x-show toggles display: none; with other style attributes[0m[31m (179ms)[0m
2025-02-05T14:20:17.9372094Z [32m  âœ“[0m[90m x-show waits for transitions within it to finish before hiding an elements[0m[31m (253ms)[0m
2025-02-05T14:20:18.1355917Z [32m  âœ“[0m[90m x-show does NOT wait for transitions to finish if .immediate is present[0m[31m (193ms)[0m
2025-02-05T14:20:18.3461278Z [32m  âœ“[0m[90m x-show with x-bind:style inside x-for works correctly[0m[31m (204ms)[0m
2025-02-05T14:20:18.4642999Z [32m  âœ“[0m[90m x-show takes precedence over style bindings for display property[0m[31m (115ms)[0m
2025-02-05T14:20:18.5926111Z [32m  âœ“[0m[90m x-show executes consecutive state changes in correct order[0m[31m (126ms)[0m
2025-02-05T14:20:18.8054455Z [32m  âœ“[0m[90m x-show toggles display: none; with the !important property when using the .important modifier while respecting other style attributes[0m[31m (207ms)[0m
2025-02-05T14:20:18.8094537Z 
2025-02-05T14:20:18.8095023Z [92m [0m[32m 10 passing[0m[90m (3s)[0m
2025-02-05T14:20:18.8095242Z 
2025-02-05T14:20:19.7219534Z 
2025-02-05T14:20:19.7230836Z [0m[0m
2025-02-05T14:20:20.0810001Z [32m  âœ“[0m[90m can use a x-teleport[0m[31m (352ms)[0m
2025-02-05T14:20:20.2505026Z [32m  âœ“[0m[90m can use a x-teleport.append[0m[31m (167ms)[0m
2025-02-05T14:20:20.4261435Z [32m  âœ“[0m[90m can use a x-teleport.prepend[0m[31m (173ms)[0m
2025-02-05T14:20:20.6074615Z [32m  âœ“[0m[90m can teleport multiple[0m[31m (179ms)[0m
2025-02-05T14:20:20.8940398Z [32m  âœ“[0m[90m teleported targets forward events to teleport source if listeners are attached[0m[31m (281ms)[0m
2025-02-05T14:20:21.0949118Z [32m  âœ“[0m[90m removing teleport source removes teleported target[0m[31m (195ms)[0m
2025-02-05T14:20:21.2794170Z [32m  âœ“[0m[90m immediately cleans up the clone when the original template is removed[0m[31m (182ms)[0m
2025-02-05T14:20:21.4507085Z [32m  âœ“[0m[90m $refs inside teleport can be accessed outside[0m[31m (169ms)[0m
2025-02-05T14:20:21.5703721Z [32m  âœ“[0m[90m $root is accessed outside teleport[0m[31m (117ms)[0m
2025-02-05T14:20:21.6993108Z [32m  âœ“[0m[90m $id honors x-id outside teleport[0m[31m (126ms)[0m
2025-02-05T14:20:21.9220029Z [32m  âœ“[0m[90m conditionally added elements get initialised inside teleport[0m[31m (217ms)[0m
2025-02-05T14:20:21.9260563Z 
2025-02-05T14:20:21.9261060Z [92m [0m[32m 11 passing[0m[90m (2s)[0m
2025-02-05T14:20:21.9261292Z 
2025-02-05T14:20:22.8127909Z 
2025-02-05T14:20:22.8132056Z [0m[0m
2025-02-05T14:20:23.1466301Z [32m  âœ“[0m[90m sets text on init[0m[31m (327ms)[0m
2025-02-05T14:20:23.3256819Z [32m  âœ“[0m[90m sets text on update[0m[31m (176ms)[0m
2025-02-05T14:20:23.4196850Z [32m  âœ“[0m[90m sets text on SVG elements[0m[31m (91ms)[0m
2025-02-05T14:20:23.4232791Z 
2025-02-05T14:20:23.4233173Z [92m [0m[32m 3 passing[0m[90m (611ms)[0m
2025-02-05T14:20:23.4233396Z 
2025-02-05T14:20:24.4345950Z 
2025-02-05T14:20:24.4357183Z [0m[0m
2025-02-05T14:20:25.3423153Z [32m  âœ“[0m[90m transition in[0m[31m (899ms)[0m
2025-02-05T14:20:25.6160784Z [32m  âœ“[0m[90m transition out[0m[31m (267ms)[0m
2025-02-05T14:20:26.7557067Z [32m  âœ“[0m[90m transition:enter in nested x-show visually runs[0m[31m (1134ms)[0m
2025-02-05T14:20:27.3712677Z [32m  âœ“[0m[90m transition duration and delay with and without ms syntax[0m[31m (611ms)[0m
2025-02-05T14:20:27.4709432Z [32m  âœ“[0m[90m bound x-transition can handle empty string and true values[0m[31m (97ms)[0m
2025-02-05T14:20:27.4737568Z 
2025-02-05T14:20:27.4738240Z [92m [0m[32m 5 passing[0m[90m (3s)[0m
2025-02-05T14:20:27.4738579Z 
2025-02-05T14:20:28.3869390Z 
2025-02-05T14:20:28.3881369Z [0m[0m
2025-02-05T14:20:28.3983579Z [36m  - can entangle to getter/setter pairs[0m
2025-02-05T14:20:28.3984288Z [36m  - can release entanglement[0m
2025-02-05T14:20:28.8611056Z [32m  âœ“[0m[90m can handle undefined[0m[31m (463ms)[0m
2025-02-05T14:20:28.8653510Z 
2025-02-05T14:20:28.8654024Z [92m [0m[32m 1 passing[0m[90m (479ms)[0m
2025-02-05T14:20:28.8654562Z [36m [0m[36m 2 pending[0m
2025-02-05T14:20:28.8657034Z 
2025-02-05T14:20:30.0115522Z 
2025-02-05T14:20:30.0127599Z [0m[0m
2025-02-05T14:20:30.2944837Z [32m  âœ“[0m[90m x-for identifier issue[0m[31m (275ms)[0m
2025-02-05T14:20:30.3886398Z [32m  âœ“[0m[90m x-text identifier issue[0m[31m (92ms)[0m
2025-02-05T14:20:30.4821657Z [32m  âœ“[0m[90m x-init identifier issue[0m[31m (92ms)[0m
2025-02-05T14:20:30.6101179Z [32m  âœ“[0m[90m x-show identifier issue[0m[31m (125ms)[0m
2025-02-05T14:20:30.7322340Z [32m  âœ“[0m[90m x-bind class object syntax identifier issue[0m[31m (119ms)[0m
2025-02-05T14:20:30.8678794Z [32m  âœ“[0m[90m x-model identifier issue[0m[31m (132ms)[0m
2025-02-05T14:20:30.9958404Z [32m  âœ“[0m[90m x-if identifier issue[0m[31m (126ms)[0m
2025-02-05T14:20:31.1203156Z [32m  âœ“[0m[90m x-if identifier issue ( function )[0m[31m (122ms)[0m
2025-02-05T14:20:31.2434454Z [32m  âœ“[0m[90m x-effect identifier issue[0m[31m (121ms)[0m
2025-02-05T14:20:31.4501627Z [32m  âœ“[0m[90m x-on identifier issue[0m[31m (201ms)[0m
2025-02-05T14:20:31.5711618Z [32m  âœ“[0m[90m x-data syntax error[0m[31m (118ms)[0m
2025-02-05T14:20:31.6940880Z [32m  âœ“[0m[90m if statement syntax error[0m[31m (120ms)[0m
2025-02-05T14:20:31.8182782Z [32m  âœ“[0m[90m x-data with reference error and multiple errors[0m[31m (121ms)[0m
2025-02-05T14:20:31.9369493Z [32m  âœ“[0m[90m evaluation with syntax error[0m[31m (117ms)[0m
2025-02-05T14:20:31.9409762Z 
2025-02-05T14:20:31.9410334Z [92m [0m[32m 14 passing[0m[90m (2s)[0m
2025-02-05T14:20:31.9410550Z 
2025-02-05T14:20:32.9066665Z 
2025-02-05T14:20:32.9067391Z [0m[0m
2025-02-05T14:20:33.2112007Z [32m  âœ“[0m[90m $data returns the current scope (with cascading)[0m[31m (297ms)[0m
2025-02-05T14:20:33.2152961Z 
2025-02-05T14:20:33.2153406Z [92m [0m[32m 1 passing[0m[90m (309ms)[0m
2025-02-05T14:20:34.4588008Z 
2025-02-05T14:20:34.4588079Z 
2025-02-05T14:20:34.4589146Z [0m[0m
2025-02-05T14:20:34.8550298Z [32m  âœ“[0m[90m $dispatch dispatches events properly[0m[31m (390ms)[0m
2025-02-05T14:20:34.8590264Z 
2025-02-05T14:20:34.8590969Z [92m [0m[32m 1 passing[0m[90m (400ms)[0m
2025-02-05T14:20:34.8591301Z 
2025-02-05T14:20:36.0198256Z 
2025-02-05T14:20:36.0199148Z [0m[0m
2025-02-05T14:20:36.4093529Z [32m  âœ“[0m[90m $el returns the current element[0m[31m (383ms)[0m
2025-02-05T14:20:36.4134189Z 
2025-02-05T14:20:36.4134674Z [92m [0m[32m 1 passing[0m[90m (394ms)[0m
2025-02-05T14:20:36.4134990Z 
2025-02-05T14:20:37.6695689Z 
2025-02-05T14:20:37.6696924Z [0m[0m
2025-02-05T14:20:37.9633595Z [32m  âœ“[0m[90m $id generates a unique id[0m[31m (287ms)[0m
2025-02-05T14:20:38.0860206Z [32m  âœ“[0m[90m $id works with keys and nested data scopes[0m[31m (116ms)[0m
2025-02-05T14:20:38.1845219Z [32m  âœ“[0m[90m $id scopes are grouped by name[0m[31m (95ms)[0m
2025-02-05T14:20:38.2728082Z [32m  âœ“[0m[90m $ids are globally unique when outside x-id[0m[31m (86ms)[0m
2025-02-05T14:20:38.4078086Z [32m  âœ“[0m[90m $id scopes can be reset[0m[31m (132ms)[0m
2025-02-05T14:20:38.5517588Z [32m  âœ“[0m[90m can be used with morph without losing track[0m[31m (139ms)[0m
2025-02-05T14:20:38.5548975Z 
2025-02-05T14:20:38.5549471Z [92m [0m[32m 6 passing[0m[90m (885ms)[0m
2025-02-05T14:20:38.5549709Z 
2025-02-05T14:20:39.4678885Z 
2025-02-05T14:20:39.4679617Z [0m[0m
2025-02-05T14:20:39.8131169Z [32m  âœ“[0m[90m $nextTick runs code on the next available managed tick[0m[31m (339ms)[0m
2025-02-05T14:20:39.9871970Z [32m  âœ“[0m[90m $nextTick waits for x-for to finish rendering[0m[31m (172ms)[0m
2025-02-05T14:20:40.3925327Z [32m  âœ“[0m[90m $nextTick works with transition[0m[31m (400ms)[0m
2025-02-05T14:20:40.3976565Z 
2025-02-05T14:20:40.3977117Z [92m [0m[32m 3 passing[0m[90m (930ms)[0m
2025-02-05T14:20:40.3977473Z 
2025-02-05T14:20:41.3005732Z 
2025-02-05T14:20:41.3006430Z [0m[0m
2025-02-05T14:20:41.6374910Z [32m  âœ“[0m[90m can reference elements from event listeners[0m[31m (330ms)[0m
2025-02-05T14:20:41.8100940Z [32m  âœ“[0m[90m can reference elements from data object methods[0m[31m (170ms)[0m
2025-02-05T14:20:41.9016328Z [32m  âœ“[0m[90m can reference elements from x-init[0m[31m (89ms)[0m
2025-02-05T14:20:41.9918933Z [32m  âœ“[0m[90m can reference elements outside of x-init[0m[31m (88ms)[0m
2025-02-05T14:20:42.1156815Z [32m  âœ“[0m[90m can reference refs of parent scope[0m[31m (122ms)[0m
2025-02-05T14:20:42.2429314Z [32m  âœ“[0m[90m when referencing refs from parent scope, the closest ref is used[0m[31m (125ms)[0m
2025-02-05T14:20:42.2467985Z 
2025-02-05T14:20:42.2468512Z [92m [0m[32m 6 passing[0m[90m (946ms)[0m
2025-02-05T14:20:42.2468847Z 
2025-02-05T14:20:43.1642434Z 
2025-02-05T14:20:43.1643255Z [0m[0m
2025-02-05T14:20:43.5459786Z [32m  âœ“[0m[90m $root returns the root element of the component[0m[31m (376ms)[0m
2025-02-05T14:20:43.5500487Z 
2025-02-05T14:20:43.5501187Z [92m [0m[32m 1 passing[0m[90m (385ms)[0m
2025-02-05T14:20:43.5501525Z 
2025-02-05T14:20:44.7491510Z 
2025-02-05T14:20:44.7502525Z [0m[0m
2025-02-05T14:20:45.1128977Z [32m  âœ“[0m[90m $watch[0m[31m (357ms)[0m
2025-02-05T14:20:45.2857230Z [32m  âœ“[0m[90m $watch receives old value[0m[31m (170ms)[0m
2025-02-05T14:20:45.4696260Z [32m  âœ“[0m[90m $watch nested properties[0m[31m (182ms)[0m
2025-02-05T14:20:46.1387581Z [32m  âœ“[0m[90m $watch arrays[0m[31m (664ms)[0m
2025-02-05T14:20:46.3159960Z [32m  âœ“[0m[90m $watch nested arrays[0m[31m (174ms)[0m
2025-02-05T14:20:46.5662584Z [32m  âœ“[0m[90m $watch ignores other dependencies[0m[31m (244ms)[0m
2025-02-05T14:20:46.7447053Z [32m  âœ“[0m[90m deep $watch[0m[31m (176ms)[0m
2025-02-05T14:20:46.7506442Z 
2025-02-05T14:20:46.7507067Z [92m [0m[32m 7 passing[0m[90m (2s)[0m
2025-02-05T14:20:46.7507303Z 
2025-02-05T14:20:47.6603383Z 
2025-02-05T14:20:47.6615768Z [0m[0m
2025-02-05T14:20:48.2069409Z [32m  âœ“[0m[90m element side effects are cleaned up after the elements are removed[0m[31m (540ms)[0m
2025-02-05T14:20:48.5518724Z [32m  âœ“[0m[90m nested element side effects are cleaned up after the parent is removed[0m[31m (337ms)[0m
2025-02-05T14:20:48.8969315Z [32m  âœ“[0m[90m element magic-based side effects are cleaned up after the element is removed[0m[31m (339ms)[0m
2025-02-05T14:20:49.0748167Z [32m  âœ“[0m[90m can mutate directive value[0m[31m (175ms)[0m
2025-02-05T14:20:49.2502198Z [32m  âœ“[0m[90m can add new directive[0m[31m (171ms)[0m
2025-02-05T14:20:49.9559216Z [32m  âœ“[0m[90m can pause and queue mutations for later resuming/flushing[0m[31m (700ms)[0m
2025-02-05T14:20:50.1333891Z [32m  âœ“[0m[90m does not initialise components twice when contained in multiple mutations[0m[31m (175ms)[0m
2025-02-05T14:20:50.4632224Z [32m  âœ“[0m[90m directives keep working when node is moved into a different one[0m[31m (324ms)[0m
2025-02-05T14:20:50.7755891Z [32m  âœ“[0m[90m no side effects when directives are added to an element that is removed afterwards[0m[31m (307ms)[0m
2025-02-05T14:20:50.8704945Z [32m  âœ“[0m[90m previously initialized elements are not reinitialized on being moved[0m[31m (92ms)[0m
2025-02-05T14:20:50.9852573Z [32m  âœ“[0m[90m previously initialized elements are not cleaned up on being moved[0m[31m (112ms)[0m
2025-02-05T14:20:50.9880473Z 
2025-02-05T14:20:50.9881089Z [92m [0m[32m 11 passing[0m[90m (3s)[0m
2025-02-05T14:20:50.9881310Z 
2025-02-05T14:20:51.9021319Z 
2025-02-05T14:20:51.9022392Z [0m[0m
2025-02-05T14:20:52.1623599Z [32m  âœ“[0m[90m can anchor an element[0m[31m (254ms)[0m
2025-02-05T14:20:52.1664979Z 
2025-02-05T14:20:52.1665424Z [92m [0m[32m 1 passing[0m[90m (264ms)[0m
2025-02-05T14:20:52.1665693Z 
2025-02-05T14:20:53.4888796Z 
2025-02-05T14:20:53.4889606Z [0m[0m
2025-02-05T14:20:54.9737053Z [32m  âœ“[0m[90m can collapse and expand element[0m[31m (1479ms)[0m
2025-02-05T14:20:55.6972857Z [32m  âœ“[0m[90m can collapse and expand with a minimum height instead of "display: none"[0m[31m (718ms)[0m
2025-02-05T14:20:56.1178559Z [32m  âœ“[0m[90m @click.away with x-collapse (prevent race condition)[0m[31m (415ms)[0m
2025-02-05T14:20:56.5350324Z [32m  âœ“[0m[90m @click.away with x-collapse and borders (prevent race condition)[0m[31m (412ms)[0m
2025-02-05T14:20:57.7306958Z [32m  âœ“[0m[90m double-click on x-collapse does not mix styles up[0m[31m (1190ms)[0m
2025-02-05T14:20:57.7347582Z 
2025-02-05T14:20:57.7348084Z [92m [0m[32m 5 passing[0m[90m (4s)[0m
2025-02-05T14:20:57.7348419Z 
2025-02-05T14:20:58.6570765Z 
2025-02-05T14:20:58.6571488Z [0m[0m
2025-02-05T14:20:58.9127298Z [32m  âœ“[0m[90m Can use components and basic expressions with CSP-compatible build[0m[31m (250ms)[0m
2025-02-05T14:20:59.0603733Z [32m  âœ“[0m[90m Supports nested properties[0m[31m (144ms)[0m
2025-02-05T14:20:59.0644186Z 
2025-02-05T14:20:59.0644852Z [92m [0m[32m 2 passing[0m[90m (408ms)[0m
2025-02-05T14:20:59.0645209Z 
2025-02-05T14:21:00.2802284Z 
2025-02-05T14:21:00.2815029Z [0m[0m
2025-02-05T14:21:01.2545746Z [32m  âœ“[0m[90m can trap focus[0m[31m (967ms)[0m
2025-02-05T14:21:01.5113855Z [32m  âœ“[0m[90m works with clone[0m[31m (251ms)[0m
2025-02-05T14:21:01.7645180Z [32m  âœ“[0m[90m releases focus when x-if is destroyed[0m[31m (248ms)[0m
2025-02-05T14:21:02.0232396Z [32m  âœ“[0m[90m can trap focus with inert[0m[31m (254ms)[0m
2025-02-05T14:21:02.1955763Z [32m  âœ“[0m[90m inert only applies aria-hidden once[0m[31m (169ms)[0m
2025-02-05T14:21:02.4668169Z [32m  âœ“[0m[90m can trap focus with noscroll[0m[31m (266ms)[0m
2025-02-05T14:21:02.6592483Z [32m  âœ“[0m[90m can trap focus with noreturn[0m[31m (186ms)[0m
2025-02-05T14:21:02.8642387Z [32m  âœ“[0m[90m $focus.focus[0m[31m (199ms)[0m
2025-02-05T14:21:02.9816434Z [32m  âœ“[0m[90m $focus.focusable[0m[31m (114ms)[0m
2025-02-05T14:21:03.1060046Z [32m  âœ“[0m[90m $focus.focusables[0m[31m (122ms)[0m
2025-02-05T14:21:03.3138493Z [32m  âœ“[0m[90m $focus.focused[0m[31m (202ms)[0m
2025-02-05T14:21:03.5864143Z [32m  âœ“[0m[90m $focus.lastFocused[0m[31m (267ms)[0m
2025-02-05T14:21:03.7153028Z [32m  âœ“[0m[90m $focus.within[0m[31m (127ms)[0m
2025-02-05T14:21:03.9455189Z [32m  âœ“[0m[90m $focus.next[0m[31m (224ms)[0m
2025-02-05T14:21:04.1514789Z [32m  âœ“[0m[90m $focus.prev[0m[31m (200ms)[0m
2025-02-05T14:21:04.3263266Z [32m  âœ“[0m[90m $focus.wrap[0m[31m (173ms)[0m
2025-02-05T14:21:04.5281270Z [32m  âœ“[0m[90m $focus.first[0m[31m (196ms)[0m
2025-02-05T14:21:04.7286733Z [32m  âœ“[0m[90m $focus.last[0m[31m (195ms)[0m
2025-02-05T14:21:05.0503575Z [32m  âœ“[0m[90m focuses element with autofocus[0m[31m (320ms)[0m
2025-02-05T14:21:05.4096386Z [32m  âœ“[0m[90m can disable x-trap autofocus with .noautofocus modifier[0m[31m (357ms)[0m
2025-02-05T14:21:05.4159815Z 
2025-02-05T14:21:05.4160695Z [92m [0m[32m 20 passing[0m[90m (5s)[0m
2025-02-05T14:21:05.4161212Z 
2025-02-05T14:21:06.3495109Z 
2025-02-05T14:21:06.3507099Z [0m[0m
2025-02-05T14:21:06.3670665Z [0m  History tests[0m
2025-02-05T14:21:06.3671556Z   [36m  - value is reflected in query string upon changing[0m
2025-02-05T14:21:06.3672402Z   [36m  - can configure always making the query string value present[0m
2025-02-05T14:21:06.3698417Z   [36m  - value is persisted across requests[0m
2025-02-05T14:21:06.3699037Z   [36m  - can provide an alias[0m
2025-02-05T14:21:06.3699564Z   [36m  - can use pushState[0m
2025-02-05T14:21:06.3700185Z   [36m  - can go back and forth with multiple components[0m
2025-02-05T14:21:06.3700807Z   [36m  - supports arrays[0m
2025-02-05T14:21:06.3701276Z   [36m  - supports deep arrays[0m
2025-02-05T14:21:06.3701929Z   [36m  - supports objects[0m
2025-02-05T14:21:06.3702656Z   [36m  - encodes values according to RFC 1738 (plus signs for spaces)[0m
2025-02-05T14:21:06.3703106Z 
2025-02-05T14:21:06.3703115Z 
2025-02-05T14:21:06.3703627Z [92m [0m[32m 0 passing[0m[90m (21ms)[0m
2025-02-05T14:21:06.3704173Z [36m [0m[36m 10 pending[0m
2025-02-05T14:21:06.3704413Z 
2025-02-05T14:21:07.9122391Z 
2025-02-05T14:21:07.9134968Z [0m[0m
2025-02-05T14:21:09.0515170Z [32m  âœ“[0m[90m can intersect[0m[31m (1134ms)[0m
2025-02-05T14:21:09.5006423Z [32m  âœ“[0m[90m It should evaluate with ":enter" only when the component is intersected[0m[31m (446ms)[0m
2025-02-05T14:21:10.0505531Z [32m  âœ“[0m[90m It should evaluate with ":leave" only when the component is not intersected[0m[31m (548ms)[0m
2025-02-05T14:21:10.3861274Z [32m  âœ“[0m[90m .half[0m[31m (333ms)[0m
2025-02-05T14:21:10.6996815Z [32m  âœ“[0m[90m .full[0m[31m (311ms)[0m
2025-02-05T14:21:11.1329579Z [32m  âœ“[0m[90m .once[0m[31m (431ms)[0m
2025-02-05T14:21:11.8500412Z [32m  âœ“[0m[90m .margin[0m[31m (714ms)[0m
2025-02-05T14:21:12.1000984Z [32m  âœ“[0m[90m .threshold[0m[31m (244ms)[0m
2025-02-05T14:21:12.1046985Z 
2025-02-05T14:21:12.1047582Z [92m [0m[32m 8 passing[0m[90m (4s)[0m
2025-02-05T14:21:13.0907370Z 
2025-02-05T14:21:13.0907389Z 
2025-02-05T14:21:13.0918604Z [0m[0m
2025-02-05T14:21:14.8296872Z [32m  âœ“[0m[90m x-mask[0m[31m (1731ms)[0m
2025-02-05T14:21:15.5101324Z [32m  âœ“[0m[90m x-mask with x-model[0m[31m (674ms)[0m
2025-02-05T14:21:15.5180788Z [36m  - x-mask with latently bound x-model[0m
2025-02-05T14:21:15.6061476Z [32m  âœ“[0m[90m x-mask with x-model with initial value[0m[31m (92ms)[0m
2025-02-05T14:21:15.7082947Z [32m  âœ“[0m[90m x-mask with x-model if initial value is null it should remain null[0m[31m (99ms)[0m
2025-02-05T14:21:16.3184467Z [32m  âœ“[0m[90m x-mask with a falsy input[0m[31m (605ms)[0m
2025-02-05T14:21:16.9249380Z [32m  âœ“[0m[90m x-mask with a falsy string input[0m[31m (601ms)[0m
2025-02-05T14:21:17.4403692Z [32m  âœ“[0m[90m x-mask with non wildcard alpha-numeric characters (b)[0m[31m (510ms)[0m
2025-02-05T14:21:17.6909773Z [32m  âœ“[0m[90m x-mask:dynamic[0m[31m (245ms)[0m
2025-02-05T14:21:19.1512383Z [32m  âœ“[0m[90m $money[0m[31m (1454ms)[0m
2025-02-05T14:21:20.0432568Z [32m  âœ“[0m[90m $money swapping commas and periods[0m[31m (886ms)[0m
2025-02-05T14:21:20.9127053Z [32m  âœ“[0m[90m $money with different thousands separator[0m[31m (864ms)[0m
2025-02-05T14:21:21.3597574Z [32m  âœ“[0m[90m $money works with permanent inserted at beginning[0m[31m (442ms)[0m
2025-02-05T14:21:21.8786307Z [32m  âœ“[0m[90m $money mask should remove letters or non numeric characters[0m[31m (513ms)[0m
2025-02-05T14:21:22.7329185Z [32m  âœ“[0m[90m $money mask negative values[0m[31m (849ms)[0m
2025-02-05T14:21:23.7468161Z [32m  âœ“[0m[90m $money with custom decimal precision[0m[31m (1009ms)[0m
2025-02-05T14:21:23.7508747Z 
2025-02-05T14:21:23.7509396Z [92m [0m[32m 15 passing[0m[90m (11s)[0m
2025-02-05T14:21:23.7510059Z [36m [0m[36m 1 pending[0m
2025-02-05T14:21:23.7510401Z 
2025-02-05T14:21:24.7411642Z 
2025-02-05T14:21:24.7423774Z [0m[0m
2025-02-05T14:21:25.1344400Z [32m  âœ“[0m[90m can morph components and preserve Alpine state[0m[31m (386ms)[0m
2025-02-05T14:21:25.3419072Z [32m  âœ“[0m[90m morphing target uses outer Alpine scope[0m[31m (203ms)[0m
2025-02-05T14:21:25.5251411Z [32m  âœ“[0m[90m can morph with HTML change and preserve Alpine state[0m[31m (180ms)[0m
2025-02-05T14:21:25.7983865Z [32m  âœ“[0m[90m morphing an element with multiple nested Alpine components preserves scope[0m[31m (266ms)[0m
2025-02-05T14:21:25.9957500Z [32m  âœ“[0m[90m can morph teleports[0m[31m (193ms)[0m
2025-02-05T14:21:26.2360384Z [32m  âœ“[0m[90m can morph teleports in different places with IDs[0m[31m (234ms)[0m
2025-02-05T14:21:26.5356495Z [32m  âœ“[0m[90m can morph[0m[31m (294ms)[0m
2025-02-05T14:21:26.8158575Z [32m  âœ“[0m[90m can morph using lookahead[0m[31m (274ms)[0m
2025-02-05T14:21:27.1074885Z [32m  âœ“[0m[90m can morph using keys[0m[31m (287ms)[0m
2025-02-05T14:21:27.3882394Z [32m  âœ“[0m[90m can morph using a custom key function[0m[31m (275ms)[0m
2025-02-05T14:21:27.8206835Z [32m  âœ“[0m[90m can morph using keys with existing key to be moved up[0m[31m (427ms)[0m
2025-02-05T14:21:27.9166816Z [32m  âœ“[0m[90m can morph text nodes[0m[31m (93ms)[0m
2025-02-05T14:21:28.0158840Z [32m  âœ“[0m[90m can morph with added element before and siblings are different[0m[31m (96ms)[0m
2025-02-05T14:21:28.1378975Z [32m  âœ“[0m[90m can morph using different keys[0m[31m (118ms)[0m
2025-02-05T14:21:28.4218234Z [32m  âœ“[0m[90m can morph elements with dynamic ids[0m[31m (279ms)[0m
2025-02-05T14:21:28.5389603Z [32m  âœ“[0m[90m can morph different inline nodes[0m[31m (115ms)[0m
2025-02-05T14:21:28.6668100Z [32m  âœ“[0m[90m can morph multiple nodes[0m[31m (125ms)[0m
2025-02-05T14:21:28.7951330Z [32m  âœ“[0m[90m can morph table tr[0m[31m (125ms)[0m
2025-02-05T14:21:29.2608012Z [32m  âœ“[0m[90m can morph with conditional markers[0m[31m (461ms)[0m
2025-02-05T14:21:29.7018170Z [32m  âœ“[0m[90m can morph with flat-nested conditional markers[0m[31m (436ms)[0m
2025-02-05T14:21:29.8727510Z [32m  âœ“[0m[90m can morph @event handlers[0m[31m (169ms)[0m
2025-02-05T14:21:30.2115398Z [32m  âœ“[0m[90m can morph menu[0m[31m (333ms)[0m
2025-02-05T14:21:30.4625298Z [32m  âœ“[0m[90m can morph teleports with x-for[0m[31m (245ms)[0m
2025-02-05T14:21:30.5570554Z [32m  âœ“[0m[90m can morph teleports with root-level state[0m[31m (92ms)[0m
2025-02-05T14:21:30.5634888Z 
2025-02-05T14:21:30.5635587Z [92m [0m[32m 24 passing[0m[90m (6s)[0m
2025-02-05T14:21:30.5635956Z 
2025-02-05T14:21:31.4523652Z 
2025-02-05T14:21:31.4524339Z [0m[0m
2025-02-05T14:21:31.4614912Z [0m  Navigate tests[0m
2025-02-05T14:21:31.4615989Z   [36m  - navigates pages without reload[0m
2025-02-05T14:21:31.4616757Z   [36m  - autofocuses autofocus elements[0m
2025-02-05T14:21:31.4628244Z   [36m  - scripts and styles are properly merged/run or skipped[0m
2025-02-05T14:21:31.4628713Z 
2025-02-05T14:21:31.4628722Z 
2025-02-05T14:21:31.4629230Z [92m [0m[32m 0 passing[0m[90m (10ms)[0m
2025-02-05T14:21:31.4629805Z [36m [0m[36m 3 pending[0m
2025-02-05T14:21:31.4630063Z 
2025-02-05T14:21:33.0847515Z 
2025-02-05T14:21:33.0859138Z [0m[0m
2025-02-05T14:21:33.5248537Z [32m  âœ“[0m[90m can persist number[0m[31m (436ms)[0m
2025-02-05T14:21:33.9725661Z [32m  âœ“[0m[90m can persist string[0m[31m (445ms)[0m
2025-02-05T14:21:34.2314881Z [32m  âœ“[0m[90m can persist array[0m[31m (254ms)[0m
2025-02-05T14:21:34.6386448Z [32m  âœ“[0m[90m can persist object[0m[31m (404ms)[0m
2025-02-05T14:21:34.9258521Z [32m  âœ“[0m[90m can persist boolean[0m[31m (285ms)[0m
2025-02-05T14:21:35.2086632Z [32m  âœ“[0m[90m can persist multiple components using the same property[0m[31m (280ms)[0m
2025-02-05T14:21:35.5138396Z [32m  âœ“[0m[90m can persist using an alias[0m[31m (301ms)[0m
2025-02-05T14:21:35.8326025Z [32m  âœ“[0m[90m aliases do not affect other $persist calls[0m[31m (317ms)[0m
2025-02-05T14:21:36.2757611Z [32m  âœ“[0m[90m can persist to custom storage[0m[31m (441ms)[0m
2025-02-05T14:21:36.6079948Z [32m  âœ“[0m[90m can persist to custom storage using an alias[0m[31m (327ms)[0m
2025-02-05T14:21:37.0512674Z [32m  âœ“[0m[90m can persist using global Alpine.$persist within Alpine.store[0m[31m (442ms)[0m
2025-02-05T14:21:37.1820381Z [32m  âœ“[0m[90m persist in Stores is available in init call[0m[31m (128ms)[0m
2025-02-05T14:21:37.5884791Z [32m  âœ“[0m[90m multiple aliases work when using global Alpine.$persist[0m[31m (403ms)[0m
2025-02-05T14:21:37.5922591Z 
2025-02-05T14:21:37.5923177Z [92m [0m[32m 13 passing[0m[90m (5s)[0m
2025-02-05T14:21:37.5923392Z 
2025-02-05T14:21:38.4988866Z 
2025-02-05T14:21:38.4989828Z [0m[0m
2025-02-05T14:21:39.5653646Z [32m  âœ“[0m[90m can react to the resizing of an element[0m[31m (1060ms)[0m
2025-02-05T14:21:39.6981115Z [32m  âœ“[0m[90m can react to the resizing of the document[0m[31m (129ms)[0m
2025-02-05T14:21:39.7015056Z 
2025-02-05T14:21:39.7015537Z [92m [0m[32m 2 passing[0m[90m (1s)[0m
2025-02-05T14:21:39.7015858Z 
2025-02-05T14:21:40.6309472Z 
2025-02-05T14:21:40.6320705Z [0m[0m
2025-02-05T14:21:40.6486971Z [36m  - basic drag sorting works[0m
2025-02-05T14:21:40.6487948Z [36m  - can use a custom handle[0m
2025-02-05T14:21:40.6511978Z [36m  - can move items between groups[0m
2025-02-05T14:21:40.6512628Z [36m  - sort handle method[0m
2025-02-05T14:21:40.6513411Z [36m  - item is also supported for the key in the sort handle method[0m
2025-02-05T14:21:40.6514206Z [36m  - can access key and position in handler[0m
2025-02-05T14:21:40.6514869Z [36m  - can access $item instead of $key[0m
2025-02-05T14:21:40.6515537Z [36m  - can use custom sortablejs configuration[0m
2025-02-05T14:21:40.6516198Z [36m  - works with Livewire morphing[0m
2025-02-05T14:21:40.6516838Z [36m  - x-sort:item can be used as a filter[0m
2025-02-05T14:21:40.6517156Z 
2025-02-05T14:21:40.6517483Z [92m [0m[32m 0 passing[0m[90m (21ms)[0m
2025-02-05T14:21:40.6518016Z [36m [0m[36m 10 pending[0m
2025-02-05T14:21:40.6518263Z 
2025-02-05T14:21:42.6779548Z 
2025-02-05T14:21:42.6790753Z [0m[0m
2025-02-05T14:21:43.7798239Z [32m  âœ“[0m[90m it works with x-model[0m[31m (1095ms)[0m
2025-02-05T14:21:43.8792308Z [32m  âœ“[0m[90m initial value is set from x-model[0m[31m (96ms)[0m
2025-02-05T14:21:44.3010733Z [32m  âœ“[0m[90m it works with internal state[0m[31m (416ms)[0m
2025-02-05T14:21:44.6581377Z [32m  âœ“[0m[90m $combobox/$comboboxOption[0m[31m (351ms)[0m
2025-02-05T14:21:45.1033833Z [32m  âœ“[0m[90m "name" prop[0m[31m (440ms)[0m
2025-02-05T14:21:46.3052785Z [32m  âœ“[0m[90m Preserves currently active keyboard selection while options change from searching even if there's a selected option in the filtered results[0m[31m (1196ms)[0m
2025-02-05T14:21:46.6899276Z [32m  âœ“[0m[90m Ignore active selection while options change if not selected by a keyboard event[0m[31m (379ms)[0m
2025-02-05T14:21:47.1148301Z [32m  âœ“[0m[90m "name" prop with object value[0m[31m (420ms)[0m
2025-02-05T14:21:47.2226622Z [32m  âœ“[0m[90m "default-value" prop[0m[31m (106ms)[0m
2025-02-05T14:21:47.8024870Z [32m  âœ“[0m[90m "multiple" prop[0m[31m (575ms)[0m
2025-02-05T14:21:48.2664764Z [32m  âœ“[0m[90m "multiple" and "name" props together[0m[31m (458ms)[0m
2025-02-05T14:21:49.0028934Z [32m  âœ“[0m[90m "by" prop with string value[0m[31m (731ms)[0m
2025-02-05T14:21:49.7475157Z [32m  âœ“[0m[90m "by" prop with string value and "nullable"[0m[31m (739ms)[0m
2025-02-05T14:21:50.5056585Z [32m  âœ“[0m[90m keyboard controls[0m[31m (756ms)[0m
2025-02-05T14:21:50.6898697Z [32m  âœ“[0m[90m changing value manually changes internal state[0m[31m (182ms)[0m
2025-02-05T14:21:51.0532420Z [32m  âœ“[0m[90m has accessibility attributes[0m[31m (358ms)[0m
2025-02-05T14:21:51.3883536Z [32m  âœ“[0m[90m "static" prop[0m[31m (330ms)[0m
2025-02-05T14:21:53.3264111Z [32m  âœ“[0m[90m input reset[0m[31m (1933ms)[0m
2025-02-05T14:21:54.4966987Z [32m  âœ“[0m[90m combobox shows all options when opening[0m[31m (1165ms)[0m
2025-02-05T14:21:55.1161028Z [32m  âœ“[0m[90m active element logic when opening a combobox[0m[31m (614ms)[0m
2025-02-05T14:21:55.9783032Z [32m  âœ“[0m[90m can remove an option without other options getting removed[0m[31m (857ms)[0m
2025-02-05T14:21:56.0737195Z [32m  âœ“[0m[90m works with morph[0m[31m (93ms)[0m
2025-02-05T14:21:56.5645430Z [32m  âœ“[0m[90m boolean option values[0m[31m (485ms)[0m
2025-02-05T14:21:57.2290196Z [32m  âœ“[0m[90m integer option values[0m[31m (659ms)[0m
2025-02-05T14:21:57.2331626Z 
2025-02-05T14:21:57.2332234Z [92m [0m[32m 24 passing[0m[90m (15s)[0m
2025-02-05T14:21:57.2332461Z 
2025-02-05T14:21:58.1720674Z 
2025-02-05T14:21:58.1732011Z [0m[0m
2025-02-05T14:21:58.4813410Z [32m  âœ“[0m[90m has accessibility attributes[0m[31m (302ms)[0m
2025-02-05T14:21:59.0637994Z [32m  âœ“[0m[90m works with x-model[0m[31m (577ms)[0m
2025-02-05T14:21:59.2362790Z [32m  âœ“[0m[90m works with open prop and close event[0m[31m (170ms)[0m
2025-02-05T14:21:59.4060191Z [32m  âœ“[0m[90m works with static prop[0m[31m (167ms)[0m
2025-02-05T14:21:59.6519761Z [32m  âœ“[0m[90m pressing escape closes modal[0m[31m (240ms)[0m
2025-02-05T14:21:59.8215084Z [32m  âœ“[0m[90m x-dialog:panel allows for click away[0m[31m (167ms)[0m
2025-02-05T14:22:00.0931354Z [32m  âœ“[0m[90m x-dialog:overlay closes dialog when clicked on[0m[31m (266ms)[0m
2025-02-05T14:22:00.2093234Z [32m  âœ“[0m[90m x-dialog:title[0m[31m (114ms)[0m
2025-02-05T14:22:00.3356901Z [32m  âœ“[0m[90m x-dialog:description[0m[31m (123ms)[0m
2025-02-05T14:22:00.5459070Z [32m  âœ“[0m[90m $modal.open exposes internal "open" state[0m[31m (205ms)[0m
2025-02-05T14:22:00.8264320Z [32m  âœ“[0m[90m works with x-teleport[0m[31m (273ms)[0m
2025-02-05T14:22:00.8325116Z 
2025-02-05T14:22:00.8325799Z [92m [0m[32m 11 passing[0m[90m (3s)[0m
2025-02-05T14:22:00.8326147Z 
2025-02-05T14:22:01.7475696Z 
2025-02-05T14:22:01.7476465Z [0m[0m
2025-02-05T14:22:02.0351631Z [32m  âœ“[0m[90m has accessibility attributes[0m[31m (281ms)[0m
2025-02-05T14:22:02.7165099Z [32m  âœ“[0m[90m it toggles[0m[31m (676ms)[0m
2025-02-05T14:22:02.9771431Z [32m  âœ“[0m[90m $disclosure.isOpen and $disclosure.close() work[0m[31m (255ms)[0m
2025-02-05T14:22:03.1476585Z [32m  âœ“[0m[90m can set a default open state[0m[31m (168ms)[0m
2025-02-05T14:22:03.4608349Z [32m  âœ“[0m[90m it toggles using the space key[0m[31m (308ms)[0m
2025-02-05T14:22:03.4649365Z 
2025-02-05T14:22:03.4650320Z [92m [0m[32m 5 passing[0m[90m (2s)[0m
2025-02-05T14:22:03.4652089Z 
2025-02-05T14:22:04.5058668Z 
2025-02-05T14:22:04.5070615Z [0m[0m
2025-02-05T14:22:05.5201706Z [32m  âœ“[0m[90m it works with x-model[0m[31m (1007ms)[0m
2025-02-05T14:22:05.9507872Z [32m  âœ“[0m[90m it works with internal state[0m[31m (424ms)[0m
2025-02-05T14:22:06.3179751Z [32m  âœ“[0m[90m $listbox/$listboxOption[0m[31m (361ms)[0m
2025-02-05T14:22:06.7416575Z [32m  âœ“[0m[90m "name" prop[0m[31m (418ms)[0m
2025-02-05T14:22:07.1737677Z [32m  âœ“[0m[90m "name" prop with object value[0m[31m (427ms)[0m
2025-02-05T14:22:07.2995159Z [32m  âœ“[0m[90m "default-value" prop[0m[31m (123ms)[0m
2025-02-05T14:22:07.7268420Z [32m  âœ“[0m[90m "multiple" prop[0m[31m (422ms)[0m
2025-02-05T14:22:08.2003469Z [32m  âœ“[0m[90m "multiple" and "name" props together[0m[31m (467ms)[0m
2025-02-05T14:22:08.9653459Z [32m  âœ“[0m[90m keyboard controls[0m[31m (763ms)[0m
2025-02-05T14:22:09.3479285Z [32m  âœ“[0m[90m "horizontal" keyboard controls[0m[31m (377ms)[0m
2025-02-05T14:22:09.7646085Z [32m  âœ“[0m[90m "by" prop with string value[0m[31m (412ms)[0m
2025-02-05T14:22:10.6045870Z [32m  âœ“[0m[90m search[0m[31m (835ms)[0m
2025-02-05T14:22:10.8007080Z [32m  âœ“[0m[90m changing value manually changes internal state[0m[31m (193ms)[0m
2025-02-05T14:22:11.1516510Z [32m  âœ“[0m[90m has accessibility attributes[0m[31m (345ms)[0m
2025-02-05T14:22:11.4842344Z [32m  âœ“[0m[90m "static" prop[0m[31m (327ms)[0m
2025-02-05T14:22:11.5896566Z [32m  âœ“[0m[90m works with morph[0m[31m (97ms)[0m
2025-02-05T14:22:12.0891276Z [32m  âœ“[0m[90m boolean option values[0m[31m (495ms)[0m
2025-02-05T14:22:12.7534605Z [32m  âœ“[0m[90m integer option values[0m[31m (659ms)[0m
2025-02-05T14:22:12.7576313Z 
2025-02-05T14:22:12.7576876Z [92m [0m[32m 18 passing[0m[90m (8s)[0m
2025-02-05T14:22:12.7577132Z 
2025-02-05T14:22:13.6757318Z 
2025-02-05T14:22:13.6768612Z [0m[0m
2025-02-05T14:22:14.5414256Z [32m  âœ“[0m[90m it works[0m[31m (858ms)[0m
2025-02-05T14:22:14.8070617Z [32m  âœ“[0m[90m focusing away closes menu[0m[31m (262ms)[0m
2025-02-05T14:22:15.0597199Z [32m  âœ“[0m[90m it works with x-model[0m[31m (247ms)[0m
2025-02-05T14:22:16.0963778Z [32m  âœ“[0m[90m keyboard controls[0m[31m (1034ms)[0m
2025-02-05T14:22:16.6953469Z [32m  âœ“[0m[90m keyboard controls with x-teleport[0m[31m (597ms)[0m
2025-02-05T14:22:17.5256051Z [32m  âœ“[0m[90m search[0m[31m (825ms)[0m
2025-02-05T14:22:17.8557207Z [32m  âœ“[0m[90m has accessibility attributes[0m[31m (325ms)[0m
2025-02-05T14:22:18.0343125Z [32m  âœ“[0m[90m $menuItem.isDisabled[0m[31m (174ms)[0m
2025-02-05T14:22:18.0385803Z 
2025-02-05T14:22:18.0386515Z [92m [0m[32m 8 passing[0m[90m (4s)[0m
2025-02-05T14:22:18.0386941Z 
2025-02-05T14:22:18.9604738Z 
2025-02-05T14:22:18.9616914Z [0m[0m
2025-02-05T14:22:19.9217384Z [32m  âœ“[0m[90m button toggles panel[0m[31m (954ms)[0m
2025-02-05T14:22:20.0978721Z [32m  âœ“[0m[90m popover can be rendered statically[0m[31m (173ms)[0m
2025-02-05T14:22:20.2783702Z [32m  âœ“[0m[90m has accessibility attributes[0m[31m (177ms)[0m
2025-02-05T14:22:20.5189540Z [32m  âœ“[0m[90m escape closes panel[0m[31m (235ms)[0m
2025-02-05T14:22:20.7722704Z [32m  âœ“[0m[90m clicking outside closes panel[0m[31m (248ms)[0m
2025-02-05T14:22:21.0311112Z [32m  âœ“[0m[90m focusing away closes panel[0m[31m (256ms)[0m
2025-02-05T14:22:21.2852694Z [32m  âœ“[0m[90m focusing away doesnt close panel if focusing inside a group[0m[31m (251ms)[0m
2025-02-05T14:22:25.5224243Z   [33m(Attempt 1 of 5)[0m focusing away still closes panel inside a group if the focus attribute is present
2025-02-05T14:22:25.9292929Z [32m  âœ“[0m[90m focusing away still closes panel inside a group if the focus attribute is present[0m[31m (354ms)[0m
2025-02-05T14:22:25.9406632Z 
2025-02-05T14:22:25.9408029Z [92m [0m[32m 8 passing[0m[90m (7s)[0m
2025-02-05T14:22:25.9412434Z 
2025-02-05T14:22:26.8647728Z 
2025-02-05T14:22:26.8659505Z [0m[0m
2025-02-05T14:22:27.3440646Z [32m  âœ“[0m[90m it works using x-model[0m[31m (472ms)[0m
2025-02-05T14:22:27.5254880Z [32m  âœ“[0m[90m it works without x-model/with default-value[0m[31m (179ms)[0m
2025-02-05T14:22:27.7011277Z [32m  âœ“[0m[90m cannot select any option when the group is disabled[0m[31m (173ms)[0m
2025-02-05T14:22:27.8766401Z [32m  âœ“[0m[90m cannot select a disabled option[0m[31m (171ms)[0m
2025-02-05T14:22:28.1958964Z [32m  âœ“[0m[90m keyboard navigation works[0m[31m (313ms)[0m
2025-02-05T14:22:28.4121021Z [32m  âœ“[0m[90m has accessibility attributes[0m[31m (210ms)[0m
2025-02-05T14:22:28.7103405Z [32m  âœ“[0m[90m $radioOption.isActive, $radioOption.isChecked, $radioOption.isDisabled work[0m[31m (293ms)[0m
2025-02-05T14:22:28.8872834Z [32m  âœ“[0m[90m can bind objects to the value[0m[31m (174ms)[0m
2025-02-05T14:22:29.1525006Z [32m  âœ“[0m[90m name prop[0m[31m (260ms)[0m
2025-02-05T14:22:29.1565383Z 
2025-02-05T14:22:29.1565880Z [92m [0m[32m 9 passing[0m[90m (2s)[0m
2025-02-05T14:22:29.1566125Z 
2025-02-05T14:22:30.0623679Z 
2025-02-05T14:22:30.0636250Z [0m[0m
2025-02-05T14:22:30.4508959Z [32m  âœ“[0m[90m has accessibility attributes[0m[31m (381ms)[0m
2025-02-05T14:22:31.0432346Z [32m  âœ“[0m[90m works with x-model[0m[31m (585ms)[0m
2025-02-05T14:22:31.2930378Z [32m  âœ“[0m[90m works with internal state/$switch.isChecked[0m[31m (244ms)[0m
2025-02-05T14:22:31.5281013Z [32m  âœ“[0m[90m pressing space toggles the switch[0m[31m (229ms)[0m
2025-02-05T14:22:31.7013922Z [32m  âœ“[0m[90m default-checked[0m[31m (171ms)[0m
2025-02-05T14:22:31.9573807Z [32m  âœ“[0m[90m name and value props[0m[31m (251ms)[0m
2025-02-05T14:22:32.2238692Z [32m  âœ“[0m[90m value defaults to "on"[0m[31m (261ms)[0m
2025-02-05T14:22:32.2290681Z 
2025-02-05T14:22:32.2291285Z [92m [0m[32m 7 passing[0m[90m (2s)[0m
2025-02-05T14:22:32.2291675Z 
2025-02-05T14:22:33.1715862Z 
2025-02-05T14:22:33.1730935Z [0m[0m
2025-02-05T14:22:34.1181591Z [32m  âœ“[0m[90m can use tabs to toggle panels[0m[31m (939ms)[0m
2025-02-05T14:22:34.4786044Z [32m  âœ“[0m[90m can use arrow keys to cycle through tabs[0m[31m (355ms)[0m
2025-02-05T14:22:34.7056660Z [32m  âœ“[0m[90m cant tab through tabs, can only use arrows[0m[31m (223ms)[0m
2025-02-05T14:22:34.9127762Z [32m  âœ“[0m[90m can detect the selected tab & panel[0m[31m (201ms)[0m
2025-02-05T14:22:35.2650557Z [32m  âœ“[0m[90m can disable a tab[0m[31m (346ms)[0m
2025-02-05T14:22:35.6180955Z [32m  âœ“[0m[90m can traverse tabs manually[0m[31m (347ms)[0m
2025-02-05T14:22:35.7101486Z [32m  âœ“[0m[90m can set a default index[0m[31m (88ms)[0m
2025-02-05T14:22:35.9619326Z [32m  âœ“[0m[90m can programmatically control the selected tab[0m[31m (246ms)[0m
2025-02-05T14:22:35.9662562Z 
2025-02-05T14:22:36.8860114Z [92m [0m[32m 8 passing[0m[90m (3s)[0m
2025-02-05T14:22:36.8860568Z 
2025-02-05T14:22:36.8860578Z 
2025-02-05T14:22:36.8860792Z [0m[0m
2025-02-05T14:22:37.1663405Z [32m  âœ“[0m[90m properly merges the datastack[0m[31m (274ms)[0m
2025-02-05T14:22:37.2636362Z [32m  âœ“[0m[90m merges stack from bottom up[0m[31m (94ms)[0m
2025-02-05T14:22:37.4445955Z [32m  âœ“[0m[90m handles getter setter pairs[0m[31m (177ms)[0m
2025-02-05T14:22:37.6103174Z [32m  âœ“[0m[90m allows accessing class methods[0m[31m (164ms)[0m
2025-02-05T14:22:37.8148642Z [32m  âœ“[0m[90m setting value doesn't register a dependency[0m[31m (199ms)[0m
2025-02-05T14:22:38.0340665Z [32m  âœ“[0m[90m properly merges the datastack with nested data[0m[31m (213ms)[0m
2025-02-05T14:22:38.2493785Z [32m  âœ“[0m[90m handles getter setter pairs of object[0m[31m (209ms)[0m
2025-02-05T14:22:38.2533676Z 
2025-02-05T14:22:38.2534092Z [92m [0m[32m 7 passing[0m[90m (1s)[0m
2025-02-05T14:22:38.2534323Z 
2025-02-05T14:22:39.1533509Z 
2025-02-05T14:22:39.1534882Z [0m[0m
2025-02-05T14:22:39.4994866Z [32m  âœ“[0m[90m can register and use a global store[0m[31m (340ms)[0m
2025-02-05T14:22:39.5912895Z [32m  âœ“[0m[90m store init function is called[0m[31m (89ms)[0m
2025-02-05T14:22:39.7612609Z [32m  âœ“[0m[90m can use primitives as store[0m[31m (168ms)[0m
2025-02-05T14:22:39.9306878Z [32m  âœ“[0m[90m can use number as store[0m[31m (167ms)[0m
2025-02-05T14:22:40.1210189Z [32m  âœ“[0m[90m store's "this" context is reactive for init function[0m[31m (185ms)[0m
2025-02-05T14:22:40.2489248Z [32m  âœ“[0m[90m stores can have interceptors[0m[31m (125ms)[0m
2025-02-05T14:22:40.2528062Z 
2025-02-05T14:22:40.2528955Z [92m [0m[32m 6 passing[0m[90m (1s)[0m
2025-02-05T14:22:40.2529306Z 
2025-02-05T14:22:40.3730827Z Post job cleanup.
2025-02-05T14:22:40.5290150Z Post job cleanup.
2025-02-05T14:22:40.6024653Z [command]/usr/bin/git version
2025-02-05T14:22:40.6058945Z git version 2.48.1
2025-02-05T14:22:40.6105232Z Temporarily overriding HOME='/home/runner/work/_temp/3bef2c1d-b0f0-48e3-b969-71b8f883838d' before making global git config changes
2025-02-05T14:22:40.6106733Z Adding repository directory to the temporary git global config as a safe directory
2025-02-05T14:22:40.6110029Z [command]/usr/bin/git config --global --add safe.directory /home/runner/work/alpine/alpine
2025-02-05T14:22:40.6144813Z [command]/usr/bin/git config --local --name-only --get-regexp core\.sshCommand
2025-02-05T14:22:40.6174179Z [command]/usr/bin/git submodule foreach --recursive sh -c "git config --local --name-only --get-regexp 'core\.sshCommand' && git config --local --unset-all 'core.sshCommand' || :"
2025-02-05T14:22:40.6404517Z [command]/usr/bin/git config --local --name-only --get-regexp http\.https\:\/\/github\.com\/\.extraheader
2025-02-05T14:22:40.6424708Z http.https://github.com/.extraheader
2025-02-05T14:22:40.6436070Z [command]/usr/bin/git config --local --unset-all http.https://github.com/.extraheader
2025-02-05T14:22:40.6466349Z [command]/usr/bin/git submodule foreach --recursive sh -c "git config --local --name-only --get-regexp 'http\.https\:\/\/github\.com\/\.extraheader' && git config --local --unset-all 'http.https://github.com/.extraheader' || :"
2025-02-05T14:22:40.6791703Z Cleaning up orphan processes
