2025-04-14T18:04:51.4924655Z Requested labels: ubuntu-latest
2025-04-14T18:04:51.4924895Z Job defined at: Significant-Gravitas/AutoGPT/.github/workflows/platform-frontend-ci.yml@refs/pull/9815/merge
2025-04-14T18:04:51.4925023Z Waiting for a runner to pick up this job...
2025-04-14T18:04:52.6788979Z Job is waiting for a hosted runner to come online.
2025-04-14T18:04:55.2920622Z Job is about to start running on the hosted runner: GitHub Actions 309 (hosted)
2025-04-14T18:04:57.9832728Z Current runner version: '2.323.0'
2025-04-14T18:04:57.9859694Z ##[group]Operating System
2025-04-14T18:04:57.9860514Z Ubuntu
2025-04-14T18:04:57.9861080Z 24.04.2
2025-04-14T18:04:57.9861571Z LTS
2025-04-14T18:04:57.9862060Z ##[endgroup]
2025-04-14T18:04:57.9862628Z ##[group]Runner Image
2025-04-14T18:04:57.9863254Z Image: ubuntu-24.04
2025-04-14T18:04:57.9863788Z Version: 20250406.1.0
2025-04-14T18:04:57.9864899Z Included Software: https://github.com/actions/runner-images/blob/ubuntu24/20250406.1/images/ubuntu/Ubuntu2404-Readme.md
2025-04-14T18:04:57.9866445Z Image Release: https://github.com/actions/runner-images/releases/tag/ubuntu24%2F20250406.1
2025-04-14T18:04:57.9867392Z ##[endgroup]
2025-04-14T18:04:57.9868005Z ##[group]Runner Image Provisioner
2025-04-14T18:04:57.9868613Z 2.0.422.1
2025-04-14T18:04:57.9869085Z ##[endgroup]
2025-04-14T18:04:57.9870262Z ##[group]GITHUB_TOKEN Permissions
2025-04-14T18:04:57.9872265Z Contents: read
2025-04-14T18:04:57.9872927Z Metadata: read
2025-04-14T18:04:57.9873626Z Packages: read
2025-04-14T18:04:57.9874296Z ##[endgroup]
2025-04-14T18:04:57.9877443Z Secret source: Dependabot
2025-04-14T18:04:57.9878256Z Prepare workflow directory
2025-04-14T18:04:58.0263782Z Prepare all required actions
2025-04-14T18:04:58.0301732Z Getting action download info
2025-04-14T18:04:58.2548147Z ##[group]Download immutable action package 'actions/checkout@v4'
2025-04-14T18:04:58.2549162Z Version: 4.2.2
2025-04-14T18:04:58.2550143Z Digest: sha256:ccb2698953eaebd21c7bf6268a94f9c26518a7e38e27e0b83c1fe1ad049819b1
2025-04-14T18:04:58.2551535Z Source commit SHA: 11bd71901bbe5b1630ceea73d27597364c9af683
2025-04-14T18:04:58.2552296Z ##[endgroup]
2025-04-14T18:04:58.3618279Z ##[group]Download immutable action package 'actions/setup-node@v4'
2025-04-14T18:04:58.3619110Z Version: 4.4.0
2025-04-14T18:04:58.3619969Z Digest: sha256:9427cefe82346e992fb5b949e3569b39d537ae41aa3086483b14eceebfc16bc1
2025-04-14T18:04:58.3620975Z Source commit SHA: 49933ea5288caeca8642d1e84afbd3f7d6820020
2025-04-14T18:04:58.3621690Z ##[endgroup]
2025-04-14T18:04:58.7495472Z Complete job name: type-check
2025-04-14T18:04:58.8296186Z ##[group]Run actions/checkout@v4
2025-04-14T18:04:58.8297277Z with:
2025-04-14T18:04:58.8297723Z   repository: Significant-Gravitas/AutoGPT
2025-04-14T18:04:58.8298469Z   token: ***
2025-04-14T18:04:58.8298873Z   ssh-strict: true
2025-04-14T18:04:58.8299292Z   ssh-user: git
2025-04-14T18:04:58.8299708Z   persist-credentials: true
2025-04-14T18:04:58.8300155Z   clean: true
2025-04-14T18:04:58.8300571Z   sparse-checkout-cone-mode: true
2025-04-14T18:04:58.8301066Z   fetch-depth: 1
2025-04-14T18:04:58.8301482Z   fetch-tags: false
2025-04-14T18:04:58.8301899Z   show-progress: true
2025-04-14T18:04:58.8302313Z   lfs: false
2025-04-14T18:04:58.8302695Z   submodules: false
2025-04-14T18:04:58.8303109Z   set-safe-directory: true
2025-04-14T18:04:58.8303935Z ##[endgroup]
2025-04-14T18:04:59.0977823Z Syncing repository: Significant-Gravitas/AutoGPT
2025-04-14T18:04:59.0980568Z ##[group]Getting Git version info
2025-04-14T18:04:59.0981875Z Working directory is '/home/runner/work/AutoGPT/AutoGPT'
2025-04-14T18:04:59.0983598Z [command]/usr/bin/git version
2025-04-14T18:04:59.1063770Z git version 2.49.0
2025-04-14T18:04:59.1101457Z ##[endgroup]
2025-04-14T18:04:59.1125927Z Temporarily overriding HOME='/home/runner/work/_temp/d5e4ff37-aa92-4749-a1e0-44ac58c5e585' before making global git config changes
2025-04-14T18:04:59.1128764Z Adding repository directory to the temporary git global config as a safe directory
2025-04-14T18:04:59.1131713Z [command]/usr/bin/git config --global --add safe.directory /home/runner/work/AutoGPT/AutoGPT
2025-04-14T18:04:59.1172528Z Deleting the contents of '/home/runner/work/AutoGPT/AutoGPT'
2025-04-14T18:04:59.1176554Z ##[group]Initializing the repository
2025-04-14T18:04:59.1180558Z [command]/usr/bin/git init /home/runner/work/AutoGPT/AutoGPT
2025-04-14T18:04:59.1265870Z hint: Using 'master' as the name for the initial branch. This default branch name
2025-04-14T18:04:59.1267137Z hint: is subject to change. To configure the initial branch name to use in all
2025-04-14T18:04:59.1268497Z hint: of your new repositories, which will suppress this warning, call:
2025-04-14T18:04:59.1269195Z hint:
2025-04-14T18:04:59.1269690Z hint: 	git config --global init.defaultBranch <name>
2025-04-14T18:04:59.1270277Z hint:
2025-04-14T18:04:59.1270827Z hint: Names commonly chosen instead of 'master' are 'main', 'trunk' and
2025-04-14T18:04:59.1271828Z hint: 'development'. The just-created branch can be renamed via this command:
2025-04-14T18:04:59.1272546Z hint:
2025-04-14T18:04:59.1272941Z hint: 	git branch -m <name>
2025-04-14T18:04:59.1274950Z Initialized empty Git repository in /home/runner/work/AutoGPT/AutoGPT/.git/
2025-04-14T18:04:59.1287300Z [command]/usr/bin/git remote add origin https://github.com/Significant-Gravitas/AutoGPT
2025-04-14T18:04:59.1324524Z ##[endgroup]
2025-04-14T18:04:59.1325767Z ##[group]Disabling automatic garbage collection
2025-04-14T18:04:59.1329900Z [command]/usr/bin/git config --local gc.auto 0
2025-04-14T18:04:59.1359745Z ##[endgroup]
2025-04-14T18:04:59.1361035Z ##[group]Setting up auth
2025-04-14T18:04:59.1367406Z [command]/usr/bin/git config --local --name-only --get-regexp core\.sshCommand
2025-04-14T18:04:59.1399252Z [command]/usr/bin/git submodule foreach --recursive sh -c "git config --local --name-only --get-regexp 'core\.sshCommand' && git config --local --unset-all 'core.sshCommand' || :"
2025-04-14T18:04:59.1761155Z [command]/usr/bin/git config --local --name-only --get-regexp http\.https\:\/\/github\.com\/\.extraheader
2025-04-14T18:04:59.1793120Z [command]/usr/bin/git submodule foreach --recursive sh -c "git config --local --name-only --get-regexp 'http\.https\:\/\/github\.com\/\.extraheader' && git config --local --unset-all 'http.https://github.com/.extraheader' || :"
2025-04-14T18:04:59.2032771Z [command]/usr/bin/git config --local http.https://github.com/.extraheader AUTHORIZATION: basic ***
2025-04-14T18:04:59.2079979Z ##[endgroup]
2025-04-14T18:04:59.2080827Z ##[group]Fetching the repository
2025-04-14T18:04:59.2091666Z [command]/usr/bin/git -c protocol.version=2 fetch --no-tags --prune --no-recurse-submodules --depth=1 origin +373722bd599c5656ae5e74d6b84eb1e7173d7c4e:refs/remotes/pull/9815/merge
2025-04-14T18:05:11.8751491Z From https://github.com/Significant-Gravitas/AutoGPT
2025-04-14T18:05:11.8752989Z  * [new ref]         373722bd599c5656ae5e74d6b84eb1e7173d7c4e -> pull/9815/merge
2025-04-14T18:05:11.8795702Z ##[endgroup]
2025-04-14T18:05:11.8797707Z ##[group]Determining the checkout info
2025-04-14T18:05:11.8799708Z ##[endgroup]
2025-04-14T18:05:11.8803830Z [command]/usr/bin/git sparse-checkout disable
2025-04-14T18:05:11.8845846Z [command]/usr/bin/git config --local --unset-all extensions.worktreeConfig
2025-04-14T18:05:11.8874468Z ##[group]Checking out the ref
2025-04-14T18:05:11.8877714Z [command]/usr/bin/git checkout --progress --force refs/remotes/pull/9815/merge
2025-04-14T18:05:12.8744153Z Note: switching to 'refs/remotes/pull/9815/merge'.
2025-04-14T18:05:12.8744828Z 
2025-04-14T18:05:12.8745217Z You are in 'detached HEAD' state. You can look around, make experimental
2025-04-14T18:05:12.8746101Z changes and commit them, and you can discard any commits you make in this
2025-04-14T18:05:12.8747221Z state without impacting any branches by switching back to a branch.
2025-04-14T18:05:12.8747727Z 
2025-04-14T18:05:12.8748090Z If you want to create a new branch to retain commits you create, you may
2025-04-14T18:05:12.8748877Z do so (now or later) by using -c with the switch command. Example:
2025-04-14T18:05:12.8749343Z 
2025-04-14T18:05:12.8749549Z   git switch -c <new-branch-name>
2025-04-14T18:05:12.8749868Z 
2025-04-14T18:05:12.8750109Z Or undo this operation with:
2025-04-14T18:05:12.8750409Z 
2025-04-14T18:05:12.8750589Z   git switch -
2025-04-14T18:05:12.8750851Z 
2025-04-14T18:05:12.8751297Z Turn off this advice by setting config variable advice.detachedHead to false
2025-04-14T18:05:12.8751846Z 
2025-04-14T18:05:12.8752479Z HEAD is now at 373722b Merge 95315f59773bc7c863575d9a3af3fb6bc85e4b57 into d791cdea760e7549a970c9eb927be9ce3d423a83
2025-04-14T18:05:12.8831512Z ##[endgroup]
2025-04-14T18:05:12.8835323Z [command]/usr/bin/git log -1 --format=%H
2025-04-14T18:05:12.8857738Z 373722bd599c5656ae5e74d6b84eb1e7173d7c4e
2025-04-14T18:05:12.9099113Z ##[group]Run actions/setup-node@v4
2025-04-14T18:05:12.9099470Z with:
2025-04-14T18:05:12.9099697Z   node-version: 21
2025-04-14T18:05:12.9099943Z   always-auth: false
2025-04-14T18:05:12.9100193Z   check-latest: false
2025-04-14T18:05:12.9100577Z   token: ***
2025-04-14T18:05:12.9100815Z ##[endgroup]
2025-04-14T18:05:13.0872504Z Attempting to download 21...
2025-04-14T18:05:13.6546817Z Not found in manifest. Falling back to download directly from Node
2025-04-14T18:05:13.7205156Z Acquiring 21.7.3 - x64 from https://nodejs.org/dist/v21.7.3/node-v21.7.3-linux-x64.tar.gz
2025-04-14T18:05:14.5252233Z Extracting ...
2025-04-14T18:05:14.5354412Z [command]/usr/bin/tar xz --strip 1 --warning=no-unknown-keyword --overwrite -C /home/runner/work/_temp/83e55480-8c69-4efd-8991-a1abbe894567 -f /home/runner/work/_temp/4a824d9e-cf1c-405a-9d79-1119921696f0
2025-04-14T18:05:15.5375509Z Adding to the cache ...
2025-04-14T18:05:17.2396779Z Done
2025-04-14T18:05:17.2401120Z ##[group]Environment details
2025-04-14T18:05:17.4830442Z node: v21.7.3
2025-04-14T18:05:17.4830979Z npm: 10.5.0
2025-04-14T18:05:17.4831247Z yarn: 1.22.22
2025-04-14T18:05:17.4832006Z ##[endgroup]
2025-04-14T18:05:17.5110277Z ##[group]Run yarn install --frozen-lockfile
2025-04-14T18:05:17.5110739Z [36;1myarn install --frozen-lockfile[0m
2025-04-14T18:05:17.5165291Z shell: /usr/bin/bash --noprofile --norc -e -o pipefail {0}
2025-04-14T18:05:17.5165717Z ##[endgroup]
2025-04-14T18:05:17.6508691Z yarn install v1.22.22
2025-04-14T18:05:17.7191734Z [1/4] Resolving packages...
2025-04-14T18:05:18.1562776Z [2/4] Fetching packages...
2025-04-14T18:05:55.5509611Z [3/4] Linking dependencies...
2025-04-14T18:05:55.5678146Z warning "@sentry/nextjs > @sentry/opentelemetry@9.12.0" has unmet peer dependency "@opentelemetry/context-async-hooks@^1.30.1".
2025-04-14T18:05:55.5681562Z warning "@sentry/nextjs > @sentry/opentelemetry@9.12.0" has unmet peer dependency "@opentelemetry/core@^1.30.1".
2025-04-14T18:05:55.5683871Z warning "@sentry/nextjs > @sentry/opentelemetry@9.12.0" has unmet peer dependency "@opentelemetry/instrumentation@^0.57.1".
2025-04-14T18:05:55.5705281Z warning "@sentry/nextjs > @sentry/opentelemetry@9.12.0" has unmet peer dependency "@opentelemetry/sdk-trace-base@^1.30.1".
2025-04-14T18:05:55.5709136Z warning "@sentry/nextjs > @sentry/webpack-plugin@3.2.4" has unmet peer dependency "webpack@>=4.40.0".
2025-04-14T18:05:55.5724603Z warning "@storybook/addon-a11y > vitest-axe@0.1.0" has unmet peer dependency "vitest@>=0.16.0".
2025-04-14T18:05:55.5747478Z warning "@storybook/nextjs > @pmmmwh/react-refresh-webpack-plugin@0.5.15" has unmet peer dependency "webpack@>=4.43.0 <6.0.0".
2025-04-14T18:05:55.5753877Z warning "@storybook/nextjs > babel-loader@9.2.1" has unmet peer dependency "webpack@>=5".
2025-04-14T18:05:55.5755340Z warning "@storybook/nextjs > node-polyfill-webpack-plugin@2.0.1" has unmet peer dependency "webpack@>=5".
2025-04-14T18:05:55.5756852Z warning "@storybook/nextjs > style-loader@3.3.4" has unmet peer dependency "webpack@^5.0.0".
2025-04-14T18:05:55.5801554Z warning " > axe-playwright@2.0.3" has unmet peer dependency "playwright@>1.0.0".
2025-04-14T18:06:09.9249312Z [4/4] Building fresh packages...
2025-04-14T18:06:12.6727218Z Done in 55.03s.
2025-04-14T18:06:12.7258499Z ##[group]Run yarn type-check
2025-04-14T18:06:12.7258807Z [36;1myarn type-check[0m
2025-04-14T18:06:12.7309512Z shell: /usr/bin/bash --noprofile --norc -e -o pipefail {0}
2025-04-14T18:06:12.7309890Z ##[endgroup]
2025-04-14T18:06:12.8609386Z yarn run v1.22.22
2025-04-14T18:06:12.8849509Z $ tsc --noEmit
2025-04-14T18:06:25.0442733Z ##[error]src/components/Flow.tsx(666,11): error TS2322: Type '(nodeChanges: NodeChange<CustomNode>[]) => void' is not assignable to type 'OnNodesChange<Node>'.
2025-04-14T18:06:25.0450746Z   Types of parameters 'nodeChanges' and 'changes' are incompatible.
2025-04-14T18:06:25.0451338Z     Type 'NodeChange<Node>[]' is not assignable to type 'NodeChange<CustomNode>[]'.
2025-04-14T18:06:25.0451886Z       Type 'NodeChange<Node>' is not assignable to type 'NodeChange<CustomNode>'.
2025-04-14T18:06:25.0452421Z         Type 'NodeAddChange<Node>' is not assignable to type 'NodeChange<CustomNode>'.
2025-04-14T18:06:25.0453033Z           Type 'NodeAddChange<Node>' is not assignable to type 'NodeAddChange<CustomNode>'.
2025-04-14T18:06:25.0453495Z             Type 'Node' is not assignable to type 'CustomNode'.
2025-04-14T18:06:25.0453959Z               Type 'Node' is not assignable to type 'NodeBase<CustomNodeData, "custom">'.
2025-04-14T18:06:25.0454383Z                 Types of property 'data' are incompatible.
2025-04-14T18:06:25.0455104Z                   Type 'Record<string, unknown>' is missing the following properties from type 'CustomNodeData': blockType, blockCosts, title, description, and 8 more.
2025-04-14T18:06:25.0457142Z ##[error]src/components/ui/form.stories.tsx(143,9): error TS2353: Object literal may only specify known properties, and 'values' does not exist in type 'Subjects<FieldValues>'.
2025-04-14T18:06:25.0459268Z ##[error]src/components/ui/form.stories.tsx(292,9): error TS2353: Object literal may only specify known properties, and 'values' does not exist in type 'Subjects<FieldValues>'.
2025-04-14T18:06:25.0461185Z ##[error]src/components/ui/form.stories.tsx(487,9): error TS2353: Object literal may only specify known properties, and 'values' does not exist in type 'Subjects<FieldValues>'.
2025-04-14T18:06:25.1141154Z error Command failed with exit code 2.
2025-04-14T18:06:25.1142085Z info Visit https://yarnpkg.com/en/docs/cli/run for documentation about this command.
2025-04-14T18:06:25.1240093Z ##[error]Process completed with exit code 2.
2025-04-14T18:06:25.1339283Z Post job cleanup.
2025-04-14T18:06:25.2277039Z [command]/usr/bin/git version
2025-04-14T18:06:25.2314447Z git version 2.49.0
2025-04-14T18:06:25.2358772Z Temporarily overriding HOME='/home/runner/work/_temp/7918d767-dcb2-4e8a-b607-5be7cd08923f' before making global git config changes
2025-04-14T18:06:25.2360267Z Adding repository directory to the temporary git global config as a safe directory
2025-04-14T18:06:25.2372729Z [command]/usr/bin/git config --global --add safe.directory /home/runner/work/AutoGPT/AutoGPT
2025-04-14T18:06:25.2408685Z [command]/usr/bin/git config --local --name-only --get-regexp core\.sshCommand
2025-04-14T18:06:25.2444723Z [command]/usr/bin/git submodule foreach --recursive sh -c "git config --local --name-only --get-regexp 'core\.sshCommand' && git config --local --unset-all 'core.sshCommand' || :"
2025-04-14T18:06:25.2708760Z [command]/usr/bin/git config --local --name-only --get-regexp http\.https\:\/\/github\.com\/\.extraheader
2025-04-14T18:06:25.2732443Z http.https://github.com/.extraheader
2025-04-14T18:06:25.2750819Z [command]/usr/bin/git config --local --unset-all http.https://github.com/.extraheader
2025-04-14T18:06:25.2787976Z [command]/usr/bin/git submodule foreach --recursive sh -c "git config --local --name-only --get-regexp 'http\.https\:\/\/github\.com\/\.extraheader' && git config --local --unset-all 'http.https://github.com/.extraheader' || :"
2025-04-14T18:06:25.3142451Z Cleaning up orphan processes
