2025-03-21T22:36:42.6042387Z Requested labels: ubuntu-22.04
2025-03-21T22:36:42.6042790Z Job defined at: pixijs/pixijs/.github/workflows/pull-unit.yml@refs/pull/11345/merge
2025-03-21T22:36:42.6042872Z Waiting for a runner to pick up this job...
2025-03-21T22:36:42.9073946Z Job is waiting for a hosted runner to come online.
2025-03-21T22:36:45.9159963Z Job is about to start running on the hosted runner: GitHub Actions 2 (hosted)
2025-03-21T22:36:48.2823365Z Current runner version: '2.322.0'
2025-03-21T22:36:48.2849226Z ##[group]Operating System
2025-03-21T22:36:48.2850014Z Ubuntu
2025-03-21T22:36:48.2850638Z 22.04.5
2025-03-21T22:36:48.2851151Z LTS
2025-03-21T22:36:48.2851682Z ##[endgroup]
2025-03-21T22:36:48.2852208Z ##[group]Runner Image
2025-03-21T22:36:48.2852779Z Image: ubuntu-22.04
2025-03-21T22:36:48.2853344Z Version: 20250316.1.0
2025-03-21T22:36:48.2854537Z Included Software: https://github.com/actions/runner-images/blob/ubuntu22/20250316.1/images/ubuntu/Ubuntu2204-Readme.md
2025-03-21T22:36:48.2855902Z Image Release: https://github.com/actions/runner-images/releases/tag/ubuntu22%2F20250316.1
2025-03-21T22:36:48.2856891Z ##[endgroup]
2025-03-21T22:36:48.2857387Z ##[group]Runner Image Provisioner
2025-03-21T22:36:48.2857989Z 2.0.422.1
2025-03-21T22:36:48.2858539Z ##[endgroup]
2025-03-21T22:36:48.2860787Z ##[group]GITHUB_TOKEN Permissions
2025-03-21T22:36:48.2863366Z Actions: write
2025-03-21T22:36:48.2864281Z Attestations: write
2025-03-21T22:36:48.2865038Z Checks: write
2025-03-21T22:36:48.2865550Z Contents: write
2025-03-21T22:36:48.2866046Z Deployments: write
2025-03-21T22:36:48.2866650Z Discussions: write
2025-03-21T22:36:48.2867190Z Issues: write
2025-03-21T22:36:48.2867718Z Metadata: read
2025-03-21T22:36:48.2868233Z Models: read
2025-03-21T22:36:48.2868722Z Packages: write
2025-03-21T22:36:48.2869287Z Pages: write
2025-03-21T22:36:48.2869825Z PullRequests: write
2025-03-21T22:36:48.2870400Z RepositoryProjects: write
2025-03-21T22:36:48.2871024Z SecurityEvents: write
2025-03-21T22:36:48.2871526Z Statuses: write
2025-03-21T22:36:48.2872045Z ##[endgroup]
2025-03-21T22:36:48.2875621Z Secret source: Actions
2025-03-21T22:36:48.2876794Z Prepare workflow directory
2025-03-21T22:36:48.3188427Z Prepare all required actions
2025-03-21T22:36:48.3226066Z Getting action download info
2025-03-21T22:36:48.5179107Z Download action repository 'actions/checkout@v4' (SHA:11bd71901bbe5b1630ceea73d27597364c9af683)
2025-03-21T22:36:48.6708345Z Complete job name: build
2025-03-21T22:36:48.7451030Z ##[group]Run actions/checkout@v4
2025-03-21T22:36:48.7451882Z with:
2025-03-21T22:36:48.7452296Z   repository: pixijs/pixijs
2025-03-21T22:36:48.7452955Z   token: ***
2025-03-21T22:36:48.7453389Z   ssh-strict: true
2025-03-21T22:36:48.7453804Z   ssh-user: git
2025-03-21T22:36:48.7454389Z   persist-credentials: true
2025-03-21T22:36:48.7454863Z   clean: true
2025-03-21T22:36:48.7455277Z   sparse-checkout-cone-mode: true
2025-03-21T22:36:48.7455759Z   fetch-depth: 1
2025-03-21T22:36:48.7456159Z   fetch-tags: false
2025-03-21T22:36:48.7456571Z   show-progress: true
2025-03-21T22:36:48.7456994Z   lfs: false
2025-03-21T22:36:48.7457377Z   submodules: false
2025-03-21T22:36:48.7457799Z   set-safe-directory: true
2025-03-21T22:36:48.7458528Z ##[endgroup]
2025-03-21T22:36:48.9402449Z Syncing repository: pixijs/pixijs
2025-03-21T22:36:48.9404491Z ##[group]Getting Git version info
2025-03-21T22:36:48.9405221Z Working directory is '/home/runner/work/pixijs/pixijs'
2025-03-21T22:36:48.9406241Z [command]/usr/bin/git version
2025-03-21T22:36:48.9471623Z git version 2.48.1
2025-03-21T22:36:48.9499946Z ##[endgroup]
2025-03-21T22:36:48.9515954Z Temporarily overriding HOME='/home/runner/work/_temp/4e4e97d7-dc9d-427e-a841-6a0ef54fae8b' before making global git config changes
2025-03-21T22:36:48.9518386Z Adding repository directory to the temporary git global config as a safe directory
2025-03-21T22:36:48.9522533Z [command]/usr/bin/git config --global --add safe.directory /home/runner/work/pixijs/pixijs
2025-03-21T22:36:48.9557864Z Deleting the contents of '/home/runner/work/pixijs/pixijs'
2025-03-21T22:36:48.9562859Z ##[group]Initializing the repository
2025-03-21T22:36:48.9567734Z [command]/usr/bin/git init /home/runner/work/pixijs/pixijs
2025-03-21T22:36:48.9637573Z hint: Using 'master' as the name for the initial branch. This default branch name
2025-03-21T22:36:48.9639003Z hint: is subject to change. To configure the initial branch name to use in all
2025-03-21T22:36:48.9639951Z hint: of your new repositories, which will suppress this warning, call:
2025-03-21T22:36:48.9641022Z hint:
2025-03-21T22:36:48.9641517Z hint: 	git config --global init.defaultBranch <name>
2025-03-21T22:36:48.9642082Z hint:
2025-03-21T22:36:48.9642936Z hint: Names commonly chosen instead of 'master' are 'main', 'trunk' and
2025-03-21T22:36:48.9644506Z hint: 'development'. The just-created branch can be renamed via this command:
2025-03-21T22:36:48.9645534Z hint:
2025-03-21T22:36:48.9646263Z hint: 	git branch -m <name>
2025-03-21T22:36:48.9647602Z Initialized empty Git repository in /home/runner/work/pixijs/pixijs/.git/
2025-03-21T22:36:48.9657434Z [command]/usr/bin/git remote add origin https://github.com/pixijs/pixijs
2025-03-21T22:36:48.9690284Z ##[endgroup]
2025-03-21T22:36:48.9691510Z ##[group]Disabling automatic garbage collection
2025-03-21T22:36:48.9695284Z [command]/usr/bin/git config --local gc.auto 0
2025-03-21T22:36:48.9724414Z ##[endgroup]
2025-03-21T22:36:48.9725682Z ##[group]Setting up auth
2025-03-21T22:36:48.9731895Z [command]/usr/bin/git config --local --name-only --get-regexp core\.sshCommand
2025-03-21T22:36:48.9762050Z [command]/usr/bin/git submodule foreach --recursive sh -c "git config --local --name-only --get-regexp 'core\.sshCommand' && git config --local --unset-all 'core.sshCommand' || :"
2025-03-21T22:36:49.0060471Z [command]/usr/bin/git config --local --name-only --get-regexp http\.https\:\/\/github\.com\/\.extraheader
2025-03-21T22:36:49.0090972Z [command]/usr/bin/git submodule foreach --recursive sh -c "git config --local --name-only --get-regexp 'http\.https\:\/\/github\.com\/\.extraheader' && git config --local --unset-all 'http.https://github.com/.extraheader' || :"
2025-03-21T22:36:49.0319759Z [command]/usr/bin/git config --local http.https://github.com/.extraheader AUTHORIZATION: basic ***
2025-03-21T22:36:49.0360061Z ##[endgroup]
2025-03-21T22:36:49.0360862Z ##[group]Fetching the repository
2025-03-21T22:36:49.0369277Z [command]/usr/bin/git -c protocol.version=2 fetch --no-tags --prune --no-recurse-submodules --depth=1 origin +5e1c748176e45562c9daf0e925f153d43560d010:refs/remotes/pull/11345/merge
2025-03-21T22:36:49.9279741Z From https://github.com/pixijs/pixijs
2025-03-21T22:36:49.9280781Z  * [new ref]         5e1c748176e45562c9daf0e925f153d43560d010 -> pull/11345/merge
2025-03-21T22:36:49.9305217Z ##[endgroup]
2025-03-21T22:36:49.9306053Z ##[group]Determining the checkout info
2025-03-21T22:36:49.9307506Z ##[endgroup]
2025-03-21T22:36:49.9312726Z [command]/usr/bin/git sparse-checkout disable
2025-03-21T22:36:49.9352746Z [command]/usr/bin/git config --local --unset-all extensions.worktreeConfig
2025-03-21T22:36:49.9380914Z ##[group]Checking out the ref
2025-03-21T22:36:49.9383920Z [command]/usr/bin/git checkout --progress --force refs/remotes/pull/11345/merge
2025-03-21T22:36:50.0437225Z Note: switching to 'refs/remotes/pull/11345/merge'.
2025-03-21T22:36:50.0438346Z 
2025-03-21T22:36:50.0439189Z You are in 'detached HEAD' state. You can look around, make experimental
2025-03-21T22:36:50.0441326Z changes and commit them, and you can discard any commits you make in this
2025-03-21T22:36:50.0443451Z state without impacting any branches by switching back to a branch.
2025-03-21T22:36:50.0444605Z 
2025-03-21T22:36:50.0445143Z If you want to create a new branch to retain commits you create, you may
2025-03-21T22:36:50.0446354Z do so (now or later) by using -c with the switch command. Example:
2025-03-21T22:36:50.0447070Z 
2025-03-21T22:36:50.0447541Z   git switch -c <new-branch-name>
2025-03-21T22:36:50.0448422Z 
2025-03-21T22:36:50.0448751Z Or undo this operation with:
2025-03-21T22:36:50.0449250Z 
2025-03-21T22:36:50.0449531Z   git switch -
2025-03-21T22:36:50.0450008Z 
2025-03-21T22:36:50.0450641Z Turn off this advice by setting config variable advice.detachedHead to false
2025-03-21T22:36:50.0451549Z 
2025-03-21T22:36:50.0452800Z HEAD is now at 5e1c748 Merge 67256c335dc25a99686b67b055898a1dbc34477a into 58321a2774886b911b49155d982601c49f2a2629
2025-03-21T22:36:50.0456278Z ##[endgroup]
2025-03-21T22:36:50.0486727Z [command]/usr/bin/git log -1 --format=%H
2025-03-21T22:36:50.0509280Z 5e1c748176e45562c9daf0e925f153d43560d010
2025-03-21T22:36:50.0841882Z Prepare all required actions
2025-03-21T22:36:50.0843383Z Getting action download info
2025-03-21T22:36:50.2599329Z Download action repository 'actions/setup-node@v4' (SHA:cdca7365b2dadb8aad0a33bc7601856ffabcc48e)
2025-03-21T22:36:50.8201065Z Download action repository 'actions/cache@v4' (SHA:5a3ec84eff668545956fd18022155c47e93e2684)
2025-03-21T22:36:51.3994319Z ##[group]Run ./.github/actions/setup
2025-03-21T22:36:51.3995372Z with:
2025-03-21T22:36:51.3996115Z   node-version: 20
2025-03-21T22:36:51.3996956Z   npm-version: 8
2025-03-21T22:36:51.3997765Z ##[endgroup]
2025-03-21T22:36:51.4176315Z ##[group]Run actions/setup-node@v4
2025-03-21T22:36:51.4177283Z with:
2025-03-21T22:36:51.4177986Z   node-version: 20
2025-03-21T22:36:51.4178870Z   registry-url: https://registry.npmjs.org
2025-03-21T22:36:51.4179918Z   always-auth: false
2025-03-21T22:36:51.4180721Z   check-latest: false
2025-03-21T22:36:51.4181792Z   token: ***
2025-03-21T22:36:51.4182521Z ##[endgroup]
2025-03-21T22:36:51.5935325Z Found in cache @ /opt/hostedtoolcache/node/20.19.0/x64
2025-03-21T22:36:51.5942584Z ##[group]Environment details
2025-03-21T22:36:51.9053399Z node: v20.19.0
2025-03-21T22:36:51.9054041Z npm: 10.8.2
2025-03-21T22:36:51.9055094Z yarn: 1.22.22
2025-03-21T22:36:51.9056297Z ##[endgroup]
2025-03-21T22:36:51.9204400Z ##[group]Run npm install -g npm@8
2025-03-21T22:36:51.9204876Z [36;1mnpm install -g npm@8[0m
2025-03-21T22:36:51.9338671Z shell: /usr/bin/bash --noprofile --norc -e -o pipefail {0}
2025-03-21T22:36:51.9339166Z env:
2025-03-21T22:36:51.9339515Z   NPM_CONFIG_USERCONFIG: /home/runner/work/_temp/.npmrc
2025-03-21T22:36:51.9339965Z   NODE_AUTH_TOKEN: XXXXX-XXXXX-XXXXX-XXXXX
2025-03-21T22:36:51.9340347Z ##[endgroup]
2025-03-21T22:36:54.8884551Z 
2025-03-21T22:36:54.8892336Z removed 54 packages, and changed 101 packages in 3s
2025-03-21T22:36:54.8896300Z 
2025-03-21T22:36:54.8898086Z 11 packages are looking for funding
2025-03-21T22:36:54.8900875Z   run `npm fund` for details
2025-03-21T22:36:55.2279840Z ##[group]Run actions/cache@v4
2025-03-21T22:36:55.2280076Z with:
2025-03-21T22:36:55.2280253Z   path: node_modules
2025-03-21T22:36:55.2280648Z   key: Linux-node-modules-bf32c163cb712155c8c90c0fed33cbb87b349ce9483520f1516d2f66d6b63e96
2025-03-21T22:36:55.2281096Z   restore-keys: Linux-node-modules-

2025-03-21T22:36:55.2281355Z   enableCrossOsArchive: false
2025-03-21T22:36:55.2281587Z   fail-on-cache-miss: false
2025-03-21T22:36:55.2281803Z   lookup-only: false
2025-03-21T22:36:55.2281993Z   save-always: false
2025-03-21T22:36:55.2282172Z env:
2025-03-21T22:36:55.2282400Z   NPM_CONFIG_USERCONFIG: /home/runner/work/_temp/.npmrc
2025-03-21T22:36:55.2282752Z   NODE_AUTH_TOKEN: XXXXX-XXXXX-XXXXX-XXXXX
2025-03-21T22:36:55.2283009Z ##[endgroup]
2025-03-21T22:36:55.6743723Z Cache hit for: Linux-node-modules-bf32c163cb712155c8c90c0fed33cbb87b349ce9483520f1516d2f66d6b63e96
2025-03-21T22:36:56.9421286Z Received 4194304 of 150071921 (2.8%), 4.0 MBs/sec
2025-03-21T22:36:57.9685065Z Received 134217728 of 150071921 (89.4%), 63.2 MBs/sec
2025-03-21T22:36:58.3028665Z Received 150071921 of 150071921 (100.0%), 60.6 MBs/sec
2025-03-21T22:36:58.3031741Z Cache Size: ~143 MB (150071921 B)
2025-03-21T22:36:58.3075488Z [command]/usr/bin/tar -xf /home/runner/work/_temp/f281af95-6611-46b1-9136-14a45a855689/cache.tzst -P -C /home/runner/work/pixijs/pixijs --use-compress-program unzstd
2025-03-21T22:37:00.0045433Z Cache restored successfully
2025-03-21T22:37:00.2374931Z Cache restored from key: Linux-node-modules-bf32c163cb712155c8c90c0fed33cbb87b349ce9483520f1516d2f66d6b63e96
2025-03-21T22:37:00.2514475Z Prepare all required actions
2025-03-21T22:37:00.2534402Z ##[group]Run ./.github/actions/lint
2025-03-21T22:37:00.2534662Z env:
2025-03-21T22:37:00.2534902Z   NPM_CONFIG_USERCONFIG: /home/runner/work/_temp/.npmrc
2025-03-21T22:37:00.2535224Z   NODE_AUTH_TOKEN: XXXXX-XXXXX-XXXXX-XXXXX
2025-03-21T22:37:00.2535482Z ##[endgroup]
2025-03-21T22:37:00.2549884Z ##[group]Run npm run ci:lint
2025-03-21T22:37:00.2550152Z [36;1mnpm run ci:lint[0m
2025-03-21T22:37:00.2611431Z shell: /usr/bin/bash --noprofile --norc -e -o pipefail {0}
2025-03-21T22:37:00.2611749Z env:
2025-03-21T22:37:00.2611982Z   NPM_CONFIG_USERCONFIG: /home/runner/work/_temp/.npmrc
2025-03-21T22:37:00.2612302Z   NODE_AUTH_TOKEN: XXXXX-XXXXX-XXXXX-XXXXX
2025-03-21T22:37:00.2612560Z ##[endgroup]
2025-03-21T22:37:00.4946420Z 
2025-03-21T22:37:00.4947445Z > pixi.js@8.9.0 ci:lint
2025-03-21T22:37:00.4948360Z > run-s lint test:types test:index prune
2025-03-21T22:37:00.4949652Z 
2025-03-21T22:37:00.8344738Z 
2025-03-21T22:37:00.8345716Z > pixi.js@8.9.0 lint
2025-03-21T22:37:00.8346478Z > eslint ./ --cache --max-warnings 0
2025-03-21T22:37:00.8346863Z 
2025-03-21T22:37:34.7477855Z 
2025-03-21T22:37:34.7480551Z > pixi.js@8.9.0 test:types
2025-03-21T22:37:34.7481075Z > tsc --noEmit
2025-03-21T22:37:34.7481303Z 
2025-03-21T22:37:41.4845771Z ##[error]src/scene/text-html/HTMLTextSystem.ts(71,42): error TS2345: Argument of type 'HTMLTextOptions' is not assignable to parameter of type '{ text: string; style: HTMLTextStyle; resolution: number; }'.
2025-03-21T22:37:41.4846766Z   Types of property 'text' are incompatible.
2025-03-21T22:37:41.4847160Z     Type 'TextString' is not assignable to type 'string'.
2025-03-21T22:37:41.4847547Z       Type 'number' is not assignable to type 'string'.
2025-03-21T22:37:41.5290776Z ERROR: "test:types" exited with 2.
2025-03-21T22:37:41.5389402Z ##[error]Process completed with exit code 1.
2025-03-21T22:37:41.5449609Z Post job cleanup.
2025-03-21T22:37:41.5499575Z Post job cleanup.
2025-03-21T22:37:41.6446907Z [command]/usr/bin/git version
2025-03-21T22:37:41.6483243Z git version 2.48.1
2025-03-21T22:37:41.6532585Z Temporarily overriding HOME='/home/runner/work/_temp/aa3abff0-d42c-4c54-8b62-3c5d75d448c9' before making global git config changes
2025-03-21T22:37:41.6533640Z Adding repository directory to the temporary git global config as a safe directory
2025-03-21T22:37:41.6537955Z [command]/usr/bin/git config --global --add safe.directory /home/runner/work/pixijs/pixijs
2025-03-21T22:37:41.6570986Z [command]/usr/bin/git config --local --name-only --get-regexp core\.sshCommand
2025-03-21T22:37:41.6602949Z [command]/usr/bin/git submodule foreach --recursive sh -c "git config --local --name-only --get-regexp 'core\.sshCommand' && git config --local --unset-all 'core.sshCommand' || :"
2025-03-21T22:37:41.6834445Z [command]/usr/bin/git config --local --name-only --get-regexp http\.https\:\/\/github\.com\/\.extraheader
2025-03-21T22:37:41.6858345Z http.https://github.com/.extraheader
2025-03-21T22:37:41.6871862Z [command]/usr/bin/git config --local --unset-all http.https://github.com/.extraheader
2025-03-21T22:37:41.6906396Z [command]/usr/bin/git submodule foreach --recursive sh -c "git config --local --name-only --get-regexp 'http\.https\:\/\/github\.com\/\.extraheader' && git config --local --unset-all 'http.https://github.com/.extraheader' || :"
2025-03-21T22:37:41.7275487Z Cleaning up orphan processes
