2025-04-15T08:04:24.2299046Z Requested labels: ubuntu-22.04
2025-04-15T08:04:24.2300180Z Job defined at: microsoft/playwright/.github/workflows/tests_primary.yml@refs/pull/35613/merge
2025-04-15T08:04:24.2300360Z Waiting for a runner to pick up this job...
2025-04-15T08:04:25.6898306Z Job is waiting for a hosted runner to come online.
2025-04-15T08:04:28.2527359Z Job is about to start running on the hosted runner: GitHub Actions 453 (hosted)
2025-04-15T08:04:30.7614144Z Current runner version: '2.323.0'
2025-04-15T08:04:30.7639605Z ##[group]Operating System
2025-04-15T08:04:30.7640384Z Ubuntu
2025-04-15T08:04:30.7640987Z 22.04.5
2025-04-15T08:04:30.7641485Z LTS
2025-04-15T08:04:30.7641921Z ##[endgroup]
2025-04-15T08:04:30.7642508Z ##[group]Runner Image
2025-04-15T08:04:30.7643069Z Image: ubuntu-22.04
2025-04-15T08:04:30.7643577Z Version: 20250406.1.0
2025-04-15T08:04:30.7644678Z Included Software: https://github.com/actions/runner-images/blob/ubuntu22/20250406.1/images/ubuntu/Ubuntu2204-Readme.md
2025-04-15T08:04:30.7646214Z Image Release: https://github.com/actions/runner-images/releases/tag/ubuntu22%2F20250406.1
2025-04-15T08:04:30.7647065Z ##[endgroup]
2025-04-15T08:04:30.7647697Z ##[group]Runner Image Provisioner
2025-04-15T08:04:30.7648294Z 2.0.422.1
2025-04-15T08:04:30.7648821Z ##[endgroup]
2025-04-15T08:04:30.7649834Z ##[group]GITHUB_TOKEN Permissions
2025-04-15T08:04:30.7651588Z Contents: read
2025-04-15T08:04:30.7652267Z Metadata: read
2025-04-15T08:04:30.7652933Z ##[endgroup]
2025-04-15T08:04:30.7656162Z Secret source: None
2025-04-15T08:04:30.7656831Z Prepare workflow directory
2025-04-15T08:04:30.8021111Z Prepare all required actions
2025-04-15T08:04:30.8058178Z Getting action download info
2025-04-15T08:04:31.0394236Z ##[group]Download immutable action package 'actions/checkout@v4'
2025-04-15T08:04:31.0395121Z Version: 4.2.2
2025-04-15T08:04:31.0396153Z Digest: sha256:ccb2698953eaebd21c7bf6268a94f9c26518a7e38e27e0b83c1fe1ad049819b1
2025-04-15T08:04:31.0397166Z Source commit SHA: 11bd71901bbe5b1630ceea73d27597364c9af683
2025-04-15T08:04:31.0397794Z ##[endgroup]
2025-04-15T08:04:31.1842585Z Complete job name: ubuntu-22.04 (chromium tip-of-tree)
2025-04-15T08:04:31.2551284Z ##[group]Run actions/checkout@v4
2025-04-15T08:04:31.2552128Z with:
2025-04-15T08:04:31.2552545Z   repository: microsoft/playwright
2025-04-15T08:04:31.2553222Z   token: ***
2025-04-15T08:04:31.2553618Z   ssh-strict: true
2025-04-15T08:04:31.2554026Z   ssh-user: git
2025-04-15T08:04:31.2554450Z   persist-credentials: true
2025-04-15T08:04:31.2554995Z   clean: true
2025-04-15T08:04:31.2555741Z   sparse-checkout-cone-mode: true
2025-04-15T08:04:31.2556246Z   fetch-depth: 1
2025-04-15T08:04:31.2556648Z   fetch-tags: false
2025-04-15T08:04:31.2557058Z   show-progress: true
2025-04-15T08:04:31.2557476Z   lfs: false
2025-04-15T08:04:31.2557853Z   submodules: false
2025-04-15T08:04:31.2558263Z   set-safe-directory: true
2025-04-15T08:04:31.2558996Z env:
2025-04-15T08:04:31.2559372Z   FORCE_COLOR: 1
2025-04-15T08:04:31.2559789Z   ELECTRON_SKIP_BINARY_DOWNLOAD: 1
2025-04-15T08:04:31.2560290Z   DEBUG_GIT_COMMIT_INFO: 1
2025-04-15T08:04:31.2560731Z ##[endgroup]
2025-04-15T08:04:31.4485797Z Syncing repository: microsoft/playwright
2025-04-15T08:04:31.4487559Z ##[group]Getting Git version info
2025-04-15T08:04:31.4488289Z Working directory is '/home/runner/work/playwright/playwright'
2025-04-15T08:04:31.4489332Z [command]/usr/bin/git version
2025-04-15T08:04:31.4546752Z git version 2.49.0
2025-04-15T08:04:31.4575481Z ##[endgroup]
2025-04-15T08:04:31.4590865Z Temporarily overriding HOME='/home/runner/work/_temp/8b928078-04ee-4c45-83a1-37ba93da9ffa' before making global git config changes
2025-04-15T08:04:31.4593258Z Adding repository directory to the temporary git global config as a safe directory
2025-04-15T08:04:31.4597321Z [command]/usr/bin/git config --global --add safe.directory /home/runner/work/playwright/playwright
2025-04-15T08:04:31.4629247Z Deleting the contents of '/home/runner/work/playwright/playwright'
2025-04-15T08:04:31.4632555Z ##[group]Initializing the repository
2025-04-15T08:04:31.4637132Z [command]/usr/bin/git init /home/runner/work/playwright/playwright
2025-04-15T08:04:31.4697019Z hint: Using 'master' as the name for the initial branch. This default branch name
2025-04-15T08:04:31.4698427Z hint: is subject to change. To configure the initial branch name to use in all
2025-04-15T08:04:31.4699979Z hint: of your new repositories, which will suppress this warning, call:
2025-04-15T08:04:31.4701169Z hint:
2025-04-15T08:04:31.4702216Z hint: 	git config --global init.defaultBranch <name>
2025-04-15T08:04:31.4703171Z hint:
2025-04-15T08:04:31.4703826Z hint: Names commonly chosen instead of 'master' are 'main', 'trunk' and
2025-04-15T08:04:31.4704725Z hint: 'development'. The just-created branch can be renamed via this command:
2025-04-15T08:04:31.4705619Z hint:
2025-04-15T08:04:31.4706027Z hint: 	git branch -m <name>
2025-04-15T08:04:31.4706764Z Initialized empty Git repository in /home/runner/work/playwright/playwright/.git/
2025-04-15T08:04:31.4712916Z [command]/usr/bin/git remote add origin https://github.com/microsoft/playwright
2025-04-15T08:04:31.4743928Z ##[endgroup]
2025-04-15T08:04:31.4744674Z ##[group]Disabling automatic garbage collection
2025-04-15T08:04:31.4748206Z [command]/usr/bin/git config --local gc.auto 0
2025-04-15T08:04:31.4777195Z ##[endgroup]
2025-04-15T08:04:31.4778429Z ##[group]Setting up auth
2025-04-15T08:04:31.4784643Z [command]/usr/bin/git config --local --name-only --get-regexp core\.sshCommand
2025-04-15T08:04:31.4814953Z [command]/usr/bin/git submodule foreach --recursive sh -c "git config --local --name-only --get-regexp 'core\.sshCommand' && git config --local --unset-all 'core.sshCommand' || :"
2025-04-15T08:04:31.5082826Z [command]/usr/bin/git config --local --name-only --get-regexp http\.https\:\/\/github\.com\/\.extraheader
2025-04-15T08:04:31.5112694Z [command]/usr/bin/git submodule foreach --recursive sh -c "git config --local --name-only --get-regexp 'http\.https\:\/\/github\.com\/\.extraheader' && git config --local --unset-all 'http.https://github.com/.extraheader' || :"
2025-04-15T08:04:31.5331866Z [command]/usr/bin/git config --local http.https://github.com/.extraheader AUTHORIZATION: basic ***
2025-04-15T08:04:31.5368832Z ##[endgroup]
2025-04-15T08:04:31.5377806Z ##[group]Fetching the repository
2025-04-15T08:04:31.5379225Z [command]/usr/bin/git -c protocol.version=2 fetch --no-tags --prune --no-recurse-submodules --depth=1 origin +12bc1eec7085aac1b1b6aa2fb107f00fbf8d281d:refs/remotes/pull/35613/merge
2025-04-15T08:04:32.5344071Z From https://github.com/microsoft/playwright
2025-04-15T08:04:32.5346512Z  * [new ref]         12bc1eec7085aac1b1b6aa2fb107f00fbf8d281d -> pull/35613/merge
2025-04-15T08:04:32.5389310Z ##[endgroup]
2025-04-15T08:04:32.5390707Z ##[group]Determining the checkout info
2025-04-15T08:04:32.5392193Z ##[endgroup]
2025-04-15T08:04:32.5397636Z [command]/usr/bin/git sparse-checkout disable
2025-04-15T08:04:32.5438495Z [command]/usr/bin/git config --local --unset-all extensions.worktreeConfig
2025-04-15T08:04:32.5467197Z ##[group]Checking out the ref
2025-04-15T08:04:32.5470625Z [command]/usr/bin/git checkout --progress --force refs/remotes/pull/35613/merge
2025-04-15T08:04:32.7710066Z Note: switching to 'refs/remotes/pull/35613/merge'.
2025-04-15T08:04:32.7711468Z 
2025-04-15T08:04:32.7712583Z You are in 'detached HEAD' state. You can look around, make experimental
2025-04-15T08:04:32.7715643Z changes and commit them, and you can discard any commits you make in this
2025-04-15T08:04:32.7718712Z state without impacting any branches by switching back to a branch.
2025-04-15T08:04:32.7720459Z 
2025-04-15T08:04:32.7721491Z If you want to create a new branch to retain commits you create, you may
2025-04-15T08:04:32.7724132Z do so (now or later) by using -c with the switch command. Example:
2025-04-15T08:04:32.7725853Z 
2025-04-15T08:04:32.7726407Z   git switch -c <new-branch-name>
2025-04-15T08:04:32.7727608Z 
2025-04-15T08:04:32.7728336Z Or undo this operation with:
2025-04-15T08:04:32.7729447Z 
2025-04-15T08:04:32.7730082Z   git switch -
2025-04-15T08:04:32.7730938Z 
2025-04-15T08:04:32.7732342Z Turn off this advice by setting config variable advice.detachedHead to false
2025-04-15T08:04:32.7734497Z 
2025-04-15T08:04:32.7737049Z HEAD is now at 12bc1ee Merge 475089c0111c519c26c9ecc319e93cc9ac0aef57 into 76ee48dc9d4034536e3ec5b2c7ce8be3b79418a8
2025-04-15T08:04:32.7743118Z ##[endgroup]
2025-04-15T08:04:32.7781434Z [command]/usr/bin/git log -1 --format=%H
2025-04-15T08:04:32.7804258Z 12bc1eec7085aac1b1b6aa2fb107f00fbf8d281d
2025-04-15T08:04:32.8236787Z Prepare all required actions
2025-04-15T08:04:32.8238132Z Getting action download info
2025-04-15T08:04:33.1179921Z ##[group]Download immutable action package 'actions/setup-node@v4'
2025-04-15T08:04:33.1180396Z Version: 4.4.0
2025-04-15T08:04:33.1180812Z Digest: sha256:9427cefe82346e992fb5b949e3569b39d537ae41aa3086483b14eceebfc16bc1
2025-04-15T08:04:33.1181358Z Source commit SHA: 49933ea5288caeca8642d1e84afbd3f7d6820020
2025-04-15T08:04:33.1181746Z ##[endgroup]
2025-04-15T08:04:33.4373894Z Download action repository 'azure/login@v2' (SHA:a457da9ea143d694b1b9c7c869ebb04ebe844ef5)
2025-04-15T08:04:33.8656280Z ##[group]Run ./.github/actions/run-test
2025-04-15T08:04:33.8656625Z with:
2025-04-15T08:04:33.8656899Z   browsers-to-install: chromium-tip-of-tree
2025-04-15T08:04:33.8657274Z   command: npm run test -- --project=chromium-*
2025-04-15T08:04:33.8657633Z   bot-name: ubuntu-22.04-chromium-tip-of-tree
2025-04-15T08:04:33.8657974Z   node-version: 18
2025-04-15T08:04:33.8658250Z   shell: bash
2025-04-15T08:04:33.8658462Z env:
2025-04-15T08:04:33.8658662Z   FORCE_COLOR: 1
2025-04-15T08:04:33.8658907Z   ELECTRON_SKIP_BINARY_DOWNLOAD: 1
2025-04-15T08:04:33.8659200Z   DEBUG_GIT_COMMIT_INFO: 1
2025-04-15T08:04:33.8659479Z   PWTEST_CHANNEL: chromium-tip-of-tree
2025-04-15T08:04:33.8659770Z ##[endgroup]
2025-04-15T08:04:33.8790080Z ##[group]Run actions/setup-node@v4
2025-04-15T08:04:33.8790395Z with:
2025-04-15T08:04:33.8790640Z   node-version: 18
2025-04-15T08:04:33.8790879Z   always-auth: false
2025-04-15T08:04:33.8791123Z   check-latest: false
2025-04-15T08:04:33.8791493Z   token: ***
2025-04-15T08:04:33.8791710Z env:
2025-04-15T08:04:33.8791921Z   FORCE_COLOR: 1
2025-04-15T08:04:33.8792172Z   ELECTRON_SKIP_BINARY_DOWNLOAD: 1
2025-04-15T08:04:33.8792470Z   DEBUG_GIT_COMMIT_INFO: 1
2025-04-15T08:04:33.8792755Z   PWTEST_CHANNEL: chromium-tip-of-tree
2025-04-15T08:04:33.8793044Z ##[endgroup]
2025-04-15T08:04:34.0487626Z Found in cache @ /opt/hostedtoolcache/node/18.20.8/x64
2025-04-15T08:04:34.0493797Z ##[group]Environment details
2025-04-15T08:04:37.4728362Z node: v18.20.8
2025-04-15T08:04:37.4728958Z npm: 10.8.2
2025-04-15T08:04:37.4729462Z yarn: 1.22.22
2025-04-15T08:04:37.4730385Z ##[endgroup]
2025-04-15T08:04:37.4828821Z Prepare all required actions
2025-04-15T08:04:37.4865019Z ##[group]Run ./.github/actions/enable-microphone-access
2025-04-15T08:04:37.4865531Z env:
2025-04-15T08:04:37.4865704Z   FORCE_COLOR: 1
2025-04-15T08:04:37.4865906Z   ELECTRON_SKIP_BINARY_DOWNLOAD: 1
2025-04-15T08:04:37.4866147Z   DEBUG_GIT_COMMIT_INFO: 1
2025-04-15T08:04:37.4866375Z   PWTEST_CHANNEL: chromium-tip-of-tree
2025-04-15T08:04:37.4866611Z ##[endgroup]
2025-04-15T08:04:37.4900866Z ##[group]Run if [[ "$(uname)" != "Darwin" ]]; then
2025-04-15T08:04:37.4901247Z [36;1mif [[ "$(uname)" != "Darwin" ]]; then[0m
2025-04-15T08:04:37.4901533Z [36;1m  echo "Not macOS, exiting"[0m
2025-04-15T08:04:37.4901768Z [36;1m  exit 0[0m
2025-04-15T08:04:37.4901971Z [36;1mfi[0m
2025-04-15T08:04:37.4902203Z [36;1mecho "Allowing microphone access to all apps"[0m
2025-04-15T08:04:37.4902557Z [36;1mversion=$(sw_vers -productVersion | cut -d. -f1)[0m
2025-04-15T08:04:37.4902905Z [36;1mif [[ "$version" == "14" || "$version" == "15" ]]; then[0m
2025-04-15T08:04:37.4903894Z [36;1m  sqlite3 $HOME/Library/Application\ Support/com.apple.TCC/TCC.db "INSERT OR IGNORE INTO access VALUES ('kTCCServiceMicrophone','/usr/local/opt/runner/provisioner/provisioner',1,2,4,1,NULL,NULL,0,'UNUSED',NULL,0,1687786159,NULL,NULL,'UNUSED',1687786159);"[0m
2025-04-15T08:04:37.4904901Z [36;1melif [[ "$version" == "12" || "$version" == "13" ]]; then[0m
2025-04-15T08:04:37.4905968Z [36;1m  sqlite3 $HOME/Library/Application\ Support/com.apple.TCC/TCC.db "INSERT OR REPLACE INTO access VALUES('kTCCServiceMicrophone','/usr/local/opt/runner/provisioner/provisioner',1,2,4,1,NULL,NULL,0,'UNUSED',NULL,0,1687786159);"[0m
2025-04-15T08:04:37.4906802Z [36;1melse[0m
2025-04-15T08:04:37.4907270Z [36;1m  echo "Skipping unsupported macOS version $version"[0m
2025-04-15T08:04:37.4907699Z [36;1m  exit 0[0m
2025-04-15T08:04:37.4907875Z [36;1mfi[0m
2025-04-15T08:04:37.4908092Z [36;1mecho "Successfully allowed microphone access"[0m
2025-04-15T08:04:37.5002058Z shell: /usr/bin/bash --noprofile --norc -e -o pipefail {0}
2025-04-15T08:04:37.5002394Z env:
2025-04-15T08:04:37.5002599Z   FORCE_COLOR: 1
2025-04-15T08:04:37.5002801Z   ELECTRON_SKIP_BINARY_DOWNLOAD: 1
2025-04-15T08:04:37.5003038Z   DEBUG_GIT_COMMIT_INFO: 1
2025-04-15T08:04:37.5003263Z   PWTEST_CHANNEL: chromium-tip-of-tree
2025-04-15T08:04:37.5003514Z ##[endgroup]
2025-04-15T08:04:37.5115395Z Not macOS, exiting
2025-04-15T08:04:37.5151932Z ##[group]Run echo "::group::npm ci"
2025-04-15T08:04:37.5152218Z [36;1mecho "::group::npm ci"[0m
2025-04-15T08:04:37.5152442Z [36;1mnpm ci[0m
2025-04-15T08:04:37.5152632Z [36;1mecho "::endgroup::"[0m
2025-04-15T08:04:37.5203047Z shell: /usr/bin/bash --noprofile --norc -e -o pipefail {0}
2025-04-15T08:04:37.5203379Z env:
2025-04-15T08:04:37.5203558Z   FORCE_COLOR: 1
2025-04-15T08:04:37.5203758Z   ELECTRON_SKIP_BINARY_DOWNLOAD: 1
2025-04-15T08:04:37.5203998Z   DEBUG_GIT_COMMIT_INFO: 1
2025-04-15T08:04:37.5204225Z   PWTEST_CHANNEL: chromium-tip-of-tree
2025-04-15T08:04:37.5204472Z ##[endgroup]
2025-04-15T08:04:37.5276138Z ##[group]npm ci
2025-04-15T08:04:41.6767584Z npm warn deprecated xterm-addon-fit@0.7.0: This package is now deprecated. Move to @xterm/addon-fit instead.
2025-04-15T08:04:42.0716702Z npm warn deprecated readdir-scoped-modules@1.1.0: This functionality has been moved to @npmcli/fs
2025-04-15T08:04:42.1489007Z npm warn deprecated read-package-json@2.1.2: This package is no longer supported. Please use @npmcli/package-json instead.
2025-04-15T08:04:42.2533108Z npm warn deprecated osenv@0.1.5: This package is no longer supported.
2025-04-15T08:04:42.6530081Z npm warn deprecated read-installed@4.0.3: This package is no longer supported.
2025-04-15T08:04:42.6839640Z npm warn deprecated glob@7.2.3: Glob versions prior to v9 are no longer supported
2025-04-15T08:04:42.7161390Z npm warn deprecated inflight@1.0.6: This module is not supported, and leaks memory. Do not use it. Check out lru-cache if you want a good and tested way to coalesce async requests by a key value, which is much more comprehensive and powerful.
2025-04-15T08:04:43.0706094Z npm warn deprecated debuglog@1.0.1: Package no longer supported. Contact Support at https://www.npmjs.com/support for more info.
2025-04-15T08:04:43.3245165Z npm warn deprecated @types/immutable@3.8.7: This is a stub types definition for Facebook's Immutable (https://github.com/facebook/immutable-js). Facebook's Immutable provides its own type definitions, so you don't need @types/immutable installed!
2025-04-15T08:04:43.3597611Z npm warn deprecated boolean@3.2.0: Package no longer supported. Contact Support at https://www.npmjs.com/support for more info.
2025-04-15T08:04:45.1663427Z npm warn deprecated xterm@5.3.0: This package is now deprecated. Move to @xterm/xterm instead.
2025-04-15T08:04:52.9219985Z 
2025-04-15T08:04:52.9220739Z added 557 packages, and audited 580 packages in 15s
2025-04-15T08:04:52.9221154Z 
2025-04-15T08:04:52.9221389Z 147 packages are looking for funding
2025-04-15T08:04:52.9221846Z   run `npm fund` for details
2025-04-15T08:04:52.9364519Z 
2025-04-15T08:04:52.9364884Z 2 moderate severity vulnerabilities
2025-04-15T08:04:52.9365128Z 
2025-04-15T08:04:52.9365433Z To address all issues, run:
2025-04-15T08:04:52.9365692Z   npm audit fix
2025-04-15T08:04:52.9365810Z 
2025-04-15T08:04:52.9365935Z Run `npm audit` for details.
2025-04-15T08:04:52.9611661Z ##[endgroup]
2025-04-15T08:04:52.9636316Z ##[group]Run echo "::group::npm run build"
2025-04-15T08:04:52.9636625Z [36;1mecho "::group::npm run build"[0m
2025-04-15T08:04:52.9636864Z [36;1mnpm run build[0m
2025-04-15T08:04:52.9637070Z [36;1mecho "::endgroup::"[0m
2025-04-15T08:04:52.9689922Z shell: /usr/bin/bash --noprofile --norc -e -o pipefail {0}
2025-04-15T08:04:52.9690238Z env:
2025-04-15T08:04:52.9690595Z   FORCE_COLOR: 1
2025-04-15T08:04:52.9690933Z   ELECTRON_SKIP_BINARY_DOWNLOAD: 1
2025-04-15T08:04:52.9691172Z   DEBUG_GIT_COMMIT_INFO: 1
2025-04-15T08:04:52.9691399Z   PWTEST_CHANNEL: chromium-tip-of-tree
2025-04-15T08:04:52.9691643Z ##[endgroup]
2025-04-15T08:04:52.9763825Z ##[group]npm run build
2025-04-15T08:04:53.1447786Z 
2025-04-15T08:04:53.1448310Z > playwright-internal@1.52.0-next build
2025-04-15T08:04:53.1448709Z > node utils/build/build.js
2025-04-15T08:04:53.1448895Z 
2025-04-15T08:04:53.3133203Z ==== Running npm ci --save=false --fund=false --audit=false in /home/runner/work/playwright/playwright/tests/playwright-test/stable-test-runner
2025-04-15T08:04:54.0363226Z 
2025-04-15T08:04:54.0363829Z added 3 packages in 653ms
2025-04-15T08:04:54.0449211Z ==== Running npm ci --save=false --fund=false --audit=false --omit=optional in /home/runner/work/playwright/playwright/packages/playwright/bundles/babel
2025-04-15T08:04:55.2858449Z 
2025-04-15T08:04:55.2859080Z added 75 packages in 1s
2025-04-15T08:04:55.2989277Z ==== Running npm ci --save=false --fund=false --audit=false --omit=optional in /home/runner/work/playwright/playwright/packages/playwright/bundles/expect
2025-04-15T08:04:56.1527248Z 
2025-04-15T08:04:56.1527809Z added 51 packages in 779ms
2025-04-15T08:04:56.1685042Z ==== Running npm ci --save=false --fund=false --audit=false --omit=optional in /home/runner/work/playwright/playwright/packages/playwright/bundles/utils
2025-04-15T08:04:56.8608780Z 
2025-04-15T08:04:56.8609324Z added 26 packages in 627ms
2025-04-15T08:04:56.8694468Z ==== Running npm ci --save=false --fund=false --audit=false --omit=optional in /home/runner/work/playwright/playwright/packages/playwright-core/bundles/utils
2025-04-15T08:04:57.7901463Z 
2025-04-15T08:04:57.7902317Z added 45 packages in 852ms
2025-04-15T08:04:57.8000118Z ==== Running npm ci --save=false --fund=false --audit=false --omit=optional in /home/runner/work/playwright/playwright/packages/playwright-core/bundles/zip
2025-04-15T08:04:58.4199272Z 
2025-04-15T08:04:58.4199840Z added 16 packages in 552ms
2025-04-15T08:04:58.4274256Z ==== Running node /home/runner/work/playwright/playwright/utils/generate_third_party_notice.js in /home/runner/work/playwright/playwright
2025-04-15T08:05:02.5514668Z ==== Running node utils/generate_clip_paths.js in /home/runner/work/playwright/playwright
2025-04-15T08:05:02.6159090Z ==== Running node utils/generate_injected.js in /home/runner/work/playwright/playwright
2025-04-15T08:05:02.7327792Z ==== Running npx esbuild "/home/runner/work/playwright/playwright/packages/playwright/src/**/*.ts" --outdir="/home/runner/work/playwright/playwright/packages/playwright/lib" --platform=node --format=cjs in /home/runner/work/playwright/playwright
2025-04-15T08:05:03.1640164Z 
2025-04-15T08:05:03.1640884Z   packages/playwright/lib/index.js                     28.8kb
2025-04-15T08:05:03.1641685Z   packages/playwright/lib/reporters/html.js            23.7kb
2025-04-15T08:05:03.1642429Z   packages/playwright/lib/worker/workerMain.js         21.5kb
2025-04-15T08:05:03.1643199Z   packages/playwright/lib/reporters/base.js            21.1kb
2025-04-15T08:05:03.1643896Z   packages/playwright/lib/program.js                   20.4kb
2025-04-15T08:05:03.1644562Z   packages/playwright/lib/runner/testServer.js         20.2kb
2025-04-15T08:05:03.1645455Z   packages/playwright/lib/runner/dispatcher.js         18.4kb
2025-04-15T08:05:03.1646177Z   packages/playwright/lib/matchers/matchers.js         18.1kb
2025-04-15T08:05:03.1646937Z   packages/playwright/lib/matchers/toMatchSnapshot.js  18.0kb
2025-04-15T08:05:03.1647674Z   packages/playwright/lib/reporters/merge.js           17.8kb
2025-04-15T08:05:03.1648394Z   packages/playwright/lib/worker/testInfo.js           17.7kb
2025-04-15T08:05:03.1649126Z   packages/playwright/lib/common/configLoader.js       17.4kb
2025-04-15T08:05:03.1649839Z   packages/playwright/lib/runner/tasks.js              16.2kb
2025-04-15T08:05:03.1650549Z   packages/playwright/lib/runner/watchMode.js          15.5kb
2025-04-15T08:05:03.1651564Z   packages/playwright/lib/util.js                      15.1kb
2025-04-15T08:05:03.1652014Z   packages/playwright/lib/isomorphic/teleReceiver.js   14.7kb
2025-04-15T08:05:03.1652436Z   packages/playwright/lib/common/testType.js           14.1kb
2025-04-15T08:05:03.1652837Z   packages/playwright/lib/runner/loadUtils.js          14.0kb
2025-04-15T08:05:03.1653236Z   packages/playwright/lib/matchers/expect.js           13.4kb
2025-04-15T08:05:03.1653637Z   packages/playwright/lib/worker/testTracing.js        13.2kb
2025-04-15T08:05:03.1653978Z   ...and 73 more output files...
2025-04-15T08:05:03.1654135Z 
2025-04-15T08:05:03.1654441Z ⚡ Done in 39ms
2025-04-15T08:05:03.1741443Z ==== Running npx esbuild "/home/runner/work/playwright/playwright/packages/playwright-core/src/**/*.ts" --outdir="/home/runner/work/playwright/playwright/packages/playwright-core/lib" --platform=node --format=cjs in /home/runner/work/playwright/playwright
2025-04-15T08:05:03.6519512Z 
2025-04-15T08:05:03.6520554Z   packages/playwright-core/lib/generated/injectedScriptSource.js      273.8kb
2025-04-15T08:05:03.6521608Z   packages/playwright-core/lib/protocol/validator.js                  212.5kb
2025-04-15T08:05:03.6522620Z   packages/playwright-core/lib/generated/consoleApiSource.js           77.7kb
2025-04-15T08:05:03.6523554Z   packages/playwright-core/lib/server/frames.js                        64.7kb
2025-04-15T08:05:03.6524449Z   packages/playwright-core/lib/server/registry/index.js                62.8kb
2025-04-15T08:05:03.6525524Z   packages/playwright-core/lib/generated/pollingRecorderSource.js      58.5kb
2025-04-15T08:05:03.6526407Z   packages/playwright-core/lib/server/webkit/wkPage.js                 49.6kb
2025-04-15T08:05:03.6527296Z   packages/playwright-core/lib/server/chromium/crPage.js               45.1kb
2025-04-15T08:05:03.6528220Z   packages/playwright-core/lib/server/dom.js                           36.4kb
2025-04-15T08:05:03.6529129Z   packages/playwright-core/lib/server/registry/nativeDeps.js           31.3kb
2025-04-15T08:05:03.6530058Z   packages/playwright-core/lib/server/page.js                          29.9kb
2025-04-15T08:05:03.6530998Z   packages/playwright-core/lib/server/chromium/crNetworkManager.js     29.8kb
2025-04-15T08:05:03.6531919Z   packages/playwright-core/lib/client/page.js                          28.3kb
2025-04-15T08:05:03.6532836Z   packages/playwright-core/lib/utils/isomorphic/cssTokenizer.js        26.2kb
2025-04-15T08:05:03.6533751Z   packages/playwright-core/lib/cli/program.js                          25.9kb
2025-04-15T08:05:03.6534651Z   packages/playwright-core/lib/server/fetch.js                         25.3kb
2025-04-15T08:05:03.6535704Z   packages/playwright-core/lib/server/browserContext.js                25.1kb
2025-04-15T08:05:03.6536658Z   packages/playwright-core/lib/utils/isomorphic/locatorGenerators.js   24.7kb
2025-04-15T08:05:03.6537548Z   packages/playwright-core/lib/client/network.js                       24.5kb
2025-04-15T08:05:03.6538365Z   packages/playwright-core/lib/server/har/harTracer.js                 23.7kb
2025-04-15T08:05:03.6539042Z   ...and 261 more output files...
2025-04-15T08:05:03.6539316Z 
2025-04-15T08:05:03.6539687Z ⚡ Done in 125ms
2025-04-15T08:05:03.6628460Z ==== Running npx esbuild "/home/runner/work/playwright/playwright/packages/playwright-dashboard/src/**/*.ts" --outdir="/home/runner/work/playwright/playwright/packages/playwright-dashboard/lib" --platform=node --format=cjs in /home/runner/work/playwright/playwright
2025-04-15T08:05:04.0262936Z 
2025-04-15T08:05:04.0263548Z   packages/playwright-dashboard/lib/markdownReporter.js     5.4kb
2025-04-15T08:05:04.0264137Z   packages/playwright-dashboard/lib/ghaMarkdownReporter.js  5.1kb
2025-04-15T08:05:04.0264424Z 
2025-04-15T08:05:04.0264721Z ⚡ Done in 2ms
2025-04-15T08:05:04.0357833Z ==== Running npx esbuild "/home/runner/work/playwright/playwright/packages/playwright-ct-core/src/**/*.ts" --outdir="/home/runner/work/playwright/playwright/packages/playwright-ct-core/lib" --platform=node --format=cjs in /home/runner/work/playwright/playwright
2025-04-15T08:05:04.3935667Z 
2025-04-15T08:05:04.3936423Z   packages/playwright-ct-core/lib/vitePlugin.js               9.9kb
2025-04-15T08:05:04.3937345Z   packages/playwright-ct-core/lib/viteUtils.js                7.2kb
2025-04-15T08:05:04.3938179Z   packages/playwright-ct-core/lib/tsxTransform.js             6.5kb
2025-04-15T08:05:04.3938989Z   packages/playwright-ct-core/lib/router.js                   6.1kb
2025-04-15T08:05:04.3939789Z   packages/playwright-ct-core/lib/generated/indexSource.js    4.4kb
2025-04-15T08:05:04.3940627Z   packages/playwright-ct-core/lib/devServer.js                4.3kb
2025-04-15T08:05:04.3941386Z   packages/playwright-ct-core/lib/mount.js                    4.3kb
2025-04-15T08:05:04.3941935Z   packages/playwright-ct-core/lib/injected/serializers.js     3.6kb
2025-04-15T08:05:04.3942419Z   packages/playwright-ct-core/lib/injected/importRegistry.js  2.1kb
2025-04-15T08:05:04.3942881Z   packages/playwright-ct-core/lib/program.js                  1.1kb
2025-04-15T08:05:04.3943335Z   packages/playwright-ct-core/lib/injected/index.js           312b 
2025-04-15T08:05:04.3943586Z 
2025-04-15T08:05:04.3943872Z ⚡ Done in 5ms
2025-04-15T08:05:04.4025857Z ==== Running npm run build in /home/runner/work/playwright/playwright/packages/playwright/bundles/babel
2025-04-15T08:05:04.5586775Z 
2025-04-15T08:05:04.5587231Z > babel-bundle@0.0.1 build
2025-04-15T08:05:04.5587745Z > npm run esbuild -- --minify
2025-04-15T08:05:04.5587954Z 
2025-04-15T08:05:04.7155590Z 
2025-04-15T08:05:04.7156097Z > babel-bundle@0.0.1 esbuild
2025-04-15T08:05:04.7157190Z > esbuild ./src/babelBundleImpl.ts --bundle --outdir=../../lib/transform --format=cjs --platform=node --target=ES2019 --external:playwright --minify
2025-04-15T08:05:04.7157815Z 
2025-04-15T08:05:04.8255109Z 
2025-04-15T08:05:04.8257010Z   ../../lib/transform/babelBundleImpl.js  1.3mb ⚠️
2025-04-15T08:05:04.8257426Z 
2025-04-15T08:05:04.8257645Z ⚡ Done in 103ms
2025-04-15T08:05:04.8401554Z ==== Running npm run build in /home/runner/work/playwright/playwright/packages/playwright/bundles/expect
2025-04-15T08:05:04.9917930Z 
2025-04-15T08:05:04.9918436Z > expect-bundle@0.0.1 build
2025-04-15T08:05:04.9918907Z > npm run esbuild -- --minify
2025-04-15T08:05:04.9919092Z 
2025-04-15T08:05:05.1506526Z 
2025-04-15T08:05:05.1507035Z > expect-bundle@0.0.1 esbuild
2025-04-15T08:05:05.1508324Z > esbuild ./src/expectBundleImpl.ts --bundle --outdir=../../lib/common --format=cjs --platform=node --target=ES2019 --minify
2025-04-15T08:05:05.1509166Z 
2025-04-15T08:05:05.1910563Z 
2025-04-15T08:05:05.1912566Z   ../../lib/common/expectBundleImpl.js  249.6kb
2025-04-15T08:05:05.1912834Z 
2025-04-15T08:05:05.1913119Z ⚡ Done in 34ms
2025-04-15T08:05:05.2050641Z ==== Running npm run build in /home/runner/work/playwright/playwright/packages/playwright/bundles/utils
2025-04-15T08:05:05.3564384Z 
2025-04-15T08:05:05.3564877Z > utils-bundle@0.0.1 build
2025-04-15T08:05:05.3565642Z > npm run esbuild -- --minify
2025-04-15T08:05:05.3565874Z 
2025-04-15T08:05:05.5112533Z 
2025-04-15T08:05:05.5113135Z > utils-bundle@0.0.1 esbuild
2025-04-15T08:05:05.5113693Z > node build.js --minify
2025-04-15T08:05:05.5113970Z 
2025-04-15T08:05:05.6074588Z ==== Running npm run build in /home/runner/work/playwright/playwright/packages/playwright-core/bundles/utils
2025-04-15T08:05:05.7602310Z 
2025-04-15T08:05:05.7603172Z > utils-bundle@0.0.1 build
2025-04-15T08:05:05.7604888Z > npm run esbuild -- --minify
2025-04-15T08:05:05.7605368Z 
2025-04-15T08:05:05.9179284Z 
2025-04-15T08:05:05.9179879Z > utils-bundle@0.0.1 esbuild
2025-04-15T08:05:05.9180371Z > node build.js --minify
2025-04-15T08:05:05.9180600Z 
2025-04-15T08:05:06.0440051Z ==== Running npm run build in /home/runner/work/playwright/playwright/packages/playwright-core/bundles/zip
2025-04-15T08:05:06.1942397Z 
2025-04-15T08:05:06.1942927Z > zip-bundle@0.0.1 build
2025-04-15T08:05:06.1943452Z > npm run esbuild -- --minify
2025-04-15T08:05:06.1943761Z 
2025-04-15T08:05:06.3482790Z 
2025-04-15T08:05:06.3483549Z > zip-bundle@0.0.1 esbuild
2025-04-15T08:05:06.3484222Z > node build.js --minify
2025-04-15T08:05:06.3484470Z 
2025-04-15T08:05:06.4238155Z ==== Running npm run build in /home/runner/work/playwright/playwright/packages/playwright-client
2025-04-15T08:05:06.5854372Z 
2025-04-15T08:05:06.5854870Z > @playwright/client@0.0.0 build
2025-04-15T08:05:06.5855818Z > esbuild ./src/index.ts --outdir=lib --format=cjs --bundle --platform=node --target=ES2019
2025-04-15T08:05:06.5856213Z 
2025-04-15T08:05:06.6154168Z 
2025-04-15T08:05:06.6154655Z   lib/index.js  395.3kb
2025-04-15T08:05:06.6154942Z 
2025-04-15T08:05:06.6155474Z ⚡ Done in 24ms
2025-04-15T08:05:06.6229800Z ==== Running npx vite --config vite.sw.config.ts build in /home/runner/work/playwright/playwright/packages/trace-viewer
2025-04-15T08:05:07.1823929Z [36mvite v6.2.6 [32mbuilding for production...[36m[39m
2025-04-15T08:05:07.2302415Z transforming...
2025-04-15T08:05:07.6536263Z [32m✓[39m 35 modules transformed.
2025-04-15T08:05:07.7239445Z rendering chunks...
2025-04-15T08:05:07.7269060Z computing gzip size...
2025-04-15T08:05:07.7317466Z [2mpublic/[22m[36msw.bundle.js  [39m[1m[2m94.25 kB[22m[1m[22m[2m │ gzip: 32.93 kB[22m
2025-04-15T08:05:07.7318502Z [32m✓ built in 525ms[39m
2025-04-15T08:05:07.7534065Z ==== Running npx vite build in /home/runner/work/playwright/playwright/packages/html-reporter
2025-04-15T08:05:08.3132127Z [36mvite v6.2.6 [32mbuilding for production...[36m[39m
2025-04-15T08:05:08.3770988Z transforming...
2025-04-15T08:05:08.6623335Z [32m✓[39m 55 modules transformed.
2025-04-15T08:05:08.6664020Z [31m✗[39m Build failed in 330ms
2025-04-15T08:05:08.6664891Z [31merror during build:
2025-04-15T08:05:08.6666843Z [31m[vite]: Rollup failed to resolve import "@testIsomorphic/prompt" from "/home/runner/work/playwright/playwright/packages/html-reporter/src/testErrorView.tsx".
2025-04-15T08:05:08.6668128Z This is most likely unintended because it can break your application at runtime.
2025-04-15T08:05:08.6668960Z If you do want to externalize this module explicitly add it to
2025-04-15T08:05:08.6669748Z `build.rollupOptions.external`[31m
2025-04-15T08:05:08.6670748Z     at viteLog (file:///home/runner/work/playwright/playwright/node_modules/vite/dist/node/chunks/dep-Bid9ssRr.js:51645:15)
2025-04-15T08:05:08.6672084Z     at file:///home/runner/work/playwright/playwright/node_modules/vite/dist/node/chunks/dep-Bid9ssRr.js:51703:18
2025-04-15T08:05:08.6673455Z     at onwarn (file:///home/runner/work/playwright/playwright/node_modules/@vitejs/plugin-react/dist/index.mjs:282:9)
2025-04-15T08:05:08.6674730Z     at file:///home/runner/work/playwright/playwright/node_modules/vite/dist/node/chunks/dep-Bid9ssRr.js:51701:7
2025-04-15T08:05:08.6676296Z     at onRollupLog (file:///home/runner/work/playwright/playwright/node_modules/vite/dist/node/chunks/dep-Bid9ssRr.js:51693:5)
2025-04-15T08:05:08.6677750Z     at onLog (file:///home/runner/work/playwright/playwright/node_modules/vite/dist/node/chunks/dep-Bid9ssRr.js:51343:7)
2025-04-15T08:05:08.6679098Z     at file:///home/runner/work/playwright/playwright/node_modules/rollup/dist/es/shared/node-entry.js:20487:32
2025-04-15T08:05:08.6680472Z     at Object.logger [as onLog] (file:///home/runner/work/playwright/playwright/node_modules/rollup/dist/es/shared/node-entry.js:22230:9)
2025-04-15T08:05:08.6681640Z     at ModuleLoader.handleInvalidResolvedId (file:///home/runner/work/playwright/playwright/node_modules/rollup/dist/es/shared/node-entry.js:21113:26)
2025-04-15T08:05:08.6682740Z     at file:///home/runner/work/playwright/playwright/node_modules/rollup/dist/es/shared/node-entry.js:21071:26[39m
2025-04-15T08:05:08.6976804Z ##[error]Process completed with exit code 1.
2025-04-15T08:05:08.7018858Z ##[group]Run echo "::group::./utils/upload_flakiness_dashboard.sh"
2025-04-15T08:05:08.7019278Z [36;1mecho "::group::./utils/upload_flakiness_dashboard.sh"[0m
2025-04-15T08:05:08.7019680Z [36;1m./utils/upload_flakiness_dashboard.sh ./test-results/report.json[0m
2025-04-15T08:05:08.7020264Z [36;1mecho "::endgroup::"[0m
2025-04-15T08:05:08.7073242Z shell: /usr/bin/bash --noprofile --norc -e -o pipefail {0}
2025-04-15T08:05:08.7073570Z env:
2025-04-15T08:05:08.7073733Z   FORCE_COLOR: 1
2025-04-15T08:05:08.7073940Z   ELECTRON_SKIP_BINARY_DOWNLOAD: 1
2025-04-15T08:05:08.7074183Z   DEBUG_GIT_COMMIT_INFO: 1
2025-04-15T08:05:08.7074431Z   PWTEST_CHANNEL: chromium-tip-of-tree
2025-04-15T08:05:08.7074686Z ##[endgroup]
2025-04-15T08:05:08.7144422Z ##[group]./utils/upload_flakiness_dashboard.sh
2025-04-15T08:05:08.7166183Z NOTE: skipping dashboard uploading from Playwright branches
2025-04-15T08:05:08.7168210Z ##[endgroup]
2025-04-15T08:05:08.7194502Z Prepare all required actions
2025-04-15T08:05:08.7194793Z Getting action download info
2025-04-15T08:05:08.9509711Z ##[group]Download immutable action package 'actions/upload-artifact@v4'
2025-04-15T08:05:08.9510145Z Version: 4.6.2
2025-04-15T08:05:08.9510535Z Digest: sha256:290722aa3281d5caf23d0acdc3dbeb3424786a1a01a9cc97e72f147225e37c38
2025-04-15T08:05:08.9511101Z Source commit SHA: ea165f8d65b6e75b540449e92b4886f43607fa02
2025-04-15T08:05:08.9511451Z ##[endgroup]
2025-04-15T08:05:09.0718443Z ##[group]Run ./.github/actions/upload-blob-report
2025-04-15T08:05:09.0718718Z with:
2025-04-15T08:05:09.0718899Z   report_dir: blob-report
2025-04-15T08:05:09.0719138Z   job_name: ubuntu-22.04-chromium-tip-of-tree
2025-04-15T08:05:09.0719383Z env:
2025-04-15T08:05:09.0719545Z   FORCE_COLOR: 1
2025-04-15T08:05:09.0719732Z   ELECTRON_SKIP_BINARY_DOWNLOAD: 1
2025-04-15T08:05:09.0719977Z   DEBUG_GIT_COMMIT_INFO: 1
2025-04-15T08:05:09.0720200Z   PWTEST_CHANNEL: chromium-tip-of-tree
2025-04-15T08:05:09.0720449Z ##[endgroup]
2025-04-15T08:05:09.0736866Z ##[group]Run find "blob-report" -name "*.zip" -exec unzip -t {} \;
2025-04-15T08:05:09.0737271Z [36;1mfind "blob-report" -name "*.zip" -exec unzip -t {} \;[0m
2025-04-15T08:05:09.0789281Z shell: /usr/bin/bash --noprofile --norc -e -o pipefail {0}
2025-04-15T08:05:09.0789589Z env:
2025-04-15T08:05:09.0789748Z   FORCE_COLOR: 1
2025-04-15T08:05:09.0789967Z   ELECTRON_SKIP_BINARY_DOWNLOAD: 1
2025-04-15T08:05:09.0790202Z   DEBUG_GIT_COMMIT_INFO: 1
2025-04-15T08:05:09.0790433Z   PWTEST_CHANNEL: chromium-tip-of-tree
2025-04-15T08:05:09.0790671Z ##[endgroup]
2025-04-15T08:05:09.0877460Z find: ‘blob-report’: No such file or directory
2025-04-15T08:05:09.0882024Z ##[error]Process completed with exit code 1.
2025-04-15T08:05:09.0913014Z ##[group]Run actions/upload-artifact@v4
2025-04-15T08:05:09.0913260Z with:
2025-04-15T08:05:09.0913487Z   name: blob-report-ubuntu-22.04-chromium-tip-of-tree
2025-04-15T08:05:09.0913773Z   path: blob-report/**
2025-04-15T08:05:09.0913973Z   retention-days: 7
2025-04-15T08:05:09.0914163Z   if-no-files-found: warn
2025-04-15T08:05:09.0914368Z   compression-level: 6
2025-04-15T08:05:09.0914558Z   overwrite: false
2025-04-15T08:05:09.0914745Z   include-hidden-files: false
2025-04-15T08:05:09.0914950Z env:
2025-04-15T08:05:09.0915112Z   FORCE_COLOR: 1
2025-04-15T08:05:09.0915602Z   ELECTRON_SKIP_BINARY_DOWNLOAD: 1
2025-04-15T08:05:09.0915867Z   DEBUG_GIT_COMMIT_INFO: 1
2025-04-15T08:05:09.0916083Z   PWTEST_CHANNEL: chromium-tip-of-tree
2025-04-15T08:05:09.0916321Z ##[endgroup]
2025-04-15T08:05:09.3065664Z ##[warning]No files were found with the provided path: blob-report/**. No artifacts will be uploaded.
2025-04-15T08:05:09.3212690Z Post job cleanup.
2025-04-15T08:05:09.3274684Z Post job cleanup.
2025-04-15T08:05:09.4195096Z [command]/usr/bin/git version
2025-04-15T08:05:09.4230537Z git version 2.49.0
2025-04-15T08:05:09.4280723Z Temporarily overriding HOME='/home/runner/work/_temp/5ccd3414-e8ad-4f02-bd87-0dfb3ff0ec60' before making global git config changes
2025-04-15T08:05:09.4282297Z Adding repository directory to the temporary git global config as a safe directory
2025-04-15T08:05:09.4287149Z [command]/usr/bin/git config --global --add safe.directory /home/runner/work/playwright/playwright
2025-04-15T08:05:09.4320423Z [command]/usr/bin/git config --local --name-only --get-regexp core\.sshCommand
2025-04-15T08:05:09.4352745Z [command]/usr/bin/git submodule foreach --recursive sh -c "git config --local --name-only --get-regexp 'core\.sshCommand' && git config --local --unset-all 'core.sshCommand' || :"
2025-04-15T08:05:09.4580531Z [command]/usr/bin/git config --local --name-only --get-regexp http\.https\:\/\/github\.com\/\.extraheader
2025-04-15T08:05:09.4600515Z http.https://github.com/.extraheader
2025-04-15T08:05:09.4612827Z [command]/usr/bin/git config --local --unset-all http.https://github.com/.extraheader
2025-04-15T08:05:09.4644589Z [command]/usr/bin/git submodule foreach --recursive sh -c "git config --local --name-only --get-regexp 'http\.https\:\/\/github\.com\/\.extraheader' && git config --local --unset-all 'http.https://github.com/.extraheader' || :"
2025-04-15T08:05:09.4963684Z Cleaning up orphan processes
