2025-04-04T08:39:16.1672630Z Prepare all required actions
2025-04-04T08:39:16.1673210Z Getting action download info
2025-04-04T08:39:16.3128420Z ##[group]Download immutable action package 'actions/setup-node@v4'
2025-04-04T08:39:16.3130610Z Version: 4.3.0
2025-04-04T08:39:16.3132710Z Digest: sha256:9f9f8171ffc89cb7f6897e615e2b43b46bb55176fd279129eb0088157eace9b2
2025-04-04T08:39:16.3136250Z Source commit SHA: cdca7365b2dadb8aad0a33bc7601856ffabcc48e
2025-04-04T08:39:16.3138240Z ##[endgroup]
2025-04-04T08:39:16.4355400Z ##[group]Download immutable action package 'actions/cache@v4'
2025-04-04T08:39:16.4376480Z Version: 4.2.3
2025-04-04T08:39:16.4377180Z Digest: sha256:c8a3bb963e1f1826d8fcc8d1354f0dd29d8ac1db1d4f6f20247055ae11b81ed9
2025-04-04T08:39:16.4378110Z Source commit SHA: 5a3ec84eff668545956fd18022155c47e93e2684
2025-04-04T08:39:16.4378720Z ##[endgroup]
2025-04-04T08:39:16.5277880Z ##[group]Run ./.github/actions/setup
2025-04-04T08:39:16.5278510Z with:
2025-04-04T08:39:16.5278810Z   node-version: 20
2025-04-04T08:39:16.5279140Z   npm-version: 8
2025-04-04T08:39:16.5279500Z ##[endgroup]
2025-04-04T08:39:16.5381660Z ##[group]Run actions/setup-node@v4
2025-04-04T08:39:16.5382080Z with:
2025-04-04T08:39:16.5382380Z   node-version: 20
2025-04-04T08:39:16.5382760Z   registry-url: https://registry.npmjs.org
2025-04-04T08:39:16.5383220Z   always-auth: false
2025-04-04T08:39:16.5383730Z   check-latest: false
2025-04-04T08:39:16.5384230Z   token: ***
2025-04-04T08:39:16.5384560Z ##[endgroup]
2025-04-04T08:39:16.6609080Z Found in cache @ /Users/runner/hostedtoolcache/node/20.19.0/arm64
2025-04-04T08:39:16.6612380Z ##[group]Environment details
2025-04-04T08:39:17.0492470Z node: v20.19.0
2025-04-04T08:39:17.0492980Z npm: 10.8.2
2025-04-04T08:39:17.0493360Z yarn: 1.22.22
2025-04-04T08:39:17.0494150Z ##[endgroup]
2025-04-04T08:39:17.0584260Z ##[group]Run npm install -g npm@8
2025-04-04T08:39:17.0585040Z [36;1mnpm install -g npm@8[0m
2025-04-04T08:39:17.0634480Z shell: /bin/bash --noprofile --norc -e -o pipefail {0}
2025-04-04T08:39:17.0635230Z env:
2025-04-04T08:39:17.0635920Z   NPM_CONFIG_USERCONFIG: /Users/runner/work/_temp/.npmrc
2025-04-04T08:39:17.0636690Z   NODE_AUTH_TOKEN: XXXXX-XXXXX-XXXXX-XXXXX
2025-04-04T08:39:17.0637390Z ##[endgroup]
2025-04-04T08:39:19.3544500Z 
2025-04-04T08:39:19.3551880Z removed 54 packages, and changed 101 packages in 2s
2025-04-04T08:39:19.3552540Z 
2025-04-04T08:39:19.3553400Z 11 packages are looking for funding
2025-04-04T08:39:19.3553640Z   run `npm fund` for details
2025-04-04T08:39:19.5009460Z ##[group]Run actions/cache@v4
2025-04-04T08:39:19.5009710Z with:
2025-04-04T08:39:19.5009840Z   path: node_modules
2025-04-04T08:39:19.5010140Z   key: macOS-node-modules-c2503206af3c5adbdf861c1f45504b95844d9987a1f7491584fcd61d2e1d5d35
2025-04-04T08:39:19.5010490Z   restore-keys: macOS-node-modules-

2025-04-04T08:39:19.5010700Z   enableCrossOsArchive: false
2025-04-04T08:39:19.5010880Z   fail-on-cache-miss: false
2025-04-04T08:39:19.5011040Z   lookup-only: false
2025-04-04T08:39:19.5011190Z   save-always: false
2025-04-04T08:39:19.5011360Z env:
2025-04-04T08:39:19.5011570Z   NPM_CONFIG_USERCONFIG: /Users/runner/work/_temp/.npmrc
2025-04-04T08:39:19.5011820Z   NODE_AUTH_TOKEN: XXXXX-XXXXX-XXXXX-XXXXX
2025-04-04T08:39:19.5012010Z ##[endgroup]
2025-04-04T08:39:19.6833890Z Cache not found for input keys: macOS-node-modules-c2503206af3c5adbdf861c1f45504b95844d9987a1f7491584fcd61d2e1d5d35, macOS-node-modules-
2025-04-04T08:39:19.6909450Z ##[group]Run npm ci
2025-04-04T08:39:19.6909670Z [36;1mnpm ci[0m
2025-04-04T08:39:19.6959990Z shell: /bin/bash --noprofile --norc -e -o pipefail {0}
2025-04-04T08:39:19.6960230Z env:
2025-04-04T08:39:19.6960400Z   NPM_CONFIG_USERCONFIG: /Users/runner/work/_temp/.npmrc
2025-04-04T08:39:19.6960650Z   NODE_AUTH_TOKEN: XXXXX-XXXXX-XXXXX-XXXXX
2025-04-04T08:39:19.6960840Z ##[endgroup]
2025-04-04T08:39:21.7791550Z npm WARN deprecated urix@0.1.0: Please see https://github.com/lydell/urix#deprecated
2025-04-04T08:39:21.7856800Z npm WARN deprecated w3c-hr-time@1.0.2: Use your platform's native performance.now() and performance.timeOrigin.
2025-04-04T08:39:22.0594180Z npm WARN deprecated source-map-url@0.4.1: See https://github.com/lydell/source-map-url#deprecated
2025-04-04T08:39:22.0836090Z npm WARN deprecated source-map-resolve@0.5.3: See https://github.com/lydell/source-map-resolve#deprecated
2025-04-04T08:39:22.1367480Z npm WARN deprecated sourcemap-codec@1.4.8: Please use @jridgewell/sourcemap-codec instead
2025-04-04T08:39:22.2238520Z npm WARN deprecated sane@4.1.0: some dependency vulnerabilities fixed, support for node < 10 dropped, and newer ECMAScript syntax/features added
2025-04-04T08:39:22.2239670Z npm WARN deprecated resolve-url@0.2.1: https://github.com/lydell/resolve-url#deprecated
2025-04-04T08:39:26.6299230Z npm WARN deprecated open-sans-fonts@1.6.2: Package no longer supported. Contact Support at https://www.npmjs.com/support for more info.
2025-04-04T08:39:30.0619980Z 
2025-04-04T08:39:30.0620440Z > pixi.js@8.9.1 prepare
2025-04-04T08:39:30.0622810Z > husky install
2025-04-04T08:39:30.0623030Z 
2025-04-04T08:39:30.1086430Z husky - Git hooks installed
2025-04-04T08:39:30.1189220Z 
2025-04-04T08:39:30.1189810Z added 1410 packages, and audited 1411 packages in 10s
2025-04-04T08:39:30.1190040Z 
2025-04-04T08:39:30.1190170Z 225 packages are looking for funding
2025-04-04T08:39:30.1190390Z   run `npm fund` for details
2025-04-04T08:39:30.1518770Z 
2025-04-04T08:39:30.1519480Z 44 vulnerabilities (2 low, 28 moderate, 9 high, 5 critical)
2025-04-04T08:39:30.1519720Z 
2025-04-04T08:39:30.1519930Z To address issues that do not require attention, run:
2025-04-04T08:39:30.1520170Z   npm audit fix
2025-04-04T08:39:30.1520270Z 
2025-04-04T08:39:30.1520490Z To address all issues possible (including breaking changes), run:
2025-04-04T08:39:30.1520780Z   npm audit fix --force
2025-04-04T08:39:30.1520900Z 
2025-04-04T08:39:30.1521060Z Some issues need review, and may require choosing
2025-04-04T08:39:30.1521310Z a different dependency.
2025-04-04T08:39:30.1521410Z 
2025-04-04T08:39:30.1521510Z Run `npm audit` for details.
