2025-04-04T08:39:30.1641490Z Prepare all required actions
2025-04-04T08:39:30.1641750Z Getting action download info
2025-04-04T08:39:30.3228320Z ##[group]Download immutable action package 'actions/upload-artifact@v4'
2025-04-04T08:39:30.3229170Z Version: 4.6.2
2025-04-04T08:39:30.3229930Z Digest: sha256:290722aa3281d5caf23d0acdc3dbeb3424786a1a01a9cc97e72f147225e37c38
2025-04-04T08:39:30.3230940Z Source commit SHA: ea165f8d65b6e75b540449e92b4886f43607fa02
2025-04-04T08:39:30.3231590Z ##[endgroup]
2025-04-04T08:39:30.4380000Z ##[group]Run ./.github/actions/unit
2025-04-04T08:39:30.4380250Z with:
2025-04-04T08:39:30.4380370Z   type: Visuals
2025-04-04T08:39:30.4380510Z env:
2025-04-04T08:39:30.4380660Z   NPM_CONFIG_USERCONFIG: /Users/runner/work/_temp/.npmrc
2025-04-04T08:39:30.4380970Z   NODE_AUTH_TOKEN: XXXXX-XXXXX-XXXXX-XXXXX
2025-04-04T08:39:30.4381160Z ##[endgroup]
2025-04-04T08:39:30.4408150Z ##[group]Run npm run test:scene -- --maxWorkers=50%
2025-04-04T08:39:30.4408400Z [36;1mnpm run test:scene -- --maxWorkers=50%[0m
2025-04-04T08:39:30.4453190Z shell: /bin/bash --noprofile --norc -e -o pipefail {0}
2025-04-04T08:39:30.4453430Z env:
2025-04-04T08:39:30.4453600Z   NPM_CONFIG_USERCONFIG: /Users/runner/work/_temp/.npmrc
2025-04-04T08:39:30.4453850Z   NODE_AUTH_TOKEN: XXXXX-XXXXX-XXXXX-XXXXX
2025-04-04T08:39:30.4454050Z   NODE_ENV: production
2025-04-04T08:39:30.4454220Z ##[endgroup]
2025-04-04T08:39:30.6087880Z 
2025-04-04T08:39:30.6088650Z > pixi.js@8.9.1 test:scene
2025-04-04T08:39:30.6089180Z > npx jest --silent --testPathPattern=tests/visual --maxWorkers=50%
2025-04-04T08:39:30.6089490Z 
2025-04-04T08:39:31.4187000Z ts-jest[versions] (WARN) Version 5.3.3 of typescript installed has not been tested with ts-jest. If you're experiencing issues, consider using a supported version (>=3.8.0 <5.0.0-0). Please do not report issues in ts-jest if you are using unsupported versions.
2025-04-04T08:39:57.8565450Z PASS tests/visual/visuals.test.ts (24.15 s)
2025-04-04T08:39:57.8577550Z 
2025-04-04T08:39:57.8580290Z Test Suites: 1 passed, 1 total
2025-04-04T08:39:57.8581810Z Tests:       387 passed, 387 total
2025-04-04T08:39:57.8582210Z Snapshots:   0 total
2025-04-04T08:39:57.8582670Z Time:        25.386 s
2025-04-04T08:39:58.0663520Z ##[group]Run actions/upload-artifact@v4
2025-04-04T08:39:58.0664110Z with:
2025-04-04T08:39:58.0668070Z   name: pr_uploads
2025-04-04T08:39:58.0668670Z   path: .pr_uploads/
2025-04-04T08:39:58.0669260Z   include-hidden-files: true
2025-04-04T08:39:58.0669890Z   if-no-files-found: warn
2025-04-04T08:39:58.0670180Z   compression-level: 6
2025-04-04T08:39:58.0670440Z   overwrite: false
2025-04-04T08:39:58.0670930Z env:
2025-04-04T08:39:58.0672090Z   NPM_CONFIG_USERCONFIG: /Users/runner/work/_temp/.npmrc
2025-04-04T08:39:58.0672820Z   NODE_AUTH_TOKEN: XXXXX-XXXXX-XXXXX-XXXXX
2025-04-04T08:39:58.0673570Z ##[endgroup]
2025-04-04T08:39:58.3352280Z ##[warning]No files were found with the provided path: .pr_uploads/. No artifacts will be uploaded.
