2025-04-15T02:36:49.6002259Z Requested labels: ubuntu-24.04
2025-04-15T02:36:49.6002564Z Job defined at: godotengine/godot/.github/workflows/static_checks.yml@refs/pull/105301/merge
2025-04-15T02:36:49.6002857Z Reusable workflow chain:
2025-04-15T02:36:49.6002999Z godotengine/godot/.github/workflows/runner.yml@refs/pull/105301/merge (4784030ea76e58c966a37fe79ce6e31df06ea97b)
2025-04-15T02:36:49.6003143Z -> godotengine/godot/.github/workflows/static_checks.yml@refs/pull/105301/merge (4784030ea76e58c966a37fe79ce6e31df06ea97b)
2025-04-15T02:36:49.6003287Z Waiting for a runner to pick up this job...
2025-04-15T02:36:49.8970834Z Job is waiting for a hosted runner to come online.
2025-04-15T02:36:53.3639238Z Job is about to start running on the hosted runner: GitHub Actions 44 (hosted)
2025-04-15T02:36:55.9944227Z Current runner version: '2.323.0'
2025-04-15T02:36:55.9969169Z ##[group]Operating System
2025-04-15T02:36:55.9969910Z Ubuntu
2025-04-15T02:36:55.9970494Z 24.04.2
2025-04-15T02:36:55.9970998Z LTS
2025-04-15T02:36:55.9971462Z ##[endgroup]
2025-04-15T02:36:55.9972067Z ##[group]Runner Image
2025-04-15T02:36:55.9972605Z Image: ubuntu-24.04
2025-04-15T02:36:55.9973125Z Version: 20250406.1.0
2025-04-15T02:36:55.9974228Z Included Software: https://github.com/actions/runner-images/blob/ubuntu24/20250406.1/images/ubuntu/Ubuntu2404-Readme.md
2025-04-15T02:36:55.9975915Z Image Release: https://github.com/actions/runner-images/releases/tag/ubuntu24%2F20250406.1
2025-04-15T02:36:55.9976863Z ##[endgroup]
2025-04-15T02:36:55.9977391Z ##[group]Runner Image Provisioner
2025-04-15T02:36:55.9978000Z 2.0.422.1
2025-04-15T02:36:55.9978530Z ##[endgroup]
2025-04-15T02:36:55.9980667Z ##[group]GITHUB_TOKEN Permissions
2025-04-15T02:36:55.9982681Z Actions: read
2025-04-15T02:36:55.9983450Z Attestations: read
2025-04-15T02:36:55.9984147Z Checks: read
2025-04-15T02:36:55.9984647Z Contents: read
2025-04-15T02:36:55.9985320Z Deployments: read
2025-04-15T02:36:55.9985915Z Discussions: read
2025-04-15T02:36:55.9986442Z Issues: read
2025-04-15T02:36:55.9986944Z Metadata: read
2025-04-15T02:36:55.9987509Z Models: read
2025-04-15T02:36:55.9987985Z Packages: read
2025-04-15T02:36:55.9988498Z Pages: read
2025-04-15T02:36:55.9989075Z PullRequests: read
2025-04-15T02:36:55.9989645Z RepositoryProjects: read
2025-04-15T02:36:55.9990245Z SecurityEvents: read
2025-04-15T02:36:55.9990757Z Statuses: read
2025-04-15T02:36:55.9991282Z ##[endgroup]
2025-04-15T02:36:55.9994250Z Secret source: None
2025-04-15T02:36:55.9995314Z Prepare workflow directory
2025-04-15T02:36:56.0388358Z Prepare all required actions
2025-04-15T02:36:56.0424279Z Getting action download info
2025-04-15T02:36:56.2620664Z ##[group]Download immutable action package 'actions/checkout@v4'
2025-04-15T02:36:56.2621520Z Version: 4.2.2
2025-04-15T02:36:56.2622344Z Digest: sha256:ccb2698953eaebd21c7bf6268a94f9c26518a7e38e27e0b83c1fe1ad049819b1
2025-04-15T02:36:56.2623349Z Source commit SHA: 11bd71901bbe5b1630ceea73d27597364c9af683
2025-04-15T02:36:56.2623954Z ##[endgroup]
2025-04-15T02:36:56.3473639Z Download action repository 'pre-commit/action@v3.0.1' (SHA:2c7b3805fd2a0fd8c1884dcaebf91fc102a13ecd)
2025-04-15T02:36:56.7607062Z Getting action download info
2025-04-15T02:36:56.9481055Z ##[group]Download immutable action package 'actions/cache@v4'
2025-04-15T02:36:56.9481812Z Version: 4.2.3
2025-04-15T02:36:56.9482548Z Digest: sha256:c8a3bb963e1f1826d8fcc8d1354f0dd29d8ac1db1d4f6f20247055ae11b81ed9
2025-04-15T02:36:56.9483542Z Source commit SHA: 5a3ec84eff668545956fd18022155c47e93e2684
2025-04-15T02:36:56.9484236Z ##[endgroup]
2025-04-15T02:36:57.0696260Z Uses: godotengine/godot/.github/workflows/static_checks.yml@refs/pull/105301/merge (4784030ea76e58c966a37fe79ce6e31df06ea97b)
2025-04-15T02:36:57.0699450Z Complete job name: ðŸ“Š Static checks / Code style, file formatting, and docs
2025-04-15T02:36:57.1433833Z ##[group]Run actions/checkout@v4
2025-04-15T02:36:57.1434722Z with:
2025-04-15T02:36:57.1435369Z   fetch-depth: 2
2025-04-15T02:36:57.1435819Z   repository: godotengine/godot
2025-04-15T02:36:57.1436505Z   token: ***
2025-04-15T02:36:57.1436933Z   ssh-strict: true
2025-04-15T02:36:57.1437376Z   ssh-user: git
2025-04-15T02:36:57.1437835Z   persist-credentials: true
2025-04-15T02:36:57.1438338Z   clean: true
2025-04-15T02:36:57.1438775Z   sparse-checkout-cone-mode: true
2025-04-15T02:36:57.1439309Z   fetch-tags: false
2025-04-15T02:36:57.1439760Z   show-progress: true
2025-04-15T02:36:57.1440208Z   lfs: false
2025-04-15T02:36:57.1440617Z   submodules: false
2025-04-15T02:36:57.1441066Z   set-safe-directory: true
2025-04-15T02:36:57.1441816Z ##[endgroup]
2025-04-15T02:36:57.3335603Z Syncing repository: godotengine/godot
2025-04-15T02:36:57.3337446Z ##[group]Getting Git version info
2025-04-15T02:36:57.3338157Z Working directory is '/home/runner/work/godot/godot'
2025-04-15T02:36:57.3339199Z [command]/usr/bin/git version
2025-04-15T02:36:57.3402353Z git version 2.49.0
2025-04-15T02:36:57.3429670Z ##[endgroup]
2025-04-15T02:36:57.3442764Z Temporarily overriding HOME='/home/runner/work/_temp/6630b4de-f37c-40d3-9ffc-e2d9c8fe9486' before making global git config changes
2025-04-15T02:36:57.3444390Z Adding repository directory to the temporary git global config as a safe directory
2025-04-15T02:36:57.3448428Z [command]/usr/bin/git config --global --add safe.directory /home/runner/work/godot/godot
2025-04-15T02:36:57.3481068Z Deleting the contents of '/home/runner/work/godot/godot'
2025-04-15T02:36:57.3484592Z ##[group]Initializing the repository
2025-04-15T02:36:57.3488705Z [command]/usr/bin/git init /home/runner/work/godot/godot
2025-04-15T02:36:57.3563679Z hint: Using 'master' as the name for the initial branch. This default branch name
2025-04-15T02:36:57.3565653Z hint: is subject to change. To configure the initial branch name to use in all
2025-04-15T02:36:57.3567946Z hint: of your new repositories, which will suppress this warning, call:
2025-04-15T02:36:57.3569573Z hint:
2025-04-15T02:36:57.3570590Z hint: 	git config --global init.defaultBranch <name>
2025-04-15T02:36:57.3571434Z hint:
2025-04-15T02:36:57.3572221Z hint: Names commonly chosen instead of 'master' are 'main', 'trunk' and
2025-04-15T02:36:57.3573570Z hint: 'development'. The just-created branch can be renamed via this command:
2025-04-15T02:36:57.3574956Z hint:
2025-04-15T02:36:57.3575726Z hint: 	git branch -m <name>
2025-04-15T02:36:57.3576709Z Initialized empty Git repository in /home/runner/work/godot/godot/.git/
2025-04-15T02:36:57.3580750Z [command]/usr/bin/git remote add origin https://github.com/godotengine/godot
2025-04-15T02:36:57.3612002Z ##[endgroup]
2025-04-15T02:36:57.3613443Z ##[group]Disabling automatic garbage collection
2025-04-15T02:36:57.3615431Z [command]/usr/bin/git config --local gc.auto 0
2025-04-15T02:36:57.3643084Z ##[endgroup]
2025-04-15T02:36:57.3643930Z ##[group]Setting up auth
2025-04-15T02:36:57.3649712Z [command]/usr/bin/git config --local --name-only --get-regexp core\.sshCommand
2025-04-15T02:36:57.3680041Z [command]/usr/bin/git submodule foreach --recursive sh -c "git config --local --name-only --get-regexp 'core\.sshCommand' && git config --local --unset-all 'core.sshCommand' || :"
2025-04-15T02:36:57.3958905Z [command]/usr/bin/git config --local --name-only --get-regexp http\.https\:\/\/github\.com\/\.extraheader
2025-04-15T02:36:57.4083571Z [command]/usr/bin/git submodule foreach --recursive sh -c "git config --local --name-only --get-regexp 'http\.https\:\/\/github\.com\/\.extraheader' && git config --local --unset-all 'http.https://github.com/.extraheader' || :"
2025-04-15T02:36:57.4241254Z [command]/usr/bin/git config --local http.https://github.com/.extraheader AUTHORIZATION: basic ***
2025-04-15T02:36:57.4280260Z ##[endgroup]
2025-04-15T02:36:57.4281159Z ##[group]Fetching the repository
2025-04-15T02:36:57.4290488Z [command]/usr/bin/git -c protocol.version=2 fetch --no-tags --prune --no-recurse-submodules --depth=2 origin +4784030ea76e58c966a37fe79ce6e31df06ea97b:refs/remotes/pull/105301/merge
2025-04-15T02:37:08.0390568Z From https://github.com/godotengine/godot
2025-04-15T02:37:08.0391202Z  * [new ref]         4784030ea76e58c966a37fe79ce6e31df06ea97b -> pull/105301/merge
2025-04-15T02:37:08.0482724Z ##[endgroup]
2025-04-15T02:37:08.0483711Z ##[group]Determining the checkout info
2025-04-15T02:37:08.0485394Z ##[endgroup]
2025-04-15T02:37:08.0491455Z [command]/usr/bin/git sparse-checkout disable
2025-04-15T02:37:08.0530450Z [command]/usr/bin/git config --local --unset-all extensions.worktreeConfig
2025-04-15T02:37:08.0556744Z ##[group]Checking out the ref
2025-04-15T02:37:08.0561844Z [command]/usr/bin/git checkout --progress --force refs/remotes/pull/105301/merge
2025-04-15T02:37:09.1026608Z Updating files:  83% (10477/12578)
2025-04-15T02:37:09.1096966Z Updating files:  84% (10566/12578)
2025-04-15T02:37:09.1181484Z Updating files:  85% (10692/12578)
2025-04-15T02:37:09.1275492Z Updating files:  86% (10818/12578)
2025-04-15T02:37:09.1374533Z Updating files:  87% (10943/12578)
2025-04-15T02:37:09.1554472Z Updating files:  88% (11069/12578)
2025-04-15T02:37:09.1661841Z Updating files:  89% (11195/12578)
2025-04-15T02:37:09.1764707Z Updating files:  90% (11321/12578)
2025-04-15T02:37:09.1867223Z Updating files:  91% (11446/12578)
2025-04-15T02:37:09.1992593Z Updating files:  92% (11572/12578)
2025-04-15T02:37:09.2138211Z Updating files:  93% (11698/12578)
2025-04-15T02:37:09.2303141Z Updating files:  94% (11824/12578)
2025-04-15T02:37:09.2453516Z Updating files:  95% (11950/12578)
2025-04-15T02:37:09.2661473Z Updating files:  96% (12075/12578)
2025-04-15T02:37:09.2821988Z Updating files:  97% (12201/12578)
2025-04-15T02:37:09.3336516Z Updating files:  98% (12327/12578)
2025-04-15T02:37:09.3543250Z Updating files:  99% (12453/12578)
2025-04-15T02:37:09.3543710Z Updating files: 100% (12578/12578)
2025-04-15T02:37:09.3544231Z Updating files: 100% (12578/12578), done.
2025-04-15T02:37:09.3660585Z Note: switching to 'refs/remotes/pull/105301/merge'.
2025-04-15T02:37:09.3661315Z 
2025-04-15T02:37:09.3661800Z You are in 'detached HEAD' state. You can look around, make experimental
2025-04-15T02:37:09.3662589Z changes and commit them, and you can discard any commits you make in this
2025-04-15T02:37:09.3663330Z state without impacting any branches by switching back to a branch.
2025-04-15T02:37:09.3663783Z 
2025-04-15T02:37:09.3664066Z If you want to create a new branch to retain commits you create, you may
2025-04-15T02:37:09.3664721Z do so (now or later) by using -c with the switch command. Example:
2025-04-15T02:37:09.3665292Z 
2025-04-15T02:37:09.3665481Z   git switch -c <new-branch-name>
2025-04-15T02:37:09.3665750Z 
2025-04-15T02:37:09.3665906Z Or undo this operation with:
2025-04-15T02:37:09.3666188Z 
2025-04-15T02:37:09.3666316Z   git switch -
2025-04-15T02:37:09.3666510Z 
2025-04-15T02:37:09.3666831Z Turn off this advice by setting config variable advice.detachedHead to false
2025-04-15T02:37:09.3667341Z 
2025-04-15T02:37:09.3667888Z HEAD is now at 4784030 Merge bb2703abae3c1586a95efa886d01654bd471ef58 into e5ccaa79e2a2d5551369bd6cc1f8ed654a791275
2025-04-15T02:37:09.3713322Z ##[endgroup]
2025-04-15T02:37:09.3761118Z [command]/usr/bin/git log -1 --format=%H
2025-04-15T02:37:09.3786444Z 4784030ea76e58c966a37fe79ce6e31df06ea97b
2025-04-15T02:37:09.3966108Z ##[group]Run bash ./misc/scripts/gitignore_check.sh
2025-04-15T02:37:09.3966510Z [36;1mbash ./misc/scripts/gitignore_check.sh[0m
2025-04-15T02:37:09.4017632Z shell: /usr/bin/bash -e {0}
2025-04-15T02:37:09.4017884Z ##[endgroup]
2025-04-15T02:37:09.4113525Z .gitignore validation...
2025-04-15T02:37:09.6045797Z ##[group]Run if [ "pull_request" == "pull_request" ]; then
2025-04-15T02:37:09.6046246Z [36;1mif [ "pull_request" == "pull_request" ]; then[0m
2025-04-15T02:37:09.6046704Z [36;1m  files=$(git diff-tree --no-commit-id --name-only -r HEAD^1..HEAD 2> /dev/null || true)[0m
2025-04-15T02:37:09.6047186Z [36;1melif [ "pull_request" == "push" -a "" == "false" -a "" == "false" ]; then[0m
2025-04-15T02:37:09.6047925Z [36;1m  files=$(git diff-tree --no-commit-id --name-only -r a2e8c395ea8a21c6e5f062c2e1ee4745d621d3af..bb2703abae3c1586a95efa886d01654bd471ef58 2> /dev/null || true)[0m
2025-04-15T02:37:09.6048536Z [36;1mfi[0m
2025-04-15T02:37:09.6048808Z [36;1mfiles=$(echo "$files" | xargs -I {} sh -c 'echo "\"./{}\""' | tr '\n' ' ')[0m
2025-04-15T02:37:09.6049191Z [36;1mecho "CHANGED_FILES=$files" >> $GITHUB_ENV[0m
2025-04-15T02:37:09.6096963Z shell: /usr/bin/bash -e {0}
2025-04-15T02:37:09.6097190Z env:
2025-04-15T02:37:09.6097690Z   GITHUB_TOKEN: ***
2025-04-15T02:37:09.6097924Z ##[endgroup]
2025-04-15T02:37:09.6304893Z ##[group]Run pre-commit/action@v3.0.1
2025-04-15T02:37:09.6305412Z with:
2025-04-15T02:37:09.6305830Z   extra_args: --files "./platform/android/java/lib/src/org/godotengine/godot/input/GodotEditText.java" 
2025-04-15T02:37:09.6306279Z env:
2025-04-15T02:37:09.6306641Z   CHANGED_FILES: "./platform/android/java/lib/src/org/godotengine/godot/input/GodotEditText.java" 
2025-04-15T02:37:09.6307264Z ##[endgroup]
2025-04-15T02:37:09.6380849Z ##[group]Run python -m pip install pre-commit
2025-04-15T02:37:09.6381146Z [36;1mpython -m pip install pre-commit[0m
2025-04-15T02:37:09.6427372Z shell: /usr/bin/bash --noprofile --norc -e -o pipefail {0}
2025-04-15T02:37:09.6427688Z env:
2025-04-15T02:37:09.6428074Z   CHANGED_FILES: "./platform/android/java/lib/src/org/godotengine/godot/input/GodotEditText.java" 
2025-04-15T02:37:09.6428531Z ##[endgroup]
2025-04-15T02:37:10.0158435Z Defaulting to user installation because normal site-packages is not writeable
2025-04-15T02:37:10.3815281Z Collecting pre-commit
2025-04-15T02:37:10.4154166Z   Downloading pre_commit-4.2.0-py2.py3-none-any.whl.metadata (1.3 kB)
2025-04-15T02:37:10.4379764Z Collecting cfgv>=2.0.0 (from pre-commit)
2025-04-15T02:37:10.4407945Z   Downloading cfgv-3.4.0-py2.py3-none-any.whl.metadata (8.5 kB)
2025-04-15T02:37:10.5260310Z Collecting identify>=1.0.0 (from pre-commit)
2025-04-15T02:37:10.5292187Z   Downloading identify-2.6.9-py2.py3-none-any.whl.metadata (4.4 kB)
2025-04-15T02:37:10.5509863Z Collecting nodeenv>=0.11.1 (from pre-commit)
2025-04-15T02:37:10.5540232Z   Downloading nodeenv-1.9.1-py2.py3-none-any.whl.metadata (21 kB)
2025-04-15T02:37:10.5640237Z Requirement already satisfied: pyyaml>=5.1 in /usr/lib/python3/dist-packages (from pre-commit) (6.0.1)
2025-04-15T02:37:10.6468824Z Collecting virtualenv>=20.10.0 (from pre-commit)
2025-04-15T02:37:10.6500934Z   Downloading virtualenv-20.30.0-py3-none-any.whl.metadata (4.5 kB)
2025-04-15T02:37:10.6958698Z Collecting distlib<1,>=0.3.7 (from virtualenv>=20.10.0->pre-commit)
2025-04-15T02:37:10.6994961Z   Downloading distlib-0.3.9-py2.py3-none-any.whl.metadata (5.2 kB)
2025-04-15T02:37:10.7388845Z Collecting filelock<4,>=3.12.2 (from virtualenv>=20.10.0->pre-commit)
2025-04-15T02:37:10.7450979Z   Downloading filelock-3.18.0-py3-none-any.whl.metadata (2.9 kB)
2025-04-15T02:37:10.7500917Z Requirement already satisfied: platformdirs<5,>=3.9.1 in /usr/local/lib/python3.12/dist-packages (from virtualenv>=20.10.0->pre-commit) (4.3.7)
2025-04-15T02:37:10.7741676Z Downloading pre_commit-4.2.0-py2.py3-none-any.whl (220 kB)
2025-04-15T02:37:10.7854189Z    â”â”â”â”â”â”â”â”â”â”â”â”â”â”â”â”â”â”â”â”â”â”â”â”â”â”â”â”â”â”â”â”â”â”â”â”â”â”â”â” 220.7/220.7 kB 23.4 MB/s eta 0:00:00
2025-04-15T02:37:10.7882818Z Downloading cfgv-3.4.0-py2.py3-none-any.whl (7.2 kB)
2025-04-15T02:37:10.7945227Z Downloading identify-2.6.9-py2.py3-none-any.whl (99 kB)
2025-04-15T02:37:10.7989732Z    â”â”â”â”â”â”â”â”â”â”â”â”â”â”â”â”â”â”â”â”â”â”â”â”â”â”â”â”â”â”â”â”â”â”â”â”â”â”â”â” 99.1/99.1 kB 33.4 MB/s eta 0:00:00
2025-04-15T02:37:10.8018306Z Downloading nodeenv-1.9.1-py2.py3-none-any.whl (22 kB)
2025-04-15T02:37:10.8068642Z Downloading virtualenv-20.30.0-py3-none-any.whl (4.3 MB)
2025-04-15T02:37:10.8484363Z    â”â”â”â”â”â”â”â”â”â”â”â”â”â”â”â”â”â”â”â”â”â”â”â”â”â”â”â”â”â”â”â”â”â”â”â”â”â”â”â” 4.3/4.3 MB 109.6 MB/s eta 0:00:00
2025-04-15T02:37:10.8523254Z Downloading distlib-0.3.9-py2.py3-none-any.whl (468 kB)
2025-04-15T02:37:10.8596992Z    â”â”â”â”â”â”â”â”â”â”â”â”â”â”â”â”â”â”â”â”â”â”â”â”â”â”â”â”â”â”â”â”â”â”â”â”â”â”â”â” 469.0/469.0 kB 82.1 MB/s eta 0:00:00
2025-04-15T02:37:10.8624173Z Downloading filelock-3.18.0-py3-none-any.whl (16 kB)
2025-04-15T02:37:11.1537741Z Installing collected packages: distlib, nodeenv, identify, filelock, cfgv, virtualenv, pre-commit
2025-04-15T02:37:11.4448815Z Successfully installed cfgv-3.4.0 distlib-0.3.9 filelock-3.18.0 identify-2.6.9 nodeenv-1.9.1 pre-commit-4.2.0 virtualenv-20.30.0
2025-04-15T02:37:11.5061337Z ##[group]Run python -m pip freeze --local
2025-04-15T02:37:11.5061652Z [36;1mpython -m pip freeze --local[0m
2025-04-15T02:37:11.5106559Z shell: /usr/bin/bash --noprofile --norc -e -o pipefail {0}
2025-04-15T02:37:11.5106873Z env:
2025-04-15T02:37:11.5107466Z   CHANGED_FILES: "./platform/android/java/lib/src/org/godotengine/godot/input/GodotEditText.java" 
2025-04-15T02:37:11.5107926Z ##[endgroup]
2025-04-15T02:37:11.8655877Z argcomplete==3.6.2
2025-04-15T02:37:11.8656382Z attrs==23.2.0
2025-04-15T02:37:11.8656825Z Automat==22.10.0
2025-04-15T02:37:11.8657238Z Babel==2.10.3
2025-04-15T02:37:11.8657624Z bcc==0.29.1
2025-04-15T02:37:11.8658360Z bcrypt==3.2.2
2025-04-15T02:37:11.8658606Z blinker==1.7.0
2025-04-15T02:37:11.8658850Z boto3==1.34.46
2025-04-15T02:37:11.8659085Z botocore==1.34.46
2025-04-15T02:37:11.8659333Z certifi==2023.11.17
2025-04-15T02:37:11.8659572Z cfgv==3.4.0
2025-04-15T02:37:11.8659796Z chardet==5.2.0
2025-04-15T02:37:11.8660024Z click==8.1.6
2025-04-15T02:37:11.8660259Z cloud-init==24.4
2025-04-15T02:37:11.8660499Z colorama==0.4.6
2025-04-15T02:37:11.8660755Z command-not-found==0.3
2025-04-15T02:37:11.8661027Z configobj==5.0.8
2025-04-15T02:37:11.8661272Z constantly==23.10.4
2025-04-15T02:37:11.8661529Z cryptography==41.0.7
2025-04-15T02:37:11.8661811Z dbus-python==1.3.2
2025-04-15T02:37:11.8662066Z distlib==0.3.9
2025-04-15T02:37:11.8662301Z distro==1.9.0
2025-04-15T02:37:11.8662543Z distro-info==1.7+build1
2025-04-15T02:37:11.8662814Z filelock==3.18.0
2025-04-15T02:37:11.8663047Z httplib2==0.20.4
2025-04-15T02:37:11.8663289Z hyperlink==21.0.0
2025-04-15T02:37:11.8663533Z identify==2.6.9
2025-04-15T02:37:11.8663772Z idna==3.6
2025-04-15T02:37:11.8663994Z incremental==22.10.0
2025-04-15T02:37:11.8664250Z Jinja2==3.1.2
2025-04-15T02:37:11.8664482Z jmespath==1.0.1
2025-04-15T02:37:11.8664721Z jsonpatch==1.32
2025-04-15T02:37:11.8665223Z jsonpointer==2.0
2025-04-15T02:37:11.8665526Z jsonschema==4.10.3
2025-04-15T02:37:11.8665772Z launchpadlib==1.11.0
2025-04-15T02:37:11.8666047Z lazr.restfulclient==0.14.6
2025-04-15T02:37:11.8666335Z lazr.uri==1.0.6
2025-04-15T02:37:11.8666580Z markdown-it-py==3.0.0
2025-04-15T02:37:11.8666795Z MarkupSafe==2.1.5
2025-04-15T02:37:11.8666991Z mdurl==0.1.2
2025-04-15T02:37:11.8667177Z mercurial==6.7.2
2025-04-15T02:37:11.8667377Z netaddr==0.8.0
2025-04-15T02:37:11.8667571Z netifaces==0.11.0
2025-04-15T02:37:11.8667757Z nodeenv==1.9.1
2025-04-15T02:37:11.8667945Z oauthlib==3.2.2
2025-04-15T02:37:11.8668136Z packaging==24.0
2025-04-15T02:37:11.8668330Z pexpect==4.9.0
2025-04-15T02:37:11.8668543Z pipx==1.7.1
2025-04-15T02:37:11.8668728Z platformdirs==4.3.7
2025-04-15T02:37:11.8668932Z pre_commit==4.2.0
2025-04-15T02:37:11.8669144Z ptyprocess==0.7.0
2025-04-15T02:37:11.8669341Z pyasn1==0.4.8
2025-04-15T02:37:11.8669532Z pyasn1-modules==0.2.8
2025-04-15T02:37:11.8669746Z Pygments==2.17.2
2025-04-15T02:37:11.8669942Z PyGObject==3.48.2
2025-04-15T02:37:11.8670140Z PyHamcrest==2.1.0
2025-04-15T02:37:11.8670333Z PyJWT==2.7.0
2025-04-15T02:37:11.8670513Z pyOpenSSL==23.2.0
2025-04-15T02:37:11.8670712Z pyparsing==3.1.1
2025-04-15T02:37:11.8670908Z pyparted==3.12.0
2025-04-15T02:37:11.8671107Z pyrsistent==0.20.0
2025-04-15T02:37:11.8671305Z pyserial==3.5
2025-04-15T02:37:11.8671495Z python-apt==2.7.7+ubuntu4
2025-04-15T02:37:11.8671734Z python-dateutil==2.8.2
2025-04-15T02:37:11.8671961Z python-debian==0.1.49+ubuntu2
2025-04-15T02:37:11.8672257Z python-magic==0.4.27
2025-04-15T02:37:11.8672481Z pytz==2024.1
2025-04-15T02:37:11.8672665Z PyYAML==6.0.1
2025-04-15T02:37:11.8672847Z requests==2.31.0
2025-04-15T02:37:11.8673034Z rich==13.7.1
2025-04-15T02:37:11.8673218Z s3transfer==0.10.1
2025-04-15T02:37:11.8673427Z service-identity==24.1.0
2025-04-15T02:37:11.8673653Z setuptools==68.1.2
2025-04-15T02:37:11.8673859Z six==1.16.0
2025-04-15T02:37:11.8674041Z sos==4.7.2
2025-04-15T02:37:11.8674232Z ssh-import-id==5.11
2025-04-15T02:37:11.8674444Z systemd-python==235
2025-04-15T02:37:11.8674643Z Twisted==24.3.0
2025-04-15T02:37:11.8674855Z typing_extensions==4.10.0
2025-04-15T02:37:11.8675203Z ubuntu-pro-client==8001
2025-04-15T02:37:11.8675658Z ufw==0.36.2
2025-04-15T02:37:11.8675958Z urllib3==2.0.7
2025-04-15T02:37:11.8676283Z userpath==1.9.2
2025-04-15T02:37:11.8676639Z virtualenv==20.30.0
2025-04-15T02:37:11.8676972Z wadllib==1.3.6
2025-04-15T02:37:11.8677576Z WALinuxAgent==2.9.1.1
2025-04-15T02:37:11.8677937Z wheel==0.42.0
2025-04-15T02:37:11.8678256Z zope.interface==6.1
2025-04-15T02:37:11.8678584Z zstandard==0.22.0
2025-04-15T02:37:11.9653207Z ##[group]Run actions/cache@v4
2025-04-15T02:37:11.9653445Z with:
2025-04-15T02:37:11.9653632Z   path: ~/.cache/pre-commit
2025-04-15T02:37:11.9654008Z   key: pre-commit-3||547c64545613726cd8da7487ed54f1edc27ae9843c378e9a06176ef040e53c6c
2025-04-15T02:37:11.9654627Z   enableCrossOsArchive: false
2025-04-15T02:37:11.9654869Z   fail-on-cache-miss: false
2025-04-15T02:37:11.9655330Z   lookup-only: false
2025-04-15T02:37:11.9655536Z   save-always: false
2025-04-15T02:37:11.9655722Z env:
2025-04-15T02:37:11.9656111Z   CHANGED_FILES: "./platform/android/java/lib/src/org/godotengine/godot/input/GodotEditText.java" 
2025-04-15T02:37:11.9656588Z ##[endgroup]
2025-04-15T02:37:12.4052105Z Cache hit for: pre-commit-3||547c64545613726cd8da7487ed54f1edc27ae9843c378e9a06176ef040e53c6c
2025-04-15T02:37:13.7269962Z Received 8388608 of 54357090 (15.4%), 8.0 MBs/sec
2025-04-15T02:37:14.2096309Z Received 54357090 of 54357090 (100.0%), 35.0 MBs/sec
2025-04-15T02:37:14.2097118Z Cache Size: ~52 MB (54357090 B)
2025-04-15T02:37:14.2189532Z [command]/usr/bin/tar -xf /home/runner/work/_temp/f8ad750c-290c-4e5d-b614-9bfec99305d0/cache.tzst -P -C /home/runner/work/godot/godot --use-compress-program unzstd
2025-04-15T02:37:14.9184530Z Cache restored successfully
2025-04-15T02:37:14.9449563Z Cache restored from key: pre-commit-3||547c64545613726cd8da7487ed54f1edc27ae9843c378e9a06176ef040e53c6c
2025-04-15T02:37:14.9547456Z ##[group]Run pre-commit run --show-diff-on-failure --color=always --files "./platform/android/java/lib/src/org/godotengine/godot/input/GodotEditText.java" 
2025-04-15T02:37:14.9548453Z [36;1mpre-commit run --show-diff-on-failure --color=always --files "./platform/android/java/lib/src/org/godotengine/godot/input/GodotEditText.java" [0m
2025-04-15T02:37:14.9594254Z shell: /usr/bin/bash --noprofile --norc -e -o pipefail {0}
2025-04-15T02:37:14.9594569Z env:
2025-04-15T02:37:14.9594953Z   CHANGED_FILES: "./platform/android/java/lib/src/org/godotengine/godot/input/GodotEditText.java" 
2025-04-15T02:37:14.9595605Z ##[endgroup]
2025-04-15T02:37:16.2908461Z clang-format.............................................................[41mFailed[m
2025-04-15T02:37:16.2909228Z [2m- hook id: clang-format[m
2025-04-15T02:37:16.2909777Z [2m- files were modified by this hook[m
2025-04-15T02:37:16.2910523Z clang-format-glsl....................................(no files to check)[46;30mSkipped[m
2025-04-15T02:37:16.2911387Z ruff.................................................(no files to check)[46;30mSkipped[m
2025-04-15T02:37:16.2912244Z ruff-format..........................................(no files to check)[46;30mSkipped[m
2025-04-15T02:37:16.2913086Z mypy.................................................(no files to check)[46;30mSkipped[m
2025-04-15T02:37:16.9248102Z codespell................................................................[42mPassed[m
2025-04-15T02:37:16.9249042Z make-rst.............................................(no files to check)[46;30mSkipped[m
2025-04-15T02:37:16.9249872Z doc-status...........................................(no files to check)[46;30mSkipped[m
2025-04-15T02:37:16.9250754Z validate-builders....................................(no files to check)[46;30mSkipped[m
2025-04-15T02:37:16.9251676Z eslint...............................................(no files to check)[46;30mSkipped[m
2025-04-15T02:37:16.9252524Z jsdoc................................................(no files to check)[46;30mSkipped[m
2025-04-15T02:37:16.9253257Z svgo.................................................(no files to check)[46;30mSkipped[m
2025-04-15T02:37:17.4612940Z copyright-headers........................................................[42mPassed[m
2025-04-15T02:37:17.4613986Z header-guards........................................(no files to check)[46;30mSkipped[m
2025-04-15T02:37:17.9977608Z file-format..............................................................[42mPassed[m
2025-04-15T02:37:17.9978213Z dotnet-format........................................(no files to check)[46;30mSkipped[m
2025-04-15T02:37:17.9978589Z All changes made by hooks:
2025-04-15T02:37:18.5187177Z [1mdiff --git a/platform/android/java/lib/src/org/godotengine/godot/input/GodotEditText.java b/platform/android/java/lib/src/org/godotengine/godot/input/GodotEditText.java[m
2025-04-15T02:37:18.5188687Z [1mindex fe50c2d..afaafe1 100644[m
2025-04-15T02:37:18.5189304Z [1m--- a/platform/android/java/lib/src/org/godotengine/godot/input/GodotEditText.java[m
2025-04-15T02:37:18.5190105Z [1m+++ b/platform/android/java/lib/src/org/godotengine/godot/input/GodotEditText.java[m
2025-04-15T02:37:18.5190811Z [36m@@ -173,7 +173,7 @@[m [mpublic class GodotEditText extends EditText {[m
2025-04-15T02:37:18.5191275Z  [m
2025-04-15T02:37:18.5191558Z  					if (!TextUtils.isEmpty(acceptCharacters)) {[m
2025-04-15T02:37:18.5191994Z  						if (Build.VERSION.SDK_INT >= Build.VERSION_CODES.O) {[m
2025-04-15T02:37:18.5192624Z [31m-							edit.setKeyListener(DigitsKeyListener.getInstance(Locale.getDefault(),true,true));[m
2025-04-15T02:37:18.5193426Z [32m+[m							[32medit.setKeyListener(DigitsKeyListener.getInstance(Locale.getDefault(), true, true));[m
2025-04-15T02:37:18.5193946Z  						} else {[m
2025-04-15T02:37:18.5194373Z  							edit.setKeyListener(DigitsKeyListener.getInstance(acceptCharacters));[m
2025-04-15T02:37:18.5194801Z  						}[m
2025-04-15T02:37:18.5364116Z ##[error]Process completed with exit code 1.
2025-04-15T02:37:18.5424909Z Post job cleanup.
2025-04-15T02:37:18.5473245Z Post job cleanup.
2025-04-15T02:37:18.6390039Z [command]/usr/bin/git version
2025-04-15T02:37:18.6432050Z git version 2.49.0
2025-04-15T02:37:18.6474191Z Temporarily overriding HOME='/home/runner/work/_temp/76f9a59b-6183-4750-8e71-e674f0e908bf' before making global git config changes
2025-04-15T02:37:18.6475649Z Adding repository directory to the temporary git global config as a safe directory
2025-04-15T02:37:18.6480501Z [command]/usr/bin/git config --global --add safe.directory /home/runner/work/godot/godot
2025-04-15T02:37:18.6514285Z [command]/usr/bin/git config --local --name-only --get-regexp core\.sshCommand
2025-04-15T02:37:18.6547136Z [command]/usr/bin/git submodule foreach --recursive sh -c "git config --local --name-only --get-regexp 'core\.sshCommand' && git config --local --unset-all 'core.sshCommand' || :"
2025-04-15T02:37:18.6791141Z [command]/usr/bin/git config --local --name-only --get-regexp http\.https\:\/\/github\.com\/\.extraheader
2025-04-15T02:37:18.6812194Z http.https://github.com/.extraheader
2025-04-15T02:37:18.6824612Z [command]/usr/bin/git config --local --unset-all http.https://github.com/.extraheader
2025-04-15T02:37:18.6854766Z [command]/usr/bin/git submodule foreach --recursive sh -c "git config --local --name-only --get-regexp 'http\.https\:\/\/github\.com\/\.extraheader' && git config --local --unset-all 'http.https://github.com/.extraheader' || :"
2025-04-15T02:37:18.7191740Z Cleaning up orphan processes
