2025-04-15T08:38:26.9703641Z Current runner version: '2.323.0'
2025-04-15T08:38:26.9729409Z ##[group]Operating System
2025-04-15T08:38:26.9730196Z Ubuntu
2025-04-15T08:38:26.9730748Z 24.04.2
2025-04-15T08:38:26.9731232Z LTS
2025-04-15T08:38:26.9731663Z ##[endgroup]
2025-04-15T08:38:26.9732235Z ##[group]Runner Image
2025-04-15T08:38:26.9732824Z Image: ubuntu-24.04
2025-04-15T08:38:26.9733302Z Version: 20250406.1.0
2025-04-15T08:38:26.9734374Z Included Software: https://github.com/actions/runner-images/blob/ubuntu24/20250406.1/images/ubuntu/Ubuntu2404-Readme.md
2025-04-15T08:38:26.9737870Z Image Release: https://github.com/actions/runner-images/releases/tag/ubuntu24%2F20250406.1
2025-04-15T08:38:26.9739719Z ##[endgroup]
2025-04-15T08:38:26.9740706Z ##[group]Runner Image Provisioner
2025-04-15T08:38:26.9741623Z 2.0.422.1
2025-04-15T08:38:26.9742454Z ##[endgroup]
2025-04-15T08:38:26.9746859Z ##[group]GITHUB_TOKEN Permissions
2025-04-15T08:38:26.9749817Z Actions: write
2025-04-15T08:38:26.9750848Z Attestations: write
2025-04-15T08:38:26.9751467Z Checks: write
2025-04-15T08:38:26.9751991Z Contents: write
2025-04-15T08:38:26.9752635Z Deployments: write
2025-04-15T08:38:26.9753549Z Discussions: write
2025-04-15T08:38:26.9754223Z Issues: write
2025-04-15T08:38:26.9755221Z Metadata: read
2025-04-15T08:38:26.9755744Z Models: read
2025-04-15T08:38:26.9756169Z Packages: write
2025-04-15T08:38:26.9756757Z Pages: write
2025-04-15T08:38:26.9757196Z PullRequests: write
2025-04-15T08:38:26.9757812Z RepositoryProjects: write
2025-04-15T08:38:26.9758748Z SecurityEvents: write
2025-04-15T08:38:26.9759275Z Statuses: write
2025-04-15T08:38:26.9759728Z ##[endgroup]
2025-04-15T08:38:26.9761984Z Secret source: Actions
2025-04-15T08:38:26.9763119Z Prepare workflow directory
2025-04-15T08:38:27.0160716Z Prepare all required actions
2025-04-15T08:38:27.0201873Z Getting action download info
2025-04-15T08:38:27.5015471Z Download action repository 'actions/checkout@11bd71901bbe5b1630ceea73d27597364c9af683' (SHA:11bd71901bbe5b1630ceea73d27597364c9af683)
2025-04-15T08:38:27.5887213Z Download action repository 'actions/setup-python@42375524e23c412d93fb67b49958b491fce71c38' (SHA:42375524e23c412d93fb67b49958b491fce71c38)
2025-04-15T08:38:27.8373420Z Download action repository 'pre-commit/action@2c7b3805fd2a0fd8c1884dcaebf91fc102a13ecd' (SHA:2c7b3805fd2a0fd8c1884dcaebf91fc102a13ecd)
2025-04-15T08:38:28.2587865Z Getting action download info
2025-04-15T08:38:28.4271379Z ##[group]Download immutable action package 'actions/cache@v4'
2025-04-15T08:38:28.4272365Z Version: 4.2.3
2025-04-15T08:38:28.4273178Z Digest: sha256:c8a3bb963e1f1826d8fcc8d1354f0dd29d8ac1db1d4f6f20247055ae11b81ed9
2025-04-15T08:38:28.4274036Z Source commit SHA: 5a3ec84eff668545956fd18022155c47e93e2684
2025-04-15T08:38:28.4274615Z ##[endgroup]
2025-04-15T08:38:28.5457469Z Complete job name: pre-commit
2025-04-15T08:38:28.6129265Z ##[group]Run actions/checkout@11bd71901bbe5b1630ceea73d27597364c9af683
2025-04-15T08:38:28.6130291Z with:
2025-04-15T08:38:28.6130684Z   repository: vllm-project/vllm
2025-04-15T08:38:28.6131365Z   token: ***
2025-04-15T08:38:28.6131751Z   ssh-strict: true
2025-04-15T08:38:28.6132132Z   ssh-user: git
2025-04-15T08:38:28.6132532Z   persist-credentials: true
2025-04-15T08:38:28.6132966Z   clean: true
2025-04-15T08:38:28.6133356Z   sparse-checkout-cone-mode: true
2025-04-15T08:38:28.6133822Z   fetch-depth: 1
2025-04-15T08:38:28.6134197Z   fetch-tags: false
2025-04-15T08:38:28.6134588Z   show-progress: true
2025-04-15T08:38:28.6134974Z   lfs: false
2025-04-15T08:38:28.6135332Z   submodules: false
2025-04-15T08:38:28.6135722Z   set-safe-directory: true
2025-04-15T08:38:28.6136358Z ##[endgroup]
2025-04-15T08:38:28.7988630Z Syncing repository: vllm-project/vllm
2025-04-15T08:38:28.7990760Z ##[group]Getting Git version info
2025-04-15T08:38:28.7991550Z Working directory is '/home/runner/work/vllm/vllm'
2025-04-15T08:38:28.7992529Z [command]/usr/bin/git version
2025-04-15T08:38:28.8049893Z git version 2.49.0
2025-04-15T08:38:28.8080960Z ##[endgroup]
2025-04-15T08:38:28.8097204Z Temporarily overriding HOME='/home/runner/work/_temp/7320d5a9-d3a8-43a4-af00-5f7057d6a383' before making global git config changes
2025-04-15T08:38:28.8100774Z Adding repository directory to the temporary git global config as a safe directory
2025-04-15T08:38:28.8114389Z [command]/usr/bin/git config --global --add safe.directory /home/runner/work/vllm/vllm
2025-04-15T08:38:28.8154984Z Deleting the contents of '/home/runner/work/vllm/vllm'
2025-04-15T08:38:28.8159528Z ##[group]Initializing the repository
2025-04-15T08:38:28.8164566Z [command]/usr/bin/git init /home/runner/work/vllm/vllm
2025-04-15T08:38:28.8236503Z hint: Using 'master' as the name for the initial branch. This default branch name
2025-04-15T08:38:28.8238910Z hint: is subject to change. To configure the initial branch name to use in all
2025-04-15T08:38:28.8240867Z hint: of your new repositories, which will suppress this warning, call:
2025-04-15T08:38:28.8242245Z hint:
2025-04-15T08:38:28.8243270Z hint: 	git config --global init.defaultBranch <name>
2025-04-15T08:38:28.8244570Z hint:
2025-04-15T08:38:28.8245806Z hint: Names commonly chosen instead of 'master' are 'main', 'trunk' and
2025-04-15T08:38:28.8247753Z hint: 'development'. The just-created branch can be renamed via this command:
2025-04-15T08:38:28.8249544Z hint:
2025-04-15T08:38:28.8250398Z hint: 	git branch -m <name>
2025-04-15T08:38:28.8251765Z Initialized empty Git repository in /home/runner/work/vllm/vllm/.git/
2025-04-15T08:38:28.8259026Z [command]/usr/bin/git remote add origin https://github.com/vllm-project/vllm
2025-04-15T08:38:28.8299326Z ##[endgroup]
2025-04-15T08:38:28.8300869Z ##[group]Disabling automatic garbage collection
2025-04-15T08:38:28.8304760Z [command]/usr/bin/git config --local gc.auto 0
2025-04-15T08:38:28.8335743Z ##[endgroup]
2025-04-15T08:38:28.8337245Z ##[group]Setting up auth
2025-04-15T08:38:28.8344150Z [command]/usr/bin/git config --local --name-only --get-regexp core\.sshCommand
2025-04-15T08:38:28.8377105Z [command]/usr/bin/git submodule foreach --recursive sh -c "git config --local --name-only --get-regexp 'core\.sshCommand' && git config --local --unset-all 'core.sshCommand' || :"
2025-04-15T08:38:28.8667903Z [command]/usr/bin/git config --local --name-only --get-regexp http\.https\:\/\/github\.com\/\.extraheader
2025-04-15T08:38:28.8699947Z [command]/usr/bin/git submodule foreach --recursive sh -c "git config --local --name-only --get-regexp 'http\.https\:\/\/github\.com\/\.extraheader' && git config --local --unset-all 'http.https://github.com/.extraheader' || :"
2025-04-15T08:38:28.8934722Z [command]/usr/bin/git config --local http.https://github.com/.extraheader AUTHORIZATION: basic ***
2025-04-15T08:38:28.8976533Z ##[endgroup]
2025-04-15T08:38:28.8978290Z ##[group]Fetching the repository
2025-04-15T08:38:28.8987755Z [command]/usr/bin/git -c protocol.version=2 fetch --no-tags --prune --no-recurse-submodules --depth=1 origin +1575c1701a80befec8efe274b338cb26bc199275:refs/remotes/origin/main
2025-04-15T08:38:30.4909498Z From https://github.com/vllm-project/vllm
2025-04-15T08:38:30.4912219Z  * [new ref]         1575c1701a80befec8efe274b338cb26bc199275 -> origin/main
2025-04-15T08:38:30.4949018Z ##[endgroup]
2025-04-15T08:38:30.4949959Z ##[group]Determining the checkout info
2025-04-15T08:38:30.4951465Z ##[endgroup]
2025-04-15T08:38:30.4956076Z [command]/usr/bin/git sparse-checkout disable
2025-04-15T08:38:30.4994838Z [command]/usr/bin/git config --local --unset-all extensions.worktreeConfig
2025-04-15T08:38:30.5021222Z ##[group]Checking out the ref
2025-04-15T08:38:30.5024609Z [command]/usr/bin/git checkout --progress --force -B main refs/remotes/origin/main
2025-04-15T08:38:30.6628219Z Switched to a new branch 'main'
2025-04-15T08:38:30.6629629Z branch 'main' set up to track 'origin/main'.
2025-04-15T08:38:30.6641584Z ##[endgroup]
2025-04-15T08:38:30.6677820Z [command]/usr/bin/git log -1 --format=%H
2025-04-15T08:38:30.6699317Z 1575c1701a80befec8efe274b338cb26bc199275
2025-04-15T08:38:30.6986937Z ##[group]Run actions/setup-python@42375524e23c412d93fb67b49958b491fce71c38
2025-04-15T08:38:30.6988784Z with:
2025-04-15T08:38:30.6989462Z   python-version: 3.12
2025-04-15T08:38:30.6990274Z   check-latest: false
2025-04-15T08:38:30.6991302Z   token: ***
2025-04-15T08:38:30.6992029Z   update-environment: true
2025-04-15T08:38:30.6992907Z   allow-prereleases: false
2025-04-15T08:38:30.6993747Z ##[endgroup]
2025-04-15T08:38:30.8664636Z ##[group]Installed versions
2025-04-15T08:38:30.8722469Z Successfully set up CPython (3.12.9)
2025-04-15T08:38:30.8724591Z ##[endgroup]
2025-04-15T08:38:30.8869276Z ##[group]Run echo "::add-matcher::.github/workflows/matchers/actionlint.json"
2025-04-15T08:38:30.8871187Z [36;1mecho "::add-matcher::.github/workflows/matchers/actionlint.json"[0m
2025-04-15T08:38:30.8927192Z shell: /usr/bin/bash -e {0}
2025-04-15T08:38:30.8928272Z env:
2025-04-15T08:38:30.8929176Z   pythonLocation: /opt/hostedtoolcache/Python/3.12.9/x64
2025-04-15T08:38:30.8930812Z   PKG_CONFIG_PATH: /opt/hostedtoolcache/Python/3.12.9/x64/lib/pkgconfig
2025-04-15T08:38:30.8932349Z   Python_ROOT_DIR: /opt/hostedtoolcache/Python/3.12.9/x64
2025-04-15T08:38:30.8933728Z   Python2_ROOT_DIR: /opt/hostedtoolcache/Python/3.12.9/x64
2025-04-15T08:38:30.8935151Z   Python3_ROOT_DIR: /opt/hostedtoolcache/Python/3.12.9/x64
2025-04-15T08:38:30.8936562Z   LD_LIBRARY_PATH: /opt/hostedtoolcache/Python/3.12.9/x64/lib
2025-04-15T08:38:30.8999488Z ##[endgroup]
2025-04-15T08:38:30.9178541Z ##[group]Run echo "::add-matcher::.github/workflows/matchers/mypy.json"
2025-04-15T08:38:30.9180248Z [36;1mecho "::add-matcher::.github/workflows/matchers/mypy.json"[0m
2025-04-15T08:38:30.9227153Z shell: /usr/bin/bash -e {0}
2025-04-15T08:38:30.9228190Z env:
2025-04-15T08:38:30.9229060Z   pythonLocation: /opt/hostedtoolcache/Python/3.12.9/x64
2025-04-15T08:38:30.9230599Z   PKG_CONFIG_PATH: /opt/hostedtoolcache/Python/3.12.9/x64/lib/pkgconfig
2025-04-15T08:38:30.9232124Z   Python_ROOT_DIR: /opt/hostedtoolcache/Python/3.12.9/x64
2025-04-15T08:38:30.9233470Z   Python2_ROOT_DIR: /opt/hostedtoolcache/Python/3.12.9/x64
2025-04-15T08:38:30.9234850Z   Python3_ROOT_DIR: /opt/hostedtoolcache/Python/3.12.9/x64
2025-04-15T08:38:30.9236210Z   LD_LIBRARY_PATH: /opt/hostedtoolcache/Python/3.12.9/x64/lib
2025-04-15T08:38:30.9237341Z ##[endgroup]
2025-04-15T08:38:30.9432719Z ##[group]Run pre-commit/action@2c7b3805fd2a0fd8c1884dcaebf91fc102a13ecd
2025-04-15T08:38:30.9433986Z with:
2025-04-15T08:38:30.9434704Z   extra_args: --all-files --hook-stage manual
2025-04-15T08:38:30.9435642Z env:
2025-04-15T08:38:30.9436449Z   pythonLocation: /opt/hostedtoolcache/Python/3.12.9/x64
2025-04-15T08:38:30.9437880Z   PKG_CONFIG_PATH: /opt/hostedtoolcache/Python/3.12.9/x64/lib/pkgconfig
2025-04-15T08:38:30.9439474Z   Python_ROOT_DIR: /opt/hostedtoolcache/Python/3.12.9/x64
2025-04-15T08:38:30.9440770Z   Python2_ROOT_DIR: /opt/hostedtoolcache/Python/3.12.9/x64
2025-04-15T08:38:30.9442062Z   Python3_ROOT_DIR: /opt/hostedtoolcache/Python/3.12.9/x64
2025-04-15T08:38:30.9443358Z   LD_LIBRARY_PATH: /opt/hostedtoolcache/Python/3.12.9/x64/lib
2025-04-15T08:38:30.9444453Z ##[endgroup]
2025-04-15T08:38:30.9529623Z ##[group]Run python -m pip install pre-commit
2025-04-15T08:38:30.9530709Z [36;1mpython -m pip install pre-commit[0m
2025-04-15T08:38:30.9579204Z shell: /usr/bin/bash --noprofile --norc -e -o pipefail {0}
2025-04-15T08:38:30.9580301Z env:
2025-04-15T08:38:30.9581131Z   pythonLocation: /opt/hostedtoolcache/Python/3.12.9/x64
2025-04-15T08:38:30.9582552Z   PKG_CONFIG_PATH: /opt/hostedtoolcache/Python/3.12.9/x64/lib/pkgconfig
2025-04-15T08:38:30.9583970Z   Python_ROOT_DIR: /opt/hostedtoolcache/Python/3.12.9/x64
2025-04-15T08:38:30.9585265Z   Python2_ROOT_DIR: /opt/hostedtoolcache/Python/3.12.9/x64
2025-04-15T08:38:30.9586572Z   Python3_ROOT_DIR: /opt/hostedtoolcache/Python/3.12.9/x64
2025-04-15T08:38:30.9587880Z   LD_LIBRARY_PATH: /opt/hostedtoolcache/Python/3.12.9/x64/lib
2025-04-15T08:38:30.9589129Z ##[endgroup]
2025-04-15T08:38:34.1520119Z Collecting pre-commit
2025-04-15T08:38:34.2028240Z   Downloading pre_commit-4.2.0-py2.py3-none-any.whl.metadata (1.3 kB)
2025-04-15T08:38:34.2240552Z Collecting cfgv>=2.0.0 (from pre-commit)
2025-04-15T08:38:34.2328425Z   Downloading cfgv-3.4.0-py2.py3-none-any.whl.metadata (8.5 kB)
2025-04-15T08:38:34.2812468Z Collecting identify>=1.0.0 (from pre-commit)
2025-04-15T08:38:34.2903431Z   Downloading identify-2.6.9-py2.py3-none-any.whl.metadata (4.4 kB)
2025-04-15T08:38:34.3140989Z Collecting nodeenv>=0.11.1 (from pre-commit)
2025-04-15T08:38:34.3229085Z   Downloading nodeenv-1.9.1-py2.py3-none-any.whl.metadata (21 kB)
2025-04-15T08:38:34.3660734Z Collecting pyyaml>=5.1 (from pre-commit)
2025-04-15T08:38:34.3751211Z   Downloading PyYAML-6.0.2-cp312-cp312-manylinux_2_17_x86_64.manylinux2014_x86_64.whl.metadata (2.1 kB)
2025-04-15T08:38:34.4353114Z Collecting virtualenv>=20.10.0 (from pre-commit)
2025-04-15T08:38:34.4442626Z   Downloading virtualenv-20.30.0-py3-none-any.whl.metadata (4.5 kB)
2025-04-15T08:38:34.4703146Z Collecting distlib<1,>=0.3.7 (from virtualenv>=20.10.0->pre-commit)
2025-04-15T08:38:34.4790546Z   Downloading distlib-0.3.9-py2.py3-none-any.whl.metadata (5.2 kB)
2025-04-15T08:38:34.5046188Z Collecting filelock<4,>=3.12.2 (from virtualenv>=20.10.0->pre-commit)
2025-04-15T08:38:34.5132745Z   Downloading filelock-3.18.0-py3-none-any.whl.metadata (2.9 kB)
2025-04-15T08:38:34.5403585Z Collecting platformdirs<5,>=3.9.1 (from virtualenv>=20.10.0->pre-commit)
2025-04-15T08:38:34.5493655Z   Downloading platformdirs-4.3.7-py3-none-any.whl.metadata (11 kB)
2025-04-15T08:38:34.5663620Z Downloading pre_commit-4.2.0-py2.py3-none-any.whl (220 kB)
2025-04-15T08:38:34.5931319Z Downloading cfgv-3.4.0-py2.py3-none-any.whl (7.2 kB)
2025-04-15T08:38:34.6039239Z Downloading identify-2.6.9-py2.py3-none-any.whl (99 kB)
2025-04-15T08:38:34.6152104Z Downloading nodeenv-1.9.1-py2.py3-none-any.whl (22 kB)
2025-04-15T08:38:34.6266450Z Downloading PyYAML-6.0.2-cp312-cp312-manylinux_2_17_x86_64.manylinux2014_x86_64.whl (767 kB)
2025-04-15T08:38:34.6426898Z    ━━━━━━━━━━━━━━━━━━━━━━━━━━━━━━━━━━━━━━━━ 767.5/767.5 kB 64.1 MB/s eta 0:00:00
2025-04-15T08:38:34.6511863Z Downloading virtualenv-20.30.0-py3-none-any.whl (4.3 MB)
2025-04-15T08:38:34.6819435Z    ━━━━━━━━━━━━━━━━━━━━━━━━━━━━━━━━━━━━━━━━ 4.3/4.3 MB 145.2 MB/s eta 0:00:00
2025-04-15T08:38:34.6907793Z Downloading distlib-0.3.9-py2.py3-none-any.whl (468 kB)
2025-04-15T08:38:34.7042263Z Downloading filelock-3.18.0-py3-none-any.whl (16 kB)
2025-04-15T08:38:34.7151147Z Downloading platformdirs-4.3.7-py3-none-any.whl (18 kB)
2025-04-15T08:38:34.7785552Z Installing collected packages: distlib, pyyaml, platformdirs, nodeenv, identify, filelock, cfgv, virtualenv, pre-commit
2025-04-15T08:38:35.1844445Z Successfully installed cfgv-3.4.0 distlib-0.3.9 filelock-3.18.0 identify-2.6.9 nodeenv-1.9.1 platformdirs-4.3.7 pre-commit-4.2.0 pyyaml-6.0.2 virtualenv-20.30.0
2025-04-15T08:38:35.3901006Z ##[group]Run python -m pip freeze --local
2025-04-15T08:38:35.3901312Z [36;1mpython -m pip freeze --local[0m
2025-04-15T08:38:35.3950511Z shell: /usr/bin/bash --noprofile --norc -e -o pipefail {0}
2025-04-15T08:38:35.3950822Z env:
2025-04-15T08:38:35.3951091Z   pythonLocation: /opt/hostedtoolcache/Python/3.12.9/x64
2025-04-15T08:38:35.3951472Z   PKG_CONFIG_PATH: /opt/hostedtoolcache/Python/3.12.9/x64/lib/pkgconfig
2025-04-15T08:38:35.3951861Z   Python_ROOT_DIR: /opt/hostedtoolcache/Python/3.12.9/x64
2025-04-15T08:38:35.3952211Z   Python2_ROOT_DIR: /opt/hostedtoolcache/Python/3.12.9/x64
2025-04-15T08:38:35.3952557Z   Python3_ROOT_DIR: /opt/hostedtoolcache/Python/3.12.9/x64
2025-04-15T08:38:35.3952897Z   LD_LIBRARY_PATH: /opt/hostedtoolcache/Python/3.12.9/x64/lib
2025-04-15T08:38:35.3953178Z ##[endgroup]
2025-04-15T08:38:35.6265626Z cfgv==3.4.0
2025-04-15T08:38:35.6266111Z distlib==0.3.9
2025-04-15T08:38:35.6266452Z filelock==3.18.0
2025-04-15T08:38:35.6266771Z identify==2.6.9
2025-04-15T08:38:35.6267084Z nodeenv==1.9.1
2025-04-15T08:38:35.6267403Z platformdirs==4.3.7
2025-04-15T08:38:35.6267727Z pre_commit==4.2.0
2025-04-15T08:38:35.6268398Z PyYAML==6.0.2
2025-04-15T08:38:35.6268721Z virtualenv==20.30.0
2025-04-15T08:38:35.7211690Z ##[group]Run actions/cache@v4
2025-04-15T08:38:35.7212150Z with:
2025-04-15T08:38:35.7212338Z   path: ~/.cache/pre-commit
2025-04-15T08:38:35.7212836Z   key: pre-commit-3|/opt/hostedtoolcache/Python/3.12.9/x64|b561be449282ed0f3eb12e41c885cf98903b2d58b7a569f3e4b5873d7aff2f18
2025-04-15T08:38:35.7213349Z   enableCrossOsArchive: false
2025-04-15T08:38:35.7213566Z   fail-on-cache-miss: false
2025-04-15T08:38:35.7213767Z   lookup-only: false
2025-04-15T08:38:35.7213948Z   save-always: false
2025-04-15T08:38:35.7214126Z env:
2025-04-15T08:38:35.7214345Z   pythonLocation: /opt/hostedtoolcache/Python/3.12.9/x64
2025-04-15T08:38:35.7214737Z   PKG_CONFIG_PATH: /opt/hostedtoolcache/Python/3.12.9/x64/lib/pkgconfig
2025-04-15T08:38:35.7215114Z   Python_ROOT_DIR: /opt/hostedtoolcache/Python/3.12.9/x64
2025-04-15T08:38:35.7215449Z   Python2_ROOT_DIR: /opt/hostedtoolcache/Python/3.12.9/x64
2025-04-15T08:38:35.7215783Z   Python3_ROOT_DIR: /opt/hostedtoolcache/Python/3.12.9/x64
2025-04-15T08:38:35.7216114Z   LD_LIBRARY_PATH: /opt/hostedtoolcache/Python/3.12.9/x64/lib
2025-04-15T08:38:35.7216402Z ##[endgroup]
2025-04-15T08:38:36.0531277Z Cache hit for: pre-commit-3|/opt/hostedtoolcache/Python/3.12.9/x64|b561be449282ed0f3eb12e41c885cf98903b2d58b7a569f3e4b5873d7aff2f18
2025-04-15T08:38:37.1972781Z Received 109163476 of 113357780 (96.3%), 104.0 MBs/sec
2025-04-15T08:38:37.3638321Z Received 113357780 of 113357780 (100.0%), 92.6 MBs/sec
2025-04-15T08:38:37.3639203Z Cache Size: ~108 MB (113357780 B)
2025-04-15T08:38:37.3671591Z [command]/usr/bin/tar -xf /home/runner/work/_temp/4e931a1d-4baf-4de2-ae2d-41dfca1286c5/cache.tzst -P -C /home/runner/work/vllm/vllm --use-compress-program unzstd
2025-04-15T08:38:38.2753417Z Cache restored successfully
2025-04-15T08:38:38.3142951Z Cache restored from key: pre-commit-3|/opt/hostedtoolcache/Python/3.12.9/x64|b561be449282ed0f3eb12e41c885cf98903b2d58b7a569f3e4b5873d7aff2f18
2025-04-15T08:38:38.3242176Z ##[group]Run pre-commit run --show-diff-on-failure --color=always --all-files --hook-stage manual
2025-04-15T08:38:38.3242796Z [36;1mpre-commit run --show-diff-on-failure --color=always --all-files --hook-stage manual[0m
2025-04-15T08:38:38.3291225Z shell: /usr/bin/bash --noprofile --norc -e -o pipefail {0}
2025-04-15T08:38:38.3291703Z env:
2025-04-15T08:38:38.3291950Z   pythonLocation: /opt/hostedtoolcache/Python/3.12.9/x64
2025-04-15T08:38:38.3292358Z   PKG_CONFIG_PATH: /opt/hostedtoolcache/Python/3.12.9/x64/lib/pkgconfig
2025-04-15T08:38:38.3292759Z   Python_ROOT_DIR: /opt/hostedtoolcache/Python/3.12.9/x64
2025-04-15T08:38:38.3293100Z   Python2_ROOT_DIR: /opt/hostedtoolcache/Python/3.12.9/x64
2025-04-15T08:38:38.3293433Z   Python3_ROOT_DIR: /opt/hostedtoolcache/Python/3.12.9/x64
2025-04-15T08:38:38.3293768Z   LD_LIBRARY_PATH: /opt/hostedtoolcache/Python/3.12.9/x64/lib
2025-04-15T08:38:38.3294060Z ##[endgroup]
2025-04-15T08:39:50.3002596Z yapf.....................................................................[42mPassed[m
2025-04-15T08:39:50.6396615Z ruff.....................................................................[42mPassed[m
2025-04-15T08:39:52.0075841Z codespell................................................................[42mPassed[m
2025-04-15T08:39:55.1742683Z isort....................................................................[42mPassed[m
2025-04-15T08:39:56.0253122Z clang-format.............................................................[42mPassed[m
2025-04-15T08:40:00.6820209Z PyMarkdown...............................................................[42mPassed[m
2025-04-15T08:40:02.0379474Z Lint GitHub Actions workflow files.......................................[42mPassed[m
2025-04-15T08:40:04.8540191Z pip-compile..............................................................[42mPassed[m
2025-04-15T08:40:58.9466436Z Run mypy for Python 3.9..................................................[42mPassed[m
2025-04-15T08:41:53.6403873Z Run mypy for Python 3.10.................................................[42mPassed[m
2025-04-15T08:42:48.5908988Z Run mypy for Python 3.11.................................................[42mPassed[m
2025-04-15T08:43:43.3811226Z Run mypy for Python 3.12.................................................[42mPassed[m
2025-04-15T08:43:43.3952816Z Lint shell scripts.......................................................[42mPassed[m
2025-04-15T08:43:43.4584410Z Lint PNG exports from excalidraw.........................................[42mPassed[m
2025-04-15T08:43:43.5101316Z Check SPDX headers.......................................................[42mPassed[m
2025-04-15T08:43:43.5202750Z Check for spaces in all filenames........................................[42mPassed[m
2025-04-15T08:43:43.5289559Z Update Dockerfile dependency graph.......................................[42mPassed[m
2025-04-15T08:43:43.5364420Z Suggestion...............................................................[42mPassed[m
2025-04-15T08:43:43.5365316Z [2m- hook id: suggestion[m
2025-04-15T08:43:43.5365816Z [2m- duration: 0s[m
2025-04-15T08:43:43.5366019Z 
2025-04-15T08:43:43.5366455Z To bypass pre-commit hooks, add --no-verify to git commit.
2025-04-15T08:43:43.5366805Z 
2025-04-15T08:43:43.5616316Z Post job cleanup.
2025-04-15T08:43:43.6190432Z Post job cleanup.
2025-04-15T08:43:43.7493063Z Cache hit occurred on the primary key pre-commit-3|/opt/hostedtoolcache/Python/3.12.9/x64|b561be449282ed0f3eb12e41c885cf98903b2d58b7a569f3e4b5873d7aff2f18, not saving cache.
2025-04-15T08:43:43.7623880Z Post job cleanup.
2025-04-15T08:43:43.9315308Z Post job cleanup.
2025-04-15T08:43:44.0274750Z [command]/usr/bin/git version
2025-04-15T08:43:44.0316530Z git version 2.49.0
2025-04-15T08:43:44.0363204Z Temporarily overriding HOME='/home/runner/work/_temp/1a33784e-0d44-4889-bdcb-08cc87cc9926' before making global git config changes
2025-04-15T08:43:44.0364772Z Adding repository directory to the temporary git global config as a safe directory
2025-04-15T08:43:44.0369673Z [command]/usr/bin/git config --global --add safe.directory /home/runner/work/vllm/vllm
2025-04-15T08:43:44.0411530Z [command]/usr/bin/git config --local --name-only --get-regexp core\.sshCommand
2025-04-15T08:43:44.0447232Z [command]/usr/bin/git submodule foreach --recursive sh -c "git config --local --name-only --get-regexp 'core\.sshCommand' && git config --local --unset-all 'core.sshCommand' || :"
2025-04-15T08:43:44.0711895Z [command]/usr/bin/git config --local --name-only --get-regexp http\.https\:\/\/github\.com\/\.extraheader
2025-04-15T08:43:44.0737257Z http.https://github.com/.extraheader
2025-04-15T08:43:44.0749027Z [command]/usr/bin/git config --local --unset-all http.https://github.com/.extraheader
2025-04-15T08:43:44.0784832Z [command]/usr/bin/git submodule foreach --recursive sh -c "git config --local --name-only --get-regexp 'http\.https\:\/\/github\.com\/\.extraheader' && git config --local --unset-all 'http.https://github.com/.extraheader' || :"
2025-04-15T08:43:44.1179746Z Cleaning up orphan processes
