2025-04-10T18:23:03.9224496Z Requested labels: ubuntu-latest
2025-04-10T18:23:03.9224958Z Job defined at: square/okhttp/.github/workflows/build.yml@refs/pull/8708/merge
2025-04-10T18:23:03.9225104Z Waiting for a runner to pick up this job...
2025-04-10T18:23:04.1378309Z Job is waiting for a hosted runner to come online.
2025-04-10T18:23:06.1199908Z Job is about to start running on the hosted runner: GitHub Actions 65 (hosted)
2025-04-10T18:23:07.7253203Z Current runner version: '2.323.0'
2025-04-10T18:23:07.7276893Z ##[group]Operating System
2025-04-10T18:23:07.7277787Z Ubuntu
2025-04-10T18:23:07.7278265Z 24.04.2
2025-04-10T18:23:07.7278729Z LTS
2025-04-10T18:23:07.7279222Z ##[endgroup]
2025-04-10T18:23:07.7279749Z ##[group]Runner Image
2025-04-10T18:23:07.7280295Z Image: ubuntu-24.04
2025-04-10T18:23:07.7281050Z Version: 20250406.1.0
2025-04-10T18:23:07.7282076Z Included Software: https://github.com/actions/runner-images/blob/ubuntu24/20250406.1/images/ubuntu/Ubuntu2404-Readme.md
2025-04-10T18:23:07.7283459Z Image Release: https://github.com/actions/runner-images/releases/tag/ubuntu24%2F20250406.1
2025-04-10T18:23:07.7284334Z ##[endgroup]
2025-04-10T18:23:07.7284880Z ##[group]Runner Image Provisioner
2025-04-10T18:23:07.7285509Z 2.0.422.1
2025-04-10T18:23:07.7286018Z ##[endgroup]
2025-04-10T18:23:07.7286978Z ##[group]GITHUB_TOKEN Permissions
2025-04-10T18:23:07.7288998Z Checks: write
2025-04-10T18:23:07.7289546Z Metadata: read
2025-04-10T18:23:07.7290330Z ##[endgroup]
2025-04-10T18:23:07.7293492Z Secret source: Actions
2025-04-10T18:23:07.7294445Z Prepare workflow directory
2025-04-10T18:23:07.7749135Z Prepare all required actions
2025-04-10T18:23:07.7785929Z Getting action download info
2025-04-10T18:23:08.0153181Z ##[group]Download immutable action package 'actions/checkout@v4'
2025-04-10T18:23:08.0154102Z Version: 4.2.2
2025-04-10T18:23:08.0154965Z Digest: sha256:ccb2698953eaebd21c7bf6268a94f9c26518a7e38e27e0b83c1fe1ad049819b1
2025-04-10T18:23:08.0156010Z Source commit SHA: 11bd71901bbe5b1630ceea73d27597364c9af683
2025-04-10T18:23:08.0156663Z ##[endgroup]
2025-04-10T18:23:08.0962280Z ##[group]Download immutable action package 'actions/setup-java@v4'
2025-04-10T18:23:08.0963005Z Version: 4.7.1
2025-04-10T18:23:08.0963648Z Digest: sha256:23223d64943473efb4336f60463c0429cd4f422cd5fc6c48a5cf0d5907c1aeac
2025-04-10T18:23:08.0964516Z Source commit SHA: c5195efecf7bdfc987ee8bae7a71cb8b11521c00
2025-04-10T18:23:08.0965135Z ##[endgroup]
2025-04-10T18:23:08.3575015Z Download action repository 'graalvm/setup-graalvm@v1' (SHA:01ed653ac833fe80569f1ef9f25585ba2811baab)
2025-04-10T18:23:08.5835678Z Download action repository 'gradle/actions@v4' (SHA:06832c7b30a0129d7fb559bcc6e43d26f6374244)
2025-04-10T18:23:09.4505396Z Complete job name: checkjdk11
2025-04-10T18:23:09.5366920Z ##[group]Run actions/checkout@v4
2025-04-10T18:23:09.5367943Z with:
2025-04-10T18:23:09.5368423Z   fetch-depth: 0
2025-04-10T18:23:09.5368992Z   repository: square/okhttp
2025-04-10T18:23:09.5369893Z   token: ***
2025-04-10T18:23:09.5370396Z   ssh-strict: true
2025-04-10T18:23:09.5371082Z   ssh-user: git
2025-04-10T18:23:09.5371631Z   persist-credentials: true
2025-04-10T18:23:09.5372265Z   clean: true
2025-04-10T18:23:09.5372821Z   sparse-checkout-cone-mode: true
2025-04-10T18:23:09.5373507Z   fetch-tags: false
2025-04-10T18:23:09.5374061Z   show-progress: true
2025-04-10T18:23:09.5374619Z   lfs: false
2025-04-10T18:23:09.5375138Z   submodules: false
2025-04-10T18:23:09.5375704Z   set-safe-directory: true
2025-04-10T18:23:09.5376565Z env:
2025-04-10T18:23:09.5377632Z   GRADLE_OPTS: -Dorg.gradle.jvmargs=-Xmx4g -Dorg.gradle.daemon=false -Dkotlin.incremental=false
2025-04-10T18:23:09.5378940Z ##[endgroup]
2025-04-10T18:23:09.7057670Z Syncing repository: square/okhttp
2025-04-10T18:23:09.7061117Z ##[group]Getting Git version info
2025-04-10T18:23:09.7062473Z Working directory is '/home/runner/work/okhttp/okhttp'
2025-04-10T18:23:09.7064792Z [command]/usr/bin/git version
2025-04-10T18:23:09.7101974Z git version 2.49.0
2025-04-10T18:23:09.7130250Z ##[endgroup]
2025-04-10T18:23:09.7146614Z Temporarily overriding HOME='/home/runner/work/_temp/b862eced-2dd2-443b-9354-bdcdbf06eafb' before making global git config changes
2025-04-10T18:23:09.7151014Z Adding repository directory to the temporary git global config as a safe directory
2025-04-10T18:23:09.7154265Z [command]/usr/bin/git config --global --add safe.directory /home/runner/work/okhttp/okhttp
2025-04-10T18:23:09.7190327Z Deleting the contents of '/home/runner/work/okhttp/okhttp'
2025-04-10T18:23:09.7201052Z ##[group]Initializing the repository
2025-04-10T18:23:09.7212635Z [command]/usr/bin/git init /home/runner/work/okhttp/okhttp
2025-04-10T18:23:09.7270874Z hint: Using 'master' as the name for the initial branch. This default branch name
2025-04-10T18:23:09.7274432Z hint: is subject to change. To configure the initial branch name to use in all
2025-04-10T18:23:09.7280151Z hint: of your new repositories, which will suppress this warning, call:
2025-04-10T18:23:09.7282394Z hint:
2025-04-10T18:23:09.7283544Z hint: 	git config --global init.defaultBranch <name>
2025-04-10T18:23:09.7285076Z hint:
2025-04-10T18:23:09.7286567Z hint: Names commonly chosen instead of 'master' are 'main', 'trunk' and
2025-04-10T18:23:09.7289207Z hint: 'development'. The just-created branch can be renamed via this command:
2025-04-10T18:23:09.7291455Z hint:
2025-04-10T18:23:09.7292343Z hint: 	git branch -m <name>
2025-04-10T18:23:09.7294082Z Initialized empty Git repository in /home/runner/work/okhttp/okhttp/.git/
2025-04-10T18:23:09.7298441Z [command]/usr/bin/git remote add origin https://github.com/square/okhttp
2025-04-10T18:23:09.7320337Z ##[endgroup]
2025-04-10T18:23:09.7322526Z ##[group]Disabling automatic garbage collection
2025-04-10T18:23:09.7324831Z [command]/usr/bin/git config --local gc.auto 0
2025-04-10T18:23:09.7356630Z ##[endgroup]
2025-04-10T18:23:09.7358289Z ##[group]Setting up auth
2025-04-10T18:23:09.7364078Z [command]/usr/bin/git config --local --name-only --get-regexp core\.sshCommand
2025-04-10T18:23:09.7402207Z [command]/usr/bin/git submodule foreach --recursive sh -c "git config --local --name-only --get-regexp 'core\.sshCommand' && git config --local --unset-all 'core.sshCommand' || :"
2025-04-10T18:23:09.7695772Z [command]/usr/bin/git config --local --name-only --get-regexp http\.https\:\/\/github\.com\/\.extraheader
2025-04-10T18:23:09.7729577Z [command]/usr/bin/git submodule foreach --recursive sh -c "git config --local --name-only --get-regexp 'http\.https\:\/\/github\.com\/\.extraheader' && git config --local --unset-all 'http.https://github.com/.extraheader' || :"
2025-04-10T18:23:09.7973300Z [command]/usr/bin/git config --local http.https://github.com/.extraheader AUTHORIZATION: basic ***
2025-04-10T18:23:09.8013012Z ##[endgroup]
2025-04-10T18:23:09.8015363Z ##[group]Fetching the repository
2025-04-10T18:23:09.8024892Z [command]/usr/bin/git -c protocol.version=2 fetch --prune --no-recurse-submodules origin +refs/heads/*:refs/remotes/origin/* +refs/tags/*:refs/tags/* +8e0dad750da3538791f62fc941d0a64aec99024f:refs/remotes/pull/8708/merge
2025-04-10T18:23:13.8632898Z From https://github.com/square/okhttp
2025-04-10T18:23:13.8633876Z  * [new branch]          ase-code-scanning-rollout -> origin/ase-code-scanning-rollout
2025-04-10T18:23:13.8635020Z  * [new branch]          enelson-jwilson-pretend-to-be-okio -> origin/enelson-jwilson-pretend-to-be-okio
2025-04-10T18:23:13.8635880Z  * [new branch]          feature.peckb.address-policy-max-calls-per-connection -> origin/feature.peckb.address-policy-max-calls-per-connection
2025-04-10T18:23:13.8636932Z  * [new branch]          fix_reads               -> origin/fix_reads
2025-04-10T18:23:13.8638877Z  * [new branch]          gh-pages                -> origin/gh-pages
2025-04-10T18:23:13.8641166Z  * [new branch]          ghpages-javadocs        -> origin/ghpages-javadocs
2025-04-10T18:23:13.8643708Z  * [new branch]          jwilson.0107.spotless_ktlint110 -> origin/jwilson.0107.spotless_ktlint110
2025-04-10T18:23:13.8645841Z  * [new branch]          jwilson.01206.deflater_other_tests -> origin/jwilson.01206.deflater_other_tests
2025-04-10T18:23:13.8647411Z  * [new branch]          jwilson.0122.apidump    -> origin/jwilson.0122.apidump
2025-04-10T18:23:13.8649741Z  * [new branch]          jwilson.0207.split_connection -> origin/jwilson.0207.split_connection
2025-04-10T18:23:13.8651769Z  * [new branch]          jwilson.0326.canceling_calls -> origin/jwilson.0326.canceling_calls
2025-04-10T18:23:13.8653739Z  * [new branch]          jwilson.0409.mockwebserver2015 -> origin/jwilson.0409.mockwebserver2015
2025-04-10T18:23:13.8655529Z  * [new branch]          jwilson.0414.skip_host  -> origin/jwilson.0414.skip_host
2025-04-10T18:23:13.8657669Z  * [new branch]          jwilson.0422.build_4x   -> origin/jwilson.0422.build_4x
2025-04-10T18:23:13.8659981Z  * [new branch]          jwilson.0422.release_build -> origin/jwilson.0422.release_build
2025-04-10T18:23:13.8662246Z  * [new branch]          jwilson.0422.release_build_ -> origin/jwilson.0422.release_build_
2025-04-10T18:23:13.8664062Z  * [new branch]          jwilson.0613.berchmerkz -> origin/jwilson.0613.berchmerkz
2025-04-10T18:23:13.8666023Z  * [new branch]          jwilson.1120.no_name    -> origin/jwilson.1120.no_name
2025-04-10T18:23:13.8668039Z  * [new branch]          jwilson.1205.submodule_fix -> origin/jwilson.1205.submodule_fix
2025-04-10T18:23:13.8669793Z  * [new branch]          jwilson.1206.deflater   -> origin/jwilson.1206.deflater
2025-04-10T18:23:13.8671670Z  * [new branch]          kmp_again               -> origin/kmp_again
2025-04-10T18:23:13.8673709Z  * [new branch]          master                  -> origin/master
2025-04-10T18:23:13.8675655Z  * [new branch]          okhttp_27               -> origin/okhttp_27
2025-04-10T18:23:13.8677654Z  * [new branch]          okhttp_3.10.x           -> origin/okhttp_3.10.x
2025-04-10T18:23:13.8679623Z  * [new branch]          okhttp_3.11.x           -> origin/okhttp_3.11.x
2025-04-10T18:23:13.8681660Z  * [new branch]          okhttp_3.12.x           -> origin/okhttp_3.12.x
2025-04-10T18:23:13.8683684Z  * [new branch]          okhttp_3.13.x           -> origin/okhttp_3.13.x
2025-04-10T18:23:13.8685576Z  * [new branch]          okhttp_3.14.x           -> origin/okhttp_3.14.x
2025-04-10T18:23:13.8687822Z  * [new branch]          okhttp_3.9.x            -> origin/okhttp_3.9.x
2025-04-10T18:23:13.8689513Z  * [new branch]          okhttp_4.0.x            -> origin/okhttp_4.0.x
2025-04-10T18:23:13.8691772Z  * [new branch]          okhttp_4.1.x            -> origin/okhttp_4.1.x
2025-04-10T18:23:13.8693663Z  * [new branch]          okhttp_4.10.x           -> origin/okhttp_4.10.x
2025-04-10T18:23:13.8695684Z  * [new branch]          okhttp_4.2.x            -> origin/okhttp_4.2.x
2025-04-10T18:23:13.8697860Z  * [new branch]          okhttp_4.3.x            -> origin/okhttp_4.3.x
2025-04-10T18:23:13.8699589Z  * [new branch]          okhttp_4.4.x            -> origin/okhttp_4.4.x
2025-04-10T18:23:13.8701670Z  * [new branch]          okhttp_4.9.x            -> origin/okhttp_4.9.x
2025-04-10T18:23:13.8703642Z  * [new branch]          okhttp_4x               -> origin/okhttp_4x
2025-04-10T18:23:13.8706503Z  * [new branch]          renovate/bnd            -> origin/renovate/bnd
2025-04-10T18:23:13.8708742Z  * [new branch]          renovate/com.squareup-kotlinpoet-2.x -> origin/renovate/com.squareup-kotlinpoet-2.x
2025-04-10T18:23:13.8710732Z  * [new branch]          renovate/com.squareup.okio -> origin/renovate/com.squareup.okio
2025-04-10T18:23:13.8712737Z  * [new branch]          renovate/graalvm        -> origin/renovate/graalvm
2025-04-10T18:23:13.8714544Z  * [new branch]          renovate/kotlin-monorepo -> origin/renovate/kotlin-monorepo
2025-04-10T18:23:13.8716414Z  * [new branch]          renovate/major-bnd      -> origin/renovate/major-bnd
2025-04-10T18:23:13.8718748Z  * [new branch]          renovate/ru.vyarus-gradle-animalsniffer-plugin-2.x -> origin/renovate/ru.vyarus-gradle-animalsniffer-plugin-2.x
2025-04-10T18:23:13.8720148Z  * [new branch]          vscode                  -> origin/vscode
2025-04-10T18:23:13.8722580Z  * [new branch]          yschimke-hostnames      -> origin/yschimke-hostnames
2025-04-10T18:23:13.8725603Z  * [new tag]             1.3.0                   -> 1.3.0
2025-04-10T18:23:13.8726362Z  * [new tag]             jesse-5.0.0-alpha.11    -> jesse-5.0.0-alpha.11
2025-04-10T18:23:13.8727708Z  * [new tag]             jesse-5.0.0-alpha.11.b  -> jesse-5.0.0-alpha.11.b
2025-04-10T18:23:13.8728880Z  * [new tag]             list                    -> list
2025-04-10T18:23:13.8730463Z  * [new tag]             parent-1.0.0            -> parent-1.0.0
2025-04-10T18:23:13.8732017Z  * [new tag]             parent-1.0.1            -> parent-1.0.1
2025-04-10T18:23:13.8733351Z  * [new tag]             parent-1.0.2            -> parent-1.0.2
2025-04-10T18:23:13.8734677Z  * [new tag]             parent-1.1.0            -> parent-1.1.0
2025-04-10T18:23:13.8735988Z  * [new tag]             parent-1.1.1            -> parent-1.1.1
2025-04-10T18:23:13.8737313Z  * [new tag]             parent-1.2.0            -> parent-1.2.0
2025-04-10T18:23:13.8738628Z  * [new tag]             parent-1.2.1            -> parent-1.2.1
2025-04-10T18:23:13.8739937Z  * [new tag]             parent-1.5.0            -> parent-1.5.0
2025-04-10T18:23:13.8741810Z  * [new tag]             parent-1.5.1            -> parent-1.5.1
2025-04-10T18:23:13.8742817Z  * [new tag]             parent-1.5.2            -> parent-1.5.2
2025-04-10T18:23:13.8744247Z  * [new tag]             parent-1.5.3            -> parent-1.5.3
2025-04-10T18:23:13.8745584Z  * [new tag]             parent-1.5.4            -> parent-1.5.4
2025-04-10T18:23:13.8746951Z  * [new tag]             parent-1.6.0            -> parent-1.6.0
2025-04-10T18:23:13.8748336Z  * [new tag]             parent-2.0.0            -> parent-2.0.0
2025-04-10T18:23:13.8749652Z  * [new tag]             parent-2.0.0-RC1        -> parent-2.0.0-RC1
2025-04-10T18:23:13.8751136Z  * [new tag]             parent-2.0.0-RC2        -> parent-2.0.0-RC2
2025-04-10T18:23:13.8753471Z  * [new tag]             parent-2.1.0            -> parent-2.1.0
2025-04-10T18:23:13.8754890Z  * [new tag]             parent-2.1.0-RC1        -> parent-2.1.0-RC1
2025-04-10T18:23:13.8756278Z  * [new tag]             parent-2.2.0            -> parent-2.2.0
2025-04-10T18:23:13.8757659Z  * [new tag]             parent-2.3.0            -> parent-2.3.0
2025-04-10T18:23:13.8759000Z  * [new tag]             parent-2.4.0            -> parent-2.4.0
2025-04-10T18:23:13.8760380Z  * [new tag]             parent-2.4.0-RC1        -> parent-2.4.0-RC1
2025-04-10T18:23:13.8762066Z  * [new tag]             parent-2.5.0            -> parent-2.5.0
2025-04-10T18:23:13.8764378Z  * [new tag]             parent-2.6.0            -> parent-2.6.0
2025-04-10T18:23:13.8766066Z  * [new tag]             parent-2.7.0            -> parent-2.7.0
2025-04-10T18:23:13.8767176Z  * [new tag]             parent-2.7.1            -> parent-2.7.1
2025-04-10T18:23:13.8769401Z  * [new tag]             parent-2.7.2            -> parent-2.7.2
2025-04-10T18:23:13.8771209Z  * [new tag]             parent-2.7.3            -> parent-2.7.3
2025-04-10T18:23:13.8772580Z  * [new tag]             parent-2.7.4            -> parent-2.7.4
2025-04-10T18:23:13.8774135Z  * [new tag]             parent-2.7.5            -> parent-2.7.5
2025-04-10T18:23:13.8776335Z  * [new tag]             parent-3.0.0            -> parent-3.0.0
2025-04-10T18:23:13.8777696Z  * [new tag]             parent-3.0.0-RC1        -> parent-3.0.0-RC1
2025-04-10T18:23:13.8779096Z  * [new tag]             parent-3.0.1            -> parent-3.0.1
2025-04-10T18:23:13.8780444Z  * [new tag]             parent-3.1.0            -> parent-3.1.0
2025-04-10T18:23:13.8782119Z  * [new tag]             parent-3.1.1            -> parent-3.1.1
2025-04-10T18:23:13.8784370Z  * [new tag]             parent-3.1.2            -> parent-3.1.2
2025-04-10T18:23:13.8785818Z  * [new tag]             parent-3.10.0           -> parent-3.10.0
2025-04-10T18:23:13.8787043Z  * [new tag]             parent-3.11.0           -> parent-3.11.0
2025-04-10T18:23:13.8788534Z  * [new tag]             parent-3.12.0           -> parent-3.12.0
2025-04-10T18:23:13.8789658Z  * [new tag]             parent-3.12.1           -> parent-3.12.1
2025-04-10T18:23:13.8791257Z  * [new tag]             parent-3.12.10          -> parent-3.12.10
2025-04-10T18:23:13.8792833Z  * [new tag]             parent-3.12.11          -> parent-3.12.11
2025-04-10T18:23:13.8794247Z  * [new tag]             parent-3.12.12          -> parent-3.12.12
2025-04-10T18:23:13.8795658Z  * [new tag]             parent-3.12.13          -> parent-3.12.13
2025-04-10T18:23:13.8797087Z  * [new tag]             parent-3.12.2           -> parent-3.12.2
2025-04-10T18:23:13.8798591Z  * [new tag]             parent-3.12.3           -> parent-3.12.3
2025-04-10T18:23:13.8799952Z  * [new tag]             parent-3.12.4           -> parent-3.12.4
2025-04-10T18:23:13.8801415Z  * [new tag]             parent-3.12.5           -> parent-3.12.5
2025-04-10T18:23:13.8802852Z  * [new tag]             parent-3.12.6           -> parent-3.12.6
2025-04-10T18:23:13.8804195Z  * [new tag]             parent-3.12.7           -> parent-3.12.7
2025-04-10T18:23:13.8805559Z  * [new tag]             parent-3.12.8           -> parent-3.12.8
2025-04-10T18:23:13.8806899Z  * [new tag]             parent-3.12.9           -> parent-3.12.9
2025-04-10T18:23:13.8808229Z  * [new tag]             parent-3.13.0           -> parent-3.13.0
2025-04-10T18:23:13.8809697Z  * [new tag]             parent-3.13.1           -> parent-3.13.1
2025-04-10T18:23:13.8811150Z  * [new tag]             parent-3.14.0           -> parent-3.14.0
2025-04-10T18:23:13.8812765Z  * [new tag]             parent-3.14.1           -> parent-3.14.1
2025-04-10T18:23:13.8814231Z  * [new tag]             parent-3.14.2           -> parent-3.14.2
2025-04-10T18:23:13.8815546Z  * [new tag]             parent-3.14.3           -> parent-3.14.3
2025-04-10T18:23:13.8816958Z  * [new tag]             parent-3.14.4           -> parent-3.14.4
2025-04-10T18:23:13.8818304Z  * [new tag]             parent-3.14.5           -> parent-3.14.5
2025-04-10T18:23:13.8819683Z  * [new tag]             parent-3.14.6           -> parent-3.14.6
2025-04-10T18:23:13.8821361Z  * [new tag]             parent-3.14.7           -> parent-3.14.7
2025-04-10T18:23:13.8823552Z  * [new tag]             parent-3.14.8           -> parent-3.14.8
2025-04-10T18:23:13.8824418Z  * [new tag]             parent-3.14.9           -> parent-3.14.9
2025-04-10T18:23:13.8825510Z  * [new tag]             parent-3.2.0            -> parent-3.2.0
2025-04-10T18:23:13.8826998Z  * [new tag]             parent-3.3.0            -> parent-3.3.0
2025-04-10T18:23:13.8828300Z  * [new tag]             parent-3.3.1            -> parent-3.3.1
2025-04-10T18:23:13.8829938Z  * [new tag]             parent-3.4.0            -> parent-3.4.0
2025-04-10T18:23:13.8831271Z  * [new tag]             parent-3.4.0-RC1        -> parent-3.4.0-RC1
2025-04-10T18:23:13.8832936Z  * [new tag]             parent-3.4.1            -> parent-3.4.1
2025-04-10T18:23:13.8834300Z  * [new tag]             parent-3.4.2            -> parent-3.4.2
2025-04-10T18:23:13.8835787Z  * [new tag]             parent-3.5.0            -> parent-3.5.0
2025-04-10T18:23:13.8837292Z  * [new tag]             parent-3.6.0            -> parent-3.6.0
2025-04-10T18:23:13.8838683Z  * [new tag]             parent-3.7.0            -> parent-3.7.0
2025-04-10T18:23:13.8840105Z  * [new tag]             parent-3.8.0            -> parent-3.8.0
2025-04-10T18:23:13.8841830Z  * [new tag]             parent-3.8.1            -> parent-3.8.1
2025-04-10T18:23:13.8843261Z  * [new tag]             parent-3.9.0            -> parent-3.9.0
2025-04-10T18:23:13.8844573Z  * [new tag]             parent-3.9.1            -> parent-3.9.1
2025-04-10T18:23:13.8846005Z  * [new tag]             parent-4.0.0            -> parent-4.0.0
2025-04-10T18:23:13.8847505Z  * [new tag]             parent-4.0.0-ALPHA01    -> parent-4.0.0-ALPHA01
2025-04-10T18:23:13.8849029Z  * [new tag]             parent-4.0.0-RC1        -> parent-4.0.0-RC1
2025-04-10T18:23:13.8850497Z  * [new tag]             parent-4.0.0-RC2        -> parent-4.0.0-RC2
2025-04-10T18:23:13.8852171Z  * [new tag]             parent-4.0.0-RC3        -> parent-4.0.0-RC3
2025-04-10T18:23:13.8853636Z  * [new tag]             parent-4.0.0-alpha02    -> parent-4.0.0-alpha02
2025-04-10T18:23:13.8855088Z  * [new tag]             parent-4.0.1            -> parent-4.0.1
2025-04-10T18:23:13.8856582Z  * [new tag]             parent-4.1.0            -> parent-4.1.0
2025-04-10T18:23:13.8858108Z  * [new tag]             parent-4.1.1            -> parent-4.1.1
2025-04-10T18:23:13.8859630Z  * [new tag]             parent-4.10.0           -> parent-4.10.0
2025-04-10T18:23:13.8861410Z  * [new tag]             parent-4.10.0-RC1       -> parent-4.10.0-RC1
2025-04-10T18:23:13.8863007Z  * [new tag]             parent-4.11.0           -> parent-4.11.0
2025-04-10T18:23:13.8864466Z  * [new tag]             parent-4.12.0           -> parent-4.12.0
2025-04-10T18:23:13.8866000Z  * [new tag]             parent-4.2.0            -> parent-4.2.0
2025-04-10T18:23:13.8867501Z  * [new tag]             parent-4.2.1            -> parent-4.2.1
2025-04-10T18:23:13.8869051Z  * [new tag]             parent-4.2.2            -> parent-4.2.2
2025-04-10T18:23:13.8870575Z  * [new tag]             parent-4.3.0            -> parent-4.3.0
2025-04-10T18:23:13.8872559Z  * [new tag]             parent-4.3.1            -> parent-4.3.1
2025-04-10T18:23:13.8874084Z  * [new tag]             parent-4.4.0            -> parent-4.4.0
2025-04-10T18:23:13.8875628Z  * [new tag]             parent-4.4.1            -> parent-4.4.1
2025-04-10T18:23:13.8877500Z  * [new tag]             parent-4.5.0            -> parent-4.5.0
2025-04-10T18:23:13.8878953Z  * [new tag]             parent-4.5.0-RC1        -> parent-4.5.0-RC1
2025-04-10T18:23:13.8880493Z  * [new tag]             parent-4.6.0            -> parent-4.6.0
2025-04-10T18:23:13.8882283Z  * [new tag]             parent-4.7.0            -> parent-4.7.0
2025-04-10T18:23:13.8883791Z  * [new tag]             parent-4.7.1            -> parent-4.7.1
2025-04-10T18:23:13.8885312Z  * [new tag]             parent-4.7.2            -> parent-4.7.2
2025-04-10T18:23:13.8886857Z  * [new tag]             parent-4.8.0            -> parent-4.8.0
2025-04-10T18:23:13.8888437Z  * [new tag]             parent-4.8.1            -> parent-4.8.1
2025-04-10T18:23:13.8889956Z  * [new tag]             parent-4.9.0            -> parent-4.9.0
2025-04-10T18:23:13.8891923Z  * [new tag]             parent-4.9.1            -> parent-4.9.1
2025-04-10T18:23:13.8893849Z  * [new tag]             parent-4.9.2            -> parent-4.9.2
2025-04-10T18:23:13.8895038Z  * [new tag]             parent-4.9.3            -> parent-4.9.3
2025-04-10T18:23:13.8897088Z  * [new tag]             parent-5.0.0-alpha.1    -> parent-5.0.0-alpha.1
2025-04-10T18:23:13.8898267Z  * [new tag]             parent-5.0.0-alpha.10   -> parent-5.0.0-alpha.10
2025-04-10T18:23:13.8899985Z  * [new tag]             parent-5.0.0-alpha.11   -> parent-5.0.0-alpha.11
2025-04-10T18:23:13.8901646Z  * [new tag]             parent-5.0.0-alpha.12   -> parent-5.0.0-alpha.12
2025-04-10T18:23:13.8903384Z  * [new tag]             parent-5.0.0-alpha.13   -> parent-5.0.0-alpha.13
2025-04-10T18:23:13.8904739Z  * [new tag]             parent-5.0.0-alpha.14   -> parent-5.0.0-alpha.14
2025-04-10T18:23:13.8906466Z  * [new tag]             parent-5.0.0-alpha.2    -> parent-5.0.0-alpha.2
2025-04-10T18:23:13.8907861Z  * [new tag]             parent-5.0.0-alpha.3    -> parent-5.0.0-alpha.3
2025-04-10T18:23:13.8909586Z  * [new tag]             parent-5.0.0-alpha.4    -> parent-5.0.0-alpha.4
2025-04-10T18:23:13.8911167Z  * [new tag]             parent-5.0.0-alpha.5    -> parent-5.0.0-alpha.5
2025-04-10T18:23:13.8912901Z  * [new tag]             parent-5.0.0-alpha.6    -> parent-5.0.0-alpha.6
2025-04-10T18:23:13.8914301Z  * [new tag]             parent-5.0.0-alpha.7    -> parent-5.0.0-alpha.7
2025-04-10T18:23:13.8916026Z  * [new tag]             parent-5.0.0-alpha.8    -> parent-5.0.0-alpha.8
2025-04-10T18:23:13.8917439Z  * [new tag]             parent-5.0.0-alpha.9    -> parent-5.0.0-alpha.9
2025-04-10T18:23:13.8921055Z  * [new ref]             8e0dad750da3538791f62fc941d0a64aec99024f -> pull/8708/merge
2025-04-10T18:23:13.8975687Z ##[endgroup]
2025-04-10T18:23:13.8976118Z ##[group]Determining the checkout info
2025-04-10T18:23:13.8977102Z ##[endgroup]
2025-04-10T18:23:13.8982373Z [command]/usr/bin/git sparse-checkout disable
2025-04-10T18:23:13.9019121Z [command]/usr/bin/git config --local --unset-all extensions.worktreeConfig
2025-04-10T18:23:13.9046172Z ##[group]Checking out the ref
2025-04-10T18:23:13.9050422Z [command]/usr/bin/git checkout --progress --force refs/remotes/pull/8708/merge
2025-04-10T18:23:13.9800204Z Note: switching to 'refs/remotes/pull/8708/merge'.
2025-04-10T18:23:13.9801482Z 
2025-04-10T18:23:13.9801873Z You are in 'detached HEAD' state. You can look around, make experimental
2025-04-10T18:23:13.9802686Z changes and commit them, and you can discard any commits you make in this
2025-04-10T18:23:13.9803494Z state without impacting any branches by switching back to a branch.
2025-04-10T18:23:13.9803951Z 
2025-04-10T18:23:13.9804290Z If you want to create a new branch to retain commits you create, you may
2025-04-10T18:23:13.9805023Z do so (now or later) by using -c with the switch command. Example:
2025-04-10T18:23:13.9805439Z 
2025-04-10T18:23:13.9805622Z   git switch -c <new-branch-name>
2025-04-10T18:23:13.9805910Z 
2025-04-10T18:23:13.9806088Z Or undo this operation with:
2025-04-10T18:23:13.9806369Z 
2025-04-10T18:23:13.9806512Z   git switch -
2025-04-10T18:23:13.9806710Z 
2025-04-10T18:23:13.9807089Z Turn off this advice by setting config variable advice.detachedHead to false
2025-04-10T18:23:13.9807572Z 
2025-04-10T18:23:13.9808206Z HEAD is now at 8e0dad750 Merge 512adbba4f3172892ab1be753aa07ebad9cfea2e into 76aeda76c213ef398fe7d5ace10f36562c1fbdd8
2025-04-10T18:23:13.9815970Z ##[endgroup]
2025-04-10T18:23:13.9855692Z [command]/usr/bin/git log -1 --format=%H
2025-04-10T18:23:13.9878146Z 8e0dad750da3538791f62fc941d0a64aec99024f
2025-04-10T18:23:14.0171433Z ##[group]Run actions/setup-java@v4
2025-04-10T18:23:14.0171741Z with:
2025-04-10T18:23:14.0171957Z   distribution: zulu
2025-04-10T18:23:14.0172169Z   java-version: 11
2025-04-10T18:23:14.0172381Z   java-package: jdk
2025-04-10T18:23:14.0172594Z   check-latest: false
2025-04-10T18:23:14.0172807Z   server-id: github
2025-04-10T18:23:14.0173032Z   server-username: GITHUB_ACTOR
2025-04-10T18:23:14.0173292Z   server-password: GITHUB_TOKEN
2025-04-10T18:23:14.0173560Z   overwrite-settings: true
2025-04-10T18:23:14.0173790Z   job-status: success
2025-04-10T18:23:14.0174128Z   token: ***
2025-04-10T18:23:14.0174328Z env:
2025-04-10T18:23:14.0174716Z   GRADLE_OPTS: -Dorg.gradle.jvmargs=-Xmx4g -Dorg.gradle.daemon=false -Dkotlin.incremental=false
2025-04-10T18:23:14.0175156Z ##[endgroup]
2025-04-10T18:23:14.2055957Z ##[group]Installed distributions
2025-04-10T18:23:14.2079524Z Trying to resolve the latest version from remote
2025-04-10T18:23:14.4104656Z Resolved latest version as 11.0.26+4
2025-04-10T18:23:14.4105204Z Trying to download...
2025-04-10T18:23:14.4106139Z Downloading Java 11.0.26+4 (Zulu) from https://cdn.azul.com/zulu/bin/zulu11.78.15-ca-jdk11.0.26-linux_x64.tar.gz ...
2025-04-10T18:23:17.8989352Z Extracting Java archive...
2025-04-10T18:23:17.9112582Z [command]/usr/bin/tar xz --warning=no-unknown-keyword --overwrite -C /home/runner/work/_temp/fd16279c-129c-49e3-8058-73bafd7e6088 -f /home/runner/work/_temp/ae189f1a-021e-49ef-a6d7-1fa547a5794b
2025-04-10T18:23:20.4808988Z Java 11.0.26+4 was downloaded
2025-04-10T18:23:20.4809477Z Setting Java 11.0.26+4 as the default
2025-04-10T18:23:20.4821620Z Creating toolchains.xml for JDK version 11 from zulu
2025-04-10T18:23:20.4900838Z Writing to /home/runner/.m2/toolchains.xml
2025-04-10T18:23:20.4901430Z 
2025-04-10T18:23:20.4901660Z Java configuration:
2025-04-10T18:23:20.4902080Z   Distribution: zulu
2025-04-10T18:23:20.4902481Z   Version: 11.0.26+4
2025-04-10T18:23:20.4902979Z   Path: /opt/hostedtoolcache/Java_Zulu_jdk/11.0.26-4/x64
2025-04-10T18:23:20.4903607Z 
2025-04-10T18:23:20.4904621Z ##[endgroup]
2025-04-10T18:23:20.4920321Z Creating settings.xml with server-id: github
2025-04-10T18:23:20.4924855Z Writing to /home/runner/.m2/settings.xml
2025-04-10T18:23:20.5103724Z ##[group]Run actions/setup-java@v4
2025-04-10T18:23:20.5104003Z with:
2025-04-10T18:23:20.5104189Z   distribution: zulu
2025-04-10T18:23:20.5104396Z   java-version: 17
2025-04-10T18:23:20.5104599Z   java-package: jdk
2025-04-10T18:23:20.5104984Z   check-latest: false
2025-04-10T18:23:20.5105187Z   server-id: github
2025-04-10T18:23:20.5105390Z   server-username: GITHUB_ACTOR
2025-04-10T18:23:20.5105635Z   server-password: GITHUB_TOKEN
2025-04-10T18:23:20.5105879Z   overwrite-settings: true
2025-04-10T18:23:20.5106103Z   job-status: success
2025-04-10T18:23:20.5106416Z   token: ***
2025-04-10T18:23:20.5106608Z env:
2025-04-10T18:23:20.5106961Z   GRADLE_OPTS: -Dorg.gradle.jvmargs=-Xmx4g -Dorg.gradle.daemon=false -Dkotlin.incremental=false
2025-04-10T18:23:20.5107468Z   JAVA_HOME: /opt/hostedtoolcache/Java_Zulu_jdk/11.0.26-4/x64
2025-04-10T18:23:20.5107863Z   JAVA_HOME_11_X64: /opt/hostedtoolcache/Java_Zulu_jdk/11.0.26-4/x64
2025-04-10T18:23:20.5108180Z ##[endgroup]
2025-04-10T18:23:20.7016907Z ##[group]Installed distributions
2025-04-10T18:23:20.7051269Z Trying to resolve the latest version from remote
2025-04-10T18:23:20.8065092Z Resolved latest version as 17.0.14+7
2025-04-10T18:23:20.8065657Z Trying to download...
2025-04-10T18:23:20.8069723Z Downloading Java 17.0.14+7 (Zulu) from https://cdn.azul.com/zulu/bin/zulu17.56.15-ca-crac-jdk17.0.14-linux_x64.tar.gz ...
2025-04-10T18:23:23.6186432Z Extracting Java archive...
2025-04-10T18:23:23.6282781Z [command]/usr/bin/tar xz --warning=no-unknown-keyword --overwrite -C /home/runner/work/_temp/b0c7b17c-5710-4567-824c-d750b1a4ef56 -f /home/runner/work/_temp/cd5729ff-74f5-4e00-ac92-76ef7618c0ef
2025-04-10T18:23:26.3259576Z Java 17.0.14+7 was downloaded
2025-04-10T18:23:26.3260039Z Setting Java 17.0.14+7 as the default
2025-04-10T18:23:26.3270944Z Creating toolchains.xml for JDK version 17 from zulu
2025-04-10T18:23:26.3362903Z Overwriting existing file /home/runner/.m2/toolchains.xml
2025-04-10T18:23:26.3368865Z 
2025-04-10T18:23:26.3369119Z Java configuration:
2025-04-10T18:23:26.3369576Z   Distribution: zulu
2025-04-10T18:23:26.3370006Z   Version: 17.0.14+7
2025-04-10T18:23:26.3370546Z   Path: /opt/hostedtoolcache/Java_Zulu_jdk/17.0.14-7/x64
2025-04-10T18:23:26.3371242Z 
2025-04-10T18:23:26.3371785Z ##[endgroup]
2025-04-10T18:23:26.3376784Z Creating settings.xml with server-id: github
2025-04-10T18:23:26.3389167Z Overwriting existing file /home/runner/.m2/settings.xml
2025-04-10T18:23:26.3539669Z ##[group]Run graalvm/setup-graalvm@v1
2025-04-10T18:23:26.3539957Z with:
2025-04-10T18:23:26.3540149Z   distribution: graalvm
2025-04-10T18:23:26.3540364Z   java-version: 21
2025-04-10T18:23:26.3541314Z   github-token: ***
2025-04-10T18:23:26.3541665Z   cache: gradle
2025-04-10T18:23:26.3541874Z   native-image-job-reports: true
2025-04-10T18:23:26.3542130Z   components: native-image
2025-04-10T18:23:26.3542355Z   java-package: jdk
2025-04-10T18:23:26.3542562Z   set-java-home: true
2025-04-10T18:23:26.3542774Z   check-for-updates: true
2025-04-10T18:23:26.3542993Z   native-image-musl: false
2025-04-10T18:23:26.3543226Z   native-image-pr-reports: false
2025-04-10T18:23:26.3543518Z   native-image-pr-reports-update-existing: false
2025-04-10T18:23:26.3543832Z   native-image-enable-sbom: false
2025-04-10T18:23:26.3544085Z env:
2025-04-10T18:23:26.3544431Z   GRADLE_OPTS: -Dorg.gradle.jvmargs=-Xmx4g -Dorg.gradle.daemon=false -Dkotlin.incremental=false
2025-04-10T18:23:26.3544947Z   JAVA_HOME: /opt/hostedtoolcache/Java_Zulu_jdk/17.0.14-7/x64
2025-04-10T18:23:26.3545347Z   JAVA_HOME_11_X64: /opt/hostedtoolcache/Java_Zulu_jdk/11.0.26-4/x64
2025-04-10T18:23:26.3545730Z   JAVA_HOME_17_X64: /opt/hostedtoolcache/Java_Zulu_jdk/17.0.14-7/x64
2025-04-10T18:23:26.3546034Z ##[endgroup]
2025-04-10T18:23:28.3649842Z [command]/usr/bin/tar xz --warning=no-unknown-keyword --overwrite -C /home/runner/work/_temp/42f0c2bd-60ed-4e1f-9970-0196f8bf363f -f /home/runner/work/_temp/9285e8e1-abd9-4ed3-bd10-bc4eb033e686
2025-04-10T18:23:32.5113324Z Adding graalvm-jdk-21_linux-x64_bin 21 to tool-cache ...
2025-04-10T18:23:34.8622497Z ##[warning]Please remove "components: 'native-image'" from your workflow file. It is automatically included since GraalVM for JDK 17: https://github.com/oracle/graal/pull/5995
2025-04-10T18:23:35.1301530Z gradle cache is not found
2025-04-10T18:23:35.1308763Z ##[group]Successfully set up 'graalvm-jdk-21.0.6+8.1'
2025-04-10T18:23:35.1313553Z [command]/opt/hostedtoolcache/graalvm-jdk-21_linux-x64_bin/21.0.0/x64/graalvm-jdk-21.0.6+8.1/bin/java --version
2025-04-10T18:23:35.1868468Z java 21.0.6 2025-01-21 LTS
2025-04-10T18:23:35.1869190Z Java(TM) SE Runtime Environment Oracle GraalVM 21.0.6+8.1 (build 21.0.6+8-LTS-jvmci-23.1-b55)
2025-04-10T18:23:35.1870217Z Java HotSpot(TM) 64-Bit Server VM Oracle GraalVM 21.0.6+8.1 (build 21.0.6+8-LTS-jvmci-23.1-b55, mixed mode, sharing)
2025-04-10T18:23:35.1917769Z ##[endgroup]
2025-04-10T18:23:35.2126069Z ##[group]Run gradle/actions/setup-gradle@v4
2025-04-10T18:23:35.2126366Z with:
2025-04-10T18:23:35.2126557Z   cache-disabled: false
2025-04-10T18:23:35.2126768Z   cache-read-only: true
2025-04-10T18:23:35.2126986Z   cache-write-only: false
2025-04-10T18:23:35.2127225Z   cache-overwrite-existing: false
2025-04-10T18:23:35.2127476Z   cache-cleanup: on-success
2025-04-10T18:23:35.2127768Z   gradle-home-cache-includes: caches
notifications

2025-04-10T18:23:35.2128068Z   add-job-summary: always
2025-04-10T18:23:35.2128306Z   add-job-summary-as-pr-comment: never
2025-04-10T18:23:35.2128575Z   dependency-graph: disabled
2025-04-10T18:23:35.2128869Z   dependency-graph-report-dir: dependency-graph-reports
2025-04-10T18:23:35.2129215Z   dependency-graph-continue-on-failure: true
2025-04-10T18:23:35.2129500Z   build-scan-publish: false
2025-04-10T18:23:35.2129729Z   validate-wrappers: true
2025-04-10T18:23:35.2129971Z   allow-snapshot-wrappers: false
2025-04-10T18:23:35.2130267Z   gradle-home-cache-strict-match: false
2025-04-10T18:23:35.2130547Z   workflow-job-context: null
2025-04-10T18:23:35.2131173Z   github-token: ***
2025-04-10T18:23:35.2131377Z env:
2025-04-10T18:23:35.2131734Z   GRADLE_OPTS: -Dorg.gradle.jvmargs=-Xmx4g -Dorg.gradle.daemon=false -Dkotlin.incremental=false
2025-04-10T18:23:35.2132328Z   JAVA_HOME: /opt/hostedtoolcache/graalvm-jdk-21_linux-x64_bin/21.0.0/x64/graalvm-jdk-21.0.6+8.1
2025-04-10T18:23:35.2132824Z   JAVA_HOME_11_X64: /opt/hostedtoolcache/Java_Zulu_jdk/11.0.26-4/x64
2025-04-10T18:23:35.2133207Z   JAVA_HOME_17_X64: /opt/hostedtoolcache/Java_Zulu_jdk/17.0.14-7/x64
2025-04-10T18:23:35.2133686Z   GRAALVM_HOME: /opt/hostedtoolcache/graalvm-jdk-21_linux-x64_bin/21.0.0/x64/graalvm-jdk-21.0.6+8.1
2025-04-10T18:23:35.2134195Z   NATIVE_IMAGE_CONFIG_FILE: /tmp/native-image-options.properties
2025-04-10T18:23:35.2134516Z ##[endgroup]
2025-04-10T18:23:35.6740868Z Merged default JDK locations into /home/runner/.m2/toolchains.xml
2025-04-10T18:23:35.6743967Z ##[group]Restore Gradle state from cache
2025-04-10T18:23:35.7522544Z Cache hit for: gradle-home-v1|Linux-X64|checkjdk11[debe7e2089933f89baa724f718db4c25]-8e0dad750da3538791f62fc941d0a64aec99024f
2025-04-10T18:23:35.9749154Z Received 24749095 of 24749095 (100.0%), 126.2 MBs/sec
2025-04-10T18:23:35.9751910Z Cache Size: ~24 MB (24749095 B)
2025-04-10T18:23:35.9783598Z [command]/usr/bin/tar -xf /home/runner/work/_temp/a3db16a0-b887-4483-a2c9-d2a8a29b3d66/cache.tzst -P -C /home/runner/work/okhttp/okhttp --use-compress-program unzstd
2025-04-10T18:23:36.2657187Z Cache restored successfully
2025-04-10T18:23:36.2733964Z Restored cache entry with key gradle-home-v1|Linux-X64|checkjdk11[debe7e2089933f89baa724f718db4c25]-8e0dad750da3538791f62fc941d0a64aec99024f to /home/runner/.gradle/caches,/home/runner/.gradle/notifications,/home/runner/.gradle/.setup-gradle in 598ms
2025-04-10T18:23:36.3449695Z Cache hit for: gradle-instrumented-jars-v1-737a1b930abd2515b7524007a6c41f22
2025-04-10T18:23:36.3476004Z Cache hit for: gradle-groovy-dsl-v1-911c2ff7bf28f9032753ebb54d2ebea7
2025-04-10T18:23:36.3481382Z Cache hit for: gradle-dependencies-v1-c295e3ee0586f3321b6f827295e0e0eb
2025-04-10T18:23:36.3528734Z Cache hit for: gradle-transforms-v1-f7e638c46ec95ffbdcb7de3562afa08d
2025-04-10T18:23:36.3559752Z Cache hit for: gradle-kotlin-dsl-v1-40ce75a9feb655a965a1b75886a5851c
2025-04-10T18:23:36.3563464Z Cache hit for: gradle-wrapper-zips-v1-27b0df0fa405636de00fcbfa0ab79410
2025-04-10T18:23:36.3584850Z Cache hit for: gradle-generated-gradle-jars-v1-697f81ec8d80712ce7da03f513960371
2025-04-10T18:23:36.4521917Z Received 75499 of 75499 (100.0%), 1.4 MBs/sec
2025-04-10T18:23:36.4522557Z Cache Size: ~0 MB (75499 B)
2025-04-10T18:23:36.5745963Z Received 124767 of 124767 (100.0%), 1.0 MBs/sec
2025-04-10T18:23:36.5746616Z Cache Size: ~0 MB (124767 B)
2025-04-10T18:23:36.7000424Z Received 2680462 of 2680462 (100.0%), 9.9 MBs/sec
2025-04-10T18:23:36.7001330Z Cache Size: ~3 MB (2680462 B)
2025-04-10T18:23:37.2637087Z Received 40868785 of 40868785 (100.0%), 52.6 MBs/sec
2025-04-10T18:23:37.2638355Z Cache Size: ~39 MB (40868785 B)
2025-04-10T18:23:37.3841974Z Received 92274688 of 922933473 (10.0%), 87.6 MBs/sec
2025-04-10T18:23:37.3846114Z [command]/usr/bin/tar -xf /home/runner/work/_temp/0f416761-6df3-4d2c-afa7-75eba4b53f2c/cache.tzst -P -C /home/runner/work/okhttp/okhttp --use-compress-program unzstd
2025-04-10T18:23:37.4332444Z Received 92274688 of 186820111 (49.4%), 85.9 MBs/sec
2025-04-10T18:23:37.4333310Z Received 71303168 of 172283988 (41.4%), 67.6 MBs/sec
2025-04-10T18:23:37.4644127Z Cache restored successfully
2025-04-10T18:23:37.5018340Z Restored cache entry with key gradle-instrumented-jars-v1-737a1b930abd2515b7524007a6c41f22 to /home/runner/.gradle/caches/jars-*/*/ in 1227ms
2025-04-10T18:23:37.5663327Z [command]/usr/bin/tar -xf /home/runner/work/_temp/98565b4f-f013-42a5-aedd-e63439769d15/cache.tzst -P -C /home/runner/work/okhttp/okhttp --use-compress-program unzstd
2025-04-10T18:23:37.7311256Z Cache restored successfully
2025-04-10T18:23:37.8594393Z Restored cache entry with key gradle-groovy-dsl-v1-911c2ff7bf28f9032753ebb54d2ebea7 to /home/runner/.gradle/caches/*/groovy-dsl/*/ in 1584ms
2025-04-10T18:23:37.8958250Z [command]/usr/bin/tar -xf /home/runner/work/_temp/5b836dc0-89fe-4fdd-83cd-7c35f0fe3c64/cache.tzst -P -C /home/runner/work/okhttp/okhttp --use-compress-program unzstd
2025-04-10T18:23:38.3982923Z Received 201326592 of 922933473 (21.8%), 95.1 MBs/sec
2025-04-10T18:23:38.4373869Z Received 186820111 of 186820111 (100.0%), 87.9 MBs/sec
2025-04-10T18:23:38.4374530Z Cache Size: ~178 MB (186820111 B)
2025-04-10T18:23:38.4407453Z Received 168089684 of 172283988 (97.6%), 79.6 MBs/sec
2025-04-10T18:23:38.4411099Z [command]/usr/bin/tar -xf /home/runner/work/_temp/73ef4392-47f0-4266-9a47-883b62f2f102/cache.tzst -P -C /home/runner/work/okhttp/okhttp --use-compress-program unzstd
2025-04-10T18:23:38.5111792Z Received 172283988 of 172283988 (100.0%), 78.9 MBs/sec
2025-04-10T18:23:38.5116150Z Cache Size: ~164 MB (172283988 B)
2025-04-10T18:23:38.6080077Z [command]/usr/bin/tar -xf /home/runner/work/_temp/e50db801-a591-48e2-97b0-c35c18b543fe/cache.tzst -P -C /home/runner/work/okhttp/okhttp --use-compress-program unzstd
2025-04-10T18:23:38.6163470Z [command]/usr/bin/tar -xf /home/runner/work/_temp/2551f03c-147d-444a-a3d8-46346b0133ce/cache.tzst -P -C /home/runner/work/okhttp/okhttp --use-compress-program unzstd
2025-04-10T18:23:39.0676724Z Cache restored successfully
2025-04-10T18:23:39.0954726Z Restored cache entry with key gradle-generated-gradle-jars-v1-697f81ec8d80712ce7da03f513960371 to /home/runner/.gradle/caches/8.13/generated-gradle-jars/gradle-api-8.13.jar in 2821ms
2025-04-10T18:23:39.3995579Z Received 356515840 of 922933473 (38.6%), 112.6 MBs/sec
2025-04-10T18:23:40.3999316Z Received 536870912 of 922933473 (58.2%), 127.4 MBs/sec
2025-04-10T18:23:41.3693239Z Cache restored successfully
2025-04-10T18:23:41.3707848Z Restored cache entry with key gradle-kotlin-dsl-v1-40ce75a9feb655a965a1b75886a5851c to /home/runner/.gradle/caches/*/kotlin-dsl/accessors/*/,/home/runner/.gradle/caches/*/kotlin-dsl/scripts/*/ in 5095ms
2025-04-10T18:23:41.4059595Z Received 763363328 of 922933473 (82.7%), 144.8 MBs/sec
2025-04-10T18:23:42.4014020Z Received 922933473 of 922933473 (100.0%), 146.2 MBs/sec
2025-04-10T18:23:42.4016455Z Cache Size: ~880 MB (922933473 B)
2025-04-10T18:23:42.4156791Z [command]/usr/bin/tar -xf /home/runner/work/_temp/7292f3cd-41f6-4522-b855-e84057483ff6/cache.tzst -P -C /home/runner/work/okhttp/okhttp --use-compress-program unzstd
2025-04-10T18:23:44.4142838Z Cache restored successfully
2025-04-10T18:23:44.4560972Z Restored cache entry with key gradle-transforms-v1-f7e638c46ec95ffbdcb7de3562afa08d to /home/runner/.gradle/caches/transforms-4/*/,/home/runner/.gradle/caches/*/transforms/*/ in 8180ms
2025-04-10T18:23:44.7103723Z Cache restored successfully
2025-04-10T18:23:44.7555601Z Restored cache entry with key gradle-wrapper-zips-v1-27b0df0fa405636de00fcbfa0ab79410 to /home/runner/.gradle/wrapper/dists/gradle-8.13-all/54h0s9kvb6g2sinako7ub77ku in 8481ms
2025-04-10T18:23:45.5680227Z Cache restored successfully
2025-04-10T18:23:45.7597351Z Restored cache entry with key gradle-dependencies-v1-c295e3ee0586f3321b6f827295e0e0eb to /home/runner/.gradle/caches/modules-*/files-*/*/*/*/* in 9485ms
2025-04-10T18:23:45.8087229Z ##[endgroup]
2025-04-10T18:23:45.8436488Z ##[group]All Gradle Wrapper jars are valid
2025-04-10T18:23:45.8437694Z âœ“ Found known Gradle Wrapper JAR files:
2025-04-10T18:23:45.8438695Z   81a82aaea5abcc8ff68b3dfcb58b3c3c429378efd98e7433460610fecd7ae45f gradle/wrapper/gradle-wrapper.jar
2025-04-10T18:23:45.8439872Z ##[endgroup]
2025-04-10T18:23:45.8615079Z ##[group]Run ./gradlew check -PandroidBuild=true -PgraalBuild=true -x test -x test
2025-04-10T18:23:45.8616042Z [36;1m./gradlew check -PandroidBuild=true -PgraalBuild=true -x test -x test[0m
2025-04-10T18:23:45.8666766Z shell: /usr/bin/bash -e {0}
2025-04-10T18:23:45.8667069Z env:
2025-04-10T18:23:45.8667517Z   GRADLE_OPTS: -Dorg.gradle.jvmargs=-Xmx4g -Dorg.gradle.daemon=false -Dkotlin.incremental=false
2025-04-10T18:23:45.8668207Z   JAVA_HOME: /opt/hostedtoolcache/graalvm-jdk-21_linux-x64_bin/21.0.0/x64/graalvm-jdk-21.0.6+8.1
2025-04-10T18:23:45.8668788Z   JAVA_HOME_11_X64: /opt/hostedtoolcache/Java_Zulu_jdk/11.0.26-4/x64
2025-04-10T18:23:45.8669240Z   JAVA_HOME_17_X64: /opt/hostedtoolcache/Java_Zulu_jdk/17.0.14-7/x64
2025-04-10T18:23:45.8669809Z   GRAALVM_HOME: /opt/hostedtoolcache/graalvm-jdk-21_linux-x64_bin/21.0.0/x64/graalvm-jdk-21.0.6+8.1
2025-04-10T18:23:45.8670423Z   NATIVE_IMAGE_CONFIG_FILE: /tmp/native-image-options.properties
2025-04-10T18:23:45.8671179Z   GRADLE_ACTION_ID: gradle/actions/setup-gradle
2025-04-10T18:23:45.8671547Z   GRADLE_USER_HOME: /home/runner/.gradle
2025-04-10T18:23:45.8671882Z   GRADLE_BUILD_ACTION_SETUP_COMPLETED: true
2025-04-10T18:23:45.8672214Z   GRADLE_BUILD_ACTION_CACHE_RESTORED: true
2025-04-10T18:23:45.8672682Z   DEVELOCITY_INJECTION_INIT_SCRIPT_NAME: gradle-actions.inject-develocity.init.gradle
2025-04-10T18:23:45.8673198Z   DEVELOCITY_AUTO_INJECTION_CUSTOM_VALUE: gradle-actions
2025-04-10T18:23:45.8673562Z   GITHUB_DEPENDENCY_GRAPH_ENABLED: false
2025-04-10T18:23:45.8673870Z ##[endgroup]
2025-04-10T18:23:46.6122116Z To honour the JVM settings for this build a single-use Daemon process will be forked. For more on this, please refer to https://docs.gradle.org/8.13/userguide/gradle_daemon.html#sec:disabling_the_daemon in the Gradle documentation.
2025-04-10T18:23:47.8097923Z Daemon will be stopped at the end of the build 
2025-04-10T18:23:51.9089483Z Type-safe project accessors is an incubating feature.
2025-04-10T18:23:54.1132472Z > Task :buildSrc:checkKotlinGradlePluginConfigurationErrors SKIPPED
2025-04-10T18:23:54.3089804Z > Task :buildSrc:compileKotlin FROM-CACHE
2025-04-10T18:23:54.3101782Z > Task :buildSrc:compileJava NO-SOURCE
2025-04-10T18:23:54.3102551Z > Task :buildSrc:compileGroovy NO-SOURCE
2025-04-10T18:23:54.3105105Z > Task :buildSrc:pluginDescriptors
2025-04-10T18:23:54.3105677Z > Task :buildSrc:processResources NO-SOURCE
2025-04-10T18:23:54.3106258Z > Task :buildSrc:classes UP-TO-DATE
2025-04-10T18:23:54.4096526Z 
2025-04-10T18:23:54.4100783Z > Task :buildSrc:jar
2025-04-10T18:23:54.4101857Z :jar: No valid plugin descriptors were found in META-INF/gradle-plugins
2025-04-10T18:24:10.0087645Z 
2025-04-10T18:24:10.0097052Z > Configure project :
2025-04-10T18:24:10.0100236Z warning: Dokka Gradle plugin V1 is deprecated
2025-04-10T18:24:10.0102646Z     
2025-04-10T18:24:10.0103809Z     Dokka Gradle plugin V1 is deprecated, and will be removed in Dokka version 2.1.0
2025-04-10T18:24:10.0104872Z     Please migrate to Dokka Gradle plugin V2. This will require updating your project.
2025-04-10T18:24:10.0105949Z     To learn about migrating read the migration guide https://kotl.in/dokka-gradle-migration
2025-04-10T18:24:10.0106727Z     
2025-04-10T18:24:10.0107200Z     To start migrating to Dokka Gradle plugin V2 add
2025-04-10T18:24:10.0112078Z         org.jetbrains.dokka.experimental.gradle.pluginMode=V2EnabledWithHelpers
2025-04-10T18:24:10.0112995Z     into your project's `gradle.properties` file.
2025-04-10T18:24:10.0113613Z     
2025-04-10T18:24:10.0114027Z     We would appreciate your feedback!
2025-04-10T18:24:10.0114784Z      - Please report any feedback or problems https://kotl.in/dokka-issues
2025-04-10T18:24:10.0116022Z      - Chat with the community visit #dokka in https://kotlinlang.slack.com/ (To sign up visit https://kotl.in/slack)
2025-04-10T18:24:10.0117028Z     
2025-04-10T18:24:29.8088531Z 
2025-04-10T18:24:29.8091848Z > Configure project :regression-test
2025-04-10T18:24:29.8094663Z w: file:///home/runner/work/okhttp/okhttp/regression-test/build.gradle.kts:13:5: 'targetSdk: Int?' is deprecated. Will be removed from library DSL in v9.0. Use testOptions.targetSdk or/and lint.targetSdk instead
2025-04-10T18:24:45.7124131Z 
2025-04-10T18:24:45.7125479Z > Task :okhttp-idna-mapping-table:checkKotlinGradlePluginConfigurationErrors SKIPPED
2025-04-10T18:24:45.7126907Z > Task :okhttp:checkKotlinGradlePluginConfigurationErrors SKIPPED
2025-04-10T18:24:45.7127954Z > Task :android-test:preBuild UP-TO-DATE
2025-04-10T18:24:45.7128925Z > Task :android-test:preDebugBuild UP-TO-DATE
2025-04-10T18:24:45.7129853Z > Task :spotlessInternalRegisterDependencies
2025-04-10T18:24:45.8094291Z > Task :android-test:mergeDebugJniLibFolders
2025-04-10T18:24:45.8095045Z > Task :android-test:mergeDebugNativeLibs NO-SOURCE
2025-04-10T18:24:45.8095779Z > Task :android-test:stripDebugDebugSymbols NO-SOURCE
2025-04-10T18:24:45.9130001Z > Task :android-test:copyDebugJniLibsProjectAndLocalJars
2025-04-10T18:24:45.9131362Z > Task :android-test:checkKotlinGradlePluginConfigurationErrors SKIPPED
2025-04-10T18:24:45.9132302Z > Task :android-test:generateDebugResValues
2025-04-10T18:24:45.9132921Z > Task :android-test:generateDebugResources
2025-04-10T18:24:46.0090777Z > Task :android-test:packageDebugResources
2025-04-10T18:24:46.2091415Z > Task :okhttp:copyKotlinTemplates
2025-04-10T18:24:46.2108536Z > Task :okhttp:preBuild UP-TO-DATE
2025-04-10T18:24:46.2109166Z > Task :okhttp:preDebugBuild UP-TO-DATE
2025-04-10T18:24:46.2109922Z > Task :okhttp:generateDebugResValues FROM-CACHE
2025-04-10T18:24:46.2110576Z > Task :okhttp:generateDebugResources
2025-04-10T18:24:46.2111382Z > Task :okhttp:packageDebugResources
2025-04-10T18:24:46.7127190Z > Task :okhttp:parseDebugLocalResources
2025-04-10T18:24:46.7132325Z > Task :android-test:parseDebugLocalResources
2025-04-10T18:24:46.7133523Z > Task :okhttp:generateDebugRFile
2025-04-10T18:24:46.7134221Z > Task :android-test:generateDebugRFile
2025-04-10T18:24:46.7134852Z > Task :android-test:extractDeepLinksForAarDebug
2025-04-10T18:24:46.7135491Z > Task :android-test:mergeDebugShaders
2025-04-10T18:24:46.7136058Z > Task :okhttp:javaPreCompileDebug
2025-04-10T18:24:46.7136669Z > Task :android-test:compileDebugShaders NO-SOURCE
2025-04-10T18:24:46.7137333Z > Task :android-test:generateDebugAssets UP-TO-DATE
2025-04-10T18:24:46.7137946Z > Task :okhttp:mergeDebugJniLibFolders
2025-04-10T18:24:46.7138515Z > Task :android-test:mergeDebugAssets
2025-04-10T18:24:46.7139127Z > Task :okhttp:mergeDebugNativeLibs NO-SOURCE
2025-04-10T18:24:46.7139786Z > Task :android-test:javaPreCompileDebug FROM-CACHE
2025-04-10T18:24:46.7153291Z > Task :okhttp:stripDebugDebugSymbols NO-SOURCE
2025-04-10T18:24:46.7157046Z > Task :android-test:prepareDebugArtProfile
2025-04-10T18:24:46.8093955Z > Task :okhttp:copyDebugJniLibsProjectAndLocalJars
2025-04-10T18:24:46.8095050Z > Task :okhttp:extractDeepLinksForAarDebug FROM-CACHE
2025-04-10T18:24:46.8096689Z > Task :android-test:prepareLintJarForPublish
2025-04-10T18:24:46.8097432Z > Task :okhttp:mergeDebugShaders
2025-04-10T18:24:46.8098154Z > Task :okhttp:compileDebugShaders NO-SOURCE
2025-04-10T18:24:46.8098908Z > Task :android-test:writeDebugAarMetadata
2025-04-10T18:24:46.8099641Z > Task :okhttp:debugAssetsCopyForAGP NO-SOURCE
2025-04-10T18:24:46.8111701Z > Task :okhttp:generateDebugAssets UP-TO-DATE
2025-04-10T18:24:46.9098191Z > Task :okhttp:mergeDebugAssets
2025-04-10T18:24:46.9099201Z > Task :okhttp:prepareDebugArtProfile
2025-04-10T18:24:46.9124509Z > Task :okhttp:prepareLintJarForPublish
2025-04-10T18:24:46.9125144Z 
2025-04-10T18:24:46.9125552Z > Task :android-test:processDebugManifest
2025-04-10T18:24:46.9126963Z package="okhttp.android.test" found in source AndroidManifest.xml: /home/runner/work/okhttp/okhttp/android-test/src/main/AndroidManifest.xml.
2025-04-10T18:24:46.9128790Z Setting the namespace via the package attribute in the source AndroidManifest.xml is no longer supported, and the value is ignored.
2025-04-10T18:24:46.9131361Z Recommendation: remove package="okhttp.android.test" from the source AndroidManifest.xml: /home/runner/work/okhttp/okhttp/android-test/src/main/AndroidManifest.xml.
2025-04-10T18:24:46.9137778Z 
2025-04-10T18:24:46.9143257Z > Task :android-test:preDebugAndroidTestBuild UP-TO-DATE
2025-04-10T18:24:46.9146471Z > Task :android-test:generateDebugAndroidTestResValues FROM-CACHE
2025-04-10T18:24:46.9154193Z > Task :android-test:writeDebugLintModelMetadata
2025-04-10T18:24:46.9155359Z > Task :okhttp:writeDebugAarMetadata
2025-04-10T18:24:46.9165639Z > Task :android-test:writeFiltersDebugAndroidTest
2025-04-10T18:24:46.9166079Z 
2025-04-10T18:24:46.9166300Z > Task :okhttp:processDebugManifest
2025-04-10T18:24:46.9167450Z package="okhttp.okhttp3" found in source AndroidManifest.xml: /home/runner/work/okhttp/okhttp/okhttp/src/androidMain/AndroidManifest.xml.
2025-04-10T18:24:46.9169097Z Setting the namespace via the package attribute in the source AndroidManifest.xml is no longer supported, and the value is ignored.
2025-04-10T18:24:46.9171072Z Recommendation: remove package="okhttp.okhttp3" from the source AndroidManifest.xml: /home/runner/work/okhttp/okhttp/okhttp/src/androidMain/AndroidManifest.xml.
2025-04-10T18:24:46.9172099Z 
2025-04-10T18:24:46.9172569Z > Task :logging-interceptor:checkKotlinGradlePluginConfigurationErrors SKIPPED
2025-04-10T18:24:46.9173509Z > Task :logging-interceptor:processResources NO-SOURCE
2025-04-10T18:24:46.9174186Z > Task :logging-interceptor:writeJvmLintModelMetadata
2025-04-10T18:24:46.9175002Z > Task :mockwebserver3:checkKotlinGradlePluginConfigurationErrors SKIPPED
2025-04-10T18:24:46.9175854Z > Task :mockwebserver3:processResources NO-SOURCE
2025-04-10T18:24:47.0112728Z > Task :mockwebserver3:writeJvmLintModelMetadata
2025-04-10T18:24:47.0115741Z > Task :mockwebserver3-junit4:checkKotlinGradlePluginConfigurationErrors SKIPPED
2025-04-10T18:24:47.0117990Z > Task :mockwebserver3-junit4:processResources NO-SOURCE
2025-04-10T18:24:47.0127419Z > Task :okhttp:jvmProcessResources
2025-04-10T18:24:47.0128485Z > Task :okhttp:processJvmMainResources SKIPPED
2025-04-10T18:24:47.0129186Z > Task :mockwebserver3-junit4:writeJvmLintModelMetadata
2025-04-10T18:24:47.0130041Z > Task :mockwebserver3-junit5:checkKotlinGradlePluginConfigurationErrors SKIPPED
2025-04-10T18:24:47.0149488Z > Task :okhttp:writeDebugLintModelMetadata
2025-04-10T18:24:47.0158766Z > Task :okhttp-brotli:checkKotlinGradlePluginConfigurationErrors SKIPPED
2025-04-10T18:24:47.0159720Z > Task :okhttp-brotli:processResources NO-SOURCE
2025-04-10T18:24:47.0160407Z > Task :mockwebserver3-junit5:processResources
2025-04-10T18:24:47.0161303Z > Task :okhttp-brotli:writeJvmLintModelMetadata
2025-04-10T18:24:47.0162177Z > Task :okhttp-dnsoverhttps:checkKotlinGradlePluginConfigurationErrors SKIPPED
2025-04-10T18:24:47.0163088Z > Task :okhttp-dnsoverhttps:processResources NO-SOURCE
2025-04-10T18:24:47.0163858Z > Task :mockwebserver3-junit5:writeJvmLintModelMetadata
2025-04-10T18:24:47.0165113Z > Task :okhttp-sse:checkKotlinGradlePluginConfigurationErrors SKIPPED
2025-04-10T18:24:47.0165941Z > Task :okhttp-sse:processResources NO-SOURCE
2025-04-10T18:24:47.0166636Z > Task :okhttp-dnsoverhttps:writeJvmLintModelMetadata
2025-04-10T18:24:47.0167574Z > Task :okhttp-testing-support:checkKotlinGradlePluginConfigurationErrors SKIPPED
2025-04-10T18:24:47.0168604Z > Task :okhttp-tls:checkKotlinGradlePluginConfigurationErrors SKIPPED
2025-04-10T18:24:47.0169404Z > Task :okhttp-tls:processResources NO-SOURCE
2025-04-10T18:24:47.0170014Z > Task :okhttp-sse:writeJvmLintModelMetadata
2025-04-10T18:24:47.0184464Z > Task :okhttp-tls:writeJvmLintModelMetadata
2025-04-10T18:24:47.0185200Z > Task :okhttp-testing-support:processResources
2025-04-10T18:24:47.0185932Z > Task :okhttp-testing-support:writeJvmLintModelMetadata
2025-04-10T18:24:47.0186622Z > Task :android-test:extractProguardFiles
2025-04-10T18:24:47.0187303Z > Task :android-test:preDebugUnitTestBuild UP-TO-DATE
2025-04-10T18:24:47.0187984Z > Task :okhttp:extractProguardFiles
2025-04-10T18:24:47.0188605Z > Task :okhttp:preDebugAndroidTestBuild UP-TO-DATE
2025-04-10T18:24:47.0189627Z > Task :okhttp:generateDebugAndroidTestResValues FROM-CACHE
2025-04-10T18:24:47.0190371Z > Task :okhttp:preDebugUnitTestBuild UP-TO-DATE
2025-04-10T18:24:47.0191233Z > Task :okhttp:preReleaseBuild UP-TO-DATE
2025-04-10T18:24:47.1113624Z > Task :okhttp:mergeReleaseJniLibFolders
2025-04-10T18:24:47.1127093Z > Task :okhttp:mergeReleaseNativeLibs NO-SOURCE
2025-04-10T18:24:47.1127794Z > Task :okhttp:stripReleaseDebugSymbols NO-SOURCE
2025-04-10T18:24:47.1128488Z > Task :okhttp:copyReleaseJniLibsProjectAndLocalJars
2025-04-10T18:24:47.1129258Z > Task :okhttp:generateReleaseResValues FROM-CACHE
2025-04-10T18:24:47.1130031Z > Task :okhttp:extractDeepLinksForAarRelease FROM-CACHE
2025-04-10T18:24:47.1130962Z > Task :okhttp:generateReleaseResources
2025-04-10T18:24:47.1131614Z > Task :okhttp:packageReleaseResources
2025-04-10T18:24:47.1132302Z > Task :android-test-app:buildKotlinToolingMetadata
2025-04-10T18:24:47.1133203Z > Task :android-test-app:checkKotlinGradlePluginConfigurationErrors SKIPPED
2025-04-10T18:24:47.1134088Z > Task :android-test-app:preBuild UP-TO-DATE
2025-04-10T18:24:47.1134801Z > Task :android-test-app:preReleaseBuild UP-TO-DATE
2025-04-10T18:24:47.1135597Z > Task :android-test-app:generateReleaseResValues FROM-CACHE
2025-04-10T18:24:47.1136375Z > Task :okhttp:parseReleaseLocalResources FROM-CACHE
2025-04-10T18:24:47.1137092Z > Task :okhttp:generateReleaseRFile FROM-CACHE
2025-04-10T18:24:47.1137661Z > Task :okhttp:mergeReleaseShaders
2025-04-10T18:24:47.2114889Z > Task :okhttp:compileReleaseShaders NO-SOURCE
2025-04-10T18:24:47.2115601Z > Task :okhttp:generateReleaseAssets UP-TO-DATE
2025-04-10T18:24:47.2116288Z > Task :okhttp:releaseAssetsCopyForAGP NO-SOURCE
2025-04-10T18:24:47.2117977Z > Task :okhttp:mergeReleaseAssets
2025-04-10T18:24:47.2118979Z > Task :okhttp:javaPreCompileRelease FROM-CACHE
2025-04-10T18:24:47.2120120Z > Task :okhttp:prepareReleaseArtProfile
2025-04-10T18:24:47.2121593Z > Task :okhttp:processReleaseManifest FROM-CACHE
2025-04-10T18:24:47.2122544Z > Task :okhttp:writeReleaseAarMetadata
2025-04-10T18:24:47.2123934Z > Task :okhttp:extractDeepLinksRelease
2025-04-10T18:24:47.2125961Z > Task :okhttp:writeReleaseLintModelMetadata
2025-04-10T18:24:47.2130132Z > Task :okhttp:preReleaseUnitTestBuild UP-TO-DATE
2025-04-10T18:24:47.2131430Z > Task :container-tests:check
2025-04-10T18:24:47.2132703Z > Task :logging-interceptor:sympathyForMrMaven
2025-04-10T18:24:47.2133831Z > Task :mockwebserver:checkKotlinGradlePluginConfigurationErrors SKIPPED
2025-04-10T18:24:47.2135427Z > Task :mockwebserver:processResources NO-SOURCE
2025-04-10T18:24:47.2136361Z > Task :mockwebserver:sympathyForMrMaven
2025-04-10T18:24:47.2137707Z > Task :mockwebserver3:sympathyForMrMaven
2025-04-10T18:24:47.3089298Z > Task :mockwebserver3-junit4:sympathyForMrMaven
2025-04-10T18:24:47.3096336Z > Task :mockwebserver3-junit5:sympathyForMrMaven
2025-04-10T18:24:47.3098065Z > Task :native-image-tests:checkKotlinGradlePluginConfigurationErrors SKIPPED
2025-04-10T18:24:47.3100487Z > Task :okhttp-java-net-cookiejar:checkKotlinGradlePluginConfigurationErrors SKIPPED
2025-04-10T18:24:47.3101745Z > Task :okhttp-java-net-cookiejar:processResources NO-SOURCE
2025-04-10T18:24:47.3102531Z > Task :native-image-tests:processResources NO-SOURCE
2025-04-10T18:24:47.3103256Z > Task :mockwebserver:writeJvmLintModelMetadata
2025-04-10T18:24:47.3106646Z > Task :okhttp-java-net-cookiejar:writeJvmLintModelMetadata
2025-04-10T18:24:48.0132248Z > Task :native-image-tests:sympathyForMrMaven
2025-04-10T18:24:48.0156143Z > Task :okcurl:checkKotlinGradlePluginConfigurationErrors SKIPPED
2025-04-10T18:24:48.1132302Z > Task :android-test-app:mapReleaseSourceSetPaths
2025-04-10T18:24:48.1164069Z > Task :okcurl:copyResourcesTemplates
2025-04-10T18:24:48.1164953Z > Task :okcurl:processResources
2025-04-10T18:24:48.1165544Z > Task :okcurl:sympathyForMrMaven
2025-04-10T18:24:48.1166420Z > Task :okhttp-coroutines:checkKotlinGradlePluginConfigurationErrors SKIPPED
2025-04-10T18:24:48.1167317Z > Task :okhttp-coroutines:processResources NO-SOURCE
2025-04-10T18:24:48.1168535Z > Task :okhttp-urlconnection:checkKotlinGradlePluginConfigurationErrors SKIPPED
2025-04-10T18:24:48.1169503Z > Task :okhttp-urlconnection:processResources NO-SOURCE
2025-04-10T18:24:48.2087561Z > Task :okhttp:jvmTestProcessResources
2025-04-10T18:24:48.2088769Z > Task :okhttp:processJvmTestResources SKIPPED
2025-04-10T18:24:48.3101896Z > Task :android-test-app:checkReleaseAarMetadata
2025-04-10T18:24:48.3102872Z > Task :okhttp:checkDebugUnitTestAarMetadata
2025-04-10T18:24:48.3103654Z > Task :android-test-app:generateReleaseResources
2025-04-10T18:24:48.6088241Z > Task :okhttp:compileDebugLibraryResources
2025-04-10T18:24:48.6089419Z > Task :okhttp:generateDebugUnitTestResValues FROM-CACHE
2025-04-10T18:24:48.6090362Z > Task :okhttp:mapDebugUnitTestSourceSetPaths
2025-04-10T18:24:48.6096352Z > Task :okhttp:generateDebugUnitTestResources
2025-04-10T18:24:49.1087570Z > Task :okhttp:mergeDebugUnitTestResources
2025-04-10T18:24:49.1088627Z > Task :okhttp:extractDeepLinksDebug FROM-CACHE
2025-04-10T18:24:49.3087272Z > Task :okhttp:processDebugUnitTestManifest
2025-04-10T18:24:50.4088408Z > Task :android-test-app:mergeReleaseResources
2025-04-10T18:24:50.5088707Z > Task :android-test-app:packageReleaseResources
2025-04-10T18:24:50.6107190Z > Task :okhttp:processDebugUnitTestResources
2025-04-10T18:24:50.6113032Z > Task :android-test-app:createReleaseCompatibleScreenManifests
2025-04-10T18:24:50.7088175Z > Task :android-test-app:extractDeepLinksRelease FROM-CACHE
2025-04-10T18:24:50.8102287Z > Task :android-test-app:parseReleaseLocalResources
2025-04-10T18:24:50.8103065Z > Task :okhttp:javaPreCompileDebugUnitTest FROM-CACHE
2025-04-10T18:24:50.8105571Z > Task :okhttp:generateDebugUnitTestAssets UP-TO-DATE
2025-04-10T18:24:50.9087749Z > Task :okhttp:mergeDebugUnitTestAssets
2025-04-10T18:24:51.0106990Z > Task :okhttp:packageDebugUnitTestForUnitTest
2025-04-10T18:24:51.0112294Z > Task :okhttp:generateDebugUnitTestConfig
2025-04-10T18:24:51.0113065Z 
2025-04-10T18:24:51.0125031Z > Task :android-test-app:processReleaseMainManifest
2025-04-10T18:24:51.0140130Z package="okhttp.android.testapp" found in source AndroidManifest.xml: /home/runner/work/okhttp/okhttp/android-test-app/src/main/AndroidManifest.xml.
2025-04-10T18:24:51.0142145Z Setting the namespace via the package attribute in the source AndroidManifest.xml is no longer supported, and the value is ignored.
2025-04-10T18:24:51.0144029Z Recommendation: remove package="okhttp.android.testapp" from the source AndroidManifest.xml: /home/runner/work/okhttp/okhttp/android-test-app/src/main/AndroidManifest.xml.
2025-04-10T18:24:51.0145155Z 
2025-04-10T18:24:51.0145414Z > Task :okhttp:checkReleaseUnitTestAarMetadata
2025-04-10T18:24:51.1093828Z > Task :okhttp:compileReleaseLibraryResources
2025-04-10T18:24:51.1094822Z > Task :android-test-app:processReleaseManifest
2025-04-10T18:24:51.1096581Z > Task :okhttp:generateReleaseUnitTestResValues FROM-CACHE
2025-04-10T18:24:51.1097707Z > Task :okhttp:mapReleaseUnitTestSourceSetPaths
2025-04-10T18:24:51.1164355Z > Task :android-test-app:javaPreCompileRelease FROM-CACHE
2025-04-10T18:24:51.1165243Z > Task :android-test-app:preReleaseAndroidTestBuild SKIPPED
2025-04-10T18:24:51.1166105Z > Task :android-test-app:generateReleaseAndroidTestResValues FROM-CACHE
2025-04-10T18:24:51.1166984Z > Task :android-test-app:processReleaseManifestForPackage
2025-04-10T18:24:51.1167681Z > Task :okhttp:generateReleaseUnitTestResources
2025-04-10T18:24:51.3093996Z > Task :okhttp:mergeReleaseUnitTestResources
2025-04-10T18:24:51.3095501Z > Task :okhttp:processReleaseUnitTestManifest
2025-04-10T18:24:51.3096113Z > Task :android-test-app:extractProguardFiles
2025-04-10T18:24:51.3096779Z > Task :android-test-app:preReleaseUnitTestBuild UP-TO-DATE
2025-04-10T18:24:51.5088152Z > Task :okhttp:processReleaseUnitTestResources
2025-04-10T18:24:51.6094344Z > Task :okhttp:javaPreCompileReleaseUnitTest FROM-CACHE
2025-04-10T18:24:51.6095328Z > Task :okhttp:generateReleaseUnitTestAssets UP-TO-DATE
2025-04-10T18:24:51.6096432Z > Task :okhttp:mergeReleaseUnitTestAssets
2025-04-10T18:24:51.6102147Z > Task :okhttp:packageReleaseUnitTestForUnitTest
2025-04-10T18:24:51.6102831Z > Task :okhttp:generateReleaseUnitTestConfig
2025-04-10T18:24:51.6103421Z > Task :okhttp:compileJava NO-SOURCE
2025-04-10T18:24:51.6105163Z > Task :okhttp:processResources
2025-04-10T18:24:51.6105707Z > Task :okhttp:classes
2025-04-10T18:24:51.6106267Z > Task :android-test-app:processReleaseResources
2025-04-10T18:24:51.6106890Z > Task :okhttp-bom:check UP-TO-DATE
2025-04-10T18:24:51.6107450Z > Task :okhttp-brotli:sympathyForMrMaven
2025-04-10T18:24:51.7092703Z > Task :okhttp-coroutines:sympathyForMrMaven
2025-04-10T18:24:51.7093421Z > Task :okhttp-dnsoverhttps:sympathyForMrMaven
2025-04-10T18:24:51.7094266Z > Task :okhttp-hpacktests:checkKotlinGradlePluginConfigurationErrors SKIPPED
2025-04-10T18:24:51.7095102Z > Task :okhttp-hpacktests:compileKotlin NO-SOURCE
2025-04-10T18:24:51.7131539Z > Task :okhttp-hpacktests:compileJava NO-SOURCE
2025-04-10T18:24:51.7132276Z > Task :okhttp-hpacktests:processResources NO-SOURCE
2025-04-10T18:24:51.7132938Z > Task :okhttp-hpacktests:classes UP-TO-DATE
2025-04-10T18:24:51.7133589Z > Task :okhttp-hpacktests:animalsnifferMain SKIPPED
2025-04-10T18:24:51.7134259Z > Task :okhttp-hpacktests:checkstyleMain NO-SOURCE
2025-04-10T18:24:51.8121971Z > Task :okhttp-hpacktests:generateJvmMainLintModel
2025-04-10T18:24:52.4089438Z > Task :okhttp-hpacktests:jar
2025-04-10T18:24:53.6098810Z 
2025-04-10T18:24:53.6107327Z > Task :okhttp:animalsnifferMain
2025-04-10T18:24:53.6108901Z [/home/runner/work/okhttp/okhttp/okhttp/src/androidDebug/kotlin, /home/runner/work/okhttp/okhttp/okhttp/src/debug/java, /home/runner/work/okhttp/okhttp/okhttp/src/debug/kotlin]
2025-04-10T18:24:53.6111685Z [/home/runner/work/okhttp/okhttp/okhttp/src/androidInstrumentedTest/kotlin, /home/runner/work/okhttp/okhttp/okhttp/src/androidTest/java, /home/runner/work/okhttp/okhttp/okhttp/src/androidTest/kotlin]
2025-04-10T18:24:53.6114843Z [/home/runner/work/okhttp/okhttp/okhttp/src/androidInstrumentedTestDebug/kotlin, /home/runner/work/okhttp/okhttp/okhttp/src/androidTestDebug/java, /home/runner/work/okhttp/okhttp/okhttp/src/androidTestDebug/kotlin]
2025-04-10T18:24:53.6117735Z [/home/runner/work/okhttp/okhttp/okhttp/src/androidMain/kotlin, /home/runner/work/okhttp/okhttp/okhttp/src/main/java, /home/runner/work/okhttp/okhttp/okhttp/src/main/kotlin]
2025-04-10T18:24:53.6120306Z [/home/runner/work/okhttp/okhttp/okhttp/src/androidRelease/kotlin, /home/runner/work/okhttp/okhttp/okhttp/src/release/java, /home/runner/work/okhttp/okhttp/okhttp/src/release/kotlin]
2025-04-10T18:24:53.6123067Z [/home/runner/work/okhttp/okhttp/okhttp/src/androidUnitTest/kotlin, /home/runner/work/okhttp/okhttp/okhttp/src/test/java, /home/runner/work/okhttp/okhttp/okhttp/src/test/kotlin]
2025-04-10T18:24:53.6125741Z [/home/runner/work/okhttp/okhttp/okhttp/src/androidUnitTestDebug/kotlin, /home/runner/work/okhttp/okhttp/okhttp/src/testDebug/java, /home/runner/work/okhttp/okhttp/okhttp/src/testDebug/kotlin]
2025-04-10T18:24:53.6129103Z [/home/runner/work/okhttp/okhttp/okhttp/src/androidUnitTestRelease/kotlin, /home/runner/work/okhttp/okhttp/okhttp/src/testRelease/java, /home/runner/work/okhttp/okhttp/okhttp/src/testRelease/kotlin]
2025-04-10T18:24:53.6147397Z [/home/runner/work/okhttp/okhttp/okhttp/src/commonJvmAndroid/kotlin, /home/runner/work/okhttp/okhttp/okhttp/build/generated/sources/kotlinTemplates, /home/runner/work/okhttp/okhttp/okhttp/build/generated/sources/idnaMappingTable]
2025-04-10T18:24:53.6149511Z [/home/runner/work/okhttp/okhttp/okhttp/src/commonMain/kotlin]
2025-04-10T18:24:53.6150365Z [/home/runner/work/okhttp/okhttp/okhttp/src/commonTest/kotlin]
2025-04-10T18:24:53.6171852Z [/home/runner/work/okhttp/okhttp/okhttp/src/jvmMain/kotlin, /home/runner/work/okhttp/okhttp/okhttp/src/jvmMain/java]
2025-04-10T18:24:53.6173423Z [/home/runner/work/okhttp/okhttp/okhttp/src/jvmTest/kotlin, /home/runner/work/okhttp/okhttp/okhttp/src/jvmTest/java]
2025-04-10T18:24:56.0089397Z 
2025-04-10T18:24:56.0091008Z > Task :okhttp-idna-mapping-table:processResources
2025-04-10T18:24:56.0092265Z > Task :okhttp:klibApiExtractForValidation SKIPPED
2025-04-10T18:24:56.0093225Z > Task :okhttp:klibApiMerge SKIPPED
2025-04-10T18:24:56.0093851Z > Task :okhttp:klibApiCheck SKIPPED
2025-04-10T18:24:56.0094427Z > Task :okhttp:checkstyleMain NO-SOURCE
2025-04-10T18:24:56.0095080Z 
2025-04-10T18:24:56.0095298Z > Task :okhttp:sympathyForMrMaven
2025-04-10T18:24:56.0095885Z [maven-sympathy] No configurations detected!
2025-04-10T18:24:56.3089144Z 
2025-04-10T18:24:56.3089769Z > Task :okhttp-hpacktests:sympathyForMrMaven
2025-04-10T18:24:56.4101796Z > Task :okhttp-idna-mapping-table:sympathyForMrMaven
2025-04-10T18:24:56.4102568Z > Task :okhttp-java-net-cookiejar:sympathyForMrMaven
2025-04-10T18:24:56.4103424Z > Task :okhttp-osgi-tests:checkKotlinGradlePluginConfigurationErrors SKIPPED
2025-04-10T18:24:56.4104315Z > Task :okhttp-osgi-tests:processResources NO-SOURCE
2025-04-10T18:24:56.4104987Z > Task :okhttp-coroutines:writeJvmLintModelMetadata
2025-04-10T18:24:56.4105684Z > Task :okhttp-urlconnection:writeJvmLintModelMetadata
2025-04-10T18:24:56.8089458Z > Task :okhttp-osgi-tests:sympathyForMrMaven
2025-04-10T18:24:56.9089857Z > Task :okhttp-sse:sympathyForMrMaven
2025-04-10T18:24:57.0122421Z > Task :okhttp-testing-support:sympathyForMrMaven
2025-04-10T18:24:57.0123109Z > Task :okhttp-tls:sympathyForMrMaven
2025-04-10T18:24:57.0123704Z > Task :okhttp-urlconnection:sympathyForMrMaven
2025-04-10T18:24:57.0124316Z > Task :regression-test:preBuild UP-TO-DATE
2025-04-10T18:24:57.0124957Z > Task :regression-test:preDebugBuild UP-TO-DATE
2025-04-10T18:24:57.0125624Z > Task :regression-test:mergeDebugJniLibFolders
2025-04-10T18:24:57.1103875Z > Task :regression-test:mergeDebugNativeLibs NO-SOURCE
2025-04-10T18:24:57.1107835Z > Task :regression-test:stripDebugDebugSymbols NO-SOURCE
2025-04-10T18:24:57.1108688Z > Task :regression-test:copyDebugJniLibsProjectAndLocalJars
2025-04-10T18:24:57.1109634Z > Task :regression-test:checkKotlinGradlePluginConfigurationErrors SKIPPED
2025-04-10T18:24:57.1110533Z > Task :regression-test:generateDebugResValues FROM-CACHE
2025-04-10T18:24:57.1111473Z > Task :regression-test:generateDebugResources
2025-04-10T18:24:57.1112185Z > Task :regression-test:packageDebugResources
2025-04-10T18:24:57.2131904Z > Task :regression-test:parseDebugLocalResources
2025-04-10T18:24:57.2132789Z > Task :regression-test:generateDebugRFile
2025-04-10T18:24:57.2133539Z > Task :regression-test:compileDebugKotlin NO-SOURCE
2025-04-10T18:24:59.2087806Z > Task :regression-test:extractDebugAnnotations
2025-04-10T18:24:59.3101205Z > Task :regression-test:extractDeepLinksForAarDebug FROM-CACHE
2025-04-10T18:24:59.3106405Z > Task :regression-test:mergeDebugShaders
2025-04-10T18:24:59.3112805Z > Task :regression-test:compileDebugShaders NO-SOURCE
2025-04-10T18:24:59.3117422Z > Task :regression-test:generateDebugAssets UP-TO-DATE
2025-04-10T18:24:59.3142485Z > Task :regression-test:mergeDebugAssets
2025-04-10T18:24:59.3143150Z > Task :regression-test:javaPreCompileDebug FROM-CACHE
2025-04-10T18:24:59.3143907Z > Task :regression-test:compileDebugJavaWithJavac NO-SOURCE
2025-04-10T18:24:59.3144683Z > Task :regression-test:mergeDebugGeneratedProguardFiles
2025-04-10T18:24:59.3145417Z > Task :regression-test:mergeDebugConsumerProguardFiles
2025-04-10T18:24:59.3146086Z > Task :regression-test:prepareDebugArtProfile
2025-04-10T18:24:59.3146733Z > Task :regression-test:prepareLintJarForPublish
2025-04-10T18:24:59.4087548Z 
2025-04-10T18:24:59.4126663Z > Task :regression-test:processDebugManifest
2025-04-10T18:24:59.4128044Z package="okhttp.android.regression" found in source AndroidManifest.xml: /home/runner/work/okhttp/okhttp/regression-test/src/main/AndroidManifest.xml.
2025-04-10T18:24:59.4129818Z Setting the namespace via the package attribute in the source AndroidManifest.xml is no longer supported, and the value is ignored.
2025-04-10T18:24:59.4146980Z Recommendation: remove package="okhttp.android.regression" from the source AndroidManifest.xml: /home/runner/work/okhttp/okhttp/regression-test/src/main/AndroidManifest.xml.
2025-04-10T18:24:59.4148172Z 
2025-04-10T18:24:59.4148468Z > Task :regression-test:processDebugJavaRes NO-SOURCE
2025-04-10T18:24:59.7087687Z > Task :regression-test:mergeDebugJavaResource
2025-04-10T18:24:59.7092054Z > Task :regression-test:syncDebugLibJars
2025-04-10T18:24:59.7092653Z > Task :regression-test:writeDebugAarMetadata
2025-04-10T18:24:59.7093312Z > Task :regression-test:bundleDebugLocalLintAar
2025-04-10T18:24:59.9087820Z > Task :regression-test:bundleLibRuntimeToJarDebug
2025-04-10T18:24:59.9092576Z > Task :regression-test:createFullJarDebug
2025-04-10T18:24:59.9097157Z > Task :regression-test:preDebugAndroidTestBuild UP-TO-DATE
2025-04-10T18:24:59.9098351Z > Task :regression-test:generateDebugAndroidTestResValues FROM-CACHE
2025-04-10T18:24:59.9103057Z > Task :regression-test:writeDebugLintModelMetadata
2025-04-10T18:25:02.4086764Z > Task :regression-test:generateDebugAndroidTestLintModel
2025-04-10T18:25:02.4091513Z > Task :regression-test:extractProguardFiles
2025-04-10T18:25:02.5086632Z > Task :regression-test:generateDebugLintReportModel
2025-04-10T18:25:02.5091570Z > Task :regression-test:preDebugUnitTestBuild UP-TO-DATE
2025-04-10T18:25:02.5095795Z > Task :regression-test:generateDebugUnitTestLintModel
2025-04-10T18:25:07.5112185Z > Task :okhttp-hpacktests:lintAnalyzeJvmMain
2025-04-10T18:25:07.9086253Z 
2025-04-10T18:25:07.9087245Z > Task :okhttp-idna-mapping-table:compileKotlin
2025-04-10T18:25:07.9088641Z w: Opt-in requirement marker okhttp3.ExperimentalOkHttpApi is unresolved. Please make sure it's present in the module dependencies
2025-04-10T18:25:08.0101578Z 
2025-04-10T18:25:08.0102596Z > Task :okhttp-idna-mapping-table:compileJava NO-SOURCE
2025-04-10T18:25:08.0103581Z > Task :okhttp-idna-mapping-table:classes
2025-04-10T18:25:08.5113586Z > Task :okhttp-idna-mapping-table:jar
2025-04-10T18:25:09.4086445Z > Task :okhttp:generateIdnaMappingTable
2025-04-10T18:25:10.3087005Z > Task :regression-test:lintAnalyzeDebug
2025-04-10T18:25:11.9094169Z 
2025-04-10T18:25:11.9095220Z > Task :okhttp-idna-mapping-table:animalsnifferMain
2025-04-10T18:25:11.9104789Z 
2025-04-10T18:25:11.9106093Z 7 AnimalSniffer violations were found in 4 files. See the report at: file:////home/runner/work/okhttp/okhttp/okhttp-idna-mapping-table/build/reports/animalsniffer/main.text
2025-04-10T18:25:11.9111203Z 
2025-04-10T18:25:11.9112099Z [Undefined reference | android-api-level-21-5.0.1_r2] okhttp3.internal.idn.(GenerateIdnaMappingTableCode.kt:86)
2025-04-10T18:25:11.9152504Z   >> java.util.stream.IntStream String.codePoints()
2025-04-10T18:25:11.9153491Z 
2025-04-10T18:25:11.9155632Z [Undefined reference | android-api-level-21-5.0.1_r2] okhttp3.internal.idn.(GenerateIdnaMappingTableCode.kt:86)
2025-04-10T18:25:11.9157345Z   >> java.util.PrimitiveIterator.OfInt java.util.stream.IntStream.iterator()
2025-04-10T18:25:11.9160410Z 
2025-04-10T18:25:11.9161276Z [Undefined reference | android-api-level-21-5.0.1_r2] okhttp3.internal.idn.(GenerateIdnaMappingTableCode.kt:86)
2025-04-10T18:25:11.9162393Z   >> boolean java.util.PrimitiveIterator.OfInt.hasNext()
2025-04-10T18:25:11.9162858Z 
2025-04-10T18:25:11.9163474Z [Undefined reference | android-api-level-21-5.0.1_r2] okhttp3.internal.idn.(GenerateIdnaMappingTableCode.kt:86)
2025-04-10T18:25:11.9164545Z   >> Integer java.util.PrimitiveIterator.OfInt.next()
2025-04-10T18:25:11.9164993Z 
2025-04-10T18:25:11.9165504Z [Undefined reference | android-api-level-21-5.0.1_r2] okhttp3.internal.idn.(MappedRange.kt:1)
2025-04-10T18:25:11.9166393Z   >> int Integer.hashCode(int)
2025-04-10T18:25:11.9166710Z 
2025-04-10T18:25:11.9167254Z [Undefined reference | android-api-level-21-5.0.1_r2] okhttp3.internal.idn.(SimpleIdnaMappingTable.kt:1)
2025-04-10T18:25:11.9168160Z   >> int Integer.hashCode(int)
2025-04-10T18:25:11.9168493Z 
2025-04-10T18:25:11.9169018Z [Undefined reference | android-api-level-21-5.0.1_r2] okhttp3.internal.idn.(MappingTables.kt:116)
2025-04-10T18:25:11.9169916Z   >> java.util.stream.IntStream String.codePoints()
2025-04-10T18:25:11.9170827Z 
2025-04-10T18:25:15.2088287Z 
2025-04-10T18:25:15.2093592Z > Task :regression-test:lintAnalyzeDebugAndroidTest
2025-04-10T18:25:15.7086527Z > Task :spotlessKotlin
2025-04-10T18:25:39.4088388Z > Task :okhttp:compileDebugKotlinAndroid
2025-04-10T18:25:41.8086890Z > Task :spotlessKotlinCheck
2025-04-10T18:25:41.8088629Z > Task :spotlessCheck
2025-04-10T18:25:41.8090763Z > Task :check
2025-04-10T18:25:41.8091353Z > Task :okhttp-idna-mapping-table:checkstyleMain NO-SOURCE
2025-04-10T18:25:41.9090093Z > Task :okhttp-idna-mapping-table:generateJvmMainLintModel
2025-04-10T18:25:41.9091062Z > Task :okhttp-idna-mapping-table:generateJvmTestLintModel
2025-04-10T18:25:41.9091688Z > Task :okhttp:compileKotlinJvm
2025-04-10T18:25:45.2087872Z > Task :okhttp:compileReleaseKotlinAndroid
2025-04-10T18:25:51.4087096Z > Task :okhttp-idna-mapping-table:lintAnalyzeJvmMain
2025-04-10T18:25:56.3086795Z > Task :okhttp-idna-mapping-table:lintAnalyzeJvmTest
2025-04-10T18:25:56.5087219Z > Task :okhttp-idna-mapping-table:lintReportJvm
2025-04-10T18:25:56.5092447Z > Task :okhttp-idna-mapping-table:lintJvm
2025-04-10T18:25:56.5093440Z > Task :okhttp-idna-mapping-table:lint
2025-04-10T18:25:56.5097898Z > Task :okhttp-idna-mapping-table:check
2025-04-10T18:25:57.0133526Z > Task :regression-test:lintAnalyzeDebugUnitTest
2025-04-10T18:25:57.2111696Z 
2025-04-10T18:25:57.2113047Z > Task :regression-test:lintReportDebug
2025-04-10T18:25:57.2114572Z Wrote HTML report to file:///home/runner/work/okhttp/okhttp/regression-test/build/reports/lint-results-debug.html
2025-04-10T18:25:57.2118022Z 
2025-04-10T18:25:57.2118693Z > Task :regression-test:lintDebug
2025-04-10T18:25:57.2119491Z > Task :regression-test:lint
2025-04-10T18:25:57.2201487Z > Task :regression-test:check
2025-04-10T18:25:57.2202607Z > Task :samples:compileJava NO-SOURCE
2025-04-10T18:25:57.2208681Z > Task :samples:processResources NO-SOURCE
2025-04-10T18:25:57.2209530Z > Task :samples:classes UP-TO-DATE
2025-04-10T18:25:57.2210398Z > Task :samples:animalsnifferMain SKIPPED
2025-04-10T18:25:57.3142133Z > Task :samples:checkstyleMain NO-SOURCE
2025-04-10T18:25:57.5111421Z > Task :samples:sympathyForMrMaven
2025-04-10T18:25:57.5116511Z > Task :samples:check
2025-04-10T18:25:57.5117569Z > Task :samples:compare:checkKotlinGradlePluginConfigurationErrors SKIPPED
2025-04-10T18:25:57.5122575Z > Task :samples:compare:compileKotlin NO-SOURCE
2025-04-10T18:25:57.5123195Z > Task :samples:compare:compileJava NO-SOURCE
2025-04-10T18:25:57.5123791Z > Task :samples:compare:processResources NO-SOURCE
2025-04-10T18:25:57.5124393Z > Task :samples:compare:classes UP-TO-DATE
2025-04-10T18:25:57.5124962Z > Task :samples:compare:animalsnifferMain SKIPPED
2025-04-10T18:25:57.5125584Z > Task :samples:compare:checkstyleMain NO-SOURCE
2025-04-10T18:25:57.6086606Z > Task :samples:compare:generateJvmMainLintModel
2025-04-10T18:25:57.6091280Z > Task :samples:compare:jar
2025-04-10T18:25:59.6086678Z > Task :samples:compare:lintAnalyzeJvmMain
2025-04-10T18:25:59.9102208Z > Task :samples:compare:sympathyForMrMaven
2025-04-10T18:25:59.9107082Z > Task :samples:crawler:checkKotlinGradlePluginConfigurationErrors SKIPPED
2025-04-10T18:25:59.9108391Z > Task :samples:crawler:processResources NO-SOURCE
2025-04-10T18:26:00.2087253Z > Task :samples:crawler:sympathyForMrMaven
2025-04-10T18:26:00.2088556Z > Task :samples:guide:checkKotlinGradlePluginConfigurationErrors SKIPPED
2025-04-10T18:26:00.7087319Z > Task :samples:guide:sympathyForMrMaven
2025-04-10T18:26:00.7088691Z > Task :samples:simple-client:checkKotlinGradlePluginConfigurationErrors SKIPPED
2025-04-10T18:26:00.7089972Z > Task :samples:simple-client:processResources NO-SOURCE
2025-04-10T18:26:00.9142239Z > Task :samples:simple-client:sympathyForMrMaven
2025-04-10T18:26:00.9143636Z > Task :samples:slack:checkKotlinGradlePluginConfigurationErrors SKIPPED
2025-04-10T18:26:00.9144865Z > Task :samples:slack:processResources NO-SOURCE
2025-04-10T18:26:01.2087189Z > Task :samples:slack:sympathyForMrMaven
2025-04-10T18:26:01.2088972Z > Task :samples:static-server:checkKotlinGradlePluginConfigurationErrors SKIPPED
2025-04-10T18:26:01.2090154Z > Task :samples:static-server:processResources NO-SOURCE
2025-04-10T18:26:01.4088036Z > Task :samples:static-server:sympathyForMrMaven
2025-04-10T18:26:01.4089559Z > Task :samples:tlssurvey:checkKotlinGradlePluginConfigurationErrors SKIPPED
2025-04-10T18:26:01.7086997Z > Task :samples:tlssurvey:sympathyForMrMaven
2025-04-10T18:26:01.7088230Z > Task :samples:unixdomainsockets:checkKotlinGradlePluginConfigurationErrors SKIPPED
2025-04-10T18:26:01.7089317Z > Task :samples:unixdomainsockets:processResources NO-SOURCE
2025-04-10T18:26:01.9086419Z > Task :samples:unixdomainsockets:sympathyForMrMaven
2025-04-10T18:26:05.8087766Z 
2025-04-10T18:26:05.8090837Z > Task :okhttp:compileDebugKotlinAndroid
2025-04-10T18:26:05.8093436Z w: file:///home/runner/work/okhttp/okhttp/okhttp/src/androidMain/kotlin/okhttp3/internal/platform/PlatformRegistry.kt:21:1 'expect'/'actual' classes (including interfaces, objects, annotations, enums, and 'actual' typealiases) are in Beta. Consider using the '-Xexpect-actual-classes' flag to suppress this warning. Also see: https://youtrack.jetbrains.com/issue/KT-61573
2025-04-10T18:26:05.8097861Z w: file:///home/runner/work/okhttp/okhttp/okhttp/src/androidMain/kotlin/okhttp3/internal/platform/android/BouncyCastleSocketAdapter.kt:69:89 The resulting type of this 'javaClass' call is 'Class<BouncyCastleSocketAdapter.Companion>' and not 'Class<BouncyCastleSocketAdapter>'. Use '::class.java' to access type 'Class<BouncyCastleSocketAdapter>'.
2025-04-10T18:26:05.8102347Z w: file:///home/runner/work/okhttp/okhttp/okhttp/src/androidMain/kotlin/okhttp3/internal/platform/android/ConscryptSocketAdapter.kt:65:66 The resulting type of this 'javaClass' call is 'Class<ConscryptSocketAdapter.Companion>' and not 'Class<ConscryptSocketAdapter>'. Use '::class.java' to access type 'Class<ConscryptSocketAdapter>'.
2025-04-10T18:26:05.8105507Z w: file:///home/runner/work/okhttp/okhttp/okhttp/src/commonJvmAndroid/kotlin/okhttp3/internal/-HeadersCommon.kt:176:13 Condition is always 'true'.
2025-04-10T18:26:05.8107684Z w: file:///home/runner/work/okhttp/okhttp/okhttp/src/commonJvmAndroid/kotlin/okhttp3/internal/-HeadersCommon.kt:205:33 Unchecked cast of 'Array<String?>' to 'Array<String>'.
2025-04-10T18:26:05.8110095Z w: file:///home/runner/work/okhttp/okhttp/okhttp/src/commonJvmAndroid/kotlin/okhttp3/internal/-ResponseCommon.kt:83:1 '@JvmOverloads' annotation has no effect for methods without default arguments.
2025-04-10T18:26:05.8112989Z w: file:///home/runner/work/okhttp/okhttp/okhttp/src/commonJvmAndroid/kotlin/okhttp3/internal/SuppressSignatureCheck.kt:25:1 This annotation is deprecated in Kotlin. Use '@kotlin.annotation.MustBeDocumented' instead.
2025-04-10T18:26:05.8115492Z w: file:///home/runner/work/okhttp/okhttp/okhttp/src/commonJvmAndroid/kotlin/okhttp3/internal/http/BridgeInterceptor.kt:99:11 Condition is always 'true'.
2025-04-10T18:26:05.8119175Z w: file:///home/runner/work/okhttp/okhttp/okhttp/src/commonJvmAndroid/kotlin/okhttp3/internal/platform/PlatformRegistry.kt:3:1 'expect'/'actual' classes (including interfaces, objects, annotations, enums, and 'actual' typealiases) are in Beta. Consider using the '-Xexpect-actual-classes' flag to suppress this warning. Also see: https://youtrack.jetbrains.com/issue/KT-61573
2025-04-10T18:26:06.0088849Z 
2025-04-10T18:26:06.0093594Z > Task :okhttp:compileReleaseKotlinAndroid
2025-04-10T18:26:06.0100140Z w: file:///home/runner/work/okhttp/okhttp/okhttp/src/androidMain/kotlin/okhttp3/internal/platform/PlatformRegistry.kt:21:1 'expect'/'actual' classes (including interfaces, objects, annotations, enums, and 'actual' typealiases) are in Beta. Consider using the '-Xexpect-actual-classes' flag to suppress this warning. Also see: https://youtrack.jetbrains.com/issue/KT-61573
2025-04-10T18:26:06.0109029Z w: file:///home/runner/work/okhttp/okhttp/okhttp/src/androidMain/kotlin/okhttp3/internal/platform/android/BouncyCastleSocketAdapter.kt:69:89 The resulting type of this 'javaClass' call is 'Class<BouncyCastleSocketAdapter.Companion>' and not 'Class<BouncyCastleSocketAdapter>'. Use '::class.java' to access type 'Class<BouncyCastleSocketAdapter>'.
2025-04-10T18:26:06.0117456Z w: file:///home/runner/work/okhttp/okhttp/okhttp/src/androidMain/kotlin/okhttp3/internal/platform/android/ConscryptSocketAdapter.kt:65:66 The resulting type of this 'javaClass' call is 'Class<ConscryptSocketAdapter.Companion>' and not 'Class<ConscryptSocketAdapter>'. Use '::class.java' to access type 'Class<ConscryptSocketAdapter>'.
2025-04-10T18:26:06.0123930Z w: file:///home/runner/work/okhttp/okhttp/okhttp/src/commonJvmAndroid/kotlin/okhttp3/internal/-HeadersCommon.kt:176:13 Condition is always 'true'.
2025-04-10T18:26:06.0136493Z w: file:///home/runner/work/okhttp/okhttp/okhttp/src/commonJvmAndroid/kotlin/okhttp3/internal/-HeadersCommon.kt:205:33 Unchecked cast of 'Array<String?>' to 'Array<String>'.
2025-04-10T18:26:06.0139007Z w: file:///home/runner/work/okhttp/okhttp/okhttp/src/commonJvmAndroid/kotlin/okhttp3/internal/-ResponseCommon.kt:83:1 '@JvmOverloads' annotation has no effect for methods without default arguments.
2025-04-10T18:26:06.0141981Z w: file:///home/runner/work/okhttp/okhttp/okhttp/src/commonJvmAndroid/kotlin/okhttp3/internal/SuppressSignatureCheck.kt:25:1 This annotation is deprecated in Kotlin. Use '@kotlin.annotation.MustBeDocumented' instead.
2025-04-10T18:26:06.0144614Z w: file:///home/runner/work/okhttp/okhttp/okhttp/src/commonJvmAndroid/kotlin/okhttp3/internal/http/BridgeInterceptor.kt:99:11 Condition is always 'true'.
2025-04-10T18:26:06.0148073Z w: file:///home/runner/work/okhttp/okhttp/okhttp/src/commonJvmAndroid/kotlin/okhttp3/internal/platform/PlatformRegistry.kt:3:1 'expect'/'actual' classes (including interfaces, objects, annotations, enums, and 'actual' typealiases) are in Beta. Consider using the '-Xexpect-actual-classes' flag to suppress this warning. Also see: https://youtrack.jetbrains.com/issue/KT-61573
2025-04-10T18:26:06.0150508Z 
2025-04-10T18:26:06.0154307Z > Task :okhttp:compileKotlinJvm
2025-04-10T18:26:06.0155683Z w: file:///home/runner/work/okhttp/okhttp/okhttp/src/commonJvmAndroid/kotlin/okhttp3/internal/-HeadersCommon.kt:176:13 Condition is always 'true'.
2025-04-10T18:26:06.0157907Z w: file:///home/runner/work/okhttp/okhttp/okhttp/src/commonJvmAndroid/kotlin/okhttp3/internal/-HeadersCommon.kt:205:33 Unchecked cast of 'Array<String?>' to 'Array<String>'.
2025-04-10T18:26:06.0160357Z w: file:///home/runner/work/okhttp/okhttp/okhttp/src/commonJvmAndroid/kotlin/okhttp3/internal/-ResponseCommon.kt:83:1 '@JvmOverloads' annotation has no effect for methods without default arguments.
2025-04-10T18:26:06.0165753Z w: file:///home/runner/work/okhttp/okhttp/okhttp/src/commonJvmAndroid/kotlin/okhttp3/internal/SuppressSignatureCheck.kt:25:1 This annotation is deprecated in Kotlin. Use '@kotlin.annotation.MustBeDocumented' instead.
2025-04-10T18:26:06.0179996Z w: file:///home/runner/work/okhttp/okhttp/okhttp/src/commonJvmAndroid/kotlin/okhttp3/internal/http/BridgeInterceptor.kt:99:11 Condition is always 'true'.
2025-04-10T18:26:06.0184725Z w: file:///home/runner/work/okhttp/okhttp/okhttp/src/commonJvmAndroid/kotlin/okhttp3/internal/platform/PlatformRegistry.kt:3:1 'expect'/'actual' classes (including interfaces, objects, annotations, enums, and 'actual' typealiases) are in Beta. Consider using the '-Xexpect-actual-classes' flag to suppress this warning. Also see: https://youtrack.jetbrains.com/issue/KT-61573
2025-04-10T18:26:06.0189100Z w: file:///home/runner/work/okhttp/okhttp/okhttp/src/jvmMain/kotlin/okhttp3/internal/platform/BouncyCastlePlatform.kt:91:89 The resulting type of this 'javaClass' call is 'Class<BouncyCastlePlatform.Companion>' and not 'Class<BouncyCastlePlatform>'. Use '::class.java' to access type 'Class<BouncyCastlePlatform>'.
2025-04-10T18:26:06.0193784Z w: file:///home/runner/work/okhttp/okhttp/okhttp/src/jvmMain/kotlin/okhttp3/internal/platform/ConscryptPlatform.kt:111:66 The resulting type of this 'javaClass' call is 'Class<ConscryptPlatform.Companion>' and not 'Class<ConscryptPlatform>'. Use '::class.java' to access type 'Class<ConscryptPlatform>'.
2025-04-10T18:26:06.0197599Z w: file:///home/runner/work/okhttp/okhttp/okhttp/src/jvmMain/kotlin/okhttp3/internal/platform/OpenJSSEPlatform.kt:97:63 The resulting type of this 'javaClass' call is 'Class<OpenJSSEPlatform.Companion>' and not 'Class<OpenJSSEPlatform>'. Use '::class.java' to access type 'Class<OpenJSSEPlatform>'.
2025-04-10T18:26:06.0201933Z w: file:///home/runner/work/okhttp/okhttp/okhttp/src/jvmMain/kotlin/okhttp3/internal/platform/PlatformRegistry.kt:5:1 'expect'/'actual' classes (including interfaces, objects, annotations, enums, and 'actual' typealiases) are in Beta. Consider using the '-Xexpect-actual-classes' flag to suppress this warning. Also see: https://youtrack.jetbrains.com/issue/KT-61573
2025-04-10T18:26:06.1103331Z 
2025-04-10T18:26:06.1104181Z > Task :okhttp:extractReleaseAnnotations
2025-04-10T18:26:06.1106280Z > Task :okhttp:compileDebugJavaWithJavac NO-SOURCE
2025-04-10T18:26:06.2111701Z > Task :okhttp:bundleLibCompileToJarDebug
2025-04-10T18:26:06.2114054Z > Task :okhttp:extractDebugAnnotations
2025-04-10T18:26:06.2115521Z > Task :android-test:compileDebugKotlin NO-SOURCE
2025-04-10T18:26:06.2117543Z > Task :okhttp:mergeDebugGeneratedProguardFiles
2025-04-10T18:26:06.2121755Z > Task :okhttp:mergeDebugConsumerProguardFiles
2025-04-10T18:26:06.2131366Z > Task :okhttp:processDebugJavaRes
2025-04-10T18:26:06.2133367Z > Task :okhttp:compileJvmMainJava NO-SOURCE
2025-04-10T18:26:06.2138591Z > Task :okhttp:jvmMainClasses
2025-04-10T18:26:06.3086648Z > Task :android-test:extractDebugAnnotations
2025-04-10T18:26:06.3090875Z > Task :android-test:compileDebugJavaWithJavac NO-SOURCE
2025-04-10T18:26:06.3091659Z > Task :android-test:mergeDebugGeneratedProguardFiles
2025-04-10T18:26:06.3092374Z > Task :android-test:mergeDebugConsumerProguardFiles
2025-04-10T18:26:06.3094760Z > Task :android-test:processDebugJavaRes NO-SOURCE
2025-04-10T18:26:06.3096004Z > Task :android-test:mergeDebugJavaResource
2025-04-10T18:26:06.3097250Z > Task :android-test:bundleLibRuntimeToJarDebug
2025-04-10T18:26:06.3098298Z > Task :android-test:syncDebugLibJars
2025-04-10T18:26:06.3099039Z > Task :okhttp:mergeDebugJavaResource
2025-04-10T18:26:06.3100183Z > Task :android-test:bundleDebugLocalLintAar
2025-04-10T18:26:06.3101160Z > Task :android-test:createFullJarDebug
2025-04-10T18:26:07.5090237Z > Task :okhttp:jvmJar
2025-04-10T18:26:07.7133250Z > Task :okhttp:syncDebugLibJars
2025-04-10T18:26:07.7133850Z > Task :okhttp:bundleDebugLocalLintAar
2025-04-10T18:26:07.8088183Z > Task :okhttp:bundleLibRuntimeToJarDebug
2025-04-10T18:26:07.8111867Z > Task :okhttp:createFullJarDebug
2025-04-10T18:26:08.9087257Z > Task :okhttp-brotli:compileKotlin
2025-04-10T18:26:08.9087917Z > Task :okhttp-brotli:compileJava NO-SOURCE
2025-04-10T18:26:08.9088535Z > Task :okhttp-brotli:classes UP-TO-DATE
2025-04-10T18:26:09.4094964Z 
2025-04-10T18:26:09.4095529Z > Task :okhttp-brotli:jar
2025-04-10T18:26:09.4096527Z warning: Unused -privatepackage instructions , no such package(s) on the class path: [okhttp3.brotli.internal]
2025-04-10T18:26:10.0091406Z 
2025-04-10T18:26:10.0091903Z > Task :okhttp-dnsoverhttps:compileKotlin
2025-04-10T18:26:10.0092353Z 
2025-04-10T18:26:10.0092579Z > Task :logging-interceptor:compileKotlin
2025-04-10T18:26:10.0095145Z w: file:///home/runner/work/okhttp/okhttp/okhttp-logging-interceptor/src/main/kotlin/okhttp3/logging/HttpLoggingInterceptor.kt:16:36 This code uses error suppression for 'INVISIBLE_REFERENCE'. While it might compile and work, the compiler behavior is UNSPECIFIED and WILL NOT BE PRESERVED. Please report your use case to the Kotlin issue tracker instead: https://kotl.in/issue
2025-04-10T18:26:10.1087490Z 
2025-04-10T18:26:10.1088078Z > Task :okhttp-dnsoverhttps:compileJava NO-SOURCE
2025-04-10T18:26:10.1088836Z > Task :okhttp-dnsoverhttps:classes UP-TO-DATE
2025-04-10T18:26:10.1089491Z > Task :logging-interceptor:compileJava NO-SOURCE
2025-04-10T18:26:10.1090205Z > Task :logging-interceptor:classes UP-TO-DATE
2025-04-10T18:26:10.3113555Z > Task :okhttp-dnsoverhttps:jar
2025-04-10T18:26:10.3118266Z 
2025-04-10T18:26:10.3118528Z > Task :logging-interceptor:jar
2025-04-10T18:26:10.3119497Z warning: Unused -privatepackage instructions , no such package(s) on the class path: [okhttp3.logging.internal]
2025-04-10T18:26:10.4088094Z 
2025-04-10T18:26:10.4091619Z > Task :okhttp:generateDebugLintModel
2025-04-10T18:26:10.4092342Z > Task :android-test:generateDebugLintReportModel
2025-04-10T18:26:10.8086719Z > Task :okhttp-sse:compileKotlin
2025-04-10T18:26:10.8087546Z > Task :okhttp-sse:compileJava NO-SOURCE
2025-04-10T18:26:10.8088255Z > Task :okhttp-sse:classes UP-TO-DATE
2025-04-10T18:26:11.1087879Z 
2025-04-10T18:26:11.1088385Z > Task :okhttp-sse:jar
2025-04-10T18:26:11.1089335Z warning: Unused -privatepackage instructions , no such package(s) on the class path: [okhttp3.sse.internal]
2025-04-10T18:26:11.1090129Z 
2025-04-10T18:26:11.1090397Z > Task :okhttp:generateDebugAndroidTestLintModel
2025-04-10T18:26:13.3086065Z 
2025-04-10T18:26:13.3086644Z > Task :mockwebserver3:compileKotlin
2025-04-10T18:26:13.3089215Z w: file:///home/runner/work/okhttp/okhttp/mockwebserver/src/main/kotlin/mockwebserver3/MockResponse.kt:16:36 This code uses error suppression for 'INVISIBLE_REFERENCE'. While it might compile and work, the compiler behavior is UNSPECIFIED and WILL NOT BE PRESERVED. Please report your use case to the Kotlin issue tracker instead: https://kotl.in/issue
2025-04-10T18:26:13.3093608Z w: file:///home/runner/work/okhttp/okhttp/mockwebserver/src/main/kotlin/mockwebserver3/MockWebServer.kt:17:36 This code uses error suppression for 'INVISIBLE_REFERENCE'. While it might compile and work, the compiler behavior is UNSPECIFIED and WILL NOT BE PRESERVED. Please report your use case to the Kotlin issue tracker instead: https://kotl.in/issue
2025-04-10T18:26:13.5086756Z 
2025-04-10T18:26:13.5087359Z > Task :mockwebserver3:compileJava NO-SOURCE
2025-04-10T18:26:13.5088197Z > Task :mockwebserver3:classes UP-TO-DATE
2025-04-10T18:26:13.8098752Z > Task :mockwebserver3:jar
2025-04-10T18:26:14.7089965Z > Task :mockwebserver3-junit4:compileKotlin
2025-04-10T18:26:14.7091423Z > Task :mockwebserver3-junit4:compileJava NO-SOURCE
2025-04-10T18:26:14.7092394Z > Task :mockwebserver3-junit4:classes UP-TO-DATE
2025-04-10T18:26:14.8127144Z > Task :mockwebserver3-junit4:jar
2025-04-10T18:26:16.0106064Z > Task :mockwebserver3-junit5:compileKotlin
2025-04-10T18:26:16.0107205Z > Task :mockwebserver3-junit5:compileJava NO-SOURCE
2025-04-10T18:26:16.0108078Z > Task :mockwebserver3-junit5:classes
2025-04-10T18:26:16.1087389Z > Task :mockwebserver3-junit5:jar
2025-04-10T18:26:16.1092430Z > Task :okhttp:compileReleaseJavaWithJavac NO-SOURCE
2025-04-10T18:26:16.1093511Z > Task :okhttp:mergeReleaseGeneratedProguardFiles
2025-04-10T18:26:16.1096595Z > Task :okhttp:mergeReleaseConsumerProguardFiles
2025-04-10T18:26:16.1097679Z > Task :okhttp:processReleaseJavaRes
2025-04-10T18:26:16.2086862Z > Task :okhttp:mergeReleaseJavaResource
2025-04-10T18:26:16.4094431Z 
2025-04-10T18:26:16.4095471Z > Task :okhttp-tls:compileKotlin
2025-04-10T18:26:16.4098284Z w: file:///home/runner/work/okhttp/okhttp/okhttp-tls/src/main/kotlin/okhttp3/tls/HandshakeCertificates.kt:16:36 This code uses error suppression for 'INVISIBLE_REFERENCE'. While it might compile and work, the compiler behavior is UNSPECIFIED and WILL NOT BE PRESERVED. Please report your use case to the Kotlin issue tracker instead: https://kotl.in/issue
2025-04-10T18:26:16.4103346Z w: file:///home/runner/work/okhttp/okhttp/okhttp-tls/src/main/kotlin/okhttp3/tls/internal/InsecureExtendedTrustManager.kt:16:36 This code uses error suppression for 'INVISIBLE_REFERENCE'. While it might compile and work, the compiler behavior is UNSPECIFIED and WILL NOT BE PRESERVED. Please report your use case to the Kotlin issue tracker instead: https://kotl.in/issue
2025-04-10T18:26:16.4106965Z w: file:///home/runner/work/okhttp/okhttp/okhttp-tls/src/main/kotlin/okhttp3/tls/internal/der/Adapters.kt:382:40 Unchecked cast of 'DerAdapter<*>' to 'DerAdapter<Any?>'.
2025-04-10T18:26:16.4109896Z w: file:///home/runner/work/okhttp/okhttp/okhttp-tls/src/main/kotlin/okhttp3/tls/internal/der/Adapters.kt:421:18 Unchecked cast of 'DerAdapter<*>' to 'DerAdapter<Any?>'.
2025-04-10T18:26:16.4112812Z w: file:///home/runner/work/okhttp/okhttp/okhttp-tls/src/main/kotlin/okhttp3/tls/internal/der/Adapters.kt:447:48 Unchecked cast of 'DerAdapter<*>?' to 'DerAdapter<Any?>?'.
2025-04-10T18:26:16.4122032Z w: file:///home/runner/work/okhttp/okhttp/okhttp-tls/src/main/kotlin/okhttp3/tls/internal/der/Adapters.kt:455:48 Unchecked cast of 'DerAdapter<*>?' to 'DerAdapter<Any?>?'.
2025-04-10T18:26:16.4124503Z w: file:///home/runner/work/okhttp/okhttp/okhttp-tls/src/main/kotlin/okhttp3/tls/internal/der/Adapters.kt:505:26 Unchecked cast of 'DerAdapter<*>' to 'DerAdapter<Any?>'.
2025-04-10T18:26:16.4127139Z w: file:///home/runner/work/okhttp/okhttp/okhttp-tls/src/main/kotlin/okhttp3/tls/internal/der/BasicDerAdapter.kt:51:43 Unchecked cast of 'T? (of class BasicDerAdapter<T>)' to 'T (of class BasicDerAdapter<T>)'.
2025-04-10T18:26:16.5113145Z 
2025-04-10T18:26:16.5141529Z > Task :okhttp:syncReleaseLibJars
2025-04-10T18:26:16.5142216Z > Task :okhttp:bundleReleaseLocalLintAar
2025-04-10T18:26:16.6091337Z > Task :okhttp-tls:compileJava NO-SOURCE
2025-04-10T18:26:16.6092043Z > Task :okhttp-tls:classes UP-TO-DATE
2025-04-10T18:26:16.7113904Z > Task :okhttp:bundleLibCompileToJarRelease
2025-04-10T18:26:17.1085823Z 
2025-04-10T18:26:17.1091184Z > Task :okhttp-tls:jar
2025-04-10T18:26:17.1096383Z warning: Unused -privatepackage instructions , no such package(s) on the class path: [okhttp3.tls.internal, okhttp3.tls.internal.der]
2025-04-10T18:26:19.8087085Z 
2025-04-10T18:26:19.8088035Z > Task :android-test-app:compileReleaseKotlin
2025-04-10T18:26:19.8089147Z > Task :android-test-app:compileReleaseJavaWithJavac NO-SOURCE
2025-04-10T18:26:19.8090285Z > Task :android-test-app:bundleReleaseClassesToCompileJar
2025-04-10T18:26:19.9086913Z > Task :okhttp:bundleLibRuntimeToJarRelease
2025-04-10T18:26:19.9091987Z > Task :okhttp:createFullJarRelease
2025-04-10T18:26:20.2086898Z > Task :android-test-app:generateReleaseAndroidTestLintModel
2025-04-10T18:26:20.2091490Z > Task :okhttp:generateReleaseLintModel
2025-04-10T18:26:20.3086986Z > Task :android-test-app:generateReleaseLintReportModel
2025-04-10T18:26:20.3091398Z > Task :android-test-app:generateReleaseUnitTestLintModel
2025-04-10T18:26:27.9086935Z > Task :okhttp:lintAnalyzeDebugAndroidTest
2025-04-10T18:26:29.2086849Z > Task :android-test-app:lintAnalyzeReleaseAndroidTest
2025-04-10T18:26:29.6086881Z > Task :android-test-app:lintAnalyzeReleaseUnitTest
2025-04-10T18:26:31.3086627Z > Task :logging-interceptor:animalsnifferMain
2025-04-10T18:26:32.1112567Z > Task :logging-interceptor:apiBuild
2025-04-10T18:26:32.1113580Z > Task :logging-interceptor:apiCheck
2025-04-10T18:26:32.1114536Z > Task :logging-interceptor:checkstyleMain NO-SOURCE
2025-04-10T18:26:32.2087352Z > Task :logging-interceptor:generateJvmMainLintModel
2025-04-10T18:26:32.2088457Z > Task :mockwebserver3:generateJvmMainLintModel
2025-04-10T18:26:32.2089502Z > Task :mockwebserver3-junit5:generateJvmMainLintModel
2025-04-10T18:26:32.2090450Z > Task :okhttp-tls:generateJvmMainLintModel
2025-04-10T18:26:32.4088471Z 
2025-04-10T18:26:32.4089021Z > Task :okhttp-testing-support:compileKotlin
2025-04-10T18:26:32.4091631Z w: file:///home/runner/work/okhttp/okhttp/okhttp-testing-support/src/main/kotlin/okhttp3/CallEvent.kt:16:36 This code uses error suppression for 'INVISIBLE_REFERENCE'. While it might compile and work, the compiler behavior is UNSPECIFIED and WILL NOT BE PRESERVED. Please report your use case to the Kotlin issue tracker instead: https://kotl.in/issue
2025-04-10T18:26:32.4099863Z w: file:///home/runner/work/okhttp/okhttp/okhttp-testing-support/src/main/kotlin/okhttp3/ConnectionEvent.kt:16:36 This code uses error suppression for 'INVISIBLE_REFERENCE'. While it might compile and work, the compiler behavior is UNSPECIFIED and WILL NOT BE PRESERVED. Please report your use case to the Kotlin issue tracker instead: https://kotl.in/issue
2025-04-10T18:26:32.4104093Z w: file:///home/runner/work/okhttp/okhttp/okhttp-testing-support/src/main/kotlin/okhttp3/DelegatingSSLSession.kt:23:8 'class X509Certificate : Certificate' is deprecated. Deprecated in Java.
2025-04-10T18:26:32.4107061Z w: file:///home/runner/work/okhttp/okhttp/okhttp-testing-support/src/main/kotlin/okhttp3/DelegatingSSLSession.kt:64:16 This declaration overrides a deprecated member but is not marked as deprecated itself. Add the '@Deprecated' annotation or suppress the diagnostic.
2025-04-10T18:26:32.4109952Z w: file:///home/runner/work/okhttp/okhttp/okhttp-testing-support/src/main/kotlin/okhttp3/DelegatingSSLSession.kt:64:49 'class X509Certificate : Certificate' is deprecated. Deprecated in Java.
2025-04-10T18:26:32.4112407Z w: file:///home/runner/work/okhttp/okhttp/okhttp-testing-support/src/main/kotlin/okhttp3/DelegatingSSLSession.kt:64:79 'val peerCertificateChain: Array<(out) X509Certificate!>!' is deprecated. Deprecated in Java.
2025-04-10T18:26:32.4114866Z w: file:///home/runner/work/okhttp/okhttp/okhttp-testing-support/src/main/kotlin/okhttp3/FakeSSLSession.kt:24:8 'class X509Certificate : Certificate' is deprecated. Deprecated in Java.
2025-04-10T18:26:32.4117475Z w: file:///home/runner/work/okhttp/okhttp/okhttp-testing-support/src/main/kotlin/okhttp3/FakeSSLSession.kt:57:16 This declaration overrides a deprecated member but is not marked as deprecated itself. Add the '@Deprecated' annotation or suppress the diagnostic.
2025-04-10T18:26:32.4120216Z w: file:///home/runner/work/okhttp/okhttp/okhttp-testing-support/src/main/kotlin/okhttp3/FakeSSLSession.kt:57:49 'class X509Certificate : Certificate' is deprecated. Deprecated in Java.
2025-04-10T18:26:32.4134117Z w: file:///home/runner/work/okhttp/okhttp/okhttp-testing-support/src/main/kotlin/okhttp3/OkHttpClientTestRule.kt:16:36 This code uses error suppression for 'INVISIBLE_REFERENCE'. While it might compile and work, the compiler behavior is UNSPECIFIED and WILL NOT BE PRESERVED. Please report your use case to the Kotlin issue tracker instead: https://kotl.in/issue
2025-04-10T18:26:32.4138387Z w: file:///home/runner/work/okhttp/okhttp/okhttp-testing-support/src/main/kotlin/okhttp3/TestValueFactory.kt:17:3 This code uses error suppression for 'CANNOT_OVERRIDE_INVISIBLE_MEMBER'. While it might compile and work, the compiler behavior is UNSPECIFIED and WILL NOT BE PRESERVED. Please report your use case to the Kotlin issue tracker instead: https://kotl.in/issue
2025-04-10T18:26:32.4142570Z w: file:///home/runner/work/okhttp/okhttp/okhttp-testing-support/src/main/kotlin/okhttp3/TestValueFactory.kt:19:3 This code uses error suppression for 'INVISIBLE_REFERENCE'. While it might compile and work, the compiler behavior is UNSPECIFIED and WILL NOT BE PRESERVED. Please report your use case to the Kotlin issue tracker instead: https://kotl.in/issue
2025-04-10T18:26:32.4147112Z w: file:///home/runner/work/okhttp/okhttp/okhttp-testing-support/src/main/kotlin/okhttp3/internal/concurrent/TaskFaker.kt:16:36 This code uses error suppression for 'INVISIBLE_REFERENCE'. While it might compile and work, the compiler behavior is UNSPECIFIED and WILL NOT BE PRESERVED. Please report your use case to the Kotlin issue tracker instead: https://kotl.in/issue
2025-04-10T18:26:32.4171643Z w: file:///home/runner/work/okhttp/okhttp/okhttp-testing-support/src/main/kotlin/okhttp3/internal/http/RecordingProxySelector.kt:16:36 This code uses error suppression for 'INVISIBLE_REFERENCE'. While it might compile and work, the compiler behavior is UNSPECIFIED and WILL NOT BE PRESERVED. Please report your use case to the Kotlin issue tracker instead: https://kotl.in/issue
2025-04-10T18:26:32.4174900Z w: file:///home/runner/work/okhttp/okhttp/okhttp-testing-support/src/main/kotlin/okhttp3/okio/LoggingFilesystem.kt:68:5 The corresponding parameter in the supertype 'ForwardingFileSystem' is named 'file'. This may cause problems when calling this function with named arguments.
2025-04-10T18:26:32.5113590Z 
2025-04-10T18:26:32.5114701Z > Task :okhttp-testing-support:compileJava NO-SOURCE
2025-04-10T18:26:32.5116281Z > Task :okhttp-testing-support:classes
2025-04-10T18:26:33.3087761Z > Task :okhttp-testing-support:jar
2025-04-10T18:26:33.7112280Z > Task :android-test:generateDebugAndroidTestLintModel
2025-04-10T18:26:33.8120543Z > Task :android-test:generateDebugUnitTestLintModel
2025-04-10T18:26:37.7086774Z > Task :okhttp:lintAnalyzeDebug
2025-04-10T18:26:37.7087924Z > Task :okhttp:lintAnalyzeRelease
2025-04-10T18:26:37.8086796Z > Task :okhttp:generateDebugUnitTestLintModel
2025-04-10T18:26:39.3086635Z > Task :logging-interceptor:lintAnalyzeJvmMain
2025-04-10T18:26:41.8086767Z > Task :android-test:lintAnalyzeDebug
2025-04-10T18:26:42.7086994Z > Task :android-test:lintAnalyzeDebugUnitTest
2025-04-10T18:26:42.8086865Z > Task :okhttp:generateReleaseUnitTestLintModel
2025-04-10T18:26:43.5086760Z > Task :android-test-app:lintAnalyzeRelease
2025-04-10T18:26:43.6087060Z > Task :okhttp-testing-support:generateJvmMainLintModel
2025-04-10T18:26:43.6092305Z > Task :logging-interceptor:generateJvmTestLintModel
2025-04-10T18:26:45.7086894Z > Task :okhttp:lintAnalyzeDebugUnitTest
2025-04-10T18:26:47.8086959Z 
2025-04-10T18:26:47.8092403Z > Task :mockwebserver:compileKotlin
2025-04-10T18:26:47.8095404Z w: file:///home/runner/work/okhttp/okhttp/mockwebserver-deprecated/src/main/kotlin/okhttp3/mockwebserver/MockResponse.kt:16:36 This code uses error suppression for 'INVISIBLE_REFERENCE'. While it might compile and work, the compiler behavior is UNSPECIFIED and WILL NOT BE PRESERVED. Please report your use case to the Kotlin issue tracker instead: https://kotl.in/issue
2025-04-10T18:26:47.9086454Z 
2025-04-10T18:26:47.9090457Z > Task :mockwebserver:compileJava NO-SOURCE
2025-04-10T18:26:47.9091885Z > Task :mockwebserver:classes UP-TO-DATE
2025-04-10T18:26:48.2106486Z > Task :okhttp:lintAnalyzeReleaseUnitTest
2025-04-10T18:26:48.5086680Z 
2025-04-10T18:26:48.5111635Z > Task :android-test-app:lintReportRelease
2025-04-10T18:26:48.5113062Z Wrote HTML report to file:///home/runner/work/okhttp/okhttp/android-test-app/build/reports/lint-results-release.html
2025-04-10T18:26:48.5114102Z 
2025-04-10T18:26:48.5114490Z > Task :android-test-app:lintRelease
2025-04-10T18:26:48.5115211Z > Task :android-test-app:lint
2025-04-10T18:26:48.5115881Z > Task :android-test-app:check
2025-04-10T18:26:49.6086510Z > Task :mockwebserver:animalsnifferMain
2025-04-10T18:26:50.3087394Z > Task :mockwebserver:apiBuild
2025-04-10T18:26:50.3092601Z > Task :mockwebserver:apiCheck
2025-04-10T18:26:50.3093664Z > Task :mockwebserver:checkstyleMain NO-SOURCE
2025-04-10T18:26:50.3098248Z > Task :mockwebserver:generateJvmMainLintModel
2025-04-10T18:26:50.6113600Z > Task :mockwebserver:jar
2025-04-10T18:26:50.7086926Z > Task :mockwebserver:generateJvmTestLintModel
2025-04-10T18:26:52.7113558Z > Task :logging-interceptor:lintAnalyzeJvmTest
2025-04-10T18:26:52.7118865Z > Task :logging-interceptor:lintReportJvm
2025-04-10T18:26:52.7124344Z > Task :logging-interceptor:lintJvm
2025-04-10T18:26:52.7127075Z > Task :logging-interceptor:lint
2025-04-10T18:26:52.7128116Z > Task :logging-interceptor:check
2025-04-10T18:26:53.8102320Z > Task :mockwebserver3:animalsnifferMain
2025-04-10T18:26:54.6086576Z > Task :mockwebserver3:apiBuild
2025-04-10T18:26:54.6087160Z > Task :mockwebserver3:apiCheck
2025-04-10T18:26:54.6087916Z > Task :mockwebserver3:checkstyleMain NO-SOURCE
2025-04-10T18:26:54.7105211Z > Task :mockwebserver3:generateJvmTestLintModel
2025-04-10T18:26:56.3108754Z > Task :android-test:lintAnalyzeDebugAndroidTest
2025-04-10T18:26:56.5085880Z 
2025-04-10T18:26:56.5090281Z > Task :android-test:lintReportDebug
2025-04-10T18:26:56.5095225Z Wrote HTML report to file:///home/runner/work/okhttp/okhttp/android-test/build/reports/lint-results-debug.html
2025-04-10T18:26:56.5099612Z 
2025-04-10T18:26:56.5103807Z > Task :android-test:lintDebug
2025-04-10T18:26:56.5104624Z > Task :android-test:lint
2025-04-10T18:26:56.5108411Z > Task :android-test:check
2025-04-10T18:26:57.8087544Z > Task :mockwebserver3-junit4:animalsnifferMain
2025-04-10T18:26:57.8092507Z > Task :mockwebserver:lintAnalyzeJvmTest
2025-04-10T18:26:57.8096831Z > Task :mockwebserver3-junit4:checkstyleMain NO-SOURCE
2025-04-10T18:26:57.8097799Z > Task :mockwebserver3-junit4:generateJvmMainLintModel
2025-04-10T18:26:57.8099923Z > Task :mockwebserver3-junit4:generateJvmTestLintModel
2025-04-10T18:26:58.0086740Z > Task :mockwebserver3-junit4:apiBuild
2025-04-10T18:26:58.0091589Z > Task :mockwebserver3-junit4:apiCheck
2025-04-10T18:26:59.0087015Z > Task :mockwebserver3-junit5:animalsnifferMain
2025-04-10T18:26:59.4087278Z > Task :mockwebserver3-junit5:apiBuild
2025-04-10T18:26:59.4092279Z > Task :mockwebserver3-junit5:apiCheck
2025-04-10T18:26:59.4097373Z > Task :mockwebserver3-junit5:checkstyleMain NO-SOURCE
2025-04-10T18:26:59.5113681Z > Task :mockwebserver3-junit5:generateJvmTestLintModel
2025-04-10T18:26:59.9086818Z > Task :mockwebserver3-junit4:lintAnalyzeJvmTest
2025-04-10T18:27:00.0113628Z > Task :mockwebserver3:lintAnalyzeJvmMain
2025-04-10T18:27:00.8086414Z 
2025-04-10T18:27:00.8087354Z > Task :okhttp-java-net-cookiejar:compileKotlin
2025-04-10T18:27:00.8089967Z w: file:///home/runner/work/okhttp/okhttp/okhttp-java-net-cookiejar/src/main/kotlin/okhttp3/java/net/cookiejar/JavaNetCookieJar.kt:16:36 This code uses error suppression for 'INVISIBLE_REFERENCE'. While it might compile and work, the compiler behavior is UNSPECIFIED and WILL NOT BE PRESERVED. Please report your use case to the Kotlin issue tracker instead: https://kotl.in/issue
2025-04-10T18:27:02.1085945Z 
2025-04-10T18:27:02.1090280Z > Task :mockwebserver3-junit5:lintAnalyzeJvmTest
2025-04-10T18:27:02.8088054Z > Task :mockwebserver3:lintAnalyzeJvmTest
2025-04-10T18:27:02.8091974Z 
2025-04-10T18:27:02.8093206Z > Task :mockwebserver3:lintReportJvm
2025-04-10T18:27:02.8095309Z Wrote HTML report to file:///home/runner/work/okhttp/okhttp/mockwebserver/build/reports/lint-results.html
2025-04-10T18:27:02.8099321Z 
2025-04-10T18:27:02.8102924Z > Task :mockwebserver3:lintJvm
2025-04-10T18:27:02.8106680Z > Task :mockwebserver3:lint
2025-04-10T18:27:02.8110075Z > Task :mockwebserver3:check
2025-04-10T18:27:02.8112737Z > Task :okhttp-java-net-cookiejar:compileJava NO-SOURCE
2025-04-10T18:27:02.8114957Z > Task :okhttp-java-net-cookiejar:classes UP-TO-DATE
2025-04-10T18:27:02.9087233Z > Task :okhttp-java-net-cookiejar:jar
2025-04-10T18:27:02.9089205Z > Task :native-image-tests:compileKotlin NO-SOURCE
2025-04-10T18:27:02.9095885Z > Task :native-image-tests:compileJava NO-SOURCE
2025-04-10T18:27:02.9098047Z > Task :native-image-tests:classes UP-TO-DATE
2025-04-10T18:27:02.9100177Z > Task :native-image-tests:animalsnifferMain SKIPPED
2025-04-10T18:27:02.9103062Z > Task :native-image-tests:checkstyleMain NO-SOURCE
2025-04-10T18:27:03.0087519Z > Task :okhttp-brotli:generateJvmMainLintModel
2025-04-10T18:27:03.0092421Z > Task :okhttp-dnsoverhttps:generateJvmMainLintModel
2025-04-10T18:27:03.0097461Z > Task :okhttp-java-net-cookiejar:generateJvmMainLintModel
2025-04-10T18:27:03.0102035Z > Task :okhttp-sse:generateJvmMainLintModel
2025-04-10T18:27:03.0105296Z > Task :native-image-tests:generateJvmMainLintModel
2025-04-10T18:27:03.1109517Z > Task :native-image-tests:jar
2025-04-10T18:27:03.2112255Z > Task :native-image-tests:generateJvmTestLintModel
2025-04-10T18:27:03.3113527Z > Task :mockwebserver3-junit4:lintAnalyzeJvmMain
2025-04-10T18:27:03.4093822Z > Task :mockwebserver3-junit4:lintReportJvm
2025-04-10T18:27:03.4094556Z > Task :mockwebserver3-junit4:lintJvm
2025-04-10T18:27:03.4095165Z > Task :mockwebserver3-junit4:lint
2025-04-10T18:27:03.4095753Z > Task :mockwebserver3-junit4:check
2025-04-10T18:27:06.3086460Z > Task :mockwebserver:lintAnalyzeJvmMain
2025-04-10T18:27:06.5086783Z 
2025-04-10T18:27:06.5087643Z > Task :mockwebserver:lintReportJvm
2025-04-10T18:27:06.5088769Z Wrote HTML report to file:///home/runner/work/okhttp/okhttp/mockwebserver-deprecated/build/reports/lint-results.html
2025-04-10T18:27:06.5089663Z 
2025-04-10T18:27:06.5089981Z > Task :mockwebserver:lintJvm
2025-04-10T18:27:06.5090566Z > Task :mockwebserver:lint
2025-04-10T18:27:06.5091777Z > Task :mockwebserver:check
2025-04-10T18:27:07.3086504Z > Task :okhttp-dnsoverhttps:lintAnalyzeJvmMain
2025-04-10T18:27:07.5086749Z > Task :okhttp-brotli:lintAnalyzeJvmMain
2025-04-10T18:27:08.9086788Z > Task :mockwebserver3-junit5:lintAnalyzeJvmMain
2025-04-10T18:27:09.0103914Z > Task :mockwebserver3-junit5:lintReportJvm
2025-04-10T18:27:09.0108958Z > Task :mockwebserver3-junit5:lintJvm
2025-04-10T18:27:09.0109847Z > Task :mockwebserver3-junit5:lint
2025-04-10T18:27:09.0110579Z > Task :mockwebserver3-junit5:check
2025-04-10T18:27:11.2086654Z > Task :okhttp-sse:lintAnalyzeJvmMain
2025-04-10T18:27:12.9086712Z > Task :okhttp-java-net-cookiejar:lintAnalyzeJvmMain
2025-04-10T18:27:14.0087124Z > Task :okcurl:compileKotlin
2025-04-10T18:27:14.0087749Z > Task :okcurl:compileJava NO-SOURCE
2025-04-10T18:27:14.0088300Z > Task :okcurl:classes
2025-04-10T18:27:14.1099813Z 
2025-04-10T18:27:14.1100380Z > Task :okhttp-coroutines:compileKotlin
2025-04-10T18:27:14.1102722Z w: file:///home/runner/work/okhttp/okhttp/okhttp-coroutines/src/main/kotlin/okhttp3/coroutines/ExecuteAsync.kt:48:24 'fun resume(value: Response, onCancellation: ((@ParameterName(...) Throwable) -> Unit)?): Unit' is deprecated. Use the overload that also accepts the `value` and the coroutine context in lambda.
2025-04-10T18:27:14.1104630Z 
2025-04-10T18:27:14.1104894Z > Task :okhttp-coroutines:compileJava NO-SOURCE
2025-04-10T18:27:14.1105524Z > Task :okhttp-coroutines:classes UP-TO-DATE
2025-04-10T18:27:14.2086412Z > Task :okhttp-coroutines:jar
2025-04-10T18:27:14.8087116Z 
2025-04-10T18:27:14.8087674Z > Task :okhttp-urlconnection:compileKotlin
2025-04-10T18:27:14.8090207Z w: file:///home/runner/work/okhttp/okhttp/okhttp-urlconnection/src/main/kotlin/okhttp3/JavaNetCookieJar.kt:16:36 This code uses error suppression for 'INVISIBLE_REFERENCE'. While it might compile and work, the compiler behavior is UNSPECIFIED and WILL NOT BE PRESERVED. Please report your use case to the Kotlin issue tracker instead: https://kotl.in/issue
2025-04-10T18:27:14.8092749Z 
2025-04-10T18:27:14.8093042Z > Task :okhttp-urlconnection:compileJava NO-SOURCE
2025-04-10T18:27:14.8093717Z > Task :okhttp-urlconnection:classes UP-TO-DATE
2025-04-10T18:27:14.9086512Z > Task :okhttp-urlconnection:jar
2025-04-10T18:27:15.4112190Z > Task :okhttp:compileTestKotlinJvm FAILED
2025-04-10T18:27:15.7113467Z 
2025-04-10T18:27:15.7171504Z 26 AnimalSniffer violations were found in 1 files. See the report at: file:////home/runner/work/okhttp/okhttp/okcurl/build/reports/animalsniffer/main.text
2025-04-10T18:27:15.7172815Z 
2025-04-10T18:27:15.7173491Z [Undefined reference | android-api-level-21-5.0.1_r2] okhttp3.curl.logging.(OneLineLogFormat.kt:1) field d
2025-04-10T18:27:15.7174530Z   >> java.time.format.DateTimeFormatter
2025-04-10T18:27:15.7174949Z 
2025-04-10T18:27:15.7175573Z [Undefined reference | android-api-level-21-5.0.1_r2] okhttp3.curl.logging.(OneLineLogFormat.kt:1) field offset
2025-04-10T18:27:15.7177300Z   >> java.time.ZoneId
2025-04-10T18:27:15.7177600Z 
2025-04-10T18:27:15.7178181Z [Undefined reference | android-api-level-21-5.0.1_r2] okhttp3.curl.logging.(OneLineLogFormat.kt:38)
2025-04-10T18:27:15.7179165Z   >> java.time.format.DateTimeFormatterBuilder
2025-04-10T18:27:15.7179622Z 
2025-04-10T18:27:15.7180178Z [Undefined reference | android-api-level-21-5.0.1_r2] okhttp3.curl.logging.(OneLineLogFormat.kt:38)
2025-04-10T18:27:15.7181876Z   >> void java.time.format.DateTimeFormatterBuilder.<init>()
2025-04-10T18:27:15.7182338Z 
2025-04-10T18:27:15.7182392Z 
2025-04-10T18:27:15.7182959Z > Task :okcurl:animalsnifferMain
2025-04-10T18:27:15.7184506Z [Undefined reference | android-api-level-21-5.0.1_r2] okhttp3.curl.logging.(OneLineLogFormat.kt:39)
2025-04-10T18:27:15.7185581Z   >> java.time.temporal.ChronoField java.time.temporal.ChronoField.HOUR_OF_DAY
2025-04-10T18:27:15.7186153Z 
2025-04-10T18:27:15.7186814Z [Undefined reference | android-api-level-21-5.0.1_r2] okhttp3.curl.logging.(OneLineLogFormat.kt:39)
2025-04-10T18:27:15.7187849Z   >> java.time.temporal.TemporalField
2025-04-10T18:27:15.7188305Z 
2025-04-10T18:27:15.7214524Z [Undefined reference | android-api-level-21-5.0.1_r2] okhttp3.curl.logging.(OneLineLogFormat.kt:39)
2025-04-10T18:27:15.7216144Z   >> java.time.format.DateTimeFormatterBuilder java.time.format.DateTimeFormatterBuilder.appendValue(java.time.temporal.TemporalField, int)
2025-04-10T18:27:15.7217243Z 
2025-04-10T18:27:15.7218011Z [Undefined reference | android-api-level-21-5.0.1_r2] okhttp3.curl.logging.(OneLineLogFormat.kt:40)
2025-04-10T18:27:15.7219271Z   >> java.time.format.DateTimeFormatterBuilder java.time.format.DateTimeFormatterBuilder.appendLiteral(char)
2025-04-10T18:27:15.7220034Z 
2025-04-10T18:27:15.7220534Z [Undefined reference | android-api-level-21-5.0.1_r2] okhttp3.curl.logging.(OneLineLogFormat.kt:41)
2025-04-10T18:27:15.7222045Z   >> java.time.temporal.ChronoField java.time.temporal.ChronoField.MINUTE_OF_HOUR
2025-04-10T18:27:15.7222872Z 
2025-04-10T18:27:15.7246966Z [Undefined reference | android-api-level-21-5.0.1_r2] okhttp3.curl.logging.(OneLineLogFormat.kt:41)
2025-04-10T18:27:15.7247970Z   >> java.time.temporal.TemporalField
2025-04-10T18:27:15.7248361Z 
2025-04-10T18:27:15.7248902Z [Undefined reference | android-api-level-21-5.0.1_r2] okhttp3.curl.logging.(OneLineLogFormat.kt:41)
2025-04-10T18:27:15.7250466Z   >> java.time.format.DateTimeFormatterBuilder java.time.format.DateTimeFormatterBuilder.appendValue(java.time.temporal.TemporalField, int)
2025-04-10T18:27:15.7251701Z 
2025-04-10T18:27:15.7252290Z [Undefined reference | android-api-level-21-5.0.1_r2] okhttp3.curl.logging.(OneLineLogFormat.kt:42)
2025-04-10T18:27:15.7253565Z   >> java.time.format.DateTimeFormatterBuilder java.time.format.DateTimeFormatterBuilder.optionalStart()
2025-04-10T18:27:15.7254302Z 
2025-04-10T18:27:15.7254823Z [Undefined reference | android-api-level-21-5.0.1_r2] okhttp3.curl.logging.(OneLineLogFormat.kt:43)
2025-04-10T18:27:15.7256138Z   >> java.time.format.DateTimeFormatterBuilder java.time.format.DateTimeFormatterBuilder.appendLiteral(char)
2025-04-10T18:27:15.7256934Z 
2025-04-10T18:27:15.7257465Z [Undefined reference | android-api-level-21-5.0.1_r2] okhttp3.curl.logging.(OneLineLogFormat.kt:44)
2025-04-10T18:27:15.7258613Z   >> java.time.temporal.ChronoField java.time.temporal.ChronoField.SECOND_OF_MINUTE
2025-04-10T18:27:15.7259218Z 
2025-04-10T18:27:15.7259744Z [Undefined reference | android-api-level-21-5.0.1_r2] okhttp3.curl.logging.(OneLineLogFormat.kt:44)
2025-04-10T18:27:15.7260798Z   >> java.time.temporal.TemporalField
2025-04-10T18:27:15.7261168Z 
2025-04-10T18:27:15.7261684Z [Undefined reference | android-api-level-21-5.0.1_r2] okhttp3.curl.logging.(OneLineLogFormat.kt:44)
2025-04-10T18:27:15.7263194Z   >> java.time.format.DateTimeFormatterBuilder java.time.format.DateTimeFormatterBuilder.appendValue(java.time.temporal.TemporalField, int)
2025-04-10T18:27:15.7264209Z 
2025-04-10T18:27:15.7264734Z [Undefined reference | android-api-level-21-5.0.1_r2] okhttp3.curl.logging.(OneLineLogFormat.kt:45)
2025-04-10T18:27:15.7266396Z   >> java.time.format.DateTimeFormatterBuilder java.time.format.DateTimeFormatterBuilder.optionalStart()
2025-04-10T18:27:15.7267192Z 
2025-04-10T18:27:15.7267727Z [Undefined reference | android-api-level-21-5.0.1_r2] okhttp3.curl.logging.(OneLineLogFormat.kt:46)
2025-04-10T18:27:15.7268846Z   >> java.time.temporal.ChronoField java.time.temporal.ChronoField.NANO_OF_SECOND
2025-04-10T18:27:15.7269442Z 
2025-04-10T18:27:15.7269946Z [Undefined reference | android-api-level-21-5.0.1_r2] okhttp3.curl.logging.(OneLineLogFormat.kt:46)
2025-04-10T18:27:15.7271009Z   >> java.time.temporal.TemporalField
2025-04-10T18:27:15.7271406Z 
2025-04-10T18:27:15.7271962Z [Undefined reference | android-api-level-21-5.0.1_r2] okhttp3.curl.logging.(OneLineLogFormat.kt:46)
2025-04-10T18:27:15.7273687Z   >> java.time.format.DateTimeFormatterBuilder java.time.format.DateTimeFormatterBuilder.appendFraction(java.time.temporal.TemporalField, int, int, boolean)
2025-04-10T18:27:15.7274865Z 
2025-04-10T18:27:15.7275704Z [Undefined reference | android-api-level-21-5.0.1_r2] okhttp3.curl.logging.(OneLineLogFormat.kt:47)
2025-04-10T18:27:15.7277048Z   >> java.time.format.DateTimeFormatter java.time.format.DateTimeFormatterBuilder.toFormatter()
2025-04-10T18:27:15.7277803Z 
2025-04-10T18:27:15.7278364Z [Undefined reference | android-api-level-21-5.0.1_r2] okhttp3.curl.logging.(OneLineLogFormat.kt:49)
2025-04-10T18:27:15.7279403Z   >> java.time.ZoneId java.time.ZoneOffset.systemDefault()
2025-04-10T18:27:15.7279892Z 
2025-04-10T18:27:15.7280445Z [Undefined reference | android-api-level-21-5.0.1_r2] okhttp3.curl.logging.(OneLineLogFormat.kt:54)
2025-04-10T18:27:15.7281708Z   >> java.time.Instant java.time.Instant.ofEpochMilli(long)
2025-04-10T18:27:15.7282206Z 
2025-04-10T18:27:15.7282760Z [Undefined reference | android-api-level-21-5.0.1_r2] okhttp3.curl.logging.(OneLineLogFormat.kt:54)
2025-04-10T18:27:15.7283878Z   >> java.time.ZonedDateTime java.time.Instant.atZone(java.time.ZoneId)
2025-04-10T18:27:15.7284462Z 
2025-04-10T18:27:15.7285029Z [Undefined reference | android-api-level-21-5.0.1_r2] okhttp3.curl.logging.(OneLineLogFormat.kt:60)
2025-04-10T18:27:15.7286182Z   >> String java.time.ZonedDateTime.format(java.time.format.DateTimeFormatter)
2025-04-10T18:27:15.7286789Z 
2025-04-10T18:27:15.7287344Z [Undefined reference | android-api-level-21-5.0.1_r2] okhttp3.curl.logging.(OneLineLogFormat.kt:62)
2025-04-10T18:27:15.7288487Z   >> String java.time.ZonedDateTime.format(java.time.format.DateTimeFormatter)
2025-04-10T18:27:15.7289088Z 
2025-04-10T18:27:17.0086610Z 
2025-04-10T18:27:17.0087529Z > Task :okhttp-tls:lintAnalyzeJvmMain
2025-04-10T18:27:19.1102564Z > Task :native-image-tests:lintAnalyzeJvmTest
2025-04-10T18:27:19.2086683Z 
2025-04-10T18:27:19.2087711Z gradle/actions: Writing build results to /home/runner/work/_temp/.gradle-actions/build-results/__run-1744309429412.json
2025-04-10T18:27:19.2092527Z FAILURE: Build failed with an exception.
2025-04-10T18:27:19.2092963Z 
2025-04-10T18:27:19.2093913Z [Incubating] Problems report is available at: file:///home/runner/work/okhttp/okhttp/build/reports/problems/problems-report.html
2025-04-10T18:27:19.2096920Z 
2025-04-10T18:27:19.2097160Z * What went wrong:
2025-04-10T18:27:19.2107345Z Execution failed for task ':okhttp:compileTestKotlinJvm'.
2025-04-10T18:27:19.2108235Z > Could not resolve all files for configuration ':okhttp:jvmTestCompileClasspath'.
2025-04-10T18:27:19.2109085Z    > No variants of main match the consumer attributes:
2025-04-10T18:27:19.2109658Z        - main:
2025-04-10T18:27:19.2111198Z            - Incompatible because this component declares a component, as well as attribute 'artifactType' with value 'directory' and the consumer needed a component, as well as attribute 'artifactType' with value 'jar'
2025-04-10T18:27:19.2112751Z            - Other compatible attributes:
2025-04-10T18:27:19.2113676Z                - Doesn't say anything about how its dependencies are found (required its dependencies declared externally)
2025-04-10T18:27:19.2115222Z                - Doesn't say anything about its component category (required a library)
2025-04-10T18:27:19.2116210Z                - Doesn't say anything about its elements (required them preferably in the form of class files)
2025-04-10T18:27:19.2117321Z                - Doesn't say anything about its target Java environment (preferred optimized for standard JVMs)
2025-04-10T18:27:19.2118408Z                - Doesn't say anything about its target Java version (required compatibility with Java 8)
2025-04-10T18:27:19.2119353Z                - Doesn't say anything about its usage (required compile-time)
2025-04-10T18:27:19.2120282Z                - Doesn't say anything about org.jetbrains.kotlin.platform.type (required 'jvm')
2025-04-10T18:27:19.2121349Z    > No variants of jvmMain match the consumer attributes:
2025-04-10T18:27:19.2121950Z        - jvmMain:
2025-04-10T18:27:19.2123230Z            - Incompatible because this component declares a component, as well as attribute 'artifactType' with value '' and the consumer needed a component, as well as attribute 'artifactType' with value 'jar'
2025-04-10T18:27:19.2124884Z            - Other compatible attributes:
2025-04-10T18:27:19.2125786Z                - Doesn't say anything about how its dependencies are found (required its dependencies declared externally)
2025-04-10T18:27:19.2126792Z                - Doesn't say anything about its component category (required a library)
2025-04-10T18:27:19.2127743Z                - Doesn't say anything about its elements (required them preferably in the form of class files)
2025-04-10T18:27:19.2128817Z                - Doesn't say anything about its target Java environment (preferred optimized for standard JVMs)
2025-04-10T18:27:19.2129888Z                - Doesn't say anything about its target Java version (required compatibility with Java 8)
2025-04-10T18:27:19.2131013Z                - Doesn't say anything about its usage (required compile-time)
2025-04-10T18:27:19.2131894Z                - Doesn't say anything about org.jetbrains.kotlin.platform.type (required 'jvm')
2025-04-10T18:27:19.2132473Z 
2025-04-10T18:27:19.2132650Z * Try:
2025-04-10T18:27:19.2133586Z > No matching variant errors are explained in more detail at https://docs.gradle.org/8.13/userguide/variant_model.html#sub:variant-no-match.
2025-04-10T18:27:19.2135096Z > Review the variant matching algorithm at https://docs.gradle.org/8.13/userguide/variant_attributes.html#sec:abm_algorithm.
2025-04-10T18:27:19.2136161Z > Run with --stacktrace option to get the stack trace.
2025-04-10T18:27:19.2136857Z > Run with --info or --debug option to get more log output.
2025-04-10T18:27:19.2137493Z > Run with --scan to get full insights.
2025-04-10T18:27:19.2138095Z > Get more help at https://help.gradle.org.
2025-04-10T18:27:19.2138476Z 
2025-04-10T18:27:19.2138663Z BUILD FAILED in 3m 33s
2025-04-10T18:27:19.2138934Z 
2025-04-10T18:27:19.2139405Z Deprecated Gradle features were used in this build, making it incompatible with Gradle 9.0.
2025-04-10T18:27:19.2140023Z 
2025-04-10T18:27:19.2140949Z You can use '--warning-mode all' to show the individual deprecation warnings and determine if they come from your own scripts or plugins.
2025-04-10T18:27:19.2141784Z 
2025-04-10T18:27:19.2142583Z For more on this, please refer to https://docs.gradle.org/8.13/userguide/command_line_interface.html#sec:command_line_warnings in the Gradle documentation.
2025-04-10T18:27:19.2143750Z 351 actionable tasks: 326 executed, 25 from cache
2025-04-10T18:27:19.6870032Z ##[error]Process completed with exit code 1.
2025-04-10T18:27:19.6958895Z Post job cleanup.
2025-04-10T18:27:20.0252043Z In post-action step
2025-04-10T18:27:20.0260025Z Cache is read-only: will not save state for use in subsequent builds.
2025-04-10T18:27:20.0266492Z Generating Job Summary
2025-04-10T18:27:20.0289097Z Completed post-action step
2025-04-10T18:27:20.0442880Z Post job cleanup.
2025-04-10T18:27:20.2284105Z Post job cleanup.
2025-04-10T18:27:20.4047879Z Post job cleanup.
2025-04-10T18:27:20.5110241Z [command]/usr/bin/git version
2025-04-10T18:27:20.5146461Z git version 2.49.0
2025-04-10T18:27:20.5189060Z Temporarily overriding HOME='/home/runner/work/_temp/827bd1e3-e69f-4734-b2bc-8371c8bf137d' before making global git config changes
2025-04-10T18:27:20.5190224Z Adding repository directory to the temporary git global config as a safe directory
2025-04-10T18:27:20.5194718Z [command]/usr/bin/git config --global --add safe.directory /home/runner/work/okhttp/okhttp
2025-04-10T18:27:20.5228975Z [command]/usr/bin/git config --local --name-only --get-regexp core\.sshCommand
2025-04-10T18:27:20.5262254Z [command]/usr/bin/git submodule foreach --recursive sh -c "git config --local --name-only --get-regexp 'core\.sshCommand' && git config --local --unset-all 'core.sshCommand' || :"
2025-04-10T18:27:20.5530119Z [command]/usr/bin/git config --local --name-only --get-regexp http\.https\:\/\/github\.com\/\.extraheader
2025-04-10T18:27:20.5554834Z http.https://github.com/.extraheader
2025-04-10T18:27:20.5568566Z [command]/usr/bin/git config --local --unset-all http.https://github.com/.extraheader
2025-04-10T18:27:20.5607118Z [command]/usr/bin/git submodule foreach --recursive sh -c "git config --local --name-only --get-regexp 'http\.https\:\/\/github\.com\/\.extraheader' && git config --local --unset-all 'http.https://github.com/.extraheader' || :"
2025-04-10T18:27:20.5955406Z Cleaning up orphan processes
2025-04-10T18:27:20.6253001Z Terminate orphan process: pid (2315) (java)
