2025-02-12T14:58:42.1063632Z Prepare all required actions
2025-02-12T14:58:42.1064585Z Getting action download info
2025-02-12T14:58:42.2789213Z Download action repository 'pnpm/action-setup@v4' (SHA:a7487c7e89a18df4991f7f222e4898a00d66ddda)
2025-02-12T14:58:42.6682118Z Download action repository 'actions/setup-node@v4' (SHA:1d0ff469b7ec7b3cb9d8673fde0c81c44821de2a)
2025-02-12T14:58:43.1047854Z ##[group]Run ./.github/actions/base-setup
2025-02-12T14:58:43.1048983Z ##[endgroup]
2025-02-12T14:58:43.1191982Z ##[group]Run pnpm/action-setup@v4
2025-02-12T14:58:43.1193029Z with:
2025-02-12T14:58:43.1193779Z   run_install: false
2025-02-12T14:58:43.1194637Z   dest: ~/setup-pnpm
2025-02-12T14:58:43.1195529Z   package_json_file: package.json
2025-02-12T14:58:43.1196528Z   standalone: false
2025-02-12T14:58:43.1197500Z ##[endgroup]
2025-02-12T14:58:43.1757715Z ##[group]Running self-installer...
2025-02-12T14:58:43.7271881Z Progress: resolved 1, reused 0, downloaded 0, added 0
2025-02-12T14:58:43.7402386Z Packages: +1
2025-02-12T14:58:43.7403960Z +
2025-02-12T14:58:44.1694851Z Progress: resolved 1, reused 0, downloaded 1, added 1, done
2025-02-12T14:58:44.2095160Z 
2025-02-12T14:58:44.2096120Z dependencies:
2025-02-12T14:58:44.2097775Z + pnpm 9.3.0 (10.3.0 is available)
2025-02-12T14:58:44.2098785Z 
2025-02-12T14:58:44.2136081Z Done in 873ms
2025-02-12T14:58:44.2361047Z ##[endgroup]
2025-02-12T14:58:44.2364116Z Installation Completed!
2025-02-12T14:58:44.2564633Z ##[group]Run actions/setup-node@v4
2025-02-12T14:58:44.2565681Z with:
2025-02-12T14:58:44.2566450Z   node-version: 20.x
2025-02-12T14:58:44.2567559Z   cache: pnpm
2025-02-12T14:58:44.2568391Z   always-auth: false
2025-02-12T14:58:44.2569277Z   check-latest: false
2025-02-12T14:58:44.2570420Z   token: ***
2025-02-12T14:58:44.2571233Z env:
2025-02-12T14:58:44.2572197Z   PNPM_HOME: /home/runner/setup-pnpm/node_modules/.bin
2025-02-12T14:58:44.2573409Z ##[endgroup]
2025-02-12T14:58:44.4366394Z Found in cache @ /opt/hostedtoolcache/node/20.18.2/x64
2025-02-12T14:58:44.4372203Z ##[group]Environment details
2025-02-12T14:58:44.8561019Z node: v20.18.2
2025-02-12T14:58:44.8561612Z npm: 10.8.2
2025-02-12T14:58:44.8562014Z yarn: 1.22.22
2025-02-12T14:58:44.8562895Z ##[endgroup]
2025-02-12T14:58:44.8590174Z [command]/home/runner/setup-pnpm/node_modules/.bin/pnpm store path --silent
2025-02-12T14:58:45.2649107Z /home/runner/setup-pnpm/node_modules/.bin/store/v3
2025-02-12T14:58:46.5141644Z Received 130023424 of 180597579 (72.0%), 124.0 MBs/sec
2025-02-12T14:58:46.7708072Z Cache Size: ~172 MB (180597579 B)
2025-02-12T14:58:46.7804036Z [command]/usr/bin/tar -xf /home/runner/work/_temp/a0460ea8-d613-4d67-95d8-dac7558a28a7/cache.tzst -P -C /home/runner/work/ink-kit/ink-kit --use-compress-program unzstd
2025-02-12T14:58:47.5158342Z Received 180597579 of 180597579 (100.0%), 86.0 MBs/sec
2025-02-12T14:58:49.0991046Z Cache restored successfully
2025-02-12T14:58:49.1398926Z Cache restored from key: node-cache-Linux-x64-pnpm-53f6d2d6c6cdecce2782aefcfe1ae68e27256f07e62199e17908146cec2e7dd1
2025-02-12T14:58:49.1549683Z ##[group]Run echo "STORE_PATH=$(pnpm store path)" >> $GITHUB_OUTPUT
2025-02-12T14:58:49.1550260Z [36;1mecho "STORE_PATH=$(pnpm store path)" >> $GITHUB_OUTPUT[0m
2025-02-12T14:58:49.1747448Z shell: /usr/bin/bash --noprofile --norc -e -o pipefail {0}
2025-02-12T14:58:49.1747929Z env:
2025-02-12T14:58:49.1748265Z   PNPM_HOME: /home/runner/setup-pnpm/node_modules/.bin
2025-02-12T14:58:49.1748657Z ##[endgroup]
2025-02-12T14:58:49.6821765Z ##[group]Run actions/cache/restore@v4
2025-02-12T14:58:49.6822050Z with:
2025-02-12T14:58:49.6822363Z   path: /home/runner/setup-pnpm/node_modules/.bin/store/v3
**/node_modules

2025-02-12T14:58:49.6822940Z   key: Linux-pnpm-store-53f6d2d6c6cdecce2782aefcfe1ae68e27256f07e62199e17908146cec2e7dd1
2025-02-12T14:58:49.6823405Z   restore-keys: Linux-pnpm-store-

2025-02-12T14:58:49.6824017Z   enableCrossOsArchive: false
2025-02-12T14:58:49.6824271Z   fail-on-cache-miss: false
2025-02-12T14:58:49.6824503Z   lookup-only: false
2025-02-12T14:58:49.6824710Z env:
2025-02-12T14:58:49.6825252Z   PNPM_HOME: /home/runner/setup-pnpm/node_modules/.bin
2025-02-12T14:58:49.6825549Z ##[endgroup]
2025-02-12T14:58:51.1907853Z Received 96468992 of 195350788 (49.4%), 92.0 MBs/sec
2025-02-12T14:58:51.8079392Z Cache Size: ~186 MB (195350788 B)
2025-02-12T14:58:51.8143228Z [command]/usr/bin/tar -xf /home/runner/work/_temp/c1368e6b-483d-43ab-87af-fb6a42dc5549/cache.tzst -P -C /home/runner/work/ink-kit/ink-kit --use-compress-program unzstd
2025-02-12T14:58:52.1903801Z Received 195350788 of 195350788 (100.0%), 93.1 MBs/sec
2025-02-12T14:58:57.6274734Z Cache restored successfully
2025-02-12T14:58:57.6775704Z Cache restored from key: Linux-pnpm-store-53f6d2d6c6cdecce2782aefcfe1ae68e27256f07e62199e17908146cec2e7dd1
