2025-03-12T11:35:05.5573573Z Requested labels: ubuntu-latest
2025-03-12T11:35:05.5573787Z Job defined at: mantinedev/mantine/.github/workflows/npm_test.yml@refs/pull/7579/merge
2025-03-12T11:35:05.5573880Z Waiting for a runner to pick up this job...
2025-03-12T11:35:06.3299007Z Job is waiting for a hosted runner to come online.
2025-03-12T11:35:10.0379215Z Job is about to start running on the hosted runner: GitHub Actions 8 (hosted)
2025-03-12T11:35:12.5374355Z Current runner version: '2.322.0'
2025-03-12T11:35:12.5398454Z ##[group]Operating System
2025-03-12T11:35:12.5399306Z Ubuntu
2025-03-12T11:35:12.5399847Z 24.04.2
2025-03-12T11:35:12.5400355Z LTS
2025-03-12T11:35:12.5401015Z ##[endgroup]
2025-03-12T11:35:12.5401595Z ##[group]Runner Image
2025-03-12T11:35:12.5402170Z Image: ubuntu-24.04
2025-03-12T11:35:12.5402762Z Version: 20250302.1.0
2025-03-12T11:35:12.5403812Z Included Software: https://github.com/actions/runner-images/blob/ubuntu24/20250302.1/images/ubuntu/Ubuntu2404-Readme.md
2025-03-12T11:35:12.5405175Z Image Release: https://github.com/actions/runner-images/releases/tag/ubuntu24%2F20250302.1
2025-03-12T11:35:12.5406133Z ##[endgroup]
2025-03-12T11:35:12.5406678Z ##[group]Runner Image Provisioner
2025-03-12T11:35:12.5407263Z 2.0.422.1
2025-03-12T11:35:12.5407814Z ##[endgroup]
2025-03-12T11:35:12.5409904Z ##[group]GITHUB_TOKEN Permissions
2025-03-12T11:35:12.5412513Z Actions: read
2025-03-12T11:35:12.5413279Z Attestations: read
2025-03-12T11:35:12.5413980Z Checks: read
2025-03-12T11:35:12.5414498Z Contents: read
2025-03-12T11:35:12.5415056Z Deployments: read
2025-03-12T11:35:12.5415602Z Discussions: read
2025-03-12T11:35:12.5416135Z Issues: read
2025-03-12T11:35:12.5416665Z Metadata: read
2025-03-12T11:35:12.5417203Z Packages: read
2025-03-12T11:35:12.5417725Z Pages: read
2025-03-12T11:35:12.5418266Z PullRequests: read
2025-03-12T11:35:12.5418803Z RepositoryProjects: read
2025-03-12T11:35:12.5419354Z SecurityEvents: read
2025-03-12T11:35:12.5419925Z Statuses: read
2025-03-12T11:35:12.5420420Z ##[endgroup]
2025-03-12T11:35:12.5423624Z Secret source: None
2025-03-12T11:35:12.5424744Z Prepare workflow directory
2025-03-12T11:35:12.5729519Z Prepare all required actions
2025-03-12T11:35:12.5767912Z Getting action download info
2025-03-12T11:35:12.8140977Z Download action repository 'actions/checkout@v3' (SHA:f43a0e5ff2bd294095638e18286ca9a3d1956744)
2025-03-12T11:35:12.8985246Z Download action repository 'actions/setup-node@v3' (SHA:1a4442cacd436585916779262731d5b162bc6ec7)
2025-03-12T11:35:13.0545710Z Complete job name: test_pull_request
2025-03-12T11:35:13.1252870Z ##[group]Run actions/checkout@v3
2025-03-12T11:35:13.1253699Z with:
2025-03-12T11:35:13.1254128Z   repository: mantinedev/mantine
2025-03-12T11:35:13.1254818Z   token: ***
2025-03-12T11:35:13.1255218Z   ssh-strict: true
2025-03-12T11:35:13.1255641Z   persist-credentials: true
2025-03-12T11:35:13.1256097Z   clean: true
2025-03-12T11:35:13.1256503Z   sparse-checkout-cone-mode: true
2025-03-12T11:35:13.1256995Z   fetch-depth: 1
2025-03-12T11:35:13.1257396Z   fetch-tags: false
2025-03-12T11:35:13.1257801Z   lfs: false
2025-03-12T11:35:13.1258175Z   submodules: false
2025-03-12T11:35:13.1258590Z   set-safe-directory: true
2025-03-12T11:35:13.1259251Z ##[endgroup]
2025-03-12T11:35:13.2829579Z Syncing repository: mantinedev/mantine
2025-03-12T11:35:13.2831679Z ##[group]Getting Git version info
2025-03-12T11:35:13.2832397Z Working directory is '/home/runner/work/mantine/mantine'
2025-03-12T11:35:13.2833486Z [command]/usr/bin/git version
2025-03-12T11:35:13.2873758Z git version 2.48.1
2025-03-12T11:35:13.2902088Z ##[endgroup]
2025-03-12T11:35:13.2918093Z Temporarily overriding HOME='/home/runner/work/_temp/588ad04c-4740-43dc-b33b-ca5871a67796' before making global git config changes
2025-03-12T11:35:13.2920319Z Adding repository directory to the temporary git global config as a safe directory
2025-03-12T11:35:13.2922121Z [command]/usr/bin/git config --global --add safe.directory /home/runner/work/mantine/mantine
2025-03-12T11:35:13.2955220Z Deleting the contents of '/home/runner/work/mantine/mantine'
2025-03-12T11:35:13.2958961Z ##[group]Initializing the repository
2025-03-12T11:35:13.2961932Z [command]/usr/bin/git init /home/runner/work/mantine/mantine
2025-03-12T11:35:13.3027754Z hint: Using 'master' as the name for the initial branch. This default branch name
2025-03-12T11:35:13.3029098Z hint: is subject to change. To configure the initial branch name to use in all
2025-03-12T11:35:13.3030682Z hint: of your new repositories, which will suppress this warning, call:
2025-03-12T11:35:13.3032470Z hint:
2025-03-12T11:35:13.3033252Z hint: 	git config --global init.defaultBranch <name>
2025-03-12T11:35:13.3034230Z hint:
2025-03-12T11:35:13.3035112Z hint: Names commonly chosen instead of 'master' are 'main', 'trunk' and
2025-03-12T11:35:13.3036023Z hint: 'development'. The just-created branch can be renamed via this command:
2025-03-12T11:35:13.3036738Z hint:
2025-03-12T11:35:13.3037121Z hint: 	git branch -m <name>
2025-03-12T11:35:13.3037825Z Initialized empty Git repository in /home/runner/work/mantine/mantine/.git/
2025-03-12T11:35:13.3047360Z [command]/usr/bin/git remote add origin https://github.com/mantinedev/mantine
2025-03-12T11:35:13.3086905Z ##[endgroup]
2025-03-12T11:35:13.3088328Z ##[group]Disabling automatic garbage collection
2025-03-12T11:35:13.3089532Z [command]/usr/bin/git config --local gc.auto 0
2025-03-12T11:35:13.3122513Z ##[endgroup]
2025-03-12T11:35:13.3123772Z ##[group]Setting up auth
2025-03-12T11:35:13.3128853Z [command]/usr/bin/git config --local --name-only --get-regexp core\.sshCommand
2025-03-12T11:35:13.3158880Z [command]/usr/bin/git submodule foreach --recursive sh -c "git config --local --name-only --get-regexp 'core\.sshCommand' && git config --local --unset-all 'core.sshCommand' || :"
2025-03-12T11:35:13.3452547Z [command]/usr/bin/git config --local --name-only --get-regexp http\.https\:\/\/github\.com\/\.extraheader
2025-03-12T11:35:13.3482678Z [command]/usr/bin/git submodule foreach --recursive sh -c "git config --local --name-only --get-regexp 'http\.https\:\/\/github\.com\/\.extraheader' && git config --local --unset-all 'http.https://github.com/.extraheader' || :"
2025-03-12T11:35:13.3761813Z [command]/usr/bin/git config --local http.https://github.com/.extraheader AUTHORIZATION: basic ***
2025-03-12T11:35:13.3796270Z ##[endgroup]
2025-03-12T11:35:13.3797540Z ##[group]Fetching the repository
2025-03-12T11:35:13.3806181Z [command]/usr/bin/git -c protocol.version=2 fetch --no-tags --prune --progress --no-recurse-submodules --depth=1 origin +e4e825565c273047505fe244edc1f234cf80f7c4:refs/remotes/pull/7579/merge
2025-03-12T11:35:13.9508857Z remote: Enumerating objects: 5535, done.        
2025-03-12T11:35:13.9509631Z remote: Counting objects:   0% (1/5535)        
2025-03-12T11:35:13.9510234Z remote: Counting objects:   1% (56/5535)        
2025-03-12T11:35:13.9511060Z remote: Counting objects:   2% (111/5535)        
2025-03-12T11:35:13.9511672Z remote: Counting objects:   3% (167/5535)        
2025-03-12T11:35:13.9512270Z remote: Counting objects:   4% (222/5535)        
2025-03-12T11:35:13.9513055Z remote: Counting objects:   5% (277/5535)        
2025-03-12T11:35:13.9514099Z remote: Counting objects:   6% (333/5535)        
2025-03-12T11:35:13.9515107Z remote: Counting objects:   7% (388/5535)        
2025-03-12T11:35:13.9516074Z remote: Counting objects:   8% (443/5535)        
2025-03-12T11:35:13.9516738Z remote: Counting objects:   9% (499/5535)        
2025-03-12T11:35:13.9517324Z remote: Counting objects:  10% (554/5535)        
2025-03-12T11:35:13.9517969Z remote: Counting objects:  11% (609/5535)        
2025-03-12T11:35:13.9518553Z remote: Counting objects:  12% (665/5535)        
2025-03-12T11:35:13.9519195Z remote: Counting objects:  13% (720/5535)        
2025-03-12T11:35:13.9519778Z remote: Counting objects:  14% (775/5535)        
2025-03-12T11:35:13.9520363Z remote: Counting objects:  15% (831/5535)        
2025-03-12T11:35:13.9521104Z remote: Counting objects:  16% (886/5535)        
2025-03-12T11:35:13.9521712Z remote: Counting objects:  17% (941/5535)        
2025-03-12T11:35:13.9522295Z remote: Counting objects:  18% (997/5535)        
2025-03-12T11:35:13.9522871Z remote: Counting objects:  19% (1052/5535)        
2025-03-12T11:35:13.9523460Z remote: Counting objects:  20% (1107/5535)        
2025-03-12T11:35:13.9524056Z remote: Counting objects:  21% (1163/5535)        
2025-03-12T11:35:13.9524646Z remote: Counting objects:  22% (1218/5535)        
2025-03-12T11:35:13.9525661Z remote: Counting objects:  23% (1274/5535)        
2025-03-12T11:35:13.9527147Z remote: Counting objects:  24% (1329/5535)        
2025-03-12T11:35:13.9528201Z remote: Counting objects:  25% (1384/5535)        
2025-03-12T11:35:13.9529190Z remote: Counting objects:  26% (1440/5535)        
2025-03-12T11:35:13.9530154Z remote: Counting objects:  27% (1495/5535)        
2025-03-12T11:35:13.9531289Z remote: Counting objects:  28% (1550/5535)        
2025-03-12T11:35:13.9531903Z remote: Counting objects:  29% (1606/5535)        
2025-03-12T11:35:13.9532489Z remote: Counting objects:  30% (1661/5535)        
2025-03-12T11:35:13.9533087Z remote: Counting objects:  31% (1716/5535)        
2025-03-12T11:35:13.9533668Z remote: Counting objects:  32% (1772/5535)        
2025-03-12T11:35:13.9534289Z remote: Counting objects:  33% (1827/5535)        
2025-03-12T11:35:13.9534878Z remote: Counting objects:  34% (1882/5535)        
2025-03-12T11:35:13.9535918Z remote: Counting objects:  35% (1938/5535)        
2025-03-12T11:35:13.9536974Z remote: Counting objects:  36% (1993/5535)        
2025-03-12T11:35:13.9537901Z remote: Counting objects:  37% (2048/5535)        
2025-03-12T11:35:13.9538503Z remote: Counting objects:  38% (2104/5535)        
2025-03-12T11:35:13.9539087Z remote: Counting objects:  39% (2159/5535)        
2025-03-12T11:35:13.9539674Z remote: Counting objects:  40% (2214/5535)        
2025-03-12T11:35:13.9540246Z remote: Counting objects:  41% (2270/5535)        
2025-03-12T11:35:13.9541055Z remote: Counting objects:  42% (2325/5535)        
2025-03-12T11:35:13.9541669Z remote: Counting objects:  43% (2381/5535)        
2025-03-12T11:35:13.9542251Z remote: Counting objects:  44% (2436/5535)        
2025-03-12T11:35:13.9542830Z remote: Counting objects:  45% (2491/5535)        
2025-03-12T11:35:13.9543417Z remote: Counting objects:  46% (2547/5535)        
2025-03-12T11:35:13.9543993Z remote: Counting objects:  47% (2602/5535)        
2025-03-12T11:35:13.9544576Z remote: Counting objects:  48% (2657/5535)        
2025-03-12T11:35:13.9545432Z remote: Counting objects:  49% (2713/5535)        
2025-03-12T11:35:13.9546044Z remote: Counting objects:  50% (2768/5535)        
2025-03-12T11:35:13.9546631Z remote: Counting objects:  51% (2823/5535)        
2025-03-12T11:35:13.9547203Z remote: Counting objects:  52% (2879/5535)        
2025-03-12T11:35:13.9547788Z remote: Counting objects:  53% (2934/5535)        
2025-03-12T11:35:13.9548369Z remote: Counting objects:  54% (2989/5535)        
2025-03-12T11:35:13.9548952Z remote: Counting objects:  55% (3045/5535)        
2025-03-12T11:35:13.9549529Z remote: Counting objects:  56% (3100/5535)        
2025-03-12T11:35:13.9550102Z remote: Counting objects:  57% (3155/5535)        
2025-03-12T11:35:13.9550687Z remote: Counting objects:  58% (3211/5535)        
2025-03-12T11:35:13.9551406Z remote: Counting objects:  59% (3266/5535)        
2025-03-12T11:35:13.9552025Z remote: Counting objects:  60% (3321/5535)        
2025-03-12T11:35:13.9552610Z remote: Counting objects:  61% (3377/5535)        
2025-03-12T11:35:13.9553204Z remote: Counting objects:  62% (3432/5535)        
2025-03-12T11:35:13.9553775Z remote: Counting objects:  63% (3488/5535)        
2025-03-12T11:35:13.9554477Z remote: Counting objects:  64% (3543/5535)        
2025-03-12T11:35:13.9555054Z remote: Counting objects:  65% (3598/5535)        
2025-03-12T11:35:13.9555640Z remote: Counting objects:  66% (3654/5535)        
2025-03-12T11:35:13.9556222Z remote: Counting objects:  67% (3709/5535)        
2025-03-12T11:35:13.9556809Z remote: Counting objects:  68% (3764/5535)        
2025-03-12T11:35:13.9557397Z remote: Counting objects:  69% (3820/5535)        
2025-03-12T11:35:13.9557970Z remote: Counting objects:  70% (3875/5535)        
2025-03-12T11:35:13.9641921Z remote: Counting objects:  71% (3930/5535)        
2025-03-12T11:35:13.9643204Z remote: Counting objects:  72% (3986/5535)        
2025-03-12T11:35:13.9644328Z remote: Counting objects:  73% (4041/5535)        
2025-03-12T11:35:13.9645442Z remote: Counting objects:  74% (4096/5535)        
2025-03-12T11:35:13.9646941Z remote: Counting objects:  75% (4152/5535)        
2025-03-12T11:35:13.9647876Z remote: Counting objects:  76% (4207/5535)        
2025-03-12T11:35:13.9648829Z remote: Counting objects:  77% (4262/5535)        
2025-03-12T11:35:13.9649766Z remote: Counting objects:  78% (4318/5535)        
2025-03-12T11:35:13.9650760Z remote: Counting objects:  79% (4373/5535)        
2025-03-12T11:35:13.9652066Z remote: Counting objects:  80% (4428/5535)        
2025-03-12T11:35:13.9653136Z remote: Counting objects:  81% (4484/5535)        
2025-03-12T11:35:13.9654168Z remote: Counting objects:  82% (4539/5535)        
2025-03-12T11:35:13.9655196Z remote: Counting objects:  83% (4595/5535)        
2025-03-12T11:35:13.9656228Z remote: Counting objects:  84% (4650/5535)        
2025-03-12T11:35:13.9657262Z remote: Counting objects:  85% (4705/5535)        
2025-03-12T11:35:13.9658285Z remote: Counting objects:  86% (4761/5535)        
2025-03-12T11:35:14.0151350Z remote: Counting objects:  87% (4816/5535)        
2025-03-12T11:35:14.0152388Z remote: Counting objects:  88% (4871/5535)        
2025-03-12T11:35:14.0153415Z remote: Counting objects:  89% (4927/5535)        
2025-03-12T11:35:14.0154051Z remote: Counting objects:  90% (4982/5535)        
2025-03-12T11:35:14.0154652Z remote: Counting objects:  91% (5037/5535)        
2025-03-12T11:35:14.0155245Z remote: Counting objects:  92% (5093/5535)        
2025-03-12T11:35:14.0155841Z remote: Counting objects:  93% (5148/5535)        
2025-03-12T11:35:14.0156435Z remote: Counting objects:  94% (5203/5535)        
2025-03-12T11:35:14.0157026Z remote: Counting objects:  95% (5259/5535)        
2025-03-12T11:35:14.0157617Z remote: Counting objects:  96% (5314/5535)        
2025-03-12T11:35:14.0158244Z remote: Counting objects:  97% (5369/5535)        
2025-03-12T11:35:14.0158844Z remote: Counting objects:  98% (5425/5535)        
2025-03-12T11:35:14.0159437Z remote: Counting objects:  99% (5480/5535)        
2025-03-12T11:35:14.0160040Z remote: Counting objects: 100% (5535/5535)        
2025-03-12T11:35:14.0161075Z remote: Counting objects: 100% (5535/5535), done.        
2025-03-12T11:35:14.0161817Z remote: Compressing objects:   0% (1/4536)        
2025-03-12T11:35:14.0162434Z remote: Compressing objects:   1% (46/4536)        
2025-03-12T11:35:14.0163049Z remote: Compressing objects:   2% (91/4536)        
2025-03-12T11:35:14.0163672Z remote: Compressing objects:   3% (137/4536)        
2025-03-12T11:35:14.0164297Z remote: Compressing objects:   4% (182/4536)        
2025-03-12T11:35:14.0164923Z remote: Compressing objects:   5% (227/4536)        
2025-03-12T11:35:14.0165555Z remote: Compressing objects:   6% (273/4536)        
2025-03-12T11:35:14.0166185Z remote: Compressing objects:   7% (318/4536)        
2025-03-12T11:35:14.0166829Z remote: Compressing objects:   8% (363/4536)        
2025-03-12T11:35:14.0167448Z remote: Compressing objects:   9% (409/4536)        
2025-03-12T11:35:14.0412434Z remote: Compressing objects:  10% (454/4536)        
2025-03-12T11:35:14.0413358Z remote: Compressing objects:  11% (499/4536)        
2025-03-12T11:35:14.0414036Z remote: Compressing objects:  12% (545/4536)        
2025-03-12T11:35:14.0414701Z remote: Compressing objects:  13% (590/4536)        
2025-03-12T11:35:14.0415365Z remote: Compressing objects:  14% (636/4536)        
2025-03-12T11:35:14.0424424Z remote: Compressing objects:  15% (681/4536)        
2025-03-12T11:35:14.1049461Z remote: Compressing objects:  16% (726/4536)        
2025-03-12T11:35:14.1050548Z remote: Compressing objects:  17% (772/4536)        
2025-03-12T11:35:14.1051735Z remote: Compressing objects:  18% (817/4536)        
2025-03-12T11:35:14.1052851Z remote: Compressing objects:  19% (862/4536)        
2025-03-12T11:35:14.1054085Z remote: Compressing objects:  20% (908/4536)        
2025-03-12T11:35:14.1055103Z remote: Compressing objects:  21% (953/4536)        
2025-03-12T11:35:14.1056100Z remote: Compressing objects:  22% (998/4536)        
2025-03-12T11:35:14.1057461Z remote: Compressing objects:  23% (1044/4536)        
2025-03-12T11:35:14.1058134Z remote: Compressing objects:  24% (1089/4536)        
2025-03-12T11:35:14.1058778Z remote: Compressing objects:  25% (1134/4536)        
2025-03-12T11:35:14.1059424Z remote: Compressing objects:  26% (1180/4536)        
2025-03-12T11:35:14.1060101Z remote: Compressing objects:  27% (1225/4536)        
2025-03-12T11:35:14.1060739Z remote: Compressing objects:  28% (1271/4536)        
2025-03-12T11:35:14.1300261Z remote: Compressing objects:  29% (1316/4536)        
2025-03-12T11:35:14.1301926Z remote: Compressing objects:  30% (1361/4536)        
2025-03-12T11:35:14.1303152Z remote: Compressing objects:  31% (1407/4536)        
2025-03-12T11:35:14.1304089Z remote: Compressing objects:  32% (1452/4536)        
2025-03-12T11:35:14.1304991Z remote: Compressing objects:  33% (1497/4536)        
2025-03-12T11:35:14.1323202Z remote: Compressing objects:  34% (1543/4536)        
2025-03-12T11:35:14.1949242Z remote: Compressing objects:  35% (1588/4536)        
2025-03-12T11:35:14.1950222Z remote: Compressing objects:  36% (1633/4536)        
2025-03-12T11:35:14.1951125Z remote: Compressing objects:  37% (1679/4536)        
2025-03-12T11:35:14.1951806Z remote: Compressing objects:  38% (1724/4536)        
2025-03-12T11:35:14.1952465Z remote: Compressing objects:  39% (1770/4536)        
2025-03-12T11:35:14.1953103Z remote: Compressing objects:  40% (1815/4536)        
2025-03-12T11:35:14.1953749Z remote: Compressing objects:  41% (1860/4536)        
2025-03-12T11:35:14.1954392Z remote: Compressing objects:  42% (1906/4536)        
2025-03-12T11:35:14.1955039Z remote: Compressing objects:  43% (1951/4536)        
2025-03-12T11:35:14.1955678Z remote: Compressing objects:  44% (1996/4536)        
2025-03-12T11:35:14.1956344Z remote: Compressing objects:  45% (2042/4536)        
2025-03-12T11:35:14.1957003Z remote: Compressing objects:  46% (2087/4536)        
2025-03-12T11:35:14.1957677Z remote: Compressing objects:  47% (2132/4536)        
2025-03-12T11:35:14.2200517Z remote: Compressing objects:  48% (2178/4536)        
2025-03-12T11:35:14.2202200Z remote: Compressing objects:  49% (2223/4536)        
2025-03-12T11:35:14.2203517Z remote: Compressing objects:  50% (2268/4536)        
2025-03-12T11:35:14.2204843Z remote: Compressing objects:  51% (2314/4536)        
2025-03-12T11:35:14.2206164Z remote: Compressing objects:  52% (2359/4536)        
2025-03-12T11:35:14.2207505Z remote: Compressing objects:  53% (2405/4536)        
2025-03-12T11:35:14.2208742Z remote: Compressing objects:  54% (2450/4536)        
2025-03-12T11:35:14.2210006Z remote: Compressing objects:  55% (2495/4536)        
2025-03-12T11:35:14.2211567Z remote: Compressing objects:  56% (2541/4536)        
2025-03-12T11:35:14.2212822Z remote: Compressing objects:  57% (2586/4536)        
2025-03-12T11:35:14.2214109Z remote: Compressing objects:  58% (2631/4536)        
2025-03-12T11:35:14.2215380Z remote: Compressing objects:  59% (2677/4536)        
2025-03-12T11:35:14.2216641Z remote: Compressing objects:  60% (2722/4536)        
2025-03-12T11:35:14.2217922Z remote: Compressing objects:  61% (2767/4536)        
2025-03-12T11:35:14.2219224Z remote: Compressing objects:  62% (2813/4536)        
2025-03-12T11:35:14.2220517Z remote: Compressing objects:  63% (2858/4536)        
2025-03-12T11:35:14.2222018Z remote: Compressing objects:  64% (2904/4536)        
2025-03-12T11:35:14.2223227Z remote: Compressing objects:  65% (2949/4536)        
2025-03-12T11:35:14.2224519Z remote: Compressing objects:  66% (2994/4536)        
2025-03-12T11:35:14.2849345Z remote: Compressing objects:  67% (3040/4536)        
2025-03-12T11:35:14.2850590Z remote: Compressing objects:  68% (3085/4536)        
2025-03-12T11:35:14.2851907Z remote: Compressing objects:  69% (3130/4536)        
2025-03-12T11:35:14.2852918Z remote: Compressing objects:  70% (3176/4536)        
2025-03-12T11:35:14.2853931Z remote: Compressing objects:  71% (3221/4536)        
2025-03-12T11:35:14.2854944Z remote: Compressing objects:  72% (3266/4536)        
2025-03-12T11:35:14.2856251Z remote: Compressing objects:  73% (3312/4536)        
2025-03-12T11:35:14.2857304Z remote: Compressing objects:  74% (3357/4536)        
2025-03-12T11:35:14.2858289Z remote: Compressing objects:  75% (3402/4536)        
2025-03-12T11:35:14.2859373Z remote: Compressing objects:  76% (3448/4536)        
2025-03-12T11:35:14.2860584Z remote: Compressing objects:  77% (3493/4536)        
2025-03-12T11:35:14.2861836Z remote: Compressing objects:  78% (3539/4536)        
2025-03-12T11:35:14.2862938Z remote: Compressing objects:  79% (3584/4536)        
2025-03-12T11:35:14.2864122Z remote: Compressing objects:  80% (3629/4536)        
2025-03-12T11:35:14.2865371Z remote: Compressing objects:  81% (3675/4536)        
2025-03-12T11:35:14.2866598Z remote: Compressing objects:  82% (3720/4536)        
2025-03-12T11:35:14.2867769Z remote: Compressing objects:  83% (3765/4536)        
2025-03-12T11:35:14.2868932Z remote: Compressing objects:  84% (3811/4536)        
2025-03-12T11:35:14.2901068Z remote: Compressing objects:  85% (3856/4536)        
2025-03-12T11:35:14.2903361Z remote: Compressing objects:  86% (3901/4536)        
2025-03-12T11:35:14.2904942Z remote: Compressing objects:  87% (3947/4536)        
2025-03-12T11:35:14.2906212Z remote: Compressing objects:  88% (3992/4536)        
2025-03-12T11:35:14.2907465Z remote: Compressing objects:  89% (4038/4536)        
2025-03-12T11:35:14.2908840Z remote: Compressing objects:  90% (4083/4536)        
2025-03-12T11:35:14.2910370Z remote: Compressing objects:  91% (4128/4536)        
2025-03-12T11:35:14.2912131Z remote: Compressing objects:  92% (4174/4536)        
2025-03-12T11:35:14.2913703Z remote: Compressing objects:  93% (4219/4536)        
2025-03-12T11:35:14.2915328Z remote: Compressing objects:  94% (4264/4536)        
2025-03-12T11:35:14.2916954Z remote: Compressing objects:  95% (4310/4536)        
2025-03-12T11:35:14.2918700Z remote: Compressing objects:  96% (4355/4536)        
2025-03-12T11:35:14.2920341Z remote: Compressing objects:  97% (4400/4536)        
2025-03-12T11:35:14.2922388Z remote: Compressing objects:  98% (4446/4536)        
2025-03-12T11:35:14.2924166Z remote: Compressing objects:  99% (4491/4536)        
2025-03-12T11:35:14.2926353Z remote: Compressing objects: 100% (4536/4536)        
2025-03-12T11:35:14.2928279Z remote: Compressing objects: 100% (4536/4536), done.        
2025-03-12T11:35:14.4692986Z Receiving objects:   0% (1/5535)
2025-03-12T11:35:14.4699227Z Receiving objects:   1% (56/5535)
2025-03-12T11:35:14.4736609Z Receiving objects:   2% (111/5535)
2025-03-12T11:35:14.4774277Z Receiving objects:   3% (167/5535)
2025-03-12T11:35:14.4784024Z Receiving objects:   4% (222/5535)
2025-03-12T11:35:14.4910429Z Receiving objects:   5% (277/5535)
2025-03-12T11:35:14.4920552Z Receiving objects:   6% (333/5535)
2025-03-12T11:35:14.4929863Z Receiving objects:   7% (388/5535)
2025-03-12T11:35:14.4940090Z Receiving objects:   8% (443/5535)
2025-03-12T11:35:14.5017865Z Receiving objects:   9% (499/5535)
2025-03-12T11:35:14.5028525Z Receiving objects:  10% (554/5535)
2025-03-12T11:35:14.5038042Z Receiving objects:  11% (609/5535)
2025-03-12T11:35:14.5047175Z Receiving objects:  12% (665/5535)
2025-03-12T11:35:14.5053318Z Receiving objects:  13% (720/5535)
2025-03-12T11:35:14.5074947Z Receiving objects:  14% (775/5535)
2025-03-12T11:35:14.5092951Z Receiving objects:  15% (831/5535)
2025-03-12T11:35:14.5107736Z Receiving objects:  16% (886/5535)
2025-03-12T11:35:14.5127708Z Receiving objects:  17% (941/5535)
2025-03-12T11:35:14.5139170Z Receiving objects:  18% (997/5535)
2025-03-12T11:35:14.5156382Z Receiving objects:  19% (1052/5535)
2025-03-12T11:35:14.5189941Z Receiving objects:  20% (1107/5535)
2025-03-12T11:35:14.5197863Z Receiving objects:  21% (1163/5535)
2025-03-12T11:35:14.5202399Z Receiving objects:  22% (1218/5535)
2025-03-12T11:35:14.5206919Z Receiving objects:  23% (1274/5535)
2025-03-12T11:35:14.5209925Z Receiving objects:  24% (1329/5535)
2025-03-12T11:35:14.5214392Z Receiving objects:  25% (1384/5535)
2025-03-12T11:35:14.5221611Z Receiving objects:  26% (1440/5535)
2025-03-12T11:35:14.5226185Z Receiving objects:  27% (1495/5535)
2025-03-12T11:35:14.5231614Z Receiving objects:  28% (1550/5535)
2025-03-12T11:35:14.5236829Z Receiving objects:  29% (1606/5535)
2025-03-12T11:35:14.5242867Z Receiving objects:  30% (1661/5535)
2025-03-12T11:35:14.5247939Z Receiving objects:  31% (1716/5535)
2025-03-12T11:35:14.5253780Z Receiving objects:  32% (1772/5535)
2025-03-12T11:35:14.5260545Z Receiving objects:  33% (1827/5535)
2025-03-12T11:35:14.5266490Z Receiving objects:  34% (1882/5535)
2025-03-12T11:35:14.5271472Z Receiving objects:  35% (1938/5535)
2025-03-12T11:35:14.5275516Z Receiving objects:  36% (1993/5535)
2025-03-12T11:35:14.5281373Z Receiving objects:  37% (2048/5535)
2025-03-12T11:35:14.5286514Z Receiving objects:  38% (2104/5535)
2025-03-12T11:35:14.5291883Z Receiving objects:  39% (2159/5535)
2025-03-12T11:35:14.5296671Z Receiving objects:  40% (2214/5535)
2025-03-12T11:35:14.5303624Z Receiving objects:  41% (2270/5535)
2025-03-12T11:35:14.5307885Z Receiving objects:  42% (2325/5535)
2025-03-12T11:35:14.5313566Z Receiving objects:  43% (2381/5535)
2025-03-12T11:35:14.5318247Z Receiving objects:  44% (2436/5535)
2025-03-12T11:35:14.5321967Z Receiving objects:  45% (2491/5535)
2025-03-12T11:35:14.5328169Z Receiving objects:  46% (2547/5535)
2025-03-12T11:35:14.5337949Z Receiving objects:  47% (2602/5535)
2025-03-12T11:35:14.5345946Z Receiving objects:  48% (2657/5535)
2025-03-12T11:35:14.5352868Z Receiving objects:  49% (2713/5535)
2025-03-12T11:35:14.5360340Z Receiving objects:  50% (2768/5535)
2025-03-12T11:35:14.5367158Z Receiving objects:  51% (2823/5535)
2025-03-12T11:35:14.5372102Z Receiving objects:  52% (2879/5535)
2025-03-12T11:35:14.5378467Z Receiving objects:  53% (2934/5535)
2025-03-12T11:35:14.5387562Z Receiving objects:  54% (2989/5535)
2025-03-12T11:35:14.5396933Z Receiving objects:  55% (3045/5535)
2025-03-12T11:35:14.5404721Z Receiving objects:  56% (3100/5535)
2025-03-12T11:35:14.5413656Z Receiving objects:  57% (3155/5535)
2025-03-12T11:35:14.5422411Z Receiving objects:  58% (3211/5535)
2025-03-12T11:35:14.5427850Z Receiving objects:  59% (3266/5535)
2025-03-12T11:35:14.5434576Z Receiving objects:  60% (3321/5535)
2025-03-12T11:35:14.5443507Z Receiving objects:  61% (3377/5535)
2025-03-12T11:35:14.5454219Z Receiving objects:  62% (3432/5535)
2025-03-12T11:35:14.5460987Z Receiving objects:  63% (3488/5535)
2025-03-12T11:35:14.5469622Z Receiving objects:  64% (3543/5535)
2025-03-12T11:35:14.5476979Z Receiving objects:  65% (3598/5535)
2025-03-12T11:35:14.5488126Z Receiving objects:  66% (3654/5535)
2025-03-12T11:35:14.5497013Z Receiving objects:  67% (3709/5535)
2025-03-12T11:35:14.5505396Z Receiving objects:  68% (3764/5535)
2025-03-12T11:35:14.5517049Z Receiving objects:  69% (3820/5535)
2025-03-12T11:35:14.5526105Z Receiving objects:  70% (3875/5535)
2025-03-12T11:35:14.5536335Z Receiving objects:  71% (3930/5535)
2025-03-12T11:35:14.5544644Z Receiving objects:  72% (3986/5535)
2025-03-12T11:35:14.5554198Z Receiving objects:  73% (4041/5535)
2025-03-12T11:35:14.5561995Z Receiving objects:  74% (4096/5535)
2025-03-12T11:35:14.5573448Z Receiving objects:  75% (4152/5535)
2025-03-12T11:35:14.5584184Z Receiving objects:  76% (4207/5535)
2025-03-12T11:35:14.5591107Z Receiving objects:  77% (4262/5535)
2025-03-12T11:35:14.5596517Z Receiving objects:  78% (4318/5535)
2025-03-12T11:35:14.5604441Z Receiving objects:  79% (4373/5535)
2025-03-12T11:35:14.5612767Z Receiving objects:  80% (4428/5535)
2025-03-12T11:35:14.5619199Z Receiving objects:  81% (4484/5535)
2025-03-12T11:35:14.5623954Z Receiving objects:  82% (4539/5535)
2025-03-12T11:35:14.5632434Z Receiving objects:  83% (4595/5535)
2025-03-12T11:35:14.5642394Z Receiving objects:  84% (4650/5535)
2025-03-12T11:35:14.5648166Z Receiving objects:  85% (4705/5535)
2025-03-12T11:35:14.5654089Z Receiving objects:  86% (4761/5535)
2025-03-12T11:35:14.5661498Z Receiving objects:  87% (4816/5535)
2025-03-12T11:35:14.5667931Z Receiving objects:  88% (4871/5535)
2025-03-12T11:35:14.5675155Z Receiving objects:  89% (4927/5535)
2025-03-12T11:35:14.5682579Z Receiving objects:  90% (4982/5535)
2025-03-12T11:35:14.5688414Z Receiving objects:  91% (5037/5535)
2025-03-12T11:35:14.5695517Z Receiving objects:  92% (5093/5535)
2025-03-12T11:35:14.5703367Z Receiving objects:  93% (5148/5535)
2025-03-12T11:35:14.5709385Z Receiving objects:  94% (5203/5535)
2025-03-12T11:35:14.5719457Z Receiving objects:  95% (5259/5535)
2025-03-12T11:35:14.5727657Z Receiving objects:  96% (5314/5535)
2025-03-12T11:35:14.5733520Z Receiving objects:  97% (5369/5535)
2025-03-12T11:35:14.5743039Z Receiving objects:  98% (5425/5535)
2025-03-12T11:35:14.5831179Z Receiving objects:  99% (5480/5535)
2025-03-12T11:35:14.5833518Z remote: Total 5535 (delta 1161), reused 2915 (delta 871), pack-reused 0 (from 0)        
2025-03-12T11:35:14.5858713Z Receiving objects: 100% (5535/5535)
2025-03-12T11:35:14.5861088Z Receiving objects: 100% (5535/5535), 7.49 MiB | 25.58 MiB/s, done.
2025-03-12T11:35:14.5866284Z Resolving deltas:   0% (0/1161)
2025-03-12T11:35:14.5870654Z Resolving deltas:   1% (12/1161)
2025-03-12T11:35:14.5872833Z Resolving deltas:   2% (24/1161)
2025-03-12T11:35:14.5877604Z Resolving deltas:   3% (35/1161)
2025-03-12T11:35:14.5881271Z Resolving deltas:   4% (47/1161)
2025-03-12T11:35:14.5883699Z Resolving deltas:   5% (60/1161)
2025-03-12T11:35:14.5886848Z Resolving deltas:   6% (70/1161)
2025-03-12T11:35:14.5888528Z Resolving deltas:   7% (82/1161)
2025-03-12T11:35:14.5890248Z Resolving deltas:   8% (94/1161)
2025-03-12T11:35:14.5895751Z Resolving deltas:   9% (105/1161)
2025-03-12T11:35:14.5903045Z Resolving deltas:  10% (117/1161)
2025-03-12T11:35:14.5904856Z Resolving deltas:  11% (128/1161)
2025-03-12T11:35:14.5906554Z Resolving deltas:  12% (140/1161)
2025-03-12T11:35:14.5910681Z Resolving deltas:  13% (151/1161)
2025-03-12T11:35:14.5912581Z Resolving deltas:  14% (163/1161)
2025-03-12T11:35:14.5914650Z Resolving deltas:  15% (175/1161)
2025-03-12T11:35:14.5917538Z Resolving deltas:  16% (186/1161)
2025-03-12T11:35:14.5919530Z Resolving deltas:  17% (198/1161)
2025-03-12T11:35:14.5926667Z Resolving deltas:  18% (209/1161)
2025-03-12T11:35:14.5928458Z Resolving deltas:  19% (221/1161)
2025-03-12T11:35:14.5930192Z Resolving deltas:  20% (233/1161)
2025-03-12T11:35:14.5932118Z Resolving deltas:  21% (244/1161)
2025-03-12T11:35:14.5933814Z Resolving deltas:  22% (256/1161)
2025-03-12T11:35:14.5935499Z Resolving deltas:  23% (268/1161)
2025-03-12T11:35:14.5937201Z Resolving deltas:  24% (279/1161)
2025-03-12T11:35:14.5938910Z Resolving deltas:  25% (291/1161)
2025-03-12T11:35:14.5940596Z Resolving deltas:  26% (303/1161)
2025-03-12T11:35:14.5942332Z Resolving deltas:  27% (314/1161)
2025-03-12T11:35:14.5943820Z Resolving deltas:  28% (326/1161)
2025-03-12T11:35:14.5945287Z Resolving deltas:  29% (337/1161)
2025-03-12T11:35:14.5946840Z Resolving deltas:  30% (349/1161)
2025-03-12T11:35:14.5948388Z Resolving deltas:  31% (360/1161)
2025-03-12T11:35:14.5949897Z Resolving deltas:  32% (373/1161)
2025-03-12T11:35:14.5951585Z Resolving deltas:  33% (384/1161)
2025-03-12T11:35:14.5953121Z Resolving deltas:  34% (395/1161)
2025-03-12T11:35:14.5954702Z Resolving deltas:  35% (407/1161)
2025-03-12T11:35:14.5956237Z Resolving deltas:  36% (418/1161)
2025-03-12T11:35:14.5957735Z Resolving deltas:  37% (430/1161)
2025-03-12T11:35:14.5959263Z Resolving deltas:  38% (442/1161)
2025-03-12T11:35:14.5960783Z Resolving deltas:  39% (453/1161)
2025-03-12T11:35:14.5962515Z Resolving deltas:  40% (465/1161)
2025-03-12T11:35:14.5964018Z Resolving deltas:  41% (477/1161)
2025-03-12T11:35:14.5965615Z Resolving deltas:  42% (488/1161)
2025-03-12T11:35:14.5967154Z Resolving deltas:  43% (500/1161)
2025-03-12T11:35:14.5968668Z Resolving deltas:  44% (511/1161)
2025-03-12T11:35:14.5970219Z Resolving deltas:  45% (523/1161)
2025-03-12T11:35:14.5971956Z Resolving deltas:  46% (535/1161)
2025-03-12T11:35:14.5973531Z Resolving deltas:  47% (547/1161)
2025-03-12T11:35:14.5975049Z Resolving deltas:  48% (558/1161)
2025-03-12T11:35:14.5976798Z Resolving deltas:  49% (569/1161)
2025-03-12T11:35:14.5978396Z Resolving deltas:  50% (581/1161)
2025-03-12T11:35:14.5979901Z Resolving deltas:  51% (593/1161)
2025-03-12T11:35:14.5981691Z Resolving deltas:  52% (605/1161)
2025-03-12T11:35:14.5983181Z Resolving deltas:  53% (616/1161)
2025-03-12T11:35:14.5984711Z Resolving deltas:  54% (627/1161)
2025-03-12T11:35:14.5986239Z Resolving deltas:  55% (639/1161)
2025-03-12T11:35:14.5987869Z Resolving deltas:  56% (651/1161)
2025-03-12T11:35:14.5989362Z Resolving deltas:  57% (662/1161)
2025-03-12T11:35:14.5995549Z Resolving deltas:  58% (675/1161)
2025-03-12T11:35:14.6003898Z Resolving deltas:  59% (685/1161)
2025-03-12T11:35:14.6005473Z Resolving deltas:  60% (697/1161)
2025-03-12T11:35:14.6007040Z Resolving deltas:  61% (709/1161)
2025-03-12T11:35:14.6008593Z Resolving deltas:  62% (720/1161)
2025-03-12T11:35:14.6010125Z Resolving deltas:  63% (733/1161)
2025-03-12T11:35:14.6011925Z Resolving deltas:  64% (744/1161)
2025-03-12T11:35:14.6015832Z Resolving deltas:  65% (755/1161)
2025-03-12T11:35:14.6017712Z Resolving deltas:  66% (767/1161)
2025-03-12T11:35:14.6019243Z Resolving deltas:  67% (779/1161)
2025-03-12T11:35:14.6020739Z Resolving deltas:  68% (790/1161)
2025-03-12T11:35:14.6024463Z Resolving deltas:  69% (802/1161)
2025-03-12T11:35:14.6029088Z Resolving deltas:  70% (813/1161)
2025-03-12T11:35:14.6038400Z Resolving deltas:  71% (825/1161)
2025-03-12T11:35:14.6039929Z Resolving deltas:  72% (836/1161)
2025-03-12T11:35:14.6041582Z Resolving deltas:  73% (848/1161)
2025-03-12T11:35:14.6043168Z Resolving deltas:  74% (860/1161)
2025-03-12T11:35:14.6044731Z Resolving deltas:  75% (871/1161)
2025-03-12T11:35:14.6046309Z Resolving deltas:  76% (884/1161)
2025-03-12T11:35:14.6047855Z Resolving deltas:  77% (894/1161)
2025-03-12T11:35:14.6050515Z Resolving deltas:  78% (906/1161)
2025-03-12T11:35:14.6052370Z Resolving deltas:  79% (918/1161)
2025-03-12T11:35:14.6053890Z Resolving deltas:  80% (929/1161)
2025-03-12T11:35:14.6055351Z Resolving deltas:  81% (942/1161)
2025-03-12T11:35:14.6059793Z Resolving deltas:  82% (953/1161)
2025-03-12T11:35:14.6061956Z Resolving deltas:  83% (964/1161)
2025-03-12T11:35:14.6065592Z Resolving deltas:  84% (976/1161)
2025-03-12T11:35:14.6067521Z Resolving deltas:  85% (987/1161)
2025-03-12T11:35:14.6068670Z Resolving deltas:  86% (999/1161)
2025-03-12T11:35:14.6073383Z Resolving deltas:  87% (1011/1161)
2025-03-12T11:35:14.6075904Z Resolving deltas:  88% (1023/1161)
2025-03-12T11:35:14.6079372Z Resolving deltas:  89% (1034/1161)
2025-03-12T11:35:14.6084578Z Resolving deltas:  90% (1045/1161)
2025-03-12T11:35:14.6089700Z Resolving deltas:  91% (1058/1161)
2025-03-12T11:35:14.6091426Z Resolving deltas:  92% (1069/1161)
2025-03-12T11:35:14.6096375Z Resolving deltas:  93% (1080/1161)
2025-03-12T11:35:14.6099927Z Resolving deltas:  94% (1092/1161)
2025-03-12T11:35:14.6103507Z Resolving deltas:  95% (1103/1161)
2025-03-12T11:35:14.6104329Z Resolving deltas:  96% (1115/1161)
2025-03-12T11:35:14.6109792Z Resolving deltas:  97% (1127/1161)
2025-03-12T11:35:14.6110505Z Resolving deltas:  98% (1138/1161)
2025-03-12T11:35:14.6113072Z Resolving deltas:  99% (1150/1161)
2025-03-12T11:35:14.6115598Z Resolving deltas: 100% (1161/1161)
2025-03-12T11:35:14.6116261Z Resolving deltas: 100% (1161/1161), done.
2025-03-12T11:35:14.6349126Z From https://github.com/mantinedev/mantine
2025-03-12T11:35:14.6350620Z  * [new ref]         e4e825565c273047505fe244edc1f234cf80f7c4 -> pull/7579/merge
2025-03-12T11:35:14.6377701Z ##[endgroup]
2025-03-12T11:35:14.6378469Z ##[group]Determining the checkout info
2025-03-12T11:35:14.6379447Z ##[endgroup]
2025-03-12T11:35:14.6379940Z ##[group]Checking out the ref
2025-03-12T11:35:14.6384017Z [command]/usr/bin/git checkout --progress --force refs/remotes/pull/7579/merge
2025-03-12T11:35:14.8762688Z Note: switching to 'refs/remotes/pull/7579/merge'.
2025-03-12T11:35:14.8763212Z 
2025-03-12T11:35:14.8763550Z You are in 'detached HEAD' state. You can look around, make experimental
2025-03-12T11:35:14.8765019Z changes and commit them, and you can discard any commits you make in this
2025-03-12T11:35:14.8765816Z state without impacting any branches by switching back to a branch.
2025-03-12T11:35:14.8766269Z 
2025-03-12T11:35:14.8766554Z If you want to create a new branch to retain commits you create, you may
2025-03-12T11:35:14.8767241Z do so (now or later) by using -c with the switch command. Example:
2025-03-12T11:35:14.8767642Z 
2025-03-12T11:35:14.8767835Z   git switch -c <new-branch-name>
2025-03-12T11:35:14.8768112Z 
2025-03-12T11:35:14.8768266Z Or undo this operation with:
2025-03-12T11:35:14.8768518Z 
2025-03-12T11:35:14.8768650Z   git switch -
2025-03-12T11:35:14.8768830Z 
2025-03-12T11:35:14.8769148Z Turn off this advice by setting config variable advice.detachedHead to false
2025-03-12T11:35:14.8769619Z 
2025-03-12T11:35:14.8770171Z HEAD is now at e4e8255 Merge 1f51b086332c45c416276e98513e7e8b89eb2a92 into c1dfc837daf3fc84364230b9e8e7f08d1d0a0372
2025-03-12T11:35:14.8777563Z ##[endgroup]
2025-03-12T11:35:14.8815275Z [command]/usr/bin/git log -1 --format='%H'
2025-03-12T11:35:14.8836578Z 'e4e825565c273047505fe244edc1f234cf80f7c4'
2025-03-12T11:35:14.9056157Z ##[group]Run actions/setup-node@v3
2025-03-12T11:35:14.9056448Z with:
2025-03-12T11:35:14.9056642Z   node-version-file: .nvmrc
2025-03-12T11:35:14.9056865Z   cache: yarn
2025-03-12T11:35:14.9057063Z   cache-dependency-path: **/yarn.lock
2025-03-12T11:35:14.9057317Z   always-auth: false
2025-03-12T11:35:14.9057519Z   check-latest: false
2025-03-12T11:35:14.9057834Z   token: ***
2025-03-12T11:35:14.9058044Z ##[endgroup]
2025-03-12T11:35:15.0792625Z Node version file is not JSON file
2025-03-12T11:35:15.0793235Z Resolved .nvmrc as 22.11.0
2025-03-12T11:35:15.0801744Z Attempting to download 22.11.0...
2025-03-12T11:35:15.6602967Z Acquiring 22.11.0 - x64 from https://github.com/actions/node-versions/releases/download/22.11.0-11593095476/node-22.11.0-linux-x64.tar.gz
2025-03-12T11:35:16.4503823Z Extracting ...
2025-03-12T11:35:16.4616294Z [command]/usr/bin/tar xz --strip 1 --warning=no-unknown-keyword -C /home/runner/work/_temp/caefc2a9-be43-4b57-899d-8c1b7c641a4b -f /home/runner/work/_temp/e2bac00a-dac6-42cd-aaf4-9d5dcbed34a6
2025-03-12T11:35:17.5911665Z Adding to the cache ...
2025-03-12T11:35:19.5830132Z ##[group]Environment details
2025-03-12T11:35:19.9783257Z node: v22.11.0
2025-03-12T11:35:19.9791636Z npm: 10.9.0
2025-03-12T11:35:19.9791924Z yarn: 4.6.0
2025-03-12T11:35:19.9792635Z ##[endgroup]
2025-03-12T11:35:20.4577082Z [command]/usr/local/bin/yarn --version
2025-03-12T11:35:20.7500140Z 4.6.0
2025-03-12T11:35:20.7723724Z [command]/usr/local/bin/yarn config get cacheFolder
2025-03-12T11:35:21.0670986Z /home/runner/.yarn/berry/cache
2025-03-12T11:35:21.5260709Z [command]/usr/local/bin/yarn config get enableGlobalCache
2025-03-12T11:35:21.8331312Z [33mtrue[39m
2025-03-12T11:35:22.1672768Z yarn cache is not found
2025-03-12T11:35:22.1863901Z ##[group]Run yarn
2025-03-12T11:35:22.1864164Z [36;1myarn[0m
2025-03-12T11:35:22.1916728Z shell: /usr/bin/bash -e {0}
2025-03-12T11:35:22.1917007Z ##[endgroup]
2025-03-12T11:35:22.7364408Z [93mâž¤[39m YN0000: Yarn detected that the current workflow is executed from a public pull request. For safety the hardened mode has been enabled.
2025-03-12T11:35:22.7365977Z [93mâž¤[39m YN0000: It will prevent malicious lockfile manipulations, in exchange for a slower install time. You can opt-out if necessary; check our documentation for more details.
2025-03-12T11:35:22.7366609Z 
2025-03-12T11:35:22.7366818Z [94mâž¤[39m YN0000: Â· Yarn 4.6.0
2025-03-12T11:35:22.7473181Z [94mâž¤[39m [90mYN0000[39m: â”Œ Resolution step
2025-03-12T11:35:22.7473733Z ##[group]Resolution step
2025-03-12T11:35:33.0313669Z ##[endgroup]
2025-03-12T11:35:33.0318605Z [94mâž¤[39m [90mYN0000[39m: â”” Completed in 10s 284ms
2025-03-12T11:35:33.0361277Z [94mâž¤[39m [90mYN0000[39m: â”Œ Post-resolution validation
2025-03-12T11:35:33.0362302Z ##[group]Post-resolution validation
2025-03-12T11:35:33.0365542Z [93mâž¤[39m YN0060: â”‚ [38;5;166m@types/[39m[38;5;173mreact[39m is listed by your project with version [38;5;111m19.0.1[39m ([38;5;111mp50572[39m), which doesn't satisfy what [38;5;173mreact-style-singleton[39m (via [38;5;166m@mantine/[39m[38;5;173mcore[39m) and other dependencies request ([38;5;37m^16.9.0 || ^17.0.0 || ^18.0.0[39m).
2025-03-12T11:35:33.0392921Z [93mâž¤[39m YN0060: â”‚ [38;5;166m@types/[39m[38;5;173mreact[39m is listed by your project with version [38;5;111m19.0.1[39m ([38;5;111mp6c5ac[39m), which doesn't satisfy what [38;5;173mreact-redux[39m (via [38;5;166m@hello-pangea/[39m[38;5;173mdnd[39m) and other dependencies request ([38;5;37m^16.9.0 || ^17.0.0 || ^18.0.0[39m).
2025-03-12T11:35:33.0396634Z [93mâž¤[39m YN0060: â”‚ [38;5;166m@types/[39m[38;5;173mreact[39m is listed by your project with version [38;5;111m19.0.1[39m ([38;5;111mp80cb5[39m), which doesn't satisfy what [38;5;166m@testing-library/[39m[38;5;173mreact[39m and other dependencies request ([38;5;37m^18.0.0[39m).
2025-03-12T11:35:33.0399909Z [93mâž¤[39m YN0060: â”‚ [38;5;166m@types/[39m[38;5;173mreact-dom[39m is listed by your project with version [38;5;111m19.0.1[39m ([38;5;111mpa48c5[39m), which doesn't satisfy what [38;5;166m@testing-library/[39m[38;5;173mreact[39m and other dependencies request ([38;5;37m^18.0.0[39m).
2025-03-12T11:35:33.0403890Z [93mâž¤[39m YN0060: â”‚ [38;5;173mreact[39m is listed by your project with version [38;5;111m19.0.0[39m ([38;5;111mp149a9[39m), which doesn't satisfy what [38;5;173mreact-style-singleton[39m (via [38;5;166m@mantine/[39m[38;5;173mcore[39m) and other dependencies request ([91mbut they have non-overlapping ranges![39m).
2025-03-12T11:35:33.0407643Z [93mâž¤[39m YN0060: â”‚ [38;5;173mreact[39m is listed by your project with version [38;5;111m19.0.0[39m ([38;5;111mp1c546[39m), which doesn't satisfy what [38;5;166m@tiptap/[39m[38;5;173mreact[39m and other dependencies request ([91mbut they have non-overlapping ranges![39m).
2025-03-12T11:35:33.0411811Z [93mâž¤[39m YN0060: â”‚ [38;5;173mreact[39m is listed by your project with version [38;5;111m19.0.0[39m ([38;5;111mp28998[39m), which doesn't satisfy what [38;5;173mreact-style-singleton[39m (via [38;5;166m@mantine/[39m[38;5;173mcore[39m) and other dependencies request ([91mbut they have non-overlapping ranges![39m).
2025-03-12T11:35:33.0415964Z [93mâž¤[39m YN0060: â”‚ [38;5;173mreact[39m is listed by your project with version [38;5;111m19.0.0[39m ([38;5;111mp2b466[39m), which doesn't satisfy what [38;5;173mreact-style-singleton[39m (via [38;5;166m@mantine/[39m[38;5;173mcore[39m) and other dependencies request ([91mbut they have non-overlapping ranges![39m).
2025-03-12T11:35:33.0420445Z [93mâž¤[39m YN0060: â”‚ [38;5;173mreact[39m is listed by your project with version [38;5;111m19.0.0[39m ([38;5;111mp31a58[39m), which doesn't satisfy what [38;5;173mreact-style-singleton[39m (via [38;5;166m@mantine/[39m[38;5;173mcore[39m) and other dependencies request ([91mbut they have non-overlapping ranges![39m).
2025-03-12T11:35:33.0424713Z [93mâž¤[39m YN0060: â”‚ [38;5;173mreact[39m is listed by your project with version [38;5;111m19.0.0[39m ([38;5;111mp39e1f[39m), which doesn't satisfy what [38;5;173mreact-style-singleton[39m (via [38;5;166m@mantine/[39m[38;5;173mcore[39m) and other dependencies request ([91mbut they have non-overlapping ranges![39m).
2025-03-12T11:35:33.0428221Z [93mâž¤[39m YN0060: â”‚ [38;5;173mreact[39m is listed by your project with version [38;5;111m19.0.0[39m ([38;5;111mp4c338[39m), which doesn't satisfy what [38;5;173mreact-style-singleton[39m (via [38;5;166m@mantine/[39m[38;5;173mcore[39m) and other dependencies request ([91mbut they have non-overlapping ranges![39m).
2025-03-12T11:35:33.0431987Z [93mâž¤[39m YN0060: â”‚ [38;5;173mreact[39m is listed by your project with version [38;5;111m19.0.0[39m ([38;5;111mp82b53[39m), which doesn't satisfy what [38;5;173mreact-style-singleton[39m (via [38;5;166m@mantine/[39m[38;5;173mcore[39m) and other dependencies request ([91mbut they have non-overlapping ranges![39m).
2025-03-12T11:35:33.0435713Z [93mâž¤[39m YN0060: â”‚ [38;5;173mreact[39m is listed by your project with version [38;5;111m19.0.0[39m ([38;5;111mp9eba1[39m), which doesn't satisfy what [38;5;173mhtml-react-parser[39m and other dependencies request ([91mbut they have non-overlapping ranges![39m).
2025-03-12T11:35:33.0439102Z [93mâž¤[39m YN0060: â”‚ [38;5;173mreact[39m is listed by your project with version [38;5;111m19.0.0[39m ([38;5;111mpa0a39[39m), which doesn't satisfy what [38;5;173mreact-style-singleton[39m (via [38;5;166m@mantine/[39m[38;5;173mcore[39m) and other dependencies request ([91mbut they have non-overlapping ranges![39m).
2025-03-12T11:35:33.0443377Z [93mâž¤[39m YN0060: â”‚ [38;5;173mreact[39m is listed by your project with version [38;5;111m19.0.0[39m ([38;5;111mpa10f7[39m), which doesn't satisfy what [38;5;173mreact-style-singleton[39m (via [38;5;166m@mantine/[39m[38;5;173mcore[39m) and other dependencies request ([91mbut they have non-overlapping ranges![39m).
2025-03-12T11:35:33.0447235Z [93mâž¤[39m YN0060: â”‚ [38;5;173mreact[39m is listed by your project with version [38;5;111m19.0.0[39m ([38;5;111mpa9952[39m), which doesn't satisfy what [38;5;173mreact-style-singleton[39m (via [38;5;166m@mantine/[39m[38;5;173mcore[39m) and other dependencies request ([91mbut they have non-overlapping ranges![39m).
2025-03-12T11:35:33.0451240Z [93mâž¤[39m YN0060: â”‚ [38;5;173mreact[39m is listed by your project with version [38;5;111m19.0.0[39m ([38;5;111mpb610a[39m), which doesn't satisfy what [38;5;166m@hello-pangea/[39m[38;5;173mdnd[39m and other dependencies request ([91mbut they have non-overlapping ranges![39m).
2025-03-12T11:35:33.0455048Z [93mâž¤[39m YN0060: â”‚ [38;5;173mreact[39m is listed by your project with version [38;5;111m19.0.0[39m ([38;5;111mpbe0bd[39m), which doesn't satisfy what [38;5;173mreact-style-singleton[39m (via [38;5;166m@mantine/[39m[38;5;173mcore[39m) and other dependencies request ([91mbut they have non-overlapping ranges![39m).
2025-03-12T11:35:33.0458949Z [93mâž¤[39m YN0060: â”‚ [38;5;173mreact[39m is listed by your project with version [38;5;111m19.0.0[39m ([38;5;111mpd0222[39m), which doesn't satisfy what [38;5;173mreact-style-singleton[39m (via [38;5;166m@mantine/[39m[38;5;173mcore[39m) and other dependencies request ([91mbut they have non-overlapping ranges![39m).
2025-03-12T11:35:33.0462927Z [93mâž¤[39m YN0060: â”‚ [38;5;173mreact[39m is listed by your project with version [38;5;111m19.0.0[39m ([38;5;111mpd8bb0[39m), which doesn't satisfy what [38;5;173mreact-style-singleton[39m (via [38;5;166m@mantine/[39m[38;5;173mcore[39m) and other dependencies request ([91mbut they have non-overlapping ranges![39m).
2025-03-12T11:35:33.0467299Z [93mâž¤[39m YN0060: â”‚ [38;5;173mreact[39m is listed by your project with version [38;5;111m19.0.0[39m ([38;5;111mpdbd77[39m), which doesn't satisfy what [38;5;173mreact-style-singleton[39m (via [38;5;166m@mantine/[39m[38;5;173mcore[39m) and other dependencies request ([91mbut they have non-overlapping ranges![39m).
2025-03-12T11:35:33.0471568Z [93mâž¤[39m YN0060: â”‚ [38;5;173mreact[39m is listed by your project with version [38;5;111m19.0.0[39m ([38;5;111mpdc1f3[39m), which doesn't satisfy what [38;5;173mreact-style-singleton[39m (via [38;5;166m@mantine/[39m[38;5;173mcore[39m) and other dependencies request ([91mbut they have non-overlapping ranges![39m).
2025-03-12T11:35:33.0475704Z [93mâž¤[39m YN0060: â”‚ [38;5;173mreact[39m is listed by your project with version [38;5;111m19.0.0[39m ([38;5;111mpe76d4[39m), which doesn't satisfy what [38;5;173mreact-style-singleton[39m (via [38;5;166m@mantine/[39m[38;5;173mcore[39m) and other dependencies request ([91mbut they have non-overlapping ranges![39m).
2025-03-12T11:35:33.0479605Z [93mâž¤[39m YN0060: â”‚ [38;5;173mreact[39m is listed by your project with version [38;5;111m19.0.0[39m ([38;5;111mpf0fdb[39m), which doesn't satisfy what [38;5;173mreact-style-singleton[39m (via [38;5;173mreact-remove-scroll[39m) and other dependencies request ([91mbut they have non-overlapping ranges![39m).
2025-03-12T11:35:33.0483770Z [93mâž¤[39m YN0060: â”‚ [38;5;173mreact[39m is listed by your project with version [38;5;111m19.0.0[39m ([38;5;111mpf4254[39m), which doesn't satisfy what [38;5;166m@tiptap/[39m[38;5;173mreact[39m and other dependencies request ([91mbut they have non-overlapping ranges![39m).
2025-03-12T11:35:33.0487460Z [93mâž¤[39m YN0060: â”‚ [38;5;173mreact[39m is listed by your project with version [38;5;111m19.0.0[39m ([38;5;111mpf99f2[39m), which doesn't satisfy what [38;5;173mreact-style-singleton[39m (via [38;5;166m@mantine/[39m[38;5;173mcore[39m) and other dependencies request ([91mbut they have non-overlapping ranges![39m).
2025-03-12T11:35:33.0491660Z [93mâž¤[39m YN0060: â”‚ [38;5;173mreact[39m is listed by your project with version [38;5;111m19.0.0[39m ([38;5;111mpfb537[39m), which doesn't satisfy what [38;5;173mreact-style-singleton[39m (via [38;5;166m@mantine/[39m[38;5;173mcore[39m) and other dependencies request ([91mbut they have non-overlapping ranges![39m).
2025-03-12T11:35:33.0495376Z [93mâž¤[39m YN0060: â”‚ [38;5;173mreact[39m is listed by your project with version [38;5;111m19.0.0[39m ([38;5;111mpfb5bf[39m), which doesn't satisfy what [38;5;166m@hello-pangea/[39m[38;5;173mdnd[39m and other dependencies request ([91mbut they have non-overlapping ranges![39m).
2025-03-12T11:35:33.0498653Z [93mâž¤[39m YN0060: â”‚ [38;5;173mreact-dom[39m is listed by your project with version [38;5;111m19.0.0[39m ([38;5;111mp32b9d[39m), which doesn't satisfy what [38;5;166m@tiptap/[39m[38;5;173mreact[39m and other dependencies request ([38;5;37m^18.0.0[39m).
2025-03-12T11:35:33.0501887Z [93mâž¤[39m YN0060: â”‚ [38;5;173mreact-dom[39m is listed by your project with version [38;5;111m19.0.0[39m ([38;5;111mp7db19[39m), which doesn't satisfy what [38;5;166m@tiptap/[39m[38;5;173mreact[39m and other dependencies request ([38;5;37m^18.0.0[39m).
2025-03-12T11:35:33.0504981Z [93mâž¤[39m YN0060: â”‚ [38;5;173mreact-dom[39m is listed by your project with version [38;5;111m19.0.0[39m ([38;5;111mpbead6[39m), which doesn't satisfy what [38;5;166m@hello-pangea/[39m[38;5;173mdnd[39m and other dependencies request ([38;5;37m^18.2.0[39m).
2025-03-12T11:35:33.0508155Z [93mâž¤[39m YN0060: â”‚ [38;5;173mreact-dom[39m is listed by your project with version [38;5;111m19.0.0[39m ([38;5;111mpc16c8[39m), which doesn't satisfy what [38;5;166m@hello-pangea/[39m[38;5;173mdnd[39m and other dependencies request ([38;5;37m^18.2.0[39m).
2025-03-12T11:35:33.0512262Z [93mâž¤[39m YN0060: â”‚ [38;5;173mrollup[39m is listed by your project with version [38;5;111m4.27.3[39m ([38;5;111mp3ff5a[39m), which doesn't satisfy what [38;5;166m@rollup/[39m[38;5;173mpluginutils[39m (via [38;5;166m@rollup/[39m[38;5;173mplugin-node-resolve[39m) and other dependencies request ([38;5;37m^2.78.0 || ^3.0.0[39m).
2025-03-12T11:35:33.0515540Z [93mâž¤[39m YN0002: â”‚ [38;5;173mdocs[39m[38;5;111m@[39m[38;5;111mworkspace:apps/mantine.dev[39m doesn't provide [38;5;173mwebpack[39m ([38;5;111mp1a465[39m), requested by [38;5;166m@mdx-js/[39m[38;5;173mloader[39m.
2025-03-12T11:35:33.0518417Z [93mâž¤[39m YN0002: â”‚ [38;5;173mhelp.mantine.dev[39m[38;5;111m@[39m[38;5;111mworkspace:apps/help.mantine.dev[39m doesn't provide [38;5;173mwebpack[39m ([38;5;111mpdc99c[39m), requested by [38;5;166m@mdx-js/[39m[38;5;173mloader[39m.
2025-03-12T11:35:33.0521552Z [93mâž¤[39m YN0086: â”‚ Some peer dependencies are incorrectly met by your project; run [38;5;111myarn explain peer-requirements <hash>[39m for details, where [38;5;111m<hash>[39m is the six-letter p-prefixed code.
2025-03-12T11:35:33.0523854Z [93mâž¤[39m YN0086: â”‚ Some peer dependencies are incorrectly met by dependencies; run [38;5;111myarn explain peer-requirements[39m for details.
2025-03-12T11:35:33.1193964Z ##[endgroup]
2025-03-12T11:35:33.1195528Z [94mâž¤[39m [90mYN0000[39m: â”” Completed
2025-03-12T11:35:33.1196182Z [94mâž¤[39m [90mYN0000[39m: â”Œ Fetch step
2025-03-12T11:35:33.1196842Z ##[group]Fetch step
2025-03-12T11:35:43.9503599Z [94mâž¤[39m YN0013: â”‚ [38;5;220m2101[39m packages were added to the project ([38;5;160m+ 922.72 MiB[39m).
2025-03-12T11:35:43.9504651Z ##[endgroup]
2025-03-12T11:35:43.9505269Z [94mâž¤[39m [90mYN0000[39m: â”” Completed in 10s 831ms
2025-03-12T11:35:44.0334626Z [94mâž¤[39m [90mYN0000[39m: â”Œ Link step
2025-03-12T11:35:44.0335551Z ##[group]Link step
2025-03-12T11:36:01.2760992Z [94mâž¤[39m YN0007: â”‚ [38;5;173mesbuild[39m[38;5;111m@[39m[38;5;111mnpm:0.24.0[39m must be built because it never has been before or the last one failed
2025-03-12T11:36:01.2765999Z [94mâž¤[39m YN0007: â”‚ [38;5;173mesbuild[39m[38;5;111m@[39m[38;5;111mnpm:0.23.1[39m must be built because it never has been before or the last one failed
2025-03-12T11:36:01.2768232Z [94mâž¤[39m YN0007: â”‚ [38;5;173msharp[39m[38;5;111m@[39m[38;5;111mnpm:0.33.5[39m must be built because it never has been before or the last one failed
2025-03-12T11:36:01.2770324Z [94mâž¤[39m YN0007: â”‚ [38;5;173mesbuild[39m[38;5;111m@[39m[38;5;111mnpm:0.17.19[39m must be built because it never has been before or the last one failed
2025-03-12T11:36:01.2772920Z [94mâž¤[39m YN0007: â”‚ [38;5;173msharp[39m[38;5;111m@[39m[38;5;111mnpm:0.33.3[39m must be built because it never has been before or the last one failed
2025-03-12T11:36:01.2774587Z [94mâž¤[39m YN0007: â”‚ [38;5;173mworkerd[39m[38;5;111m@[39m[38;5;111mnpm:1.20241106.1[39m must be built because it never has been before or the last one failed
2025-03-12T11:36:01.2776470Z [94mâž¤[39m YN0007: â”‚ [38;5;173mcore-js-pure[39m[38;5;111m@[39m[38;5;111mnpm:3.37.0[39m must be built because it never has been before or the last one failed
2025-03-12T11:36:01.2777757Z [94mâž¤[39m YN0007: â”‚ [38;5;173mcore-js-pure[39m[38;5;111m@[39m[38;5;111mnpm:3.33.2[39m must be built because it never has been before or the last one failed
2025-03-12T11:36:02.1126444Z ##[endgroup]
2025-03-12T11:36:02.1127453Z [94mâž¤[39m [90mYN0000[39m: â”” Completed in 18s 79ms
2025-03-12T11:36:02.2809315Z [93mâž¤[39m YN0000: Â· Done with warnings in 39s 544ms
2025-03-12T11:36:02.7980119Z ##[group]Run npm run setup
2025-03-12T11:36:02.7980412Z [36;1mnpm run setup[0m
2025-03-12T11:36:02.8039919Z shell: /usr/bin/bash -e {0}
2025-03-12T11:36:02.8040327Z ##[endgroup]
2025-03-12T11:36:02.9406992Z 
2025-03-12T11:36:02.9407564Z > mantine-a91763c0e2@7.17.1 setup
2025-03-12T11:36:02.9408203Z > npm run docs:docgen && npm run docs:sponsors && tsx scripts/docs/generate-css-exports
2025-03-12T11:36:02.9408576Z 
2025-03-12T11:36:03.0741302Z 
2025-03-12T11:36:03.0742095Z > mantine-a91763c0e2@7.17.1 docs:docgen
2025-03-12T11:36:03.0742444Z > tsx scripts/docgen
2025-03-12T11:36:03.0742585Z 
2025-03-12T11:36:12.9232193Z 
2025-03-12T11:36:12.9233115Z > mantine-a91763c0e2@7.17.1 docs:sponsors
2025-03-12T11:36:12.9235145Z > tsx scripts/docs/sponsors
2025-03-12T11:36:12.9235502Z 
2025-03-12T11:36:13.4092513Z [fetch-sponsors] â€º â„¹  info      âœ… Saved 1 sponsors to sponsors.json
2025-03-12T11:36:14.6367819Z ##[group]Run npm run build all
2025-03-12T11:36:14.6368111Z [36;1mnpm run build all[0m
2025-03-12T11:36:14.6414148Z shell: /usr/bin/bash -e {0}
2025-03-12T11:36:14.6414382Z ##[endgroup]
2025-03-12T11:36:14.7471832Z 
2025-03-12T11:36:14.7472444Z > mantine-a91763c0e2@7.17.1 build
2025-03-12T11:36:14.7472909Z > tsx scripts/build all
2025-03-12T11:36:14.7473091Z 
2025-03-12T11:36:15.5624107Z [build-all-packages] â€º Building all packages...
2025-03-12T11:36:15.5639072Z [build-package] â€º Building package @mantine/hooks
2025-03-12T11:36:15.5639832Z [build-package] â€º Generating @mantine/hooks *.d.ts files...
2025-03-12T11:36:18.1984394Z [build-package] â€º Compiling @mantine/hooks package with rollup...
2025-03-12T11:36:18.6924361Z [build-package] â€º âœ”  Package @mantine/hooks has been built in 3.13s
2025-03-12T11:36:18.6925521Z [build-package] â€º Building package @mantine/form
2025-03-12T11:36:18.6926309Z [build-package] â€º Generating @mantine/form *.d.ts files...
2025-03-12T11:36:21.0590184Z [build-package] â€º Compiling @mantine/form package with rollup...
2025-03-12T11:36:21.2175367Z [build-package] â€º âœ”  Package @mantine/form has been built in 2.52s
2025-03-12T11:36:21.2176233Z [build-package] â€º Building package @mantine/store
2025-03-12T11:36:21.2177027Z [build-package] â€º Generating @mantine/store *.d.ts files...
2025-03-12T11:36:22.9223227Z [build-package] â€º Compiling @mantine/store package with rollup...
2025-03-12T11:36:22.9321580Z [build-package] â€º âœ”  Package @mantine/store has been built in 1.71s
2025-03-12T11:36:22.9322753Z [build-package] â€º Building package @mantine/colors-generator
2025-03-12T11:36:22.9323698Z [build-package] â€º Generating @mantine/colors-generator *.d.ts files...
2025-03-12T11:36:24.6347422Z [build-package] â€º Compiling @mantine/colors-generator package with rollup...
2025-03-12T11:36:24.6472487Z [build-package] â€º âœ”  Package @mantine/colors-generator has been built in 1.71s
2025-03-12T11:36:24.6473256Z [build-package] â€º Building package @mantinex/mantine-meta
2025-03-12T11:36:24.6473793Z [build-package] â€º Generating @mantinex/mantine-meta *.d.ts files...
2025-03-12T11:36:26.3246301Z [build-package] â€º Compiling @mantinex/mantine-meta package with rollup...
2025-03-12T11:36:26.3692242Z [build-package] â€º âœ”  Package @mantinex/mantine-meta has been built in 1.72s
2025-03-12T11:36:26.3693211Z [build-package] â€º Building package @mantine/core
2025-03-12T11:36:26.3694146Z [build-package] â€º Generating @mantine/core *.d.ts files...
2025-03-12T11:36:35.8147374Z [build-package] â€º Compiling @mantine/core package with rollup...
2025-03-12T11:36:39.5828136Z [build-package] â€º âœ”  Package @mantine/core has been built in 13.21s
2025-03-12T11:36:39.5828967Z [build-package] â€º Building package @mantine/carousel
2025-03-12T11:36:39.5829789Z [build-package] â€º Generating @mantine/carousel *.d.ts files...
2025-03-12T11:36:42.5820493Z [build-package] â€º Compiling @mantine/carousel package with rollup...
2025-03-12T11:36:42.6451395Z [build-package] â€º âœ”  Package @mantine/carousel has been built in 3.06s
2025-03-12T11:36:42.6452395Z [build-package] â€º Building package @mantine/charts
2025-03-12T11:36:42.6453226Z [build-package] â€º Generating @mantine/charts *.d.ts files...
2025-03-12T11:36:46.8921407Z [build-package] â€º Compiling @mantine/charts package with rollup...
2025-03-12T11:36:47.1445280Z [build-package] â€º âœ”  Package @mantine/charts has been built in 4.50s
2025-03-12T11:36:47.1446261Z [build-package] â€º Building package @mantine/code-highlight
2025-03-12T11:36:47.1447187Z [build-package] â€º Generating @mantine/code-highlight *.d.ts files...
2025-03-12T11:36:50.1693578Z [build-package] â€º Compiling @mantine/code-highlight package with rollup...
2025-03-12T11:36:50.2417343Z [build-package] â€º âœ”  Package @mantine/code-highlight has been built in 3.10s
2025-03-12T11:36:50.2418260Z [build-package] â€º Building package @mantine/dates
2025-03-12T11:36:50.2419044Z [build-package] â€º Generating @mantine/dates *.d.ts files...
2025-03-12T11:36:54.4883902Z [build-package] â€º Compiling @mantine/dates package with rollup...
2025-03-12T11:36:54.8844291Z [build-package] â€º âœ”  Package @mantine/dates has been built in 4.64s
2025-03-12T11:36:54.8844916Z [build-package] â€º Building package @mantine/dropzone
2025-03-12T11:36:54.8845429Z [build-package] â€º Generating @mantine/dropzone *.d.ts files...
2025-03-12T11:36:57.8960667Z [build-package] â€º Compiling @mantine/dropzone package with rollup...
2025-03-12T11:36:57.9451681Z [build-package] â€º âœ”  Package @mantine/dropzone has been built in 3.06s
2025-03-12T11:36:57.9452648Z [build-package] â€º Building package @mantine/notifications
2025-03-12T11:36:57.9453531Z [build-package] â€º Generating @mantine/notifications *.d.ts files...
2025-03-12T11:37:00.8421497Z [build-package] â€º Compiling @mantine/notifications package with rollup...
2025-03-12T11:37:00.8917313Z [build-package] â€º âœ”  Package @mantine/notifications has been built in 2.95s
2025-03-12T11:37:00.8918470Z [build-package] â€º Building package @mantine/nprogress
2025-03-12T11:37:00.8919511Z [build-package] â€º Generating @mantine/nprogress *.d.ts files...
2025-03-12T11:37:03.2349024Z [build-package] â€º Compiling @mantine/nprogress package with rollup...
2025-03-12T11:37:03.2659712Z [build-package] â€º âœ”  Package @mantine/nprogress has been built in 2.37s
2025-03-12T11:37:03.2660749Z [build-package] â€º Building package @mantine/spotlight
2025-03-12T11:37:03.2661771Z [build-package] â€º Generating @mantine/spotlight *.d.ts files...
2025-03-12T11:37:06.5379347Z [build-package] â€º Compiling @mantine/spotlight package with rollup...
2025-03-12T11:37:06.6179702Z [build-package] â€º âœ”  Package @mantine/spotlight has been built in 3.35s
2025-03-12T11:37:06.6180276Z [build-package] â€º Building package @mantine/tiptap
2025-03-12T11:37:06.6180753Z [build-package] â€º Generating @mantine/tiptap *.d.ts files...
2025-03-12T11:37:10.3127968Z [build-package] â€º Compiling @mantine/tiptap package with rollup...
2025-03-12T11:37:10.6041977Z [build-package] â€º âœ”  Package @mantine/tiptap has been built in 3.99s
2025-03-12T11:37:10.6043074Z [build-package] â€º Building package @mantinex/dev-icons
2025-03-12T11:37:10.6043956Z [build-package] â€º Generating @mantinex/dev-icons *.d.ts files...
2025-03-12T11:37:13.1553213Z [build-package] â€º Compiling @mantinex/dev-icons package with rollup...
2025-03-12T11:37:13.1916786Z [build-package] â€º âœ”  Package @mantinex/dev-icons has been built in 2.59s
2025-03-12T11:37:13.1917698Z [build-package] â€º Building package @mantinex/shiki
2025-03-12T11:37:13.1918492Z [build-package] â€º Generating @mantinex/shiki *.d.ts files...
2025-03-12T11:37:16.3788994Z [build-package] â€º Compiling @mantinex/shiki package with rollup...
2025-03-12T11:37:16.4959323Z [build-package] â€º âœ”  Package @mantinex/shiki has been built in 3.30s
2025-03-12T11:37:16.4961031Z [build-package] â€º Building package @mantine/emotion
2025-03-12T11:37:16.4962923Z [build-package] â€º Generating @mantine/emotion *.d.ts files...
2025-03-12T11:37:19.2105818Z [build-package] â€º Compiling @mantine/emotion package with rollup...
2025-03-12T11:37:19.2508675Z [build-package] â€º âœ”  Package @mantine/emotion has been built in 2.75s
2025-03-12T11:37:19.2509939Z [build-package] â€º Building package @mantine/modals
2025-03-12T11:37:19.2511033Z [build-package] â€º Generating @mantine/modals *.d.ts files...
2025-03-12T11:37:21.9422323Z [build-package] â€º Compiling @mantine/modals package with rollup...
2025-03-12T11:37:21.9800290Z [build-package] â€º âœ”  Package @mantine/modals has been built in 2.73s
2025-03-12T11:37:21.9801426Z [build-package] â€º Building package @mantine/vanilla-extract
2025-03-12T11:37:21.9802341Z [build-package] â€º Generating @mantine/vanilla-extract *.d.ts files...
2025-03-12T11:37:24.1248263Z [build-package] â€º Compiling @mantine/vanilla-extract package with rollup...
2025-03-12T11:37:24.1380663Z [build-package] â€º âœ”  Package @mantine/vanilla-extract has been built in 2.16s
2025-03-12T11:37:24.1381608Z [build-package] â€º Building package @mantine-tests/core
2025-03-12T11:37:24.1382182Z [build-package] â€º Generating @mantine-tests/core *.d.ts files...
2025-03-12T11:37:27.1371861Z [build-package] â€º Compiling @mantine-tests/core package with rollup...
2025-03-12T11:37:27.4069265Z [build-package] â€º âœ”  Package @mantine-tests/core has been built in 3.27s
2025-03-12T11:37:27.4071317Z [build-package] â€º Building package @mantinex/mantine-logo
2025-03-12T11:37:27.4071910Z [build-package] â€º Generating @mantinex/mantine-logo *.d.ts files...
2025-03-12T11:37:29.7961145Z [build-package] â€º Compiling @mantinex/mantine-logo package with rollup...
2025-03-12T11:37:29.8410530Z [build-package] â€º âœ”  Package @mantinex/mantine-logo has been built in 2.43s
2025-03-12T11:37:29.8411643Z [build-package] â€º Building package @mantinex/demo
2025-03-12T11:37:29.8412426Z [build-package] â€º Generating @mantinex/demo *.d.ts files...
2025-03-12T11:37:32.8458749Z [build-package] â€º Compiling @mantinex/demo package with rollup...
2025-03-12T11:37:33.0135811Z [build-package] â€º âœ”  Package @mantinex/demo has been built in 3.17s
2025-03-12T11:37:33.0137093Z [build-package] â€º Building package @docs/styles-api
2025-03-12T11:37:33.0137970Z [build-package] â€º Generating @docs/styles-api *.d.ts files...
2025-03-12T11:37:36.0970704Z [build-package] â€º Compiling @docs/styles-api package with rollup...
2025-03-12T11:37:36.4696712Z [build-package] â€º âœ”  Package @docs/styles-api has been built in 3.46s
2025-03-12T11:37:36.4698959Z [build-package] â€º Building package @mantine-tests/dates
2025-03-12T11:37:36.4701158Z [build-package] â€º Generating @mantine-tests/dates *.d.ts files...
2025-03-12T11:37:39.2927535Z [build-package] â€º Compiling @mantine-tests/dates package with rollup...
2025-03-12T11:37:39.4357123Z [build-package] â€º âœ”  Package @mantine-tests/dates has been built in 2.97s
2025-03-12T11:37:39.4358131Z [build-package] â€º Building package @mantinex/mantine-header
2025-03-12T11:37:39.4359081Z [build-package] â€º Generating @mantinex/mantine-header *.d.ts files...
2025-03-12T11:37:42.2086420Z [build-package] â€º Compiling @mantinex/mantine-header package with rollup...
2025-03-12T11:37:42.2909770Z [build-package] â€º âœ”  Package @mantinex/mantine-header has been built in 2.85s
2025-03-12T11:37:42.2910712Z [build-package] â€º Building package @docs/demos
2025-03-12T11:37:42.2911690Z [build-package] â€º Generating @docs/demos *.d.ts files...
2025-03-12T11:37:52.0160549Z [build-package] â€º Compiling @docs/demos package with rollup...
2025-03-12T11:37:57.0472433Z [build-package] â€º âœ”  Package @docs/demos has been built in 14.76s
2025-03-12T11:37:57.2658728Z [build-all-packages] â€º âœ”  All packages have been built in 101.70s
2025-03-12T11:37:57.7235669Z ##[group]Run npm test
2025-03-12T11:37:57.7235919Z [36;1mnpm test[0m
2025-03-12T11:37:57.7282258Z shell: /usr/bin/bash -e {0}
2025-03-12T11:37:57.7282482Z ##[endgroup]
2025-03-12T11:37:57.8321856Z 
2025-03-12T11:37:57.8322469Z > mantine-a91763c0e2@7.17.1 test
2025-03-12T11:37:57.8323454Z > npm run prettier:test && npm run syncpack && npm run typecheck && npm run lint && npm run jest
2025-03-12T11:37:57.8324010Z 
2025-03-12T11:37:57.9340514Z 
2025-03-12T11:37:57.9341043Z > mantine-a91763c0e2@7.17.1 prettier:test
2025-03-12T11:37:57.9341636Z > prettier --check "**/*.{ts,tsx,css}"
2025-03-12T11:37:57.9341837Z 
2025-03-12T11:37:58.0148407Z Checking formatting...
2025-03-12T11:38:24.2393358Z All matched files use Prettier code style!
2025-03-12T11:38:24.3813715Z 
2025-03-12T11:38:24.3814289Z > mantine-a91763c0e2@7.17.1 syncpack
2025-03-12T11:38:24.3814761Z > syncpack list-mismatches
2025-03-12T11:38:24.3814942Z 
2025-03-12T11:38:25.0354710Z = Version Group 1 ==============================================================
2025-03-12T11:38:25.0364538Z      1 â†’ ignored
2025-03-12T11:38:25.0365874Z = Default Version Group ========================================================
2025-03-12T11:38:25.0924864Z    388 âœ“ already valid
2025-03-12T11:38:25.2178435Z 
2025-03-12T11:38:25.2179050Z > mantine-a91763c0e2@7.17.1 typecheck
2025-03-12T11:38:25.2179908Z > tsc --noEmit && cd apps/mantine.dev && npm run typecheck && cd ../help.mantine.dev && npm run typecheck
2025-03-12T11:38:25.2180346Z 
2025-03-12T11:38:48.2107534Z 
2025-03-12T11:38:48.2108016Z > docs@0.1.0 typecheck
2025-03-12T11:38:48.2108521Z > tsc --noEmit
2025-03-12T11:38:48.2108679Z 
2025-03-12T11:38:55.7925566Z 
2025-03-12T11:38:55.7926225Z > help.mantine.dev@1.0.0 typecheck
2025-03-12T11:38:55.7926766Z > tsc --noEmit
2025-03-12T11:38:55.7926990Z 
2025-03-12T11:38:59.3984246Z 
2025-03-12T11:38:59.3984799Z > mantine-a91763c0e2@7.17.1 lint
2025-03-12T11:38:59.3985304Z > npm run eslint && npm run stylelint
2025-03-12T11:38:59.3985519Z 
2025-03-12T11:38:59.5024629Z 
2025-03-12T11:38:59.5025272Z > mantine-a91763c0e2@7.17.1 eslint
2025-03-12T11:38:59.5026258Z > eslint packages apps/mantine.dev/src apps/help.mantine.dev/src scripts --cache
2025-03-12T11:38:59.5026842Z 
2025-03-12T11:39:26.5629846Z 
2025-03-12T11:39:26.5631078Z /home/runner/work/mantine/mantine/apps/mantine.dev/src/components/MdxProvider/MdxTemplatesList/MdxTemplatesList.tsx
2025-03-12T11:39:26.5659135Z ##[error]  1:8  error  'Link' is defined but never used  @typescript-eslint/no-unused-vars
2025-03-12T11:39:26.5665687Z 
2025-03-12T11:39:26.5666113Z âœ– 1 problem (1 error, 0 warnings)
2025-03-12T11:39:26.5666314Z 
2025-03-12T11:39:27.0314366Z ##[error]Process completed with exit code 1.
2025-03-12T11:39:27.0415580Z Post job cleanup.
2025-03-12T11:39:27.1189732Z [command]/usr/bin/git version
2025-03-12T11:39:27.1224671Z git version 2.48.1
2025-03-12T11:39:27.1269946Z Temporarily overriding HOME='/home/runner/work/_temp/8dfbd85d-0573-4fd1-a08a-96ed85bef77e' before making global git config changes
2025-03-12T11:39:27.1271599Z Adding repository directory to the temporary git global config as a safe directory
2025-03-12T11:39:27.1275134Z [command]/usr/bin/git config --global --add safe.directory /home/runner/work/mantine/mantine
2025-03-12T11:39:27.1308351Z [command]/usr/bin/git config --local --name-only --get-regexp core\.sshCommand
2025-03-12T11:39:27.1339233Z [command]/usr/bin/git submodule foreach --recursive sh -c "git config --local --name-only --get-regexp 'core\.sshCommand' && git config --local --unset-all 'core.sshCommand' || :"
2025-03-12T11:39:27.1584006Z [command]/usr/bin/git config --local --name-only --get-regexp http\.https\:\/\/github\.com\/\.extraheader
2025-03-12T11:39:27.1604761Z http.https://github.com/.extraheader
2025-03-12T11:39:27.1616911Z [command]/usr/bin/git config --local --unset-all http.https://github.com/.extraheader
2025-03-12T11:39:27.1649238Z [command]/usr/bin/git submodule foreach --recursive sh -c "git config --local --name-only --get-regexp 'http\.https\:\/\/github\.com\/\.extraheader' && git config --local --unset-all 'http.https://github.com/.extraheader' || :"
2025-03-12T11:39:27.1992792Z Cleaning up orphan processes
