2025-04-11T19:29:17.9986350Z Requested labels: ubuntu-latest
2025-04-11T19:29:17.9986766Z Job defined at: ionic-team/ionic-framework/.github/workflows/build.yml@refs/pull/30116/merge
2025-04-11T19:29:17.9986926Z Waiting for a runner to pick up this job...
2025-04-11T19:29:18.5902445Z Job is waiting for a hosted runner to come online.
2025-04-11T19:29:22.4655370Z Job is about to start running on the hosted runner: GitHub Actions 40 (hosted)
2025-04-11T19:29:24.8344869Z Current runner version: '2.323.0'
2025-04-11T19:29:24.8368158Z ##[group]Operating System
2025-04-11T19:29:24.8368903Z Ubuntu
2025-04-11T19:29:24.8369503Z 24.04.2
2025-04-11T19:29:24.8370021Z LTS
2025-04-11T19:29:24.8370551Z ##[endgroup]
2025-04-11T19:29:24.8371128Z ##[group]Runner Image
2025-04-11T19:29:24.8371680Z Image: ubuntu-24.04
2025-04-11T19:29:24.8372276Z Version: 20250406.1.0
2025-04-11T19:29:24.8373333Z Included Software: https://github.com/actions/runner-images/blob/ubuntu24/20250406.1/images/ubuntu/Ubuntu2404-Readme.md
2025-04-11T19:29:24.8374732Z Image Release: https://github.com/actions/runner-images/releases/tag/ubuntu24%2F20250406.1
2025-04-11T19:29:24.8375732Z ##[endgroup]
2025-04-11T19:29:24.8376276Z ##[group]Runner Image Provisioner
2025-04-11T19:29:24.8376858Z 2.0.422.1
2025-04-11T19:29:24.8377420Z ##[endgroup]
2025-04-11T19:29:24.8380479Z ##[group]GITHUB_TOKEN Permissions
2025-04-11T19:29:24.8383503Z Actions: write
2025-04-11T19:29:24.8384377Z Attestations: write
2025-04-11T19:29:24.8385140Z Checks: write
2025-04-11T19:29:24.8385664Z Contents: write
2025-04-11T19:29:24.8386267Z Deployments: write
2025-04-11T19:29:24.8386802Z Discussions: write
2025-04-11T19:29:24.8387357Z Issues: write
2025-04-11T19:29:24.8388114Z Metadata: read
2025-04-11T19:29:24.8388665Z Models: read
2025-04-11T19:29:24.8389173Z Packages: write
2025-04-11T19:29:24.8389748Z Pages: write
2025-04-11T19:29:24.8390334Z PullRequests: write
2025-04-11T19:29:24.8390934Z RepositoryProjects: write
2025-04-11T19:29:24.8391587Z SecurityEvents: write
2025-04-11T19:29:24.8392171Z Statuses: write
2025-04-11T19:29:24.8392659Z ##[endgroup]
2025-04-11T19:29:24.8395822Z Secret source: Actions
2025-04-11T19:29:24.8396981Z Prepare workflow directory
2025-04-11T19:29:24.8803100Z Prepare all required actions
2025-04-11T19:29:24.8839513Z Getting action download info
2025-04-11T19:29:25.0700984Z ##[group]Download immutable action package 'actions/checkout@v4'
2025-04-11T19:29:25.0701917Z Version: 4.2.2
2025-04-11T19:29:25.0702799Z Digest: sha256:ccb2698953eaebd21c7bf6268a94f9c26518a7e38e27e0b83c1fe1ad049819b1
2025-04-11T19:29:25.0703902Z Source commit SHA: 11bd71901bbe5b1630ceea73d27597364c9af683
2025-04-11T19:29:25.0704579Z ##[endgroup]
2025-04-11T19:29:25.2127864Z Complete job name: test-core-screenshot (7, 20)
2025-04-11T19:29:25.2846649Z ##[group]Run actions/checkout@v4
2025-04-11T19:29:25.2847737Z with:
2025-04-11T19:29:25.2848238Z   repository: ionic-team/ionic-framework
2025-04-11T19:29:25.2848995Z   token: ***
2025-04-11T19:29:25.2849439Z   ssh-strict: true
2025-04-11T19:29:25.2849895Z   ssh-user: git
2025-04-11T19:29:25.2850366Z   persist-credentials: true
2025-04-11T19:29:25.2850883Z   clean: true
2025-04-11T19:29:25.2851365Z   sparse-checkout-cone-mode: true
2025-04-11T19:29:25.2851912Z   fetch-depth: 1
2025-04-11T19:29:25.2852368Z   fetch-tags: false
2025-04-11T19:29:25.2852832Z   show-progress: true
2025-04-11T19:29:25.2853291Z   lfs: false
2025-04-11T19:29:25.2853724Z   submodules: false
2025-04-11T19:29:25.2854195Z   set-safe-directory: true
2025-04-11T19:29:25.2854993Z ##[endgroup]
2025-04-11T19:29:25.5351870Z Syncing repository: ionic-team/ionic-framework
2025-04-11T19:29:25.5353722Z ##[group]Getting Git version info
2025-04-11T19:29:25.5354757Z Working directory is '/home/runner/work/ionic-framework/ionic-framework'
2025-04-11T19:29:25.5356071Z [command]/usr/bin/git version
2025-04-11T19:29:25.5440502Z git version 2.49.0
2025-04-11T19:29:25.5470005Z ##[endgroup]
2025-04-11T19:29:25.5483286Z Temporarily overriding HOME='/home/runner/work/_temp/91e5a5be-617f-41f2-94a5-bd068abfdf1f' before making global git config changes
2025-04-11T19:29:25.5484865Z Adding repository directory to the temporary git global config as a safe directory
2025-04-11T19:29:25.5488897Z [command]/usr/bin/git config --global --add safe.directory /home/runner/work/ionic-framework/ionic-framework
2025-04-11T19:29:25.5524906Z Deleting the contents of '/home/runner/work/ionic-framework/ionic-framework'
2025-04-11T19:29:25.5528518Z ##[group]Initializing the repository
2025-04-11T19:29:25.5532955Z [command]/usr/bin/git init /home/runner/work/ionic-framework/ionic-framework
2025-04-11T19:29:25.5606642Z hint: Using 'master' as the name for the initial branch. This default branch name
2025-04-11T19:29:25.5608531Z hint: is subject to change. To configure the initial branch name to use in all
2025-04-11T19:29:25.5610190Z hint: of your new repositories, which will suppress this warning, call:
2025-04-11T19:29:25.5611110Z hint:
2025-04-11T19:29:25.5611712Z hint: 	git config --global init.defaultBranch <name>
2025-04-11T19:29:25.5612486Z hint:
2025-04-11T19:29:25.5613282Z hint: Names commonly chosen instead of 'master' are 'main', 'trunk' and
2025-04-11T19:29:25.5614484Z hint: 'development'. The just-created branch can be renamed via this command:
2025-04-11T19:29:25.5615721Z hint:
2025-04-11T19:29:25.5616826Z hint: 	git branch -m <name>
2025-04-11T19:29:25.5618935Z Initialized empty Git repository in /home/runner/work/ionic-framework/ionic-framework/.git/
2025-04-11T19:29:25.5630123Z [command]/usr/bin/git remote add origin https://github.com/ionic-team/ionic-framework
2025-04-11T19:29:25.5665775Z ##[endgroup]
2025-04-11T19:29:25.5667202Z ##[group]Disabling automatic garbage collection
2025-04-11T19:29:25.5670832Z [command]/usr/bin/git config --local gc.auto 0
2025-04-11T19:29:25.5699929Z ##[endgroup]
2025-04-11T19:29:25.5701424Z ##[group]Setting up auth
2025-04-11T19:29:25.5707413Z [command]/usr/bin/git config --local --name-only --get-regexp core\.sshCommand
2025-04-11T19:29:25.5738000Z [command]/usr/bin/git submodule foreach --recursive sh -c "git config --local --name-only --get-regexp 'core\.sshCommand' && git config --local --unset-all 'core.sshCommand' || :"
2025-04-11T19:29:25.6072726Z [command]/usr/bin/git config --local --name-only --get-regexp http\.https\:\/\/github\.com\/\.extraheader
2025-04-11T19:29:25.6103189Z [command]/usr/bin/git submodule foreach --recursive sh -c "git config --local --name-only --get-regexp 'http\.https\:\/\/github\.com\/\.extraheader' && git config --local --unset-all 'http.https://github.com/.extraheader' || :"
2025-04-11T19:29:25.6329293Z [command]/usr/bin/git config --local http.https://github.com/.extraheader AUTHORIZATION: basic ***
2025-04-11T19:29:25.6366885Z ##[endgroup]
2025-04-11T19:29:25.6377769Z ##[group]Fetching the repository
2025-04-11T19:29:25.6379308Z [command]/usr/bin/git -c protocol.version=2 fetch --no-tags --prune --no-recurse-submodules --depth=1 origin +158e0f38b28e9c3981d7c818065c77dc98145230:refs/remotes/pull/30116/merge
2025-04-11T19:29:28.0318985Z From https://github.com/ionic-team/ionic-framework
2025-04-11T19:29:28.0321654Z  * [new ref]         158e0f38b28e9c3981d7c818065c77dc98145230 -> pull/30116/merge
2025-04-11T19:29:28.0366302Z ##[endgroup]
2025-04-11T19:29:28.0368001Z ##[group]Determining the checkout info
2025-04-11T19:29:28.0369246Z ##[endgroup]
2025-04-11T19:29:28.0372840Z [command]/usr/bin/git sparse-checkout disable
2025-04-11T19:29:28.0413631Z [command]/usr/bin/git config --local --unset-all extensions.worktreeConfig
2025-04-11T19:29:28.0440399Z ##[group]Checking out the ref
2025-04-11T19:29:28.0443816Z [command]/usr/bin/git checkout --progress --force refs/remotes/pull/30116/merge
2025-04-11T19:29:28.8001886Z Note: switching to 'refs/remotes/pull/30116/merge'.
2025-04-11T19:29:28.8002681Z 
2025-04-11T19:29:28.8003197Z You are in 'detached HEAD' state. You can look around, make experimental
2025-04-11T19:29:28.8004158Z changes and commit them, and you can discard any commits you make in this
2025-04-11T19:29:28.8005135Z state without impacting any branches by switching back to a branch.
2025-04-11T19:29:28.8005733Z 
2025-04-11T19:29:28.8006165Z If you want to create a new branch to retain commits you create, you may
2025-04-11T19:29:28.8007168Z do so (now or later) by using -c with the switch command. Example:
2025-04-11T19:29:28.8007953Z 
2025-04-11T19:29:28.8008208Z   git switch -c <new-branch-name>
2025-04-11T19:29:28.8008637Z 
2025-04-11T19:29:28.8008882Z Or undo this operation with:
2025-04-11T19:29:28.8009219Z 
2025-04-11T19:29:28.8009848Z   git switch -
2025-04-11T19:29:28.8010173Z 
2025-04-11T19:29:28.8010631Z Turn off this advice by setting config variable advice.detachedHead to false
2025-04-11T19:29:28.8011276Z 
2025-04-11T19:29:28.8011984Z HEAD is now at 158e0f3 Merge f38a0789ec1fd27639e682d6a52c277f56a3bea6 into b1bc58f1c8ffdc859e3f4349040bb1ad6e383d1e
2025-04-11T19:29:28.8036900Z ##[endgroup]
2025-04-11T19:29:28.8074917Z [command]/usr/bin/git log -1 --format=%H
2025-04-11T19:29:28.8096570Z 158e0f38b28e9c3981d7c818065c77dc98145230
2025-04-11T19:29:28.8391758Z Prepare all required actions
2025-04-11T19:29:28.8392404Z Getting action download info
2025-04-11T19:29:28.9845521Z ##[group]Download immutable action package 'actions/setup-node@v4'
2025-04-11T19:29:28.9846070Z Version: 4.3.0
2025-04-11T19:29:28.9846554Z Digest: sha256:9f9f8171ffc89cb7f6897e615e2b43b46bb55176fd279129eb0088157eace9b2
2025-04-11T19:29:28.9847234Z Source commit SHA: cdca7365b2dadb8aad0a33bc7601856ffabcc48e
2025-04-11T19:29:28.9847791Z ##[endgroup]
2025-04-11T19:29:29.0851927Z ##[group]Download immutable action package 'actions/upload-artifact@v4'
2025-04-11T19:29:29.0852320Z Version: 4.6.2
2025-04-11T19:29:29.0852658Z Digest: sha256:290722aa3281d5caf23d0acdc3dbeb3424786a1a01a9cc97e72f147225e37c38
2025-04-11T19:29:29.0853117Z Source commit SHA: ea165f8d65b6e75b540449e92b4886f43607fa02
2025-04-11T19:29:29.0853417Z ##[endgroup]
2025-04-11T19:29:29.2239071Z ##[group]Run ./.github/workflows/actions/test-core-screenshot
2025-04-11T19:29:29.2239438Z with:
2025-04-11T19:29:29.2239669Z   shard: 7
2025-04-11T19:29:29.2239862Z   totalShards: 20
2025-04-11T19:29:29.2240066Z ##[endgroup]
2025-04-11T19:29:29.2358389Z ##[group]Run actions/setup-node@v4
2025-04-11T19:29:29.2358679Z with:
2025-04-11T19:29:29.2358881Z   node-version: 20.x
2025-04-11T19:29:29.2359101Z   always-auth: false
2025-04-11T19:29:29.2359312Z   check-latest: false
2025-04-11T19:29:29.2359662Z   token: ***
2025-04-11T19:29:29.2359861Z ##[endgroup]
2025-04-11T19:29:29.4026769Z Found in cache @ /opt/hostedtoolcache/node/20.19.0/x64
2025-04-11T19:29:29.4034002Z ##[group]Environment details
2025-04-11T19:29:29.7871373Z node: v20.19.0
2025-04-11T19:29:29.7871830Z npm: 10.8.2
2025-04-11T19:29:29.7872542Z yarn: 1.22.22
2025-04-11T19:29:29.7873307Z ##[endgroup]
2025-04-11T19:29:29.7970799Z Prepare all required actions
2025-04-11T19:29:29.7971106Z Getting action download info
2025-04-11T19:29:29.9602966Z ##[group]Download immutable action package 'actions/download-artifact@v4'
2025-04-11T19:29:29.9603515Z Version: 4.2.1
2025-04-11T19:29:29.9604008Z Digest: sha256:dc468d5aa7f2038c97563f0fd51a6d40150fe504eef54e24f5ac75983c6666de
2025-04-11T19:29:29.9604666Z Source commit SHA: 95815c38cf2ff2164869cbab79da8d1f422bc89e
2025-04-11T19:29:29.9605105Z ##[endgroup]
2025-04-11T19:29:30.1713090Z ##[group]Run ./.github/workflows/actions/download-archive
2025-04-11T19:29:30.1713393Z with:
2025-04-11T19:29:30.1713573Z   name: ionic-core
2025-04-11T19:29:30.1713764Z   path: ./core
2025-04-11T19:29:30.1713963Z   filename: CoreBuild.zip
2025-04-11T19:29:30.1714188Z ##[endgroup]
2025-04-11T19:29:30.1756798Z ##[group]Run actions/download-artifact@v4
2025-04-11T19:29:30.1757065Z with:
2025-04-11T19:29:30.1757242Z   name: ionic-core
2025-04-11T19:29:30.1757432Z   path: ./core
2025-04-11T19:29:30.1757845Z   merge-multiple: false
2025-04-11T19:29:30.1758083Z   repository: ionic-team/ionic-framework
2025-04-11T19:29:30.1758342Z   run-id: 14410612100
2025-04-11T19:29:30.1758540Z ##[endgroup]
2025-04-11T19:29:30.3709023Z Downloading single artifact
2025-04-11T19:29:30.5348823Z Preparing to download the following artifacts:
2025-04-11T19:29:30.5350254Z - ionic-core (ID: 2930047942, Size: 5154771, Expected Digest: sha256:b111f6e027d6488d3503c3898ca1851a4d6ba65252dce4184c3d1aac69532dba)
2025-04-11T19:29:30.6161428Z Redirecting to blob download url: https://productionresultssa12.blob.core.windows.net/actions-results/10900e3f-7af9-4c42-8501-21369fdf32d9/workflow-job-run-60360e90-de33-5e95-9d3a-c6e4b95a6c9b/artifacts/8b195ff755a0fb0e432f914b9dafce014f6a2ae37c056d7e9cf4114538aaf978.zip
2025-04-11T19:29:30.6163287Z Starting download of artifact to: /home/runner/work/ionic-framework/ionic-framework/core
2025-04-11T19:29:30.7611670Z (node:1898) [DEP0005] DeprecationWarning: Buffer() is deprecated due to security and usability issues. Please use the Buffer.alloc(), Buffer.allocUnsafe(), or Buffer.from() methods instead.
2025-04-11T19:29:30.7613295Z (Use `node --trace-deprecation ...` to show where the warning was created)
2025-04-11T19:29:30.9623652Z SHA256 digest of downloaded artifact is b111f6e027d6488d3503c3898ca1851a4d6ba65252dce4184c3d1aac69532dba
2025-04-11T19:29:30.9625288Z Artifact download completed successfully.
2025-04-11T19:29:30.9626297Z Total of 1 artifact(s) downloaded
2025-04-11T19:29:30.9633027Z Download artifact has finished successfully
2025-04-11T19:29:30.9755068Z ##[group]Run unzip -q -o ./core/CoreBuild.zip
2025-04-11T19:29:30.9755451Z [36;1munzip -q -o ./core/CoreBuild.zip[0m
2025-04-11T19:29:30.9805666Z shell: /usr/bin/bash --noprofile --norc -e -o pipefail {0}
2025-04-11T19:29:30.9806032Z ##[endgroup]
2025-04-11T19:29:31.2746982Z ##[group]Run npm install
2025-04-11T19:29:31.2747246Z [36;1mnpm install[0m
2025-04-11T19:29:31.2793293Z shell: /usr/bin/bash --noprofile --norc -e -o pipefail {0}
2025-04-11T19:29:31.2793635Z ##[endgroup]
2025-04-11T19:29:35.5439943Z npm warn deprecated ini@1.3.5: Please update to ini >=1.3.6 to avoid a prototype pollution issue
2025-04-11T19:29:36.8474538Z npm warn deprecated @stylelint/postcss-markdown@0.36.2: Use the original unforked package instead: postcss-markdown
2025-04-11T19:29:40.8194497Z 
2025-04-11T19:29:40.8195199Z added 843 packages, and audited 845 packages in 9s
2025-04-11T19:29:40.8195661Z 
2025-04-11T19:29:40.8195924Z 161 packages are looking for funding
2025-04-11T19:29:40.8196392Z   run `npm fund` for details
2025-04-11T19:29:40.8334767Z 
2025-04-11T19:29:40.8335364Z 16 vulnerabilities (5 moderate, 10 high, 1 critical)
2025-04-11T19:29:40.8335773Z 
2025-04-11T19:29:40.8335955Z To address all issues, run:
2025-04-11T19:29:40.8336216Z   npm audit fix
2025-04-11T19:29:40.8336342Z 
2025-04-11T19:29:40.8336474Z Run `npm audit` for details.
2025-04-11T19:29:40.8622780Z ##[group]Run npm run test.e2e.docker.ci  -- --shard=7/20
2025-04-11T19:29:40.8623177Z [36;1mnpm run test.e2e.docker.ci  -- --shard=7/20[0m
2025-04-11T19:29:40.8669597Z shell: /usr/bin/bash --noprofile --norc -e -o pipefail {0}
2025-04-11T19:29:40.8669950Z ##[endgroup]
2025-04-11T19:29:40.9832611Z 
2025-04-11T19:29:40.9833321Z > @ionic/core@8.5.4 test.e2e.docker.ci
2025-04-11T19:29:40.9834106Z > npm run docker.build && CI=true node ./scripts/docker.mjs --shard=7/20
2025-04-11T19:29:40.9834445Z 
2025-04-11T19:29:41.0912758Z 
2025-04-11T19:29:41.0913121Z > @ionic/core@8.5.4 docker.build
2025-04-11T19:29:41.0913714Z > docker build -t ionic-playwright .
2025-04-11T19:29:41.0913937Z 
2025-04-11T19:29:41.6901778Z #0 building with "default" instance using docker driver
2025-04-11T19:29:41.6902257Z 
2025-04-11T19:29:41.6902688Z #1 [internal] load build definition from Dockerfile
2025-04-11T19:29:41.6903388Z #1 transferring dockerfile: 140B done
2025-04-11T19:29:41.6903861Z #1 DONE 0.0s
2025-04-11T19:29:41.6904115Z 
2025-04-11T19:29:41.6904592Z #2 [internal] load metadata for mcr.microsoft.com/playwright:v1.51.1
2025-04-11T19:29:41.7352351Z #2 DONE 0.2s
2025-04-11T19:29:41.8489286Z 
2025-04-11T19:29:41.8489856Z #3 [internal] load .dockerignore
2025-04-11T19:29:41.8490550Z #3 transferring context: 2B done
2025-04-11T19:29:41.8502656Z #3 DONE 0.0s
2025-04-11T19:29:41.8502928Z 
2025-04-11T19:29:41.8503808Z #4 [1/2] FROM mcr.microsoft.com/playwright:v1.51.1@sha256:146d046a8d79a1b3a87596c4457b0b1c47f811bf4fc2cc1b99e873ae7f1cbbbd
2025-04-11T19:29:41.8505632Z #4 resolve mcr.microsoft.com/playwright:v1.51.1@sha256:146d046a8d79a1b3a87596c4457b0b1c47f811bf4fc2cc1b99e873ae7f1cbbbd done
2025-04-11T19:29:41.8507062Z #4 sha256:07625bb0f130786b63a5f8d0a01ae8366633f044fdd1d322f4e17d891e40eb38 4.35kB / 4.35kB done
2025-04-11T19:29:41.8508594Z #4 sha256:107a4fb0af3829758fca8bb809bb86ccb87dd630e4d61110103466886f7b0746 4.19MB / 30.62MB 0.1s
2025-04-11T19:29:41.8510254Z #4 sha256:8c401718c9840101a765a463ac914fdc601eac9168514e5b99d9790d3e9314d9 9.44MB / 103.79MB 0.1s
2025-04-11T19:29:41.8511632Z #4 sha256:39224aba52ceadd68846f4be54e0a32c959024f2bc3273ccf55759f25fc23fc9 1.94MB / 1.94MB 0.0s done
2025-04-11T19:29:41.8513120Z #4 sha256:08d1cdd3adadca7e4ef993b1b833978ce34bb0fe025ef2e00cea37c7fdb746d8 1.05MB / 759.82MB 0.1s
2025-04-11T19:29:41.8514737Z #4 sha256:146d046a8d79a1b3a87596c4457b0b1c47f811bf4fc2cc1b99e873ae7f1cbbbd 743B / 743B done
2025-04-11T19:29:41.8516084Z #4 sha256:daa1690ea366d2d6b52ea085a59a221a6e954cd9d9c13c89bd7eccb0673e8961 1.17kB / 1.17kB done
2025-04-11T19:29:41.9493550Z #4 sha256:107a4fb0af3829758fca8bb809bb86ccb87dd630e4d61110103466886f7b0746 24.12MB / 30.62MB 0.2s
2025-04-11T19:29:41.9494858Z #4 sha256:8c401718c9840101a765a463ac914fdc601eac9168514e5b99d9790d3e9314d9 32.51MB / 103.79MB 0.2s
2025-04-11T19:29:42.0512681Z #4 sha256:107a4fb0af3829758fca8bb809bb86ccb87dd630e4d61110103466886f7b0746 30.62MB / 30.62MB 0.3s done
2025-04-11T19:29:42.0514331Z #4 sha256:8c401718c9840101a765a463ac914fdc601eac9168514e5b99d9790d3e9314d9 56.62MB / 103.79MB 0.3s
2025-04-11T19:29:42.0515517Z #4 extracting sha256:107a4fb0af3829758fca8bb809bb86ccb87dd630e4d61110103466886f7b0746
2025-04-11T19:29:42.1590456Z #4 sha256:8c401718c9840101a765a463ac914fdc601eac9168514e5b99d9790d3e9314d9 78.41MB / 103.79MB 0.4s
2025-04-11T19:29:42.1591917Z #4 sha256:08d1cdd3adadca7e4ef993b1b833978ce34bb0fe025ef2e00cea37c7fdb746d8 41.94MB / 759.82MB 0.4s
2025-04-11T19:29:42.2779348Z #4 sha256:8c401718c9840101a765a463ac914fdc601eac9168514e5b99d9790d3e9314d9 100.84MB / 103.79MB 0.5s
2025-04-11T19:29:42.4809860Z #4 sha256:8c401718c9840101a765a463ac914fdc601eac9168514e5b99d9790d3e9314d9 103.79MB / 103.79MB 0.6s done
2025-04-11T19:29:42.6489147Z #4 sha256:08d1cdd3adadca7e4ef993b1b833978ce34bb0fe025ef2e00cea37c7fdb746d8 87.03MB / 759.82MB 0.9s
2025-04-11T19:29:43.0488511Z #4 sha256:08d1cdd3adadca7e4ef993b1b833978ce34bb0fe025ef2e00cea37c7fdb746d8 136.31MB / 759.82MB 1.3s
2025-04-11T19:29:43.0489536Z #4 extracting sha256:107a4fb0af3829758fca8bb809bb86ccb87dd630e4d61110103466886f7b0746 0.9s done
2025-04-11T19:29:43.2339926Z #4 extracting sha256:8c401718c9840101a765a463ac914fdc601eac9168514e5b99d9790d3e9314d9 0.1s
2025-04-11T19:29:43.5472767Z #4 sha256:08d1cdd3adadca7e4ef993b1b833978ce34bb0fe025ef2e00cea37c7fdb746d8 177.95MB / 759.82MB 1.7s
2025-04-11T19:29:43.8555520Z #4 sha256:08d1cdd3adadca7e4ef993b1b833978ce34bb0fe025ef2e00cea37c7fdb746d8 224.40MB / 759.82MB 2.1s
2025-04-11T19:29:44.4144381Z #4 sha256:08d1cdd3adadca7e4ef993b1b833978ce34bb0fe025ef2e00cea37c7fdb746d8 267.39MB / 759.82MB 2.6s
2025-04-11T19:29:44.7732548Z #4 sha256:08d1cdd3adadca7e4ef993b1b833978ce34bb0fe025ef2e00cea37c7fdb746d8 307.93MB / 759.82MB 3.0s
2025-04-11T19:29:45.1488419Z #4 sha256:08d1cdd3adadca7e4ef993b1b833978ce34bb0fe025ef2e00cea37c7fdb746d8 356.52MB / 759.82MB 3.4s
2025-04-11T19:29:45.5641696Z #4 sha256:08d1cdd3adadca7e4ef993b1b833978ce34bb0fe025ef2e00cea37c7fdb746d8 408.94MB / 759.82MB 3.8s
2025-04-11T19:29:45.9721729Z #4 sha256:08d1cdd3adadca7e4ef993b1b833978ce34bb0fe025ef2e00cea37c7fdb746d8 451.94MB / 759.82MB 4.2s
2025-04-11T19:29:46.2489360Z #4 sha256:08d1cdd3adadca7e4ef993b1b833978ce34bb0fe025ef2e00cea37c7fdb746d8 490.73MB / 759.82MB 4.5s
2025-04-11T19:29:46.5911604Z #4 sha256:08d1cdd3adadca7e4ef993b1b833978ce34bb0fe025ef2e00cea37c7fdb746d8 536.87MB / 759.82MB 4.8s
2025-04-11T19:29:46.9490050Z #4 sha256:08d1cdd3adadca7e4ef993b1b833978ce34bb0fe025ef2e00cea37c7fdb746d8 591.40MB / 759.82MB 5.2s
2025-04-11T19:29:47.2042954Z #4 extracting sha256:8c401718c9840101a765a463ac914fdc601eac9168514e5b99d9790d3e9314d9 4.1s done
2025-04-11T19:29:47.3491053Z #4 sha256:08d1cdd3adadca7e4ef993b1b833978ce34bb0fe025ef2e00cea37c7fdb746d8 648.02MB / 759.82MB 5.6s
2025-04-11T19:29:47.9492878Z #4 sha256:08d1cdd3adadca7e4ef993b1b833978ce34bb0fe025ef2e00cea37c7fdb746d8 699.40MB / 759.82MB 6.2s
2025-04-11T19:29:48.2489991Z #4 sha256:08d1cdd3adadca7e4ef993b1b833978ce34bb0fe025ef2e00cea37c7fdb746d8 741.34MB / 759.82MB 6.5s
2025-04-11T19:29:49.5489748Z #4 sha256:08d1cdd3adadca7e4ef993b1b833978ce34bb0fe025ef2e00cea37c7fdb746d8 759.82MB / 759.82MB 7.7s done
2025-04-11T19:29:49.7299575Z #4 extracting sha256:39224aba52ceadd68846f4be54e0a32c959024f2bc3273ccf55759f25fc23fc9
2025-04-11T19:29:49.8902337Z #4 extracting sha256:39224aba52ceadd68846f4be54e0a32c959024f2bc3273ccf55759f25fc23fc9 0.0s done
2025-04-11T19:29:49.8903892Z #4 extracting sha256:08d1cdd3adadca7e4ef993b1b833978ce34bb0fe025ef2e00cea37c7fdb746d8 0.1s
2025-04-11T19:29:54.9766493Z #4 extracting sha256:08d1cdd3adadca7e4ef993b1b833978ce34bb0fe025ef2e00cea37c7fdb746d8 5.2s
2025-04-11T19:30:00.0489105Z #4 extracting sha256:08d1cdd3adadca7e4ef993b1b833978ce34bb0fe025ef2e00cea37c7fdb746d8 10.3s
2025-04-11T19:30:02.4137009Z #4 extracting sha256:08d1cdd3adadca7e4ef993b1b833978ce34bb0fe025ef2e00cea37c7fdb746d8 12.5s done
2025-04-11T19:30:05.0540508Z #4 DONE 23.3s
2025-04-11T19:30:05.2125988Z 
2025-04-11T19:30:05.2126682Z #5 [2/2] WORKDIR /ionic
2025-04-11T19:30:05.2127115Z #5 DONE 0.0s
2025-04-11T19:30:05.2127309Z 
2025-04-11T19:30:05.2127489Z #6 exporting to image
2025-04-11T19:30:05.2128026Z #6 exporting layers
2025-04-11T19:30:06.3771658Z #6 exporting layers 1.3s done
2025-04-11T19:30:06.3979624Z #6 writing image sha256:6e70fd4c6828ec85695ed6a27bf1397e567f1d48d5e3099a56c2e2915d41f3e7 done
2025-04-11T19:30:06.3980778Z #6 naming to docker.io/library/ionic-playwright done
2025-04-11T19:30:06.3981317Z #6 DONE 1.3s
2025-04-11T19:30:06.7951507Z 
2025-04-11T19:30:06.7952336Z > @ionic/core@8.5.4 test.e2e
2025-04-11T19:30:06.7953015Z > npx playwright test --shard=7/20
2025-04-11T19:30:06.7953368Z 
2025-04-11T19:30:08.3519472Z [WebServer] [35mINFO: Accepting connections at http://localhost:3333.[39m
2025-04-11T19:30:11.8507873Z 
2025-04-11T19:30:11.8511505Z Running 445 tests using 1 worker, shard 7 of 20
2025-04-11T19:30:39.9007841Z Â·Â·Â·Â·Â·Â·Â·Â·Â·Â·Â·Â·Â·Â·Â·Â·Â·Â·Â·Â·Â·Â·Â·Â·Â·Â·Â·Â·Â·Â·Â·Â·Â·Â·Â·Â·Â·Â·Â·Â·Â·Â·Â·Â·Â·Â°Â°Â°Â°Â°Â°Â°Â°Â°Â°Â°Â°Â°Â°Â°Â°Â°Â°Â°Â°Â°Â°Â°Â°Â°Â°Â°Â°Â°Â°Â°Â°Â°Â°Â°
2025-04-11T19:30:40.1082881Z Â°Â°Â°Â°Â°Â°Â°Â°Â°Â°Â°Â°Â°Â°Â°Â°Â°Â°Â°Â°Â°Â°Â°Â°Â°Â°Â°Â°Â°Â°Â°Â°Â°Â°Â°Â°Â°Â°Â°Â°Â°Â°Â°Â°Â°Â°Â°Â°Â°Â°Â°Â°Â°Â°Â°Â°Â°Â°Â°Â°Â°Â°Â°Â°Â°Â°Â°Â°Â°Â°Â°Â°Â°Â°Â°Â°Â°Â°Â°Â°
2025-04-11T19:30:40.3301478Z Â°Â°Â°Â°Â°Â°Â°Â°Â°Â°Â°Â°Â°Â°Â°Â°Â°Â°Â°Â°Â°Â°Â°Â°Â°Â°Â°Â°Â°Â°Â°Â°Â°Â°Â°Â°Â°Â°Â°Â°Â°Â°Â°Â°Â°Â°Â°Â°Â°Â°Â°Â°Â°Â°Â°Â°Â°Â°Â°Â°Â°Â°Â°Â°Â°Â°Â°Â°Â°Â°Â°Â°Â°Â°Â°Â°Â°Â°Â°Â°
2025-04-11T19:31:30.2530684Z Â°Â°Â°Â·Â·Â·Â·Â·Â·Â·Â·Â·Â·Â·Â·Â·Â·Â°Â°Â°Â°Â°Â°Â°Â°Â°Â°Â·Â·Â·Â·Â·Â·Â·Â·Â·Â·Â·Â·Â·Â·Â·Â·Â·Â°Â°Â°Â°Â·Â·Â·Â·Â·Â·Â·Â·Â·Â·Â·Â·Â·Ã—Ã—FÂ·Â·Â·Â·Â·Â·Â·Â·Â·Â·Â·Â·Â·Â·Â·Â·
2025-04-11T19:32:03.7484084Z Â·Â·Â·Â·Â·Â·Â·Â·Â·Â·Â·Â·Â·Â·Â·Â·Â·Â·Â·Â·Â·Â·Â·Â·Â·Â·Â·Â·Â·Â·Â·Â·Â·Â·Â·Â·Â·Â·Â·Â·Â·Â·Â·Â·Â·Â·Â·Â·Â·Â·Â·Â·Â·Â·Â·Â·Â·Â·Â·Â·Â·Â·Â·Â·Â·Â·Â·Â·Â·Â·Â·Â·Â·Â·Â°Â·Â·Â°Â°Â·
2025-04-11T19:32:22.2720265Z Â·Â°Â·Â·Â·Â·Â·Â·Â·Â·Â·Â·Â·Â·Â·Â·Â·Â·Â·Â·Â·Â·Â·Â·Â·Â·Â·Â·Â·Â·Â·Â·Â·Â·Â·Â·Â·Â·Â·Â·Â·Â·Â·Â·Â·Â·Â·
2025-04-11T19:32:22.2727100Z 
2025-04-11T19:32:22.2741425Z   1) [Mobile Chrome] â€º src/components/accordion/test/multiple/accordion.e2e.ts:6:9 â€º accordion: multiple - ios/ltr â€º should update value and visually expand items 
2025-04-11T19:32:22.2745243Z 
2025-04-11T19:32:22.2746199Z     Error: [2mexpect([22m[31mlocator[39m[2m).[22mtoHaveScreenshot[2m([22m[32mexpected[39m[2m)[22m
2025-04-11T19:32:22.2746831Z 
2025-04-11T19:32:22.2747201Z       15135 pixels (ratio 0.10 of all image pixels) are different.
2025-04-11T19:32:22.2747903Z 
2025-04-11T19:32:22.2749275Z     Expected: [33m/ionic/src/components/accordion/test/multiple/accordion.e2e.ts-snapshots/accordion-two-open-ios-ltr-Mobile-Chrome-linux.png[39m
2025-04-11T19:32:22.2751639Z     Received: [33m/ionic/test-results/src-components-accordion-t-26450-e-and-visually-expand-items-Mobile-Chrome/accordion-two-open-ios-ltr-actual.png[39m
2025-04-11T19:32:22.2754037Z         Diff: [33m/ionic/test-results/src-components-accordion-t-26450-e-and-visually-expand-items-Mobile-Chrome/accordion-two-open-ios-ltr-diff.png[39m
2025-04-11T19:32:22.2755117Z 
2025-04-11T19:32:22.2755265Z     Call log:
2025-04-11T19:32:22.2756209Z     [2m  - expect.toHaveScreenshot(accordion-two-open-ios-ltr.png) with timeout 5000ms[22m
2025-04-11T19:32:22.2757209Z     [2m    - verifying given screenshot expectation[22m
2025-04-11T19:32:22.2758633Z     [2m  - waiting for locator('ion-accordion-group')[22m
2025-04-11T19:32:22.2760418Z     [2m    - locator resolved to <ion-accordion-group multiple="true" value="attractions" role="presentation" class="ios accordion-group-expand-compact hydrated">â€¦</ion-accordion-group>[22m
2025-04-11T19:32:22.2762249Z     [2m  - taking element screenshot[22m
2025-04-11T19:32:22.2762932Z     [2m    - disabled all CSS animations[22m
2025-04-11T19:32:22.2763599Z     [2m  - waiting for fonts to load...[22m
2025-04-11T19:32:22.2764198Z     [2m  - fonts loaded[22m
2025-04-11T19:32:22.2764827Z     [2m  - attempting scroll into view action[22m
2025-04-11T19:32:22.2765803Z     [2m    - waiting for element to be stable[22m
2025-04-11T19:32:22.2766711Z     [2m  - 15135 pixels (ratio 0.10 of all image pixels) are different.[22m
2025-04-11T19:32:22.2767825Z     [2m  - waiting 100ms before taking screenshot[22m
2025-04-11T19:32:22.2768656Z     [2m  - waiting for locator('ion-accordion-group')[22m
2025-04-11T19:32:22.2770470Z     [2m    - locator resolved to <ion-accordion-group multiple="true" value="attractions" role="presentation" class="ios accordion-group-expand-compact hydrated">â€¦</ion-accordion-group>[22m
2025-04-11T19:32:22.2771913Z     [2m  - taking element screenshot[22m
2025-04-11T19:32:22.2772548Z     [2m    - disabled all CSS animations[22m
2025-04-11T19:32:22.2773205Z     [2m  - waiting for fonts to load...[22m
2025-04-11T19:32:22.2773766Z     [2m  - fonts loaded[22m
2025-04-11T19:32:22.2774374Z     [2m  - attempting scroll into view action[22m
2025-04-11T19:32:22.2775073Z     [2m    - waiting for element to be stable[22m
2025-04-11T19:32:22.2775742Z     [2m  - captured a stable screenshot[22m
2025-04-11T19:32:22.2776562Z     [2m  - 15135 pixels (ratio 0.10 of all image pixels) are different.[22m
2025-04-11T19:32:22.2777028Z 
2025-04-11T19:32:22.2777037Z 
2025-04-11T19:32:22.2777760Z       19 |       await expect(accordionGroup).toHaveJSProperty('value', ['attractions', 'dining']);
2025-04-11T19:32:22.2778490Z       20 |
2025-04-11T19:32:22.2779182Z     > 21 |       await expect(accordionGroup).toHaveScreenshot(screenshot('accordion-two-open'));
2025-04-11T19:32:22.2779971Z          |                                    ^
2025-04-11T19:32:22.2780405Z       22 |
2025-04-11T19:32:22.2780806Z       23 |       await diningHeader.click();
2025-04-11T19:32:22.2781363Z       24 |       await attractionsHeader.click();
2025-04-11T19:32:22.2782149Z         at /ionic/src/components/accordion/test/multiple/accordion.e2e.ts:21:36
2025-04-11T19:32:22.2782686Z 
2025-04-11T19:32:22.2783509Z     attachment #1: accordion-two-open-ios-ltr-expected.png (image/png) â”€â”€â”€â”€â”€â”€â”€â”€â”€â”€â”€â”€â”€â”€â”€â”€â”€â”€â”€â”€â”€â”€â”€â”€â”€â”€â”€â”€â”€
2025-04-11T19:32:22.2784972Z     src/components/accordion/test/multiple/accordion.e2e.ts-snapshots/accordion-two-open-ios-ltr-Mobile-Chrome-linux.png
2025-04-11T19:32:22.2786396Z     â”€â”€â”€â”€â”€â”€â”€â”€â”€â”€â”€â”€â”€â”€â”€â”€â”€â”€â”€â”€â”€â”€â”€â”€â”€â”€â”€â”€â”€â”€â”€â”€â”€â”€â”€â”€â”€â”€â”€â”€â”€â”€â”€â”€â”€â”€â”€â”€â”€â”€â”€â”€â”€â”€â”€â”€â”€â”€â”€â”€â”€â”€â”€â”€â”€â”€â”€â”€â”€â”€â”€â”€â”€â”€â”€â”€â”€â”€â”€â”€â”€â”€â”€â”€â”€â”€â”€â”€â”€â”€â”€â”€â”€â”€â”€â”€
2025-04-11T19:32:22.2786813Z 
2025-04-11T19:32:22.2789497Z     attachment #2: accordion-two-open-ios-ltr-actual.png (image/png) â”€â”€â”€â”€â”€â”€â”€â”€â”€â”€â”€â”€â”€â”€â”€â”€â”€â”€â”€â”€â”€â”€â”€â”€â”€â”€â”€â”€â”€â”€â”€
2025-04-11T19:32:22.2791088Z     test-results/src-components-accordion-t-26450-e-and-visually-expand-items-Mobile-Chrome/accordion-two-open-ios-ltr-actual.png
2025-04-11T19:32:22.2792601Z     â”€â”€â”€â”€â”€â”€â”€â”€â”€â”€â”€â”€â”€â”€â”€â”€â”€â”€â”€â”€â”€â”€â”€â”€â”€â”€â”€â”€â”€â”€â”€â”€â”€â”€â”€â”€â”€â”€â”€â”€â”€â”€â”€â”€â”€â”€â”€â”€â”€â”€â”€â”€â”€â”€â”€â”€â”€â”€â”€â”€â”€â”€â”€â”€â”€â”€â”€â”€â”€â”€â”€â”€â”€â”€â”€â”€â”€â”€â”€â”€â”€â”€â”€â”€â”€â”€â”€â”€â”€â”€â”€â”€â”€â”€â”€â”€
2025-04-11T19:32:22.2793010Z 
2025-04-11T19:32:22.2793754Z     attachment #3: accordion-two-open-ios-ltr-diff.png (image/png) â”€â”€â”€â”€â”€â”€â”€â”€â”€â”€â”€â”€â”€â”€â”€â”€â”€â”€â”€â”€â”€â”€â”€â”€â”€â”€â”€â”€â”€â”€â”€â”€â”€
2025-04-11T19:32:22.2795541Z     test-results/src-components-accordion-t-26450-e-and-visually-expand-items-Mobile-Chrome/accordion-two-open-ios-ltr-diff.png
2025-04-11T19:32:22.2797062Z     â”€â”€â”€â”€â”€â”€â”€â”€â”€â”€â”€â”€â”€â”€â”€â”€â”€â”€â”€â”€â”€â”€â”€â”€â”€â”€â”€â”€â”€â”€â”€â”€â”€â”€â”€â”€â”€â”€â”€â”€â”€â”€â”€â”€â”€â”€â”€â”€â”€â”€â”€â”€â”€â”€â”€â”€â”€â”€â”€â”€â”€â”€â”€â”€â”€â”€â”€â”€â”€â”€â”€â”€â”€â”€â”€â”€â”€â”€â”€â”€â”€â”€â”€â”€â”€â”€â”€â”€â”€â”€â”€â”€â”€â”€â”€â”€
2025-04-11T19:32:22.2797466Z 
2025-04-11T19:32:22.2798342Z     attachment #5: trace (application/zip) â”€â”€â”€â”€â”€â”€â”€â”€â”€â”€â”€â”€â”€â”€â”€â”€â”€â”€â”€â”€â”€â”€â”€â”€â”€â”€â”€â”€â”€â”€â”€â”€â”€â”€â”€â”€â”€â”€â”€â”€â”€â”€â”€â”€â”€â”€â”€â”€â”€â”€â”€â”€â”€â”€â”€â”€â”€
2025-04-11T19:32:22.2799585Z     test-results/src-components-accordion-t-26450-e-and-visually-expand-items-Mobile-Chrome/trace.zip
2025-04-11T19:32:22.2800570Z     Usage:
2025-04-11T19:32:22.2800745Z 
2025-04-11T19:32:22.2801576Z         npx playwright show-trace test-results/src-components-accordion-t-26450-e-and-visually-expand-items-Mobile-Chrome/trace.zip
2025-04-11T19:32:22.2802439Z 
2025-04-11T19:32:22.2803017Z     â”€â”€â”€â”€â”€â”€â”€â”€â”€â”€â”€â”€â”€â”€â”€â”€â”€â”€â”€â”€â”€â”€â”€â”€â”€â”€â”€â”€â”€â”€â”€â”€â”€â”€â”€â”€â”€â”€â”€â”€â”€â”€â”€â”€â”€â”€â”€â”€â”€â”€â”€â”€â”€â”€â”€â”€â”€â”€â”€â”€â”€â”€â”€â”€â”€â”€â”€â”€â”€â”€â”€â”€â”€â”€â”€â”€â”€â”€â”€â”€â”€â”€â”€â”€â”€â”€â”€â”€â”€â”€â”€â”€â”€â”€â”€â”€
2025-04-11T19:32:22.2803422Z 
2025-04-11T19:32:22.2804056Z     Retry #1 â”€â”€â”€â”€â”€â”€â”€â”€â”€â”€â”€â”€â”€â”€â”€â”€â”€â”€â”€â”€â”€â”€â”€â”€â”€â”€â”€â”€â”€â”€â”€â”€â”€â”€â”€â”€â”€â”€â”€â”€â”€â”€â”€â”€â”€â”€â”€â”€â”€â”€â”€â”€â”€â”€â”€â”€â”€â”€â”€â”€â”€â”€â”€â”€â”€â”€â”€â”€â”€â”€â”€â”€â”€â”€â”€â”€â”€â”€â”€â”€â”€â”€â”€â”€â”€â”€â”€
2025-04-11T19:32:22.2804504Z 
2025-04-11T19:32:22.2805216Z     Error: [2mexpect([22m[31mlocator[39m[2m).[22mtoHaveScreenshot[2m([22m[32mexpected[39m[2m)[22m
2025-04-11T19:32:22.2805819Z 
2025-04-11T19:32:22.2806148Z       15135 pixels (ratio 0.10 of all image pixels) are different.
2025-04-11T19:32:22.2806579Z 
2025-04-11T19:32:22.2807966Z     Expected: [33m/ionic/src/components/accordion/test/multiple/accordion.e2e.ts-snapshots/accordion-two-open-ios-ltr-Mobile-Chrome-linux.png[39m
2025-04-11T19:32:22.2810400Z     Received: [33m/ionic/test-results/src-components-accordion-t-26450-e-and-visually-expand-items-Mobile-Chrome-retry1/accordion-two-open-ios-ltr-actual.png[39m
2025-04-11T19:32:22.2812838Z         Diff: [33m/ionic/test-results/src-components-accordion-t-26450-e-and-visually-expand-items-Mobile-Chrome-retry1/accordion-two-open-ios-ltr-diff.png[39m
2025-04-11T19:32:22.2813919Z 
2025-04-11T19:32:22.2814068Z     Call log:
2025-04-11T19:32:22.2814912Z     [2m  - expect.toHaveScreenshot(accordion-two-open-ios-ltr.png) with timeout 5000ms[22m
2025-04-11T19:32:22.2815871Z     [2m    - verifying given screenshot expectation[22m
2025-04-11T19:32:22.2816582Z     [2m  - waiting for locator('ion-accordion-group')[22m
2025-04-11T19:32:22.2818509Z     [2m    - locator resolved to <ion-accordion-group multiple="true" value="attractions" role="presentation" class="ios accordion-group-expand-compact hydrated">â€¦</ion-accordion-group>[22m
2025-04-11T19:32:22.2819929Z     [2m  - taking element screenshot[22m
2025-04-11T19:32:22.2820574Z     [2m    - disabled all CSS animations[22m
2025-04-11T19:32:22.2821278Z     [2m  - waiting for fonts to load...[22m
2025-04-11T19:32:22.2821853Z     [2m  - fonts loaded[22m
2025-04-11T19:32:22.2822442Z     [2m  - attempting scroll into view action[22m
2025-04-11T19:32:22.2823100Z     [2m    - waiting for element to be stable[22m
2025-04-11T19:32:22.2823897Z     [2m  - 15135 pixels (ratio 0.10 of all image pixels) are different.[22m
2025-04-11T19:32:22.2824697Z     [2m  - waiting 100ms before taking screenshot[22m
2025-04-11T19:32:22.2825412Z     [2m  - waiting for locator('ion-accordion-group')[22m
2025-04-11T19:32:22.2827119Z     [2m    - locator resolved to <ion-accordion-group multiple="true" value="attractions" role="presentation" class="ios accordion-group-expand-compact hydrated">â€¦</ion-accordion-group>[22m
2025-04-11T19:32:22.2828707Z     [2m  - taking element screenshot[22m
2025-04-11T19:32:22.2829326Z     [2m    - disabled all CSS animations[22m
2025-04-11T19:32:22.2830208Z     [2m  - waiting for fonts to load...[22m
2025-04-11T19:32:22.2830735Z     [2m  - fonts loaded[22m
2025-04-11T19:32:22.2831310Z     [2m  - attempting scroll into view action[22m
2025-04-11T19:32:22.2831976Z     [2m    - waiting for element to be stable[22m
2025-04-11T19:32:22.2832596Z     [2m  - captured a stable screenshot[22m
2025-04-11T19:32:22.2833403Z     [2m  - 15135 pixels (ratio 0.10 of all image pixels) are different.[22m
2025-04-11T19:32:22.2834050Z 
2025-04-11T19:32:22.2834066Z 
2025-04-11T19:32:22.2834581Z       19 |       await expect(accordionGroup).toHaveJSProperty('value', ['attractions', 'dining']);
2025-04-11T19:32:22.2835264Z       20 |
2025-04-11T19:32:22.2835934Z     > 21 |       await expect(accordionGroup).toHaveScreenshot(screenshot('accordion-two-open'));
2025-04-11T19:32:22.2836684Z          |                                    ^
2025-04-11T19:32:22.2837102Z       22 |
2025-04-11T19:32:22.2837485Z       23 |       await diningHeader.click();
2025-04-11T19:32:22.2838209Z       24 |       await attractionsHeader.click();
2025-04-11T19:32:22.2838959Z         at /ionic/src/components/accordion/test/multiple/accordion.e2e.ts:21:36
2025-04-11T19:32:22.2839471Z 
2025-04-11T19:32:22.2840243Z     attachment #1: accordion-two-open-ios-ltr-expected.png (image/png) â”€â”€â”€â”€â”€â”€â”€â”€â”€â”€â”€â”€â”€â”€â”€â”€â”€â”€â”€â”€â”€â”€â”€â”€â”€â”€â”€â”€â”€
2025-04-11T19:32:22.2841674Z     src/components/accordion/test/multiple/accordion.e2e.ts-snapshots/accordion-two-open-ios-ltr-Mobile-Chrome-linux.png
2025-04-11T19:32:22.2843065Z     â”€â”€â”€â”€â”€â”€â”€â”€â”€â”€â”€â”€â”€â”€â”€â”€â”€â”€â”€â”€â”€â”€â”€â”€â”€â”€â”€â”€â”€â”€â”€â”€â”€â”€â”€â”€â”€â”€â”€â”€â”€â”€â”€â”€â”€â”€â”€â”€â”€â”€â”€â”€â”€â”€â”€â”€â”€â”€â”€â”€â”€â”€â”€â”€â”€â”€â”€â”€â”€â”€â”€â”€â”€â”€â”€â”€â”€â”€â”€â”€â”€â”€â”€â”€â”€â”€â”€â”€â”€â”€â”€â”€â”€â”€â”€â”€
2025-04-11T19:32:22.2843474Z 
2025-04-11T19:32:22.2844195Z     attachment #2: accordion-two-open-ios-ltr-actual.png (image/png) â”€â”€â”€â”€â”€â”€â”€â”€â”€â”€â”€â”€â”€â”€â”€â”€â”€â”€â”€â”€â”€â”€â”€â”€â”€â”€â”€â”€â”€â”€â”€
2025-04-11T19:32:22.2845741Z     test-results/src-components-accordion-t-26450-e-and-visually-expand-items-Mobile-Chrome-retry1/accordion-two-open-ios-ltr-actual.png
2025-04-11T19:32:22.2847276Z     â”€â”€â”€â”€â”€â”€â”€â”€â”€â”€â”€â”€â”€â”€â”€â”€â”€â”€â”€â”€â”€â”€â”€â”€â”€â”€â”€â”€â”€â”€â”€â”€â”€â”€â”€â”€â”€â”€â”€â”€â”€â”€â”€â”€â”€â”€â”€â”€â”€â”€â”€â”€â”€â”€â”€â”€â”€â”€â”€â”€â”€â”€â”€â”€â”€â”€â”€â”€â”€â”€â”€â”€â”€â”€â”€â”€â”€â”€â”€â”€â”€â”€â”€â”€â”€â”€â”€â”€â”€â”€â”€â”€â”€â”€â”€â”€
2025-04-11T19:32:22.2847834Z 
2025-04-11T19:32:22.2848576Z     attachment #3: accordion-two-open-ios-ltr-diff.png (image/png) â”€â”€â”€â”€â”€â”€â”€â”€â”€â”€â”€â”€â”€â”€â”€â”€â”€â”€â”€â”€â”€â”€â”€â”€â”€â”€â”€â”€â”€â”€â”€â”€â”€
2025-04-11T19:32:22.2850120Z     test-results/src-components-accordion-t-26450-e-and-visually-expand-items-Mobile-Chrome-retry1/accordion-two-open-ios-ltr-diff.png
2025-04-11T19:32:22.2851636Z     â”€â”€â”€â”€â”€â”€â”€â”€â”€â”€â”€â”€â”€â”€â”€â”€â”€â”€â”€â”€â”€â”€â”€â”€â”€â”€â”€â”€â”€â”€â”€â”€â”€â”€â”€â”€â”€â”€â”€â”€â”€â”€â”€â”€â”€â”€â”€â”€â”€â”€â”€â”€â”€â”€â”€â”€â”€â”€â”€â”€â”€â”€â”€â”€â”€â”€â”€â”€â”€â”€â”€â”€â”€â”€â”€â”€â”€â”€â”€â”€â”€â”€â”€â”€â”€â”€â”€â”€â”€â”€â”€â”€â”€â”€â”€â”€
2025-04-11T19:32:22.2852038Z 
2025-04-11T19:32:22.2852698Z     attachment #5: trace (application/zip) â”€â”€â”€â”€â”€â”€â”€â”€â”€â”€â”€â”€â”€â”€â”€â”€â”€â”€â”€â”€â”€â”€â”€â”€â”€â”€â”€â”€â”€â”€â”€â”€â”€â”€â”€â”€â”€â”€â”€â”€â”€â”€â”€â”€â”€â”€â”€â”€â”€â”€â”€â”€â”€â”€â”€â”€â”€
2025-04-11T19:32:22.2853940Z     test-results/src-components-accordion-t-26450-e-and-visually-expand-items-Mobile-Chrome-retry1/trace.zip
2025-04-11T19:32:22.2854843Z     Usage:
2025-04-11T19:32:22.2855029Z 
2025-04-11T19:32:22.2855921Z         npx playwright show-trace test-results/src-components-accordion-t-26450-e-and-visually-expand-items-Mobile-Chrome-retry1/trace.zip
2025-04-11T19:32:22.2857025Z 
2025-04-11T19:32:22.2857806Z     â”€â”€â”€â”€â”€â”€â”€â”€â”€â”€â”€â”€â”€â”€â”€â”€â”€â”€â”€â”€â”€â”€â”€â”€â”€â”€â”€â”€â”€â”€â”€â”€â”€â”€â”€â”€â”€â”€â”€â”€â”€â”€â”€â”€â”€â”€â”€â”€â”€â”€â”€â”€â”€â”€â”€â”€â”€â”€â”€â”€â”€â”€â”€â”€â”€â”€â”€â”€â”€â”€â”€â”€â”€â”€â”€â”€â”€â”€â”€â”€â”€â”€â”€â”€â”€â”€â”€â”€â”€â”€â”€â”€â”€â”€â”€â”€
2025-04-11T19:32:22.2858212Z 
2025-04-11T19:32:22.2858838Z     Retry #2 â”€â”€â”€â”€â”€â”€â”€â”€â”€â”€â”€â”€â”€â”€â”€â”€â”€â”€â”€â”€â”€â”€â”€â”€â”€â”€â”€â”€â”€â”€â”€â”€â”€â”€â”€â”€â”€â”€â”€â”€â”€â”€â”€â”€â”€â”€â”€â”€â”€â”€â”€â”€â”€â”€â”€â”€â”€â”€â”€â”€â”€â”€â”€â”€â”€â”€â”€â”€â”€â”€â”€â”€â”€â”€â”€â”€â”€â”€â”€â”€â”€â”€â”€â”€â”€â”€â”€
2025-04-11T19:32:22.2859266Z 
2025-04-11T19:32:22.2860223Z     Error: [2mexpect([22m[31mlocator[39m[2m).[22mtoHaveScreenshot[2m([22m[32mexpected[39m[2m)[22m
2025-04-11T19:32:22.2860850Z 
2025-04-11T19:32:22.2861181Z       15135 pixels (ratio 0.10 of all image pixels) are different.
2025-04-11T19:32:22.2861600Z 
2025-04-11T19:32:22.2862773Z     Expected: [33m/ionic/src/components/accordion/test/multiple/accordion.e2e.ts-snapshots/accordion-two-open-ios-ltr-Mobile-Chrome-linux.png[39m
2025-04-11T19:32:22.2865098Z     Received: [33m/ionic/test-results/src-components-accordion-t-26450-e-and-visually-expand-items-Mobile-Chrome-retry2/accordion-two-open-ios-ltr-actual.png[39m
2025-04-11T19:32:22.2867778Z         Diff: [33m/ionic/test-results/src-components-accordion-t-26450-e-and-visually-expand-items-Mobile-Chrome-retry2/accordion-two-open-ios-ltr-diff.png[39m
2025-04-11T19:32:22.2868881Z 
2025-04-11T19:32:22.2869025Z     Call log:
2025-04-11T19:32:22.2869878Z     [2m  - expect.toHaveScreenshot(accordion-two-open-ios-ltr.png) with timeout 5000ms[22m
2025-04-11T19:32:22.2870817Z     [2m    - verifying given screenshot expectation[22m
2025-04-11T19:32:22.2871567Z     [2m  - waiting for locator('ion-accordion-group')[22m
2025-04-11T19:32:22.2873291Z     [2m    - locator resolved to <ion-accordion-group multiple="true" value="attractions" role="presentation" class="ios accordion-group-expand-compact hydrated">â€¦</ion-accordion-group>[22m
2025-04-11T19:32:22.2874703Z     [2m  - taking element screenshot[22m
2025-04-11T19:32:22.2875325Z     [2m    - disabled all CSS animations[22m
2025-04-11T19:32:22.2875932Z     [2m  - waiting for fonts to load...[22m
2025-04-11T19:32:22.2876472Z     [2m  - fonts loaded[22m
2025-04-11T19:32:22.2877056Z     [2m  - attempting scroll into view action[22m
2025-04-11T19:32:22.2877882Z     [2m    - waiting for element to be stable[22m
2025-04-11T19:32:22.2878696Z     [2m  - 15135 pixels (ratio 0.10 of all image pixels) are different.[22m
2025-04-11T19:32:22.2879484Z     [2m  - waiting 100ms before taking screenshot[22m
2025-04-11T19:32:22.2880213Z     [2m  - waiting for locator('ion-accordion-group')[22m
2025-04-11T19:32:22.2881932Z     [2m    - locator resolved to <ion-accordion-group multiple="true" value="attractions" role="presentation" class="ios accordion-group-expand-compact hydrated">â€¦</ion-accordion-group>[22m
2025-04-11T19:32:22.2883298Z     [2m  - taking element screenshot[22m
2025-04-11T19:32:22.2883914Z     [2m    - disabled all CSS animations[22m
2025-04-11T19:32:22.2884534Z     [2m  - waiting for fonts to load...[22m
2025-04-11T19:32:22.2885064Z     [2m  - fonts loaded[22m
2025-04-11T19:32:22.2885651Z     [2m  - attempting scroll into view action[22m
2025-04-11T19:32:22.2886295Z     [2m    - waiting for element to be stable[22m
2025-04-11T19:32:22.2886917Z     [2m  - captured a stable screenshot[22m
2025-04-11T19:32:22.2887869Z     [2m  - 15135 pixels (ratio 0.10 of all image pixels) are different.[22m
2025-04-11T19:32:22.2888331Z 
2025-04-11T19:32:22.2888340Z 
2025-04-11T19:32:22.2888867Z       19 |       await expect(accordionGroup).toHaveJSProperty('value', ['attractions', 'dining']);
2025-04-11T19:32:22.2889579Z       20 |
2025-04-11T19:32:22.2890249Z     > 21 |       await expect(accordionGroup).toHaveScreenshot(screenshot('accordion-two-open'));
2025-04-11T19:32:22.2891011Z          |                                    ^
2025-04-11T19:32:22.2891438Z       22 |
2025-04-11T19:32:22.2891822Z       23 |       await diningHeader.click();
2025-04-11T19:32:22.2892352Z       24 |       await attractionsHeader.click();
2025-04-11T19:32:22.2893125Z         at /ionic/src/components/accordion/test/multiple/accordion.e2e.ts:21:36
2025-04-11T19:32:22.2893906Z 
2025-04-11T19:32:22.2894715Z     attachment #1: accordion-two-open-ios-ltr-expected.png (image/png) â”€â”€â”€â”€â”€â”€â”€â”€â”€â”€â”€â”€â”€â”€â”€â”€â”€â”€â”€â”€â”€â”€â”€â”€â”€â”€â”€â”€â”€
2025-04-11T19:32:22.2896171Z     src/components/accordion/test/multiple/accordion.e2e.ts-snapshots/accordion-two-open-ios-ltr-Mobile-Chrome-linux.png
2025-04-11T19:32:22.2897761Z     â”€â”€â”€â”€â”€â”€â”€â”€â”€â”€â”€â”€â”€â”€â”€â”€â”€â”€â”€â”€â”€â”€â”€â”€â”€â”€â”€â”€â”€â”€â”€â”€â”€â”€â”€â”€â”€â”€â”€â”€â”€â”€â”€â”€â”€â”€â”€â”€â”€â”€â”€â”€â”€â”€â”€â”€â”€â”€â”€â”€â”€â”€â”€â”€â”€â”€â”€â”€â”€â”€â”€â”€â”€â”€â”€â”€â”€â”€â”€â”€â”€â”€â”€â”€â”€â”€â”€â”€â”€â”€â”€â”€â”€â”€â”€â”€
2025-04-11T19:32:22.2898402Z 
2025-04-11T19:32:22.2899194Z     attachment #2: accordion-two-open-ios-ltr-actual.png (image/png) â”€â”€â”€â”€â”€â”€â”€â”€â”€â”€â”€â”€â”€â”€â”€â”€â”€â”€â”€â”€â”€â”€â”€â”€â”€â”€â”€â”€â”€â”€â”€
2025-04-11T19:32:22.2900776Z     test-results/src-components-accordion-t-26450-e-and-visually-expand-items-Mobile-Chrome-retry2/accordion-two-open-ios-ltr-actual.png
2025-04-11T19:32:22.2902315Z     â”€â”€â”€â”€â”€â”€â”€â”€â”€â”€â”€â”€â”€â”€â”€â”€â”€â”€â”€â”€â”€â”€â”€â”€â”€â”€â”€â”€â”€â”€â”€â”€â”€â”€â”€â”€â”€â”€â”€â”€â”€â”€â”€â”€â”€â”€â”€â”€â”€â”€â”€â”€â”€â”€â”€â”€â”€â”€â”€â”€â”€â”€â”€â”€â”€â”€â”€â”€â”€â”€â”€â”€â”€â”€â”€â”€â”€â”€â”€â”€â”€â”€â”€â”€â”€â”€â”€â”€â”€â”€â”€â”€â”€â”€â”€â”€
2025-04-11T19:32:22.2902720Z 
2025-04-11T19:32:22.2903493Z     attachment #3: accordion-two-open-ios-ltr-diff.png (image/png) â”€â”€â”€â”€â”€â”€â”€â”€â”€â”€â”€â”€â”€â”€â”€â”€â”€â”€â”€â”€â”€â”€â”€â”€â”€â”€â”€â”€â”€â”€â”€â”€â”€
2025-04-11T19:32:22.2905054Z     test-results/src-components-accordion-t-26450-e-and-visually-expand-items-Mobile-Chrome-retry2/accordion-two-open-ios-ltr-diff.png
2025-04-11T19:32:22.2906591Z     â”€â”€â”€â”€â”€â”€â”€â”€â”€â”€â”€â”€â”€â”€â”€â”€â”€â”€â”€â”€â”€â”€â”€â”€â”€â”€â”€â”€â”€â”€â”€â”€â”€â”€â”€â”€â”€â”€â”€â”€â”€â”€â”€â”€â”€â”€â”€â”€â”€â”€â”€â”€â”€â”€â”€â”€â”€â”€â”€â”€â”€â”€â”€â”€â”€â”€â”€â”€â”€â”€â”€â”€â”€â”€â”€â”€â”€â”€â”€â”€â”€â”€â”€â”€â”€â”€â”€â”€â”€â”€â”€â”€â”€â”€â”€â”€
2025-04-11T19:32:22.2907004Z 
2025-04-11T19:32:22.2907877Z     attachment #5: trace (application/zip) â”€â”€â”€â”€â”€â”€â”€â”€â”€â”€â”€â”€â”€â”€â”€â”€â”€â”€â”€â”€â”€â”€â”€â”€â”€â”€â”€â”€â”€â”€â”€â”€â”€â”€â”€â”€â”€â”€â”€â”€â”€â”€â”€â”€â”€â”€â”€â”€â”€â”€â”€â”€â”€â”€â”€â”€â”€
2025-04-11T19:32:22.2909249Z     test-results/src-components-accordion-t-26450-e-and-visually-expand-items-Mobile-Chrome-retry2/trace.zip
2025-04-11T19:32:22.2910211Z     Usage:
2025-04-11T19:32:22.2910399Z 
2025-04-11T19:32:22.2911325Z         npx playwright show-trace test-results/src-components-accordion-t-26450-e-and-visually-expand-items-Mobile-Chrome-retry2/trace.zip
2025-04-11T19:32:22.2912271Z 
2025-04-11T19:32:22.2912863Z     â”€â”€â”€â”€â”€â”€â”€â”€â”€â”€â”€â”€â”€â”€â”€â”€â”€â”€â”€â”€â”€â”€â”€â”€â”€â”€â”€â”€â”€â”€â”€â”€â”€â”€â”€â”€â”€â”€â”€â”€â”€â”€â”€â”€â”€â”€â”€â”€â”€â”€â”€â”€â”€â”€â”€â”€â”€â”€â”€â”€â”€â”€â”€â”€â”€â”€â”€â”€â”€â”€â”€â”€â”€â”€â”€â”€â”€â”€â”€â”€â”€â”€â”€â”€â”€â”€â”€â”€â”€â”€â”€â”€â”€â”€â”€â”€
2025-04-11T19:32:22.2913313Z 
2025-04-11T19:32:22.2913451Z   1 failed
2025-04-11T19:32:22.2914897Z     [Mobile Chrome] â€º src/components/accordion/test/multiple/accordion.e2e.ts:6:9 â€º accordion: multiple - ios/ltr â€º should update value and visually expand items 
2025-04-11T19:32:22.2916016Z   216 skipped
2025-04-11T19:32:22.2916343Z   228 passed (2.2m)
2025-04-11T19:32:22.4029967Z ##[error]  1) [Mobile Chrome] â€º src/components/accordion/test/multiple/accordion.e2e.ts:6:9 â€º accordion: multiple - ios/ltr â€º should update value and visually expand items 
    Error: expect(locator).toHaveScreenshot(expected)

      15135 pixels (ratio 0.10 of all image pixels) are different.

    Expected: /ionic/src/components/accordion/test/multiple/accordion.e2e.ts-snapshots/accordion-two-open-ios-ltr-Mobile-Chrome-linux.png
    Received: /ionic/test-results/src-components-accordion-t-26450-e-and-visually-expand-items-Mobile-Chrome/accordion-two-open-ios-ltr-actual.png
        Diff: /ionic/test-results/src-components-accordion-t-26450-e-and-visually-expand-items-Mobile-Chrome/accordion-two-open-ios-ltr-diff.png

    Call log:
      - expect.toHaveScreenshot(accordion-two-open-ios-ltr.png) with timeout 5000ms
        - verifying given screenshot expectation
      - waiting for locator('ion-accordion-group')
        - locator resolved to <ion-accordion-group multiple="true" value="attractions" role="presentation" class="ios accordion-group-expand-compact hydrated">â€¦</ion-accordion-group>
      - taking element screenshot
        - disabled all CSS animations
      - waiting for fonts to load...
      - fonts loaded
      - attempting scroll into view action
        - waiting for element to be stable
      - 15135 pixels (ratio 0.10 of all image pixels) are different.
      - waiting 100ms before taking screenshot
      - waiting for locator('ion-accordion-group')
        - locator resolved to <ion-accordion-group multiple="true" value="attractions" role="presentation" class="ios accordion-group-expand-compact hydrated">â€¦</ion-accordion-group>
      - taking element screenshot
        - disabled all CSS animations
      - waiting for fonts to load...
      - fonts loaded
      - attempting scroll into view action
        - waiting for element to be stable
      - captured a stable screenshot
      - 15135 pixels (ratio 0.10 of all image pixels) are different.


      19 |       await expect(accordionGroup).toHaveJSProperty('value', ['attractions', 'dining']);
      20 |
    > 21 |       await expect(accordionGroup).toHaveScreenshot(screenshot('accordion-two-open'));
         |                                    ^
      22 |
      23 |       await diningHeader.click();
      24 |       await attractionsHeader.click();
        at /ionic/src/components/accordion/test/multiple/accordion.e2e.ts:21:36
2025-04-11T19:32:22.4058610Z ##[error]  1) [Mobile Chrome] â€º src/components/accordion/test/multiple/accordion.e2e.ts:6:9 â€º accordion: multiple - ios/ltr â€º should update value and visually expand items 

    Retry #1 â”€â”€â”€â”€â”€â”€â”€â”€â”€â”€â”€â”€â”€â”€â”€â”€â”€â”€â”€â”€â”€â”€â”€â”€â”€â”€â”€â”€â”€â”€â”€â”€â”€â”€â”€â”€â”€â”€â”€â”€â”€â”€â”€â”€â”€â”€â”€â”€â”€â”€â”€â”€â”€â”€â”€â”€â”€â”€â”€â”€â”€â”€â”€â”€â”€â”€â”€â”€â”€â”€â”€â”€â”€â”€â”€â”€â”€â”€â”€â”€â”€â”€â”€â”€â”€â”€â”€
    Error: expect(locator).toHaveScreenshot(expected)

      15135 pixels (ratio 0.10 of all image pixels) are different.

    Expected: /ionic/src/components/accordion/test/multiple/accordion.e2e.ts-snapshots/accordion-two-open-ios-ltr-Mobile-Chrome-linux.png
    Received: /ionic/test-results/src-components-accordion-t-26450-e-and-visually-expand-items-Mobile-Chrome-retry1/accordion-two-open-ios-ltr-actual.png
        Diff: /ionic/test-results/src-components-accordion-t-26450-e-and-visually-expand-items-Mobile-Chrome-retry1/accordion-two-open-ios-ltr-diff.png

    Call log:
      - expect.toHaveScreenshot(accordion-two-open-ios-ltr.png) with timeout 5000ms
        - verifying given screenshot expectation
      - waiting for locator('ion-accordion-group')
        - locator resolved to <ion-accordion-group multiple="true" value="attractions" role="presentation" class="ios accordion-group-expand-compact hydrated">â€¦</ion-accordion-group>
      - taking element screenshot
        - disabled all CSS animations
      - waiting for fonts to load...
      - fonts loaded
      - attempting scroll into view action
        - waiting for element to be stable
      - 15135 pixels (ratio 0.10 of all image pixels) are different.
      - waiting 100ms before taking screenshot
      - waiting for locator('ion-accordion-group')
        - locator resolved to <ion-accordion-group multiple="true" value="attractions" role="presentation" class="ios accordion-group-expand-compact hydrated">â€¦</ion-accordion-group>
      - taking element screenshot
        - disabled all CSS animations
      - waiting for fonts to load...
      - fonts loaded
      - attempting scroll into view action
        - waiting for element to be stable
      - captured a stable screenshot
      - 15135 pixels (ratio 0.10 of all image pixels) are different.


      19 |       await expect(accordionGroup).toHaveJSProperty('value', ['attractions', 'dining']);
      20 |
    > 21 |       await expect(accordionGroup).toHaveScreenshot(screenshot('accordion-two-open'));
         |                                    ^
      22 |
      23 |       await diningHeader.click();
      24 |       await attractionsHeader.click();
        at /ionic/src/components/accordion/test/multiple/accordion.e2e.ts:21:36
2025-04-11T19:32:22.4081365Z ##[error]  1) [Mobile Chrome] â€º src/components/accordion/test/multiple/accordion.e2e.ts:6:9 â€º accordion: multiple - ios/ltr â€º should update value and visually expand items 

    Retry #2 â”€â”€â”€â”€â”€â”€â”€â”€â”€â”€â”€â”€â”€â”€â”€â”€â”€â”€â”€â”€â”€â”€â”€â”€â”€â”€â”€â”€â”€â”€â”€â”€â”€â”€â”€â”€â”€â”€â”€â”€â”€â”€â”€â”€â”€â”€â”€â”€â”€â”€â”€â”€â”€â”€â”€â”€â”€â”€â”€â”€â”€â”€â”€â”€â”€â”€â”€â”€â”€â”€â”€â”€â”€â”€â”€â”€â”€â”€â”€â”€â”€â”€â”€â”€â”€â”€â”€
    Error: expect(locator).toHaveScreenshot(expected)

      15135 pixels (ratio 0.10 of all image pixels) are different.

    Expected: /ionic/src/components/accordion/test/multiple/accordion.e2e.ts-snapshots/accordion-two-open-ios-ltr-Mobile-Chrome-linux.png
    Received: /ionic/test-results/src-components-accordion-t-26450-e-and-visually-expand-items-Mobile-Chrome-retry2/accordion-two-open-ios-ltr-actual.png
        Diff: /ionic/test-results/src-components-accordion-t-26450-e-and-visually-expand-items-Mobile-Chrome-retry2/accordion-two-open-ios-ltr-diff.png

    Call log:
      - expect.toHaveScreenshot(accordion-two-open-ios-ltr.png) with timeout 5000ms
        - verifying given screenshot expectation
      - waiting for locator('ion-accordion-group')
        - locator resolved to <ion-accordion-group multiple="true" value="attractions" role="presentation" class="ios accordion-group-expand-compact hydrated">â€¦</ion-accordion-group>
      - taking element screenshot
        - disabled all CSS animations
      - waiting for fonts to load...
      - fonts loaded
      - attempting scroll into view action
        - waiting for element to be stable
      - 15135 pixels (ratio 0.10 of all image pixels) are different.
      - waiting 100ms before taking screenshot
      - waiting for locator('ion-accordion-group')
        - locator resolved to <ion-accordion-group multiple="true" value="attractions" role="presentation" class="ios accordion-group-expand-compact hydrated">â€¦</ion-accordion-group>
      - taking element screenshot
        - disabled all CSS animations
      - waiting for fonts to load...
      - fonts loaded
      - attempting scroll into view action
        - waiting for element to be stable
      - captured a stable screenshot
      - 15135 pixels (ratio 0.10 of all image pixels) are different.


      19 |       await expect(accordionGroup).toHaveJSProperty('value', ['attractions', 'dining']);
      20 |
    > 21 |       await expect(accordionGroup).toHaveScreenshot(screenshot('accordion-two-open'));
         |                                    ^
      22 |
      23 |       await diningHeader.click();
      24 |       await attractionsHeader.click();
        at /ionic/src/components/accordion/test/multiple/accordion.e2e.ts:21:36
2025-04-11T19:32:22.4090858Z ##[notice]  1 failed
    [Mobile Chrome] â€º src/components/accordion/test/multiple/accordion.e2e.ts:6:9 â€º accordion: multiple - ios/ltr â€º should update value and visually expand items 
  216 skipped
  228 passed (2.2m)
2025-04-11T19:32:22.5614910Z file:///home/runner/work/ionic-framework/ionic-framework/core/node_modules/execa/lib/error.js:60
2025-04-11T19:32:22.5615508Z 		error = new Error(message);
2025-04-11T19:32:22.5615909Z 		        ^
2025-04-11T19:32:22.5616083Z 
2025-04-11T19:32:22.5617809Z Error: Command failed with exit code 1: docker run -e CI=true --rm --init -e DISPLAY= -v  --ipc=host --mount=type=bind,source=/home/runner/work/ionic-framework/ionic-framework/core,target=/ionic ionic-playwright npm run test.e2e -- --shard=7/20
2025-04-11T19:32:22.5619825Z     at makeError (file:///home/runner/work/ionic-framework/ionic-framework/core/node_modules/execa/lib/error.js:60:11)
2025-04-11T19:32:22.5621148Z     at handlePromise (file:///home/runner/work/ionic-framework/ionic-framework/core/node_modules/execa/index.js:124:26)
2025-04-11T19:32:22.5622247Z     at process.processTicksAndRejections (node:internal/process/task_queues:95:5)
2025-04-11T19:32:22.5623285Z     at async file:///home/runner/work/ionic-framework/ionic-framework/core/scripts/docker.mjs:56:13 {
2025-04-11T19:32:22.5625251Z   shortMessage: 'Command failed with exit code 1: docker run -e CI=true --rm --init -e DISPLAY= -v  --ipc=host --mount=type=bind,source=/home/runner/work/ionic-framework/ionic-framework/core,target=/ionic ionic-playwright npm run test.e2e -- --shard=7/20',
2025-04-11T19:32:22.5627814Z   command: 'docker run -e CI=true --rm --init -e DISPLAY= -v  --ipc=host --mount=type=bind,source=/home/runner/work/ionic-framework/ionic-framework/core,target=/ionic ionic-playwright npm run test.e2e -- --shard=7/20',
2025-04-11T19:32:22.5629396Z   escapedCommand: 'docker run "-e CI=true" --rm --init "-e DISPLAY=" "-v " "--ipc=host" "--mount=type=bind,source=/home/runner/work/ionic-framework/ionic-framework/core,target=/ionic" ionic-playwright "npm run test.e2e --" "--shard=7/20"',
2025-04-11T19:32:22.5630217Z   exitCode: 1,
2025-04-11T19:32:22.5630421Z   signal: undefined,
2025-04-11T19:32:22.5630665Z   signalDescription: undefined,
2025-04-11T19:32:22.5630904Z   stdout: undefined,
2025-04-11T19:32:22.5631107Z   stderr: undefined,
2025-04-11T19:32:22.5631437Z   cwd: '/home/runner/work/ionic-framework/ionic-framework/core',
2025-04-11T19:32:22.5631764Z   failed: true,
2025-04-11T19:32:22.5631966Z   timedOut: false,
2025-04-11T19:32:22.5632167Z   isCanceled: false,
2025-04-11T19:32:22.5632362Z   killed: false
2025-04-11T19:32:22.5632560Z }
2025-04-11T19:32:22.5632667Z 
2025-04-11T19:32:22.5632751Z Node.js v20.19.0
2025-04-11T19:32:22.5720502Z ##[error]Process completed with exit code 1.
2025-04-11T19:32:22.5754237Z Prepare all required actions
2025-04-11T19:32:22.5754542Z Getting action download info
2025-04-11T19:32:22.8141570Z ##[group]Run ./.github/workflows/actions/upload-archive
2025-04-11T19:32:22.8141880Z with:
2025-04-11T19:32:22.8142080Z   name: test-results-7-20
2025-04-11T19:32:22.8142323Z   output: core/TestResults-7-20.zip
2025-04-11T19:32:22.8142604Z   paths: core/playwright-report
2025-04-11T19:32:22.8142844Z ##[endgroup]
2025-04-11T19:32:22.8229486Z ##[group]Run zip -q -r core/TestResults-7-20.zip core/playwright-report
2025-04-11T19:32:22.8230194Z [36;1mzip -q -r core/TestResults-7-20.zip core/playwright-report[0m
2025-04-11T19:32:22.8277232Z shell: /usr/bin/bash --noprofile --norc -e -o pipefail {0}
2025-04-11T19:32:22.8277737Z ##[endgroup]
2025-04-11T19:32:22.9132765Z ##[group]Run actions/upload-artifact@v4
2025-04-11T19:32:22.9133046Z with:
2025-04-11T19:32:22.9133237Z   name: test-results-7-20
2025-04-11T19:32:22.9133480Z   path: core/TestResults-7-20.zip
2025-04-11T19:32:22.9133736Z   if-no-files-found: warn
2025-04-11T19:32:22.9133960Z   compression-level: 6
2025-04-11T19:32:22.9134170Z   overwrite: false
2025-04-11T19:32:22.9134379Z   include-hidden-files: false
2025-04-11T19:32:22.9134613Z ##[endgroup]
2025-04-11T19:32:23.1244326Z With the provided path, there will be 1 file uploaded
2025-04-11T19:32:23.1250265Z Artifact name is valid!
2025-04-11T19:32:23.1251453Z Root directory input is valid!
2025-04-11T19:32:23.2671344Z Beginning upload of artifact content to blob storage
2025-04-11T19:32:24.2303022Z Uploaded bytes 2511979
2025-04-11T19:32:24.3139699Z Finished uploading artifact content to blob storage!
2025-04-11T19:32:24.3142955Z SHA256 digest of uploaded artifact zip is 851375f486389e976f44674558cca35cc102c799144f0615e08513ae7a5c1bfc
2025-04-11T19:32:24.3144651Z Finalizing artifact upload
2025-04-11T19:32:24.3880108Z Artifact test-results-7-20.zip successfully finalized. Artifact ID 2930064816
2025-04-11T19:32:24.3881978Z Artifact test-results-7-20 has been successfully uploaded! Final size is 2511979 bytes. Artifact ID is 2930064816
2025-04-11T19:32:24.3888712Z Artifact download URL: https://github.com/ionic-team/ionic-framework/actions/runs/14410612100/artifacts/2930064816
2025-04-11T19:32:24.4039462Z Post job cleanup.
2025-04-11T19:32:24.4088145Z Post job cleanup.
2025-04-11T19:32:24.5042285Z [command]/usr/bin/git version
2025-04-11T19:32:24.5078402Z git version 2.49.0
2025-04-11T19:32:24.5129248Z Temporarily overriding HOME='/home/runner/work/_temp/26fe708d-0866-4288-a177-9172380a824f' before making global git config changes
2025-04-11T19:32:24.5130400Z Adding repository directory to the temporary git global config as a safe directory
2025-04-11T19:32:24.5134414Z [command]/usr/bin/git config --global --add safe.directory /home/runner/work/ionic-framework/ionic-framework
2025-04-11T19:32:24.5168347Z [command]/usr/bin/git config --local --name-only --get-regexp core\.sshCommand
2025-04-11T19:32:24.5200609Z [command]/usr/bin/git submodule foreach --recursive sh -c "git config --local --name-only --get-regexp 'core\.sshCommand' && git config --local --unset-all 'core.sshCommand' || :"
2025-04-11T19:32:24.5444613Z [command]/usr/bin/git config --local --name-only --get-regexp http\.https\:\/\/github\.com\/\.extraheader
2025-04-11T19:32:24.5466416Z http.https://github.com/.extraheader
2025-04-11T19:32:24.5478924Z [command]/usr/bin/git config --local --unset-all http.https://github.com/.extraheader
2025-04-11T19:32:24.5509187Z [command]/usr/bin/git submodule foreach --recursive sh -c "git config --local --name-only --get-regexp 'http\.https\:\/\/github\.com\/\.extraheader' && git config --local --unset-all 'http.https://github.com/.extraheader' || :"
2025-04-11T19:32:24.5853708Z Cleaning up orphan processes
