2025-04-15T06:36:26.4319227Z ##[group]Run pre-commit/action@v3.0.1
2025-04-15T06:36:26.4319618Z with:
2025-04-15T06:36:26.4320730Z   extra_args: --files "./doc/classes/SVGTexture.xml" "./editor/icons/SVGTexture.svg" "./editor/themes/editor_icons.cpp" "./editor/themes/editor_theme_manager.cpp" "./scene/main/viewport.cpp" "./scene/register_scene_types.cpp" "./scene/resources/svg_texture.cpp" "./scene/resources/svg_texture.h" "./scene/theme/default_theme.cpp" 
2025-04-15T06:36:26.4322064Z env:
2025-04-15T06:36:26.4323094Z   CHANGED_FILES: "./doc/classes/SVGTexture.xml" "./editor/icons/SVGTexture.svg" "./editor/themes/editor_icons.cpp" "./editor/themes/editor_theme_manager.cpp" "./scene/main/viewport.cpp" "./scene/register_scene_types.cpp" "./scene/resources/svg_texture.cpp" "./scene/resources/svg_texture.h" "./scene/theme/default_theme.cpp" 
2025-04-15T06:36:26.4324181Z ##[endgroup]
2025-04-15T06:36:26.4399263Z ##[group]Run python -m pip install pre-commit
2025-04-15T06:36:26.4399623Z [36;1mpython -m pip install pre-commit[0m
2025-04-15T06:36:26.4448013Z shell: /usr/bin/bash --noprofile --norc -e -o pipefail {0}
2025-04-15T06:36:26.4448393Z env:
2025-04-15T06:36:26.4449520Z   CHANGED_FILES: "./doc/classes/SVGTexture.xml" "./editor/icons/SVGTexture.svg" "./editor/themes/editor_icons.cpp" "./editor/themes/editor_theme_manager.cpp" "./scene/main/viewport.cpp" "./scene/register_scene_types.cpp" "./scene/resources/svg_texture.cpp" "./scene/resources/svg_texture.h" "./scene/theme/default_theme.cpp" 
2025-04-15T06:36:26.4450658Z ##[endgroup]
2025-04-15T06:36:26.8519539Z Defaulting to user installation because normal site-packages is not writeable
2025-04-15T06:36:27.2700361Z Collecting pre-commit
2025-04-15T06:36:27.3265962Z   Downloading pre_commit-4.2.0-py2.py3-none-any.whl.metadata (1.3 kB)
2025-04-15T06:36:27.3536026Z Collecting cfgv>=2.0.0 (from pre-commit)
2025-04-15T06:36:27.3610200Z   Downloading cfgv-3.4.0-py2.py3-none-any.whl.metadata (8.5 kB)
2025-04-15T06:36:27.4328289Z Collecting identify>=1.0.0 (from pre-commit)
2025-04-15T06:36:27.4401051Z   Downloading identify-2.6.9-py2.py3-none-any.whl.metadata (4.4 kB)
2025-04-15T06:36:27.4666088Z Collecting nodeenv>=0.11.1 (from pre-commit)
2025-04-15T06:36:27.4739128Z   Downloading nodeenv-1.9.1-py2.py3-none-any.whl.metadata (21 kB)
2025-04-15T06:36:27.4832940Z Requirement already satisfied: pyyaml>=5.1 in /usr/lib/python3/dist-packages (from pre-commit) (6.0.1)
2025-04-15T06:36:27.5663226Z Collecting virtualenv>=20.10.0 (from pre-commit)
2025-04-15T06:36:27.5734451Z   Downloading virtualenv-20.30.0-py3-none-any.whl.metadata (4.5 kB)
2025-04-15T06:36:27.6192316Z Collecting distlib<1,>=0.3.7 (from virtualenv>=20.10.0->pre-commit)
2025-04-15T06:36:27.6266553Z   Downloading distlib-0.3.9-py2.py3-none-any.whl.metadata (5.2 kB)
2025-04-15T06:36:27.6623546Z Collecting filelock<4,>=3.12.2 (from virtualenv>=20.10.0->pre-commit)
2025-04-15T06:36:27.6698285Z   Downloading filelock-3.18.0-py3-none-any.whl.metadata (2.9 kB)
2025-04-15T06:36:27.6753000Z Requirement already satisfied: platformdirs<5,>=3.9.1 in /usr/local/lib/python3.12/dist-packages (from virtualenv>=20.10.0->pre-commit) (4.3.7)
2025-04-15T06:36:27.7015502Z Downloading pre_commit-4.2.0-py2.py3-none-any.whl (220 kB)
2025-04-15T06:36:27.7180277Z    ━━━━━━━━━━━━━━━━━━━━━━━━━━━━━━━━━━━━━━━━ 220.7/220.7 kB 15.0 MB/s eta 0:00:00
2025-04-15T06:36:27.7257105Z Downloading cfgv-3.4.0-py2.py3-none-any.whl (7.2 kB)
2025-04-15T06:36:27.7350252Z Downloading identify-2.6.9-py2.py3-none-any.whl (99 kB)
2025-04-15T06:36:27.7403840Z    ━━━━━━━━━━━━━━━━━━━━━━━━━━━━━━━━━━━━━━━━ 99.1/99.1 kB 25.1 MB/s eta 0:00:00
2025-04-15T06:36:27.7472724Z Downloading nodeenv-1.9.1-py2.py3-none-any.whl (22 kB)
2025-04-15T06:36:27.7575757Z Downloading virtualenv-20.30.0-py3-none-any.whl (4.3 MB)
2025-04-15T06:36:27.7966614Z    ━━━━━━━━━━━━━━━━━━━━━━━━━━━━━━━━━━━━━━━━ 4.3/4.3 MB 116.7 MB/s eta 0:00:00
2025-04-15T06:36:27.8038791Z Downloading distlib-0.3.9-py2.py3-none-any.whl (468 kB)
2025-04-15T06:36:27.8113182Z    ━━━━━━━━━━━━━━━━━━━━━━━━━━━━━━━━━━━━━━━━ 469.0/469.0 kB 86.6 MB/s eta 0:00:00
2025-04-15T06:36:27.8184564Z Downloading filelock-3.18.0-py3-none-any.whl (16 kB)
2025-04-15T06:36:28.1168844Z Installing collected packages: distlib, nodeenv, identify, filelock, cfgv, virtualenv, pre-commit
2025-04-15T06:36:28.4150157Z Successfully installed cfgv-3.4.0 distlib-0.3.9 filelock-3.18.0 identify-2.6.9 nodeenv-1.9.1 pre-commit-4.2.0 virtualenv-20.30.0
2025-04-15T06:36:28.4873716Z ##[group]Run python -m pip freeze --local
2025-04-15T06:36:28.4874058Z [36;1mpython -m pip freeze --local[0m
2025-04-15T06:36:28.4922419Z shell: /usr/bin/bash --noprofile --norc -e -o pipefail {0}
2025-04-15T06:36:28.4922775Z env:
2025-04-15T06:36:28.4923846Z   CHANGED_FILES: "./doc/classes/SVGTexture.xml" "./editor/icons/SVGTexture.svg" "./editor/themes/editor_icons.cpp" "./editor/themes/editor_theme_manager.cpp" "./scene/main/viewport.cpp" "./scene/register_scene_types.cpp" "./scene/resources/svg_texture.cpp" "./scene/resources/svg_texture.h" "./scene/theme/default_theme.cpp" 
2025-04-15T06:36:28.4924969Z ##[endgroup]
2025-04-15T06:36:28.8716328Z argcomplete==3.6.2
2025-04-15T06:36:28.8717167Z attrs==23.2.0
2025-04-15T06:36:28.8717754Z Automat==22.10.0
2025-04-15T06:36:28.8718075Z Babel==2.10.3
2025-04-15T06:36:28.8718302Z bcc==0.29.1
2025-04-15T06:36:28.8718536Z bcrypt==3.2.2
2025-04-15T06:36:28.8718779Z blinker==1.7.0
2025-04-15T06:36:28.8719017Z boto3==1.34.46
2025-04-15T06:36:28.8719306Z botocore==1.34.46
2025-04-15T06:36:28.8719550Z certifi==2023.11.17
2025-04-15T06:36:28.8719801Z cfgv==3.4.0
2025-04-15T06:36:28.8720030Z chardet==5.2.0
2025-04-15T06:36:28.8720270Z click==8.1.6
2025-04-15T06:36:28.8720510Z cloud-init==24.4
2025-04-15T06:36:28.8720795Z colorama==0.4.6
2025-04-15T06:36:28.8721085Z command-not-found==0.3
2025-04-15T06:36:28.8721343Z configobj==5.0.8
2025-04-15T06:36:28.8721575Z constantly==23.10.4
2025-04-15T06:36:28.8721812Z cryptography==41.0.7
2025-04-15T06:36:28.8722070Z dbus-python==1.3.2
2025-04-15T06:36:28.8722315Z distlib==0.3.9
2025-04-15T06:36:28.8722543Z distro==1.9.0
2025-04-15T06:36:28.8722788Z distro-info==1.7+build1
2025-04-15T06:36:28.8723035Z filelock==3.18.0
2025-04-15T06:36:28.8723267Z httplib2==0.20.4
2025-04-15T06:36:28.8723500Z hyperlink==21.0.0
2025-04-15T06:36:28.8723736Z identify==2.6.9
2025-04-15T06:36:28.8723954Z idna==3.6
2025-04-15T06:36:28.8724171Z incremental==22.10.0
2025-04-15T06:36:28.8724407Z Jinja2==3.1.2
2025-04-15T06:36:28.8724649Z jmespath==1.0.1
2025-04-15T06:36:28.8724875Z jsonpatch==1.32
2025-04-15T06:36:28.8725097Z jsonpointer==2.0
2025-04-15T06:36:28.8725331Z jsonschema==4.10.3
2025-04-15T06:36:28.8725566Z launchpadlib==1.11.0
2025-04-15T06:36:28.8725824Z lazr.restfulclient==0.14.6
2025-04-15T06:36:28.8726094Z lazr.uri==1.0.6
2025-04-15T06:36:28.8726324Z markdown-it-py==3.0.0
2025-04-15T06:36:28.8726590Z MarkupSafe==2.1.5
2025-04-15T06:36:28.8726818Z mdurl==0.1.2
2025-04-15T06:36:28.8727038Z mercurial==6.7.2
2025-04-15T06:36:28.8727439Z netaddr==0.8.0
2025-04-15T06:36:28.8727693Z netifaces==0.11.0
2025-04-15T06:36:28.8727922Z nodeenv==1.9.1
2025-04-15T06:36:28.8728149Z oauthlib==3.2.2
2025-04-15T06:36:28.8728379Z packaging==24.0
2025-04-15T06:36:28.8728603Z pexpect==4.9.0
2025-04-15T06:36:28.8728825Z pipx==1.7.1
2025-04-15T06:36:28.8729049Z platformdirs==4.3.7
2025-04-15T06:36:28.8729296Z pre_commit==4.2.0
2025-04-15T06:36:28.8729534Z ptyprocess==0.7.0
2025-04-15T06:36:28.8729760Z pyasn1==0.4.8
2025-04-15T06:36:28.8729995Z pyasn1-modules==0.2.8
2025-04-15T06:36:28.8730246Z Pygments==2.17.2
2025-04-15T06:36:28.8730479Z PyGObject==3.48.2
2025-04-15T06:36:28.8730703Z PyHamcrest==2.1.0
2025-04-15T06:36:28.8730931Z PyJWT==2.7.0
2025-04-15T06:36:28.8731159Z pyOpenSSL==23.2.0
2025-04-15T06:36:28.8731389Z pyparsing==3.1.1
2025-04-15T06:36:28.8731591Z pyparted==3.12.0
2025-04-15T06:36:28.8731768Z pyrsistent==0.20.0
2025-04-15T06:36:28.8731956Z pyserial==3.5
2025-04-15T06:36:28.8732138Z python-apt==2.7.7+ubuntu4
2025-04-15T06:36:28.8732353Z python-dateutil==2.8.2
2025-04-15T06:36:28.8732565Z python-debian==0.1.49+ubuntu2
2025-04-15T06:36:28.8732806Z python-magic==0.4.27
2025-04-15T06:36:28.8733441Z pytz==2024.1
2025-04-15T06:36:28.8733621Z PyYAML==6.0.1
2025-04-15T06:36:28.8733799Z requests==2.31.0
2025-04-15T06:36:28.8733980Z rich==13.7.1
2025-04-15T06:36:28.8734152Z s3transfer==0.10.1
2025-04-15T06:36:28.8734341Z service-identity==24.1.0
2025-04-15T06:36:28.8734551Z setuptools==68.1.2
2025-04-15T06:36:28.8734728Z six==1.16.0
2025-04-15T06:36:28.8735042Z sos==4.7.2
2025-04-15T06:36:28.8735210Z ssh-import-id==5.11
2025-04-15T06:36:28.8735407Z systemd-python==235
2025-04-15T06:36:28.8735589Z Twisted==24.3.0
2025-04-15T06:36:28.8735772Z typing_extensions==4.10.0
2025-04-15T06:36:28.8735988Z ubuntu-pro-client==8001
2025-04-15T06:36:28.8736186Z ufw==0.36.2
2025-04-15T06:36:28.8736348Z urllib3==2.0.7
2025-04-15T06:36:28.8736521Z userpath==1.9.2
2025-04-15T06:36:28.8736692Z virtualenv==20.30.0
2025-04-15T06:36:28.8736869Z wadllib==1.3.6
2025-04-15T06:36:28.8737039Z WALinuxAgent==2.9.1.1
2025-04-15T06:36:28.8737339Z wheel==0.42.0
2025-04-15T06:36:28.8737517Z zope.interface==6.1
2025-04-15T06:36:28.8737709Z zstandard==0.22.0
2025-04-15T06:36:28.9891737Z ##[group]Run actions/cache@v4
2025-04-15T06:36:28.9892035Z with:
2025-04-15T06:36:28.9892254Z   path: ~/.cache/pre-commit
2025-04-15T06:36:28.9892699Z   key: pre-commit-3||547c64545613726cd8da7487ed54f1edc27ae9843c378e9a06176ef040e53c6c
2025-04-15T06:36:28.9893177Z   enableCrossOsArchive: false
2025-04-15T06:36:28.9893477Z   fail-on-cache-miss: false
2025-04-15T06:36:28.9893730Z   lookup-only: false
2025-04-15T06:36:28.9893958Z   save-always: false
2025-04-15T06:36:28.9894172Z env:
2025-04-15T06:36:28.9895243Z   CHANGED_FILES: "./doc/classes/SVGTexture.xml" "./editor/icons/SVGTexture.svg" "./editor/themes/editor_icons.cpp" "./editor/themes/editor_theme_manager.cpp" "./scene/main/viewport.cpp" "./scene/register_scene_types.cpp" "./scene/resources/svg_texture.cpp" "./scene/resources/svg_texture.h" "./scene/theme/default_theme.cpp" 
2025-04-15T06:36:28.9896378Z ##[endgroup]
2025-04-15T06:36:29.2294154Z Cache hit for: pre-commit-3||547c64545613726cd8da7487ed54f1edc27ae9843c378e9a06176ef040e53c6c
2025-04-15T06:36:29.5918015Z Received 54357090 of 54357090 (100.0%), 159.0 MBs/sec
2025-04-15T06:36:29.5920554Z Cache Size: ~52 MB (54357090 B)
2025-04-15T06:36:29.5950378Z [command]/usr/bin/tar -xf /home/runner/work/_temp/9512631e-6d10-48d5-be5d-4dc38409e41b/cache.tzst -P -C /home/runner/work/godot/godot --use-compress-program unzstd
2025-04-15T06:36:30.3654224Z Cache restored successfully
2025-04-15T06:36:30.3908896Z Cache restored from key: pre-commit-3||547c64545613726cd8da7487ed54f1edc27ae9843c378e9a06176ef040e53c6c
2025-04-15T06:36:30.4017074Z ##[group]Run pre-commit run --show-diff-on-failure --color=always --files "./doc/classes/SVGTexture.xml" "./editor/icons/SVGTexture.svg" "./editor/themes/editor_icons.cpp" "./editor/themes/editor_theme_manager.cpp" "./scene/main/viewport.cpp" "./scene/register_scene_types.cpp" "./scene/resources/svg_texture.cpp" "./scene/resources/svg_texture.h" "./scene/theme/default_theme.cpp" 
2025-04-15T06:36:30.4020026Z [36;1mpre-commit run --show-diff-on-failure --color=always --files "./doc/classes/SVGTexture.xml" "./editor/icons/SVGTexture.svg" "./editor/themes/editor_icons.cpp" "./editor/themes/editor_theme_manager.cpp" "./scene/main/viewport.cpp" "./scene/register_scene_types.cpp" "./scene/resources/svg_texture.cpp" "./scene/resources/svg_texture.h" "./scene/theme/default_theme.cpp" [0m
2025-04-15T06:36:30.4068288Z shell: /usr/bin/bash --noprofile --norc -e -o pipefail {0}
2025-04-15T06:36:30.4068630Z env:
2025-04-15T06:36:30.4069708Z   CHANGED_FILES: "./doc/classes/SVGTexture.xml" "./editor/icons/SVGTexture.svg" "./editor/themes/editor_icons.cpp" "./editor/themes/editor_theme_manager.cpp" "./scene/main/viewport.cpp" "./scene/register_scene_types.cpp" "./scene/resources/svg_texture.cpp" "./scene/resources/svg_texture.h" "./scene/theme/default_theme.cpp" 
2025-04-15T06:36:30.4070861Z ##[endgroup]
2025-04-15T06:36:31.3881935Z clang-format.............................................................[42mPassed[m
2025-04-15T06:36:31.3883014Z clang-format-glsl....................................(no files to check)[46;30mSkipped[m
2025-04-15T06:36:31.3883521Z ruff.................................................(no files to check)[46;30mSkipped[m
2025-04-15T06:36:31.3884010Z ruff-format..........................................(no files to check)[46;30mSkipped[m
2025-04-15T06:36:31.3884635Z mypy.................................................(no files to check)[46;30mSkipped[m
2025-04-15T06:36:31.8162729Z codespell................................................................[42mPassed[m
2025-04-15T06:36:33.3062953Z make-rst.................................................................[42mPassed[m
2025-04-15T06:36:33.7910358Z doc-status...............................................................[42mPassed[m
2025-04-15T06:36:33.7911164Z validate-builders....................................(no files to check)[46;30mSkipped[m
2025-04-15T06:36:33.7911834Z eslint...............................................(no files to check)[46;30mSkipped[m
2025-04-15T06:36:33.7912471Z jsdoc................................................(no files to check)[46;30mSkipped[m
2025-04-15T06:36:34.5796520Z svgo.....................................................................[42mPassed[m
2025-04-15T06:36:34.7375524Z copyright-headers........................................................[42mPassed[m
2025-04-15T06:36:34.7682490Z header-guards............................................................[42mPassed[m
2025-04-15T06:36:34.8023754Z file-format..............................................................[42mPassed[m
2025-04-15T06:36:34.8024396Z dotnet-format........................................(no files to check)[46;30mSkipped[m
