2025-03-01T03:25:36.9561116Z Requested labels: ubuntu-latest
2025-03-01T03:25:36.9561507Z Job defined at: ColorlibHQ/AdminLTE/.github/workflows/lint.yml@refs/pull/5834/merge
2025-03-01T03:25:36.9561664Z Waiting for a runner to pick up this job...
2025-03-01T03:26:03.3470293Z Job is waiting for a hosted runner to come online.
2025-03-01T03:26:07.4286612Z Job is about to start running on the hosted runner: GitHub Actions 6 (hosted)
2025-03-01T03:26:09.2293084Z Current runner version: '2.322.0'
2025-03-01T03:26:09.2320710Z ##[group]Operating System
2025-03-01T03:26:09.2321442Z Ubuntu
2025-03-01T03:26:09.2321914Z 24.04.2
2025-03-01T03:26:09.2322329Z LTS
2025-03-01T03:26:09.2322739Z ##[endgroup]
2025-03-01T03:26:09.2323189Z ##[group]Runner Image
2025-03-01T03:26:09.2323685Z Image: ubuntu-24.04
2025-03-01T03:26:09.2324147Z Version: 20250223.1.0
2025-03-01T03:26:09.2325108Z Included Software: https://github.com/actions/runner-images/blob/ubuntu24/20250223.1/images/ubuntu/Ubuntu2404-Readme.md
2025-03-01T03:26:09.2326658Z Image Release: https://github.com/actions/runner-images/releases/tag/ubuntu24%2F20250223.1
2025-03-01T03:26:09.2327495Z ##[endgroup]
2025-03-01T03:26:09.2327958Z ##[group]Runner Image Provisioner
2025-03-01T03:26:09.2328486Z 2.0.422.1
2025-03-01T03:26:09.2328886Z ##[endgroup]
2025-03-01T03:26:09.2329813Z ##[group]GITHUB_TOKEN Permissions
2025-03-01T03:26:09.2331556Z Contents: read
2025-03-01T03:26:09.2332034Z Metadata: read
2025-03-01T03:26:09.2332621Z ##[endgroup]
2025-03-01T03:26:09.2336145Z Secret source: Dependabot
2025-03-01T03:26:09.2336877Z Prepare workflow directory
2025-03-01T03:26:09.2723871Z Prepare all required actions
2025-03-01T03:26:09.2761786Z Getting action download info
2025-03-01T03:26:09.4445097Z Download action repository 'actions/checkout@v4' (SHA:11bd71901bbe5b1630ceea73d27597364c9af683)
2025-03-01T03:26:09.5738131Z Download action repository 'actions/setup-node@v3' (SHA:1a4442cacd436585916779262731d5b162bc6ec7)
2025-03-01T03:26:09.7404157Z Complete job name: run
2025-03-01T03:26:09.8497999Z ##[group]Run actions/checkout@v4
2025-03-01T03:26:09.8500156Z with:
2025-03-01T03:26:09.8500656Z   persist-credentials: false
2025-03-01T03:26:09.8501236Z   repository: ColorlibHQ/AdminLTE
2025-03-01T03:26:09.8502145Z   token: ***
2025-03-01T03:26:09.8502607Z   ssh-strict: true
2025-03-01T03:26:09.8503077Z   ssh-user: git
2025-03-01T03:26:09.8503574Z   clean: true
2025-03-01T03:26:09.8504050Z   sparse-checkout-cone-mode: true
2025-03-01T03:26:09.8504661Z   fetch-depth: 1
2025-03-01T03:26:09.8505133Z   fetch-tags: false
2025-03-01T03:26:09.8505778Z   show-progress: true
2025-03-01T03:26:09.8506259Z   lfs: false
2025-03-01T03:26:09.8506683Z   submodules: false
2025-03-01T03:26:09.8507153Z   set-safe-directory: true
2025-03-01T03:26:09.8507931Z env:
2025-03-01T03:26:09.8508360Z   FORCE_COLOR: 2
2025-03-01T03:26:09.8508822Z   NODE: 18
2025-03-01T03:26:09.8509281Z ##[endgroup]
2025-03-01T03:26:10.1097655Z Syncing repository: ColorlibHQ/AdminLTE
2025-03-01T03:26:10.1100824Z ##[group]Getting Git version info
2025-03-01T03:26:10.1102133Z Working directory is '/home/runner/work/AdminLTE/AdminLTE'
2025-03-01T03:26:10.1103887Z [command]/usr/bin/git version
2025-03-01T03:26:10.1189103Z git version 2.48.1
2025-03-01T03:26:10.1218979Z ##[endgroup]
2025-03-01T03:26:10.1237187Z Temporarily overriding HOME='/home/runner/work/_temp/2bd69c37-c01c-491c-b344-4ebec507e8da' before making global git config changes
2025-03-01T03:26:10.1240024Z Adding repository directory to the temporary git global config as a safe directory
2025-03-01T03:26:10.1253075Z [command]/usr/bin/git config --global --add safe.directory /home/runner/work/AdminLTE/AdminLTE
2025-03-01T03:26:10.1296023Z Deleting the contents of '/home/runner/work/AdminLTE/AdminLTE'
2025-03-01T03:26:10.1299490Z ##[group]Initializing the repository
2025-03-01T03:26:10.1303980Z [command]/usr/bin/git init /home/runner/work/AdminLTE/AdminLTE
2025-03-01T03:26:10.1395695Z hint: Using 'master' as the name for the initial branch. This default branch name
2025-03-01T03:26:10.1397540Z hint: is subject to change. To configure the initial branch name to use in all
2025-03-01T03:26:10.1399415Z hint: of your new repositories, which will suppress this warning, call:
2025-03-01T03:26:10.1400777Z hint:
2025-03-01T03:26:10.1401637Z hint: 	git config --global init.defaultBranch <name>
2025-03-01T03:26:10.1402632Z hint:
2025-03-01T03:26:10.1403258Z hint: Names commonly chosen instead of 'master' are 'main', 'trunk' and
2025-03-01T03:26:10.1404571Z hint: 'development'. The just-created branch can be renamed via this command:
2025-03-01T03:26:10.1405338Z hint:
2025-03-01T03:26:10.1406079Z hint: 	git branch -m <name>
2025-03-01T03:26:10.1406889Z Initialized empty Git repository in /home/runner/work/AdminLTE/AdminLTE/.git/
2025-03-01T03:26:10.1414382Z [command]/usr/bin/git remote add origin https://github.com/ColorlibHQ/AdminLTE
2025-03-01T03:26:10.1456189Z ##[endgroup]
2025-03-01T03:26:10.1457055Z ##[group]Disabling automatic garbage collection
2025-03-01T03:26:10.1460611Z [command]/usr/bin/git config --local gc.auto 0
2025-03-01T03:26:10.1490784Z ##[endgroup]
2025-03-01T03:26:10.1491589Z ##[group]Setting up auth
2025-03-01T03:26:10.1498072Z [command]/usr/bin/git config --local --name-only --get-regexp core\.sshCommand
2025-03-01T03:26:10.1531389Z [command]/usr/bin/git submodule foreach --recursive sh -c "git config --local --name-only --get-regexp 'core\.sshCommand' && git config --local --unset-all 'core.sshCommand' || :"
2025-03-01T03:26:10.1909759Z [command]/usr/bin/git config --local --name-only --get-regexp http\.https\:\/\/github\.com\/\.extraheader
2025-03-01T03:26:10.1943031Z [command]/usr/bin/git submodule foreach --recursive sh -c "git config --local --name-only --get-regexp 'http\.https\:\/\/github\.com\/\.extraheader' && git config --local --unset-all 'http.https://github.com/.extraheader' || :"
2025-03-01T03:26:10.2198190Z [command]/usr/bin/git config --local http.https://github.com/.extraheader AUTHORIZATION: basic ***
2025-03-01T03:26:10.2238366Z ##[endgroup]
2025-03-01T03:26:10.2239590Z ##[group]Fetching the repository
2025-03-01T03:26:10.2248796Z [command]/usr/bin/git -c protocol.version=2 fetch --no-tags --prune --no-recurse-submodules --depth=1 origin +a7f217a872012bf6b6bef67ca59ac69e61ae0033:refs/remotes/pull/5834/merge
2025-03-01T03:26:10.7092674Z From https://github.com/ColorlibHQ/AdminLTE
2025-03-01T03:26:10.7093762Z  * [new ref]         a7f217a872012bf6b6bef67ca59ac69e61ae0033 -> pull/5834/merge
2025-03-01T03:26:10.7123523Z ##[endgroup]
2025-03-01T03:26:10.7124387Z ##[group]Determining the checkout info
2025-03-01T03:26:10.7125880Z ##[endgroup]
2025-03-01T03:26:10.7130985Z [command]/usr/bin/git sparse-checkout disable
2025-03-01T03:26:10.7177408Z [command]/usr/bin/git config --local --unset-all extensions.worktreeConfig
2025-03-01T03:26:10.7207373Z ##[group]Checking out the ref
2025-03-01T03:26:10.7211066Z [command]/usr/bin/git checkout --progress --force refs/remotes/pull/5834/merge
2025-03-01T03:26:10.7683854Z Note: switching to 'refs/remotes/pull/5834/merge'.
2025-03-01T03:26:10.7684938Z 
2025-03-01T03:26:10.7685859Z You are in 'detached HEAD' state. You can look around, make experimental
2025-03-01T03:26:10.7687619Z changes and commit them, and you can discard any commits you make in this
2025-03-01T03:26:10.7689396Z state without impacting any branches by switching back to a branch.
2025-03-01T03:26:10.7690440Z 
2025-03-01T03:26:10.7691097Z If you want to create a new branch to retain commits you create, you may
2025-03-01T03:26:10.7692710Z do so (now or later) by using -c with the switch command. Example:
2025-03-01T03:26:10.7693692Z 
2025-03-01T03:26:10.7694081Z   git switch -c <new-branch-name>
2025-03-01T03:26:10.7694769Z 
2025-03-01T03:26:10.7695162Z Or undo this operation with:
2025-03-01T03:26:10.7696098Z 
2025-03-01T03:26:10.7696474Z   git switch -
2025-03-01T03:26:10.7696938Z 
2025-03-01T03:26:10.7697722Z Turn off this advice by setting config variable advice.detachedHead to false
2025-03-01T03:26:10.7699147Z 
2025-03-01T03:26:10.7700659Z HEAD is now at a7f217a Merge 8b86bf744e1ed1cd0ef97b3d7623a0f64ecf1129 into 199ca8a765c1ca3cc6e79223d7e8c95841e38702
2025-03-01T03:26:10.7704768Z ##[endgroup]
2025-03-01T03:26:10.7737583Z [command]/usr/bin/git log -1 --format=%H
2025-03-01T03:26:10.7761915Z a7f217a872012bf6b6bef67ca59ac69e61ae0033
2025-03-01T03:26:10.7772615Z ##[group]Removing auth
2025-03-01T03:26:10.7777222Z [command]/usr/bin/git config --local --name-only --get-regexp core\.sshCommand
2025-03-01T03:26:10.7807414Z [command]/usr/bin/git submodule foreach --recursive sh -c "git config --local --name-only --get-regexp 'core\.sshCommand' && git config --local --unset-all 'core.sshCommand' || :"
2025-03-01T03:26:10.8045954Z [command]/usr/bin/git config --local --name-only --get-regexp http\.https\:\/\/github\.com\/\.extraheader
2025-03-01T03:26:10.8067276Z http.https://github.com/.extraheader
2025-03-01T03:26:10.8076013Z [command]/usr/bin/git config --local --unset-all http.https://github.com/.extraheader
2025-03-01T03:26:10.8110581Z [command]/usr/bin/git submodule foreach --recursive sh -c "git config --local --name-only --get-regexp 'http\.https\:\/\/github\.com\/\.extraheader' && git config --local --unset-all 'http.https://github.com/.extraheader' || :"
2025-03-01T03:26:10.8342570Z ##[endgroup]
2025-03-01T03:26:10.8632797Z ##[group]Run actions/setup-node@v3
2025-03-01T03:26:10.8633935Z with:
2025-03-01T03:26:10.8634739Z   node-version: 18
2025-03-01T03:26:10.8635767Z   cache: npm
2025-03-01T03:26:10.8636612Z   always-auth: false
2025-03-01T03:26:10.8637558Z   check-latest: false
2025-03-01T03:26:10.8638738Z   token: ***
2025-03-01T03:26:10.8639555Z env:
2025-03-01T03:26:10.8640319Z   FORCE_COLOR: 2
2025-03-01T03:26:10.8641162Z   NODE: 18
2025-03-01T03:26:10.8641947Z ##[endgroup]
2025-03-01T03:26:11.0518253Z Found in cache @ /opt/hostedtoolcache/node/18.20.7/x64
2025-03-01T03:26:11.0523950Z ##[group]Environment details
2025-03-01T03:26:16.0863004Z node: v18.20.7
2025-03-01T03:26:16.0863553Z npm: 10.8.2
2025-03-01T03:26:16.0863944Z yarn: 1.22.22
2025-03-01T03:26:16.0866652Z ##[endgroup]
2025-03-01T03:26:16.0879963Z [command]/opt/hostedtoolcache/node/18.20.7/x64/bin/npm config get cache
2025-03-01T03:26:18.5856369Z /home/runner/.npm
2025-03-01T03:26:19.5666974Z Cache Size: ~68 MB (71216121 B)
2025-03-01T03:26:19.5712551Z [command]/usr/bin/tar -xf /home/runner/work/_temp/747bfb6b-80da-4358-a6f4-e66a4dbd0532/cache.tzst -P -C /home/runner/work/AdminLTE/AdminLTE --use-compress-program unzstd
2025-03-01T03:26:19.8751917Z Received 71216121 of 71216121 (100.0%), 67.9 MBs/sec
2025-03-01T03:26:20.0090270Z Cache restored successfully
2025-03-01T03:26:20.0260701Z Cache restored from key: node-cache-Linux-npm-271e71dce0c0ea9e615809ea0a5cb21f6df0edff4f6c89096d1446bff830596e
2025-03-01T03:26:20.0483734Z ##[group]Run npm ci
2025-03-01T03:26:20.0484089Z [36;1mnpm ci[0m
2025-03-01T03:26:20.0537631Z shell: /usr/bin/bash -e {0}
2025-03-01T03:26:20.0537936Z env:
2025-03-01T03:26:20.0538152Z   FORCE_COLOR: 2
2025-03-01T03:26:20.0538350Z   NODE: 18
2025-03-01T03:26:20.0538534Z ##[endgroup]
2025-03-01T03:26:22.2077934Z npm warn EBADENGINE Unsupported engine {
2025-03-01T03:26:22.2078562Z npm warn EBADENGINE   package: 'rimraf@6.0.1',
2025-03-01T03:26:22.2079013Z npm warn EBADENGINE   required: { node: '20 || >=22' },
2025-03-01T03:26:22.2079499Z npm warn EBADENGINE   current: { node: 'v18.20.7', npm: '10.8.2' }
2025-03-01T03:26:22.2079871Z npm warn EBADENGINE }
2025-03-01T03:26:22.2080210Z npm warn EBADENGINE Unsupported engine {
2025-03-01T03:26:22.2080829Z npm warn EBADENGINE   package: 'glob@11.0.0',
2025-03-01T03:26:22.2081591Z npm warn EBADENGINE   required: { node: '20 || >=22' },
2025-03-01T03:26:22.2082244Z npm warn EBADENGINE   current: { node: 'v18.20.7', npm: '10.8.2' }
2025-03-01T03:26:22.2082697Z npm warn EBADENGINE }
2025-03-01T03:26:22.2083025Z npm warn EBADENGINE Unsupported engine {
2025-03-01T03:26:22.2083435Z npm warn EBADENGINE   package: 'jackspeak@4.0.1',
2025-03-01T03:26:22.2083879Z npm warn EBADENGINE   required: { node: '20 || >=22' },
2025-03-01T03:26:22.2084649Z npm warn EBADENGINE   current: { node: 'v18.20.7', npm: '10.8.2' }
2025-03-01T03:26:22.2085258Z npm warn EBADENGINE }
2025-03-01T03:26:22.2085971Z npm warn EBADENGINE Unsupported engine {
2025-03-01T03:26:22.2086612Z npm warn EBADENGINE   package: 'lru-cache@11.0.0',
2025-03-01T03:26:22.2087299Z npm warn EBADENGINE   required: { node: '20 || >=22' },
2025-03-01T03:26:22.2088082Z npm warn EBADENGINE   current: { node: 'v18.20.7', npm: '10.8.2' }
2025-03-01T03:26:22.2088665Z npm warn EBADENGINE }
2025-03-01T03:26:22.2089568Z npm warn EBADENGINE Unsupported engine {
2025-03-01T03:26:22.2090193Z npm warn EBADENGINE   package: 'minimatch@10.0.1',
2025-03-01T03:26:22.2090909Z npm warn EBADENGINE   required: { node: '20 || >=22' },
2025-03-01T03:26:22.2091669Z npm warn EBADENGINE   current: { node: 'v18.20.7', npm: '10.8.2' }
2025-03-01T03:26:22.2092249Z npm warn EBADENGINE }
2025-03-01T03:26:22.2092755Z npm warn EBADENGINE Unsupported engine {
2025-03-01T03:26:22.2093427Z npm warn EBADENGINE   package: 'path-scurry@2.0.0',
2025-03-01T03:26:22.2093897Z npm warn EBADENGINE   required: { node: '20 || >=22' },
2025-03-01T03:26:22.2094343Z npm warn EBADENGINE   current: { node: 'v18.20.7', npm: '10.8.2' }
2025-03-01T03:26:22.2094710Z npm warn EBADENGINE }
2025-03-01T03:26:28.7554489Z 
2025-03-01T03:26:28.7555940Z added 921 packages, and audited 922 packages in 9s
2025-03-01T03:26:28.7556536Z 
2025-03-01T03:26:28.7556856Z 353 packages are looking for funding
2025-03-01T03:26:28.7557363Z   run `npm fund` for details
2025-03-01T03:26:28.7901261Z 
2025-03-01T03:26:28.7902384Z 5 vulnerabilities (4 moderate, 1 high)
2025-03-01T03:26:28.7903176Z 
2025-03-01T03:26:28.7903677Z To address all issues, run:
2025-03-01T03:26:28.7904492Z   npm audit fix
2025-03-01T03:26:28.7904962Z 
2025-03-01T03:26:28.7917836Z Run `npm audit` for details.
2025-03-01T03:26:28.8375548Z ##[group]Run npm run lint
2025-03-01T03:26:28.8375907Z [36;1mnpm run lint[0m
2025-03-01T03:26:28.8428305Z shell: /usr/bin/bash -e {0}
2025-03-01T03:26:28.8428560Z env:
2025-03-01T03:26:28.8428744Z   FORCE_COLOR: 2
2025-03-01T03:26:28.8428943Z   NODE: 18
2025-03-01T03:26:28.8429125Z ##[endgroup]
2025-03-01T03:26:28.9817404Z 
2025-03-01T03:26:28.9819008Z > admin-lte@4.0.0-beta3 lint
2025-03-01T03:26:28.9819735Z > npm-run-all --aggregate-output --continue-on-error --parallel js-lint css-lint docs-lint lockfile-lint
2025-03-01T03:26:28.9820144Z 
2025-03-01T03:26:29.8007721Z (node:2047) ESLintIgnoreWarning: The ".eslintignore" file is no longer supported. Switch to using the "ignores" property in "eslint.config.js": https://eslint.org/docs/latest/use/configure/migration-guide#ignoring-files
2025-03-01T03:26:29.8010094Z (Use `node --trace-warnings ...` to show where the warning was created)
2025-03-01T03:26:29.8506241Z 
2025-03-01T03:26:29.8511169Z Oops! Something went wrong! :(
2025-03-01T03:26:29.8512090Z 
2025-03-01T03:26:29.8512528Z ESLint: 9.21.0
2025-03-01T03:26:29.8512774Z 
2025-03-01T03:26:29.8513177Z ESLint couldn't find an eslint.config.(js|mjs|cjs) file.
2025-03-01T03:26:29.8513592Z 
2025-03-01T03:26:29.8514076Z From ESLint v9.0.0, the default configuration file is now eslint.config.js.
2025-03-01T03:26:29.8515012Z If you are using a .eslintrc.* file, please follow the migration guide
2025-03-01T03:26:29.8515971Z to update your configuration file to the new format:
2025-03-01T03:26:29.8516382Z 
2025-03-01T03:26:29.8516849Z https://eslint.org/docs/latest/use/configure/migration-guide
2025-03-01T03:26:29.8517315Z 
2025-03-01T03:26:29.8517870Z If you still have problems after following the migration guide, please stop by
2025-03-01T03:26:29.8518785Z https://eslint.org/chat/help to chat with the team.
2025-03-01T03:26:29.8519196Z 
2025-03-01T03:26:29.9072098Z 
2025-03-01T03:26:29.9073883Z > admin-lte@4.0.0-beta3 js-lint
2025-03-01T03:26:29.9076241Z > eslint --cache --cache-location .cache/.eslintcache --report-unused-disable-directives .
2025-03-01T03:26:29.9078076Z 
2025-03-01T03:26:30.0854953Z 
2025-03-01T03:26:30.0860273Z > admin-lte@4.0.0-beta3 lockfile-lint
2025-03-01T03:26:30.0869720Z > lockfile-lint --allowed-hosts npm --allowed-schemes https: --empty-hostname false --type npm --path package-lock.json
2025-03-01T03:26:30.0874671Z 
2025-03-01T03:26:30.0879315Z [32m âœ” No issues detected 
2025-03-01T03:26:30.0891834Z  [0m
2025-03-01T03:26:31.0451718Z (node:2067) [stylelint:006] DeprecationWarning: The "scss/at-import-partial-extension" rule is deprecated.
2025-03-01T03:26:31.0453272Z Please be aware that the "scss/at-import-partial-extension" rule will soon be either removed or renamed.
2025-03-01T03:26:31.0455017Z (Use `node --trace-deprecation ...` to show where the warning was created)
2025-03-01T03:26:31.0709035Z (node:2067) [stylelint:006] DeprecationWarning: The "scss/at-import-partial-extension" rule is deprecated.
2025-03-01T03:26:31.0710665Z Please be aware that the "scss/at-import-partial-extension" rule will soon be either removed or renamed.
2025-03-01T03:26:31.0892149Z (node:2067) [stylelint:006] DeprecationWarning: The "scss/at-import-partial-extension" rule is deprecated.
2025-03-01T03:26:31.0940805Z Please be aware that the "scss/at-import-partial-extension" rule will soon be either removed or renamed.
2025-03-01T03:26:31.1276787Z (node:2067) [stylelint:006] DeprecationWarning: The "scss/at-import-partial-extension" rule is deprecated.
2025-03-01T03:26:31.1278647Z Please be aware that the "scss/at-import-partial-extension" rule will soon be either removed or renamed.
2025-03-01T03:26:31.9251549Z (node:2067) [stylelint:006] DeprecationWarning: The "scss/at-import-partial-extension" rule is deprecated.
2025-03-01T03:26:31.9253354Z Please be aware that the "scss/at-import-partial-extension" rule will soon be either removed or renamed.
2025-03-01T03:26:31.9704421Z (node:2067) [stylelint:006] DeprecationWarning: The "scss/at-import-partial-extension" rule is deprecated.
2025-03-01T03:26:31.9707221Z Please be aware that the "scss/at-import-partial-extension" rule will soon be either removed or renamed.
2025-03-01T03:26:31.9869976Z (node:2067) [stylelint:006] DeprecationWarning: The "scss/at-import-partial-extension" rule is deprecated.
2025-03-01T03:26:31.9897330Z Please be aware that the "scss/at-import-partial-extension" rule will soon be either removed or renamed.
2025-03-01T03:26:32.1665300Z (node:2067) [stylelint:006] DeprecationWarning: The "scss/at-import-partial-extension" rule is deprecated.
2025-03-01T03:26:32.1667527Z Please be aware that the "scss/at-import-partial-extension" rule will soon be either removed or renamed.
2025-03-01T03:26:32.1989847Z (node:2067) [stylelint:006] DeprecationWarning: The "scss/at-import-partial-extension" rule is deprecated.
2025-03-01T03:26:32.1991883Z Please be aware that the "scss/at-import-partial-extension" rule will soon be either removed or renamed.
2025-03-01T03:26:32.2706548Z (node:2067) [stylelint:006] DeprecationWarning: The "scss/at-import-partial-extension" rule is deprecated.
2025-03-01T03:26:32.2708549Z Please be aware that the "scss/at-import-partial-extension" rule will soon be either removed or renamed.
2025-03-01T03:26:32.2792805Z (node:2067) [stylelint:006] DeprecationWarning: The "scss/at-import-partial-extension" rule is deprecated.
2025-03-01T03:26:32.2794391Z Please be aware that the "scss/at-import-partial-extension" rule will soon be either removed or renamed.
2025-03-01T03:26:32.3551589Z (node:2067) [stylelint:006] DeprecationWarning: The "scss/at-import-partial-extension" rule is deprecated.
2025-03-01T03:26:32.3553084Z Please be aware that the "scss/at-import-partial-extension" rule will soon be either removed or renamed.
2025-03-01T03:26:32.4144836Z (node:2067) [stylelint:006] DeprecationWarning: The "scss/at-import-partial-extension" rule is deprecated.
2025-03-01T03:26:32.4149516Z Please be aware that the "scss/at-import-partial-extension" rule will soon be either removed or renamed.
2025-03-01T03:26:32.4389479Z (node:2067) [stylelint:006] DeprecationWarning: The "scss/at-import-partial-extension" rule is deprecated.
2025-03-01T03:26:32.4391523Z Please be aware that the "scss/at-import-partial-extension" rule will soon be either removed or renamed.
2025-03-01T03:26:32.4549971Z (node:2067) [stylelint:006] DeprecationWarning: The "scss/at-import-partial-extension" rule is deprecated.
2025-03-01T03:26:32.4553120Z Please be aware that the "scss/at-import-partial-extension" rule will soon be either removed or renamed.
2025-03-01T03:26:32.4799345Z (node:2067) [stylelint:006] DeprecationWarning: The "scss/at-import-partial-extension" rule is deprecated.
2025-03-01T03:26:32.4804415Z Please be aware that the "scss/at-import-partial-extension" rule will soon be either removed or renamed.
2025-03-01T03:26:32.4866240Z (node:2067) [stylelint:006] DeprecationWarning: The "scss/at-import-partial-extension" rule is deprecated.
2025-03-01T03:26:32.4867800Z Please be aware that the "scss/at-import-partial-extension" rule will soon be either removed or renamed.
2025-03-01T03:26:32.5605630Z (node:2067) [stylelint:006] DeprecationWarning: The "scss/at-import-partial-extension" rule is deprecated.
2025-03-01T03:26:32.5611254Z Please be aware that the "scss/at-import-partial-extension" rule will soon be either removed or renamed.
2025-03-01T03:26:32.5734943Z (node:2067) [stylelint:006] DeprecationWarning: The "scss/at-import-partial-extension" rule is deprecated.
2025-03-01T03:26:32.5740274Z Please be aware that the "scss/at-import-partial-extension" rule will soon be either removed or renamed.
2025-03-01T03:26:32.6517601Z (node:2067) [stylelint:006] DeprecationWarning: The "scss/at-import-partial-extension" rule is deprecated.
2025-03-01T03:26:32.6547096Z Please be aware that the "scss/at-import-partial-extension" rule will soon be either removed or renamed.
2025-03-01T03:26:32.6737537Z (node:2067) [stylelint:006] DeprecationWarning: The "scss/at-import-partial-extension" rule is deprecated.
2025-03-01T03:26:32.6740132Z Please be aware that the "scss/at-import-partial-extension" rule will soon be either removed or renamed.
2025-03-01T03:26:32.7700211Z (node:2067) [stylelint:006] DeprecationWarning: The "scss/at-import-partial-extension" rule is deprecated.
2025-03-01T03:26:32.7701648Z Please be aware that the "scss/at-import-partial-extension" rule will soon be either removed or renamed.
2025-03-01T03:26:32.8093944Z (node:2067) [stylelint:006] DeprecationWarning: The "scss/at-import-partial-extension" rule is deprecated.
2025-03-01T03:26:32.8097274Z Please be aware that the "scss/at-import-partial-extension" rule will soon be either removed or renamed.
2025-03-01T03:26:33.0781971Z (node:2067) [stylelint:006] DeprecationWarning: The "scss/at-import-partial-extension" rule is deprecated.
2025-03-01T03:26:33.0790593Z Please be aware that the "scss/at-import-partial-extension" rule will soon be either removed or renamed.
2025-03-01T03:26:33.1145923Z (node:2067) [stylelint:006] DeprecationWarning: The "scss/at-import-partial-extension" rule is deprecated.
2025-03-01T03:26:33.1148366Z Please be aware that the "scss/at-import-partial-extension" rule will soon be either removed or renamed.
2025-03-01T03:26:33.1794000Z (node:2067) [stylelint:006] DeprecationWarning: The "scss/at-import-partial-extension" rule is deprecated.
2025-03-01T03:26:33.1797142Z Please be aware that the "scss/at-import-partial-extension" rule will soon be either removed or renamed.
2025-03-01T03:26:33.2117362Z (node:2067) [stylelint:006] DeprecationWarning: The "scss/at-import-partial-extension" rule is deprecated.
2025-03-01T03:26:33.2119601Z Please be aware that the "scss/at-import-partial-extension" rule will soon be either removed or renamed.
2025-03-01T03:26:33.2267240Z (node:2067) [stylelint:006] DeprecationWarning: The "scss/at-import-partial-extension" rule is deprecated.
2025-03-01T03:26:33.2286619Z Please be aware that the "scss/at-import-partial-extension" rule will soon be either removed or renamed.
2025-03-01T03:26:33.2298830Z (node:2067) [stylelint:006] DeprecationWarning: The "scss/at-import-partial-extension" rule is deprecated.
2025-03-01T03:26:33.2300580Z Please be aware that the "scss/at-import-partial-extension" rule will soon be either removed or renamed.
2025-03-01T03:26:33.2357133Z (node:2067) [stylelint:006] DeprecationWarning: The "scss/at-import-partial-extension" rule is deprecated.
2025-03-01T03:26:33.2387149Z Please be aware that the "scss/at-import-partial-extension" rule will soon be either removed or renamed.
2025-03-01T03:26:33.2405645Z (node:2067) [stylelint:006] DeprecationWarning: The "scss/at-import-partial-extension" rule is deprecated.
2025-03-01T03:26:33.2407313Z Please be aware that the "scss/at-import-partial-extension" rule will soon be either removed or renamed.
2025-03-01T03:26:33.2448448Z (node:2067) [stylelint:006] DeprecationWarning: The "scss/at-import-partial-extension" rule is deprecated.
2025-03-01T03:26:33.2451449Z Please be aware that the "scss/at-import-partial-extension" rule will soon be either removed or renamed.
2025-03-01T03:26:33.2708720Z (node:2067) [stylelint:006] DeprecationWarning: The "scss/at-import-partial-extension" rule is deprecated.
2025-03-01T03:26:33.2710402Z Please be aware that the "scss/at-import-partial-extension" rule will soon be either removed or renamed.
2025-03-01T03:26:33.2767159Z (node:2067) [stylelint:006] DeprecationWarning: The "scss/at-import-partial-extension" rule is deprecated.
2025-03-01T03:26:33.2768840Z Please be aware that the "scss/at-import-partial-extension" rule will soon be either removed or renamed.
2025-03-01T03:26:33.4974853Z 
2025-03-01T03:26:33.4976010Z [33mDeprecation warnings:[39m
2025-03-01T03:26:33.4976907Z  [2m-[22m The "scss/at-import-partial-extension" rule is deprecated.
2025-03-01T03:26:33.4979353Z  [2m-[22m 'at-import-partial-extension has been deprecated, and will be removed in '7.0'. Use 'load-partial-extension' instead.[2m See: [4mhttps://github.com/stylelint-scss/stylelint-scss/blob/v6.3.0/src/rules/at-import-partial-extension/README.md[24m[22m
2025-03-01T03:26:33.4981168Z 
2025-03-01T03:26:33.4981182Z 
2025-03-01T03:26:33.5383324Z 
2025-03-01T03:26:33.5383869Z > admin-lte@4.0.0-beta3 css-lint
2025-03-01T03:26:33.5384848Z > stylelint "src/scss/**/*.scss" --cache --cache-location .cache/.stylelintcache --rd
2025-03-01T03:26:33.5386110Z 
2025-03-01T03:26:34.1643462Z 
2025-03-01T03:26:34.1644119Z > admin-lte@4.0.0-beta3 docs-lint
2025-03-01T03:26:34.1644837Z > astro --config src/config/astro.config.mjs check
2025-03-01T03:26:34.1645223Z 
2025-03-01T03:26:34.1646103Z [2m03:26:31[22m [34m[content][39m Syncing content
2025-03-01T03:26:34.1646885Z [2m03:26:31[22m [34m[content][39m Synced content
2025-03-01T03:26:34.1647755Z [2m03:26:31[22m [34m[types][39m Generated [2m173ms[22m
2025-03-01T03:26:34.1649098Z [2m03:26:31[22m [34m[check][39m Getting diagnostics for Astro files in /home/runner/work/AdminLTE/AdminLTE...
2025-03-01T03:26:34.1650016Z [1mResult (8 files): [22m
2025-03-01T03:26:34.1650588Z [2m-[22m [1m[31m0 errors[39m[22m
2025-03-01T03:26:34.1651235Z [2m-[22m [1m[33m0 warnings[39m[22m
2025-03-01T03:26:34.1651800Z [2m-[22m [2m0 hints
2025-03-01T03:26:34.1652210Z [22m
2025-03-01T03:26:34.1654651Z ERROR: "js-lint" exited with 2.
2025-03-01T03:26:34.1787589Z ##[error]Process completed with exit code 1.
2025-03-01T03:26:34.1892820Z Post job cleanup.
2025-03-01T03:26:34.2888336Z [command]/usr/bin/git version
2025-03-01T03:26:34.2926951Z git version 2.48.1
2025-03-01T03:26:34.2975270Z Temporarily overriding HOME='/home/runner/work/_temp/46f098d0-f828-40e7-adfc-ae5f0618102a' before making global git config changes
2025-03-01T03:26:34.2976987Z Adding repository directory to the temporary git global config as a safe directory
2025-03-01T03:26:34.2991718Z [command]/usr/bin/git config --global --add safe.directory /home/runner/work/AdminLTE/AdminLTE
2025-03-01T03:26:34.3033264Z [command]/usr/bin/git config --local --name-only --get-regexp core\.sshCommand
2025-03-01T03:26:34.3069466Z [command]/usr/bin/git submodule foreach --recursive sh -c "git config --local --name-only --get-regexp 'core\.sshCommand' && git config --local --unset-all 'core.sshCommand' || :"
2025-03-01T03:26:34.3312135Z [command]/usr/bin/git config --local --name-only --get-regexp http\.https\:\/\/github\.com\/\.extraheader
2025-03-01T03:26:34.3347125Z [command]/usr/bin/git submodule foreach --recursive sh -c "git config --local --name-only --get-regexp 'http\.https\:\/\/github\.com\/\.extraheader' && git config --local --unset-all 'http.https://github.com/.extraheader' || :"
2025-03-01T03:26:34.3693572Z Cleaning up orphan processes
