2025-04-11T12:24:52.6713666Z Requested labels: ubuntu-latest
2025-04-11T12:24:52.6713967Z Job defined at: microsoft/generative-ai-for-beginners/.github/workflows/validate-markdown.yml@refs/heads/main
2025-04-11T12:24:52.6714061Z Waiting for a runner to pick up this job...
2025-04-11T12:24:53.9549909Z Job is waiting for a hosted runner to come online.
2025-04-11T12:24:56.6028284Z Job is about to start running on the hosted runner: GitHub Actions 639 (hosted)
2025-04-11T12:24:58.5066634Z Current runner version: '2.323.0'
2025-04-11T12:24:58.5091039Z ##[group]Operating System
2025-04-11T12:24:58.5091806Z Ubuntu
2025-04-11T12:24:58.5092323Z 24.04.2
2025-04-11T12:24:58.5092851Z LTS
2025-04-11T12:24:58.5093322Z ##[endgroup]
2025-04-11T12:24:58.5093900Z ##[group]Runner Image
2025-04-11T12:24:58.5094459Z Image: ubuntu-24.04
2025-04-11T12:24:58.5094942Z Version: 20250406.1.0
2025-04-11T12:24:58.5096024Z Included Software: https://github.com/actions/runner-images/blob/ubuntu24/20250406.1/images/ubuntu/Ubuntu2404-Readme.md
2025-04-11T12:24:58.5097400Z Image Release: https://github.com/actions/runner-images/releases/tag/ubuntu24%2F20250406.1
2025-04-11T12:24:58.5098288Z ##[endgroup]
2025-04-11T12:24:58.5099122Z ##[group]Runner Image Provisioner
2025-04-11T12:24:58.5099727Z 2.0.422.1
2025-04-11T12:24:58.5100169Z ##[endgroup]
2025-04-11T12:24:58.5101342Z ##[group]GITHUB_TOKEN Permissions
2025-04-11T12:24:58.5103117Z Contents: read
2025-04-11T12:24:58.5103750Z Metadata: read
2025-04-11T12:24:58.5104490Z PullRequests: write
2025-04-11T12:24:58.5105183Z ##[endgroup]
2025-04-11T12:24:58.5108379Z Secret source: Actions
2025-04-11T12:24:58.5109612Z Prepare workflow directory
2025-04-11T12:24:58.5504746Z Prepare all required actions
2025-04-11T12:24:58.5541884Z Getting action download info
2025-04-11T12:24:58.7495375Z ##[group]Download immutable action package 'actions/checkout@v3'
2025-04-11T12:24:58.7496251Z Version: 3.6.0
2025-04-11T12:24:58.7497069Z Digest: sha256:942562b9c7d4b1f2557f1da21f4d3eb4eb4fd01f2ad78b2a6e187d1b193e0a0f
2025-04-11T12:24:58.7498096Z Source commit SHA: f43a0e5ff2bd294095638e18286ca9a3d1956744
2025-04-11T12:24:58.7498900Z ##[endgroup]
2025-04-11T12:24:58.8565689Z Download action repository 'john0isaac/action-check-markdown@v1.1.0' (SHA:274ad7e69a147c37274e1a94fb01ddb175c57bed)
2025-04-11T12:24:59.1662729Z Getting action download info
2025-04-11T12:24:59.2761260Z ##[group]Download immutable action package 'actions/setup-python@v5'
2025-04-11T12:24:59.2762094Z Version: 5.5.0
2025-04-11T12:24:59.2762834Z Digest: sha256:1fac95d751afd58314aebd2ab01d4bf3b3109a441917bd2cac2a22898ec494f7
2025-04-11T12:24:59.2763835Z Source commit SHA: 8d9ed9ac5c53483de85588cdf95a591a75ab9f55
2025-04-11T12:24:59.2764531Z ##[endgroup]
2025-04-11T12:24:59.5283725Z Complete job name: Check Broken URLs
2025-04-11T12:24:59.6046844Z ##[group]Run actions/checkout@v3
2025-04-11T12:24:59.6047800Z with:
2025-04-11T12:24:59.6048321Z   ref: 090ee5ef13d6af01bc3610d97dc9ac9a66975e99
2025-04-11T12:24:59.6049303Z   repository: microsoft/generative-ai-for-beginners
2025-04-11T12:24:59.6050189Z   token: ***
2025-04-11T12:24:59.6050652Z   ssh-strict: true
2025-04-11T12:24:59.6051154Z   persist-credentials: true
2025-04-11T12:24:59.6051698Z   clean: true
2025-04-11T12:24:59.6052187Z   sparse-checkout-cone-mode: true
2025-04-11T12:24:59.6052765Z   fetch-depth: 1
2025-04-11T12:24:59.6053259Z   fetch-tags: false
2025-04-11T12:24:59.6053727Z   lfs: false
2025-04-11T12:24:59.6054181Z   submodules: false
2025-04-11T12:24:59.6054701Z   set-safe-directory: true
2025-04-11T12:24:59.6055526Z ##[endgroup]
2025-04-11T12:24:59.7867174Z Syncing repository: microsoft/generative-ai-for-beginners
2025-04-11T12:24:59.7869571Z ##[group]Getting Git version info
2025-04-11T12:24:59.7870760Z Working directory is '/home/runner/work/generative-ai-for-beginners/generative-ai-for-beginners'
2025-04-11T12:24:59.7872145Z [command]/usr/bin/git version
2025-04-11T12:24:59.7941028Z git version 2.49.0
2025-04-11T12:24:59.7973236Z ##[endgroup]
2025-04-11T12:24:59.7991561Z Temporarily overriding HOME='/home/runner/work/_temp/c8bed32f-67d4-4cbc-917c-0b031164a8f7' before making global git config changes
2025-04-11T12:24:59.7994646Z Adding repository directory to the temporary git global config as a safe directory
2025-04-11T12:24:59.7997657Z [command]/usr/bin/git config --global --add safe.directory /home/runner/work/generative-ai-for-beginners/generative-ai-for-beginners
2025-04-11T12:24:59.8030648Z Deleting the contents of '/home/runner/work/generative-ai-for-beginners/generative-ai-for-beginners'
2025-04-11T12:24:59.8034114Z ##[group]Initializing the repository
2025-04-11T12:24:59.8038950Z [command]/usr/bin/git init /home/runner/work/generative-ai-for-beginners/generative-ai-for-beginners
2025-04-11T12:24:59.8159882Z hint: Using 'master' as the name for the initial branch. This default branch name
2025-04-11T12:24:59.8161298Z hint: is subject to change. To configure the initial branch name to use in all
2025-04-11T12:24:59.8162581Z hint: of your new repositories, which will suppress this warning, call:
2025-04-11T12:24:59.8163371Z hint:
2025-04-11T12:24:59.8163935Z hint: 	git config --global init.defaultBranch <name>
2025-04-11T12:24:59.8164618Z hint:
2025-04-11T12:24:59.8165352Z hint: Names commonly chosen instead of 'master' are 'main', 'trunk' and
2025-04-11T12:24:59.8166379Z hint: 'development'. The just-created branch can be renamed via this command:
2025-04-11T12:24:59.8167357Z hint:
2025-04-11T12:24:59.8168279Z hint: 	git branch -m <name>
2025-04-11T12:24:59.8170288Z Initialized empty Git repository in /home/runner/work/generative-ai-for-beginners/generative-ai-for-beginners/.git/
2025-04-11T12:24:59.8180051Z [command]/usr/bin/git remote add origin https://github.com/microsoft/generative-ai-for-beginners
2025-04-11T12:24:59.8213087Z ##[endgroup]
2025-04-11T12:24:59.8214633Z ##[group]Disabling automatic garbage collection
2025-04-11T12:24:59.8216081Z [command]/usr/bin/git config --local gc.auto 0
2025-04-11T12:24:59.8243655Z ##[endgroup]
2025-04-11T12:24:59.8245253Z ##[group]Setting up auth
2025-04-11T12:24:59.8250005Z [command]/usr/bin/git config --local --name-only --get-regexp core\.sshCommand
2025-04-11T12:24:59.8278197Z [command]/usr/bin/git submodule foreach --recursive sh -c "git config --local --name-only --get-regexp 'core\.sshCommand' && git config --local --unset-all 'core.sshCommand' || :"
2025-04-11T12:24:59.8582570Z [command]/usr/bin/git config --local --name-only --get-regexp http\.https\:\/\/github\.com\/\.extraheader
2025-04-11T12:24:59.8608753Z [command]/usr/bin/git submodule foreach --recursive sh -c "git config --local --name-only --get-regexp 'http\.https\:\/\/github\.com\/\.extraheader' && git config --local --unset-all 'http.https://github.com/.extraheader' || :"
2025-04-11T12:24:59.8827656Z [command]/usr/bin/git config --local http.https://github.com/.extraheader AUTHORIZATION: basic ***
2025-04-11T12:24:59.8859882Z ##[endgroup]
2025-04-11T12:24:59.8860743Z ##[group]Fetching the repository
2025-04-11T12:24:59.8867991Z [command]/usr/bin/git -c protocol.version=2 fetch --no-tags --prune --progress --no-recurse-submodules --depth=1 origin 090ee5ef13d6af01bc3610d97dc9ac9a66975e99
2025-04-11T12:25:00.0792540Z remote: Enumerating objects: 653, done.        
2025-04-11T12:25:00.0794047Z remote: Counting objects:   0% (1/653)        
2025-04-11T12:25:00.0795129Z remote: Counting objects:   1% (7/653)        
2025-04-11T12:25:00.0796068Z remote: Counting objects:   2% (14/653)        
2025-04-11T12:25:00.0796996Z remote: Counting objects:   3% (20/653)        
2025-04-11T12:25:00.0797979Z remote: Counting objects:   4% (27/653)        
2025-04-11T12:25:00.0799150Z remote: Counting objects:   5% (33/653)        
2025-04-11T12:25:00.0880254Z remote: Counting objects:   6% (40/653)        
2025-04-11T12:25:00.0881590Z remote: Counting objects:   7% (46/653)        
2025-04-11T12:25:00.0882715Z remote: Counting objects:   8% (53/653)        
2025-04-11T12:25:00.0884048Z remote: Counting objects:   9% (59/653)        
2025-04-11T12:25:00.0885014Z remote: Counting objects:  10% (66/653)        
2025-04-11T12:25:00.0885737Z remote: Counting objects:  11% (72/653)        
2025-04-11T12:25:00.0886733Z remote: Counting objects:  12% (79/653)        
2025-04-11T12:25:00.0887885Z remote: Counting objects:  13% (85/653)        
2025-04-11T12:25:00.0889066Z remote: Counting objects:  14% (92/653)        
2025-04-11T12:25:00.0889822Z remote: Counting objects:  15% (98/653)        
2025-04-11T12:25:00.0890455Z remote: Counting objects:  16% (105/653)        
2025-04-11T12:25:00.0891462Z remote: Counting objects:  17% (112/653)        
2025-04-11T12:25:00.0892086Z remote: Counting objects:  18% (118/653)        
2025-04-11T12:25:00.0892701Z remote: Counting objects:  19% (125/653)        
2025-04-11T12:25:00.0893322Z remote: Counting objects:  20% (131/653)        
2025-04-11T12:25:00.0893961Z remote: Counting objects:  21% (138/653)        
2025-04-11T12:25:00.0894588Z remote: Counting objects:  22% (144/653)        
2025-04-11T12:25:00.0895207Z remote: Counting objects:  23% (151/653)        
2025-04-11T12:25:00.0895822Z remote: Counting objects:  24% (157/653)        
2025-04-11T12:25:00.0896432Z remote: Counting objects:  25% (164/653)        
2025-04-11T12:25:00.0897045Z remote: Counting objects:  26% (170/653)        
2025-04-11T12:25:00.0897655Z remote: Counting objects:  27% (177/653)        
2025-04-11T12:25:00.0898319Z remote: Counting objects:  28% (183/653)        
2025-04-11T12:25:00.0899502Z remote: Counting objects:  29% (190/653)        
2025-04-11T12:25:00.0900322Z remote: Counting objects:  30% (196/653)        
2025-04-11T12:25:00.0900966Z remote: Counting objects:  31% (203/653)        
2025-04-11T12:25:00.0901575Z remote: Counting objects:  32% (209/653)        
2025-04-11T12:25:00.0902179Z remote: Counting objects:  33% (216/653)        
2025-04-11T12:25:00.0902788Z remote: Counting objects:  34% (223/653)        
2025-04-11T12:25:00.0903396Z remote: Counting objects:  35% (229/653)        
2025-04-11T12:25:00.0903997Z remote: Counting objects:  36% (236/653)        
2025-04-11T12:25:00.0904604Z remote: Counting objects:  37% (242/653)        
2025-04-11T12:25:00.0905213Z remote: Counting objects:  38% (249/653)        
2025-04-11T12:25:00.0905856Z remote: Counting objects:  39% (255/653)        
2025-04-11T12:25:00.0906471Z remote: Counting objects:  40% (262/653)        
2025-04-11T12:25:00.0907082Z remote: Counting objects:  41% (268/653)        
2025-04-11T12:25:00.0907686Z remote: Counting objects:  42% (275/653)        
2025-04-11T12:25:00.0908290Z remote: Counting objects:  43% (281/653)        
2025-04-11T12:25:00.0909085Z remote: Counting objects:  44% (288/653)        
2025-04-11T12:25:00.0909694Z remote: Counting objects:  45% (294/653)        
2025-04-11T12:25:00.0910316Z remote: Counting objects:  46% (301/653)        
2025-04-11T12:25:00.0911115Z remote: Counting objects:  47% (307/653)        
2025-04-11T12:25:00.0911747Z remote: Counting objects:  48% (314/653)        
2025-04-11T12:25:00.0912354Z remote: Counting objects:  49% (320/653)        
2025-04-11T12:25:00.0912965Z remote: Counting objects:  50% (327/653)        
2025-04-11T12:25:00.0913572Z remote: Counting objects:  51% (334/653)        
2025-04-11T12:25:00.0914181Z remote: Counting objects:  52% (340/653)        
2025-04-11T12:25:00.0914779Z remote: Counting objects:  53% (347/653)        
2025-04-11T12:25:00.0915395Z remote: Counting objects:  54% (353/653)        
2025-04-11T12:25:00.0915985Z remote: Counting objects:  55% (360/653)        
2025-04-11T12:25:00.0916587Z remote: Counting objects:  56% (366/653)        
2025-04-11T12:25:00.0917193Z remote: Counting objects:  57% (373/653)        
2025-04-11T12:25:00.0917799Z remote: Counting objects:  58% (379/653)        
2025-04-11T12:25:00.0918400Z remote: Counting objects:  59% (386/653)        
2025-04-11T12:25:00.0919174Z remote: Counting objects:  60% (392/653)        
2025-04-11T12:25:00.0919778Z remote: Counting objects:  61% (399/653)        
2025-04-11T12:25:00.0920386Z remote: Counting objects:  62% (405/653)        
2025-04-11T12:25:00.0920991Z remote: Counting objects:  63% (412/653)        
2025-04-11T12:25:00.0921606Z remote: Counting objects:  64% (418/653)        
2025-04-11T12:25:00.0922218Z remote: Counting objects:  65% (425/653)        
2025-04-11T12:25:00.0922822Z remote: Counting objects:  66% (431/653)        
2025-04-11T12:25:00.0923421Z remote: Counting objects:  67% (438/653)        
2025-04-11T12:25:00.0924073Z remote: Counting objects:  68% (445/653)        
2025-04-11T12:25:00.0924734Z remote: Counting objects:  69% (451/653)        
2025-04-11T12:25:00.0925533Z remote: Counting objects:  70% (458/653)        
2025-04-11T12:25:00.0926141Z remote: Counting objects:  71% (464/653)        
2025-04-11T12:25:00.0926744Z remote: Counting objects:  72% (471/653)        
2025-04-11T12:25:00.0927351Z remote: Counting objects:  73% (477/653)        
2025-04-11T12:25:00.0927952Z remote: Counting objects:  74% (484/653)        
2025-04-11T12:25:00.0929125Z remote: Counting objects:  75% (490/653)        
2025-04-11T12:25:00.0929763Z remote: Counting objects:  76% (497/653)        
2025-04-11T12:25:00.0930356Z remote: Counting objects:  77% (503/653)        
2025-04-11T12:25:00.0930963Z remote: Counting objects:  78% (510/653)        
2025-04-11T12:25:00.0931564Z remote: Counting objects:  79% (516/653)        
2025-04-11T12:25:00.0932169Z remote: Counting objects:  80% (523/653)        
2025-04-11T12:25:00.0932766Z remote: Counting objects:  81% (529/653)        
2025-04-11T12:25:00.0933379Z remote: Counting objects:  82% (536/653)        
2025-04-11T12:25:00.0934008Z remote: Counting objects:  83% (542/653)        
2025-04-11T12:25:00.0934612Z remote: Counting objects:  84% (549/653)        
2025-04-11T12:25:00.0935215Z remote: Counting objects:  85% (556/653)        
2025-04-11T12:25:00.0935829Z remote: Counting objects:  86% (562/653)        
2025-04-11T12:25:00.0936434Z remote: Counting objects:  87% (569/653)        
2025-04-11T12:25:00.0937037Z remote: Counting objects:  88% (575/653)        
2025-04-11T12:25:00.0937634Z remote: Counting objects:  89% (582/653)        
2025-04-11T12:25:00.0938224Z remote: Counting objects:  90% (588/653)        
2025-04-11T12:25:00.0939000Z remote: Counting objects:  91% (595/653)        
2025-04-11T12:25:00.0939604Z remote: Counting objects:  92% (601/653)        
2025-04-11T12:25:00.0940203Z remote: Counting objects:  93% (608/653)        
2025-04-11T12:25:00.0940810Z remote: Counting objects:  94% (614/653)        
2025-04-11T12:25:00.0941413Z remote: Counting objects:  95% (621/653)        
2025-04-11T12:25:00.0942035Z remote: Counting objects:  96% (627/653)        
2025-04-11T12:25:00.0942637Z remote: Counting objects:  97% (634/653)        
2025-04-11T12:25:00.0943232Z remote: Counting objects:  98% (640/653)        
2025-04-11T12:25:00.0943976Z remote: Counting objects:  99% (647/653)        
2025-04-11T12:25:00.0944590Z remote: Counting objects: 100% (653/653)        
2025-04-11T12:25:00.0945229Z remote: Counting objects: 100% (653/653), done.        
2025-04-11T12:25:00.0945887Z remote: Compressing objects:   0% (1/504)        
2025-04-11T12:25:00.0946502Z remote: Compressing objects:   1% (6/504)        
2025-04-11T12:25:00.0947121Z remote: Compressing objects:   2% (11/504)        
2025-04-11T12:25:00.0947744Z remote: Compressing objects:   3% (16/504)        
2025-04-11T12:25:00.0948368Z remote: Compressing objects:   4% (21/504)        
2025-04-11T12:25:00.0949167Z remote: Compressing objects:   5% (26/504)        
2025-04-11T12:25:00.0949794Z remote: Compressing objects:   6% (31/504)        
2025-04-11T12:25:00.0950429Z remote: Compressing objects:   7% (36/504)        
2025-04-11T12:25:00.0951050Z remote: Compressing objects:   8% (41/504)        
2025-04-11T12:25:00.0951657Z remote: Compressing objects:   9% (46/504)        
2025-04-11T12:25:00.0952282Z remote: Compressing objects:  10% (51/504)        
2025-04-11T12:25:00.0952971Z remote: Compressing objects:  11% (56/504)        
2025-04-11T12:25:00.0953586Z remote: Compressing objects:  12% (61/504)        
2025-04-11T12:25:00.0954207Z remote: Compressing objects:  13% (66/504)        
2025-04-11T12:25:00.0954825Z remote: Compressing objects:  14% (71/504)        
2025-04-11T12:25:00.0955428Z remote: Compressing objects:  15% (76/504)        
2025-04-11T12:25:00.0956041Z remote: Compressing objects:  16% (81/504)        
2025-04-11T12:25:00.0956654Z remote: Compressing objects:  17% (86/504)        
2025-04-11T12:25:00.0957266Z remote: Compressing objects:  18% (91/504)        
2025-04-11T12:25:00.0957884Z remote: Compressing objects:  19% (96/504)        
2025-04-11T12:25:00.0958818Z remote: Compressing objects:  20% (101/504)        
2025-04-11T12:25:00.0959459Z remote: Compressing objects:  21% (106/504)        
2025-04-11T12:25:00.0960088Z remote: Compressing objects:  22% (111/504)        
2025-04-11T12:25:00.0960717Z remote: Compressing objects:  23% (116/504)        
2025-04-11T12:25:00.0961342Z remote: Compressing objects:  24% (121/504)        
2025-04-11T12:25:00.0962022Z remote: Compressing objects:  25% (126/504)        
2025-04-11T12:25:00.0962637Z remote: Compressing objects:  26% (132/504)        
2025-04-11T12:25:00.0963258Z remote: Compressing objects:  27% (137/504)        
2025-04-11T12:25:00.0963876Z remote: Compressing objects:  28% (142/504)        
2025-04-11T12:25:00.0964497Z remote: Compressing objects:  29% (147/504)        
2025-04-11T12:25:00.0965115Z remote: Compressing objects:  30% (152/504)        
2025-04-11T12:25:00.0965721Z remote: Compressing objects:  31% (157/504)        
2025-04-11T12:25:00.0966333Z remote: Compressing objects:  32% (162/504)        
2025-04-11T12:25:00.0966966Z remote: Compressing objects:  33% (167/504)        
2025-04-11T12:25:00.0967584Z remote: Compressing objects:  34% (172/504)        
2025-04-11T12:25:00.0968196Z remote: Compressing objects:  35% (177/504)        
2025-04-11T12:25:00.0969052Z remote: Compressing objects:  36% (182/504)        
2025-04-11T12:25:00.0969681Z remote: Compressing objects:  37% (187/504)        
2025-04-11T12:25:00.0970294Z remote: Compressing objects:  38% (192/504)        
2025-04-11T12:25:00.0970915Z remote: Compressing objects:  39% (197/504)        
2025-04-11T12:25:00.0971526Z remote: Compressing objects:  40% (202/504)        
2025-04-11T12:25:00.0977814Z remote: Compressing objects:  41% (207/504)        
2025-04-11T12:25:00.1005013Z remote: Compressing objects:  42% (212/504)        
2025-04-11T12:25:00.1028993Z remote: Compressing objects:  43% (217/504)        
2025-04-11T12:25:00.1054754Z remote: Compressing objects:  44% (222/504)        
2025-04-11T12:25:00.1057515Z remote: Compressing objects:  45% (227/504)        
2025-04-11T12:25:00.1064892Z remote: Compressing objects:  46% (232/504)        
2025-04-11T12:25:00.1066408Z remote: Compressing objects:  47% (237/504)        
2025-04-11T12:25:00.1079149Z remote: Compressing objects:  48% (242/504)        
2025-04-11T12:25:00.1090498Z remote: Compressing objects:  49% (247/504)        
2025-04-11T12:25:00.1101454Z remote: Compressing objects:  50% (252/504)        
2025-04-11T12:25:00.1112710Z remote: Compressing objects:  51% (258/504)        
2025-04-11T12:25:00.1134079Z remote: Compressing objects:  52% (263/504)        
2025-04-11T12:25:00.1146353Z remote: Compressing objects:  53% (268/504)        
2025-04-11T12:25:00.1161849Z remote: Compressing objects:  54% (273/504)        
2025-04-11T12:25:00.1189357Z remote: Compressing objects:  55% (278/504)        
2025-04-11T12:25:00.1234917Z remote: Compressing objects:  56% (283/504)        
2025-04-11T12:25:00.1288127Z remote: Compressing objects:  57% (288/504)        
2025-04-11T12:25:00.1319233Z remote: Compressing objects:  58% (293/504)        
2025-04-11T12:25:00.1376103Z remote: Compressing objects:  59% (298/504)        
2025-04-11T12:25:00.1476572Z remote: Compressing objects:  60% (303/504)        
2025-04-11T12:25:00.1541008Z remote: Compressing objects:  61% (308/504)        
2025-04-11T12:25:00.1591137Z remote: Compressing objects:  62% (313/504)        
2025-04-11T12:25:00.1668178Z remote: Compressing objects:  63% (318/504)        
2025-04-11T12:25:00.1740633Z remote: Compressing objects:  64% (323/504)        
2025-04-11T12:25:00.1830293Z remote: Compressing objects:  65% (328/504)        
2025-04-11T12:25:00.1917381Z remote: Compressing objects:  66% (333/504)        
2025-04-11T12:25:00.1977276Z remote: Compressing objects:  67% (338/504)        
2025-04-11T12:25:00.2008381Z remote: Compressing objects:  68% (343/504)        
2025-04-11T12:25:00.2071232Z remote: Compressing objects:  69% (348/504)        
2025-04-11T12:25:00.2118181Z remote: Compressing objects:  70% (353/504)        
2025-04-11T12:25:00.2166628Z remote: Compressing objects:  71% (358/504)        
2025-04-11T12:25:00.2197721Z remote: Compressing objects:  72% (363/504)        
2025-04-11T12:25:00.2238702Z remote: Compressing objects:  73% (368/504)        
2025-04-11T12:25:00.2320884Z remote: Compressing objects:  74% (373/504)        
2025-04-11T12:25:00.2352834Z remote: Compressing objects:  75% (378/504)        
2025-04-11T12:25:00.2397931Z remote: Compressing objects:  76% (384/504)        
2025-04-11T12:25:00.2414196Z remote: Compressing objects:  77% (389/504)        
2025-04-11T12:25:00.2415196Z remote: Compressing objects:  78% (394/504)        
2025-04-11T12:25:00.2416184Z remote: Compressing objects:  79% (399/504)        
2025-04-11T12:25:00.2417188Z remote: Compressing objects:  80% (404/504)        
2025-04-11T12:25:00.2418171Z remote: Compressing objects:  81% (409/504)        
2025-04-11T12:25:00.2419836Z remote: Compressing objects:  82% (414/504)        
2025-04-11T12:25:00.2421181Z remote: Compressing objects:  83% (419/504)        
2025-04-11T12:25:00.2422267Z remote: Compressing objects:  84% (424/504)        
2025-04-11T12:25:00.2422953Z remote: Compressing objects:  85% (429/504)        
2025-04-11T12:25:00.2423631Z remote: Compressing objects:  86% (434/504)        
2025-04-11T12:25:00.2424561Z remote: Compressing objects:  87% (439/504)        
2025-04-11T12:25:00.2425236Z remote: Compressing objects:  88% (444/504)        
2025-04-11T12:25:00.2425903Z remote: Compressing objects:  89% (449/504)        
2025-04-11T12:25:00.2426562Z remote: Compressing objects:  90% (454/504)        
2025-04-11T12:25:00.2427223Z remote: Compressing objects:  91% (459/504)        
2025-04-11T12:25:00.2427883Z remote: Compressing objects:  92% (464/504)        
2025-04-11T12:25:00.2428799Z remote: Compressing objects:  93% (469/504)        
2025-04-11T12:25:00.2429947Z remote: Compressing objects:  94% (474/504)        
2025-04-11T12:25:00.2430800Z remote: Compressing objects:  95% (479/504)        
2025-04-11T12:25:00.2431484Z remote: Compressing objects:  96% (484/504)        
2025-04-11T12:25:00.2432147Z remote: Compressing objects:  97% (489/504)        
2025-04-11T12:25:00.2432811Z remote: Compressing objects:  98% (494/504)        
2025-04-11T12:25:00.2434245Z remote: Compressing objects:  99% (499/504)        
2025-04-11T12:25:00.2434991Z remote: Compressing objects: 100% (504/504)        
2025-04-11T12:25:00.2435860Z remote: Compressing objects: 100% (504/504), done.        
2025-04-11T12:25:00.2461603Z Receiving objects:   0% (1/653)
2025-04-11T12:25:00.2462948Z Receiving objects:   1% (7/653)
2025-04-11T12:25:00.2464518Z Receiving objects:   2% (14/653)
2025-04-11T12:25:00.2467298Z Receiving objects:   3% (20/653)
2025-04-11T12:25:00.2487039Z Receiving objects:   4% (27/653)
2025-04-11T12:25:00.2519807Z Receiving objects:   5% (33/653)
2025-04-11T12:25:00.2532599Z Receiving objects:   6% (40/653)
2025-04-11T12:25:00.3208227Z Receiving objects:   7% (46/653)
2025-04-11T12:25:00.3959588Z Receiving objects:   8% (53/653)
2025-04-11T12:25:00.3965065Z Receiving objects:   9% (59/653)
2025-04-11T12:25:00.3970985Z Receiving objects:  10% (66/653)
2025-04-11T12:25:00.3977625Z Receiving objects:  11% (72/653)
2025-04-11T12:25:00.4306114Z Receiving objects:  12% (79/653)
2025-04-11T12:25:00.4524854Z Receiving objects:  13% (85/653)
2025-04-11T12:25:00.4631287Z Receiving objects:  14% (92/653)
2025-04-11T12:25:00.4640044Z Receiving objects:  15% (98/653)
2025-04-11T12:25:00.4645904Z Receiving objects:  16% (105/653)
2025-04-11T12:25:00.4886872Z Receiving objects:  17% (112/653)
2025-04-11T12:25:00.4891301Z Receiving objects:  18% (118/653)
2025-04-11T12:25:00.4895985Z Receiving objects:  19% (125/653)
2025-04-11T12:25:00.5088822Z Receiving objects:  20% (131/653)
2025-04-11T12:25:00.5744572Z Receiving objects:  21% (138/653)
2025-04-11T12:25:00.5745897Z Receiving objects:  22% (144/653)
2025-04-11T12:25:00.5758185Z Receiving objects:  23% (151/653)
2025-04-11T12:25:00.5773921Z Receiving objects:  24% (157/653)
2025-04-11T12:25:00.5875081Z Receiving objects:  25% (164/653)
2025-04-11T12:25:00.5879248Z Receiving objects:  26% (170/653)
2025-04-11T12:25:00.5889390Z Receiving objects:  27% (177/653)
2025-04-11T12:25:00.5899176Z Receiving objects:  28% (183/653)
2025-04-11T12:25:00.6079760Z Receiving objects:  29% (190/653)
2025-04-11T12:25:00.6216882Z Receiving objects:  30% (196/653)
2025-04-11T12:25:00.6217824Z Receiving objects:  31% (203/653)
2025-04-11T12:25:00.6241774Z Receiving objects:  32% (209/653)
2025-04-11T12:25:00.6245289Z Receiving objects:  33% (216/653)
2025-04-11T12:25:00.6256600Z Receiving objects:  34% (223/653)
2025-04-11T12:25:00.6263885Z Receiving objects:  35% (229/653)
2025-04-11T12:25:00.6266950Z Receiving objects:  36% (236/653)
2025-04-11T12:25:00.6355571Z Receiving objects:  37% (242/653)
2025-04-11T12:25:00.6369123Z Receiving objects:  38% (249/653)
2025-04-11T12:25:00.6374474Z Receiving objects:  39% (255/653)
2025-04-11T12:25:00.6380092Z Receiving objects:  40% (262/653)
2025-04-11T12:25:00.6388322Z Receiving objects:  41% (268/653)
2025-04-11T12:25:00.6389346Z Receiving objects:  42% (275/653)
2025-04-11T12:25:01.1485525Z Receiving objects:  43% (281/653)
2025-04-11T12:25:01.1716956Z Receiving objects:  44% (288/653), 20.25 MiB | 40.48 MiB/s
2025-04-11T12:25:01.1721212Z Receiving objects:  45% (294/653), 20.25 MiB | 40.48 MiB/s
2025-04-11T12:25:01.1724090Z Receiving objects:  46% (301/653), 20.25 MiB | 40.48 MiB/s
2025-04-11T12:25:01.1726180Z Receiving objects:  47% (307/653), 20.25 MiB | 40.48 MiB/s
2025-04-11T12:25:01.1727806Z Receiving objects:  48% (314/653), 20.25 MiB | 40.48 MiB/s
2025-04-11T12:25:01.1729995Z Receiving objects:  49% (320/653), 20.25 MiB | 40.48 MiB/s
2025-04-11T12:25:01.1731506Z Receiving objects:  50% (327/653), 20.25 MiB | 40.48 MiB/s
2025-04-11T12:25:01.1733670Z Receiving objects:  51% (334/653), 20.25 MiB | 40.48 MiB/s
2025-04-11T12:25:01.2459134Z Receiving objects:  52% (340/653), 20.25 MiB | 40.48 MiB/s
2025-04-11T12:25:01.4208478Z Receiving objects:  52% (342/653), 39.52 MiB | 39.51 MiB/s
2025-04-11T12:25:01.5197081Z Receiving objects:  53% (347/653), 39.52 MiB | 39.51 MiB/s
2025-04-11T12:25:01.5575206Z Receiving objects:  54% (353/653), 39.52 MiB | 39.51 MiB/s
2025-04-11T12:25:01.5582684Z Receiving objects:  55% (360/653), 39.52 MiB | 39.51 MiB/s
2025-04-11T12:25:01.5587478Z Receiving objects:  56% (366/653), 39.52 MiB | 39.51 MiB/s
2025-04-11T12:25:01.5590467Z Receiving objects:  57% (373/653), 39.52 MiB | 39.51 MiB/s
2025-04-11T12:25:01.5716634Z Receiving objects:  58% (379/653), 39.52 MiB | 39.51 MiB/s
2025-04-11T12:25:01.5793591Z Receiving objects:  59% (386/653), 39.52 MiB | 39.51 MiB/s
2025-04-11T12:25:01.5820819Z Receiving objects:  60% (392/653), 39.52 MiB | 39.51 MiB/s
2025-04-11T12:25:01.5829101Z Receiving objects:  61% (399/653), 39.52 MiB | 39.51 MiB/s
2025-04-11T12:25:01.6053345Z Receiving objects:  62% (405/653), 39.52 MiB | 39.51 MiB/s
2025-04-11T12:25:01.6085670Z Receiving objects:  63% (412/653), 39.52 MiB | 39.51 MiB/s
2025-04-11T12:25:01.6091410Z Receiving objects:  64% (418/653), 39.52 MiB | 39.51 MiB/s
2025-04-11T12:25:01.6099026Z Receiving objects:  65% (425/653), 39.52 MiB | 39.51 MiB/s
2025-04-11T12:25:01.6101251Z Receiving objects:  66% (431/653), 39.52 MiB | 39.51 MiB/s
2025-04-11T12:25:01.6296040Z Receiving objects:  67% (438/653), 39.52 MiB | 39.51 MiB/s
2025-04-11T12:25:01.6334905Z Receiving objects:  68% (445/653), 39.52 MiB | 39.51 MiB/s
2025-04-11T12:25:01.6339968Z Receiving objects:  69% (451/653), 39.52 MiB | 39.51 MiB/s
2025-04-11T12:25:01.6345494Z Receiving objects:  70% (458/653), 39.52 MiB | 39.51 MiB/s
2025-04-11T12:25:01.6448455Z Receiving objects:  71% (464/653), 39.52 MiB | 39.51 MiB/s
2025-04-11T12:25:01.6525521Z Receiving objects:  72% (471/653), 39.52 MiB | 39.51 MiB/s
2025-04-11T12:25:01.7016896Z Receiving objects:  73% (477/653), 39.52 MiB | 39.51 MiB/s
2025-04-11T12:25:01.7020854Z Receiving objects:  74% (484/653), 39.52 MiB | 39.51 MiB/s
2025-04-11T12:25:01.7024823Z Receiving objects:  75% (490/653), 39.52 MiB | 39.51 MiB/s
2025-04-11T12:25:01.7353725Z Receiving objects:  76% (497/653), 39.52 MiB | 39.51 MiB/s
2025-04-11T12:25:01.7359406Z Receiving objects:  77% (503/653), 39.52 MiB | 39.51 MiB/s
2025-04-11T12:25:01.7606999Z Receiving objects:  78% (510/653), 39.52 MiB | 39.51 MiB/s
2025-04-11T12:25:01.7610038Z Receiving objects:  79% (516/653), 64.87 MiB | 43.25 MiB/s
2025-04-11T12:25:01.7890086Z Receiving objects:  80% (523/653), 64.87 MiB | 43.25 MiB/s
2025-04-11T12:25:01.8000604Z Receiving objects:  81% (529/653), 64.87 MiB | 43.25 MiB/s
2025-04-11T12:25:01.8408392Z Receiving objects:  82% (536/653), 64.87 MiB | 43.25 MiB/s
2025-04-11T12:25:01.8550346Z Receiving objects:  83% (542/653), 64.87 MiB | 43.25 MiB/s
2025-04-11T12:25:01.8647772Z Receiving objects:  84% (549/653), 64.87 MiB | 43.25 MiB/s
2025-04-11T12:25:01.8654190Z Receiving objects:  85% (556/653), 64.87 MiB | 43.25 MiB/s
2025-04-11T12:25:01.8743034Z Receiving objects:  86% (562/653), 64.87 MiB | 43.25 MiB/s
2025-04-11T12:25:01.8749514Z Receiving objects:  87% (569/653), 64.87 MiB | 43.25 MiB/s
2025-04-11T12:25:01.8756762Z Receiving objects:  88% (575/653), 64.87 MiB | 43.25 MiB/s
2025-04-11T12:25:01.8759985Z Receiving objects:  89% (582/653), 64.87 MiB | 43.25 MiB/s
2025-04-11T12:25:01.9253056Z Receiving objects:  90% (588/653), 64.87 MiB | 43.25 MiB/s
2025-04-11T12:25:01.9259150Z Receiving objects:  91% (595/653), 64.87 MiB | 43.25 MiB/s
2025-04-11T12:25:01.9271850Z Receiving objects:  92% (601/653), 64.87 MiB | 43.25 MiB/s
2025-04-11T12:25:01.9306484Z Receiving objects:  93% (608/653), 64.87 MiB | 43.25 MiB/s
2025-04-11T12:25:01.9920775Z Receiving objects:  94% (614/653), 64.87 MiB | 43.25 MiB/s
2025-04-11T12:25:02.0121792Z Receiving objects:  95% (621/653), 64.87 MiB | 43.25 MiB/s
2025-04-11T12:25:02.2459264Z Receiving objects:  96% (627/653), 64.87 MiB | 43.25 MiB/s
2025-04-11T12:25:02.4241721Z Receiving objects:  96% (630/653), 94.53 MiB | 47.26 MiB/s
2025-04-11T12:25:02.4243081Z remote: Total 653 (delta 50), reused 445 (delta 22), pack-reused 0 (from 0)        
2025-04-11T12:25:02.4252064Z Receiving objects:  97% (634/653), 94.53 MiB | 47.26 MiB/s
2025-04-11T12:25:02.4258257Z Receiving objects:  98% (640/653), 94.53 MiB | 47.26 MiB/s
2025-04-11T12:25:02.4265837Z Receiving objects:  99% (647/653), 94.53 MiB | 47.26 MiB/s
2025-04-11T12:25:02.4269585Z Receiving objects: 100% (653/653), 94.53 MiB | 47.26 MiB/s
2025-04-11T12:25:02.4270330Z Receiving objects: 100% (653/653), 106.71 MiB | 48.93 MiB/s, done.
2025-04-11T12:25:02.4270925Z Resolving deltas:   0% (0/50)
2025-04-11T12:25:02.4272867Z Resolving deltas:   2% (1/50)
2025-04-11T12:25:02.4274535Z Resolving deltas:   4% (2/50)
2025-04-11T12:25:02.4278944Z Resolving deltas:   6% (3/50)
2025-04-11T12:25:02.4284129Z Resolving deltas:   8% (4/50)
2025-04-11T12:25:02.4285184Z Resolving deltas:  10% (5/50)
2025-04-11T12:25:02.4294163Z Resolving deltas:  12% (6/50)
2025-04-11T12:25:02.4295057Z Resolving deltas:  14% (7/50)
2025-04-11T12:25:02.4295522Z Resolving deltas:  16% (8/50)
2025-04-11T12:25:02.4296073Z Resolving deltas:  18% (9/50)
2025-04-11T12:25:02.4296501Z Resolving deltas:  20% (10/50)
2025-04-11T12:25:02.4296927Z Resolving deltas:  22% (11/50)
2025-04-11T12:25:02.4297341Z Resolving deltas:  26% (13/50)
2025-04-11T12:25:02.4297765Z Resolving deltas:  28% (14/50)
2025-04-11T12:25:02.4298239Z Resolving deltas:  30% (15/50)
2025-04-11T12:25:02.4298892Z Resolving deltas:  32% (16/50)
2025-04-11T12:25:02.4299382Z Resolving deltas:  34% (17/50)
2025-04-11T12:25:02.4299802Z Resolving deltas:  36% (18/50)
2025-04-11T12:25:02.4300249Z Resolving deltas:  38% (19/50)
2025-04-11T12:25:02.4300746Z Resolving deltas:  40% (20/50)
2025-04-11T12:25:02.4301165Z Resolving deltas:  42% (21/50)
2025-04-11T12:25:02.4301618Z Resolving deltas:  44% (22/50)
2025-04-11T12:25:02.4302041Z Resolving deltas:  46% (23/50)
2025-04-11T12:25:02.4302454Z Resolving deltas:  48% (24/50)
2025-04-11T12:25:02.4302864Z Resolving deltas:  50% (25/50)
2025-04-11T12:25:02.4303273Z Resolving deltas:  52% (26/50)
2025-04-11T12:25:02.4303982Z Resolving deltas:  56% (28/50)
2025-04-11T12:25:02.4304339Z Resolving deltas:  58% (29/50)
2025-04-11T12:25:02.4307013Z Resolving deltas:  60% (30/50)
2025-04-11T12:25:02.4309322Z Resolving deltas:  62% (31/50)
2025-04-11T12:25:02.4314889Z Resolving deltas:  64% (32/50)
2025-04-11T12:25:02.4315450Z Resolving deltas:  66% (33/50)
2025-04-11T12:25:02.4316330Z Resolving deltas:  68% (34/50)
2025-04-11T12:25:02.4322414Z Resolving deltas:  70% (35/50)
2025-04-11T12:25:02.4323147Z Resolving deltas:  72% (36/50)
2025-04-11T12:25:02.4324049Z Resolving deltas:  74% (37/50)
2025-04-11T12:25:02.4324798Z Resolving deltas:  76% (38/50)
2025-04-11T12:25:02.4325494Z Resolving deltas:  78% (39/50)
2025-04-11T12:25:02.4326087Z Resolving deltas:  80% (40/50)
2025-04-11T12:25:02.4330646Z Resolving deltas:  82% (41/50)
2025-04-11T12:25:02.4331289Z Resolving deltas:  84% (42/50)
2025-04-11T12:25:02.4331890Z Resolving deltas:  86% (43/50)
2025-04-11T12:25:02.4332619Z Resolving deltas:  88% (44/50)
2025-04-11T12:25:02.4333245Z Resolving deltas:  90% (45/50)
2025-04-11T12:25:02.4333817Z Resolving deltas:  92% (46/50)
2025-04-11T12:25:02.4334449Z Resolving deltas:  94% (47/50)
2025-04-11T12:25:02.4390916Z Resolving deltas:  96% (48/50)
2025-04-11T12:25:02.4423714Z Resolving deltas:  98% (49/50)
2025-04-11T12:25:02.4424480Z Resolving deltas: 100% (50/50)
2025-04-11T12:25:02.4424932Z Resolving deltas: 100% (50/50), done.
2025-04-11T12:25:02.5622546Z From https://github.com/microsoft/generative-ai-for-beginners
2025-04-11T12:25:02.5623501Z  * branch            090ee5ef13d6af01bc3610d97dc9ac9a66975e99 -> FETCH_HEAD
2025-04-11T12:25:02.5670663Z ##[endgroup]
2025-04-11T12:25:02.5671409Z ##[group]Determining the checkout info
2025-04-11T12:25:02.5675289Z ##[endgroup]
2025-04-11T12:25:02.5675760Z ##[group]Checking out the ref
2025-04-11T12:25:02.5681712Z [command]/usr/bin/git checkout --progress --force 090ee5ef13d6af01bc3610d97dc9ac9a66975e99
2025-04-11T12:25:03.4438309Z Note: switching to '090ee5ef13d6af01bc3610d97dc9ac9a66975e99'.
2025-04-11T12:25:03.4439044Z 
2025-04-11T12:25:03.4439417Z You are in 'detached HEAD' state. You can look around, make experimental
2025-04-11T12:25:03.4440194Z changes and commit them, and you can discard any commits you make in this
2025-04-11T12:25:03.4441230Z state without impacting any branches by switching back to a branch.
2025-04-11T12:25:03.4441691Z 
2025-04-11T12:25:03.4441979Z If you want to create a new branch to retain commits you create, you may
2025-04-11T12:25:03.4442684Z do so (now or later) by using -c with the switch command. Example:
2025-04-11T12:25:03.4443093Z 
2025-04-11T12:25:03.4443253Z   git switch -c <new-branch-name>
2025-04-11T12:25:03.4443530Z 
2025-04-11T12:25:03.4443673Z Or undo this operation with:
2025-04-11T12:25:03.4443931Z 
2025-04-11T12:25:03.4444053Z   git switch -
2025-04-11T12:25:03.4444241Z 
2025-04-11T12:25:03.4444577Z Turn off this advice by setting config variable advice.detachedHead to false
2025-04-11T12:25:03.4445082Z 
2025-04-11T12:25:03.4445419Z HEAD is now at 090ee5e Add Polish translations for new lessons and update links
2025-04-11T12:25:03.4487041Z ##[endgroup]
2025-04-11T12:25:03.4526298Z [command]/usr/bin/git log -1 --format='%H'
2025-04-11T12:25:03.4551205Z '090ee5ef13d6af01bc3610d97dc9ac9a66975e99'
2025-04-11T12:25:03.4775343Z ##[group]Run john0isaac/action-check-markdown@v1.1.0
2025-04-11T12:25:03.4775667Z with:
2025-04-11T12:25:03.4775858Z   command: check_broken_urls
2025-04-11T12:25:03.4776075Z   directory: ./
2025-04-11T12:25:03.4776474Z   guide-url: https://github.com/microsoft/generative-ai-for-beginners/blob/main/CONTRIBUTING.md
2025-04-11T12:25:03.4777214Z   github-token: ***
2025-04-11T12:25:03.4777419Z ##[endgroup]
2025-04-11T12:25:03.4908639Z ##[group]Run actions/setup-python@v5
2025-04-11T12:25:03.4908906Z with:
2025-04-11T12:25:03.4909089Z   python-version: 3.10
2025-04-11T12:25:03.4909306Z   check-latest: false
2025-04-11T12:25:03.4909624Z   token: ***
2025-04-11T12:25:03.4909811Z   update-environment: true
2025-04-11T12:25:03.4910045Z   allow-prereleases: false
2025-04-11T12:25:03.4910470Z   freethreaded: false
2025-04-11T12:25:03.4910673Z ##[endgroup]
2025-04-11T12:25:03.6597991Z ##[group]Installed versions
2025-04-11T12:25:03.6661784Z Successfully set up CPython (3.10.16)
2025-04-11T12:25:03.6663005Z ##[endgroup]
2025-04-11T12:25:03.6784988Z ##[group]Run python -m pip install --upgrade pip
2025-04-11T12:25:03.6785395Z [36;1mpython -m pip install --upgrade pip[0m
2025-04-11T12:25:03.6786316Z [36;1mpython -m pip install markdown-checker[0m
2025-04-11T12:25:03.6873270Z shell: /usr/bin/bash --noprofile --norc -e -o pipefail {0}
2025-04-11T12:25:03.6873597Z env:
2025-04-11T12:25:03.6873853Z   pythonLocation: /opt/hostedtoolcache/Python/3.10.16/x64
2025-04-11T12:25:03.6874271Z   PKG_CONFIG_PATH: /opt/hostedtoolcache/Python/3.10.16/x64/lib/pkgconfig
2025-04-11T12:25:03.6874682Z   Python_ROOT_DIR: /opt/hostedtoolcache/Python/3.10.16/x64
2025-04-11T12:25:03.6875037Z   Python2_ROOT_DIR: /opt/hostedtoolcache/Python/3.10.16/x64
2025-04-11T12:25:03.6875408Z   Python3_ROOT_DIR: /opt/hostedtoolcache/Python/3.10.16/x64
2025-04-11T12:25:03.6875762Z   LD_LIBRARY_PATH: /opt/hostedtoolcache/Python/3.10.16/x64/lib
2025-04-11T12:25:03.6876056Z ##[endgroup]
2025-04-11T12:25:04.3598349Z Requirement already satisfied: pip in /opt/hostedtoolcache/Python/3.10.16/x64/lib/python3.10/site-packages (25.0.1)
2025-04-11T12:25:05.0550027Z Collecting markdown-checker
2025-04-11T12:25:05.1257177Z   Downloading markdown_checker-0.2.4-py3-none-any.whl.metadata (6.3 kB)
2025-04-11T12:25:05.1559694Z Collecting click (from markdown-checker)
2025-04-11T12:25:05.1636288Z   Downloading click-8.1.8-py3-none-any.whl.metadata (2.3 kB)
2025-04-11T12:25:05.2008806Z Collecting requests (from markdown-checker)
2025-04-11T12:25:05.2083942Z   Downloading requests-2.32.3-py3-none-any.whl.metadata (4.6 kB)
2025-04-11T12:25:05.3009667Z Collecting charset-normalizer<4,>=2 (from requests->markdown-checker)
2025-04-11T12:25:05.3090506Z   Downloading charset_normalizer-3.4.1-cp310-cp310-manylinux_2_17_x86_64.manylinux2014_x86_64.whl.metadata (35 kB)
2025-04-11T12:25:05.3360205Z Collecting idna<4,>=2.5 (from requests->markdown-checker)
2025-04-11T12:25:05.3437043Z   Downloading idna-3.10-py3-none-any.whl.metadata (10 kB)
2025-04-11T12:25:05.3805307Z Collecting urllib3<3,>=1.21.1 (from requests->markdown-checker)
2025-04-11T12:25:05.3881311Z   Downloading urllib3-2.4.0-py3-none-any.whl.metadata (6.5 kB)
2025-04-11T12:25:05.4159394Z Collecting certifi>=2017.4.17 (from requests->markdown-checker)
2025-04-11T12:25:05.4239183Z   Downloading certifi-2025.1.31-py3-none-any.whl.metadata (2.5 kB)
2025-04-11T12:25:05.4399026Z Downloading markdown_checker-0.2.4-py3-none-any.whl (18 kB)
2025-04-11T12:25:05.4508170Z Downloading click-8.1.8-py3-none-any.whl (98 kB)
2025-04-11T12:25:05.4682024Z Downloading requests-2.32.3-py3-none-any.whl (64 kB)
2025-04-11T12:25:05.4810955Z Downloading certifi-2025.1.31-py3-none-any.whl (166 kB)
2025-04-11T12:25:05.5019693Z Downloading charset_normalizer-3.4.1-cp310-cp310-manylinux_2_17_x86_64.manylinux2014_x86_64.whl (146 kB)
2025-04-11T12:25:05.5194615Z Downloading idna-3.10-py3-none-any.whl (70 kB)
2025-04-11T12:25:05.5324018Z Downloading urllib3-2.4.0-py3-none-any.whl (128 kB)
2025-04-11T12:25:05.5713672Z Installing collected packages: urllib3, idna, click, charset-normalizer, certifi, requests, markdown-checker
2025-04-11T12:25:05.8751835Z Successfully installed certifi-2025.1.31 charset-normalizer-3.4.1 click-8.1.8 idna-3.10 markdown-checker-0.2.4 requests-2.32.3 urllib3-2.4.0
2025-04-11T12:25:05.9482432Z ##[group]Run echo "OUTPUT_FILE_NAME=$(echo $RANDOM$RANDOM)" >> $GITHUB_ENV
2025-04-11T12:25:05.9482932Z [36;1mecho "OUTPUT_FILE_NAME=$(echo $RANDOM$RANDOM)" >> $GITHUB_ENV[0m
2025-04-11T12:25:05.9530343Z shell: /usr/bin/bash --noprofile --norc -e -o pipefail {0}
2025-04-11T12:25:05.9530668Z env:
2025-04-11T12:25:05.9530909Z   pythonLocation: /opt/hostedtoolcache/Python/3.10.16/x64
2025-04-11T12:25:05.9531321Z   PKG_CONFIG_PATH: /opt/hostedtoolcache/Python/3.10.16/x64/lib/pkgconfig
2025-04-11T12:25:05.9531903Z   Python_ROOT_DIR: /opt/hostedtoolcache/Python/3.10.16/x64
2025-04-11T12:25:05.9532253Z   Python2_ROOT_DIR: /opt/hostedtoolcache/Python/3.10.16/x64
2025-04-11T12:25:05.9532652Z   Python3_ROOT_DIR: /opt/hostedtoolcache/Python/3.10.16/x64
2025-04-11T12:25:05.9533014Z   LD_LIBRARY_PATH: /opt/hostedtoolcache/Python/3.10.16/x64/lib
2025-04-11T12:25:05.9533299Z ##[endgroup]
2025-04-11T12:25:05.9644785Z ##[group]Run markdown-checker --dir ./ --func check_broken_urls --guide-url https://github.com/microsoft/generative-ai-for-beginners/blob/main/CONTRIBUTING.md --output-file-name 2010120018
2025-04-11T12:25:05.9646037Z [36;1mmarkdown-checker --dir ./ --func check_broken_urls --guide-url https://github.com/microsoft/generative-ai-for-beginners/blob/main/CONTRIBUTING.md --output-file-name 2010120018[0m
2025-04-11T12:25:05.9688215Z shell: /usr/bin/bash --noprofile --norc -e -o pipefail {0}
2025-04-11T12:25:05.9688719Z env:
2025-04-11T12:25:05.9688976Z   pythonLocation: /opt/hostedtoolcache/Python/3.10.16/x64
2025-04-11T12:25:05.9689407Z   PKG_CONFIG_PATH: /opt/hostedtoolcache/Python/3.10.16/x64/lib/pkgconfig
2025-04-11T12:25:05.9689821Z   Python_ROOT_DIR: /opt/hostedtoolcache/Python/3.10.16/x64
2025-04-11T12:25:05.9690182Z   Python2_ROOT_DIR: /opt/hostedtoolcache/Python/3.10.16/x64
2025-04-11T12:25:05.9690540Z   Python3_ROOT_DIR: /opt/hostedtoolcache/Python/3.10.16/x64
2025-04-11T12:25:05.9690899Z   LD_LIBRARY_PATH: /opt/hostedtoolcache/Python/3.10.16/x64/lib
2025-04-11T12:25:05.9691208Z   OUTPUT_FILE_NAME: 2010120018
2025-04-11T12:25:05.9691420Z ##[endgroup]
2025-04-11T12:33:27.2172191Z 
2025-04-11T12:33:27.2172803Z 🔍 Checked 2226 links in 190 files.
2025-04-11T12:33:27.2177519Z 😭 Found 39 issues in the following files:
2025-04-11T12:33:27.2206188Z ##[error]File README.md, line 9, Link http://makeapullrequest.com?WT.mc_id=academic-105485-koreyst is broken.
2025-04-11T12:33:27.2209030Z ##[error]File README.md, line 35, Link https://aka.ms/genai-beginners/open-ai is broken.
2025-04-11T12:33:27.2211510Z ##[error]File 18-fine-tuning/RESOURCES.md, line 36, Link https://twitter.com/abhi1thakur/status/1755167674894557291?WT.mc_id=academic-105485-koreyst is broken.
2025-04-11T12:33:27.2214307Z ##[error]File 18-fine-tuning/RESOURCES.md, line 36, Link https://twitter.com/abhi1thakur/status/1750828141805777057?WT.mc_id=academic-105485-koreyst is broken.
2025-04-11T12:33:27.2217707Z ##[error]File 18-fine-tuning/translations/tw/RESOURCES.md, line 34, Link https://www.microsoft.com/research/blog/phi-2-the-surprising-power-of-small-language-models/?WT.mc_id=academic-105485-koreyst is broken.
2025-04-11T12:33:27.2221149Z ##[error]File 18-fine-tuning/translations/tw/RESOURCES.md, line 36, Link https://twitter.com/abhi1thakur/status/1755167674894557291?WT.mc_id=academic-105485-koreyst is broken.
2025-04-11T12:33:27.2224051Z ##[error]File 18-fine-tuning/translations/tw/RESOURCES.md, line 36, Link https://twitter.com/abhi1thakur/status/1750828141805777057?WT.mc_id=academic-105485-koreyst is broken.
2025-04-11T12:33:27.2227423Z ##[error]File 18-fine-tuning/translations/pl/RESOURCES.md, line 34, Link https://www.microsoft.com/research/blog/phi-2-the-surprising-power-of-small-language-models/?WT.mc_id=academic-105485-koreyst is broken.
2025-04-11T12:33:27.2231147Z ##[error]File 18-fine-tuning/translations/pl/RESOURCES.md, line 36, Link https://twitter.com/abhi1thakur/status/1755167674894557291?WT.mc_id=academic-105485-koreyst is broken.
2025-04-11T12:33:27.2234065Z ##[error]File 18-fine-tuning/translations/pl/RESOURCES.md, line 36, Link https://twitter.com/abhi1thakur/status/1750828141805777057?WT.mc_id=academic-105485-koreyst is broken.
2025-04-11T12:33:27.2237077Z ##[error]File 19-slm/README.md, line 151, Link https://github.com/microsoft/Phi-3CookBook/blob/main/md/02.QuickStart/AzureAIStudio_QuickStart.md?WT.mc_id=academic-105485-koreyst is broken.
2025-04-11T12:33:27.2240717Z ##[error]File 19-slm/translations/ko/README.md, line 148, Link https://github.com/microsoft/Phi-3CookBook/blob/main/md/02.QuickStart/AzureAIStudio_QuickStart.md?WT.mc_id=academic-105485-koreyst is broken.
2025-04-11T12:33:27.2244769Z ##[error]File 19-slm/translations/pl/README.md, line 147, Link https://github.com/microsoft/Phi-3CookBook/blob/main/md/02.QuickStart/AzureAIStudio_QuickStart.md?WT.mc_id=academic-105485-koreyst is broken.
2025-04-11T12:33:27.2249359Z ##[error]File 04-prompt-engineering-fundamentals/translations/pl/README.md, line 52, Link https://educationblog.microsoft.com/2023/06/collaborating-to-bring-ai-innovation-to-education?WT.mc_id=academic-105485-koreyst is broken.
2025-04-11T12:33:27.2253043Z ##[error]File 02-exploring-and-comparing-different-llms/README.md, line 70, Link https://www.anthropic.com/index/claude-2?WT.mc_id=academic-105485-koreyst is broken.
2025-04-11T12:33:27.2256258Z ##[error]File 02-exploring-and-comparing-different-llms/translations/tr/README.md, line 70, Link https://www.anthropic.com/index/claude-2?WT.mc_id=academic-105485-koreyst is broken.
2025-04-11T12:33:27.2259692Z ##[error]File 02-exploring-and-comparing-different-llms/translations/ko/README.md, line 66, Link https://www.anthropic.com/index/claude-2?WT.mc_id=academic-105485-koreyst is broken.
2025-04-11T12:33:27.2262557Z ##[error]File 02-exploring-and-comparing-different-llms/translations/tw/README.md, line 69, Link https://www.anthropic.com/index/claude-2?WT.mc_id=academic-105485-koreyst is broken.
2025-04-11T12:33:27.2265892Z ##[error]File 02-exploring-and-comparing-different-llms/translations/pl/README.md, line 70, Link https://www.anthropic.com/index/claude-2?WT.mc_id=academic-105485-koreyst is broken.
2025-04-11T12:33:27.2269156Z ##[error]File 02-exploring-and-comparing-different-llms/translations/cn/README.md, line 67, Link https://www.anthropic.com/index/claude-2 is broken.
2025-04-11T12:33:27.2272601Z ##[error]File 02-exploring-and-comparing-different-llms/translations/ja-jp/README.md, line 67, Link https://www.anthropic.com/index/claude-2?WT.mc_id=academic-105485-yoterada is broken.
2025-04-11T12:33:27.2276256Z ##[error]File 02-exploring-and-comparing-different-llms/translations/pt-br/README.md, line 70, Link https://www.anthropic.com/index/claude-2?WT.mc_id=academic-105485-koreyst is broken.
2025-04-11T12:33:27.2279276Z ##[error]File translations/tr/README.md, line 9, Link http://makeapullrequest.com?WT.mc_id=academic-105485-koreyst is broken.
2025-04-11T12:33:27.2281633Z ##[error]File translations/ko/README.md, line 9, Link http://makeapullrequest.com?WT.mc_id=academic-105485-koreyst is broken.
2025-04-11T12:33:27.2284065Z ##[error]File translations/tw/README.md, line 9, Link http://makeapullrequest.com?WT.mc_id=academic-105485-koreyst is broken.
2025-04-11T12:33:27.2286604Z ##[error]File translations/pl/README.md, line 9, Link http://makeapullrequest.com?WT.mc_id=academic-105485-koreyst is broken.
2025-04-11T12:33:27.2288957Z ##[error]File translations/pl/README.md, line 37, Link https://aka.ms/genai-beginners/open-ai is broken.
2025-04-11T12:33:27.2291307Z ##[error]File translations/cn/README.md, line 9, Link http://makeapullrequest.com?WT.mc_id=academic-105485-koreyst is broken.
2025-04-11T12:33:27.2293683Z ##[error]File translations/ja-jp/README.md, line 9, Link http://makeapullrequest.com?WT.mc_id=academic-105485-yoterada is broken.
2025-04-11T12:33:27.2295884Z ##[error]File translations/pt-br/README.md, line 9, Link http://makeapullrequest.com is broken.
2025-04-11T12:33:27.2297991Z ##[error]File translations/es-mx/README.md, line 9, Link http://makeapullrequest.com?WT.mc_id=academic-105485-koreyst is broken.
2025-04-11T12:33:27.2301244Z ##[error]File 09-building-image-applications/README.md, line 51, Link https://towardsdatascience.com/openais-dall-e-and-clip-101-a-brief-introduction-3a4367280d4e?WT.mc_id=academic-105485-koreyst is broken.
2025-04-11T12:33:27.2305405Z ##[error]File 09-building-image-applications/python/aoai-assignment.ipynb, line 55, Link https://towardsdatascience.com/openais-dall-e-and-clip-101-a-brief-introduction-3a4367280d4e?WT.mc_id=academic-105485-koreyst is broken.
2025-04-11T12:33:27.2309611Z ##[error]File 09-building-image-applications/python/oai-assignment.ipynb, line 55, Link https://towardsdatascience.com/openais-dall-e-and-clip-101-a-brief-introduction-3a4367280d4e?WT.mc_id=academic-105485-koreyst is broken.
2025-04-11T12:33:27.2312336Z ##[error]File 09-building-image-applications/translations/ko/README.md, line 51, Link https://towardsdatascience.com/openais-dall-e-and-clip-101-a-brief-introduction-3a4367280d4e?WT.mc_id=academic-105485-koreyst is broken.
2025-04-11T12:33:27.2314771Z ##[error]File 09-building-image-applications/translations/tw/README.md, line 51, Link https://towardsdatascience.com/openais-dall-e-and-clip-101-a-brief-introduction-3a4367280d4e?WT.mc_id=academic-105485-koreyst is broken.
2025-04-11T12:33:27.2317201Z ##[error]File 09-building-image-applications/translations/pl/README.md, line 51, Link https://towardsdatascience.com/openais-dall-e-and-clip-101-a-brief-introduction-3a4367280d4e?WT.mc_id=academic-105485-koreyst is broken.
2025-04-11T12:33:27.2319922Z ##[error]File 09-building-image-applications/translations/ja-jp/README.md, line 51, Link https://towardsdatascience.com/openais-dall-e-and-clip-101-a-brief-introduction-3a4367280d4e?WT.mc_id=academic-105485-yoterada is broken.
2025-04-11T12:33:27.2322406Z ##[error]File 09-building-image-applications/translations/pt-br/README.md, line 85, Link https://towardsdatascience.com/openais-dall-e-and-clip-101-a-brief-introduction-3a4367280d4e?WT.mc_id=academic-105485-koreyst is broken.
2025-04-11T12:33:27.2442989Z ##[error]Process completed with exit code 1.
2025-04-11T12:33:27.3035451Z ##[group]Run cat ./2010120018.md >> $GITHUB_STEP_SUMMARY
2025-04-11T12:33:27.3035806Z [36;1mcat ./2010120018.md >> $GITHUB_STEP_SUMMARY[0m
2025-04-11T12:33:27.3082276Z shell: /usr/bin/bash --noprofile --norc -e -o pipefail {0}
2025-04-11T12:33:27.3082592Z env:
2025-04-11T12:33:27.3082839Z   pythonLocation: /opt/hostedtoolcache/Python/3.10.16/x64
2025-04-11T12:33:27.3083255Z   PKG_CONFIG_PATH: /opt/hostedtoolcache/Python/3.10.16/x64/lib/pkgconfig
2025-04-11T12:33:27.3083678Z   Python_ROOT_DIR: /opt/hostedtoolcache/Python/3.10.16/x64
2025-04-11T12:33:27.3084037Z   Python2_ROOT_DIR: /opt/hostedtoolcache/Python/3.10.16/x64
2025-04-11T12:33:27.3084398Z   Python3_ROOT_DIR: /opt/hostedtoolcache/Python/3.10.16/x64
2025-04-11T12:33:27.3084753Z   LD_LIBRARY_PATH: /opt/hostedtoolcache/Python/3.10.16/x64/lib
2025-04-11T12:33:27.3085056Z   OUTPUT_FILE_NAME: 2010120018
2025-04-11T12:33:27.3085263Z ##[endgroup]
2025-04-11T12:33:27.3752703Z ##[group]Run gh pr comment https://github.com/microsoft/generative-ai-for-beginners/pull/736 -F ./2010120018.md
2025-04-11T12:33:27.3753442Z [36;1mgh pr comment https://github.com/microsoft/generative-ai-for-beginners/pull/736 -F ./2010120018.md[0m
2025-04-11T12:33:27.3799656Z shell: /usr/bin/bash --noprofile --norc -e -o pipefail {0}
2025-04-11T12:33:27.3800002Z env:
2025-04-11T12:33:27.3800266Z   pythonLocation: /opt/hostedtoolcache/Python/3.10.16/x64
2025-04-11T12:33:27.3800726Z   PKG_CONFIG_PATH: /opt/hostedtoolcache/Python/3.10.16/x64/lib/pkgconfig
2025-04-11T12:33:27.3801187Z   Python_ROOT_DIR: /opt/hostedtoolcache/Python/3.10.16/x64
2025-04-11T12:33:27.3801586Z   Python2_ROOT_DIR: /opt/hostedtoolcache/Python/3.10.16/x64
2025-04-11T12:33:27.3802148Z   Python3_ROOT_DIR: /opt/hostedtoolcache/Python/3.10.16/x64
2025-04-11T12:33:27.3802544Z   LD_LIBRARY_PATH: /opt/hostedtoolcache/Python/3.10.16/x64/lib
2025-04-11T12:33:27.3802886Z   OUTPUT_FILE_NAME: 2010120018
2025-04-11T12:33:27.3803340Z   GH_TOKEN: ***
2025-04-11T12:33:27.3803546Z ##[endgroup]
2025-04-11T12:33:28.2998267Z https://github.com/microsoft/generative-ai-for-beginners/pull/736#issuecomment-2796789497
2025-04-11T12:33:28.3558997Z ##[group]Run exit 1
2025-04-11T12:33:28.3559221Z [36;1mexit 1[0m
2025-04-11T12:33:28.3605416Z shell: /usr/bin/bash --noprofile --norc -e -o pipefail {0}
2025-04-11T12:33:28.3605726Z env:
2025-04-11T12:33:28.3605961Z   pythonLocation: /opt/hostedtoolcache/Python/3.10.16/x64
2025-04-11T12:33:28.3606377Z   PKG_CONFIG_PATH: /opt/hostedtoolcache/Python/3.10.16/x64/lib/pkgconfig
2025-04-11T12:33:28.3606968Z   Python_ROOT_DIR: /opt/hostedtoolcache/Python/3.10.16/x64
2025-04-11T12:33:28.3607333Z   Python2_ROOT_DIR: /opt/hostedtoolcache/Python/3.10.16/x64
2025-04-11T12:33:28.3607697Z   Python3_ROOT_DIR: /opt/hostedtoolcache/Python/3.10.16/x64
2025-04-11T12:33:28.3608051Z   LD_LIBRARY_PATH: /opt/hostedtoolcache/Python/3.10.16/x64/lib
2025-04-11T12:33:28.3608356Z   OUTPUT_FILE_NAME: 2010120018
2025-04-11T12:33:28.3608839Z ##[endgroup]
2025-04-11T12:33:28.3678078Z ##[error]Process completed with exit code 1.
2025-04-11T12:33:28.3744503Z Post job cleanup.
2025-04-11T12:33:28.3789442Z Post job cleanup.
2025-04-11T12:33:28.4518859Z [command]/usr/bin/git version
2025-04-11T12:33:28.4553322Z git version 2.49.0
2025-04-11T12:33:28.4596981Z Temporarily overriding HOME='/home/runner/work/_temp/c217e0b6-cbaf-465c-9005-ed3e901d2e73' before making global git config changes
2025-04-11T12:33:28.4598302Z Adding repository directory to the temporary git global config as a safe directory
2025-04-11T12:33:28.4602458Z [command]/usr/bin/git config --global --add safe.directory /home/runner/work/generative-ai-for-beginners/generative-ai-for-beginners
2025-04-11T12:33:28.4634259Z [command]/usr/bin/git config --local --name-only --get-regexp core\.sshCommand
2025-04-11T12:33:28.4664230Z [command]/usr/bin/git submodule foreach --recursive sh -c "git config --local --name-only --get-regexp 'core\.sshCommand' && git config --local --unset-all 'core.sshCommand' || :"
2025-04-11T12:33:28.4900730Z [command]/usr/bin/git config --local --name-only --get-regexp http\.https\:\/\/github\.com\/\.extraheader
2025-04-11T12:33:28.4922244Z http.https://github.com/.extraheader
2025-04-11T12:33:28.4933694Z [command]/usr/bin/git config --local --unset-all http.https://github.com/.extraheader
2025-04-11T12:33:28.4962469Z [command]/usr/bin/git submodule foreach --recursive sh -c "git config --local --name-only --get-regexp 'http\.https\:\/\/github\.com\/\.extraheader' && git config --local --unset-all 'http.https://github.com/.extraheader' || :"
2025-04-11T12:33:28.5288911Z Cleaning up orphan processes
