2025-04-14T13:08:25.1418121Z Requested labels: ubuntu-latest
2025-04-14T13:08:25.1418440Z Job defined at: TryGhost/Ghost/.github/workflows/ci.yml@refs/heads/main
2025-04-14T13:08:25.1418543Z Waiting for a runner to pick up this job...
2025-04-14T13:08:25.9198935Z Job is waiting for a hosted runner to come online.
2025-04-14T13:08:29.4463894Z Job is about to start running on the hosted runner: GitHub Actions 2 (hosted)
2025-04-14T13:08:31.4235502Z Current runner version: '2.323.0'
2025-04-14T13:08:31.4260395Z ##[group]Operating System
2025-04-14T13:08:31.4261280Z Ubuntu
2025-04-14T13:08:31.4261769Z 24.04.2
2025-04-14T13:08:31.4262325Z LTS
2025-04-14T13:08:31.4262810Z ##[endgroup]
2025-04-14T13:08:31.4263351Z ##[group]Runner Image
2025-04-14T13:08:31.4264024Z Image: ubuntu-24.04
2025-04-14T13:08:31.4264586Z Version: 20250406.1.0
2025-04-14T13:08:31.4265705Z Included Software: https://github.com/actions/runner-images/blob/ubuntu24/20250406.1/images/ubuntu/Ubuntu2404-Readme.md
2025-04-14T13:08:31.4267490Z Image Release: https://github.com/actions/runner-images/releases/tag/ubuntu24%2F20250406.1
2025-04-14T13:08:31.4268484Z ##[endgroup]
2025-04-14T13:08:31.4269049Z ##[group]Runner Image Provisioner
2025-04-14T13:08:31.4269693Z 2.0.422.1
2025-04-14T13:08:31.4270206Z ##[endgroup]
2025-04-14T13:08:31.4272731Z ##[group]GITHUB_TOKEN Permissions
2025-04-14T13:08:31.4274709Z Actions: write
2025-04-14T13:08:31.4275583Z Attestations: write
2025-04-14T13:08:31.4276177Z Checks: write
2025-04-14T13:08:31.4276768Z Contents: write
2025-04-14T13:08:31.4277575Z Deployments: write
2025-04-14T13:08:31.4278171Z Discussions: write
2025-04-14T13:08:31.4278746Z Issues: write
2025-04-14T13:08:31.4279259Z Metadata: read
2025-04-14T13:08:31.4279826Z Models: read
2025-04-14T13:08:31.4280329Z Packages: write
2025-04-14T13:08:31.4280908Z Pages: write
2025-04-14T13:08:31.4281498Z PullRequests: write
2025-04-14T13:08:31.4282064Z RepositoryProjects: write
2025-04-14T13:08:31.4282655Z SecurityEvents: write
2025-04-14T13:08:31.4283292Z Statuses: write
2025-04-14T13:08:31.4283814Z ##[endgroup]
2025-04-14T13:08:31.4286758Z Secret source: Actions
2025-04-14T13:08:31.4287817Z Prepare workflow directory
2025-04-14T13:08:31.4819132Z Prepare all required actions
2025-04-14T13:08:31.4855291Z Getting action download info
2025-04-14T13:08:31.8260063Z ##[group]Download immutable action package 'actions/checkout@v4'
2025-04-14T13:08:31.8261216Z Version: 4.2.2
2025-04-14T13:08:31.8262356Z Digest: sha256:ccb2698953eaebd21c7bf6268a94f9c26518a7e38e27e0b83c1fe1ad049819b1
2025-04-14T13:08:31.8263644Z Source commit SHA: 11bd71901bbe5b1630ceea73d27597364c9af683
2025-04-14T13:08:31.8345475Z ##[endgroup]
2025-04-14T13:08:31.9346754Z ##[group]Download immutable action package 'actions/setup-node@v4'
2025-04-14T13:08:31.9347838Z Version: 4.4.0
2025-04-14T13:08:31.9348553Z Digest: sha256:9427cefe82346e992fb5b949e3569b39d537ae41aa3086483b14eceebfc16bc1
2025-04-14T13:08:31.9349487Z Source commit SHA: 49933ea5288caeca8642d1e84afbd3f7d6820020
2025-04-14T13:08:31.9350168Z ##[endgroup]
2025-04-14T13:08:32.2593315Z ##[group]Download immutable action package 'actions/cache@v4'
2025-04-14T13:08:32.2594076Z Version: 4.2.3
2025-04-14T13:08:32.2594806Z Digest: sha256:c8a3bb963e1f1826d8fcc8d1354f0dd29d8ac1db1d4f6f20247055ae11b81ed9
2025-04-14T13:08:32.2595764Z Source commit SHA: 5a3ec84eff668545956fd18022155c47e93e2684
2025-04-14T13:08:32.2596463Z ##[endgroup]
2025-04-14T13:08:32.3648313Z ##[group]Download immutable action package 'actions/upload-artifact@v4'
2025-04-14T13:08:32.3649156Z Version: 4.6.2
2025-04-14T13:08:32.3649872Z Digest: sha256:290722aa3281d5caf23d0acdc3dbeb3424786a1a01a9cc97e72f147225e37c38
2025-04-14T13:08:32.3650806Z Source commit SHA: ea165f8d65b6e75b540449e92b4886f43607fa02
2025-04-14T13:08:32.3651472Z ##[endgroup]
2025-04-14T13:08:32.4765988Z Download action repository 'tryghost/actions@main' (SHA:0ae9e7106ad098932c6b71dbf54e71d31cecc7ec)
2025-04-14T13:08:33.1968808Z Complete job name: Admin-X Settings tests
2025-04-14T13:08:33.2764334Z ##[group]Run actions/checkout@v4
2025-04-14T13:08:33.2765725Z with:
2025-04-14T13:08:33.2766563Z   repository: TryGhost/Ghost
2025-04-14T13:08:33.2768048Z   token: ***
2025-04-14T13:08:33.2768879Z   ssh-strict: true
2025-04-14T13:08:33.2769728Z   ssh-user: git
2025-04-14T13:08:33.2770599Z   persist-credentials: true
2025-04-14T13:08:33.2771582Z   clean: true
2025-04-14T13:08:33.2772489Z   sparse-checkout-cone-mode: true
2025-04-14T13:08:33.2773555Z   fetch-depth: 1
2025-04-14T13:08:33.2774683Z   fetch-tags: false
2025-04-14T13:08:33.2775554Z   show-progress: true
2025-04-14T13:08:33.2776436Z   lfs: false
2025-04-14T13:08:33.2856115Z   submodules: false
2025-04-14T13:08:33.2857825Z   set-safe-directory: true
2025-04-14T13:08:33.2861004Z env:
2025-04-14T13:08:33.2862266Z   FORCE_COLOR: 1
2025-04-14T13:08:33.2863307Z   HEAD_COMMIT: 2d8511b9704d8106a522b294a044fbdc42669271
2025-04-14T13:08:33.2866664Z   CACHED_DEPENDENCY_PATHS: /home/runner/work/Ghost/Ghost/node_modules
/home/runner/work/Ghost/Ghost/apps/*/node_modules
/home/runner/work/Ghost/Ghost/ghost/*/node_modules
~/.cache/ms-playwright/

2025-04-14T13:08:33.2870333Z   CACHED_BUILD_PATHS: /home/runner/work/Ghost/Ghost/ghost/*/build

2025-04-14T13:08:33.2871733Z   NX_REJECT_UNKNOWN_LOCAL_CACHE: 0
2025-04-14T13:08:33.2872776Z   NODE_VERSION: 20.11.1
2025-04-14T13:08:33.2873660Z   CI: true
2025-04-14T13:08:33.2874440Z ##[endgroup]
2025-04-14T13:08:33.5439661Z Syncing repository: TryGhost/Ghost
2025-04-14T13:08:33.5444287Z ##[group]Getting Git version info
2025-04-14T13:08:33.5446536Z Working directory is '/home/runner/work/Ghost/Ghost'
2025-04-14T13:08:33.5450146Z [command]/usr/bin/git version
2025-04-14T13:08:33.5542367Z git version 2.49.0
2025-04-14T13:08:33.5573050Z ##[endgroup]
2025-04-14T13:08:33.5594263Z Temporarily overriding HOME='/home/runner/work/_temp/078c6e01-7e29-4a66-aae9-566def5ba294' before making global git config changes
2025-04-14T13:08:33.5597335Z Adding repository directory to the temporary git global config as a safe directory
2025-04-14T13:08:33.5600578Z [command]/usr/bin/git config --global --add safe.directory /home/runner/work/Ghost/Ghost
2025-04-14T13:08:33.5641540Z Deleting the contents of '/home/runner/work/Ghost/Ghost'
2025-04-14T13:08:33.5645585Z ##[group]Initializing the repository
2025-04-14T13:08:33.5651141Z [command]/usr/bin/git init /home/runner/work/Ghost/Ghost
2025-04-14T13:08:33.5740174Z hint: Using 'master' as the name for the initial branch. This default branch name
2025-04-14T13:08:33.5742265Z hint: is subject to change. To configure the initial branch name to use in all
2025-04-14T13:08:33.5744262Z hint: of your new repositories, which will suppress this warning, call:
2025-04-14T13:08:33.5745696Z hint:
2025-04-14T13:08:33.5746738Z hint: 	git config --global init.defaultBranch <name>
2025-04-14T13:08:33.5748159Z hint:
2025-04-14T13:08:33.5749892Z hint: Names commonly chosen instead of 'master' are 'main', 'trunk' and
2025-04-14T13:08:33.5752730Z hint: 'development'. The just-created branch can be renamed via this command:
2025-04-14T13:08:33.5755454Z hint:
2025-04-14T13:08:33.5757149Z hint: 	git branch -m <name>
2025-04-14T13:08:33.5759581Z Initialized empty Git repository in /home/runner/work/Ghost/Ghost/.git/
2025-04-14T13:08:33.5764990Z [command]/usr/bin/git remote add origin https://github.com/TryGhost/Ghost
2025-04-14T13:08:33.5801041Z ##[endgroup]
2025-04-14T13:08:33.5803668Z ##[group]Disabling automatic garbage collection
2025-04-14T13:08:33.5806044Z [command]/usr/bin/git config --local gc.auto 0
2025-04-14T13:08:33.5836553Z ##[endgroup]
2025-04-14T13:08:33.5839247Z ##[group]Setting up auth
2025-04-14T13:08:33.5844534Z [command]/usr/bin/git config --local --name-only --get-regexp core\.sshCommand
2025-04-14T13:08:33.5877903Z [command]/usr/bin/git submodule foreach --recursive sh -c "git config --local --name-only --get-regexp 'core\.sshCommand' && git config --local --unset-all 'core.sshCommand' || :"
2025-04-14T13:08:33.6229148Z [command]/usr/bin/git config --local --name-only --get-regexp http\.https\:\/\/github\.com\/\.extraheader
2025-04-14T13:08:33.6258964Z [command]/usr/bin/git submodule foreach --recursive sh -c "git config --local --name-only --get-regexp 'http\.https\:\/\/github\.com\/\.extraheader' && git config --local --unset-all 'http.https://github.com/.extraheader' || :"
2025-04-14T13:08:33.6490696Z [command]/usr/bin/git config --local http.https://github.com/.extraheader AUTHORIZATION: basic ***
2025-04-14T13:08:33.6540555Z ##[endgroup]
2025-04-14T13:08:33.6542461Z ##[group]Fetching the repository
2025-04-14T13:08:33.6558069Z [command]/usr/bin/git -c protocol.version=2 fetch --no-tags --prune --no-recurse-submodules --depth=1 origin +2d8511b9704d8106a522b294a044fbdc42669271:refs/remotes/origin/main
2025-04-14T13:08:35.7966128Z From https://github.com/TryGhost/Ghost
2025-04-14T13:08:35.7967122Z  * [new ref]         2d8511b9704d8106a522b294a044fbdc42669271 -> origin/main
2025-04-14T13:08:35.8026642Z ##[endgroup]
2025-04-14T13:08:35.8027410Z ##[group]Determining the checkout info
2025-04-14T13:08:35.8029307Z ##[endgroup]
2025-04-14T13:08:35.8034452Z [command]/usr/bin/git sparse-checkout disable
2025-04-14T13:08:35.8075020Z [command]/usr/bin/git config --local --unset-all extensions.worktreeConfig
2025-04-14T13:08:35.8103252Z ##[group]Checking out the ref
2025-04-14T13:08:35.8107782Z [command]/usr/bin/git checkout --progress --force -B main refs/remotes/origin/main
2025-04-14T13:08:36.2229105Z Switched to a new branch 'main'
2025-04-14T13:08:36.2229950Z branch 'main' set up to track 'origin/main'.
2025-04-14T13:08:36.2256375Z ##[endgroup]
2025-04-14T13:08:36.2292629Z [command]/usr/bin/git log -1 --format=%H
2025-04-14T13:08:36.2316316Z 2d8511b9704d8106a522b294a044fbdc42669271
2025-04-14T13:08:36.2528529Z ##[group]Run actions/setup-node@v4
2025-04-14T13:08:36.2528841Z with:
2025-04-14T13:08:36.2529028Z   node-version: 20.11.1
2025-04-14T13:08:36.2529242Z   always-auth: false
2025-04-14T13:08:36.2529436Z   check-latest: false
2025-04-14T13:08:36.2529768Z   token: ***
2025-04-14T13:08:36.2529959Z env:
2025-04-14T13:08:36.2530125Z   FORCE_COLOR: 0
2025-04-14T13:08:36.2530364Z   HEAD_COMMIT: 2d8511b9704d8106a522b294a044fbdc42669271
2025-04-14T13:08:36.2531212Z   CACHED_DEPENDENCY_PATHS: /home/runner/work/Ghost/Ghost/node_modules
/home/runner/work/Ghost/Ghost/apps/*/node_modules
/home/runner/work/Ghost/Ghost/ghost/*/node_modules
~/.cache/ms-playwright/

2025-04-14T13:08:36.2532071Z   CACHED_BUILD_PATHS: /home/runner/work/Ghost/Ghost/ghost/*/build

2025-04-14T13:08:36.2532414Z   NX_REJECT_UNKNOWN_LOCAL_CACHE: 0
2025-04-14T13:08:36.2532667Z   NODE_VERSION: 20.11.1
2025-04-14T13:08:36.2532861Z   CI: true
2025-04-14T13:08:36.2533032Z ##[endgroup]
2025-04-14T13:08:36.4217734Z Attempting to download 20.11.1...
2025-04-14T13:08:37.0613750Z Acquiring 20.11.1 - x64 from https://github.com/actions/node-versions/releases/download/20.11.1-7910924545/node-20.11.1-linux-x64.tar.gz
2025-04-14T13:08:37.6957448Z Extracting ...
2025-04-14T13:08:37.7058805Z [command]/usr/bin/tar xz --strip 1 --warning=no-unknown-keyword --overwrite -C /home/runner/work/_temp/3794c017-e044-440b-ae06-81641734ed5a -f /home/runner/work/_temp/b2b4b88d-7956-4e48-adda-d265f6a0359c
2025-04-14T13:08:38.6879624Z Adding to the cache ...
2025-04-14T13:08:40.3678666Z ##[group]Environment details
2025-04-14T13:08:40.6325717Z node: v20.11.1
2025-04-14T13:08:40.6326073Z npm: 10.2.4
2025-04-14T13:08:40.6326359Z yarn: 1.22.22
2025-04-14T13:08:40.6327285Z ##[endgroup]
2025-04-14T13:08:40.6589971Z Prepare all required actions
2025-04-14T13:08:40.6590415Z Getting action download info
2025-04-14T13:08:40.9721524Z ##[group]Download immutable action package 'actions/github-script@v6'
2025-04-14T13:08:40.9721946Z Version: 6.4.1
2025-04-14T13:08:40.9722336Z Digest: sha256:c493e77940bce2b1f3c9cb8e34f9a4c963412fab10227de97afd5905dec76e82
2025-04-14T13:08:40.9722872Z Source commit SHA: d7906e4ad0b1822421a7e6a35d5ca353c962f410
2025-04-14T13:08:40.9723224Z ##[endgroup]
2025-04-14T13:08:41.2248961Z ##[group]Run ./.github/actions/restore-cache
2025-04-14T13:08:41.2249411Z env:
2025-04-14T13:08:41.2249607Z   FORCE_COLOR: 1
2025-04-14T13:08:41.2249845Z   HEAD_COMMIT: 2d8511b9704d8106a522b294a044fbdc42669271
2025-04-14T13:08:41.2250671Z   CACHED_DEPENDENCY_PATHS: /home/runner/work/Ghost/Ghost/node_modules
/home/runner/work/Ghost/Ghost/apps/*/node_modules
/home/runner/work/Ghost/Ghost/ghost/*/node_modules
~/.cache/ms-playwright/

2025-04-14T13:08:41.2251752Z   CACHED_BUILD_PATHS: /home/runner/work/Ghost/Ghost/ghost/*/build

2025-04-14T13:08:41.2252244Z   NX_REJECT_UNKNOWN_LOCAL_CACHE: 0
2025-04-14T13:08:41.2252738Z   NODE_VERSION: 20.11.1
2025-04-14T13:08:41.2252927Z   CI: true
2025-04-14T13:08:41.2253806Z   DEPENDENCY_CACHE_KEY: dep-cache-51efb1595ff07be908a303407bda16e5c7dd8253e0d356511f7022b9f5f5d5a8-2d8511b9704d8106a522b294a044fbdc42669271
2025-04-14T13:08:41.2254550Z ##[endgroup]
2025-04-14T13:08:41.2373256Z ##[group]Run actions/cache/restore@v4
2025-04-14T13:08:41.2373494Z with:
2025-04-14T13:08:41.2374139Z   path: /home/runner/work/Ghost/Ghost/node_modules
/home/runner/work/Ghost/Ghost/apps/*/node_modules
/home/runner/work/Ghost/Ghost/ghost/*/node_modules
~/.cache/ms-playwright/

2025-04-14T13:08:41.2375168Z   key: dep-cache-51efb1595ff07be908a303407bda16e5c7dd8253e0d356511f7022b9f5f5d5a8-2d8511b9704d8106a522b294a044fbdc42669271
2025-04-14T13:08:41.2375731Z   enableCrossOsArchive: false
2025-04-14T13:08:41.2375964Z   fail-on-cache-miss: false
2025-04-14T13:08:41.2376194Z   lookup-only: false
2025-04-14T13:08:41.2376391Z env:
2025-04-14T13:08:41.2376551Z   FORCE_COLOR: 1
2025-04-14T13:08:41.2376796Z   HEAD_COMMIT: 2d8511b9704d8106a522b294a044fbdc42669271
2025-04-14T13:08:41.2377909Z   CACHED_DEPENDENCY_PATHS: /home/runner/work/Ghost/Ghost/node_modules
/home/runner/work/Ghost/Ghost/apps/*/node_modules
/home/runner/work/Ghost/Ghost/ghost/*/node_modules
~/.cache/ms-playwright/

2025-04-14T13:08:41.2378785Z   CACHED_BUILD_PATHS: /home/runner/work/Ghost/Ghost/ghost/*/build

2025-04-14T13:08:41.2379129Z   NX_REJECT_UNKNOWN_LOCAL_CACHE: 0
2025-04-14T13:08:41.2379355Z   NODE_VERSION: 20.11.1
2025-04-14T13:08:41.2379538Z   CI: true
2025-04-14T13:08:41.2380076Z   DEPENDENCY_CACHE_KEY: dep-cache-51efb1595ff07be908a303407bda16e5c7dd8253e0d356511f7022b9f5f5d5a8-2d8511b9704d8106a522b294a044fbdc42669271
2025-04-14T13:08:41.2380680Z ##[endgroup]
2025-04-14T13:08:41.5317714Z Cache hit for: dep-cache-51efb1595ff07be908a303407bda16e5c7dd8253e0d356511f7022b9f5f5d5a8-2d8511b9704d8106a522b294a044fbdc42669271
2025-04-14T13:08:42.7074157Z Received 71303168 of 246851052 (28.9%), 67.9 MBs/sec
2025-04-14T13:08:43.7076191Z Received 213909504 of 246851052 (86.7%), 101.9 MBs/sec
2025-04-14T13:08:44.0367491Z Received 246851052 of 246851052 (100.0%), 101.0 MBs/sec
2025-04-14T13:08:44.0370441Z Cache Size: ~235 MB (246851052 B)
2025-04-14T13:08:44.0480108Z [command]/usr/bin/tar -xf /home/runner/work/_temp/b0695b16-fb0d-4dcf-adde-7427dd698f4b/cache.tzst -P -C /home/runner/work/Ghost/Ghost --use-compress-program unzstd
2025-04-14T13:08:51.3627317Z Cache restored successfully
2025-04-14T13:08:51.6132243Z Cache restored from key: dep-cache-51efb1595ff07be908a303407bda16e5c7dd8253e0d356511f7022b9f5f5d5a8-2d8511b9704d8106a522b294a044fbdc42669271
2025-04-14T13:08:51.6261402Z ##[group]Run actions/cache/restore@v4
2025-04-14T13:08:51.6261650Z with:
2025-04-14T13:08:51.6261871Z   path: /home/runner/work/Ghost/Ghost/ghost/*/build

2025-04-14T13:08:51.6262184Z   key: 2d8511b9704d8106a522b294a044fbdc42669271
2025-04-14T13:08:51.6262676Z   enableCrossOsArchive: false
2025-04-14T13:08:51.6262929Z   fail-on-cache-miss: false
2025-04-14T13:08:51.6263163Z   lookup-only: false
2025-04-14T13:08:51.6263351Z env:
2025-04-14T13:08:51.6263534Z   FORCE_COLOR: 1
2025-04-14T13:08:51.6263775Z   HEAD_COMMIT: 2d8511b9704d8106a522b294a044fbdc42669271
2025-04-14T13:08:51.6264601Z   CACHED_DEPENDENCY_PATHS: /home/runner/work/Ghost/Ghost/node_modules
/home/runner/work/Ghost/Ghost/apps/*/node_modules
/home/runner/work/Ghost/Ghost/ghost/*/node_modules
~/.cache/ms-playwright/

2025-04-14T13:08:51.6265442Z   CACHED_BUILD_PATHS: /home/runner/work/Ghost/Ghost/ghost/*/build

2025-04-14T13:08:51.6265772Z   NX_REJECT_UNKNOWN_LOCAL_CACHE: 0
2025-04-14T13:08:51.6266011Z   NODE_VERSION: 20.11.1
2025-04-14T13:08:51.6266204Z   CI: true
2025-04-14T13:08:51.6266757Z   DEPENDENCY_CACHE_KEY: dep-cache-51efb1595ff07be908a303407bda16e5c7dd8253e0d356511f7022b9f5f5d5a8-2d8511b9704d8106a522b294a044fbdc42669271
2025-04-14T13:08:51.6267602Z ##[endgroup]
2025-04-14T13:08:51.9165855Z Cache hit for: 2d8511b9704d8106a522b294a044fbdc42669271
2025-04-14T13:08:52.1752298Z Received 59837 of 59837 (100.0%), 0.6 MBs/sec
2025-04-14T13:08:52.1753367Z Cache Size: ~0 MB (59837 B)
2025-04-14T13:08:52.1793258Z [command]/usr/bin/tar -xf /home/runner/work/_temp/5576f031-7e27-4236-8f92-4e50ae0b8275/cache.tzst -P -C /home/runner/work/Ghost/Ghost --use-compress-program unzstd
2025-04-14T13:08:52.1865972Z Cache restored successfully
2025-04-14T13:08:52.1943208Z Cache restored from key: 2d8511b9704d8106a522b294a044fbdc42669271
2025-04-14T13:08:52.2045339Z ##[group]Run echo "version=$(node -p "require('@playwright/test/package.json').version")" >> $GITHUB_OUTPUT
2025-04-14T13:08:52.2046144Z [36;1mecho "version=$(node -p "require('@playwright/test/package.json').version")" >> $GITHUB_OUTPUT[0m
2025-04-14T13:08:52.2095313Z shell: /usr/bin/bash -e {0}
2025-04-14T13:08:52.2095580Z env:
2025-04-14T13:08:52.2095761Z   FORCE_COLOR: 1
2025-04-14T13:08:52.2096019Z   HEAD_COMMIT: 2d8511b9704d8106a522b294a044fbdc42669271
2025-04-14T13:08:52.2096872Z   CACHED_DEPENDENCY_PATHS: /home/runner/work/Ghost/Ghost/node_modules
/home/runner/work/Ghost/Ghost/apps/*/node_modules
/home/runner/work/Ghost/Ghost/ghost/*/node_modules
~/.cache/ms-playwright/

2025-04-14T13:08:52.2098125Z   CACHED_BUILD_PATHS: /home/runner/work/Ghost/Ghost/ghost/*/build

2025-04-14T13:08:52.2098467Z   NX_REJECT_UNKNOWN_LOCAL_CACHE: 0
2025-04-14T13:08:52.2098709Z   NODE_VERSION: 20.11.1
2025-04-14T13:08:52.2098915Z   CI: true
2025-04-14T13:08:52.2099091Z ##[endgroup]
2025-04-14T13:08:52.2527368Z ##[group]Run actions/cache@v4
2025-04-14T13:08:52.2527649Z with:
2025-04-14T13:08:52.2527848Z   path: ~/.cache/ms-playwright
2025-04-14T13:08:52.2528121Z   key: Linux-Playwright-1.51.1
2025-04-14T13:08:52.2528375Z   enableCrossOsArchive: false
2025-04-14T13:08:52.2528620Z   fail-on-cache-miss: false
2025-04-14T13:08:52.2528846Z   lookup-only: false
2025-04-14T13:08:52.2529048Z   save-always: false
2025-04-14T13:08:52.2529238Z env:
2025-04-14T13:08:52.2529409Z   FORCE_COLOR: 1
2025-04-14T13:08:52.2529654Z   HEAD_COMMIT: 2d8511b9704d8106a522b294a044fbdc42669271
2025-04-14T13:08:52.2530508Z   CACHED_DEPENDENCY_PATHS: /home/runner/work/Ghost/Ghost/node_modules
/home/runner/work/Ghost/Ghost/apps/*/node_modules
/home/runner/work/Ghost/Ghost/ghost/*/node_modules
~/.cache/ms-playwright/

2025-04-14T13:08:52.2531368Z   CACHED_BUILD_PATHS: /home/runner/work/Ghost/Ghost/ghost/*/build

2025-04-14T13:08:52.2531701Z   NX_REJECT_UNKNOWN_LOCAL_CACHE: 0
2025-04-14T13:08:52.2531973Z   NODE_VERSION: 20.11.1
2025-04-14T13:08:52.2532179Z   CI: true
2025-04-14T13:08:52.2532355Z ##[endgroup]
2025-04-14T13:08:52.5475660Z Cache hit for: Linux-Playwright-1.51.1
2025-04-14T13:08:53.7204239Z Received 75497472 of 449038412 (16.8%), 71.9 MBs/sec
2025-04-14T13:08:54.7239810Z Received 222298112 of 449038412 (49.5%), 105.8 MBs/sec
2025-04-14T13:08:55.7243804Z Received 306184192 of 449038412 (68.2%), 97.2 MBs/sec
2025-04-14T13:08:56.7250311Z Received 398458880 of 449038412 (88.7%), 94.9 MBs/sec
2025-04-14T13:08:57.6699650Z Received 449038412 of 449038412 (100.0%), 86.5 MBs/sec
2025-04-14T13:08:57.6702439Z Cache Size: ~428 MB (449038412 B)
2025-04-14T13:08:57.6745886Z [command]/usr/bin/tar -xf /home/runner/work/_temp/e2e6a98b-12cb-4fdb-ad63-52ef20d4bbe1/cache.tzst -P -C /home/runner/work/Ghost/Ghost --use-compress-program unzstd
2025-04-14T13:09:00.2426515Z Cache restored successfully
2025-04-14T13:09:00.7708418Z Cache restored from key: Linux-Playwright-1.51.1
2025-04-14T13:09:00.7826647Z ##[group]Run npx playwright install-deps
2025-04-14T13:09:00.7827451Z [36;1mnpx playwright install-deps[0m
2025-04-14T13:09:00.7874099Z shell: /usr/bin/bash -e {0}
2025-04-14T13:09:00.7874366Z env:
2025-04-14T13:09:00.7874557Z   FORCE_COLOR: 1
2025-04-14T13:09:00.7874813Z   HEAD_COMMIT: 2d8511b9704d8106a522b294a044fbdc42669271
2025-04-14T13:09:00.7875669Z   CACHED_DEPENDENCY_PATHS: /home/runner/work/Ghost/Ghost/node_modules
/home/runner/work/Ghost/Ghost/apps/*/node_modules
/home/runner/work/Ghost/Ghost/ghost/*/node_modules
~/.cache/ms-playwright/

2025-04-14T13:09:00.7876544Z   CACHED_BUILD_PATHS: /home/runner/work/Ghost/Ghost/ghost/*/build

2025-04-14T13:09:00.7877295Z   NX_REJECT_UNKNOWN_LOCAL_CACHE: 0
2025-04-14T13:09:00.7877548Z   NODE_VERSION: 20.11.1
2025-04-14T13:09:00.7877764Z   CI: true
2025-04-14T13:09:00.7877947Z ##[endgroup]
2025-04-14T13:09:01.5384308Z Installing dependencies...
2025-04-14T13:09:01.5450984Z Switching to root user to install dependencies...
2025-04-14T13:09:01.6180494Z Get:1 file:/etc/apt/apt-mirrors.txt Mirrorlist [142 B]
2025-04-14T13:09:01.6588604Z Hit:2 http://azure.archive.ubuntu.com/ubuntu noble InRelease
2025-04-14T13:09:01.6605542Z Get:3 http://azure.archive.ubuntu.com/ubuntu noble-updates InRelease [126 kB]
2025-04-14T13:09:01.6651904Z Hit:4 http://azure.archive.ubuntu.com/ubuntu noble-backports InRelease
2025-04-14T13:09:01.6663619Z Get:5 http://azure.archive.ubuntu.com/ubuntu noble-security InRelease [126 kB]
2025-04-14T13:09:01.6971892Z Hit:6 https://packages.microsoft.com/repos/azure-cli noble InRelease
2025-04-14T13:09:01.7361402Z Get:7 https://packages.microsoft.com/ubuntu/24.04/prod noble InRelease [3600 B]
2025-04-14T13:09:01.7958146Z Get:8 http://azure.archive.ubuntu.com/ubuntu noble-updates/main amd64 Packages [991 kB]
2025-04-14T13:09:01.8093452Z Get:9 http://azure.archive.ubuntu.com/ubuntu noble-updates/main Translation-en [219 kB]
2025-04-14T13:09:01.8119831Z Get:10 http://azure.archive.ubuntu.com/ubuntu noble-updates/universe amd64 Packages [1053 kB]
2025-04-14T13:09:01.8199710Z Get:11 http://azure.archive.ubuntu.com/ubuntu noble-updates/universe Translation-en [265 kB]
2025-04-14T13:09:01.8226538Z Get:12 http://azure.archive.ubuntu.com/ubuntu noble-updates/restricted Translation-en [182 kB]
2025-04-14T13:09:01.9006820Z Get:13 http://azure.archive.ubuntu.com/ubuntu noble-security/main amd64 Packages [742 kB]
2025-04-14T13:09:01.9058200Z Get:14 http://azure.archive.ubuntu.com/ubuntu noble-security/main Translation-en [142 kB]
2025-04-14T13:09:01.9081711Z Get:15 http://azure.archive.ubuntu.com/ubuntu noble-security/universe amd64 Packages [829 kB]
2025-04-14T13:09:01.9139213Z Get:16 http://azure.archive.ubuntu.com/ubuntu noble-security/universe Translation-en [180 kB]
2025-04-14T13:09:01.9164608Z Get:17 http://azure.archive.ubuntu.com/ubuntu noble-security/restricted Translation-en [175 kB]
2025-04-14T13:09:02.0115880Z Get:18 https://packages.microsoft.com/ubuntu/24.04/prod noble/main amd64 Packages [27.2 kB]
2025-04-14T13:09:02.0282795Z Get:19 https://packages.microsoft.com/ubuntu/24.04/prod noble/main arm64 Packages [17.1 kB]
2025-04-14T13:09:08.7197226Z Fetched 5078 kB in 1s (7569 kB/s)
2025-04-14T13:09:09.3495569Z Reading package lists...
2025-04-14T13:09:09.3742650Z Reading package lists...
2025-04-14T13:09:09.5168446Z Building dependency tree...
2025-04-14T13:09:09.5175302Z Reading state information...
2025-04-14T13:09:09.5309364Z libasound2t64 is already the newest version (1.2.11-1build2).
2025-04-14T13:09:09.5310380Z libasound2t64 set to manually installed.
2025-04-14T13:09:09.5311475Z libatk-bridge2.0-0t64 is already the newest version (2.52.0-1build1).
2025-04-14T13:09:09.5312349Z libatk-bridge2.0-0t64 set to manually installed.
2025-04-14T13:09:09.5313420Z libatk1.0-0t64 is already the newest version (2.52.0-1build1).
2025-04-14T13:09:09.5314254Z libatk1.0-0t64 set to manually installed.
2025-04-14T13:09:09.5315486Z libatspi2.0-0t64 is already the newest version (2.52.0-1build1).
2025-04-14T13:09:09.5317360Z libatspi2.0-0t64 set to manually installed.
2025-04-14T13:09:09.5318556Z libcairo2 is already the newest version (1.18.0-3build1).
2025-04-14T13:09:09.5319302Z libcairo2 set to manually installed.
2025-04-14T13:09:09.5319940Z libcups2t64 is already the newest version (2.4.7-1.2ubuntu7.3).
2025-04-14T13:09:09.5320939Z libcups2t64 set to manually installed.
2025-04-14T13:09:09.5342950Z libdbus-1-3 is already the newest version (1.14.10-4ubuntu4.1).
2025-04-14T13:09:09.5343789Z libdbus-1-3 set to manually installed.
2025-04-14T13:09:09.5344536Z libdrm2 is already the newest version (2.4.122-1~ubuntu0.24.04.1).
2025-04-14T13:09:09.5345279Z libdrm2 set to manually installed.
2025-04-14T13:09:09.5346360Z libgbm1 is already the newest version (24.2.8-1ubuntu1~24.04.1).
2025-04-14T13:09:09.5347310Z libgbm1 set to manually installed.
2025-04-14T13:09:09.5348093Z libglib2.0-0t64 is already the newest version (2.80.0-6ubuntu3.2).
2025-04-14T13:09:09.5348842Z libglib2.0-0t64 set to manually installed.
2025-04-14T13:09:09.5349616Z libnspr4 is already the newest version (2:4.35-1.1build1).
2025-04-14T13:09:09.5350305Z libnspr4 set to manually installed.
2025-04-14T13:09:09.5350962Z libnss3 is already the newest version (2:3.98-1build1).
2025-04-14T13:09:09.5351615Z libnss3 set to manually installed.
2025-04-14T13:09:09.5352365Z libpango-1.0-0 is already the newest version (1.52.1+ds-1build1).
2025-04-14T13:09:09.5353129Z libpango-1.0-0 set to manually installed.
2025-04-14T13:09:09.5353861Z libx11-6 is already the newest version (2:1.8.7-1build1).
2025-04-14T13:09:09.5354544Z libx11-6 set to manually installed.
2025-04-14T13:09:09.5355244Z libxcb1 is already the newest version (1.15-1ubuntu2).
2025-04-14T13:09:09.5355924Z libxcb1 set to manually installed.
2025-04-14T13:09:09.5356693Z libxcomposite1 is already the newest version (1:0.4.5-1build3).
2025-04-14T13:09:09.5357736Z libxcomposite1 set to manually installed.
2025-04-14T13:09:09.5358565Z libxdamage1 is already the newest version (1:1.1.6-1build1).
2025-04-14T13:09:09.5359309Z libxdamage1 set to manually installed.
2025-04-14T13:09:09.5360031Z libxext6 is already the newest version (2:1.3.4-1build2).
2025-04-14T13:09:09.5360705Z libxext6 set to manually installed.
2025-04-14T13:09:09.5361429Z libxfixes3 is already the newest version (1:6.0.0-2build1).
2025-04-14T13:09:09.5362146Z libxfixes3 set to manually installed.
2025-04-14T13:09:09.5362903Z libxkbcommon0 is already the newest version (1.6.0-1build1).
2025-04-14T13:09:09.5363619Z libxkbcommon0 set to manually installed.
2025-04-14T13:09:09.5364375Z libxrandr2 is already the newest version (2:1.5.2-2build1).
2025-04-14T13:09:09.5365096Z libxrandr2 set to manually installed.
2025-04-14T13:09:09.5365902Z libcairo-gobject2 is already the newest version (1.18.0-3build1).
2025-04-14T13:09:09.5366770Z libcairo-gobject2 set to manually installed.
2025-04-14T13:09:09.5367873Z libfontconfig1 is already the newest version (2.15.0-1.1ubuntu2).
2025-04-14T13:09:09.5368670Z libfontconfig1 set to manually installed.
2025-04-14T13:09:09.5369491Z libfreetype6 is already the newest version (2.13.2+dfsg-1build3).
2025-04-14T13:09:09.5370245Z libfreetype6 set to manually installed.
2025-04-14T13:09:09.5371121Z libgdk-pixbuf-2.0-0 is already the newest version (2.42.10+dfsg-3ubuntu3.1).
2025-04-14T13:09:09.5371972Z libgdk-pixbuf-2.0-0 set to manually installed.
2025-04-14T13:09:09.5372835Z libpangocairo-1.0-0 is already the newest version (1.52.1+ds-1build1).
2025-04-14T13:09:09.5373656Z libpangocairo-1.0-0 set to manually installed.
2025-04-14T13:09:09.5374447Z libx11-xcb1 is already the newest version (2:1.8.7-1build1).
2025-04-14T13:09:09.5375134Z libx11-xcb1 set to manually installed.
2025-04-14T13:09:09.5375885Z libxcb-shm0 is already the newest version (1.15-1ubuntu2).
2025-04-14T13:09:09.5376568Z libxcb-shm0 set to manually installed.
2025-04-14T13:09:09.5377525Z libxcursor1 is already the newest version (1:1.2.1-1build1).
2025-04-14T13:09:09.5378245Z libxcursor1 set to manually installed.
2025-04-14T13:09:09.5379266Z libxi6 is already the newest version (2:1.8.1-1build1).
2025-04-14T13:09:09.5379959Z libxi6 set to manually installed.
2025-04-14T13:09:09.5380702Z libxrender1 is already the newest version (1:0.9.10-1.1build1).
2025-04-14T13:09:09.5381443Z libxrender1 set to manually installed.
2025-04-14T13:09:09.5382170Z libicu74 is already the newest version (74.2-1ubuntu3.1).
2025-04-14T13:09:09.5382912Z libicu74 set to manually installed.
2025-04-14T13:09:09.5383738Z libatomic1 is already the newest version (14.2.0-4ubuntu2~24.04).
2025-04-14T13:09:09.5384498Z libatomic1 set to manually installed.
2025-04-14T13:09:09.5385265Z libenchant-2-2 is already the newest version (2.3.3-2build2).
2025-04-14T13:09:09.5386323Z libenchant-2-2 set to manually installed.
2025-04-14T13:09:09.5387284Z libepoxy0 is already the newest version (1.5.10-1build1).
2025-04-14T13:09:09.5387977Z libepoxy0 set to manually installed.
2025-04-14T13:09:09.5388754Z libgstreamer1.0-0 is already the newest version (1.24.2-1ubuntu0.1).
2025-04-14T13:09:09.5389561Z libgstreamer1.0-0 set to manually installed.
2025-04-14T13:09:09.5390339Z libharfbuzz0b is already the newest version (8.3.0-2build2).
2025-04-14T13:09:09.5391072Z libharfbuzz0b set to manually installed.
2025-04-14T13:09:09.5391864Z libjpeg-turbo8 is already the newest version (2.1.5-2ubuntu2).
2025-04-14T13:09:09.5392638Z libjpeg-turbo8 set to manually installed.
2025-04-14T13:09:09.5393373Z liblcms2-2 is already the newest version (2.14-2build1).
2025-04-14T13:09:09.5394018Z liblcms2-2 set to manually installed.
2025-04-14T13:09:09.5394764Z libpng16-16t64 is already the newest version (1.6.43-5build1).
2025-04-14T13:09:09.6728007Z libpng16-16t64 set to manually installed.
2025-04-14T13:09:09.6729094Z libwayland-client0 is already the newest version (1.22.0-2.1build1).
2025-04-14T13:09:09.6730011Z libwayland-client0 set to manually installed.
2025-04-14T13:09:09.6730924Z libwayland-egl1 is already the newest version (1.22.0-2.1build1).
2025-04-14T13:09:09.6731760Z libwayland-egl1 set to manually installed.
2025-04-14T13:09:09.6732671Z libwayland-server0 is already the newest version (1.22.0-2.1build1).
2025-04-14T13:09:09.6733639Z libwayland-server0 set to manually installed.
2025-04-14T13:09:09.6734511Z libwebp7 is already the newest version (1.3.2-0.4build3).
2025-04-14T13:09:09.6735284Z libwebp7 set to manually installed.
2025-04-14T13:09:09.6735918Z libwebpdemux2 is already the newest version (1.3.2-0.4build3).
2025-04-14T13:09:09.6736442Z libwebpdemux2 set to manually installed.
2025-04-14T13:09:09.6736898Z libxml2 is already the newest version (2.9.14+dfsg-1.3ubuntu3.2).
2025-04-14T13:09:09.6737545Z libxml2 set to manually installed.
2025-04-14T13:09:09.6737950Z xvfb is already the newest version (2:21.1.12-1ubuntu1.3).
2025-04-14T13:09:09.6738504Z fonts-noto-color-emoji is already the newest version (2.047-0ubuntu0.24.04.1).
2025-04-14T13:09:09.6739031Z fonts-liberation is already the newest version (1:2.1.5-3).
2025-04-14T13:09:09.6739434Z fonts-liberation set to manually installed.
2025-04-14T13:09:09.6739839Z The following additional packages will be installed:
2025-04-14T13:09:09.6740311Z   glib-networking glib-networking-common glib-networking-services
2025-04-14T13:09:09.6740900Z   gsettings-desktop-schemas gtk-update-icon-cache libaa1 libabsl20220623t64
2025-04-14T13:09:09.6741885Z   libass9 libasyncns0 libavc1394-0 libavcodec60 libavfilter9 libavformat60
2025-04-14T13:09:09.6742403Z   libavtp0 libavutil58 libblas3 libbluray2 libbs2b0 libcaca0
2025-04-14T13:09:09.6742897Z   libcairo-script-interpreter2 libcdparanoia0 libchromaprint1 libcjson1
2025-04-14T13:09:09.6743377Z   libcodec2-1.2 libdav1d7 libdc1394-25 libdca0 libdecor-0-0
2025-04-14T13:09:09.6743844Z   libdirectfb-1.7-7t64 libdv4t64 libdvdnav4 libdvdread8t64 libegl-mesa0
2025-04-14T13:09:09.6744370Z   libegl1 libfaad2 libflac12t64 libfluidsynth3 libfreeaptx0 libgav1-1 libgme0
2025-04-14T13:09:09.6745093Z   libgraphene-1.0-0 libgsm1 libgssdp-1.6-0 libgstreamer-plugins-good1.0-0
2025-04-14T13:09:09.6745925Z   libgtk-3-common libgtk-4-common libgupnp-1.6-0 libgupnp-igd-1.6-0 libhwy1t64
2025-04-14T13:09:09.6746464Z   libiec61883-0 libimath-3-1-29t64 libinstpatch-1.0-2 libjack-jackd2-0
2025-04-14T13:09:09.6747207Z   libjxl0.7 liblapack3 liblc3-1 libldacbt-enc2 liblilv-0-0 liblrdf0 libltc11
2025-04-14T13:09:09.6747740Z   libmbedcrypto7t64 libmfx1 libmjpegutils-2.1-0t64 libmodplug1 libmp3lame0
2025-04-14T13:09:09.6748262Z   libmpcdec6 libmpeg2encpp-2.1-0t64 libmpg123-0t64 libmplex2-2.1-0t64
2025-04-14T13:09:09.6748735Z   libmysofa1 libneon27t64 libnice10 libopenal-data libopenal1
2025-04-14T13:09:09.6749227Z   libopenexr-3-1-30 libopenh264-7 libopenmpt0t64 libopenni2-0 liborc-0.4-0t64
2025-04-14T13:09:09.6749731Z   libpipewire-0.3-0t64 libplacebo338 libpocketsphinx3 libpostproc57
2025-04-14T13:09:09.6750379Z   libproxy1v5 libpulse0 libqrencode4 libraptor2-0 librav1e0 libraw1394-11
2025-04-14T13:09:09.6750991Z   librist4 librsvg2-2 librubberband2 libsamplerate0 libsbc1 libsdl2-2.0-0
2025-04-14T13:09:09.6751525Z   libsecret-common libserd-0-0 libshine3 libshout3 libsndfile1 libsndio7.0
2025-04-14T13:09:09.6752025Z   libsord-0-0 libsoundtouch1 libsoup-3.0-0 libsoup-3.0-common libsoxr0
2025-04-14T13:09:09.6752539Z   libspa-0.2-modules libspandsp2t64 libspeex1 libsphinxbase3t64 libsratom-0-0
2025-04-14T13:09:09.6753080Z   libsrt1.5-gnutls libsrtp2-1 libssh-gcrypt-4 libsvtav1enc1d1 libswresample4
2025-04-14T13:09:09.6753609Z   libswscale7 libtag1v5 libtag1v5-vanilla libtheora0 libtwolame0 libudfread0
2025-04-14T13:09:09.6754131Z   libunibreak5 libv4l-0t64 libv4lconvert0t64 libva-drm2 libva-x11-2 libva2
2025-04-14T13:09:09.6754630Z   libvdpau1 libvidstab1.1 libvisual-0.4-0 libvo-aacenc0 libvo-amrwbenc0
2025-04-14T13:09:09.6755150Z   libvorbisenc2 libvpl2 libwavpack1 libwebrtc-audio-processing1 libwildmidi2
2025-04-14T13:09:09.6755698Z   libx265-199 libxcb-xkb1 libxkbcommon-x11-0 libxvidcore4 libyuv0 libzbar0t64
2025-04-14T13:09:09.6756311Z   libzimg2 libzix-0-0 libzvbi-common libzvbi0t64 libzxing3 ocl-icd-libopencl1
2025-04-14T13:09:09.6756839Z   session-migration timgm6mb-soundfont xfonts-encodings xfonts-utils
2025-04-14T13:09:09.6757313Z Suggested packages:
2025-04-14T13:09:09.6757686Z   frei0r-plugins gvfs libcuda1 libnvcuvid1 libnvidia-encode1 libbluray-bdj
2025-04-14T13:09:09.6758205Z   libdirectfb-extra libdv-bin oss-compat libdvdcss2 libvisual-0.4-plugins
2025-04-14T13:09:09.6758707Z   jackd2 liblrdf0-dev libportaudio2 opus-tools pipewire pulseaudio
2025-04-14T13:09:09.6759190Z   raptor2-utils libraw1394-doc librsvg2-bin serdi sndiod sordi speex
2025-04-14T13:09:09.6759628Z   libwildmidi-config opencl-icd fluid-soundfont-gm
2025-04-14T13:09:09.6759952Z Recommended packages:
2025-04-14T13:09:09.6760291Z   fonts-ipafont-mincho fonts-tlwg-loma gstreamer1.0-x libaacs0
2025-04-14T13:09:09.6760775Z   default-libdecor-0-plugin-1 | libdecor-0-plugin-1 gstreamer1.0-gl
2025-04-14T13:09:09.6761273Z   libgtk-3-bin librsvg2-common libgtk-4-bin libgtk-4-media-gstreamer
2025-04-14T13:09:09.6761758Z   libpipewire-0.3-common pocketsphinx-en-us va-driver-all | va-driver
2025-04-14T13:09:09.6762232Z   vdpau-driver-all | vdpau-driver libmagickcore-6.q16-7-extra
2025-04-14T13:09:09.7437097Z The following NEW packages will be installed:
2025-04-14T13:09:09.7438200Z   fonts-freefont-ttf fonts-ipafont-gothic fonts-tlwg-loma-otf fonts-unifont
2025-04-14T13:09:09.7439314Z   fonts-wqy-zenhei glib-networking glib-networking-common
2025-04-14T13:09:09.7440387Z   glib-networking-services gsettings-desktop-schemas gstreamer1.0-libav
2025-04-14T13:09:09.7441523Z   gstreamer1.0-plugins-bad gstreamer1.0-plugins-base gstreamer1.0-plugins-good
2025-04-14T13:09:09.7442551Z   libaa1 libabsl20220623t64 libass9 libasyncns0 libavc1394-0 libavcodec60
2025-04-14T13:09:09.7443701Z   libavfilter9 libavformat60 libavif16 libavtp0 libavutil58 libblas3
2025-04-14T13:09:09.7444525Z   libbluray2 libbs2b0 libcaca0 libcairo-script-interpreter2 libcdparanoia0
2025-04-14T13:09:09.7445620Z   libchromaprint1 libcjson1 libcodec2-1.2 libdav1d7 libdc1394-25 libdca0
2025-04-14T13:09:09.7447170Z   libdecor-0-0 libdirectfb-1.7-7t64 libdv4t64 libdvdnav4 libdvdread8t64
2025-04-14T13:09:09.7447976Z   libegl-mesa0 libegl1 libevent-2.1-7t64 libfaad2 libflac12t64 libflite1
2025-04-14T13:09:09.7448591Z   libfluidsynth3 libfreeaptx0 libgav1-1 libgles2 libgme0 libgraphene-1.0-0
2025-04-14T13:09:09.7449363Z   libgsm1 libgssdp-1.6-0 libgstreamer-gl1.0-0 libgstreamer-plugins-bad1.0-0
2025-04-14T13:09:09.7450180Z   libgstreamer-plugins-base1.0-0 libgstreamer-plugins-good1.0-0 libgtk-4-1
2025-04-14T13:09:09.7450720Z   libgtk-4-common libgupnp-1.6-0 libgupnp-igd-1.6-0 libharfbuzz-icu0
2025-04-14T13:09:09.7451245Z   libhwy1t64 libhyphen0 libiec61883-0 libimath-3-1-29t64 libinstpatch-1.0-2
2025-04-14T13:09:09.7452028Z   libjack-jackd2-0 libjxl0.7 liblapack3 liblc3-1 libldacbt-enc2 liblilv-0-0
2025-04-14T13:09:09.7452524Z   liblrdf0 libltc11 libmanette-0.2-0 libmbedcrypto7t64 libmfx1
2025-04-14T13:09:09.7452971Z   libmjpegutils-2.1-0t64 libmodplug1 libmp3lame0 libmpcdec6
2025-04-14T13:09:09.7453444Z   libmpeg2encpp-2.1-0t64 libmpg123-0t64 libmplex2-2.1-0t64 libmysofa1
2025-04-14T13:09:09.7454066Z   libneon27t64 libnice10 libopenal-data libopenal1 libopenexr-3-1-30
2025-04-14T13:09:09.7454916Z   libopenh264-7 libopenmpt0t64 libopenni2-0 libopus0 liborc-0.4-0t64
2025-04-14T13:09:09.7455473Z   libpipewire-0.3-0t64 libplacebo338 libpocketsphinx3 libpostproc57
2025-04-14T13:09:09.7455987Z   libproxy1v5 libpulse0 libqrencode4 libraptor2-0 librav1e0 libraw1394-11
2025-04-14T13:09:09.7456521Z   librist4 librsvg2-2 librubberband2 libsamplerate0 libsbc1 libsdl2-2.0-0
2025-04-14T13:09:09.7457171Z   libsecret-1-0 libsecret-common libserd-0-0 libshine3 libshout3 libsndfile1
2025-04-14T13:09:09.7457696Z   libsndio7.0 libsord-0-0 libsoundtouch1 libsoup-3.0-0 libsoup-3.0-common
2025-04-14T13:09:09.7458222Z   libsoxr0 libspa-0.2-modules libspandsp2t64 libspeex1 libsphinxbase3t64
2025-04-14T13:09:09.7458741Z   libsratom-0-0 libsrt1.5-gnutls libsrtp2-1 libssh-gcrypt-4 libsvtav1enc1d1
2025-04-14T13:09:09.7459239Z   libswresample4 libswscale7 libtag1v5 libtag1v5-vanilla libtheora0
2025-04-14T13:09:09.7459727Z   libtwolame0 libudfread0 libunibreak5 libv4l-0t64 libv4lconvert0t64
2025-04-14T13:09:09.7460207Z   libva-drm2 libva-x11-2 libva2 libvdpau1 libvidstab1.1 libvisual-0.4-0
2025-04-14T13:09:09.7460701Z   libvo-aacenc0 libvo-amrwbenc0 libvorbisenc2 libvpl2 libvpx9 libwavpack1
2025-04-14T13:09:09.7461231Z   libwebrtc-audio-processing1 libwildmidi2 libwoff1 libx264-164 libx265-199
2025-04-14T13:09:09.7461759Z   libxcb-xkb1 libxkbcommon-x11-0 libxvidcore4 libyuv0 libzbar0t64 libzimg2
2025-04-14T13:09:09.7462250Z   libzix-0-0 libzvbi-common libzvbi0t64 libzxing3 ocl-icd-libopencl1
2025-04-14T13:09:09.7462742Z   session-migration timgm6mb-soundfont xfonts-cyrillic xfonts-encodings
2025-04-14T13:09:09.7463156Z   xfonts-scalable xfonts-utils
2025-04-14T13:09:09.7463487Z The following packages will be upgraded:
2025-04-14T13:09:09.7463894Z   gtk-update-icon-cache libgtk-3-0t64 libgtk-3-common libxslt1.1
2025-04-14T13:09:09.7667128Z 4 upgraded, 179 newly installed, 0 to remove and 92 not upgraded.
2025-04-14T13:09:09.7667809Z Need to get 118 MB of archives.
2025-04-14T13:09:09.7668239Z After this operation, 364 MB of additional disk space will be used.
2025-04-14T13:09:09.7668722Z Get:1 file:/etc/apt/apt-mirrors.txt Mirrorlist [142 B]
2025-04-14T13:09:10.9785625Z Get:2 http://azure.archive.ubuntu.com/ubuntu noble/universe amd64 fonts-ipafont-gothic all 00303-21ubuntu1 [3513 kB]
2025-04-14T13:09:13.1071889Z Get:3 http://azure.archive.ubuntu.com/ubuntu noble/main amd64 fonts-freefont-ttf all 20211204+svn4273-2 [5641 kB]
2025-04-14T13:09:17.9076420Z Get:4 http://azure.archive.ubuntu.com/ubuntu noble/universe amd64 fonts-tlwg-loma-otf all 1:0.7.3-1 [107 kB]
2025-04-14T13:09:22.5778329Z Get:5 http://azure.archive.ubuntu.com/ubuntu noble/universe amd64 fonts-unifont all 1:15.1.01-1build1 [2993 kB]
2025-04-14T13:09:29.2857469Z Get:6 http://azure.archive.ubuntu.com/ubuntu noble/universe amd64 fonts-wqy-zenhei all 0.9.45-8 [7472 kB]
2025-04-14T13:10:07.2524688Z Get:7 http://azure.archive.ubuntu.com/ubuntu noble/main amd64 libproxy1v5 amd64 0.5.4-4build1 [26.5 kB]
2025-04-14T13:10:07.5721215Z Get:8 http://azure.archive.ubuntu.com/ubuntu noble/main amd64 glib-networking-common all 2.80.0-1build1 [6702 B]
2025-04-14T13:10:07.6935985Z Get:9 http://azure.archive.ubuntu.com/ubuntu noble/main amd64 glib-networking-services amd64 2.80.0-1build1 [12.8 kB]
2025-04-14T13:10:07.9384359Z Get:10 http://azure.archive.ubuntu.com/ubuntu noble/main amd64 session-migration amd64 0.3.9build1 [9034 B]
2025-04-14T13:10:08.0582271Z Get:11 http://azure.archive.ubuntu.com/ubuntu noble-updates/main amd64 gsettings-desktop-schemas all 46.1-0ubuntu1 [35.6 kB]
2025-04-14T13:10:08.4260912Z Get:12 http://azure.archive.ubuntu.com/ubuntu noble/main amd64 glib-networking amd64 2.80.0-1build1 [64.1 kB]
2025-04-14T13:10:08.5717756Z Get:13 http://azure.archive.ubuntu.com/ubuntu noble/universe amd64 libva2 amd64 2.20.0-2build1 [66.2 kB]
2025-04-14T13:10:08.6458828Z Get:14 http://azure.archive.ubuntu.com/ubuntu noble/universe amd64 libva-drm2 amd64 2.20.0-2build1 [7124 B]
2025-04-14T13:10:08.7005989Z Get:15 http://azure.archive.ubuntu.com/ubuntu noble/universe amd64 libva-x11-2 amd64 2.20.0-2build1 [12.0 kB]
2025-04-14T13:10:08.7513540Z Get:16 http://azure.archive.ubuntu.com/ubuntu noble/main amd64 libvdpau1 amd64 1.5-2build1 [27.8 kB]
2025-04-14T13:10:08.8029451Z Get:17 http://azure.archive.ubuntu.com/ubuntu noble/universe amd64 libvpl2 amd64 2023.3.0-1build1 [99.8 kB]
2025-04-14T13:10:08.8572761Z Get:18 http://azure.archive.ubuntu.com/ubuntu noble/universe amd64 ocl-icd-libopencl1 amd64 2.3.2-1build1 [38.5 kB]
2025-04-14T13:10:08.9080244Z Get:19 http://azure.archive.ubuntu.com/ubuntu noble/universe amd64 libavutil58 amd64 7:6.1.1-3ubuntu5 [401 kB]
2025-04-14T13:10:09.0089968Z Get:20 http://azure.archive.ubuntu.com/ubuntu noble/universe amd64 libcodec2-1.2 amd64 1.2.0-2build1 [8998 kB]
2025-04-14T13:10:09.3978553Z Get:21 http://azure.archive.ubuntu.com/ubuntu noble/universe amd64 libdav1d7 amd64 1.4.1-1build1 [604 kB]
2025-04-14T13:10:09.4948077Z Get:22 http://azure.archive.ubuntu.com/ubuntu noble/universe amd64 libgsm1 amd64 1.0.22-1build1 [27.8 kB]
2025-04-14T13:10:09.5463300Z Get:23 http://azure.archive.ubuntu.com/ubuntu noble/universe amd64 libhwy1t64 amd64 1.0.7-8.1build1 [584 kB]
2025-04-14T13:10:09.6462091Z Get:24 http://azure.archive.ubuntu.com/ubuntu noble/universe amd64 libjxl0.7 amd64 0.7.0-10.2ubuntu6 [999 kB]
2025-04-14T13:10:09.7558250Z Get:25 http://azure.archive.ubuntu.com/ubuntu noble/main amd64 libmp3lame0 amd64 3.100-6build1 [142 kB]
2025-04-14T13:10:09.8100211Z Get:26 http://azure.archive.ubuntu.com/ubuntu noble/main amd64 libopus0 amd64 1.4-1build1 [208 kB]
2025-04-14T13:10:09.8649743Z Get:27 http://azure.archive.ubuntu.com/ubuntu noble/universe amd64 librav1e0 amd64 0.7.1-2 [1022 kB]
2025-04-14T13:10:09.9931945Z Get:28 http://azure.archive.ubuntu.com/ubuntu noble/main amd64 librsvg2-2 amd64 2.58.0+dfsg-1build1 [2135 kB]
2025-04-14T13:10:10.1450055Z Get:29 http://azure.archive.ubuntu.com/ubuntu noble/universe amd64 libshine3 amd64 3.1.1-2build1 [23.2 kB]
2025-04-14T13:10:10.1989543Z Get:30 http://azure.archive.ubuntu.com/ubuntu noble-updates/main amd64 libspeex1 amd64 1.2.1-2ubuntu2.24.04.1 [59.6 kB]
2025-04-14T13:10:10.2494348Z Get:31 http://azure.archive.ubuntu.com/ubuntu noble/universe amd64 libsvtav1enc1d1 amd64 1.7.0+dfsg-2build1 [2425 kB]
2025-04-14T13:10:10.4040008Z Get:32 http://azure.archive.ubuntu.com/ubuntu noble/universe amd64 libsoxr0 amd64 0.1.3-4build3 [80.0 kB]
2025-04-14T13:10:10.4502576Z Get:33 http://azure.archive.ubuntu.com/ubuntu noble/universe amd64 libswresample4 amd64 7:6.1.1-3ubuntu5 [63.8 kB]
2025-04-14T13:10:10.4952307Z Get:34 http://azure.archive.ubuntu.com/ubuntu noble/main amd64 libtheora0 amd64 1.1.1+dfsg.1-16.1build3 [211 kB]
2025-04-14T13:10:10.5503861Z Get:35 http://azure.archive.ubuntu.com/ubuntu noble/main amd64 libtwolame0 amd64 0.4.0-2build3 [52.3 kB]
2025-04-14T13:10:10.5968265Z Get:36 http://azure.archive.ubuntu.com/ubuntu noble/main amd64 libvorbisenc2 amd64 1.3.7-1build3 [80.8 kB]
2025-04-14T13:10:10.6428004Z Get:37 http://azure.archive.ubuntu.com/ubuntu noble-updates/main amd64 libvpx9 amd64 1.14.0-1ubuntu2.1 [1143 kB]
2025-04-14T13:10:10.7472031Z Get:38 http://azure.archive.ubuntu.com/ubuntu noble/universe amd64 libx264-164 amd64 2:0.164.3108+git31e19f9-1 [604 kB]
2025-04-14T13:10:10.8475803Z Get:39 http://azure.archive.ubuntu.com/ubuntu noble/universe amd64 libx265-199 amd64 3.5-2build1 [1226 kB]
2025-04-14T13:10:10.9642247Z Get:40 http://azure.archive.ubuntu.com/ubuntu noble/universe amd64 libxvidcore4 amd64 2:1.3.7-1build1 [219 kB]
2025-04-14T13:10:11.0162263Z Get:41 http://azure.archive.ubuntu.com/ubuntu noble/universe amd64 libzvbi-common all 0.2.42-2 [42.4 kB]
2025-04-14T13:10:11.0667919Z Get:42 http://azure.archive.ubuntu.com/ubuntu noble/universe amd64 libzvbi0t64 amd64 0.2.42-2 [261 kB]
2025-04-14T13:10:11.1277493Z Get:43 http://azure.archive.ubuntu.com/ubuntu noble/universe amd64 libavcodec60 amd64 7:6.1.1-3ubuntu5 [5851 kB]
2025-04-14T13:10:11.3951141Z Get:44 http://azure.archive.ubuntu.com/ubuntu noble/universe amd64 libunibreak5 amd64 5.1-2build1 [25.0 kB]
2025-04-14T13:10:11.4462879Z Get:45 http://azure.archive.ubuntu.com/ubuntu noble/universe amd64 libass9 amd64 1:0.17.1-2build1 [104 kB]
2025-04-14T13:10:11.4976754Z Get:46 http://azure.archive.ubuntu.com/ubuntu noble/universe amd64 libudfread0 amd64 1.1.2-1build1 [19.0 kB]
2025-04-14T13:10:11.5532416Z Get:47 http://azure.archive.ubuntu.com/ubuntu noble/universe amd64 libbluray2 amd64 1:1.3.4-1build1 [159 kB]
2025-04-14T13:10:11.6096465Z Get:48 http://azure.archive.ubuntu.com/ubuntu noble/universe amd64 libchromaprint1 amd64 1.5.1-5 [30.5 kB]
2025-04-14T13:10:11.6651139Z Get:49 http://azure.archive.ubuntu.com/ubuntu noble/universe amd64 libgme0 amd64 0.6.3-7build1 [134 kB]
2025-04-14T13:10:11.7206066Z Get:50 http://azure.archive.ubuntu.com/ubuntu noble-updates/main amd64 libmpg123-0t64 amd64 1.32.5-1ubuntu1.1 [169 kB]
2025-04-14T13:10:11.7776608Z Get:51 http://azure.archive.ubuntu.com/ubuntu noble/universe amd64 libopenmpt0t64 amd64 0.7.3-1.1build3 [647 kB]
2025-04-14T13:10:11.8892595Z Get:52 http://azure.archive.ubuntu.com/ubuntu noble/universe amd64 libcjson1 amd64 1.7.17-1 [24.8 kB]
2025-04-14T13:10:11.9474143Z Get:53 http://azure.archive.ubuntu.com/ubuntu noble/universe amd64 libmbedcrypto7t64 amd64 2.28.8-1 [209 kB]
2025-04-14T13:10:12.0042506Z Get:54 http://azure.archive.ubuntu.com/ubuntu noble/universe amd64 librist4 amd64 0.2.10+dfsg-2 [74.9 kB]
2025-04-14T13:10:12.0552355Z Get:55 http://azure.archive.ubuntu.com/ubuntu noble/universe amd64 libsrt1.5-gnutls amd64 1.5.3-1build2 [316 kB]
2025-04-14T13:10:12.1194945Z Get:56 http://azure.archive.ubuntu.com/ubuntu noble/main amd64 libssh-gcrypt-4 amd64 0.10.6-2build2 [223 kB]
2025-04-14T13:10:12.1869067Z Get:57 http://azure.archive.ubuntu.com/ubuntu noble/universe amd64 libavformat60 amd64 7:6.1.1-3ubuntu5 [1153 kB]
2025-04-14T13:10:12.3417770Z Get:58 http://azure.archive.ubuntu.com/ubuntu noble/universe amd64 libbs2b0 amd64 3.1.0+dfsg-7build1 [10.6 kB]
2025-04-14T13:10:12.3925261Z Get:59 http://azure.archive.ubuntu.com/ubuntu noble/universe amd64 libflite1 amd64 2.2-6build3 [13.6 MB]
2025-04-14T13:10:12.8321788Z Get:60 http://azure.archive.ubuntu.com/ubuntu noble/universe amd64 libserd-0-0 amd64 0.32.2-1 [43.6 kB]
2025-04-14T13:10:12.8776263Z Get:61 http://azure.archive.ubuntu.com/ubuntu noble/universe amd64 libzix-0-0 amd64 0.4.2-2build1 [23.6 kB]
2025-04-14T13:10:12.9237368Z Get:62 http://azure.archive.ubuntu.com/ubuntu noble/universe amd64 libsord-0-0 amd64 0.16.16-2build1 [15.8 kB]
2025-04-14T13:10:12.9702436Z Get:63 http://azure.archive.ubuntu.com/ubuntu noble/universe amd64 libsratom-0-0 amd64 0.6.16-1build1 [17.3 kB]
2025-04-14T13:10:13.0162811Z Get:64 http://azure.archive.ubuntu.com/ubuntu noble/universe amd64 liblilv-0-0 amd64 0.24.22-1build1 [41.0 kB]
2025-04-14T13:10:13.0652075Z Get:65 http://azure.archive.ubuntu.com/ubuntu noble/universe amd64 libmysofa1 amd64 1.3.2+dfsg-2ubuntu2 [1158 kB]
2025-04-14T13:10:13.1983456Z Get:66 http://azure.archive.ubuntu.com/ubuntu noble/universe amd64 libplacebo338 amd64 6.338.2-2build1 [2654 kB]
2025-04-14T13:10:13.3760460Z Get:67 http://azure.archive.ubuntu.com/ubuntu noble-updates/main amd64 libblas3 amd64 3.12.0-3build1.1 [238 kB]
2025-04-14T13:10:13.4231901Z Get:68 http://azure.archive.ubuntu.com/ubuntu noble-updates/main amd64 liblapack3 amd64 3.12.0-3build1.1 [2646 kB]
2025-04-14T13:10:13.5987585Z Get:69 http://azure.archive.ubuntu.com/ubuntu noble/main amd64 libasyncns0 amd64 0.8-6build4 [11.3 kB]
2025-04-14T13:10:13.6433816Z Get:70 http://azure.archive.ubuntu.com/ubuntu noble/main amd64 libflac12t64 amd64 1.4.3+ds-2.1ubuntu2 [197 kB]
2025-04-14T13:10:13.6909106Z Get:71 http://azure.archive.ubuntu.com/ubuntu noble-updates/main amd64 libsndfile1 amd64 1.2.2-1ubuntu5.24.04.1 [209 kB]
2025-04-14T13:10:13.7399512Z Get:72 http://azure.archive.ubuntu.com/ubuntu noble-updates/main amd64 libpulse0 amd64 1:16.1+dfsg1-2ubuntu10.1 [292 kB]
2025-04-14T13:10:13.7882692Z Get:73 http://azure.archive.ubuntu.com/ubuntu noble/universe amd64 libsphinxbase3t64 amd64 0.8+5prealpha+1-17build2 [126 kB]
2025-04-14T13:10:13.8338409Z Get:74 http://azure.archive.ubuntu.com/ubuntu noble/universe amd64 libpocketsphinx3 amd64 0.8.0+real5prealpha+1-15ubuntu5 [133 kB]
2025-04-14T13:10:13.8812344Z Get:75 http://azure.archive.ubuntu.com/ubuntu noble/universe amd64 libpostproc57 amd64 7:6.1.1-3ubuntu5 [49.9 kB]
2025-04-14T13:10:13.9293448Z Get:76 http://azure.archive.ubuntu.com/ubuntu noble/main amd64 libsamplerate0 amd64 0.2.2-4build1 [1344 kB]
2025-04-14T13:10:14.0626616Z Get:77 http://azure.archive.ubuntu.com/ubuntu noble/universe amd64 librubberband2 amd64 3.3.0+dfsg-2build1 [130 kB]
2025-04-14T13:10:14.1104899Z Get:78 http://azure.archive.ubuntu.com/ubuntu noble/universe amd64 libswscale7 amd64 7:6.1.1-3ubuntu5 [193 kB]
2025-04-14T13:10:14.1638002Z Get:79 http://azure.archive.ubuntu.com/ubuntu noble/universe amd64 libvidstab1.1 amd64 1.1.0-2build1 [38.5 kB]
2025-04-14T13:10:14.2161082Z Get:80 http://azure.archive.ubuntu.com/ubuntu noble/universe amd64 libzimg2 amd64 3.0.5+ds1-1build1 [254 kB]
2025-04-14T13:10:14.2677766Z Get:81 http://azure.archive.ubuntu.com/ubuntu noble/universe amd64 libavfilter9 amd64 7:6.1.1-3ubuntu5 [4235 kB]
2025-04-14T13:10:14.4819055Z Get:82 http://azure.archive.ubuntu.com/ubuntu noble-updates/main amd64 liborc-0.4-0t64 amd64 1:0.4.38-1ubuntu0.1 [207 kB]
2025-04-14T13:10:14.5408647Z Get:83 http://azure.archive.ubuntu.com/ubuntu noble-updates/main amd64 libgstreamer-plugins-base1.0-0 amd64 1.24.2-1ubuntu0.2 [862 kB]
2025-04-14T13:10:14.6524363Z Get:84 http://azure.archive.ubuntu.com/ubuntu noble/universe amd64 gstreamer1.0-libav amd64 1.24.1-1build1 [103 kB]
2025-04-14T13:10:14.7047735Z Get:85 http://azure.archive.ubuntu.com/ubuntu noble/main amd64 libcdparanoia0 amd64 3.10.2+debian-14build3 [48.5 kB]
2025-04-14T13:10:14.7553524Z Get:86 http://azure.archive.ubuntu.com/ubuntu noble/main amd64 libvisual-0.4-0 amd64 0.4.2-2build1 [115 kB]
2025-04-14T13:10:14.8125638Z Get:87 http://azure.archive.ubuntu.com/ubuntu noble-updates/main amd64 gstreamer1.0-plugins-base amd64 1.24.2-1ubuntu0.2 [721 kB]
2025-04-14T13:10:14.9138142Z Get:88 http://azure.archive.ubuntu.com/ubuntu noble/main amd64 libaa1 amd64 1.4p5-51.1 [49.9 kB]
2025-04-14T13:10:14.9645899Z Get:89 http://azure.archive.ubuntu.com/ubuntu noble/main amd64 libraw1394-11 amd64 2.1.2-2build3 [26.2 kB]
2025-04-14T13:10:15.0159306Z Get:90 http://azure.archive.ubuntu.com/ubuntu noble/main amd64 libavc1394-0 amd64 0.5.4-5build3 [15.4 kB]
2025-04-14T13:10:15.0685925Z Get:91 http://azure.archive.ubuntu.com/ubuntu noble/main amd64 libcaca0 amd64 0.99.beta20-4build2 [208 kB]
2025-04-14T13:10:15.1235315Z Get:92 http://azure.archive.ubuntu.com/ubuntu noble/main amd64 libdv4t64 amd64 1.0.0-17.1build1 [63.2 kB]
2025-04-14T13:10:15.1745475Z Get:93 http://azure.archive.ubuntu.com/ubuntu noble-updates/main amd64 libgstreamer-plugins-good1.0-0 amd64 1.24.2-1ubuntu1.1 [32.9 kB]
2025-04-14T13:10:15.2305416Z Get:94 http://azure.archive.ubuntu.com/ubuntu noble/main amd64 libiec61883-0 amd64 1.2.0-6build1 [24.5 kB]
2025-04-14T13:10:15.2812974Z Get:95 http://azure.archive.ubuntu.com/ubuntu noble/main amd64 libshout3 amd64 2.4.6-1build2 [50.3 kB]
2025-04-14T13:10:15.3350572Z Get:96 http://azure.archive.ubuntu.com/ubuntu noble/main amd64 libtag1v5-vanilla amd64 1.13.1-1build1 [326 kB]
2025-04-14T13:10:15.3903636Z Get:97 http://azure.archive.ubuntu.com/ubuntu noble/main amd64 libtag1v5 amd64 1.13.1-1build1 [11.7 kB]
2025-04-14T13:10:15.4402529Z Get:98 http://azure.archive.ubuntu.com/ubuntu noble/main amd64 libv4lconvert0t64 amd64 1.26.1-4build3 [87.6 kB]
2025-04-14T13:10:15.4908577Z Get:99 http://azure.archive.ubuntu.com/ubuntu noble/main amd64 libv4l-0t64 amd64 1.26.1-4build3 [46.9 kB]
2025-04-14T13:10:15.5414489Z Get:100 http://azure.archive.ubuntu.com/ubuntu noble/main amd64 libwavpack1 amd64 5.6.0-1build1 [84.6 kB]
2025-04-14T13:10:15.5923854Z Get:101 http://azure.archive.ubuntu.com/ubuntu noble-updates/main amd64 libsoup-3.0-common all 3.4.4-5ubuntu0.2 [10.6 kB]
2025-04-14T13:10:15.6439386Z Get:102 http://azure.archive.ubuntu.com/ubuntu noble-updates/main amd64 libsoup-3.0-0 amd64 3.4.4-5ubuntu0.2 [287 kB]
2025-04-14T13:10:15.7126227Z Get:103 http://azure.archive.ubuntu.com/ubuntu noble-updates/main amd64 gstreamer1.0-plugins-good amd64 1.24.2-1ubuntu1.1 [2238 kB]
2025-04-14T13:10:15.8878104Z Get:104 http://azure.archive.ubuntu.com/ubuntu noble-updates/main amd64 gtk-update-icon-cache amd64 3.24.41-4ubuntu1.3 [51.9 kB]
2025-04-14T13:10:15.9423030Z Get:105 http://azure.archive.ubuntu.com/ubuntu noble/main amd64 libabsl20220623t64 amd64 20220623.1-3.1ubuntu3 [423 kB]
2025-04-14T13:10:15.9998089Z Get:106 http://azure.archive.ubuntu.com/ubuntu noble/universe amd64 libgav1-1 amd64 0.18.0-1build3 [357 kB]
2025-04-14T13:10:16.0602707Z Get:107 http://azure.archive.ubuntu.com/ubuntu noble/universe amd64 libyuv0 amd64 0.0~git202401110.af6ac82-1 [178 kB]
2025-04-14T13:10:16.1154594Z Get:108 http://azure.archive.ubuntu.com/ubuntu noble/universe amd64 libavif16 amd64 1.0.4-1ubuntu3 [91.2 kB]
2025-04-14T13:10:16.1663509Z Get:109 http://azure.archive.ubuntu.com/ubuntu noble/universe amd64 libavtp0 amd64 0.2.0-1build1 [6414 B]
2025-04-14T13:10:16.2160706Z Get:110 http://azure.archive.ubuntu.com/ubuntu noble/main amd64 libcairo-script-interpreter2 amd64 1.18.0-3build1 [60.3 kB]
2025-04-14T13:10:16.2665522Z Get:111 http://azure.archive.ubuntu.com/ubuntu noble/universe amd64 libdc1394-25 amd64 2.2.6-4build1 [90.1 kB]
2025-04-14T13:10:16.3171118Z Get:112 http://azure.archive.ubuntu.com/ubuntu noble/main amd64 libdecor-0-0 amd64 0.2.2-1build2 [16.5 kB]
2025-04-14T13:10:16.3668596Z Get:113 http://azure.archive.ubuntu.com/ubuntu noble/main amd64 libgles2 amd64 1.7.0-1build1 [17.1 kB]
2025-04-14T13:10:16.4186774Z Get:114 http://azure.archive.ubuntu.com/ubuntu noble/universe amd64 libdirectfb-1.7-7t64 amd64 1.7.7-11.1ubuntu2 [1035 kB]
2025-04-14T13:10:16.5711781Z Get:115 http://azure.archive.ubuntu.com/ubuntu noble/universe amd64 libdvdread8t64 amd64 6.1.3-1.1build1 [54.7 kB]
2025-04-14T13:10:16.6262521Z Get:116 http://azure.archive.ubuntu.com/ubuntu noble/universe amd64 libdvdnav4 amd64 6.1.1-3build1 [39.5 kB]
2025-04-14T13:10:16.6785925Z Get:117 http://azure.archive.ubuntu.com/ubuntu noble-updates/main amd64 libegl-mesa0 amd64 24.2.8-1ubuntu1~24.04.1 [129 kB]
2025-04-14T13:10:16.7443459Z Get:118 http://azure.archive.ubuntu.com/ubuntu noble/main amd64 libevent-2.1-7t64 amd64 2.1.12-stable-9ubuntu2 [145 kB]
2025-04-14T13:10:16.8127648Z Get:119 http://azure.archive.ubuntu.com/ubuntu noble/universe amd64 libfaad2 amd64 2.11.1-1build1 [207 kB]
2025-04-14T13:10:16.8694839Z Get:120 http://azure.archive.ubuntu.com/ubuntu noble/universe amd64 libinstpatch-1.0-2 amd64 1.1.6-1build2 [251 kB]
2025-04-14T13:10:16.9230678Z Get:121 http://azure.archive.ubuntu.com/ubuntu noble/main amd64 libjack-jackd2-0 amd64 1.9.21~dfsg-3ubuntu3 [289 kB]
2025-04-14T13:10:16.9778589Z Get:122 http://azure.archive.ubuntu.com/ubuntu noble/main amd64 libwebrtc-audio-processing1 amd64 0.3.1-0ubuntu6 [290 kB]
2025-04-14T13:10:17.0296777Z Get:123 http://azure.archive.ubuntu.com/ubuntu noble-updates/main amd64 libspa-0.2-modules amd64 1.0.5-1ubuntu3 [626 kB]
2025-04-14T13:10:17.1276401Z Get:124 http://azure.archive.ubuntu.com/ubuntu noble-updates/main amd64 libpipewire-0.3-0t64 amd64 1.0.5-1ubuntu3 [252 kB]
2025-04-14T13:10:17.1867681Z Get:125 http://azure.archive.ubuntu.com/ubuntu noble/main amd64 libsdl2-2.0-0 amd64 2.30.0+dfsg-1build3 [685 kB]
2025-04-14T13:10:17.2987633Z Get:126 http://azure.archive.ubuntu.com/ubuntu noble/universe amd64 timgm6mb-soundfont all 1.3-5 [5427 kB]
2025-04-14T13:10:17.6346499Z Get:127 http://azure.archive.ubuntu.com/ubuntu noble/universe amd64 libfluidsynth3 amd64 2.3.4-1build3 [249 kB]
2025-04-14T13:10:17.7006412Z Get:128 http://azure.archive.ubuntu.com/ubuntu noble/main amd64 libfreeaptx0 amd64 0.1.1-2build1 [13.5 kB]
2025-04-14T13:10:17.7532110Z Get:129 http://azure.archive.ubuntu.com/ubuntu noble/main amd64 libgraphene-1.0-0 amd64 1.10.8-3build2 [46.2 kB]
2025-04-14T13:10:17.8047159Z Get:130 http://azure.archive.ubuntu.com/ubuntu noble/main amd64 libgssdp-1.6-0 amd64 1.6.3-1build3 [40.4 kB]
2025-04-14T13:10:17.8569354Z Get:131 http://azure.archive.ubuntu.com/ubuntu noble/main amd64 libegl1 amd64 1.7.0-1build1 [28.7 kB]
2025-04-14T13:10:17.9071475Z Get:132 http://azure.archive.ubuntu.com/ubuntu noble-updates/main amd64 libgstreamer-gl1.0-0 amd64 1.24.2-1ubuntu0.2 [214 kB]
2025-04-14T13:10:17.9633034Z Get:133 http://azure.archive.ubuntu.com/ubuntu noble-updates/main amd64 libgtk-3-common all 3.24.41-4ubuntu1.3 [1426 kB]
2025-04-14T13:10:18.0793119Z Get:134 http://azure.archive.ubuntu.com/ubuntu noble-updates/main amd64 libgtk-3-0t64 amd64 3.24.41-4ubuntu1.3 [2913 kB]
2025-04-14T13:10:18.2832673Z Get:135 http://azure.archive.ubuntu.com/ubuntu noble-updates/main amd64 libgtk-4-common all 4.14.2+ds-1ubuntu2 [1496 kB]
2025-04-14T13:10:18.4121776Z Get:136 http://azure.archive.ubuntu.com/ubuntu noble-updates/main amd64 libgtk-4-1 amd64 4.14.2+ds-1ubuntu2 [3288 kB]
2025-04-14T13:10:18.6093528Z Get:137 http://azure.archive.ubuntu.com/ubuntu noble/main amd64 libgupnp-1.6-0 amd64 1.6.6-1build3 [92.7 kB]
2025-04-14T13:10:18.6601776Z Get:138 http://azure.archive.ubuntu.com/ubuntu noble/universe amd64 libgupnp-igd-1.6-0 amd64 1.6.0-3build3 [16.5 kB]
2025-04-14T13:10:18.7104704Z Get:139 http://azure.archive.ubuntu.com/ubuntu noble/main amd64 libharfbuzz-icu0 amd64 8.3.0-2build2 [13.3 kB]
2025-04-14T13:10:18.7603545Z Get:140 http://azure.archive.ubuntu.com/ubuntu noble/main amd64 libhyphen0 amd64 2.8.8-7build3 [26.5 kB]
2025-04-14T13:10:18.8100803Z Get:141 http://azure.archive.ubuntu.com/ubuntu noble/universe amd64 libimath-3-1-29t64 amd64 3.1.9-3.1ubuntu2 [72.2 kB]
2025-04-14T13:10:18.8615718Z Get:142 http://azure.archive.ubuntu.com/ubuntu noble/main amd64 liblc3-1 amd64 1.0.4-3build1 [69.7 kB]
2025-04-14T13:10:18.9145365Z Get:143 http://azure.archive.ubuntu.com/ubuntu noble/main amd64 libldacbt-enc2 amd64 2.0.2.3+git20200429+ed310a0-4ubuntu2 [27.1 kB]
2025-04-14T13:10:18.9637438Z Get:144 http://azure.archive.ubuntu.com/ubuntu noble-updates/main amd64 libxslt1.1 amd64 1.1.39-0exp1ubuntu0.24.04.2 [167 kB]
2025-04-14T13:10:19.0149776Z Get:145 http://azure.archive.ubuntu.com/ubuntu noble-updates/main amd64 libraptor2-0 amd64 2.0.16-3ubuntu0.1 [165 kB]
2025-04-14T13:10:19.0657378Z Get:146 http://azure.archive.ubuntu.com/ubuntu noble/universe amd64 liblrdf0 amd64 0.6.1-4build1 [18.5 kB]
2025-04-14T13:10:19.1156815Z Get:147 http://azure.archive.ubuntu.com/ubuntu noble/universe amd64 libltc11 amd64 1.3.2-1build1 [13.0 kB]
2025-04-14T13:10:19.1657481Z Get:148 http://azure.archive.ubuntu.com/ubuntu noble/main amd64 libmanette-0.2-0 amd64 0.2.7-1build2 [30.6 kB]
2025-04-14T13:10:19.2155842Z Get:149 http://azure.archive.ubuntu.com/ubuntu noble/universe amd64 libmfx1 amd64 22.5.4-1 [3124 kB]
2025-04-14T13:10:19.4114337Z Get:150 http://azure.archive.ubuntu.com/ubuntu noble/universe amd64 libmjpegutils-2.1-0t64 amd64 1:2.1.0+debian-8.1build1 [25.5 kB]
2025-04-14T13:10:19.4629499Z Get:151 http://azure.archive.ubuntu.com/ubuntu noble/universe amd64 libmodplug1 amd64 1:0.8.9.0-3build1 [166 kB]
2025-04-14T13:10:19.5195525Z Get:152 http://azure.archive.ubuntu.com/ubuntu noble/universe amd64 libmpcdec6 amd64 2:0.1~r495-2build1 [32.7 kB]
2025-04-14T13:10:19.5710334Z Get:153 http://azure.archive.ubuntu.com/ubuntu noble/universe amd64 libmpeg2encpp-2.1-0t64 amd64 1:2.1.0+debian-8.1build1 [75.6 kB]
2025-04-14T13:10:19.6253912Z Get:154 http://azure.archive.ubuntu.com/ubuntu noble/universe amd64 libmplex2-2.1-0t64 amd64 1:2.1.0+debian-8.1build1 [46.1 kB]
2025-04-14T13:10:19.6764040Z Get:155 http://azure.archive.ubuntu.com/ubuntu noble/universe amd64 libneon27t64 amd64 0.33.0-1.1build3 [102 kB]
2025-04-14T13:10:19.7330479Z Get:156 http://azure.archive.ubuntu.com/ubuntu noble/universe amd64 libnice10 amd64 0.1.21-2build3 [157 kB]
2025-04-14T13:10:19.7856878Z Get:157 http://azure.archive.ubuntu.com/ubuntu noble/universe amd64 libopenal-data all 1:1.23.1-4build1 [161 kB]
2025-04-14T13:10:19.8394064Z Get:158 http://azure.archive.ubuntu.com/ubuntu noble/universe amd64 libopenexr-3-1-30 amd64 3.1.5-5.1build3 [1004 kB]
2025-04-14T13:10:20.0331404Z Get:159 http://azure.archive.ubuntu.com/ubuntu noble/universe amd64 libopenh264-7 amd64 2.4.1+dfsg-1 [409 kB]
2025-04-14T13:10:20.0914669Z Get:160 http://azure.archive.ubuntu.com/ubuntu noble/universe amd64 libopenni2-0 amd64 2.2.0.33+dfsg-18 [370 kB]
2025-04-14T13:10:20.1514761Z Get:161 http://azure.archive.ubuntu.com/ubuntu noble/universe amd64 libqrencode4 amd64 4.1.1-1build2 [25.0 kB]
2025-04-14T13:10:20.2038625Z Get:162 http://azure.archive.ubuntu.com/ubuntu noble/main amd64 libsecret-common all 0.21.4-1build3 [4962 B]
2025-04-14T13:10:20.2499641Z Get:163 http://azure.archive.ubuntu.com/ubuntu noble/main amd64 libsecret-1-0 amd64 0.21.4-1build3 [116 kB]
2025-04-14T13:10:20.2965726Z Get:164 http://azure.archive.ubuntu.com/ubuntu noble/universe amd64 libsndio7.0 amd64 1.9.0-0.3build3 [29.6 kB]
2025-04-14T13:10:20.3420101Z Get:165 http://azure.archive.ubuntu.com/ubuntu noble/universe amd64 libsoundtouch1 amd64 2.3.2+ds1-1build1 [60.5 kB]
2025-04-14T13:10:20.4099537Z Get:166 http://azure.archive.ubuntu.com/ubuntu noble/universe amd64 libspandsp2t64 amd64 0.0.6+dfsg-2.1build1 [311 kB]
2025-04-14T13:10:20.4740769Z Get:167 http://azure.archive.ubuntu.com/ubuntu noble/universe amd64 libsrtp2-1 amd64 2.5.0-3build1 [41.9 kB]
2025-04-14T13:10:20.5308560Z Get:168 http://azure.archive.ubuntu.com/ubuntu noble/universe amd64 libwildmidi2 amd64 0.4.3-1build3 [68.5 kB]
2025-04-14T13:10:20.5902714Z Get:169 http://azure.archive.ubuntu.com/ubuntu noble/main amd64 libwoff1 amd64 1.0.2-2build1 [45.3 kB]
2025-04-14T13:10:20.6454096Z Get:170 http://azure.archive.ubuntu.com/ubuntu noble/main amd64 libxcb-xkb1 amd64 1.15-1ubuntu2 [32.3 kB]
2025-04-14T13:10:20.6944246Z Get:171 http://azure.archive.ubuntu.com/ubuntu noble/main amd64 libxkbcommon-x11-0 amd64 1.6.0-1build1 [14.5 kB]
2025-04-14T13:10:20.7429451Z Get:172 http://azure.archive.ubuntu.com/ubuntu noble/universe amd64 libzbar0t64 amd64 0.23.93-4build3 [123 kB]
2025-04-14T13:10:20.7941100Z Get:173 http://azure.archive.ubuntu.com/ubuntu noble/universe amd64 libzxing3 amd64 2.2.1-3 [583 kB]
2025-04-14T13:10:20.8907930Z Get:174 http://azure.archive.ubuntu.com/ubuntu noble/main amd64 xfonts-encodings all 1:1.0.5-0ubuntu2 [578 kB]
2025-04-14T13:10:20.9911310Z Get:175 http://azure.archive.ubuntu.com/ubuntu noble/main amd64 xfonts-utils amd64 1:7.7+6build3 [94.4 kB]
2025-04-14T13:10:21.0621020Z Get:176 http://azure.archive.ubuntu.com/ubuntu noble/universe amd64 xfonts-cyrillic all 1:1.0.5+nmu1 [384 kB]
2025-04-14T13:10:21.1456601Z Get:177 http://azure.archive.ubuntu.com/ubuntu noble/main amd64 xfonts-scalable all 1:1.0.3-1.3 [304 kB]
2025-04-14T13:10:21.2093808Z Get:178 http://azure.archive.ubuntu.com/ubuntu noble/universe amd64 libgstreamer-plugins-bad1.0-0 amd64 1.24.2-1ubuntu4 [797 kB]
2025-04-14T13:10:21.3395089Z Get:179 http://azure.archive.ubuntu.com/ubuntu noble/universe amd64 libdca0 amd64 0.0.7-2build1 [93.8 kB]
2025-04-14T13:10:21.3965799Z Get:180 http://azure.archive.ubuntu.com/ubuntu noble/universe amd64 libopenal1 amd64 1:1.23.1-4build1 [540 kB]
2025-04-14T13:10:21.5026382Z Get:181 http://azure.archive.ubuntu.com/ubuntu noble/main amd64 libsbc1 amd64 2.0-1build1 [33.9 kB]
2025-04-14T13:10:21.5538378Z Get:182 http://azure.archive.ubuntu.com/ubuntu noble/universe amd64 libvo-aacenc0 amd64 0.1.3-2build1 [67.8 kB]
2025-04-14T13:10:21.6064903Z Get:183 http://azure.archive.ubuntu.com/ubuntu noble/universe amd64 libvo-amrwbenc0 amd64 0.1.3-2build1 [76.7 kB]
2025-04-14T13:10:21.6606256Z Get:184 http://azure.archive.ubuntu.com/ubuntu noble/universe amd64 gstreamer1.0-plugins-bad amd64 1.24.2-1ubuntu4 [3081 kB]
2025-04-14T13:10:22.3481884Z Fetched 118 MB in 1min 12s (1642 kB/s)
2025-04-14T13:10:22.3758108Z Selecting previously unselected package fonts-ipafont-gothic.
2025-04-14T13:10:22.3985969Z (Reading database ... 
2025-04-14T13:10:22.3986495Z (Reading database ... 5%
2025-04-14T13:10:22.3987105Z (Reading database ... 10%
2025-04-14T13:10:22.3987524Z (Reading database ... 15%
2025-04-14T13:10:22.3987808Z (Reading database ... 20%
2025-04-14T13:10:22.3988207Z (Reading database ... 25%
2025-04-14T13:10:22.3988675Z (Reading database ... 30%
2025-04-14T13:10:22.3989096Z (Reading database ... 35%
2025-04-14T13:10:22.3989509Z (Reading database ... 40%
2025-04-14T13:10:22.3989894Z (Reading database ... 45%
2025-04-14T13:10:22.3990311Z (Reading database ... 50%
2025-04-14T13:10:22.4078524Z (Reading database ... 55%
2025-04-14T13:10:22.4567813Z (Reading database ... 60%
2025-04-14T13:10:22.4838085Z (Reading database ... 65%
2025-04-14T13:10:22.5146557Z (Reading database ... 70%
2025-04-14T13:10:22.5472663Z (Reading database ... 75%
2025-04-14T13:10:22.5922738Z (Reading database ... 80%
2025-04-14T13:10:22.6501275Z (Reading database ... 85%
2025-04-14T13:10:22.7198633Z (Reading database ... 90%
2025-04-14T13:10:22.7624231Z (Reading database ... 95%
2025-04-14T13:10:22.7624891Z (Reading database ... 100%
2025-04-14T13:10:22.7625680Z (Reading database ... 221801 files and directories currently installed.)
2025-04-14T13:10:22.7669156Z Preparing to unpack .../000-fonts-ipafont-gothic_00303-21ubuntu1_all.deb ...
2025-04-14T13:10:22.7775374Z Unpacking fonts-ipafont-gothic (00303-21ubuntu1) ...
2025-04-14T13:10:23.0067322Z Selecting previously unselected package fonts-freefont-ttf.
2025-04-14T13:10:23.0203102Z Preparing to unpack .../001-fonts-freefont-ttf_20211204+svn4273-2_all.deb ...
2025-04-14T13:10:23.0213073Z Unpacking fonts-freefont-ttf (20211204+svn4273-2) ...
2025-04-14T13:10:23.1090763Z Selecting previously unselected package fonts-tlwg-loma-otf.
2025-04-14T13:10:23.1228292Z Preparing to unpack .../002-fonts-tlwg-loma-otf_1%3a0.7.3-1_all.deb ...
2025-04-14T13:10:23.1238859Z Unpacking fonts-tlwg-loma-otf (1:0.7.3-1) ...
2025-04-14T13:10:23.1475888Z Selecting previously unselected package fonts-unifont.
2025-04-14T13:10:23.1612701Z Preparing to unpack .../003-fonts-unifont_1%3a15.1.01-1build1_all.deb ...
2025-04-14T13:10:23.1623896Z Unpacking fonts-unifont (1:15.1.01-1build1) ...
2025-04-14T13:10:23.2912959Z Selecting previously unselected package fonts-wqy-zenhei.
2025-04-14T13:10:23.3047873Z Preparing to unpack .../004-fonts-wqy-zenhei_0.9.45-8_all.deb ...
2025-04-14T13:10:23.3149358Z Unpacking fonts-wqy-zenhei (0.9.45-8) ...
2025-04-14T13:10:23.7818333Z Selecting previously unselected package libproxy1v5:amd64.
2025-04-14T13:10:23.7955485Z Preparing to unpack .../005-libproxy1v5_0.5.4-4build1_amd64.deb ...
2025-04-14T13:10:23.7986271Z Unpacking libproxy1v5:amd64 (0.5.4-4build1) ...
2025-04-14T13:10:23.8208370Z Selecting previously unselected package glib-networking-common.
2025-04-14T13:10:23.8344371Z Preparing to unpack .../006-glib-networking-common_2.80.0-1build1_all.deb ...
2025-04-14T13:10:23.8353279Z Unpacking glib-networking-common (2.80.0-1build1) ...
2025-04-14T13:10:23.8551545Z Selecting previously unselected package glib-networking-services.
2025-04-14T13:10:23.8686745Z Preparing to unpack .../007-glib-networking-services_2.80.0-1build1_amd64.deb ...
2025-04-14T13:10:23.8698403Z Unpacking glib-networking-services (2.80.0-1build1) ...
2025-04-14T13:10:23.8915689Z Selecting previously unselected package session-migration.
2025-04-14T13:10:23.9048099Z Preparing to unpack .../008-session-migration_0.3.9build1_amd64.deb ...
2025-04-14T13:10:23.9086246Z Unpacking session-migration (0.3.9build1) ...
2025-04-14T13:10:23.9334475Z Selecting previously unselected package gsettings-desktop-schemas.
2025-04-14T13:10:23.9469310Z Preparing to unpack .../009-gsettings-desktop-schemas_46.1-0ubuntu1_all.deb ...
2025-04-14T13:10:23.9479510Z Unpacking gsettings-desktop-schemas (46.1-0ubuntu1) ...
2025-04-14T13:10:23.9773926Z Selecting previously unselected package glib-networking:amd64.
2025-04-14T13:10:23.9907274Z Preparing to unpack .../010-glib-networking_2.80.0-1build1_amd64.deb ...
2025-04-14T13:10:23.9916269Z Unpacking glib-networking:amd64 (2.80.0-1build1) ...
2025-04-14T13:10:24.0153426Z Selecting previously unselected package libva2:amd64.
2025-04-14T13:10:24.0286845Z Preparing to unpack .../011-libva2_2.20.0-2build1_amd64.deb ...
2025-04-14T13:10:24.0299780Z Unpacking libva2:amd64 (2.20.0-2build1) ...
2025-04-14T13:10:24.0538388Z Selecting previously unselected package libva-drm2:amd64.
2025-04-14T13:10:24.0673326Z Preparing to unpack .../012-libva-drm2_2.20.0-2build1_amd64.deb ...
2025-04-14T13:10:24.0691013Z Unpacking libva-drm2:amd64 (2.20.0-2build1) ...
2025-04-14T13:10:24.0907532Z Selecting previously unselected package libva-x11-2:amd64.
2025-04-14T13:10:24.1041715Z Preparing to unpack .../013-libva-x11-2_2.20.0-2build1_amd64.deb ...
2025-04-14T13:10:24.1052553Z Unpacking libva-x11-2:amd64 (2.20.0-2build1) ...
2025-04-14T13:10:24.1277342Z Selecting previously unselected package libvdpau1:amd64.
2025-04-14T13:10:24.1410481Z Preparing to unpack .../014-libvdpau1_1.5-2build1_amd64.deb ...
2025-04-14T13:10:24.1422224Z Unpacking libvdpau1:amd64 (1.5-2build1) ...
2025-04-14T13:10:24.1668724Z Selecting previously unselected package libvpl2.
2025-04-14T13:10:24.1802304Z Preparing to unpack .../015-libvpl2_2023.3.0-1build1_amd64.deb ...
2025-04-14T13:10:24.1813290Z Unpacking libvpl2 (2023.3.0-1build1) ...
2025-04-14T13:10:24.2056519Z Selecting previously unselected package ocl-icd-libopencl1:amd64.
2025-04-14T13:10:24.2189691Z Preparing to unpack .../016-ocl-icd-libopencl1_2.3.2-1build1_amd64.deb ...
2025-04-14T13:10:24.2204488Z Unpacking ocl-icd-libopencl1:amd64 (2.3.2-1build1) ...
2025-04-14T13:10:24.2469084Z Selecting previously unselected package libavutil58:amd64.
2025-04-14T13:10:24.2605571Z Preparing to unpack .../017-libavutil58_7%3a6.1.1-3ubuntu5_amd64.deb ...
2025-04-14T13:10:24.2616882Z Unpacking libavutil58:amd64 (7:6.1.1-3ubuntu5) ...
2025-04-14T13:10:24.2918179Z Selecting previously unselected package libcodec2-1.2:amd64.
2025-04-14T13:10:24.3053558Z Preparing to unpack .../018-libcodec2-1.2_1.2.0-2build1_amd64.deb ...
2025-04-14T13:10:24.3064204Z Unpacking libcodec2-1.2:amd64 (1.2.0-2build1) ...
2025-04-14T13:10:24.4052169Z Selecting previously unselected package libdav1d7:amd64.
2025-04-14T13:10:24.4188150Z Preparing to unpack .../019-libdav1d7_1.4.1-1build1_amd64.deb ...
2025-04-14T13:10:24.4198937Z Unpacking libdav1d7:amd64 (1.4.1-1build1) ...
2025-04-14T13:10:24.4522543Z Selecting previously unselected package libgsm1:amd64.
2025-04-14T13:10:24.4659025Z Preparing to unpack .../020-libgsm1_1.0.22-1build1_amd64.deb ...
2025-04-14T13:10:24.4694590Z Unpacking libgsm1:amd64 (1.0.22-1build1) ...
2025-04-14T13:10:24.4928660Z Selecting previously unselected package libhwy1t64:amd64.
2025-04-14T13:10:24.5064309Z Preparing to unpack .../021-libhwy1t64_1.0.7-8.1build1_amd64.deb ...
2025-04-14T13:10:24.5076798Z Unpacking libhwy1t64:amd64 (1.0.7-8.1build1) ...
2025-04-14T13:10:24.5448169Z Selecting previously unselected package libjxl0.7:amd64.
2025-04-14T13:10:24.5584394Z Preparing to unpack .../022-libjxl0.7_0.7.0-10.2ubuntu6_amd64.deb ...
2025-04-14T13:10:24.5594012Z Unpacking libjxl0.7:amd64 (0.7.0-10.2ubuntu6) ...
2025-04-14T13:10:24.6013920Z Selecting previously unselected package libmp3lame0:amd64.
2025-04-14T13:10:24.6149331Z Preparing to unpack .../023-libmp3lame0_3.100-6build1_amd64.deb ...
2025-04-14T13:10:24.6161716Z Unpacking libmp3lame0:amd64 (3.100-6build1) ...
2025-04-14T13:10:24.6410930Z Selecting previously unselected package libopus0:amd64.
2025-04-14T13:10:24.6545955Z Preparing to unpack .../024-libopus0_1.4-1build1_amd64.deb ...
2025-04-14T13:10:24.6582007Z Unpacking libopus0:amd64 (1.4-1build1) ...
2025-04-14T13:10:24.6820381Z Selecting previously unselected package librav1e0:amd64.
2025-04-14T13:10:24.6957671Z Preparing to unpack .../025-librav1e0_0.7.1-2_amd64.deb ...
2025-04-14T13:10:24.6969315Z Unpacking librav1e0:amd64 (0.7.1-2) ...
2025-04-14T13:10:24.7348219Z Selecting previously unselected package librsvg2-2:amd64.
2025-04-14T13:10:24.7482909Z Preparing to unpack .../026-librsvg2-2_2.58.0+dfsg-1build1_amd64.deb ...
2025-04-14T13:10:24.7492706Z Unpacking librsvg2-2:amd64 (2.58.0+dfsg-1build1) ...
2025-04-14T13:10:24.8052723Z Selecting previously unselected package libshine3:amd64.
2025-04-14T13:10:24.8189159Z Preparing to unpack .../027-libshine3_3.1.1-2build1_amd64.deb ...
2025-04-14T13:10:24.8200419Z Unpacking libshine3:amd64 (3.1.1-2build1) ...
2025-04-14T13:10:24.8420575Z Selecting previously unselected package libspeex1:amd64.
2025-04-14T13:10:24.8555364Z Preparing to unpack .../028-libspeex1_1.2.1-2ubuntu2.24.04.1_amd64.deb ...
2025-04-14T13:10:24.8566846Z Unpacking libspeex1:amd64 (1.2.1-2ubuntu2.24.04.1) ...
2025-04-14T13:10:24.8788997Z Selecting previously unselected package libsvtav1enc1d1:amd64.
2025-04-14T13:10:24.8926631Z Preparing to unpack .../029-libsvtav1enc1d1_1.7.0+dfsg-2build1_amd64.deb ...
2025-04-14T13:10:24.8936763Z Unpacking libsvtav1enc1d1:amd64 (1.7.0+dfsg-2build1) ...
2025-04-14T13:10:24.9505432Z Selecting previously unselected package libsoxr0:amd64.
2025-04-14T13:10:24.9640346Z Preparing to unpack .../030-libsoxr0_0.1.3-4build3_amd64.deb ...
2025-04-14T13:10:24.9651383Z Unpacking libsoxr0:amd64 (0.1.3-4build3) ...
2025-04-14T13:10:24.9888677Z Selecting previously unselected package libswresample4:amd64.
2025-04-14T13:10:25.0023100Z Preparing to unpack .../031-libswresample4_7%3a6.1.1-3ubuntu5_amd64.deb ...
2025-04-14T13:10:25.0033785Z Unpacking libswresample4:amd64 (7:6.1.1-3ubuntu5) ...
2025-04-14T13:10:25.0287795Z Selecting previously unselected package libtheora0:amd64.
2025-04-14T13:10:25.0422336Z Preparing to unpack .../032-libtheora0_1.1.1+dfsg.1-16.1build3_amd64.deb ...
2025-04-14T13:10:25.0433697Z Unpacking libtheora0:amd64 (1.1.1+dfsg.1-16.1build3) ...
2025-04-14T13:10:25.0692310Z Selecting previously unselected package libtwolame0:amd64.
2025-04-14T13:10:25.0827497Z Preparing to unpack .../033-libtwolame0_0.4.0-2build3_amd64.deb ...
2025-04-14T13:10:25.0839174Z Unpacking libtwolame0:amd64 (0.4.0-2build3) ...
2025-04-14T13:10:25.1086777Z Selecting previously unselected package libvorbisenc2:amd64.
2025-04-14T13:10:25.1222985Z Preparing to unpack .../034-libvorbisenc2_1.3.7-1build3_amd64.deb ...
2025-04-14T13:10:25.1251621Z Unpacking libvorbisenc2:amd64 (1.3.7-1build3) ...
2025-04-14T13:10:25.1509924Z Selecting previously unselected package libvpx9:amd64.
2025-04-14T13:10:25.1646849Z Preparing to unpack .../035-libvpx9_1.14.0-1ubuntu2.1_amd64.deb ...
2025-04-14T13:10:25.1658031Z Unpacking libvpx9:amd64 (1.14.0-1ubuntu2.1) ...
2025-04-14T13:10:25.2051721Z Selecting previously unselected package libx264-164:amd64.
2025-04-14T13:10:25.2187519Z Preparing to unpack .../036-libx264-164_2%3a0.164.3108+git31e19f9-1_amd64.deb ...
2025-04-14T13:10:25.2196873Z Unpacking libx264-164:amd64 (2:0.164.3108+git31e19f9-1) ...
2025-04-14T13:10:25.2520405Z Selecting previously unselected package libx265-199:amd64.
2025-04-14T13:10:25.2656384Z Preparing to unpack .../037-libx265-199_3.5-2build1_amd64.deb ...
2025-04-14T13:10:25.2667337Z Unpacking libx265-199:amd64 (3.5-2build1) ...
2025-04-14T13:10:25.3548728Z Selecting previously unselected package libxvidcore4:amd64.
2025-04-14T13:10:25.3684534Z Preparing to unpack .../038-libxvidcore4_2%3a1.3.7-1build1_amd64.deb ...
2025-04-14T13:10:25.3694613Z Unpacking libxvidcore4:amd64 (2:1.3.7-1build1) ...
2025-04-14T13:10:25.3931077Z Selecting previously unselected package libzvbi-common.
2025-04-14T13:10:25.4067233Z Preparing to unpack .../039-libzvbi-common_0.2.42-2_all.deb ...
2025-04-14T13:10:25.4077810Z Unpacking libzvbi-common (0.2.42-2) ...
2025-04-14T13:10:25.4364287Z Selecting previously unselected package libzvbi0t64:amd64.
2025-04-14T13:10:25.4499274Z Preparing to unpack .../040-libzvbi0t64_0.2.42-2_amd64.deb ...
2025-04-14T13:10:25.4509581Z Unpacking libzvbi0t64:amd64 (0.2.42-2) ...
2025-04-14T13:10:25.4799226Z Selecting previously unselected package libavcodec60:amd64.
2025-04-14T13:10:25.4936375Z Preparing to unpack .../041-libavcodec60_7%3a6.1.1-3ubuntu5_amd64.deb ...
2025-04-14T13:10:25.4946871Z Unpacking libavcodec60:amd64 (7:6.1.1-3ubuntu5) ...
2025-04-14T13:10:25.6029631Z Selecting previously unselected package libunibreak5:amd64.
2025-04-14T13:10:25.6165511Z Preparing to unpack .../042-libunibreak5_5.1-2build1_amd64.deb ...
2025-04-14T13:10:25.6174608Z Unpacking libunibreak5:amd64 (5.1-2build1) ...
2025-04-14T13:10:25.6404367Z Selecting previously unselected package libass9:amd64.
2025-04-14T13:10:25.6538951Z Preparing to unpack .../043-libass9_1%3a0.17.1-2build1_amd64.deb ...
2025-04-14T13:10:25.6549647Z Unpacking libass9:amd64 (1:0.17.1-2build1) ...
2025-04-14T13:10:25.6781747Z Selecting previously unselected package libudfread0:amd64.
2025-04-14T13:10:25.6918030Z Preparing to unpack .../044-libudfread0_1.1.2-1build1_amd64.deb ...
2025-04-14T13:10:25.6928414Z Unpacking libudfread0:amd64 (1.1.2-1build1) ...
2025-04-14T13:10:25.7147590Z Selecting previously unselected package libbluray2:amd64.
2025-04-14T13:10:25.7281811Z Preparing to unpack .../045-libbluray2_1%3a1.3.4-1build1_amd64.deb ...
2025-04-14T13:10:25.7293357Z Unpacking libbluray2:amd64 (1:1.3.4-1build1) ...
2025-04-14T13:10:25.7534921Z Selecting previously unselected package libchromaprint1:amd64.
2025-04-14T13:10:25.7670323Z Preparing to unpack .../046-libchromaprint1_1.5.1-5_amd64.deb ...
2025-04-14T13:10:25.7680008Z Unpacking libchromaprint1:amd64 (1.5.1-5) ...
2025-04-14T13:10:25.7912373Z Selecting previously unselected package libgme0:amd64.
2025-04-14T13:10:25.8048185Z Preparing to unpack .../047-libgme0_0.6.3-7build1_amd64.deb ...
2025-04-14T13:10:25.8068247Z Unpacking libgme0:amd64 (0.6.3-7build1) ...
2025-04-14T13:10:25.8296766Z Selecting previously unselected package libmpg123-0t64:amd64.
2025-04-14T13:10:25.8433790Z Preparing to unpack .../048-libmpg123-0t64_1.32.5-1ubuntu1.1_amd64.deb ...
2025-04-14T13:10:25.8444115Z Unpacking libmpg123-0t64:amd64 (1.32.5-1ubuntu1.1) ...
2025-04-14T13:10:25.8688813Z Selecting previously unselected package libopenmpt0t64:amd64.
2025-04-14T13:10:25.8824769Z Preparing to unpack .../049-libopenmpt0t64_0.7.3-1.1build3_amd64.deb ...
2025-04-14T13:10:25.8837500Z Unpacking libopenmpt0t64:amd64 (0.7.3-1.1build3) ...
2025-04-14T13:10:25.9157608Z Selecting previously unselected package libcjson1:amd64.
2025-04-14T13:10:25.9294735Z Preparing to unpack .../050-libcjson1_1.7.17-1_amd64.deb ...
2025-04-14T13:10:25.9308555Z Unpacking libcjson1:amd64 (1.7.17-1) ...
2025-04-14T13:10:25.9543884Z Selecting previously unselected package libmbedcrypto7t64:amd64.
2025-04-14T13:10:25.9679548Z Preparing to unpack .../051-libmbedcrypto7t64_2.28.8-1_amd64.deb ...
2025-04-14T13:10:25.9692588Z Unpacking libmbedcrypto7t64:amd64 (2.28.8-1) ...
2025-04-14T13:10:25.9952254Z Selecting previously unselected package librist4:amd64.
2025-04-14T13:10:26.0087603Z Preparing to unpack .../052-librist4_0.2.10+dfsg-2_amd64.deb ...
2025-04-14T13:10:26.0097439Z Unpacking librist4:amd64 (0.2.10+dfsg-2) ...
2025-04-14T13:10:26.0357963Z Selecting previously unselected package libsrt1.5-gnutls:amd64.
2025-04-14T13:10:26.0491168Z Preparing to unpack .../053-libsrt1.5-gnutls_1.5.3-1build2_amd64.deb ...
2025-04-14T13:10:26.0504501Z Unpacking libsrt1.5-gnutls:amd64 (1.5.3-1build2) ...
2025-04-14T13:10:26.0791669Z Selecting previously unselected package libssh-gcrypt-4:amd64.
2025-04-14T13:10:26.0926035Z Preparing to unpack .../054-libssh-gcrypt-4_0.10.6-2build2_amd64.deb ...
2025-04-14T13:10:26.0940897Z Unpacking libssh-gcrypt-4:amd64 (0.10.6-2build2) ...
2025-04-14T13:10:26.1214149Z Selecting previously unselected package libavformat60:amd64.
2025-04-14T13:10:26.1350846Z Preparing to unpack .../055-libavformat60_7%3a6.1.1-3ubuntu5_amd64.deb ...
2025-04-14T13:10:26.1364368Z Unpacking libavformat60:amd64 (7:6.1.1-3ubuntu5) ...
2025-04-14T13:10:26.1731506Z Selecting previously unselected package libbs2b0:amd64.
2025-04-14T13:10:26.1870657Z Preparing to unpack .../056-libbs2b0_3.1.0+dfsg-7build1_amd64.deb ...
2025-04-14T13:10:26.1884060Z Unpacking libbs2b0:amd64 (3.1.0+dfsg-7build1) ...
2025-04-14T13:10:26.2148557Z Selecting previously unselected package libflite1:amd64.
2025-04-14T13:10:26.2283414Z Preparing to unpack .../057-libflite1_2.2-6build3_amd64.deb ...
2025-04-14T13:10:26.2294942Z Unpacking libflite1:amd64 (2.2-6build3) ...
2025-04-14T13:10:26.3495859Z Selecting previously unselected package libserd-0-0:amd64.
2025-04-14T13:10:26.3633584Z Preparing to unpack .../058-libserd-0-0_0.32.2-1_amd64.deb ...
2025-04-14T13:10:26.3644690Z Unpacking libserd-0-0:amd64 (0.32.2-1) ...
2025-04-14T13:10:26.3861662Z Selecting previously unselected package libzix-0-0:amd64.
2025-04-14T13:10:26.3997531Z Preparing to unpack .../059-libzix-0-0_0.4.2-2build1_amd64.deb ...
2025-04-14T13:10:26.4013297Z Unpacking libzix-0-0:amd64 (0.4.2-2build1) ...
2025-04-14T13:10:26.4248823Z Selecting previously unselected package libsord-0-0:amd64.
2025-04-14T13:10:26.4384062Z Preparing to unpack .../060-libsord-0-0_0.16.16-2build1_amd64.deb ...
2025-04-14T13:10:26.4396383Z Unpacking libsord-0-0:amd64 (0.16.16-2build1) ...
2025-04-14T13:10:26.4642716Z Selecting previously unselected package libsratom-0-0:amd64.
2025-04-14T13:10:26.4783255Z Preparing to unpack .../061-libsratom-0-0_0.6.16-1build1_amd64.deb ...
2025-04-14T13:10:26.4794969Z Unpacking libsratom-0-0:amd64 (0.6.16-1build1) ...
2025-04-14T13:10:26.5030178Z Selecting previously unselected package liblilv-0-0:amd64.
2025-04-14T13:10:26.5166521Z Preparing to unpack .../062-liblilv-0-0_0.24.22-1build1_amd64.deb ...
2025-04-14T13:10:26.5178578Z Unpacking liblilv-0-0:amd64 (0.24.22-1build1) ...
2025-04-14T13:10:26.5415129Z Selecting previously unselected package libmysofa1:amd64.
2025-04-14T13:10:26.5552393Z Preparing to unpack .../063-libmysofa1_1.3.2+dfsg-2ubuntu2_amd64.deb ...
2025-04-14T13:10:26.5562236Z Unpacking libmysofa1:amd64 (1.3.2+dfsg-2ubuntu2) ...
2025-04-14T13:10:26.5849417Z Selecting previously unselected package libplacebo338:amd64.
2025-04-14T13:10:26.5984141Z Preparing to unpack .../064-libplacebo338_6.338.2-2build1_amd64.deb ...
2025-04-14T13:10:26.5994005Z Unpacking libplacebo338:amd64 (6.338.2-2build1) ...
2025-04-14T13:10:26.6645375Z Selecting previously unselected package libblas3:amd64.
2025-04-14T13:10:26.6780236Z Preparing to unpack .../065-libblas3_3.12.0-3build1.1_amd64.deb ...
2025-04-14T13:10:26.6811241Z Unpacking libblas3:amd64 (3.12.0-3build1.1) ...
2025-04-14T13:10:26.7094708Z Selecting previously unselected package liblapack3:amd64.
2025-04-14T13:10:26.7228229Z Preparing to unpack .../066-liblapack3_3.12.0-3build1.1_amd64.deb ...
2025-04-14T13:10:26.7259001Z Unpacking liblapack3:amd64 (3.12.0-3build1.1) ...
2025-04-14T13:10:26.7824078Z Selecting previously unselected package libasyncns0:amd64.
2025-04-14T13:10:26.7958883Z Preparing to unpack .../067-libasyncns0_0.8-6build4_amd64.deb ...
2025-04-14T13:10:26.7970792Z Unpacking libasyncns0:amd64 (0.8-6build4) ...
2025-04-14T13:10:26.8220704Z Selecting previously unselected package libflac12t64:amd64.
2025-04-14T13:10:26.8352848Z Preparing to unpack .../068-libflac12t64_1.4.3+ds-2.1ubuntu2_amd64.deb ...
2025-04-14T13:10:26.8363253Z Unpacking libflac12t64:amd64 (1.4.3+ds-2.1ubuntu2) ...
2025-04-14T13:10:26.8624020Z Selecting previously unselected package libsndfile1:amd64.
2025-04-14T13:10:26.8758196Z Preparing to unpack .../069-libsndfile1_1.2.2-1ubuntu5.24.04.1_amd64.deb ...
2025-04-14T13:10:26.8767815Z Unpacking libsndfile1:amd64 (1.2.2-1ubuntu5.24.04.1) ...
2025-04-14T13:10:26.9039264Z Selecting previously unselected package libpulse0:amd64.
2025-04-14T13:10:26.9173277Z Preparing to unpack .../070-libpulse0_1%3a16.1+dfsg1-2ubuntu10.1_amd64.deb ...
2025-04-14T13:10:26.9242719Z Unpacking libpulse0:amd64 (1:16.1+dfsg1-2ubuntu10.1) ...
2025-04-14T13:10:26.9507732Z Selecting previously unselected package libsphinxbase3t64:amd64.
2025-04-14T13:10:26.9642833Z Preparing to unpack .../071-libsphinxbase3t64_0.8+5prealpha+1-17build2_amd64.deb ...
2025-04-14T13:10:26.9654251Z Unpacking libsphinxbase3t64:amd64 (0.8+5prealpha+1-17build2) ...
2025-04-14T13:10:26.9892815Z Selecting previously unselected package libpocketsphinx3:amd64.
2025-04-14T13:10:27.0029543Z Preparing to unpack .../072-libpocketsphinx3_0.8.0+real5prealpha+1-15ubuntu5_amd64.deb ...
2025-04-14T13:10:27.0039501Z Unpacking libpocketsphinx3:amd64 (0.8.0+real5prealpha+1-15ubuntu5) ...
2025-04-14T13:10:27.0273739Z Selecting previously unselected package libpostproc57:amd64.
2025-04-14T13:10:27.0408249Z Preparing to unpack .../073-libpostproc57_7%3a6.1.1-3ubuntu5_amd64.deb ...
2025-04-14T13:10:27.0419157Z Unpacking libpostproc57:amd64 (7:6.1.1-3ubuntu5) ...
2025-04-14T13:10:27.0672357Z Selecting previously unselected package libsamplerate0:amd64.
2025-04-14T13:10:27.0805966Z Preparing to unpack .../074-libsamplerate0_0.2.2-4build1_amd64.deb ...
2025-04-14T13:10:27.0815441Z Unpacking libsamplerate0:amd64 (0.2.2-4build1) ...
2025-04-14T13:10:27.1111479Z Selecting previously unselected package librubberband2:amd64.
2025-04-14T13:10:27.1249522Z Preparing to unpack .../075-librubberband2_3.3.0+dfsg-2build1_amd64.deb ...
2025-04-14T13:10:27.1265413Z Unpacking librubberband2:amd64 (3.3.0+dfsg-2build1) ...
2025-04-14T13:10:27.1503741Z Selecting previously unselected package libswscale7:amd64.
2025-04-14T13:10:27.1638459Z Preparing to unpack .../076-libswscale7_7%3a6.1.1-3ubuntu5_amd64.deb ...
2025-04-14T13:10:27.1649048Z Unpacking libswscale7:amd64 (7:6.1.1-3ubuntu5) ...
2025-04-14T13:10:27.1903914Z Selecting previously unselected package libvidstab1.1:amd64.
2025-04-14T13:10:27.2038484Z Preparing to unpack .../077-libvidstab1.1_1.1.0-2build1_amd64.deb ...
2025-04-14T13:10:27.2051067Z Unpacking libvidstab1.1:amd64 (1.1.0-2build1) ...
2025-04-14T13:10:27.2273757Z Selecting previously unselected package libzimg2:amd64.
2025-04-14T13:10:27.2407485Z Preparing to unpack .../078-libzimg2_3.0.5+ds1-1build1_amd64.deb ...
2025-04-14T13:10:27.2417170Z Unpacking libzimg2:amd64 (3.0.5+ds1-1build1) ...
2025-04-14T13:10:27.2689947Z Selecting previously unselected package libavfilter9:amd64.
2025-04-14T13:10:27.2823206Z Preparing to unpack .../079-libavfilter9_7%3a6.1.1-3ubuntu5_amd64.deb ...
2025-04-14T13:10:27.2833665Z Unpacking libavfilter9:amd64 (7:6.1.1-3ubuntu5) ...
2025-04-14T13:10:27.3712241Z Selecting previously unselected package liborc-0.4-0t64:amd64.
2025-04-14T13:10:27.3847230Z Preparing to unpack .../080-liborc-0.4-0t64_1%3a0.4.38-1ubuntu0.1_amd64.deb ...
2025-04-14T13:10:27.3857301Z Unpacking liborc-0.4-0t64:amd64 (1:0.4.38-1ubuntu0.1) ...
2025-04-14T13:10:27.4115601Z Selecting previously unselected package libgstreamer-plugins-base1.0-0:amd64.
2025-04-14T13:10:27.4251767Z Preparing to unpack .../081-libgstreamer-plugins-base1.0-0_1.24.2-1ubuntu0.2_amd64.deb ...
2025-04-14T13:10:27.4261000Z Unpacking libgstreamer-plugins-base1.0-0:amd64 (1.24.2-1ubuntu0.2) ...
2025-04-14T13:10:27.4811692Z Selecting previously unselected package gstreamer1.0-libav:amd64.
2025-04-14T13:10:27.4947731Z Preparing to unpack .../082-gstreamer1.0-libav_1.24.1-1build1_amd64.deb ...
2025-04-14T13:10:27.4957427Z Unpacking gstreamer1.0-libav:amd64 (1.24.1-1build1) ...
2025-04-14T13:10:27.5184875Z Selecting previously unselected package libcdparanoia0:amd64.
2025-04-14T13:10:27.5322655Z Preparing to unpack .../083-libcdparanoia0_3.10.2+debian-14build3_amd64.deb ...
2025-04-14T13:10:27.5385897Z Unpacking libcdparanoia0:amd64 (3.10.2+debian-14build3) ...
2025-04-14T13:10:27.5621665Z Selecting previously unselected package libvisual-0.4-0:amd64.
2025-04-14T13:10:27.5757840Z Preparing to unpack .../084-libvisual-0.4-0_0.4.2-2build1_amd64.deb ...
2025-04-14T13:10:27.5768754Z Unpacking libvisual-0.4-0:amd64 (0.4.2-2build1) ...
2025-04-14T13:10:27.5992059Z Selecting previously unselected package gstreamer1.0-plugins-base:amd64.
2025-04-14T13:10:27.6127379Z Preparing to unpack .../085-gstreamer1.0-plugins-base_1.24.2-1ubuntu0.2_amd64.deb ...
2025-04-14T13:10:27.6135719Z Unpacking gstreamer1.0-plugins-base:amd64 (1.24.2-1ubuntu0.2) ...
2025-04-14T13:10:27.6487504Z Selecting previously unselected package libaa1:amd64.
2025-04-14T13:10:27.6623982Z Preparing to unpack .../086-libaa1_1.4p5-51.1_amd64.deb ...
2025-04-14T13:10:27.6633348Z Unpacking libaa1:amd64 (1.4p5-51.1) ...
2025-04-14T13:10:27.6861164Z Selecting previously unselected package libraw1394-11:amd64.
2025-04-14T13:10:27.6995620Z Preparing to unpack .../087-libraw1394-11_2.1.2-2build3_amd64.deb ...
2025-04-14T13:10:27.7008334Z Unpacking libraw1394-11:amd64 (2.1.2-2build3) ...
2025-04-14T13:10:27.7225074Z Selecting previously unselected package libavc1394-0:amd64.
2025-04-14T13:10:27.7358533Z Preparing to unpack .../088-libavc1394-0_0.5.4-5build3_amd64.deb ...
2025-04-14T13:10:27.7367814Z Unpacking libavc1394-0:amd64 (0.5.4-5build3) ...
2025-04-14T13:10:27.7583684Z Selecting previously unselected package libcaca0:amd64.
2025-04-14T13:10:27.7717934Z Preparing to unpack .../089-libcaca0_0.99.beta20-4build2_amd64.deb ...
2025-04-14T13:10:27.7728605Z Unpacking libcaca0:amd64 (0.99.beta20-4build2) ...
2025-04-14T13:10:27.8001698Z Selecting previously unselected package libdv4t64:amd64.
2025-04-14T13:10:27.8135968Z Preparing to unpack .../090-libdv4t64_1.0.0-17.1build1_amd64.deb ...
2025-04-14T13:10:27.8170109Z Unpacking libdv4t64:amd64 (1.0.0-17.1build1) ...
2025-04-14T13:10:27.8422386Z Selecting previously unselected package libgstreamer-plugins-good1.0-0:amd64.
2025-04-14T13:10:27.8555717Z Preparing to unpack .../091-libgstreamer-plugins-good1.0-0_1.24.2-1ubuntu1.1_amd64.deb ...
2025-04-14T13:10:27.8564535Z Unpacking libgstreamer-plugins-good1.0-0:amd64 (1.24.2-1ubuntu1.1) ...
2025-04-14T13:10:27.8801534Z Selecting previously unselected package libiec61883-0:amd64.
2025-04-14T13:10:27.8934970Z Preparing to unpack .../092-libiec61883-0_1.2.0-6build1_amd64.deb ...
2025-04-14T13:10:27.8954877Z Unpacking libiec61883-0:amd64 (1.2.0-6build1) ...
2025-04-14T13:10:27.9176167Z Selecting previously unselected package libshout3:amd64.
2025-04-14T13:10:27.9309983Z Preparing to unpack .../093-libshout3_2.4.6-1build2_amd64.deb ...
2025-04-14T13:10:27.9321249Z Unpacking libshout3:amd64 (2.4.6-1build2) ...
2025-04-14T13:10:27.9557793Z Selecting previously unselected package libtag1v5-vanilla:amd64.
2025-04-14T13:10:27.9693400Z Preparing to unpack .../094-libtag1v5-vanilla_1.13.1-1build1_amd64.deb ...
2025-04-14T13:10:27.9702793Z Unpacking libtag1v5-vanilla:amd64 (1.13.1-1build1) ...
2025-04-14T13:10:27.9982998Z Selecting previously unselected package libtag1v5:amd64.
2025-04-14T13:10:28.0117452Z Preparing to unpack .../095-libtag1v5_1.13.1-1build1_amd64.deb ...
2025-04-14T13:10:28.0127168Z Unpacking libtag1v5:amd64 (1.13.1-1build1) ...
2025-04-14T13:10:28.0351382Z Selecting previously unselected package libv4lconvert0t64:amd64.
2025-04-14T13:10:28.0486613Z Preparing to unpack .../096-libv4lconvert0t64_1.26.1-4build3_amd64.deb ...
2025-04-14T13:10:28.0501024Z Unpacking libv4lconvert0t64:amd64 (1.26.1-4build3) ...
2025-04-14T13:10:28.0780555Z Selecting previously unselected package libv4l-0t64:amd64.
2025-04-14T13:10:28.0921360Z Preparing to unpack .../097-libv4l-0t64_1.26.1-4build3_amd64.deb ...
2025-04-14T13:10:28.0932953Z Unpacking libv4l-0t64:amd64 (1.26.1-4build3) ...
2025-04-14T13:10:28.1185125Z Selecting previously unselected package libwavpack1:amd64.
2025-04-14T13:10:28.1319996Z Preparing to unpack .../098-libwavpack1_5.6.0-1build1_amd64.deb ...
2025-04-14T13:10:28.1331982Z Unpacking libwavpack1:amd64 (5.6.0-1build1) ...
2025-04-14T13:10:28.1584636Z Selecting previously unselected package libsoup-3.0-common.
2025-04-14T13:10:28.1729413Z Preparing to unpack .../099-libsoup-3.0-common_3.4.4-5ubuntu0.2_all.deb ...
2025-04-14T13:10:28.1738895Z Unpacking libsoup-3.0-common (3.4.4-5ubuntu0.2) ...
2025-04-14T13:10:28.1957753Z Selecting previously unselected package libsoup-3.0-0:amd64.
2025-04-14T13:10:28.2093127Z Preparing to unpack .../100-libsoup-3.0-0_3.4.4-5ubuntu0.2_amd64.deb ...
2025-04-14T13:10:28.2103228Z Unpacking libsoup-3.0-0:amd64 (3.4.4-5ubuntu0.2) ...
2025-04-14T13:10:28.2353329Z Selecting previously unselected package gstreamer1.0-plugins-good:amd64.
2025-04-14T13:10:28.2488247Z Preparing to unpack .../101-gstreamer1.0-plugins-good_1.24.2-1ubuntu1.1_amd64.deb ...
2025-04-14T13:10:28.2497200Z Unpacking gstreamer1.0-plugins-good:amd64 (1.24.2-1ubuntu1.1) ...
2025-04-14T13:10:28.3216154Z Preparing to unpack .../102-gtk-update-icon-cache_3.24.41-4ubuntu1.3_amd64.deb ...
2025-04-14T13:10:28.3240050Z Unpacking gtk-update-icon-cache (3.24.41-4ubuntu1.3) over (3.24.41-4ubuntu1.2) ...
2025-04-14T13:10:28.3489683Z Selecting previously unselected package libabsl20220623t64:amd64.
2025-04-14T13:10:28.3626342Z Preparing to unpack .../103-libabsl20220623t64_20220623.1-3.1ubuntu3_amd64.deb ...
2025-04-14T13:10:28.3640043Z Unpacking libabsl20220623t64:amd64 (20220623.1-3.1ubuntu3) ...
2025-04-14T13:10:28.4108656Z Selecting previously unselected package libgav1-1:amd64.
2025-04-14T13:10:28.4244642Z Preparing to unpack .../104-libgav1-1_0.18.0-1build3_amd64.deb ...
2025-04-14T13:10:28.4257658Z Unpacking libgav1-1:amd64 (0.18.0-1build3) ...
2025-04-14T13:10:28.4528835Z Selecting previously unselected package libyuv0:amd64.
2025-04-14T13:10:28.4664265Z Preparing to unpack .../105-libyuv0_0.0~git202401110.af6ac82-1_amd64.deb ...
2025-04-14T13:10:28.4674861Z Unpacking libyuv0:amd64 (0.0~git202401110.af6ac82-1) ...
2025-04-14T13:10:28.4942618Z Selecting previously unselected package libavif16:amd64.
2025-04-14T13:10:28.5080193Z Preparing to unpack .../106-libavif16_1.0.4-1ubuntu3_amd64.deb ...
2025-04-14T13:10:28.5092961Z Unpacking libavif16:amd64 (1.0.4-1ubuntu3) ...
2025-04-14T13:10:28.5345666Z Selecting previously unselected package libavtp0:amd64.
2025-04-14T13:10:28.5482566Z Preparing to unpack .../107-libavtp0_0.2.0-1build1_amd64.deb ...
2025-04-14T13:10:28.5497485Z Unpacking libavtp0:amd64 (0.2.0-1build1) ...
2025-04-14T13:10:28.5731021Z Selecting previously unselected package libcairo-script-interpreter2:amd64.
2025-04-14T13:10:28.5870453Z Preparing to unpack .../108-libcairo-script-interpreter2_1.18.0-3build1_amd64.deb ...
2025-04-14T13:10:28.5885172Z Unpacking libcairo-script-interpreter2:amd64 (1.18.0-3build1) ...
2025-04-14T13:10:28.6145799Z Selecting previously unselected package libdc1394-25:amd64.
2025-04-14T13:10:28.6284633Z Preparing to unpack .../109-libdc1394-25_2.2.6-4build1_amd64.deb ...
2025-04-14T13:10:28.6295294Z Unpacking libdc1394-25:amd64 (2.2.6-4build1) ...
2025-04-14T13:10:28.6537705Z Selecting previously unselected package libdecor-0-0:amd64.
2025-04-14T13:10:28.6673717Z Preparing to unpack .../110-libdecor-0-0_0.2.2-1build2_amd64.deb ...
2025-04-14T13:10:28.6684337Z Unpacking libdecor-0-0:amd64 (0.2.2-1build2) ...
2025-04-14T13:10:28.6915139Z Selecting previously unselected package libgles2:amd64.
2025-04-14T13:10:28.7052261Z Preparing to unpack .../111-libgles2_1.7.0-1build1_amd64.deb ...
2025-04-14T13:10:28.7064548Z Unpacking libgles2:amd64 (1.7.0-1build1) ...
2025-04-14T13:10:28.7293597Z Selecting previously unselected package libdirectfb-1.7-7t64:amd64.
2025-04-14T13:10:28.7431282Z Preparing to unpack .../112-libdirectfb-1.7-7t64_1.7.7-11.1ubuntu2_amd64.deb ...
2025-04-14T13:10:28.7442097Z Unpacking libdirectfb-1.7-7t64:amd64 (1.7.7-11.1ubuntu2) ...
2025-04-14T13:10:28.7879704Z Selecting previously unselected package libdvdread8t64:amd64.
2025-04-14T13:10:28.8014345Z Preparing to unpack .../113-libdvdread8t64_6.1.3-1.1build1_amd64.deb ...
2025-04-14T13:10:28.8024900Z Unpacking libdvdread8t64:amd64 (6.1.3-1.1build1) ...
2025-04-14T13:10:28.8291895Z Selecting previously unselected package libdvdnav4:amd64.
2025-04-14T13:10:28.8431085Z Preparing to unpack .../114-libdvdnav4_6.1.1-3build1_amd64.deb ...
2025-04-14T13:10:28.8444370Z Unpacking libdvdnav4:amd64 (6.1.1-3build1) ...
2025-04-14T13:10:28.8688255Z Selecting previously unselected package libegl-mesa0:amd64.
2025-04-14T13:10:28.8824829Z Preparing to unpack .../115-libegl-mesa0_24.2.8-1ubuntu1~24.04.1_amd64.deb ...
2025-04-14T13:10:28.8836775Z Unpacking libegl-mesa0:amd64 (24.2.8-1ubuntu1~24.04.1) ...
2025-04-14T13:10:28.9113924Z Selecting previously unselected package libevent-2.1-7t64:amd64.
2025-04-14T13:10:28.9251575Z Preparing to unpack .../116-libevent-2.1-7t64_2.1.12-stable-9ubuntu2_amd64.deb ...
2025-04-14T13:10:28.9263797Z Unpacking libevent-2.1-7t64:amd64 (2.1.12-stable-9ubuntu2) ...
2025-04-14T13:10:28.9513817Z Selecting previously unselected package libfaad2:amd64.
2025-04-14T13:10:28.9654727Z Preparing to unpack .../117-libfaad2_2.11.1-1build1_amd64.deb ...
2025-04-14T13:10:28.9666121Z Unpacking libfaad2:amd64 (2.11.1-1build1) ...
2025-04-14T13:10:28.9921937Z Selecting previously unselected package libinstpatch-1.0-2:amd64.
2025-04-14T13:10:29.0055507Z Preparing to unpack .../118-libinstpatch-1.0-2_1.1.6-1build2_amd64.deb ...
2025-04-14T13:10:29.0067408Z Unpacking libinstpatch-1.0-2:amd64 (1.1.6-1build2) ...
2025-04-14T13:10:29.0322467Z Selecting previously unselected package libjack-jackd2-0:amd64.
2025-04-14T13:10:29.0456490Z Preparing to unpack .../119-libjack-jackd2-0_1.9.21~dfsg-3ubuntu3_amd64.deb ...
2025-04-14T13:10:29.0466119Z Unpacking libjack-jackd2-0:amd64 (1.9.21~dfsg-3ubuntu3) ...
2025-04-14T13:10:29.0737864Z Selecting previously unselected package libwebrtc-audio-processing1:amd64.
2025-04-14T13:10:29.0873642Z Preparing to unpack .../120-libwebrtc-audio-processing1_0.3.1-0ubuntu6_amd64.deb ...
2025-04-14T13:10:29.0884485Z Unpacking libwebrtc-audio-processing1:amd64 (0.3.1-0ubuntu6) ...
2025-04-14T13:10:29.1135733Z Selecting previously unselected package libspa-0.2-modules:amd64.
2025-04-14T13:10:29.1271266Z Preparing to unpack .../121-libspa-0.2-modules_1.0.5-1ubuntu3_amd64.deb ...
2025-04-14T13:10:29.1280985Z Unpacking libspa-0.2-modules:amd64 (1.0.5-1ubuntu3) ...
2025-04-14T13:10:29.1640791Z Selecting previously unselected package libpipewire-0.3-0t64:amd64.
2025-04-14T13:10:29.1779434Z Preparing to unpack .../122-libpipewire-0.3-0t64_1.0.5-1ubuntu3_amd64.deb ...
2025-04-14T13:10:29.1789992Z Unpacking libpipewire-0.3-0t64:amd64 (1.0.5-1ubuntu3) ...
2025-04-14T13:10:29.2068309Z Selecting previously unselected package libsdl2-2.0-0:amd64.
2025-04-14T13:10:29.2203105Z Preparing to unpack .../123-libsdl2-2.0-0_2.30.0+dfsg-1build3_amd64.deb ...
2025-04-14T13:10:29.2213916Z Unpacking libsdl2-2.0-0:amd64 (2.30.0+dfsg-1build3) ...
2025-04-14T13:10:29.2543095Z Selecting previously unselected package timgm6mb-soundfont.
2025-04-14T13:10:29.2678347Z Preparing to unpack .../124-timgm6mb-soundfont_1.3-5_all.deb ...
2025-04-14T13:10:29.2690188Z Unpacking timgm6mb-soundfont (1.3-5) ...
2025-04-14T13:10:29.6150096Z Selecting previously unselected package libfluidsynth3:amd64.
2025-04-14T13:10:29.6286471Z Preparing to unpack .../125-libfluidsynth3_2.3.4-1build3_amd64.deb ...
2025-04-14T13:10:29.6299014Z Unpacking libfluidsynth3:amd64 (2.3.4-1build3) ...
2025-04-14T13:10:29.6572133Z Selecting previously unselected package libfreeaptx0:amd64.
2025-04-14T13:10:29.6709156Z Preparing to unpack .../126-libfreeaptx0_0.1.1-2build1_amd64.deb ...
2025-04-14T13:10:29.6722712Z Unpacking libfreeaptx0:amd64 (0.1.1-2build1) ...
2025-04-14T13:10:29.6955773Z Selecting previously unselected package libgraphene-1.0-0:amd64.
2025-04-14T13:10:29.7092141Z Preparing to unpack .../127-libgraphene-1.0-0_1.10.8-3build2_amd64.deb ...
2025-04-14T13:10:29.7103008Z Unpacking libgraphene-1.0-0:amd64 (1.10.8-3build2) ...
2025-04-14T13:10:29.7343872Z Selecting previously unselected package libgssdp-1.6-0:amd64.
2025-04-14T13:10:29.7479683Z Preparing to unpack .../128-libgssdp-1.6-0_1.6.3-1build3_amd64.deb ...
2025-04-14T13:10:29.7498556Z Unpacking libgssdp-1.6-0:amd64 (1.6.3-1build3) ...
2025-04-14T13:10:29.7720520Z Selecting previously unselected package libegl1:amd64.
2025-04-14T13:10:29.7855179Z Preparing to unpack .../129-libegl1_1.7.0-1build1_amd64.deb ...
2025-04-14T13:10:29.7865736Z Unpacking libegl1:amd64 (1.7.0-1build1) ...
2025-04-14T13:10:29.8106407Z Selecting previously unselected package libgstreamer-gl1.0-0:amd64.
2025-04-14T13:10:29.8241111Z Preparing to unpack .../130-libgstreamer-gl1.0-0_1.24.2-1ubuntu0.2_amd64.deb ...
2025-04-14T13:10:29.8251874Z Unpacking libgstreamer-gl1.0-0:amd64 (1.24.2-1ubuntu0.2) ...
2025-04-14T13:10:29.8631169Z Preparing to unpack .../131-libgtk-3-common_3.24.41-4ubuntu1.3_all.deb ...
2025-04-14T13:10:29.8659289Z Unpacking libgtk-3-common (3.24.41-4ubuntu1.3) over (3.24.41-4ubuntu1.2) ...
2025-04-14T13:10:29.9554317Z Preparing to unpack .../132-libgtk-3-0t64_3.24.41-4ubuntu1.3_amd64.deb ...
2025-04-14T13:10:29.9668965Z Unpacking libgtk-3-0t64:amd64 (3.24.41-4ubuntu1.3) over (3.24.41-4ubuntu1.2) ...
2025-04-14T13:10:30.0587691Z Selecting previously unselected package libgtk-4-common.
2025-04-14T13:10:30.0725226Z Preparing to unpack .../133-libgtk-4-common_4.14.2+ds-1ubuntu2_all.deb ...
2025-04-14T13:10:30.0736649Z Unpacking libgtk-4-common (4.14.2+ds-1ubuntu2) ...
2025-04-14T13:10:30.1250798Z Selecting previously unselected package libgtk-4-1:amd64.
2025-04-14T13:10:30.1387734Z Preparing to unpack .../134-libgtk-4-1_4.14.2+ds-1ubuntu2_amd64.deb ...
2025-04-14T13:10:30.1404709Z Unpacking libgtk-4-1:amd64 (4.14.2+ds-1ubuntu2) ...
2025-04-14T13:10:30.2164218Z Selecting previously unselected package libgupnp-1.6-0:amd64.
2025-04-14T13:10:30.2300495Z Preparing to unpack .../135-libgupnp-1.6-0_1.6.6-1build3_amd64.deb ...
2025-04-14T13:10:30.2310033Z Unpacking libgupnp-1.6-0:amd64 (1.6.6-1build3) ...
2025-04-14T13:10:30.2543084Z Selecting previously unselected package libgupnp-igd-1.6-0:amd64.
2025-04-14T13:10:30.2679965Z Preparing to unpack .../136-libgupnp-igd-1.6-0_1.6.0-3build3_amd64.deb ...
2025-04-14T13:10:30.2689088Z Unpacking libgupnp-igd-1.6-0:amd64 (1.6.0-3build3) ...
2025-04-14T13:10:30.2915129Z Selecting previously unselected package libharfbuzz-icu0:amd64.
2025-04-14T13:10:30.3050717Z Preparing to unpack .../137-libharfbuzz-icu0_8.3.0-2build2_amd64.deb ...
2025-04-14T13:10:30.3060698Z Unpacking libharfbuzz-icu0:amd64 (8.3.0-2build2) ...
2025-04-14T13:10:30.3280599Z Selecting previously unselected package libhyphen0:amd64.
2025-04-14T13:10:30.3414166Z Preparing to unpack .../138-libhyphen0_2.8.8-7build3_amd64.deb ...
2025-04-14T13:10:30.3426416Z Unpacking libhyphen0:amd64 (2.8.8-7build3) ...
2025-04-14T13:10:30.3646356Z Selecting previously unselected package libimath-3-1-29t64:amd64.
2025-04-14T13:10:30.3782378Z Preparing to unpack .../139-libimath-3-1-29t64_3.1.9-3.1ubuntu2_amd64.deb ...
2025-04-14T13:10:30.3794317Z Unpacking libimath-3-1-29t64:amd64 (3.1.9-3.1ubuntu2) ...
2025-04-14T13:10:30.4035606Z Selecting previously unselected package liblc3-1:amd64.
2025-04-14T13:10:30.4170253Z Preparing to unpack .../140-liblc3-1_1.0.4-3build1_amd64.deb ...
2025-04-14T13:10:30.4180006Z Unpacking liblc3-1:amd64 (1.0.4-3build1) ...
2025-04-14T13:10:30.4412673Z Selecting previously unselected package libldacbt-enc2:amd64.
2025-04-14T13:10:30.4547783Z Preparing to unpack .../141-libldacbt-enc2_2.0.2.3+git20200429+ed310a0-4ubuntu2_amd64.deb ...
2025-04-14T13:10:30.4559339Z Unpacking libldacbt-enc2:amd64 (2.0.2.3+git20200429+ed310a0-4ubuntu2) ...
2025-04-14T13:10:30.4934123Z Preparing to unpack .../142-libxslt1.1_1.1.39-0exp1ubuntu0.24.04.2_amd64.deb ...
2025-04-14T13:10:30.5360077Z Unpacking libxslt1.1:amd64 (1.1.39-0exp1ubuntu0.24.04.2) over (1.1.39-0exp1build1) ...
2025-04-14T13:10:30.5655044Z Selecting previously unselected package libraptor2-0:amd64.
2025-04-14T13:10:30.5793241Z Preparing to unpack .../143-libraptor2-0_2.0.16-3ubuntu0.1_amd64.deb ...
2025-04-14T13:10:30.5803884Z Unpacking libraptor2-0:amd64 (2.0.16-3ubuntu0.1) ...
2025-04-14T13:10:30.6063230Z Selecting previously unselected package liblrdf0:amd64.
2025-04-14T13:10:30.6200252Z Preparing to unpack .../144-liblrdf0_0.6.1-4build1_amd64.deb ...
2025-04-14T13:10:30.6213045Z Unpacking liblrdf0:amd64 (0.6.1-4build1) ...
2025-04-14T13:10:30.6472079Z Selecting previously unselected package libltc11:amd64.
2025-04-14T13:10:30.6649462Z Preparing to unpack .../145-libltc11_1.3.2-1build1_amd64.deb ...
2025-04-14T13:10:30.6663123Z Unpacking libltc11:amd64 (1.3.2-1build1) ...
2025-04-14T13:10:30.6890344Z Selecting previously unselected package libmanette-0.2-0:amd64.
2025-04-14T13:10:30.7030319Z Preparing to unpack .../146-libmanette-0.2-0_0.2.7-1build2_amd64.deb ...
2025-04-14T13:10:30.7051454Z Unpacking libmanette-0.2-0:amd64 (0.2.7-1build2) ...
2025-04-14T13:10:30.7299186Z Selecting previously unselected package libmfx1:amd64.
2025-04-14T13:10:30.7436745Z Preparing to unpack .../147-libmfx1_22.5.4-1_amd64.deb ...
2025-04-14T13:10:30.7451879Z Unpacking libmfx1:amd64 (22.5.4-1) ...
2025-04-14T13:10:30.8524668Z Selecting previously unselected package libmjpegutils-2.1-0t64:amd64.
2025-04-14T13:10:30.8660696Z Preparing to unpack .../148-libmjpegutils-2.1-0t64_1%3a2.1.0+debian-8.1build1_amd64.deb ...
2025-04-14T13:10:30.8674212Z Unpacking libmjpegutils-2.1-0t64:amd64 (1:2.1.0+debian-8.1build1) ...
2025-04-14T13:10:30.8902841Z Selecting previously unselected package libmodplug1:amd64.
2025-04-14T13:10:30.9038440Z Preparing to unpack .../149-libmodplug1_1%3a0.8.9.0-3build1_amd64.deb ...
2025-04-14T13:10:30.9048697Z Unpacking libmodplug1:amd64 (1:0.8.9.0-3build1) ...
2025-04-14T13:10:30.9294439Z Selecting previously unselected package libmpcdec6:amd64.
2025-04-14T13:10:30.9431538Z Preparing to unpack .../150-libmpcdec6_2%3a0.1~r495-2build1_amd64.deb ...
2025-04-14T13:10:30.9443606Z Unpacking libmpcdec6:amd64 (2:0.1~r495-2build1) ...
2025-04-14T13:10:30.9668597Z Selecting previously unselected package libmpeg2encpp-2.1-0t64:amd64.
2025-04-14T13:10:30.9802690Z Preparing to unpack .../151-libmpeg2encpp-2.1-0t64_1%3a2.1.0+debian-8.1build1_amd64.deb ...
2025-04-14T13:10:30.9814564Z Unpacking libmpeg2encpp-2.1-0t64:amd64 (1:2.1.0+debian-8.1build1) ...
2025-04-14T13:10:31.0068198Z Selecting previously unselected package libmplex2-2.1-0t64:amd64.
2025-04-14T13:10:31.0202961Z Preparing to unpack .../152-libmplex2-2.1-0t64_1%3a2.1.0+debian-8.1build1_amd64.deb ...
2025-04-14T13:10:31.0213555Z Unpacking libmplex2-2.1-0t64:amd64 (1:2.1.0+debian-8.1build1) ...
2025-04-14T13:10:31.0491541Z Selecting previously unselected package libneon27t64:amd64.
2025-04-14T13:10:31.0630572Z Preparing to unpack .../153-libneon27t64_0.33.0-1.1build3_amd64.deb ...
2025-04-14T13:10:31.0653355Z Unpacking libneon27t64:amd64 (0.33.0-1.1build3) ...
2025-04-14T13:10:31.0915769Z Selecting previously unselected package libnice10:amd64.
2025-04-14T13:10:31.1052986Z Preparing to unpack .../154-libnice10_0.1.21-2build3_amd64.deb ...
2025-04-14T13:10:31.1063694Z Unpacking libnice10:amd64 (0.1.21-2build3) ...
2025-04-14T13:10:31.1296375Z Selecting previously unselected package libopenal-data.
2025-04-14T13:10:31.1433308Z Preparing to unpack .../155-libopenal-data_1%3a1.23.1-4build1_all.deb ...
2025-04-14T13:10:31.1466485Z Unpacking libopenal-data (1:1.23.1-4build1) ...
2025-04-14T13:10:31.1725218Z Selecting previously unselected package libopenexr-3-1-30:amd64.
2025-04-14T13:10:31.1862605Z Preparing to unpack .../156-libopenexr-3-1-30_3.1.5-5.1build3_amd64.deb ...
2025-04-14T13:10:31.1873059Z Unpacking libopenexr-3-1-30:amd64 (3.1.5-5.1build3) ...
2025-04-14T13:10:31.2284975Z Selecting previously unselected package libopenh264-7:amd64.
2025-04-14T13:10:31.2424414Z Preparing to unpack .../157-libopenh264-7_2.4.1+dfsg-1_amd64.deb ...
2025-04-14T13:10:31.2434514Z Unpacking libopenh264-7:amd64 (2.4.1+dfsg-1) ...
2025-04-14T13:10:31.2756654Z Selecting previously unselected package libopenni2-0:amd64.
2025-04-14T13:10:31.2895333Z Preparing to unpack .../158-libopenni2-0_2.2.0.33+dfsg-18_amd64.deb ...
2025-04-14T13:10:31.2929114Z Unpacking libopenni2-0:amd64 (2.2.0.33+dfsg-18) ...
2025-04-14T13:10:31.3230072Z Selecting previously unselected package libqrencode4:amd64.
2025-04-14T13:10:31.3366424Z Preparing to unpack .../159-libqrencode4_4.1.1-1build2_amd64.deb ...
2025-04-14T13:10:31.3379215Z Unpacking libqrencode4:amd64 (4.1.1-1build2) ...
2025-04-14T13:10:31.3607845Z Selecting previously unselected package libsecret-common.
2025-04-14T13:10:31.3745937Z Preparing to unpack .../160-libsecret-common_0.21.4-1build3_all.deb ...
2025-04-14T13:10:31.3758704Z Unpacking libsecret-common (0.21.4-1build3) ...
2025-04-14T13:10:31.4139412Z Selecting previously unselected package libsecret-1-0:amd64.
2025-04-14T13:10:31.4275425Z Preparing to unpack .../161-libsecret-1-0_0.21.4-1build3_amd64.deb ...
2025-04-14T13:10:31.4289524Z Unpacking libsecret-1-0:amd64 (0.21.4-1build3) ...
2025-04-14T13:10:31.4541559Z Selecting previously unselected package libsndio7.0:amd64.
2025-04-14T13:10:31.4680453Z Preparing to unpack .../162-libsndio7.0_1.9.0-0.3build3_amd64.deb ...
2025-04-14T13:10:31.4696827Z Unpacking libsndio7.0:amd64 (1.9.0-0.3build3) ...
2025-04-14T13:10:31.4996493Z Selecting previously unselected package libsoundtouch1:amd64.
2025-04-14T13:10:31.5133227Z Preparing to unpack .../163-libsoundtouch1_2.3.2+ds1-1build1_amd64.deb ...
2025-04-14T13:10:31.5147273Z Unpacking libsoundtouch1:amd64 (2.3.2+ds1-1build1) ...
2025-04-14T13:10:31.5407737Z Selecting previously unselected package libspandsp2t64:amd64.
2025-04-14T13:10:31.5545675Z Preparing to unpack .../164-libspandsp2t64_0.0.6+dfsg-2.1build1_amd64.deb ...
2025-04-14T13:10:31.5561674Z Unpacking libspandsp2t64:amd64 (0.0.6+dfsg-2.1build1) ...
2025-04-14T13:10:31.5845795Z Selecting previously unselected package libsrtp2-1:amd64.
2025-04-14T13:10:31.5983296Z Preparing to unpack .../165-libsrtp2-1_2.5.0-3build1_amd64.deb ...
2025-04-14T13:10:31.5994682Z Unpacking libsrtp2-1:amd64 (2.5.0-3build1) ...
2025-04-14T13:10:31.6243993Z Selecting previously unselected package libwildmidi2:amd64.
2025-04-14T13:10:31.6379716Z Preparing to unpack .../166-libwildmidi2_0.4.3-1build3_amd64.deb ...
2025-04-14T13:10:31.6390616Z Unpacking libwildmidi2:amd64 (0.4.3-1build3) ...
2025-04-14T13:10:31.6636833Z Selecting previously unselected package libwoff1:amd64.
2025-04-14T13:10:31.6774090Z Preparing to unpack .../167-libwoff1_1.0.2-2build1_amd64.deb ...
2025-04-14T13:10:31.6786350Z Unpacking libwoff1:amd64 (1.0.2-2build1) ...
2025-04-14T13:10:31.7031921Z Selecting previously unselected package libxcb-xkb1:amd64.
2025-04-14T13:10:31.7169002Z Preparing to unpack .../168-libxcb-xkb1_1.15-1ubuntu2_amd64.deb ...
2025-04-14T13:10:31.7180421Z Unpacking libxcb-xkb1:amd64 (1.15-1ubuntu2) ...
2025-04-14T13:10:31.7421019Z Selecting previously unselected package libxkbcommon-x11-0:amd64.
2025-04-14T13:10:31.7559255Z Preparing to unpack .../169-libxkbcommon-x11-0_1.6.0-1build1_amd64.deb ...
2025-04-14T13:10:31.7569985Z Unpacking libxkbcommon-x11-0:amd64 (1.6.0-1build1) ...
2025-04-14T13:10:31.7812479Z Selecting previously unselected package libzbar0t64:amd64.
2025-04-14T13:10:31.7952887Z Preparing to unpack .../170-libzbar0t64_0.23.93-4build3_amd64.deb ...
2025-04-14T13:10:31.7966754Z Unpacking libzbar0t64:amd64 (0.23.93-4build3) ...
2025-04-14T13:10:31.8232910Z Selecting previously unselected package libzxing3:amd64.
2025-04-14T13:10:31.8370851Z Preparing to unpack .../171-libzxing3_2.2.1-3_amd64.deb ...
2025-04-14T13:10:31.8383072Z Unpacking libzxing3:amd64 (2.2.1-3) ...
2025-04-14T13:10:31.8679607Z Selecting previously unselected package xfonts-encodings.
2025-04-14T13:10:31.8817780Z Preparing to unpack .../172-xfonts-encodings_1%3a1.0.5-0ubuntu2_all.deb ...
2025-04-14T13:10:31.8827646Z Unpacking xfonts-encodings (1:1.0.5-0ubuntu2) ...
2025-04-14T13:10:31.9153783Z Selecting previously unselected package xfonts-utils.
2025-04-14T13:10:31.9291959Z Preparing to unpack .../173-xfonts-utils_1%3a7.7+6build3_amd64.deb ...
2025-04-14T13:10:31.9316210Z Unpacking xfonts-utils (1:7.7+6build3) ...
2025-04-14T13:10:31.9690057Z Selecting previously unselected package xfonts-cyrillic.
2025-04-14T13:10:31.9828406Z Preparing to unpack .../174-xfonts-cyrillic_1%3a1.0.5+nmu1_all.deb ...
2025-04-14T13:10:31.9838701Z Unpacking xfonts-cyrillic (1:1.0.5+nmu1) ...
2025-04-14T13:10:32.0226401Z Selecting previously unselected package xfonts-scalable.
2025-04-14T13:10:32.0363839Z Preparing to unpack .../175-xfonts-scalable_1%3a1.0.3-1.3_all.deb ...
2025-04-14T13:10:32.0373005Z Unpacking xfonts-scalable (1:1.0.3-1.3) ...
2025-04-14T13:10:32.0646871Z Selecting previously unselected package libgstreamer-plugins-bad1.0-0:amd64.
2025-04-14T13:10:32.0784199Z Preparing to unpack .../176-libgstreamer-plugins-bad1.0-0_1.24.2-1ubuntu4_amd64.deb ...
2025-04-14T13:10:32.0798730Z Unpacking libgstreamer-plugins-bad1.0-0:amd64 (1.24.2-1ubuntu4) ...
2025-04-14T13:10:32.1210179Z Selecting previously unselected package libdca0:amd64.
2025-04-14T13:10:32.1348208Z Preparing to unpack .../177-libdca0_0.0.7-2build1_amd64.deb ...
2025-04-14T13:10:32.1359797Z Unpacking libdca0:amd64 (0.0.7-2build1) ...
2025-04-14T13:10:32.1604760Z Selecting previously unselected package libopenal1:amd64.
2025-04-14T13:10:32.1741367Z Preparing to unpack .../178-libopenal1_1%3a1.23.1-4build1_amd64.deb ...
2025-04-14T13:10:32.1758885Z Unpacking libopenal1:amd64 (1:1.23.1-4build1) ...
2025-04-14T13:10:32.2059376Z Selecting previously unselected package libsbc1:amd64.
2025-04-14T13:10:32.2196882Z Preparing to unpack .../179-libsbc1_2.0-1build1_amd64.deb ...
2025-04-14T13:10:32.2219184Z Unpacking libsbc1:amd64 (2.0-1build1) ...
2025-04-14T13:10:32.2472657Z Selecting previously unselected package libvo-aacenc0:amd64.
2025-04-14T13:10:32.2610819Z Preparing to unpack .../180-libvo-aacenc0_0.1.3-2build1_amd64.deb ...
2025-04-14T13:10:32.2623535Z Unpacking libvo-aacenc0:amd64 (0.1.3-2build1) ...
2025-04-14T13:10:32.2886272Z Selecting previously unselected package libvo-amrwbenc0:amd64.
2025-04-14T13:10:32.3024317Z Preparing to unpack .../181-libvo-amrwbenc0_0.1.3-2build1_amd64.deb ...
2025-04-14T13:10:32.3037594Z Unpacking libvo-amrwbenc0:amd64 (0.1.3-2build1) ...
2025-04-14T13:10:32.3278872Z Selecting previously unselected package gstreamer1.0-plugins-bad:amd64.
2025-04-14T13:10:32.3419434Z Preparing to unpack .../182-gstreamer1.0-plugins-bad_1.24.2-1ubuntu4_amd64.deb ...
2025-04-14T13:10:32.3430031Z Unpacking gstreamer1.0-plugins-bad:amd64 (1.24.2-1ubuntu4) ...
2025-04-14T13:10:32.7638711Z Setting up libgme0:amd64 (0.6.3-7build1) ...
2025-04-14T13:10:32.7674142Z Setting up libchromaprint1:amd64 (1.5.1-5) ...
2025-04-14T13:10:32.7717247Z Setting up libssh-gcrypt-4:amd64 (0.10.6-2build2) ...
2025-04-14T13:10:32.7758094Z Setting up libhwy1t64:amd64 (1.0.7-8.1build1) ...
2025-04-14T13:10:32.7791879Z Setting up libcairo-script-interpreter2:amd64 (1.18.0-3build1) ...
2025-04-14T13:10:32.7827183Z Setting up libfreeaptx0:amd64 (0.1.1-2build1) ...
2025-04-14T13:10:32.7862661Z Setting up libdvdread8t64:amd64 (6.1.3-1.1build1) ...
2025-04-14T13:10:32.7891147Z Setting up libudfread0:amd64 (1.1.2-1build1) ...
2025-04-14T13:10:32.7919103Z Setting up libmodplug1:amd64 (1:0.8.9.0-3build1) ...
2025-04-14T13:10:32.7950467Z Setting up libcdparanoia0:amd64 (3.10.2+debian-14build3) ...
2025-04-14T13:10:32.7977530Z Setting up gtk-update-icon-cache (3.24.41-4ubuntu1.3) ...
2025-04-14T13:10:32.8009368Z Setting up libvo-amrwbenc0:amd64 (0.1.3-2build1) ...
2025-04-14T13:10:32.8049505Z Setting up session-migration (0.3.9build1) ...
2025-04-14T13:10:32.9418136Z Created symlink /etc/systemd/user/graphical-session-pre.target.wants/session-migration.service → /usr/lib/systemd/user/session-migration.service.
2025-04-14T13:10:32.9418742Z 
2025-04-14T13:10:32.9452128Z Setting up libraw1394-11:amd64 (2.1.2-2build3) ...
2025-04-14T13:10:32.9491272Z Setting up libsbc1:amd64 (2.0-1build1) ...
2025-04-14T13:10:32.9521894Z Setting up libproxy1v5:amd64 (0.5.4-4build1) ...
2025-04-14T13:10:32.9554231Z Setting up libneon27t64:amd64 (0.33.0-1.1build3) ...
2025-04-14T13:10:32.9588375Z Setting up libtag1v5-vanilla:amd64 (1.13.1-1build1) ...
2025-04-14T13:10:32.9618582Z Setting up libharfbuzz-icu0:amd64 (8.3.0-2build2) ...
2025-04-14T13:10:32.9645827Z Setting up libopenni2-0:amd64 (2.2.0.33+dfsg-18) ...
2025-04-14T13:10:33.0110880Z Setting up libspeex1:amd64 (1.2.1-2ubuntu2.24.04.1) ...
2025-04-14T13:10:33.0142891Z Setting up libshine3:amd64 (3.1.1-2build1) ...
2025-04-14T13:10:33.0169703Z Setting up libcaca0:amd64 (0.99.beta20-4build2) ...
2025-04-14T13:10:33.0198691Z Setting up libvpl2 (2023.3.0-1build1) ...
2025-04-14T13:10:33.0230341Z Setting up libv4lconvert0t64:amd64 (1.26.1-4build3) ...
2025-04-14T13:10:33.0255882Z Setting up libx264-164:amd64 (2:0.164.3108+git31e19f9-1) ...
2025-04-14T13:10:33.0280717Z Setting up libtwolame0:amd64 (0.4.0-2build3) ...
2025-04-14T13:10:33.0310857Z Setting up libmbedcrypto7t64:amd64 (2.28.8-1) ...
2025-04-14T13:10:33.0336679Z Setting up libwoff1:amd64 (1.0.2-2build1) ...
2025-04-14T13:10:33.0368490Z Setting up liblc3-1:amd64 (1.0.4-3build1) ...
2025-04-14T13:10:33.0399911Z Setting up libqrencode4:amd64 (4.1.1-1build2) ...
2025-04-14T13:10:33.0427798Z Setting up libhyphen0:amd64 (2.8.8-7build3) ...
2025-04-14T13:10:33.0455166Z Setting up libgsm1:amd64 (1.0.22-1build1) ...
2025-04-14T13:10:33.0484886Z Setting up libvisual-0.4-0:amd64 (0.4.2-2build1) ...
2025-04-14T13:10:33.0538199Z Setting up libsoxr0:amd64 (0.1.3-4build3) ...
2025-04-14T13:10:33.0566426Z Setting up libzix-0-0:amd64 (0.4.2-2build1) ...
2025-04-14T13:10:33.0601086Z Setting up libcodec2-1.2:amd64 (1.2.0-2build1) ...
2025-04-14T13:10:33.0627136Z Setting up libmanette-0.2-0:amd64 (0.2.7-1build2) ...
2025-04-14T13:10:33.0654725Z Setting up libsrtp2-1:amd64 (2.5.0-3build1) ...
2025-04-14T13:10:33.0698967Z Setting up libmysofa1:amd64 (1.3.2+dfsg-2ubuntu2) ...
2025-04-14T13:10:33.0733481Z Setting up libldacbt-enc2:amd64 (2.0.2.3+git20200429+ed310a0-4ubuntu2) ...
2025-04-14T13:10:33.0765532Z Setting up fonts-wqy-zenhei (0.9.45-8) ...
2025-04-14T13:10:33.0919475Z Setting up libwebrtc-audio-processing1:amd64 (0.3.1-0ubuntu6) ...
2025-04-14T13:10:33.0950332Z Setting up fonts-freefont-ttf (20211204+svn4273-2) ...
2025-04-14T13:10:33.0992339Z Setting up libevent-2.1-7t64:amd64 (2.1.12-stable-9ubuntu2) ...
2025-04-14T13:10:33.1024212Z Setting up libsvtav1enc1d1:amd64 (1.7.0+dfsg-2build1) ...
2025-04-14T13:10:33.1052692Z Setting up libsoup-3.0-common (3.4.4-5ubuntu0.2) ...
2025-04-14T13:10:33.1087978Z Setting up libmpg123-0t64:amd64 (1.32.5-1ubuntu1.1) ...
2025-04-14T13:10:33.1115692Z Setting up libcjson1:amd64 (1.7.17-1) ...
2025-04-14T13:10:33.1143969Z Setting up libxvidcore4:amd64 (2:1.3.7-1build1) ...
2025-04-14T13:10:33.1182180Z Setting up libmpcdec6:amd64 (2:0.1~r495-2build1) ...
2025-04-14T13:10:33.1211010Z Setting up libmjpegutils-2.1-0t64:amd64 (1:2.1.0+debian-8.1build1) ...
2025-04-14T13:10:33.1242658Z Setting up librav1e0:amd64 (0.7.1-2) ...
2025-04-14T13:10:33.1269682Z Setting up liborc-0.4-0t64:amd64 (1:0.4.38-1ubuntu0.1) ...
2025-04-14T13:10:33.1297647Z Setting up libxcb-xkb1:amd64 (1.15-1ubuntu2) ...
2025-04-14T13:10:33.1330622Z Setting up libvo-aacenc0:amd64 (0.1.3-2build1) ...
2025-04-14T13:10:33.1360005Z Setting up librist4:amd64 (0.2.10+dfsg-2) ...
2025-04-14T13:10:33.1392644Z Setting up librsvg2-2:amd64 (2.58.0+dfsg-1build1) ...
2025-04-14T13:10:33.1430745Z Setting up libblas3:amd64 (3.12.0-3build1.1) ...
2025-04-14T13:10:33.1500015Z update-alternatives: using /usr/lib/x86_64-linux-gnu/blas/libblas.so.3 to provide /usr/lib/x86_64-linux-gnu/libblas.so.3 (libblas.so.3-x86_64-linux-gnu) in auto mode
2025-04-14T13:10:33.1522495Z Setting up libegl-mesa0:amd64 (24.2.8-1ubuntu1~24.04.1) ...
2025-04-14T13:10:33.1556681Z Setting up libsoundtouch1:amd64 (2.3.2+ds1-1build1) ...
2025-04-14T13:10:33.1583436Z Setting up libplacebo338:amd64 (6.338.2-2build1) ...
2025-04-14T13:10:33.1617722Z Setting up libgles2:amd64 (1.7.0-1build1) ...
2025-04-14T13:10:33.1676647Z Setting up fonts-tlwg-loma-otf (1:0.7.3-1) ...
2025-04-14T13:10:33.1709197Z Setting up libva2:amd64 (2.20.0-2build1) ...
2025-04-14T13:10:33.1739655Z Setting up libspa-0.2-modules:amd64 (1.0.5-1ubuntu3) ...
2025-04-14T13:10:33.1768303Z Setting up libzxing3:amd64 (2.2.1-3) ...
2025-04-14T13:10:33.1799900Z Setting up xfonts-encodings (1:1.0.5-0ubuntu2) ...
2025-04-14T13:10:33.1835056Z Setting up libopus0:amd64 (1.4-1build1) ...
2025-04-14T13:10:33.1869478Z Setting up libfaad2:amd64 (2.11.1-1build1) ...
2025-04-14T13:10:33.1898703Z Setting up libxkbcommon-x11-0:amd64 (1.6.0-1build1) ...
2025-04-14T13:10:33.1929110Z Setting up libdc1394-25:amd64 (2.2.6-4build1) ...
2025-04-14T13:10:33.1961402Z Setting up libimath-3-1-29t64:amd64 (3.1.9-3.1ubuntu2) ...
2025-04-14T13:10:33.1986877Z Setting up libunibreak5:amd64 (5.1-2build1) ...
2025-04-14T13:10:33.2016805Z Setting up libdv4t64:amd64 (1.0.0-17.1build1) ...
2025-04-14T13:10:33.2049581Z Setting up libjxl0.7:amd64 (0.7.0-10.2ubuntu6) ...
2025-04-14T13:10:33.2081174Z Setting up libopenh264-7:amd64 (2.4.1+dfsg-1) ...
2025-04-14T13:10:33.2120461Z Setting up libltc11:amd64 (1.3.2-1build1) ...
2025-04-14T13:10:33.2152126Z Setting up libx265-199:amd64 (3.5-2build1) ...
2025-04-14T13:10:33.2184182Z Setting up libv4l-0t64:amd64 (1.26.1-4build3) ...
2025-04-14T13:10:33.2215472Z Setting up libavtp0:amd64 (0.2.0-1build1) ...
2025-04-14T13:10:33.2244018Z Setting up libsndio7.0:amd64 (1.9.0-0.3build3) ...
2025-04-14T13:10:33.2275855Z Setting up libdirectfb-1.7-7t64:amd64 (1.7.7-11.1ubuntu2) ...
2025-04-14T13:10:33.2457690Z Setting up libspandsp2t64:amd64 (0.0.6+dfsg-2.1build1) ...
2025-04-14T13:10:33.2486205Z Setting up libvidstab1.1:amd64 (1.1.0-2build1) ...
2025-04-14T13:10:33.2515819Z Setting up libvpx9:amd64 (1.14.0-1ubuntu2.1) ...
2025-04-14T13:10:33.2551277Z Setting up libsrt1.5-gnutls:amd64 (1.5.3-1build2) ...
2025-04-14T13:10:33.2585422Z Setting up libtag1v5:amd64 (1.13.1-1build1) ...
2025-04-14T13:10:33.2620004Z Setting up libflite1:amd64 (2.2-6build3) ...
2025-04-14T13:10:33.2650515Z Setting up libdav1d7:amd64 (1.4.1-1build1) ...
2025-04-14T13:10:33.2679026Z Setting up libva-drm2:amd64 (2.20.0-2build1) ...
2025-04-14T13:10:33.2712025Z Setting up fonts-ipafont-gothic (00303-21ubuntu1) ...
2025-04-14T13:10:33.2796629Z update-alternatives: using /usr/share/fonts/opentype/ipafont-gothic/ipag.ttf to provide /usr/share/fonts/truetype/fonts-japanese-gothic.ttf (fonts-japanese-gothic.ttf) in auto mode
2025-04-14T13:10:33.2820098Z Setting up ocl-icd-libopencl1:amd64 (2.3.2-1build1) ...
2025-04-14T13:10:33.2852341Z Setting up libasyncns0:amd64 (0.8-6build4) ...
2025-04-14T13:10:33.2885587Z Setting up libwildmidi2:amd64 (0.4.3-1build3) ...
2025-04-14T13:10:33.2947131Z Setting up libvdpau1:amd64 (1.5-2build1) ...
2025-04-14T13:10:33.2985996Z Setting up libwavpack1:amd64 (5.6.0-1build1) ...
2025-04-14T13:10:33.3022130Z Setting up libbs2b0:amd64 (3.1.0+dfsg-7build1) ...
2025-04-14T13:10:33.3054969Z Setting up libtheora0:amd64 (1.1.1+dfsg.1-16.1build3) ...
2025-04-14T13:10:33.3091199Z Setting up libxslt1.1:amd64 (1.1.39-0exp1ubuntu0.24.04.2) ...
2025-04-14T13:10:33.3125629Z Setting up libegl1:amd64 (1.7.0-1build1) ...
2025-04-14T13:10:33.3155616Z Setting up libdecor-0-0:amd64 (0.2.2-1build2) ...
2025-04-14T13:10:33.3188797Z Setting up libdca0:amd64 (0.0.7-2build1) ...
2025-04-14T13:10:33.3219018Z Setting up libzimg2:amd64 (3.0.5+ds1-1build1) ...
2025-04-14T13:10:33.3249352Z Setting up libopenal-data (1:1.23.1-4build1) ...
2025-04-14T13:10:33.3291752Z Setting up libabsl20220623t64:amd64 (20220623.1-3.1ubuntu3) ...
2025-04-14T13:10:33.3321661Z Setting up libflac12t64:amd64 (1.4.3+ds-2.1ubuntu2) ...
2025-04-14T13:10:33.3354188Z Setting up libgtk-4-common (4.14.2+ds-1ubuntu2) ...
2025-04-14T13:10:33.3386306Z Setting up libmpeg2encpp-2.1-0t64:amd64 (1:2.1.0+debian-8.1build1) ...
2025-04-14T13:10:33.3417529Z Setting up glib-networking-common (2.80.0-1build1) ...
2025-04-14T13:10:33.3449035Z Setting up libmfx1:amd64 (22.5.4-1) ...
2025-04-14T13:10:33.3476409Z Setting up libbluray2:amd64 (1:1.3.4-1build1) ...
2025-04-14T13:10:33.3507725Z Setting up libsamplerate0:amd64 (0.2.2-4build1) ...
2025-04-14T13:10:33.3542035Z Setting up timgm6mb-soundfont (1.3-5) ...
2025-04-14T13:10:33.3638124Z update-alternatives: using /usr/share/sounds/sf2/TimGM6mb.sf2 to provide /usr/share/sounds/sf2/default-GM.sf2 (default-GM.sf2) in auto mode
2025-04-14T13:10:33.3681622Z update-alternatives: using /usr/share/sounds/sf2/TimGM6mb.sf2 to provide /usr/share/sounds/sf3/default-GM.sf3 (default-GM.sf3) in auto mode
2025-04-14T13:10:33.3703188Z Setting up libva-x11-2:amd64 (2.20.0-2build1) ...
2025-04-14T13:10:33.3734151Z Setting up libyuv0:amd64 (0.0~git202401110.af6ac82-1) ...
2025-04-14T13:10:33.3764488Z Setting up libmplex2-2.1-0t64:amd64 (1:2.1.0+debian-8.1build1) ...
2025-04-14T13:10:33.3798178Z Setting up libpipewire-0.3-0t64:amd64 (1.0.5-1ubuntu3) ...
2025-04-14T13:10:33.3823702Z Setting up libopenmpt0t64:amd64 (0.7.3-1.1build3) ...
2025-04-14T13:10:33.3860322Z Setting up libzvbi-common (0.2.42-2) ...
2025-04-14T13:10:33.3928976Z Setting up libsecret-common (0.21.4-1build3) ...
2025-04-14T13:10:33.3964031Z Setting up libgtk-3-common (3.24.41-4ubuntu1.3) ...
2025-04-14T13:10:33.4157714Z Setting up libmp3lame0:amd64 (3.100-6build1) ...
2025-04-14T13:10:33.4199176Z Setting up libgraphene-1.0-0:amd64 (1.10.8-3build2) ...
2025-04-14T13:10:33.4229652Z Setting up libvorbisenc2:amd64 (1.3.7-1build3) ...
2025-04-14T13:10:33.4263011Z Setting up libdvdnav4:amd64 (6.1.1-3build1) ...
2025-04-14T13:10:33.4291983Z Setting up fonts-unifont (1:15.1.01-1build1) ...
2025-04-14T13:10:33.4333581Z Setting up libaa1:amd64 (1.4p5-51.1) ...
2025-04-14T13:10:33.4370618Z Setting up libiec61883-0:amd64 (1.2.0-6build1) ...
2025-04-14T13:10:33.4408279Z Setting up libserd-0-0:amd64 (0.32.2-1) ...
2025-04-14T13:10:33.4443225Z Setting up libavc1394-0:amd64 (0.5.4-5build3) ...
2025-04-14T13:10:33.4472487Z Setting up gsettings-desktop-schemas (46.1-0ubuntu1) ...
2025-04-14T13:10:33.4508169Z Setting up glib-networking-services (2.80.0-1build1) ...
2025-04-14T13:10:33.4545157Z Setting up liblapack3:amd64 (3.12.0-3build1.1) ...
2025-04-14T13:10:33.4618231Z update-alternatives: using /usr/lib/x86_64-linux-gnu/lapack/liblapack.so.3 to provide /usr/lib/x86_64-linux-gnu/liblapack.so.3 (liblapack.so.3-x86_64-linux-gnu) in auto mode
2025-04-14T13:10:33.4638821Z Setting up libzvbi0t64:amd64 (0.2.42-2) ...
2025-04-14T13:10:33.4686402Z Setting up libraptor2-0:amd64 (2.0.16-3ubuntu0.1) ...
2025-04-14T13:10:33.4721510Z Setting up libzbar0t64:amd64 (0.23.93-4build3) ...
2025-04-14T13:10:33.4758537Z Setting up libgstreamer-plugins-base1.0-0:amd64 (1.24.2-1ubuntu0.2) ...
2025-04-14T13:10:33.4795802Z Setting up libavutil58:amd64 (7:6.1.1-3ubuntu5) ...
2025-04-14T13:10:33.4830068Z Setting up libopenal1:amd64 (1:1.23.1-4build1) ...
2025-04-14T13:10:33.4871486Z Setting up xfonts-utils (1:7.7+6build3) ...
2025-04-14T13:10:33.4932204Z Setting up libsecret-1-0:amd64 (0.21.4-1build3) ...
2025-04-14T13:10:33.4963670Z Setting up libgstreamer-plugins-good1.0-0:amd64 (1.24.2-1ubuntu1.1) ...
2025-04-14T13:10:33.5032166Z Setting up libgstreamer-gl1.0-0:amd64 (1.24.2-1ubuntu0.2) ...
2025-04-14T13:10:33.5064855Z Setting up gstreamer1.0-plugins-base:amd64 (1.24.2-1ubuntu0.2) ...
2025-04-14T13:10:33.5098386Z Setting up libass9:amd64 (1:0.17.1-2build1) ...
2025-04-14T13:10:33.5141503Z Setting up libswresample4:amd64 (7:6.1.1-3ubuntu5) ...
2025-04-14T13:10:33.5175693Z Setting up libopenexr-3-1-30:amd64 (3.1.5-5.1build3) ...
2025-04-14T13:10:33.5217241Z Setting up libshout3:amd64 (2.4.6-1build2) ...
2025-04-14T13:10:33.5249077Z Setting up libgav1-1:amd64 (0.18.0-1build3) ...
2025-04-14T13:10:33.5281497Z Setting up libavcodec60:amd64 (7:6.1.1-3ubuntu5) ...
2025-04-14T13:10:33.5327324Z Setting up librubberband2:amd64 (3.3.0+dfsg-2build1) ...
2025-04-14T13:10:33.5357980Z Setting up libjack-jackd2-0:amd64 (1.9.21~dfsg-3ubuntu3) ...
2025-04-14T13:10:33.5409130Z Setting up libsord-0-0:amd64 (0.16.16-2build1) ...
2025-04-14T13:10:33.5446023Z Setting up xfonts-cyrillic (1:1.0.5+nmu1) ...
2025-04-14T13:10:33.6052321Z Setting up libpostproc57:amd64 (7:6.1.1-3ubuntu5) ...
2025-04-14T13:10:33.6090335Z Setting up libsratom-0-0:amd64 (0.6.16-1build1) ...
2025-04-14T13:10:33.6313635Z Setting up libsndfile1:amd64 (1.2.2-1ubuntu5.24.04.1) ...
2025-04-14T13:10:33.6342417Z Setting up liblilv-0-0:amd64 (0.24.22-1build1) ...
2025-04-14T13:10:33.6397760Z Setting up libinstpatch-1.0-2:amd64 (1.1.6-1build2) ...
2025-04-14T13:10:33.6409924Z Setting up xfonts-scalable (1:1.0.3-1.3) ...
2025-04-14T13:10:33.6791879Z Setting up libswscale7:amd64 (7:6.1.1-3ubuntu5) ...
2025-04-14T13:10:33.6823722Z Setting up libavif16:amd64 (1.0.4-1ubuntu3) ...
2025-04-14T13:10:33.6857708Z Setting up libpulse0:amd64 (1:16.1+dfsg1-2ubuntu10.1) ...
2025-04-14T13:10:33.7091499Z Setting up liblrdf0:amd64 (0.6.1-4build1) ...
2025-04-14T13:10:33.7125462Z Setting up libavformat60:amd64 (7:6.1.1-3ubuntu5) ...
2025-04-14T13:10:33.7160231Z Setting up libsphinxbase3t64:amd64 (0.8+5prealpha+1-17build2) ...
2025-04-14T13:10:33.7208986Z Setting up libsdl2-2.0-0:amd64 (2.30.0+dfsg-1build3) ...
2025-04-14T13:10:33.7265774Z Setting up libfluidsynth3:amd64 (2.3.4-1build3) ...
2025-04-14T13:10:33.7299640Z Setting up libpocketsphinx3:amd64 (0.8.0+real5prealpha+1-15ubuntu5) ...
2025-04-14T13:10:33.7342385Z Setting up libavfilter9:amd64 (7:6.1.1-3ubuntu5) ...
2025-04-14T13:10:33.7372633Z Setting up gstreamer1.0-libav:amd64 (1.24.1-1build1) ...
2025-04-14T13:10:33.7720040Z Processing triggers for fontconfig (2.15.0-1.1ubuntu2) ...
2025-04-14T13:10:33.8581071Z Processing triggers for libc-bin (2.39-0ubuntu8.4) ...
2025-04-14T13:10:34.1572349Z Processing triggers for man-db (2.12.0-4build2) ...
2025-04-14T13:10:43.2142688Z Processing triggers for libglib2.0-0t64:amd64 (2.80.0-6ubuntu3.2) ...
2025-04-14T13:10:43.2563474Z Setting up libgtk-3-0t64:amd64 (3.24.41-4ubuntu1.3) ...
2025-04-14T13:10:43.3043427Z Setting up libgtk-4-1:amd64 (4.14.2+ds-1ubuntu2) ...
2025-04-14T13:10:43.3544164Z Setting up glib-networking:amd64 (2.80.0-1build1) ...
2025-04-14T13:10:43.3617989Z Setting up libsoup-3.0-0:amd64 (3.4.4-5ubuntu0.2) ...
2025-04-14T13:10:43.3659112Z Setting up libgssdp-1.6-0:amd64 (1.6.3-1build3) ...
2025-04-14T13:10:43.3738689Z Setting up gstreamer1.0-plugins-good:amd64 (1.24.2-1ubuntu1.1) ...
2025-04-14T13:10:43.3772649Z Setting up libgupnp-1.6-0:amd64 (1.6.6-1build3) ...
2025-04-14T13:10:43.3835977Z Setting up libgupnp-igd-1.6-0:amd64 (1.6.0-3build3) ...
2025-04-14T13:10:43.3874076Z Setting up libnice10:amd64 (0.1.21-2build3) ...
2025-04-14T13:10:43.3933915Z Setting up libgstreamer-plugins-bad1.0-0:amd64 (1.24.2-1ubuntu4) ...
2025-04-14T13:10:43.3981573Z Setting up gstreamer1.0-plugins-bad:amd64 (1.24.2-1ubuntu4) ...
2025-04-14T13:10:43.4010394Z Processing triggers for libc-bin (2.39-0ubuntu8.4) ...
2025-04-14T13:10:44.0296065Z 
2025-04-14T13:10:44.0296764Z Running kernel seems to be up-to-date.
2025-04-14T13:10:44.0297279Z 
2025-04-14T13:10:44.0297411Z Restarting services...
2025-04-14T13:10:44.0368317Z  systemctl restart php8.3-fpm.service
2025-04-14T13:10:44.1428297Z 
2025-04-14T13:10:44.1429936Z No containers need to be restarted.
2025-04-14T13:10:44.1430320Z 
2025-04-14T13:10:44.1430593Z No user sessions are running outdated binaries.
2025-04-14T13:10:45.1108491Z 
2025-04-14T13:10:45.1108921Z No VM guests are running outdated hypervisor (qemu) binaries on this host.
2025-04-14T13:10:45.1133138Z ##[group]Run yarn nx run @tryghost/admin-x-settings:test:acceptance
2025-04-14T13:10:45.1133639Z [36;1myarn nx run @tryghost/admin-x-settings:test:acceptance[0m
2025-04-14T13:10:45.1180711Z shell: /usr/bin/bash -e {0}
2025-04-14T13:10:45.1180960Z env:
2025-04-14T13:10:45.1181149Z   FORCE_COLOR: 1
2025-04-14T13:10:45.1181406Z   HEAD_COMMIT: 2d8511b9704d8106a522b294a044fbdc42669271
2025-04-14T13:10:45.1182259Z   CACHED_DEPENDENCY_PATHS: /home/runner/work/Ghost/Ghost/node_modules
/home/runner/work/Ghost/Ghost/apps/*/node_modules
/home/runner/work/Ghost/Ghost/ghost/*/node_modules
~/.cache/ms-playwright/

2025-04-14T13:10:45.1183149Z   CACHED_BUILD_PATHS: /home/runner/work/Ghost/Ghost/ghost/*/build

2025-04-14T13:10:45.1183500Z   NX_REJECT_UNKNOWN_LOCAL_CACHE: 0
2025-04-14T13:10:45.1183748Z   NODE_VERSION: 20.11.1
2025-04-14T13:10:45.1183971Z   CI: true
2025-04-14T13:10:45.1184159Z ##[endgroup]
2025-04-14T13:10:45.2457454Z [2K[1G[1myarn run v1.22.22[22m
2025-04-14T13:10:45.2806177Z [2K[1G[2m$ /home/runner/work/Ghost/Ghost/node_modules/.bin/nx run @tryghost/admin-x-settings:test:acceptance[22m
2025-04-14T13:10:46.7074991Z 
2025-04-14T13:10:46.7076574Z  NX   Running target test:acceptance for project @tryghost/admin-x-settings and 4 tasks it depends on:
2025-04-14T13:10:46.7077538Z 
2025-04-14T13:10:46.7077550Z 
2025-04-14T13:10:58.8287879Z 
2025-04-14T13:10:58.8289759Z ##[group]✅ > nx run @tryghost/shade:build
2025-04-14T13:10:58.8290537Z 
2025-04-14T13:10:58.8291419Z [2K[1G[2m$ tsc -p tsconfig.declaration.json && vite build[22m
2025-04-14T13:10:58.8292650Z [36mvite v4.5.3 [32mbuilding for production...[36m[39m
2025-04-14T13:10:58.8293494Z transforming...
2025-04-14T13:10:58.8294876Z src/components/ui/sheet.tsx (1:0) Error when using sourcemap for reporting an error: Can't resolve original location of error.
2025-04-14T13:10:58.8296821Z [32m✓[39m 140 modules transformed.
2025-04-14T13:10:58.8332470Z rendering chunks...
2025-04-14T13:10:58.8333563Z [2mes/[22m[36mcomponents/layout/page.js        [39m[1m[2m  0.54 kB[22m[1m[22m[2m │ map:   0.87 kB[22m
2025-04-14T13:10:58.8334933Z [2mes/[22m[36mhooks/use-mobile.js              [39m[1m[2m  0.61 kB[22m[1m[22m[2m │ map:   1.12 kB[22m
2025-04-14T13:10:58.8336194Z [2mes/[22m[36mShadeApp.js                      [39m[1m[2m  0.61 kB[22m[1m[22m[2m │ map:   1.12 kB[22m
2025-04-14T13:10:58.8337693Z [2mes/[22m[36mcomponents/layout/error-page.js  [39m[1m[2m  0.63 kB[22m[1m[22m[2m │ map:   1.01 kB[22m
2025-04-14T13:10:58.8339055Z [2mes/[22m[36mcomponents/ui/separator.js       [39m[1m[2m  0.78 kB[22m[1m[22m[2m │ map:   1.30 kB[22m
2025-04-14T13:10:58.8340269Z [2mes/[22m[36mcomponents/ui/input.js           [39m[1m[2m  0.90 kB[22m[1m[22m[2m │ map:   1.24 kB[22m
2025-04-14T13:10:58.8341404Z [2mes/[22m[36mcomponents/ui/badge.js           [39m[1m[2m  1.07 kB[22m[1m[22m[2m │ map:   1.77 kB[22m
2025-04-14T13:10:58.8342561Z [2mes/[22m[36mcomponents/ui/avatar.js          [39m[1m[2m  1.27 kB[22m[1m[22m[2m │ map:   2.29 kB[22m
2025-04-14T13:10:58.8343726Z [2mes/[22m[36mproviders/ShadeProvider.js       [39m[1m[2m  1.28 kB[22m[1m[22m[2m │ map:   2.48 kB[22m
2025-04-14T13:10:58.8344942Z [2mes/[22m[36mcomponents/ui/right-sidebar.js   [39m[1m[2m  1.29 kB[22m[1m[22m[2m │ map:   2.15 kB[22m
2025-04-14T13:10:58.8346258Z [2mes/[22m[36mcomponents/ui/tooltip.js         [39m[1m[2m  1.30 kB[22m[1m[22m[2m │ map:   1.90 kB[22m
2025-04-14T13:10:58.8347735Z [2mes/[22m[36mcomponents/ui/popover.js         [39m[1m[2m  1.32 kB[22m[1m[22m[2m │ map:   1.83 kB[22m
2025-04-14T13:10:58.8348987Z [2mes/[22m[36mhooks/use-global-dirty-state.js  [39m[1m[2m  1.37 kB[22m[1m[22m[2m │ map:   2.84 kB[22m
2025-04-14T13:10:58.8350204Z [2mes/[22m[36mcomponents/layout/heading.js     [39m[1m[2m  1.40 kB[22m[1m[22m[2m │ map:   2.56 kB[22m
2025-04-14T13:10:58.8351741Z [2mes/[22m[36mcomponents/ui/skeleton.js        [39m[1m[2m  1.52 kB[22m[1m[22m[2m │ map:   2.82 kB[22m
2025-04-14T13:10:58.8353041Z [2mes/[22m[36mcomponents/ui/button.js          [39m[1m[2m  1.85 kB[22m[1m[22m[2m │ map:   2.86 kB[22m
2025-04-14T13:10:58.8354238Z [2mes/[22m[36mcomponents/ui/breadcrumb.js      [39m[1m[2m  2.71 kB[22m[1m[22m[2m │ map:   4.69 kB[22m
2025-04-14T13:10:58.8355428Z [2mes/[22m[36mcomponents/ui/table.js           [39m[1m[2m  2.82 kB[22m[1m[22m[2m │ map:   5.05 kB[22m
2025-04-14T13:10:58.8356555Z [2mes/[22m[36mlib/utils.js                     [39m[1m[2m  2.85 kB[22m[1m[22m[2m │ map:   6.63 kB[22m
2025-04-14T13:10:58.8365709Z [2mes/[22m[36mcomponents/ui/dialog.js          [39m[1m[2m  3.16 kB[22m[1m[22m[2m │ map:   5.39 kB[22m
2025-04-14T13:10:58.8367215Z [2mes/[22m[36mcomponents/ui/card.js            [39m[1m[2m  3.18 kB[22m[1m[22m[2m │ map:   6.18 kB[22m
2025-04-14T13:10:58.8368510Z [2mes/[22m[36mcomponents/ui/tabs.js            [39m[1m[2m  3.77 kB[22m[1m[22m[2m │ map:   6.57 kB[22m
2025-04-14T13:10:58.8369686Z [2mes/[22m[36mcomponents/ui/sheet.js           [39m[1m[2m  3.98 kB[22m[1m[22m[2m │ map:   6.56 kB[22m
2025-04-14T13:10:58.8370846Z [2mes/[22m[36mcomponents/ui/alert-dialog.js    [39m[1m[2m  4.13 kB[22m[1m[22m[2m │ map:   7.00 kB[22m
2025-04-14T13:10:58.8372095Z [2mes/[22m[36mcomponents/ui/select.js          [39m[1m[2m  5.26 kB[22m[1m[22m[2m │ map:   8.82 kB[22m
2025-04-14T13:10:58.8373376Z [2mes/[22m[36mcomponents/ui/dropdown-menu.js   [39m[1m[2m  6.64 kB[22m[1m[22m[2m │ map:  11.03 kB[22m
2025-04-14T13:10:58.8374638Z [2mes/[22m[36mcomponents/ui/chart.js           [39m[1m[2m  9.55 kB[22m[1m[22m[2m │ map:  18.12 kB[22m
2025-04-14T13:10:58.8375758Z [2mes/[22m[36mindex.js                         [39m[1m[2m 12.48 kB[22m[1m[22m[2m │ map:   7.83 kB[22m
2025-04-14T13:10:58.8377381Z [2mes/[22m[36mcomponents/ui/sidebar.js         [39m[1m[2m 21.77 kB[22m[1m[22m[2m │ map:  37.43 kB[22m
2025-04-14T13:10:58.8378667Z [2mes/[22m[36mcomponents/ui/icon.js            [39m[1m[2m245.67 kB[22m[1m[22m[2m │ map: 163.97 kB[22m
2025-04-14T13:10:58.8379411Z [32m✓ built in 3.50s[39m
2025-04-14T13:10:59.3466411Z ##[endgroup]
2025-04-14T13:10:59.3467587Z ##[group]✅ > nx run @tryghost/custom-fonts:build
2025-04-14T13:10:59.3471013Z 
2025-04-14T13:10:59.3472732Z [2K[1G[2m$ yarn build:cjs && yarn build:esm && yarn build:types[22m
2025-04-14T13:10:59.3473804Z [2K[1G[2m$ tsc -p tsconfig.json --outDir ./build/cjs --module CommonJS[22m
2025-04-14T13:10:59.3479016Z [2K[1G[2m$ tsc -p tsconfig.esm.json --outDir ./build/esm --module ES2020[22m
2025-04-14T13:10:59.3480433Z [2K[1G[2m$ tsc -p tsconfig.json --emitDeclarationOnly --declaration --declarationDir ./build/types[22m
2025-04-14T13:10:59.4277269Z ##[endgroup]
2025-04-14T13:10:59.4278305Z ##[group]✅ > nx run @tryghost/admin-x-design-system:build
2025-04-14T13:10:59.4279076Z 
2025-04-14T13:10:59.4279790Z [2K[1G[2m$ tsc -p tsconfig.declaration.json && vite build[22m
2025-04-14T13:10:59.4280663Z [36mvite v4.5.3 [32mbuilding for production...[36m[39m
2025-04-14T13:10:59.4281194Z transforming...
2025-04-14T13:10:59.4281740Z [32m✓[39m 197 modules transformed.
2025-04-14T13:10:59.4282200Z rendering chunks...
2025-04-14T13:10:59.4283162Z [2mes/[22m[36mglobal/Icon.js                        [39m[1m[2m  0.20 kB[22m[1m[22m[2m │ map:   0.09 kB[22m
2025-04-14T13:10:59.4284428Z [2mes/[22m[36mBoilerplate.js                        [39m[1m[2m  0.23 kB[22m[1m[22m[2m │ map:   0.45 kB[22m
2025-04-14T13:10:59.4285784Z [2mes/[22m[36mglobal/chrome/DesktopChrome.js        [39m[1m[2m  0.40 kB[22m[1m[22m[2m │ map:   0.81 kB[22m
2025-04-14T13:10:59.4287482Z [2mes/[22m[36mglobal/Separator.js                   [39m[1m[2m  0.45 kB[22m[1m[22m[2m │ map:   0.81 kB[22m
2025-04-14T13:10:59.4288862Z [2mes/[22m[36mglobal/form/CodeEditor.js             [39m[1m[2m  0.45 kB[22m[1m[22m[2m │ map:   1.05 kB[22m
2025-04-14T13:10:59.4290576Z [2mes/[22m[36mglobal/chrome/MobileChrome.js         [39m[1m[2m  0.48 kB[22m[1m[22m[2m │ map:   0.88 kB[22m
2025-04-14T13:10:59.4291959Z [2mes/[22m[36mutils/debounce.js                     [39m[1m[2m  0.48 kB[22m[1m[22m[2m │ map:   1.13 kB[22m
2025-04-14T13:10:59.4293217Z [2mes/[22m[36mglobal/Link.js                        [39m[1m[2m  0.48 kB[22m[1m[22m[2m │ map:   1.14 kB[22m
2025-04-14T13:10:59.4294545Z [2mes/[22m[36mglobal/layout/GlobalActions.js        [39m[1m[2m  0.49 kB[22m[1m[22m[2m │ map:   0.57 kB[22m
2025-04-14T13:10:59.4295918Z [2mes/[22m[36mglobal/IconLabel.js                   [39m[1m[2m  0.50 kB[22m[1m[22m[2m │ map:   0.79 kB[22m
2025-04-14T13:10:59.4297607Z [2mes/[22m[36mglobal/layout/AppMenu.js              [39m[1m[2m  0.50 kB[22m[1m[22m[2m │ map:   0.61 kB[22m
2025-04-14T13:10:59.4299036Z [2mes/[22m[36mglobal/form/ToggleGroup.js            [39m[1m[2m  0.55 kB[22m[1m[22m[2m │ map:   1.27 kB[22m
2025-04-14T13:10:59.4300493Z [2mes/[22m[36msettings/SettingSectionHeader.js      [39m[1m[2m  0.56 kB[22m[1m[22m[2m │ map:   0.94 kB[22m
2025-04-14T13:10:59.4301922Z [2mes/[22m[36mglobal/modal/ModalPage.js             [39m[1m[2m  0.56 kB[22m[1m[22m[2m │ map:   0.93 kB[22m
2025-04-14T13:10:59.4303272Z [2mes/[22m[36mglobal/modal/Modal.js                 [39m[1m[2m  0.57 kB[22m[1m[22m[2m │ map:   0.10 kB[22m
2025-04-14T13:10:59.4304590Z [2mes/[22m[36mglobal/NoValueLabel.js                [39m[1m[2m  0.57 kB[22m[1m[22m[2m │ map:   0.90 kB[22m
2025-04-14T13:10:59.4305878Z [2mes/[22m[36mutils/modals.js                       [39m[1m[2m  0.57 kB[22m[1m[22m[2m │ map:   0.11 kB[22m
2025-04-14T13:10:59.4307522Z [2mes/[22m[36mglobal/modal/ConfirmationModal.js     [39m[1m[2m  0.58 kB[22m[1m[22m[2m │ map:   0.12 kB[22m
2025-04-14T13:10:59.4309223Z [2mes/[22m[36msettings/SettingSection.js            [39m[1m[2m  0.63 kB[22m[1m[22m[2m │ map:   1.19 kB[22m
2025-04-14T13:10:59.4310564Z [2mes/[22m[36mglobal/Hint.js                        [39m[1m[2m  0.65 kB[22m[1m[22m[2m │ map:   1.27 kB[22m
2025-04-14T13:10:59.4311838Z [2mes/[22m[36mDesignSystemApp.js                    [39m[1m[2m  0.68 kB[22m[1m[22m[2m │ map:   1.19 kB[22m
2025-04-14T13:10:59.4313151Z [2mes/[22m[36mglobal/TableCell.js                   [39m[1m[2m  0.69 kB[22m[1m[22m[2m │ map:   1.46 kB[22m
2025-04-14T13:10:59.4314449Z [2mes/[22m[36mglobal/TableHead.js                   [39m[1m[2m  0.71 kB[22m[1m[22m[2m │ map:   1.21 kB[22m
2025-04-14T13:10:59.4315840Z [2mes/[22m[36mglobal/InfiniteScrollListener.js      [39m[1m[2m  0.72 kB[22m[1m[22m[2m │ map:   1.67 kB[22m
2025-04-14T13:10:59.4319036Z [2mes/[22m[36msettings/SettingGroupContent.js       [39m[1m[2m  0.78 kB[22m[1m[22m[2m │ map:   1.45 kB[22m
2025-04-14T13:10:59.4320515Z [2mes/[22m[36msettings/SettingValue.js              [39m[1m[2m  0.82 kB[22m[1m[22m[2m │ map:   1.33 kB[22m
2025-04-14T13:10:59.4321843Z [2mes/[22m[36mglobal/Banner.js                      [39m[1m[2m  0.89 kB[22m[1m[22m[2m │ map:   1.61 kB[22m
2025-04-14T13:10:59.4323184Z [2mes/[22m[36mglobal/form/CheckboxGroup.js          [39m[1m[2m  0.96 kB[22m[1m[22m[2m │ map:   1.49 kB[22m
2025-04-14T13:10:59.4324568Z [2mes/[22m[36mhooks/usePagination.js                [39m[1m[2m  0.96 kB[22m[1m[22m[2m │ map:   2.35 kB[22m
2025-04-14T13:10:59.4325896Z [2mes/[22m[36mglobal/ListHeading.js                 [39m[1m[2m  1.03 kB[22m[1m[22m[2m │ map:   1.80 kB[22m
2025-04-14T13:10:59.4327373Z [2mes/[22m[36mglobal/ButtonGroup.js                 [39m[1m[2m  1.05 kB[22m[1m[22m[2m │ map:   1.86 kB[22m
2025-04-14T13:10:59.4328770Z [2mes/[22m[36msettings/SettingGroupHeader.js        [39m[1m[2m  1.08 kB[22m[1m[22m[2m │ map:   1.60 kB[22m
2025-04-14T13:10:59.4330198Z [2mes/[22m[36mglobal/modal/LimitModal.js            [39m[1m[2m  1.10 kB[22m[1m[22m[2m │ map:   1.40 kB[22m
2025-04-14T13:10:59.4331697Z [2mes/[22m[36mglobal/Tooltip.js                     [39m[1m[2m  1.10 kB[22m[1m[22m[2m │ map:   2.10 kB[22m
2025-04-14T13:10:59.4333041Z [2mes/[22m[36msettings/SettingNavItem.js            [39m[1m[2m  1.13 kB[22m[1m[22m[2m │ map:   1.94 kB[22m
2025-04-14T13:10:59.4334350Z [2mes/[22m[36mglobal/Menu.js                        [39m[1m[2m  1.17 kB[22m[1m[22m[2m │ map:   2.22 kB[22m
2025-04-14T13:10:59.4335567Z [2mes/[22m[36mglobal/List.js                        [39m[1m[2m  1.29 kB[22m[1m[22m[2m │ map:   2.65 kB[22m
2025-04-14T13:10:59.4336813Z [2mes/[22m[36mglobal/Popover.js                     [39m[1m[2m  1.35 kB[22m[1m[22m[2m │ map:   2.55 kB[22m
2025-04-14T13:10:59.4338369Z [2mes/[22m[36mhooks/useGlobalDirtyState.js          [39m[1m[2m  1.36 kB[22m[1m[22m[2m │ map:   2.84 kB[22m
2025-04-14T13:10:59.4339858Z [2mes/[22m[36mproviders/DesignSystemProvider.js     [39m[1m[2m  1.38 kB[22m[1m[22m[2m │ map:   2.68 kB[22m
2025-04-14T13:10:59.4341339Z [2mes/[22m[36mglobal/form/CurrencyField.js          [39m[1m[2m  1.40 kB[22m[1m[22m[2m │ map:   2.52 kB[22m
2025-04-14T13:10:59.4342688Z [2mes/[22m[36mglobal/form/Form.js                   [39m[1m[2m  1.52 kB[22m[1m[22m[2m │ map:   3.07 kB[22m
2025-04-14T13:10:59.4344031Z [2mes/[22m[36mglobal/layout/PageHeader.js           [39m[1m[2m  1.52 kB[22m[1m[22m[2m │ map:   3.21 kB[22m
2025-04-14T13:10:59.4345383Z [2mes/[22m[36mglobal/Pagination.js                  [39m[1m[2m  1.59 kB[22m[1m[22m[2m │ map:   2.58 kB[22m
2025-04-14T13:10:59.4346717Z [2mes/[22m[36mglobal/ErrorBoundary.js               [39m[1m[2m  1.60 kB[22m[1m[22m[2m │ map:   2.60 kB[22m
2025-04-14T13:10:59.4348243Z [2mes/[22m[36mglobal/LoadingIndicator.js            [39m[1m[2m  1.66 kB[22m[1m[22m[2m │ map:   2.88 kB[22m
2025-04-14T13:10:59.4349797Z [2mes/[22m[36mglobal/Heading.js                     [39m[1m[2m  1.67 kB[22m[1m[22m[2m │ map:   3.79 kB[22m
2025-04-14T13:10:59.4351082Z [2mes/[22m[36mglobal/Avatar.js                      [39m[1m[2m  1.67 kB[22m[1m[22m[2m │ map:   2.90 kB[22m
2025-04-14T13:10:59.4352349Z [2mes/[22m[36mglobal/TableRow.js                    [39m[1m[2m  1.70 kB[22m[1m[22m[2m │ map:   2.97 kB[22m
2025-04-14T13:10:59.4353649Z [2mes/[22m[36mglobal/Breadcrumbs.js                 [39m[1m[2m  1.74 kB[22m[1m[22m[2m │ map:   3.20 kB[22m
2025-04-14T13:10:59.4354991Z [2mes/[22m[36mglobal/form/HtmlField.js              [39m[1m[2m  1.78 kB[22m[1m[22m[2m │ map:   2.71 kB[22m
2025-04-14T13:10:59.4356302Z [2mes/[22m[36mglobal/ListItem.js                    [39m[1m[2m  1.93 kB[22m[1m[22m[2m │ map:   3.60 kB[22m
2025-04-14T13:10:59.4357756Z [2mes/[22m[36mglobal/StickyFooter.js                [39m[1m[2m  1.93 kB[22m[1m[22m[2m │ map:   3.19 kB[22m
2025-04-14T13:10:59.4359207Z [2mes/[22m[36mglobal/chrome/DesktopChromeHeader.js  [39m[1m[2m  1.99 kB[22m[1m[22m[2m │ map:   3.63 kB[22m
2025-04-14T13:10:59.4360676Z [2mes/[22m[36mglobal/form/FileUpload.js             [39m[1m[2m  2.00 kB[22m[1m[22m[2m │ map:   3.89 kB[22m
2025-04-14T13:10:59.4362059Z [2mes/[22m[36msingle-user-fill-d746056e.js          [39m[1m[2m  2.00 kB[22m[1m[22m[2m │ map:   1.27 kB[22m
2025-04-14T13:10:59.4363397Z [2mes/[22m[36mutils/formatUrl.js                    [39m[1m[2m  2.07 kB[22m[1m[22m[2m │ map:   4.80 kB[22m
2025-04-14T13:10:59.4364745Z [2mes/[22m[36mglobal/form/URLTextField.js           [39m[1m[2m  2.19 kB[22m[1m[22m[2m │ map:   4.44 kB[22m
2025-04-14T13:10:59.4366115Z [2mes/[22m[36mglobal/form/Checkbox.js               [39m[1m[2m  2.21 kB[22m[1m[22m[2m │ map:   3.56 kB[22m
2025-04-14T13:10:59.4367666Z [2mes/[22m[36mhooks/useSortableIndexedList.js       [39m[1m[2m  2.24 kB[22m[1m[22m[2m │ map:   5.03 kB[22m
2025-04-14T13:10:59.4369221Z [2mes/[22m[36mglobal/form/Radio.js                  [39m[1m[2m  2.27 kB[22m[1m[22m[2m │ map:   3.53 kB[22m
2025-04-14T13:10:59.4370597Z [2mes/[22m[36msettings/SettingNavSection.js         [39m[1m[2m  2.53 kB[22m[1m[22m[2m │ map:   1.36 kB[22m
2025-04-14T13:10:59.4371971Z [2mes/[22m[36mglobal/form/TextArea.js               [39m[1m[2m  2.66 kB[22m[1m[22m[2m │ map:   4.86 kB[22m
2025-04-14T13:10:59.4373289Z [2mes/[22m[36mglobal/layout/Page.js                 [39m[1m[2m  2.88 kB[22m[1m[22m[2m │ map:   6.06 kB[22m
2025-04-14T13:10:59.4374575Z [2mes/[22m[36mglobal/Toast.js                       [39m[1m[2m  3.17 kB[22m[1m[22m[2m │ map:   5.50 kB[22m
2025-04-14T13:10:59.4375907Z [2mes/[22m[36mglobal/form/ColorIndicator.js         [39m[1m[2m  3.27 kB[22m[1m[22m[2m │ map:   5.88 kB[22m
2025-04-14T13:10:59.4377429Z [2mes/[22m[36mglobal/form/Toggle.js                 [39m[1m[2m  3.38 kB[22m[1m[22m[2m │ map:   6.04 kB[22m
2025-04-14T13:10:59.4378838Z [2mes/[22m[36mglobal/form/CodeEditorView.js         [39m[1m[2m  3.56 kB[22m[1m[22m[2m │ map:   5.99 kB[22m
2025-04-14T13:10:59.4380244Z [2mes/[22m[36msettings/StripeButton.js              [39m[1m[2m  3.61 kB[22m[1m[22m[2m │ map:   4.09 kB[22m
2025-04-14T13:10:59.4381570Z [2mes/[22m[36mglobal/TabView.js                     [39m[1m[2m  3.68 kB[22m[1m[22m[2m │ map:   7.61 kB[22m
2025-04-14T13:10:59.4382939Z [2mes/[22m[36mglobal/form/ColorPickerField.js       [39m[1m[2m  3.79 kB[22m[1m[22m[2m │ map:   6.84 kB[22m
2025-04-14T13:10:59.4384345Z [2mes/[22m[36mglobal/form/TextField.js              [39m[1m[2m  3.97 kB[22m[1m[22m[2m │ map:   6.93 kB[22m
2025-04-14T13:10:59.4385706Z [2mes/[22m[36msettings/SettingGroup.js              [39m[1m[2m  4.10 kB[22m[1m[22m[2m │ map:   7.97 kB[22m
2025-04-14T13:10:59.4387204Z [2mes/[22m[36mglobal/form/HtmlEditor.js             [39m[1m[2m  4.12 kB[22m[1m[22m[2m │ map:   8.17 kB[22m
2025-04-14T13:10:59.4388747Z [2mes/[22m[36mglobal/SortableList.js                [39m[1m[2m  4.12 kB[22m[1m[22m[2m │ map:   8.50 kB[22m
2025-04-14T13:10:59.4390104Z [2mes/[22m[36mglobal/form/ColorPicker.js            [39m[1m[2m  4.37 kB[22m[1m[22m[2m │ map:   7.28 kB[22m
2025-04-14T13:10:59.4391416Z [2mes/[22m[36mglobal/Table.js                       [39m[1m[2m  4.63 kB[22m[1m[22m[2m │ map:   9.00 kB[22m
2025-04-14T13:10:59.4392669Z [2mes/[22m[36mglobal/SortMenu.js                    [39m[1m[2m  4.71 kB[22m[1m[22m[2m │ map:   5.52 kB[22m
2025-04-14T13:10:59.4394005Z [2mes/[22m[36mglobal/form/MultiSelect.js            [39m[1m[2m  4.71 kB[22m[1m[22m[2m │ map:   9.04 kB[22m
2025-04-14T13:10:59.4395324Z [2mes/[22m[36mglobal/Button.js                      [39m[1m[2m  5.08 kB[22m[1m[22m[2m │ map:   8.76 kB[22m
2025-04-14T13:10:59.4396648Z [2mes/[22m[36mglobal/form/ImageUpload.js            [39m[1m[2m  5.17 kB[22m[1m[22m[2m │ map:   9.57 kB[22m
2025-04-14T13:10:59.4398237Z [2mes/[22m[36mglobal/layout/ViewContainer.js        [39m[1m[2m  6.85 kB[22m[1m[22m[2m │ map:  11.40 kB[22m
2025-04-14T13:10:59.4399621Z [2mes/[22m[36mglobal/form/Select.js                 [39m[1m[2m  7.06 kB[22m[1m[22m[2m │ map:  13.25 kB[22m
2025-04-14T13:10:59.4400995Z [2mes/[22m[36mglobal/table/DynamicTable.js          [39m[1m[2m  7.96 kB[22m[1m[22m[2m │ map:  12.66 kB[22m
2025-04-14T13:10:59.4402396Z [2mes/[22m[36mglobal/modal/PreviewModal.js          [39m[1m[2m  8.62 kB[22m[1m[22m[2m │ map:  14.69 kB[22m
2025-04-14T13:10:59.4403831Z [2mes/[22m[36mConfirmationModal-612fbc65.js         [39m[1m[2m 12.12 kB[22m[1m[22m[2m │ map:  23.58 kB[22m
2025-04-14T13:10:59.4405125Z [2mes/[22m[36mindex.js                              [39m[1m[2m 14.08 kB[22m[1m[22m[2m │ map:   7.88 kB[22m
2025-04-14T13:10:59.4406341Z [2mes/[22m[36mIcon-04e7d014.js                      [39m[1m[2m247.02 kB[22m[1m[22m[2m │ map: 163.64 kB[22m
2025-04-14T13:10:59.4407270Z [32m✓ built in 3.94s[39m
2025-04-14T13:11:04.4109778Z ##[endgroup]
2025-04-14T13:11:04.4111286Z ##[group]✅ > nx run @tryghost/admin-x-framework:build
2025-04-14T13:11:04.4111767Z 
2025-04-14T13:11:04.4112409Z [2K[1G[2m$ tsc -p tsconfig.declaration.json && vite build[22m
2025-04-14T13:11:04.4113382Z [36mvite v4.5.3 [32mbuilding for production...[36m[39m
2025-04-14T13:11:04.4113942Z transforming...
2025-04-14T13:11:04.4114525Z [32m✓[39m 72 modules transformed.
2025-04-14T13:11:04.4114991Z rendering chunks...
2025-04-14T13:11:04.4115974Z [2mdist/[22m[36mhelpers.js                            [39m[1m[2m 0.19 kB[22m[1m[22m[2m │ map:  0.09 kB[22m
2025-04-14T13:11:04.4117778Z [2mdist/[22m[36mrouting.js                            [39m[1m[2m 0.42 kB[22m[1m[22m[2m │ map:  0.10 kB[22m
2025-04-14T13:11:04.4119154Z [2mdist/[22m[36mutils/queryClient.js                  [39m[1m[2m 0.58 kB[22m[1m[22m[2m │ map:  1.08 kB[22m
2025-04-14T13:11:04.4120351Z [2mdist/[22m[36merrors.js                             [39m[1m[2m 0.63 kB[22m[1m[22m[2m │ map:  0.09 kB[22m
2025-04-14T13:11:04.4121090Z [2mdist/[22m[36mapi/labels.js                         [39m[1m[2m 0.71 kB[22m[1m[22m[2m │ map:  0.63 kB[22m
2025-04-14T13:11:04.4121810Z [2mdist/[22m[36mapi/members.js                        [39m[1m[2m 0.72 kB[22m[1m[22m[2m │ map:  0.55 kB[22m
2025-04-14T13:11:04.4122538Z [2mdist/[22m[36mapi/referrers.js                      [39m[1m[2m 0.74 kB[22m[1m[22m[2m │ map:  0.67 kB[22m
2025-04-14T13:11:04.4123248Z [2mdist/[22m[36mapi/roles.js                          [39m[1m[2m 0.75 kB[22m[1m[22m[2m │ map:  0.83 kB[22m
2025-04-14T13:11:04.4123944Z [2mdist/[22m[36mhooks.js                              [39m[1m[2m 0.80 kB[22m[1m[22m[2m │ map:  0.11 kB[22m
2025-04-14T13:11:04.4124628Z [2mdist/[22m[36mapi/posts.js                          [39m[1m[2m 0.81 kB[22m[1m[22m[2m │ map:  0.75 kB[22m
2025-04-14T13:11:04.4125605Z [2mdist/[22m[36mhooks/usePermissions.js               [39m[1m[2m 0.85 kB[22m[1m[22m[2m │ map:  0.79 kB[22m
2025-04-14T13:11:04.4126370Z [2mdist/[22m[36mapi/staffToken.js                     [39m[1m[2m 0.85 kB[22m[1m[22m[2m │ map:  1.04 kB[22m
2025-04-14T13:11:04.4127334Z [2mdist/[22m[36mutils/helpers.js                      [39m[1m[2m 0.88 kB[22m[1m[22m[2m │ map:  1.70 kB[22m
2025-04-14T13:11:04.4128081Z [2mdist/[22m[36mapi/files.js                          [39m[1m[2m 0.88 kB[22m[1m[22m[2m │ map:  0.88 kB[22m
2025-04-14T13:11:04.4128787Z [2mdist/[22m[36mapi/images.js                         [39m[1m[2m 0.93 kB[22m[1m[22m[2m │ map:  0.96 kB[22m
2025-04-14T13:11:04.4129493Z [2mdist/[22m[36mapi/routes.js                         [39m[1m[2m 0.95 kB[22m[1m[22m[2m │ map:  0.80 kB[22m
2025-04-14T13:11:04.4130233Z [2mdist/[22m[36mapi/emailVerification.js              [39m[1m[2m 0.96 kB[22m[1m[22m[2m │ map:  1.06 kB[22m
2025-04-14T13:11:04.4131005Z [2mdist/[22m[36mapi/redirects.js                      [39m[1m[2m 0.96 kB[22m[1m[22m[2m │ map:  0.81 kB[22m
2025-04-14T13:11:04.4131693Z [2mdist/[22m[36mindex.js                              [39m[1m[2m 0.97 kB[22m[1m[22m[2m │ map:  0.10 kB[22m
2025-04-14T13:11:04.4132436Z [2mdist/[22m[36mproviders/FrameworkProvider.js        [39m[1m[2m 1.01 kB[22m[1m[22m[2m │ map:  2.55 kB[22m
2025-04-14T13:11:04.4133172Z [2mdist/[22m[36mapi/db.js                             [39m[1m[2m 1.04 kB[22m[1m[22m[2m │ map:  0.95 kB[22m
2025-04-14T13:11:04.4133865Z [2mdist/[22m[36mapi/currentUser.js                    [39m[1m[2m 1.23 kB[22m[1m[22m[2m │ map:  1.61 kB[22m
2025-04-14T13:11:04.4134628Z [2mdist/[22m[36mapi/customThemeSettings.js            [39m[1m[2m 1.25 kB[22m[1m[22m[2m │ map:  2.04 kB[22m
2025-04-14T13:11:04.4135368Z [2mdist/[22m[36mapi/apiKeys.js                        [39m[1m[2m 1.30 kB[22m[1m[22m[2m │ map:  1.89 kB[22m
2025-04-14T13:11:04.4136215Z [2mdist/[22m[36mapi/offers.js                         [39m[1m[2m 1.49 kB[22m[1m[22m[2m │ map:  2.73 kB[22m
2025-04-14T13:11:04.4137087Z [2mdist/[22m[36mapi/config.js                         [39m[1m[2m 1.49 kB[22m[1m[22m[2m │ map:  2.97 kB[22m
2025-04-14T13:11:04.4137844Z [2mdist/[22m[36mapi/site.js                           [39m[1m[2m 1.53 kB[22m[1m[22m[2m │ map:  2.16 kB[22m
2025-04-14T13:11:04.4138557Z [2mdist/[22m[36mapi/activitypub.js                    [39m[1m[2m 1.62 kB[22m[1m[22m[2m │ map:  4.30 kB[22m
2025-04-14T13:11:04.4139269Z [2mdist/[22m[36mapi/invites.js                        [39m[1m[2m 1.67 kB[22m[1m[22m[2m │ map:  2.71 kB[22m
2025-04-14T13:11:04.4140006Z [2mdist/[22m[36mhooks/useHandleError.js               [39m[1m[2m 1.68 kB[22m[1m[22m[2m │ map:  3.52 kB[22m
2025-04-14T13:11:04.4140754Z [2mdist/[22m[36mtest/render-shade.js                  [39m[1m[2m 1.71 kB[22m[1m[22m[2m │ map:  3.11 kB[22m
2025-04-14T13:11:04.4141503Z [2mdist/[22m[36mtest/render.js                        [39m[1m[2m 1.73 kB[22m[1m[22m[2m │ map:  3.16 kB[22m
2025-04-14T13:11:04.4142205Z [2mdist/[22m[36mplaywright.js                         [39m[1m[2m 1.91 kB[22m[1m[22m[2m │ map:  3.30 kB[22m
2025-04-14T13:11:04.4142954Z [2mdist/[22m[36mhooks/useFilterableApi.js             [39m[1m[2m 2.08 kB[22m[1m[22m[2m │ map:  3.66 kB[22m
2025-04-14T13:11:04.4143686Z [2mdist/[22m[36mapi/tiers.js                          [39m[1m[2m 2.27 kB[22m[1m[22m[2m │ map:  3.74 kB[22m
2025-04-14T13:11:04.4144426Z [2mdist/[22m[36mutils/api/updateQueries.js            [39m[1m[2m 2.33 kB[22m[1m[22m[2m │ map:  5.32 kB[22m
2025-04-14T13:11:04.4145196Z [2mdist/[22m[36mapi/integrations.js                   [39m[1m[2m 2.34 kB[22m[1m[22m[2m │ map:  3.99 kB[22m
2025-04-14T13:11:04.4145964Z [2mdist/[22m[36mutils/api/handleResponse.js           [39m[1m[2m 2.38 kB[22m[1m[22m[2m │ map:  3.47 kB[22m
2025-04-14T13:11:04.4146864Z [2mdist/[22m[36mvite.js                               [39m[1m[2m 2.45 kB[22m[1m[22m[2m │ map:  4.81 kB[22m
2025-04-14T13:11:04.4148380Z [2mdist/[22m[36mproviders/NavigationStackProvider.js  [39m[1m[2m 2.47 kB[22m[1m[22m[2m │ map:  5.14 kB[22m
2025-04-14T13:11:04.4149284Z [2mdist/[22m[36mapi/webhooks.js                       [39m[1m[2m 2.50 kB[22m[1m[22m[2m │ map:  4.23 kB[22m
2025-04-14T13:11:04.4150018Z [2mdist/[22m[36mapi/recommendations.js                [39m[1m[2m 2.66 kB[22m[1m[22m[2m │ map:  5.34 kB[22m
2025-04-14T13:11:04.4150766Z [2mdist/[22m[36mapi/newsletters.js                    [39m[1m[2m 2.80 kB[22m[1m[22m[2m │ map:  5.49 kB[22m
2025-04-14T13:11:04.4151494Z [2mdist/[22m[36mhooks/useForm.js                      [39m[1m[2m 2.82 kB[22m[1m[22m[2m │ map:  7.27 kB[22m
2025-04-14T13:11:04.4152204Z [2mdist/[22m[36mutils/errors.js                       [39m[1m[2m 3.01 kB[22m[1m[22m[2m │ map:  5.56 kB[22m
2025-04-14T13:11:04.4152937Z [2mdist/[22m[36mapi/settings.js                       [39m[1m[2m 3.02 kB[22m[1m[22m[2m │ map:  4.89 kB[22m
2025-04-14T13:11:04.4153664Z [2mdist/[22m[36mutils/api/fetchApi.js                 [39m[1m[2m 3.33 kB[22m[1m[22m[2m │ map:  6.80 kB[22m
2025-04-14T13:11:04.4154385Z [2mdist/[22m[36mapi/themes.js                         [39m[1m[2m 3.40 kB[22m[1m[22m[2m │ map:  6.44 kB[22m
2025-04-14T13:11:04.4155077Z [2mdist/[22m[36mapi/users.js                          [39m[1m[2m 3.57 kB[22m[1m[22m[2m │ map:  7.03 kB[22m
2025-04-14T13:11:04.4155819Z [2mdist/[22m[36mproviders/RouterProvider.js           [39m[1m[2m 3.61 kB[22m[1m[22m[2m │ map:  7.98 kB[22m
2025-04-14T13:11:04.4156671Z [2mdist/[22m[36mproviders/RoutingProvider.js          [39m[1m[2m 4.67 kB[22m[1m[22m[2m │ map: 10.12 kB[22m
2025-04-14T13:11:04.4157675Z [2mdist/[22m[36mapi/actions.js                        [39m[1m[2m 5.19 kB[22m[1m[22m[2m │ map:  9.58 kB[22m
2025-04-14T13:11:04.4158608Z [2mdist/[22m[36mutils/api/hooks.js                    [39m[1m[2m 6.53 kB[22m[1m[22m[2m │ map: 12.87 kB[22m
2025-04-14T13:11:04.4159380Z [2mdist/[22m[36mtest/acceptance.js                    [39m[1m[2m48.62 kB[22m[1m[22m[2m │ map: 18.05 kB[22m
2025-04-14T13:11:04.4160111Z [2mdist/[22m[36mhelpers.cjs                            [39m[1m[2m 0.35 kB[22m[1m[22m[2m │ map:  0.10 kB[22m
2025-04-14T13:11:04.4160863Z [2mdist/[22m[36mutils/queryClient.cjs                  [39m[1m[2m 0.59 kB[22m[1m[22m[2m │ map:  1.10 kB[22m
2025-04-14T13:11:04.4161590Z [2mdist/[22m[36mrouting.cjs                            [39m[1m[2m 0.64 kB[22m[1m[22m[2m │ map:  0.11 kB[22m
2025-04-14T13:11:04.4162295Z [2mdist/[22m[36mapi/labels.cjs                         [39m[1m[2m 0.87 kB[22m[1m[22m[2m │ map:  0.65 kB[22m
2025-04-14T13:11:04.4163003Z [2mdist/[22m[36mapi/members.cjs                        [39m[1m[2m 0.88 kB[22m[1m[22m[2m │ map:  0.58 kB[22m
2025-04-14T13:11:04.4163752Z [2mdist/[22m[36mapi/referrers.cjs                      [39m[1m[2m 0.90 kB[22m[1m[22m[2m │ map:  0.70 kB[22m
2025-04-14T13:11:04.4164470Z [2mdist/[22m[36mapi/roles.cjs                          [39m[1m[2m 0.91 kB[22m[1m[22m[2m │ map:  0.86 kB[22m
2025-04-14T13:11:04.4165216Z [2mdist/[22m[36mhooks/usePermissions.cjs               [39m[1m[2m 1.00 kB[22m[1m[22m[2m │ map:  0.82 kB[22m
2025-04-14T13:11:04.4165958Z [2mdist/[22m[36merrors.cjs                             [39m[1m[2m 1.00 kB[22m[1m[22m[2m │ map:  0.11 kB[22m
2025-04-14T13:11:04.4166653Z [2mdist/[22m[36mapi/posts.cjs                          [39m[1m[2m 1.01 kB[22m[1m[22m[2m │ map:  0.79 kB[22m
2025-04-14T13:11:04.4167590Z [2mdist/[22m[36mhooks.cjs                              [39m[1m[2m 1.01 kB[22m[1m[22m[2m │ map:  0.11 kB[22m
2025-04-14T13:11:04.4168312Z [2mdist/[22m[36mutils/helpers.cjs                      [39m[1m[2m 1.03 kB[22m[1m[22m[2m │ map:  1.70 kB[22m
2025-04-14T13:11:04.4169239Z [2mdist/[22m[36mapi/staffToken.cjs                     [39m[1m[2m 1.03 kB[22m[1m[22m[2m │ map:  1.09 kB[22m
2025-04-14T13:11:04.4169995Z [2mdist/[22m[36mapi/files.cjs                          [39m[1m[2m 1.06 kB[22m[1m[22m[2m │ map:  0.91 kB[22m
2025-04-14T13:11:04.4170712Z [2mdist/[22m[36mapi/images.cjs                         [39m[1m[2m 1.11 kB[22m[1m[22m[2m │ map:  0.99 kB[22m
2025-04-14T13:11:04.4171464Z [2mdist/[22m[36mapi/emailVerification.cjs              [39m[1m[2m 1.12 kB[22m[1m[22m[2m │ map:  1.09 kB[22m
2025-04-14T13:11:04.4172219Z [2mdist/[22m[36mapi/routes.cjs                         [39m[1m[2m 1.14 kB[22m[1m[22m[2m │ map:  0.86 kB[22m
2025-04-14T13:11:04.4172958Z [2mdist/[22m[36mapi/redirects.cjs                      [39m[1m[2m 1.16 kB[22m[1m[22m[2m │ map:  0.87 kB[22m
2025-04-14T13:11:04.4173758Z [2mdist/[22m[36mproviders/FrameworkProvider.cjs        [39m[1m[2m 1.19 kB[22m[1m[22m[2m │ map:  2.67 kB[22m
2025-04-14T13:11:04.4174534Z [2mdist/[22m[36mapi/db.cjs                             [39m[1m[2m 1.27 kB[22m[1m[22m[2m │ map:  1.02 kB[22m
2025-04-14T13:11:04.4175254Z [2mdist/[22m[36mapi/currentUser.cjs                    [39m[1m[2m 1.44 kB[22m[1m[22m[2m │ map:  1.72 kB[22m
2025-04-14T13:11:04.4175992Z [2mdist/[22m[36mapi/apiKeys.cjs                        [39m[1m[2m 1.48 kB[22m[1m[22m[2m │ map:  1.95 kB[22m
2025-04-14T13:11:04.4176758Z [2mdist/[22m[36mapi/customThemeSettings.cjs            [39m[1m[2m 1.54 kB[22m[1m[22m[2m │ map:  2.10 kB[22m
2025-04-14T13:11:04.4177750Z [2mdist/[22m[36mapi/config.cjs                         [39m[1m[2m 1.75 kB[22m[1m[22m[2m │ map:  3.00 kB[22m
2025-04-14T13:11:04.4178465Z [2mdist/[22m[36mapi/site.cjs                           [39m[1m[2m 1.75 kB[22m[1m[22m[2m │ map:  2.26 kB[22m
2025-04-14T13:11:04.4179192Z [2mdist/[22m[36mtest/render-shade.cjs                  [39m[1m[2m 1.76 kB[22m[1m[22m[2m │ map:  3.13 kB[22m
2025-04-14T13:11:04.4180073Z [2mdist/[22m[36mapi/offers.cjs                         [39m[1m[2m 1.77 kB[22m[1m[22m[2m │ map:  2.86 kB[22m
2025-04-14T13:11:04.4180799Z [2mdist/[22m[36mtest/render.cjs                        [39m[1m[2m 1.78 kB[22m[1m[22m[2m │ map:  3.18 kB[22m
2025-04-14T13:11:04.4181522Z [2mdist/[22m[36mapi/invites.cjs                        [39m[1m[2m 1.90 kB[22m[1m[22m[2m │ map:  2.77 kB[22m
2025-04-14T13:11:04.4182252Z [2mdist/[22m[36mapi/activitypub.cjs                    [39m[1m[2m 1.93 kB[22m[1m[22m[2m │ map:  4.39 kB[22m
2025-04-14T13:11:04.4182983Z [2mdist/[22m[36mplaywright.cjs                         [39m[1m[2m 2.04 kB[22m[1m[22m[2m │ map:  3.33 kB[22m
2025-04-14T13:11:04.4183745Z [2mdist/[22m[36mhooks/useFilterableApi.cjs             [39m[1m[2m 2.17 kB[22m[1m[22m[2m │ map:  3.72 kB[22m
2025-04-14T13:11:04.4184478Z [2mdist/[22m[36mindex.cjs                              [39m[1m[2m 2.30 kB[22m[1m[22m[2m │ map:  0.15 kB[22m
2025-04-14T13:11:04.4185241Z [2mdist/[22m[36mutils/api/handleResponse.cjs           [39m[1m[2m 2.36 kB[22m[1m[22m[2m │ map:  3.76 kB[22m
2025-04-14T13:11:04.4186058Z [2mdist/[22m[36mhooks/useHandleError.cjs               [39m[1m[2m 2.37 kB[22m[1m[22m[2m │ map:  3.66 kB[22m
2025-04-14T13:11:04.4186785Z [2mdist/[22m[36mvite.cjs                               [39m[1m[2m 2.48 kB[22m[1m[22m[2m │ map:  4.86 kB[22m
2025-04-14T13:11:04.4187728Z [2mdist/[22m[36mutils/api/updateQueries.cjs            [39m[1m[2m 2.49 kB[22m[1m[22m[2m │ map:  5.32 kB[22m
2025-04-14T13:11:04.4188482Z [2mdist/[22m[36mapi/tiers.cjs                          [39m[1m[2m 2.59 kB[22m[1m[22m[2m │ map:  3.83 kB[22m
2025-04-14T13:11:04.4189284Z [2mdist/[22m[36mproviders/NavigationStackProvider.cjs  [39m[1m[2m 2.63 kB[22m[1m[22m[2m │ map:  5.30 kB[22m
2025-04-14T13:11:04.4190097Z [2mdist/[22m[36mapi/integrations.cjs                   [39m[1m[2m 2.66 kB[22m[1m[22m[2m │ map:  4.06 kB[22m
2025-04-14T13:11:04.4191014Z [2mdist/[22m[36mapi/webhooks.cjs                       [39m[1m[2m 2.79 kB[22m[1m[22m[2m │ map:  4.32 kB[22m
2025-04-14T13:11:04.4191750Z [2mdist/[22m[36mhooks/useForm.cjs                      [39m[1m[2m 2.84 kB[22m[1m[22m[2m │ map:  7.34 kB[22m
2025-04-14T13:11:04.4192503Z [2mdist/[22m[36mapi/recommendations.cjs                [39m[1m[2m 3.05 kB[22m[1m[22m[2m │ map:  5.43 kB[22m
2025-04-14T13:11:04.4193264Z [2mdist/[22m[36mapi/newsletters.cjs                    [39m[1m[2m 3.17 kB[22m[1m[22m[2m │ map:  5.61 kB[22m
2025-04-14T13:11:04.4194000Z [2mdist/[22m[36mapi/settings.cjs                       [39m[1m[2m 3.43 kB[22m[1m[22m[2m │ map:  4.97 kB[22m
2025-04-14T13:11:04.4194725Z [2mdist/[22m[36mutils/errors.cjs                       [39m[1m[2m 3.45 kB[22m[1m[22m[2m │ map:  5.57 kB[22m
2025-04-14T13:11:04.4195437Z [2mdist/[22m[36mapi/themes.cjs                         [39m[1m[2m 3.89 kB[22m[1m[22m[2m │ map:  6.57 kB[22m
2025-04-14T13:11:04.4196214Z [2mdist/[22m[36mproviders/RouterProvider.cjs           [39m[1m[2m 3.97 kB[22m[1m[22m[2m │ map:  8.27 kB[22m
2025-04-14T13:11:04.4197162Z [2mdist/[22m[36mutils/api/fetchApi.cjs                 [39m[1m[2m 4.06 kB[22m[1m[22m[2m │ map:  7.00 kB[22m
2025-04-14T13:11:04.4197908Z [2mdist/[22m[36mapi/users.cjs                          [39m[1m[2m 4.12 kB[22m[1m[22m[2m │ map:  7.19 kB[22m
2025-04-14T13:11:04.4198676Z [2mdist/[22m[36mproviders/RoutingProvider.cjs          [39m[1m[2m 4.92 kB[22m[1m[22m[2m │ map: 10.29 kB[22m
2025-04-14T13:11:04.4199442Z [2mdist/[22m[36mapi/actions.cjs                        [39m[1m[2m 5.47 kB[22m[1m[22m[2m │ map:  9.62 kB[22m
2025-04-14T13:11:04.4200181Z [2mdist/[22m[36mutils/api/hooks.cjs                    [39m[1m[2m 7.08 kB[22m[1m[22m[2m │ map: 13.24 kB[22m
2025-04-14T13:11:04.4200948Z [2mdist/[22m[36mtest/acceptance.cjs                    [39m[1m[2m49.01 kB[22m[1m[22m[2m │ map: 18.09 kB[22m
2025-04-14T13:11:04.4201822Z [32m✓ built in 579ms[39m
2025-04-14T13:11:04.4258236Z ##[endgroup]
2025-04-14T13:11:04.4258878Z > nx run @tryghost/admin-x-settings:"test:acceptance"
2025-04-14T13:11:04.4259267Z 
2025-04-14T13:11:04.8578452Z [2K[1G[2m$ NODE_OPTIONS='--experimental-specifier-resolution=node --no-warnings' VITE_TEST=true playwright test[22m
2025-04-14T13:11:07.2846127Z [2m[WebServer] [22mBrowserslist: browsers data (caniuse-lite) is 6 months old. Please run:
2025-04-14T13:11:07.2868920Z [2m[WebServer] [22m  npx update-browserslist-db@latest
2025-04-14T13:11:07.2874198Z [2m[WebServer] [22m  Why you should do it regularly: https://github.com/browserslist/update-db#readme
2025-04-14T13:11:07.8830218Z [2mRunning [22m130[2m tests using [22m4[2m workers[22m
2025-04-14T13:13:26.5178651Z [32m·[39m[32m·[39m[32m·[39m[32m·[39m[32m·[39m[32m·[39m[32m·[39m[32m·[39m[32m·[39m[32m·[39m[32m·[39m[32m·[39m[32m·[39m[32m·[39m[32m·[39m[32m·[39m[32m·[39m[32m·[39m[32m·[39m[32m·[39m[32m·[39m[32m·[39m[32m·[39m[32m·[39m[32m·[39m[32m·[39m[32m·[39m[32m·[39m[32m·[39m[32m·[39m[32m·[39m[32m·[39m[32m·[39m[32m·[39m[32m·[39m[32m·[39m[32m·[39m[32m·[39m[32m·[39m[32m·[39m[32m·[39m[32m·[39m[32m·[39m[32m·[39m[32m·[39m[32m·[39m[32m·[39m[32m·[39m[32m·[39m[32m·[39m[32m·[39m[32m·[39m[32m·[39m[32m·[39m[32m·[39m[32m·[39m[32m·[39m[32m·[39m[32m·[39m[32m·[39m[32m·[39m[32m·[39m[32m·[39m[32m·[39m[32m·[39m[32m·[39m[32m·[39m[32m·[39m[32m·[39m[32m·[39m[32m·[39m[32m·[39m[32m·[39m[32m·[39m[32m·[39m[32m·[39m[32m·[39m[32m·[39m[32m·[39m[32m·[39m
2025-04-14T13:14:44.5880900Z [32m·[39m[32m·[39m[32m·[39m[32m·[39m[32m·[39m[32m·[39m[32m·[39m[32m·[39m[32m·[39m[32m·[39m[32m·[39m[32m·[39m[32m·[39m[32m·[39m[32m·[39m[32m·[39m[32m·[39m[32m·[39m[32m·[39m[32m·[39m[32m·[39m[32m·[39m[32m·[39m[32m·[39m[32m·[39m[32m·[39m[32m·[39m[32m·[39m[32m·[39m[32m·[39m[32m·[39m[32m·[39m[32m·[39m[32m·[39m[32m·[39m[32m·[39m[32m·[39m[32m·[39m[32m·[39m[32m·[39m[32m·[39m[32m·[39m[32m·[39m[32m·[39m[32m·[39m[32m·[39m[32m·[39m[32m·[39m[32m·[39m[32m·[39m
2025-04-14T13:14:44.5884824Z [32m  130 passed[39m[2m (3.6m)[22m
2025-04-14T13:14:44.7299976Z 
2025-04-14T13:14:44.7299994Z 
2025-04-14T13:14:44.7300478Z 
2025-04-14T13:14:44.7301668Z  NX   Successfully ran target test:acceptance for project @tryghost/admin-x-settings and 4 tasks it depends on
2025-04-14T13:14:44.7302148Z 
2025-04-14T13:14:44.7302158Z 
2025-04-14T13:14:44.8679805Z [2K[1GDone in 239.63s.
2025-04-14T13:14:44.8844422Z ##[group]Run actions/upload-artifact@v4
2025-04-14T13:14:44.8844742Z with:
2025-04-14T13:14:44.8844990Z   name: admin-x-settings-playwright-report
2025-04-14T13:14:44.8845357Z   path: apps/admin-x-settings/playwright-report
2025-04-14T13:14:44.8845688Z   retention-days: 30
2025-04-14T13:14:44.8845924Z   if-no-files-found: warn
2025-04-14T13:14:44.8846172Z   compression-level: 6
2025-04-14T13:14:44.8846395Z   overwrite: false
2025-04-14T13:14:44.8846623Z   include-hidden-files: false
2025-04-14T13:14:44.8846869Z env:
2025-04-14T13:14:44.8847364Z   FORCE_COLOR: 1
2025-04-14T13:14:44.8847638Z   HEAD_COMMIT: 2d8511b9704d8106a522b294a044fbdc42669271
2025-04-14T13:14:44.8848541Z   CACHED_DEPENDENCY_PATHS: /home/runner/work/Ghost/Ghost/node_modules
/home/runner/work/Ghost/Ghost/apps/*/node_modules
/home/runner/work/Ghost/Ghost/ghost/*/node_modules
~/.cache/ms-playwright/

2025-04-14T13:14:44.8849476Z   CACHED_BUILD_PATHS: /home/runner/work/Ghost/Ghost/ghost/*/build

2025-04-14T13:14:44.8849869Z   NX_REJECT_UNKNOWN_LOCAL_CACHE: 0
2025-04-14T13:14:44.8850136Z   NODE_VERSION: 20.11.1
2025-04-14T13:14:44.8850355Z   CI: true
2025-04-14T13:14:44.8850546Z ##[endgroup]
2025-04-14T13:14:45.1019980Z With the provided path, there will be 1 file uploaded
2025-04-14T13:14:45.1024357Z Artifact name is valid!
2025-04-14T13:14:45.1025793Z Root directory input is valid!
2025-04-14T13:14:45.3253106Z Beginning upload of artifact content to blob storage
2025-04-14T13:14:45.6548162Z Uploaded bytes 307393
2025-04-14T13:14:45.7023929Z Finished uploading artifact content to blob storage!
2025-04-14T13:14:45.7028056Z SHA256 digest of uploaded artifact zip is 1ef4cb2c8a253dac21183f3f69ababbda2b8f0514220c7842c74b796b68afcbe
2025-04-14T13:14:45.7029922Z Finalizing artifact upload
2025-04-14T13:14:45.8290693Z Artifact admin-x-settings-playwright-report.zip successfully finalized. Artifact ID 2939915924
2025-04-14T13:14:45.8292582Z Artifact admin-x-settings-playwright-report has been successfully uploaded! Final size is 307393 bytes. Artifact ID is 2939915924
2025-04-14T13:14:45.8298867Z Artifact download URL: https://github.com/TryGhost/Ghost/actions/runs/14446404467/artifacts/2939915924
2025-04-14T13:14:45.8424894Z Post job cleanup.
2025-04-14T13:14:45.9709719Z Cache hit occurred on the primary key Linux-Playwright-1.51.1, not saving cache.
2025-04-14T13:14:45.9794668Z Post job cleanup.
2025-04-14T13:14:46.1476239Z Post job cleanup.
2025-04-14T13:14:46.2535997Z [command]/usr/bin/git version
2025-04-14T13:14:46.2577849Z git version 2.49.0
2025-04-14T13:14:46.2624668Z Temporarily overriding HOME='/home/runner/work/_temp/cc96681f-da52-4323-8c7a-926c31c918bc' before making global git config changes
2025-04-14T13:14:46.2626203Z Adding repository directory to the temporary git global config as a safe directory
2025-04-14T13:14:46.2642061Z [command]/usr/bin/git config --global --add safe.directory /home/runner/work/Ghost/Ghost
2025-04-14T13:14:46.2682608Z [command]/usr/bin/git config --local --name-only --get-regexp core\.sshCommand
2025-04-14T13:14:46.2720279Z [command]/usr/bin/git submodule foreach --recursive sh -c "git config --local --name-only --get-regexp 'core\.sshCommand' && git config --local --unset-all 'core.sshCommand' || :"
2025-04-14T13:14:46.2989460Z [command]/usr/bin/git config --local --name-only --get-regexp http\.https\:\/\/github\.com\/\.extraheader
2025-04-14T13:14:46.3012307Z http.https://github.com/.extraheader
2025-04-14T13:14:46.3025989Z [command]/usr/bin/git config --local --unset-all http.https://github.com/.extraheader
2025-04-14T13:14:46.3058870Z [command]/usr/bin/git submodule foreach --recursive sh -c "git config --local --name-only --get-regexp 'http\.https\:\/\/github\.com\/\.extraheader' && git config --local --unset-all 'http.https://github.com/.extraheader' || :"
2025-04-14T13:14:46.3408292Z Cleaning up orphan processes
