2025-03-12T10:40:10.5847292Z Requested labels: ubuntu-latest
2025-03-12T10:40:10.5847546Z Job defined at: mantinedev/mantine/.github/workflows/npm_test.yml@refs/pull/7527/merge
2025-03-12T10:40:10.5847644Z Waiting for a runner to pick up this job...
2025-03-12T10:40:11.3444979Z Job is waiting for a hosted runner to come online.
2025-03-12T10:40:13.6087592Z Job is about to start running on the hosted runner: GitHub Actions 8 (hosted)
2025-03-12T10:40:16.0809551Z Current runner version: '2.322.0'
2025-03-12T10:40:16.0835892Z ##[group]Operating System
2025-03-12T10:40:16.0836768Z Ubuntu
2025-03-12T10:40:16.0837305Z 24.04.2
2025-03-12T10:40:16.0837819Z LTS
2025-03-12T10:40:16.0838313Z ##[endgroup]
2025-03-12T10:40:16.0838841Z ##[group]Runner Image
2025-03-12T10:40:16.0839761Z Image: ubuntu-24.04
2025-03-12T10:40:16.0840304Z Version: 20250302.1.0
2025-03-12T10:40:16.0841298Z Included Software: https://github.com/actions/runner-images/blob/ubuntu24/20250302.1/images/ubuntu/Ubuntu2404-Readme.md
2025-03-12T10:40:16.0842750Z Image Release: https://github.com/actions/runner-images/releases/tag/ubuntu24%2F20250302.1
2025-03-12T10:40:16.0843650Z ##[endgroup]
2025-03-12T10:40:16.0844171Z ##[group]Runner Image Provisioner
2025-03-12T10:40:16.0844830Z 2.0.422.1
2025-03-12T10:40:16.0845290Z ##[endgroup]
2025-03-12T10:40:16.0847472Z ##[group]GITHUB_TOKEN Permissions
2025-03-12T10:40:16.0850313Z Actions: read
2025-03-12T10:40:16.0851143Z Attestations: read
2025-03-12T10:40:16.0851762Z Checks: read
2025-03-12T10:40:16.0852290Z Contents: read
2025-03-12T10:40:16.0852840Z Deployments: read
2025-03-12T10:40:16.0853355Z Discussions: read
2025-03-12T10:40:16.0853865Z Issues: read
2025-03-12T10:40:16.0854387Z Metadata: read
2025-03-12T10:40:16.0854880Z Packages: read
2025-03-12T10:40:16.0855442Z Pages: read
2025-03-12T10:40:16.0855947Z PullRequests: read
2025-03-12T10:40:16.0856456Z RepositoryProjects: read
2025-03-12T10:40:16.0857086Z SecurityEvents: read
2025-03-12T10:40:16.0857611Z Statuses: read
2025-03-12T10:40:16.0858084Z ##[endgroup]
2025-03-12T10:40:16.0861614Z Secret source: None
2025-03-12T10:40:16.0862603Z Prepare workflow directory
2025-03-12T10:40:16.1172333Z Prepare all required actions
2025-03-12T10:40:16.1293712Z Getting action download info
2025-03-12T10:40:16.4821265Z Download action repository 'actions/checkout@v3' (SHA:f43a0e5ff2bd294095638e18286ca9a3d1956744)
2025-03-12T10:40:16.5737059Z Download action repository 'actions/setup-node@v3' (SHA:1a4442cacd436585916779262731d5b162bc6ec7)
2025-03-12T10:40:16.7385178Z Complete job name: test_pull_request
2025-03-12T10:40:16.8108306Z ##[group]Run actions/checkout@v3
2025-03-12T10:40:16.8109317Z with:
2025-03-12T10:40:16.8109740Z   repository: mantinedev/mantine
2025-03-12T10:40:16.8110415Z   token: ***
2025-03-12T10:40:16.8110813Z   ssh-strict: true
2025-03-12T10:40:16.8111241Z   persist-credentials: true
2025-03-12T10:40:16.8111699Z   clean: true
2025-03-12T10:40:16.8112118Z   sparse-checkout-cone-mode: true
2025-03-12T10:40:16.8112595Z   fetch-depth: 1
2025-03-12T10:40:16.8112990Z   fetch-tags: false
2025-03-12T10:40:16.8113388Z   lfs: false
2025-03-12T10:40:16.8113767Z   submodules: false
2025-03-12T10:40:16.8114179Z   set-safe-directory: true
2025-03-12T10:40:16.8114992Z ##[endgroup]
2025-03-12T10:40:16.9724012Z Syncing repository: mantinedev/mantine
2025-03-12T10:40:16.9725677Z ##[group]Getting Git version info
2025-03-12T10:40:16.9726352Z Working directory is '/home/runner/work/mantine/mantine'
2025-03-12T10:40:16.9727268Z [command]/usr/bin/git version
2025-03-12T10:40:16.9780004Z git version 2.48.1
2025-03-12T10:40:16.9811386Z ##[endgroup]
2025-03-12T10:40:16.9829537Z Temporarily overriding HOME='/home/runner/work/_temp/6a92ddd9-fd13-4912-bddc-17b0c3735d57' before making global git config changes
2025-03-12T10:40:16.9831940Z Adding repository directory to the temporary git global config as a safe directory
2025-03-12T10:40:16.9834014Z [command]/usr/bin/git config --global --add safe.directory /home/runner/work/mantine/mantine
2025-03-12T10:40:16.9868426Z Deleting the contents of '/home/runner/work/mantine/mantine'
2025-03-12T10:40:16.9872783Z ##[group]Initializing the repository
2025-03-12T10:40:16.9876578Z [command]/usr/bin/git init /home/runner/work/mantine/mantine
2025-03-12T10:40:16.9952887Z hint: Using 'master' as the name for the initial branch. This default branch name
2025-03-12T10:40:16.9953895Z hint: is subject to change. To configure the initial branch name to use in all
2025-03-12T10:40:16.9954780Z hint: of your new repositories, which will suppress this warning, call:
2025-03-12T10:40:16.9955744Z hint:
2025-03-12T10:40:16.9956215Z hint: 	git config --global init.defaultBranch <name>
2025-03-12T10:40:16.9956780Z hint:
2025-03-12T10:40:16.9957320Z hint: Names commonly chosen instead of 'master' are 'main', 'trunk' and
2025-03-12T10:40:16.9958235Z hint: 'development'. The just-created branch can be renamed via this command:
2025-03-12T10:40:16.9958912Z hint:
2025-03-12T10:40:16.9959527Z hint: 	git branch -m <name>
2025-03-12T10:40:16.9962485Z Initialized empty Git repository in /home/runner/work/mantine/mantine/.git/
2025-03-12T10:40:16.9971474Z [command]/usr/bin/git remote add origin https://github.com/mantinedev/mantine
2025-03-12T10:40:17.0002230Z ##[endgroup]
2025-03-12T10:40:17.0003442Z ##[group]Disabling automatic garbage collection
2025-03-12T10:40:17.0005563Z [command]/usr/bin/git config --local gc.auto 0
2025-03-12T10:40:17.0032982Z ##[endgroup]
2025-03-12T10:40:17.0033655Z ##[group]Setting up auth
2025-03-12T10:40:17.0038156Z [command]/usr/bin/git config --local --name-only --get-regexp core\.sshCommand
2025-03-12T10:40:17.0064121Z [command]/usr/bin/git submodule foreach --recursive sh -c "git config --local --name-only --get-regexp 'core\.sshCommand' && git config --local --unset-all 'core.sshCommand' || :"
2025-03-12T10:40:17.0358327Z [command]/usr/bin/git config --local --name-only --get-regexp http\.https\:\/\/github\.com\/\.extraheader
2025-03-12T10:40:17.0384297Z [command]/usr/bin/git submodule foreach --recursive sh -c "git config --local --name-only --get-regexp 'http\.https\:\/\/github\.com\/\.extraheader' && git config --local --unset-all 'http.https://github.com/.extraheader' || :"
2025-03-12T10:40:17.0627737Z [command]/usr/bin/git config --local http.https://github.com/.extraheader AUTHORIZATION: basic ***
2025-03-12T10:40:17.0662467Z ##[endgroup]
2025-03-12T10:40:17.0663211Z ##[group]Fetching the repository
2025-03-12T10:40:17.0671321Z [command]/usr/bin/git -c protocol.version=2 fetch --no-tags --prune --progress --no-recurse-submodules --depth=1 origin +b43b19a30f33a0e149c14b3d1cba0ab7b4e71bbc:refs/remotes/pull/7527/merge
2025-03-12T10:40:17.5787330Z remote: Enumerating objects: 5535, done.        
2025-03-12T10:40:17.5788903Z remote: Counting objects:   0% (1/5535)        
2025-03-12T10:40:17.5790295Z remote: Counting objects:   1% (56/5535)        
2025-03-12T10:40:17.5791184Z remote: Counting objects:   2% (111/5535)        
2025-03-12T10:40:17.5792069Z remote: Counting objects:   3% (167/5535)        
2025-03-12T10:40:17.5792947Z remote: Counting objects:   4% (222/5535)        
2025-03-12T10:40:17.5793835Z remote: Counting objects:   5% (277/5535)        
2025-03-12T10:40:17.5794736Z remote: Counting objects:   6% (333/5535)        
2025-03-12T10:40:17.5795651Z remote: Counting objects:   7% (388/5535)        
2025-03-12T10:40:17.5796694Z remote: Counting objects:   8% (443/5535)        
2025-03-12T10:40:17.5797761Z remote: Counting objects:   9% (499/5535)        
2025-03-12T10:40:17.5798664Z remote: Counting objects:  10% (554/5535)        
2025-03-12T10:40:17.5799653Z remote: Counting objects:  11% (609/5535)        
2025-03-12T10:40:17.5800351Z remote: Counting objects:  12% (665/5535)        
2025-03-12T10:40:17.5801073Z remote: Counting objects:  13% (720/5535)        
2025-03-12T10:40:17.5801719Z remote: Counting objects:  14% (775/5535)        
2025-03-12T10:40:17.5802376Z remote: Counting objects:  15% (831/5535)        
2025-03-12T10:40:17.5803005Z remote: Counting objects:  16% (886/5535)        
2025-03-12T10:40:17.5803633Z remote: Counting objects:  17% (941/5535)        
2025-03-12T10:40:17.5804255Z remote: Counting objects:  18% (997/5535)        
2025-03-12T10:40:17.5804891Z remote: Counting objects:  19% (1052/5535)        
2025-03-12T10:40:17.5805542Z remote: Counting objects:  20% (1107/5535)        
2025-03-12T10:40:17.5806172Z remote: Counting objects:  21% (1163/5535)        
2025-03-12T10:40:17.5806803Z remote: Counting objects:  22% (1218/5535)        
2025-03-12T10:40:17.5807446Z remote: Counting objects:  23% (1274/5535)        
2025-03-12T10:40:17.5808381Z remote: Counting objects:  24% (1329/5535)        
2025-03-12T10:40:17.5809249Z remote: Counting objects:  25% (1384/5535)        
2025-03-12T10:40:17.5809920Z remote: Counting objects:  26% (1440/5535)        
2025-03-12T10:40:17.5810555Z remote: Counting objects:  27% (1495/5535)        
2025-03-12T10:40:17.5811282Z remote: Counting objects:  28% (1550/5535)        
2025-03-12T10:40:17.5811938Z remote: Counting objects:  29% (1606/5535)        
2025-03-12T10:40:17.5812567Z remote: Counting objects:  30% (1661/5535)        
2025-03-12T10:40:17.5813205Z remote: Counting objects:  31% (1716/5535)        
2025-03-12T10:40:17.5813845Z remote: Counting objects:  32% (1772/5535)        
2025-03-12T10:40:17.5814470Z remote: Counting objects:  33% (1827/5535)        
2025-03-12T10:40:17.5815102Z remote: Counting objects:  34% (1882/5535)        
2025-03-12T10:40:17.5815729Z remote: Counting objects:  35% (1938/5535)        
2025-03-12T10:40:17.5816616Z remote: Counting objects:  36% (1993/5535)        
2025-03-12T10:40:17.5817870Z remote: Counting objects:  37% (2048/5535)        
2025-03-12T10:40:17.5819010Z remote: Counting objects:  38% (2104/5535)        
2025-03-12T10:40:17.5820140Z remote: Counting objects:  39% (2159/5535)        
2025-03-12T10:40:17.5820783Z remote: Counting objects:  40% (2214/5535)        
2025-03-12T10:40:17.5821410Z remote: Counting objects:  41% (2270/5535)        
2025-03-12T10:40:17.5822043Z remote: Counting objects:  42% (2325/5535)        
2025-03-12T10:40:17.5822674Z remote: Counting objects:  43% (2381/5535)        
2025-03-12T10:40:17.5823294Z remote: Counting objects:  44% (2436/5535)        
2025-03-12T10:40:17.5823920Z remote: Counting objects:  45% (2491/5535)        
2025-03-12T10:40:17.5824540Z remote: Counting objects:  46% (2547/5535)        
2025-03-12T10:40:17.5825176Z remote: Counting objects:  47% (2602/5535)        
2025-03-12T10:40:17.5825853Z remote: Counting objects:  48% (2657/5535)        
2025-03-12T10:40:17.5826675Z remote: Counting objects:  49% (2713/5535)        
2025-03-12T10:40:17.5827317Z remote: Counting objects:  50% (2768/5535)        
2025-03-12T10:40:17.5827940Z remote: Counting objects:  51% (2823/5535)        
2025-03-12T10:40:17.5828570Z remote: Counting objects:  52% (2879/5535)        
2025-03-12T10:40:17.5829452Z remote: Counting objects:  53% (2934/5535)        
2025-03-12T10:40:17.5830092Z remote: Counting objects:  54% (2989/5535)        
2025-03-12T10:40:17.5830716Z remote: Counting objects:  55% (3045/5535)        
2025-03-12T10:40:17.5831340Z remote: Counting objects:  56% (3100/5535)        
2025-03-12T10:40:17.5831954Z remote: Counting objects:  57% (3155/5535)        
2025-03-12T10:40:17.5832585Z remote: Counting objects:  58% (3211/5535)        
2025-03-12T10:40:17.5833204Z remote: Counting objects:  59% (3266/5535)        
2025-03-12T10:40:17.5833830Z remote: Counting objects:  60% (3321/5535)        
2025-03-12T10:40:17.5834459Z remote: Counting objects:  61% (3377/5535)        
2025-03-12T10:40:17.5835134Z remote: Counting objects:  62% (3432/5535)        
2025-03-12T10:40:17.5835772Z remote: Counting objects:  63% (3488/5535)        
2025-03-12T10:40:17.5836493Z remote: Counting objects:  64% (3543/5535)        
2025-03-12T10:40:17.5837124Z remote: Counting objects:  65% (3598/5535)        
2025-03-12T10:40:17.5837801Z remote: Counting objects:  66% (3654/5535)        
2025-03-12T10:40:17.5838436Z remote: Counting objects:  67% (3709/5535)        
2025-03-12T10:40:17.5839214Z remote: Counting objects:  68% (3764/5535)        
2025-03-12T10:40:17.5918446Z remote: Counting objects:  69% (3820/5535)        
2025-03-12T10:40:17.5919270Z remote: Counting objects:  70% (3875/5535)        
2025-03-12T10:40:17.5920003Z remote: Counting objects:  71% (3930/5535)        
2025-03-12T10:40:17.5920706Z remote: Counting objects:  72% (3986/5535)        
2025-03-12T10:40:17.5921333Z remote: Counting objects:  73% (4041/5535)        
2025-03-12T10:40:17.5921971Z remote: Counting objects:  74% (4096/5535)        
2025-03-12T10:40:17.5922841Z remote: Counting objects:  75% (4152/5535)        
2025-03-12T10:40:17.5923501Z remote: Counting objects:  76% (4207/5535)        
2025-03-12T10:40:17.5924149Z remote: Counting objects:  77% (4262/5535)        
2025-03-12T10:40:17.5924795Z remote: Counting objects:  78% (4318/5535)        
2025-03-12T10:40:17.5925418Z remote: Counting objects:  79% (4373/5535)        
2025-03-12T10:40:17.5926049Z remote: Counting objects:  80% (4428/5535)        
2025-03-12T10:40:17.5926694Z remote: Counting objects:  81% (4484/5535)        
2025-03-12T10:40:17.5927325Z remote: Counting objects:  82% (4539/5535)        
2025-03-12T10:40:17.5927960Z remote: Counting objects:  83% (4595/5535)        
2025-03-12T10:40:17.5928587Z remote: Counting objects:  84% (4650/5535)        
2025-03-12T10:40:17.5929358Z remote: Counting objects:  85% (4705/5535)        
2025-03-12T10:40:17.5930026Z remote: Counting objects:  86% (4761/5535)        
2025-03-12T10:40:17.5930656Z remote: Counting objects:  87% (4816/5535)        
2025-03-12T10:40:17.5931319Z remote: Counting objects:  88% (4871/5535)        
2025-03-12T10:40:17.5931941Z remote: Counting objects:  89% (4927/5535)        
2025-03-12T10:40:17.5932615Z remote: Counting objects:  90% (4982/5535)        
2025-03-12T10:40:17.5933263Z remote: Counting objects:  91% (5037/5535)        
2025-03-12T10:40:17.5933889Z remote: Counting objects:  92% (5093/5535)        
2025-03-12T10:40:17.5934514Z remote: Counting objects:  93% (5148/5535)        
2025-03-12T10:40:17.5935144Z remote: Counting objects:  94% (5203/5535)        
2025-03-12T10:40:17.5935768Z remote: Counting objects:  95% (5259/5535)        
2025-03-12T10:40:17.6398728Z remote: Counting objects:  96% (5314/5535)        
2025-03-12T10:40:17.6400281Z remote: Counting objects:  97% (5369/5535)        
2025-03-12T10:40:17.6401128Z remote: Counting objects:  98% (5425/5535)        
2025-03-12T10:40:17.6401885Z remote: Counting objects:  99% (5480/5535)        
2025-03-12T10:40:17.6402675Z remote: Counting objects: 100% (5535/5535)        
2025-03-12T10:40:17.6403724Z remote: Counting objects: 100% (5535/5535), done.        
2025-03-12T10:40:17.6404571Z remote: Compressing objects:   0% (1/4529)        
2025-03-12T10:40:17.6405340Z remote: Compressing objects:   1% (46/4529)        
2025-03-12T10:40:17.6406106Z remote: Compressing objects:   2% (91/4529)        
2025-03-12T10:40:17.6406867Z remote: Compressing objects:   3% (136/4529)        
2025-03-12T10:40:17.6407646Z remote: Compressing objects:   4% (182/4529)        
2025-03-12T10:40:17.6408429Z remote: Compressing objects:   5% (227/4529)        
2025-03-12T10:40:17.6409447Z remote: Compressing objects:   6% (272/4529)        
2025-03-12T10:40:17.6410264Z remote: Compressing objects:   7% (318/4529)        
2025-03-12T10:40:17.6411005Z remote: Compressing objects:   8% (363/4529)        
2025-03-12T10:40:17.6411680Z remote: Compressing objects:   9% (408/4529)        
2025-03-12T10:40:17.7386209Z remote: Compressing objects:  10% (453/4529)        
2025-03-12T10:40:17.7387784Z remote: Compressing objects:  11% (499/4529)        
2025-03-12T10:40:17.7388731Z remote: Compressing objects:  12% (544/4529)        
2025-03-12T10:40:17.7389998Z remote: Compressing objects:  13% (589/4529)        
2025-03-12T10:40:17.7390916Z remote: Compressing objects:  14% (635/4529)        
2025-03-12T10:40:17.7391834Z remote: Compressing objects:  15% (680/4529)        
2025-03-12T10:40:17.7392669Z remote: Compressing objects:  16% (725/4529)        
2025-03-12T10:40:17.7393392Z remote: Compressing objects:  17% (770/4529)        
2025-03-12T10:40:17.7394112Z remote: Compressing objects:  18% (816/4529)        
2025-03-12T10:40:17.7394831Z remote: Compressing objects:  19% (861/4529)        
2025-03-12T10:40:17.7395552Z remote: Compressing objects:  20% (906/4529)        
2025-03-12T10:40:17.7396267Z remote: Compressing objects:  21% (952/4529)        
2025-03-12T10:40:17.7396983Z remote: Compressing objects:  22% (997/4529)        
2025-03-12T10:40:17.7397956Z remote: Compressing objects:  23% (1042/4529)        
2025-03-12T10:40:17.7398705Z remote: Compressing objects:  24% (1087/4529)        
2025-03-12T10:40:17.7399547Z remote: Compressing objects:  25% (1133/4529)        
2025-03-12T10:40:17.7400276Z remote: Compressing objects:  26% (1178/4529)        
2025-03-12T10:40:17.7401002Z remote: Compressing objects:  27% (1223/4529)        
2025-03-12T10:40:17.7401724Z remote: Compressing objects:  28% (1269/4529)        
2025-03-12T10:40:17.7402458Z remote: Compressing objects:  29% (1314/4529)        
2025-03-12T10:40:17.7432355Z remote: Compressing objects:  30% (1359/4529)        
2025-03-12T10:40:17.7433534Z remote: Compressing objects:  31% (1404/4529)        
2025-03-12T10:40:17.7992664Z remote: Compressing objects:  32% (1450/4529)        
2025-03-12T10:40:17.7994189Z remote: Compressing objects:  33% (1495/4529)        
2025-03-12T10:40:17.7995184Z remote: Compressing objects:  34% (1540/4529)        
2025-03-12T10:40:17.7996164Z remote: Compressing objects:  35% (1586/4529)        
2025-03-12T10:40:17.7997136Z remote: Compressing objects:  36% (1631/4529)        
2025-03-12T10:40:17.7997898Z remote: Compressing objects:  37% (1676/4529)        
2025-03-12T10:40:17.7998626Z remote: Compressing objects:  38% (1722/4529)        
2025-03-12T10:40:17.7999566Z remote: Compressing objects:  39% (1767/4529)        
2025-03-12T10:40:17.8000326Z remote: Compressing objects:  40% (1812/4529)        
2025-03-12T10:40:17.8001068Z remote: Compressing objects:  41% (1857/4529)        
2025-03-12T10:40:17.8001808Z remote: Compressing objects:  42% (1903/4529)        
2025-03-12T10:40:17.8045699Z remote: Compressing objects:  43% (1948/4529)        
2025-03-12T10:40:17.8046947Z remote: Compressing objects:  44% (1993/4529)        
2025-03-12T10:40:17.8422579Z remote: Compressing objects:  45% (2039/4529)        
2025-03-12T10:40:17.8423501Z remote: Compressing objects:  46% (2084/4529)        
2025-03-12T10:40:17.8424218Z remote: Compressing objects:  47% (2129/4529)        
2025-03-12T10:40:17.8425215Z remote: Compressing objects:  48% (2174/4529)        
2025-03-12T10:40:17.8425933Z remote: Compressing objects:  49% (2220/4529)        
2025-03-12T10:40:17.8426628Z remote: Compressing objects:  50% (2265/4529)        
2025-03-12T10:40:17.8427318Z remote: Compressing objects:  51% (2310/4529)        
2025-03-12T10:40:17.8428016Z remote: Compressing objects:  52% (2356/4529)        
2025-03-12T10:40:17.8428707Z remote: Compressing objects:  53% (2401/4529)        
2025-03-12T10:40:17.8429634Z remote: Compressing objects:  54% (2446/4529)        
2025-03-12T10:40:17.8430337Z remote: Compressing objects:  55% (2491/4529)        
2025-03-12T10:40:17.8431032Z remote: Compressing objects:  56% (2537/4529)        
2025-03-12T10:40:17.8431725Z remote: Compressing objects:  57% (2582/4529)        
2025-03-12T10:40:17.8432418Z remote: Compressing objects:  58% (2627/4529)        
2025-03-12T10:40:17.8433107Z remote: Compressing objects:  59% (2673/4529)        
2025-03-12T10:40:17.8433825Z remote: Compressing objects:  60% (2718/4529)        
2025-03-12T10:40:17.8434572Z remote: Compressing objects:  61% (2763/4529)        
2025-03-12T10:40:17.8435246Z remote: Compressing objects:  62% (2808/4529)        
2025-03-12T10:40:17.8435920Z remote: Compressing objects:  63% (2854/4529)        
2025-03-12T10:40:17.8436587Z remote: Compressing objects:  64% (2899/4529)        
2025-03-12T10:40:17.8613608Z remote: Compressing objects:  65% (2944/4529)        
2025-03-12T10:40:17.8614602Z remote: Compressing objects:  66% (2990/4529)        
2025-03-12T10:40:17.8615332Z remote: Compressing objects:  67% (3035/4529)        
2025-03-12T10:40:17.8616014Z remote: Compressing objects:  68% (3080/4529)        
2025-03-12T10:40:17.8616691Z remote: Compressing objects:  69% (3126/4529)        
2025-03-12T10:40:17.8617370Z remote: Compressing objects:  70% (3171/4529)        
2025-03-12T10:40:17.8618045Z remote: Compressing objects:  71% (3216/4529)        
2025-03-12T10:40:17.8618722Z remote: Compressing objects:  72% (3261/4529)        
2025-03-12T10:40:17.8620026Z remote: Compressing objects:  73% (3307/4529)        
2025-03-12T10:40:17.8658869Z remote: Compressing objects:  74% (3352/4529)        
2025-03-12T10:40:17.8660431Z remote: Compressing objects:  75% (3397/4529)        
2025-03-12T10:40:17.9047493Z remote: Compressing objects:  76% (3443/4529)        
2025-03-12T10:40:17.9048912Z remote: Compressing objects:  77% (3488/4529)        
2025-03-12T10:40:17.9050107Z remote: Compressing objects:  78% (3533/4529)        
2025-03-12T10:40:17.9121093Z remote: Compressing objects:  79% (3578/4529)        
2025-03-12T10:40:17.9122616Z remote: Compressing objects:  80% (3624/4529)        
2025-03-12T10:40:17.9123563Z remote: Compressing objects:  81% (3669/4529)        
2025-03-12T10:40:17.9124502Z remote: Compressing objects:  82% (3714/4529)        
2025-03-12T10:40:17.9125449Z remote: Compressing objects:  83% (3760/4529)        
2025-03-12T10:40:17.9126295Z remote: Compressing objects:  84% (3805/4529)        
2025-03-12T10:40:17.9127075Z remote: Compressing objects:  85% (3850/4529)        
2025-03-12T10:40:17.9127807Z remote: Compressing objects:  86% (3895/4529)        
2025-03-12T10:40:17.9128780Z remote: Compressing objects:  87% (3941/4529)        
2025-03-12T10:40:17.9130189Z remote: Compressing objects:  88% (3986/4529)        
2025-03-12T10:40:17.9131474Z remote: Compressing objects:  89% (4031/4529)        
2025-03-12T10:40:17.9132664Z remote: Compressing objects:  90% (4077/4529)        
2025-03-12T10:40:17.9133533Z remote: Compressing objects:  91% (4122/4529)        
2025-03-12T10:40:17.9134275Z remote: Compressing objects:  92% (4167/4529)        
2025-03-12T10:40:17.9135015Z remote: Compressing objects:  93% (4212/4529)        
2025-03-12T10:40:17.9135750Z remote: Compressing objects:  94% (4258/4529)        
2025-03-12T10:40:17.9136456Z remote: Compressing objects:  95% (4303/4529)        
2025-03-12T10:40:17.9137377Z remote: Compressing objects:  96% (4348/4529)        
2025-03-12T10:40:17.9138137Z remote: Compressing objects:  97% (4394/4529)        
2025-03-12T10:40:17.9139369Z remote: Compressing objects:  98% (4439/4529)        
2025-03-12T10:40:17.9140142Z remote: Compressing objects:  99% (4484/4529)        
2025-03-12T10:40:17.9140834Z remote: Compressing objects: 100% (4529/4529)        
2025-03-12T10:40:17.9141551Z remote: Compressing objects: 100% (4529/4529), done.        
2025-03-12T10:40:18.0928526Z Receiving objects:   0% (1/5535)
2025-03-12T10:40:18.0934169Z Receiving objects:   1% (56/5535)
2025-03-12T10:40:18.0970994Z Receiving objects:   2% (111/5535)
2025-03-12T10:40:18.1051138Z Receiving objects:   3% (167/5535)
2025-03-12T10:40:18.1062366Z Receiving objects:   4% (222/5535)
2025-03-12T10:40:18.1070793Z Receiving objects:   5% (277/5535)
2025-03-12T10:40:18.1076427Z Receiving objects:   6% (333/5535)
2025-03-12T10:40:18.1083693Z Receiving objects:   7% (388/5535)
2025-03-12T10:40:18.1091035Z Receiving objects:   8% (443/5535)
2025-03-12T10:40:18.1141602Z Receiving objects:   9% (499/5535)
2025-03-12T10:40:18.1149493Z Receiving objects:  10% (554/5535)
2025-03-12T10:40:18.1157492Z Receiving objects:  11% (609/5535)
2025-03-12T10:40:18.1164690Z Receiving objects:  12% (665/5535)
2025-03-12T10:40:18.1170647Z Receiving objects:  13% (720/5535)
2025-03-12T10:40:18.1190953Z Receiving objects:  14% (775/5535)
2025-03-12T10:40:18.1207024Z Receiving objects:  15% (831/5535)
2025-03-12T10:40:18.1221697Z Receiving objects:  16% (886/5535)
2025-03-12T10:40:18.1240309Z Receiving objects:  17% (941/5535)
2025-03-12T10:40:18.1251131Z Receiving objects:  18% (997/5535)
2025-03-12T10:40:18.1267078Z Receiving objects:  19% (1052/5535)
2025-03-12T10:40:18.1299437Z Receiving objects:  20% (1107/5535)
2025-03-12T10:40:18.1306088Z Receiving objects:  21% (1163/5535)
2025-03-12T10:40:18.1310228Z Receiving objects:  22% (1218/5535)
2025-03-12T10:40:18.1314940Z Receiving objects:  23% (1274/5535)
2025-03-12T10:40:18.1317768Z Receiving objects:  24% (1329/5535)
2025-03-12T10:40:18.1322057Z Receiving objects:  25% (1384/5535)
2025-03-12T10:40:18.1329002Z Receiving objects:  26% (1440/5535)
2025-03-12T10:40:18.1333929Z Receiving objects:  27% (1495/5535)
2025-03-12T10:40:18.1339425Z Receiving objects:  28% (1550/5535)
2025-03-12T10:40:18.1344611Z Receiving objects:  29% (1606/5535)
2025-03-12T10:40:18.1349368Z Receiving objects:  30% (1661/5535)
2025-03-12T10:40:18.1354799Z Receiving objects:  31% (1716/5535)
2025-03-12T10:40:18.1359774Z Receiving objects:  32% (1772/5535)
2025-03-12T10:40:18.1365748Z Receiving objects:  33% (1827/5535)
2025-03-12T10:40:18.1370696Z Receiving objects:  34% (1882/5535)
2025-03-12T10:40:18.1376379Z Receiving objects:  35% (1938/5535)
2025-03-12T10:40:18.1380433Z Receiving objects:  36% (1993/5535)
2025-03-12T10:40:18.1386116Z Receiving objects:  37% (2048/5535)
2025-03-12T10:40:18.1391302Z Receiving objects:  38% (2104/5535)
2025-03-12T10:40:18.1397072Z Receiving objects:  39% (2159/5535)
2025-03-12T10:40:18.1402583Z Receiving objects:  40% (2214/5535)
2025-03-12T10:40:18.1409585Z Receiving objects:  41% (2270/5535)
2025-03-12T10:40:18.1414530Z Receiving objects:  42% (2325/5535)
2025-03-12T10:40:18.1420228Z Receiving objects:  43% (2381/5535)
2025-03-12T10:40:18.1424884Z Receiving objects:  44% (2436/5535)
2025-03-12T10:40:18.1428687Z Receiving objects:  45% (2491/5535)
2025-03-12T10:40:18.1435853Z Receiving objects:  46% (2547/5535)
2025-03-12T10:40:18.1445962Z Receiving objects:  47% (2602/5535)
2025-03-12T10:40:18.1454691Z Receiving objects:  48% (2657/5535)
2025-03-12T10:40:18.1463006Z Receiving objects:  49% (2713/5535)
2025-03-12T10:40:18.1471031Z Receiving objects:  50% (2768/5535)
2025-03-12T10:40:18.1478783Z Receiving objects:  51% (2823/5535)
2025-03-12T10:40:18.1484381Z Receiving objects:  52% (2879/5535)
2025-03-12T10:40:18.1490782Z Receiving objects:  53% (2934/5535)
2025-03-12T10:40:18.1499676Z Receiving objects:  54% (2989/5535)
2025-03-12T10:40:18.1509009Z Receiving objects:  55% (3045/5535)
2025-03-12T10:40:18.1519594Z Receiving objects:  56% (3100/5535)
2025-03-12T10:40:18.1531937Z Receiving objects:  57% (3155/5535)
2025-03-12T10:40:18.1543533Z Receiving objects:  58% (3211/5535)
2025-03-12T10:40:18.1549773Z Receiving objects:  59% (3266/5535)
2025-03-12T10:40:18.1556700Z Receiving objects:  60% (3321/5535)
2025-03-12T10:40:18.1566067Z Receiving objects:  61% (3377/5535)
2025-03-12T10:40:18.1576672Z Receiving objects:  62% (3432/5535)
2025-03-12T10:40:18.1583801Z Receiving objects:  63% (3488/5535)
2025-03-12T10:40:18.1592930Z Receiving objects:  64% (3543/5535)
2025-03-12T10:40:18.1600601Z Receiving objects:  65% (3598/5535)
2025-03-12T10:40:18.1609889Z Receiving objects:  66% (3654/5535)
2025-03-12T10:40:18.1616722Z Receiving objects:  67% (3709/5535)
2025-03-12T10:40:18.1625321Z Receiving objects:  68% (3764/5535)
2025-03-12T10:40:18.1637027Z Receiving objects:  69% (3820/5535)
2025-03-12T10:40:18.1645644Z Receiving objects:  70% (3875/5535)
2025-03-12T10:40:18.1655925Z Receiving objects:  71% (3930/5535)
2025-03-12T10:40:18.1664875Z Receiving objects:  72% (3986/5535)
2025-03-12T10:40:18.1674009Z Receiving objects:  73% (4041/5535)
2025-03-12T10:40:18.1682566Z Receiving objects:  74% (4096/5535)
2025-03-12T10:40:18.1694354Z Receiving objects:  75% (4152/5535)
2025-03-12T10:40:18.1704796Z Receiving objects:  76% (4207/5535)
2025-03-12T10:40:18.1710981Z Receiving objects:  77% (4262/5535)
2025-03-12T10:40:18.1716958Z Receiving objects:  78% (4318/5535)
2025-03-12T10:40:18.1726632Z Receiving objects:  79% (4373/5535)
2025-03-12T10:40:18.1736081Z Receiving objects:  80% (4428/5535)
2025-03-12T10:40:18.1745096Z Receiving objects:  81% (4484/5535)
2025-03-12T10:40:18.1750354Z Receiving objects:  82% (4539/5535)
2025-03-12T10:40:18.1758643Z Receiving objects:  83% (4595/5535)
2025-03-12T10:40:18.1769189Z Receiving objects:  84% (4650/5535)
2025-03-12T10:40:18.1775326Z Receiving objects:  85% (4705/5535)
2025-03-12T10:40:18.1781784Z Receiving objects:  86% (4761/5535)
2025-03-12T10:40:18.1789312Z Receiving objects:  87% (4816/5535)
2025-03-12T10:40:18.1796188Z Receiving objects:  88% (4871/5535)
2025-03-12T10:40:18.1803905Z Receiving objects:  89% (4927/5535)
2025-03-12T10:40:18.1811755Z Receiving objects:  90% (4982/5535)
2025-03-12T10:40:18.1817450Z Receiving objects:  91% (5037/5535)
2025-03-12T10:40:18.1824681Z Receiving objects:  92% (5093/5535)
2025-03-12T10:40:18.1831033Z Receiving objects:  93% (5148/5535)
2025-03-12T10:40:18.1835535Z Receiving objects:  94% (5203/5535)
2025-03-12T10:40:18.1845741Z Receiving objects:  95% (5259/5535)
2025-03-12T10:40:18.1854050Z Receiving objects:  96% (5314/5535)
2025-03-12T10:40:18.1860237Z Receiving objects:  97% (5369/5535)
2025-03-12T10:40:18.1868862Z Receiving objects:  98% (5425/5535)
2025-03-12T10:40:18.1933790Z Receiving objects:  99% (5480/5535)
2025-03-12T10:40:18.1936445Z remote: Total 5535 (delta 1163), reused 2952 (delta 878), pack-reused 0 (from 0)        
2025-03-12T10:40:18.1951003Z Receiving objects: 100% (5535/5535)
2025-03-12T10:40:18.1953079Z Receiving objects: 100% (5535/5535), 7.49 MiB | 26.83 MiB/s, done.
2025-03-12T10:40:18.1957567Z Resolving deltas:   0% (0/1163)
2025-03-12T10:40:18.1960730Z Resolving deltas:   1% (12/1163)
2025-03-12T10:40:18.1962932Z Resolving deltas:   2% (24/1163)
2025-03-12T10:40:18.1965029Z Resolving deltas:   3% (35/1163)
2025-03-12T10:40:18.1966974Z Resolving deltas:   4% (47/1163)
2025-03-12T10:40:18.1968772Z Resolving deltas:   5% (59/1163)
2025-03-12T10:40:18.1971780Z Resolving deltas:   6% (70/1163)
2025-03-12T10:40:18.1974013Z Resolving deltas:   7% (82/1163)
2025-03-12T10:40:18.1977435Z Resolving deltas:   8% (95/1163)
2025-03-12T10:40:18.1980991Z Resolving deltas:   9% (105/1163)
2025-03-12T10:40:18.1984809Z Resolving deltas:  10% (117/1163)
2025-03-12T10:40:18.1988449Z Resolving deltas:  11% (128/1163)
2025-03-12T10:40:18.1993332Z Resolving deltas:  12% (140/1163)
2025-03-12T10:40:18.1995198Z Resolving deltas:  13% (152/1163)
2025-03-12T10:40:18.2000605Z Resolving deltas:  14% (163/1163)
2025-03-12T10:40:18.2003222Z Resolving deltas:  15% (175/1163)
2025-03-12T10:40:18.2004961Z Resolving deltas:  16% (187/1163)
2025-03-12T10:40:18.2006917Z Resolving deltas:  17% (198/1163)
2025-03-12T10:40:18.2008664Z Resolving deltas:  18% (211/1163)
2025-03-12T10:40:18.2010575Z Resolving deltas:  19% (221/1163)
2025-03-12T10:40:18.2012299Z Resolving deltas:  20% (233/1163)
2025-03-12T10:40:18.2014007Z Resolving deltas:  21% (246/1163)
2025-03-12T10:40:18.2015727Z Resolving deltas:  22% (256/1163)
2025-03-12T10:40:18.2017430Z Resolving deltas:  23% (268/1163)
2025-03-12T10:40:18.2019272Z Resolving deltas:  24% (280/1163)
2025-03-12T10:40:18.2021000Z Resolving deltas:  25% (291/1163)
2025-03-12T10:40:18.2022715Z Resolving deltas:  26% (304/1163)
2025-03-12T10:40:18.2024417Z Resolving deltas:  27% (315/1163)
2025-03-12T10:40:18.2026108Z Resolving deltas:  28% (326/1163)
2025-03-12T10:40:18.2027799Z Resolving deltas:  29% (338/1163)
2025-03-12T10:40:18.2029613Z Resolving deltas:  30% (349/1163)
2025-03-12T10:40:18.2031329Z Resolving deltas:  31% (361/1163)
2025-03-12T10:40:18.2033017Z Resolving deltas:  32% (373/1163)
2025-03-12T10:40:18.2034752Z Resolving deltas:  33% (384/1163)
2025-03-12T10:40:18.2036460Z Resolving deltas:  34% (396/1163)
2025-03-12T10:40:18.2038143Z Resolving deltas:  35% (409/1163)
2025-03-12T10:40:18.2040040Z Resolving deltas:  36% (419/1163)
2025-03-12T10:40:18.2041760Z Resolving deltas:  37% (431/1163)
2025-03-12T10:40:18.2043460Z Resolving deltas:  38% (442/1163)
2025-03-12T10:40:18.2045195Z Resolving deltas:  39% (454/1163)
2025-03-12T10:40:18.2046915Z Resolving deltas:  40% (466/1163)
2025-03-12T10:40:18.2048625Z Resolving deltas:  41% (477/1163)
2025-03-12T10:40:18.2050512Z Resolving deltas:  42% (489/1163)
2025-03-12T10:40:18.2052216Z Resolving deltas:  43% (501/1163)
2025-03-12T10:40:18.2053880Z Resolving deltas:  44% (512/1163)
2025-03-12T10:40:18.2055605Z Resolving deltas:  45% (524/1163)
2025-03-12T10:40:18.2057320Z Resolving deltas:  46% (535/1163)
2025-03-12T10:40:18.2059180Z Resolving deltas:  47% (547/1163)
2025-03-12T10:40:18.2060903Z Resolving deltas:  48% (559/1163)
2025-03-12T10:40:18.2062862Z Resolving deltas:  49% (570/1163)
2025-03-12T10:40:18.2064590Z Resolving deltas:  50% (582/1163)
2025-03-12T10:40:18.2066314Z Resolving deltas:  51% (594/1163)
2025-03-12T10:40:18.2068174Z Resolving deltas:  52% (607/1163)
2025-03-12T10:40:18.2070169Z Resolving deltas:  53% (617/1163)
2025-03-12T10:40:18.2072059Z Resolving deltas:  54% (630/1163)
2025-03-12T10:40:18.2074031Z Resolving deltas:  55% (640/1163)
2025-03-12T10:40:18.2075912Z Resolving deltas:  56% (652/1163)
2025-03-12T10:40:18.2077815Z Resolving deltas:  57% (663/1163)
2025-03-12T10:40:18.2079849Z Resolving deltas:  58% (675/1163)
2025-03-12T10:40:18.2081395Z Resolving deltas:  59% (687/1163)
2025-03-12T10:40:18.2082539Z Resolving deltas:  60% (698/1163)
2025-03-12T10:40:18.2083927Z Resolving deltas:  61% (710/1163)
2025-03-12T10:40:18.2085263Z Resolving deltas:  62% (722/1163)
2025-03-12T10:40:18.2086727Z Resolving deltas:  63% (733/1163)
2025-03-12T10:40:18.2088644Z Resolving deltas:  64% (746/1163)
2025-03-12T10:40:18.2090685Z Resolving deltas:  65% (756/1163)
2025-03-12T10:40:18.2092627Z Resolving deltas:  66% (768/1163)
2025-03-12T10:40:18.2094494Z Resolving deltas:  67% (780/1163)
2025-03-12T10:40:18.2096398Z Resolving deltas:  68% (791/1163)
2025-03-12T10:40:18.2098314Z Resolving deltas:  69% (803/1163)
2025-03-12T10:40:18.2100310Z Resolving deltas:  70% (815/1163)
2025-03-12T10:40:18.2103804Z Resolving deltas:  71% (826/1163)
2025-03-12T10:40:18.2105666Z Resolving deltas:  72% (838/1163)
2025-03-12T10:40:18.2107498Z Resolving deltas:  73% (849/1163)
2025-03-12T10:40:18.2109509Z Resolving deltas:  74% (861/1163)
2025-03-12T10:40:18.2111451Z Resolving deltas:  75% (874/1163)
2025-03-12T10:40:18.2113287Z Resolving deltas:  76% (884/1163)
2025-03-12T10:40:18.2115137Z Resolving deltas:  77% (897/1163)
2025-03-12T10:40:18.2117068Z Resolving deltas:  78% (908/1163)
2025-03-12T10:40:18.2118933Z Resolving deltas:  79% (919/1163)
2025-03-12T10:40:18.2121032Z Resolving deltas:  80% (931/1163)
2025-03-12T10:40:18.2122852Z Resolving deltas:  81% (943/1163)
2025-03-12T10:40:18.2124946Z Resolving deltas:  82% (955/1163)
2025-03-12T10:40:18.2126829Z Resolving deltas:  83% (966/1163)
2025-03-12T10:40:18.2128675Z Resolving deltas:  84% (977/1163)
2025-03-12T10:40:18.2130685Z Resolving deltas:  85% (989/1163)
2025-03-12T10:40:18.2132507Z Resolving deltas:  86% (1001/1163)
2025-03-12T10:40:18.2134177Z Resolving deltas:  87% (1012/1163)
2025-03-12T10:40:18.2136027Z Resolving deltas:  88% (1024/1163)
2025-03-12T10:40:18.2137893Z Resolving deltas:  89% (1036/1163)
2025-03-12T10:40:18.2141680Z Resolving deltas:  90% (1047/1163)
2025-03-12T10:40:18.2145396Z Resolving deltas:  91% (1059/1163)
2025-03-12T10:40:18.2149998Z Resolving deltas:  92% (1070/1163)
2025-03-12T10:40:18.2153527Z Resolving deltas:  93% (1082/1163)
2025-03-12T10:40:18.2156624Z Resolving deltas:  94% (1094/1163)
2025-03-12T10:40:18.2159723Z Resolving deltas:  95% (1106/1163)
2025-03-12T10:40:18.2162704Z Resolving deltas:  96% (1117/1163)
2025-03-12T10:40:18.2164656Z Resolving deltas:  97% (1129/1163)
2025-03-12T10:40:18.2166529Z Resolving deltas:  98% (1140/1163)
2025-03-12T10:40:18.2169644Z Resolving deltas:  99% (1152/1163)
2025-03-12T10:40:18.2171672Z Resolving deltas: 100% (1163/1163)
2025-03-12T10:40:18.2173664Z Resolving deltas: 100% (1163/1163), done.
2025-03-12T10:40:18.2403837Z From https://github.com/mantinedev/mantine
2025-03-12T10:40:18.2406276Z  * [new ref]         b43b19a30f33a0e149c14b3d1cba0ab7b4e71bbc -> pull/7527/merge
2025-03-12T10:40:18.2441034Z ##[endgroup]
2025-03-12T10:40:18.2442542Z ##[group]Determining the checkout info
2025-03-12T10:40:18.2444256Z ##[endgroup]
2025-03-12T10:40:18.2445685Z ##[group]Checking out the ref
2025-03-12T10:40:18.2447352Z [command]/usr/bin/git checkout --progress --force refs/remotes/pull/7527/merge
2025-03-12T10:40:18.4923137Z Note: switching to 'refs/remotes/pull/7527/merge'.
2025-03-12T10:40:18.4925509Z 
2025-03-12T10:40:18.4926819Z You are in 'detached HEAD' state. You can look around, make experimental
2025-03-12T10:40:18.4930613Z changes and commit them, and you can discard any commits you make in this
2025-03-12T10:40:18.4933060Z state without impacting any branches by switching back to a branch.
2025-03-12T10:40:18.4934248Z 
2025-03-12T10:40:18.4935003Z If you want to create a new branch to retain commits you create, you may
2025-03-12T10:40:18.4937328Z do so (now or later) by using -c with the switch command. Example:
2025-03-12T10:40:18.4938401Z 
2025-03-12T10:40:18.4938859Z   git switch -c <new-branch-name>
2025-03-12T10:40:18.4939792Z 
2025-03-12T10:40:18.4940211Z Or undo this operation with:
2025-03-12T10:40:18.4940875Z 
2025-03-12T10:40:18.4941221Z   git switch -
2025-03-12T10:40:18.4941727Z 
2025-03-12T10:40:18.4942658Z Turn off this advice by setting config variable advice.detachedHead to false
2025-03-12T10:40:18.4943920Z 
2025-03-12T10:40:18.4945409Z HEAD is now at b43b19a Merge aac8a1952b4acd52ab995fbfee438d6f16ff2ceb into c1dfc837daf3fc84364230b9e8e7f08d1d0a0372
2025-03-12T10:40:18.4949872Z ##[endgroup]
2025-03-12T10:40:18.4975397Z [command]/usr/bin/git log -1 --format='%H'
2025-03-12T10:40:18.4997010Z 'b43b19a30f33a0e149c14b3d1cba0ab7b4e71bbc'
2025-03-12T10:40:18.5285839Z ##[group]Run actions/setup-node@v3
2025-03-12T10:40:18.5286915Z with:
2025-03-12T10:40:18.5287690Z   node-version-file: .nvmrc
2025-03-12T10:40:18.5288631Z   cache: yarn
2025-03-12T10:40:18.5289621Z   cache-dependency-path: **/yarn.lock
2025-03-12T10:40:18.5290696Z   always-auth: false
2025-03-12T10:40:18.5291546Z   check-latest: false
2025-03-12T10:40:18.5292688Z   token: ***
2025-03-12T10:40:18.5293499Z ##[endgroup]
2025-03-12T10:40:18.7111849Z Node version file is not JSON file
2025-03-12T10:40:18.7113617Z Resolved .nvmrc as 22.11.0
2025-03-12T10:40:18.7128143Z Attempting to download 22.11.0...
2025-03-12T10:40:19.3453195Z Acquiring 22.11.0 - x64 from https://github.com/actions/node-versions/releases/download/22.11.0-11593095476/node-22.11.0-linux-x64.tar.gz
2025-03-12T10:40:20.1211877Z Extracting ...
2025-03-12T10:40:20.1345815Z [command]/usr/bin/tar xz --strip 1 --warning=no-unknown-keyword -C /home/runner/work/_temp/c69d04e1-3431-48e7-9377-240dc778206f -f /home/runner/work/_temp/38d83f6b-85d5-4d75-8142-a92b260d8b69
2025-03-12T10:40:21.2391693Z Adding to the cache ...
2025-03-12T10:40:23.0833420Z ##[group]Environment details
2025-03-12T10:40:23.4808226Z node: v22.11.0
2025-03-12T10:40:23.4808660Z npm: 10.9.0
2025-03-12T10:40:23.4808973Z yarn: 4.6.0
2025-03-12T10:40:23.4810142Z ##[endgroup]
2025-03-12T10:40:23.9475346Z [command]/usr/local/bin/yarn --version
2025-03-12T10:40:24.2388259Z 4.6.0
2025-03-12T10:40:24.2599232Z [command]/usr/local/bin/yarn config get cacheFolder
2025-03-12T10:40:24.5570996Z /home/runner/.yarn/berry/cache
2025-03-12T10:40:24.9984701Z [command]/usr/local/bin/yarn config get enableGlobalCache
2025-03-12T10:40:25.2943003Z [33mtrue[39m
2025-03-12T10:40:25.6311189Z yarn cache is not found
2025-03-12T10:40:25.6490618Z ##[group]Run yarn
2025-03-12T10:40:25.6490894Z [36;1myarn[0m
2025-03-12T10:40:25.6542915Z shell: /usr/bin/bash -e {0}
2025-03-12T10:40:25.6543172Z ##[endgroup]
2025-03-12T10:40:26.1573332Z [93m➤[39m YN0000: Yarn detected that the current workflow is executed from a public pull request. For safety the hardened mode has been enabled.
2025-03-12T10:40:26.1574786Z [93m➤[39m YN0000: It will prevent malicious lockfile manipulations, in exchange for a slower install time. You can opt-out if necessary; check our documentation for more details.
2025-03-12T10:40:26.1575396Z 
2025-03-12T10:40:26.1575610Z [94m➤[39m YN0000: · Yarn 4.6.0
2025-03-12T10:40:26.1701429Z [94m➤[39m [90mYN0000[39m: ┌ Resolution step
2025-03-12T10:40:26.1701933Z ##[group]Resolution step
2025-03-12T10:40:36.5008761Z ##[endgroup]
2025-03-12T10:40:36.5013699Z [94m➤[39m [90mYN0000[39m: └ Completed in 10s 330ms
2025-03-12T10:40:36.5059498Z [94m➤[39m [90mYN0000[39m: ┌ Post-resolution validation
2025-03-12T10:40:36.5060700Z ##[group]Post-resolution validation
2025-03-12T10:40:36.5064077Z [93m➤[39m YN0060: │ [38;5;166m@types/[39m[38;5;173mreact[39m is listed by your project with version [38;5;111m19.0.1[39m ([38;5;111mp50572[39m), which doesn't satisfy what [38;5;173mreact-style-singleton[39m (via [38;5;166m@mantine/[39m[38;5;173mcore[39m) and other dependencies request ([38;5;37m^16.9.0 || ^17.0.0 || ^18.0.0[39m).
2025-03-12T10:40:36.5069651Z [93m➤[39m YN0060: │ [38;5;166m@types/[39m[38;5;173mreact[39m is listed by your project with version [38;5;111m19.0.1[39m ([38;5;111mp6c5ac[39m), which doesn't satisfy what [38;5;173mreact-redux[39m (via [38;5;166m@hello-pangea/[39m[38;5;173mdnd[39m) and other dependencies request ([38;5;37m^16.9.0 || ^17.0.0 || ^18.0.0[39m).
2025-03-12T10:40:36.5072946Z [93m➤[39m YN0060: │ [38;5;166m@types/[39m[38;5;173mreact[39m is listed by your project with version [38;5;111m19.0.1[39m ([38;5;111mp80cb5[39m), which doesn't satisfy what [38;5;166m@testing-library/[39m[38;5;173mreact[39m and other dependencies request ([38;5;37m^18.0.0[39m).
2025-03-12T10:40:36.5098089Z [93m➤[39m YN0060: │ [38;5;166m@types/[39m[38;5;173mreact-dom[39m is listed by your project with version [38;5;111m19.0.1[39m ([38;5;111mpa48c5[39m), which doesn't satisfy what [38;5;166m@testing-library/[39m[38;5;173mreact[39m and other dependencies request ([38;5;37m^18.0.0[39m).
2025-03-12T10:40:36.5101178Z [93m➤[39m YN0060: │ [38;5;173mreact[39m is listed by your project with version [38;5;111m19.0.0[39m ([38;5;111mp149a9[39m), which doesn't satisfy what [38;5;173mreact-style-singleton[39m (via [38;5;166m@mantine/[39m[38;5;173mcore[39m) and other dependencies request ([91mbut they have non-overlapping ranges![39m).
2025-03-12T10:40:36.5103343Z [93m➤[39m YN0060: │ [38;5;173mreact[39m is listed by your project with version [38;5;111m19.0.0[39m ([38;5;111mp1c546[39m), which doesn't satisfy what [38;5;166m@tiptap/[39m[38;5;173mreact[39m and other dependencies request ([91mbut they have non-overlapping ranges![39m).
2025-03-12T10:40:36.5105481Z [93m➤[39m YN0060: │ [38;5;173mreact[39m is listed by your project with version [38;5;111m19.0.0[39m ([38;5;111mp28998[39m), which doesn't satisfy what [38;5;173mreact-style-singleton[39m (via [38;5;166m@mantine/[39m[38;5;173mcore[39m) and other dependencies request ([91mbut they have non-overlapping ranges![39m).
2025-03-12T10:40:36.5107674Z [93m➤[39m YN0060: │ [38;5;173mreact[39m is listed by your project with version [38;5;111m19.0.0[39m ([38;5;111mp2b466[39m), which doesn't satisfy what [38;5;173mreact-style-singleton[39m (via [38;5;166m@mantine/[39m[38;5;173mcore[39m) and other dependencies request ([91mbut they have non-overlapping ranges![39m).
2025-03-12T10:40:36.5111279Z [93m➤[39m YN0060: │ [38;5;173mreact[39m is listed by your project with version [38;5;111m19.0.0[39m ([38;5;111mp31a58[39m), which doesn't satisfy what [38;5;173mreact-style-singleton[39m (via [38;5;166m@mantine/[39m[38;5;173mcore[39m) and other dependencies request ([91mbut they have non-overlapping ranges![39m).
2025-03-12T10:40:36.5114465Z [93m➤[39m YN0060: │ [38;5;173mreact[39m is listed by your project with version [38;5;111m19.0.0[39m ([38;5;111mp39e1f[39m), which doesn't satisfy what [38;5;173mreact-style-singleton[39m (via [38;5;166m@mantine/[39m[38;5;173mcore[39m) and other dependencies request ([91mbut they have non-overlapping ranges![39m).
2025-03-12T10:40:36.5118694Z [93m➤[39m YN0060: │ [38;5;173mreact[39m is listed by your project with version [38;5;111m19.0.0[39m ([38;5;111mp4c338[39m), which doesn't satisfy what [38;5;173mreact-style-singleton[39m (via [38;5;166m@mantine/[39m[38;5;173mcore[39m) and other dependencies request ([91mbut they have non-overlapping ranges![39m).
2025-03-12T10:40:36.5123190Z [93m➤[39m YN0060: │ [38;5;173mreact[39m is listed by your project with version [38;5;111m19.0.0[39m ([38;5;111mp82b53[39m), which doesn't satisfy what [38;5;173mreact-style-singleton[39m (via [38;5;166m@mantine/[39m[38;5;173mcore[39m) and other dependencies request ([91mbut they have non-overlapping ranges![39m).
2025-03-12T10:40:36.5127184Z [93m➤[39m YN0060: │ [38;5;173mreact[39m is listed by your project with version [38;5;111m19.0.0[39m ([38;5;111mp9eba1[39m), which doesn't satisfy what [38;5;173mhtml-react-parser[39m and other dependencies request ([91mbut they have non-overlapping ranges![39m).
2025-03-12T10:40:36.5131110Z [93m➤[39m YN0060: │ [38;5;173mreact[39m is listed by your project with version [38;5;111m19.0.0[39m ([38;5;111mpa0a39[39m), which doesn't satisfy what [38;5;173mreact-style-singleton[39m (via [38;5;166m@mantine/[39m[38;5;173mcore[39m) and other dependencies request ([91mbut they have non-overlapping ranges![39m).
2025-03-12T10:40:36.5135531Z [93m➤[39m YN0060: │ [38;5;173mreact[39m is listed by your project with version [38;5;111m19.0.0[39m ([38;5;111mpa10f7[39m), which doesn't satisfy what [38;5;173mreact-style-singleton[39m (via [38;5;166m@mantine/[39m[38;5;173mcore[39m) and other dependencies request ([91mbut they have non-overlapping ranges![39m).
2025-03-12T10:40:36.5139462Z [93m➤[39m YN0060: │ [38;5;173mreact[39m is listed by your project with version [38;5;111m19.0.0[39m ([38;5;111mpa9952[39m), which doesn't satisfy what [38;5;173mreact-style-singleton[39m (via [38;5;166m@mantine/[39m[38;5;173mcore[39m) and other dependencies request ([91mbut they have non-overlapping ranges![39m).
2025-03-12T10:40:36.5141621Z [93m➤[39m YN0060: │ [38;5;173mreact[39m is listed by your project with version [38;5;111m19.0.0[39m ([38;5;111mpb610a[39m), which doesn't satisfy what [38;5;166m@hello-pangea/[39m[38;5;173mdnd[39m and other dependencies request ([91mbut they have non-overlapping ranges![39m).
2025-03-12T10:40:36.5143711Z [93m➤[39m YN0060: │ [38;5;173mreact[39m is listed by your project with version [38;5;111m19.0.0[39m ([38;5;111mpbe0bd[39m), which doesn't satisfy what [38;5;173mreact-style-singleton[39m (via [38;5;166m@mantine/[39m[38;5;173mcore[39m) and other dependencies request ([91mbut they have non-overlapping ranges![39m).
2025-03-12T10:40:36.5145869Z [93m➤[39m YN0060: │ [38;5;173mreact[39m is listed by your project with version [38;5;111m19.0.0[39m ([38;5;111mpd0222[39m), which doesn't satisfy what [38;5;173mreact-style-singleton[39m (via [38;5;166m@mantine/[39m[38;5;173mcore[39m) and other dependencies request ([91mbut they have non-overlapping ranges![39m).
2025-03-12T10:40:36.5150296Z [93m➤[39m YN0060: │ [38;5;173mreact[39m is listed by your project with version [38;5;111m19.0.0[39m ([38;5;111mpd8bb0[39m), which doesn't satisfy what [38;5;173mreact-style-singleton[39m (via [38;5;166m@mantine/[39m[38;5;173mcore[39m) and other dependencies request ([91mbut they have non-overlapping ranges![39m).
2025-03-12T10:40:36.5154823Z [93m➤[39m YN0060: │ [38;5;173mreact[39m is listed by your project with version [38;5;111m19.0.0[39m ([38;5;111mpdbd77[39m), which doesn't satisfy what [38;5;173mreact-style-singleton[39m (via [38;5;166m@mantine/[39m[38;5;173mcore[39m) and other dependencies request ([91mbut they have non-overlapping ranges![39m).
2025-03-12T10:40:36.5159271Z [93m➤[39m YN0060: │ [38;5;173mreact[39m is listed by your project with version [38;5;111m19.0.0[39m ([38;5;111mpdc1f3[39m), which doesn't satisfy what [38;5;173mreact-style-singleton[39m (via [38;5;166m@mantine/[39m[38;5;173mcore[39m) and other dependencies request ([91mbut they have non-overlapping ranges![39m).
2025-03-12T10:40:36.5163591Z [93m➤[39m YN0060: │ [38;5;173mreact[39m is listed by your project with version [38;5;111m19.0.0[39m ([38;5;111mpe76d4[39m), which doesn't satisfy what [38;5;173mreact-style-singleton[39m (via [38;5;166m@mantine/[39m[38;5;173mcore[39m) and other dependencies request ([91mbut they have non-overlapping ranges![39m).
2025-03-12T10:40:36.5167840Z [93m➤[39m YN0060: │ [38;5;173mreact[39m is listed by your project with version [38;5;111m19.0.0[39m ([38;5;111mpf0fdb[39m), which doesn't satisfy what [38;5;173mreact-style-singleton[39m (via [38;5;173mreact-remove-scroll[39m) and other dependencies request ([91mbut they have non-overlapping ranges![39m).
2025-03-12T10:40:36.5172216Z [93m➤[39m YN0060: │ [38;5;173mreact[39m is listed by your project with version [38;5;111m19.0.0[39m ([38;5;111mpf4254[39m), which doesn't satisfy what [38;5;166m@tiptap/[39m[38;5;173mreact[39m and other dependencies request ([91mbut they have non-overlapping ranges![39m).
2025-03-12T10:40:36.5176311Z [93m➤[39m YN0060: │ [38;5;173mreact[39m is listed by your project with version [38;5;111m19.0.0[39m ([38;5;111mpf99f2[39m), which doesn't satisfy what [38;5;173mreact-style-singleton[39m (via [38;5;166m@mantine/[39m[38;5;173mcore[39m) and other dependencies request ([91mbut they have non-overlapping ranges![39m).
2025-03-12T10:40:36.5180890Z [93m➤[39m YN0060: │ [38;5;173mreact[39m is listed by your project with version [38;5;111m19.0.0[39m ([38;5;111mpfb537[39m), which doesn't satisfy what [38;5;173mreact-style-singleton[39m (via [38;5;166m@mantine/[39m[38;5;173mcore[39m) and other dependencies request ([91mbut they have non-overlapping ranges![39m).
2025-03-12T10:40:36.5184914Z [93m➤[39m YN0060: │ [38;5;173mreact[39m is listed by your project with version [38;5;111m19.0.0[39m ([38;5;111mpfb5bf[39m), which doesn't satisfy what [38;5;166m@hello-pangea/[39m[38;5;173mdnd[39m and other dependencies request ([91mbut they have non-overlapping ranges![39m).
2025-03-12T10:40:36.5188461Z [93m➤[39m YN0060: │ [38;5;173mreact-dom[39m is listed by your project with version [38;5;111m19.0.0[39m ([38;5;111mp32b9d[39m), which doesn't satisfy what [38;5;166m@tiptap/[39m[38;5;173mreact[39m and other dependencies request ([38;5;37m^18.0.0[39m).
2025-03-12T10:40:36.5192016Z [93m➤[39m YN0060: │ [38;5;173mreact-dom[39m is listed by your project with version [38;5;111m19.0.0[39m ([38;5;111mp7db19[39m), which doesn't satisfy what [38;5;166m@tiptap/[39m[38;5;173mreact[39m and other dependencies request ([38;5;37m^18.0.0[39m).
2025-03-12T10:40:36.5195474Z [93m➤[39m YN0060: │ [38;5;173mreact-dom[39m is listed by your project with version [38;5;111m19.0.0[39m ([38;5;111mpbead6[39m), which doesn't satisfy what [38;5;166m@hello-pangea/[39m[38;5;173mdnd[39m and other dependencies request ([38;5;37m^18.2.0[39m).
2025-03-12T10:40:36.5198914Z [93m➤[39m YN0060: │ [38;5;173mreact-dom[39m is listed by your project with version [38;5;111m19.0.0[39m ([38;5;111mpc16c8[39m), which doesn't satisfy what [38;5;166m@hello-pangea/[39m[38;5;173mdnd[39m and other dependencies request ([38;5;37m^18.2.0[39m).
2025-03-12T10:40:36.5201670Z [93m➤[39m YN0060: │ [38;5;173mrollup[39m is listed by your project with version [38;5;111m4.27.3[39m ([38;5;111mp3ff5a[39m), which doesn't satisfy what [38;5;166m@rollup/[39m[38;5;173mpluginutils[39m (via [38;5;166m@rollup/[39m[38;5;173mplugin-node-resolve[39m) and other dependencies request ([38;5;37m^2.78.0 || ^3.0.0[39m).
2025-03-12T10:40:36.5203507Z [93m➤[39m YN0002: │ [38;5;173mdocs[39m[38;5;111m@[39m[38;5;111mworkspace:apps/mantine.dev[39m doesn't provide [38;5;173mwebpack[39m ([38;5;111mp1a465[39m), requested by [38;5;166m@mdx-js/[39m[38;5;173mloader[39m.
2025-03-12T10:40:36.5205065Z [93m➤[39m YN0002: │ [38;5;173mhelp.mantine.dev[39m[38;5;111m@[39m[38;5;111mworkspace:apps/help.mantine.dev[39m doesn't provide [38;5;173mwebpack[39m ([38;5;111mpdc99c[39m), requested by [38;5;166m@mdx-js/[39m[38;5;173mloader[39m.
2025-03-12T10:40:36.5206663Z [93m➤[39m YN0086: │ Some peer dependencies are incorrectly met by your project; run [38;5;111myarn explain peer-requirements <hash>[39m for details, where [38;5;111m<hash>[39m is the six-letter p-prefixed code.
2025-03-12T10:40:36.5207950Z [93m➤[39m YN0086: │ Some peer dependencies are incorrectly met by dependencies; run [38;5;111myarn explain peer-requirements[39m for details.
2025-03-12T10:40:36.5830010Z ##[endgroup]
2025-03-12T10:40:36.5831492Z [94m➤[39m [90mYN0000[39m: └ Completed
2025-03-12T10:40:36.5832148Z [94m➤[39m [90mYN0000[39m: ┌ Fetch step
2025-03-12T10:40:36.5832783Z ##[group]Fetch step
2025-03-12T10:40:47.5938386Z [94m➤[39m YN0013: │ [38;5;220m2101[39m packages were added to the project ([38;5;160m+ 922.72 MiB[39m).
2025-03-12T10:40:47.5942725Z ##[endgroup]
2025-03-12T10:40:47.5943781Z [94m➤[39m [90mYN0000[39m: └ Completed in 11s 11ms
2025-03-12T10:40:47.6799851Z [94m➤[39m [90mYN0000[39m: ┌ Link step
2025-03-12T10:40:47.6800720Z ##[group]Link step
2025-03-12T10:41:05.3646325Z [94m➤[39m YN0007: │ [38;5;173mesbuild[39m[38;5;111m@[39m[38;5;111mnpm:0.24.0[39m must be built because it never has been before or the last one failed
2025-03-12T10:41:05.3651105Z [94m➤[39m YN0007: │ [38;5;173mesbuild[39m[38;5;111m@[39m[38;5;111mnpm:0.23.1[39m must be built because it never has been before or the last one failed
2025-03-12T10:41:05.3655736Z [94m➤[39m YN0007: │ [38;5;173msharp[39m[38;5;111m@[39m[38;5;111mnpm:0.33.5[39m must be built because it never has been before or the last one failed
2025-03-12T10:41:05.3657762Z [94m➤[39m YN0007: │ [38;5;173mesbuild[39m[38;5;111m@[39m[38;5;111mnpm:0.17.19[39m must be built because it never has been before or the last one failed
2025-03-12T10:41:05.3661248Z [94m➤[39m YN0007: │ [38;5;173msharp[39m[38;5;111m@[39m[38;5;111mnpm:0.33.3[39m must be built because it never has been before or the last one failed
2025-03-12T10:41:05.3664606Z [94m➤[39m YN0007: │ [38;5;173mworkerd[39m[38;5;111m@[39m[38;5;111mnpm:1.20241106.1[39m must be built because it never has been before or the last one failed
2025-03-12T10:41:05.3666385Z [94m➤[39m YN0007: │ [38;5;173mcore-js-pure[39m[38;5;111m@[39m[38;5;111mnpm:3.37.0[39m must be built because it never has been before or the last one failed
2025-03-12T10:41:05.3668031Z [94m➤[39m YN0007: │ [38;5;173mcore-js-pure[39m[38;5;111m@[39m[38;5;111mnpm:3.33.2[39m must be built because it never has been before or the last one failed
2025-03-12T10:41:06.1669636Z ##[endgroup]
2025-03-12T10:41:06.1670584Z [94m➤[39m [90mYN0000[39m: └ Completed in 18s 487ms
2025-03-12T10:41:06.3238331Z [93m➤[39m YN0000: · Done with warnings in 40s 167ms
2025-03-12T10:41:06.8267831Z ##[group]Run npm run setup
2025-03-12T10:41:06.8268107Z [36;1mnpm run setup[0m
2025-03-12T10:41:06.8315414Z shell: /usr/bin/bash -e {0}
2025-03-12T10:41:06.8315652Z ##[endgroup]
2025-03-12T10:41:06.9405380Z 
2025-03-12T10:41:06.9406033Z > mantine-a91763c0e2@7.17.1 setup
2025-03-12T10:41:06.9407009Z > npm run docs:docgen && npm run docs:sponsors && tsx scripts/docs/generate-css-exports
2025-03-12T10:41:06.9407591Z 
2025-03-12T10:41:07.0455063Z 
2025-03-12T10:41:07.0455739Z > mantine-a91763c0e2@7.17.1 docs:docgen
2025-03-12T10:41:07.0456321Z > tsx scripts/docgen
2025-03-12T10:41:07.0456567Z 
2025-03-12T10:41:16.8218732Z 
2025-03-12T10:41:16.8219920Z > mantine-a91763c0e2@7.17.1 docs:sponsors
2025-03-12T10:41:16.8220633Z > tsx scripts/docs/sponsors
2025-03-12T10:41:16.8220990Z 
2025-03-12T10:41:17.7844512Z [fetch-sponsors] › ℹ  info      ✅ Saved 1 sponsors to sponsors.json
2025-03-12T10:41:19.0250897Z ##[group]Run npm run build all
2025-03-12T10:41:19.0251192Z [36;1mnpm run build all[0m
2025-03-12T10:41:19.0296730Z shell: /usr/bin/bash -e {0}
2025-03-12T10:41:19.0296977Z ##[endgroup]
2025-03-12T10:41:19.1366973Z 
2025-03-12T10:41:19.1367511Z > mantine-a91763c0e2@7.17.1 build
2025-03-12T10:41:19.1367877Z > tsx scripts/build all
2025-03-12T10:41:19.1368031Z 
2025-03-12T10:41:19.9370489Z [build-all-packages] › Building all packages...
2025-03-12T10:41:19.9385921Z [build-package] › Building package @mantine/hooks
2025-03-12T10:41:19.9386921Z [build-package] › Generating @mantine/hooks *.d.ts files...
2025-03-12T10:41:22.5743477Z [build-package] › Compiling @mantine/hooks package with rollup...
2025-03-12T10:41:23.0723961Z [build-package] › ✔  Package @mantine/hooks has been built in 3.13s
2025-03-12T10:41:23.0725670Z [build-package] › Building package @mantine/form
2025-03-12T10:41:23.0727538Z [build-package] › Generating @mantine/form *.d.ts files...
2025-03-12T10:41:25.4338621Z [build-package] › Compiling @mantine/form package with rollup...
2025-03-12T10:41:25.5894805Z [build-package] › ✔  Package @mantine/form has been built in 2.52s
2025-03-12T10:41:25.5895729Z [build-package] › Building package @mantine/store
2025-03-12T10:41:25.5896595Z [build-package] › Generating @mantine/store *.d.ts files...
2025-03-12T10:41:27.2966211Z [build-package] › Compiling @mantine/store package with rollup...
2025-03-12T10:41:27.3071939Z [build-package] › ✔  Package @mantine/store has been built in 1.72s
2025-03-12T10:41:27.3072975Z [build-package] › Building package @mantine/colors-generator
2025-03-12T10:41:27.3073920Z [build-package] › Generating @mantine/colors-generator *.d.ts files...
2025-03-12T10:41:29.0203853Z [build-package] › Compiling @mantine/colors-generator package with rollup...
2025-03-12T10:41:29.0328587Z [build-package] › ✔  Package @mantine/colors-generator has been built in 1.73s
2025-03-12T10:41:29.0329697Z [build-package] › Building package @mantinex/mantine-meta
2025-03-12T10:41:29.0330258Z [build-package] › Generating @mantinex/mantine-meta *.d.ts files...
2025-03-12T10:41:30.7511646Z [build-package] › Compiling @mantinex/mantine-meta package with rollup...
2025-03-12T10:41:30.7970222Z [build-package] › ✔  Package @mantinex/mantine-meta has been built in 1.76s
2025-03-12T10:41:30.7971191Z [build-package] › Building package @mantine/core
2025-03-12T10:41:30.7972007Z [build-package] › Generating @mantine/core *.d.ts files...
2025-03-12T10:41:40.1588413Z [build-package] › Compiling @mantine/core package with rollup...
2025-03-12T10:41:43.9497211Z [build-package] › ✔  Package @mantine/core has been built in 13.15s
2025-03-12T10:41:43.9498210Z [build-package] › Building package @mantine/carousel
2025-03-12T10:41:43.9499367Z [build-package] › Generating @mantine/carousel *.d.ts files...
2025-03-12T10:41:46.9532654Z [build-package] › Compiling @mantine/carousel package with rollup...
2025-03-12T10:41:47.0164051Z [build-package] › ✔  Package @mantine/carousel has been built in 3.07s
2025-03-12T10:41:47.0164987Z [build-package] › Building package @mantine/charts
2025-03-12T10:41:47.0165807Z [build-package] › Generating @mantine/charts *.d.ts files...
2025-03-12T10:41:51.2191374Z [build-package] › Compiling @mantine/charts package with rollup...
2025-03-12T10:41:51.5009887Z [build-package] › ✔  Package @mantine/charts has been built in 4.48s
2025-03-12T10:41:51.5010877Z [build-package] › Building package @mantine/code-highlight
2025-03-12T10:41:51.5011807Z [build-package] › Generating @mantine/code-highlight *.d.ts files...
2025-03-12T10:41:54.5507812Z [build-package] › Compiling @mantine/code-highlight package with rollup...
2025-03-12T10:41:54.6246211Z [build-package] › ✔  Package @mantine/code-highlight has been built in 3.12s
2025-03-12T10:41:54.6247235Z [build-package] › Building package @mantine/dates
2025-03-12T10:41:54.6248060Z [build-package] › Generating @mantine/dates *.d.ts files...
2025-03-12T10:41:58.8145719Z [build-package] › Compiling @mantine/dates package with rollup...
2025-03-12T10:41:59.2430243Z [build-package] › ✔  Package @mantine/dates has been built in 4.62s
2025-03-12T10:41:59.2431189Z [build-package] › Building package @mantine/dropzone
2025-03-12T10:41:59.2432015Z [build-package] › Generating @mantine/dropzone *.d.ts files...
2025-03-12T10:42:02.2803284Z [build-package] › Compiling @mantine/dropzone package with rollup...
2025-03-12T10:42:02.3285236Z [build-package] › ✔  Package @mantine/dropzone has been built in 3.09s
2025-03-12T10:42:02.3286237Z [build-package] › Building package @mantine/notifications
2025-03-12T10:42:02.3287179Z [build-package] › Generating @mantine/notifications *.d.ts files...
2025-03-12T10:42:05.2438700Z [build-package] › Compiling @mantine/notifications package with rollup...
2025-03-12T10:42:05.2904771Z [build-package] › ✔  Package @mantine/notifications has been built in 2.96s
2025-03-12T10:42:05.2906586Z [build-package] › Building package @mantine/nprogress
2025-03-12T10:42:05.2907810Z [build-package] › Generating @mantine/nprogress *.d.ts files...
2025-03-12T10:42:07.6069285Z [build-package] › Compiling @mantine/nprogress package with rollup...
2025-03-12T10:42:07.6369714Z [build-package] › ✔  Package @mantine/nprogress has been built in 2.35s
2025-03-12T10:42:07.6370708Z [build-package] › Building package @mantine/spotlight
2025-03-12T10:42:07.6371623Z [build-package] › Generating @mantine/spotlight *.d.ts files...
2025-03-12T10:42:10.8950067Z [build-package] › Compiling @mantine/spotlight package with rollup...
2025-03-12T10:42:10.9798841Z [build-package] › ✔  Package @mantine/spotlight has been built in 3.34s
2025-03-12T10:42:10.9799909Z [build-package] › Building package @mantine/tiptap
2025-03-12T10:42:10.9800759Z [build-package] › Generating @mantine/tiptap *.d.ts files...
2025-03-12T10:42:14.6836110Z [build-package] › Compiling @mantine/tiptap package with rollup...
2025-03-12T10:42:14.9720454Z [build-package] › ✔  Package @mantine/tiptap has been built in 3.99s
2025-03-12T10:42:14.9721931Z [build-package] › Building package @mantinex/dev-icons
2025-03-12T10:42:14.9722785Z [build-package] › Generating @mantinex/dev-icons *.d.ts files...
2025-03-12T10:42:17.5362573Z [build-package] › Compiling @mantinex/dev-icons package with rollup...
2025-03-12T10:42:17.5725094Z [build-package] › ✔  Package @mantinex/dev-icons has been built in 2.60s
2025-03-12T10:42:17.5725683Z [build-package] › Building package @mantinex/shiki
2025-03-12T10:42:17.5726165Z [build-package] › Generating @mantinex/shiki *.d.ts files...
2025-03-12T10:42:20.7384064Z [build-package] › Compiling @mantinex/shiki package with rollup...
2025-03-12T10:42:20.8545133Z [build-package] › ✔  Package @mantinex/shiki has been built in 3.28s
2025-03-12T10:42:20.8546014Z [build-package] › Building package @mantine/emotion
2025-03-12T10:42:20.8546691Z [build-package] › Generating @mantine/emotion *.d.ts files...
2025-03-12T10:42:23.5475657Z [build-package] › Compiling @mantine/emotion package with rollup...
2025-03-12T10:42:23.5862819Z [build-package] › ✔  Package @mantine/emotion has been built in 2.73s
2025-03-12T10:42:23.5863747Z [build-package] › Building package @mantine/modals
2025-03-12T10:42:23.5864607Z [build-package] › Generating @mantine/modals *.d.ts files...
2025-03-12T10:42:26.2951318Z [build-package] › Compiling @mantine/modals package with rollup...
2025-03-12T10:42:26.3362193Z [build-package] › ✔  Package @mantine/modals has been built in 2.75s
2025-03-12T10:42:26.3362846Z [build-package] › Building package @mantine/vanilla-extract
2025-03-12T10:42:26.3363398Z [build-package] › Generating @mantine/vanilla-extract *.d.ts files...
2025-03-12T10:42:28.4467170Z [build-package] › Compiling @mantine/vanilla-extract package with rollup...
2025-03-12T10:42:28.4582119Z [build-package] › ✔  Package @mantine/vanilla-extract has been built in 2.12s
2025-03-12T10:42:28.4583194Z [build-package] › Building package @mantine-tests/core
2025-03-12T10:42:28.4584315Z [build-package] › Generating @mantine-tests/core *.d.ts files...
2025-03-12T10:42:31.4856560Z [build-package] › Compiling @mantine-tests/core package with rollup...
2025-03-12T10:42:31.7523667Z [build-package] › ✔  Package @mantine-tests/core has been built in 3.29s
2025-03-12T10:42:31.7524488Z [build-package] › Building package @mantinex/mantine-logo
2025-03-12T10:42:31.7525154Z [build-package] › Generating @mantinex/mantine-logo *.d.ts files...
2025-03-12T10:42:34.1143459Z [build-package] › Compiling @mantinex/mantine-logo package with rollup...
2025-03-12T10:42:34.1617992Z [build-package] › ✔  Package @mantinex/mantine-logo has been built in 2.41s
2025-03-12T10:42:34.1618576Z [build-package] › Building package @mantinex/demo
2025-03-12T10:42:34.1619266Z [build-package] › Generating @mantinex/demo *.d.ts files...
2025-03-12T10:42:37.1537546Z [build-package] › Compiling @mantinex/demo package with rollup...
2025-03-12T10:42:37.3206246Z [build-package] › ✔  Package @mantinex/demo has been built in 3.16s
2025-03-12T10:42:37.3207154Z [build-package] › Building package @docs/styles-api
2025-03-12T10:42:37.3207660Z [build-package] › Generating @docs/styles-api *.d.ts files...
2025-03-12T10:42:40.3948350Z [build-package] › Compiling @docs/styles-api package with rollup...
2025-03-12T10:42:40.7042716Z [build-package] › ✔  Package @docs/styles-api has been built in 3.38s
2025-03-12T10:42:40.7043677Z [build-package] › Building package @mantine-tests/dates
2025-03-12T10:42:40.7044353Z [build-package] › Generating @mantine-tests/dates *.d.ts files...
2025-03-12T10:42:43.5147044Z [build-package] › Compiling @mantine-tests/dates package with rollup...
2025-03-12T10:42:43.6624769Z [build-package] › ✔  Package @mantine-tests/dates has been built in 2.96s
2025-03-12T10:42:43.6625773Z [build-package] › Building package @mantinex/mantine-header
2025-03-12T10:42:43.6626730Z [build-package] › Generating @mantinex/mantine-header *.d.ts files...
2025-03-12T10:42:46.5294020Z [build-package] › Compiling @mantinex/mantine-header package with rollup...
2025-03-12T10:42:46.6185093Z [build-package] › ✔  Package @mantinex/mantine-header has been built in 2.96s
2025-03-12T10:42:46.6187204Z [build-package] › Building package @docs/demos
2025-03-12T10:42:46.6189829Z [build-package] › Generating @docs/demos *.d.ts files...
2025-03-12T10:42:56.3321274Z [build-package] › Compiling @docs/demos package with rollup...
2025-03-12T10:43:01.3642926Z [build-package] › ✔  Package @docs/demos has been built in 14.75s
2025-03-12T10:43:01.5890311Z [build-all-packages] › ✔  All packages have been built in 101.65s
2025-03-12T10:43:02.0166994Z ##[group]Run npm test
2025-03-12T10:43:02.0167248Z [36;1mnpm test[0m
2025-03-12T10:43:02.0213742Z shell: /usr/bin/bash -e {0}
2025-03-12T10:43:02.0213977Z ##[endgroup]
2025-03-12T10:43:02.1331257Z 
2025-03-12T10:43:02.1331851Z > mantine-a91763c0e2@7.17.1 test
2025-03-12T10:43:02.1332731Z > npm run prettier:test && npm run syncpack && npm run typecheck && npm run lint && npm run jest
2025-03-12T10:43:02.1333134Z 
2025-03-12T10:43:02.2404875Z 
2025-03-12T10:43:02.2405466Z > mantine-a91763c0e2@7.17.1 prettier:test
2025-03-12T10:43:02.2405987Z > prettier --check "**/*.{ts,tsx,css}"
2025-03-12T10:43:02.2406194Z 
2025-03-12T10:43:02.3221137Z Checking formatting...
2025-03-12T10:43:27.2409473Z All matched files use Prettier code style!
2025-03-12T10:43:27.3814064Z 
2025-03-12T10:43:27.3814514Z > mantine-a91763c0e2@7.17.1 syncpack
2025-03-12T10:43:27.3815023Z > syncpack list-mismatches
2025-03-12T10:43:27.3815195Z 
2025-03-12T10:43:28.0199604Z = Version Group 1 ==============================================================
2025-03-12T10:43:28.0209349Z      1 → ignored
2025-03-12T10:43:28.0210673Z = Default Version Group ========================================================
2025-03-12T10:43:28.0774389Z    388 ✓ already valid
2025-03-12T10:43:28.1994811Z 
2025-03-12T10:43:28.1995412Z > mantine-a91763c0e2@7.17.1 typecheck
2025-03-12T10:43:28.1996061Z > tsc --noEmit && cd apps/mantine.dev && npm run typecheck && cd ../help.mantine.dev && npm run typecheck
2025-03-12T10:43:28.1996446Z 
2025-03-12T10:43:50.9927883Z 
2025-03-12T10:43:50.9930593Z > docs@0.1.0 typecheck
2025-03-12T10:43:50.9931112Z > tsc --noEmit
2025-03-12T10:43:50.9931351Z 
2025-03-12T10:43:58.4890841Z 
2025-03-12T10:43:58.4891565Z > help.mantine.dev@1.0.0 typecheck
2025-03-12T10:43:58.4891972Z > tsc --noEmit
2025-03-12T10:43:58.4892125Z 
2025-03-12T10:44:02.1418924Z 
2025-03-12T10:44:02.1419813Z > mantine-a91763c0e2@7.17.1 lint
2025-03-12T10:44:02.1420493Z > npm run eslint && npm run stylelint
2025-03-12T10:44:02.1420739Z 
2025-03-12T10:44:02.2457200Z 
2025-03-12T10:44:02.2457704Z > mantine-a91763c0e2@7.17.1 eslint
2025-03-12T10:44:02.2458326Z > eslint packages apps/mantine.dev/src apps/help.mantine.dev/src scripts --cache
2025-03-12T10:44:02.2458674Z 
2025-03-12T10:44:29.3305305Z 
2025-03-12T10:44:29.3305914Z > mantine-a91763c0e2@7.17.1 stylelint
2025-03-12T10:44:29.3306575Z > stylelint "**/*.css" --cache
2025-03-12T10:44:29.3306861Z 
2025-03-12T10:44:36.3756359Z 
2025-03-12T10:44:36.3757331Z > mantine-a91763c0e2@7.17.1 jest
2025-03-12T10:44:36.3757833Z > jest
2025-03-12T10:44:36.3758026Z 
2025-03-12T10:44:43.5596418Z (node:3363) [DEP0040] DeprecationWarning: The `punycode` module is deprecated. Please use a userland alternative instead.
2025-03-12T10:44:43.5600322Z (Use `node --trace-deprecation ...` to show where the warning was created)
2025-03-12T10:44:45.2492323Z (node:3369) [DEP0040] DeprecationWarning: The `punycode` module is deprecated. Please use a userland alternative instead.
2025-03-12T10:44:45.2513623Z (Use `node --trace-deprecation ...` to show where the warning was created)
2025-03-12T10:44:47.0945256Z (node:3362) [DEP0040] DeprecationWarning: The `punycode` module is deprecated. Please use a userland alternative instead.
2025-03-12T10:44:47.0948771Z (Use `node --trace-deprecation ...` to show where the warning was created)
2025-03-12T10:44:47.3511216Z PASS packages/@mantine/dates/src/components/YearPicker/YearPicker.test.tsx (7.467 s)
2025-03-12T10:44:52.5240703Z PASS packages/@mantine/dates/src/components/Calendar/Calendar.test.tsx (12.653 s)
2025-03-12T10:44:55.7484336Z PASS packages/@mantine/dates/src/components/DateTimePicker/DateTimePicker.test.tsx (8.379 s)
2025-03-12T10:44:56.0270637Z PASS packages/@mantine/dates/src/components/MonthPicker/MonthPicker.test.tsx
2025-03-12T10:44:56.2581362Z PASS packages/@mantine/hooks/src/use-list-state/use-list-state.test.ts
2025-03-12T10:44:57.3266320Z PASS packages/@mantine/dates/src/components/DateInput/DateInput.test.tsx (17.48 s)
2025-03-12T10:44:58.4537086Z PASS packages/@mantine/core/src/components/Menu/Menu.test.tsx
2025-03-12T10:44:58.7435694Z PASS packages/@mantine/core/src/components/Tabs/Tabs.test.tsx
2025-03-12T10:44:59.6235500Z PASS packages/@mantine/core/src/components/Input/Input.test.tsx
2025-03-12T10:45:01.4435276Z PASS packages/@mantine/core/src/components/Table/Table.components.test.tsx
2025-03-12T10:45:01.5900503Z PASS packages/@mantine/core/src/core/styles-api/use-styles/get-class-name/get-class-name.test.ts
2025-03-12T10:45:04.3985569Z PASS packages/@mantine/core/src/components/Modal/Modal.test.tsx
2025-03-12T10:45:06.4452420Z PASS packages/@mantine/core/src/components/Drawer/Drawer.test.tsx
2025-03-12T10:45:06.8349642Z PASS packages/@mantine/core/src/components/Select/Select.test.tsx (9.492 s)
2025-03-12T10:45:07.1958560Z PASS packages/@mantine/core/src/components/NumberInput/NumberInput.test.tsx
2025-03-12T10:45:07.3819849Z PASS packages/@mantine/form/src/validate/validate-values.test.ts
2025-03-12T10:45:07.6474517Z PASS packages/@mantine/form/src/tests/use-form/getInputProps.test.ts
2025-03-12T10:45:08.1393808Z PASS packages/@mantine/charts/src/ChartTooltip/ChartTooltip.test.tsx
2025-03-12T10:45:08.3238409Z PASS packages/@mantine/form/src/tests/use-form/values.test.ts
2025-03-12T10:45:09.3482068Z PASS packages/@mantine/core/src/components/Accordion/Accordion.test.tsx
2025-03-12T10:45:09.8054059Z PASS packages/@mantine/modals/src/use-modals/use-modals.test.tsx
2025-03-12T10:45:09.9582902Z PASS packages/@mantine/core/src/components/Slider/Slider/Slider.test.tsx
2025-03-12T10:45:11.5571404Z PASS packages/@mantine/core/src/components/PinInput/PinInput.test.tsx
2025-03-12T10:45:11.6334776Z PASS packages/@mantine/form/src/lists/change-error-indices.test.ts
2025-03-12T10:45:12.1707949Z PASS packages/@mantine/dates/src/components/DatePicker/DatePicker.test.tsx (5.708 s)
2025-03-12T10:45:12.3148741Z PASS packages/@mantine/core/src/components/Popover/Popover.test.tsx
2025-03-12T10:45:13.3950594Z PASS packages/@mantine/core/src/components/Tabs/TabsTab/TabsTab.test.tsx
2025-03-12T10:45:13.5952355Z PASS packages/@mantine/form/src/tests/use-form/enhanceGetInputProps.test.ts
2025-03-12T10:45:13.9982242Z PASS packages/@mantine/core/src/components/Stepper/Stepper.test.tsx
2025-03-12T10:45:14.1204550Z PASS packages/@mantine/core/src/core/styles-api/use-styles/get-style/get-style.test.ts
2025-03-12T10:45:14.3169517Z PASS packages/@mantine/dates/src/hooks/use-uncontrolled-dates/use-uncontrolled-dates.test.ts
2025-03-12T10:45:15.6037273Z PASS packages/@mantine/core/src/components/Checkbox/Checkbox.test.tsx
2025-03-12T10:45:15.7080601Z PASS packages/@mantine/dates/src/hooks/use-dates-state/is-in-range/is-in-range.test.ts
2025-03-12T10:45:15.8335449Z PASS packages/@mantine/core/src/core/Box/style-props/parse-style-props/parse-style-props.test.ts
2025-03-12T10:45:16.5044394Z PASS packages/@mantine/dates/src/components/PickerInputBase/PickerInputBase.test.tsx
2025-03-12T10:45:17.4810110Z PASS packages/@mantine/core/src/components/NavLink/NavLink.test.tsx
2025-03-12T10:45:20.5012002Z PASS packages/@mantine/dates/src/components/YearPickerInput/YearPickerInput.test.tsx (8.856 s)
2025-03-12T10:45:20.6686733Z PASS packages/@mantine/hooks/src/use-state-history/use-state-history.test.ts
2025-03-12T10:45:20.7827597Z PASS packages/@mantine/core/src/core/utils/get-size/get-size.test.ts
2025-03-12T10:45:22.9833076Z PASS packages/@mantine/dates/src/components/MonthPickerInput/MonthPickerInput.test.tsx (9.351 s)
2025-03-12T10:45:23.8817494Z PASS packages/@mantine/core/src/components/Tabs/TabsList/TabsList.test.tsx
2025-03-12T10:45:24.8828463Z PASS packages/@mantine/dates/src/components/Day/Day.test.tsx
2025-03-12T10:45:24.9732414Z PASS packages/@mantine/core/src/components/MultiSelect/MultiSelect.test.tsx (7.482 s)
2025-03-12T10:45:25.1262649Z PASS packages/@mantine/hooks/src/use-interval/use-interval.test.ts
2025-03-12T10:45:26.6327805Z PASS packages/@mantine/dates/src/components/DecadeLevel/DecadeLevel.test.tsx
2025-03-12T10:45:28.6760673Z PASS packages/@mantine/dates/src/components/DecadeLevelGroup/DecadeLevelGroup.test.tsx
2025-03-12T10:45:28.8859757Z PASS packages/@mantine/charts/src/LineChart/LineChart.test.tsx
2025-03-12T10:45:30.8857596Z PASS packages/@mantine/dates/src/components/YearLevel/YearLevel.test.tsx
2025-03-12T10:45:31.0610423Z PASS packages/@mantine/form/src/tests/use-form/validate-object.test.ts
2025-03-12T10:45:31.1957310Z PASS packages/@mantine/dates/src/components/DatePickerInput/DatePickerInput.test.tsx (10.404 s)
2025-03-12T10:45:31.3333749Z PASS packages/@mantine/hooks/src/use-timeout/use-timeout.test.ts
2025-03-12T10:45:31.4954444Z PASS packages/@mantine/dates/src/components/YearLevelGroup/YearLevelGroup.test.tsx
2025-03-12T10:45:31.6867025Z PASS packages/@mantine/form/src/tests/use-form/insertListItem.test.ts
2025-03-12T10:45:31.8347905Z PASS packages/@mantine/core/src/components/Combobox/use-combobox/get-index/get-index.test.ts
2025-03-12T10:45:31.9451389Z PASS packages/@mantine/core/src/components/AppShell/AppShellMediaStyles/assign-navbar-variables/assign-navbar-variables.test.ts
2025-03-12T10:45:32.0822758Z PASS packages/@mantine/dates/src/components/Month/get-date-in-tab-order/get-date-in-tab-order.test.ts
2025-03-12T10:45:32.2226962Z PASS packages/@mantine/core/src/components/AppShell/AppShellMediaStyles/assign-aside-variables/assign-aside-variables.test.ts
2025-03-12T10:45:32.3144437Z PASS packages/@mantine/core/src/core/utils/units-converters/rem.test.ts
2025-03-12T10:45:32.5102182Z PASS packages/@mantine/form/src/tests/use-form/validateInputOnChange.test.ts
2025-03-12T10:45:32.7196380Z PASS packages/@mantine/form/src/tests/use-field/validate.test.ts
2025-03-12T10:45:34.1659808Z PASS packages/@mantine/core/src/components/Button/Button.test.tsx
2025-03-12T10:45:34.9841220Z PASS packages/@mantine/core/src/components/Combobox/ComboboxOption/ComboboxOption.test.tsx
2025-03-12T10:45:35.0731646Z PASS packages/@mantine/core/src/core/Box/get-box-style/get-box-style.test.ts
2025-03-12T10:45:35.1767211Z PASS packages/@mantine/core/src/components/Indicator/get-position-variables/get-position-variables.test.ts
2025-03-12T10:45:36.3011419Z PASS packages/@mantine/dates/src/components/MonthLevel/MonthLevel.test.tsx
2025-03-12T10:45:36.4572179Z PASS packages/@mantine/dates/src/components/MonthLevelGroup/MonthLevelGroup.test.tsx (5.38 s)
2025-03-12T10:45:37.0034943Z PASS packages/@mantine/carousel/src/Carousel.test.tsx
2025-03-12T10:45:37.1411775Z PASS packages/@mantine/core/src/components/Text/Text.test.tsx
2025-03-12T10:45:37.1912571Z PASS packages/@mantine/form/src/tests/use-form/touched.test.ts
2025-03-12T10:45:37.2077532Z PASS packages/@mantine/core/src/components/Chip/ChipGroup/ChipGroup.test.tsx
2025-03-12T10:45:37.2431369Z PASS packages/@mantine/dates/src/components/Month/get-month-days/get-month-days.test.ts
2025-03-12T10:45:37.3350947Z PASS packages/@mantine/form/src/tests/use-form/validate-function.test.ts
2025-03-12T10:45:37.3447156Z PASS packages/@mantine/form/src/tests/use-form/removeListItem.test.ts
2025-03-12T10:45:37.3650564Z PASS packages/@mantine/core/src/core/MantineProvider/merge-mantine-theme/merge-mantine-theme.test.ts
2025-03-12T10:45:37.4979538Z PASS packages/@mantine/form/src/tests/use-form/dirty.test.ts
2025-03-12T10:45:37.5050586Z PASS packages/@mantine/form/src/tests/use-field/error.test.ts
2025-03-12T10:45:38.2525732Z PASS packages/@mantine/core/src/components/Avatar/Avatar.test.tsx
2025-03-12T10:45:38.9596015Z PASS packages/@mantine/core/src/components/ColorPicker/ColorPicker.test.tsx
2025-03-12T10:45:39.1152065Z PASS packages/@mantine/hooks/src/use-queue/use-queue.test.ts
2025-03-12T10:45:39.1728011Z PASS packages/@mantine/dates/src/components/PickerControl/PickerControl.test.tsx
2025-03-12T10:45:39.4702263Z PASS packages/@mantine/hooks/src/use-click-outside/use-click-outside.test.tsx
2025-03-12T10:45:39.6028295Z PASS packages/@mantine/core/src/components/AppShell/AppShellMediaStyles/assign-header-variables/assign-header-variables.test.ts
2025-03-12T10:45:39.7383602Z PASS packages/@mantine/core/src/components/AppShell/AppShellMediaStyles/assign-footer-variables/assign-footer-variables.test.ts
2025-03-12T10:45:39.8425988Z PASS packages/@mantine/core/src/components/Highlight/highlighter/highlighter.test.ts
2025-03-12T10:45:40.0113555Z PASS packages/@mantine/form/src/tests/use-form/onSubmit.test.ts
2025-03-12T10:45:40.1437800Z PASS packages/@mantine/core/src/components/Table/Table.test.tsx
2025-03-12T10:45:40.1864674Z PASS packages/@mantine/form/src/tests/use-form/reset.test.ts
2025-03-12T10:45:40.2614383Z PASS packages/@mantine/hooks/src/use-pagination/use-pagination.test.ts
2025-03-12T10:45:40.3409715Z PASS packages/@mantine/form/src/tests/use-field/get-input-props.test.ts
2025-03-12T10:45:40.3485781Z PASS packages/@mantine/core/src/core/InlineStyles/styles-to-string/styles-to-string.test.ts
2025-03-12T10:45:40.4760613Z PASS packages/@mantine/hooks/src/use-debounced-callback/use-debounced-callback.test.ts
2025-03-12T10:45:40.6133309Z PASS packages/@mantine/hooks/src/use-idle/use-idle.test.tsx
2025-03-12T10:45:40.6941916Z PASS packages/@mantine/dates/src/components/HiddenDatesInput/HiddenDatesInput.test.tsx
2025-03-12T10:45:40.7776171Z PASS packages/@mantine/form/src/tests/use-form/setFieldValue.test.ts
2025-03-12T10:45:40.8435881Z PASS packages/@mantine/hooks/src/use-debounced-state/use-debounced-state.test.ts
2025-03-12T10:45:41.0184621Z PASS packages/@mantine/form/src/tests/use-form/watch.test.tsx
2025-03-12T10:45:41.1142808Z PASS packages/@mantine/form/src/paths/set-path.test.ts
2025-03-12T10:45:41.2478827Z PASS packages/@mantine/hooks/src/use-disclosure/use-disclosure.test.ts
2025-03-12T10:45:41.3492554Z PASS packages/@mantine/core/src/core/styles-api/use-styles/get-class-name/resolve-class-names/resolve-class-names.test.ts
2025-03-12T10:45:42.0976953Z PASS packages/@mantine/core/src/components/Input/InputLabel/InputLabel.test.tsx
2025-03-12T10:45:42.3006233Z PASS packages/@mantine/form/src/tests/use-form/validate-nested.test.ts
2025-03-12T10:45:42.5244569Z PASS packages/@mantine/core/src/components/NativeSelect/NativeSelect.test.tsx
2025-03-12T10:45:43.7029917Z PASS packages/@mantine/core/src/components/Notification/Notification.test.tsx
2025-03-12T10:45:43.8116418Z PASS packages/@mantine/core/src/core/Box/style-props/parse-style-props/sort-media-queries.test.ts
2025-03-12T10:45:43.8909377Z PASS packages/@mantine/form/src/validators/has-length/has-length.test.ts
2025-03-12T10:45:44.2707100Z PASS packages/@mantine/core/src/components/Radio/RadioGroup/RadioGroup.test.tsx
2025-03-12T10:45:44.2947973Z PASS packages/@mantine/core/src/components/Tooltip/Tooltip.test.tsx (6.778 s)
2025-03-12T10:45:44.7553482Z PASS packages/@mantine/core/src/components/Pill/Pill.test.tsx
2025-03-12T10:45:44.8807576Z PASS packages/@mantine/core/src/core/styles-api/use-styles/get-class-name/get-options-class-names/get-options-class-names.test.ts
2025-03-12T10:45:44.9734892Z PASS packages/@mantine/core/src/components/Combobox/get-parsed-combobox-data/get-parsed-combobox-data.test.ts
2025-03-12T10:45:45.0455950Z PASS packages/@mantine/core/src/core/MantineProvider/color-functions/to-rgba/to-rgba.test.ts
2025-03-12T10:45:45.1897539Z PASS packages/@mantine/form/src/tests/use-form/reorderListItem.test.ts
2025-03-12T10:45:45.2142691Z PASS packages/@mantine/core/src/components/Input/InputWrapper/InputWrapper.test.tsx
2025-03-12T10:45:45.2815513Z PASS packages/@mantine/form/src/paths/get-path.test.ts
2025-03-12T10:45:45.4034469Z PASS packages/@mantine/hooks/src/use-color-scheme/use-color-scheme.test.tsx
2025-03-12T10:45:45.5009911Z PASS packages/@mantine/core/src/components/Input/InputWrapper/get-input-offsets/get-input-offsets.test.ts
2025-03-12T10:45:45.7514332Z PASS packages/@mantine/core/src/components/Switch/Switch.test.tsx
2025-03-12T10:45:45.9560737Z PASS packages/@mantine/core/src/core/styles-api/use-styles/get-style/resolve-vars/resolve-vars.test.ts
2025-03-12T10:45:46.3142363Z PASS packages/@mantine/core/src/components/Progress/ProgressSection/ProgressSection.test.tsx
2025-03-12T10:45:46.5963965Z PASS packages/@mantine/core/src/components/ActionIcon/ActionIcon.test.tsx
2025-03-12T10:45:46.6903618Z PASS packages/@mantine/core/src/components/Transition/get-transition-styles/get-transition-styles.test.ts
2025-03-12T10:45:46.8008331Z PASS packages/@mantine/dates/src/components/WeekdaysRow/get-weekdays-names/get-weekdays-names.test.ts
2025-03-12T10:45:46.9063706Z PASS packages/@mantine/core/src/core/MantineProvider/color-functions/parse-theme-color/parse-theme-color.test.ts
2025-03-12T10:45:47.0773065Z PASS packages/@mantine/core/src/components/Tabs/TabsPanel/TabsPanel.test.tsx
2025-03-12T10:45:47.2098077Z PASS packages/@mantine/hooks/src/use-hotkeys/use-hotkeys.test.tsx
2025-03-12T10:45:47.2933393Z PASS packages/@mantine/hooks/src/use-hotkeys/parse-hotkey.test.ts
2025-03-12T10:45:48.7188152Z PASS packages/@mantine/spotlight/src/Spotlight.test.tsx
2025-03-12T10:45:48.8296410Z PASS packages/@mantine/dates/src/utils/get-formatted-date.test.ts
2025-03-12T10:45:49.2961511Z PASS packages/@mantine/core/src/components/Checkbox/CheckboxGroup/CheckboxGroup.test.tsx
2025-03-12T10:45:49.4539336Z PASS packages/@mantine/dates/src/components/DatesProvider/use-dates-context.test.tsx
2025-03-12T10:45:49.6266339Z PASS packages/@mantine/hooks/src/use-toggle/use-toggle.test.ts
2025-03-12T10:45:49.7306442Z PASS packages/@mantine/dropzone/src/Dropzone.test.tsx
2025-03-12T10:45:49.7351527Z PASS packages/@mantine/core/src/components/Tree/get-all-checked-nodes/get-all-checked-nodes.test.ts
2025-03-12T10:45:50.4400341Z PASS packages/@mantine/dates/src/components/Month/Month.test.tsx
2025-03-12T10:45:50.7092037Z PASS packages/@mantine/core/src/components/Menu/MenuItem/MenuItem.test.tsx
2025-03-12T10:45:51.5639759Z PASS packages/@mantine/core/src/components/Flex/Flex.test.tsx
2025-03-12T10:45:51.6187687Z PASS packages/@mantine/core/src/components/Loader/Loader.test.tsx
2025-03-12T10:45:51.6657939Z PASS packages/@mantine/core/src/components/Slider/Marks/is-mark-filled.test.ts
2025-03-12T10:45:51.7814282Z PASS packages/@mantine/core/src/components/Switch/SwitchGroup/SwitchGroup.test.tsx
2025-03-12T10:45:51.8217375Z PASS packages/@mantine/core/src/components/Combobox/use-combobox/use-combobox.test.ts
2025-03-12T10:45:52.1887899Z PASS packages/@mantine/form/src/tests/use-form/validateInputOnBlur.test.tsx
2025-03-12T10:45:52.4673273Z PASS packages/@mantine/core/src/components/Pagination/PaginationControl/PaginationControl.test.tsx
2025-03-12T10:45:52.5343532Z PASS packages/@mantine/core/src/core/Box/get-box-mod/get-box-mod.test.ts
2025-03-12T10:45:52.6175431Z PASS packages/@mantine/dates/src/components/CalendarHeader/CalendarHeader.test.tsx
2025-03-12T10:45:52.6918904Z PASS packages/@mantine/form/src/lists/clear-list-state.test.ts
2025-03-12T10:45:53.1265400Z PASS packages/@mantine/core/src/components/Stepper/StepperStep/StepperStep.test.tsx
2025-03-12T10:45:53.2565402Z PASS packages/@mantine/core/src/core/styles-api/use-styles/get-class-name/get-global-class-names/get-global-class-names.test.ts
2025-03-12T10:45:53.5101548Z PASS packages/@mantine/core/src/components/Checkbox/CheckboxCard/CheckboxCard.test.tsx
2025-03-12T10:45:53.6672222Z PASS packages/@mantine/hooks/src/use-input-state/use-input-state.test.ts
2025-03-12T10:45:54.5419375Z PASS packages/@mantine/dates/src/components/MonthsList/MonthsList.test.tsx
2025-03-12T10:45:54.8577795Z PASS packages/@mantine/core/src/components/Divider/Divider.test.tsx
2025-03-12T10:45:54.9820640Z PASS packages/@mantine/core/src/core/styles-api/use-styles/get-class-name/get-theme-class-names/get-theme-class-names.test.ts
2025-03-12T10:45:55.1092698Z PASS packages/@mantine/hooks/src/use-mouse/use-mouse.test.tsx
2025-03-12T10:45:55.1178863Z PASS packages/@mantine/dates/src/components/YearsList/YearsList.test.tsx
2025-03-12T10:45:55.2411131Z PASS packages/@mantine/hooks/src/use-uncontrolled/use-uncontrolled.test.ts
2025-03-12T10:45:55.2624102Z PASS packages/@mantine/core/src/components/Card/CardSection/CardSection.test.tsx
2025-03-12T10:45:55.4017052Z PASS packages/@mantine/form/src/tests/use-form/resetDirty.test.ts
2025-03-12T10:45:55.5642633Z PASS packages/@mantine/hooks/src/use-throttled-value/use-throttled-value.test.ts
2025-03-12T10:45:55.7349868Z PASS packages/@mantine/hooks/src/use-shallow-effect/use-shallow-effect.test.ts
2025-03-12T10:45:55.8104772Z PASS packages/@mantine/core/src/components/Radio/RadioCard/RadioCard.test.tsx
2025-03-12T10:45:55.8553243Z PASS packages/@mantine/core/src/core/MantineProvider/color-functions/get-contrast-color/get-contrast-color.test.ts
2025-03-12T10:45:55.9461607Z PASS packages/@mantine/core/src/core/utils/is-number-like/is-number-like.test.ts
2025-03-12T10:45:56.4317791Z PASS packages/@mantine/core/src/components/Slider/RangeSlider/RangeSlider.test.tsx
2025-03-12T10:45:56.4621232Z PASS packages/@mantine/core/src/core/Box/Box.test.tsx
2025-03-12T10:45:56.8706577Z PASS packages/@mantine/core/src/components/Timeline/Timeline.test.tsx
2025-03-12T10:45:56.9527485Z PASS packages/@mantine/core/src/core/MantineProvider/color-functions/rgba/rgba.test.ts
2025-03-12T10:45:57.0619987Z PASS packages/@mantine/core/src/core/MantineProvider/color-functions/get-gradient/get-gradient.test.ts
2025-03-12T10:45:57.4830488Z PASS packages/@mantine/core/src/components/Accordion/AccordionControl/AccordionControl.test.tsx
2025-03-12T10:45:57.9307493Z PASS packages/@mantine/core/src/components/PasswordInput/PasswordInput.test.tsx
2025-03-12T10:45:57.9477477Z PASS packages/@mantine/core/src/components/Combobox/ComboboxDropdownTarget/ComboboxDropdownTarget.test.tsx
2025-03-12T10:45:58.0500180Z PASS packages/@mantine/dates/src/components/Month/get-start-of-week/get-start-of-week.test.ts
2025-03-12T10:45:58.0660772Z PASS packages/@mantine/form/src/tests/use-form/getTransformedValues.test.ts
2025-03-12T10:45:58.0970650Z PASS packages/@mantine/dates/src/components/WeekdaysRow/WeekdaysRow.test.tsx
2025-03-12T10:45:58.2057915Z PASS packages/@mantine/hooks/src/use-logger/use-logger.test.ts
2025-03-12T10:45:58.4411395Z PASS packages/@mantine/core/src/components/Combobox/ComboboxEventsTarget/ComboboxEventsTarget.test.tsx
2025-03-12T10:45:58.5869560Z PASS packages/@mantine/form/src/tests/use-field/value.test.ts
2025-03-12T10:45:58.9535801Z PASS packages/@mantine/core/src/components/Accordion/AccordionPanel/AccordionPanel.test.tsx
2025-03-12T10:45:59.0429317Z PASS packages/@mantine/form/src/validate/validate-field-value.test.ts
2025-03-12T10:45:59.1243910Z PASS packages/@mantine/core/src/components/Combobox/ComboboxDropdown/ComboboxDropdown.test.tsx
2025-03-12T10:45:59.1318267Z PASS packages/@mantine/dates/src/components/Month/get-end-of-week/get-end-of-week.test.ts
2025-03-12T10:45:59.2585052Z PASS packages/@mantine/hooks/src/use-counter/use-counter.test.ts
2025-03-12T10:45:59.2786271Z PASS packages/@mantine/form/src/tests/use-form/submitting.test.ts
2025-03-12T10:45:59.4121955Z PASS packages/@mantine/core/src/components/Tree/is-node-checked/is-node-checked.test.ts
2025-03-12T10:45:59.4136541Z PASS packages/@mantine/core/src/components/Card/Card.test.tsx
2025-03-12T10:45:59.9780924Z PASS packages/@mantine/core/src/components/Popover/PopoverTarget/PopoverTarget.test.tsx
2025-03-12T10:46:00.3250170Z PASS packages/@mantine/core/src/components/Badge/Badge.test.tsx
2025-03-12T10:46:00.3570417Z PASS packages/@mantine/core/src/components/Breadcrumbs/Breadcrumbs.test.tsx
2025-03-12T10:46:00.4376138Z PASS packages/@mantine/core/src/components/Combobox/ComboboxTarget/ComboboxTarget.test.tsx
2025-03-12T10:46:01.0275920Z PASS packages/@mantine/core/src/components/AppShell/AppShellHeader/AppShellHeader.test.tsx
2025-03-12T10:46:01.0984693Z PASS packages/@mantine/core/src/components/Slider/utils/get-step-mark-value/get-step-mark-value.test.ts
2025-03-12T10:46:01.1379466Z PASS packages/@mantine/core/src/components/AppShell/AppShellNavbar/AppShellNavbar.test.tsx
2025-03-12T10:46:01.2503976Z PASS packages/@mantine/core/src/components/AppShell/AppShellFooter/AppShellFooter.test.tsx
2025-03-12T10:46:01.4418548Z PASS packages/@mantine/core/src/components/HoverCard/HoverCardTarget/HoverCardTarget.test.tsx
2025-03-12T10:46:01.5419006Z PASS packages/@mantine/core/src/components/Tree/is-node-indeterminate/is-node-indeterminate.test.ts
2025-03-12T10:46:01.6710934Z PASS packages/@mantine/form/src/tests/use-form/setValues.test.ts
2025-03-12T10:46:01.7838491Z PASS packages/@mantine/core/src/core/styles-api/use-styles/get-class-name/get-resolved-class-names/get-resolved-class-names.test.ts
2025-03-12T10:46:01.8957252Z PASS packages/@mantine/core/src/components/AppShell/AppShellSection/AppShellSection.test.tsx
2025-03-12T10:46:01.9581533Z PASS packages/@mantine/hooks/src/use-validated-state/use-validated-state.test.ts
2025-03-12T10:46:01.9678932Z PASS packages/@mantine/core/src/core/styles-api/use-styles/get-class-name/get-variant-class-name/get-variant-class-name.test.ts
2025-03-12T10:46:02.0248225Z PASS packages/@mantine/core/src/components/AppShell/AppShellAside/AppShellAside.test.tsx
2025-03-12T10:46:02.1208817Z PASS packages/@mantine/core/src/core/styles-api/use-styles/get-style/resolve-style/resolve-style.test.ts
2025-03-12T10:46:02.2822031Z PASS packages/@mantine/dates/src/components/Month/get-week-number/get-week-number.test.ts
2025-03-12T10:46:02.4635944Z PASS packages/@mantine/core/src/core/MantineProvider/MantineCssVariables/get-merged-variables.test.ts
2025-03-12T10:46:02.5022227Z PASS packages/@mantine/core/src/core/MantineProvider/use-props/use-props.test.tsx
2025-03-12T10:46:02.9001184Z PASS packages/@mantine/core/src/components/ColorSwatch/ColorSwatch.test.tsx
2025-03-12T10:46:02.9107597Z PASS packages/@mantine/core/src/components/Portal/Portal.test.tsx
2025-03-12T10:46:03.1836786Z PASS packages/@mantine/core/src/components/CloseButton/CloseButton.test.tsx
2025-03-12T10:46:03.3300932Z PASS packages/@mantine/core/src/components/Menu/MenuTarget/MenuTarget.test.tsx
2025-03-12T10:46:03.7832426Z PASS packages/@mantine/form/src/tests/use-form/isValid.test.ts
2025-03-12T10:46:03.8873690Z PASS packages/@mantine/dates/src/components/MonthsList/get-month-in-tab-order/get-month-in-tab-order.test.ts
2025-03-12T10:46:04.0778254Z PASS packages/@mantine/core/src/components/Chip/Chip.test.tsx
2025-03-12T10:46:04.1951916Z PASS packages/@mantine/core/src/components/PillsInput/PillsInputField/PillsInputField.test.tsx
2025-03-12T10:46:04.7722716Z PASS packages/@mantine/core/src/components/Overlay/Overlay.test.tsx
2025-03-12T10:46:05.0515631Z PASS packages/@mantine/core/src/components/List/List.test.tsx
2025-03-12T10:46:05.1389660Z PASS packages/@mantine/core/src/components/Tree/get-children-nodes-values/get-children-nodes-values.test.ts
2025-03-12T10:46:05.2318785Z PASS packages/@mantine/dates/src/components/YearsList/get-year-in-tab-order/get-year-in-tab-order.test.ts
2025-03-12T10:46:05.9181178Z PASS packages/@mantine/core/src/components/Pagination/Pagination.test.tsx
2025-03-12T10:46:05.9965605Z PASS packages/@mantine/core/src/components/Skeleton/Skeleton.test.tsx
2025-03-12T10:46:06.0344824Z PASS packages/@mantine/hooks/src/use-throttled-callback/use-throttled-callback.test.ts
2025-03-12T10:46:06.1407093Z PASS packages/@mantine/core/src/core/styles-api/use-styles/get-style/resolve-vars/merge-vars.test.ts
2025-03-12T10:46:07.4859651Z PASS packages/@mantine/core/src/components/PillsInput/PillsInput.test.tsx
2025-03-12T10:46:07.5959943Z PASS packages/@mantine/core/src/core/Box/style-props/resolvers/border-resolver/border-resolver.test.ts
2025-03-12T10:46:07.6863620Z PASS packages/@mantine/core/src/core/utils/close-on-escape/close-on-escape.test.ts
2025-03-12T10:46:07.7679677Z PASS packages/@mantine/core/src/core/MantineProvider/color-functions/luminance/luminance.test.ts
2025-03-12T10:46:08.5297850Z PASS packages/@mantine/core/src/components/UnstyledButton/UnstyleButton.test.tsx
2025-03-12T10:46:09.3240677Z PASS packages/@mantine/core/src/components/Timeline/TimelineItem/TimelineItem.test.tsx
2025-03-12T10:46:09.4143933Z PASS packages/@mantine/core/src/components/ColorPicker/converters/parsers.test.ts
2025-03-12T10:46:09.7912178Z PASS packages/@mantine/core/src/components/Autocomplete/Autocomplete.test.tsx (5.897 s)
2025-03-12T10:46:09.9116612Z PASS packages/@mantine/form/src/tests/use-field/touched.test.ts
2025-03-12T10:46:10.0646031Z PASS packages/@mantine/form/src/tests/use-form/errors.test.ts
2025-03-12T10:46:10.1541519Z PASS packages/@mantine/core/src/components/SemiCircleProgress/SemiCircleProgress.test.tsx
2025-03-12T10:46:10.2254341Z PASS packages/@mantine/hooks/src/use-merged-ref/use-merged-ref.test.tsx
2025-03-12T10:46:10.8220455Z PASS packages/@mantine/core/src/components/Anchor/Anchor.test.tsx
2025-03-12T10:46:10.8305358Z PASS packages/@mantine/core/src/components/HoverCard/HoverCard.test.tsx
2025-03-12T10:46:10.9320835Z PASS packages/@mantine/core/src/components/RingProgress/get-curves/get-curves.test.ts
2025-03-12T10:46:11.0217222Z PASS packages/@mantine/form/src/paths/reorder-path.test.ts
2025-03-12T10:46:11.1044748Z PASS packages/@mantine/dates/src/components/MonthsList/is-month-disabled/is-month-disabled.test.ts
2025-03-12T10:46:11.2751570Z PASS packages/@mantine/core/src/components/Combobox/ComboboxHiddenInput/ComboboxHiddenInput.test.tsx
2025-03-12T10:46:11.4492609Z PASS packages/@mantine/hooks/src/use-map/use-map.test.ts
2025-03-12T10:46:11.7151949Z PASS packages/@mantine/form/src/tests/use-form/transformValues.test.ts
2025-03-12T10:46:11.8230773Z PASS packages/@mantine/form/src/validate/should-validate-on-change.test.ts
2025-03-12T10:46:11.9376828Z PASS packages/@mantine/core/src/components/TagsInput/TagsInput.test.tsx (5.935 s)
2025-03-12T10:46:11.9383928Z PASS packages/@mantine/dates/src/components/YearsList/is-year-disabled/is-year-disabled.test.ts
2025-03-12T10:46:12.0736971Z PASS packages/@mantine/hooks/src/use-throttled-state/use-throttled-state.test.ts
2025-03-12T10:46:12.2431409Z PASS packages/@mantine/core/src/components/Combobox/ComboboxSearch/ComboboxSearch.test.tsx
2025-03-12T10:46:12.2626174Z PASS packages/@mantine/core/src/core/InlineStyles/InlineStyles.test.tsx
2025-03-12T10:46:12.4035097Z PASS packages/@mantine/hooks/src/use-os/use-os.test.ts
2025-03-12T10:46:12.5279888Z PASS packages/@mantine/core/src/core/Box/style-props/resolvers/font-size-resolver/font-size-resolver.test.ts
2025-03-12T10:46:12.8740445Z PASS packages/@mantine/core/src/components/AppShell/AppShell.test.tsx
2025-03-12T10:46:13.0779801Z PASS packages/@mantine/core/src/core/Box/style-props/resolvers/spacing-resolver/spacing-resolver.test.ts
2025-03-12T10:46:13.2235718Z PASS packages/@mantine/core/src/components/AppShell/AppShellMediaStyles/assign-padding-variables/assign-padding-variables.test.ts
2025-03-12T10:46:13.3143628Z PASS packages/@mantine/form/src/validators/is-in-range/is-in-range.test.ts
2025-03-12T10:46:13.4306949Z PASS packages/@mantine/core/src/components/Radio/Radio.test.tsx
2025-03-12T10:46:13.5461939Z PASS packages/@mantine/core/src/core/MantineProvider/MantineCssVariables/virtual-color/virtual-color.test.ts
2025-03-12T10:46:14.2890994Z PASS packages/@mantine/core/src/components/InputBase/InputBase.test.tsx
2025-03-12T10:46:14.3659599Z PASS packages/@mantine/core/src/components/Group/Group.test.tsx
2025-03-12T10:46:15.1460098Z PASS packages/@mantine/core/src/components/ColorInput/ColorInput.test.tsx
2025-03-12T10:46:15.7572214Z PASS packages/@mantine/dates/src/components/TimeInput/TimeInput.test.tsx
2025-03-12T10:46:15.8843199Z PASS packages/@mantine/core/src/components/JsonInput/JsonInput.test.tsx
2025-03-12T10:46:15.9715063Z PASS packages/@mantine/hooks/src/utils/shallow-equal/shallow-equal.test.ts
2025-03-12T10:46:16.6566341Z PASS packages/@mantine/core/src/components/TextInput/TextInput.test.tsx
2025-03-12T10:46:17.2571791Z PASS packages/@mantine/core/src/components/Textarea/Textarea.test.tsx
2025-03-12T10:46:17.4050187Z PASS packages/@mantine/form/src/tests/use-form/onReset.test.ts
2025-03-12T10:46:17.4650969Z PASS packages/@mantine/code-highlight/src/CodeHighlight.test.tsx
2025-03-12T10:46:17.4914182Z PASS packages/@mantine/core/src/core/utils/units-converters/px.test.ts
2025-03-12T10:46:17.5212572Z PASS packages/@mantine/core/src/components/Burger/Burger.test.tsx
2025-03-12T10:46:18.1419792Z PASS packages/@mantine/core/src/components/Progress/Progress.test.tsx
2025-03-12T10:46:18.2024132Z PASS packages/@mantine/core/src/components/Combobox/ComboboxGroup/ComboboxGroup.test.tsx
2025-03-12T10:46:18.2878534Z PASS packages/@mantine/core/src/components/Combobox/ComboboxOptions/ComboboxOptions.test.tsx
2025-03-12T10:46:18.3813923Z PASS packages/@mantine/dates/src/components/Calendar/clamp-level/clamp-level.test.ts
2025-03-12T10:46:18.5504866Z PASS packages/@mantine/core/src/core/utils/create-safe-context/create-safe-context.test.tsx
2025-03-12T10:46:18.7991239Z PASS packages/@mantine/core/src/components/Pagination/PaginationDots/PaginationDots.test.tsx
2025-03-12T10:46:18.8677376Z PASS packages/@mantine/dates/src/components/Month/is-before-max-date/is-before-max-date.test.ts
2025-03-12T10:46:19.3506504Z PASS packages/@mantine/core/src/components/Combobox/ComboboxFooter/ComboboxFooter.test.tsx
2025-03-12T10:46:19.3685044Z PASS packages/@mantine/core/src/components/Combobox/ComboboxHeader/ComboboxHeader.test.tsx
2025-03-12T10:46:19.5536326Z PASS packages/@mantine/core/src/core/utils/create-optional-context/create-optional-context.test.tsx
2025-03-12T10:46:19.8172982Z PASS packages/@mantine/core/src/components/FileButton/FileButton.test.tsx
2025-03-12T10:46:19.9086878Z PASS packages/@mantine/core/src/core/MantineProvider/color-functions/lighten/lighten.test.ts
2025-03-12T10:46:19.9959462Z PASS packages/@mantine/dates/src/components/Month/is-after-min-date/is-after-min-date.test.ts
2025-03-12T10:46:20.0728147Z PASS packages/@mantine/core/src/components/Accordion/AccordionItem/AccordionItem.test.tsx
2025-03-12T10:46:20.1307330Z PASS packages/@mantine/hooks/src/use-set/use-set.test.ts
2025-03-12T10:46:20.2458148Z PASS packages/@mantine/core/src/components/Combobox/ComboboxEmpty/ComboboxEmpty.test.tsx
2025-03-12T10:46:20.8225456Z PASS packages/@mantine/core/src/components/AngleSlider/AngleSlider.test.tsx
2025-03-12T10:46:20.8998470Z PASS packages/@mantine/form/src/get-status/get-status.test.ts
2025-03-12T10:46:21.0943572Z PASS packages/@mantine/core/src/components/Dialog/Dialog.test.tsx
2025-03-12T10:46:21.6680505Z PASS packages/@mantine/carousel/src/CarouselSlide/CarouselSlide.test.tsx
2025-03-12T10:46:21.8142924Z PASS packages/@mantine/core/src/core/utils/find-closest-number/find-closest-number.test.ts
2025-03-12T10:46:21.9722028Z PASS packages/@mantine/core/src/core/styles-api/use-styles/get-style/resolve-styles/resolve-styles.test.ts
2025-03-12T10:46:22.0940845Z PASS packages/@mantine/core/src/core/Box/style-props/resolvers/line-height-resolver/line-height-resolver.test.ts
2025-03-12T10:46:22.2372560Z PASS packages/@mantine/core/src/components/Alert/Alert.test.tsx
2025-03-12T10:46:22.2633745Z PASS packages/@mantine/core/src/core/MantineProvider/use-mantine-color-scheme/use-mantine-color-scheme.test.tsx
2025-03-12T10:46:22.3317320Z PASS packages/@mantine/dates/src/utils/assign-time/assign-time.test.ts
2025-03-12T10:46:22.3530794Z PASS packages/@mantine/core/src/core/MantineProvider/color-functions/darken/darken.test.ts
2025-03-12T10:46:22.4224971Z PASS packages/@mantine/core/src/components/Floating/get-floating-position/get-floating-position.test.ts
2025-03-12T10:46:23.1553073Z PASS packages/@mantine/core/src/components/AppShell/AppShellMain/AppShellMain.test.tsx
2025-03-12T10:46:23.2789729Z PASS packages/@mantine/core/src/components/Popover/PopoverDropdown/PopoverDropdown.test.tsx
2025-03-12T10:46:23.2900362Z PASS packages/@mantine/hooks/src/use-set-state/use-set-state.test.ts
2025-03-12T10:46:23.3521879Z PASS packages/@mantine/core/src/components/ScrollArea/ScrollArea.test.tsx
2025-03-12T10:46:23.3695813Z PASS packages/@mantine/form/src/validators/is-json-string/is-json-string.test.ts
2025-03-12T10:46:23.4601642Z PASS packages/@mantine/core/src/components/PinInput/create-pin-array/create-pin-array.test.ts
2025-03-12T10:46:23.5575518Z PASS packages/@mantine/core/src/core/utils/get-context-item-index/get-context-item-index.test.ts
2025-03-12T10:46:23.9686742Z PASS packages/@mantine/core/src/components/Indicator/Indicator.test.tsx
2025-03-12T10:46:24.0716951Z PASS packages/@mantine/core/src/core/styles-api/use-styles/get-class-name/get-static-class-names/get-static-class-names.test.ts
2025-03-12T10:46:24.2219850Z PASS packages/@mantine/core/src/core/Box/style-props/resolvers/color-resolver/color-resolver.test.ts
2025-03-12T10:46:24.2531198Z PASS packages/@mantine/core/src/components/Paper/Paper.test.tsx
2025-03-12T10:46:24.4045735Z PASS packages/@mantine/form/src/tests/use-form/initialize.test.ts
2025-03-12T10:46:24.5084300Z PASS packages/@mantine/dates/src/components/DateInput/is-date-valid/is-date-valid.test.ts
2025-03-12T10:46:24.6058993Z PASS packages/@mantine/core/src/components/Portal/OptionalPortal.test.tsx
2025-03-12T10:46:25.2449219Z PASS packages/@mantine/core/src/components/Combobox/Combobox.test.tsx
2025-03-12T10:46:25.3433559Z PASS packages/@mantine/core/src/core/Box/get-style-object/get-style-object.test.ts
2025-03-12T10:46:25.5820552Z PASS packages/@mantine/charts/src/FunnelChart/FunnelChart.test.tsx
2025-03-12T10:46:25.5924344Z PASS packages/@mantine/code-highlight/src/CodeHighlightTabs.test.tsx
2025-03-12T10:46:25.9956269Z PASS packages/@mantine/core/src/components/Code/Code.test.tsx
2025-03-12T10:46:26.0578123Z PASS packages/@mantine/core/src/components/RingProgress/Curve/get-curve-props.test.ts
2025-03-12T10:46:26.1255565Z PASS packages/@mantine/form/src/validators/is-not-empty-html/is-not-empty-html.test.ts
2025-03-12T10:46:26.3747362Z PASS packages/@mantine/charts/src/DonutChart/DonutChart.test.tsx
2025-03-12T10:46:26.4940571Z PASS packages/@mantine/charts/src/CompositeChart/CompositeChart.test.tsx
2025-03-12T10:46:26.9321190Z PASS packages/@mantine/core/src/core/MantineProvider/color-functions/get-theme-color/get-theme-color.test.ts
2025-03-12T10:46:27.3533476Z PASS packages/@mantine/core/src/components/Progress/ProgressLabel/ProgressLabel.test.tsx
2025-03-12T10:46:27.6521564Z PASS packages/@mantine/core/src/components/FileInput/FileInput.test.tsx
2025-03-12T10:46:27.8484077Z PASS packages/@mantine/charts/src/PieChart/PieChart.test.tsx
2025-03-12T10:46:28.0637435Z PASS packages/@mantine/core/src/components/ActionIcon/ActionIconGroup/ActionIconGroup.test.tsx
2025-03-12T10:46:28.1332454Z PASS packages/@mantine/core/src/core/utils/is-element/is-element.test.tsx
2025-03-12T10:46:28.2170854Z PASS packages/@mantine/core/src/core/utils/get-sorted-breakpoints/get-sorted-breakpoints.test.ts
2025-03-12T10:46:28.2848700Z PASS packages/@mantine/core/src/components/Slider/utils/get-change-value/get-change-value.test.ts
2025-03-12T10:46:28.3110665Z PASS packages/@mantine/core/src/components/Image/Image.test.tsx
2025-03-12T10:46:28.4114526Z PASS packages/@mantine/form/src/validators/is-not-empty/is-not-empty.test.ts
2025-03-12T10:46:29.2098463Z PASS packages/@mantine/core/src/components/Menu/MenuDropdown/MenuDropdown.test.tsx
2025-03-12T10:46:29.2172875Z PASS packages/@mantine/charts/src/AreaChart/AreaChart.test.tsx
2025-03-12T10:46:29.5441979Z PASS packages/@mantine/core/src/components/SegmentedControl/SegmentedControl.test.tsx
2025-03-12T10:46:29.6758020Z PASS packages/@mantine/core/src/components/Title/get-title-size.test.ts
2025-03-12T10:46:30.3324965Z PASS packages/@mantine/charts/src/BarChart/BarChart.test.tsx
2025-03-12T10:46:30.5240493Z PASS packages/@mantine/core/src/components/List/ListItem/ListItem.test.tsx
2025-03-12T10:46:30.5440930Z PASS packages/@mantine/form/src/tests/use-field/dirty.test.ts
2025-03-12T10:46:30.9976879Z PASS packages/@mantine/core/src/components/Button/ButtonGroup/ButtonGroup.test.tsx
2025-03-12T10:46:31.0892833Z PASS packages/@mantine/core/src/core/MantineProvider/convert-css-variables/convert-css-variables.test.ts
2025-03-12T10:46:31.1847758Z PASS packages/@mantine/core/src/components/Menu/MenuDivider/MenuDivider.test.tsx
2025-03-12T10:46:31.2940141Z PASS packages/@mantine/core/src/components/Highlight/Highlight.test.tsx
2025-03-12T10:46:32.0891212Z PASS packages/@mantine/charts/src/RadialBarChart/RadialBarChart.test.tsx
2025-03-12T10:46:32.1048658Z PASS packages/@mantine/core/src/components/Fieldset/Fieldset.test.tsx
2025-03-12T10:46:32.2585492Z PASS packages/@mantine/form/src/tests/use-form/clearFieldError.test.ts
2025-03-12T10:46:32.3092531Z PASS packages/@mantine/core/src/components/Menu/MenuLabel/MenuLabel.test.tsx
2025-03-12T10:46:32.4204375Z PASS packages/@mantine/hooks/src/use-document-title/use-document-title.test.ts
2025-03-12T10:46:32.7915578Z PASS packages/@mantine/core/src/components/FloatingIndicator/FloatingIndicator.test.tsx
2025-03-12T10:46:32.8586277Z PASS packages/@mantine/core/src/components/Grid/GridCol/GridCol.test.tsx
2025-03-12T10:46:33.2890315Z PASS packages/@mantine/charts/src/ScatterChart/ScatterChart.test.tsx
2025-03-12T10:46:33.6088665Z PASS packages/@mantine/charts/src/RadarChart/RadarChart.test.tsx
2025-03-12T10:46:33.6392336Z PASS packages/@mantine/charts/src/BubbleChart/BubbleChart.test.tsx
2025-03-12T10:46:33.7033243Z PASS packages/@mantine/core/src/components/Transition/get-transition-props/get-transition-props.test.ts
2025-03-12T10:46:33.7190024Z PASS packages/@mantine/core/src/core/utils/get-safe-id/get-safe-id.test.ts
2025-03-12T10:46:33.7940410Z PASS packages/@mantine/core/src/components/AppShell/AppShellMediaStyles/is-primitive-size/is-primitive-size.test.ts
2025-03-12T10:46:33.8894753Z PASS packages/@mantine/dates/src/components/YearsList/get-years-data/get-years-data.test.ts
2025-03-12T10:46:34.0289767Z PASS packages/@mantine/core/src/core/utils/get-breakpoint-value/get-breakpoint-value.test.ts
2025-03-12T10:46:34.1589469Z PASS packages/@mantine/core/src/components/Table/TableScrollContainer.test.tsx
2025-03-12T10:46:34.3272617Z PASS packages/@mantine/core/src/components/TypographyStylesProvider/TypographyStylesProvider.test.tsx
2025-03-12T10:46:34.8157431Z PASS packages/@mantine/core/src/components/ActionIcon/ActionIconGroupSection/ActionIconGroupSection.test.tsx
2025-03-12T10:46:34.8407908Z PASS packages/@mantine/dropzone/src/DropzoneFullScreen.test.tsx
2025-03-12T10:46:34.8471609Z PASS packages/@mantine/core/src/components/Grid/Grid.test.tsx
2025-03-12T10:46:34.9132695Z PASS packages/@mantine/core/src/core/styles-api/use-styles/get-class-name/get-selector-class-name/get-selector-class-name.test.ts
2025-03-12T10:46:35.8687197Z PASS packages/@mantine/charts/src/Sparkline/Sparkline.test.tsx
2025-03-12T10:46:35.9305228Z PASS packages/@mantine/core/src/components/Input/InputDescription/InputDescription.test.tsx
2025-03-12T10:46:36.2930899Z PASS packages/@mantine/core/src/components/RingProgress/RingProgress.test.tsx
2025-03-12T10:46:36.4910948Z PASS packages/@mantine/core/src/components/BackgroundImage/BackgroundImage.test.tsx
2025-03-12T10:46:36.6413601Z PASS packages/@mantine/hooks/src/use-hover/use-hover.test.tsx
2025-03-12T10:46:36.7388675Z PASS packages/@mantine/code-highlight/src/InlineCodeHighlight.test.tsx
2025-03-12T10:46:36.7430719Z PASS packages/@mantine/form/src/validators/is-email/is-email.test.ts
2025-03-12T10:46:36.8601798Z PASS packages/@mantine/core/src/core/InlineStyles/css-object-to-string/css-object-to-string.test.ts
2025-03-12T10:46:36.9000020Z PASS packages/@mantine/core/src/components/Button/ButtonGroupSection/ButtonGroupSection.test.tsx
2025-03-12T10:46:36.9600007Z PASS packages/@mantine/form/src/paths/remove-path.test.ts
2025-03-12T10:46:37.0170376Z PASS packages/@mantine/form/src/tests/use-form/replaceListItem.test.ts
2025-03-12T10:46:37.0344731Z PASS packages/@mantine/core/src/core/styles-api/use-styles/get-class-name/get-root-class-name/get-root-class-name.test.ts
2025-03-12T10:46:37.3759900Z PASS packages/@mantine/core/src/components/Pagination/PaginationRoot/PaginationRoot.test.tsx
2025-03-12T10:46:37.5066319Z PASS packages/@mantine/form/src/tests/use-form/clearErrors.test.ts
2025-03-12T10:46:37.6735537Z PASS packages/@mantine/core/src/components/Input/InputPlaceholder/InputPlaceholder.test.tsx
2025-03-12T10:46:37.7474346Z PASS packages/@mantine/core/src/core/Box/style-props/parse-style-props/has-responsive-styles.test.ts
2025-03-12T10:46:37.8467380Z PASS packages/@mantine/core/src/core/Box/style-props/extract-style-props/extract-style-props.test.ts
2025-03-12T10:46:37.8511124Z PASS packages/@mantine/core/src/components/Spoiler/Spoiler.test.tsx
2025-03-12T10:46:38.4222716Z PASS packages/@mantine/core/src/components/LoadingOverlay/LoadingOverlay.test.tsx
2025-03-12T10:46:38.4427939Z PASS packages/@mantine/core/src/components/Progress/ProgressRoot/ProgressRoot.test.tsx
2025-03-12T10:46:38.6025141Z PASS packages/@mantine/core/src/components/Input/InputError/InputError.test.tsx
2025-03-12T10:46:38.6678860Z PASS packages/@mantine/core/src/core/utils/memoize/memoize.test.ts
2025-03-12T10:46:39.2910701Z PASS packages/@mantine/core/src/components/Checkbox/CheckboxIndicator/CheckboxIndicator.test.tsx
2025-03-12T10:46:39.3036925Z PASS packages/@mantine/core/src/components/VisuallyHidden/VisuallyHidden.test.tsx
2025-03-12T10:46:39.4312353Z PASS packages/@mantine/core/src/components/Mark/get-mark-color.test.ts
2025-03-12T10:46:39.8159436Z PASS packages/@mantine/core/src/components/Combobox/ComboboxChevron/ComboboxChevron.test.tsx
2025-03-12T10:46:39.8654744Z PASS packages/@mantine/core/src/components/Blockquote/Blockquote.test.tsx
2025-03-12T10:46:39.9054446Z PASS packages/@mantine/charts/src/utils/get-series-labels/get-series-labels.test.ts
2025-03-12T10:46:39.9621407Z PASS packages/@mantine/core/src/components/AppShell/AppShellMediaStyles/get-padding-value/get-padding-value.test.ts
2025-03-12T10:46:40.0113871Z PASS packages/@mantine/form/src/paths/insert-path.test.ts
2025-03-12T10:46:40.0432130Z PASS packages/@mantine/dates/src/utils/get-timezone-offset.test.ts
2025-03-12T10:46:40.1817083Z PASS packages/@mantine/form/src/tests/use-form/setErrors.test.ts
2025-03-12T10:46:40.2420441Z PASS packages/@mantine/hooks/src/use-event-listener/use-event-listener.test.tsx
2025-03-12T10:46:40.3910589Z PASS packages/@mantine/notifications/src/Notifications.test.tsx
2025-03-12T10:46:40.4869361Z PASS packages/@mantine/form/src/validators/matches-field/matches-field.test.ts
2025-03-12T10:46:41.0891123Z PASS packages/@mantine/core/src/components/Avatar/AvatarGroup/AvatarGroup.test.tsx
2025-03-12T10:46:41.2093093Z PASS packages/@mantine/core/src/components/Tree/Tree.test.tsx
2025-03-12T10:46:41.4725535Z PASS packages/@mantine/core/src/components/AspectRatio/AspectRatio.test.tsx
2025-03-12T10:46:41.8240479Z PASS packages/@mantine/dates/src/components/LevelsGroup/LevelsGroup.test.tsx
2025-03-12T10:46:41.9161735Z PASS packages/@mantine/core/src/components/Center/Center.test.tsx
2025-03-12T10:46:42.1114066Z PASS packages/@mantine/core/src/components/Radio/RadioIndicator/RadionIndicator.test.tsx
2025-03-12T10:46:42.2503723Z PASS packages/@mantine/hooks/src/use-previous/use-previous.test.ts
2025-03-12T10:46:42.5427718Z PASS packages/@mantine/core/src/components/SimpleGrid/SimpleGrid.test.tsx
2025-03-12T10:46:42.9611038Z PASS packages/@mantine/core/src/components/Pill/PillGroup/PillGroup.test.tsx
2025-03-12T10:46:43.2254585Z PASS packages/@mantine/core/src/components/ThemeIcon/ThemeIcon.test.tsx
2025-03-12T10:46:43.5609757Z PASS packages/@mantine/core/src/components/Rating/Rating.test.tsx
2025-03-12T10:46:43.6180748Z PASS packages/@mantine/core/src/components/Container/Container.test.tsx
2025-03-12T10:46:43.6502790Z PASS packages/@mantine/form/src/lists/reorder-errors.test.ts
2025-03-12T10:46:43.7219817Z PASS packages/@mantine/core/src/components/AppShell/AppShellMediaStyles/is-responsive-size/is-responsive-size.test.ts
2025-03-12T10:46:43.8730140Z PASS packages/@mantine/hooks/src/use-id/use-id.test.ts
2025-03-12T10:46:43.9719265Z PASS packages/@mantine/form/src/paths/replace-path.test.ts
2025-03-12T10:46:43.9758518Z PASS packages/@mantine/core/src/components/TableOfContents/TableOfContents.test.tsx
2025-03-12T10:46:44.0339504Z PASS packages/@mantine/form/src/validators/matches/matches.test.ts
2025-03-12T10:46:44.1329942Z PASS packages/@mantine/core/src/core/Box/style-props/resolvers/size-resolver/size-resolver.test.ts
2025-03-12T10:46:44.3112556Z PASS packages/@mantine/core/src/components/Affix/Affix.test.tsx
2025-03-12T10:46:44.8104316Z PASS packages/@mantine/core/src/components/Title/Title.test.tsx
2025-03-12T10:46:44.9348565Z PASS packages/@mantine/core/src/core/MantineProvider/merge-theme-overrides/merge-theme-overrides.test.ts
2025-03-12T10:46:44.9463890Z PASS packages/@mantine/core/src/components/Stack/Stack.test.tsx
2025-03-12T10:46:45.0368714Z PASS packages/@mantine/core/src/core/utils/get-base-value/get-base-value.test.ts
2025-03-12T10:46:45.1036901Z PASS packages/@mantine/core/src/components/JsonInput/validate-json/validate-json.test.ts
2025-03-12T10:46:45.4145488Z PASS packages/@mantine/core/src/components/Input/InputClearButton/InputClearButton.test.tsx
2025-03-12T10:46:45.4946475Z PASS packages/@mantine/dates/src/components/MonthsList/get-months-data/get-months-data.test.ts
2025-03-12T10:46:45.6085893Z PASS packages/@mantine/core/src/components/Mark/Mark.test.tsx
2025-03-12T10:46:45.6461595Z PASS packages/@mantine/hooks/src/use-did-update/use-did-update.test.ts
2025-03-12T10:46:45.6853428Z PASS packages/@mantine/hooks/src/utils/clamp/clamp.test.ts
2025-03-12T10:46:45.7411600Z PASS packages/@mantine/core/src/core/MantineProvider/color-scheme-managers/is-mantine-color-scheme.test.ts
2025-03-12T10:46:45.7540743Z PASS packages/@mantine/core/src/core/Box/style-props/resolvers/font-family-resolver/font-family-resolver.test.ts
2025-03-12T10:46:45.8194571Z PASS packages/@mantine/core/src/components/Kbd/Kbd.test.tsx
2025-03-12T10:46:45.8335875Z PASS packages/@mantine/notifications/src/get-auto-close/get-auto-close.test.ts
2025-03-12T10:46:45.8598234Z PASS packages/@mantine/core/src/core/MantineProvider/color-functions/get-primary-shade/get-primary-shade.test.ts
2025-03-12T10:46:45.8911511Z PASS packages/@mantine/dates/src/components/DateInput/date-string-parser/date-string-parser.test.ts
2025-03-12T10:46:45.9590145Z PASS packages/@mantine/core/src/components/Slider/utils/get-position/get-position.test.ts
2025-03-12T10:46:46.0425532Z PASS packages/@mantine/core/src/core/utils/use-hovered/use-hovered.test.ts
2025-03-12T10:46:46.1271155Z PASS packages/@mantine/hooks/src/utils/lower-first/lower-first.test.ts
2025-03-12T10:46:46.2038852Z PASS packages/@mantine/core/src/core/MantineProvider/convert-css-variables/wrap-with-selector.test.ts
2025-03-12T10:46:46.2957942Z PASS packages/@mantine/hooks/src/utils/upper-first/upper-first.test.ts
2025-03-12T10:46:46.3966322Z PASS packages/@mantine/core/src/core/MantineProvider/convert-css-variables/css-variables-object-to-string.test.ts
2025-03-12T10:46:46.4091535Z PASS packages/@mantine/core/src/components/Collapse/Collapse.test.tsx
2025-03-12T10:46:46.4846719Z PASS packages/@mantine/core/src/components/Slider/utils/get-precision/get-precision.test.ts
2025-03-12T10:46:46.4915238Z PASS packages/@mantine/core/src/components/Avatar/get-initials-color/get-initials-color.test.ts
2025-03-12T10:46:46.5696874Z PASS packages/@mantine/core/src/components/Slider/utils/get-floating-value/get-gloating-value.test.ts
2025-03-12T10:46:46.5845516Z PASS packages/@mantine/core/src/core/utils/filter-props/filter-props.test.ts
2025-03-12T10:46:46.5920889Z PASS packages/@mantine/core/src/components/Space/Space.test.tsx
2025-03-12T10:46:46.6356219Z PASS packages/@mantine/core/src/core/utils/deep-merge/deep-merge.test.ts
2025-03-12T10:46:46.6686118Z PASS packages/@mantine/core/src/core/MantineProvider/color-functions/colors-tuple/colors-tuple.test.ts
2025-03-12T10:46:46.6748163Z PASS packages/@mantine/dates/src/components/DecadeLevel/get-decade-range/get-decade-range.test.ts
2025-03-12T10:46:46.7343607Z PASS packages/@mantine/core/src/core/utils/camel-to-kebab-case/camel-to-kebab-case.test.ts
2025-03-12T10:46:46.7491410Z PASS packages/@mantine/core/src/core/utils/get-default-z-index/get-default-z-index.test.ts
2025-03-12T10:46:46.7510309Z PASS packages/@mantine/form/src/paths/get-data-path.test.ts
2025-03-12T10:46:46.8192489Z PASS packages/@mantine/core/src/components/Avatar/get-initials/get-initials.test.ts
2025-03-12T10:46:46.8333551Z PASS packages/@mantine/hooks/src/utils/random-id/random-id.test.ts
2025-03-12T10:46:46.8953214Z PASS packages/@mantine/core/src/core/Box/use-random-classname/use-random-classname.test.ts
2025-03-12T10:46:46.9031298Z PASS packages/@mantine/form/src/hooks/use-form-errors/filter-errors/filter-errors.test.ts
2025-03-12T10:46:46.9765532Z PASS packages/@mantine/core/src/components/AppShell/AppShellMediaStyles/get-base-size/get-base-size.test.ts
2025-03-12T10:46:47.0020221Z PASS packages/@mantine/hooks/src/utils/range/range.test.ts
2025-03-12T10:46:47.0625700Z PASS packages/@mantine/core/src/components/Group/filter-falsy-children/filter-falsy-children.test.tsx
2025-03-12T10:46:47.1077044Z PASS packages/@mantine/core/src/core/MantineProvider/MantineCssVariables/default-css-variables-resolver.test.ts
2025-03-12T10:46:47.1537697Z PASS packages/@mantine/core/src/components/NumberFormatter/NumberFormatter.test.tsx
2025-03-12T10:46:47.3564696Z 
2025-03-12T10:46:47.3567712Z Test Suites: 457 passed, 457 total
2025-03-12T10:46:47.3568321Z Tests:       10637 passed, 10637 total
2025-03-12T10:46:47.3568857Z Snapshots:   1 passed, 1 total
2025-03-12T10:46:47.3569566Z Time:        128.062 s
2025-03-12T10:46:47.3569941Z Ran all test suites.
2025-03-12T10:46:47.4070174Z Post job cleanup.
2025-03-12T10:46:47.5900872Z [command]/usr/bin/tar --posix -cf cache.tzst --exclude cache.tzst -P -C /home/runner/work/mantine/mantine --files-from manifest.txt --use-compress-program zstdmt
2025-03-12T10:46:57.2939883Z Cache Size: ~200 MB (209390525 B)
2025-03-12T10:46:57.6436616Z Cache saved successfully
2025-03-12T10:46:57.6891967Z Cache saved with the key: node-cache-Linux-yarn-254cd4908f566bac40f3291ccaf7312f183deec672a19d89380ce47faaba1031
2025-03-12T10:49:07.9076584Z Post job cleanup.
2025-03-12T10:49:07.9803915Z [command]/usr/bin/git version
2025-03-12T10:49:07.9838206Z git version 2.48.1
2025-03-12T10:49:07.9880438Z Temporarily overriding HOME='/home/runner/work/_temp/1fbe55d6-2f7e-49d9-944c-886ee3e17596' before making global git config changes
2025-03-12T10:49:07.9881376Z Adding repository directory to the temporary git global config as a safe directory
2025-03-12T10:49:07.9884196Z [command]/usr/bin/git config --global --add safe.directory /home/runner/work/mantine/mantine
2025-03-12T10:49:07.9914660Z [command]/usr/bin/git config --local --name-only --get-regexp core\.sshCommand
2025-03-12T10:49:07.9942906Z [command]/usr/bin/git submodule foreach --recursive sh -c "git config --local --name-only --get-regexp 'core\.sshCommand' && git config --local --unset-all 'core.sshCommand' || :"
2025-03-12T10:49:08.0180504Z [command]/usr/bin/git config --local --name-only --get-regexp http\.https\:\/\/github\.com\/\.extraheader
2025-03-12T10:49:08.0200742Z http.https://github.com/.extraheader
2025-03-12T10:49:08.0212312Z [command]/usr/bin/git config --local --unset-all http.https://github.com/.extraheader
2025-03-12T10:49:08.0242127Z [command]/usr/bin/git submodule foreach --recursive sh -c "git config --local --name-only --get-regexp 'http\.https\:\/\/github\.com\/\.extraheader' && git config --local --unset-all 'http.https://github.com/.extraheader' || :"
2025-03-12T10:49:08.0581572Z Cleaning up orphan processes
