2025-04-15T02:50:37.4781471Z Requested labels: windows-latest
2025-04-15T02:50:37.4781803Z Job defined at: menloresearch/jan/.github/workflows/template-build-windows-x64.yml@refs/heads/s/test/tauri
2025-04-15T02:50:37.4782045Z Reusable workflow chain:
2025-04-15T02:50:37.4782139Z menloresearch/jan/.github/workflows/jan-electron-build-nightly.yml@refs/heads/s/test/tauri (64756cca94f55268cbc75a67b8b94d2be7f7c3a8)
2025-04-15T02:50:37.4782240Z -> menloresearch/jan/.github/workflows/template-build-windows-x64.yml@refs/heads/s/test/tauri (64756cca94f55268cbc75a67b8b94d2be7f7c3a8)
2025-04-15T02:50:37.4782349Z Waiting for a runner to pick up this job...
2025-04-15T02:50:37.7068918Z Job is waiting for a hosted runner to come online.
2025-04-15T02:50:43.2660535Z Job is about to start running on the hosted runner: GitHub Actions 117 (hosted)
2025-04-15T02:50:45.9911696Z Current runner version: '2.323.0'
2025-04-15T02:50:45.9934696Z ##[group]Operating System
2025-04-15T02:50:45.9935558Z Microsoft Windows Server 2022
2025-04-15T02:50:45.9936184Z 10.0.20348
2025-04-15T02:50:45.9936988Z Datacenter
2025-04-15T02:50:45.9937574Z ##[endgroup]
2025-04-15T02:50:45.9938125Z ##[group]Runner Image
2025-04-15T02:50:45.9938723Z Image: windows-2022
2025-04-15T02:50:45.9939333Z Version: 20250406.1.0
2025-04-15T02:50:45.9940411Z Included Software: https://github.com/actions/runner-images/blob/win22/20250406.1/images/windows/Windows2022-Readme.md
2025-04-15T02:50:45.9941849Z Image Release: https://github.com/actions/runner-images/releases/tag/win22%2F20250406.1
2025-04-15T02:50:45.9942761Z ##[endgroup]
2025-04-15T02:50:45.9943343Z ##[group]Runner Image Provisioner
2025-04-15T02:50:45.9943954Z 2.0.422.1
2025-04-15T02:50:45.9944495Z ##[endgroup]
2025-04-15T02:50:45.9945607Z ##[group]GITHUB_TOKEN Permissions
2025-04-15T02:50:45.9947803Z Contents: write
2025-04-15T02:50:45.9948613Z Metadata: read
2025-04-15T02:50:45.9949132Z ##[endgroup]
2025-04-15T02:50:45.9951364Z Secret source: Actions
2025-04-15T02:50:45.9952213Z Prepare workflow directory
2025-04-15T02:50:46.0249440Z Prepare all required actions
2025-04-15T02:50:46.0285083Z Getting action download info
2025-04-15T02:50:46.2627776Z ##[group]Download immutable action package 'actions/checkout@v3'
2025-04-15T02:50:46.2628892Z Version: 3.6.0
2025-04-15T02:50:46.2629924Z Digest: sha256:942562b9c7d4b1f2557f1da21f4d3eb4eb4fd01f2ad78b2a6e187d1b193e0a0f
2025-04-15T02:50:46.2631138Z Source commit SHA: f43a0e5ff2bd294095638e18286ca9a3d1956744
2025-04-15T02:50:46.2631862Z ##[endgroup]
2025-04-15T02:50:46.5312624Z ##[group]Download immutable action package 'actions/setup-node@v1'
2025-04-15T02:50:46.5313392Z Version: 1.4.6
2025-04-15T02:50:46.5314090Z Digest: sha256:32f633f14a7cc5bd964877b7e6c6294e7ff72af250c1a637979f76a05f60ebef
2025-04-15T02:50:46.5315030Z Source commit SHA: f1f314fca9dfce2769ece7d933488f076716723e
2025-04-15T02:50:46.5315689Z ##[endgroup]
2025-04-15T02:50:46.7877275Z Download action repository 'dcarbone/install-jq-action@v2.0.1' (SHA:c1548c666da8422e8207a67fae0df364cf9ee7fe)
2025-04-15T02:50:46.9846753Z ##[group]Download immutable action package 'actions/upload-artifact@v4'
2025-04-15T02:50:46.9847538Z Version: 4.6.2
2025-04-15T02:50:46.9848237Z Digest: sha256:290722aa3281d5caf23d0acdc3dbeb3424786a1a01a9cc97e72f147225e37c38
2025-04-15T02:50:46.9849147Z Source commit SHA: ea165f8d65b6e75b540449e92b4886f43607fa02
2025-04-15T02:50:46.9849791Z ##[endgroup]
2025-04-15T02:50:47.4014442Z Uses: menloresearch/jan/.github/workflows/template-build-windows-x64.yml@refs/heads/s/test/tauri (64756cca94f55268cbc75a67b8b94d2be7f7c3a8)
2025-04-15T02:50:47.4017228Z ##[group] Inputs
2025-04-15T02:50:47.4017812Z   public_provider: none
2025-04-15T02:50:47.4018361Z   ref: refs/heads/s/test/tauri
2025-04-15T02:50:47.4018927Z   new_version: 0.5.16-1268
2025-04-15T02:50:47.4019492Z   aws_s3_prefix: /latest/
2025-04-15T02:50:47.4020380Z   beta: false
2025-04-15T02:50:47.4020861Z   nightly: true
2025-04-15T02:50:47.4021349Z   cortex_api_port: 39261
2025-04-15T02:50:47.4021868Z ##[endgroup]
2025-04-15T02:50:47.4022462Z Complete job name: build-windows-x64 / build-windows-x64
2025-04-15T02:50:47.5139019Z ##[group]Run actions/checkout@v3
2025-04-15T02:50:47.5140112Z with:
2025-04-15T02:50:47.5140573Z   ref: refs/heads/s/test/tauri
2025-04-15T02:50:47.5141202Z   repository: menloresearch/jan
2025-04-15T02:50:47.5141967Z   token: ***
2025-04-15T02:50:47.5142427Z   ssh-strict: true
2025-04-15T02:50:47.5142916Z   persist-credentials: true
2025-04-15T02:50:47.5143440Z   clean: true
2025-04-15T02:50:47.5143906Z   sparse-checkout-cone-mode: true
2025-04-15T02:50:47.5144469Z   fetch-depth: 1
2025-04-15T02:50:47.5144932Z   fetch-tags: false
2025-04-15T02:50:47.5145380Z   lfs: false
2025-04-15T02:50:47.5145818Z   submodules: false
2025-04-15T02:50:47.5146298Z   set-safe-directory: true
2025-04-15T02:50:47.5147038Z ##[endgroup]
2025-04-15T02:50:47.9802665Z Syncing repository: menloresearch/jan
2025-04-15T02:50:47.9806789Z ##[group]Getting Git version info
2025-04-15T02:50:47.9808719Z Working directory is 'D:\a\jan\jan'
2025-04-15T02:50:48.2242806Z [command]"C:\Program Files\Git\bin\git.exe" version
2025-04-15T02:50:48.2853712Z git version 2.49.0.windows.1
2025-04-15T02:50:48.3653058Z ##[endgroup]
2025-04-15T02:50:48.3971738Z Temporarily overriding HOME='D:\a\_temp\8b8f2cf8-c717-4ede-9dcc-942de18db148' before making global git config changes
2025-04-15T02:50:48.3975002Z Adding repository directory to the temporary git global config as a safe directory
2025-04-15T02:50:48.3978874Z [command]"C:\Program Files\Git\bin\git.exe" config --global --add safe.directory D:\a\jan\jan
2025-04-15T02:50:48.5681708Z Deleting the contents of 'D:\a\jan\jan'
2025-04-15T02:50:48.5688147Z ##[group]Initializing the repository
2025-04-15T02:50:48.5695844Z [command]"C:\Program Files\Git\bin\git.exe" init D:\a\jan\jan
2025-04-15T02:50:48.6634826Z Initialized empty Git repository in D:/a/jan/jan/.git/
2025-04-15T02:50:48.6681958Z [command]"C:\Program Files\Git\bin\git.exe" remote add origin https://github.com/menloresearch/jan
2025-04-15T02:50:48.7336373Z ##[endgroup]
2025-04-15T02:50:48.7338228Z ##[group]Disabling automatic garbage collection
2025-04-15T02:50:48.7342482Z [command]"C:\Program Files\Git\bin\git.exe" config --local gc.auto 0
2025-04-15T02:50:48.7558605Z ##[endgroup]
2025-04-15T02:50:48.7560257Z ##[group]Setting up auth
2025-04-15T02:50:48.7567519Z [command]"C:\Program Files\Git\bin\git.exe" config --local --name-only --get-regexp core\.sshCommand
2025-04-15T02:50:48.7796056Z [command]"C:\Program Files\Git\bin\git.exe" submodule foreach --recursive "sh -c \"git config --local --name-only --get-regexp 'core\.sshCommand' && git config --local --unset-all 'core.sshCommand' || :\""
2025-04-15T02:50:50.5968310Z [command]"C:\Program Files\Git\bin\git.exe" config --local --name-only --get-regexp http\.https\:\/\/github\.com\/\.extraheader
2025-04-15T02:50:50.6186220Z [command]"C:\Program Files\Git\bin\git.exe" submodule foreach --recursive "sh -c \"git config --local --name-only --get-regexp 'http\.https\:\/\/github\.com\/\.extraheader' && git config --local --unset-all 'http.https://github.com/.extraheader' || :\""
2025-04-15T02:50:51.0079202Z [command]"C:\Program Files\Git\bin\git.exe" config --local http.https://github.com/.extraheader "AUTHORIZATION: basic ***"
2025-04-15T02:50:51.0307444Z ##[endgroup]
2025-04-15T02:50:51.0308118Z ##[group]Fetching the repository
2025-04-15T02:50:51.0326537Z [command]"C:\Program Files\Git\bin\git.exe" -c protocol.version=2 fetch --no-tags --prune --progress --no-recurse-submodules --depth=1 origin +refs/heads/s/test/tauri:refs/remotes/origin/s/test/tauri
2025-04-15T02:50:52.1534775Z remote: Enumerating objects: 1590, done.        
2025-04-15T02:50:52.1535526Z remote: Counting objects:   0% (1/1590)        
2025-04-15T02:50:52.1536538Z remote: Counting objects:   1% (16/1590)        
2025-04-15T02:50:52.1537301Z remote: Counting objects:   2% (32/1590)        
2025-04-15T02:50:52.1537916Z remote: Counting objects:   3% (48/1590)        
2025-04-15T02:50:52.1538866Z remote: Counting objects:   4% (64/1590)        
2025-04-15T02:50:52.1543971Z remote: Counting objects:   5% (80/1590)        
2025-04-15T02:50:52.1545174Z remote: Counting objects:   6% (96/1590)        
2025-04-15T02:50:52.1546921Z remote: Counting objects:   7% (112/1590)        
2025-04-15T02:50:52.1547770Z remote: Counting objects:   8% (128/1590)        
2025-04-15T02:50:52.1549211Z remote: Counting objects:   9% (144/1590)        
2025-04-15T02:50:52.1550239Z remote: Counting objects:  10% (159/1590)        
2025-04-15T02:50:52.1550993Z remote: Counting objects:  11% (175/1590)        
2025-04-15T02:50:52.1551661Z remote: Counting objects:  12% (191/1590)        
2025-04-15T02:50:52.1552569Z remote: Counting objects:  13% (207/1590)        
2025-04-15T02:50:52.1553145Z remote: Counting objects:  14% (223/1590)        
2025-04-15T02:50:52.1554339Z remote: Counting objects:  15% (239/1590)        
2025-04-15T02:50:52.1554709Z remote: Counting objects:  16% (255/1590)        
2025-04-15T02:50:52.1555088Z remote: Counting objects:  17% (271/1590)        
2025-04-15T02:50:52.1555449Z remote: Counting objects:  18% (287/1590)        
2025-04-15T02:50:52.1555792Z remote: Counting objects:  19% (303/1590)        
2025-04-15T02:50:52.1556169Z remote: Counting objects:  20% (318/1590)        
2025-04-15T02:50:52.1556498Z remote: Counting objects:  21% (334/1590)        
2025-04-15T02:50:52.1556886Z remote: Counting objects:  22% (350/1590)        
2025-04-15T02:50:52.1557261Z remote: Counting objects:  23% (366/1590)        
2025-04-15T02:50:52.1557595Z remote: Counting objects:  24% (382/1590)        
2025-04-15T02:50:52.1557926Z remote: Counting objects:  25% (398/1590)        
2025-04-15T02:50:52.1558265Z remote: Counting objects:  26% (414/1590)        
2025-04-15T02:50:52.1558595Z remote: Counting objects:  27% (430/1590)        
2025-04-15T02:50:52.1558950Z remote: Counting objects:  28% (446/1590)        
2025-04-15T02:50:52.1559601Z remote: Counting objects:  29% (462/1590)        
2025-04-15T02:50:52.1560330Z remote: Counting objects:  30% (477/1590)        
2025-04-15T02:50:52.1560948Z remote: Counting objects:  31% (493/1590)        
2025-04-15T02:50:52.1561318Z remote: Counting objects:  32% (509/1590)        
2025-04-15T02:50:52.1561706Z remote: Counting objects:  33% (525/1590)        
2025-04-15T02:50:52.1562049Z remote: Counting objects:  34% (541/1590)        
2025-04-15T02:50:52.1562384Z remote: Counting objects:  35% (557/1590)        
2025-04-15T02:50:52.1562716Z remote: Counting objects:  36% (573/1590)        
2025-04-15T02:50:52.1563047Z remote: Counting objects:  37% (589/1590)        
2025-04-15T02:50:52.1563379Z remote: Counting objects:  38% (605/1590)        
2025-04-15T02:50:52.1563708Z remote: Counting objects:  39% (621/1590)        
2025-04-15T02:50:52.1564036Z remote: Counting objects:  40% (636/1590)        
2025-04-15T02:50:52.1564368Z remote: Counting objects:  41% (652/1590)        
2025-04-15T02:50:52.1564705Z remote: Counting objects:  42% (668/1590)        
2025-04-15T02:50:52.1565051Z remote: Counting objects:  43% (684/1590)        
2025-04-15T02:50:52.1565383Z remote: Counting objects:  44% (700/1590)        
2025-04-15T02:50:52.1565795Z remote: Counting objects:  45% (716/1590)        
2025-04-15T02:50:52.1566444Z remote: Counting objects:  46% (732/1590)        
2025-04-15T02:50:52.1567142Z remote: Counting objects:  47% (748/1590)        
2025-04-15T02:50:52.1567685Z remote: Counting objects:  48% (764/1590)        
2025-04-15T02:50:52.1568017Z remote: Counting objects:  49% (780/1590)        
2025-04-15T02:50:52.1568362Z remote: Counting objects:  50% (795/1590)        
2025-04-15T02:50:52.1568697Z remote: Counting objects:  51% (811/1590)        
2025-04-15T02:50:52.1569027Z remote: Counting objects:  52% (827/1590)        
2025-04-15T02:50:52.1569377Z remote: Counting objects:  53% (843/1590)        
2025-04-15T02:50:52.1569713Z remote: Counting objects:  54% (859/1590)        
2025-04-15T02:50:52.1570040Z remote: Counting objects:  55% (875/1590)        
2025-04-15T02:50:52.1571004Z remote: Counting objects:  56% (891/1590)        
2025-04-15T02:50:52.1571388Z remote: Counting objects:  57% (907/1590)        
2025-04-15T02:50:52.1571718Z remote: Counting objects:  58% (923/1590)        
2025-04-15T02:50:52.1572054Z remote: Counting objects:  59% (939/1590)        
2025-04-15T02:50:52.1572385Z remote: Counting objects:  60% (954/1590)        
2025-04-15T02:50:52.1572721Z remote: Counting objects:  61% (970/1590)        
2025-04-15T02:50:52.1573050Z remote: Counting objects:  62% (986/1590)        
2025-04-15T02:50:52.1573399Z remote: Counting objects:  63% (1002/1590)        
2025-04-15T02:50:52.1573741Z remote: Counting objects:  64% (1018/1590)        
2025-04-15T02:50:52.1574103Z remote: Counting objects:  65% (1034/1590)        
2025-04-15T02:50:52.1574538Z remote: Counting objects:  66% (1050/1590)        
2025-04-15T02:50:52.1574913Z remote: Counting objects:  67% (1066/1590)        
2025-04-15T02:50:52.1575246Z remote: Counting objects:  68% (1082/1590)        
2025-04-15T02:50:52.1575597Z remote: Counting objects:  69% (1098/1590)        
2025-04-15T02:50:52.1575929Z remote: Counting objects:  70% (1113/1590)        
2025-04-15T02:50:52.1576274Z remote: Counting objects:  71% (1129/1590)        
2025-04-15T02:50:52.1576604Z remote: Counting objects:  72% (1145/1590)        
2025-04-15T02:50:52.1576937Z remote: Counting objects:  73% (1161/1590)        
2025-04-15T02:50:52.1577268Z remote: Counting objects:  74% (1177/1590)        
2025-04-15T02:50:52.1577601Z remote: Counting objects:  75% (1193/1590)        
2025-04-15T02:50:52.1577934Z remote: Counting objects:  76% (1209/1590)        
2025-04-15T02:50:52.1578269Z remote: Counting objects:  77% (1225/1590)        
2025-04-15T02:50:52.1578597Z remote: Counting objects:  78% (1241/1590)        
2025-04-15T02:50:52.1578938Z remote: Counting objects:  79% (1257/1590)        
2025-04-15T02:50:52.1579263Z remote: Counting objects:  80% (1272/1590)        
2025-04-15T02:50:52.1579601Z remote: Counting objects:  81% (1288/1590)        
2025-04-15T02:50:52.1579929Z remote: Counting objects:  82% (1304/1590)        
2025-04-15T02:50:52.1580263Z remote: Counting objects:  83% (1320/1590)        
2025-04-15T02:50:52.1580614Z remote: Counting objects:  84% (1336/1590)        
2025-04-15T02:50:52.1580958Z remote: Counting objects:  85% (1352/1590)        
2025-04-15T02:50:52.1581299Z remote: Counting objects:  86% (1368/1590)        
2025-04-15T02:50:52.1581638Z remote: Counting objects:  87% (1384/1590)        
2025-04-15T02:50:52.1581970Z remote: Counting objects:  88% (1400/1590)        
2025-04-15T02:50:52.1582311Z remote: Counting objects:  89% (1416/1590)        
2025-04-15T02:50:52.1582642Z remote: Counting objects:  90% (1431/1590)        
2025-04-15T02:50:52.1582974Z remote: Counting objects:  91% (1447/1590)        
2025-04-15T02:50:52.1583315Z remote: Counting objects:  92% (1463/1590)        
2025-04-15T02:50:52.1583649Z remote: Counting objects:  93% (1479/1590)        
2025-04-15T02:50:52.1583982Z remote: Counting objects:  94% (1495/1590)        
2025-04-15T02:50:52.1584321Z remote: Counting objects:  95% (1511/1590)        
2025-04-15T02:50:52.1584889Z remote: Counting objects:  96% (1527/1590)        
2025-04-15T02:50:52.1585474Z remote: Counting objects:  97% (1543/1590)        
2025-04-15T02:50:52.1585834Z remote: Counting objects:  98% (1559/1590)        
2025-04-15T02:50:52.1586178Z remote: Counting objects:  99% (1575/1590)        
2025-04-15T02:50:52.1586517Z remote: Counting objects: 100% (1590/1590)        
2025-04-15T02:50:52.1586891Z remote: Counting objects: 100% (1590/1590), done.        
2025-04-15T02:50:52.1587265Z remote: Compressing objects:   0% (1/1388)        
2025-04-15T02:50:52.1587634Z remote: Compressing objects:   1% (14/1388)        
2025-04-15T02:50:52.1721655Z remote: Compressing objects:   2% (28/1388)        
2025-04-15T02:50:52.1722315Z remote: Compressing objects:   3% (42/1388)        
2025-04-15T02:50:52.1722782Z remote: Compressing objects:   4% (56/1388)        
2025-04-15T02:50:52.1723429Z remote: Compressing objects:   5% (70/1388)        
2025-04-15T02:50:52.1879935Z remote: Compressing objects:   6% (84/1388)        
2025-04-15T02:50:52.1880541Z remote: Compressing objects:   7% (98/1388)        
2025-04-15T02:50:52.1880950Z remote: Compressing objects:   8% (112/1388)        
2025-04-15T02:50:52.1881345Z remote: Compressing objects:   9% (125/1388)        
2025-04-15T02:50:52.1881730Z remote: Compressing objects:  10% (139/1388)        
2025-04-15T02:50:52.1882126Z remote: Compressing objects:  11% (153/1388)        
2025-04-15T02:50:52.1882513Z remote: Compressing objects:  12% (167/1388)        
2025-04-15T02:50:52.1882899Z remote: Compressing objects:  13% (181/1388)        
2025-04-15T02:50:52.2035141Z remote: Compressing objects:  14% (195/1388)        
2025-04-15T02:50:52.2035719Z remote: Compressing objects:  15% (209/1388)        
2025-04-15T02:50:52.2036146Z remote: Compressing objects:  16% (223/1388)        
2025-04-15T02:50:52.2036595Z remote: Compressing objects:  17% (236/1388)        
2025-04-15T02:50:52.2037003Z remote: Compressing objects:  18% (250/1388)        
2025-04-15T02:50:52.2037406Z remote: Compressing objects:  19% (264/1388)        
2025-04-15T02:50:52.2037801Z remote: Compressing objects:  20% (278/1388)        
2025-04-15T02:50:52.2038203Z remote: Compressing objects:  21% (292/1388)        
2025-04-15T02:50:52.2038610Z remote: Compressing objects:  22% (306/1388)        
2025-04-15T02:50:52.2039011Z remote: Compressing objects:  23% (320/1388)        
2025-04-15T02:50:52.2039405Z remote: Compressing objects:  24% (334/1388)        
2025-04-15T02:50:52.2039805Z remote: Compressing objects:  25% (347/1388)        
2025-04-15T02:50:52.2040201Z remote: Compressing objects:  26% (361/1388)        
2025-04-15T02:50:52.2040619Z remote: Compressing objects:  27% (375/1388)        
2025-04-15T02:50:52.2192081Z remote: Compressing objects:  28% (389/1388)        
2025-04-15T02:50:52.2192763Z remote: Compressing objects:  29% (403/1388)        
2025-04-15T02:50:52.2193256Z remote: Compressing objects:  30% (417/1388)        
2025-04-15T02:50:52.2193723Z remote: Compressing objects:  31% (431/1388)        
2025-04-15T02:50:52.2194297Z remote: Compressing objects:  32% (445/1388)        
2025-04-15T02:50:52.2194934Z remote: Compressing objects:  33% (459/1388)        
2025-04-15T02:50:52.2195404Z remote: Compressing objects:  34% (472/1388)        
2025-04-15T02:50:52.2195861Z remote: Compressing objects:  35% (486/1388)        
2025-04-15T02:50:52.2196322Z remote: Compressing objects:  36% (500/1388)        
2025-04-15T02:50:52.2196774Z remote: Compressing objects:  37% (514/1388)        
2025-04-15T02:50:52.2197210Z remote: Compressing objects:  38% (528/1388)        
2025-04-15T02:50:52.2197670Z remote: Compressing objects:  39% (542/1388)        
2025-04-15T02:50:52.2198107Z remote: Compressing objects:  40% (556/1388)        
2025-04-15T02:50:52.2198564Z remote: Compressing objects:  41% (570/1388)        
2025-04-15T02:50:52.2199011Z remote: Compressing objects:  42% (583/1388)        
2025-04-15T02:50:52.2199454Z remote: Compressing objects:  43% (597/1388)        
2025-04-15T02:50:52.2199893Z remote: Compressing objects:  44% (611/1388)        
2025-04-15T02:50:52.2200335Z remote: Compressing objects:  45% (625/1388)        
2025-04-15T02:50:52.2200766Z remote: Compressing objects:  46% (639/1388)        
2025-04-15T02:50:52.2347357Z remote: Compressing objects:  47% (653/1388)        
2025-04-15T02:50:52.2348037Z remote: Compressing objects:  48% (667/1388)        
2025-04-15T02:50:52.2348451Z remote: Compressing objects:  49% (681/1388)        
2025-04-15T02:50:52.2348843Z remote: Compressing objects:  50% (694/1388)        
2025-04-15T02:50:52.2349260Z remote: Compressing objects:  51% (708/1388)        
2025-04-15T02:50:52.2349633Z remote: Compressing objects:  52% (722/1388)        
2025-04-15T02:50:52.2350012Z remote: Compressing objects:  53% (736/1388)        
2025-04-15T02:50:52.2350617Z remote: Compressing objects:  54% (750/1388)        
2025-04-15T02:50:52.2351010Z remote: Compressing objects:  55% (764/1388)        
2025-04-15T02:50:52.2351399Z remote: Compressing objects:  56% (778/1388)        
2025-04-15T02:50:52.2351809Z remote: Compressing objects:  57% (792/1388)        
2025-04-15T02:50:52.2352204Z remote: Compressing objects:  58% (806/1388)        
2025-04-15T02:50:52.2352603Z remote: Compressing objects:  59% (819/1388)        
2025-04-15T02:50:52.2352996Z remote: Compressing objects:  60% (833/1388)        
2025-04-15T02:50:52.2503914Z remote: Compressing objects:  61% (847/1388)        
2025-04-15T02:50:52.2504602Z remote: Compressing objects:  62% (861/1388)        
2025-04-15T02:50:52.2505083Z remote: Compressing objects:  63% (875/1388)        
2025-04-15T02:50:52.2506671Z remote: Compressing objects:  64% (889/1388)        
2025-04-15T02:50:52.2660368Z remote: Compressing objects:  65% (903/1388)        
2025-04-15T02:50:52.5036616Z remote: Compressing objects:  66% (917/1388)        
2025-04-15T02:50:52.5037024Z remote: Compressing objects:  67% (930/1388)        
2025-04-15T02:50:52.5037340Z remote: Compressing objects:  68% (944/1388)        
2025-04-15T02:50:52.5037665Z remote: Compressing objects:  69% (958/1388)        
2025-04-15T02:50:52.5037975Z remote: Compressing objects:  70% (972/1388)        
2025-04-15T02:50:52.5038282Z remote: Compressing objects:  71% (986/1388)        
2025-04-15T02:50:52.6731612Z remote: Compressing objects:  72% (1000/1388)        
2025-04-15T02:50:52.6732471Z remote: Compressing objects:  73% (1014/1388)        
2025-04-15T02:50:52.6732910Z remote: Compressing objects:  74% (1028/1388)        
2025-04-15T02:50:52.6733292Z remote: Compressing objects:  75% (1041/1388)        
2025-04-15T02:50:52.6733692Z remote: Compressing objects:  76% (1055/1388)        
2025-04-15T02:50:52.6734064Z remote: Compressing objects:  77% (1069/1388)        
2025-04-15T02:50:52.6734446Z remote: Compressing objects:  78% (1083/1388)        
2025-04-15T02:50:52.6734970Z remote: Compressing objects:  79% (1097/1388)        
2025-04-15T02:50:52.6735358Z remote: Compressing objects:  80% (1111/1388)        
2025-04-15T02:50:52.6735722Z remote: Compressing objects:  81% (1125/1388)        
2025-04-15T02:50:52.6736118Z remote: Compressing objects:  82% (1139/1388)        
2025-04-15T02:50:52.6736517Z remote: Compressing objects:  83% (1153/1388)        
2025-04-15T02:50:52.6736897Z remote: Compressing objects:  84% (1166/1388)        
2025-04-15T02:50:52.6737222Z remote: Compressing objects:  85% (1180/1388)        
2025-04-15T02:50:52.6737546Z remote: Compressing objects:  86% (1194/1388)        
2025-04-15T02:50:52.6737867Z remote: Compressing objects:  87% (1208/1388)        
2025-04-15T02:50:52.6738275Z remote: Compressing objects:  88% (1222/1388)        
2025-04-15T02:50:52.6738851Z remote: Compressing objects:  89% (1236/1388)        
2025-04-15T02:50:52.6740305Z remote: Compressing objects:  90% (1250/1388)        
2025-04-15T02:50:52.6740986Z remote: Compressing objects:  91% (1264/1388)        
2025-04-15T02:50:52.6741603Z remote: Compressing objects:  92% (1277/1388)        
2025-04-15T02:50:52.6742243Z remote: Compressing objects:  93% (1291/1388)        
2025-04-15T02:50:52.6742896Z remote: Compressing objects:  94% (1305/1388)        
2025-04-15T02:50:52.6743592Z remote: Compressing objects:  95% (1319/1388)        
2025-04-15T02:50:52.6744198Z remote: Compressing objects:  96% (1333/1388)        
2025-04-15T02:50:52.6745444Z remote: Compressing objects:  97% (1347/1388)        
2025-04-15T02:50:52.6746394Z remote: Compressing objects:  98% (1361/1388)        
2025-04-15T02:50:52.6746967Z remote: Compressing objects:  99% (1375/1388)        
2025-04-15T02:50:52.6747493Z remote: Compressing objects: 100% (1388/1388)        
2025-04-15T02:50:52.6748031Z remote: Compressing objects: 100% (1388/1388), done.        
2025-04-15T02:50:52.7457435Z Receiving objects:   0% (1/1590)
2025-04-15T02:50:52.7465502Z Receiving objects:   1% (16/1590)
2025-04-15T02:50:52.7963218Z Receiving objects:   2% (32/1590)
2025-04-15T02:50:52.7966786Z Receiving objects:   3% (48/1590)
2025-04-15T02:50:52.7973134Z Receiving objects:   4% (64/1590)
2025-04-15T02:50:52.7979695Z Receiving objects:   5% (80/1590)
2025-04-15T02:50:52.7985547Z Receiving objects:   6% (96/1590)
2025-04-15T02:50:52.7989037Z Receiving objects:   7% (112/1590)
2025-04-15T02:50:52.7996063Z Receiving objects:   8% (128/1590)
2025-04-15T02:50:52.8001354Z Receiving objects:   9% (144/1590)
2025-04-15T02:50:52.8004041Z Receiving objects:  10% (159/1590)
2025-04-15T02:50:52.8007442Z Receiving objects:  11% (175/1590)
2025-04-15T02:50:52.8010867Z Receiving objects:  12% (191/1590)
2025-04-15T02:50:52.8014338Z Receiving objects:  13% (207/1590)
2025-04-15T02:50:52.9092957Z Receiving objects:  14% (223/1590)
2025-04-15T02:50:53.2198580Z Receiving objects:  15% (239/1590)
2025-04-15T02:50:53.7861338Z Receiving objects:  16% (255/1590)
2025-04-15T02:50:53.9375273Z Receiving objects:  16% (269/1590), 88.35 MiB | 88.35 MiB/s
2025-04-15T02:50:54.8649772Z Receiving objects:  17% (271/1590), 88.35 MiB | 88.35 MiB/s
2025-04-15T02:50:55.0436457Z Receiving objects:  17% (280/1590), 174.71 MiB | 87.35 MiB/s
2025-04-15T02:50:55.1048062Z Receiving objects:  18% (287/1590), 174.71 MiB | 87.35 MiB/s
2025-04-15T02:50:55.2129553Z Receiving objects:  19% (303/1590), 174.71 MiB | 87.35 MiB/s
2025-04-15T02:50:55.2248857Z Receiving objects:  20% (318/1590), 174.71 MiB | 87.35 MiB/s
2025-04-15T02:50:55.2253335Z Receiving objects:  21% (334/1590), 174.71 MiB | 87.35 MiB/s
2025-04-15T02:50:55.2262339Z Receiving objects:  22% (350/1590), 174.71 MiB | 87.35 MiB/s
2025-04-15T02:50:55.2267875Z Receiving objects:  23% (366/1590), 174.71 MiB | 87.35 MiB/s
2025-04-15T02:50:55.2271138Z Receiving objects:  24% (382/1590), 174.71 MiB | 87.35 MiB/s
2025-04-15T02:50:55.2422876Z Receiving objects:  25% (398/1590), 174.71 MiB | 87.35 MiB/s
2025-04-15T02:50:55.2431247Z Receiving objects:  26% (414/1590), 220.64 MiB | 88.25 MiB/s
2025-04-15T02:50:55.2434139Z Receiving objects:  27% (430/1590), 220.64 MiB | 88.25 MiB/s
2025-04-15T02:50:55.2438082Z Receiving objects:  28% (446/1590), 220.64 MiB | 88.25 MiB/s
2025-04-15T02:50:55.2557179Z Receiving objects:  29% (462/1590), 220.64 MiB | 88.25 MiB/s
2025-04-15T02:50:55.2560015Z Receiving objects:  30% (477/1590), 220.64 MiB | 88.25 MiB/s
2025-04-15T02:50:55.2562968Z Receiving objects:  31% (493/1590), 220.64 MiB | 88.25 MiB/s
2025-04-15T02:50:55.2566115Z Receiving objects:  32% (509/1590), 220.64 MiB | 88.25 MiB/s
2025-04-15T02:50:55.2895210Z Receiving objects:  33% (525/1590), 220.64 MiB | 88.25 MiB/s
2025-04-15T02:50:55.3305120Z Receiving objects:  34% (541/1590), 220.64 MiB | 88.25 MiB/s
2025-04-15T02:50:55.3619678Z Receiving objects:  35% (557/1590), 220.64 MiB | 88.25 MiB/s
2025-04-15T02:50:55.4017315Z Receiving objects:  36% (573/1590), 220.64 MiB | 88.25 MiB/s
2025-04-15T02:50:55.4175405Z Receiving objects:  37% (589/1590), 220.64 MiB | 88.25 MiB/s
2025-04-15T02:50:55.4182209Z Receiving objects:  38% (605/1590), 220.64 MiB | 88.25 MiB/s
2025-04-15T02:50:55.4191021Z Receiving objects:  39% (621/1590), 220.64 MiB | 88.25 MiB/s
2025-04-15T02:50:55.4290586Z Receiving objects:  40% (636/1590), 220.64 MiB | 88.25 MiB/s
2025-04-15T02:50:55.5398535Z Receiving objects:  41% (652/1590), 220.64 MiB | 88.25 MiB/s
2025-04-15T02:50:55.6327243Z Receiving objects:  42% (668/1590), 220.64 MiB | 88.25 MiB/s
2025-04-15T02:50:55.6989719Z Receiving objects:  43% (684/1590), 220.64 MiB | 88.25 MiB/s
2025-04-15T02:50:55.6993550Z Receiving objects:  44% (700/1590), 220.64 MiB | 88.25 MiB/s
2025-04-15T02:50:55.7027942Z Receiving objects:  45% (716/1590), 220.64 MiB | 88.25 MiB/s
2025-04-15T02:50:55.7052052Z Receiving objects:  46% (732/1590), 220.64 MiB | 88.25 MiB/s
2025-04-15T02:50:55.7065212Z Receiving objects:  47% (748/1590), 220.64 MiB | 88.25 MiB/s
2025-04-15T02:50:55.7067494Z Receiving objects:  48% (764/1590), 220.64 MiB | 88.25 MiB/s
2025-04-15T02:50:55.7071125Z Receiving objects:  49% (780/1590), 220.64 MiB | 88.25 MiB/s
2025-04-15T02:50:55.7072775Z Receiving objects:  50% (795/1590), 220.64 MiB | 88.25 MiB/s
2025-04-15T02:50:55.7075835Z Receiving objects:  51% (811/1590), 220.64 MiB | 88.25 MiB/s
2025-04-15T02:50:55.7078003Z Receiving objects:  52% (827/1590), 220.64 MiB | 88.25 MiB/s
2025-04-15T02:50:55.7082353Z Receiving objects:  53% (843/1590), 220.64 MiB | 88.25 MiB/s
2025-04-15T02:50:55.7083781Z Receiving objects:  54% (859/1590), 220.64 MiB | 88.25 MiB/s
2025-04-15T02:50:55.7090751Z Receiving objects:  55% (875/1590), 220.64 MiB | 88.25 MiB/s
2025-04-15T02:50:55.7119551Z Receiving objects:  56% (891/1590), 220.64 MiB | 88.25 MiB/s
2025-04-15T02:50:55.7122564Z Receiving objects:  57% (907/1590), 220.64 MiB | 88.25 MiB/s
2025-04-15T02:50:55.7126455Z Receiving objects:  58% (923/1590), 220.64 MiB | 88.25 MiB/s
2025-04-15T02:50:55.7129971Z Receiving objects:  59% (939/1590), 220.64 MiB | 88.25 MiB/s
2025-04-15T02:50:55.7133194Z Receiving objects:  60% (954/1590), 220.64 MiB | 88.25 MiB/s
2025-04-15T02:50:55.7136981Z Receiving objects:  61% (970/1590), 220.64 MiB | 88.25 MiB/s
2025-04-15T02:50:55.7155625Z Receiving objects:  62% (986/1590), 220.64 MiB | 88.25 MiB/s
2025-04-15T02:50:55.7167971Z Receiving objects:  63% (1002/1590), 220.64 MiB | 88.25 MiB/s
2025-04-15T02:50:55.7175136Z Receiving objects:  64% (1018/1590), 220.64 MiB | 88.25 MiB/s
2025-04-15T02:50:55.7181211Z Receiving objects:  65% (1034/1590), 220.64 MiB | 88.25 MiB/s
2025-04-15T02:50:55.7183005Z Receiving objects:  66% (1050/1590), 220.64 MiB | 88.25 MiB/s
2025-04-15T02:50:55.7187971Z Receiving objects:  67% (1066/1590), 220.64 MiB | 88.25 MiB/s
2025-04-15T02:50:55.7193361Z Receiving objects:  68% (1082/1590), 220.64 MiB | 88.25 MiB/s
2025-04-15T02:50:55.7199220Z Receiving objects:  69% (1098/1590), 220.64 MiB | 88.25 MiB/s
2025-04-15T02:50:55.7202236Z Receiving objects:  70% (1113/1590), 220.64 MiB | 88.25 MiB/s
2025-04-15T02:50:55.7206842Z Receiving objects:  71% (1129/1590), 220.64 MiB | 88.25 MiB/s
2025-04-15T02:50:55.7212344Z Receiving objects:  72% (1145/1590), 220.64 MiB | 88.25 MiB/s
2025-04-15T02:50:55.7217346Z Receiving objects:  73% (1161/1590), 220.64 MiB | 88.25 MiB/s
2025-04-15T02:50:55.7219841Z Receiving objects:  74% (1177/1590), 220.64 MiB | 88.25 MiB/s
2025-04-15T02:50:55.7222509Z Receiving objects:  75% (1193/1590), 220.64 MiB | 88.25 MiB/s
2025-04-15T02:50:55.7225890Z Receiving objects:  76% (1209/1590), 220.64 MiB | 88.25 MiB/s
2025-04-15T02:50:55.7230020Z Receiving objects:  77% (1225/1590), 220.64 MiB | 88.25 MiB/s
2025-04-15T02:50:55.7236120Z Receiving objects:  78% (1241/1590), 220.64 MiB | 88.25 MiB/s
2025-04-15T02:50:55.7241010Z Receiving objects:  79% (1257/1590), 220.64 MiB | 88.25 MiB/s
2025-04-15T02:50:55.7245941Z Receiving objects:  80% (1272/1590), 220.64 MiB | 88.25 MiB/s
2025-04-15T02:50:55.7526962Z Receiving objects:  81% (1288/1590), 220.64 MiB | 88.25 MiB/s
2025-04-15T02:50:55.7598325Z Receiving objects:  82% (1304/1590), 258.01 MiB | 86.00 MiB/s
2025-04-15T02:50:55.7879093Z Receiving objects:  82% (1307/1590), 258.01 MiB | 86.00 MiB/s
2025-04-15T02:50:55.7935758Z Receiving objects:  83% (1320/1590), 258.01 MiB | 86.00 MiB/s
2025-04-15T02:50:55.7959278Z Receiving objects:  84% (1336/1590), 258.01 MiB | 86.00 MiB/s
2025-04-15T02:50:55.7965005Z Receiving objects:  85% (1352/1590), 258.01 MiB | 86.00 MiB/s
2025-04-15T02:50:55.7969381Z Receiving objects:  86% (1368/1590), 258.01 MiB | 86.00 MiB/s
2025-04-15T02:50:55.7973819Z Receiving objects:  87% (1384/1590), 258.01 MiB | 86.00 MiB/s
2025-04-15T02:50:55.7978955Z Receiving objects:  88% (1400/1590), 258.01 MiB | 86.00 MiB/s
2025-04-15T02:50:55.7983150Z Receiving objects:  89% (1416/1590), 258.01 MiB | 86.00 MiB/s
2025-04-15T02:50:55.7985867Z Receiving objects:  90% (1431/1590), 258.01 MiB | 86.00 MiB/s
2025-04-15T02:50:55.7992653Z Receiving objects:  91% (1447/1590), 258.01 MiB | 86.00 MiB/s
2025-04-15T02:50:55.7996704Z Receiving objects:  92% (1463/1590), 258.01 MiB | 86.00 MiB/s
2025-04-15T02:50:55.8000693Z Receiving objects:  93% (1479/1590), 258.01 MiB | 86.00 MiB/s
2025-04-15T02:50:55.8004568Z Receiving objects:  94% (1495/1590), 258.01 MiB | 86.00 MiB/s
2025-04-15T02:50:55.8010207Z Receiving objects:  95% (1511/1590), 258.01 MiB | 86.00 MiB/s
2025-04-15T02:50:55.8029909Z Receiving objects:  96% (1527/1590), 258.01 MiB | 86.00 MiB/s
2025-04-15T02:50:55.8035857Z Receiving objects:  97% (1543/1590), 258.01 MiB | 86.00 MiB/s
2025-04-15T02:50:55.8039061Z Receiving objects:  98% (1559/1590), 258.01 MiB | 86.00 MiB/s
2025-04-15T02:50:55.8098389Z Receiving objects:  99% (1575/1590), 258.01 MiB | 86.00 MiB/s
2025-04-15T02:50:55.8099203Z remote: Total 1590 (delta 119), reused 1037 (delta 64), pack-reused 0 (from 0)        
2025-04-15T02:50:55.8101734Z Receiving objects: 100% (1590/1590), 258.01 MiB | 86.00 MiB/s
2025-04-15T02:50:55.8102391Z Receiving objects: 100% (1590/1590), 264.73 MiB | 86.06 MiB/s, done.
2025-04-15T02:50:55.8115360Z Resolving deltas:   0% (0/119)
2025-04-15T02:50:55.8119730Z Resolving deltas:   1% (2/119)
2025-04-15T02:50:55.8123146Z Resolving deltas:   2% (3/119)
2025-04-15T02:50:55.8127764Z Resolving deltas:   3% (4/119)
2025-04-15T02:50:55.8130608Z Resolving deltas:   4% (5/119)
2025-04-15T02:50:55.8131706Z Resolving deltas:   5% (7/119)
2025-04-15T02:50:55.8134286Z Resolving deltas:   6% (8/119)
2025-04-15T02:50:55.8136728Z Resolving deltas:   7% (9/119)
2025-04-15T02:50:55.8139519Z Resolving deltas:   8% (10/119)
2025-04-15T02:50:55.8139925Z Resolving deltas:   9% (11/119)
2025-04-15T02:50:55.8140594Z Resolving deltas:  10% (12/119)
2025-04-15T02:50:55.8142640Z Resolving deltas:  11% (14/119)
2025-04-15T02:50:55.8144356Z Resolving deltas:  12% (15/119)
2025-04-15T02:50:55.8145813Z Resolving deltas:  13% (16/119)
2025-04-15T02:50:55.8146279Z Resolving deltas:  14% (17/119)
2025-04-15T02:50:55.8146678Z Resolving deltas:  15% (18/119)
2025-04-15T02:50:55.8147074Z Resolving deltas:  16% (20/119)
2025-04-15T02:50:55.8152279Z Resolving deltas:  17% (21/119)
2025-04-15T02:50:55.8154276Z Resolving deltas:  18% (22/119)
2025-04-15T02:50:55.8157945Z Resolving deltas:  19% (23/119)
2025-04-15T02:50:55.8160590Z Resolving deltas:  20% (24/119)
2025-04-15T02:50:55.8161263Z Resolving deltas:  21% (25/119)
2025-04-15T02:50:55.8162010Z Resolving deltas:  22% (27/119)
2025-04-15T02:50:55.8162615Z Resolving deltas:  23% (28/119)
2025-04-15T02:50:55.8163536Z Resolving deltas:  24% (29/119)
2025-04-15T02:50:55.8163946Z Resolving deltas:  25% (30/119)
2025-04-15T02:50:55.8164334Z Resolving deltas:  26% (31/119)
2025-04-15T02:50:55.8164705Z Resolving deltas:  27% (33/119)
2025-04-15T02:50:55.8165071Z Resolving deltas:  28% (34/119)
2025-04-15T02:50:55.8165448Z Resolving deltas:  30% (36/119)
2025-04-15T02:50:55.8165826Z Resolving deltas:  31% (37/119)
2025-04-15T02:50:55.8166204Z Resolving deltas:  32% (39/119)
2025-04-15T02:50:55.8166570Z Resolving deltas:  33% (40/119)
2025-04-15T02:50:55.8166949Z Resolving deltas:  34% (41/119)
2025-04-15T02:50:55.8167325Z Resolving deltas:  35% (42/119)
2025-04-15T02:50:55.8167693Z Resolving deltas:  36% (43/119)
2025-04-15T02:50:55.8168039Z Resolving deltas:  37% (45/119)
2025-04-15T02:50:55.8168464Z Resolving deltas:  38% (46/119)
2025-04-15T02:50:55.8168833Z Resolving deltas:  39% (47/119)
2025-04-15T02:50:55.8169205Z Resolving deltas:  40% (48/119)
2025-04-15T02:50:55.8169572Z Resolving deltas:  41% (49/119)
2025-04-15T02:50:55.8169939Z Resolving deltas:  42% (50/119)
2025-04-15T02:50:55.8170301Z Resolving deltas:  43% (52/119)
2025-04-15T02:50:55.8170674Z Resolving deltas:  44% (53/119)
2025-04-15T02:50:55.8171034Z Resolving deltas:  45% (54/119)
2025-04-15T02:50:55.8171394Z Resolving deltas:  46% (55/119)
2025-04-15T02:50:55.8171766Z Resolving deltas:  47% (56/119)
2025-04-15T02:50:55.8172186Z Resolving deltas:  48% (58/119)
2025-04-15T02:50:55.8172683Z Resolving deltas:  49% (59/119)
2025-04-15T02:50:55.8172917Z Resolving deltas:  50% (60/119)
2025-04-15T02:50:55.8173389Z Resolving deltas:  52% (62/119)
2025-04-15T02:50:55.8173622Z Resolving deltas:  53% (64/119)
2025-04-15T02:50:55.8173848Z Resolving deltas:  54% (65/119)
2025-04-15T02:50:55.8174078Z Resolving deltas:  56% (67/119)
2025-04-15T02:50:55.8174304Z Resolving deltas:  57% (68/119)
2025-04-15T02:50:55.8174514Z Resolving deltas:  58% (70/119)
2025-04-15T02:50:55.8174727Z Resolving deltas:  59% (71/119)
2025-04-15T02:50:55.8174936Z Resolving deltas:  60% (72/119)
2025-04-15T02:50:55.8175151Z Resolving deltas:  61% (73/119)
2025-04-15T02:50:55.8175372Z Resolving deltas:  62% (74/119)
2025-04-15T02:50:55.8175595Z Resolving deltas:  63% (75/119)
2025-04-15T02:50:55.8175809Z Resolving deltas:  64% (77/119)
2025-04-15T02:50:55.8176017Z Resolving deltas:  65% (78/119)
2025-04-15T02:50:55.8177000Z Resolving deltas:  66% (79/119)
2025-04-15T02:50:55.8177212Z Resolving deltas:  67% (80/119)
2025-04-15T02:50:55.8177427Z Resolving deltas:  68% (81/119)
2025-04-15T02:50:55.8177637Z Resolving deltas:  69% (83/119)
2025-04-15T02:50:55.8177873Z Resolving deltas:  70% (84/119)
2025-04-15T02:50:55.8178090Z Resolving deltas:  71% (85/119)
2025-04-15T02:50:55.8178298Z Resolving deltas:  72% (86/119)
2025-04-15T02:50:55.8178514Z Resolving deltas:  73% (87/119)
2025-04-15T02:50:55.8178723Z Resolving deltas:  74% (89/119)
2025-04-15T02:50:55.8178936Z Resolving deltas:  75% (90/119)
2025-04-15T02:50:55.8179145Z Resolving deltas:  76% (91/119)
2025-04-15T02:50:55.8179370Z Resolving deltas:  77% (92/119)
2025-04-15T02:50:55.8179585Z Resolving deltas:  78% (93/119)
2025-04-15T02:50:55.8179798Z Resolving deltas:  79% (95/119)
2025-04-15T02:50:55.8180010Z Resolving deltas:  80% (96/119)
2025-04-15T02:50:55.8180225Z Resolving deltas:  81% (97/119)
2025-04-15T02:50:55.8180435Z Resolving deltas:  82% (98/119)
2025-04-15T02:50:55.8180653Z Resolving deltas:  83% (99/119)
2025-04-15T02:50:55.8180883Z Resolving deltas:  84% (100/119)
2025-04-15T02:50:55.8181114Z Resolving deltas:  85% (102/119)
2025-04-15T02:50:55.8181347Z Resolving deltas:  86% (103/119)
2025-04-15T02:50:55.8181559Z Resolving deltas:  87% (104/119)
2025-04-15T02:50:55.8181776Z Resolving deltas:  88% (105/119)
2025-04-15T02:50:55.8181990Z Resolving deltas:  89% (106/119)
2025-04-15T02:50:55.8182208Z Resolving deltas:  91% (109/119)
2025-04-15T02:50:55.8182423Z Resolving deltas:  92% (110/119)
2025-04-15T02:50:55.8182640Z Resolving deltas:  93% (111/119)
2025-04-15T02:50:55.8182853Z Resolving deltas:  94% (112/119)
2025-04-15T02:50:55.8183069Z Resolving deltas:  95% (114/119)
2025-04-15T02:50:55.8183281Z Resolving deltas:  97% (116/119)
2025-04-15T02:50:55.8183500Z Resolving deltas:  98% (117/119)
2025-04-15T02:50:55.8183764Z Resolving deltas:  99% (118/119)
2025-04-15T02:50:55.8183991Z Resolving deltas: 100% (119/119)
2025-04-15T02:50:55.8184243Z Resolving deltas: 100% (119/119), done.
2025-04-15T02:50:56.1396712Z From https://github.com/menloresearch/jan
2025-04-15T02:50:56.1397418Z  * [new branch]      s/test/tauri -> origin/s/test/tauri
2025-04-15T02:50:56.1540739Z ##[endgroup]
2025-04-15T02:50:56.1541420Z ##[group]Determining the checkout info
2025-04-15T02:50:56.1543800Z ##[endgroup]
2025-04-15T02:50:56.1544429Z ##[group]Checking out the ref
2025-04-15T02:50:56.1553239Z [command]"C:\Program Files\Git\bin\git.exe" checkout --progress --force -B s/test/tauri refs/remotes/origin/s/test/tauri
2025-04-15T02:50:57.2128650Z Updating files:  18% (238/1291)
2025-04-15T02:50:57.2270725Z Updating files:  19% (246/1291)
2025-04-15T02:50:57.2719997Z Updating files:  20% (259/1291)
2025-04-15T02:50:57.2801292Z Updating files:  21% (272/1291)
2025-04-15T02:50:57.2832221Z Updating files:  22% (285/1291)
2025-04-15T02:50:57.2860650Z Updating files:  23% (297/1291)
2025-04-15T02:50:57.2883588Z Updating files:  24% (310/1291)
2025-04-15T02:50:57.2953733Z Updating files:  25% (323/1291)
2025-04-15T02:50:57.2975974Z Updating files:  26% (336/1291)
2025-04-15T02:50:57.2996812Z Updating files:  27% (349/1291)
2025-04-15T02:50:57.3017785Z Updating files:  28% (362/1291)
2025-04-15T02:50:57.3098623Z Updating files:  29% (375/1291)
2025-04-15T02:50:57.3130654Z Updating files:  30% (388/1291)
2025-04-15T02:50:57.3147269Z Updating files:  31% (401/1291)
2025-04-15T02:50:57.3165478Z Updating files:  32% (414/1291)
2025-04-15T02:50:57.3229217Z Updating files:  33% (427/1291)
2025-04-15T02:50:57.3399848Z Updating files:  34% (439/1291)
2025-04-15T02:50:57.3599517Z Updating files:  35% (452/1291)
2025-04-15T02:50:57.3758522Z Updating files:  36% (465/1291)
2025-04-15T02:50:57.3922013Z Updating files:  37% (478/1291)
2025-04-15T02:50:57.4092388Z Updating files:  38% (491/1291)
2025-04-15T02:50:57.4118396Z Updating files:  39% (504/1291)
2025-04-15T02:50:57.4138646Z Updating files:  40% (517/1291)
2025-04-15T02:50:57.4160381Z Updating files:  41% (530/1291)
2025-04-15T02:50:57.4237271Z Updating files:  42% (543/1291)
2025-04-15T02:50:57.5101566Z Updating files:  43% (556/1291)
2025-04-15T02:50:57.5317304Z Updating files:  44% (569/1291)
2025-04-15T02:50:57.5694199Z Updating files:  45% (581/1291)
2025-04-15T02:50:57.5716968Z Updating files:  46% (594/1291)
2025-04-15T02:50:57.5740908Z Updating files:  47% (607/1291)
2025-04-15T02:50:57.5800162Z Updating files:  48% (620/1291)
2025-04-15T02:50:57.5838986Z Updating files:  49% (633/1291)
2025-04-15T02:50:57.5857296Z Updating files:  50% (646/1291)
2025-04-15T02:50:57.5874312Z Updating files:  51% (659/1291)
2025-04-15T02:50:57.5898263Z Updating files:  52% (672/1291)
2025-04-15T02:50:57.5916767Z Updating files:  53% (685/1291)
2025-04-15T02:50:57.5937135Z Updating files:  54% (698/1291)
2025-04-15T02:50:57.5958311Z Updating files:  55% (711/1291)
2025-04-15T02:50:57.5984564Z Updating files:  56% (723/1291)
2025-04-15T02:50:57.6054007Z Updating files:  57% (736/1291)
2025-04-15T02:50:57.6076057Z Updating files:  58% (749/1291)
2025-04-15T02:50:57.6115988Z Updating files:  59% (762/1291)
2025-04-15T02:50:57.6136902Z Updating files:  60% (775/1291)
2025-04-15T02:50:57.6162104Z Updating files:  61% (788/1291)
2025-04-15T02:50:57.6181839Z Updating files:  62% (801/1291)
2025-04-15T02:50:57.6211495Z Updating files:  63% (814/1291)
2025-04-15T02:50:57.6239237Z Updating files:  64% (827/1291)
2025-04-15T02:50:57.6273035Z Updating files:  65% (840/1291)
2025-04-15T02:50:57.6293228Z Updating files:  66% (853/1291)
2025-04-15T02:50:57.6313972Z Updating files:  67% (865/1291)
2025-04-15T02:50:57.6345769Z Updating files:  68% (878/1291)
2025-04-15T02:50:57.6372752Z Updating files:  69% (891/1291)
2025-04-15T02:50:57.6400215Z Updating files:  70% (904/1291)
2025-04-15T02:50:57.6422708Z Updating files:  71% (917/1291)
2025-04-15T02:50:57.6445940Z Updating files:  72% (930/1291)
2025-04-15T02:50:57.6467821Z Updating files:  73% (943/1291)
2025-04-15T02:50:57.6486431Z Updating files:  74% (956/1291)
2025-04-15T02:50:57.6506458Z Updating files:  75% (969/1291)
2025-04-15T02:50:57.6530465Z Updating files:  76% (982/1291)
2025-04-15T02:50:57.6561347Z Updating files:  77% (995/1291)
2025-04-15T02:50:57.6591149Z Updating files:  78% (1007/1291)
2025-04-15T02:50:57.6609445Z Updating files:  79% (1020/1291)
2025-04-15T02:50:57.6630482Z Updating files:  80% (1033/1291)
2025-04-15T02:50:57.6649193Z Updating files:  81% (1046/1291)
2025-04-15T02:50:57.6745610Z Updating files:  82% (1059/1291)
2025-04-15T02:50:57.6887457Z Updating files:  83% (1072/1291)
2025-04-15T02:50:57.6976200Z Updating files:  84% (1085/1291)
2025-04-15T02:50:57.7012114Z Updating files:  85% (1098/1291)
2025-04-15T02:50:57.7044114Z Updating files:  86% (1111/1291)
2025-04-15T02:50:57.7067242Z Updating files:  87% (1124/1291)
2025-04-15T02:50:57.7093502Z Updating files:  88% (1137/1291)
2025-04-15T02:50:57.7118705Z Updating files:  89% (1149/1291)
2025-04-15T02:50:57.7146748Z Updating files:  90% (1162/1291)
2025-04-15T02:50:57.7178262Z Updating files:  91% (1175/1291)
2025-04-15T02:50:57.7217669Z Updating files:  92% (1188/1291)
2025-04-15T02:50:57.7240124Z Updating files:  93% (1201/1291)
2025-04-15T02:50:57.7261339Z Updating files:  94% (1214/1291)
2025-04-15T02:50:57.7287905Z Updating files:  95% (1227/1291)
2025-04-15T02:50:57.7307683Z Updating files:  96% (1240/1291)
2025-04-15T02:50:57.7326999Z Updating files:  97% (1253/1291)
2025-04-15T02:50:57.7342853Z Updating files:  98% (1266/1291)
2025-04-15T02:50:57.7399579Z Updating files:  99% (1279/1291)
2025-04-15T02:50:57.7400203Z Updating files: 100% (1291/1291)
2025-04-15T02:50:57.7400492Z Updating files: 100% (1291/1291), done.
2025-04-15T02:50:57.7535304Z branch 's/test/tauri' set up to track 'origin/s/test/tauri'.
2025-04-15T02:50:57.7540584Z Switched to a new branch 's/test/tauri'
2025-04-15T02:50:57.7800808Z ##[endgroup]
2025-04-15T02:50:57.8058897Z [command]"C:\Program Files\Git\bin\git.exe" log -1 --format='%H'
2025-04-15T02:50:57.8272987Z '64756cca94f55268cbc75a67b8b94d2be7f7c3a8'
2025-04-15T02:50:57.8749321Z ##[group]Run rm -rf electron/icons/*
2025-04-15T02:50:57.8749753Z [36;1mrm -rf electron/icons/*[0m
2025-04-15T02:50:57.8750014Z [36;1m[0m
2025-04-15T02:50:57.8750368Z [36;1mcp electron/icons_dev/jan-nightly-512x512.png electron/icons/512x512.png[0m
2025-04-15T02:50:57.8750871Z [36;1mcp electron/icons_dev/jan-nightly.ico electron/icons/icon.ico[0m
2025-04-15T02:50:57.8751302Z [36;1mcp electron/icons_dev/jan-nightly.png electron/icons/icon.png[0m
2025-04-15T02:50:57.8751791Z [36;1mcp electron/icons_dev/jan-nightly-tray@2x.png electron/icons/icon-tray@2x.png[0m
2025-04-15T02:50:57.8752323Z [36;1mcp electron/icons_dev/jan-nightly-tray.png electron/icons/icon-tray.png[0m
2025-04-15T02:50:57.8767616Z shell: C:\Program Files\Git\bin\bash.EXE --noprofile --norc -e -o pipefail {0}
2025-04-15T02:50:57.8768000Z ##[endgroup]
2025-04-15T02:50:58.2565978Z ##[group]Run actions/setup-node@v1
2025-04-15T02:50:58.2566392Z with:
2025-04-15T02:50:58.2566666Z   node-version: 20
2025-04-15T02:50:58.2566951Z   always-auth: false
2025-04-15T02:50:58.2567233Z ##[endgroup]
2025-04-15T02:50:59.1190365Z [command]C:\hostedtoolcache\windows\node\20.19.0\x64\node.exe --version
2025-04-15T02:51:02.0770583Z v20.19.0
2025-04-15T02:51:02.0900903Z [command]C:\Windows\system32\cmd.exe /D /S /C "C:\hostedtoolcache\windows\node\20.19.0\x64\npm.cmd --version"
2025-04-15T02:51:11.9428864Z 10.8.2
2025-04-15T02:51:11.9798462Z ##[group]Run dcarbone/install-jq-action@v2.0.1
2025-04-15T02:51:11.9799019Z with:
2025-04-15T02:51:11.9799314Z   version: 1.7
2025-04-15T02:51:11.9799636Z   force: false
2025-04-15T02:51:11.9799911Z ##[endgroup]
2025-04-15T02:51:11.9992706Z ##[group]Run if (Get-Command "jq.exe" -ErrorAction SilentlyContinue)
2025-04-15T02:51:11.9993293Z [36;1mif (Get-Command "jq.exe" -ErrorAction SilentlyContinue)[0m
2025-04-15T02:51:11.9993696Z [36;1m{[0m
2025-04-15T02:51:11.9994044Z [36;1m    Add-Content $Env:GITHUB_OUTPUT "found=true"[0m
2025-04-15T02:51:11.9994434Z [36;1m}[0m
2025-04-15T02:51:11.9994730Z [36;1melse[0m
2025-04-15T02:51:11.9994999Z [36;1m{[0m
2025-04-15T02:51:12.0011696Z [36;1m    Add-Content $Env:GITHUB_OUTPUT "found=false"[0m
2025-04-15T02:51:12.0012696Z [36;1m}[0m
2025-04-15T02:51:12.0044773Z shell: C:\Windows\System32\WindowsPowerShell\v1.0\powershell.EXE -command ". '{0}'"
2025-04-15T02:51:12.0045230Z ##[endgroup]
2025-04-15T02:51:12.2785126Z ##[group]Run echo "Version: 0.5.16-1268"
2025-04-15T02:51:12.2785674Z [36;1mecho "Version: 0.5.16-1268"[0m
2025-04-15T02:51:12.2786011Z [36;1m# Update the version in electron/package.json[0m
2025-04-15T02:51:12.2786502Z [36;1mjq --arg version "0.5.16-1268" '.version = $version' electron/package.json > /tmp/package.json[0m
2025-04-15T02:51:12.2786972Z [36;1mmv /tmp/package.json electron/package.json[0m
2025-04-15T02:51:12.2787242Z [36;1m[0m
2025-04-15T02:51:12.2787593Z [36;1mjq --arg version "0.5.16-1268" '.version = $version' web/package.json > /tmp/package.json[0m
2025-04-15T02:51:12.2788050Z [36;1mmv /tmp/package.json web/package.json[0m
2025-04-15T02:51:12.2788319Z [36;1m[0m
2025-04-15T02:51:12.2789741Z [36;1mjq '.build.publish = [{"provider": "generic", "url": "https://delta.jan.ai/nightly", "channel": "latest"}, {"provider": "s3", "acl": null, "bucket": "***", "region": "***", "path": "temp-nightly", "channel": "latest"}]' electron/package.json > /tmp/package.json[0m
2025-04-15T02:51:12.2790809Z [36;1mmv /tmp/package.json electron/package.json[0m
2025-04-15T02:51:12.2791245Z [36;1m[0m
2025-04-15T02:51:12.2792066Z [36;1mjq '.build.win.sign = "./sign.js"' electron/package.json > /tmp/package.json[0m
2025-04-15T02:51:12.2792570Z [36;1mmv /tmp/package.json electron/package.json[0m
2025-04-15T02:51:12.2792863Z [36;1mcat electron/package.json[0m
2025-04-15T02:51:12.2793124Z [36;1m[0m
2025-04-15T02:51:12.2793488Z [36;1mchmod +x .github/scripts/rename-app.sh[0m
2025-04-15T02:51:12.2794939Z [36;1m.github/scripts/rename-app.sh ./electron/package.json nightly[0m
2025-04-15T02:51:12.2795391Z [36;1mchmod +x .github/scripts/rename-workspace.sh[0m
2025-04-15T02:51:12.2796397Z [36;1m.github/scripts/rename-workspace.sh ./package.json nightly[0m
2025-04-15T02:51:12.2797285Z [36;1mchmod +x .github/scripts/rename-uninstaller.sh[0m
2025-04-15T02:51:12.2798386Z [36;1m.github/scripts/rename-uninstaller.sh nightly[0m
2025-04-15T02:51:12.2799398Z [36;1mecho "------------------------"[0m
2025-04-15T02:51:12.2799909Z [36;1mcat ./electron/package.json[0m
2025-04-15T02:51:12.2800185Z [36;1mecho "------------------------"[0m
2025-04-15T02:51:12.2800452Z [36;1mcat ./package.json[0m
2025-04-15T02:51:12.2800690Z [36;1mecho "------------------------"[0m
2025-04-15T02:51:12.2814255Z shell: C:\Program Files\Git\bin\bash.EXE --noprofile --norc -e -o pipefail {0}
2025-04-15T02:51:12.2814632Z ##[endgroup]
2025-04-15T02:51:12.3084822Z Version: 0.5.16-1268
2025-04-15T02:51:13.1264263Z {
2025-04-15T02:51:13.1264832Z   "name": "jan",
2025-04-15T02:51:13.1266140Z   "version": "0.5.16-1268",
2025-04-15T02:51:13.1266889Z   "main": "./build/main.js",
2025-04-15T02:51:13.1267861Z   "author": "Jan <service@jan.ai>",
2025-04-15T02:51:13.1268481Z   "license": "MIT",
2025-04-15T02:51:13.1268971Z   "productName": "Jan",
2025-04-15T02:51:13.1269768Z   "homepage": "https://github.com/menloresearch/jan/tree/main/electron",
2025-04-15T02:51:13.1271225Z   "description": "Use offline LLMs with your own data. Run open source models like Llama2 or Falcon on your internal computers/servers.",
2025-04-15T02:51:13.1272470Z   "build": {
2025-04-15T02:51:13.1272856Z     "appId": "jan.ai.app",
2025-04-15T02:51:13.1273272Z     "productName": "Jan",
2025-04-15T02:51:13.1273662Z     "files": [
2025-04-15T02:51:13.1273987Z       "renderer/**/*",
2025-04-15T02:51:13.1274389Z       "build/**/*.{js,map}",
2025-04-15T02:51:13.1274802Z       "pre-install",
2025-04-15T02:51:13.1275173Z       "themes",
2025-04-15T02:51:13.1275524Z       "scripts/**/*",
2025-04-15T02:51:13.1275881Z       "icons/**/*",
2025-04-15T02:51:13.1276210Z       "themes",
2025-04-15T02:51:13.1276506Z       "shared"
2025-04-15T02:51:13.1276825Z     ],
2025-04-15T02:51:13.1277130Z     "asarUnpack": [
2025-04-15T02:51:13.1277497Z       "pre-install",
2025-04-15T02:51:13.1277843Z       "themes",
2025-04-15T02:51:13.1278155Z       "docs",
2025-04-15T02:51:13.1278460Z       "scripts",
2025-04-15T02:51:13.1281300Z       "icons",
2025-04-15T02:51:13.1281730Z       "themes",
2025-04-15T02:51:13.1282070Z       "shared"
2025-04-15T02:51:13.1282372Z     ],
2025-04-15T02:51:13.1282674Z     "publish": [
2025-04-15T02:51:13.1282986Z       {
2025-04-15T02:51:13.1283344Z         "provider": "generic",
2025-04-15T02:51:13.1283871Z         "url": "https://delta.jan.ai/nightly",
2025-04-15T02:51:13.1284368Z         "channel": "latest"
2025-04-15T02:51:13.1284719Z       },
2025-04-15T02:51:13.1284983Z       {
2025-04-15T02:51:13.1285286Z         "provider": "s3",
2025-04-15T02:51:13.1285658Z         "acl": null,
2025-04-15T02:51:13.1286223Z         "bucket": "***",
2025-04-15T02:51:13.1286639Z         "region": "***",
2025-04-15T02:51:13.1286982Z         "path": "temp-nightly",
2025-04-15T02:51:13.1287344Z         "channel": "latest"
2025-04-15T02:51:13.1287708Z       }
2025-04-15T02:51:13.1287974Z     ],
2025-04-15T02:51:13.1288272Z     "extends": null,
2025-04-15T02:51:13.1288604Z     "mac": {
2025-04-15T02:51:13.1288937Z       "type": "distribution",
2025-04-15T02:51:13.1289448Z       "entitlements": "./entitlements.mac.plist",
2025-04-15T02:51:13.1290085Z       "entitlementsInherit": "./entitlements.mac.plist",
2025-04-15T02:51:13.1290541Z       "notarize": {
2025-04-15T02:51:13.1290861Z         "teamId": "F8AH6NHVY5"
2025-04-15T02:51:13.1291208Z       },
2025-04-15T02:51:13.1291550Z       "icon": "icons/icon.png"
2025-04-15T02:51:13.1291921Z     },
2025-04-15T02:51:13.1292195Z     "linux": {
2025-04-15T02:51:13.1292467Z       "target": [
2025-04-15T02:51:13.1292976Z         "deb"
2025-04-15T02:51:13.1293231Z       ],
2025-04-15T02:51:13.1293506Z       "category": "Utility",
2025-04-15T02:51:13.1293891Z       "icon": "icons/"
2025-04-15T02:51:13.1294214Z     },
2025-04-15T02:51:13.1294503Z     "win": {
2025-04-15T02:51:13.1294854Z       "icon": "icons/icon.png",
2025-04-15T02:51:13.1295249Z       "target": [
2025-04-15T02:51:13.1295566Z         "nsis"
2025-04-15T02:51:13.1295867Z       ],
2025-04-15T02:51:13.1296160Z       "sign": "./sign.js"
2025-04-15T02:51:13.1296508Z     },
2025-04-15T02:51:13.1296781Z     "nsis": {
2025-04-15T02:51:13.1297099Z       "oneClick": true,
2025-04-15T02:51:13.1297521Z       "installerIcon": "icons/icon.ico",
2025-04-15T02:51:13.1298065Z       "uninstallerIcon": "icons/icon.ico",
2025-04-15T02:51:13.1298591Z       "include": "scripts/uninstaller.nsh",
2025-04-15T02:51:13.1299131Z       "deleteAppDataOnUninstall": true
2025-04-15T02:51:13.1299551Z     },
2025-04-15T02:51:13.1299841Z     "protocols": [
2025-04-15T02:51:13.1300148Z       {
2025-04-15T02:51:13.1300429Z         "name": "Jan",
2025-04-15T02:51:13.1300776Z         "schemes": [
2025-04-15T02:51:13.1301106Z           "jan"
2025-04-15T02:51:13.1301416Z         ]
2025-04-15T02:51:13.1301679Z       }
2025-04-15T02:51:13.1301950Z     ],
2025-04-15T02:51:13.1302434Z     "artifactName": "jan-${os}-${arch}-${version}.${ext}"
2025-04-15T02:51:13.1302941Z   },
2025-04-15T02:51:13.1303222Z   "scripts": {
2025-04-15T02:51:13.1303654Z     "lint": "eslint . --ext \".js,.jsx,.ts,.tsx\"",
2025-04-15T02:51:13.1304397Z     "test:e2e": "DEBUG=pw:browser xvfb-maybe -- playwright test --workers=1",
2025-04-15T02:51:13.1305438Z     "copy:assets": "rimraf --glob \"./pre-install/*.tgz\" && cpx \"../pre-install/*.tgz\" \"./pre-install\"",
2025-04-15T02:51:13.1306256Z     "version-patch": "run-script-os",
2025-04-15T02:51:13.1307635Z     "version-patch:darwin:linux": "jq '.version' package.json | tr -d '\"' > .version.bak && jq --arg ver \"0.1.$(date +%s)\" '.version = $ver' package.json > package.tmp && mv package.tmp package.json",
2025-04-15T02:51:13.1310611Z     "version-patch:win32": "node -e \"const fs=require('fs');const pkg=require('./package.json');const bak=pkg.version;fs.writeFileSync('.version.bak',bak);pkg.version='0.1.'+Math.floor(Date.now()/1000);fs.writeFileSync('package.json',JSON.stringify(pkg,null,2));\"",
2025-04-15T02:51:13.1313148Z     "version-restore": "run-script-os",
2025-04-15T02:51:13.1314421Z     "version-restore:darwin:linux": "jq --arg ver $(cat .version.bak) '.version = $ver' package.json > package.tmp && mv package.tmp package.json && rm .version.bak",
2025-04-15T02:51:13.1316714Z     "version-restore:win32": "node -e \"const fs=require('fs');const pkg=require('./package.json');const bak=fs.readFileSync('.version.bak','utf8');pkg.version=bak;fs.writeFileSync('package.json',JSON.stringify(pkg,null,2));\"",
2025-04-15T02:51:13.1318697Z     "dev:darwin:linux": "yarn copy:assets && tsc -p . && yarn version-patch && electron . && yarn version-restore",
2025-04-15T02:51:13.1319757Z     "dev:windows": "yarn copy:assets && tsc -p . && electron .",
2025-04-15T02:51:13.1320331Z     "dev": "run-script-os",
2025-04-15T02:51:13.1320741Z     "compile": "tsc -p .",
2025-04-15T02:51:13.1321139Z     "start": "electron .",
2025-04-15T02:51:13.1321627Z     "build": "yarn copy:assets && run-script-os",
2025-04-15T02:51:13.1322228Z     "build:test": "yarn copy:assets && run-script-os",
2025-04-15T02:51:13.1322956Z     "build:test:darwin": "tsc -p . && electron-builder -p never -m --dir",
2025-04-15T02:51:13.1323772Z     "build:test:win32": "tsc -p . && electron-builder -p never -w --dir",
2025-04-15T02:51:13.1324570Z     "build:test:linux": "tsc -p . && electron-builder -p never -l --dir",
2025-04-15T02:51:13.1325423Z     "build:darwin": "tsc -p . && electron-builder -p never -m --universal",
2025-04-15T02:51:13.1326222Z     "build:win32": "tsc -p . && electron-builder -p never -w",
2025-04-15T02:51:13.1327035Z     "build:linux": "tsc -p . && electron-builder -p never -l deb -l AppImage",
2025-04-15T02:51:13.1328076Z     "build:publish": "yarn copy:assets && run-script-os",
2025-04-15T02:51:13.1328935Z     "build:publish:darwin": "tsc -p . && electron-builder -p always -m --universal",
2025-04-15T02:51:13.1329862Z     "build:publish:win32": "tsc -p . && electron-builder -p always -w",
2025-04-15T02:51:13.1330812Z     "build:publish:linux": "tsc -p . && electron-builder -p always -l deb -l AppImage"
2025-04-15T02:51:13.1331466Z   },
2025-04-15T02:51:13.1331772Z   "dependencies": {
2025-04-15T02:51:13.1332172Z     "@alumna/reflect": "^1.1.3",
2025-04-15T02:51:13.1332644Z     "@janhq/core": "link:../core",
2025-04-15T02:51:13.1333116Z     "@janhq/server": "link:../server",
2025-04-15T02:51:13.1333670Z     "@kirillvakalov/nut-tree__nut-js": "4.2.1-2",
2025-04-15T02:51:13.1334208Z     "@npmcli/arborist": "^7.1.0",
2025-04-15T02:51:13.1334680Z     "electron-store": "^8.1.0",
2025-04-15T02:51:13.1335157Z     "electron-updater": "^6.1.7",
2025-04-15T02:51:13.1335606Z     "fs-extra": "^11.2.0",
2025-04-15T02:51:13.1336003Z     "pacote": "^21.0.0",
2025-04-15T02:51:13.1336373Z     "request": "^2.88.2",
2025-04-15T02:51:13.1336808Z     "request-progress": "^3.0.0",
2025-04-15T02:51:13.1337214Z     "ulidx": "^2.3.0"
2025-04-15T02:51:13.1337553Z   },
2025-04-15T02:51:13.1337842Z   "devDependencies": {
2025-04-15T02:51:13.1338285Z     "@electron/notarize": "^2.5.0",
2025-04-15T02:51:13.1338780Z     "@playwright/test": "^1.38.1",
2025-04-15T02:51:13.1339327Z     "@reportportal/agent-js-playwright": "^5.1.7",
2025-04-15T02:51:13.1339902Z     "@types/npmcli__arborist": "^5.6.4",
2025-04-15T02:51:13.1340411Z     "@types/pacote": "^11.1.7",
2025-04-15T02:51:13.1340864Z     "@types/request": "^2.48.12",
2025-04-15T02:51:13.1341403Z     "@typescript-eslint/eslint-plugin": "^6.7.3",
2025-04-15T02:51:13.1342048Z     "@typescript-eslint/parser": "^6.7.3",
2025-04-15T02:51:13.1342509Z     "electron": "30.0.6",
2025-04-15T02:51:13.1342939Z     "electron-builder": "^24.13.3",
2025-04-15T02:51:13.1343536Z     "electron-builder-squirrel-windows": "^24.13.3",
2025-04-15T02:51:13.1344579Z     "electron-devtools-installer": "^3.2.0",
2025-04-15T02:51:13.1345032Z     "electron-playwright-helpers": "^1.6.0",
2025-04-15T02:51:13.1345520Z     "eslint": "8.57.0",
2025-04-15T02:51:13.1346125Z     "eslint-plugin-react": "^7.34.0",
2025-04-15T02:51:13.1347175Z     "rimraf": "^5.0.5",
2025-04-15T02:51:13.1347626Z     "run-script-os": "^1.1.6",
2025-04-15T02:51:13.1348121Z     "typescript": "^5.3.3",
2025-04-15T02:51:13.1348513Z     "xvfb-maybe": "^0.2.1"
2025-04-15T02:51:13.1348862Z   },
2025-04-15T02:51:13.1349168Z   "installConfig": {
2025-04-15T02:51:13.1349955Z     "hoistingLimits": "workspaces"
2025-04-15T02:51:13.1350281Z   },
2025-04-15T02:51:13.1350500Z   "packageManager": "yarn@4.5.3"
2025-04-15T02:51:13.1350800Z }
2025-04-15T02:51:13.2609353Z {
2025-04-15T02:51:13.2610954Z   "name": "jan-nightly",
2025-04-15T02:51:13.2611837Z   "version": "0.5.16-1268",
2025-04-15T02:51:13.2612328Z   "main": "./build/main.js",
2025-04-15T02:51:13.2612817Z   "author": "Jan <service@jan.ai>",
2025-04-15T02:51:13.2613259Z   "license": "MIT",
2025-04-15T02:51:13.2613643Z   "productName": "Jan-nightly",
2025-04-15T02:51:13.2614302Z   "homepage": "https://github.com/menloresearch/jan/tree/main/electron",
2025-04-15T02:51:13.2615556Z   "description": "Use offline LLMs with your own data. Run open source models like Llama2 or Falcon on your internal computers/servers.",
2025-04-15T02:51:13.2616468Z   "build": {
2025-04-15T02:51:13.2616835Z     "appId": "jan-nightly.ai.app",
2025-04-15T02:51:13.2617303Z     "productName": "Jan-nightly",
2025-04-15T02:51:13.2617706Z     "files": [
2025-04-15T02:51:13.2618013Z       "renderer/**/*",
2025-04-15T02:51:13.2618408Z       "build/**/*.{js,map}",
2025-04-15T02:51:13.2618777Z       "pre-install",
2025-04-15T02:51:13.2619102Z       "themes",
2025-04-15T02:51:13.2619677Z       "scripts/**/*",
2025-04-15T02:51:13.2620323Z       "icons/**/*",
2025-04-15T02:51:13.2620642Z       "themes",
2025-04-15T02:51:13.2620916Z       "shared"
2025-04-15T02:51:13.2621088Z     ],
2025-04-15T02:51:13.2621264Z     "asarUnpack": [
2025-04-15T02:51:13.2621467Z       "pre-install",
2025-04-15T02:51:13.2621671Z       "themes",
2025-04-15T02:51:13.2621847Z       "docs",
2025-04-15T02:51:13.2622028Z       "scripts",
2025-04-15T02:51:13.2622216Z       "icons",
2025-04-15T02:51:13.2622384Z       "themes",
2025-04-15T02:51:13.2622554Z       "shared"
2025-04-15T02:51:13.2622713Z     ],
2025-04-15T02:51:13.2622895Z     "publish": [
2025-04-15T02:51:13.2623068Z       {
2025-04-15T02:51:13.2623279Z         "provider": "generic",
2025-04-15T02:51:13.2623576Z         "url": "https://delta.jan.ai/nightly",
2025-04-15T02:51:13.2623885Z         "channel": "latest"
2025-04-15T02:51:13.2624086Z       },
2025-04-15T02:51:13.2624248Z       {
2025-04-15T02:51:13.2624425Z         "provider": "s3",
2025-04-15T02:51:13.2624742Z         "acl": null,
2025-04-15T02:51:13.2625167Z         "bucket": "***",
2025-04-15T02:51:13.2625449Z         "region": "***",
2025-04-15T02:51:13.2625678Z         "path": "temp-nightly",
2025-04-15T02:51:13.2625927Z         "channel": "latest"
2025-04-15T02:51:13.2626131Z       }
2025-04-15T02:51:13.2626288Z     ],
2025-04-15T02:51:13.2626453Z     "extends": null,
2025-04-15T02:51:13.2626639Z     "mac": {
2025-04-15T02:51:13.2626830Z       "type": "distribution",
2025-04-15T02:51:13.2627121Z       "entitlements": "./entitlements.mac.plist",
2025-04-15T02:51:13.2627499Z       "entitlementsInherit": "./entitlements.mac.plist",
2025-04-15T02:51:13.2628028Z       "notarize": {
2025-04-15T02:51:13.2628400Z         "teamId": "F8AH6NHVY5"
2025-04-15T02:51:13.2628773Z       },
2025-04-15T02:51:13.2629115Z       "icon": "icons/icon.png"
2025-04-15T02:51:13.2629484Z     },
2025-04-15T02:51:13.2629776Z     "linux": {
2025-04-15T02:51:13.2630086Z       "target": [
2025-04-15T02:51:13.2630402Z         "deb"
2025-04-15T02:51:13.2630681Z       ],
2025-04-15T02:51:13.2630994Z       "category": "Utility",
2025-04-15T02:51:13.2631391Z       "icon": "icons/"
2025-04-15T02:51:13.2631728Z     },
2025-04-15T02:51:13.2631997Z     "win": {
2025-04-15T02:51:13.2632358Z       "icon": "icons/icon.png",
2025-04-15T02:51:13.2632740Z       "target": [
2025-04-15T02:51:13.2633050Z         "nsis"
2025-04-15T02:51:13.2633329Z       ],
2025-04-15T02:51:13.2633822Z       "sign": "./sign.js"
2025-04-15T02:51:13.2634166Z     },
2025-04-15T02:51:13.2634419Z     "nsis": {
2025-04-15T02:51:13.2634719Z       "oneClick": true,
2025-04-15T02:51:13.2635116Z       "installerIcon": "icons/icon.ico",
2025-04-15T02:51:13.2635609Z       "uninstallerIcon": "icons/icon.ico",
2025-04-15T02:51:13.2636119Z       "include": "scripts/uninstaller.nsh",
2025-04-15T02:51:13.2636659Z       "deleteAppDataOnUninstall": true
2025-04-15T02:51:13.2637109Z     },
2025-04-15T02:51:13.2637294Z     "protocols": [
2025-04-15T02:51:13.2637482Z       {
2025-04-15T02:51:13.2637681Z         "name": "Jan-nightly",
2025-04-15T02:51:13.2638037Z         "schemes": [
2025-04-15T02:51:13.2638390Z           "jan-nightly"
2025-04-15T02:51:13.2638719Z         ]
2025-04-15T02:51:13.2638999Z       }
2025-04-15T02:51:13.2639268Z     ],
2025-04-15T02:51:13.2639685Z     "artifactName": "jan-nightly-${os}-${arch}-${version}.${ext}"
2025-04-15T02:51:13.2640002Z   },
2025-04-15T02:51:13.2640168Z   "scripts": {
2025-04-15T02:51:13.2640427Z     "lint": "eslint . --ext \".js,.jsx,.ts,.tsx\"",
2025-04-15T02:51:13.2640840Z     "test:e2e": "DEBUG=pw:browser xvfb-maybe -- playwright test --workers=1",
2025-04-15T02:51:13.2641425Z     "copy:assets": "rimraf --glob \"./pre-install/*.tgz\" && cpx \"../pre-install/*.tgz\" \"./pre-install\"",
2025-04-15T02:51:13.2641877Z     "version-patch": "run-script-os",
2025-04-15T02:51:13.2642612Z     "version-patch:darwin:linux": "jq '.version' package.json | tr -d '\"' > .version.bak && jq --arg ver \"0.1.$(date +%s)\" '.version = $ver' package.json > package.tmp && mv package.tmp package.json",
2025-04-15T02:51:13.2644108Z     "version-patch:win32": "node -e \"const fs=require('fs');const pkg=require('./package.json');const bak=pkg.version;fs.writeFileSync('.version.bak',bak);pkg.version='0.1.'+Math.floor(Date.now()/1000);fs.writeFileSync('package.json',JSON.stringify(pkg,null,2));\"",
2025-04-15T02:51:13.2645009Z     "version-restore": "run-script-os",
2025-04-15T02:51:13.2645664Z     "version-restore:darwin:linux": "jq --arg ver $(cat .version.bak) '.version = $ver' package.json > package.tmp && mv package.tmp package.json && rm .version.bak",
2025-04-15T02:51:13.2647110Z     "version-restore:win32": "node -e \"const fs=require('fs');const pkg=require('./package.json');const bak=fs.readFileSync('.version.bak','utf8');pkg.version=bak;fs.writeFileSync('package.json',JSON.stringify(pkg,null,2));\"",
2025-04-15T02:51:13.2648112Z     "dev:darwin:linux": "yarn copy:assets && tsc -p . && yarn version-patch && electron . && yarn version-restore",
2025-04-15T02:51:13.2648641Z     "dev:windows": "yarn copy:assets && tsc -p . && electron .",
2025-04-15T02:51:13.2648959Z     "dev": "run-script-os",
2025-04-15T02:51:13.2649184Z     "compile": "tsc -p .",
2025-04-15T02:51:13.2649513Z     "start": "electron .",
2025-04-15T02:51:13.2649941Z     "build": "yarn copy:assets && run-script-os",
2025-04-15T02:51:13.2650521Z     "build:test": "yarn copy:assets && run-script-os",
2025-04-15T02:51:13.2651226Z     "build:test:darwin": "tsc -p . && electron-builder -p never -m --dir",
2025-04-15T02:51:13.2651782Z     "build:test:win32": "tsc -p . && electron-builder -p never -w --dir",
2025-04-15T02:51:13.2652249Z     "build:test:linux": "tsc -p . && electron-builder -p never -l --dir",
2025-04-15T02:51:13.2652719Z     "build:darwin": "tsc -p . && electron-builder -p never -m --universal",
2025-04-15T02:51:13.2653155Z     "build:win32": "tsc -p . && electron-builder -p never -w",
2025-04-15T02:51:13.2653605Z     "build:linux": "tsc -p . && electron-builder -p never -l deb -l AppImage",
2025-04-15T02:51:13.2654035Z     "build:publish": "yarn copy:assets && run-script-os",
2025-04-15T02:51:13.2654486Z     "build:publish:darwin": "tsc -p . && electron-builder -p always -m --universal",
2025-04-15T02:51:13.2654970Z     "build:publish:win32": "tsc -p . && electron-builder -p always -w",
2025-04-15T02:51:13.2656438Z     "build:publish:linux": "tsc -p . && electron-builder -p always -l deb -l AppImage"
2025-04-15T02:51:13.2657085Z   },
2025-04-15T02:51:13.2657277Z   "dependencies": {
2025-04-15T02:51:13.2657518Z     "@alumna/reflect": "^1.1.3",
2025-04-15T02:51:13.2657789Z     "@janhq/core": "link:../core",
2025-04-15T02:51:13.2658060Z     "@janhq/server": "link:../server",
2025-04-15T02:51:13.2658368Z     "@kirillvakalov/nut-tree__nut-js": "4.2.1-2",
2025-04-15T02:51:13.2658664Z     "@npmcli/arborist": "^7.1.0",
2025-04-15T02:51:13.2658926Z     "electron-store": "^8.1.0",
2025-04-15T02:51:13.2659176Z     "electron-updater": "^6.1.7",
2025-04-15T02:51:13.2659423Z     "fs-extra": "^11.2.0",
2025-04-15T02:51:13.2659635Z     "pacote": "^21.0.0",
2025-04-15T02:51:13.2659848Z     "request": "^2.88.2",
2025-04-15T02:51:13.2660079Z     "request-progress": "^3.0.0",
2025-04-15T02:51:13.2660309Z     "ulidx": "^2.3.0"
2025-04-15T02:51:13.2660491Z   },
2025-04-15T02:51:13.2660664Z   "devDependencies": {
2025-04-15T02:51:13.2660895Z     "@electron/notarize": "^2.5.0",
2025-04-15T02:51:13.2661171Z     "@playwright/test": "^1.38.1",
2025-04-15T02:51:13.2661478Z     "@reportportal/agent-js-playwright": "^5.1.7",
2025-04-15T02:51:13.2661797Z     "@types/npmcli__arborist": "^5.6.4",
2025-04-15T02:51:13.2662075Z     "@types/pacote": "^11.1.7",
2025-04-15T02:51:13.2662324Z     "@types/request": "^2.48.12",
2025-04-15T02:51:13.2662621Z     "@typescript-eslint/eslint-plugin": "^6.7.3",
2025-04-15T02:51:13.2662937Z     "@typescript-eslint/parser": "^6.7.3",
2025-04-15T02:51:13.2663199Z     "electron": "30.0.6",
2025-04-15T02:51:13.2663961Z     "electron-builder": "^24.13.3",
2025-04-15T02:51:13.2664286Z     "electron-builder-squirrel-windows": "^24.13.3",
2025-04-15T02:51:13.2664744Z     "electron-devtools-installer": "^3.2.0",
2025-04-15T02:51:13.2665098Z     "electron-playwright-helpers": "^1.6.0",
2025-04-15T02:51:13.2665359Z     "eslint": "8.57.0",
2025-04-15T02:51:13.2665608Z     "eslint-plugin-react": "^7.34.0",
2025-04-15T02:51:13.2665861Z     "rimraf": "^5.0.5",
2025-04-15T02:51:13.2666098Z     "run-script-os": "^1.1.6",
2025-04-15T02:51:13.2666334Z     "typescript": "^5.3.3",
2025-04-15T02:51:13.2666559Z     "xvfb-maybe": "^0.2.1"
2025-04-15T02:51:13.2666762Z   },
2025-04-15T02:51:13.2666941Z   "installConfig": {
2025-04-15T02:51:13.2667185Z     "hoistingLimits": "workspaces"
2025-04-15T02:51:13.2667416Z   },
2025-04-15T02:51:13.2667612Z   "packageManager": "yarn@4.5.3"
2025-04-15T02:51:13.2667885Z }
2025-04-15T02:51:13.3032837Z File has been updated: web/app/layout.tsx
2025-04-15T02:51:13.3502100Z File has been updated: ./package.json
2025-04-15T02:51:13.4112782Z File has been updated: electron/scripts/uninstaller.nsh
2025-04-15T02:51:13.4119111Z ------------------------
2025-04-15T02:51:13.4235289Z {
2025-04-15T02:51:13.4236665Z   "name": "jan-nightly",
2025-04-15T02:51:13.4237007Z   "version": "0.5.16-1268",
2025-04-15T02:51:13.4237534Z   "main": "./build/main.js",
2025-04-15T02:51:13.4238046Z   "author": "Jan <service@jan.ai>",
2025-04-15T02:51:13.4238570Z   "license": "MIT",
2025-04-15T02:51:13.4255588Z   "productName": "Jan-nightly",
2025-04-15T02:51:13.4256867Z   "homepage": "https://github.com/menloresearch/jan/tree/main/electron",
2025-04-15T02:51:13.4257969Z   "description": "Use offline LLMs with your own data. Run open source models like Llama2 or Falcon on your internal computers/servers.",
2025-04-15T02:51:13.4258513Z   "build": {
2025-04-15T02:51:13.4258753Z     "appId": "jan-nightly.ai.app",
2025-04-15T02:51:13.4259038Z     "productName": "Jan-nightly",
2025-04-15T02:51:13.4259284Z     "files": [
2025-04-15T02:51:13.4259478Z       "renderer/**/*",
2025-04-15T02:51:13.4259687Z       "build/**/*.{js,map}",
2025-04-15T02:51:13.4259908Z       "pre-install",
2025-04-15T02:51:13.4260108Z       "themes",
2025-04-15T02:51:13.4260296Z       "scripts/**/*",
2025-04-15T02:51:13.4260486Z       "icons/**/*",
2025-04-15T02:51:13.4260669Z       "themes",
2025-04-15T02:51:13.4260841Z       "shared"
2025-04-15T02:51:13.4261013Z     ],
2025-04-15T02:51:13.4261381Z     "asarUnpack": [
2025-04-15T02:51:13.4261591Z       "pre-install",
2025-04-15T02:51:13.4261784Z       "themes",
2025-04-15T02:51:13.4261960Z       "docs",
2025-04-15T02:51:13.4262143Z       "scripts",
2025-04-15T02:51:13.4262324Z       "icons",
2025-04-15T02:51:13.4262500Z       "themes",
2025-04-15T02:51:13.4262674Z       "shared"
2025-04-15T02:51:13.4262845Z     ],
2025-04-15T02:51:13.4263019Z     "publish": [
2025-04-15T02:51:13.4263202Z       {
2025-04-15T02:51:13.4263396Z         "provider": "generic",
2025-04-15T02:51:13.4263686Z         "url": "https://delta.jan.ai/nightly",
2025-04-15T02:51:13.4263958Z         "channel": "latest"
2025-04-15T02:51:13.4264167Z       },
2025-04-15T02:51:13.4264329Z       {
2025-04-15T02:51:13.4264507Z         "provider": "s3",
2025-04-15T02:51:13.4264714Z         "acl": null,
2025-04-15T02:51:13.4265288Z         "bucket": "***",
2025-04-15T02:51:13.4265614Z         "region": "***",
2025-04-15T02:51:13.4266056Z         "path": "temp-nightly",
2025-04-15T02:51:13.4266486Z         "channel": "latest"
2025-04-15T02:51:13.4266866Z       }
2025-04-15T02:51:13.4267150Z     ],
2025-04-15T02:51:13.4267420Z     "extends": null,
2025-04-15T02:51:13.4267619Z     "mac": {
2025-04-15T02:51:13.4267811Z       "type": "distribution",
2025-04-15T02:51:13.4268118Z       "entitlements": "./entitlements.mac.plist",
2025-04-15T02:51:13.4268489Z       "entitlementsInherit": "./entitlements.mac.plist",
2025-04-15T02:51:13.4268786Z       "notarize": {
2025-04-15T02:51:13.4269004Z         "teamId": "F8AH6NHVY5"
2025-04-15T02:51:13.4269410Z       },
2025-04-15T02:51:13.4269607Z       "icon": "icons/icon.png"
2025-04-15T02:51:13.4269820Z     },
2025-04-15T02:51:13.4269982Z     "linux": {
2025-04-15T02:51:13.4270173Z       "target": [
2025-04-15T02:51:13.4270353Z         "deb"
2025-04-15T02:51:13.4270526Z       ],
2025-04-15T02:51:13.4270703Z       "category": "Utility",
2025-04-15T02:51:13.4270928Z       "icon": "icons/"
2025-04-15T02:51:13.4271117Z     },
2025-04-15T02:51:13.4271277Z     "win": {
2025-04-15T02:51:13.4271475Z       "icon": "icons/icon.png",
2025-04-15T02:51:13.4271692Z       "target": [
2025-04-15T02:51:13.4271869Z         "nsis"
2025-04-15T02:51:13.4272041Z       ],
2025-04-15T02:51:13.4272220Z       "sign": "./sign.js"
2025-04-15T02:51:13.4272415Z     },
2025-04-15T02:51:13.4272579Z     "nsis": {
2025-04-15T02:51:13.4272756Z       "oneClick": true,
2025-04-15T02:51:13.4272995Z       "installerIcon": "icons/icon.ico",
2025-04-15T02:51:13.4273278Z       "uninstallerIcon": "icons/icon.ico",
2025-04-15T02:51:13.4273580Z       "include": "scripts/uninstaller.nsh",
2025-04-15T02:51:13.4274077Z       "deleteAppDataOnUninstall": true
2025-04-15T02:51:13.4274384Z     },
2025-04-15T02:51:13.4274593Z     "protocols": [
2025-04-15T02:51:13.4274784Z       {
2025-04-15T02:51:13.4274975Z         "name": "Jan-nightly",
2025-04-15T02:51:13.4275200Z         "schemes": [
2025-04-15T02:51:13.4275402Z           "jan-nightly"
2025-04-15T02:51:13.4275593Z         ]
2025-04-15T02:51:13.4275757Z       }
2025-04-15T02:51:13.4275922Z     ],
2025-04-15T02:51:13.4276197Z     "artifactName": "jan-nightly-${os}-${arch}-${version}.${ext}"
2025-04-15T02:51:13.4276562Z   },
2025-04-15T02:51:13.4276842Z   "scripts": {
2025-04-15T02:51:13.4277239Z     "lint": "eslint . --ext \".js,.jsx,.ts,.tsx\"",
2025-04-15T02:51:13.4277948Z     "test:e2e": "DEBUG=pw:browser xvfb-maybe -- playwright test --workers=1",
2025-04-15T02:51:13.4278697Z     "copy:assets": "rimraf --glob \"./pre-install/*.tgz\" && cpx \"../pre-install/*.tgz\" \"./pre-install\"",
2025-04-15T02:51:13.4279163Z     "version-patch": "run-script-os",
2025-04-15T02:51:13.4279893Z     "version-patch:darwin:linux": "jq '.version' package.json | tr -d '\"' > .version.bak && jq --arg ver \"0.1.$(date +%s)\" '.version = $ver' package.json > package.tmp && mv package.tmp package.json",
2025-04-15T02:51:13.4281358Z     "version-patch:win32": "node -e \"const fs=require('fs');const pkg=require('./package.json');const bak=pkg.version;fs.writeFileSync('.version.bak',bak);pkg.version='0.1.'+Math.floor(Date.now()/1000);fs.writeFileSync('package.json',JSON.stringify(pkg,null,2));\"",
2025-04-15T02:51:13.4282277Z     "version-restore": "run-script-os",
2025-04-15T02:51:13.4283241Z     "version-restore:darwin:linux": "jq --arg ver $(cat .version.bak) '.version = $ver' package.json > package.tmp && mv package.tmp package.json && rm .version.bak",
2025-04-15T02:51:13.4284612Z     "version-restore:win32": "node -e \"const fs=require('fs');const pkg=require('./package.json');const bak=fs.readFileSync('.version.bak','utf8');pkg.version=bak;fs.writeFileSync('package.json',JSON.stringify(pkg,null,2));\"",
2025-04-15T02:51:13.4285605Z     "dev:darwin:linux": "yarn copy:assets && tsc -p . && yarn version-patch && electron . && yarn version-restore",
2025-04-15T02:51:13.4286206Z     "dev:windows": "yarn copy:assets && tsc -p . && electron .",
2025-04-15T02:51:13.4286528Z     "dev": "run-script-os",
2025-04-15T02:51:13.4286768Z     "compile": "tsc -p .",
2025-04-15T02:51:13.4286988Z     "start": "electron .",
2025-04-15T02:51:13.4287264Z     "build": "yarn copy:assets && run-script-os",
2025-04-15T02:51:13.4287601Z     "build:test": "yarn copy:assets && run-script-os",
2025-04-15T02:51:13.4288008Z     "build:test:darwin": "tsc -p . && electron-builder -p never -m --dir",
2025-04-15T02:51:13.4288455Z     "build:test:win32": "tsc -p . && electron-builder -p never -w --dir",
2025-04-15T02:51:13.4288895Z     "build:test:linux": "tsc -p . && electron-builder -p never -l --dir",
2025-04-15T02:51:13.4289444Z     "build:darwin": "tsc -p . && electron-builder -p never -m --universal",
2025-04-15T02:51:13.4289862Z     "build:win32": "tsc -p . && electron-builder -p never -w",
2025-04-15T02:51:13.4290285Z     "build:linux": "tsc -p . && electron-builder -p never -l deb -l AppImage",
2025-04-15T02:51:13.4290700Z     "build:publish": "yarn copy:assets && run-script-os",
2025-04-15T02:51:13.4291137Z     "build:publish:darwin": "tsc -p . && electron-builder -p always -m --universal",
2025-04-15T02:51:13.4291624Z     "build:publish:win32": "tsc -p . && electron-builder -p always -w",
2025-04-15T02:51:13.4292103Z     "build:publish:linux": "tsc -p . && electron-builder -p always -l deb -l AppImage"
2025-04-15T02:51:13.4292457Z   },
2025-04-15T02:51:13.4292634Z   "dependencies": {
2025-04-15T02:51:13.4292870Z     "@alumna/reflect": "^1.1.3",
2025-04-15T02:51:13.4293123Z     "@janhq/core": "link:../core",
2025-04-15T02:51:13.4293396Z     "@janhq/server": "link:../server",
2025-04-15T02:51:13.4293696Z     "@kirillvakalov/nut-tree__nut-js": "4.2.1-2",
2025-04-15T02:51:13.4293996Z     "@npmcli/arborist": "^7.1.0",
2025-04-15T02:51:13.4294252Z     "electron-store": "^8.1.0",
2025-04-15T02:51:13.4294506Z     "electron-updater": "^6.1.7",
2025-04-15T02:51:13.4294737Z     "fs-extra": "^11.2.0",
2025-04-15T02:51:13.4294955Z     "pacote": "^21.0.0",
2025-04-15T02:51:13.4295164Z     "request": "^2.88.2",
2025-04-15T02:51:13.4295403Z     "request-progress": "^3.0.0",
2025-04-15T02:51:13.4295629Z     "ulidx": "^2.3.0"
2025-04-15T02:51:13.4295820Z   },
2025-04-15T02:51:13.4295998Z   "devDependencies": {
2025-04-15T02:51:13.4296240Z     "@electron/notarize": "^2.5.0",
2025-04-15T02:51:13.4296501Z     "@playwright/test": "^1.38.1",
2025-04-15T02:51:13.4296805Z     "@reportportal/agent-js-playwright": "^5.1.7",
2025-04-15T02:51:13.4297116Z     "@types/npmcli__arborist": "^5.6.4",
2025-04-15T02:51:13.4297386Z     "@types/pacote": "^11.1.7",
2025-04-15T02:51:13.4297642Z     "@types/request": "^2.48.12",
2025-04-15T02:51:13.4297923Z     "@typescript-eslint/eslint-plugin": "^6.7.3",
2025-04-15T02:51:13.4298239Z     "@typescript-eslint/parser": "^6.7.3",
2025-04-15T02:51:13.4298493Z     "electron": "30.0.6",
2025-04-15T02:51:13.4298733Z     "electron-builder": "^24.13.3",
2025-04-15T02:51:13.4299042Z     "electron-builder-squirrel-windows": "^24.13.3",
2025-04-15T02:51:13.4299449Z     "electron-devtools-installer": "^3.2.0",
2025-04-15T02:51:13.4299761Z     "electron-playwright-helpers": "^1.6.0",
2025-04-15T02:51:13.4300022Z     "eslint": "8.57.0",
2025-04-15T02:51:13.4300258Z     "eslint-plugin-react": "^7.34.0",
2025-04-15T02:51:13.4300505Z     "rimraf": "^5.0.5",
2025-04-15T02:51:13.4300727Z     "run-script-os": "^1.1.6",
2025-04-15T02:51:13.4300965Z     "typescript": "^5.3.3",
2025-04-15T02:51:13.4301194Z     "xvfb-maybe": "^0.2.1"
2025-04-15T02:51:13.4301401Z   },
2025-04-15T02:51:13.4301575Z   "installConfig": {
2025-04-15T02:51:13.4301818Z     "hoistingLimits": "workspaces"
2025-04-15T02:51:13.4302050Z   },
2025-04-15T02:51:13.4302255Z   "packageManager": "yarn@4.5.3"
2025-04-15T02:51:13.4302511Z }
2025-04-15T02:51:13.4302746Z ------------------------
2025-04-15T02:51:13.4360585Z {
2025-04-15T02:51:13.4361257Z   "name": "jan-app",
2025-04-15T02:51:13.4361681Z   "private": true,
2025-04-15T02:51:13.4362053Z   "workspaces": {
2025-04-15T02:51:13.4362398Z     "packages": [
2025-04-15T02:51:13.4362740Z       "joi",
2025-04-15T02:51:13.4363043Z       "core",
2025-04-15T02:51:13.4363361Z       "electron",
2025-04-15T02:51:13.4363663Z       "web",
2025-04-15T02:51:13.4363964Z       "server"
2025-04-15T02:51:13.4364254Z     ]
2025-04-15T02:51:13.4364527Z   },
2025-04-15T02:51:13.4364802Z   "scripts": {
2025-04-15T02:51:13.4365414Z     "lint": "yarn workspace jan-nightly lint && yarn workspace @janhq/web lint",
2025-04-15T02:51:13.4366718Z     "test:unit": "jest",
2025-04-15T02:51:13.4367033Z     "test:coverage": "jest --coverage",
2025-04-15T02:51:13.4367936Z     "test": "yarn workspace jan-nightly test:e2e",
2025-04-15T02:51:13.4368435Z     "test-local": "yarn lint && yarn build:test && yarn test",
2025-04-15T02:51:13.4370063Z     "copy:assets": "cpx \"pre-install/*.tgz\" \"electron/pre-install/\" && cpx \"themes/**\" \"electron/themes\"",
2025-04-15T02:51:13.4371430Z     "copy:assets:tauri": "cpx \"pre-install/*.tgz\" \"src-tauri/resources/pre-install/\" && cpx \"themes/**\" \"src-tauri/resources/themes\"",
2025-04-15T02:51:13.4372619Z     "dev:electron": "yarn copy:assets && yarn workspace jan-nightly dev",
2025-04-15T02:51:13.4374690Z     "dev:web:standalone": "concurrently \"yarn workspace @janhq/web dev\" \"wait-on http://localhost:3000 && rsync -av --prune-empty-dirs --include '*/' --include 'dist/***' --include 'package.json' --include 'tsconfig.json' --exclude '*' ./extensions/ web/.next/static/extensions/\"",
2025-04-15T02:51:13.4376426Z     "dev:web": "yarn workspace @janhq/web dev",
2025-04-15T02:51:13.4377008Z     "dev:server": "yarn workspace @janhq/server dev",
2025-04-15T02:51:13.4377944Z     "dev": "concurrently -n \"NEXT,ELECTRON\" -c \"yellow,blue\" --kill-others \"yarn dev:web\" \"yarn dev:electron\"",
2025-04-15T02:51:13.4378988Z     "install:cortex:linux:darwin": "cd src-tauri/binaries && ./download.sh",
2025-04-15T02:51:13.4379786Z     "install:cortex:win32": "cd src-tauri/binaries && download.bat",
2025-04-15T02:51:13.4380415Z     "install:cortex": "run-script-os",
2025-04-15T02:51:13.4381057Z     "dev:tauri": "yarn build:icon && yarn copy:assets:tauri && tauri dev",
2025-04-15T02:51:13.4382008Z     "build:tauri": "yarn install:cortex && yarn build:icon && yarn copy:assets:tauri && yarn tauri build",
2025-04-15T02:51:13.4382855Z     "build:icon": "tauri icon ./src-tauri/icons/icon.png",
2025-04-15T02:51:13.4383452Z     "build:server": "cd server && yarn build",
2025-04-15T02:51:13.4384029Z     "build:core": "cd core && yarn build && yarn pack",
2025-04-15T02:51:13.4385130Z     "build:web": "yarn workspace @janhq/web build && cpx \"web/out/**\" \"electron/renderer/\"",
2025-04-15T02:51:13.4386078Z     "build:electron": "yarn copy:assets && yarn workspace jan-nightly build",
2025-04-15T02:51:13.4386881Z     "build:electron:test": "yarn workspace jan-nightly build:test",
2025-04-15T02:51:13.4389387Z     "build:extensions": "rimraf ./pre-install/*.tgz || true && yarn workspace @janhq/core build && cd extensions && yarn install && yarn workspaces foreach -Apt run build:publish",
2025-04-15T02:51:13.4391335Z     "build:test": "yarn copy:assets && yarn workspace @janhq/web build && cpx \"web/out/**\" \"electron/renderer/\" && yarn workspace jan-nightly build:test",
2025-04-15T02:51:13.4392409Z     "build": "yarn build:web && yarn build:tauri",
2025-04-15T02:51:13.4393273Z     "build:publish": "yarn copy:assets && yarn build:web && yarn workspace jan-nightly build:publish",
2025-04-15T02:51:13.4394268Z     "dev:joi": "yarn workspace @janhq/joi install && yarn workspace @janhq/joi dev",
2025-04-15T02:51:13.4395021Z     "build:joi": "yarn workspace @janhq/joi build",
2025-04-15T02:51:13.4395482Z     "prepare": "husky"
2025-04-15T02:51:13.4395814Z   },
2025-04-15T02:51:13.4396105Z   "devDependencies": {
2025-04-15T02:51:13.4396534Z     "@tauri-apps/cli": "^2.2.5",
2025-04-15T02:51:13.4396931Z     "concurrently": "^9.1.0",
2025-04-15T02:51:13.4397290Z     "cpx": "^1.5.0",
2025-04-15T02:51:13.4397508Z     "husky": "^9.1.5",
2025-04-15T02:51:13.4397735Z     "jest": "^29.7.0",
2025-04-15T02:51:13.4397982Z     "jest-environment-jsdom": "^29.7.0",
2025-04-15T02:51:13.4398251Z     "rimraf": "^3.0.2",
2025-04-15T02:51:13.4398486Z     "run-script-os": "^1.1.6",
2025-04-15T02:51:13.4398719Z     "wait-on": "^7.0.1"
2025-04-15T02:51:13.4398906Z   },
2025-04-15T02:51:13.4399084Z   "version": "0.0.0",
2025-04-15T02:51:13.4399285Z   "installConfig": {
2025-04-15T02:51:13.4399529Z     "hoistingLimits": "workspaces"
2025-04-15T02:51:13.4399763Z   },
2025-04-15T02:51:13.4399939Z   "resolutions": {
2025-04-15T02:51:13.4400288Z     "yallist": "4.0.0"
2025-04-15T02:51:13.4400470Z   },
2025-04-15T02:51:13.4400675Z   "packageManager": "yarn@4.5.3"
2025-04-15T02:51:13.4400917Z }
2025-04-15T02:51:13.4401121Z ------------------------
2025-04-15T02:51:13.4508182Z ##[group]Run dotnet tool install --global AzureSignTool
2025-04-15T02:51:13.4508618Z [36;1mdotnet tool install --global AzureSignTool[0m
2025-04-15T02:51:13.4538535Z shell: C:\Program Files\PowerShell\7\pwsh.EXE -command ". '{0}'"
2025-04-15T02:51:13.4538869Z ##[endgroup]
2025-04-15T02:51:48.0217236Z You can invoke the tool using the following command: azuresigntool
2025-04-15T02:51:48.0218428Z Tool 'azuresigntool' (version '6.0.1') was successfully installed.
2025-04-15T02:51:48.3203441Z ##[group]Run # check public_provider is true or not
2025-04-15T02:51:48.3203888Z [36;1m# check public_provider is true or not[0m
2025-04-15T02:51:48.3204203Z [36;1mecho "public_provider is none"[0m
2025-04-15T02:51:48.3204469Z [36;1mif [ "none" == "none" ]; then[0m
2025-04-15T02:51:48.3204729Z [36;1m  make build[0m
2025-04-15T02:51:48.3204925Z [36;1melse[0m
2025-04-15T02:51:48.3205141Z [36;1m  make build-and-publish[0m
2025-04-15T02:51:48.3205383Z [36;1mfi[0m
2025-04-15T02:51:48.3215970Z shell: C:\Program Files\Git\bin\bash.EXE --noprofile --norc -e -o pipefail {0}
2025-04-15T02:51:48.3216341Z env:
2025-04-15T02:51:48.3216726Z   AZURE_KEY_VAULT_URI: ***
2025-04-15T02:51:48.3217013Z   AZURE_CLIENT_ID: ***
2025-04-15T02:51:48.3217281Z   AZURE_TENANT_ID: ***
2025-04-15T02:51:48.3217684Z   AZURE_CLIENT_SECRET: ***
2025-04-15T02:51:48.3217926Z   AZURE_CERT_NAME: homebrewltd
2025-04-15T02:51:48.3218178Z   AWS_ACCESS_KEY_ID: ***
2025-04-15T02:51:48.3218557Z   AWS_SECRET_ACCESS_KEY: ***
2025-04-15T02:51:48.3218784Z   AWS_DEFAULT_REGION: auto
2025-04-15T02:51:48.3219019Z   AWS_EC2_METADATA_DISABLED: true
2025-04-15T02:51:48.3219252Z   AWS_MAX_ATTEMPTS: 5
2025-04-15T02:51:48.3219580Z   POSTHOG_KEY: ***
2025-04-15T02:51:48.3219815Z   POSTHOG_HOST: ***
2025-04-15T02:51:48.3220030Z   CORTEX_API_PORT: 39261
2025-04-15T02:51:48.3220236Z ##[endgroup]
2025-04-15T02:51:48.3479527Z public_provider is none
2025-04-15T02:51:48.5573806Z corepack enable
2025-04-15T02:51:49.3101200Z corepack prepare yarn@4.5.3 --activate
2025-04-15T02:51:49.4049444Z Preparing yarn@4.5.3 for immediate activation...
2025-04-15T02:51:50.4553843Z yarn --version
2025-04-15T02:51:50.8066845Z 4.5.3
2025-04-15T02:51:50.8402741Z yarn config set -H enableImmutableInstalls false
2025-04-15T02:51:51.1055795Z [94m➤[39m YN0000: Successfully set enableImmutableInstalls to [33mfalse[39m
2025-04-15T02:51:51.1237915Z echo "skip"
2025-04-15T02:51:51.1405290Z skip
2025-04-15T02:51:51.1417332Z yarn install
2025-04-15T02:51:51.6050881Z [94m➤[39m YN0000: · Yarn 4.5.3
2025-04-15T02:51:51.6089767Z [94m➤[39m [90mYN0000[39m: ┌ Project validation
2025-04-15T02:51:51.6090806Z ##[group]Project validation
2025-04-15T02:51:51.6091970Z [93m➤[39m YN0057: │ [38;5;166m@janhq/[39m[38;5;173mweb[39m: Resolutions field will be ignored
2025-04-15T02:51:51.6093062Z ##[endgroup]
2025-04-15T02:51:51.6094542Z [94m➤[39m [90mYN0000[39m: └ Completed
2025-04-15T02:51:51.6205547Z [94m➤[39m [90mYN0000[39m: ┌ Resolution step
2025-04-15T02:51:51.6206220Z ##[group]Resolution step
2025-04-15T02:51:52.7218784Z [94m➤[39m YN0085: │ [38;5;70m+[39m [38;5;166m@janhq/[39m[38;5;173mcore[39m[38;5;111m@[39m[38;5;111mlink:../core::locator=jan-nightly%40workspace%3Aelectron[39m, [38;5;166m@janhq/[39m[38;5;173mserver[39m[38;5;111m@[39m[38;5;111mlink:../server::locator=jan-nightly%40workspace%3Aelectron[39m, and [38;5;220m24[39m more.
2025-04-15T02:51:52.7222872Z [94m➤[39m YN0085: │ [38;5;160m-[39m [38;5;166m@janhq/[39m[38;5;173mcore[39m[38;5;111m@[39m[38;5;111mlink:../core::locator=jan%40workspace%3Aelectron[39m, [38;5;166m@janhq/[39m[38;5;173mserver[39m[38;5;111m@[39m[38;5;111mlink:../server::locator=jan%40workspace%3Aelectron[39m, [38;5;173mjan[39m[38;5;111m@[39m[38;5;111mworkspace:electron[39m
2025-04-15T02:51:52.7933328Z ##[endgroup]
2025-04-15T02:51:52.7934755Z [94m➤[39m [90mYN0000[39m: └ Completed in 1s 169ms
2025-04-15T02:51:52.7935810Z [94m➤[39m [90mYN0000[39m: ┌ Post-resolution validation
2025-04-15T02:51:52.7953268Z ##[group]Post-resolution validation
2025-04-15T02:51:52.8007340Z [93m➤[39m YN0060: │ [38;5;166m@types/[39m[38;5;173mreact[39m is listed by your project with version [38;5;111m18.3.18[39m ([38;5;111mp7e37c[39m), which doesn't satisfy what [38;5;166m@types/[39m[38;5;173mreact-dom[39m and other dependencies request ([38;5;37m^19.0.0[39m).
2025-04-15T02:51:52.8046027Z [93m➤[39m YN0002: │ [38;5;166m@janhq/[39m[38;5;173mjoi[39m[38;5;111m@[39m[38;5;111mworkspace:joi[39m doesn't provide [38;5;173mpostcss[39m ([38;5;111mpf0e0f[39m), requested by [38;5;173mautoprefixer[39m and other dependencies.
2025-04-15T02:51:52.8051329Z [93m➤[39m YN0002: │ [38;5;166m@janhq/[39m[38;5;173mserver[39m[38;5;111m@[39m[38;5;111mworkspace:server[39m doesn't provide [38;5;173meslint[39m ([38;5;111mp97e11[39m), requested by [38;5;166m@typescript-eslint/[39m[38;5;173meslint-plugin[39m and other dependencies.
2025-04-15T02:51:52.8054115Z [93m➤[39m YN0002: │ [38;5;166m@janhq/[39m[38;5;173mweb[39m[38;5;111m@[39m[38;5;111mworkspace:web[39m doesn't provide [38;5;166m@babel/[39m[38;5;173mcore[39m ([38;5;111mp54af4[39m), requested by [38;5;173mbabel-loader[39m and other dependencies.
2025-04-15T02:51:52.8077722Z [93m➤[39m YN0002: │ [38;5;166m@janhq/[39m[38;5;173mweb[39m[38;5;111m@[39m[38;5;111mworkspace:web[39m doesn't provide [38;5;166m@rrweb/[39m[38;5;173mtypes[39m ([38;5;111mp9c7ba[39m), requested by [38;5;173mposthog-js[39m.
2025-04-15T02:51:52.8080417Z [93m➤[39m YN0002: │ [38;5;166m@janhq/[39m[38;5;173mweb[39m[38;5;111m@[39m[38;5;111mworkspace:web[39m doesn't provide [38;5;173mjest[39m ([38;5;111mp7d887[39m), requested by [38;5;173mts-jest[39m.
2025-04-15T02:51:52.8083043Z [93m➤[39m YN0002: │ [38;5;166m@janhq/[39m[38;5;173mweb[39m[38;5;111m@[39m[38;5;111mworkspace:web[39m doesn't provide [38;5;173munified[39m ([38;5;111mp70c73[39m), requested by [38;5;173mrehype-highlight-code-lines[39m.
2025-04-15T02:51:52.8085661Z [93m➤[39m YN0002: │ [38;5;166m@janhq/[39m[38;5;173mweb[39m[38;5;111m@[39m[38;5;111mworkspace:web[39m doesn't provide [38;5;173mwebpack[39m ([38;5;111mpc1afe[39m), requested by [38;5;173mbabel-loader[39m.
2025-04-15T02:51:52.8088301Z [93m➤[39m YN0086: │ Some peer dependencies are incorrectly met by your project; run [38;5;111myarn explain peer-requirements <hash>[39m for details, where [38;5;111m<hash>[39m is the six-letter p-prefixed code.
2025-04-15T02:51:52.8090642Z [93m➤[39m YN0086: │ Some peer dependencies are incorrectly met by dependencies; run [38;5;111myarn explain peer-requirements[39m for details.
2025-04-15T02:51:52.8092025Z ##[endgroup]
2025-04-15T02:51:52.8092560Z [94m➤[39m [90mYN0000[39m: └ Completed
2025-04-15T02:51:52.8093223Z [94m➤[39m [90mYN0000[39m: ┌ Fetch step
2025-04-15T02:51:52.8093952Z ##[group]Fetch step
2025-04-15T02:52:22.6867601Z [94m➤[39m YN0013: │ [38;5;220m1829[39m packages were added to the project ([38;5;160m+ 932.31 MiB[39m).
2025-04-15T02:52:22.6869446Z ##[endgroup]
2025-04-15T02:52:22.6870321Z [94m➤[39m [90mYN0000[39m: └ Completed in 29s 894ms
2025-04-15T02:52:22.7801239Z [94m➤[39m [90mYN0000[39m: ┌ Link step
2025-04-15T02:52:22.7819941Z ##[group]Link step
2025-04-15T02:52:49.8596532Z [94m➤[39m YN0007: │ [38;5;173melectron[39m[38;5;111m@[39m[38;5;111mnpm:33.2.1[39m must be built because it never has been before or the last one failed
2025-04-15T02:52:49.8601962Z [94m➤[39m YN0007: │ [38;5;173melectron[39m[38;5;111m@[39m[38;5;111mnpm:30.0.6[39m must be built because it never has been before or the last one failed
2025-04-15T02:52:49.8608346Z [94m➤[39m YN0007: │ [38;5;173mmicrotime[39m[38;5;111m@[39m[38;5;111mnpm:3.1.1[39m must be built because it never has been before or the last one failed
2025-04-15T02:52:49.8611752Z [94m➤[39m YN0007: │ [38;5;166m@parcel/[39m[38;5;173mwatcher[39m[38;5;111m@[39m[38;5;111mnpm:2.5.1[39m must be built because it never has been before or the last one failed
2025-04-15T02:52:49.8613615Z [94m➤[39m YN0007: │ [38;5;173mcore-js[39m[38;5;111m@[39m[38;5;111mnpm:3.40.0[39m must be built because it never has been before or the last one failed
2025-04-15T02:52:49.8614754Z [94m➤[39m YN0007: │ [38;5;173mcore-js[39m[38;5;111m@[39m[38;5;111mnpm:2.6.12[39m must be built because it never has been before or the last one failed
2025-04-15T02:52:56.3442609Z ##[endgroup]
2025-04-15T02:52:56.3444726Z [94m➤[39m [90mYN0000[39m: └ Completed in 33s 566ms
2025-04-15T02:52:56.5515704Z [93m➤[39m YN0000: · Done with warnings in 1m 5s
2025-04-15T02:52:57.5596560Z yarn build:joi
2025-04-15T02:53:00.6775562Z [36m
2025-04-15T02:53:00.6776317Z [1m./src/index.ts[22m → [1mdist/esm/index.js[22m...[39m
2025-04-15T02:53:08.0894808Z [32mcreated [1mdist/esm/index.js[22m in [1m7.4s[22m[39m
2025-04-15T02:53:08.0895245Z [36m
2025-04-15T02:53:08.0895663Z [1mdist/esm/index.d.ts[22m → [1mdist/index.d.ts[22m...[39m
2025-04-15T02:53:08.1799875Z Created bundle index.d.ts: 9.54 kB → 2.26 kB (gzip)
2025-04-15T02:53:08.1810223Z [32mcreated [1mdist/index.d.ts[22m in [1m91ms[22m[39m
2025-04-15T02:53:08.2524610Z yarn build:core
2025-04-15T02:53:15.6355337Z [log] [2m<DIR>/[22m[32mdist/index.js.map  [39m[2masset[22m[2m │ size: 155.17 kB[22m
2025-04-15T02:53:15.6358435Z [log] [2m<DIR>/[22m[36mdist/index.js      [39m[2mchunk[22m[2m │ size:  61.37 kB[22m
2025-04-15T02:53:15.6360645Z [log] [2m<DIR>/[22m[32mdist/node/index.cjs.js.map  [39m[2masset[22m[2m │ size: 76.93 kB[22m
2025-04-15T02:53:15.6362255Z [log] [2m<DIR>/[22m[36mdist/node/index.cjs.js      [39m[2mchunk[22m[2m │ size: 37.72 kB[22m
2025-04-15T02:53:15.6363032Z [log]
2025-04-15T02:53:15.6363718Z [success] Finished in [1m91.67 ms[22m
2025-04-15T02:53:16.3508554Z [94m➤[39m [90mYN0000[39m: README.md
2025-04-15T02:53:16.3510101Z [94m➤[39m [90mYN0000[39m: dist/browser/core.js
2025-04-15T02:53:16.3510775Z [94m➤[39m [90mYN0000[39m: dist/browser/core.js.map
2025-04-15T02:53:16.3511449Z [94m➤[39m [90mYN0000[39m: dist/browser/events.js
2025-04-15T02:53:16.3512475Z [94m➤[39m [90mYN0000[39m: dist/browser/events.js.map
2025-04-15T02:53:16.3513115Z [94m➤[39m [90mYN0000[39m: dist/browser/extension.js
2025-04-15T02:53:16.3514291Z [94m➤[39m [90mYN0000[39m: dist/browser/extension.js.map
2025-04-15T02:53:16.3516439Z [94m➤[39m [90mYN0000[39m: dist/browser/extensions/assistant.js
2025-04-15T02:53:16.3518798Z [94m➤[39m [90mYN0000[39m: dist/browser/extensions/assistant.js.map
2025-04-15T02:53:16.3520122Z [94m➤[39m [90mYN0000[39m: dist/browser/extensions/conversational.js
2025-04-15T02:53:16.3521538Z [94m➤[39m [90mYN0000[39m: dist/browser/extensions/conversational.js.map
2025-04-15T02:53:16.3523356Z [94m➤[39m [90mYN0000[39m: dist/browser/extensions/engines/AIEngine.js
2025-04-15T02:53:16.3524129Z [94m➤[39m [90mYN0000[39m: dist/browser/extensions/engines/AIEngine.js.map
2025-04-15T02:53:16.3524728Z [94m➤[39m [90mYN0000[39m: dist/browser/extensions/engines/EngineManager.js
2025-04-15T02:53:16.3525335Z [94m➤[39m [90mYN0000[39m: dist/browser/extensions/engines/EngineManager.js.map
2025-04-15T02:53:16.3526721Z [94m➤[39m [90mYN0000[39m: dist/browser/extensions/engines/LocalOAIEngine.js
2025-04-15T02:53:16.3527510Z [94m➤[39m [90mYN0000[39m: dist/browser/extensions/engines/LocalOAIEngine.js.map
2025-04-15T02:53:16.3528909Z [94m➤[39m [90mYN0000[39m: dist/browser/extensions/engines/OAIEngine.js
2025-04-15T02:53:16.3530321Z [94m➤[39m [90mYN0000[39m: dist/browser/extensions/engines/OAIEngine.js.map
2025-04-15T02:53:16.3531287Z [94m➤[39m [90mYN0000[39m: dist/browser/extensions/engines/RemoteOAIEngine.js
2025-04-15T02:53:16.3532234Z [94m➤[39m [90mYN0000[39m: dist/browser/extensions/engines/RemoteOAIEngine.js.map
2025-04-15T02:53:16.3533391Z [94m➤[39m [90mYN0000[39m: dist/browser/extensions/engines/helpers/sse.js
2025-04-15T02:53:16.3534073Z [94m➤[39m [90mYN0000[39m: dist/browser/extensions/engines/helpers/sse.js.map
2025-04-15T02:53:16.3534637Z [94m➤[39m [90mYN0000[39m: dist/browser/extensions/engines/index.js
2025-04-15T02:53:16.3535167Z [94m➤[39m [90mYN0000[39m: dist/browser/extensions/engines/index.js.map
2025-04-15T02:53:16.3536135Z [94m➤[39m [90mYN0000[39m: dist/browser/extensions/enginesManagement.js
2025-04-15T02:53:16.3536814Z [94m➤[39m [90mYN0000[39m: dist/browser/extensions/enginesManagement.js.map
2025-04-15T02:53:16.3537553Z [94m➤[39m [90mYN0000[39m: dist/browser/extensions/hardwareManagement.js
2025-04-15T02:53:16.3538147Z [94m➤[39m [90mYN0000[39m: dist/browser/extensions/hardwareManagement.js.map
2025-04-15T02:53:16.3538671Z [94m➤[39m [90mYN0000[39m: dist/browser/extensions/index.js
2025-04-15T02:53:16.3539161Z [94m➤[39m [90mYN0000[39m: dist/browser/extensions/index.js.map
2025-04-15T02:53:16.3539644Z [94m➤[39m [90mYN0000[39m: dist/browser/extensions/inference.js
2025-04-15T02:53:16.3540142Z [94m➤[39m [90mYN0000[39m: dist/browser/extensions/inference.js.map
2025-04-15T02:53:16.3540622Z [94m➤[39m [90mYN0000[39m: dist/browser/extensions/model.js
2025-04-15T02:53:16.3541090Z [94m➤[39m [90mYN0000[39m: dist/browser/extensions/model.js.map
2025-04-15T02:53:16.3541507Z [94m➤[39m [90mYN0000[39m: dist/browser/fs.js
2025-04-15T02:53:16.3541905Z [94m➤[39m [90mYN0000[39m: dist/browser/fs.js.map
2025-04-15T02:53:16.3542305Z [94m➤[39m [90mYN0000[39m: dist/browser/index.js
2025-04-15T02:53:16.3542725Z [94m➤[39m [90mYN0000[39m: dist/browser/index.js.map
2025-04-15T02:53:16.3543296Z [94m➤[39m [90mYN0000[39m: dist/browser/models/index.js
2025-04-15T02:53:16.3544521Z [94m➤[39m [90mYN0000[39m: dist/browser/models/index.js.map
2025-04-15T02:53:16.3545505Z [94m➤[39m [90mYN0000[39m: dist/browser/models/manager.js
2025-04-15T02:53:16.3546410Z [94m➤[39m [90mYN0000[39m: dist/browser/models/manager.js.map
2025-04-15T02:53:16.3547313Z [94m➤[39m [90mYN0000[39m: dist/browser/models/utils.js
2025-04-15T02:53:16.3548294Z [94m➤[39m [90mYN0000[39m: dist/browser/models/utils.js.map
2025-04-15T02:53:16.3549377Z [94m➤[39m [90mYN0000[39m: dist/index.js
2025-04-15T02:53:16.3550069Z [94m➤[39m [90mYN0000[39m: dist/index.js.map
2025-04-15T02:53:16.3550599Z [94m➤[39m [90mYN0000[39m: dist/node/api/common/adapter.js
2025-04-15T02:53:16.3551095Z [94m➤[39m [90mYN0000[39m: dist/node/api/common/adapter.js.map
2025-04-15T02:53:16.3551582Z [94m➤[39m [90mYN0000[39m: dist/node/api/common/handler.js
2025-04-15T02:53:16.3552055Z [94m➤[39m [90mYN0000[39m: dist/node/api/common/handler.js.map
2025-04-15T02:53:16.3552497Z [94m➤[39m [90mYN0000[39m: dist/node/api/index.js
2025-04-15T02:53:16.3552948Z [94m➤[39m [90mYN0000[39m: dist/node/api/index.js.map
2025-04-15T02:53:16.3553434Z [94m➤[39m [90mYN0000[39m: dist/node/api/processors/Processor.js
2025-04-15T02:53:16.3554486Z [94m➤[39m [90mYN0000[39m: dist/node/api/processors/Processor.js.map
2025-04-15T02:53:16.3555056Z [94m➤[39m [90mYN0000[39m: dist/node/api/processors/app.js
2025-04-15T02:53:16.3555541Z [94m➤[39m [90mYN0000[39m: dist/node/api/processors/app.js.map
2025-04-15T02:53:16.3556036Z [94m➤[39m [90mYN0000[39m: dist/node/api/processors/extension.js
2025-04-15T02:53:16.3556534Z [94m➤[39m [90mYN0000[39m: dist/node/api/processors/extension.js.map
2025-04-15T02:53:16.3557022Z [94m➤[39m [90mYN0000[39m: dist/node/api/processors/fs.js
2025-04-15T02:53:16.3557513Z [94m➤[39m [90mYN0000[39m: dist/node/api/processors/fs.js.map
2025-04-15T02:53:16.3557995Z [94m➤[39m [90mYN0000[39m: dist/node/api/processors/fsExt.js
2025-04-15T02:53:16.3558472Z [94m➤[39m [90mYN0000[39m: dist/node/api/processors/fsExt.js.map
2025-04-15T02:53:16.3558944Z [94m➤[39m [90mYN0000[39m: dist/node/extension/extension.js
2025-04-15T02:53:16.3559805Z [94m➤[39m [90mYN0000[39m: dist/node/extension/extension.js.map
2025-04-15T02:53:16.3560651Z [94m➤[39m [90mYN0000[39m: dist/node/extension/index.js
2025-04-15T02:53:16.3561426Z [94m➤[39m [90mYN0000[39m: dist/node/extension/index.js.map
2025-04-15T02:53:16.3562540Z [94m➤[39m [90mYN0000[39m: dist/node/extension/manager.js
2025-04-15T02:53:16.3563575Z [94m➤[39m [90mYN0000[39m: dist/node/extension/manager.js.map
2025-04-15T02:53:16.3564488Z [94m➤[39m [90mYN0000[39m: dist/node/extension/store.js
2025-04-15T02:53:16.3565438Z [94m➤[39m [90mYN0000[39m: dist/node/extension/store.js.map
2025-04-15T02:53:16.3567327Z [94m➤[39m [90mYN0000[39m: dist/node/helper/config.js
2025-04-15T02:53:16.3568242Z [94m➤[39m [90mYN0000[39m: dist/node/helper/config.js.map
2025-04-15T02:53:16.3569090Z [94m➤[39m [90mYN0000[39m: dist/node/helper/index.js
2025-04-15T02:53:16.3569926Z [94m➤[39m [90mYN0000[39m: dist/node/helper/index.js.map
2025-04-15T02:53:16.3570777Z [94m➤[39m [90mYN0000[39m: dist/node/helper/logger.js
2025-04-15T02:53:16.3572070Z [94m➤[39m [90mYN0000[39m: dist/node/helper/logger.js.map
2025-04-15T02:53:16.3573261Z [94m➤[39m [90mYN0000[39m: dist/node/helper/module.js
2025-04-15T02:53:16.3574120Z [94m➤[39m [90mYN0000[39m: dist/node/helper/module.js.map
2025-04-15T02:53:16.3574963Z [94m➤[39m [90mYN0000[39m: dist/node/helper/path.js
2025-04-15T02:53:16.3575781Z [94m➤[39m [90mYN0000[39m: dist/node/helper/path.js.map
2025-04-15T02:53:16.3576683Z [94m➤[39m [90mYN0000[39m: dist/node/helper/resource.js
2025-04-15T02:53:16.3578290Z [94m➤[39m [90mYN0000[39m: dist/node/helper/resource.js.map
2025-04-15T02:53:16.3579146Z [94m➤[39m [90mYN0000[39m: dist/node/index.cjs.js
2025-04-15T02:53:16.3579960Z [94m➤[39m [90mYN0000[39m: dist/node/index.cjs.js.map
2025-04-15T02:53:16.3580760Z [94m➤[39m [90mYN0000[39m: dist/node/index.js
2025-04-15T02:53:16.3581532Z [94m➤[39m [90mYN0000[39m: dist/node/index.js.map
2025-04-15T02:53:16.3582340Z [94m➤[39m [90mYN0000[39m: dist/types/api/index.js
2025-04-15T02:53:16.3583883Z [94m➤[39m [90mYN0000[39m: dist/types/api/index.js.map
2025-04-15T02:53:16.3584853Z [94m➤[39m [90mYN0000[39m: dist/types/assistant/assistantEntity.js
2025-04-15T02:53:16.3585878Z [94m➤[39m [90mYN0000[39m: dist/types/assistant/assistantEntity.js.map
2025-04-15T02:53:16.3586876Z [94m➤[39m [90mYN0000[39m: dist/types/assistant/assistantEvent.js
2025-04-15T02:53:16.3587875Z [94m➤[39m [90mYN0000[39m: dist/types/assistant/assistantEvent.js.map
2025-04-15T02:53:16.3589683Z [94m➤[39m [90mYN0000[39m: dist/types/assistant/assistantInterface.js
2025-04-15T02:53:16.3590821Z [94m➤[39m [90mYN0000[39m: dist/types/assistant/assistantInterface.js.map
2025-04-15T02:53:16.3591812Z [94m➤[39m [90mYN0000[39m: dist/types/assistant/index.js
2025-04-15T02:53:16.3592691Z [94m➤[39m [90mYN0000[39m: dist/types/assistant/index.js.map
2025-04-15T02:53:16.3593633Z [94m➤[39m [90mYN0000[39m: dist/types/browser/core.d.ts
2025-04-15T02:53:16.3595320Z [94m➤[39m [90mYN0000[39m: dist/types/browser/events.d.ts
2025-04-15T02:53:16.3596405Z [94m➤[39m [90mYN0000[39m: dist/types/browser/extension.d.ts
2025-04-15T02:53:16.3597372Z [94m➤[39m [90mYN0000[39m: dist/types/browser/extensions/assistant.d.ts
2025-04-15T02:53:16.3598462Z [94m➤[39m [90mYN0000[39m: dist/types/browser/extensions/conversational.d.ts
2025-04-15T02:53:16.3599595Z [94m➤[39m [90mYN0000[39m: dist/types/browser/extensions/engines/AIEngine.d.ts
2025-04-15T02:53:16.3601671Z [94m➤[39m [90mYN0000[39m: dist/types/browser/extensions/engines/EngineManager.d.ts
2025-04-15T02:53:16.3603003Z [94m➤[39m [90mYN0000[39m: dist/types/browser/extensions/engines/LocalOAIEngine.d.ts
2025-04-15T02:53:16.3604281Z [94m➤[39m [90mYN0000[39m: dist/types/browser/extensions/engines/OAIEngine.d.ts
2025-04-15T02:53:16.3605570Z [94m➤[39m [90mYN0000[39m: dist/types/browser/extensions/engines/RemoteOAIEngine.d.ts
2025-04-15T02:53:16.3607981Z [94m➤[39m [90mYN0000[39m: dist/types/browser/extensions/engines/helpers/sse.d.ts
2025-04-15T02:53:16.3609163Z [94m➤[39m [90mYN0000[39m: dist/types/browser/extensions/engines/index.d.ts
2025-04-15T02:53:16.3610358Z [94m➤[39m [90mYN0000[39m: dist/types/browser/extensions/enginesManagement.d.ts
2025-04-15T02:53:16.3611582Z [94m➤[39m [90mYN0000[39m: dist/types/browser/extensions/hardwareManagement.d.ts
2025-04-15T02:53:16.3613594Z [94m➤[39m [90mYN0000[39m: dist/types/browser/extensions/index.d.ts
2025-04-15T02:53:16.3614672Z [94m➤[39m [90mYN0000[39m: dist/types/browser/extensions/inference.d.ts
2025-04-15T02:53:16.3617095Z [94m➤[39m [90mYN0000[39m: dist/types/browser/extensions/model.d.ts
2025-04-15T02:53:16.3619009Z [94m➤[39m [90mYN0000[39m: dist/types/browser/fs.d.ts
2025-04-15T02:53:16.3619915Z [94m➤[39m [90mYN0000[39m: dist/types/browser/index.d.ts
2025-04-15T02:53:16.3620839Z [94m➤[39m [90mYN0000[39m: dist/types/browser/models/index.d.ts
2025-04-15T02:53:16.3621849Z [94m➤[39m [90mYN0000[39m: dist/types/browser/models/manager.d.ts
2025-04-15T02:53:16.3622849Z [94m➤[39m [90mYN0000[39m: dist/types/browser/models/utils.d.ts
2025-04-15T02:53:16.3624741Z [94m➤[39m [90mYN0000[39m: dist/types/config/appConfigEntity.js
2025-04-15T02:53:16.3625811Z [94m➤[39m [90mYN0000[39m: dist/types/config/appConfigEntity.js.map
2025-04-15T02:53:16.3626854Z [94m➤[39m [90mYN0000[39m: dist/types/config/appConfigEvent.js
2025-04-15T02:53:16.3627898Z [94m➤[39m [90mYN0000[39m: dist/types/config/appConfigEvent.js.map
2025-04-15T02:53:16.3628853Z [94m➤[39m [90mYN0000[39m: dist/types/config/index.js
2025-04-15T02:53:16.3630697Z [94m➤[39m [90mYN0000[39m: dist/types/config/index.js.map
2025-04-15T02:53:16.3631499Z [94m➤[39m [90mYN0000[39m: dist/types/engine/index.js
2025-04-15T02:53:16.3632216Z [94m➤[39m [90mYN0000[39m: dist/types/engine/index.js.map
2025-04-15T02:53:16.3632689Z [94m➤[39m [90mYN0000[39m: dist/types/file/index.js
2025-04-15T02:53:16.3633135Z [94m➤[39m [90mYN0000[39m: dist/types/file/index.js.map
2025-04-15T02:53:16.3633590Z [94m➤[39m [90mYN0000[39m: dist/types/hardware/index.js
2025-04-15T02:53:16.3634044Z [94m➤[39m [90mYN0000[39m: dist/types/hardware/index.js.map
2025-04-15T02:53:16.3634639Z [94m➤[39m [90mYN0000[39m: dist/types/huggingface/huggingfaceEntity.js
2025-04-15T02:53:16.3635598Z [94m➤[39m [90mYN0000[39m: dist/types/huggingface/huggingfaceEntity.js.map
2025-04-15T02:53:16.3636649Z [94m➤[39m [90mYN0000[39m: dist/types/huggingface/index.js
2025-04-15T02:53:16.3637134Z [94m➤[39m [90mYN0000[39m: dist/types/huggingface/index.js.map
2025-04-15T02:53:16.3637576Z [94m➤[39m [90mYN0000[39m: dist/types/index.d.ts
2025-04-15T02:53:16.3637998Z [94m➤[39m [90mYN0000[39m: dist/types/index.js
2025-04-15T02:53:16.3638390Z [94m➤[39m [90mYN0000[39m: dist/types/index.js.map
2025-04-15T02:53:16.3638814Z [94m➤[39m [90mYN0000[39m: dist/types/inference/index.js
2025-04-15T02:53:16.3639271Z [94m➤[39m [90mYN0000[39m: dist/types/inference/index.js.map
2025-04-15T02:53:16.3639766Z [94m➤[39m [90mYN0000[39m: dist/types/inference/inferenceEntity.js
2025-04-15T02:53:16.3640288Z [94m➤[39m [90mYN0000[39m: dist/types/inference/inferenceEntity.js.map
2025-04-15T02:53:16.3640793Z [94m➤[39m [90mYN0000[39m: dist/types/inference/inferenceEvent.js
2025-04-15T02:53:16.3641591Z [94m➤[39m [90mYN0000[39m: dist/types/inference/inferenceEvent.js.map
2025-04-15T02:53:16.3642332Z [94m➤[39m [90mYN0000[39m: dist/types/inference/inferenceInterface.js
2025-04-15T02:53:16.3642883Z [94m➤[39m [90mYN0000[39m: dist/types/inference/inferenceInterface.js.map
2025-04-15T02:53:16.3643359Z [94m➤[39m [90mYN0000[39m: dist/types/message/index.js
2025-04-15T02:53:16.3643798Z [94m➤[39m [90mYN0000[39m: dist/types/message/index.js.map
2025-04-15T02:53:16.3644256Z [94m➤[39m [90mYN0000[39m: dist/types/message/messageEntity.js
2025-04-15T02:53:16.3645277Z [94m➤[39m [90mYN0000[39m: dist/types/message/messageEntity.js.map
2025-04-15T02:53:16.3645970Z [94m➤[39m [90mYN0000[39m: dist/types/message/messageEvent.js
2025-04-15T02:53:16.3646456Z [94m➤[39m [90mYN0000[39m: dist/types/message/messageEvent.js.map
2025-04-15T02:53:16.3646948Z [94m➤[39m [90mYN0000[39m: dist/types/message/messageInterface.js
2025-04-15T02:53:16.3648003Z [94m➤[39m [90mYN0000[39m: dist/types/message/messageInterface.js.map
2025-04-15T02:53:16.3648540Z [94m➤[39m [90mYN0000[39m: dist/types/message/messageRequestType.js
2025-04-15T02:53:16.3649067Z [94m➤[39m [90mYN0000[39m: dist/types/message/messageRequestType.js.map
2025-04-15T02:53:16.3650081Z [94m➤[39m [90mYN0000[39m: dist/types/miscellaneous/appUpdate.js
2025-04-15T02:53:16.3650681Z [94m➤[39m [90mYN0000[39m: dist/types/miscellaneous/appUpdate.js.map
2025-04-15T02:53:16.3651209Z [94m➤[39m [90mYN0000[39m: dist/types/miscellaneous/index.js
2025-04-15T02:53:16.3651712Z [94m➤[39m [90mYN0000[39m: dist/types/miscellaneous/index.js.map
2025-04-15T02:53:16.3652237Z [94m➤[39m [90mYN0000[39m: dist/types/miscellaneous/promptTemplate.js
2025-04-15T02:53:16.3653144Z [94m➤[39m [90mYN0000[39m: dist/types/miscellaneous/promptTemplate.js.map
2025-04-15T02:53:16.3654144Z [94m➤[39m [90mYN0000[39m: dist/types/miscellaneous/selectFiles.js
2025-04-15T02:53:16.3654681Z [94m➤[39m [90mYN0000[39m: dist/types/miscellaneous/selectFiles.js.map
2025-04-15T02:53:16.3655226Z [94m➤[39m [90mYN0000[39m: dist/types/miscellaneous/systemResourceInfo.js
2025-04-15T02:53:16.3655822Z [94m➤[39m [90mYN0000[39m: dist/types/miscellaneous/systemResourceInfo.js.map
2025-04-15T02:53:16.3656340Z [94m➤[39m [90mYN0000[39m: dist/types/model/index.js
2025-04-15T02:53:16.3656774Z [94m➤[39m [90mYN0000[39m: dist/types/model/index.js.map
2025-04-15T02:53:16.3657218Z [94m➤[39m [90mYN0000[39m: dist/types/model/modelEntity.js
2025-04-15T02:53:16.3657690Z [94m➤[39m [90mYN0000[39m: dist/types/model/modelEntity.js.map
2025-04-15T02:53:16.3658158Z [94m➤[39m [90mYN0000[39m: dist/types/model/modelEvent.js
2025-04-15T02:53:16.3658936Z [94m➤[39m [90mYN0000[39m: dist/types/model/modelEvent.js.map
2025-04-15T02:53:16.3659612Z [94m➤[39m [90mYN0000[39m: dist/types/model/modelImport.js
2025-04-15T02:53:16.3660089Z [94m➤[39m [90mYN0000[39m: dist/types/model/modelImport.js.map
2025-04-15T02:53:16.3660566Z [94m➤[39m [90mYN0000[39m: dist/types/model/modelInterface.js
2025-04-15T02:53:16.3661048Z [94m➤[39m [90mYN0000[39m: dist/types/model/modelInterface.js.map
2025-04-15T02:53:16.3661520Z [94m➤[39m [90mYN0000[39m: dist/types/model/modelSource.js
2025-04-15T02:53:16.3661988Z [94m➤[39m [90mYN0000[39m: dist/types/model/modelSource.js.map
2025-04-15T02:53:16.3662479Z [94m➤[39m [90mYN0000[39m: dist/types/node/api/common/adapter.d.ts
2025-04-15T02:53:16.3663093Z [94m➤[39m [90mYN0000[39m: dist/types/node/api/common/handler.d.ts
2025-04-15T02:53:16.3663779Z [94m➤[39m [90mYN0000[39m: dist/types/node/api/index.d.ts
2025-04-15T02:53:16.3664737Z [94m➤[39m [90mYN0000[39m: dist/types/node/api/processors/Processor.d.ts
2025-04-15T02:53:16.3665339Z [94m➤[39m [90mYN0000[39m: dist/types/node/api/processors/app.d.ts
2025-04-15T02:53:16.3665875Z [94m➤[39m [90mYN0000[39m: dist/types/node/api/processors/extension.d.ts
2025-04-15T02:53:16.3666460Z [94m➤[39m [90mYN0000[39m: dist/types/node/api/processors/fs.d.ts
2025-04-15T02:53:16.3667141Z [94m➤[39m [90mYN0000[39m: dist/types/node/api/processors/fsExt.d.ts
2025-04-15T02:53:16.3667900Z [94m➤[39m [90mYN0000[39m: dist/types/node/extension/extension.d.ts
2025-04-15T02:53:16.3668555Z [94m➤[39m [90mYN0000[39m: dist/types/node/extension/index.d.ts
2025-04-15T02:53:16.3669044Z [94m➤[39m [90mYN0000[39m: dist/types/node/extension/manager.d.ts
2025-04-15T02:53:16.3669566Z [94m➤[39m [90mYN0000[39m: dist/types/node/extension/store.d.ts
2025-04-15T02:53:16.3670274Z [94m➤[39m [90mYN0000[39m: dist/types/node/helper/config.d.ts
2025-04-15T02:53:16.3670895Z [94m➤[39m [90mYN0000[39m: dist/types/node/helper/index.d.ts
2025-04-15T02:53:16.3671367Z [94m➤[39m [90mYN0000[39m: dist/types/node/helper/logger.d.ts
2025-04-15T02:53:16.3671824Z [94m➤[39m [90mYN0000[39m: dist/types/node/helper/module.d.ts
2025-04-15T02:53:16.3672287Z [94m➤[39m [90mYN0000[39m: dist/types/node/helper/path.d.ts
2025-04-15T02:53:16.3672912Z [94m➤[39m [90mYN0000[39m: dist/types/node/helper/resource.d.ts
2025-04-15T02:53:16.3673362Z [94m➤[39m [90mYN0000[39m: dist/types/node/index.d.ts
2025-04-15T02:53:16.3673790Z [94m➤[39m [90mYN0000[39m: dist/types/setting/index.js
2025-04-15T02:53:16.3674616Z [94m➤[39m [90mYN0000[39m: dist/types/setting/index.js.map
2025-04-15T02:53:16.3675374Z [94m➤[39m [90mYN0000[39m: dist/types/setting/settingComponent.js
2025-04-15T02:53:16.3675902Z [94m➤[39m [90mYN0000[39m: dist/types/setting/settingComponent.js.map
2025-04-15T02:53:16.3676636Z [94m➤[39m [90mYN0000[39m: dist/types/thread/index.js
2025-04-15T02:53:16.3677090Z [94m➤[39m [90mYN0000[39m: dist/types/thread/index.js.map
2025-04-15T02:53:16.3677553Z [94m➤[39m [90mYN0000[39m: dist/types/thread/threadEntity.js
2025-04-15T02:53:16.3678037Z [94m➤[39m [90mYN0000[39m: dist/types/thread/threadEntity.js.map
2025-04-15T02:53:16.3678520Z [94m➤[39m [90mYN0000[39m: dist/types/thread/threadInterface.js
2025-04-15T02:53:16.3679021Z [94m➤[39m [90mYN0000[39m: dist/types/thread/threadInterface.js.map
2025-04-15T02:53:16.3679741Z [94m➤[39m [90mYN0000[39m: dist/types/types/api/index.d.ts
2025-04-15T02:53:16.3680281Z [94m➤[39m [90mYN0000[39m: dist/types/types/assistant/assistantEntity.d.ts
2025-04-15T02:53:16.3680836Z [94m➤[39m [90mYN0000[39m: dist/types/types/assistant/assistantEvent.d.ts
2025-04-15T02:53:16.3681411Z [94m➤[39m [90mYN0000[39m: dist/types/types/assistant/assistantInterface.d.ts
2025-04-15T02:53:16.3682256Z [94m➤[39m [90mYN0000[39m: dist/types/types/assistant/index.d.ts
2025-04-15T02:53:16.3683213Z [94m➤[39m [90mYN0000[39m: dist/types/types/config/appConfigEntity.d.ts
2025-04-15T02:53:16.3683781Z [94m➤[39m [90mYN0000[39m: dist/types/types/config/appConfigEvent.d.ts
2025-04-15T02:53:16.3684277Z [94m➤[39m [90mYN0000[39m: dist/types/types/config/index.d.ts
2025-04-15T02:53:16.3684747Z [94m➤[39m [90mYN0000[39m: dist/types/types/engine/index.d.ts
2025-04-15T02:53:16.3685195Z [94m➤[39m [90mYN0000[39m: dist/types/types/file/index.d.ts
2025-04-15T02:53:16.3685809Z [94m➤[39m [90mYN0000[39m: dist/types/types/hardware/index.d.ts
2025-04-15T02:53:16.3686350Z [94m➤[39m [90mYN0000[39m: dist/types/types/huggingface/huggingfaceEntity.d.ts
2025-04-15T02:53:16.3687048Z [94m➤[39m [90mYN0000[39m: dist/types/types/huggingface/index.d.ts
2025-04-15T02:53:16.3687512Z [94m➤[39m [90mYN0000[39m: dist/types/types/index.d.ts
2025-04-15T02:53:16.3687968Z [94m➤[39m [90mYN0000[39m: dist/types/types/inference/index.d.ts
2025-04-15T02:53:16.3688508Z [94m➤[39m [90mYN0000[39m: dist/types/types/inference/inferenceEntity.d.ts
2025-04-15T02:53:16.3689057Z [94m➤[39m [90mYN0000[39m: dist/types/types/inference/inferenceEvent.d.ts
2025-04-15T02:53:16.3689632Z [94m➤[39m [90mYN0000[39m: dist/types/types/inference/inferenceInterface.d.ts
2025-04-15T02:53:16.3690330Z [94m➤[39m [90mYN0000[39m: dist/types/types/message/index.d.ts
2025-04-15T02:53:16.3690852Z [94m➤[39m [90mYN0000[39m: dist/types/types/message/messageEntity.d.ts
2025-04-15T02:53:16.3691375Z [94m➤[39m [90mYN0000[39m: dist/types/types/message/messageEvent.d.ts
2025-04-15T02:53:16.3691916Z [94m➤[39m [90mYN0000[39m: dist/types/types/message/messageInterface.d.ts
2025-04-15T02:53:16.3693405Z [94m➤[39m [90mYN0000[39m: dist/types/types/message/messageRequestType.d.ts
2025-04-15T02:53:16.3694881Z [94m➤[39m [90mYN0000[39m: dist/types/types/miscellaneous/appUpdate.d.ts
2025-04-15T02:53:16.3695709Z [94m➤[39m [90mYN0000[39m: dist/types/types/miscellaneous/index.d.ts
2025-04-15T02:53:16.3696438Z [94m➤[39m [90mYN0000[39m: dist/types/types/miscellaneous/promptTemplate.d.ts
2025-04-15T02:53:16.3697267Z [94m➤[39m [90mYN0000[39m: dist/types/types/miscellaneous/selectFiles.d.ts
2025-04-15T02:53:16.3697885Z [94m➤[39m [90mYN0000[39m: dist/types/types/miscellaneous/systemResourceInfo.d.ts
2025-04-15T02:53:16.3698441Z [94m➤[39m [90mYN0000[39m: dist/types/types/model/index.d.ts
2025-04-15T02:53:16.3699075Z [94m➤[39m [90mYN0000[39m: dist/types/types/model/modelEntity.d.ts
2025-04-15T02:53:16.3700834Z [94m➤[39m [90mYN0000[39m: dist/types/types/model/modelEvent.d.ts
2025-04-15T02:53:16.3701895Z [94m➤[39m [90mYN0000[39m: dist/types/types/model/modelImport.d.ts
2025-04-15T02:53:16.3702463Z [94m➤[39m [90mYN0000[39m: dist/types/types/model/modelInterface.d.ts
2025-04-15T02:53:16.3703169Z [94m➤[39m [90mYN0000[39m: dist/types/types/model/modelSource.d.ts
2025-04-15T02:53:16.3703747Z [94m➤[39m [90mYN0000[39m: dist/types/types/setting/index.d.ts
2025-04-15T02:53:16.3704289Z [94m➤[39m [90mYN0000[39m: dist/types/types/setting/settingComponent.d.ts
2025-04-15T02:53:16.3705728Z [94m➤[39m [90mYN0000[39m: dist/types/types/thread/index.d.ts
2025-04-15T02:53:16.3706358Z [94m➤[39m [90mYN0000[39m: dist/types/types/thread/threadEntity.d.ts
2025-04-15T02:53:16.3706966Z [94m➤[39m [90mYN0000[39m: dist/types/types/thread/threadInterface.d.ts
2025-04-15T02:53:16.3707524Z [94m➤[39m [90mYN0000[39m: package.json
2025-04-15T02:53:16.4813310Z [94m➤[39m YN0000: Package archive generated in [38;5;170mD:\a\jan\jan\core\package.tgz[39m
2025-04-15T02:53:16.4814834Z [94m➤[39m YN0000: Done in 0s 335ms
2025-04-15T02:53:16.5215813Z yarn build:server
2025-04-15T02:53:18.4387542Z [33m[UNRESOLVED_IMPORT] Warning:[0m Could not resolve 'bufferutil' in node_modules/ws/lib/buffer-util.js
2025-04-15T02:53:18.4388895Z      [38;5;246m╭[0m[38;5;246m─[0m[38;5;246m[[0mnode_modules/ws/lib/buffer-util.js:117:32[38;5;246m][0m
2025-04-15T02:53:18.4390046Z      [38;5;246m│[0m
2025-04-15T02:53:18.4392794Z  [38;5;246m117 │[0m [38;5;249m [0m[38;5;249m [0m[38;5;249m [0m[38;5;249m [0m[38;5;249mc[0m[38;5;249mo[0m[38;5;249mn[0m[38;5;249ms[0m[38;5;249mt[0m[38;5;249m [0m[38;5;249mb[0m[38;5;249mu[0m[38;5;249mf[0m[38;5;249mf[0m[38;5;249me[0m[38;5;249mr[0m[38;5;249mU[0m[38;5;249mt[0m[38;5;249mi[0m[38;5;249ml[0m[38;5;249m [0m[38;5;249m=[0m[38;5;249m [0m[38;5;249mr[0m[38;5;249me[0m[38;5;249mq[0m[38;5;249mu[0m[38;5;249mi[0m[38;5;249mr[0m[38;5;249me[0m[38;5;249m([0m'bufferutil'[38;5;249m)[0m[38;5;249m;[0m
2025-04-15T02:53:18.4395155Z  [38;5;240m    │[0m                                ──────┬─────  
2025-04-15T02:53:18.4396219Z  [38;5;240m    │[0m                                      ╰─────── Module not found, treating it as an external dependency
2025-04-15T02:53:18.4396995Z [38;5;246m─────╯[0m
2025-04-15T02:53:18.4397230Z 
2025-04-15T02:53:18.4400194Z [33m[UNRESOLVED_IMPORT] Warning:[0m Could not resolve 'utf-8-validate' in node_modules/ws/lib/validation.js
2025-04-15T02:53:18.4401051Z      [38;5;246m╭[0m[38;5;246m─[0m[38;5;246m[[0mnode_modules/ws/lib/validation.js:144:33[38;5;246m][0m
2025-04-15T02:53:18.4401538Z      [38;5;246m│[0m
2025-04-15T02:53:18.4404908Z  [38;5;246m144 │[0m [38;5;249m [0m[38;5;249m [0m[38;5;249m [0m[38;5;249m [0m[38;5;249mc[0m[38;5;249mo[0m[38;5;249mn[0m[38;5;249ms[0m[38;5;249mt[0m[38;5;249m [0m[38;5;249mi[0m[38;5;249ms[0m[38;5;249mV[0m[38;5;249ma[0m[38;5;249ml[0m[38;5;249mi[0m[38;5;249md[0m[38;5;249mU[0m[38;5;249mT[0m[38;5;249mF[0m[38;5;249m8[0m[38;5;249m [0m[38;5;249m=[0m[38;5;249m [0m[38;5;249mr[0m[38;5;249me[0m[38;5;249mq[0m[38;5;249mu[0m[38;5;249mi[0m[38;5;249mr[0m[38;5;249me[0m[38;5;249m([0m'utf-8-validate'[38;5;249m)[0m[38;5;249m;[0m
2025-04-15T02:53:18.4407163Z  [38;5;240m    │[0m                                 ────────┬───────  
2025-04-15T02:53:18.4408531Z  [38;5;240m    │[0m                                         ╰───────── Module not found, treating it as an external dependency
2025-04-15T02:53:18.4409334Z [38;5;246m─────╯[0m
2025-04-15T02:53:18.4409595Z 
2025-04-15T02:53:18.4410583Z [33m[UNRESOLVED_IMPORT] Warning:[0m Could not resolve 'spdx-license-ids' in ../core/node_modules/spdx-correct/index.js
2025-04-15T02:53:18.4411742Z     [38;5;246m╭[0m[38;5;246m─[0m[38;5;246m[[0m../core/node_modules/spdx-correct/index.js:17:30[38;5;246m][0m
2025-04-15T02:53:18.4412194Z     [38;5;246m│[0m
2025-04-15T02:53:18.4414544Z  [38;5;246m17 │[0m [38;5;249mv[0m[38;5;249ma[0m[38;5;249mr[0m[38;5;249m [0m[38;5;249ms[0m[38;5;249mp[0m[38;5;249md[0m[38;5;249mx[0m[38;5;249mL[0m[38;5;249mi[0m[38;5;249mc[0m[38;5;249me[0m[38;5;249mn[0m[38;5;249ms[0m[38;5;249me[0m[38;5;249mI[0m[38;5;249md[0m[38;5;249ms[0m[38;5;249m [0m[38;5;249m=[0m[38;5;249m [0m[38;5;249mr[0m[38;5;249me[0m[38;5;249mq[0m[38;5;249mu[0m[38;5;249mi[0m[38;5;249mr[0m[38;5;249me[0m[38;5;249m([0m'spdx-license-ids'[38;5;249m)[0m
2025-04-15T02:53:18.4415789Z  [38;5;240m   │[0m                              ─────────┬────────  
2025-04-15T02:53:18.4416365Z  [38;5;240m   │[0m                                       ╰────────── Module not found, treating it as an external dependency
2025-04-15T02:53:18.4416786Z [38;5;246m────╯[0m
2025-04-15T02:53:18.4416927Z 
2025-04-15T02:53:18.4417480Z [33m[UNRESOLVED_IMPORT] Warning:[0m Could not resolve 'spdx-license-ids' in ../core/node_modules/spdx-expression-parse/scan.js
2025-04-15T02:53:18.4418335Z    [38;5;246m╭[0m[38;5;246m─[0m[38;5;246m[[0m../core/node_modules/spdx-expression-parse/scan.js:4:19[38;5;246m][0m
2025-04-15T02:53:18.4418799Z    [38;5;246m│[0m
2025-04-15T02:53:18.4419789Z  [38;5;246m4 │[0m [38;5;249m [0m[38;5;249m [0m[38;5;249m.[0m[38;5;249mc[0m[38;5;249mo[0m[38;5;249mn[0m[38;5;249mc[0m[38;5;249ma[0m[38;5;249mt[0m[38;5;249m([0m[38;5;249mr[0m[38;5;249me[0m[38;5;249mq[0m[38;5;249mu[0m[38;5;249mi[0m[38;5;249mr[0m[38;5;249me[0m[38;5;249m([0m'spdx-license-ids'[38;5;249m)[0m[38;5;249m)[0m
2025-04-15T02:53:18.4420627Z  [38;5;240m  │[0m                   ─────────┬────────  
2025-04-15T02:53:18.4421143Z  [38;5;240m  │[0m                            ╰────────── Module not found, treating it as an external dependency
2025-04-15T02:53:18.4421529Z [38;5;246m───╯[0m
2025-04-15T02:53:18.4421655Z 
2025-04-15T02:53:18.4422571Z [33m[UNRESOLVED_IMPORT] Warning:[0m Could not resolve 'spdx-license-ids/deprecated' in ../core/node_modules/spdx-expression-parse/scan.js
2025-04-15T02:53:18.4423548Z    [38;5;246m╭[0m[38;5;246m─[0m[38;5;246m[[0m../core/node_modules/spdx-expression-parse/scan.js:5:19[38;5;246m][0m
2025-04-15T02:53:18.4424024Z    [38;5;246m│[0m
2025-04-15T02:53:18.4425078Z  [38;5;246m5 │[0m [38;5;249m [0m[38;5;249m [0m[38;5;249m.[0m[38;5;249mc[0m[38;5;249mo[0m[38;5;249mn[0m[38;5;249mc[0m[38;5;249ma[0m[38;5;249mt[0m[38;5;249m([0m[38;5;249mr[0m[38;5;249me[0m[38;5;249mq[0m[38;5;249mu[0m[38;5;249mi[0m[38;5;249mr[0m[38;5;249me[0m[38;5;249m([0m'spdx-license-ids/deprecated'[38;5;249m)[0m[38;5;249m)[0m
2025-04-15T02:53:18.4425988Z  [38;5;240m  │[0m                   ──────────────┬──────────────  
2025-04-15T02:53:18.4426527Z  [38;5;240m  │[0m                                 ╰──────────────── Module not found, treating it as an external dependency
2025-04-15T02:53:18.4426930Z [38;5;246m───╯[0m
2025-04-15T02:53:18.4427059Z 
2025-04-15T02:53:18.4427607Z [33m[UNRESOLVED_IMPORT] Warning:[0m Could not resolve 'spdx-exceptions' in ../core/node_modules/spdx-expression-parse/scan.js
2025-04-15T02:53:18.4428585Z    [38;5;246m╭[0m[38;5;246m─[0m[38;5;246m[[0m../core/node_modules/spdx-expression-parse/scan.js:6:26[38;5;246m][0m
2025-04-15T02:53:18.4429444Z    [38;5;246m│[0m
2025-04-15T02:53:18.4431239Z  [38;5;246m6 │[0m [38;5;249mv[0m[38;5;249ma[0m[38;5;249mr[0m[38;5;249m [0m[38;5;249me[0m[38;5;249mx[0m[38;5;249mc[0m[38;5;249me[0m[38;5;249mp[0m[38;5;249mt[0m[38;5;249mi[0m[38;5;249mo[0m[38;5;249mn[0m[38;5;249ms[0m[38;5;249m [0m[38;5;249m=[0m[38;5;249m [0m[38;5;249mr[0m[38;5;249me[0m[38;5;249mq[0m[38;5;249mu[0m[38;5;249mi[0m[38;5;249mr[0m[38;5;249me[0m[38;5;249m([0m'spdx-exceptions'[38;5;249m)[0m
2025-04-15T02:53:18.4432467Z  [38;5;240m  │[0m                          ────────┬────────  
2025-04-15T02:53:18.4433008Z  [38;5;240m  │[0m                                  ╰────────── Module not found, treating it as an external dependency
2025-04-15T02:53:18.4433418Z [38;5;246m───╯[0m
2025-04-15T02:53:18.4433550Z 
2025-04-15T02:53:18.4434064Z [33m[UNRESOLVED_IMPORT] Warning:[0m Could not resolve 'bluebird' in ../core/node_modules/promise-inflight/inflight.js
2025-04-15T02:53:18.4434867Z    [38;5;246m╭[0m[38;5;246m─[0m[38;5;246m[[0m../core/node_modules/promise-inflight/inflight.js:6:22[38;5;246m][0m
2025-04-15T02:53:18.4435326Z    [38;5;246m│[0m
2025-04-15T02:53:18.4436353Z  [38;5;246m6 │[0m [38;5;249m [0m[38;5;249m [0m[38;5;249mB[0m[38;5;249ml[0m[38;5;249mu[0m[38;5;249me[0m[38;5;249mb[0m[38;5;249mi[0m[38;5;249mr[0m[38;5;249md[0m[38;5;249m [0m[38;5;249m=[0m[38;5;249m [0m[38;5;249mr[0m[38;5;249me[0m[38;5;249mq[0m[38;5;249mu[0m[38;5;249mi[0m[38;5;249mr[0m[38;5;249me[0m[38;5;249m([0m'bluebird'[38;5;249m)[0m
2025-04-15T02:53:18.4437189Z  [38;5;240m  │[0m                      ─────┬────  
2025-04-15T02:53:18.4437682Z  [38;5;240m  │[0m                           ╰────── Module not found, treating it as an external dependency
2025-04-15T02:53:18.4438063Z [38;5;246m───╯[0m
2025-04-15T02:53:18.4438244Z 
2025-04-15T02:53:18.4853609Z [log] [2m<DIR>/[22m[32mdist/index.js.map  [39m[2masset[22m[2m │ size: 10,055.58 kB[22m
2025-04-15T02:53:18.4854550Z [log] [2m<DIR>/[22m[36mdist/index.js      [39m[2mchunk[22m[2m │ size:  5,477.36 kB[22m
2025-04-15T02:53:18.4855008Z [log]
2025-04-15T02:53:18.4857351Z [success] Finished in [1m457.32 ms[22m
2025-04-15T02:53:18.5596174Z yarn build:extensions
2025-04-15T02:53:19.2519171Z No matches found: "./pre-install/*.tgz"
2025-04-15T02:53:24.6046208Z [log] [2m<DIR>/[22m[32mdist/index.js.map  [39m[2masset[22m[2m │ size: 155.17 kB[22m
2025-04-15T02:53:24.6049175Z [log] [2m<DIR>/[22m[36mdist/index.js      [39m[2mchunk[22m[2m │ size:  61.37 kB[22m
2025-04-15T02:53:24.6051856Z [log] [2m<DIR>/[22m[32mdist/node/index.cjs.js.map  [39m[2masset[22m[2m │ size: 76.93 kB[22m
2025-04-15T02:53:24.6052996Z [log] [2m<DIR>/[22m[36mdist/node/index.cjs.js      [39m[2mchunk[22m[2m │ size: 37.72 kB[22m
2025-04-15T02:53:24.6053615Z [log]
2025-04-15T02:53:24.6054081Z [success] Finished in [1m74.54 ms[22m
2025-04-15T02:53:25.0556509Z [94m➤[39m YN0000: · Yarn 4.5.3
2025-04-15T02:53:25.0700851Z [94m➤[39m [90mYN0000[39m: ┌ Resolution step
2025-04-15T02:53:25.0701583Z ##[group]Resolution step
2025-04-15T02:53:25.8869320Z [94m➤[39m YN0085: │ [38;5;70m+[39m [38;5;166m@janhq/[39m[38;5;173mcore[39m[38;5;111m@[39m[38;5;111mfile:../../core/package.tgz#../../core/package.tgz::hash=fb7742&locator=%40janhq%2Fassistant-extension%40workspace%3Aassistant-extension[39m, and [38;5;220m5[39m more.
2025-04-15T02:53:25.8870772Z [94m➤[39m YN0085: │ [38;5;160m-[39m [38;5;166m@anthropic-ai/[39m[38;5;173msdk[39m[38;5;111m@[39m[38;5;111mnpm:0.9.1[39m, and [38;5;220m94[39m more.
2025-04-15T02:53:25.9073640Z ##[endgroup]
2025-04-15T02:53:25.9074942Z [94m➤[39m [90mYN0000[39m: └ Completed in 0s 837ms
2025-04-15T02:53:25.9084335Z [94m➤[39m [90mYN0000[39m: ┌ Post-resolution validation
2025-04-15T02:53:25.9085202Z ##[group]Post-resolution validation
2025-04-15T02:53:25.9086851Z [93m➤[39m YN0002: │ [38;5;166m@janhq/[39m[38;5;173massistant-extension[39m[38;5;111m@[39m[38;5;111mworkspace:assistant-extension[39m doesn't provide [38;5;173mwebpack[39m ([38;5;111mpb9f55[39m), requested by [38;5;173mts-loader[39m.
2025-04-15T02:53:25.9088785Z [93m➤[39m YN0002: │ [38;5;166m@janhq/[39m[38;5;173mconversational-extension[39m[38;5;111m@[39m[38;5;111mworkspace:conversational-extension[39m doesn't provide [38;5;173mwebpack[39m ([38;5;111mpd966f[39m), requested by [38;5;173mts-loader[39m.
2025-04-15T02:53:25.9090753Z [93m➤[39m YN0002: │ [38;5;166m@janhq/[39m[38;5;173mengine-management-extension[39m[38;5;111m@[39m[38;5;111mworkspace:engine-management-extension[39m doesn't provide [38;5;173mwebpack[39m ([38;5;111mp52429[39m), requested by [38;5;173mts-loader[39m.
2025-04-15T02:53:25.9092594Z [93m➤[39m YN0002: │ [38;5;166m@janhq/[39m[38;5;173mhardware-management-extension[39m[38;5;111m@[39m[38;5;111mworkspace:hardware-management-extension[39m doesn't provide [38;5;173mwebpack[39m ([38;5;111mp0df57[39m), requested by [38;5;173mts-loader[39m.
2025-04-15T02:53:25.9094360Z [93m➤[39m YN0086: │ Some peer dependencies are incorrectly met by your project; run [38;5;111myarn explain peer-requirements <hash>[39m for details, where [38;5;111m<hash>[39m is the six-letter p-prefixed code.
2025-04-15T02:53:25.9095477Z ##[endgroup]
2025-04-15T02:53:25.9095810Z [94m➤[39m [90mYN0000[39m: └ Completed
2025-04-15T02:53:25.9097125Z [94m➤[39m [90mYN0000[39m: ┌ Fetch step
2025-04-15T02:53:25.9097751Z ##[group]Fetch step
2025-04-15T02:53:35.2066360Z [94m➤[39m YN0013: │ [38;5;220m181[39m packages were added to the project ([38;5;160m+ 182.14 MiB[39m).
2025-04-15T02:53:35.2067276Z ##[endgroup]
2025-04-15T02:53:35.2068572Z [94m➤[39m [90mYN0000[39m: └ Completed in 9s 297ms
2025-04-15T02:53:35.2555335Z [94m➤[39m [90mYN0000[39m: ┌ Link step
2025-04-15T02:53:35.2556388Z ##[group]Link step
2025-04-15T02:53:42.9725510Z [94m➤[39m YN0007: │ [38;5;173mcore-js[39m[38;5;111m@[39m[38;5;111mnpm:2.6.12[39m must be built because it never has been before or the last one failed
2025-04-15T02:53:42.9736561Z [94m➤[39m YN0007: │ [38;5;173mesbuild[39m[38;5;111m@[39m[38;5;111mnpm:0.24.2[39m must be built because it never has been before or the last one failed
2025-04-15T02:53:43.7512925Z ##[endgroup]
2025-04-15T02:53:43.7513937Z [94m➤[39m [90mYN0000[39m: └ Completed in 8s 496ms
2025-04-15T02:53:43.8126109Z [93m➤[39m YN0000: · Done with warnings in 18s 758ms
2025-04-15T02:53:57.1643440Z [log] [2m<DIR>/[22m[36mdist/index.js  [39m[2mchunk[22m[2m │ size: 52.33 kB[22m
2025-04-15T02:53:57.1644582Z [log]
2025-04-15T02:53:57.1645524Z [success] Finished in [1m20.33 ms[22m
2025-04-15T02:53:57.1647282Z janhq-conversational-extension-1.0.0.tgz
2025-04-15T02:53:57.1768491Z No matches found: "*.tgz"
2025-04-15T02:53:57.1771575Z npm notice
2025-04-15T02:53:57.1772514Z npm notice package: @janhq/conversational-extension@1.0.0
2025-04-15T02:53:57.1773341Z npm notice Tarball Contents
2025-04-15T02:53:57.1774038Z npm notice 52.3kB dist/index.js
2025-04-15T02:53:57.1774681Z npm notice 1.1kB package.json
2025-04-15T02:53:57.1775286Z npm notice Tarball Details
2025-04-15T02:53:57.1777869Z npm notice name: @janhq/conversational-extension
2025-04-15T02:53:57.1778667Z npm notice version: 1.0.0
2025-04-15T02:53:57.1779561Z npm notice filename: janhq-conversational-extension-1.0.0.tgz
2025-04-15T02:53:57.1780453Z npm notice package size: 13.8 kB
2025-04-15T02:53:57.1781097Z npm notice unpacked size: 53.4 kB
2025-04-15T02:53:57.1781936Z npm notice shasum: 5e93b3511d4ad0b42795151d7ed5ddba692d41da
2025-04-15T02:53:57.1782943Z npm notice integrity: sha512-4ZAzccc3D0Bpa[...]Ga2t7d1PJDlQA==
2025-04-15T02:53:57.1783756Z npm notice total files: 2
2025-04-15T02:53:57.1784360Z npm notice
2025-04-15T02:54:01.3163700Z [log] [2m<DIR>/[22m[36mdist/index.js  [39m[2mchunk[22m[2m │ size: 32.60 kB[22m
2025-04-15T02:54:01.3164922Z [log]
2025-04-15T02:54:01.3167067Z [success] Finished in [1m18.84 ms[22m
2025-04-15T02:54:01.3167923Z janhq-assistant-extension-1.0.2.tgz
2025-04-15T02:54:01.3168721Z No matches found: "*.tgz"
2025-04-15T02:54:01.3169464Z npm notice
2025-04-15T02:54:01.3170236Z npm notice package: @janhq/assistant-extension@1.0.2
2025-04-15T02:54:01.3172026Z npm notice Tarball Contents
2025-04-15T02:54:01.3172803Z npm notice 2.6kB README.md
2025-04-15T02:54:01.3173532Z npm notice 32.6kB dist/index.js
2025-04-15T02:54:01.3174225Z npm notice 998B package.json
2025-04-15T02:54:01.3174963Z npm notice Bundled Dependencies
2025-04-15T02:54:01.3175611Z npm notice layerr
2025-04-15T02:54:01.3177135Z npm notice ulidx
2025-04-15T02:54:01.3177729Z npm notice tslib
2025-04-15T02:54:01.3178411Z npm notice rxjs
2025-04-15T02:54:01.3179046Z npm notice @janhq/core
2025-04-15T02:54:01.3179675Z npm notice Tarball Details
2025-04-15T02:54:01.3180400Z npm notice name: @janhq/assistant-extension
2025-04-15T02:54:01.3181821Z npm notice version: 1.0.2
2025-04-15T02:54:01.3182686Z npm notice filename: janhq-assistant-extension-1.0.2.tgz
2025-04-15T02:54:01.3183569Z npm notice package size: 945.6 kB
2025-04-15T02:54:01.3184321Z npm notice unpacked size: 5.3 MB
2025-04-15T02:54:01.3185259Z npm notice shasum: 542e8aae213af226a17712fd534b1bac0819d67e
2025-04-15T02:54:01.3411225Z npm notice integrity: sha512-V/rQ6rlZnLzpX[...]CqNDA3M4rTsKQ==
2025-04-15T02:54:01.3427911Z npm notice bundled deps: 5
2025-04-15T02:54:01.3429439Z npm notice bundled files: 0
2025-04-15T02:54:01.3582032Z npm notice own files: 2576
2025-04-15T02:54:01.3582667Z npm notice total files: 2576
2025-04-15T02:54:01.3583246Z npm notice
2025-04-15T02:54:05.4113876Z [log] [2m<DIR>/[22m[36mdist/index.js  [39m[2mchunk[22m[2m │ size: 121.27 kB[22m
2025-04-15T02:54:05.4115904Z [log] [2m<DIR>/[22m[36mdist/node/index.cjs.js  [39m[2mchunk[22m[2m │ size: 2.85 kB[22m
2025-04-15T02:54:05.4116754Z [log]
2025-04-15T02:54:05.4117368Z [success] Finished in [1m26.16 ms[22m
2025-04-15T02:54:05.4118001Z No codesigning required
2025-04-15T02:54:05.4118656Z janhq-engine-management-extension-1.0.3.tgz
2025-04-15T02:54:05.4119323Z No matches found: "*.tgz"
2025-04-15T02:54:05.4120414Z npm notice
2025-04-15T02:54:05.4121111Z npm notice package: @janhq/engine-management-extension@1.0.3
2025-04-15T02:54:05.4121800Z npm notice Tarball Contents
2025-04-15T02:54:05.4122281Z npm notice 121.3kB dist/index.js
2025-04-15T02:54:05.4122812Z npm notice 2.8kB dist/node/index.cjs.js
2025-04-15T02:54:05.4123319Z npm notice 1.3kB package.json
2025-04-15T02:54:05.4123821Z npm notice Bundled Dependencies
2025-04-15T02:54:05.4124257Z npm notice layerr
2025-04-15T02:54:05.4124626Z npm notice ulidx
2025-04-15T02:54:05.4124976Z npm notice tslib
2025-04-15T02:54:05.4125333Z npm notice rxjs
2025-04-15T02:54:05.4125704Z npm notice @janhq/core
2025-04-15T02:54:05.4126114Z npm notice Tarball Details
2025-04-15T02:54:05.4126716Z npm notice name: @janhq/engine-management-extension
2025-04-15T02:54:05.4127298Z npm notice version: 1.0.3
2025-04-15T02:54:05.4128601Z npm notice filename: janhq-engine-management-extension-1.0.3.tgz
2025-04-15T02:54:05.4129361Z npm notice package size: 957.8 kB
2025-04-15T02:54:05.4130163Z npm notice unpacked size: 5.4 MB
2025-04-15T02:54:05.4130993Z npm notice shasum: 642039ddc065d83e56622884656db687e4f4c5db
2025-04-15T02:54:05.4131826Z npm notice integrity: sha512-q719D5ju4l1sG[...]1ckPRumQhS40g==
2025-04-15T02:54:05.4132470Z npm notice bundled deps: 5
2025-04-15T02:54:05.4132915Z npm notice bundled files: 0
2025-04-15T02:54:05.4133327Z npm notice own files: 2576
2025-04-15T02:54:05.4133770Z npm notice total files: 2576
2025-04-15T02:54:05.4134178Z npm notice
2025-04-15T02:54:09.2006011Z [log] [2m<DIR>/[22m[36mdist/index.js  [39m[2mchunk[22m[2m │ size: 49.00 kB[22m
2025-04-15T02:54:09.2006750Z [log]
2025-04-15T02:54:09.2007609Z [success] Finished in [1m21.87 ms[22m
2025-04-15T02:54:09.2008188Z No codesigning required
2025-04-15T02:54:09.2008765Z janhq-hardware-management-extension-1.0.0.tgz
2025-04-15T02:54:09.2009349Z No matches found: "*.tgz"
2025-04-15T02:54:09.2009720Z npm notice
2025-04-15T02:54:09.2010285Z npm notice package: @janhq/hardware-management-extension@1.0.0
2025-04-15T02:54:09.2010931Z npm notice Tarball Contents
2025-04-15T02:54:09.2011385Z npm notice 49.0kB dist/index.js
2025-04-15T02:54:09.2011818Z npm notice 1.3kB package.json
2025-04-15T02:54:09.2012299Z npm notice Bundled Dependencies
2025-04-15T02:54:09.2012749Z npm notice layerr
2025-04-15T02:54:09.2013120Z npm notice ulidx
2025-04-15T02:54:09.2013497Z npm notice tslib
2025-04-15T02:54:09.2014175Z npm notice rxjs
2025-04-15T02:54:09.2014503Z npm notice @janhq/core
2025-04-15T02:54:09.2014907Z npm notice Tarball Details
2025-04-15T02:54:09.2015475Z npm notice name: @janhq/hardware-management-extension
2025-04-15T02:54:09.2016037Z npm notice version: 1.0.0
2025-04-15T02:54:09.2016717Z npm notice filename: janhq-hardware-management-extension-1.0.0.tgz
2025-04-15T02:54:09.2017429Z npm notice package size: 949.1 kB
2025-04-15T02:54:09.2017911Z npm notice unpacked size: 5.3 MB
2025-04-15T02:54:09.2018538Z npm notice shasum: f5c2a13f060da881b60e64b7353be254fc7449f1
2025-04-15T02:54:09.2019081Z npm notice integrity: sha512-FtcIMTVdRc0wK[...]RcQ54Yrg5EJiw==
2025-04-15T02:54:09.2019687Z npm notice bundled deps: 5
2025-04-15T02:54:09.2020100Z npm notice bundled files: 0
2025-04-15T02:54:09.2020539Z npm notice own files: 2575
2025-04-15T02:54:09.2020991Z npm notice total files: 2575
2025-04-15T02:54:09.2021411Z npm notice
2025-04-15T02:54:11.5649629Z [log] [2m<DIR>/[22m[36mdist/index.js  [39m[2mchunk[22m[2m │ size: 112.49 kB[22m
2025-04-15T02:54:11.5650908Z [log]
2025-04-15T02:54:11.5651936Z [success] Finished in [1m23.05 ms[22m
2025-04-15T02:54:11.5652978Z janhq-model-extension-1.0.36.tgz
2025-04-15T02:54:11.5653542Z No matches found: "*.tgz"
2025-04-15T02:54:11.5653961Z npm notice
2025-04-15T02:54:11.5654488Z npm notice package: @janhq/model-extension@1.0.36
2025-04-15T02:54:11.5655075Z npm notice Tarball Contents
2025-04-15T02:54:11.5655536Z npm notice 2.6kB README.md
2025-04-15T02:54:11.5656014Z npm notice 112.7kB dist/index.js
2025-04-15T02:54:11.5656470Z npm notice 987B package.json
2025-04-15T02:54:11.5656744Z npm notice Tarball Details
2025-04-15T02:54:11.5657051Z npm notice name: @janhq/model-extension
2025-04-15T02:54:11.5657343Z npm notice version: 1.0.36
2025-04-15T02:54:11.5674248Z npm notice filename: janhq-model-extension-1.0.36.tgz
2025-04-15T02:54:11.5674816Z npm notice package size: 27.0 kB
2025-04-15T02:54:11.5675274Z npm notice unpacked size: 116.3 kB
2025-04-15T02:54:11.5675657Z npm notice shasum: 4b5da2441b5705507cb225109c2e5a36667bbb8b
2025-04-15T02:54:11.5676101Z npm notice integrity: sha512-xUj9NeEnyomx4[...]MN/NvZixBOb2w==
2025-04-15T02:54:11.5676446Z npm notice total files: 3
2025-04-15T02:54:11.5676658Z npm notice
2025-04-15T02:55:34.7467784Z [log] [2m<DIR>/[22m[36mdist/index.js  [39m[2mchunk[22m[2m │ size: 74.86 kB[22m
2025-04-15T02:55:34.7469551Z [log] [2m<DIR>/[22m[36mdist/node/index.cjs.js  [39m[2mchunk[22m[2m │ size: 5.01 kB[22m
2025-04-15T02:55:34.7470273Z [log]
2025-04-15T02:55:34.7471163Z [success] Finished in [1m23.66 ms[22m
2025-04-15T02:55:34.7472235Z Processing folder: ./../../electron/shared\engines\cortex.llamacpp\windows-amd64-noavx-cuda-12-0\v0.1.55
2025-04-15T02:55:34.7473126Z         1 file(s) moved.
2025-04-15T02:55:34.7473524Z         1 file(s) moved.
2025-04-15T02:55:34.7473936Z         1 file(s) moved.
2025-04-15T02:55:34.7474401Z         1 file(s) moved.
2025-04-15T02:55:34.7475365Z Processing folder: ./../../electron/shared\engines\cortex.llamacpp\windows-amd64-noavx-cuda-11-7\v0.1.55
2025-04-15T02:55:34.7476255Z         1 file(s) moved.
2025-04-15T02:55:34.7476652Z         1 file(s) moved.
2025-04-15T02:55:34.7477035Z         1 file(s) moved.
2025-04-15T02:55:34.7477676Z         1 file(s) moved.
2025-04-15T02:55:34.7478695Z Processing folder: ./../../electron/shared\engines\cortex.llamacpp\windows-amd64-avx2-cuda-12-0\v0.1.55
2025-04-15T02:55:34.7479600Z         1 file(s) moved.
2025-04-15T02:55:34.7479996Z         1 file(s) moved.
2025-04-15T02:55:34.7480384Z         1 file(s) moved.
2025-04-15T02:55:34.7480759Z         1 file(s) moved.
2025-04-15T02:55:34.7481703Z Processing folder: ./../../electron/shared\engines\cortex.llamacpp\windows-amd64-avx2-cuda-11-7\v0.1.55
2025-04-15T02:55:34.7482557Z         1 file(s) moved.
2025-04-15T02:55:34.7482941Z         1 file(s) moved.
2025-04-15T02:55:34.7483317Z         1 file(s) moved.
2025-04-15T02:55:34.7483679Z         1 file(s) moved.
2025-04-15T02:55:34.7484547Z Processing folder: ./../../electron/shared\engines\cortex.llamacpp\windows-amd64-noavx\v0.1.55
2025-04-15T02:55:34.7485335Z         1 file(s) moved.
2025-04-15T02:55:34.7485717Z         1 file(s) moved.
2025-04-15T02:55:34.7486137Z         1 file(s) moved.
2025-04-15T02:55:34.7486532Z         1 file(s) moved.
2025-04-15T02:55:34.7487384Z Processing folder: ./../../electron/shared\engines\cortex.llamacpp\windows-amd64-avx\v0.1.55
2025-04-15T02:55:34.7488177Z         1 file(s) moved.
2025-04-15T02:55:34.7488531Z         1 file(s) moved.
2025-04-15T02:55:34.7488918Z         1 file(s) moved.
2025-04-15T02:55:34.7489284Z         1 file(s) moved.
2025-04-15T02:55:34.7490155Z Processing folder: ./../../electron/shared\engines\cortex.llamacpp\windows-amd64-avx2\v0.1.55
2025-04-15T02:55:34.7490951Z         1 file(s) moved.
2025-04-15T02:55:34.7491352Z         1 file(s) moved.
2025-04-15T02:55:34.7491729Z         1 file(s) moved.
2025-04-15T02:55:34.7492111Z         1 file(s) moved.
2025-04-15T02:55:34.7492982Z Processing folder: ./../../electron/shared\engines\cortex.llamacpp\windows-amd64-avx512\v0.1.55
2025-04-15T02:55:34.7493810Z         1 file(s) moved.
2025-04-15T02:55:34.7494187Z         1 file(s) moved.
2025-04-15T02:55:34.7494581Z         1 file(s) moved.
2025-04-15T02:55:34.7494944Z         1 file(s) moved.
2025-04-15T02:55:34.7495809Z Processing folder: ./../../electron/shared\engines\cortex.llamacpp\windows-amd64-vulkan\v0.1.55
2025-04-15T02:55:34.7496619Z         1 file(s) moved.
2025-04-15T02:55:34.7496985Z         1 file(s) moved.
2025-04-15T02:55:34.7497342Z         1 file(s) moved.
2025-04-15T02:55:34.7497693Z         1 file(s) moved.
2025-04-15T02:55:34.7498097Z DLL files moved successfully.
2025-04-15T02:55:34.7498660Z janhq-inference-cortex-extension-1.0.25.tgz
2025-04-15T02:55:34.7499232Z No matches found: "*.tgz"
2025-04-15T02:55:34.7499772Z The system cannot find the file specified.
2025-04-15T02:55:34.7500383Z Invalid switch - "bin\cortex-beta.exe".
2025-04-15T02:55:34.7500935Z Invalid switch - "bin\cortex.exe".
2025-04-15T02:55:34.7501349Z npm notice
2025-04-15T02:55:34.7501951Z npm notice package: @janhq/inference-cortex-extension@1.0.25
2025-04-15T02:55:34.7502618Z npm notice Tarball Contents
2025-04-15T02:55:34.7503087Z npm notice 2.6kB README.md
2025-04-15T02:55:34.7503628Z npm notice 14.8MB dist/bin/cortex-server.exe
2025-04-15T02:55:34.7504213Z npm notice 8.7MB dist/bin/cortex.exe
2025-04-15T02:55:34.7504802Z npm notice 146.2MB dist/bin/cublas64_11.dll
2025-04-15T02:55:34.7505403Z npm notice 98.1MB dist/bin/cublas64_12.dll
2025-04-15T02:55:34.7506241Z npm notice 308.6MB dist/bin/cublasLt64_11.dll
2025-04-15T02:55:34.7506874Z npm notice 465.9MB dist/bin/cublasLt64_12.dll
2025-04-15T02:55:34.7507501Z npm notice 527.4kB dist/bin/cudart64_12.dll
2025-04-15T02:55:34.7508110Z npm notice 518.1kB dist/bin/cudart64_110.dll
2025-04-15T02:55:34.7508715Z npm notice 575.0kB dist/bin/msvcp140.dll
2025-04-15T02:55:34.7509282Z npm notice 192.1kB dist/bin/vcomp140.dll
2025-04-15T02:55:34.7509896Z npm notice 49.5kB dist/bin/vcruntime140_1.dll
2025-04-15T02:55:34.7510535Z npm notice 119.7kB dist/bin/vcruntime140.dll
2025-04-15T02:55:34.7511115Z npm notice 6B dist/bin/version.txt
2025-04-15T02:55:34.7511852Z npm notice 1.4MB dist/bin/vulkan-1.dll
2025-04-15T02:55:34.7512476Z npm notice 74.9kB dist/index.js
2025-04-15T02:55:34.7512987Z npm notice 5.0kB dist/node/index.cjs.js
2025-04-15T02:55:34.7513510Z npm notice 2.2kB package.json
2025-04-15T02:55:34.7514019Z npm notice Bundled Dependencies
2025-04-15T02:55:34.7514479Z npm notice fetch-retry
2025-04-15T02:55:34.7514872Z npm notice layerr
2025-04-15T02:55:34.7515218Z npm notice ulidx
2025-04-15T02:55:34.7515579Z npm notice tslib
2025-04-15T02:55:34.7515934Z npm notice rxjs
2025-04-15T02:55:34.7516325Z npm notice @janhq/core
2025-04-15T02:55:34.7516746Z npm notice Tarball Details
2025-04-15T02:55:34.7517350Z npm notice name: @janhq/inference-cortex-extension
2025-04-15T02:55:34.7517947Z npm notice version: 1.0.25
2025-04-15T02:55:34.7518655Z npm notice filename: janhq-inference-cortex-extension-1.0.25.tgz
2025-04-15T02:55:34.7519428Z npm notice package size: 713.3 MB
2025-04-15T02:55:34.7519976Z npm notice unpacked size: 1.1 GB
2025-04-15T02:55:34.7520662Z npm notice shasum: 05c4680d501d881de01b159a5715aec5d208b5ae
2025-04-15T02:55:34.7521499Z npm notice integrity: sha512-Eha4Unl7x3qVa[...]893pCDjqdwl+A==
2025-04-15T02:55:34.7522175Z npm notice bundled deps: 6
2025-04-15T02:55:34.7522599Z npm notice bundled files: 0
2025-04-15T02:55:34.7523001Z npm notice own files: 2608
2025-04-15T02:55:34.7523375Z npm notice total files: 2608
2025-04-15T02:55:34.7523733Z npm notice
2025-04-15T02:55:34.7524027Z Done in 1m 51s
2025-04-15T02:55:34.7859467Z powershell -Command "if ((Get-ChildItem -Path pre-install -Filter *.tgz | Measure-Object | Select-Object -ExpandProperty Count) -ne (Get-ChildItem -Path extensions -Directory | Where-Object Name -like *-extension* | Measure-Object | Select-Object -ExpandProperty Count)) { Write-Host 'Number of .tgz files in pre-install does not match the number of subdirectories in extensions with package.json'; exit 1 } else { Write-Host 'Extension build successful' }"
2025-04-15T02:55:35.2157263Z Extension build successful
2025-04-15T02:55:35.2294320Z yarn build
2025-04-15T02:55:37.8427705Z ⚠ No build cache found. Please configure build caching for faster rebuilds. Read more: https://nextjs.org/docs/messages/no-cache
2025-04-15T02:55:37.8483890Z Attention: Next.js now collects completely anonymous telemetry regarding usage.
2025-04-15T02:55:37.8485004Z This information is used to shape Next.js' roadmap and prioritize features.
2025-04-15T02:55:37.8486432Z You can learn more, including how to opt-out if you'd not like to participate in this anonymous program, by visiting the following URL:
2025-04-15T02:55:37.8487135Z https://nextjs.org/telemetry
2025-04-15T02:55:37.8487337Z 
2025-04-15T02:55:37.9153020Z   ▲ Next.js 14.2.3
2025-04-15T02:55:37.9154062Z 
2025-04-15T02:55:37.9297707Z    Creating an optimized production build ...
2025-04-15T02:55:38.4073333Z  ⚠ Production code optimization has been disabled in your project. Read more: https://nextjs.org/docs/messages/minification-disabled
2025-04-15T02:55:59.1108910Z  ✓ Compiled successfully
2025-04-15T02:55:59.1122275Z    Skipping linting
2025-04-15T02:55:59.1124537Z    Checking validity of types ...
2025-04-15T02:56:14.9629326Z    Collecting page data ...
2025-04-15T02:56:16.4610366Z    Generating static pages (0/8) ...
2025-04-15T02:56:17.1702294Z    Generating static pages (2/8) 
2025-04-15T02:56:17.2489261Z    Generating static pages (4/8) 
2025-04-15T02:56:17.3567777Z    Generating static pages (6/8) 
2025-04-15T02:56:20.2400109Z  ✓ Generating static pages (8/8)
2025-04-15T02:56:20.7733757Z    Finalizing page optimization ...
2025-04-15T02:56:20.7734337Z    Collecting build traces ...
2025-04-15T02:56:27.5308754Z 
2025-04-15T02:56:27.5338563Z Route (app)                              Size     First Load JS
2025-04-15T02:56:27.5339861Z ┌ ○ /                                    1.74 MB        2.15 MB
2025-04-15T02:56:27.5340769Z ├ ○ /_not-found                          1.42 kB         133 kB
2025-04-15T02:56:27.5342041Z ├ ○ /privacy                             336 B           156 kB
2025-04-15T02:56:27.5343078Z ├ ○ /search                              7.47 kB         364 kB
2025-04-15T02:56:27.5343794Z └ ○ /support                             336 B           156 kB
2025-04-15T02:56:27.5344287Z + First Load JS shared by all            132 kB
2025-04-15T02:56:27.5344858Z   ├ chunks/23-8e254c535cad5d3d.js        72.2 kB
2025-04-15T02:56:27.5345349Z   ├ chunks/fd9d1056-099d7b6430ef0309.js  55.3 kB
2025-04-15T02:56:27.5345791Z   └ other shared chunks (total)          4.08 kB
2025-04-15T02:56:27.5346029Z 
2025-04-15T02:56:27.5346036Z 
2025-04-15T02:56:27.5346306Z ○  (Static)  prerendered as static content
2025-04-15T02:56:27.5346545Z 
2025-04-15T02:56:29.9890744Z 'download.bat' is not recognized as an internal or external command,
2025-04-15T02:56:29.9891661Z operable program or batch file.
2025-04-15T02:56:29.9904701Z command not found: download.bat
2025-04-15T02:56:30.0861172Z make: *** [Makefile:120: build] Error 127
2025-04-15T02:56:30.0918906Z ##[error]Process completed with exit code 2.
2025-04-15T02:56:30.1180979Z Post job cleanup.
2025-04-15T02:56:30.5214107Z [command]"C:\Program Files\Git\bin\git.exe" version
2025-04-15T02:56:30.5487452Z git version 2.49.0.windows.1
2025-04-15T02:56:30.5598018Z Temporarily overriding HOME='D:\a\_temp\d933c69b-085d-4ff5-be62-b9fcd0db4ff2' before making global git config changes
2025-04-15T02:56:30.5599418Z Adding repository directory to the temporary git global config as a safe directory
2025-04-15T02:56:30.5606909Z [command]"C:\Program Files\Git\bin\git.exe" config --global --add safe.directory D:\a\jan\jan
2025-04-15T02:56:30.5880758Z [command]"C:\Program Files\Git\bin\git.exe" config --local --name-only --get-regexp core\.sshCommand
2025-04-15T02:56:30.6154319Z [command]"C:\Program Files\Git\bin\git.exe" submodule foreach --recursive "sh -c \"git config --local --name-only --get-regexp 'core\.sshCommand' && git config --local --unset-all 'core.sshCommand' || :\""
2025-04-15T02:56:31.0585562Z [command]"C:\Program Files\Git\bin\git.exe" config --local --name-only --get-regexp http\.https\:\/\/github\.com\/\.extraheader
2025-04-15T02:56:31.0789951Z http.https://github.com/.extraheader
2025-04-15T02:56:31.0828974Z [command]"C:\Program Files\Git\bin\git.exe" config --local --unset-all http.https://github.com/.extraheader
2025-04-15T02:56:31.1072164Z [command]"C:\Program Files\Git\bin\git.exe" submodule foreach --recursive "sh -c \"git config --local --name-only --get-regexp 'http\.https\:\/\/github\.com\/\.extraheader' && git config --local --unset-all 'http.https://github.com/.extraheader' || :\""
2025-04-15T02:56:31.5382562Z Cleaning up orphan processes
