2025-04-09T07:02:08.6417219Z Requested labels: ubuntu-latest
2025-04-09T07:02:08.6417616Z Job defined at: square/okhttp/.github/workflows/build.yml@refs/heads/master
2025-04-09T07:02:08.6417739Z Waiting for a runner to pick up this job...
2025-04-09T07:02:09.3946961Z Job is waiting for a hosted runner to come online.
2025-04-09T07:02:12.5008305Z Job is about to start running on the hosted runner: GitHub Actions 146 (hosted)
2025-04-09T07:02:14.4028773Z Current runner version: '2.323.0'
2025-04-09T07:02:14.4056497Z ##[group]Operating System
2025-04-09T07:02:14.4057386Z Ubuntu
2025-04-09T07:02:14.4057881Z 24.04.2
2025-04-09T07:02:14.4058413Z LTS
2025-04-09T07:02:14.4058865Z ##[endgroup]
2025-04-09T07:02:14.4059396Z ##[group]Runner Image
2025-04-09T07:02:14.4059996Z Image: ubuntu-24.04
2025-04-09T07:02:14.4060530Z Version: 20250323.1.0
2025-04-09T07:02:14.4061896Z Included Software: https://github.com/actions/runner-images/blob/ubuntu24/20250323.1/images/ubuntu/Ubuntu2404-Readme.md
2025-04-09T07:02:14.4063294Z Image Release: https://github.com/actions/runner-images/releases/tag/ubuntu24%2F20250323.1
2025-04-09T07:02:14.4064225Z ##[endgroup]
2025-04-09T07:02:14.4064764Z ##[group]Runner Image Provisioner
2025-04-09T07:02:14.4065414Z 2.0.422.1
2025-04-09T07:02:14.4065904Z ##[endgroup]
2025-04-09T07:02:14.4066925Z ##[group]GITHUB_TOKEN Permissions
2025-04-09T07:02:14.4068870Z Checks: write
2025-04-09T07:02:14.4069824Z Metadata: read
2025-04-09T07:02:14.4070864Z ##[endgroup]
2025-04-09T07:02:14.4075367Z Secret source: Actions
2025-04-09T07:02:14.4076595Z Prepare workflow directory
2025-04-09T07:02:14.4465230Z Prepare all required actions
2025-04-09T07:02:14.4501804Z Getting action download info
2025-04-09T07:02:14.6959868Z ##[group]Download immutable action package 'actions/checkout@v4'
2025-04-09T07:02:14.6960973Z Version: 4.2.2
2025-04-09T07:02:14.6962289Z Digest: sha256:ccb2698953eaebd21c7bf6268a94f9c26518a7e38e27e0b83c1fe1ad049819b1
2025-04-09T07:02:14.6963478Z Source commit SHA: 11bd71901bbe5b1630ceea73d27597364c9af683
2025-04-09T07:02:14.6964283Z ##[endgroup]
2025-04-09T07:02:14.8037296Z ##[group]Download immutable action package 'actions/setup-java@v4'
2025-04-09T07:02:14.8038179Z Version: 4.7.1
2025-04-09T07:02:14.8121940Z Digest: sha256:23223d64943473efb4336f60463c0429cd4f422cd5fc6c48a5cf0d5907c1aeac
2025-04-09T07:02:14.8123608Z Source commit SHA: c5195efecf7bdfc987ee8bae7a71cb8b11521c00
2025-04-09T07:02:14.8124597Z ##[endgroup]
2025-04-09T07:02:15.0997240Z Download action repository 'gradle/actions@v4' (SHA:06832c7b30a0129d7fb559bcc6e43d26f6374244)
2025-04-09T07:02:15.9936739Z Download action repository 'mikepenz/action-junit-report@v5' (SHA:cf701569b05ccdd861a76b8607a66d76f6fd4857)
2025-04-09T07:02:16.3354623Z Download action repository 'EnricoMi/publish-unit-test-result-action@v2' (SHA:afb2984f4d89672b2f9d9c13ae23d53779671984)
2025-04-09T07:02:16.8738750Z Complete job name: testopenjdk11
2025-04-09T07:02:16.9236080Z ##[group]Pull down action image 'ghcr.io/enricomi/publish-unit-test-result-action:v2.19.0'
2025-04-09T07:02:16.9288422Z ##[command]/usr/bin/docker pull ghcr.io/enricomi/publish-unit-test-result-action:v2.19.0
2025-04-09T07:02:17.3510311Z v2.19.0: Pulling from enricomi/publish-unit-test-result-action
2025-04-09T07:02:17.4520199Z f18232174bc9: Pulling fs layer
2025-04-09T07:02:17.4521698Z 25025a4218ee: Pulling fs layer
2025-04-09T07:02:17.4522138Z d1403b238159: Pulling fs layer
2025-04-09T07:02:17.4522501Z b6b6003920d8: Pulling fs layer
2025-04-09T07:02:17.4522898Z 3d77d28156f3: Pulling fs layer
2025-04-09T07:02:17.4523259Z f1d5e2cfaf57: Pulling fs layer
2025-04-09T07:02:17.4523618Z 69b190278e1e: Pulling fs layer
2025-04-09T07:02:17.4523997Z 633137b00ecf: Pulling fs layer
2025-04-09T07:02:17.4524367Z a33bfaf4bfe2: Pulling fs layer
2025-04-09T07:02:17.4524717Z b6b6003920d8: Waiting
2025-04-09T07:02:17.4525025Z 69b190278e1e: Waiting
2025-04-09T07:02:17.4525259Z 3d77d28156f3: Waiting
2025-04-09T07:02:17.4525557Z f1d5e2cfaf57: Waiting
2025-04-09T07:02:17.4525795Z a33bfaf4bfe2: Waiting
2025-04-09T07:02:17.4526029Z 633137b00ecf: Waiting
2025-04-09T07:02:17.5716971Z 25025a4218ee: Verifying Checksum
2025-04-09T07:02:17.5717767Z 25025a4218ee: Download complete
2025-04-09T07:02:17.6262275Z f18232174bc9: Verifying Checksum
2025-04-09T07:02:17.6265797Z f18232174bc9: Download complete
2025-04-09T07:02:17.6581816Z d1403b238159: Verifying Checksum
2025-04-09T07:02:17.6582447Z d1403b238159: Download complete
2025-04-09T07:02:17.6888939Z b6b6003920d8: Download complete
2025-04-09T07:02:17.7306270Z 3d77d28156f3: Verifying Checksum
2025-04-09T07:02:17.7309434Z 3d77d28156f3: Download complete
2025-04-09T07:02:17.7579848Z f18232174bc9: Pull complete
2025-04-09T07:02:17.7843038Z f1d5e2cfaf57: Verifying Checksum
2025-04-09T07:02:17.7843728Z f1d5e2cfaf57: Download complete
2025-04-09T07:02:17.8190767Z 633137b00ecf: Verifying Checksum
2025-04-09T07:02:17.8191636Z 633137b00ecf: Download complete
2025-04-09T07:02:17.8617614Z 69b190278e1e: Verifying Checksum
2025-04-09T07:02:17.8618405Z 69b190278e1e: Download complete
2025-04-09T07:02:17.8782272Z a33bfaf4bfe2: Verifying Checksum
2025-04-09T07:02:17.8782901Z a33bfaf4bfe2: Download complete
2025-04-09T07:02:18.0666982Z 25025a4218ee: Pull complete
2025-04-09T07:02:18.7319795Z d1403b238159: Pull complete
2025-04-09T07:02:18.7433768Z b6b6003920d8: Pull complete
2025-04-09T07:02:18.7586558Z 3d77d28156f3: Pull complete
2025-04-09T07:02:18.7691840Z f1d5e2cfaf57: Pull complete
2025-04-09T07:02:19.6714471Z 69b190278e1e: Pull complete
2025-04-09T07:02:19.6857317Z 633137b00ecf: Pull complete
2025-04-09T07:02:19.6940575Z a33bfaf4bfe2: Pull complete
2025-04-09T07:02:19.6983276Z Digest: sha256:0c11defbfc9b01d59877a9c781acfb8be44ee4c39573476bf9bf4e30465e8069
2025-04-09T07:02:19.6994601Z Status: Downloaded newer image for ghcr.io/enricomi/publish-unit-test-result-action:v2.19.0
2025-04-09T07:02:19.7006553Z ghcr.io/enricomi/publish-unit-test-result-action:v2.19.0
2025-04-09T07:02:19.7029154Z ##[endgroup]
2025-04-09T07:02:19.7290953Z ##[group]Run actions/checkout@v4
2025-04-09T07:02:19.7291751Z with:
2025-04-09T07:02:19.7291956Z   fetch-depth: 0
2025-04-09T07:02:19.7292187Z   repository: square/okhttp
2025-04-09T07:02:19.7292648Z   token: ***
2025-04-09T07:02:19.7292844Z   ssh-strict: true
2025-04-09T07:02:19.7293036Z   ssh-user: git
2025-04-09T07:02:19.7293227Z   persist-credentials: true
2025-04-09T07:02:19.7293474Z   clean: true
2025-04-09T07:02:19.7293674Z   sparse-checkout-cone-mode: true
2025-04-09T07:02:19.7293918Z   fetch-tags: false
2025-04-09T07:02:19.7294137Z   show-progress: true
2025-04-09T07:02:19.7294339Z   lfs: false
2025-04-09T07:02:19.7294523Z   submodules: false
2025-04-09T07:02:19.7294734Z   set-safe-directory: true
2025-04-09T07:02:19.7295164Z env:
2025-04-09T07:02:19.7295550Z   GRADLE_OPTS: -Dorg.gradle.jvmargs=-Xmx4g -Dorg.gradle.daemon=false -Dkotlin.incremental=false
2025-04-09T07:02:19.7295995Z ##[endgroup]
2025-04-09T07:02:20.0061591Z Syncing repository: square/okhttp
2025-04-09T07:02:20.0063125Z ##[group]Getting Git version info
2025-04-09T07:02:20.0063505Z Working directory is '/home/runner/work/okhttp/okhttp'
2025-04-09T07:02:20.0064040Z [command]/usr/bin/git version
2025-04-09T07:02:20.0156209Z git version 2.49.0
2025-04-09T07:02:20.0189915Z ##[endgroup]
2025-04-09T07:02:20.0214514Z Temporarily overriding HOME='/home/runner/work/_temp/cb922ad9-7dfd-4060-b334-ffa99beaf11b' before making global git config changes
2025-04-09T07:02:20.0215911Z Adding repository directory to the temporary git global config as a safe directory
2025-04-09T07:02:20.0220638Z [command]/usr/bin/git config --global --add safe.directory /home/runner/work/okhttp/okhttp
2025-04-09T07:02:20.0263114Z Deleting the contents of '/home/runner/work/okhttp/okhttp'
2025-04-09T07:02:20.0267466Z ##[group]Initializing the repository
2025-04-09T07:02:20.0272075Z [command]/usr/bin/git init /home/runner/work/okhttp/okhttp
2025-04-09T07:02:20.0358190Z hint: Using 'master' as the name for the initial branch. This default branch name
2025-04-09T07:02:20.0358954Z hint: is subject to change. To configure the initial branch name to use in all
2025-04-09T07:02:20.0359487Z hint: of your new repositories, which will suppress this warning, call:
2025-04-09T07:02:20.0359875Z hint:
2025-04-09T07:02:20.0360166Z hint: 	git config --global init.defaultBranch <name>
2025-04-09T07:02:20.0360517Z hint:
2025-04-09T07:02:20.0360822Z hint: Names commonly chosen instead of 'master' are 'main', 'trunk' and
2025-04-09T07:02:20.0361515Z hint: 'development'. The just-created branch can be renamed via this command:
2025-04-09T07:02:20.0362219Z hint:
2025-04-09T07:02:20.0362442Z hint: 	git branch -m <name>
2025-04-09T07:02:20.0369248Z Initialized empty Git repository in /home/runner/work/okhttp/okhttp/.git/
2025-04-09T07:02:20.0382907Z [command]/usr/bin/git remote add origin https://github.com/square/okhttp
2025-04-09T07:02:20.0423503Z ##[endgroup]
2025-04-09T07:02:20.0424198Z ##[group]Disabling automatic garbage collection
2025-04-09T07:02:20.0429027Z [command]/usr/bin/git config --local gc.auto 0
2025-04-09T07:02:20.0459618Z ##[endgroup]
2025-04-09T07:02:20.0460213Z ##[group]Setting up auth
2025-04-09T07:02:20.0467800Z [command]/usr/bin/git config --local --name-only --get-regexp core\.sshCommand
2025-04-09T07:02:20.0500553Z [command]/usr/bin/git submodule foreach --recursive sh -c "git config --local --name-only --get-regexp 'core\.sshCommand' && git config --local --unset-all 'core.sshCommand' || :"
2025-04-09T07:02:20.0880177Z [command]/usr/bin/git config --local --name-only --get-regexp http\.https\:\/\/github\.com\/\.extraheader
2025-04-09T07:02:20.0913881Z [command]/usr/bin/git submodule foreach --recursive sh -c "git config --local --name-only --get-regexp 'http\.https\:\/\/github\.com\/\.extraheader' && git config --local --unset-all 'http.https://github.com/.extraheader' || :"
2025-04-09T07:02:20.1149113Z [command]/usr/bin/git config --local http.https://github.com/.extraheader AUTHORIZATION: basic ***
2025-04-09T07:02:20.1199148Z ##[endgroup]
2025-04-09T07:02:20.1200165Z ##[group]Fetching the repository
2025-04-09T07:02:20.1209757Z [command]/usr/bin/git -c protocol.version=2 fetch --prune --no-recurse-submodules origin +refs/heads/*:refs/remotes/origin/* +refs/tags/*:refs/tags/*
2025-04-09T07:02:26.1014206Z From https://github.com/square/okhttp
2025-04-09T07:02:26.1015024Z  * [new branch]          ase-code-scanning-rollout -> origin/ase-code-scanning-rollout
2025-04-09T07:02:26.1015985Z  * [new branch]          enelson-jwilson-pretend-to-be-okio -> origin/enelson-jwilson-pretend-to-be-okio
2025-04-09T07:02:26.1017378Z  * [new branch]          feature.peckb.address-policy-max-calls-per-connection -> origin/feature.peckb.address-policy-max-calls-per-connection
2025-04-09T07:02:26.1020835Z  * [new branch]          fix_reads               -> origin/fix_reads
2025-04-09T07:02:26.1022028Z  * [new branch]          gh-pages                -> origin/gh-pages
2025-04-09T07:02:26.1024372Z  * [new branch]          ghpages-javadocs        -> origin/ghpages-javadocs
2025-04-09T07:02:26.1025335Z  * [new branch]          jwilson.0107.spotless_ktlint110 -> origin/jwilson.0107.spotless_ktlint110
2025-04-09T07:02:26.1026400Z  * [new branch]          jwilson.01206.deflater_other_tests -> origin/jwilson.01206.deflater_other_tests
2025-04-09T07:02:26.1027582Z  * [new branch]          jwilson.0122.apidump    -> origin/jwilson.0122.apidump
2025-04-09T07:02:26.1028651Z  * [new branch]          jwilson.0207.split_connection -> origin/jwilson.0207.split_connection
2025-04-09T07:02:26.1030908Z  * [new branch]          jwilson.0326.canceling_calls -> origin/jwilson.0326.canceling_calls
2025-04-09T07:02:26.1034137Z  * [new branch]          jwilson.0409.mockwebserver2015 -> origin/jwilson.0409.mockwebserver2015
2025-04-09T07:02:26.1035330Z  * [new branch]          jwilson.0414.skip_host  -> origin/jwilson.0414.skip_host
2025-04-09T07:02:26.1037552Z  * [new branch]          jwilson.0422.build_4x   -> origin/jwilson.0422.build_4x
2025-04-09T07:02:26.1039203Z  * [new branch]          jwilson.0422.release_build -> origin/jwilson.0422.release_build
2025-04-09T07:02:26.1041496Z  * [new branch]          jwilson.0422.release_build_ -> origin/jwilson.0422.release_build_
2025-04-09T07:02:26.1044117Z  * [new branch]          jwilson.0613.berchmerkz -> origin/jwilson.0613.berchmerkz
2025-04-09T07:02:26.1046314Z  * [new branch]          jwilson.1120.no_name    -> origin/jwilson.1120.no_name
2025-04-09T07:02:26.1048492Z  * [new branch]          jwilson.1205.submodule_fix -> origin/jwilson.1205.submodule_fix
2025-04-09T07:02:26.1049775Z  * [new branch]          jwilson.1206.deflater   -> origin/jwilson.1206.deflater
2025-04-09T07:02:26.1051968Z  * [new branch]          kmp_again               -> origin/kmp_again
2025-04-09T07:02:26.1054309Z  * [new branch]          master                  -> origin/master
2025-04-09T07:02:26.1056433Z  * [new branch]          okhttp_27               -> origin/okhttp_27
2025-04-09T07:02:26.1058575Z  * [new branch]          okhttp_3.10.x           -> origin/okhttp_3.10.x
2025-04-09T07:02:26.1060733Z  * [new branch]          okhttp_3.11.x           -> origin/okhttp_3.11.x
2025-04-09T07:02:26.1063297Z  * [new branch]          okhttp_3.12.x           -> origin/okhttp_3.12.x
2025-04-09T07:02:26.1065341Z  * [new branch]          okhttp_3.13.x           -> origin/okhttp_3.13.x
2025-04-09T07:02:26.1067277Z  * [new branch]          okhttp_3.14.x           -> origin/okhttp_3.14.x
2025-04-09T07:02:26.1069729Z  * [new branch]          okhttp_3.9.x            -> origin/okhttp_3.9.x
2025-04-09T07:02:26.1071709Z  * [new branch]          okhttp_4.0.x            -> origin/okhttp_4.0.x
2025-04-09T07:02:26.1074073Z  * [new branch]          okhttp_4.1.x            -> origin/okhttp_4.1.x
2025-04-09T07:02:26.1076087Z  * [new branch]          okhttp_4.10.x           -> origin/okhttp_4.10.x
2025-04-09T07:02:26.1078212Z  * [new branch]          okhttp_4.2.x            -> origin/okhttp_4.2.x
2025-04-09T07:02:26.1080378Z  * [new branch]          okhttp_4.3.x            -> origin/okhttp_4.3.x
2025-04-09T07:02:26.1082966Z  * [new branch]          okhttp_4.4.x            -> origin/okhttp_4.4.x
2025-04-09T07:02:26.1085240Z  * [new branch]          okhttp_4.9.x            -> origin/okhttp_4.9.x
2025-04-09T07:02:26.1087342Z  * [new branch]          okhttp_4x               -> origin/okhttp_4x
2025-04-09T07:02:26.1090816Z  * [new branch]          renovate/bnd            -> origin/renovate/bnd
2025-04-09T07:02:26.1093531Z  * [new branch]          renovate/com.squareup-kotlinpoet-2.x -> origin/renovate/com.squareup-kotlinpoet-2.x
2025-04-09T07:02:26.1095178Z  * [new branch]          renovate/graalvm        -> origin/renovate/graalvm
2025-04-09T07:02:26.1097781Z  * [new branch]          renovate/kotlin-monorepo -> origin/renovate/kotlin-monorepo
2025-04-09T07:02:26.1099769Z  * [new branch]          renovate/major-bnd      -> origin/renovate/major-bnd
2025-04-09T07:02:26.1102412Z  * [new branch]          renovate/ru.vyarus-gradle-animalsniffer-plugin-2.x -> origin/renovate/ru.vyarus-gradle-animalsniffer-plugin-2.x
2025-04-09T07:02:26.1104193Z  * [new branch]          vscode                  -> origin/vscode
2025-04-09T07:02:26.1107113Z  * [new branch]          yschimke-hostnames      -> origin/yschimke-hostnames
2025-04-09T07:02:26.1110815Z  * [new tag]             1.3.0                   -> 1.3.0
2025-04-09T07:02:26.1111846Z  * [new tag]             jesse-5.0.0-alpha.11    -> jesse-5.0.0-alpha.11
2025-04-09T07:02:26.1113684Z  * [new tag]             jesse-5.0.0-alpha.11.b  -> jesse-5.0.0-alpha.11.b
2025-04-09T07:02:26.1115290Z  * [new tag]             list                    -> list
2025-04-09T07:02:26.1116569Z  * [new tag]             parent-1.0.0            -> parent-1.0.0
2025-04-09T07:02:26.1117763Z  * [new tag]             parent-1.0.1            -> parent-1.0.1
2025-04-09T07:02:26.1119360Z  * [new tag]             parent-1.0.2            -> parent-1.0.2
2025-04-09T07:02:26.1120531Z  * [new tag]             parent-1.1.0            -> parent-1.1.0
2025-04-09T07:02:26.1122055Z  * [new tag]             parent-1.1.1            -> parent-1.1.1
2025-04-09T07:02:26.1123811Z  * [new tag]             parent-1.2.0            -> parent-1.2.0
2025-04-09T07:02:26.1124935Z  * [new tag]             parent-1.2.1            -> parent-1.2.1
2025-04-09T07:02:26.1126458Z  * [new tag]             parent-1.5.0            -> parent-1.5.0
2025-04-09T07:02:26.1127707Z  * [new tag]             parent-1.5.1            -> parent-1.5.1
2025-04-09T07:02:26.1129285Z  * [new tag]             parent-1.5.2            -> parent-1.5.2
2025-04-09T07:02:26.1130525Z  * [new tag]             parent-1.5.3            -> parent-1.5.3
2025-04-09T07:02:26.1131959Z  * [new tag]             parent-1.5.4            -> parent-1.5.4
2025-04-09T07:02:26.1133996Z  * [new tag]             parent-1.6.0            -> parent-1.6.0
2025-04-09T07:02:26.1135222Z  * [new tag]             parent-2.0.0            -> parent-2.0.0
2025-04-09T07:02:26.1136968Z  * [new tag]             parent-2.0.0-RC1        -> parent-2.0.0-RC1
2025-04-09T07:02:26.1138563Z  * [new tag]             parent-2.0.0-RC2        -> parent-2.0.0-RC2
2025-04-09T07:02:26.1139629Z  * [new tag]             parent-2.1.0            -> parent-2.1.0
2025-04-09T07:02:26.1141625Z  * [new tag]             parent-2.1.0-RC1        -> parent-2.1.0-RC1
2025-04-09T07:02:26.1142953Z  * [new tag]             parent-2.2.0            -> parent-2.2.0
2025-04-09T07:02:26.1144148Z  * [new tag]             parent-2.3.0            -> parent-2.3.0
2025-04-09T07:02:26.1145707Z  * [new tag]             parent-2.4.0            -> parent-2.4.0
2025-04-09T07:02:26.1147014Z  * [new tag]             parent-2.4.0-RC1        -> parent-2.4.0-RC1
2025-04-09T07:02:26.1148593Z  * [new tag]             parent-2.5.0            -> parent-2.5.0
2025-04-09T07:02:26.1150163Z  * [new tag]             parent-2.6.0            -> parent-2.6.0
2025-04-09T07:02:26.1151684Z  * [new tag]             parent-2.7.0            -> parent-2.7.0
2025-04-09T07:02:26.1152984Z  * [new tag]             parent-2.7.1            -> parent-2.7.1
2025-04-09T07:02:26.1154904Z  * [new tag]             parent-2.7.2            -> parent-2.7.2
2025-04-09T07:02:26.1156009Z  * [new tag]             parent-2.7.3            -> parent-2.7.3
2025-04-09T07:02:26.1157616Z  * [new tag]             parent-2.7.4            -> parent-2.7.4
2025-04-09T07:02:26.1159204Z  * [new tag]             parent-2.7.5            -> parent-2.7.5
2025-04-09T07:02:26.1160792Z  * [new tag]             parent-3.0.0            -> parent-3.0.0
2025-04-09T07:02:26.1162497Z  * [new tag]             parent-3.0.0-RC1        -> parent-3.0.0-RC1
2025-04-09T07:02:26.1163817Z  * [new tag]             parent-3.0.1            -> parent-3.0.1
2025-04-09T07:02:26.1165541Z  * [new tag]             parent-3.1.0            -> parent-3.1.0
2025-04-09T07:02:26.1167047Z  * [new tag]             parent-3.1.1            -> parent-3.1.1
2025-04-09T07:02:26.1168346Z  * [new tag]             parent-3.1.2            -> parent-3.1.2
2025-04-09T07:02:26.1170073Z  * [new tag]             parent-3.10.0           -> parent-3.10.0
2025-04-09T07:02:26.1171141Z  * [new tag]             parent-3.11.0           -> parent-3.11.0
2025-04-09T07:02:26.1173024Z  * [new tag]             parent-3.12.0           -> parent-3.12.0
2025-04-09T07:02:26.1174482Z  * [new tag]             parent-3.12.1           -> parent-3.12.1
2025-04-09T07:02:26.1175927Z  * [new tag]             parent-3.12.10          -> parent-3.12.10
2025-04-09T07:02:26.1177423Z  * [new tag]             parent-3.12.11          -> parent-3.12.11
2025-04-09T07:02:26.1178977Z  * [new tag]             parent-3.12.12          -> parent-3.12.12
2025-04-09T07:02:26.1180299Z  * [new tag]             parent-3.12.13          -> parent-3.12.13
2025-04-09T07:02:26.1182156Z  * [new tag]             parent-3.12.2           -> parent-3.12.2
2025-04-09T07:02:26.1183625Z  * [new tag]             parent-3.12.3           -> parent-3.12.3
2025-04-09T07:02:26.1185174Z  * [new tag]             parent-3.12.4           -> parent-3.12.4
2025-04-09T07:02:26.1186446Z  * [new tag]             parent-3.12.5           -> parent-3.12.5
2025-04-09T07:02:26.1188113Z  * [new tag]             parent-3.12.6           -> parent-3.12.6
2025-04-09T07:02:26.1189334Z  * [new tag]             parent-3.12.7           -> parent-3.12.7
2025-04-09T07:02:26.1190920Z  * [new tag]             parent-3.12.8           -> parent-3.12.8
2025-04-09T07:02:26.1192699Z  * [new tag]             parent-3.12.9           -> parent-3.12.9
2025-04-09T07:02:26.1193992Z  * [new tag]             parent-3.13.0           -> parent-3.13.0
2025-04-09T07:02:26.1195690Z  * [new tag]             parent-3.13.1           -> parent-3.13.1
2025-04-09T07:02:26.1197109Z  * [new tag]             parent-3.14.0           -> parent-3.14.0
2025-04-09T07:02:26.1198695Z  * [new tag]             parent-3.14.1           -> parent-3.14.1
2025-04-09T07:02:26.1200268Z  * [new tag]             parent-3.14.2           -> parent-3.14.2
2025-04-09T07:02:26.1201665Z  * [new tag]             parent-3.14.3           -> parent-3.14.3
2025-04-09T07:02:26.1203428Z  * [new tag]             parent-3.14.4           -> parent-3.14.4
2025-04-09T07:02:26.1204975Z  * [new tag]             parent-3.14.5           -> parent-3.14.5
2025-04-09T07:02:26.1206428Z  * [new tag]             parent-3.14.6           -> parent-3.14.6
2025-04-09T07:02:26.1207931Z  * [new tag]             parent-3.14.7           -> parent-3.14.7
2025-04-09T07:02:26.1209235Z  * [new tag]             parent-3.14.8           -> parent-3.14.8
2025-04-09T07:02:26.1210940Z  * [new tag]             parent-3.14.9           -> parent-3.14.9
2025-04-09T07:02:26.1212640Z  * [new tag]             parent-3.2.0            -> parent-3.2.0
2025-04-09T07:02:26.1214099Z  * [new tag]             parent-3.3.0            -> parent-3.3.0
2025-04-09T07:02:26.1215639Z  * [new tag]             parent-3.3.1            -> parent-3.3.1
2025-04-09T07:02:26.1217150Z  * [new tag]             parent-3.4.0            -> parent-3.4.0
2025-04-09T07:02:26.1218591Z  * [new tag]             parent-3.4.0-RC1        -> parent-3.4.0-RC1
2025-04-09T07:02:26.1220330Z  * [new tag]             parent-3.4.1            -> parent-3.4.1
2025-04-09T07:02:26.1221607Z  * [new tag]             parent-3.4.2            -> parent-3.4.2
2025-04-09T07:02:26.1223243Z  * [new tag]             parent-3.5.0            -> parent-3.5.0
2025-04-09T07:02:26.1224769Z  * [new tag]             parent-3.6.0            -> parent-3.6.0
2025-04-09T07:02:26.1226188Z  * [new tag]             parent-3.7.0            -> parent-3.7.0
2025-04-09T07:02:26.1227734Z  * [new tag]             parent-3.8.0            -> parent-3.8.0
2025-04-09T07:02:26.1229135Z  * [new tag]             parent-3.8.1            -> parent-3.8.1
2025-04-09T07:02:26.1230711Z  * [new tag]             parent-3.9.0            -> parent-3.9.0
2025-04-09T07:02:26.1232188Z  * [new tag]             parent-3.9.1            -> parent-3.9.1
2025-04-09T07:02:26.1233844Z  * [new tag]             parent-4.0.0            -> parent-4.0.0
2025-04-09T07:02:26.1235556Z  * [new tag]             parent-4.0.0-ALPHA01    -> parent-4.0.0-ALPHA01
2025-04-09T07:02:26.1237055Z  * [new tag]             parent-4.0.0-RC1        -> parent-4.0.0-RC1
2025-04-09T07:02:26.1238626Z  * [new tag]             parent-4.0.0-RC2        -> parent-4.0.0-RC2
2025-04-09T07:02:26.1240095Z  * [new tag]             parent-4.0.0-RC3        -> parent-4.0.0-RC3
2025-04-09T07:02:26.1241869Z  * [new tag]             parent-4.0.0-alpha02    -> parent-4.0.0-alpha02
2025-04-09T07:02:26.1243341Z  * [new tag]             parent-4.0.1            -> parent-4.0.1
2025-04-09T07:02:26.1244926Z  * [new tag]             parent-4.1.0            -> parent-4.1.0
2025-04-09T07:02:26.1246609Z  * [new tag]             parent-4.1.1            -> parent-4.1.1
2025-04-09T07:02:26.1248167Z  * [new tag]             parent-4.10.0           -> parent-4.10.0
2025-04-09T07:02:26.1249760Z  * [new tag]             parent-4.10.0-RC1       -> parent-4.10.0-RC1
2025-04-09T07:02:26.1251488Z  * [new tag]             parent-4.11.0           -> parent-4.11.0
2025-04-09T07:02:26.1253179Z  * [new tag]             parent-4.12.0           -> parent-4.12.0
2025-04-09T07:02:26.1254771Z  * [new tag]             parent-4.2.0            -> parent-4.2.0
2025-04-09T07:02:26.1256335Z  * [new tag]             parent-4.2.1            -> parent-4.2.1
2025-04-09T07:02:26.1257870Z  * [new tag]             parent-4.2.2            -> parent-4.2.2
2025-04-09T07:02:26.1259461Z  * [new tag]             parent-4.3.0            -> parent-4.3.0
2025-04-09T07:02:26.1261022Z  * [new tag]             parent-4.3.1            -> parent-4.3.1
2025-04-09T07:02:26.1262887Z  * [new tag]             parent-4.4.0            -> parent-4.4.0
2025-04-09T07:02:26.1264638Z  * [new tag]             parent-4.4.1            -> parent-4.4.1
2025-04-09T07:02:26.1266174Z  * [new tag]             parent-4.5.0            -> parent-4.5.0
2025-04-09T07:02:26.1267701Z  * [new tag]             parent-4.5.0-RC1        -> parent-4.5.0-RC1
2025-04-09T07:02:26.1269228Z  * [new tag]             parent-4.6.0            -> parent-4.6.0
2025-04-09T07:02:26.1270874Z  * [new tag]             parent-4.7.0            -> parent-4.7.0
2025-04-09T07:02:26.1303493Z  * [new tag]             parent-4.7.1            -> parent-4.7.1
2025-04-09T07:02:26.1305149Z  * [new tag]             parent-4.7.2            -> parent-4.7.2
2025-04-09T07:02:26.1305974Z  * [new tag]             parent-4.8.0            -> parent-4.8.0
2025-04-09T07:02:26.1306572Z  * [new tag]             parent-4.8.1            -> parent-4.8.1
2025-04-09T07:02:26.1307112Z  * [new tag]             parent-4.9.0            -> parent-4.9.0
2025-04-09T07:02:26.1307639Z  * [new tag]             parent-4.9.1            -> parent-4.9.1
2025-04-09T07:02:26.1308184Z  * [new tag]             parent-4.9.2            -> parent-4.9.2
2025-04-09T07:02:26.1308720Z  * [new tag]             parent-4.9.3            -> parent-4.9.3
2025-04-09T07:02:26.1309299Z  * [new tag]             parent-5.0.0-alpha.1    -> parent-5.0.0-alpha.1
2025-04-09T07:02:26.1309927Z  * [new tag]             parent-5.0.0-alpha.10   -> parent-5.0.0-alpha.10
2025-04-09T07:02:26.1310789Z  * [new tag]             parent-5.0.0-alpha.11   -> parent-5.0.0-alpha.11
2025-04-09T07:02:26.1311735Z  * [new tag]             parent-5.0.0-alpha.12   -> parent-5.0.0-alpha.12
2025-04-09T07:02:26.1312359Z  * [new tag]             parent-5.0.0-alpha.13   -> parent-5.0.0-alpha.13
2025-04-09T07:02:26.1312968Z  * [new tag]             parent-5.0.0-alpha.14   -> parent-5.0.0-alpha.14
2025-04-09T07:02:26.1313584Z  * [new tag]             parent-5.0.0-alpha.2    -> parent-5.0.0-alpha.2
2025-04-09T07:02:26.1314191Z  * [new tag]             parent-5.0.0-alpha.3    -> parent-5.0.0-alpha.3
2025-04-09T07:02:26.1314796Z  * [new tag]             parent-5.0.0-alpha.4    -> parent-5.0.0-alpha.4
2025-04-09T07:02:26.1315400Z  * [new tag]             parent-5.0.0-alpha.5    -> parent-5.0.0-alpha.5
2025-04-09T07:02:26.1316039Z  * [new tag]             parent-5.0.0-alpha.6    -> parent-5.0.0-alpha.6
2025-04-09T07:02:26.1316642Z  * [new tag]             parent-5.0.0-alpha.7    -> parent-5.0.0-alpha.7
2025-04-09T07:02:26.1317261Z  * [new tag]             parent-5.0.0-alpha.8    -> parent-5.0.0-alpha.8
2025-04-09T07:02:26.1317890Z  * [new tag]             parent-5.0.0-alpha.9    -> parent-5.0.0-alpha.9
2025-04-09T07:02:26.1375094Z [command]/usr/bin/git branch --list --remote origin/master
2025-04-09T07:02:26.1402807Z   origin/master
2025-04-09T07:02:26.1412156Z [command]/usr/bin/git rev-parse refs/remotes/origin/master
2025-04-09T07:02:26.1433092Z 76aeda76c213ef398fe7d5ace10f36562c1fbdd8
2025-04-09T07:02:26.1438568Z ##[endgroup]
2025-04-09T07:02:26.1438941Z ##[group]Determining the checkout info
2025-04-09T07:02:26.1439976Z ##[endgroup]
2025-04-09T07:02:26.1444458Z [command]/usr/bin/git sparse-checkout disable
2025-04-09T07:02:26.1485390Z [command]/usr/bin/git config --local --unset-all extensions.worktreeConfig
2025-04-09T07:02:26.1510532Z ##[group]Checking out the ref
2025-04-09T07:02:26.1514647Z [command]/usr/bin/git checkout --progress --force -B master refs/remotes/origin/master
2025-04-09T07:02:26.2278136Z Reset branch 'master'
2025-04-09T07:02:26.2279070Z branch 'master' set up to track 'origin/master'.
2025-04-09T07:02:26.2292764Z ##[endgroup]
2025-04-09T07:02:26.2332799Z [command]/usr/bin/git log -1 --format=%H
2025-04-09T07:02:26.2355517Z 76aeda76c213ef398fe7d5ace10f36562c1fbdd8
2025-04-09T07:02:26.2577418Z ##[group]Run actions/setup-java@v4
2025-04-09T07:02:26.2577702Z with:
2025-04-09T07:02:26.2577883Z   distribution: zulu
2025-04-09T07:02:26.2578082Z   java-version: 11
2025-04-09T07:02:26.2578268Z   java-package: jdk
2025-04-09T07:02:26.2578472Z   check-latest: false
2025-04-09T07:02:26.2578670Z   server-id: github
2025-04-09T07:02:26.2579059Z   server-username: GITHUB_ACTOR
2025-04-09T07:02:26.2579299Z   server-password: GITHUB_TOKEN
2025-04-09T07:02:26.2579533Z   overwrite-settings: true
2025-04-09T07:02:26.2579746Z   job-status: success
2025-04-09T07:02:26.2580058Z   token: ***
2025-04-09T07:02:26.2580235Z env:
2025-04-09T07:02:26.2580595Z   GRADLE_OPTS: -Dorg.gradle.jvmargs=-Xmx4g -Dorg.gradle.daemon=false -Dkotlin.incremental=false
2025-04-09T07:02:26.2581004Z ##[endgroup]
2025-04-09T07:02:26.4620989Z ##[group]Installed distributions
2025-04-09T07:02:26.4645146Z Trying to resolve the latest version from remote
2025-04-09T07:02:26.5460860Z Resolved latest version as 11.0.26+4
2025-04-09T07:02:26.5461965Z Trying to download...
2025-04-09T07:02:26.5462912Z Downloading Java 11.0.26+4 (Zulu) from https://cdn.azul.com/zulu/bin/zulu11.78.15-ca-jdk11.0.26-linux_x64.tar.gz ...
2025-04-09T07:02:27.4768806Z Extracting Java archive...
2025-04-09T07:02:27.4876784Z [command]/usr/bin/tar xz --warning=no-unknown-keyword --overwrite -C /home/runner/work/_temp/ca05022a-833f-4770-80fe-bcfb8b6ad694 -f /home/runner/work/_temp/c3546f2e-0315-4b2b-b57f-c570749bbb47
2025-04-09T07:02:30.1114549Z Java 11.0.26+4 was downloaded
2025-04-09T07:02:30.1115151Z Setting Java 11.0.26+4 as the default
2025-04-09T07:02:30.1123222Z Creating toolchains.xml for JDK version 11 from zulu
2025-04-09T07:02:30.1201111Z Writing to /home/runner/.m2/toolchains.xml
2025-04-09T07:02:30.1201769Z 
2025-04-09T07:02:30.1201921Z Java configuration:
2025-04-09T07:02:30.1202279Z   Distribution: zulu
2025-04-09T07:02:30.1202624Z   Version: 11.0.26+4
2025-04-09T07:02:30.1203054Z   Path: /opt/hostedtoolcache/Java_Zulu_jdk/11.0.26-4/x64
2025-04-09T07:02:30.1203485Z 
2025-04-09T07:02:30.1205106Z ##[endgroup]
2025-04-09T07:02:30.1218065Z Creating settings.xml with server-id: github
2025-04-09T07:02:30.1219893Z Writing to /home/runner/.m2/settings.xml
2025-04-09T07:02:30.1372322Z ##[group]Run actions/setup-java@v4
2025-04-09T07:02:30.1372618Z with:
2025-04-09T07:02:30.1372811Z   distribution: zulu
2025-04-09T07:02:30.1373015Z   java-version: 17
2025-04-09T07:02:30.1373212Z   java-package: jdk
2025-04-09T07:02:30.1373406Z   check-latest: false
2025-04-09T07:02:30.1373599Z   server-id: github
2025-04-09T07:02:30.1373796Z   server-username: GITHUB_ACTOR
2025-04-09T07:02:30.1374033Z   server-password: GITHUB_TOKEN
2025-04-09T07:02:30.1374261Z   overwrite-settings: true
2025-04-09T07:02:30.1374474Z   job-status: success
2025-04-09T07:02:30.1374780Z   token: ***
2025-04-09T07:02:30.1374959Z env:
2025-04-09T07:02:30.1375311Z   GRADLE_OPTS: -Dorg.gradle.jvmargs=-Xmx4g -Dorg.gradle.daemon=false -Dkotlin.incremental=false
2025-04-09T07:02:30.1375789Z   JAVA_HOME: /opt/hostedtoolcache/Java_Zulu_jdk/11.0.26-4/x64
2025-04-09T07:02:30.1376163Z   JAVA_HOME_11_X64: /opt/hostedtoolcache/Java_Zulu_jdk/11.0.26-4/x64
2025-04-09T07:02:30.1376467Z ##[endgroup]
2025-04-09T07:02:30.3336773Z ##[group]Installed distributions
2025-04-09T07:02:30.3371665Z Trying to resolve the latest version from remote
2025-04-09T07:02:30.4132182Z Resolved latest version as 17.0.14+7
2025-04-09T07:02:30.4132690Z Trying to download...
2025-04-09T07:02:30.4133500Z Downloading Java 17.0.14+7 (Zulu) from https://cdn.azul.com/zulu/bin/zulu17.56.15-ca-crac-jdk17.0.14-linux_x64.tar.gz ...
2025-04-09T07:02:31.4646112Z Extracting Java archive...
2025-04-09T07:02:31.4765602Z [command]/usr/bin/tar xz --warning=no-unknown-keyword --overwrite -C /home/runner/work/_temp/fc1a94f1-96f0-47a0-b909-133e8d6285f0 -f /home/runner/work/_temp/6cfc065c-8812-4c6e-9b10-a8424b3d5aad
2025-04-09T07:02:34.3429402Z Java 17.0.14+7 was downloaded
2025-04-09T07:02:34.3429827Z Setting Java 17.0.14+7 as the default
2025-04-09T07:02:34.3442879Z Creating toolchains.xml for JDK version 17 from zulu
2025-04-09T07:02:34.3533687Z Overwriting existing file /home/runner/.m2/toolchains.xml
2025-04-09T07:02:34.3535569Z 
2025-04-09T07:02:34.3536163Z Java configuration:
2025-04-09T07:02:34.3536540Z   Distribution: zulu
2025-04-09T07:02:34.3536902Z   Version: 17.0.14+7
2025-04-09T07:02:34.3537707Z   Path: /opt/hostedtoolcache/Java_Zulu_jdk/17.0.14-7/x64
2025-04-09T07:02:34.3538111Z 
2025-04-09T07:02:34.3538617Z ##[endgroup]
2025-04-09T07:02:34.3546693Z Creating settings.xml with server-id: github
2025-04-09T07:02:34.3558442Z Overwriting existing file /home/runner/.m2/settings.xml
2025-04-09T07:02:34.3759487Z ##[group]Run gradle/actions/setup-gradle@v4
2025-04-09T07:02:34.3759790Z with:
2025-04-09T07:02:34.3759982Z   cache-disabled: false
2025-04-09T07:02:34.3760205Z   cache-read-only: false
2025-04-09T07:02:34.3760427Z   cache-write-only: false
2025-04-09T07:02:34.3760659Z   cache-overwrite-existing: false
2025-04-09T07:02:34.3760913Z   cache-cleanup: on-success
2025-04-09T07:02:34.3761449Z   gradle-home-cache-includes: caches
notifications

2025-04-09T07:02:34.3761783Z   add-job-summary: always
2025-04-09T07:02:34.3762022Z   add-job-summary-as-pr-comment: never
2025-04-09T07:02:34.3762295Z   dependency-graph: disabled
2025-04-09T07:02:34.3762591Z   dependency-graph-report-dir: dependency-graph-reports
2025-04-09T07:02:34.3762966Z   dependency-graph-continue-on-failure: true
2025-04-09T07:02:34.3763248Z   build-scan-publish: false
2025-04-09T07:02:34.3763472Z   validate-wrappers: true
2025-04-09T07:02:34.3763701Z   allow-snapshot-wrappers: false
2025-04-09T07:02:34.3764014Z   gradle-home-cache-strict-match: false
2025-04-09T07:02:34.3764283Z   workflow-job-context: null
2025-04-09T07:02:34.3764659Z   github-token: ***
2025-04-09T07:02:34.3764843Z env:
2025-04-09T07:02:34.3765200Z   GRADLE_OPTS: -Dorg.gradle.jvmargs=-Xmx4g -Dorg.gradle.daemon=false -Dkotlin.incremental=false
2025-04-09T07:02:34.3765681Z   JAVA_HOME: /opt/hostedtoolcache/Java_Zulu_jdk/17.0.14-7/x64
2025-04-09T07:02:34.3766056Z   JAVA_HOME_11_X64: /opt/hostedtoolcache/Java_Zulu_jdk/11.0.26-4/x64
2025-04-09T07:02:34.3766430Z   JAVA_HOME_17_X64: /opt/hostedtoolcache/Java_Zulu_jdk/17.0.14-7/x64
2025-04-09T07:02:34.3766725Z ##[endgroup]
2025-04-09T07:02:34.7731435Z Merged default JDK locations into /home/runner/.m2/toolchains.xml
2025-04-09T07:02:34.7733721Z Preparing cache for cleanup.
2025-04-09T07:02:34.7737273Z ##[group]Restore Gradle state from cache
2025-04-09T07:02:34.8996250Z Cache hit for: gradle-home-v1|Linux-X64|testopenjdk11[debe7e2089933f89baa724f718db4c25]-76aeda76c213ef398fe7d5ace10f36562c1fbdd8
2025-04-09T07:02:35.7141131Z Received 22123855 of 22123855 (100.0%), 29.6 MBs/sec
2025-04-09T07:02:35.7143514Z Cache Size: ~21 MB (22123855 B)
2025-04-09T07:02:35.7172637Z [command]/usr/bin/tar -xf /home/runner/work/_temp/1338cfbd-979d-4bf2-8c19-9be419f8d248/cache.tzst -P -C /home/runner/work/okhttp/okhttp --use-compress-program unzstd
2025-04-09T07:02:35.9670068Z Cache restored successfully
2025-04-09T07:02:35.9720139Z Restored cache entry with key gradle-home-v1|Linux-X64|testopenjdk11[debe7e2089933f89baa724f718db4c25]-76aeda76c213ef398fe7d5ace10f36562c1fbdd8 to /home/runner/.gradle/caches,/home/runner/.gradle/notifications,/home/runner/.gradle/.setup-gradle in 1197ms
2025-04-09T07:02:36.0771901Z Cache hit for: gradle-transforms-v1-ccb65cf2f79778dbebf30e97b25fd510
2025-04-09T07:02:36.0778659Z Did not restore wrapper-zips with key gradle-wrapper-zips-v1-27b0df0fa405636de00fcbfa0ab79410 to /home/runner/.gradle/wrapper/dists/gradle-8.13-all/54h0s9kvb6g2sinako7ub77ku
2025-04-09T07:02:36.0801912Z Did not restore generated-gradle-jars with key gradle-generated-gradle-jars-v1-697f81ec8d80712ce7da03f513960371 to /home/runner/.gradle/caches/8.13/generated-gradle-jars/gradle-api-8.13.jar
2025-04-09T07:02:36.0824349Z Cache hit for: gradle-kotlin-dsl-v1-84591ee38ab2da0c050e02d6c178bcdf
2025-04-09T07:02:36.0905105Z Cache hit for: gradle-dependencies-v1-425824289dacf38a517b1aa5cdc7c7e7
2025-04-09T07:02:36.0978492Z Cache hit for: gradle-instrumented-jars-v1-d461def7430cf580b9ca99dbbdaa317f
2025-04-09T07:02:36.1001977Z Cache hit for: gradle-groovy-dsl-v1-01e855630e5466650843fb40dc3c3b68
2025-04-09T07:02:36.3013325Z Received 75539 of 75539 (100.0%), 0.9 MBs/sec
2025-04-09T07:02:36.3013951Z Cache Size: ~0 MB (75539 B)
2025-04-09T07:02:36.3076037Z Received 125232 of 125232 (100.0%), 1.4 MBs/sec
2025-04-09T07:02:36.3076771Z Cache Size: ~0 MB (125232 B)
2025-04-09T07:02:36.3581120Z [command]/usr/bin/tar -xf /home/runner/work/_temp/aa116bd9-a6fc-4674-923f-7f97e2ef1383/cache.tzst -P -C /home/runner/work/okhttp/okhttp --use-compress-program unzstd
2025-04-09T07:02:36.3612950Z [command]/usr/bin/tar -xf /home/runner/work/_temp/2c5793b1-9582-4348-9450-19583709a6b2/cache.tzst -P -C /home/runner/work/okhttp/okhttp --use-compress-program unzstd
2025-04-09T07:02:36.3789349Z Cache restored successfully
2025-04-09T07:02:36.3800026Z Restored cache entry with key gradle-instrumented-jars-v1-d461def7430cf580b9ca99dbbdaa317f to /home/runner/.gradle/caches/jars-*/*/ in 406ms
2025-04-09T07:02:36.3832322Z Received 1539930 of 1539930 (100.0%), 7.0 MBs/sec
2025-04-09T07:02:36.3833028Z Cache Size: ~1 MB (1539930 B)
2025-04-09T07:02:36.3982839Z Cache restored successfully
2025-04-09T07:02:36.3984279Z Restored cache entry with key gradle-groovy-dsl-v1-01e855630e5466650843fb40dc3c3b68 to /home/runner/.gradle/caches/*/groovy-dsl/*/ in 422ms
2025-04-09T07:02:36.3992088Z [command]/usr/bin/tar -xf /home/runner/work/_temp/cad20174-44e0-4849-b69b-52058255ffda/cache.tzst -P -C /home/runner/work/okhttp/okhttp --use-compress-program unzstd
2025-04-09T07:02:37.2044635Z Received 130023424 of 169690131 (76.6%), 115.0 MBs/sec
2025-04-09T07:02:37.2045247Z Received 134217728 of 794980401 (16.9%), 126.9 MBs/sec
2025-04-09T07:02:37.2115502Z Cache restored successfully
2025-04-09T07:02:37.2116790Z Restored cache entry with key gradle-kotlin-dsl-v1-84591ee38ab2da0c050e02d6c178bcdf to /home/runner/.gradle/caches/*/kotlin-dsl/accessors/*/,/home/runner/.gradle/caches/*/kotlin-dsl/scripts/*/ in 1237ms
2025-04-09T07:02:37.6525817Z Received 169690131 of 169690131 (100.0%), 106.0 MBs/sec
2025-04-09T07:02:37.6532336Z Cache Size: ~162 MB (169690131 B)
2025-04-09T07:02:37.7128777Z [command]/usr/bin/tar -xf /home/runner/work/_temp/daf1a612-e71d-40e2-a991-ef41846433a8/cache.tzst -P -C /home/runner/work/okhttp/okhttp --use-compress-program unzstd
2025-04-09T07:02:38.2137665Z Received 306184192 of 794980401 (38.5%), 144.7 MBs/sec
2025-04-09T07:02:39.2174376Z Received 478150656 of 794980401 (60.1%), 150.9 MBs/sec
2025-04-09T07:02:40.2870119Z Received 671088640 of 794980401 (84.4%), 156.4 MBs/sec
2025-04-09T07:02:40.4674833Z Cache restored successfully
2025-04-09T07:02:40.6182842Z Restored cache entry with key gradle-transforms-v1-ccb65cf2f79778dbebf30e97b25fd510 to /home/runner/.gradle/caches/transforms-4/*/,/home/runner/.gradle/caches/*/transforms/*/ in 4643ms
2025-04-09T07:02:40.8765754Z Received 794980401 of 794980401 (100.0%), 162.0 MBs/sec
2025-04-09T07:02:40.8768327Z Cache Size: ~758 MB (794980401 B)
2025-04-09T07:02:40.8797122Z [command]/usr/bin/tar -xf /home/runner/work/_temp/788e407b-3dde-4fe1-82f0-9144cee7d730/cache.tzst -P -C /home/runner/work/okhttp/okhttp --use-compress-program unzstd
2025-04-09T07:02:42.2850579Z Cache restored successfully
2025-04-09T07:02:42.6663139Z Restored cache entry with key gradle-dependencies-v1-425824289dacf38a517b1aa5cdc7c7e7 to /home/runner/.gradle/caches/modules-*/files-*/*/*/*/* in 6692ms
2025-04-09T07:02:42.6782239Z ##[endgroup]
2025-04-09T07:02:42.7102862Z ##[group]All Gradle Wrapper jars are valid
2025-04-09T07:02:42.7104162Z âœ“ Found known Gradle Wrapper JAR files:
2025-04-09T07:02:42.7105128Z   81a82aaea5abcc8ff68b3dfcb58b3c3c429378efd98e7433460610fecd7ae45f gradle/wrapper/gradle-wrapper.jar
2025-04-09T07:02:42.7106317Z ##[endgroup]
2025-04-09T07:02:42.7273490Z ##[group]Run ./gradlew test -Dtest.java.version=11
2025-04-09T07:02:42.7273976Z [36;1m./gradlew test -Dtest.java.version=11[0m
2025-04-09T07:02:42.7323848Z shell: /usr/bin/bash -e {0}
2025-04-09T07:02:42.7324135Z env:
2025-04-09T07:02:42.7324549Z   GRADLE_OPTS: -Dorg.gradle.jvmargs=-Xmx4g -Dorg.gradle.daemon=false -Dkotlin.incremental=false
2025-04-09T07:02:42.7325111Z   JAVA_HOME: /opt/hostedtoolcache/Java_Zulu_jdk/17.0.14-7/x64
2025-04-09T07:02:42.7325559Z   JAVA_HOME_11_X64: /opt/hostedtoolcache/Java_Zulu_jdk/11.0.26-4/x64
2025-04-09T07:02:42.7326262Z   JAVA_HOME_17_X64: /opt/hostedtoolcache/Java_Zulu_jdk/17.0.14-7/x64
2025-04-09T07:02:42.7326655Z   GRADLE_ACTION_ID: gradle/actions/setup-gradle
2025-04-09T07:02:42.7326983Z   GRADLE_USER_HOME: /home/runner/.gradle
2025-04-09T07:02:42.7327294Z   GRADLE_BUILD_ACTION_SETUP_COMPLETED: true
2025-04-09T07:02:42.7327614Z   GRADLE_BUILD_ACTION_CACHE_RESTORED: true
2025-04-09T07:02:42.7328106Z   DEVELOCITY_INJECTION_INIT_SCRIPT_NAME: gradle-actions.inject-develocity.init.gradle
2025-04-09T07:02:42.7328607Z   DEVELOCITY_AUTO_INJECTION_CUSTOM_VALUE: gradle-actions
2025-04-09T07:02:42.7328958Z   GITHUB_DEPENDENCY_GRAPH_ENABLED: false
2025-04-09T07:02:42.7329245Z ##[endgroup]
2025-04-09T07:02:42.8427213Z Downloading https://services.gradle.org/distributions/gradle-8.13-all.zip
2025-04-09T07:02:44.6410347Z ......................10%......................20%......................30%......................40%......................50%......................60%......................70%.......................80%......................90%......................100%
2025-04-09T07:02:48.3046478Z To honour the JVM settings for this build a single-use Daemon process will be forked. For more on this, please refer to https://docs.gradle.org/8.13/userguide/gradle_daemon.html#sec:disabling_the_daemon in the Gradle documentation.
2025-04-09T07:02:49.3034666Z Daemon will be stopped at the end of the build 
2025-04-09T07:03:02.9028977Z Type-safe project accessors is an incubating feature.
2025-04-09T07:03:05.6038907Z > Task :buildSrc:checkKotlinGradlePluginConfigurationErrors SKIPPED
2025-04-09T07:03:05.8031718Z > Task :buildSrc:compileKotlin FROM-CACHE
2025-04-09T07:03:05.8032795Z > Task :buildSrc:compileJava NO-SOURCE
2025-04-09T07:03:05.8039218Z > Task :buildSrc:compileGroovy NO-SOURCE
2025-04-09T07:03:05.8039803Z > Task :buildSrc:pluginDescriptors
2025-04-09T07:03:05.9034526Z > Task :buildSrc:processResources NO-SOURCE
2025-04-09T07:03:05.9050740Z > Task :buildSrc:classes UP-TO-DATE
2025-04-09T07:03:05.9051643Z 
2025-04-09T07:03:05.9052014Z > Task :buildSrc:jar
2025-04-09T07:03:05.9053069Z :jar: No valid plugin descriptors were found in META-INF/gradle-plugins
2025-04-09T07:03:16.8034724Z 
2025-04-09T07:03:16.8039447Z > Configure project :
2025-04-09T07:03:16.8045255Z warning: Dokka Gradle plugin V1 is deprecated
2025-04-09T07:03:16.8046296Z     
2025-04-09T07:03:16.8047107Z     Dokka Gradle plugin V1 is deprecated, and will be removed in Dokka version 2.1.0
2025-04-09T07:03:16.8049219Z     Please migrate to Dokka Gradle plugin V2. This will require updating your project.
2025-04-09T07:03:16.8051738Z     To learn about migrating read the migration guide https://kotl.in/dokka-gradle-migration
2025-04-09T07:03:16.8052665Z     
2025-04-09T07:03:16.8092033Z     To start migrating to Dokka Gradle plugin V2 add
2025-04-09T07:03:16.8093037Z         org.jetbrains.dokka.experimental.gradle.pluginMode=V2EnabledWithHelpers
2025-04-09T07:03:16.8093909Z     into your project's `gradle.properties` file.
2025-04-09T07:03:16.8094462Z     
2025-04-09T07:03:16.8094830Z     We would appreciate your feedback!
2025-04-09T07:03:16.8095567Z      - Please report any feedback or problems https://kotl.in/dokka-issues
2025-04-09T07:03:16.8096681Z      - Chat with the community visit #dokka in https://kotlinlang.slack.com/ (To sign up visit https://kotl.in/slack)
2025-04-09T07:03:16.8097574Z     
2025-04-09T07:03:40.5065619Z 
2025-04-09T07:03:40.5068298Z > Configure project :samples:tlssurvey
2025-04-09T07:03:40.5070040Z ksp-2.1.0-1.0.29 is too old for kotlin-2.1.10. Please upgrade ksp or downgrade kotlin-gradle-plugin to 2.1.0.
2025-04-09T07:03:40.5071415Z ksp-2.1.0-1.0.29 is too old for kotlin-2.1.10. Please upgrade ksp or downgrade kotlin-gradle-plugin to 2.1.0.
2025-04-09T07:03:40.5072509Z ksp-2.1.0-1.0.29 is too old for kotlin-2.1.10. Please upgrade ksp or downgrade kotlin-gradle-plugin to 2.1.0.
2025-04-09T07:03:40.5073595Z ksp-2.1.0-1.0.29 is too old for kotlin-2.1.10. Please upgrade ksp or downgrade kotlin-gradle-plugin to 2.1.0.
2025-04-09T07:03:43.2079404Z 
2025-04-09T07:03:43.2080708Z > Task :okhttp-idna-mapping-table:checkKotlinGradlePluginConfigurationErrors SKIPPED
2025-04-09T07:03:43.2082215Z > Task :okhttp:checkKotlinGradlePluginConfigurationErrors SKIPPED
2025-04-09T07:03:43.2083995Z > Task :okhttp-testing-support:checkKotlinGradlePluginConfigurationErrors SKIPPED
2025-04-09T07:03:43.2085471Z > Task :okhttp-tls:checkKotlinGradlePluginConfigurationErrors SKIPPED
2025-04-09T07:03:43.3049315Z > Task :okhttp-tls:processResources NO-SOURCE
2025-04-09T07:03:43.3050593Z > Task :logging-interceptor:checkKotlinGradlePluginConfigurationErrors SKIPPED
2025-04-09T07:03:43.3051905Z > Task :logging-interceptor:processResources NO-SOURCE
2025-04-09T07:03:43.3052881Z > Task :android-test:checkKotlinGradlePluginConfigurationErrors SKIPPED
2025-04-09T07:03:43.3066507Z > Task :android-test:preBuild UP-TO-DATE
2025-04-09T07:03:43.3067148Z > Task :android-test:preDebugBuild UP-TO-DATE
2025-04-09T07:03:43.3067804Z > Task :okhttp-testing-support:processResources
2025-04-09T07:03:43.3068628Z > Task :android-test-app:checkKotlinGradlePluginConfigurationErrors SKIPPED
2025-04-09T07:03:43.3069392Z > Task :android-test-app:preBuild UP-TO-DATE
2025-04-09T07:03:43.3069953Z > Task :android-test-app:preDebugBuild UP-TO-DATE
2025-04-09T07:03:43.4046802Z > Task :android-test:generateDebugResValues
2025-04-09T07:03:43.4070650Z > Task :android-test-app:generateDebugResValues
2025-04-09T07:03:43.4089425Z > Task :android-test:generateDebugResources
2025-04-09T07:03:43.4100178Z > Task :android-test-app:generateDebugResources
2025-04-09T07:03:43.5042398Z > Task :android-test-app:packageDebugResources
2025-04-09T07:03:43.6053371Z > Task :android-test:packageDebugResources
2025-04-09T07:03:43.9032484Z > Task :okhttp:copyKotlinTemplates
2025-04-09T07:03:43.9033286Z > Task :okhttp:jvmProcessResources
2025-04-09T07:03:43.9033931Z > Task :okhttp:preBuild UP-TO-DATE
2025-04-09T07:03:43.9034563Z > Task :okhttp:preDebugBuild UP-TO-DATE
2025-04-09T07:03:44.0054197Z > Task :okhttp:generateDebugResValues FROM-CACHE
2025-04-09T07:03:44.0058406Z > Task :okhttp:generateDebugResources
2025-04-09T07:03:44.0059325Z > Task :okhttp:packageDebugResources
2025-04-09T07:03:45.6028740Z > Task :okhttp:parseDebugLocalResources
2025-04-09T07:03:45.6029412Z > Task :android-test:parseDebugLocalResources
2025-04-09T07:03:45.7031501Z > Task :android-test-app:parseDebugLocalResources
2025-04-09T07:03:46.1027715Z > Task :okhttp:generateDebugRFile
2025-04-09T07:03:46.1032115Z > Task :okhttp-idna-mapping-table:processResources
2025-04-09T07:03:46.3035367Z > Task :android-test:generateDebugRFile
2025-04-09T07:03:46.3036238Z > Task :okhttp:javaPreCompileDebug
2025-04-09T07:03:46.3036885Z > Task :okhttp:preReleaseBuild UP-TO-DATE
2025-04-09T07:03:46.3037570Z > Task :android-test-app:mapDebugSourceSetPaths
2025-04-09T07:03:46.3038259Z > Task :android-test:javaPreCompileDebug FROM-CACHE
2025-04-09T07:03:46.3038984Z > Task :android-test:preDebugUnitTestBuild UP-TO-DATE
2025-04-09T07:03:46.3039697Z > Task :okhttp:generateReleaseResValues FROM-CACHE
2025-04-09T07:03:46.3040414Z > Task :okhttp:generateReleaseResources
2025-04-09T07:03:46.3041045Z > Task :okhttp:packageReleaseResources
2025-04-09T07:03:46.4056214Z > Task :okhttp:parseReleaseLocalResources FROM-CACHE
2025-04-09T07:03:46.4076365Z > Task :okhttp:generateReleaseRFile FROM-CACHE
2025-04-09T07:03:46.4102168Z > Task :okhttp:javaPreCompileRelease FROM-CACHE
2025-04-09T07:03:46.9027025Z > Task :okhttp:writeDebugAarMetadata
2025-04-09T07:03:46.9034192Z > Task :okhttp:extractDeepLinksDebug
2025-04-09T07:03:46.9035244Z > Task :android-test:javaPreCompileDebugUnitTest FROM-CACHE
2025-04-09T07:03:46.9038610Z > Task :android-test:preReleaseBuild UP-TO-DATE
2025-04-09T07:03:46.9039402Z > Task :android-test:generateReleaseResValues FROM-CACHE
2025-04-09T07:03:46.9040079Z > Task :android-test:generateReleaseResources
2025-04-09T07:03:47.0072925Z > Task :android-test:packageReleaseResources
2025-04-09T07:03:47.0074177Z > Task :android-test:parseReleaseLocalResources FROM-CACHE
2025-04-09T07:03:47.0075577Z > Task :android-test:generateReleaseRFile FROM-CACHE
2025-04-09T07:03:47.0076548Z > Task :android-test:javaPreCompileRelease FROM-CACHE
2025-04-09T07:03:47.0077205Z > Task :android-test:preReleaseUnitTestBuild UP-TO-DATE
2025-04-09T07:03:47.0077816Z > Task :android-test:generateDebugUnitTestStubRFile
2025-04-09T07:03:47.1028137Z > Task :android-test:generateReleaseUnitTestStubRFile FROM-CACHE
2025-04-09T07:03:47.1053839Z > Task :android-test:javaPreCompileReleaseUnitTest FROM-CACHE
2025-04-09T07:03:47.1082360Z > Task :container-tests:checkKotlinGradlePluginConfigurationErrors SKIPPED
2025-04-09T07:03:47.3031607Z > Task :okhttp:compileDebugLibraryResources
2025-04-09T07:03:47.3032294Z > Task :okhttp:writeReleaseAarMetadata
2025-04-09T07:03:47.3032648Z 
2025-04-09T07:03:47.3032822Z > Task :okhttp:processDebugManifest
2025-04-09T07:03:47.3033908Z package="okhttp.okhttp3" found in source AndroidManifest.xml: /home/runner/work/okhttp/okhttp/okhttp/src/androidMain/AndroidManifest.xml.
2025-04-09T07:03:47.3035492Z Setting the namespace via the package attribute in the source AndroidManifest.xml is no longer supported, and the value is ignored.
2025-04-09T07:03:47.3037258Z Recommendation: remove package="okhttp.okhttp3" from the source AndroidManifest.xml: /home/runner/work/okhttp/okhttp/okhttp/src/androidMain/AndroidManifest.xml.
2025-04-09T07:03:47.3038297Z 
2025-04-09T07:03:47.3038539Z > Task :container-tests:processResources NO-SOURCE
2025-04-09T07:03:47.3039147Z > Task :okhttp:extractDeepLinksRelease FROM-CACHE
2025-04-09T07:03:47.3039807Z > Task :container-tests:processTestResources NO-SOURCE
2025-04-09T07:03:47.3040691Z > Task :mockwebserver3:checkKotlinGradlePluginConfigurationErrors SKIPPED
2025-04-09T07:03:47.3041604Z > Task :mockwebserver3:processResources NO-SOURCE
2025-04-09T07:03:47.3042344Z > Task :mockwebserver3-junit5:checkKotlinGradlePluginConfigurationErrors SKIPPED
2025-04-09T07:03:47.3104814Z > Task :okhttp:processReleaseManifest FROM-CACHE
2025-04-09T07:03:47.3108932Z > Task :logging-interceptor:processTestResources NO-SOURCE
2025-04-09T07:03:47.3113801Z > Task :mockwebserver:checkKotlinGradlePluginConfigurationErrors SKIPPED
2025-04-09T07:03:47.3116839Z > Task :mockwebserver3-junit5:processResources
2025-04-09T07:03:47.3121494Z > Task :mockwebserver:processResources NO-SOURCE
2025-04-09T07:03:47.3126067Z > Task :mockwebserver3:processTestResources NO-SOURCE
2025-04-09T07:03:47.4040337Z > Task :mockwebserver3-junit4:checkKotlinGradlePluginConfigurationErrors SKIPPED
2025-04-09T07:03:47.4042139Z > Task :mockwebserver:processTestResources NO-SOURCE
2025-04-09T07:03:47.4043166Z > Task :mockwebserver3-junit4:processResources NO-SOURCE
2025-04-09T07:03:47.4044320Z > Task :mockwebserver3-junit5:processTestResources NO-SOURCE
2025-04-09T07:03:47.4045445Z > Task :okcurl:checkKotlinGradlePluginConfigurationErrors SKIPPED
2025-04-09T07:03:47.4046432Z > Task :mockwebserver3-junit4:processTestResources NO-SOURCE
2025-04-09T07:03:47.4047285Z > Task :okhttp:preDebugUnitTestBuild UP-TO-DATE
2025-04-09T07:03:47.4048154Z > Task :okcurl:copyResourcesTemplates
2025-04-09T07:03:47.4048901Z > Task :okcurl:processResources
2025-04-09T07:03:47.4049602Z > Task :okcurl:processTestResources NO-SOURCE
2025-04-09T07:03:47.4050625Z > Task :okhttp-brotli:checkKotlinGradlePluginConfigurationErrors SKIPPED
2025-04-09T07:03:47.5054363Z > Task :okhttp-brotli:processResources NO-SOURCE
2025-04-09T07:03:47.5074151Z > Task :okhttp-brotli:processTestResources NO-SOURCE
2025-04-09T07:03:47.5075870Z > Task :okhttp-coroutines:checkKotlinGradlePluginConfigurationErrors SKIPPED
2025-04-09T07:03:47.5077321Z > Task :okhttp-coroutines:processResources NO-SOURCE
2025-04-09T07:03:47.5078176Z > Task :okhttp-coroutines:processTestResources NO-SOURCE
2025-04-09T07:03:47.5079011Z > Task :okhttp-dnsoverhttps:checkKotlinGradlePluginConfigurationErrors SKIPPED
2025-04-09T07:03:47.5079782Z > Task :okhttp:checkDebugUnitTestAarMetadata
2025-04-09T07:03:47.5080405Z > Task :okhttp:generateDebugUnitTestResValues FROM-CACHE
2025-04-09T07:03:47.5098098Z > Task :okhttp-dnsoverhttps:processResources NO-SOURCE
2025-04-09T07:03:47.5098806Z > Task :okhttp-dnsoverhttps:processTestResources NO-SOURCE
2025-04-09T07:03:47.5099589Z > Task :okhttp-hpacktests:checkKotlinGradlePluginConfigurationErrors SKIPPED
2025-04-09T07:03:47.5100364Z > Task :okhttp-hpacktests:compileKotlin NO-SOURCE
2025-04-09T07:03:47.6029546Z > Task :okhttp-hpacktests:compileJava NO-SOURCE
2025-04-09T07:03:47.6039752Z > Task :okhttp-hpacktests:processResources NO-SOURCE
2025-04-09T07:03:47.6040973Z > Task :okhttp-hpacktests:classes UP-TO-DATE
2025-04-09T07:03:47.6043952Z > Task :okhttp:mapDebugUnitTestSourceSetPaths
2025-04-09T07:03:47.6045802Z > Task :okhttp:generateDebugUnitTestResources
2025-04-09T07:03:48.3039472Z > Task :okhttp:mergeDebugUnitTestResources
2025-04-09T07:03:48.4029489Z > Task :okhttp-hpacktests:jar
2025-04-09T07:03:48.5055054Z > Task :android-test-app:checkDebugAarMetadata
2025-04-09T07:03:48.6027412Z > Task :android-test-app:createDebugCompatibleScreenManifests
2025-04-09T07:03:48.6032206Z > Task :android-test-app:extractDeepLinksDebug FROM-CACHE
2025-04-09T07:03:48.6036529Z > Task :okhttp:processDebugUnitTestManifest
2025-04-09T07:03:48.8033434Z > Task :android-test-app:mergeDebugResources
2025-04-09T07:03:48.8037595Z > Task :okhttp-hpacktests:processTestResources
2025-04-09T07:03:48.8041781Z > Task :okhttp-idna-mapping-table:processTestResources NO-SOURCE
2025-04-09T07:03:48.8046114Z > Task :okhttp-java-net-cookiejar:checkKotlinGradlePluginConfigurationErrors SKIPPED
2025-04-09T07:03:48.8048371Z > Task :okhttp-java-net-cookiejar:processResources NO-SOURCE
2025-04-09T07:03:48.8053323Z > Task :okhttp-java-net-cookiejar:processTestResources NO-SOURCE
2025-04-09T07:03:48.8149841Z > Task :okhttp-osgi-tests:checkKotlinGradlePluginConfigurationErrors SKIPPED
2025-04-09T07:03:48.8156261Z > Task :okhttp-sse:checkKotlinGradlePluginConfigurationErrors SKIPPED
2025-04-09T07:03:48.8156988Z > Task :okhttp-sse:processResources NO-SOURCE
2025-04-09T07:03:48.8157796Z > Task :okhttp-urlconnection:checkKotlinGradlePluginConfigurationErrors SKIPPED
2025-04-09T07:03:48.8158636Z > Task :okhttp-urlconnection:processResources NO-SOURCE
2025-04-09T07:03:48.8159268Z > Task :okhttp-osgi-tests:processResources NO-SOURCE
2025-04-09T07:03:48.9112673Z > Task :okhttp-osgi-tests:copyOsgiTestDeployment
2025-04-09T07:03:48.9113639Z > Task :okhttp-osgi-tests:processTestResources NO-SOURCE
2025-04-09T07:03:48.9114499Z > Task :okhttp:javaPreCompileDebugUnitTest FROM-CACHE
2025-04-09T07:03:48.9115302Z > Task :okhttp:generateDebugUnitTestAssets UP-TO-DATE
2025-04-09T07:03:48.9116000Z > Task :okhttp:mergeDebugShaders
2025-04-09T07:03:49.0026456Z > Task :okhttp:compileDebugShaders NO-SOURCE
2025-04-09T07:03:49.0033601Z > Task :okhttp:debugAssetsCopyForAGP NO-SOURCE
2025-04-09T07:03:49.0037735Z > Task :okhttp:generateDebugAssets UP-TO-DATE
2025-04-09T07:03:49.0041760Z 
2025-04-09T07:03:49.0045493Z > Task :android-test-app:processDebugMainManifest
2025-04-09T07:03:49.0050245Z package="okhttp.android.testapp" found in source AndroidManifest.xml: /home/runner/work/okhttp/okhttp/android-test-app/src/main/AndroidManifest.xml.
2025-04-09T07:03:49.0053384Z Setting the namespace via the package attribute in the source AndroidManifest.xml is no longer supported, and the value is ignored.
2025-04-09T07:03:49.0065733Z Recommendation: remove package="okhttp.android.testapp" from the source AndroidManifest.xml: /home/runner/work/okhttp/okhttp/android-test-app/src/main/AndroidManifest.xml.
2025-04-09T07:03:49.0066918Z 
2025-04-09T07:03:49.0068638Z > Task :okhttp:mergeDebugAssets
2025-04-09T07:03:49.1062442Z > Task :okhttp:mergeDebugUnitTestAssets
2025-04-09T07:03:49.1067623Z > Task :okhttp:preReleaseUnitTestBuild UP-TO-DATE
2025-04-09T07:03:49.1068656Z > Task :android-test-app:processDebugManifest
2025-04-09T07:03:49.1072753Z > Task :okhttp:checkReleaseUnitTestAarMetadata
2025-04-09T07:03:49.2028509Z > Task :android-test-app:processDebugManifestForPackage
2025-04-09T07:03:49.2033496Z > Task :okhttp:compileReleaseLibraryResources
2025-04-09T07:03:49.2046267Z > Task :okhttp:generateReleaseUnitTestResValues FROM-CACHE
2025-04-09T07:03:49.2048285Z > Task :okhttp:mapReleaseUnitTestSourceSetPaths
2025-04-09T07:03:49.2051010Z > Task :okhttp:generateReleaseUnitTestResources
2025-04-09T07:03:49.6068755Z > Task :okhttp:processDebugUnitTestResources
2025-04-09T07:03:49.6073366Z > Task :okhttp:mergeReleaseUnitTestResources
2025-04-09T07:03:49.6077379Z > Task :okhttp-sse:processTestResources NO-SOURCE
2025-04-09T07:03:49.6081607Z > Task :okhttp-testing-support:processTestResources NO-SOURCE
2025-04-09T07:03:49.6085814Z > Task :okhttp-tls:processTestResources NO-SOURCE
2025-04-09T07:03:49.6090063Z > Task :okhttp-urlconnection:processTestResources NO-SOURCE
2025-04-09T07:03:49.6094551Z > Task :samples:compileJava NO-SOURCE
2025-04-09T07:03:49.6098672Z > Task :samples:processResources NO-SOURCE
2025-04-09T07:03:49.6102691Z > Task :samples:classes UP-TO-DATE
2025-04-09T07:03:49.6106428Z > Task :samples:compileTestJava NO-SOURCE
2025-04-09T07:03:49.6110462Z > Task :samples:processTestResources NO-SOURCE
2025-04-09T07:03:49.6114930Z > Task :samples:testClasses UP-TO-DATE
2025-04-09T07:03:49.6119078Z > Task :samples:test NO-SOURCE
2025-04-09T07:03:49.6123353Z > Task :samples:compare:checkKotlinGradlePluginConfigurationErrors SKIPPED
2025-04-09T07:03:49.6127348Z > Task :samples:compare:compileKotlin NO-SOURCE
2025-04-09T07:03:49.6131339Z > Task :okhttp:packageDebugUnitTestForUnitTest
2025-04-09T07:03:49.6135401Z > Task :samples:compare:compileJava NO-SOURCE
2025-04-09T07:03:49.6136237Z > Task :samples:compare:processResources NO-SOURCE
2025-04-09T07:03:49.6139797Z > Task :samples:compare:classes UP-TO-DATE
2025-04-09T07:03:49.7032148Z > Task :okhttp:generateDebugUnitTestConfig
2025-04-09T07:03:49.7043797Z > Task :samples:compare:jar
2025-04-09T07:03:49.7044695Z > Task :samples:compare:processTestResources NO-SOURCE
2025-04-09T07:03:49.7045759Z > Task :samples:crawler:checkKotlinGradlePluginConfigurationErrors SKIPPED
2025-04-09T07:03:49.7046589Z > Task :samples:crawler:processResources NO-SOURCE
2025-04-09T07:03:49.7047240Z > Task :samples:crawler:processTestResources NO-SOURCE
2025-04-09T07:03:49.7047985Z > Task :samples:guide:checkKotlinGradlePluginConfigurationErrors SKIPPED
2025-04-09T07:03:49.7048729Z > Task :samples:guide:processResources NO-SOURCE
2025-04-09T07:03:49.7049324Z > Task :samples:guide:processTestResources NO-SOURCE
2025-04-09T07:03:49.7050154Z > Task :samples:simple-client:checkKotlinGradlePluginConfigurationErrors SKIPPED
2025-04-09T07:03:49.8045786Z > Task :samples:simple-client:processResources NO-SOURCE
2025-04-09T07:03:49.8047959Z > Task :samples:simple-client:processTestResources NO-SOURCE
2025-04-09T07:03:49.8049079Z > Task :samples:slack:checkKotlinGradlePluginConfigurationErrors SKIPPED
2025-04-09T07:03:49.8050108Z > Task :okhttp:processReleaseUnitTestManifest
2025-04-09T07:03:49.8050968Z > Task :samples:slack:processResources NO-SOURCE
2025-04-09T07:03:49.8052181Z > Task :samples:slack:processTestResources NO-SOURCE
2025-04-09T07:03:49.8053282Z > Task :samples:static-server:checkKotlinGradlePluginConfigurationErrors SKIPPED
2025-04-09T07:03:49.8054380Z > Task :samples:static-server:processResources NO-SOURCE
2025-04-09T07:03:49.8055348Z > Task :samples:static-server:processTestResources NO-SOURCE
2025-04-09T07:03:49.8056468Z > Task :samples:tlssurvey:checkKotlinGradlePluginConfigurationErrors SKIPPED
2025-04-09T07:03:49.8058077Z > Task :samples:unixdomainsockets:checkKotlinGradlePluginConfigurationErrors SKIPPED
2025-04-09T07:03:49.8059330Z > Task :samples:unixdomainsockets:processResources NO-SOURCE
2025-04-09T07:03:49.8060371Z > Task :samples:unixdomainsockets:processTestResources NO-SOURCE
2025-04-09T07:03:49.9027335Z > Task :okhttp:javaPreCompileReleaseUnitTest FROM-CACHE
2025-04-09T07:03:49.9028619Z > Task :okhttp:generateReleaseUnitTestAssets UP-TO-DATE
2025-04-09T07:03:50.0062883Z > Task :okhttp:mergeReleaseShaders
2025-04-09T07:03:50.0063833Z > Task :okhttp:compileReleaseShaders NO-SOURCE
2025-04-09T07:03:50.0065119Z > Task :okhttp:generateReleaseAssets UP-TO-DATE
2025-04-09T07:03:50.0065946Z > Task :okhttp:releaseAssetsCopyForAGP NO-SOURCE
2025-04-09T07:03:50.0066684Z > Task :okhttp:mergeReleaseAssets
2025-04-09T07:03:50.0067333Z > Task :okhttp:mergeReleaseUnitTestAssets
2025-04-09T07:03:50.0068112Z > Task :android-test-app:javaPreCompileDebug FROM-CACHE
2025-04-09T07:03:50.0069019Z > Task :android-test-app:preDebugUnitTestBuild UP-TO-DATE
2025-04-09T07:03:50.1027484Z > Task :android-test-app:javaPreCompileDebugUnitTest FROM-CACHE
2025-04-09T07:03:50.2042202Z > Task :android-test-app:buildKotlinToolingMetadata
2025-04-09T07:03:50.2043266Z > Task :android-test-app:preReleaseBuild UP-TO-DATE
2025-04-09T07:03:50.3028350Z > Task :android-test-app:checkReleaseAarMetadata
2025-04-09T07:03:50.3033851Z > Task :android-test-app:generateReleaseResValues FROM-CACHE
2025-04-09T07:03:50.3038660Z > Task :android-test-app:processDebugResources
2025-04-09T07:03:50.3043348Z > Task :okhttp:processReleaseUnitTestResources
2025-04-09T07:03:50.3047939Z > Task :okhttp:packageReleaseUnitTestForUnitTest
2025-04-09T07:03:50.3052747Z > Task :android-test-app:mapReleaseSourceSetPaths
2025-04-09T07:03:50.3058109Z > Task :okhttp:generateReleaseUnitTestConfig
2025-04-09T07:03:50.3059202Z > Task :android-test-app:generateReleaseResources
2025-04-09T07:03:50.7026718Z > Task :android-test-app:packageReleaseResources
2025-04-09T07:03:50.8027831Z > Task :android-test-app:parseReleaseLocalResources FROM-CACHE
2025-04-09T07:03:50.8029267Z > Task :android-test-app:createReleaseCompatibleScreenManifests
2025-04-09T07:03:50.8030398Z > Task :android-test-app:extractDeepLinksRelease FROM-CACHE
2025-04-09T07:03:50.9039489Z 
2025-04-09T07:03:50.9053462Z > Task :android-test-app:processReleaseMainManifest
2025-04-09T07:03:50.9055131Z package="okhttp.android.testapp" found in source AndroidManifest.xml: /home/runner/work/okhttp/okhttp/android-test-app/src/main/AndroidManifest.xml.
2025-04-09T07:03:50.9057157Z Setting the namespace via the package attribute in the source AndroidManifest.xml is no longer supported, and the value is ignored.
2025-04-09T07:03:50.9059296Z Recommendation: remove package="okhttp.android.testapp" from the source AndroidManifest.xml: /home/runner/work/okhttp/okhttp/android-test-app/src/main/AndroidManifest.xml.
2025-04-09T07:03:50.9061817Z 
2025-04-09T07:03:50.9062290Z > Task :android-test-app:processReleaseManifest
2025-04-09T07:03:51.0060059Z > Task :android-test-app:javaPreCompileRelease FROM-CACHE
2025-04-09T07:03:51.0061500Z > Task :android-test-app:preReleaseUnitTestBuild UP-TO-DATE
2025-04-09T07:03:51.0062522Z > Task :android-test-app:javaPreCompileReleaseUnitTest FROM-CACHE
2025-04-09T07:03:51.1026914Z > Task :android-test-app:processReleaseManifestForPackage
2025-04-09T07:03:51.4026914Z > Task :android-test-app:mergeReleaseResources
2025-04-09T07:03:51.8026907Z > Task :android-test-app:processReleaseResources
2025-04-09T07:03:55.8027276Z 
2025-04-09T07:03:55.8028243Z > Task :okhttp-idna-mapping-table:compileKotlin
2025-04-09T07:03:55.8029653Z w: Opt-in requirement marker okhttp3.ExperimentalOkHttpApi is unresolved. Please make sure it's present in the module dependencies
2025-04-09T07:03:55.8030936Z 
2025-04-09T07:03:55.8031662Z > Task :okhttp-idna-mapping-table:compileJava NO-SOURCE
2025-04-09T07:03:55.8032550Z > Task :okhttp-idna-mapping-table:classes
2025-04-09T07:03:56.0046428Z > Task :okhttp-idna-mapping-table:jar
2025-04-09T07:03:57.0027323Z > Task :okhttp:generateIdnaMappingTable
2025-04-09T07:03:58.2055114Z 
2025-04-09T07:03:58.2063062Z > Task :okhttp-idna-mapping-table:compileTestKotlin
2025-04-09T07:03:58.2064308Z w: Opt-in requirement marker okhttp3.ExperimentalOkHttpApi is unresolved. Please make sure it's present in the module dependencies
2025-04-09T07:03:58.3032050Z 
2025-04-09T07:03:58.3032802Z > Task :okhttp-idna-mapping-table:compileTestJava NO-SOURCE
2025-04-09T07:03:58.3033695Z > Task :okhttp-idna-mapping-table:testClasses UP-TO-DATE
2025-04-09T07:03:58.3034392Z > Task :okhttp-idna-mapping-table:test FROM-CACHE
2025-04-09T07:04:27.0026569Z > Task :okhttp:compileKotlinJvm
2025-04-09T07:04:28.5058556Z > Task :okhttp:compileDebugKotlinAndroid
2025-04-09T07:04:29.5026581Z > Task :okhttp:compileReleaseKotlinAndroid
2025-04-09T07:04:36.2033102Z w: file:///home/runner/work/okhttp/okhttp/okhttp/src/androidMain/kotlin/okhttp3/internal/platform/PlatformRegistry.kt:21:1 'expect'/'actual' classes (including interfaces, objects, annotations, enums, and 'actual' typealiases) are in Beta. You can use -Xexpect-actual-classes flag to suppress this warning. Also see: https://youtrack.jetbrains.com/issue/KT-61573
2025-04-09T07:04:36.2067785Z w: file:///home/runner/work/okhttp/okhttp/okhttp/src/commonJvmAndroid/kotlin/okhttp3/internal/-HeadersCommon.kt:176:13 Condition is always 'true'.
2025-04-09T07:04:36.2070274Z w: file:///home/runner/work/okhttp/okhttp/okhttp/src/commonJvmAndroid/kotlin/okhttp3/internal/-HeadersCommon.kt:205:33 Unchecked cast of 'kotlin.Array<kotlin.String?>' to 'kotlin.Array<kotlin.String>'.
2025-04-09T07:04:36.2073257Z w: file:///home/runner/work/okhttp/okhttp/okhttp/src/commonJvmAndroid/kotlin/okhttp3/internal/-ResponseCommon.kt:83:1 '@JvmOverloads' annotation has no effect for methods without default arguments.
2025-04-09T07:04:36.2076036Z w: file:///home/runner/work/okhttp/okhttp/okhttp/src/commonJvmAndroid/kotlin/okhttp3/internal/SuppressSignatureCheck.kt:25:1 This annotation is deprecated in Kotlin. Use '@kotlin.annotation.MustBeDocumented' instead.
2025-04-09T07:04:36.2078633Z w: file:///home/runner/work/okhttp/okhttp/okhttp/src/commonJvmAndroid/kotlin/okhttp3/internal/http/BridgeInterceptor.kt:99:11 Condition is always 'true'.
2025-04-09T07:04:36.2082253Z w: file:///home/runner/work/okhttp/okhttp/okhttp/src/commonJvmAndroid/kotlin/okhttp3/internal/platform/PlatformRegistry.kt:3:1 'expect'/'actual' classes (including interfaces, objects, annotations, enums, and 'actual' typealiases) are in Beta. You can use -Xexpect-actual-classes flag to suppress this warning. Also see: https://youtrack.jetbrains.com/issue/KT-61573
2025-04-09T07:04:36.5025787Z 
2025-04-09T07:04:36.5026865Z > Task :okhttp:compileKotlinJvm
2025-04-09T07:04:36.5028361Z w: file:///home/runner/work/okhttp/okhttp/okhttp/src/commonJvmAndroid/kotlin/okhttp3/internal/-HeadersCommon.kt:176:13 Condition is always 'true'.
2025-04-09T07:04:36.5030816Z w: file:///home/runner/work/okhttp/okhttp/okhttp/src/commonJvmAndroid/kotlin/okhttp3/internal/-HeadersCommon.kt:205:33 Unchecked cast of 'kotlin.Array<kotlin.String?>' to 'kotlin.Array<kotlin.String>'.
2025-04-09T07:04:36.5033669Z w: file:///home/runner/work/okhttp/okhttp/okhttp/src/commonJvmAndroid/kotlin/okhttp3/internal/-ResponseCommon.kt:83:1 '@JvmOverloads' annotation has no effect for methods without default arguments.
2025-04-09T07:04:36.5083868Z w: file:///home/runner/work/okhttp/okhttp/okhttp/src/commonJvmAndroid/kotlin/okhttp3/internal/SuppressSignatureCheck.kt:25:1 This annotation is deprecated in Kotlin. Use '@kotlin.annotation.MustBeDocumented' instead.
2025-04-09T07:04:36.5086570Z w: file:///home/runner/work/okhttp/okhttp/okhttp/src/commonJvmAndroid/kotlin/okhttp3/internal/http/BridgeInterceptor.kt:99:11 Condition is always 'true'.
2025-04-09T07:04:36.5090444Z w: file:///home/runner/work/okhttp/okhttp/okhttp/src/commonJvmAndroid/kotlin/okhttp3/internal/platform/PlatformRegistry.kt:3:1 'expect'/'actual' classes (including interfaces, objects, annotations, enums, and 'actual' typealiases) are in Beta. You can use -Xexpect-actual-classes flag to suppress this warning. Also see: https://youtrack.jetbrains.com/issue/KT-61573
2025-04-09T07:04:36.5095257Z w: file:///home/runner/work/okhttp/okhttp/okhttp/src/jvmMain/kotlin/okhttp3/internal/platform/PlatformRegistry.kt:5:1 'expect'/'actual' classes (including interfaces, objects, annotations, enums, and 'actual' typealiases) are in Beta. You can use -Xexpect-actual-classes flag to suppress this warning. Also see: https://youtrack.jetbrains.com/issue/KT-61573
2025-04-09T07:04:36.5097692Z 
2025-04-09T07:04:36.5098109Z > Task :okhttp:jvmMainClasses
2025-04-09T07:04:36.5110054Z 
2025-04-09T07:04:36.5110853Z > Task :okhttp:compileDebugKotlinAndroid
2025-04-09T07:04:36.5113802Z w: file:///home/runner/work/okhttp/okhttp/okhttp/src/androidMain/kotlin/okhttp3/internal/platform/PlatformRegistry.kt:21:1 'expect'/'actual' classes (including interfaces, objects, annotations, enums, and 'actual' typealiases) are in Beta. You can use -Xexpect-actual-classes flag to suppress this warning. Also see: https://youtrack.jetbrains.com/issue/KT-61573
2025-04-09T07:04:36.5117213Z w: file:///home/runner/work/okhttp/okhttp/okhttp/src/commonJvmAndroid/kotlin/okhttp3/internal/-HeadersCommon.kt:176:13 Condition is always 'true'.
2025-04-09T07:04:36.5119590Z w: file:///home/runner/work/okhttp/okhttp/okhttp/src/commonJvmAndroid/kotlin/okhttp3/internal/-HeadersCommon.kt:205:33 Unchecked cast of 'kotlin.Array<kotlin.String?>' to 'kotlin.Array<kotlin.String>'.
2025-04-09T07:04:36.5152063Z w: file:///home/runner/work/okhttp/okhttp/okhttp/src/commonJvmAndroid/kotlin/okhttp3/internal/-ResponseCommon.kt:83:1 '@JvmOverloads' annotation has no effect for methods without default arguments.
2025-04-09T07:04:36.5154972Z w: file:///home/runner/work/okhttp/okhttp/okhttp/src/commonJvmAndroid/kotlin/okhttp3/internal/SuppressSignatureCheck.kt:25:1 This annotation is deprecated in Kotlin. Use '@kotlin.annotation.MustBeDocumented' instead.
2025-04-09T07:04:36.5157606Z w: file:///home/runner/work/okhttp/okhttp/okhttp/src/commonJvmAndroid/kotlin/okhttp3/internal/http/BridgeInterceptor.kt:99:11 Condition is always 'true'.
2025-04-09T07:04:36.5161036Z w: file:///home/runner/work/okhttp/okhttp/okhttp/src/commonJvmAndroid/kotlin/okhttp3/internal/platform/PlatformRegistry.kt:3:1 'expect'/'actual' classes (including interfaces, objects, annotations, enums, and 'actual' typealiases) are in Beta. You can use -Xexpect-actual-classes flag to suppress this warning. Also see: https://youtrack.jetbrains.com/issue/KT-61573
2025-04-09T07:04:38.8039381Z 
2025-04-09T07:04:38.8040852Z > Task :okhttp:jvmJar
2025-04-09T07:04:38.8042725Z > Task :okhttp:compileDebugJavaWithJavac NO-SOURCE
2025-04-09T07:04:38.8043383Z > Task :container-tests:compileKotlin NO-SOURCE
2025-04-09T07:04:38.9034497Z > Task :container-tests:compileJava NO-SOURCE
2025-04-09T07:04:38.9035583Z > Task :container-tests:classes UP-TO-DATE
2025-04-09T07:04:38.9036448Z > Task :container-tests:jar
2025-04-09T07:04:39.0040406Z > Task :okhttp:bundleLibCompileToJarDebug
2025-04-09T07:04:39.0041714Z > Task :okhttp:bundleLibRuntimeToJarDebug
2025-04-09T07:04:39.0042640Z > Task :android-test:compileDebugKotlin NO-SOURCE
2025-04-09T07:04:39.0043486Z > Task :android-test:compileDebugJavaWithJavac NO-SOURCE
2025-04-09T07:04:39.0044354Z > Task :android-test:bundleLibRuntimeToJarDebug
2025-04-09T07:04:39.0045167Z > Task :android-test:bundleLibCompileToJarDebug
2025-04-09T07:04:39.0045971Z > Task :android-test:processDebugJavaRes NO-SOURCE
2025-04-09T07:04:39.0046742Z > Task :okhttp:processDebugJavaRes
2025-04-09T07:04:39.0047521Z > Task :okhttp:compileReleaseJavaWithJavac NO-SOURCE
2025-04-09T07:04:39.0048388Z > Task :okhttp:bundleLibCompileToJarRelease
2025-04-09T07:04:39.1055317Z > Task :android-test:compileReleaseKotlin NO-SOURCE
2025-04-09T07:04:39.1092528Z > Task :android-test:compileReleaseJavaWithJavac NO-SOURCE
2025-04-09T07:04:39.3027163Z > Task :android-test:bundleLibRuntimeToJarRelease
2025-04-09T07:04:39.3028212Z > Task :android-test:bundleLibCompileToJarRelease
2025-04-09T07:04:39.3029132Z > Task :android-test:processReleaseJavaRes NO-SOURCE
2025-04-09T07:04:40.0026780Z > Task :okhttp:bundleLibRuntimeToJarRelease
2025-04-09T07:04:40.1026440Z > Task :okhttp:processReleaseJavaRes
2025-04-09T07:04:41.7026353Z 
2025-04-09T07:04:41.7027380Z > Task :logging-interceptor:compileKotlin
2025-04-09T07:04:41.7030331Z w: file:///home/runner/work/okhttp/okhttp/okhttp-logging-interceptor/src/main/kotlin/okhttp3/logging/HttpLoggingInterceptor.kt:16:36 This code uses error suppression for 'INVISIBLE_REFERENCE'. While it might compile and work, the compiler behavior is UNSPECIFIED and WON'T BE PRESERVED. Please report your use case to the Kotlin issue tracker instead: https://kotl.in/issue
2025-04-09T07:04:41.8025869Z 
2025-04-09T07:04:41.8031646Z > Task :logging-interceptor:compileJava NO-SOURCE
2025-04-09T07:04:41.8068300Z > Task :logging-interceptor:classes UP-TO-DATE
2025-04-09T07:04:42.1052085Z 
2025-04-09T07:04:42.1052709Z > Task :logging-interceptor:jar
2025-04-09T07:04:42.1053721Z warning: Unused -privatepackage instructions , no such package(s) on the class path: [okhttp3.logging.internal]
2025-04-09T07:04:42.5026550Z 
2025-04-09T07:04:42.5027117Z > Task :android-test-app:compileDebugKotlin
2025-04-09T07:04:42.5027827Z > Task :android-test-app:compileDebugJavaWithJavac NO-SOURCE
2025-04-09T07:04:42.6027852Z > Task :android-test-app:bundleDebugClassesToRuntimeJar
2025-04-09T07:04:42.6039256Z > Task :android-test-app:bundleDebugClassesToCompileJar
2025-04-09T07:04:42.6040024Z > Task :android-test-app:compileDebugUnitTestKotlin NO-SOURCE
2025-04-09T07:04:42.6040843Z > Task :android-test-app:compileDebugUnitTestJavaWithJavac NO-SOURCE
2025-04-09T07:04:42.7052439Z > Task :android-test-app:processDebugJavaRes
2025-04-09T07:04:42.7082331Z > Task :android-test-app:processDebugUnitTestJavaRes NO-SOURCE
2025-04-09T07:04:42.7083230Z > Task :android-test-app:testDebugUnitTest NO-SOURCE
2025-04-09T07:04:44.4026452Z > Task :android-test-app:compileReleaseKotlin
2025-04-09T07:04:44.4027672Z > Task :android-test-app:compileReleaseJavaWithJavac NO-SOURCE
2025-04-09T07:04:44.5027293Z > Task :android-test-app:bundleReleaseClassesToRuntimeJar
2025-04-09T07:04:44.5028510Z > Task :android-test-app:bundleReleaseClassesToCompileJar
2025-04-09T07:04:44.5029568Z > Task :android-test-app:compileReleaseUnitTestKotlin NO-SOURCE
2025-04-09T07:04:44.5030655Z > Task :android-test-app:compileReleaseUnitTestJavaWithJavac NO-SOURCE
2025-04-09T07:04:44.5031643Z 
2025-04-09T07:04:44.5032195Z > Task :mockwebserver3:compileKotlin
2025-04-09T07:04:44.5034609Z w: file:///home/runner/work/okhttp/okhttp/mockwebserver/src/main/kotlin/mockwebserver3/MockResponse.kt:16:36 This code uses error suppression for 'INVISIBLE_REFERENCE'. While it might compile and work, the compiler behavior is UNSPECIFIED and WON'T BE PRESERVED. Please report your use case to the Kotlin issue tracker instead: https://kotl.in/issue
2025-04-09T07:04:44.5038783Z w: file:///home/runner/work/okhttp/okhttp/mockwebserver/src/main/kotlin/mockwebserver3/MockWebServer.kt:17:36 This code uses error suppression for 'INVISIBLE_REFERENCE'. While it might compile and work, the compiler behavior is UNSPECIFIED and WON'T BE PRESERVED. Please report your use case to the Kotlin issue tracker instead: https://kotl.in/issue
2025-04-09T07:04:44.6026944Z 
2025-04-09T07:04:44.6031126Z > Task :android-test-app:processReleaseJavaRes
2025-04-09T07:04:44.6033934Z > Task :android-test-app:processReleaseUnitTestJavaRes NO-SOURCE
2025-04-09T07:04:44.6035092Z > Task :android-test-app:testReleaseUnitTest NO-SOURCE
2025-04-09T07:04:44.6037014Z > Task :android-test-app:test UP-TO-DATE
2025-04-09T07:04:44.6037870Z > Task :mockwebserver3:compileJava NO-SOURCE
2025-04-09T07:04:44.6040005Z > Task :mockwebserver3:classes UP-TO-DATE
2025-04-09T07:04:44.8025578Z 
2025-04-09T07:04:44.8026575Z > Task :okhttp-tls:compileKotlin
2025-04-09T07:04:44.8029762Z w: file:///home/runner/work/okhttp/okhttp/okhttp-tls/src/main/kotlin/okhttp3/tls/HandshakeCertificates.kt:16:36 This code uses error suppression for 'INVISIBLE_REFERENCE'. While it might compile and work, the compiler behavior is UNSPECIFIED and WON'T BE PRESERVED. Please report your use case to the Kotlin issue tracker instead: https://kotl.in/issue
2025-04-09T07:04:44.8034771Z w: file:///home/runner/work/okhttp/okhttp/okhttp-tls/src/main/kotlin/okhttp3/tls/internal/InsecureExtendedTrustManager.kt:16:36 This code uses error suppression for 'INVISIBLE_REFERENCE'. While it might compile and work, the compiler behavior is UNSPECIFIED and WON'T BE PRESERVED. Please report your use case to the Kotlin issue tracker instead: https://kotl.in/issue
2025-04-09T07:04:44.8038751Z w: file:///home/runner/work/okhttp/okhttp/okhttp-tls/src/main/kotlin/okhttp3/tls/internal/der/Adapters.kt:382:40 Unchecked cast of 'okhttp3.tls.internal.der.DerAdapter<*>' to 'okhttp3.tls.internal.der.DerAdapter<kotlin.Any?>'.
2025-04-09T07:04:44.8042356Z w: file:///home/runner/work/okhttp/okhttp/okhttp-tls/src/main/kotlin/okhttp3/tls/internal/der/Adapters.kt:421:18 Unchecked cast of 'okhttp3.tls.internal.der.DerAdapter<*>' to 'okhttp3.tls.internal.der.DerAdapter<kotlin.Any?>'.
2025-04-09T07:04:44.8045485Z w: file:///home/runner/work/okhttp/okhttp/okhttp-tls/src/main/kotlin/okhttp3/tls/internal/der/Adapters.kt:447:48 Unchecked cast of 'okhttp3.tls.internal.der.DerAdapter<*>?' to 'okhttp3.tls.internal.der.DerAdapter<kotlin.Any?>?'.
2025-04-09T07:04:44.8048578Z w: file:///home/runner/work/okhttp/okhttp/okhttp-tls/src/main/kotlin/okhttp3/tls/internal/der/Adapters.kt:455:48 Unchecked cast of 'okhttp3.tls.internal.der.DerAdapter<*>?' to 'okhttp3.tls.internal.der.DerAdapter<kotlin.Any?>?'.
2025-04-09T07:04:44.8051885Z w: file:///home/runner/work/okhttp/okhttp/okhttp-tls/src/main/kotlin/okhttp3/tls/internal/der/Adapters.kt:505:26 Unchecked cast of 'okhttp3.tls.internal.der.DerAdapter<*>' to 'okhttp3.tls.internal.der.DerAdapter<kotlin.Any?>'.
2025-04-09T07:04:44.8054574Z w: file:///home/runner/work/okhttp/okhttp/okhttp-tls/src/main/kotlin/okhttp3/tls/internal/der/BasicDerAdapter.kt:51:43 Unchecked cast of 'T?' to 'T'.
2025-04-09T07:04:44.9026036Z 
2025-04-09T07:04:44.9026984Z > Task :mockwebserver3:jar
2025-04-09T07:04:45.0052790Z > Task :okhttp-tls:compileJava NO-SOURCE
2025-04-09T07:04:45.0082616Z > Task :okhttp-tls:classes UP-TO-DATE
2025-04-09T07:04:45.1044206Z > Task :okcurl:compileKotlin
2025-04-09T07:04:45.5044091Z 
2025-04-09T07:04:45.5048986Z > Task :okhttp-tls:jar
2025-04-09T07:04:45.5050473Z warning: Unused -privatepackage instructions , no such package(s) on the class path: [okhttp3.tls.internal, okhttp3.tls.internal.der]
2025-04-09T07:04:45.6026046Z 
2025-04-09T07:04:45.6030211Z > Task :okhttp-brotli:compileKotlin
2025-04-09T07:04:46.7026976Z > Task :mockwebserver3-junit5:compileKotlin
2025-04-09T07:04:46.7031529Z > Task :mockwebserver3-junit5:compileJava NO-SOURCE
2025-04-09T07:04:46.7035706Z > Task :mockwebserver3-junit5:classes
2025-04-09T07:04:46.8054225Z > Task :mockwebserver3-junit5:jar
2025-04-09T07:04:46.8055107Z > Task :okcurl:compileJava NO-SOURCE
2025-04-09T07:04:46.8055666Z > Task :okcurl:classes
2025-04-09T07:04:46.9026725Z > Task :okcurl:jar
2025-04-09T07:04:46.9032772Z > Task :okhttp-brotli:compileJava NO-SOURCE
2025-04-09T07:04:46.9033520Z > Task :okhttp-brotli:classes UP-TO-DATE
2025-04-09T07:04:47.0026641Z > Task :mockwebserver3-junit4:compileKotlin
2025-04-09T07:04:47.0027629Z > Task :mockwebserver3-junit4:compileJava NO-SOURCE
2025-04-09T07:04:47.0028374Z > Task :mockwebserver3-junit4:classes UP-TO-DATE
2025-04-09T07:04:47.1026408Z 
2025-04-09T07:04:47.1031005Z > Task :okhttp-brotli:jar
2025-04-09T07:04:47.1032599Z warning: Unused -privatepackage instructions , no such package(s) on the class path: [okhttp3.brotli.internal]
2025-04-09T07:04:47.1033535Z 
2025-04-09T07:04:47.1033843Z > Task :mockwebserver3-junit4:jar
2025-04-09T07:04:47.9036364Z 
2025-04-09T07:04:47.9040948Z > Task :mockwebserver:compileKotlin
2025-04-09T07:04:47.9048173Z w: file:///home/runner/work/okhttp/okhttp/mockwebserver-deprecated/src/main/kotlin/okhttp3/mockwebserver/MockResponse.kt:16:36 This code uses error suppression for 'INVISIBLE_REFERENCE'. While it might compile and work, the compiler behavior is UNSPECIFIED and WON'T BE PRESERVED. Please report your use case to the Kotlin issue tracker instead: https://kotl.in/issue
2025-04-09T07:04:47.9050814Z 
2025-04-09T07:04:47.9051428Z > Task :mockwebserver:compileJava NO-SOURCE
2025-04-09T07:04:47.9052169Z > Task :mockwebserver:classes UP-TO-DATE
2025-04-09T07:04:48.1044030Z > Task :mockwebserver3-junit4:compileTestKotlin
2025-04-09T07:04:48.1045139Z > Task :mockwebserver3-junit4:compileTestJava NO-SOURCE
2025-04-09T07:04:48.1045976Z > Task :mockwebserver3-junit4:testClasses UP-TO-DATE
2025-04-09T07:04:48.1047307Z > Task :mockwebserver:jar
2025-04-09T07:04:48.1047968Z > Task :mockwebserver3-junit4:test FROM-CACHE
2025-04-09T07:04:48.9033078Z 
2025-04-09T07:04:48.9034401Z > Task :okhttp-coroutines:compileKotlin
2025-04-09T07:04:48.9036921Z w: file:///home/runner/work/okhttp/okhttp/okhttp-coroutines/src/main/kotlin/okhttp3/coroutines/ExecuteAsync.kt:48:24 'fun resume(value: Response, onCancellation: ((@ParameterName(...) Throwable) -> Unit)?): Unit' is deprecated. Use the overload that also accepts the `value` and the coroutine context in lambda.
2025-04-09T07:04:48.9038980Z 
2025-04-09T07:04:48.9039333Z > Task :okhttp-coroutines:compileJava NO-SOURCE
2025-04-09T07:04:48.9040092Z > Task :okhttp-coroutines:classes UP-TO-DATE
2025-04-09T07:04:49.0042465Z 
2025-04-09T07:04:49.0043459Z > Task :okhttp-java-net-cookiejar:compileKotlin
2025-04-09T07:04:49.0046344Z w: file:///home/runner/work/okhttp/okhttp/okhttp-java-net-cookiejar/src/main/kotlin/okhttp3/java/net/cookiejar/JavaNetCookieJar.kt:16:36 This code uses error suppression for 'INVISIBLE_REFERENCE'. While it might compile and work, the compiler behavior is UNSPECIFIED and WON'T BE PRESERVED. Please report your use case to the Kotlin issue tracker instead: https://kotl.in/issue
2025-04-09T07:04:49.1043526Z 
2025-04-09T07:04:49.1048341Z > Task :okhttp-java-net-cookiejar:compileJava NO-SOURCE
2025-04-09T07:04:49.1049778Z > Task :okhttp-java-net-cookiejar:classes UP-TO-DATE
2025-04-09T07:04:49.2026754Z > Task :okhttp-coroutines:jar
2025-04-09T07:04:49.2074038Z > Task :okhttp-java-net-cookiejar:jar
2025-04-09T07:04:49.2075348Z > Task :okhttp-java-net-cookiejar:compileTestKotlin NO-SOURCE
2025-04-09T07:04:49.2108739Z > Task :okhttp-java-net-cookiejar:compileTestJava NO-SOURCE
2025-04-09T07:04:49.2109581Z > Task :okhttp-java-net-cookiejar:testClasses UP-TO-DATE
2025-04-09T07:04:49.2112041Z > Task :okhttp-java-net-cookiejar:test NO-SOURCE
2025-04-09T07:04:49.7052937Z > Task :okhttp-dnsoverhttps:compileKotlin
2025-04-09T07:04:49.7067804Z > Task :okhttp-dnsoverhttps:compileJava NO-SOURCE
2025-04-09T07:04:49.7068479Z > Task :okhttp-dnsoverhttps:classes UP-TO-DATE
2025-04-09T07:04:49.9043863Z > Task :okhttp-dnsoverhttps:jar
2025-04-09T07:04:49.9044932Z > Task :samples:crawler:compileKotlin NO-SOURCE
2025-04-09T07:04:50.0062254Z 
2025-04-09T07:04:50.0062867Z > Task :okhttp-urlconnection:compileKotlin
2025-04-09T07:04:50.0065372Z w: file:///home/runner/work/okhttp/okhttp/okhttp-urlconnection/src/main/kotlin/okhttp3/JavaNetCookieJar.kt:16:36 This code uses error suppression for 'INVISIBLE_REFERENCE'. While it might compile and work, the compiler behavior is UNSPECIFIED and WON'T BE PRESERVED. Please report your use case to the Kotlin issue tracker instead: https://kotl.in/issue
2025-04-09T07:04:50.0067570Z 
2025-04-09T07:04:50.0067825Z > Task :okhttp-urlconnection:compileJava NO-SOURCE
2025-04-09T07:04:50.0068433Z > Task :okhttp-urlconnection:classes UP-TO-DATE
2025-04-09T07:04:50.3027154Z > Task :okhttp-urlconnection:jar
2025-04-09T07:04:50.3039755Z > Task :okhttp-urlconnection:compileTestKotlin NO-SOURCE
2025-04-09T07:04:50.3040738Z > Task :okhttp-urlconnection:compileTestJava NO-SOURCE
2025-04-09T07:04:50.3041801Z > Task :okhttp-urlconnection:testClasses UP-TO-DATE
2025-04-09T07:04:50.3042482Z > Task :okhttp-urlconnection:test NO-SOURCE
2025-04-09T07:04:50.3043227Z > Task :samples:simple-client:compileKotlin NO-SOURCE
2025-04-09T07:04:50.3044018Z > Task :samples:simple-client:compileJava FROM-CACHE
2025-04-09T07:04:50.3045079Z > Task :samples:crawler:compileJava FROM-CACHE
2025-04-09T07:04:50.3045857Z > Task :samples:simple-client:classes UP-TO-DATE
2025-04-09T07:04:50.3046531Z > Task :samples:crawler:classes UP-TO-DATE
2025-04-09T07:04:50.4028991Z > Task :samples:crawler:jar
2025-04-09T07:04:50.4029783Z > Task :samples:crawler:compileTestKotlin NO-SOURCE
2025-04-09T07:04:50.4033848Z > Task :samples:crawler:compileTestJava NO-SOURCE
2025-04-09T07:04:50.4034591Z > Task :samples:crawler:testClasses UP-TO-DATE
2025-04-09T07:04:50.4035260Z > Task :samples:crawler:test NO-SOURCE
2025-04-09T07:04:50.4036308Z > Task :samples:simple-client:jar
2025-04-09T07:04:50.4037037Z > Task :samples:simple-client:compileTestKotlin NO-SOURCE
2025-04-09T07:04:50.4037824Z > Task :samples:slack:compileKotlin NO-SOURCE
2025-04-09T07:04:50.4038487Z > Task :okhttp-sse:compileKotlin
2025-04-09T07:04:50.4039096Z > Task :okhttp-sse:compileJava NO-SOURCE
2025-04-09T07:04:50.4039730Z > Task :okhttp-sse:classes UP-TO-DATE
2025-04-09T07:04:50.4040467Z > Task :samples:simple-client:compileTestJava NO-SOURCE
2025-04-09T07:04:50.4041404Z > Task :samples:simple-client:testClasses UP-TO-DATE
2025-04-09T07:04:50.4042138Z > Task :samples:simple-client:test NO-SOURCE
2025-04-09T07:04:50.4042864Z > Task :samples:static-server:compileKotlin NO-SOURCE
2025-04-09T07:04:50.5026306Z > Task :samples:static-server:compileJava FROM-CACHE
2025-04-09T07:04:50.5048699Z > Task :samples:static-server:classes UP-TO-DATE
2025-04-09T07:04:50.5049782Z > Task :samples:slack:compileJava FROM-CACHE
2025-04-09T07:04:50.5050756Z > Task :samples:slack:classes UP-TO-DATE
2025-04-09T07:04:50.5051788Z > Task :samples:slack:jar
2025-04-09T07:04:50.5052413Z > Task :samples:static-server:jar
2025-04-09T07:04:50.5053229Z > Task :samples:slack:compileTestKotlin NO-SOURCE
2025-04-09T07:04:50.5054060Z > Task :samples:static-server:compileTestKotlin NO-SOURCE
2025-04-09T07:04:50.5054916Z > Task :samples:slack:compileTestJava NO-SOURCE
2025-04-09T07:04:50.5055707Z > Task :samples:slack:testClasses UP-TO-DATE
2025-04-09T07:04:50.5056465Z > Task :samples:slack:test NO-SOURCE
2025-04-09T07:04:50.6036002Z > Task :samples:static-server:compileTestJava NO-SOURCE
2025-04-09T07:04:50.6049082Z > Task :samples:static-server:testClasses UP-TO-DATE
2025-04-09T07:04:50.6056229Z > Task :samples:static-server:test NO-SOURCE
2025-04-09T07:04:50.6061527Z > Task :samples:unixdomainsockets:compileKotlin NO-SOURCE
2025-04-09T07:04:50.6066278Z > Task :samples:unixdomainsockets:compileJava FROM-CACHE
2025-04-09T07:04:50.6070845Z > Task :samples:unixdomainsockets:classes UP-TO-DATE
2025-04-09T07:04:50.6075477Z 
2025-04-09T07:04:50.6086323Z > Task :okhttp-sse:jar
2025-04-09T07:04:50.6090426Z warning: Unused -privatepackage instructions , no such package(s) on the class path: [okhttp3.sse.internal]
2025-04-09T07:04:50.6092904Z 
2025-04-09T07:04:50.6094543Z > Task :okhttp-osgi-tests:compileKotlin NO-SOURCE
2025-04-09T07:04:50.6096555Z > Task :okhttp-osgi-tests:compileJava NO-SOURCE
2025-04-09T07:04:50.6099059Z > Task :okhttp-osgi-tests:classes UP-TO-DATE
2025-04-09T07:04:50.7062574Z > Task :samples:unixdomainsockets:jar
2025-04-09T07:04:50.7063783Z > Task :samples:unixdomainsockets:compileTestKotlin NO-SOURCE
2025-04-09T07:04:50.7064828Z > Task :samples:unixdomainsockets:compileTestJava NO-SOURCE
2025-04-09T07:04:50.7065858Z > Task :samples:unixdomainsockets:testClasses UP-TO-DATE
2025-04-09T07:04:50.7066709Z > Task :samples:unixdomainsockets:test NO-SOURCE
2025-04-09T07:04:50.8026602Z > Task :okhttp-osgi-tests:jar
2025-04-09T07:04:54.4026019Z > Task :samples:tlssurvey:kspKotlin
2025-04-09T07:04:54.4026656Z > Task :samples:tlssurvey:processResources
2025-04-09T07:04:56.4026287Z > Task :samples:tlssurvey:compileKotlin
2025-04-09T07:04:56.4027388Z > Task :samples:tlssurvey:compileJava NO-SOURCE
2025-04-09T07:04:56.4052158Z > Task :samples:tlssurvey:classes
2025-04-09T07:04:56.6063334Z > Task :samples:tlssurvey:jar
2025-04-09T07:04:56.7026382Z > Task :samples:tlssurvey:kspTestKotlin NO-SOURCE
2025-04-09T07:04:56.7030387Z > Task :samples:tlssurvey:compileTestKotlin NO-SOURCE
2025-04-09T07:04:56.7031832Z > Task :samples:tlssurvey:compileTestJava NO-SOURCE
2025-04-09T07:04:56.7032826Z > Task :samples:tlssurvey:processTestResources NO-SOURCE
2025-04-09T07:04:56.7037569Z > Task :samples:tlssurvey:testClasses UP-TO-DATE
2025-04-09T07:04:56.7038660Z > Task :samples:tlssurvey:test NO-SOURCE
2025-04-09T07:04:58.2025929Z 
2025-04-09T07:04:58.2027893Z > Task :okhttp-testing-support:compileKotlin
2025-04-09T07:04:58.2030609Z w: file:///home/runner/work/okhttp/okhttp/okhttp-testing-support/src/main/kotlin/okhttp3/CallEvent.kt:16:36 This code uses error suppression for 'INVISIBLE_REFERENCE'. While it might compile and work, the compiler behavior is UNSPECIFIED and WON'T BE PRESERVED. Please report your use case to the Kotlin issue tracker instead: https://kotl.in/issue
2025-04-09T07:04:58.3029705Z w: file:///home/runner/work/okhttp/okhttp/okhttp-testing-support/src/main/kotlin/okhttp3/ConnectionEvent.kt:16:36 This code uses error suppression for 'INVISIBLE_REFERENCE'. While it might compile and work, the compiler behavior is UNSPECIFIED and WON'T BE PRESERVED. Please report your use case to the Kotlin issue tracker instead: https://kotl.in/issue
2025-04-09T07:04:58.3033847Z w: file:///home/runner/work/okhttp/okhttp/okhttp-testing-support/src/main/kotlin/okhttp3/DelegatingSSLSession.kt:23:8 'class X509Certificate : Certificate' is deprecated. Deprecated in Java.
2025-04-09T07:04:58.3040688Z w: file:///home/runner/work/okhttp/okhttp/okhttp-testing-support/src/main/kotlin/okhttp3/DelegatingSSLSession.kt:64:16 This declaration overrides a deprecated member but is not marked as deprecated itself. Please add the '@Deprecated' annotation or suppress the diagnostic.
2025-04-09T07:04:58.3044423Z w: file:///home/runner/work/okhttp/okhttp/okhttp-testing-support/src/main/kotlin/okhttp3/DelegatingSSLSession.kt:64:49 'class X509Certificate : Certificate' is deprecated. Deprecated in Java.
2025-04-09T07:04:58.3052603Z w: file:///home/runner/work/okhttp/okhttp/okhttp-testing-support/src/main/kotlin/okhttp3/DelegatingSSLSession.kt:64:79 'val peerCertificateChain: Array<(out) X509Certificate!>!' is deprecated. Deprecated in Java.
2025-04-09T07:04:58.3055210Z w: file:///home/runner/work/okhttp/okhttp/okhttp-testing-support/src/main/kotlin/okhttp3/FakeSSLSession.kt:24:8 'class X509Certificate : Certificate' is deprecated. Deprecated in Java.
2025-04-09T07:04:58.3058065Z w: file:///home/runner/work/okhttp/okhttp/okhttp-testing-support/src/main/kotlin/okhttp3/FakeSSLSession.kt:57:16 This declaration overrides a deprecated member but is not marked as deprecated itself. Please add the '@Deprecated' annotation or suppress the diagnostic.
2025-04-09T07:04:58.3060978Z w: file:///home/runner/work/okhttp/okhttp/okhttp-testing-support/src/main/kotlin/okhttp3/FakeSSLSession.kt:57:49 'class X509Certificate : Certificate' is deprecated. Deprecated in Java.
2025-04-09T07:04:58.3064537Z w: file:///home/runner/work/okhttp/okhttp/okhttp-testing-support/src/main/kotlin/okhttp3/OkHttpClientTestRule.kt:16:36 This code uses error suppression for 'INVISIBLE_REFERENCE'. While it might compile and work, the compiler behavior is UNSPECIFIED and WON'T BE PRESERVED. Please report your use case to the Kotlin issue tracker instead: https://kotl.in/issue
2025-04-09T07:04:58.3068942Z w: file:///home/runner/work/okhttp/okhttp/okhttp-testing-support/src/main/kotlin/okhttp3/TestValueFactory.kt:17:3 This code uses error suppression for 'CANNOT_OVERRIDE_INVISIBLE_MEMBER'. While it might compile and work, the compiler behavior is UNSPECIFIED and WON'T BE PRESERVED. Please report your use case to the Kotlin issue tracker instead: https://kotl.in/issue
2025-04-09T07:04:58.3073391Z w: file:///home/runner/work/okhttp/okhttp/okhttp-testing-support/src/main/kotlin/okhttp3/TestValueFactory.kt:19:3 This code uses error suppression for 'INVISIBLE_REFERENCE'. While it might compile and work, the compiler behavior is UNSPECIFIED and WON'T BE PRESERVED. Please report your use case to the Kotlin issue tracker instead: https://kotl.in/issue
2025-04-09T07:04:58.3077979Z w: file:///home/runner/work/okhttp/okhttp/okhttp-testing-support/src/main/kotlin/okhttp3/internal/concurrent/TaskFaker.kt:16:36 This code uses error suppression for 'INVISIBLE_REFERENCE'. While it might compile and work, the compiler behavior is UNSPECIFIED and WON'T BE PRESERVED. Please report your use case to the Kotlin issue tracker instead: https://kotl.in/issue
2025-04-09T07:04:58.3082685Z w: file:///home/runner/work/okhttp/okhttp/okhttp-testing-support/src/main/kotlin/okhttp3/internal/http/RecordingProxySelector.kt:16:36 This code uses error suppression for 'INVISIBLE_REFERENCE'. While it might compile and work, the compiler behavior is UNSPECIFIED and WON'T BE PRESERVED. Please report your use case to the Kotlin issue tracker instead: https://kotl.in/issue
2025-04-09T07:04:58.3085345Z 
2025-04-09T07:04:58.3085616Z > Task :okhttp-testing-support:compileJava NO-SOURCE
2025-04-09T07:04:58.3086231Z > Task :okhttp-testing-support:classes
2025-04-09T07:04:58.9064463Z > Task :okhttp-testing-support:jar
2025-04-09T07:05:02.0026634Z 
2025-04-09T07:05:02.0027667Z > Task :logging-interceptor:compileTestKotlin
2025-04-09T07:05:02.0030501Z w: file:///home/runner/work/okhttp/okhttp/okhttp-logging-interceptor/src/test/java/okhttp3/logging/HttpLoggingInterceptorTest.kt:925:33 This code uses error suppression for 'INVISIBLE_REFERENCE'. While it might compile and work, the compiler behavior is UNSPECIFIED and WON'T BE PRESERVED. Please report your use case to the Kotlin issue tracker instead: https://kotl.in/issue
2025-04-09T07:05:02.0035586Z w: file:///home/runner/work/okhttp/okhttp/okhttp-logging-interceptor/src/test/java/okhttp3/logging/HttpLoggingInterceptorTest.kt:971:33 This code uses error suppression for 'INVISIBLE_REFERENCE'. While it might compile and work, the compiler behavior is UNSPECIFIED and WON'T BE PRESERVED. Please report your use case to the Kotlin issue tracker instead: https://kotl.in/issue
2025-04-09T07:05:03.4025892Z 
2025-04-09T07:05:03.4026557Z > Task :android-test:compileDebugUnitTestKotlin
2025-04-09T07:05:03.4029070Z w: file:///home/runner/work/okhttp/okhttp/android-test/src/test/kotlin/okhttp/android/test/AndroidAsyncDnsTest.kt:16:36 This code uses error suppression for 'INVISIBLE_REFERENCE'. While it might compile and work, the compiler behavior is UNSPECIFIED and WON'T BE PRESERVED. Please report your use case to the Kotlin issue tracker instead: https://kotl.in/issue
2025-04-09T07:05:03.5029984Z 
2025-04-09T07:05:03.5032156Z > Task :android-test:compileDebugUnitTestJavaWithJavac NO-SOURCE
2025-04-09T07:05:03.5033003Z > Task :android-test:processDebugUnitTestJavaRes
2025-04-09T07:05:03.9026772Z > Task :mockwebserver:compileTestKotlin
2025-04-09T07:05:03.9027910Z > Task :logging-interceptor:compileTestJava NO-SOURCE
2025-04-09T07:05:03.9028959Z > Task :logging-interceptor:testClasses UP-TO-DATE
2025-04-09T07:05:03.9029753Z > Task :logging-interceptor:test FROM-CACHE
2025-04-09T07:05:03.9030479Z > Task :mockwebserver:compileTestJava NO-SOURCE
2025-04-09T07:05:03.9031535Z > Task :mockwebserver:testClasses UP-TO-DATE
2025-04-09T07:05:04.0026456Z > Task :mockwebserver:test FROM-CACHE
2025-04-09T07:05:04.0026951Z 
2025-04-09T07:05:04.0027190Z > Task :android-test:compileReleaseUnitTestKotlin
2025-04-09T07:05:04.0029358Z w: file:///home/runner/work/okhttp/okhttp/android-test/src/test/kotlin/okhttp/android/test/AndroidAsyncDnsTest.kt:16:36 This code uses error suppression for 'INVISIBLE_REFERENCE'. While it might compile and work, the compiler behavior is UNSPECIFIED and WON'T BE PRESERVED. Please report your use case to the Kotlin issue tracker instead: https://kotl.in/issue
2025-04-09T07:05:04.1025333Z 
2025-04-09T07:05:04.1026305Z > Task :container-tests:compileTestKotlin
2025-04-09T07:05:04.1027375Z > Task :container-tests:compileTestJava NO-SOURCE
2025-04-09T07:05:04.1028172Z > Task :container-tests:testClasses UP-TO-DATE
2025-04-09T07:05:04.1028874Z > Task :container-tests:test SKIPPED
2025-04-09T07:05:06.3026054Z 
2025-04-09T07:05:06.3027609Z > Task :mockwebserver3:compileTestKotlin
2025-04-09T07:05:06.3031026Z w: file:///home/runner/work/okhttp/okhttp/mockwebserver/src/test/java/mockwebserver3/RecordedRequestTest.kt:16:36 This code uses error suppression for 'INVISIBLE_REFERENCE'. While it might compile and work, the compiler behavior is UNSPECIFIED and WON'T BE PRESERVED. Please report your use case to the Kotlin issue tracker instead: https://kotl.in/issue
2025-04-09T07:05:06.4054681Z 
2025-04-09T07:05:06.4055658Z > Task :mockwebserver3:compileTestJava NO-SOURCE
2025-04-09T07:05:06.4058662Z > Task :mockwebserver3:testClasses UP-TO-DATE
2025-04-09T07:05:06.4059776Z > Task :mockwebserver3:test FROM-CACHE
2025-04-09T07:05:07.4026576Z > Task :mockwebserver3-junit5:compileTestKotlin
2025-04-09T07:05:07.4030916Z > Task :mockwebserver3-junit5:compileTestJava NO-SOURCE
2025-04-09T07:05:07.4035242Z > Task :mockwebserver3-junit5:testClasses UP-TO-DATE
2025-04-09T07:05:07.4039311Z > Task :mockwebserver3-junit5:test FROM-CACHE
2025-04-09T07:05:07.5052910Z > Task :okcurl:compileTestKotlin
2025-04-09T07:05:07.5054070Z > Task :okcurl:compileTestJava NO-SOURCE
2025-04-09T07:05:07.5054881Z > Task :okcurl:testClasses UP-TO-DATE
2025-04-09T07:05:08.4025988Z 
2025-04-09T07:05:08.4026950Z > Task :okhttp:compileDebugUnitTestKotlinAndroid
2025-04-09T07:05:08.4029599Z w: file:///home/runner/work/okhttp/okhttp/okhttp/src/androidUnitTest/kotlin/okhttp3/test/BaseJavaTest.android.kt:26:1 'expect'/'actual' classes (including interfaces, objects, annotations, enums, and 'actual' typealiases) are in Beta. You can use -Xexpect-actual-classes flag to suppress this warning. Also see: https://youtrack.jetbrains.com/issue/KT-61573
2025-04-09T07:05:08.4033967Z w: file:///home/runner/work/okhttp/okhttp/okhttp/src/commonTest/kotlin/okhttp3/test/BaseJavaTest.kt:18:1 'expect'/'actual' classes (including interfaces, objects, annotations, enums, and 'actual' typealiases) are in Beta. You can use -Xexpect-actual-classes flag to suppress this warning. Also see: https://youtrack.jetbrains.com/issue/KT-61573
2025-04-09T07:05:12.1033206Z 
2025-04-09T07:05:12.1038728Z > Task :okhttp:compileDebugUnitTestJavaWithJavac NO-SOURCE
2025-04-09T07:05:12.1040697Z > Task :okhttp:processDebugUnitTestJavaRes
2025-04-09T07:05:12.1047346Z 
2025-04-09T07:05:12.1047868Z > Task :okhttp:compileReleaseUnitTestKotlinAndroid
2025-04-09T07:05:12.1050439Z w: file:///home/runner/work/okhttp/okhttp/okhttp/src/androidUnitTest/kotlin/okhttp3/test/BaseJavaTest.android.kt:26:1 'expect'/'actual' classes (including interfaces, objects, annotations, enums, and 'actual' typealiases) are in Beta. You can use -Xexpect-actual-classes flag to suppress this warning. Also see: https://youtrack.jetbrains.com/issue/KT-61573
2025-04-09T07:05:12.1054912Z w: file:///home/runner/work/okhttp/okhttp/okhttp/src/commonTest/kotlin/okhttp3/test/BaseJavaTest.kt:18:1 'expect'/'actual' classes (including interfaces, objects, annotations, enums, and 'actual' typealiases) are in Beta. You can use -Xexpect-actual-classes flag to suppress this warning. Also see: https://youtrack.jetbrains.com/issue/KT-61573
2025-04-09T07:05:13.3026079Z 
2025-04-09T07:05:13.3045133Z > Task :okhttp-brotli:compileTestKotlin
2025-04-09T07:05:13.3045805Z > Task :okhttp-brotli:compileTestJava NO-SOURCE
2025-04-09T07:05:13.3046408Z > Task :okhttp-brotli:testClasses UP-TO-DATE
2025-04-09T07:05:13.4027490Z > Task :okhttp-brotli:test FROM-CACHE
2025-04-09T07:05:16.7036009Z > Task :okhttp-coroutines:compileTestKotlin
2025-04-09T07:05:16.7038717Z > Task :okhttp-coroutines:compileTestJava NO-SOURCE
2025-04-09T07:05:16.7069874Z > Task :okhttp-coroutines:testClasses UP-TO-DATE
2025-04-09T07:05:19.0026138Z > Task :okcurl:test
2025-04-09T07:05:20.7025413Z 
2025-04-09T07:05:20.7026446Z > Task :okhttp-dnsoverhttps:compileTestKotlin
2025-04-09T07:05:20.7029665Z w: file:///home/runner/work/okhttp/okhttp/okhttp-dnsoverhttps/src/test/java/okhttp3/dnsoverhttps/DnsRecordCodecTest.kt:16:36 This code uses error suppression for 'INVISIBLE_REFERENCE'. While it might compile and work, the compiler behavior is UNSPECIFIED and WON'T BE PRESERVED. Please report your use case to the Kotlin issue tracker instead: https://kotl.in/issue
2025-04-09T07:05:20.7032415Z 
2025-04-09T07:05:20.7032877Z > Task :okhttp-dnsoverhttps:compileTestJava NO-SOURCE
2025-04-09T07:05:20.7033749Z > Task :okhttp-dnsoverhttps:testClasses UP-TO-DATE
2025-04-09T07:05:20.7034549Z > Task :okhttp-dnsoverhttps:test FROM-CACHE
2025-04-09T07:05:21.5050011Z > Task :okhttp-hpacktests:compileTestKotlin
2025-04-09T07:05:21.5051097Z > Task :okhttp-hpacktests:compileTestJava NO-SOURCE
2025-04-09T07:05:21.5052838Z > Task :okhttp-hpacktests:testClasses
2025-04-09T07:05:21.5053594Z > Task :okhttp-hpacktests:test FROM-CACHE
2025-04-09T07:05:22.8025804Z > Task :okhttp-osgi-tests:compileTestKotlin
2025-04-09T07:05:22.8026965Z > Task :okhttp-osgi-tests:compileTestJava NO-SOURCE
2025-04-09T07:05:22.8027885Z > Task :okhttp-osgi-tests:testClasses UP-TO-DATE
2025-04-09T07:05:27.5025845Z > Task :okhttp-coroutines:test
2025-04-09T07:05:28.5026396Z > Task :okhttp-sse:compileTestKotlin
2025-04-09T07:05:28.5027304Z > Task :okhttp-sse:compileTestJava NO-SOURCE
2025-04-09T07:05:28.5028253Z > Task :okhttp-sse:testClasses UP-TO-DATE
2025-04-09T07:05:28.5029147Z > Task :okhttp-sse:test FROM-CACHE
2025-04-09T07:05:29.1032996Z > Task :okhttp-testing-support:compileTestKotlin
2025-04-09T07:05:29.1033888Z > Task :okhttp-testing-support:compileTestJava NO-SOURCE
2025-04-09T07:05:29.1034590Z > Task :okhttp-testing-support:testClasses UP-TO-DATE
2025-04-09T07:05:29.2047976Z > Task :okhttp-testing-support:test FROM-CACHE
2025-04-09T07:05:32.8072324Z 
2025-04-09T07:05:32.8073366Z > Task :okhttp-tls:compileTestKotlin
2025-04-09T07:05:32.8075202Z w: file:///home/runner/work/okhttp/okhttp/okhttp-tls/src/test/java/okhttp3/tls/HandshakeCertificatesTest.kt:162:19 'val subjectDN: Principal!' is deprecated. Deprecated in Java.
2025-04-09T07:05:33.1026447Z 
2025-04-09T07:05:33.1027769Z > Task :okhttp-tls:compileTestJava FROM-CACHE
2025-04-09T07:05:33.1032465Z > Task :okhttp-tls:testClasses UP-TO-DATE
2025-04-09T07:05:33.2026042Z > Task :okhttp-tls:test FROM-CACHE
2025-04-09T07:05:33.5066564Z > Task :android-test:testDebugUnitTest
2025-04-09T07:05:35.3026303Z 
2025-04-09T07:05:35.3027379Z > Task :samples:compare:compileTestKotlin
2025-04-09T07:05:35.3029587Z w: file:///home/runner/work/okhttp/okhttp/samples/compare/src/test/kotlin/okhttp3/compare/ApacheHttpClientTest.kt:54:16 'fun execute(p0: ClassicHttpRequest!): CloseableHttpResponse!' is deprecated. Deprecated in Java.
2025-04-09T07:05:35.3031693Z 
2025-04-09T07:05:35.3032200Z > Task :samples:compare:compileTestJava NO-SOURCE
2025-04-09T07:05:35.3033143Z > Task :samples:compare:testClasses UP-TO-DATE
2025-04-09T07:05:35.4026003Z > Task :samples:compare:test FROM-CACHE
2025-04-09T07:05:35.6026242Z > Task :okhttp:testDebugUnitTest
2025-04-09T07:05:35.6030456Z > Task :okhttp:compileReleaseUnitTestJavaWithJavac NO-SOURCE
2025-04-09T07:05:35.6031727Z > Task :okhttp:processReleaseUnitTestJavaRes
2025-04-09T07:05:42.4025964Z > Task :okhttp-osgi-tests:test
2025-04-09T07:05:44.4025699Z 
2025-04-09T07:05:44.4026798Z > Task :samples:guide:kaptGenerateStubsKotlin
2025-04-09T07:05:44.4028005Z w: Support for language version 2.0+ in kapt is in Alpha and must be enabled explicitly. Falling back to 1.9.
2025-04-09T07:05:48.3028543Z 
2025-04-09T07:05:48.3029526Z > Task :samples:guide:kaptKotlin
2025-04-09T07:05:48.3030895Z warning: Kapt support in Moshi Kotlin Code Gen is deprecated and will be removed in 2.0. Please migrate to KSP. https://github.com/square/moshi#codegen
2025-04-09T07:05:49.9025402Z 
2025-04-09T07:05:49.9027136Z > Task :okhttp:testReleaseUnitTest
2025-04-09T07:05:49.9028787Z > Task :okhttp:test
2025-04-09T07:05:50.6025408Z 
2025-04-09T07:05:50.6029516Z > Task :samples:guide:compileKotlin
2025-04-09T07:05:50.6034553Z w: file:///home/runner/work/okhttp/okhttp/samples/guide/src/main/java/okhttp3/recipes/kt/CustomTrust.kt:174:56 'val subjectDN: Principal!' is deprecated. Deprecated in Java.
2025-04-09T07:05:50.6041482Z w: file:///home/runner/work/okhttp/okhttp/samples/guide/src/main/java/okhttp3/recipes/kt/WiresharkExample.kt:16:36 This code uses error suppression for 'INVISIBLE_REFERENCE'. While it might compile and work, the compiler behavior is UNSPECIFIED and WON'T BE PRESERVED. Please report your use case to the Kotlin issue tracker instead: https://kotl.in/issue
2025-04-09T07:05:50.6049070Z w: file:///home/runner/work/okhttp/okhttp/samples/guide/src/main/java/okhttp3/recipes/kt/YubikeyClientAuth.kt:16:36 This code uses error suppression for 'INVISIBLE_REFERENCE'. While it might compile and work, the compiler behavior is UNSPECIFIED and WON'T BE PRESERVED. Please report your use case to the Kotlin issue tracker instead: https://kotl.in/issue
2025-04-09T07:05:50.7025730Z 
2025-04-09T07:05:50.7029989Z > Task :samples:guide:compileJava FROM-CACHE
2025-04-09T07:05:50.7030870Z > Task :samples:guide:classes UP-TO-DATE
2025-04-09T07:05:51.0026356Z > Task :samples:guide:jar
2025-04-09T07:05:52.0025623Z 
2025-04-09T07:05:52.0026621Z > Task :samples:guide:kaptGenerateStubsTestKotlin
2025-04-09T07:05:52.0027846Z w: Support for language version 2.0+ in kapt is in Alpha and must be enabled explicitly. Falling back to 1.9.
2025-04-09T07:05:52.6025755Z 
2025-04-09T07:05:52.6030153Z > Task :samples:guide:kaptTestKotlin
2025-04-09T07:05:52.6034700Z warning: Kapt support in Moshi Kotlin Code Gen is deprecated and will be removed in 2.0. Please migrate to KSP. https://github.com/square/moshi#codegen
2025-04-09T07:05:53.5030412Z 
2025-04-09T07:05:53.5035328Z > Task :samples:guide:compileTestKotlin
2025-04-09T07:05:53.5036399Z > Task :samples:guide:compileTestJava NO-SOURCE
2025-04-09T07:05:53.5039326Z > Task :samples:guide:testClasses UP-TO-DATE
2025-04-09T07:05:53.5072853Z > Task :samples:guide:test FROM-CACHE
2025-04-09T07:05:54.1043837Z > Task :android-test:compileReleaseUnitTestJavaWithJavac NO-SOURCE
2025-04-09T07:05:54.2026190Z > Task :android-test:processReleaseUnitTestJavaRes
2025-04-09T07:06:05.6032466Z > Task :android-test:testReleaseUnitTest
2025-04-09T07:06:05.6033184Z > Task :android-test:test
2025-04-09T07:06:05.6062437Z gradle/actions: Writing build results to /home/runner/work/_temp/.gradle-actions/build-results/__run-1744182170995.json
2025-04-09T07:06:05.6063290Z 
2025-04-09T07:06:05.6064026Z [Incubating] Problems report is available at: file:///home/runner/work/okhttp/okhttp/build/reports/problems/problems-report.html
2025-04-09T07:06:05.6064894Z 
2025-04-09T07:06:05.6065366Z Deprecated Gradle features were used in this build, making it incompatible with Gradle 9.0.
2025-04-09T07:06:05.6065984Z 
2025-04-09T07:06:05.6066684Z You can use '--warning-mode all' to show the individual deprecation warnings and determine if they come from your own scripts or plugins.
2025-04-09T07:06:05.6067526Z 
2025-04-09T07:06:05.6068357Z For more on this, please refer to https://docs.gradle.org/8.13/userguide/command_line_interface.html#sec:command_line_warnings in the Gradle documentation.
2025-04-09T07:06:05.6069322Z 
2025-04-09T07:06:05.6069501Z BUILD SUCCESSFUL in 3m 22s
2025-04-09T07:06:05.6070000Z 231 actionable tasks: 182 executed, 49 from cache
2025-04-09T07:06:06.0160154Z ##[group]Run mikepenz/action-junit-report@v5
2025-04-09T07:06:06.0160514Z with:
2025-04-09T07:06:06.0160786Z   report_paths: **/build/test-results/*/TEST-*.xml
2025-04-09T07:06:06.0161120Z   check_name: OpenJDK 11 Test Report
2025-04-09T07:06:06.0161761Z   token: ***
2025-04-09T07:06:06.0162278Z   group_reports: true
2025-04-09T07:06:06.0162617Z   annotate_only: false
2025-04-09T07:06:06.0163065Z   check_annotations: true
2025-04-09T07:06:06.0181598Z   update_check: false
2025-04-09T07:06:06.0181886Z   fail_on_failure: false
2025-04-09T07:06:06.0182150Z   fail_on_parse_error: false
2025-04-09T07:06:06.0182423Z   require_tests: false
2025-04-09T07:06:06.0182700Z   require_passed_tests: false
2025-04-09T07:06:06.0182965Z   include_passed: false
2025-04-09T07:06:06.0183206Z   bread_crumb_delimiter: /
2025-04-09T07:06:06.0183469Z   check_retries: false
2025-04-09T07:06:06.0183732Z   transformers: []
2025-04-09T07:06:06.0183952Z   job_summary: true
2025-04-09T07:06:06.0184207Z   detailed_summary: false
2025-04-09T07:06:06.0184443Z   flaky_summary: false
2025-04-09T07:06:06.0184672Z   verbose_summary: true
2025-04-09T07:06:06.0184909Z   skip_success_summary: false
2025-04-09T07:06:06.0185165Z   include_empty_in_summary: true
2025-04-09T07:06:06.0185434Z   include_time_in_summary: false
2025-04-09T07:06:06.0185693Z   simplified_summary: false
2025-04-09T07:06:06.0185935Z   group_suite: false
2025-04-09T07:06:06.0186158Z   comment: false
2025-04-09T07:06:06.0186375Z   updateComment: true
2025-04-09T07:06:06.0186824Z   annotate_notice: false
2025-04-09T07:06:06.0187070Z   follow_symlink: false
2025-04-09T07:06:06.0187377Z   job_name: testopenjdk11
2025-04-09T07:06:06.0187765Z   truncate_stack_traces: true
2025-04-09T07:06:06.0188030Z   resolve_ignore_classname: false
2025-04-09T07:06:06.0188299Z   skip_comment_without_tests: false
2025-04-09T07:06:06.0188567Z env:
2025-04-09T07:06:06.0188964Z   GRADLE_OPTS: -Dorg.gradle.jvmargs=-Xmx4g -Dorg.gradle.daemon=false -Dkotlin.incremental=false
2025-04-09T07:06:06.0189500Z   JAVA_HOME: /opt/hostedtoolcache/Java_Zulu_jdk/17.0.14-7/x64
2025-04-09T07:06:06.0189923Z   JAVA_HOME_11_X64: /opt/hostedtoolcache/Java_Zulu_jdk/11.0.26-4/x64
2025-04-09T07:06:06.0190334Z   JAVA_HOME_17_X64: /opt/hostedtoolcache/Java_Zulu_jdk/17.0.14-7/x64
2025-04-09T07:06:06.0190703Z   GRADLE_ACTION_ID: gradle/actions/setup-gradle
2025-04-09T07:06:06.0191025Z   GRADLE_USER_HOME: /home/runner/.gradle
2025-04-09T07:06:06.0191478Z   GRADLE_BUILD_ACTION_SETUP_COMPLETED: true
2025-04-09T07:06:06.0191784Z   GRADLE_BUILD_ACTION_CACHE_RESTORED: true
2025-04-09T07:06:06.0192224Z   DEVELOCITY_INJECTION_INIT_SCRIPT_NAME: gradle-actions.inject-develocity.init.gradle
2025-04-09T07:06:06.0192709Z   DEVELOCITY_AUTO_INJECTION_CUSTOM_VALUE: gradle-actions
2025-04-09T07:06:06.0193041Z   GITHUB_DEPENDENCY_GRAPH_ENABLED: false
2025-04-09T07:06:06.0193322Z ##[endgroup]
2025-04-09T07:06:06.1256884Z ##[group]ðŸ“˜ Reading input values
2025-04-09T07:06:06.1260585Z ##[endgroup]
2025-04-09T07:06:06.1261516Z ##[group]ðŸ“¦ Process test results
2025-04-09T07:06:06.1262066Z Preparing 1 report as configured.
2025-04-09T07:06:07.0146167Z â„¹ï¸ Posting with conclusion 'success' to refs/heads/master (sha: 76aeda76c213ef398fe7d5ace10f36562c1fbdd8)
2025-04-09T07:06:07.0147489Z ##[endgroup]
2025-04-09T07:06:07.0148179Z ##[group]ðŸš€ Publish results
2025-04-09T07:06:07.0149203Z â„¹ï¸ - OpenJDK 11 Test Report - 396 tests run, 376 passed, 20 skipped, 0 failed.
2025-04-09T07:06:07.0158979Z â„¹ï¸ - OpenJDK 11 Test Report - Creating check (Annotations: 0)
2025-04-09T07:06:07.4528067Z âš ï¸ No annotations found for OpenJDK 11 Test Report. If you want to include passed results in this table please configure 'include_passed' as 'true'
2025-04-09T07:06:07.4545063Z ##[endgroup]
2025-04-09T07:06:07.5402581Z ##[group]Run EnricoMi/publish-unit-test-result-action@v2
2025-04-09T07:06:07.5403027Z with:
2025-04-09T07:06:07.5403282Z   files: **/build/test-results/*/TEST-*.xml

2025-04-09T07:06:07.5403760Z   github_token: ***
2025-04-09T07:06:07.5404010Z   github_token_actor: github-actions
2025-04-09T07:06:07.5404298Z   github_retries: 10
2025-04-09T07:06:07.5404534Z   ssl_verify: true
2025-04-09T07:06:07.5404757Z   check_name: Test Results
2025-04-09T07:06:07.5405003Z   comment_mode: always
2025-04-09T07:06:07.5405239Z   fail_on: test failures
2025-04-09T07:06:07.5405478Z   action_fail: false
2025-04-09T07:06:07.5405721Z   action_fail_on_inconclusive: false
2025-04-09T07:06:07.5406002Z   time_unit: seconds
2025-04-09T07:06:07.5406229Z   report_suite_logs: none
2025-04-09T07:06:07.5406491Z   ignore_runs: false
2025-04-09T07:06:07.5406709Z   check_run: true
2025-04-09T07:06:07.5406929Z   job_summary: true
2025-04-09T07:06:07.5407164Z   compare_to_earlier_commit: true
2025-04-09T07:06:07.5407475Z   pull_request_build: merge
2025-04-09T07:06:07.5407764Z   check_run_annotations: all tests, skipped tests
2025-04-09T07:06:07.5408088Z   seconds_between_github_reads: 0.25
2025-04-09T07:06:07.5408373Z   seconds_between_github_writes: 2.0
2025-04-09T07:06:07.5408663Z   json_thousands_separator: â€ˆ
2025-04-09T07:06:07.5408929Z   json_suite_details: false
2025-04-09T07:06:07.5409182Z   json_test_case_results: false
2025-04-09T07:06:07.5409442Z   search_pull_requests: false
2025-04-09T07:06:07.5409700Z env:
2025-04-09T07:06:07.5410098Z   GRADLE_OPTS: -Dorg.gradle.jvmargs=-Xmx4g -Dorg.gradle.daemon=false -Dkotlin.incremental=false
2025-04-09T07:06:07.5410644Z   JAVA_HOME: /opt/hostedtoolcache/Java_Zulu_jdk/17.0.14-7/x64
2025-04-09T07:06:07.5411074Z   JAVA_HOME_11_X64: /opt/hostedtoolcache/Java_Zulu_jdk/11.0.26-4/x64
2025-04-09T07:06:07.5411860Z   JAVA_HOME_17_X64: /opt/hostedtoolcache/Java_Zulu_jdk/17.0.14-7/x64
2025-04-09T07:06:07.5412233Z   GRADLE_ACTION_ID: gradle/actions/setup-gradle
2025-04-09T07:06:07.5412559Z   GRADLE_USER_HOME: /home/runner/.gradle
2025-04-09T07:06:07.5412868Z   GRADLE_BUILD_ACTION_SETUP_COMPLETED: true
2025-04-09T07:06:07.5413175Z   GRADLE_BUILD_ACTION_CACHE_RESTORED: true
2025-04-09T07:06:07.5413628Z   DEVELOCITY_INJECTION_INIT_SCRIPT_NAME: gradle-actions.inject-develocity.init.gradle
2025-04-09T07:06:07.5414136Z   DEVELOCITY_AUTO_INJECTION_CUSTOM_VALUE: gradle-actions
2025-04-09T07:06:07.5414478Z   GITHUB_DEPENDENCY_GRAPH_ENABLED: false
2025-04-09T07:06:07.5414769Z ##[endgroup]
2025-04-09T07:06:07.5518657Z ##[command]/usr/bin/docker run --name ghcrioenricomipublishunittestresultactionv2190_0b5280 --label 0107d9 --workdir /github/workspace --rm -e "GRADLE_OPTS" -e "JAVA_HOME" -e "JAVA_HOME_11_X64" -e "JAVA_HOME_17_X64" -e "GRADLE_ACTION_ID" -e "GRADLE_USER_HOME" -e "GRADLE_BUILD_ACTION_SETUP_COMPLETED" -e "GRADLE_BUILD_ACTION_CACHE_RESTORED" -e "DEVELOCITY_INJECTION_INIT_SCRIPT_NAME" -e "DEVELOCITY_AUTO_INJECTION_CUSTOM_VALUE" -e "GITHUB_DEPENDENCY_GRAPH_ENABLED" -e "INPUT_FILES" -e "INPUT_GITHUB_TOKEN" -e "INPUT_GITHUB_TOKEN_ACTOR" -e "INPUT_GITHUB_RETRIES" -e "INPUT_SSL_VERIFY" -e "INPUT_COMMIT" -e "INPUT_CHECK_NAME" -e "INPUT_COMMENT_TITLE" -e "INPUT_COMMENT_MODE" -e "INPUT_FAIL_ON" -e "INPUT_ACTION_FAIL" -e "INPUT_ACTION_FAIL_ON_INCONCLUSIVE" -e "INPUT_JUNIT_FILES" -e "INPUT_NUNIT_FILES" -e "INPUT_XUNIT_FILES" -e "INPUT_TRX_FILES" -e "INPUT_TIME_UNIT" -e "INPUT_TEST_FILE_PREFIX" -e "INPUT_REPORT_INDIVIDUAL_RUNS" -e "INPUT_REPORT_SUITE_LOGS" -e "INPUT_DEDUPLICATE_CLASSES_BY_FILE_NAME" -e "INPUT_LARGE_FILES" -e "INPUT_IGNORE_RUNS" -e "INPUT_CHECK_RUN" -e "INPUT_JOB_SUMMARY" -e "INPUT_COMPARE_TO_EARLIER_COMMIT" -e "INPUT_PULL_REQUEST_BUILD" -e "INPUT_EVENT_FILE" -e "INPUT_EVENT_NAME" -e "INPUT_TEST_CHANGES_LIMIT" -e "INPUT_CHECK_RUN_ANNOTATIONS" -e "INPUT_CHECK_RUN_ANNOTATIONS_BRANCH" -e "INPUT_SECONDS_BETWEEN_GITHUB_READS" -e "INPUT_SECONDS_BETWEEN_GITHUB_WRITES" -e "INPUT_SECONDARY_RATE_LIMIT_WAIT_SECONDS" -e "INPUT_JSON_FILE" -e "INPUT_JSON_THOUSANDS_SEPARATOR" -e "INPUT_JSON_SUITE_DETAILS" -e "INPUT_JSON_TEST_CASE_RESULTS" -e "INPUT_SEARCH_PULL_REQUESTS" -e "HOME" -e "GITHUB_JOB" -e "GITHUB_REF" -e "GITHUB_SHA" -e "GITHUB_REPOSITORY" -e "GITHUB_REPOSITORY_OWNER" -e "GITHUB_REPOSITORY_OWNER_ID" -e "GITHUB_RUN_ID" -e "GITHUB_RUN_NUMBER" -e "GITHUB_RETENTION_DAYS" -e "GITHUB_RUN_ATTEMPT" -e "GITHUB_REPOSITORY_ID" -e "GITHUB_ACTOR_ID" -e "GITHUB_ACTOR" -e "GITHUB_TRIGGERING_ACTOR" -e "GITHUB_WORKFLOW" -e "GITHUB_HEAD_REF" -e "GITHUB_BASE_REF" -e "GITHUB_EVENT_NAME" -e "GITHUB_SERVER_URL" -e "GITHUB_API_URL" -e "GITHUB_GRAPHQL_URL" -e "GITHUB_REF_NAME" -e "GITHUB_REF_PROTECTED" -e "GITHUB_REF_TYPE" -e "GITHUB_WORKFLOW_REF" -e "GITHUB_WORKFLOW_SHA" -e "GITHUB_WORKSPACE" -e "GITHUB_ACTION" -e "GITHUB_EVENT_PATH" -e "GITHUB_ACTION_REPOSITORY" -e "GITHUB_ACTION_REF" -e "GITHUB_PATH" -e "GITHUB_ENV" -e "GITHUB_STEP_SUMMARY" -e "GITHUB_STATE" -e "GITHUB_OUTPUT" -e "RUNNER_OS" -e "RUNNER_ARCH" -e "RUNNER_NAME" -e "RUNNER_ENVIRONMENT" -e "RUNNER_TOOL_CACHE" -e "RUNNER_TEMP" -e "RUNNER_WORKSPACE" -e "ACTIONS_RUNTIME_URL" -e "ACTIONS_RUNTIME_TOKEN" -e "ACTIONS_CACHE_URL" -e "ACTIONS_RESULTS_URL" -e GITHUB_ACTIONS=true -e CI=true -v "/var/run/docker.sock":"/var/run/docker.sock" -v "/home/runner/work/_temp/_github_home":"/github/home" -v "/home/runner/work/_temp/_github_workflow":"/github/workflow" -v "/home/runner/work/_temp/_runner_file_commands":"/github/file_commands" -v "/home/runner/work/okhttp/okhttp":"/github/workspace" ghcr.io/enricomi/publish-unit-test-result-action:v2.19.0
2025-04-09T07:06:08.2731702Z 2025-04-09 07:06:08 +0000 - publish -  INFO - Available memory to read files: 14.5 GiB
2025-04-09T07:06:08.3579077Z 2025-04-09 07:06:08 +0000 - publish -  INFO - Reading files **/build/test-results/*/TEST-*.xml (50 files, 93.6 KiB)
2025-04-09T07:06:08.3717960Z 2025-04-09 07:06:08 +0000 - publish -  INFO - Detected 50 JUnit XML files (93.6 KiB)
2025-04-09T07:06:08.3720439Z 2025-04-09 07:06:08 +0000 - publish -  INFO - Finished reading 50 files in 0.01 seconds
2025-04-09T07:06:08.6220945Z 2025-04-09 07:06:08 +0000 - publish -  INFO - Publishing success results for commit 76aeda76c213ef398fe7d5ace10f36562c1fbdd8
2025-04-09T07:06:10.4310475Z 2025-04-09 07:06:10 +0000 - publish -  INFO - Created check https://github.com/square/okhttp/runs/40229919140
2025-04-09T07:06:10.4323345Z 2025-04-09 07:06:10 +0000 - publish -  INFO - Created job summary
2025-04-09T07:06:11.3844271Z 2025-04-09 07:06:11 +0000 - publish -  INFO - There is no pull request for commit 76aeda76c213ef398fe7d5ace10f36562c1fbdd8
2025-04-09T07:06:11.5284444Z Post job cleanup.
2025-04-09T07:06:11.8421436Z In post-action step
2025-04-09T07:06:11.8431998Z ##[group]Stopping Gradle daemons
2025-04-09T07:06:11.8433544Z Stopping Gradle daemons for /home/runner/.gradle/wrapper/dists/gradle-8.13-all/54h0s9kvb6g2sinako7ub77ku/gradle-8.13
2025-04-09T07:06:11.8450710Z [command]/home/runner/.gradle/wrapper/dists/gradle-8.13-all/54h0s9kvb6g2sinako7ub77ku/gradle-8.13/bin/gradle --stop
2025-04-09T07:06:12.4261353Z No Gradle daemons are running.
2025-04-09T07:06:12.4351603Z ##[endgroup]
2025-04-09T07:06:12.4388364Z ##[group]Provision Gradle >= 8.13
2025-04-09T07:06:13.1434803Z Gradle version 8.13 is available at /usr/bin/gradle and >= 8.13. Not installing.
2025-04-09T07:06:13.1436108Z ##[endgroup]
2025-04-09T07:06:13.1442217Z ##[group]Executing Gradle to clean up caches
2025-04-09T07:06:13.1442942Z Cleaning up caches last used before 1744182154773
2025-04-09T07:06:13.1446166Z [command]/usr/bin/gradle -g /home/runner/.gradle -I init.gradle --info --no-daemon --no-scan --build-cache -DGITHUB_DEPENDENCY_GRAPH_ENABLED=false -DGRADLE_ACTIONS_SKIP_BUILD_RESULT_CAPTURE=true noop
2025-04-09T07:06:13.5798369Z Initialized native services in: /home/runner/.gradle/native
2025-04-09T07:06:13.5835288Z Initialized jansi services in: /home/runner/.gradle/native
2025-04-09T07:06:13.8087210Z To honour the JVM settings for this build a single-use Daemon process will be forked. For more on this, please refer to https://docs.gradle.org/8.13/userguide/gradle_daemon.html#sec:disabling_the_daemon in the Gradle documentation.
2025-04-09T07:06:13.9105327Z Starting process 'Gradle build daemon'. Working directory: /home/runner/.gradle/daemon/8.13 Command: /opt/hostedtoolcache/Java_Zulu_jdk/17.0.14-7/x64/bin/java --add-opens=java.base/java.lang=ALL-UNNAMED --add-opens=java.base/java.lang.invoke=ALL-UNNAMED --add-opens=java.base/java.util=ALL-UNNAMED --add-opens=java.prefs/java.util.prefs=ALL-UNNAMED --add-exports=jdk.compiler/com.sun.tools.javac.api=ALL-UNNAMED --add-exports=jdk.compiler/com.sun.tools.javac.util=ALL-UNNAMED --add-opens=java.base/java.util=ALL-UNNAMED --add-opens=java.prefs/java.util.prefs=ALL-UNNAMED --add-opens=java.base/java.nio.charset=ALL-UNNAMED --add-opens=java.base/java.net=ALL-UNNAMED --add-opens=java.base/java.util.concurrent.atomic=ALL-UNNAMED --add-opens=java.xml/javax.xml.namespace=ALL-UNNAMED -Xmx4g -Dfile.encoding=UTF-8 -Duser.country -Duser.language=en -Duser.variant -cp /usr/share/gradle-8.13/lib/gradle-daemon-main-8.13.jar -javaagent:/usr/share/gradle-8.13/lib/agents/gradle-instrumentation-agent-8.13.jar org.gradle.launcher.daemon.bootstrap.GradleDaemon 8.13
2025-04-09T07:06:13.9110938Z Successfully started process 'Gradle build daemon'
2025-04-09T07:06:14.9083148Z An attempt to start the daemon took 1.046 secs.
2025-04-09T07:06:15.0082276Z The client will now receive all logging from the daemon (pid: 3623). The daemon log file: /home/runner/.gradle/daemon/8.13/daemon-3623.out.log
2025-04-09T07:06:15.0083843Z Daemon will be stopped at the end of the build 
2025-04-09T07:06:15.4084099Z Using 4 worker leases.
2025-04-09T07:06:15.6115241Z Received JVM installation metadata from '/opt/hostedtoolcache/Java_Zulu_jdk/17.0.14-7/x64': {JAVA_HOME=/opt/hostedtoolcache/Java_Zulu_jdk/17.0.14-7/x64, JAVA_VERSION=17.0.14, JAVA_VENDOR=Azul Systems, Inc., RUNTIME_NAME=OpenJDK Runtime Environment, RUNTIME_VERSION=17.0.14+7-LTS, VM_NAME=OpenJDK 64-Bit Server VM, VM_VERSION=17.0.14+7-LTS, VM_VENDOR=Azul Systems, Inc., OS_ARCH=amd64}
2025-04-09T07:06:15.9090055Z Watching the file system is configured to be enabled if available
2025-04-09T07:06:15.9091029Z Now considering [/home/runner/work/_temp/dummy-cleanup-project] as hierarchies to watch
2025-04-09T07:06:15.9092135Z File system watching is active
2025-04-09T07:06:16.1086065Z Caching disabled for Groovy DSL script compilation (cp_init) because:
2025-04-09T07:06:16.1089322Z   Build cache is disabled
2025-04-09T07:06:16.1089794Z   Not worth caching.
2025-04-09T07:06:16.1092335Z Compiling initialization script '/home/runner/work/_temp/dummy-cleanup-project/init.gradle' using SubsetScriptTransformer.
2025-04-09T07:06:16.8088827Z Caching disabled for Groovy DSL script compilation (init) because:
2025-04-09T07:06:16.8092094Z   Build cache is disabled
2025-04-09T07:06:16.8093001Z   Not worth caching.
2025-04-09T07:06:16.8094439Z Compiling initialization script '/home/runner/work/_temp/dummy-cleanup-project/init.gradle' using BuildScriptTransformer.
2025-04-09T07:06:17.5092831Z gradle/actions: Not capturing build results
2025-04-09T07:06:17.7084072Z Starting Build
2025-04-09T07:06:17.8083597Z Settings evaluated using settings file '/home/runner/work/_temp/dummy-cleanup-project/settings.gradle'.
2025-04-09T07:06:18.0098247Z Using local directory build cache for the root build (location = /home/runner/.gradle/caches/build-cache-1, remove unused entries = older than 2025-04-09 07:02:34 UTC).
2025-04-09T07:06:18.1085292Z Projects loaded. Root project using build file '/home/runner/work/_temp/dummy-cleanup-project/build.gradle'.
2025-04-09T07:06:18.1088274Z Included projects: [root project 'dummy-cleanup-project']
2025-04-09T07:06:18.5094047Z 
2025-04-09T07:06:18.5104025Z > Configure project :
2025-04-09T07:06:18.5105496Z Evaluating root project 'dummy-cleanup-project' using build file '/home/runner/work/_temp/dummy-cleanup-project/build.gradle'.
2025-04-09T07:06:18.5106874Z All projects evaluated.
2025-04-09T07:06:18.5107539Z Task name matched 'noop'
2025-04-09T07:06:18.5108221Z Selected primary task 'noop' from project :
2025-04-09T07:06:18.5108992Z Tasks to be executed: [task ':noop']
2025-04-09T07:06:18.5109745Z Tasks that were excluded: []
2025-04-09T07:06:18.5142568Z Resolve mutations for :noop (Thread[Execution worker Thread 2,5,main]) started.
2025-04-09T07:06:18.6084529Z :noop (Thread[Execution worker Thread 2,5,main]) started.
2025-04-09T07:06:18.6085710Z 
2025-04-09T07:06:18.6085899Z > Task :noop UP-TO-DATE
2025-04-09T07:06:18.6086361Z Skipping task ':noop' as it has no actions.
2025-04-09T07:06:18.6086718Z 
2025-04-09T07:06:18.6086929Z BUILD SUCCESSFUL in 5s
2025-04-09T07:06:18.6087883Z Build cache (/home/runner/.gradle/caches/build-cache-1) removing files not accessed on or after Wed Apr 09 07:02:34 UTC 2025.
2025-04-09T07:06:18.9089168Z Build cache (/home/runner/.gradle/caches/build-cache-1) cleanup deleted 476 files/directories.
2025-04-09T07:06:18.9090377Z Build cache (/home/runner/.gradle/caches/build-cache-1) cleaned up in 0.227 secs.
2025-04-09T07:06:18.9091844Z Artifact transforms cache (/home/runner/.gradle/caches/8.13/transforms) removing files not accessed on or after Wed Apr 09 07:02:34 UTC 2025.
2025-04-09T07:06:19.5098272Z Artifact transforms cache (/home/runner/.gradle/caches/8.13/transforms) cleanup deleted 744 files/directories.
2025-04-09T07:06:19.5126536Z Artifact transforms cache (/home/runner/.gradle/caches/8.13/transforms) cleaned up in 0.636 secs.
2025-04-09T07:06:19.5128239Z dependencies-accessors (/home/runner/.gradle/caches/8.13/dependencies-accessors) removing files not accessed on or after Wed Apr 09 07:02:34 UTC 2025.
2025-04-09T07:06:19.5130009Z dependencies-accessors (/home/runner/.gradle/caches/8.13/dependencies-accessors) cleanup deleted 1 files/directories.
2025-04-09T07:06:19.5131625Z dependencies-accessors (/home/runner/.gradle/caches/8.13/dependencies-accessors) cleaned up in 0.014 secs.
2025-04-09T07:06:19.5133568Z jars (/home/runner/.gradle/caches/jars-9) cleanup deleted 0 files/directories.
2025-04-09T07:06:19.5134750Z jars (/home/runner/.gradle/caches/jars-9) removing files not accessed on or after Wed Apr 09 07:02:34 UTC 2025.
2025-04-09T07:06:19.5135888Z jars (/home/runner/.gradle/caches/jars-9) cleanup deleted 1 files/directories.
2025-04-09T07:06:19.5136756Z jars (/home/runner/.gradle/caches/jars-9) cleaned up in 0.002 secs.
2025-04-09T07:06:19.5137743Z groovy-dsl (/home/runner/.gradle/caches/8.13/groovy-dsl) removing files not accessed on or after Wed Apr 09 07:02:34 UTC 2025.
2025-04-09T07:06:19.5139243Z groovy-dsl (/home/runner/.gradle/caches/8.13/groovy-dsl) cleanup deleted 2 files/directories.
2025-04-09T07:06:19.5140342Z groovy-dsl (/home/runner/.gradle/caches/8.13/groovy-dsl) cleaned up in 0.002 secs.
2025-04-09T07:06:19.5141573Z artifact cache (/home/runner/.gradle/caches/modules-2) cleanup deleted 0 files/directories.
2025-04-09T07:06:19.5143061Z artifact cache (/home/runner/.gradle/caches/modules-2) [subdir: /home/runner/.gradle/caches/modules-2/resources-2.1] cleanup deleted 0 files/directories.
2025-04-09T07:06:19.5145110Z artifact cache (/home/runner/.gradle/caches/modules-2) [subdir: /home/runner/.gradle/caches/modules-2/resources-2.1] removing files not accessed on or after Wed Apr 09 07:02:34 UTC 2025.
2025-04-09T07:06:19.5147128Z artifact cache (/home/runner/.gradle/caches/modules-2) [subdir: /home/runner/.gradle/caches/modules-2/resources-2.1] cleanup deleted 0 files/directories.
2025-04-09T07:06:19.5149134Z artifact cache (/home/runner/.gradle/caches/modules-2) [subdir: /home/runner/.gradle/caches/modules-2/files-2.1] cleanup deleted 0 files/directories.
2025-04-09T07:06:19.5154632Z artifact cache (/home/runner/.gradle/caches/modules-2) [subdir: /home/runner/.gradle/caches/modules-2/files-2.1] removing files not accessed on or after Wed Apr 09 07:02:34 UTC 2025.
2025-04-09T07:06:19.5762337Z artifact cache (/home/runner/.gradle/caches/modules-2) [subdir: /home/runner/.gradle/caches/modules-2/files-2.1] cleanup deleted 20 files/directories.
2025-04-09T07:06:19.5764374Z artifact cache (/home/runner/.gradle/caches/modules-2) [subdir: /home/runner/.gradle/caches/modules-2/metadata-2.107] cleanup deleted 0 files/directories.
2025-04-09T07:06:19.5779330Z artifact cache (/home/runner/.gradle/caches/modules-2) cleanup deleted 0 files/directories.
2025-04-09T07:06:19.5781063Z artifact cache (/home/runner/.gradle/caches/modules-2) cleaned up in 0.059 secs.
2025-04-09T07:06:19.6674796Z ##[endgroup]
2025-04-09T07:06:19.6675252Z ##[group]Caching Gradle state
2025-04-09T07:06:19.7168588Z [command]/usr/bin/tar --posix -cf cache.tzst --exclude cache.tzst -P -C /home/runner/work/okhttp/okhttp --files-from manifest.txt --use-compress-program zstdmt
2025-04-09T07:06:19.7216141Z [command]/usr/bin/tar --posix -cf cache.tzst --exclude cache.tzst -P -C /home/runner/work/okhttp/okhttp --files-from manifest.txt --use-compress-program zstdmt
2025-04-09T07:06:20.2613713Z [command]/usr/bin/tar --posix -cf cache.tzst --exclude cache.tzst -P -C /home/runner/work/okhttp/okhttp --files-from manifest.txt --use-compress-program zstdmt
2025-04-09T07:06:20.6835023Z [command]/usr/bin/tar --posix -cf cache.tzst --exclude cache.tzst -P -C /home/runner/work/okhttp/okhttp --files-from manifest.txt --use-compress-program zstdmt
2025-04-09T07:06:20.7188943Z Failed to save cache entry with path '/home/runner/.gradle/caches/8.13/generated-gradle-jars/gradle-api-8.13.jar' and key: gradle-generated-gradle-jars-v1-697f81ec8d80712ce7da03f513960371: ReserveCacheError: Unable to reserve cache with key gradle-generated-gradle-jars-v1-697f81ec8d80712ce7da03f513960371, another job may be creating this cache.
2025-04-09T07:06:20.8052736Z Sent 75609 of 75609 (100.0%), 0.2 MBs/sec
2025-04-09T07:06:20.8741524Z [command]/usr/bin/tar --posix -cf cache.tzst --exclude cache.tzst -P -C /home/runner/work/okhttp/okhttp --files-from manifest.txt --use-compress-program zstdmt
2025-04-09T07:06:20.8979080Z Saved cache entry with key gradle-instrumented-jars-v1-ff68e3740371362d2143f519ec593827 from /home/runner/.gradle/caches/jars-*/*/ in 716ms
2025-04-09T07:06:20.9915733Z Sent 125017 of 125017 (100.0%), 0.7 MBs/sec
2025-04-09T07:06:21.0861914Z Saved cache entry with key gradle-groovy-dsl-v1-846919595b25ea26caac2eadcb743f91 from /home/runner/.gradle/caches/*/groovy-dsl/*/ in 452ms
2025-04-09T07:06:21.2715067Z [command]/usr/bin/tar --posix -cf cache.tzst --exclude cache.tzst -P -C /home/runner/work/okhttp/okhttp --files-from manifest.txt --use-compress-program zstdmt
2025-04-09T07:06:22.5770348Z Failed to save cache entry with path '/home/runner/.gradle/caches/*/kotlin-dsl/accessors/*/,/home/runner/.gradle/caches/*/kotlin-dsl/scripts/*/' and key: gradle-kotlin-dsl-v1-ef41df37a50aa444123a4b79f2674179: ReserveCacheError: Unable to reserve cache with key gradle-kotlin-dsl-v1-ef41df37a50aa444123a4b79f2674179, another job may be creating this cache.
2025-04-09T07:06:23.9450947Z Failed to save cache entry with path '/home/runner/.gradle/wrapper/dists/gradle-8.13-all/54h0s9kvb6g2sinako7ub77ku' and key: gradle-wrapper-zips-v1-27b0df0fa405636de00fcbfa0ab79410: ReserveCacheError: Unable to reserve cache with key gradle-wrapper-zips-v1-27b0df0fa405636de00fcbfa0ab79410, another job may be creating this cache.
2025-04-09T07:06:25.3235642Z [command]/usr/bin/tar --posix -cf cache.tzst --exclude cache.tzst -P -C /home/runner/work/okhttp/okhttp --files-from manifest.txt --use-compress-program zstdmt
2025-04-09T07:06:25.4554602Z Failed to save cache entry with path '/home/runner/.gradle/caches/modules-*/files-*/*/*/*/*' and key: gradle-dependencies-v1-b42fad35cb86d1d9174f7b291a2e7297: ReserveCacheError: Unable to reserve cache with key gradle-dependencies-v1-b42fad35cb86d1d9174f7b291a2e7297, another job may be creating this cache.
2025-04-09T07:06:28.1985567Z Sent 35324544 of 169542272 (20.8%), 33.7 MBs/sec
2025-04-09T07:06:28.5535026Z Sent 169542272 of 169542272 (100.0%), 119.2 MBs/sec
2025-04-09T07:06:28.6749467Z Saved cache entry with key gradle-transforms-v1-c4057132d40b1518be96d2212d3b30d7 from /home/runner/.gradle/caches/transforms-4/*/,/home/runner/.gradle/caches/*/transforms/*/ in 6959ms
2025-04-09T07:06:29.4507156Z [command]/usr/bin/tar --posix -cf cache.tzst --exclude cache.tzst -P -C /home/runner/work/okhttp/okhttp --files-from manifest.txt --use-compress-program zstdmt
2025-04-09T07:06:30.4784024Z Sent 22487833 of 22487833 (100.0%), 30.2 MBs/sec
2025-04-09T07:06:30.5729593Z Saved cache entry with key gradle-home-v1|Linux-X64|testopenjdk11[debe7e2089933f89baa724f718db4c25]-76aeda76c213ef398fe7d5ace10f36562c1fbdd8 from /home/runner/.gradle/caches,/home/runner/.gradle/notifications,/home/runner/.gradle/.setup-gradle in 1132ms
2025-04-09T07:06:30.5730928Z ##[endgroup]
2025-04-09T07:06:30.5737193Z Generating Job Summary
2025-04-09T07:06:30.5750819Z Completed post-action step
2025-04-09T07:06:30.5993042Z Post job cleanup.
2025-04-09T07:06:30.7749309Z Post job cleanup.
2025-04-09T07:06:30.9527405Z Post job cleanup.
2025-04-09T07:06:31.0497891Z [command]/usr/bin/git version
2025-04-09T07:06:31.0535887Z git version 2.49.0
2025-04-09T07:06:31.0580031Z Temporarily overriding HOME='/home/runner/work/_temp/d910f980-beb9-4c93-83d4-4fcd7fac5d12' before making global git config changes
2025-04-09T07:06:31.0581742Z Adding repository directory to the temporary git global config as a safe directory
2025-04-09T07:06:31.0587026Z [command]/usr/bin/git config --global --add safe.directory /home/runner/work/okhttp/okhttp
2025-04-09T07:06:31.0634247Z [command]/usr/bin/git config --local --name-only --get-regexp core\.sshCommand
2025-04-09T07:06:31.0669779Z [command]/usr/bin/git submodule foreach --recursive sh -c "git config --local --name-only --get-regexp 'core\.sshCommand' && git config --local --unset-all 'core.sshCommand' || :"
2025-04-09T07:06:31.0917876Z [command]/usr/bin/git config --local --name-only --get-regexp http\.https\:\/\/github\.com\/\.extraheader
2025-04-09T07:06:31.0945926Z http.https://github.com/.extraheader
2025-04-09T07:06:31.0960181Z [command]/usr/bin/git config --local --unset-all http.https://github.com/.extraheader
2025-04-09T07:06:31.0997294Z [command]/usr/bin/git submodule foreach --recursive sh -c "git config --local --name-only --get-regexp 'http\.https\:\/\/github\.com\/\.extraheader' && git config --local --unset-all 'http.https://github.com/.extraheader' || :"
2025-04-09T07:06:31.1364813Z Cleaning up orphan processes
