2025-04-14T14:46:21.5933549Z Requested labels: ubuntu-latest-unit-tester
2025-04-14T14:46:21.5933869Z Job defined at: run-llama/llama_index/.github/workflows/coverage.yml@refs/pull/18454/merge
2025-04-14T14:46:21.5933984Z Waiting for a runner to pick up this job...
2025-04-14T14:46:23.5470083Z Job is waiting for a runner from 'ubuntu-latest-unit-tester' to come online.
2025-04-14T14:46:24.4554843Z Job is about to start running on the runner: ubuntu-latest-unit-tester_41d8999c57ff (organization)
2025-04-14T14:46:26.5322950Z Current runner version: '2.323.0'
2025-04-14T14:46:26.5330090Z Runner name: 'ubuntu-latest-unit-tester_41d8999c57ff'
2025-04-14T14:46:26.5331085Z Runner group name: 'Default'
2025-04-14T14:46:26.5332325Z Machine name: 'runner'
2025-04-14T14:46:26.5351230Z ##[group]Operating System
2025-04-14T14:46:26.5352329Z Ubuntu
2025-04-14T14:46:26.5352882Z 24.04.2
2025-04-14T14:46:26.5353462Z LTS
2025-04-14T14:46:26.5354090Z ##[endgroup]
2025-04-14T14:46:26.5354717Z ##[group]Runner Image
2025-04-14T14:46:26.5355373Z Image: ubuntu-24.04
2025-04-14T14:46:26.5356048Z Version: 20250406.1.0
2025-04-14T14:46:26.5357353Z Included Software: https://github.com/actions/runner-images/blob/ubuntu24/20250406.1/images/ubuntu/Ubuntu2404-Readme.md
2025-04-14T14:46:26.5359100Z Image Release: https://github.com/actions/runner-images/releases/tag/ubuntu24%2F20250406.1
2025-04-14T14:46:26.5360304Z ##[endgroup]
2025-04-14T14:46:26.5363480Z ##[group]GITHUB_TOKEN Permissions
2025-04-14T14:46:26.5365921Z Actions: read
2025-04-14T14:46:26.5366727Z Attestations: read
2025-04-14T14:46:26.5367365Z Checks: read
2025-04-14T14:46:26.5367931Z Contents: read
2025-04-14T14:46:26.5368515Z Deployments: read
2025-04-14T14:46:26.5369145Z Discussions: read
2025-04-14T14:46:26.5369731Z Issues: read
2025-04-14T14:46:26.5370356Z Metadata: read
2025-04-14T14:46:26.5370930Z Models: read
2025-04-14T14:46:26.5371459Z Packages: read
2025-04-14T14:46:26.5372385Z Pages: read
2025-04-14T14:46:26.5372958Z PullRequests: read
2025-04-14T14:46:26.5373555Z RepositoryProjects: read
2025-04-14T14:46:26.5374300Z SecurityEvents: read
2025-04-14T14:46:26.5374865Z Statuses: read
2025-04-14T14:46:26.5375419Z ##[endgroup]
2025-04-14T14:46:26.5378638Z Secret source: None
2025-04-14T14:46:26.5379597Z Prepare workflow directory
2025-04-14T14:46:26.5888326Z Prepare all required actions
2025-04-14T14:46:26.5929001Z Getting action download info
2025-04-14T14:46:26.7373168Z Download action repository 'actions/checkout@v4' (SHA:11bd71901bbe5b1630ceea73d27597364c9af683)
2025-04-14T14:46:26.8483347Z Download action repository 'actions/setup-python@v5' (SHA:8d9ed9ac5c53483de85588cdf95a591a75ab9f55)
2025-04-14T14:46:27.2631387Z Complete job name: test (3.9)
2025-04-14T14:46:27.3358919Z ##[group]Run rm -rf /opt/hostedtoolcache/*
2025-04-14T14:46:27.3359668Z [36;1mrm -rf /opt/hostedtoolcache/*[0m
2025-04-14T14:46:27.3417326Z shell: /usr/bin/bash --noprofile --norc -e -o pipefail {0}
2025-04-14T14:46:27.3418478Z env:
2025-04-14T14:46:27.3419004Z   POETRY_VERSION: 1.8.3
2025-04-14T14:46:27.3419613Z   SYSTEM_VERSION_COMPAT: 1
2025-04-14T14:46:27.3420211Z   CI: true
2025-04-14T14:46:27.3420702Z ##[endgroup]
2025-04-14T14:47:01.4459672Z ##[group]Run actions/checkout@v4
2025-04-14T14:47:01.4460076Z with:
2025-04-14T14:47:01.4460343Z   fetch-depth: 0
2025-04-14T14:47:01.4460653Z   repository: run-llama/llama_index
2025-04-14T14:47:01.4461184Z   token: ***
2025-04-14T14:47:01.4461454Z   ssh-strict: true
2025-04-14T14:47:01.4461732Z   ssh-user: git
2025-04-14T14:47:01.4462183Z   persist-credentials: true
2025-04-14T14:47:01.4462520Z   clean: true
2025-04-14T14:47:01.4462801Z   sparse-checkout-cone-mode: true
2025-04-14T14:47:01.4463145Z   fetch-tags: false
2025-04-14T14:47:01.4463430Z   show-progress: true
2025-04-14T14:47:01.4463717Z   lfs: false
2025-04-14T14:47:01.4463975Z   submodules: false
2025-04-14T14:47:01.4464260Z   set-safe-directory: true
2025-04-14T14:47:01.4464580Z env:
2025-04-14T14:47:01.4464838Z   POETRY_VERSION: 1.8.3
2025-04-14T14:47:01.4465139Z   SYSTEM_VERSION_COMPAT: 1
2025-04-14T14:47:01.4465441Z ##[endgroup]
2025-04-14T14:47:01.5619974Z Syncing repository: run-llama/llama_index
2025-04-14T14:47:01.5621621Z ##[group]Getting Git version info
2025-04-14T14:47:01.5622400Z Working directory is '/home/runner/work/llama_index/llama_index'
2025-04-14T14:47:01.5623213Z [command]/usr/bin/git version
2025-04-14T14:47:01.6409971Z git version 2.49.0
2025-04-14T14:47:01.6440605Z ##[endgroup]
2025-04-14T14:47:01.6455806Z Temporarily overriding HOME='/home/runner/work/_temp/00e45e81-09d6-4d5e-92df-d8f28f778a0b' before making global git config changes
2025-04-14T14:47:01.6457737Z Adding repository directory to the temporary git global config as a safe directory
2025-04-14T14:47:01.6460911Z [command]/usr/bin/git config --global --add safe.directory /home/runner/work/llama_index/llama_index
2025-04-14T14:47:01.6537722Z Deleting the contents of '/home/runner/work/llama_index/llama_index'
2025-04-14T14:47:01.6541299Z ##[group]Initializing the repository
2025-04-14T14:47:01.6545465Z [command]/usr/bin/git init /home/runner/work/llama_index/llama_index
2025-04-14T14:47:01.6958347Z hint: Using 'master' as the name for the initial branch. This default branch name
2025-04-14T14:47:01.6959572Z hint: is subject to change. To configure the initial branch name to use in all
2025-04-14T14:47:01.6960644Z hint: of your new repositories, which will suppress this warning, call:
2025-04-14T14:47:01.6961435Z hint:
2025-04-14T14:47:01.6962237Z hint: 	git config --global init.defaultBranch <name>
2025-04-14T14:47:01.6962932Z hint:
2025-04-14T14:47:01.6963650Z hint: Names commonly chosen instead of 'master' are 'main', 'trunk' and
2025-04-14T14:47:01.6964713Z hint: 'development'. The just-created branch can be renamed via this command:
2025-04-14T14:47:01.6965573Z hint:
2025-04-14T14:47:01.6966038Z hint: 	git branch -m <name>
2025-04-14T14:47:01.7030620Z Initialized empty Git repository in /home/runner/work/llama_index/llama_index/.git/
2025-04-14T14:47:01.7045863Z [command]/usr/bin/git remote add origin https://github.com/run-llama/llama_index
2025-04-14T14:47:01.7130367Z ##[endgroup]
2025-04-14T14:47:01.7131510Z ##[group]Disabling automatic garbage collection
2025-04-14T14:47:01.7136230Z [command]/usr/bin/git config --local gc.auto 0
2025-04-14T14:47:01.7171706Z ##[endgroup]
2025-04-14T14:47:01.7172721Z ##[group]Setting up auth
2025-04-14T14:47:01.7179126Z [command]/usr/bin/git config --local --name-only --get-regexp core\.sshCommand
2025-04-14T14:47:01.7214289Z [command]/usr/bin/git submodule foreach --recursive sh -c "git config --local --name-only --get-regexp 'core\.sshCommand' && git config --local --unset-all 'core.sshCommand' || :"
2025-04-14T14:47:01.8510844Z [command]/usr/bin/git config --local --name-only --get-regexp http\.https\:\/\/github\.com\/\.extraheader
2025-04-14T14:47:01.8546410Z [command]/usr/bin/git submodule foreach --recursive sh -c "git config --local --name-only --get-regexp 'http\.https\:\/\/github\.com\/\.extraheader' && git config --local --unset-all 'http.https://github.com/.extraheader' || :"
2025-04-14T14:47:01.8814157Z [command]/usr/bin/git config --local http.https://github.com/.extraheader AUTHORIZATION: basic ***
2025-04-14T14:47:01.8861588Z ##[endgroup]
2025-04-14T14:47:01.8862650Z ##[group]Fetching the repository
2025-04-14T14:47:01.8871462Z [command]/usr/bin/git -c protocol.version=2 fetch --prune --no-recurse-submodules origin +refs/heads/*:refs/remotes/origin/* +refs/tags/*:refs/tags/* +5b9244de654a5d103814fb46eb6be0e1e825c76d:refs/remotes/pull/18454/merge
2025-04-14T14:47:10.2421968Z From https://github.com/run-llama/llama_index
2025-04-14T14:47:10.2424845Z  * [new branch]          15371-migrate-llama-index-integrations-and-llama-index-packs-to-pydantic-v2 -> origin/15371-migrate-llama-index-integrations-and-llama-index-packs-to-pydantic-v2
2025-04-14T14:47:10.2428606Z  * [new branch]          8147-bug-streaming-on-react-chat-agent-not-working-as-expected -> origin/8147-bug-streaming-on-react-chat-agent-not-working-as-expected
2025-04-14T14:47:10.2430972Z  * [new branch]          8206-bug-indexas_chat_engine -> origin/8206-bug-indexas_chat_engine
2025-04-14T14:47:10.2432263Z  * [new branch]          DJC-GO-SOLO/main        -> origin/DJC-GO-SOLO/main
2025-04-14T14:47:10.2433444Z  * [new branch]          EleniVerteouri/main     -> origin/EleniVerteouri/main
2025-04-14T14:47:10.2434416Z  * [new branch]          HollowMan6/main         -> origin/HollowMan6/main
2025-04-14T14:47:10.2435813Z  * [new branch]          Ja-sonYun/main          -> origin/Ja-sonYun/main
2025-04-14T14:47:10.2439363Z  * [new branch]          Moi1oM/main             -> origin/Moi1oM/main
2025-04-14T14:47:10.2441486Z  * [new branch]          NickNYU/main            -> origin/NickNYU/main
2025-04-14T14:47:10.2444455Z  * [new branch]          Update-Milvus-vectorstore -> origin/Update-Milvus-vectorstore
2025-04-14T14:47:10.2447144Z  * [new branch]          YeonwooSung/main        -> origin/YeonwooSung/main
2025-04-14T14:47:10.2449099Z  * [new branch]          add-bm25-retriever      -> origin/add-bm25-retriever
2025-04-14T14:47:10.2451210Z  * [new branch]          add-duckdb-vector-store -> origin/add-duckdb-vector-store
2025-04-14T14:47:10.2453499Z  * [new branch]          add-dynamodb-url        -> origin/add-dynamodb-url
2025-04-14T14:47:10.2455873Z  * [new branch]          aim_callback            -> origin/aim_callback
2025-04-14T14:47:10.2458102Z  * [new branch]          asif_bagel              -> origin/asif_bagel
2025-04-14T14:47:10.2460528Z  * [new branch]          batmanscode-add-author-metadata-discord -> origin/batmanscode-add-author-metadata-discord
2025-04-14T14:47:10.2463149Z  * [new branch]          chore/makefile          -> origin/chore/makefile
2025-04-14T14:47:10.2465891Z  * [new branch]          chua/heap               -> origin/chua/heap
2025-04-14T14:47:10.2468055Z  * [new branch]          cogniswitch_llama       -> origin/cogniswitch_llama
2025-04-14T14:47:10.2470148Z  * [new branch]          configure-reranker      -> origin/configure-reranker
2025-04-14T14:47:10.2472312Z  * [new branch]          docarray-vectorstore    -> origin/docarray-vectorstore
2025-04-14T14:47:10.2474541Z  * [new branch]          external_kg             -> origin/external_kg
2025-04-14T14:47:10.2477287Z  * [new branch]          fabiofumarola/main      -> origin/fabiofumarola/main
2025-04-14T14:47:10.2479731Z  * [new branch]          feat-enable-custom-download-folder-for-nltk -> origin/feat-enable-custom-download-folder-for-nltk
2025-04-14T14:47:10.2481433Z  * [new branch]          feat-qdrant-metadata-filtering -> origin/feat-qdrant-metadata-filtering
2025-04-14T14:47:10.2484387Z  * [new branch]          feat/async-retriever    -> origin/feat/async-retriever
2025-04-14T14:47:10.2486364Z  * [new branch]          feat/async-synth        -> origin/feat/async-synth
2025-04-14T14:47:10.2488562Z  * [new branch]          feat/aws-semaphore      -> origin/feat/aws-semaphore
2025-04-14T14:47:10.2491305Z  * [new branch]          feature/add-deepeval-integration -> origin/feature/add-deepeval-integration
2025-04-14T14:47:10.2493471Z  * [new branch]          feature/firestore-bactch-insert -> origin/feature/firestore-bactch-insert
2025-04-14T14:47:10.2495618Z  * [new branch]          fix-pgvector            -> origin/fix-pgvector
2025-04-14T14:47:10.2497699Z  * [new branch]          fix-singel-mail-parsing-failure -> origin/fix-singel-mail-parsing-failure
2025-04-14T14:47:10.2499642Z  * [new branch]          fix-validator-empty-is-not-none -> origin/fix-validator-empty-is-not-none
2025-04-14T14:47:10.2502402Z  * [new branch]          fix/remove-node         -> origin/fix/remove-node
2025-04-14T14:47:10.2504869Z  * [new branch]          fix_metadata_extractors_json_dumps_ensure_ascii -> origin/fix_metadata_extractors_json_dumps_ensure_ascii
2025-04-14T14:47:10.2507445Z  * [new branch]          george/verbosity        -> origin/george/verbosity
2025-04-14T14:47:10.2509514Z  * [new branch]          graph_rag_optimization  -> origin/graph_rag_optimization
2025-04-14T14:47:10.2511615Z  * [new branch]          hackgoofer-patch-1      -> origin/hackgoofer-patch-1
2025-04-14T14:47:10.2514547Z  * [new branch]          hz/bug_fix              -> origin/hz/bug_fix
2025-04-14T14:47:10.2516613Z  * [new branch]          hz/colbert_reranker_v1  -> origin/hz/colbert_reranker_v1
2025-04-14T14:47:10.2518582Z  * [new branch]          hz/gpt4v                -> origin/hz/gpt4v
2025-04-14T14:47:10.2520672Z  * [new branch]          hz/hz_filter_v0         -> origin/hz/hz_filter_v0
2025-04-14T14:47:10.2522811Z  * [new branch]          hz/hz_gemini_mm_fix_1   -> origin/hz/hz_gemini_mm_fix_1
2025-04-14T14:47:10.2524959Z  * [new branch]          hz/hz_google            -> origin/hz/hz_google
2025-04-14T14:47:10.2526984Z  * [new branch]          hz/hz_mm_fix_v1         -> origin/hz/hz_mm_fix_v1
2025-04-14T14:47:10.2529051Z  * [new branch]          hz/hz_mm_qe_v1          -> origin/hz/hz_mm_qe_v1
2025-04-14T14:47:10.2531080Z  * [new branch]          hz/hz_mm_table          -> origin/hz/hz_mm_table
2025-04-14T14:47:10.2533273Z  * [new branch]          hz/hz_pdf               -> origin/hz/hz_pdf
2025-04-14T14:47:10.2535552Z  * [new branch]          hz/hz_qe                -> origin/hz/hz_qe
2025-04-14T14:47:10.2537586Z  * [new branch]          hz/hz_qe_1              -> origin/hz/hz_qe_1
2025-04-14T14:47:10.2539639Z  * [new branch]          hz/hz_rank_gpt          -> origin/hz/hz_rank_gpt
2025-04-14T14:47:10.2541974Z  * [new branch]          hz/hz_rerank_v1         -> origin/hz/hz_rerank_v1
2025-04-14T14:47:10.2544012Z  * [new branch]          hz/image_type           -> origin/hz/image_type
2025-04-14T14:47:10.2546037Z  * [new branch]          hz/mm_index             -> origin/hz/mm_index
2025-04-14T14:47:10.2548041Z  * [new branch]          hz/mmr                  -> origin/hz/mmr
2025-04-14T14:47:10.2550129Z  * [new branch]          hz/ollama_mm            -> origin/hz/ollama_mm
2025-04-14T14:47:10.2552217Z  * [new branch]          hz/phi-2                -> origin/hz/phi-2
2025-04-14T14:47:10.2554352Z  * [new branch]          hz/rec_ret_dedup        -> origin/hz/rec_ret_dedup
2025-04-14T14:47:10.2557271Z  * [new branch]          javier/fix-s3fs-pdf-reading -> origin/javier/fix-s3fs-pdf-reading
2025-04-14T14:47:10.2559370Z  * [new branch]          javier/sharepoint-async-support -> origin/javier/sharepoint-async-support
2025-04-14T14:47:10.2562349Z  * [new branch]          jerry/add_ai_assistant_integration -> origin/jerry/add_ai_assistant_integration
2025-04-14T14:47:10.2564276Z  * [new branch]          jerry/add_llm_compiler  -> origin/jerry/add_llm_compiler
2025-04-14T14:47:10.2566479Z  * [new branch]          jerry/add_multi_doc_auto_retrival -> origin/jerry/add_multi_doc_auto_retrival
2025-04-14T14:47:10.2568180Z  * [new branch]          jerry/add_query_pipeline -> origin/jerry/add_query_pipeline
2025-04-14T14:47:10.2570411Z  * [new branch]          jerry/add_query_pipeline_vis -> origin/jerry/add_query_pipeline_vis
2025-04-14T14:47:10.2572317Z  * [new branch]          jerry/add_reflexion_agent -> origin/jerry/add_reflexion_agent
2025-04-14T14:47:10.2574477Z  * [new branch]          jerry/add_semantic_chunking -> origin/jerry/add_semantic_chunking
2025-04-14T14:47:10.2576892Z  * [new branch]          jerry/allow_relative_imports_llama_packs_bak -> origin/jerry/allow_relative_imports_llama_packs_bak
2025-04-14T14:47:10.2578453Z  * [new branch]          jerry/bump_version_0.8.64 -> origin/jerry/bump_version_0.8.64
2025-04-14T14:47:10.2580622Z  * [new branch]          jerry/create_react_chat_engine -> origin/jerry/create_react_chat_engine
2025-04-14T14:47:10.2582724Z  * [new branch]          jerry/custom_query_engine -> origin/jerry/custom_query_engine
2025-04-14T14:47:10.2584608Z  * [new branch]          jerry/edit_raft         -> origin/jerry/edit_raft
2025-04-14T14:47:10.2586714Z  * [new branch]          jerry/escape_json_structured_llm -> origin/jerry/escape_json_structured_llm
2025-04-14T14:47:10.2588607Z  * [new branch]          jerry/expose_prompts    -> origin/jerry/expose_prompts
2025-04-14T14:47:10.2590733Z  * [new branch]          jerry/fix_elasticsearch_guide -> origin/jerry/fix_elasticsearch_guide
2025-04-14T14:47:10.2592933Z  * [new branch]          jerry/fix_observability_doc -> origin/jerry/fix_observability_doc
2025-04-14T14:47:10.2594984Z  * [new branch]          jerry/fix_stuff_for_report_gen -> origin/jerry/fix_stuff_for_report_gen
2025-04-14T14:47:10.2596920Z  * [new branch]          jerry/fix_tool_callbacks -> origin/jerry/fix_tool_callbacks
2025-04-14T14:47:10.2598970Z  * [new branch]          jerry/migrate_builtins  -> origin/jerry/migrate_builtins
2025-04-14T14:47:10.2601118Z  * [new branch]          jerry/openai_llm_function_calling -> origin/jerry/openai_llm_function_calling
2025-04-14T14:47:10.2603258Z  * [new branch]          jerry/small_chroma_fix  -> origin/jerry/small_chroma_fix
2025-04-14T14:47:10.2605458Z  * [new branch]          jerry/test_workflow_query_engine_change -> origin/jerry/test_workflow_query_engine_change
2025-04-14T14:47:10.2607352Z  * [new branch]          jerry/wip_agents        -> origin/jerry/wip_agents
2025-04-14T14:47:10.2610153Z  * [new branch]          joelrorseth/main        -> origin/joelrorseth/main
2025-04-14T14:47:10.2613015Z  * [new branch]          jon-chuang/path-validation -> origin/jon-chuang/path-validation
2025-04-14T14:47:10.2615838Z  * [new branch]          jon/for-test            -> origin/jon/for-test
2025-04-14T14:47:10.2617827Z  * [new branch]          jon/local               -> origin/jon/local
2025-04-14T14:47:10.2619931Z  * [new branch]          kg_vector_custom_retriever -> origin/kg_vector_custom_retriever
2025-04-14T14:47:10.2622888Z  * [new branch]          ljv/learn-overhaul      -> origin/ljv/learn-overhaul
2025-04-14T14:47:10.2625751Z  * [new branch]          logan/add_changelog_to_docs -> origin/logan/add_changelog_to_docs
2025-04-14T14:47:10.2627717Z  * [new branch]          logan/add_docs_build_to_ci -> origin/logan/add_docs_build_to_ci
2025-04-14T14:47:10.2629703Z  * [new branch]          logan/add_openai_dep    -> origin/logan/add_openai_dep
2025-04-14T14:47:10.2631882Z  * [new branch]          logan/agent_streaming   -> origin/logan/agent_streaming
2025-04-14T14:47:10.2634045Z  * [new branch]          logan/agent_streaming_v2 -> origin/logan/agent_streaming_v2
2025-04-14T14:47:10.2639213Z  * [new branch]          logan/ammend_service_context_fix -> origin/logan/ammend_service_context_fix
2025-04-14T14:47:10.2640521Z  * [new branch]          logan/audio_support     -> origin/logan/audio_support
2025-04-14T14:47:10.2642005Z  * [new branch]          logan/bedrock_retriever_nits -> origin/logan/bedrock_retriever_nits
2025-04-14T14:47:10.2645736Z  * [new branch]          logan/bump_mpypy_version -> origin/logan/bump_mpypy_version
2025-04-14T14:47:10.2646599Z  * [new branch]          logan/bump_pinecone_dep -> origin/logan/bump_pinecone_dep
2025-04-14T14:47:10.2649049Z  * [new branch]          logan/bundle_nltk_tiktoken -> origin/logan/bundle_nltk_tiktoken
2025-04-14T14:47:10.2653512Z  * [new branch]          logan/changelog_0.6.22  -> origin/logan/changelog_0.6.22
2025-04-14T14:47:10.2654290Z  * [new branch]          logan/changelog_in_docs -> origin/logan/changelog_in_docs
2025-04-14T14:47:10.2669249Z  * [new branch]          logan/coa_agent         -> origin/logan/coa_agent
2025-04-14T14:47:10.2670009Z  * [new branch]          logan/dispatcher_exception_fix -> origin/logan/dispatcher_exception_fix
2025-04-14T14:47:10.2670693Z  * [new branch]          logan/docker_tool_spec  -> origin/logan/docker_tool_spec
2025-04-14T14:47:10.2671417Z  * [new branch]          logan/document_modelling_refactor_v3 -> origin/logan/document_modelling_refactor_v3
2025-04-14T14:47:10.2672346Z  * [new branch]          logan/download_loader_exists_bug -> origin/logan/download_loader_exists_bug
2025-04-14T14:47:10.2672992Z  * [new branch]          logan/fix_agent_sources -> origin/logan/fix_agent_sources
2025-04-14T14:47:10.2700660Z  * [new branch]          logan/fix_box           -> origin/logan/fix_box
2025-04-14T14:47:10.2701653Z  * [new branch]          logan/fix_chroma_filtesr -> origin/logan/fix_chroma_filtesr
2025-04-14T14:47:10.2702739Z  * [new branch]          logan/fix_core          -> origin/logan/fix_core
2025-04-14T14:47:10.2703625Z  * [new branch]          logan/fix_extractor_docs -> origin/logan/fix_extractor_docs
2025-04-14T14:47:10.2704273Z  * [new branch]          logan/fix_graph_storage_bug_v2 -> origin/logan/fix_graph_storage_bug_v2
2025-04-14T14:47:10.2705055Z  * [new branch]          logan/fix_marshall_edge_case -> origin/logan/fix_marshall_edge_case
2025-04-14T14:47:10.2705959Z  * [new branch]          logan/fix_redis_vector_nodes -> origin/logan/fix_redis_vector_nodes
2025-04-14T14:47:10.2706841Z  * [new branch]          logan/fix_sql_database  -> origin/logan/fix_sql_database
2025-04-14T14:47:10.2707689Z  * [new branch]          logan/fix_version       -> origin/logan/fix_version
2025-04-14T14:47:10.2708330Z  * [new branch]          logan/force_async_tests -> origin/logan/force_async_tests
2025-04-14T14:47:10.2709066Z  * [new branch]          logan/function_calling_agent_streamng -> origin/logan/function_calling_agent_streamng
2025-04-14T14:47:10.2710045Z  * [new branch]          logan/hf_patch_2        -> origin/logan/hf_patch_2
2025-04-14T14:47:10.2710585Z  * [new branch]          logan/hf_tools          -> origin/logan/hf_tools
2025-04-14T14:47:10.2711222Z  * [new branch]          logan/improve_refine    -> origin/logan/improve_refine
2025-04-14T14:47:10.2712309Z  * [new branch]          logan/keyword_index_no_match -> origin/logan/keyword_index_no_match
2025-04-14T14:47:10.2712993Z  * [new branch]          logan/make_docs_great_again -> origin/logan/make_docs_great_again
2025-04-14T14:47:10.2713700Z  * [new branch]          logan/migrate_pydantic  -> origin/logan/migrate_pydantic
2025-04-14T14:47:10.2714590Z  * [new branch]          logan/ollama_base_url   -> origin/logan/ollama_base_url
2025-04-14T14:47:10.2715173Z  * [new branch]          logan/opea_llm          -> origin/logan/opea_llm
2025-04-14T14:47:10.2715809Z  * [new branch]          logan/openai_functions  -> origin/logan/openai_functions
2025-04-14T14:47:10.2716764Z  * [new branch]          logan/pass_in_callback_manager -> origin/logan/pass_in_callback_manager
2025-04-14T14:47:10.2717446Z  * [new branch]          logan/patch_markdown_parser -> origin/logan/patch_markdown_parser
2025-04-14T14:47:10.2718290Z  * [new branch]          logan/portkey_update    -> origin/logan/portkey_update
2025-04-14T14:47:10.2720464Z  * [new branch]          logan/program_examples  -> origin/logan/program_examples
2025-04-14T14:47:10.2722665Z  * [new branch]          logan/prompt_tracking   -> origin/logan/prompt_tracking
2025-04-14T14:47:10.2724797Z  * [new branch]          logan/promptstore       -> origin/logan/promptstore
2025-04-14T14:47:10.2727046Z  * [new branch]          logan/refactor_base_llm -> origin/logan/refactor_base_llm
2025-04-14T14:47:10.2729252Z  * [new branch]          logan/relase_changelog_action -> origin/logan/relase_changelog_action
2025-04-14T14:47:10.2731228Z  * [new branch]          logan/remove_files      -> origin/logan/remove_files
2025-04-14T14:47:10.2734005Z  * [new branch]          logan/remove_old_notebooks -> origin/logan/remove_old_notebooks
2025-04-14T14:47:10.2736406Z  * [new branch]          logan/remove_service_context -> origin/logan/remove_service_context
2025-04-14T14:47:10.2738262Z  * [new branch]          logan/response_builder_ux -> origin/logan/response_builder_ux
2025-04-14T14:47:10.2740300Z  * [new branch]          logan/token_counting    -> origin/logan/token_counting
2025-04-14T14:47:10.2742577Z  * [new branch]          logan/tool_sources      -> origin/logan/tool_sources
2025-04-14T14:47:10.2744892Z  * [new branch]          logan/try_removing_plugins -> origin/logan/try_removing_plugins
2025-04-14T14:47:10.2747360Z  * [new branch]          logan/update_chatbot_tutorial.py -> origin/logan/update_chatbot_tutorial.py
2025-04-14T14:47:10.2749354Z  * [new branch]          logan/update_github_docs -> origin/logan/update_github_docs
2025-04-14T14:47:10.2751607Z  * [new branch]          logan/vector_similarity_speedup -> origin/logan/vector_similarity_speedup
2025-04-14T14:47:10.2754057Z  * [new branch]          logan/weaviate_similarity -> origin/logan/weaviate_similarity
2025-04-14T14:47:10.2756123Z  * [new branch]          logan/weaviate_use_id   -> origin/logan/weaviate_use_id
2025-04-14T14:47:10.2758496Z  * [new branch]          logan/workflow_result_object -> origin/logan/workflow_result_object
2025-04-14T14:47:10.2760616Z  * [new branch]          logan/workflows_session_ux -> origin/logan/workflows_session_ux
2025-04-14T14:47:10.2762990Z  * [new branch]          main                    -> origin/main
2025-04-14T14:47:10.2766118Z  * [new branch]          massi/events-buffer-serialize -> origin/massi/events-buffer-serialize
2025-04-14T14:47:10.2768325Z  * [new branch]          massi/img-to-img-retrieval-example -> origin/massi/img-to-img-retrieval-example
2025-04-14T14:47:10.2770102Z  * [new branch]          monsterapi              -> origin/monsterapi
2025-04-14T14:47:10.2772570Z  * [new branch]          nebulagraph_store_int_vertex_id -> origin/nebulagraph_store_int_vertex_id
2025-04-14T14:47:10.2775484Z  * [new branch]          nerdai/async-timeout-per-step -> origin/nerdai/async-timeout-per-step
2025-04-14T14:47:10.2777513Z  * [new branch]          nerdai/checkpointing-in-workflow -> origin/nerdai/checkpointing-in-workflow
2025-04-14T14:47:10.2779479Z  * [new branch]          nerdai/fix-parallel-processing-bug -> origin/nerdai/fix-parallel-processing-bug
2025-04-14T14:47:10.2781737Z  * [new branch]          nerdai/memory-modules-without-chatstore -> origin/nerdai/memory-modules-without-chatstore
2025-04-14T14:47:10.2783768Z  * [new branch]          nerdai/modify_download_utils_for_pdf -> origin/nerdai/modify_download_utils_for_pdf
2025-04-14T14:47:10.2785807Z  * [new branch]          nerdai/multi-hop-agent  -> origin/nerdai/multi-hop-agent
2025-04-14T14:47:10.2788213Z  * [new branch]          nerdai/networks-postprocessor-diff-privacy-demo -> origin/nerdai/networks-postprocessor-diff-privacy-demo
2025-04-14T14:47:10.2789642Z  * [new branch]          nerdai/pydantic-v2-batch-1 -> origin/nerdai/pydantic-v2-batch-1
2025-04-14T14:47:10.2792190Z  * [new branch]          nerdai/pydantic-v2-graph-stores-indices -> origin/nerdai/pydantic-v2-graph-stores-indices
2025-04-14T14:47:10.2793923Z  * [new branch]          nerdai/pydantic-v2-llms -> origin/nerdai/pydantic-v2-llms
2025-04-14T14:47:10.2796701Z  * [new branch]          nerdai/pydantic-v2-migration-evaluation-response-synthesizers -> origin/nerdai/pydantic-v2-migration-evaluation-response-synthesizers
2025-04-14T14:47:10.2798439Z  * [new branch]          nerdai/pydantic-v2-migration-llama-index-networks -> origin/nerdai/pydantic-v2-migration-llama-index-networks
2025-04-14T14:47:10.2801277Z  * [new branch]          nerdai/pydantic-v2-migration-llama-index-utils-llama-index-cli-llama-index-finetuning-llama-index-experimental -> origin/nerdai/pydantic-v2-migration-llama-index-utils-llama-index-cli-llama-index-finetuning-llama-index-experimental
2025-04-14T14:47:10.2803830Z  * [new branch]          nerdai/pydantic-v2-migration-llama-packs -> origin/nerdai/pydantic-v2-migration-llama-packs
2025-04-14T14:47:10.2805636Z  * [new branch]          nerdai/pydantic-v2-migration-node-parsers-output-parsers -> origin/nerdai/pydantic-v2-migration-node-parsers-output-parsers
2025-04-14T14:47:10.2807215Z  * [new branch]          nerdai/pydantic-v2-migration-readers -> origin/nerdai/pydantic-v2-migration-readers
2025-04-14T14:47:10.2808952Z  * [new branch]          nerdai/pydantic-v2-migration-retrievers-storage -> origin/nerdai/pydantic-v2-migration-retrievers-storage
2025-04-14T14:47:10.2810807Z  * [new branch]          nerdai/pydantic-v2-migration-tools -> origin/nerdai/pydantic-v2-migration-tools
2025-04-14T14:47:10.2813310Z  * [new branch]          nerdai/pydantic-v2-migration-vector-stores -> origin/nerdai/pydantic-v2-migration-vector-stores
2025-04-14T14:47:10.2814872Z  * [new branch]          nerdai/revert-langfuse  -> origin/nerdai/revert-langfuse
2025-04-14T14:47:10.2817099Z  * [new branch]          nerdai/revert-last-comimt -> origin/nerdai/revert-last-comimt
2025-04-14T14:47:10.2819619Z  * [new branch]          nerdai/undo-the-previous-step-workflow -> origin/nerdai/undo-the-previous-step-workflow
2025-04-14T14:47:10.2821176Z  * [new branch]          nerdai/wadave           -> origin/nerdai/wadave
2025-04-14T14:47:10.2823904Z  * [new branch]          next_0.9.0a1            -> origin/next_0.9.0a1
2025-04-14T14:47:10.2826024Z  * [new branch]          next_0.9.0a2            -> origin/next_0.9.0a2
2025-04-14T14:47:10.2828259Z  * [new branch]          next_0.9.0a3            -> origin/next_0.9.0a3
2025-04-14T14:47:10.2832095Z  * [new branch]          nguyetpvt/fix/load-json-with-utf8 -> origin/nguyetpvt/fix/load-json-with-utf8
2025-04-14T14:47:10.2834102Z  * [new branch]          open-ai-key-validation  -> origin/open-ai-key-validation
2025-04-14T14:47:10.2836175Z  * [new branch]          patch-1                 -> origin/patch-1
2025-04-14T14:47:10.2839120Z  * [new branch]          pierre/fix_doc_d_in_search -> origin/pierre/fix_doc_d_in_search
2025-04-14T14:47:10.2841116Z  * [new branch]          pierre/fix_float_parse  -> origin/pierre/fix_float_parse
2025-04-14T14:47:10.2843552Z  * [new branch]          pydantic_through_response_modes -> origin/pydantic_through_response_modes
2025-04-14T14:47:10.2845764Z  * [new branch]          revert-12295-nf-fix-notebook -> origin/revert-12295-nf-fix-notebook
2025-04-14T14:47:10.2847782Z  * [new branch]          revert-9027-main        -> origin/revert-9027-main
2025-04-14T14:47:10.2850080Z  * [new branch]          revert-9842-trt_in_process -> origin/revert-9842-trt_in_process
2025-04-14T14:47:10.2852962Z  * [new branch]          seldo/0.8.53.post3      -> origin/seldo/0.8.53.post3
2025-04-14T14:47:10.2855957Z  * [new branch]          sheresaidon/main        -> origin/sheresaidon/main
2025-04-14T14:47:10.2858125Z  * [new branch]          sphinx_ext              -> origin/sphinx_ext
2025-04-14T14:47:10.2860362Z  * [new branch]          stale_packages          -> origin/stale_packages
2025-04-14T14:47:10.2862798Z  * [new branch]          structured_synth        -> origin/structured_synth
2025-04-14T14:47:10.2865709Z  * [new branch]          suo/0113_table_qa       -> origin/suo/0113_table_qa
2025-04-14T14:47:10.2867671Z  * [new branch]          suo/alpha1              -> origin/suo/alpha1
2025-04-14T14:47:10.2869772Z  * [new branch]          suo/bump_version        -> origin/suo/bump_version
2025-04-14T14:47:10.2872110Z  * [new branch]          suo/drop_gpt            -> origin/suo/drop_gpt
2025-04-14T14:47:10.2874137Z  * [new branch]          suo/guidance            -> origin/suo/guidance
2025-04-14T14:47:10.2876071Z  * [new branch]          suo/llms                -> origin/suo/llms
2025-04-14T14:47:10.2878126Z  * [new branch]          suo/llms_p1             -> origin/suo/llms_p1
2025-04-14T14:47:10.2880285Z  * [new branch]          suo/may29_prompt_helper -> origin/suo/may29_prompt_helper
2025-04-14T14:47:10.2882550Z  * [new branch]          suo/may8_expose_vector_query -> origin/suo/may8_expose_vector_query
2025-04-14T14:47:10.2884726Z  * [new branch]          suo/may9_streaming      -> origin/suo/may9_streaming
2025-04-14T14:47:10.2886448Z  * [new branch]          suo/prompt_cleanup      -> origin/suo/prompt_cleanup
2025-04-14T14:47:10.2888561Z  * [new branch]          suo/rip_off_bandaid     -> origin/suo/rip_off_bandaid
2025-04-14T14:47:10.2890602Z  * [new branch]          suo/tst                 -> origin/suo/tst
2025-04-14T14:47:10.2892817Z  * [new branch]          suo/update_env          -> origin/suo/update_env
2025-04-14T14:47:10.2894810Z  * [new branch]          suo/use_networkx        -> origin/suo/use_networkx
2025-04-14T14:47:10.2897145Z  * [new branch]          support-pydantic-v2     -> origin/support-pydantic-v2
2025-04-14T14:47:10.2899179Z  * [new branch]          vectara                 -> origin/vectara
2025-04-14T14:47:10.2901408Z  * [new branch]          wandbcallback           -> origin/wandbcallback
2025-04-14T14:47:10.2903897Z  * [new branch]          workflows               -> origin/workflows
2025-04-14T14:47:10.2944371Z  * [new tag]             v0.10.0                 -> v0.10.0
2025-04-14T14:47:10.2945805Z  * [new tag]             v0.10.1                 -> v0.10.1
2025-04-14T14:47:10.2947303Z  * [new tag]             v0.10.10                -> v0.10.10
2025-04-14T14:47:10.2948864Z  * [new tag]             v0.10.11                -> v0.10.11
2025-04-14T14:47:10.2950421Z  * [new tag]             v0.10.12                -> v0.10.12
2025-04-14T14:47:10.2952175Z  * [new tag]             v0.10.13                -> v0.10.13
2025-04-14T14:47:10.2953930Z  * [new tag]             v0.10.13.post1          -> v0.10.13.post1
2025-04-14T14:47:10.2955429Z  * [new tag]             v0.10.14                -> v0.10.14
2025-04-14T14:47:10.2957037Z  * [new tag]             v0.10.15                -> v0.10.15
2025-04-14T14:47:10.2958616Z  * [new tag]             v0.10.16                -> v0.10.16
2025-04-14T14:47:10.2960270Z  * [new tag]             v0.10.17                -> v0.10.17
2025-04-14T14:47:10.2962033Z  * [new tag]             v0.10.18                -> v0.10.18
2025-04-14T14:47:10.2963580Z  * [new tag]             v0.10.19                -> v0.10.19
2025-04-14T14:47:10.2965110Z  * [new tag]             v0.10.20                -> v0.10.20
2025-04-14T14:47:10.2966630Z  * [new tag]             v0.10.22                -> v0.10.22
2025-04-14T14:47:10.2968426Z  * [new tag]             v0.10.23                -> v0.10.23
2025-04-14T14:47:10.2969883Z  * [new tag]             v0.10.24                -> v0.10.24
2025-04-14T14:47:10.2971476Z  * [new tag]             v0.10.25                -> v0.10.25
2025-04-14T14:47:10.2973406Z  * [new tag]             v0.10.26                -> v0.10.26
2025-04-14T14:47:10.2974663Z  * [new tag]             v0.10.27                -> v0.10.27
2025-04-14T14:47:10.2976460Z  * [new tag]             v0.10.28                -> v0.10.28
2025-04-14T14:47:10.2978367Z  * [new tag]             v0.10.28.post1          -> v0.10.28.post1
2025-04-14T14:47:10.2979753Z  * [new tag]             v0.10.29                -> v0.10.29
2025-04-14T14:47:10.2981623Z  * [new tag]             v0.10.3                 -> v0.10.3
2025-04-14T14:47:10.2983203Z  * [new tag]             v0.10.30                -> v0.10.30
2025-04-14T14:47:10.2984900Z  * [new tag]             v0.10.31                -> v0.10.31
2025-04-14T14:47:10.2986483Z  * [new tag]             v0.10.32                -> v0.10.32
2025-04-14T14:47:10.2987893Z  * [new tag]             v0.10.33                -> v0.10.33
2025-04-14T14:47:10.2989660Z  * [new tag]             v0.10.34                -> v0.10.34
2025-04-14T14:47:10.2991271Z  * [new tag]             v0.10.35                -> v0.10.35
2025-04-14T14:47:10.2992675Z  * [new tag]             v0.10.36                -> v0.10.36
2025-04-14T14:47:10.2994554Z  * [new tag]             v0.10.37                -> v0.10.37
2025-04-14T14:47:10.2996140Z  * [new tag]             v0.10.38                -> v0.10.38
2025-04-14T14:47:10.2997909Z  * [new tag]             v0.10.39                -> v0.10.39
2025-04-14T14:47:10.2999270Z  * [new tag]             v0.10.40                -> v0.10.40
2025-04-14T14:47:10.3001275Z  * [new tag]             v0.10.41                -> v0.10.41
2025-04-14T14:47:10.3002659Z  * [new tag]             v0.10.42                -> v0.10.42
2025-04-14T14:47:10.3004402Z  * [new tag]             v0.10.43                -> v0.10.43
2025-04-14T14:47:10.3006025Z  * [new tag]             v0.10.44                -> v0.10.44
2025-04-14T14:47:10.3007627Z  * [new tag]             v0.10.45                -> v0.10.45
2025-04-14T14:47:10.3009207Z  * [new tag]             v0.10.45post1           -> v0.10.45post1
2025-04-14T14:47:10.3010755Z  * [new tag]             v0.10.46                -> v0.10.46
2025-04-14T14:47:10.3012389Z  * [new tag]             v0.10.47                -> v0.10.47
2025-04-14T14:47:10.3014105Z  * [new tag]             v0.10.48                -> v0.10.48
2025-04-14T14:47:10.3015767Z  * [new tag]             v0.10.48.post1          -> v0.10.48.post1
2025-04-14T14:47:10.3017392Z  * [new tag]             v0.10.49                -> v0.10.49
2025-04-14T14:47:10.3018990Z  * [new tag]             v0.10.5                 -> v0.10.5
2025-04-14T14:47:10.3020716Z  * [new tag]             v0.10.50                -> v0.10.50
2025-04-14T14:47:10.3022483Z  * [new tag]             v0.10.51                -> v0.10.51
2025-04-14T14:47:10.3024268Z  * [new tag]             v0.10.52                -> v0.10.52
2025-04-14T14:47:10.3025972Z  * [new tag]             v0.10.53                -> v0.10.53
2025-04-14T14:47:10.3027380Z  * [new tag]             v0.10.54                -> v0.10.54
2025-04-14T14:47:10.3029321Z  * [new tag]             v0.10.54post1           -> v0.10.54post1
2025-04-14T14:47:10.3031231Z  * [new tag]             v0.10.55                -> v0.10.55
2025-04-14T14:47:10.3033103Z  * [new tag]             v0.10.56                -> v0.10.56
2025-04-14T14:47:10.3034785Z  * [new tag]             v0.10.57                -> v0.10.57
2025-04-14T14:47:10.3036431Z  * [new tag]             v0.10.58                -> v0.10.58
2025-04-14T14:47:10.3038114Z  * [new tag]             v0.10.59                -> v0.10.59
2025-04-14T14:47:10.3039876Z  * [new tag]             v0.10.6                 -> v0.10.6
2025-04-14T14:47:10.3041451Z  * [new tag]             v0.10.60                -> v0.10.60
2025-04-14T14:47:10.3043227Z  * [new tag]             v0.10.61                -> v0.10.61
2025-04-14T14:47:10.3044849Z  * [new tag]             v0.10.62                -> v0.10.62
2025-04-14T14:47:10.3046497Z  * [new tag]             v0.10.63                -> v0.10.63
2025-04-14T14:47:10.3048113Z  * [new tag]             v0.10.64                -> v0.10.64
2025-04-14T14:47:10.3049655Z  * [new tag]             v0.10.65                -> v0.10.65
2025-04-14T14:47:10.3051391Z  * [new tag]             v0.10.66                -> v0.10.66
2025-04-14T14:47:10.3053257Z  * [new tag]             v0.10.67                -> v0.10.67
2025-04-14T14:47:10.3054918Z  * [new tag]             v0.10.67.post1          -> v0.10.67.post1
2025-04-14T14:47:10.3056645Z  * [new tag]             v0.10.68                -> v0.10.68
2025-04-14T14:47:10.3058263Z  * [new tag]             v0.10.7                 -> v0.10.7
2025-04-14T14:47:10.3060046Z  * [new tag]             v0.10.8                 -> v0.10.8
2025-04-14T14:47:10.3061735Z  * [new tag]             v0.10.9                 -> v0.10.9
2025-04-14T14:47:10.3063594Z  * [new tag]             v0.11.0                 -> v0.11.0
2025-04-14T14:47:10.3065302Z  * [new tag]             v0.11.1                 -> v0.11.1
2025-04-14T14:47:10.3067075Z  * [new tag]             v0.11.10                -> v0.11.10
2025-04-14T14:47:10.3068762Z  * [new tag]             v0.11.11                -> v0.11.11
2025-04-14T14:47:10.3070701Z  * [new tag]             v0.11.12                -> v0.11.12
2025-04-14T14:47:10.3072254Z  * [new tag]             v0.11.13                -> v0.11.13
2025-04-14T14:47:10.3074120Z  * [new tag]             v0.11.14                -> v0.11.14
2025-04-14T14:47:10.3075602Z  * [new tag]             v0.11.15                -> v0.11.15
2025-04-14T14:47:10.3077683Z  * [new tag]             v0.11.16                -> v0.11.16
2025-04-14T14:47:10.3079043Z  * [new tag]             v0.11.17                -> v0.11.17
2025-04-14T14:47:10.3080890Z  * [new tag]             v0.11.17.post1          -> v0.11.17.post1
2025-04-14T14:47:10.3082743Z  * [new tag]             v0.11.18                -> v0.11.18
2025-04-14T14:47:10.3084493Z  * [new tag]             v0.11.19                -> v0.11.19
2025-04-14T14:47:10.3086170Z  * [new tag]             v0.11.2                 -> v0.11.2
2025-04-14T14:47:10.3087861Z  * [new tag]             v0.11.20                -> v0.11.20
2025-04-14T14:47:10.3089551Z  * [new tag]             v0.11.21                -> v0.11.21
2025-04-14T14:47:10.3091278Z  * [new tag]             v0.11.22                -> v0.11.22
2025-04-14T14:47:10.3093269Z  * [new tag]             v0.11.23                -> v0.11.23
2025-04-14T14:47:10.3094986Z  * [new tag]             v0.11.23.post1          -> v0.11.23.post1
2025-04-14T14:47:10.3096693Z  * [new tag]             v0.11.23.post2          -> v0.11.23.post2
2025-04-14T14:47:10.3098482Z  * [new tag]             v0.11.23.post3          -> v0.11.23.post3
2025-04-14T14:47:10.3100157Z  * [new tag]             v0.11.3                 -> v0.11.3
2025-04-14T14:47:10.3102031Z  * [new tag]             v0.11.4                 -> v0.11.4
2025-04-14T14:47:10.3104195Z  * [new tag]             v0.11.5                 -> v0.11.5
2025-04-14T14:47:10.3105828Z  * [new tag]             v0.11.6                 -> v0.11.6
2025-04-14T14:47:10.3107638Z  * [new tag]             v0.11.6.post1           -> v0.11.6.post1
2025-04-14T14:47:10.3109315Z  * [new tag]             v0.11.7                 -> v0.11.7
2025-04-14T14:47:10.3111014Z  * [new tag]             v0.11.8                 -> v0.11.8
2025-04-14T14:47:10.3112814Z  * [new tag]             v0.11.9                 -> v0.11.9
2025-04-14T14:47:10.3114665Z  * [new tag]             v0.12.0                 -> v0.12.0
2025-04-14T14:47:10.3116435Z  * [new tag]             v0.12.0.post1           -> v0.12.0.post1
2025-04-14T14:47:10.3118120Z  * [new tag]             v0.12.1                 -> v0.12.1
2025-04-14T14:47:10.3119902Z  * [new tag]             v0.12.10                -> v0.12.10
2025-04-14T14:47:10.3121622Z  * [new tag]             v0.12.11                -> v0.12.11
2025-04-14T14:47:10.3123570Z  * [new tag]             v0.12.12                -> v0.12.12
2025-04-14T14:47:10.3125298Z  * [new tag]             v0.12.13                -> v0.12.13
2025-04-14T14:47:10.3127042Z  * [new tag]             v0.12.13.post1          -> v0.12.13.post1
2025-04-14T14:47:10.3128761Z  * [new tag]             v0.12.14                -> v0.12.14
2025-04-14T14:47:10.3130569Z  * [new tag]             v0.12.15                -> v0.12.15
2025-04-14T14:47:10.3132556Z  * [new tag]             v0.12.16                -> v0.12.16
2025-04-14T14:47:10.3134451Z  * [new tag]             v0.12.17                -> v0.12.17
2025-04-14T14:47:10.3135992Z  * [new tag]             v0.12.17.post1          -> v0.12.17.post1
2025-04-14T14:47:10.3137772Z  * [new tag]             v0.12.17.post2          -> v0.12.17.post2
2025-04-14T14:47:10.3139475Z  * [new tag]             v0.12.18                -> v0.12.18
2025-04-14T14:47:10.3141249Z  * [new tag]             v0.12.19                -> v0.12.19
2025-04-14T14:47:10.3143125Z  * [new tag]             v0.12.2                 -> v0.12.2
2025-04-14T14:47:10.3144845Z  * [new tag]             v0.12.20                -> v0.12.20
2025-04-14T14:47:10.3146602Z  * [new tag]             v0.12.21                -> v0.12.21
2025-04-14T14:47:10.3148356Z  * [new tag]             v0.12.22                -> v0.12.22
2025-04-14T14:47:10.3150175Z  * [new tag]             v0.12.22.post1          -> v0.12.22.post1
2025-04-14T14:47:10.3152091Z  * [new tag]             v0.12.23                -> v0.12.23
2025-04-14T14:47:10.3153853Z  * [new tag]             v0.12.24                -> v0.12.24
2025-04-14T14:47:10.3155593Z  * [new tag]             v0.12.24.post1          -> v0.12.24.post1
2025-04-14T14:47:10.3157527Z  * [new tag]             v0.12.24.post2          -> v0.12.24.post2
2025-04-14T14:47:10.3159199Z  * [new tag]             v0.12.25                -> v0.12.25
2025-04-14T14:47:10.3160947Z  * [new tag]             v0.12.26                -> v0.12.26
2025-04-14T14:47:10.3163045Z  * [new tag]             v0.12.27                -> v0.12.27
2025-04-14T14:47:10.3164864Z  * [new tag]             v0.12.28                -> v0.12.28
2025-04-14T14:47:10.3166685Z  * [new tag]             v0.12.29                -> v0.12.29
2025-04-14T14:47:10.3168425Z  * [new tag]             v0.12.3                 -> v0.12.3
2025-04-14T14:47:10.3170228Z  * [new tag]             v0.12.30                -> v0.12.30
2025-04-14T14:47:10.3172192Z  * [new tag]             v0.12.4                 -> v0.12.4
2025-04-14T14:47:10.3173942Z  * [new tag]             v0.12.5                 -> v0.12.5
2025-04-14T14:47:10.3175690Z  * [new tag]             v0.12.6                 -> v0.12.6
2025-04-14T14:47:10.3177469Z  * [new tag]             v0.12.7                 -> v0.12.7
2025-04-14T14:47:10.3179251Z  * [new tag]             v0.12.8                 -> v0.12.8
2025-04-14T14:47:10.3181030Z  * [new tag]             v0.12.9                 -> v0.12.9
2025-04-14T14:47:10.3182835Z  * [new tag]             v0.12.9.post1           -> v0.12.9.post1
2025-04-14T14:47:10.3184712Z  * [new tag]             v0.2.17                 -> v0.2.17
2025-04-14T14:47:10.3186419Z  * [new tag]             v0.3.0                  -> v0.3.0
2025-04-14T14:47:10.3188085Z  * [new tag]             v0.3.1                  -> v0.3.1
2025-04-14T14:47:10.3189767Z  * [new tag]             v0.3.2                  -> v0.3.2
2025-04-14T14:47:10.3191430Z  * [new tag]             v0.3.3                  -> v0.3.3
2025-04-14T14:47:10.3193333Z  * [new tag]             v0.3.4                  -> v0.3.4
2025-04-14T14:47:10.3194955Z  * [new tag]             v0.3.5                  -> v0.3.5
2025-04-14T14:47:10.3196638Z  * [new tag]             v0.3.6                  -> v0.3.6
2025-04-14T14:47:10.3198472Z  * [new tag]             v0.4.0                  -> v0.4.0
2025-04-14T14:47:10.3200179Z  * [new tag]             v0.4.1                  -> v0.4.1
2025-04-14T14:47:10.3202076Z  * [new tag]             v0.4.10                 -> v0.4.10
2025-04-14T14:47:10.3203826Z  * [new tag]             v0.4.11                 -> v0.4.11
2025-04-14T14:47:10.3205518Z  * [new tag]             v0.4.12                 -> v0.4.12
2025-04-14T14:47:10.3207198Z  * [new tag]             v0.4.13                 -> v0.4.13
2025-04-14T14:47:10.3208852Z  * [new tag]             v0.4.14                 -> v0.4.14
2025-04-14T14:47:10.3210634Z  * [new tag]             v0.4.15                 -> v0.4.15
2025-04-14T14:47:10.3212517Z  * [new tag]             v0.4.16                 -> v0.4.16
2025-04-14T14:47:10.3214231Z  * [new tag]             v0.4.17                 -> v0.4.17
2025-04-14T14:47:10.3215940Z  * [new tag]             v0.4.18                 -> v0.4.18
2025-04-14T14:47:10.3217600Z  * [new tag]             v0.4.19                 -> v0.4.19
2025-04-14T14:47:10.3219338Z  * [new tag]             v0.4.2                  -> v0.4.2
2025-04-14T14:47:10.3221138Z  * [new tag]             v0.4.20                 -> v0.4.20
2025-04-14T14:47:10.3223024Z  * [new tag]             v0.4.21                 -> v0.4.21
2025-04-14T14:47:10.3224620Z  * [new tag]             v0.4.22                 -> v0.4.22
2025-04-14T14:47:10.3226340Z  * [new tag]             v0.4.22.post1           -> v0.4.22.post1
2025-04-14T14:47:10.3227961Z  * [new tag]             v0.4.23                 -> v0.4.23
2025-04-14T14:47:10.3229583Z  * [new tag]             v0.4.24                 -> v0.4.24
2025-04-14T14:47:10.3231247Z  * [new tag]             v0.4.25                 -> v0.4.25
2025-04-14T14:47:10.3233169Z  * [new tag]             v0.4.26                 -> v0.4.26
2025-04-14T14:47:10.3234902Z  * [new tag]             v0.4.27                 -> v0.4.27
2025-04-14T14:47:10.3236589Z  * [new tag]             v0.4.28                 -> v0.4.28
2025-04-14T14:47:10.3238484Z  * [new tag]             v0.4.29                 -> v0.4.29
2025-04-14T14:47:10.3240042Z  * [new tag]             v0.4.3                  -> v0.4.3
2025-04-14T14:47:10.3241710Z  * [new tag]             v0.4.30                 -> v0.4.30
2025-04-14T14:47:10.3243690Z  * [new tag]             v0.4.31                 -> v0.4.31
2025-04-14T14:47:10.3245329Z  * [new tag]             v0.4.32                 -> v0.4.32
2025-04-14T14:47:10.3247051Z  * [new tag]             v0.4.33                 -> v0.4.33
2025-04-14T14:47:10.3248782Z  * [new tag]             v0.4.34                 -> v0.4.34
2025-04-14T14:47:10.3250453Z  * [new tag]             v0.4.35                 -> v0.4.35
2025-04-14T14:47:10.3252357Z  * [new tag]             v0.4.35.post1           -> v0.4.35.post1
2025-04-14T14:47:10.3254087Z  * [new tag]             v0.4.36                 -> v0.4.36
2025-04-14T14:47:10.3255838Z  * [new tag]             v0.4.37                 -> v0.4.37
2025-04-14T14:47:10.3257579Z  * [new tag]             v0.4.38                 -> v0.4.38
2025-04-14T14:47:10.3259255Z  * [new tag]             v0.4.39                 -> v0.4.39
2025-04-14T14:47:10.3260927Z  * [new tag]             v0.4.4                  -> v0.4.4
2025-04-14T14:47:10.3262730Z  * [new tag]             v0.4.40                 -> v0.4.40
2025-04-14T14:47:10.3264562Z  * [new tag]             v0.4.5                  -> v0.4.5
2025-04-14T14:47:10.3266344Z  * [new tag]             v0.4.6                  -> v0.4.6
2025-04-14T14:47:10.3268051Z  * [new tag]             v0.4.7                  -> v0.4.7
2025-04-14T14:47:10.3269728Z  * [new tag]             v0.4.8                  -> v0.4.8
2025-04-14T14:47:10.3271423Z  * [new tag]             v0.4.9                  -> v0.4.9
2025-04-14T14:47:10.3273415Z  * [new tag]             v0.5.0                  -> v0.5.0
2025-04-14T14:47:10.3275084Z  * [new tag]             v0.5.1                  -> v0.5.1
2025-04-14T14:47:10.3276917Z  * [new tag]             v0.5.10                 -> v0.5.10
2025-04-14T14:47:10.3278623Z  * [new tag]             v0.5.11                 -> v0.5.11
2025-04-14T14:47:10.3280327Z  * [new tag]             v0.5.12                 -> v0.5.12
2025-04-14T14:47:10.3282193Z  * [new tag]             v0.5.13                 -> v0.5.13
2025-04-14T14:47:10.3284088Z  * [new tag]             v0.5.13.post1           -> v0.5.13.post1
2025-04-14T14:47:10.3285744Z  * [new tag]             v0.5.15                 -> v0.5.15
2025-04-14T14:47:10.3287456Z  * [new tag]             v0.5.16                 -> v0.5.16
2025-04-14T14:47:10.3289217Z  * [new tag]             v0.5.17                 -> v0.5.17
2025-04-14T14:47:10.3290918Z  * [new tag]             v0.5.17.post1           -> v0.5.17.post1
2025-04-14T14:47:10.3292792Z  * [new tag]             v0.5.18                 -> v0.5.18
2025-04-14T14:47:10.3294563Z  * [new tag]             v0.5.19                 -> v0.5.19
2025-04-14T14:47:10.3296266Z  * [new tag]             v0.5.2                  -> v0.5.2
2025-04-14T14:47:10.3298032Z  * [new tag]             v0.5.20                 -> v0.5.20
2025-04-14T14:47:10.3299711Z  * [new tag]             v0.5.22                 -> v0.5.22
2025-04-14T14:47:10.3301432Z  * [new tag]             v0.5.23                 -> v0.5.23
2025-04-14T14:47:10.3303471Z  * [new tag]             v0.5.23.post1           -> v0.5.23.post1
2025-04-14T14:47:10.3305387Z  * [new tag]             v0.5.24                 -> v0.5.24
2025-04-14T14:47:10.3307130Z  * [new tag]             v0.5.25                 -> v0.5.25
2025-04-14T14:47:10.3308845Z  * [new tag]             v0.5.26                 -> v0.5.26
2025-04-14T14:47:10.3310606Z  * [new tag]             v0.5.27                 -> v0.5.27
2025-04-14T14:47:10.3312395Z  * [new tag]             v0.5.3                  -> v0.5.3
2025-04-14T14:47:10.3314238Z  * [new tag]             v0.5.4                  -> v0.5.4
2025-04-14T14:47:10.3315926Z  * [new tag]             v0.5.5                  -> v0.5.5
2025-04-14T14:47:10.3317687Z  * [new tag]             v0.5.6                  -> v0.5.6
2025-04-14T14:47:10.3319591Z  * [new tag]             v0.5.7                  -> v0.5.7
2025-04-14T14:47:10.3321177Z  * [new tag]             v0.5.8                  -> v0.5.8
2025-04-14T14:47:10.3323030Z  * [new tag]             v0.5.9                  -> v0.5.9
2025-04-14T14:47:10.3324765Z  * [new tag]             v0.6.0                  -> v0.6.0
2025-04-14T14:47:10.3326634Z  * [new tag]             v0.6.0.alpha1           -> v0.6.0.alpha1
2025-04-14T14:47:10.3328429Z  * [new tag]             v0.6.0.alpha2           -> v0.6.0.alpha2
2025-04-14T14:47:10.3330148Z  * [new tag]             v0.6.0.alpha3           -> v0.6.0.alpha3
2025-04-14T14:47:10.3332201Z  * [new tag]             v0.6.0.alpha4           -> v0.6.0.alpha4
2025-04-14T14:47:10.3333942Z  * [new tag]             v0.6.0.alpha5           -> v0.6.0.alpha5
2025-04-14T14:47:10.3335626Z  * [new tag]             v0.6.0.alpha6           -> v0.6.0.alpha6
2025-04-14T14:47:10.3337379Z  * [new tag]             v0.6.0.alpha7           -> v0.6.0.alpha7
2025-04-14T14:47:10.3339084Z  * [new tag]             v0.6.1                  -> v0.6.1
2025-04-14T14:47:10.3340847Z  * [new tag]             v0.6.13                 -> v0.6.13
2025-04-14T14:47:10.3342733Z  * [new tag]             v0.6.17                 -> v0.6.17
2025-04-14T14:47:10.3344569Z  * [new tag]             v0.6.2                  -> v0.6.2
2025-04-14T14:47:10.3346447Z  * [new tag]             v0.6.21                 -> v0.6.21
2025-04-14T14:47:10.3348236Z  * [new tag]             v0.6.21.post1           -> v0.6.21.post1
2025-04-14T14:47:10.3349962Z  * [new tag]             v0.6.22                 -> v0.6.22
2025-04-14T14:47:10.3352724Z  * [new tag]             v0.6.3                  -> v0.6.3
2025-04-14T14:47:10.3354368Z  * [new tag]             v0.6.37                 -> v0.6.37
2025-04-14T14:47:10.3356074Z  * [new tag]             v0.7.10                 -> v0.7.10
2025-04-14T14:47:10.3357737Z  * [new tag]             v0.7.11                 -> v0.7.11
2025-04-14T14:47:10.3359508Z  * [new tag]             v0.7.11.post1           -> v0.7.11.post1
2025-04-14T14:47:10.3361073Z  * [new tag]             v0.7.12                 -> v0.7.12
2025-04-14T14:47:10.3363036Z  * [new tag]             v0.7.13                 -> v0.7.13
2025-04-14T14:47:10.3364636Z  * [new tag]             v0.7.14                 -> v0.7.14
2025-04-14T14:47:10.3366378Z  * [new tag]             v0.7.19                 -> v0.7.19
2025-04-14T14:47:10.3368111Z  * [new tag]             v0.7.20                 -> v0.7.20
2025-04-14T14:47:10.3369871Z  * [new tag]             v0.7.24.post1           -> v0.7.24.post1
2025-04-14T14:47:10.3371565Z  * [new tag]             v0.7.9                  -> v0.7.9
2025-04-14T14:47:10.3373475Z  * [new tag]             v0.8.1.post1            -> v0.8.1.post1
2025-04-14T14:47:10.3375208Z  * [new tag]             v0.8.10                 -> v0.8.10
2025-04-14T14:47:10.3376976Z  * [new tag]             v0.8.11.post1           -> v0.8.11.post1
2025-04-14T14:47:10.3378716Z  * [new tag]             v0.8.11.post2           -> v0.8.11.post2
2025-04-14T14:47:10.3380461Z  * [new tag]             v0.8.11.post3           -> v0.8.11.post3
2025-04-14T14:47:10.3382312Z  * [new tag]             v0.8.12                 -> v0.8.12
2025-04-14T14:47:10.3384574Z  * [new tag]             v0.8.13                 -> v0.8.13
2025-04-14T14:47:10.3386249Z  * [new tag]             v0.8.14                 -> v0.8.14
2025-04-14T14:47:10.3387972Z  * [new tag]             v0.8.15                 -> v0.8.15
2025-04-14T14:47:10.3389640Z  * [new tag]             v0.8.16                 -> v0.8.16
2025-04-14T14:47:10.3391354Z  * [new tag]             v0.8.17                 -> v0.8.17
2025-04-14T14:47:10.3393277Z  * [new tag]             v0.8.18                 -> v0.8.18
2025-04-14T14:47:10.3394920Z  * [new tag]             v0.8.19                 -> v0.8.19
2025-04-14T14:47:10.3396697Z  * [new tag]             v0.8.2                  -> v0.8.2
2025-04-14T14:47:10.3398403Z  * [new tag]             v0.8.2.post1            -> v0.8.2.post1
2025-04-14T14:47:10.3400199Z  * [new tag]             v0.8.20                 -> v0.8.20
2025-04-14T14:47:10.3401901Z  * [new tag]             v0.8.21                 -> v0.8.21
2025-04-14T14:47:10.3403680Z  * [new tag]             v0.8.22                 -> v0.8.22
2025-04-14T14:47:10.3405392Z  * [new tag]             v0.8.23                 -> v0.8.23
2025-04-14T14:47:10.3407110Z  * [new tag]             v0.8.23.post1           -> v0.8.23.post1
2025-04-14T14:47:10.3408766Z  * [new tag]             v0.8.24                 -> v0.8.24
2025-04-14T14:47:10.3410510Z  * [new tag]             v0.8.24.post1           -> v0.8.24.post1
2025-04-14T14:47:10.3412503Z  * [new tag]             v0.8.25                 -> v0.8.25
2025-04-14T14:47:10.3414146Z  * [new tag]             v0.8.26                 -> v0.8.26
2025-04-14T14:47:10.3415833Z  * [new tag]             v0.8.26.post1           -> v0.8.26.post1
2025-04-14T14:47:10.3417625Z  * [new tag]             v0.8.27                 -> v0.8.27
2025-04-14T14:47:10.3419327Z  * [new tag]             v0.8.28                 -> v0.8.28
2025-04-14T14:47:10.3420943Z  * [new tag]             v0.8.28.alpha1          -> v0.8.28.alpha1
2025-04-14T14:47:10.3422767Z  * [new tag]             v0.8.29                 -> v0.8.29
2025-04-14T14:47:10.3424529Z  * [new tag]             v0.8.29.post1           -> v0.8.29.post1
2025-04-14T14:47:10.3426230Z  * [new tag]             v0.8.3                  -> v0.8.3
2025-04-14T14:47:10.3427955Z  * [new tag]             v0.8.30                 -> v0.8.30
2025-04-14T14:47:10.3429587Z  * [new tag]             v0.8.31                 -> v0.8.31
2025-04-14T14:47:10.3431291Z  * [new tag]             v0.8.32                 -> v0.8.32
2025-04-14T14:47:10.3433225Z  * [new tag]             v0.8.33                 -> v0.8.33
2025-04-14T14:47:10.3434895Z  * [new tag]             v0.8.34                 -> v0.8.34
2025-04-14T14:47:10.3436557Z  * [new tag]             v0.8.35                 -> v0.8.35
2025-04-14T14:47:10.3438308Z  * [new tag]             v0.8.36                 -> v0.8.36
2025-04-14T14:47:10.3439942Z  * [new tag]             v0.8.37                 -> v0.8.37
2025-04-14T14:47:10.3441709Z  * [new tag]             v0.8.38                 -> v0.8.38
2025-04-14T14:47:10.3443682Z  * [new tag]             v0.8.39                 -> v0.8.39
2025-04-14T14:47:10.3445823Z  * [new tag]             v0.8.39.post1           -> v0.8.39.post1
2025-04-14T14:47:10.3447080Z  * [new tag]             v0.8.39.post2           -> v0.8.39.post2
2025-04-14T14:47:10.3448994Z  * [new tag]             v0.8.4                  -> v0.8.4
2025-04-14T14:47:10.3450575Z  * [new tag]             v0.8.40                 -> v0.8.40
2025-04-14T14:47:10.3452565Z  * [new tag]             v0.8.41                 -> v0.8.41
2025-04-14T14:47:10.3454341Z  * [new tag]             v0.8.42                 -> v0.8.42
2025-04-14T14:47:10.3456045Z  * [new tag]             v0.8.43                 -> v0.8.43
2025-04-14T14:47:10.3457832Z  * [new tag]             v0.8.43.post1           -> v0.8.43.post1
2025-04-14T14:47:10.3459575Z  * [new tag]             v0.8.44                 -> v0.8.44
2025-04-14T14:47:10.3461222Z  * [new tag]             v0.8.45                 -> v0.8.45
2025-04-14T14:47:10.3463223Z  * [new tag]             v0.8.45.post1           -> v0.8.45.post1
2025-04-14T14:47:10.3464882Z  * [new tag]             v0.8.46                 -> v0.8.46
2025-04-14T14:47:10.3466728Z  * [new tag]             v0.8.47                 -> v0.8.47
2025-04-14T14:47:10.3468496Z  * [new tag]             v0.8.48                 -> v0.8.48
2025-04-14T14:47:10.3470188Z  * [new tag]             v0.8.49                 -> v0.8.49
2025-04-14T14:47:10.3472135Z  * [new tag]             v0.8.5.post1            -> v0.8.5.post1
2025-04-14T14:47:10.3473924Z  * [new tag]             v0.8.50                 -> v0.8.50
2025-04-14T14:47:10.3475695Z  * [new tag]             v0.8.51                 -> v0.8.51
2025-04-14T14:47:10.3477462Z  * [new tag]             v0.8.51.post1           -> v0.8.51.post1
2025-04-14T14:47:10.3479338Z  * [new tag]             v0.8.52                 -> v0.8.52
2025-04-14T14:47:10.3480973Z  * [new tag]             v0.8.53                 -> v0.8.53
2025-04-14T14:47:10.3482889Z  * [new tag]             v0.8.53.post1           -> v0.8.53.post1
2025-04-14T14:47:10.3484531Z  * [new tag]             v0.8.53.post3           -> v0.8.53.post3
2025-04-14T14:47:10.3486261Z  * [new tag]             v0.8.54                 -> v0.8.54
2025-04-14T14:47:10.3488023Z  * [new tag]             v0.8.55                 -> v0.8.55
2025-04-14T14:47:10.3489908Z  * [new tag]             v0.8.56                 -> v0.8.56
2025-04-14T14:47:10.3491671Z  * [new tag]             v0.8.57                 -> v0.8.57
2025-04-14T14:47:10.3493691Z  * [new tag]             v0.8.58                 -> v0.8.58
2025-04-14T14:47:10.3495394Z  * [new tag]             v0.8.59                 -> v0.8.59
2025-04-14T14:47:10.3497131Z  * [new tag]             v0.8.61                 -> v0.8.61
2025-04-14T14:47:10.3498817Z  * [new tag]             v0.8.62                 -> v0.8.62
2025-04-14T14:47:10.3500577Z  * [new tag]             v0.8.62.post1           -> v0.8.62.post1
2025-04-14T14:47:10.3502501Z  * [new tag]             v0.8.63                 -> v0.8.63
2025-04-14T14:47:10.3504398Z  * [new tag]             v0.8.63.post1           -> v0.8.63.post1
2025-04-14T14:47:10.3506106Z  * [new tag]             v0.8.63.post2           -> v0.8.63.post2
2025-04-14T14:47:10.3507890Z  * [new tag]             v0.8.64                 -> v0.8.64
2025-04-14T14:47:10.3509584Z  * [new tag]             v0.8.64.post1           -> v0.8.64.post1
2025-04-14T14:47:10.3511347Z  * [new tag]             v0.8.65                 -> v0.8.65
2025-04-14T14:47:10.3513389Z  * [new tag]             v0.8.66                 -> v0.8.66
2025-04-14T14:47:10.3515441Z  * [new tag]             v0.8.67                 -> v0.8.67
2025-04-14T14:47:10.3517190Z  * [new tag]             v0.8.68                 -> v0.8.68
2025-04-14T14:47:10.3518996Z  * [new tag]             v0.8.69                 -> v0.8.69
2025-04-14T14:47:10.3520853Z  * [new tag]             v0.8.69.post1           -> v0.8.69.post1
2025-04-14T14:47:10.3522869Z  * [new tag]             v0.8.69.post2           -> v0.8.69.post2
2025-04-14T14:47:10.3524797Z  * [new tag]             v0.8.7                  -> v0.8.7
2025-04-14T14:47:10.3526519Z  * [new tag]             v0.9.0                  -> v0.9.0
2025-04-14T14:47:10.3528267Z  * [new tag]             v0.9.0.post1            -> v0.9.0.post1
2025-04-14T14:47:10.3529923Z  * [new tag]             v0.9.0a1                -> v0.9.0a1
2025-04-14T14:47:10.3531628Z  * [new tag]             v0.9.0a2                -> v0.9.0a2
2025-04-14T14:47:10.3533652Z  * [new tag]             v0.9.0a3                -> v0.9.0a3
2025-04-14T14:47:10.3535404Z  * [new tag]             v0.9.1                  -> v0.9.1
2025-04-14T14:47:10.3537254Z  * [new tag]             v0.9.10                 -> v0.9.10
2025-04-14T14:47:10.3538980Z  * [new tag]             v0.9.11                 -> v0.9.11
2025-04-14T14:47:10.3540810Z  * [new tag]             v0.9.11.post1           -> v0.9.11.post1
2025-04-14T14:47:10.3542934Z  * [new tag]             v0.9.12                 -> v0.9.12
2025-04-14T14:47:10.3544732Z  * [new tag]             v0.9.13                 -> v0.9.13
2025-04-14T14:47:10.3546560Z  * [new tag]             v0.9.14                 -> v0.9.14
2025-04-14T14:47:10.3548344Z  * [new tag]             v0.9.14.post1           -> v0.9.14.post1
2025-04-14T14:47:10.3550117Z  * [new tag]             v0.9.14.post2           -> v0.9.14.post2
2025-04-14T14:47:10.3552096Z  * [new tag]             v0.9.14.post3           -> v0.9.14.post3
2025-04-14T14:47:10.3553999Z  * [new tag]             v0.9.15                 -> v0.9.15
2025-04-14T14:47:10.3555927Z  * [new tag]             v0.9.15.post1           -> v0.9.15.post1
2025-04-14T14:47:10.3557781Z  * [new tag]             v0.9.15.post2           -> v0.9.15.post2
2025-04-14T14:47:10.3559553Z  * [new tag]             v0.9.16                 -> v0.9.16
2025-04-14T14:47:10.3561612Z  * [new tag]             v0.9.16.post1           -> v0.9.16.post1
2025-04-14T14:47:10.3563551Z  * [new tag]             v0.9.17                 -> v0.9.17
2025-04-14T14:47:10.3565354Z  * [new tag]             v0.9.17.dev1            -> v0.9.17.dev1
2025-04-14T14:47:10.3567122Z  * [new tag]             v0.9.18                 -> v0.9.18
2025-04-14T14:47:10.3569000Z  * [new tag]             v0.9.19                 -> v0.9.19
2025-04-14T14:47:10.3570764Z  * [new tag]             v0.9.2                  -> v0.9.2
2025-04-14T14:47:10.3600241Z  * [new tag]             v0.9.20                 -> v0.9.20
2025-04-14T14:47:10.3600788Z  * [new tag]             v0.9.21                 -> v0.9.21
2025-04-14T14:47:10.3601432Z  * [new tag]             v0.9.22                 -> v0.9.22
2025-04-14T14:47:10.3602048Z  * [new tag]             v0.9.23                 -> v0.9.23
2025-04-14T14:47:10.3602542Z  * [new tag]             v0.9.24                 -> v0.9.24
2025-04-14T14:47:10.3603065Z  * [new tag]             v0.9.25                 -> v0.9.25
2025-04-14T14:47:10.3603783Z  * [new tag]             v0.9.25.post1           -> v0.9.25.post1
2025-04-14T14:47:10.3604329Z  * [new tag]             v0.9.26                 -> v0.9.26
2025-04-14T14:47:10.3604831Z  * [new tag]             v0.9.27                 -> v0.9.27
2025-04-14T14:47:10.3605493Z  * [new tag]             v0.9.28                 -> v0.9.28
2025-04-14T14:47:10.3606031Z  * [new tag]             v0.9.28.post1           -> v0.9.28.post1
2025-04-14T14:47:10.3606848Z  * [new tag]             v0.9.28.post2           -> v0.9.28.post2
2025-04-14T14:47:10.3607567Z  * [new tag]             v0.9.29                 -> v0.9.29
2025-04-14T14:47:10.3608082Z  * [new tag]             v0.9.3                  -> v0.9.3
2025-04-14T14:47:10.3608612Z  * [new tag]             v0.9.3.post1            -> v0.9.3.post1
2025-04-14T14:47:10.3609358Z  * [new tag]             v0.9.30                 -> v0.9.30
2025-04-14T14:47:10.3609860Z  * [new tag]             v0.9.31                 -> v0.9.31
2025-04-14T14:47:10.3610365Z  * [new tag]             v0.9.32                 -> v0.9.32
2025-04-14T14:47:10.3611039Z  * [new tag]             v0.9.33                 -> v0.9.33
2025-04-14T14:47:10.3611550Z  * [new tag]             v0.9.34                 -> v0.9.34
2025-04-14T14:47:10.3612229Z  * [new tag]             v0.9.35                 -> v0.9.35
2025-04-14T14:47:10.3612993Z  * [new tag]             v0.9.36                 -> v0.9.36
2025-04-14T14:47:10.3615000Z  * [new tag]             v0.9.37                 -> v0.9.37
2025-04-14T14:47:10.3616813Z  * [new tag]             v0.9.37.post1           -> v0.9.37.post1
2025-04-14T14:47:10.3618680Z  * [new tag]             v0.9.38                 -> v0.9.38
2025-04-14T14:47:10.3620597Z  * [new tag]             v0.9.39                 -> v0.9.39
2025-04-14T14:47:10.3622627Z  * [new tag]             v0.9.4                  -> v0.9.4
2025-04-14T14:47:10.3624541Z  * [new tag]             v0.9.40                 -> v0.9.40
2025-04-14T14:47:10.3626475Z  * [new tag]             v0.9.41                 -> v0.9.41
2025-04-14T14:47:10.3628469Z  * [new tag]             v0.9.42                 -> v0.9.42
2025-04-14T14:47:10.3630401Z  * [new tag]             v0.9.42.post1           -> v0.9.42.post1
2025-04-14T14:47:10.3632347Z  * [new tag]             v0.9.42.post2           -> v0.9.42.post2
2025-04-14T14:47:10.3634446Z  * [new tag]             v0.9.43                 -> v0.9.43
2025-04-14T14:47:10.3636262Z  * [new tag]             v0.9.44                 -> v0.9.44
2025-04-14T14:47:10.3638150Z  * [new tag]             v0.9.45                 -> v0.9.45
2025-04-14T14:47:10.3640125Z  * [new tag]             v0.9.45.post1           -> v0.9.45.post1
2025-04-14T14:47:10.3642186Z  * [new tag]             v0.9.46                 -> v0.9.46
2025-04-14T14:47:10.3644109Z  * [new tag]             v0.9.47                 -> v0.9.47
2025-04-14T14:47:10.3645997Z  * [new tag]             v0.9.48                 -> v0.9.48
2025-04-14T14:47:10.3648170Z  * [new tag]             v0.9.5                  -> v0.9.5
2025-04-14T14:47:10.3651688Z  * [new tag]             v0.9.6                  -> v0.9.6
2025-04-14T14:47:10.3652691Z  * [new tag]             v0.9.6.post1            -> v0.9.6.post1
2025-04-14T14:47:10.3654426Z  * [new tag]             v0.9.6.post2            -> v0.9.6.post2
2025-04-14T14:47:10.3656311Z  * [new tag]             v0.9.7                  -> v0.9.7
2025-04-14T14:47:10.3658191Z  * [new tag]             v0.9.8                  -> v0.9.8
2025-04-14T14:47:10.3660099Z  * [new tag]             v0.9.8.post1            -> v0.9.8.post1
2025-04-14T14:47:10.3662129Z  * [new tag]             v0.9.9                  -> v0.9.9
2025-04-14T14:47:10.3665715Z  * [new ref]             5b9244de654a5d103814fb46eb6be0e1e825c76d -> pull/18454/merge
2025-04-14T14:47:10.3822261Z ##[endgroup]
2025-04-14T14:47:10.3822912Z ##[group]Determining the checkout info
2025-04-14T14:47:10.3824050Z ##[endgroup]
2025-04-14T14:47:10.3830280Z [command]/usr/bin/git sparse-checkout disable
2025-04-14T14:47:10.3917818Z [command]/usr/bin/git config --local --unset-all extensions.worktreeConfig
2025-04-14T14:47:10.3949497Z ##[group]Checking out the ref
2025-04-14T14:47:10.3954150Z [command]/usr/bin/git checkout --progress --force refs/remotes/pull/18454/merge
2025-04-14T14:47:11.4267580Z Updating files:  63% (7585/12022)
2025-04-14T14:47:11.4321386Z Updating files:  64% (7695/12022)
2025-04-14T14:47:11.4376828Z Updating files:  65% (7815/12022)
2025-04-14T14:47:11.4430095Z Updating files:  66% (7935/12022)
2025-04-14T14:47:11.4486917Z Updating files:  67% (8055/12022)
2025-04-14T14:47:11.4542859Z Updating files:  68% (8175/12022)
2025-04-14T14:47:11.4594338Z Updating files:  69% (8296/12022)
2025-04-14T14:47:11.4649429Z Updating files:  70% (8416/12022)
2025-04-14T14:47:11.4707619Z Updating files:  71% (8536/12022)
2025-04-14T14:47:11.4770432Z Updating files:  72% (8656/12022)
2025-04-14T14:47:11.4826859Z Updating files:  73% (8777/12022)
2025-04-14T14:47:11.4883414Z Updating files:  74% (8897/12022)
2025-04-14T14:47:11.4940729Z Updating files:  75% (9017/12022)
2025-04-14T14:47:11.4996021Z Updating files:  76% (9137/12022)
2025-04-14T14:47:11.5062675Z Updating files:  77% (9257/12022)
2025-04-14T14:47:11.5119355Z Updating files:  78% (9378/12022)
2025-04-14T14:47:11.5322579Z Updating files:  79% (9498/12022)
2025-04-14T14:47:11.5404973Z Updating files:  80% (9618/12022)
2025-04-14T14:47:11.5463242Z Updating files:  81% (9738/12022)
2025-04-14T14:47:11.5539421Z Updating files:  82% (9859/12022)
2025-04-14T14:47:11.5595055Z Updating files:  83% (9979/12022)
2025-04-14T14:47:11.5649209Z Updating files:  84% (10099/12022)
2025-04-14T14:47:11.5704940Z Updating files:  85% (10219/12022)
2025-04-14T14:47:11.5765532Z Updating files:  86% (10339/12022)
2025-04-14T14:47:11.5825356Z Updating files:  87% (10460/12022)
2025-04-14T14:47:11.5879069Z Updating files:  88% (10580/12022)
2025-04-14T14:47:11.5933701Z Updating files:  89% (10700/12022)
2025-04-14T14:47:11.6018301Z Updating files:  90% (10820/12022)
2025-04-14T14:47:11.6084222Z Updating files:  91% (10941/12022)
2025-04-14T14:47:11.6143910Z Updating files:  92% (11061/12022)
2025-04-14T14:47:11.6198570Z Updating files:  93% (11181/12022)
2025-04-14T14:47:11.6539857Z Updating files:  94% (11301/12022)
2025-04-14T14:47:11.6602584Z Updating files:  95% (11421/12022)
2025-04-14T14:47:11.6777587Z Updating files:  96% (11542/12022)
2025-04-14T14:47:11.7472255Z Updating files:  97% (11662/12022)
2025-04-14T14:47:11.7529204Z Updating files:  98% (11782/12022)
2025-04-14T14:47:11.7599151Z Updating files:  99% (11902/12022)
2025-04-14T14:47:11.7600543Z Updating files: 100% (12022/12022)
2025-04-14T14:47:11.7601632Z Updating files: 100% (12022/12022), done.
2025-04-14T14:47:11.7786609Z Note: switching to 'refs/remotes/pull/18454/merge'.
2025-04-14T14:47:11.7787269Z 
2025-04-14T14:47:11.7787745Z You are in 'detached HEAD' state. You can look around, make experimental
2025-04-14T14:47:11.7788894Z changes and commit them, and you can discard any commits you make in this
2025-04-14T14:47:11.7790243Z state without impacting any branches by switching back to a branch.
2025-04-14T14:47:11.7790780Z 
2025-04-14T14:47:11.7791134Z If you want to create a new branch to retain commits you create, you may
2025-04-14T14:47:11.7792340Z do so (now or later) by using -c with the switch command. Example:
2025-04-14T14:47:11.7792825Z 
2025-04-14T14:47:11.7793024Z   git switch -c <new-branch-name>
2025-04-14T14:47:11.7793355Z 
2025-04-14T14:47:11.7793549Z Or undo this operation with:
2025-04-14T14:47:11.7793859Z 
2025-04-14T14:47:11.7794013Z   git switch -
2025-04-14T14:47:11.7794244Z 
2025-04-14T14:47:11.7794646Z Turn off this advice by setting config variable advice.detachedHead to false
2025-04-14T14:47:11.7795227Z 
2025-04-14T14:47:11.7795928Z HEAD is now at 5b9244de6 Merge 895515e9f88d87b863ba5a2ffc0cb0bb94d6a29b into fbb1c414679ad260fb813d7d9f67bf75b9320829
2025-04-14T14:47:11.7883257Z ##[endgroup]
2025-04-14T14:47:11.7926176Z [command]/usr/bin/git log -1 --format=%H
2025-04-14T14:47:11.7948880Z 5b9244de654a5d103814fb46eb6be0e1e825c76d
2025-04-14T14:47:11.8073533Z ##[group]Run pipx install poetry==1.8.3
2025-04-14T14:47:11.8073902Z [36;1mpipx install poetry==1.8.3[0m
2025-04-14T14:47:11.8123708Z shell: /usr/bin/bash -e {0}
2025-04-14T14:47:11.8124022Z env:
2025-04-14T14:47:11.8124274Z   POETRY_VERSION: 1.8.3
2025-04-14T14:47:11.8124576Z   SYSTEM_VERSION_COMPAT: 1
2025-04-14T14:47:11.8124874Z ##[endgroup]
2025-04-14T14:47:12.3180409Z creating virtual environment...
2025-04-14T14:47:12.5542519Z installing poetry from spec 'poetry==1.8.3'...
2025-04-14T14:47:21.2208393Z done! ✨ 🌟 ✨
2025-04-14T14:47:21.2209151Z   installed package poetry 1.8.3, installed using Python 3.12.3
2025-04-14T14:47:21.2210044Z   These apps are now globally available
2025-04-14T14:47:21.2210708Z     - poetry
2025-04-14T14:47:21.2508803Z ##[group]Run actions/setup-python@v5
2025-04-14T14:47:21.2509118Z with:
2025-04-14T14:47:21.2509319Z   python-version: 3.9
2025-04-14T14:47:21.2509546Z   check-latest: false
2025-04-14T14:47:21.2509898Z   token: ***
2025-04-14T14:47:21.2510115Z   update-environment: true
2025-04-14T14:47:21.2510376Z   allow-prereleases: false
2025-04-14T14:47:21.2510615Z   freethreaded: false
2025-04-14T14:47:21.2510851Z env:
2025-04-14T14:47:21.2511040Z   POETRY_VERSION: 1.8.3
2025-04-14T14:47:21.2511271Z   SYSTEM_VERSION_COMPAT: 1
2025-04-14T14:47:21.2511493Z ##[endgroup]
2025-04-14T14:47:21.4214650Z ##[group]Installed versions
2025-04-14T14:47:21.4224042Z Version 3.9 was not found in the local cache
2025-04-14T14:47:21.7622802Z Version 3.9 is available for downloading
2025-04-14T14:47:21.7624017Z Download from "https://github.com/actions/python-versions/releases/download/3.9.22-14344111503/python-3.9.22-linux-24.04-x64.tar.gz"
2025-04-14T14:47:22.2633481Z Extract downloaded archive
2025-04-14T14:47:22.2740915Z [command]/usr/bin/tar xz --warning=no-unknown-keyword --overwrite -C /home/runner/work/_temp/9013c5ae-1432-4a14-beeb-30d856387456 -f /home/runner/work/_temp/4ff98bc2-642e-43bc-9835-458a5942554a
2025-04-14T14:47:23.6404251Z Execute installation script
2025-04-14T14:47:23.6505673Z Check if Python hostedtoolcache folder exist...
2025-04-14T14:47:23.6506415Z Creating Python hostedtoolcache folder...
2025-04-14T14:47:23.6518890Z Create Python 3.9.22 folder
2025-04-14T14:47:23.6534583Z Copy Python binaries to hostedtoolcache folder
2025-04-14T14:47:24.1407415Z Create additional symlinks (Required for the UsePythonVersion Azure Pipelines task and the setup-python GitHub Action)
2025-04-14T14:47:24.1458258Z Upgrading pip...
2025-04-14T14:47:26.7234352Z Looking in links: /tmp/tmpwjfga1ez
2025-04-14T14:47:26.7238812Z Requirement already satisfied: setuptools in /opt/hostedtoolcache/Python/3.9.22/x64/lib/python3.9/site-packages (58.1.0)
2025-04-14T14:47:26.7242349Z Requirement already satisfied: pip in /opt/hostedtoolcache/Python/3.9.22/x64/lib/python3.9/site-packages (23.0.1)
2025-04-14T14:47:28.4026657Z Collecting pip
2025-04-14T14:47:28.4466698Z Downloading pip-25.0.1-py3-none-any.whl (1.8 MB)
2025-04-14T14:47:28.5410857Z ━━━━━━━━━━━━━━━━━━━━━━━━━━━━━━━━━━━━━━━━ 1.8/1.8 MB 20.0 MB/s eta 0:00:00
2025-04-14T14:47:28.5411230Z 
2025-04-14T14:47:28.5745932Z Installing collected packages: pip
2025-04-14T14:47:28.5746542Z Attempting uninstall: pip
2025-04-14T14:47:28.5752940Z Found existing installation: pip 23.0.1
2025-04-14T14:47:28.7612991Z Uninstalling pip-23.0.1:
2025-04-14T14:47:28.7686741Z Successfully uninstalled pip-23.0.1
2025-04-14T14:47:29.6467117Z Successfully installed pip-25.0.1
2025-04-14T14:47:29.6968184Z Create complete file
2025-04-14T14:47:29.7010890Z Successfully set up CPython (3.9.22)
2025-04-14T14:47:29.7012014Z ##[endgroup]
2025-04-14T14:47:29.7166274Z ##[group]Run curl --proto '=https' --tlsv1.2 -fsSLO https://static.pantsbuild.org/setup/get-pants.sh
2025-04-14T14:47:29.7167113Z [36;1mcurl --proto '=https' --tlsv1.2 -fsSLO https://static.pantsbuild.org/setup/get-pants.sh[0m
2025-04-14T14:47:29.7167673Z [36;1mchmod +x get-pants.sh[0m
2025-04-14T14:47:29.7167974Z [36;1m./get-pants.sh[0m
2025-04-14T14:47:29.7220251Z shell: /usr/bin/bash -e {0}
2025-04-14T14:47:29.7220564Z env:
2025-04-14T14:47:29.7220810Z   POETRY_VERSION: 1.8.3
2025-04-14T14:47:29.7221112Z   SYSTEM_VERSION_COMPAT: 1
2025-04-14T14:47:29.7221508Z   pythonLocation: /opt/hostedtoolcache/Python/3.9.22/x64
2025-04-14T14:47:29.7222215Z   PKG_CONFIG_PATH: /opt/hostedtoolcache/Python/3.9.22/x64/lib/pkgconfig
2025-04-14T14:47:29.7222770Z   Python_ROOT_DIR: /opt/hostedtoolcache/Python/3.9.22/x64
2025-04-14T14:47:29.7223431Z   Python2_ROOT_DIR: /opt/hostedtoolcache/Python/3.9.22/x64
2025-04-14T14:47:29.7223968Z   Python3_ROOT_DIR: /opt/hostedtoolcache/Python/3.9.22/x64
2025-04-14T14:47:29.7224466Z   LD_LIBRARY_PATH: /opt/hostedtoolcache/Python/3.9.22/x64/lib
2025-04-14T14:47:29.7224882Z ##[endgroup]
2025-04-14T14:47:30.1275347Z Downloading and installing the pants launcher ...
2025-04-14T14:47:30.4917639Z [32mInstalled the pants launcher from https://github.com/pantsbuild/scie-pants/releases/latest/download/scie-pants-linux-x86_64 to /home/runner/.local/bin/pants[0m
2025-04-14T14:47:30.4918983Z [32m
2025-04-14T14:47:30.4919944Z Running `pants` in a Pants-enabled repo will use the version of Pants configured for that repo.[0m
2025-04-14T14:47:30.4921122Z [32mIn a repo not yet Pants-enabled, it will prompt you to set up Pants for that repo.[0m
2025-04-14T14:47:30.4990133Z ##[group]Run pants tailor --check :: -docs/::
2025-04-14T14:47:30.4990685Z [36;1mpants tailor --check :: -docs/::[0m
2025-04-14T14:47:30.5042444Z shell: /usr/bin/bash -e {0}
2025-04-14T14:47:30.5042830Z env:
2025-04-14T14:47:30.5043153Z   POETRY_VERSION: 1.8.3
2025-04-14T14:47:30.5043540Z   SYSTEM_VERSION_COMPAT: 1
2025-04-14T14:47:30.5044037Z   pythonLocation: /opt/hostedtoolcache/Python/3.9.22/x64
2025-04-14T14:47:30.5044748Z   PKG_CONFIG_PATH: /opt/hostedtoolcache/Python/3.9.22/x64/lib/pkgconfig
2025-04-14T14:47:30.5045436Z   Python_ROOT_DIR: /opt/hostedtoolcache/Python/3.9.22/x64
2025-04-14T14:47:30.5046052Z   Python2_ROOT_DIR: /opt/hostedtoolcache/Python/3.9.22/x64
2025-04-14T14:47:30.5046669Z   Python3_ROOT_DIR: /opt/hostedtoolcache/Python/3.9.22/x64
2025-04-14T14:47:30.5047326Z   LD_LIBRARY_PATH: /opt/hostedtoolcache/Python/3.9.22/x64/lib
2025-04-14T14:47:30.5047850Z ##[endgroup]
2025-04-14T14:47:35.3272934Z [32mBootstrapping Pants 2.25.0[0m
2025-04-14T14:47:35.3275452Z [32mInstalling pantsbuild.pants==2.25.0 into a virtual environment at /home/runner/.cache/nce/6d61748cea187199dc28418157b2121ccbbb44e4af2ee6fddf8c04bbed73f76d/bindings/venvs/2.25.0[0m
2025-04-14T14:47:45.7667535Z [32mNew virtual environment successfully created at /home/runner/.cache/nce/6d61748cea187199dc28418157b2121ccbbb44e4af2ee6fddf8c04bbed73f76d/bindings/venvs/2.25.0[0m
2025-04-14T14:47:50.4666784Z 14:47:50.46 [INFO] Initializing scheduler...
2025-04-14T14:47:52.2623826Z 14:47:52.26 [INFO] Scheduler initialized.
2025-04-14T14:48:07.4352617Z ##[group]Run # Get the changed files
2025-04-14T14:48:07.4353112Z [36;1m# Get the changed files[0m
2025-04-14T14:48:07.4353621Z [36;1mCHANGED_FILES=$(pants list --changed-since=origin/main)[0m
2025-04-14T14:48:07.4354129Z [36;1m[0m
2025-04-14T14:48:07.4354457Z [36;1m# Find which roots contain changed files[0m
2025-04-14T14:48:07.4354901Z [36;1mCHANGED_ROOTS=""[0m
2025-04-14T14:48:07.4355254Z [36;1mFILTER_PATTERNS="["[0m
2025-04-14T14:48:07.4355638Z [36;1mfor file in $CHANGED_FILES; do[0m
2025-04-14T14:48:07.4356058Z [36;1m  # Start with the full path[0m
2025-04-14T14:48:07.4356438Z [36;1m  root="$file"[0m
2025-04-14T14:48:07.4357021Z [36;1m  # Keep going up the directory tree until we find a directory containing a marker file[0m
2025-04-14T14:48:07.4357723Z [36;1m  # (e.g., 'pyproject.toml' for python projects)[0m
2025-04-14T14:48:07.4358396Z [36;1m  while [[ ! -f "$root/pyproject.toml" && "$root" != "." && "$root" != "/" && "$root" != "./" ]]; do[0m
2025-04-14T14:48:07.4359045Z [36;1m    root=$(dirname "$root")[0m
2025-04-14T14:48:07.4359412Z [36;1m  done[0m
2025-04-14T14:48:07.4359697Z [36;1m[0m
2025-04-14T14:48:07.4360119Z [36;1m  if [[ "$root" != "." && "$root" != "/" && "$root" != "./" && ! "$FILTER_PATTERNS" =~ "$root" ]]; then[0m
2025-04-14T14:48:07.4360774Z [36;1m    FILTER_PATTERNS="${FILTER_PATTERNS}'${root}/llama_index',"[0m
2025-04-14T14:48:07.4361352Z [36;1m    CHANGED_ROOTS="${CHANGED_ROOTS} ${root}/::"[0m
2025-04-14T14:48:07.4361901Z [36;1m  fi[0m
2025-04-14T14:48:07.4362181Z [36;1mdone[0m
2025-04-14T14:48:07.4362461Z [36;1m[0m
2025-04-14T14:48:07.4363097Z [36;1m# remove the last comma and close the bracket[0m
2025-04-14T14:48:07.4363599Z [36;1mFILTER_PATTERNS="${FILTER_PATTERNS%,}]"[0m
2025-04-14T14:48:07.4364009Z [36;1m[0m
2025-04-14T14:48:07.4364377Z [36;1mecho "Coverage filter patterns: $FILTER_PATTERNS"[0m
2025-04-14T14:48:07.4364882Z [36;1mecho "Changed roots: $CHANGED_ROOTS"[0m
2025-04-14T14:48:07.4365287Z [36;1m[0m
2025-04-14T14:48:07.4365631Z [36;1mpants --level=error --no-local-cache test \[0m
2025-04-14T14:48:07.4366091Z [36;1m  --test-use-coverage \[0m
2025-04-14T14:48:07.4366533Z [36;1m  --coverage-py-filter="${FILTER_PATTERNS}" \[0m
2025-04-14T14:48:07.4366982Z [36;1m  ${CHANGED_ROOTS}[0m
2025-04-14T14:48:07.4417237Z shell: /usr/bin/bash -e {0}
2025-04-14T14:48:07.4417584Z env:
2025-04-14T14:48:07.4417863Z   POETRY_VERSION: 1.8.3
2025-04-14T14:48:07.4418206Z   SYSTEM_VERSION_COMPAT: 1
2025-04-14T14:48:07.4418654Z   pythonLocation: /opt/hostedtoolcache/Python/3.9.22/x64
2025-04-14T14:48:07.4419297Z   PKG_CONFIG_PATH: /opt/hostedtoolcache/Python/3.9.22/x64/lib/pkgconfig
2025-04-14T14:48:07.4419927Z   Python_ROOT_DIR: /opt/hostedtoolcache/Python/3.9.22/x64
2025-04-14T14:48:07.4420476Z   Python2_ROOT_DIR: /opt/hostedtoolcache/Python/3.9.22/x64
2025-04-14T14:48:07.4421034Z   Python3_ROOT_DIR: /opt/hostedtoolcache/Python/3.9.22/x64
2025-04-14T14:48:07.4421602Z   LD_LIBRARY_PATH: /opt/hostedtoolcache/Python/3.9.22/x64/lib
2025-04-14T14:48:07.4422240Z ##[endgroup]
2025-04-14T14:48:11.2923263Z Coverage filter patterns: ['llama-index-integrations/vector_stores/llama-index-vector-stores-elasticsearch/llama_index']
2025-04-14T14:48:11.2925035Z Changed roots:  llama-index-integrations/vector_stores/llama-index-vector-stores-elasticsearch/::
2025-04-14T14:58:25.8896203Z 
2025-04-14T14:58:25.8898980Z ✓ llama-index-integrations/vector_stores/llama-index-vector-stores-elasticsearch/tests/test_vector_stores_elasticsearch.py succeeded in 6.32s.
2025-04-14T14:58:34.5596522Z 
2025-04-14T14:58:34.5597314Z Name                                                                                                                                 Stmts   Miss  Cover
2025-04-14T14:58:34.5598647Z --------------------------------------------------------------------------------------------------------------------------------------------------------
2025-04-14T14:58:34.5601004Z llama-index-integrations/vector_stores/llama-index-vector-stores-elasticsearch/llama_index/vector_stores/elasticsearch/__init__.py       3      0   100%
2025-04-14T14:58:34.5603058Z llama-index-integrations/vector_stores/llama-index-vector-stores-elasticsearch/llama_index/vector_stores/elasticsearch/base.py         157     93    41%
2025-04-14T14:58:34.5605307Z llama-index-integrations/vector_stores/llama-index-vector-stores-elasticsearch/llama_index/vector_stores/elasticsearch/utils.py         46     24    48%
2025-04-14T14:58:34.5606944Z --------------------------------------------------------------------------------------------------------------------------------------------------------
2025-04-14T14:58:34.5607887Z TOTAL                                                                                                                                  206    117    43%
2025-04-14T14:58:34.5608535Z Coverage failure: total of 43 is less than fail-under=50
2025-04-14T14:58:34.5608823Z 
2025-04-14T14:58:34.6489458Z 
2025-04-14T14:58:34.6490211Z Wrote html coverage report to `dist/coverage/python`
2025-04-14T14:58:34.6588202Z 
2025-04-14T14:58:34.6588822Z Wrote xml coverage report to `dist/coverage/python`
2025-04-14T14:58:34.6600504Z 14:58:34.65 [ERROR] Test goal failed due to insufficient coverage. See coverage reports for details.
2025-04-14T14:58:34.8026694Z ##[error]Process completed with exit code 2.
2025-04-14T14:58:34.8138360Z Post job cleanup.
2025-04-14T14:58:34.9112584Z [command]/usr/bin/git version
2025-04-14T14:58:34.9150756Z git version 2.49.0
2025-04-14T14:58:34.9202387Z Temporarily overriding HOME='/home/runner/work/_temp/913cf91e-ee1d-4a58-a963-40b59bc53660' before making global git config changes
2025-04-14T14:58:34.9203999Z Adding repository directory to the temporary git global config as a safe directory
2025-04-14T14:58:34.9207804Z [command]/usr/bin/git config --global --add safe.directory /home/runner/work/llama_index/llama_index
2025-04-14T14:58:34.9245674Z [command]/usr/bin/git config --local --name-only --get-regexp core\.sshCommand
2025-04-14T14:58:34.9282310Z [command]/usr/bin/git submodule foreach --recursive sh -c "git config --local --name-only --get-regexp 'core\.sshCommand' && git config --local --unset-all 'core.sshCommand' || :"
2025-04-14T14:58:34.9589484Z [command]/usr/bin/git config --local --name-only --get-regexp http\.https\:\/\/github\.com\/\.extraheader
2025-04-14T14:58:34.9615909Z http.https://github.com/.extraheader
2025-04-14T14:58:34.9629156Z [command]/usr/bin/git config --local --unset-all http.https://github.com/.extraheader
2025-04-14T14:58:34.9664324Z [command]/usr/bin/git submodule foreach --recursive sh -c "git config --local --name-only --get-regexp 'http\.https\:\/\/github\.com\/\.extraheader' && git config --local --unset-all 'http.https://github.com/.extraheader' || :"
2025-04-14T14:58:35.0061322Z Cleaning up orphan processes
