2025-04-12T21:02:36.0478043Z Requested labels: ubuntu-latest
2025-04-12T21:02:36.0478316Z Job defined at: pallets/flask/.github/workflows/pre-commit.yaml@refs/pull/5717/merge
2025-04-12T21:02:36.0478433Z Waiting for a runner to pick up this job...
2025-04-12T21:02:36.2774660Z Job is waiting for a hosted runner to come online.
2025-04-12T21:02:40.1120755Z Job is about to start running on the hosted runner: GitHub Actions 34 (hosted)
2025-04-12T21:02:41.6714162Z Current runner version: '2.323.0'
2025-04-12T21:02:41.6738313Z ##[group]Operating System
2025-04-12T21:02:41.6739265Z Ubuntu
2025-04-12T21:02:41.6739767Z 24.04.2
2025-04-12T21:02:41.6740322Z LTS
2025-04-12T21:02:41.6740817Z ##[endgroup]
2025-04-12T21:02:41.6741343Z ##[group]Runner Image
2025-04-12T21:02:41.6741900Z Image: ubuntu-24.04
2025-04-12T21:02:41.6742443Z Version: 20250406.1.0
2025-04-12T21:02:41.6743473Z Included Software: https://github.com/actions/runner-images/blob/ubuntu24/20250406.1/images/ubuntu/Ubuntu2404-Readme.md
2025-04-12T21:02:41.6744877Z Image Release: https://github.com/actions/runner-images/releases/tag/ubuntu24%2F20250406.1
2025-04-12T21:02:41.6745799Z ##[endgroup]
2025-04-12T21:02:41.6746308Z ##[group]Runner Image Provisioner
2025-04-12T21:02:41.6746921Z 2.0.422.1
2025-04-12T21:02:41.6747430Z ##[endgroup]
2025-04-12T21:02:41.6748515Z ##[group]GITHUB_TOKEN Permissions
2025-04-12T21:02:41.6750451Z Contents: read
2025-04-12T21:02:41.6751014Z Metadata: read
2025-04-12T21:02:41.6751823Z Packages: read
2025-04-12T21:02:41.6752374Z ##[endgroup]
2025-04-12T21:02:41.6755226Z Secret source: None
2025-04-12T21:02:41.6755916Z Prepare workflow directory
2025-04-12T21:02:41.7095017Z Prepare all required actions
2025-04-12T21:02:41.7132214Z Getting action download info
2025-04-12T21:02:41.9126186Z Download action repository 'actions/checkout@11bd71901bbe5b1630ceea73d27597364c9af683' (SHA:11bd71901bbe5b1630ceea73d27597364c9af683)
2025-04-12T21:02:42.2650923Z Download action repository 'actions/setup-python@8d9ed9ac5c53483de85588cdf95a591a75ab9f55' (SHA:8d9ed9ac5c53483de85588cdf95a591a75ab9f55)
2025-04-12T21:02:42.4729075Z Download action repository 'pre-commit/action@2c7b3805fd2a0fd8c1884dcaebf91fc102a13ecd' (SHA:2c7b3805fd2a0fd8c1884dcaebf91fc102a13ecd)
2025-04-12T21:02:42.5770613Z Download action repository 'pre-commit-ci/lite-action@5d6cc0eb514c891a40562a58a8e71576c5c7fb43' (SHA:5d6cc0eb514c891a40562a58a8e71576c5c7fb43)
2025-04-12T21:02:42.9561973Z Getting action download info
2025-04-12T21:02:43.0641265Z ##[group]Download immutable action package 'actions/cache@v4'
2025-04-12T21:02:43.0643761Z Version: 4.2.3
2025-04-12T21:02:43.0645528Z Digest: sha256:c8a3bb963e1f1826d8fcc8d1354f0dd29d8ac1db1d4f6f20247055ae11b81ed9
2025-04-12T21:02:43.0647551Z Source commit SHA: 5a3ec84eff668545956fd18022155c47e93e2684
2025-04-12T21:02:43.0649209Z ##[endgroup]
2025-04-12T21:02:43.2374848Z Complete job name: main
2025-04-12T21:02:43.3210687Z ##[group]Run actions/checkout@11bd71901bbe5b1630ceea73d27597364c9af683
2025-04-12T21:02:43.3212375Z with:
2025-04-12T21:02:43.3213159Z   repository: pallets/flask
2025-04-12T21:02:43.3214359Z   token: ***
2025-04-12T21:02:43.3215155Z   ssh-strict: true
2025-04-12T21:02:43.3215973Z   ssh-user: git
2025-04-12T21:02:43.3216813Z   persist-credentials: true
2025-04-12T21:02:43.3217736Z   clean: true
2025-04-12T21:02:43.3218570Z   sparse-checkout-cone-mode: true
2025-04-12T21:02:43.3219794Z   fetch-depth: 1
2025-04-12T21:02:43.3220609Z   fetch-tags: false
2025-04-12T21:02:43.3221444Z   show-progress: true
2025-04-12T21:02:43.3222311Z   lfs: false
2025-04-12T21:02:43.3223074Z   submodules: false
2025-04-12T21:02:43.3223906Z   set-safe-directory: true
2025-04-12T21:02:43.3225063Z ##[endgroup]
2025-04-12T21:02:44.9357334Z Syncing repository: pallets/flask
2025-04-12T21:02:44.9359521Z ##[group]Getting Git version info
2025-04-12T21:02:44.9360334Z Working directory is '/home/runner/work/flask/flask'
2025-04-12T21:02:44.9361154Z [command]/usr/bin/git version
2025-04-12T21:02:45.0453040Z git version 2.49.0
2025-04-12T21:02:45.0521593Z ##[endgroup]
2025-04-12T21:02:45.0537579Z Temporarily overriding HOME='/home/runner/work/_temp/affaee6c-8c50-4f45-981d-9c67dfdc6d4e' before making global git config changes
2025-04-12T21:02:45.0539277Z Adding repository directory to the temporary git global config as a safe directory
2025-04-12T21:02:45.0544410Z [command]/usr/bin/git config --global --add safe.directory /home/runner/work/flask/flask
2025-04-12T21:02:45.0622617Z Deleting the contents of '/home/runner/work/flask/flask'
2025-04-12T21:02:45.0626552Z ##[group]Initializing the repository
2025-04-12T21:02:45.0630544Z [command]/usr/bin/git init /home/runner/work/flask/flask
2025-04-12T21:02:45.0999561Z hint: Using 'master' as the name for the initial branch. This default branch name
2025-04-12T21:02:45.1000427Z hint: is subject to change. To configure the initial branch name to use in all
2025-04-12T21:02:45.1001112Z hint: of your new repositories, which will suppress this warning, call:
2025-04-12T21:02:45.1001594Z hint:
2025-04-12T21:02:45.1001930Z hint: 	git config --global init.defaultBranch <name>
2025-04-12T21:02:45.1002307Z hint:
2025-04-12T21:02:45.1002662Z hint: Names commonly chosen instead of 'master' are 'main', 'trunk' and
2025-04-12T21:02:45.1003244Z hint: 'development'. The just-created branch can be renamed via this command:
2025-04-12T21:02:45.1003730Z hint:
2025-04-12T21:02:45.1003996Z hint: 	git branch -m <name>
2025-04-12T21:02:45.1085340Z Initialized empty Git repository in /home/runner/work/flask/flask/.git/
2025-04-12T21:02:45.1098826Z [command]/usr/bin/git remote add origin https://github.com/pallets/flask
2025-04-12T21:02:45.1184216Z ##[endgroup]
2025-04-12T21:02:45.1184822Z ##[group]Disabling automatic garbage collection
2025-04-12T21:02:45.1188442Z [command]/usr/bin/git config --local gc.auto 0
2025-04-12T21:02:45.1217508Z ##[endgroup]
2025-04-12T21:02:45.1218045Z ##[group]Setting up auth
2025-04-12T21:02:45.1225611Z [command]/usr/bin/git config --local --name-only --get-regexp core\.sshCommand
2025-04-12T21:02:45.1256939Z [command]/usr/bin/git submodule foreach --recursive sh -c "git config --local --name-only --get-regexp 'core\.sshCommand' && git config --local --unset-all 'core.sshCommand' || :"
2025-04-12T21:02:45.2572042Z [command]/usr/bin/git config --local --name-only --get-regexp http\.https\:\/\/github\.com\/\.extraheader
2025-04-12T21:02:45.2603288Z [command]/usr/bin/git submodule foreach --recursive sh -c "git config --local --name-only --get-regexp 'http\.https\:\/\/github\.com\/\.extraheader' && git config --local --unset-all 'http.https://github.com/.extraheader' || :"
2025-04-12T21:02:45.2835326Z [command]/usr/bin/git config --local http.https://github.com/.extraheader AUTHORIZATION: basic ***
2025-04-12T21:02:45.2871553Z ##[endgroup]
2025-04-12T21:02:45.2872419Z ##[group]Fetching the repository
2025-04-12T21:02:45.2881463Z [command]/usr/bin/git -c protocol.version=2 fetch --no-tags --prune --no-recurse-submodules --depth=1 origin +c1756722cf0524bcf5fe7c244fa80e73bb681330:refs/remotes/pull/5717/merge
2025-04-12T21:02:45.7645606Z From https://github.com/pallets/flask
2025-04-12T21:02:45.7646410Z  * [new ref]         c1756722cf0524bcf5fe7c244fa80e73bb681330 -> pull/5717/merge
2025-04-12T21:02:45.7720199Z ##[endgroup]
2025-04-12T21:02:45.7720861Z ##[group]Determining the checkout info
2025-04-12T21:02:45.7722424Z ##[endgroup]
2025-04-12T21:02:45.7727826Z [command]/usr/bin/git sparse-checkout disable
2025-04-12T21:02:45.7803971Z [command]/usr/bin/git config --local --unset-all extensions.worktreeConfig
2025-04-12T21:02:45.7830220Z ##[group]Checking out the ref
2025-04-12T21:02:45.7834103Z [command]/usr/bin/git checkout --progress --force refs/remotes/pull/5717/merge
2025-04-12T21:02:45.8057497Z Note: switching to 'refs/remotes/pull/5717/merge'.
2025-04-12T21:02:45.8058003Z 
2025-04-12T21:02:45.8058352Z You are in 'detached HEAD' state. You can look around, make experimental
2025-04-12T21:02:45.8059372Z changes and commit them, and you can discard any commits you make in this
2025-04-12T21:02:45.8060142Z state without impacting any branches by switching back to a branch.
2025-04-12T21:02:45.8060587Z 
2025-04-12T21:02:45.8060876Z If you want to create a new branch to retain commits you create, you may
2025-04-12T21:02:45.8061568Z do so (now or later) by using -c with the switch command. Example:
2025-04-12T21:02:45.8061981Z 
2025-04-12T21:02:45.8062129Z   git switch -c <new-branch-name>
2025-04-12T21:02:45.8062308Z 
2025-04-12T21:02:45.8062407Z Or undo this operation with:
2025-04-12T21:02:45.8062794Z 
2025-04-12T21:02:45.8062883Z   git switch -
2025-04-12T21:02:45.8063026Z 
2025-04-12T21:02:45.8063244Z Turn off this advice by setting config variable advice.detachedHead to false
2025-04-12T21:02:45.8063526Z 
2025-04-12T21:02:45.8063854Z HEAD is now at c175672 Merge a210f53c1f448c6249f6fdeffa0edf12cecd7213 into b78b5a210bde49e7e04b62a2a4f453ca10e0048c
2025-04-12T21:02:45.8067127Z ##[endgroup]
2025-04-12T21:02:45.8109144Z [command]/usr/bin/git log -1 --format=%H
2025-04-12T21:02:45.8135901Z c1756722cf0524bcf5fe7c244fa80e73bb681330
2025-04-12T21:02:45.8460441Z ##[group]Run actions/setup-python@8d9ed9ac5c53483de85588cdf95a591a75ab9f55
2025-04-12T21:02:45.8460856Z with:
2025-04-12T21:02:45.8461049Z   python-version: 3.x
2025-04-12T21:02:45.8461273Z   check-latest: false
2025-04-12T21:02:45.8461607Z   token: ***
2025-04-12T21:02:45.8461818Z   update-environment: true
2025-04-12T21:02:45.8462051Z   allow-prereleases: false
2025-04-12T21:02:45.8462284Z   freethreaded: false
2025-04-12T21:02:45.8462515Z ##[endgroup]
2025-04-12T21:02:46.0113088Z ##[group]Installed versions
2025-04-12T21:02:46.0166528Z Successfully set up CPython (3.13.2)
2025-04-12T21:02:46.0167235Z ##[endgroup]
2025-04-12T21:02:46.0300147Z ##[group]Run pre-commit/action@2c7b3805fd2a0fd8c1884dcaebf91fc102a13ecd
2025-04-12T21:02:46.0300534Z with:
2025-04-12T21:02:46.0300736Z   extra_args: --all-files
2025-04-12T21:02:46.0300951Z env:
2025-04-12T21:02:46.0301190Z   pythonLocation: /opt/hostedtoolcache/Python/3.13.2/x64
2025-04-12T21:02:46.0301612Z   PKG_CONFIG_PATH: /opt/hostedtoolcache/Python/3.13.2/x64/lib/pkgconfig
2025-04-12T21:02:46.0302024Z   Python_ROOT_DIR: /opt/hostedtoolcache/Python/3.13.2/x64
2025-04-12T21:02:46.0302379Z   Python2_ROOT_DIR: /opt/hostedtoolcache/Python/3.13.2/x64
2025-04-12T21:02:46.0302727Z   Python3_ROOT_DIR: /opt/hostedtoolcache/Python/3.13.2/x64
2025-04-12T21:02:46.0303078Z   LD_LIBRARY_PATH: /opt/hostedtoolcache/Python/3.13.2/x64/lib
2025-04-12T21:02:46.0303367Z ##[endgroup]
2025-04-12T21:02:46.0383996Z ##[group]Run python -m pip install pre-commit
2025-04-12T21:02:46.0384386Z [36;1mpython -m pip install pre-commit[0m
2025-04-12T21:02:46.0436798Z shell: /usr/bin/bash --noprofile --norc -e -o pipefail {0}
2025-04-12T21:02:46.0437132Z env:
2025-04-12T21:02:46.0437380Z   pythonLocation: /opt/hostedtoolcache/Python/3.13.2/x64
2025-04-12T21:02:46.0437786Z   PKG_CONFIG_PATH: /opt/hostedtoolcache/Python/3.13.2/x64/lib/pkgconfig
2025-04-12T21:02:46.0438191Z   Python_ROOT_DIR: /opt/hostedtoolcache/Python/3.13.2/x64
2025-04-12T21:02:46.0438556Z   Python2_ROOT_DIR: /opt/hostedtoolcache/Python/3.13.2/x64
2025-04-12T21:02:46.0439196Z   Python3_ROOT_DIR: /opt/hostedtoolcache/Python/3.13.2/x64
2025-04-12T21:02:46.0439554Z   LD_LIBRARY_PATH: /opt/hostedtoolcache/Python/3.13.2/x64/lib
2025-04-12T21:02:46.0439843Z ##[endgroup]
2025-04-12T21:02:48.7853065Z Collecting pre-commit
2025-04-12T21:02:48.8199253Z   Downloading pre_commit-4.2.0-py2.py3-none-any.whl.metadata (1.3 kB)
2025-04-12T21:02:48.8354205Z Collecting cfgv>=2.0.0 (from pre-commit)
2025-04-12T21:02:48.8387895Z   Downloading cfgv-3.4.0-py2.py3-none-any.whl.metadata (8.5 kB)
2025-04-12T21:02:48.8782212Z Collecting identify>=1.0.0 (from pre-commit)
2025-04-12T21:02:48.8817921Z   Downloading identify-2.6.9-py2.py3-none-any.whl.metadata (4.4 kB)
2025-04-12T21:02:48.9011203Z Collecting nodeenv>=0.11.1 (from pre-commit)
2025-04-12T21:02:48.9044353Z   Downloading nodeenv-1.9.1-py2.py3-none-any.whl.metadata (21 kB)
2025-04-12T21:02:48.9376070Z Collecting pyyaml>=5.1 (from pre-commit)
2025-04-12T21:02:48.9410380Z   Downloading PyYAML-6.0.2-cp313-cp313-manylinux_2_17_x86_64.manylinux2014_x86_64.whl.metadata (2.1 kB)
2025-04-12T21:02:48.9819568Z Collecting virtualenv>=20.10.0 (from pre-commit)
2025-04-12T21:02:48.9860167Z   Downloading virtualenv-20.30.0-py3-none-any.whl.metadata (4.5 kB)
2025-04-12T21:02:49.0058329Z Collecting distlib<1,>=0.3.7 (from virtualenv>=20.10.0->pre-commit)
2025-04-12T21:02:49.0094611Z   Downloading distlib-0.3.9-py2.py3-none-any.whl.metadata (5.2 kB)
2025-04-12T21:02:49.0305964Z Collecting filelock<4,>=3.12.2 (from virtualenv>=20.10.0->pre-commit)
2025-04-12T21:02:49.0341532Z   Downloading filelock-3.18.0-py3-none-any.whl.metadata (2.9 kB)
2025-04-12T21:02:49.0570279Z Collecting platformdirs<5,>=3.9.1 (from virtualenv>=20.10.0->pre-commit)
2025-04-12T21:02:49.0603102Z   Downloading platformdirs-4.3.7-py3-none-any.whl.metadata (11 kB)
2025-04-12T21:02:49.0724867Z Downloading pre_commit-4.2.0-py2.py3-none-any.whl (220 kB)
2025-04-12T21:02:49.0843330Z Downloading cfgv-3.4.0-py2.py3-none-any.whl (7.2 kB)
2025-04-12T21:02:49.0901892Z Downloading identify-2.6.9-py2.py3-none-any.whl (99 kB)
2025-04-12T21:02:49.0968040Z Downloading nodeenv-1.9.1-py2.py3-none-any.whl (22 kB)
2025-04-12T21:02:49.1031730Z Downloading PyYAML-6.0.2-cp313-cp313-manylinux_2_17_x86_64.manylinux2014_x86_64.whl (759 kB)
2025-04-12T21:02:49.1127396Z    ‚îÅ‚îÅ‚îÅ‚îÅ‚îÅ‚îÅ‚îÅ‚îÅ‚îÅ‚îÅ‚îÅ‚îÅ‚îÅ‚îÅ‚îÅ‚îÅ‚îÅ‚îÅ‚îÅ‚îÅ‚îÅ‚îÅ‚îÅ‚îÅ‚îÅ‚îÅ‚îÅ‚îÅ‚îÅ‚îÅ‚îÅ‚îÅ‚îÅ‚îÅ‚îÅ‚îÅ‚îÅ‚îÅ‚îÅ‚îÅ 759.5/759.5 kB 74.1 MB/s eta 0:00:00
2025-04-12T21:02:49.1167279Z Downloading virtualenv-20.30.0-py3-none-any.whl (4.3 MB)
2025-04-12T21:02:49.1416399Z    ‚îÅ‚îÅ‚îÅ‚îÅ‚îÅ‚îÅ‚îÅ‚îÅ‚îÅ‚îÅ‚îÅ‚îÅ‚îÅ‚îÅ‚îÅ‚îÅ‚îÅ‚îÅ‚îÅ‚îÅ‚îÅ‚îÅ‚îÅ‚îÅ‚îÅ‚îÅ‚îÅ‚îÅ‚îÅ‚îÅ‚îÅ‚îÅ‚îÅ‚îÅ‚îÅ‚îÅ‚îÅ‚îÅ‚îÅ‚îÅ 4.3/4.3 MB 179.6 MB/s eta 0:00:00
2025-04-12T21:02:49.1453723Z Downloading distlib-0.3.9-py2.py3-none-any.whl (468 kB)
2025-04-12T21:02:49.1536607Z Downloading filelock-3.18.0-py3-none-any.whl (16 kB)
2025-04-12T21:02:49.1596978Z Downloading platformdirs-4.3.7-py3-none-any.whl (18 kB)
2025-04-12T21:02:49.2127474Z Installing collected packages: distlib, pyyaml, platformdirs, nodeenv, identify, filelock, cfgv, virtualenv, pre-commit
2025-04-12T21:02:49.6152945Z Successfully installed cfgv-3.4.0 distlib-0.3.9 filelock-3.18.0 identify-2.6.9 nodeenv-1.9.1 platformdirs-4.3.7 pre-commit-4.2.0 pyyaml-6.0.2 virtualenv-20.30.0
2025-04-12T21:02:49.7700446Z ##[group]Run python -m pip freeze --local
2025-04-12T21:02:49.7700781Z [36;1mpython -m pip freeze --local[0m
2025-04-12T21:02:49.7747783Z shell: /usr/bin/bash --noprofile --norc -e -o pipefail {0}
2025-04-12T21:02:49.7748111Z env:
2025-04-12T21:02:49.7748360Z   pythonLocation: /opt/hostedtoolcache/Python/3.13.2/x64
2025-04-12T21:02:49.7749032Z   PKG_CONFIG_PATH: /opt/hostedtoolcache/Python/3.13.2/x64/lib/pkgconfig
2025-04-12T21:02:49.7749464Z   Python_ROOT_DIR: /opt/hostedtoolcache/Python/3.13.2/x64
2025-04-12T21:02:49.7749813Z   Python2_ROOT_DIR: /opt/hostedtoolcache/Python/3.13.2/x64
2025-04-12T21:02:49.7750163Z   Python3_ROOT_DIR: /opt/hostedtoolcache/Python/3.13.2/x64
2025-04-12T21:02:49.7750514Z   LD_LIBRARY_PATH: /opt/hostedtoolcache/Python/3.13.2/x64/lib
2025-04-12T21:02:49.7750802Z ##[endgroup]
2025-04-12T21:02:49.9962322Z cfgv==3.4.0
2025-04-12T21:02:49.9963978Z distlib==0.3.9
2025-04-12T21:02:49.9964341Z filelock==3.18.0
2025-04-12T21:02:49.9964700Z identify==2.6.9
2025-04-12T21:02:49.9965069Z nodeenv==1.9.1
2025-04-12T21:02:49.9965683Z platformdirs==4.3.7
2025-04-12T21:02:49.9966095Z pre_commit==4.2.0
2025-04-12T21:02:49.9966437Z PyYAML==6.0.2
2025-04-12T21:02:49.9966760Z virtualenv==20.30.0
2025-04-12T21:02:50.1092361Z ##[group]Run actions/cache@v4
2025-04-12T21:02:50.1092613Z with:
2025-04-12T21:02:50.1092804Z   path: ~/.cache/pre-commit
2025-04-12T21:02:50.1093339Z   key: pre-commit-3|/opt/hostedtoolcache/Python/3.13.2/x64|4386efb60f6271ade85f6aac0cbf39cab806ccdfe5838223ef6378925d6615e8
2025-04-12T21:02:50.1093868Z   enableCrossOsArchive: false
2025-04-12T21:02:50.1094103Z   fail-on-cache-miss: false
2025-04-12T21:02:50.1094325Z   lookup-only: false
2025-04-12T21:02:50.1094524Z   save-always: false
2025-04-12T21:02:50.1094713Z env:
2025-04-12T21:02:50.1094968Z   pythonLocation: /opt/hostedtoolcache/Python/3.13.2/x64
2025-04-12T21:02:50.1095375Z   PKG_CONFIG_PATH: /opt/hostedtoolcache/Python/3.13.2/x64/lib/pkgconfig
2025-04-12T21:02:50.1095771Z   Python_ROOT_DIR: /opt/hostedtoolcache/Python/3.13.2/x64
2025-04-12T21:02:50.1096131Z   Python2_ROOT_DIR: /opt/hostedtoolcache/Python/3.13.2/x64
2025-04-12T21:02:50.1096491Z   Python3_ROOT_DIR: /opt/hostedtoolcache/Python/3.13.2/x64
2025-04-12T21:02:50.1096838Z   LD_LIBRARY_PATH: /opt/hostedtoolcache/Python/3.13.2/x64/lib
2025-04-12T21:02:50.1097324Z ##[endgroup]
2025-04-12T21:02:50.3911979Z Cache hit for: pre-commit-3|/opt/hostedtoolcache/Python/3.13.2/x64|4386efb60f6271ade85f6aac0cbf39cab806ccdfe5838223ef6378925d6615e8
2025-04-12T21:02:50.6190147Z Received 17101656 of 17101656 (100.0%), 87.7 MBs/sec
2025-04-12T21:02:50.6190997Z Cache Size: ~16 MB (17101656 B)
2025-04-12T21:02:50.6217985Z [command]/usr/bin/tar -xf /home/runner/work/_temp/3d292181-e320-4e05-ac3c-0b7b1e24b919/cache.tzst -P -C /home/runner/work/flask/flask --use-compress-program unzstd
2025-04-12T21:02:50.7907837Z Cache restored successfully
2025-04-12T21:02:50.9300352Z Cache restored from key: pre-commit-3|/opt/hostedtoolcache/Python/3.13.2/x64|4386efb60f6271ade85f6aac0cbf39cab806ccdfe5838223ef6378925d6615e8
2025-04-12T21:02:50.9386265Z ##[group]Run pre-commit run --show-diff-on-failure --color=always --all-files
2025-04-12T21:02:50.9386796Z [36;1mpre-commit run --show-diff-on-failure --color=always --all-files[0m
2025-04-12T21:02:50.9433408Z shell: /usr/bin/bash --noprofile --norc -e -o pipefail {0}
2025-04-12T21:02:50.9433759Z env:
2025-04-12T21:02:50.9434017Z   pythonLocation: /opt/hostedtoolcache/Python/3.13.2/x64
2025-04-12T21:02:50.9434617Z   PKG_CONFIG_PATH: /opt/hostedtoolcache/Python/3.13.2/x64/lib/pkgconfig
2025-04-12T21:02:50.9435026Z   Python_ROOT_DIR: /opt/hostedtoolcache/Python/3.13.2/x64
2025-04-12T21:02:50.9435381Z   Python2_ROOT_DIR: /opt/hostedtoolcache/Python/3.13.2/x64
2025-04-12T21:02:50.9435735Z   Python3_ROOT_DIR: /opt/hostedtoolcache/Python/3.13.2/x64
2025-04-12T21:02:50.9436090Z   LD_LIBRARY_PATH: /opt/hostedtoolcache/Python/3.13.2/x64/lib
2025-04-12T21:02:50.9436395Z ##[endgroup]
2025-04-12T21:02:51.4288142Z ruff.....................................................................[42mPassed[m
2025-04-12T21:02:51.4634765Z ruff-format..............................................................[42mPassed[m
2025-04-12T21:02:51.5564637Z check for merge conflicts................................................[42mPassed[m
2025-04-12T21:02:51.7068874Z debug statements (python)................................................[42mPassed[m
2025-04-12T21:02:51.7644747Z fix utf-8 byte order marker..............................................[42mPassed[m
2025-04-12T21:02:51.8328478Z trim trailing whitespace.................................................[41mFailed[m
2025-04-12T21:02:51.8329510Z [2m- hook id: trailing-whitespace[m
2025-04-12T21:02:51.8330020Z [2m- exit code: 1[m
2025-04-12T21:02:51.8330479Z [2m- files were modified by this hook[m
2025-04-12T21:02:51.8330746Z 
2025-04-12T21:02:51.8330832Z Fixing README.md
2025-04-12T21:02:51.8330965Z 
2025-04-12T21:02:51.8915613Z fix end of files.........................................................[41mFailed[m
2025-04-12T21:02:51.8916273Z [2m- hook id: end-of-file-fixer[m
2025-04-12T21:02:51.8916575Z [2m- exit code: 1[m
2025-04-12T21:02:51.8916859Z [2m- files were modified by this hook[m
2025-04-12T21:02:51.8917052Z 
2025-04-12T21:02:51.8917137Z Fixing README.md
2025-04-12T21:02:51.8917294Z 
2025-04-12T21:02:51.8917407Z pre-commit hook(s) made changes.
2025-04-12T21:02:51.8918062Z If you are seeing this message in CI, reproduce locally with: `pre-commit run --all-files`.
2025-04-12T21:02:51.8918571Z To run `pre-commit` as part of git workflow, use `pre-commit install`.
2025-04-12T21:02:51.8919137Z All changes made by hooks:
2025-04-12T21:02:51.8992898Z [1mdiff --git a/README.md b/README.md[m
2025-04-12T21:02:51.8993470Z [1mindex ae322cd..7e33748 100644[m
2025-04-12T21:02:51.8993939Z [1m--- a/README.md[m
2025-04-12T21:02:51.8994337Z [1m+++ b/README.md[m
2025-04-12T21:02:51.8994757Z [36m@@ -1,26 +1,26 @@[m
2025-04-12T21:02:51.8995143Z  # Flask[m
2025-04-12T21:02:51.8995459Z  [m
2025-04-12T21:02:51.8996091Z [31m-Flask is a lightweight [WSGI] web application framework. It is designed  [m
2025-04-12T21:02:51.8997064Z [31m-to make getting started quick and easy, with the ability to scale up to  [m
2025-04-12T21:02:51.8998004Z [31m-complex applications. It began as a simple wrapper around [Werkzeug]  [m
2025-04-12T21:02:51.8999178Z [31m-and [Jinja], and has grown into one of the most popular Python web  [m
2025-04-12T21:02:51.8999788Z [32m+[m[32mFlask is a lightweight [WSGI] web application framework. It is designed[m
2025-04-12T21:02:51.9000396Z [32m+[m[32mto make getting started quick and easy, with the ability to scale up to[m
2025-04-12T21:02:51.9000995Z [32m+[m[32mcomplex applications. It began as a simple wrapper around [Werkzeug][m
2025-04-12T21:02:51.9001566Z [32m+[m[32mand [Jinja], and has grown into one of the most popular Python web[m
2025-04-12T21:02:51.9001974Z  frameworks in the world.[m
2025-04-12T21:02:51.9002216Z  [m
2025-04-12T21:02:51.9002644Z [31m-Flask provides a minimal core with no enforced project layout, allowing  [m
2025-04-12T21:02:51.9003243Z [31m-developers to choose the tools and libraries they prefer. Its flexibility  [m
2025-04-12T21:02:51.9003817Z [31m-makes it an excellent choice for both small projects and enterprise-grade  [m
2025-04-12T21:02:51.9004396Z [32m+[m[32mFlask provides a minimal core with no enforced project layout, allowing[m
2025-04-12T21:02:51.9005137Z [32m+[m[32mdevelopers to choose the tools and libraries they prefer. Its flexibility[m
2025-04-12T21:02:51.9005739Z [32m+[m[32mmakes it an excellent choice for both small projects and enterprise-grade[m
2025-04-12T21:02:51.9006152Z  applications.[m
2025-04-12T21:02:51.9006363Z  [m
2025-04-12T21:02:51.9006639Z [31m-[WSGI]: https://wsgi.readthedocs.io/  [m
2025-04-12T21:02:51.9007058Z [31m-[Werkzeug]: https://werkzeug.palletsprojects.com/  [m
2025-04-12T21:02:51.9007496Z [31m-[Jinja]: https://jinja.palletsprojects.com/  [m
2025-04-12T21:02:51.9007884Z [32m+[m[32m[WSGI]: https://wsgi.readthedocs.io/[m
2025-04-12T21:02:51.9008309Z [32m+[m[32m[Werkzeug]: https://werkzeug.palletsprojects.com/[m
2025-04-12T21:02:51.9008956Z [32m+[m[32m[Jinja]: https://jinja.palletsprojects.com/[m
2025-04-12T21:02:51.9009279Z  [m
2025-04-12T21:02:51.9009499Z  ## Why Flask?[m
2025-04-12T21:02:51.9009978Z  [m
2025-04-12T21:02:51.9010389Z [31m-- Minimal by design ‚Äì no rigid structure, full freedom of choice.  [m
2025-04-12T21:02:51.9010995Z [31m-- Scalable from small scripts to large applications.  [m
2025-04-12T21:02:51.9011607Z [31m-- Extensible through a rich ecosystem of extensions.  [m
2025-04-12T21:02:51.9012195Z [31m-- Backed by strong documentation and a large, active community.  [m
2025-04-12T21:02:51.9012784Z [32m+[m[32m- Minimal by design ‚Äì no rigid structure, full freedom of choice.[m
2025-04-12T21:02:51.9013421Z [32m+[m[32m- Scalable from small scripts to large applications.[m
2025-04-12T21:02:51.9013977Z [32m+[m[32m- Extensible through a rich ecosystem of extensions.[m
2025-04-12T21:02:51.9014573Z [32m+[m[32m- Backed by strong documentation and a large, active community.[m
2025-04-12T21:02:51.9015057Z  [m
2025-04-12T21:02:51.9015364Z  ## A Simple Example[m
2025-04-12T21:02:51.9015723Z  [m
2025-04-12T21:02:51.9016077Z [36m@@ -42,20 +42,20 @@[m [m$ flask run[m
2025-04-12T21:02:51.9016423Z  [m
2025-04-12T21:02:51.9016782Z  ## Donate[m
2025-04-12T21:02:51.9017068Z  [m
2025-04-12T21:02:51.9017522Z [31m-The Pallets organization maintains Flask and its ecosystem.  [m
2025-04-12T21:02:51.9018152Z [31m-To help grow the community and support long-term development,  [m
2025-04-12T21:02:51.9018938Z [32m+[m[32mThe Pallets organization maintains Flask and its ecosystem.[m
2025-04-12T21:02:51.9019627Z [32m+[m[32mTo help grow the community and support long-term development,[m
2025-04-12T21:02:51.9020128Z  [please consider donating today].[m
2025-04-12T21:02:51.9020467Z  [m
2025-04-12T21:02:51.9020999Z [31m-[please consider donating today]: https://palletsprojects.com/donate  [m
2025-04-12T21:02:51.9021664Z [32m+[m[32m[please consider donating today]: https://palletsprojects.com/donate[m
2025-04-12T21:02:51.9022181Z  [m
2025-04-12T21:02:51.9022489Z  ## Contributing[m
2025-04-12T21:02:51.9022789Z  [m
2025-04-12T21:02:51.9023356Z [31m-Flask welcomes all types of contributions, including:  [m
2025-04-12T21:02:51.9023885Z [31m-- Reporting bugs or proposing improvements  [m
2025-04-12T21:02:51.9024354Z [31m-- Discussing or suggesting features  [m
2025-04-12T21:02:51.9024829Z [31m-- Improving the documentation  [m
2025-04-12T21:02:51.9025263Z [31m-- Reviewing or submitting pull requests  [m
2025-04-12T21:02:51.9025778Z [32m+[m[32mFlask welcomes all types of contributions, including:[m
2025-04-12T21:02:51.9049533Z [32m+[m[32m- Reporting bugs or proposing improvements[m
2025-04-12T21:02:51.9050099Z [32m+[m[32m- Discussing or suggesting features[m
2025-04-12T21:02:51.9050474Z [32m+[m[32m- Improving the documentation[m
2025-04-12T21:02:51.9050873Z [32m+[m[32m- Reviewing or submitting pull requests[m
2025-04-12T21:02:51.9051202Z  [m
2025-04-12T21:02:51.9051525Z  To get started, see our [contributing guide][contrib].[m
2025-04-12T21:02:51.9051845Z  [m
2025-04-12T21:02:51.9052174Z [31m-[contrib]: https://palletsprojects.com/contributing/  [m
2025-04-12T21:02:51.9052571Z \ No newline at end of file[m
2025-04-12T21:02:51.9053155Z [32m+[m[32m[contrib]: https://palletsprojects.com/contributing/[m
2025-04-12T21:02:51.9181687Z ##[error]Process completed with exit code 1.
2025-04-12T21:02:51.9231025Z ##[group]Run pre-commit-ci/lite-action@5d6cc0eb514c891a40562a58a8e71576c5c7fb43
2025-04-12T21:02:51.9231433Z with:
2025-04-12T21:02:51.9231666Z   msg: [pre-commit.ci lite] apply automatic fixes
2025-04-12T21:02:51.9231945Z env:
2025-04-12T21:02:51.9232198Z   pythonLocation: /opt/hostedtoolcache/Python/3.13.2/x64
2025-04-12T21:02:51.9232611Z   PKG_CONFIG_PATH: /opt/hostedtoolcache/Python/3.13.2/x64/lib/pkgconfig
2025-04-12T21:02:51.9233009Z   Python_ROOT_DIR: /opt/hostedtoolcache/Python/3.13.2/x64
2025-04-12T21:02:51.9233366Z   Python2_ROOT_DIR: /opt/hostedtoolcache/Python/3.13.2/x64
2025-04-12T21:02:51.9233728Z   Python3_ROOT_DIR: /opt/hostedtoolcache/Python/3.13.2/x64
2025-04-12T21:02:51.9234084Z   LD_LIBRARY_PATH: /opt/hostedtoolcache/Python/3.13.2/x64/lib
2025-04-12T21:02:51.9234397Z ##[endgroup]
2025-04-12T21:02:52.0052962Z README.md: needs update
2025-04-12T21:02:52.0074060Z fetching pr...
2025-04-12T21:02:52.3024648Z saving artifact...
2025-04-12T21:02:54.4046447Z artifact published!
2025-04-12T21:02:54.4199402Z Post job cleanup.
2025-04-12T21:02:54.4495043Z Post job cleanup.
2025-04-12T21:02:54.4547900Z Post job cleanup.
2025-04-12T21:02:54.5487593Z [command]/usr/bin/git version
2025-04-12T21:02:54.5531166Z git version 2.49.0
2025-04-12T21:02:54.5576753Z Temporarily overriding HOME='/home/runner/work/_temp/d690bf50-38a9-476e-a75e-839949c57e98' before making global git config changes
2025-04-12T21:02:54.5577960Z Adding repository directory to the temporary git global config as a safe directory
2025-04-12T21:02:54.5583457Z [command]/usr/bin/git config --global --add safe.directory /home/runner/work/flask/flask
2025-04-12T21:02:54.5627923Z [command]/usr/bin/git config --local --name-only --get-regexp core\.sshCommand
2025-04-12T21:02:54.5662423Z [command]/usr/bin/git submodule foreach --recursive sh -c "git config --local --name-only --get-regexp 'core\.sshCommand' && git config --local --unset-all 'core.sshCommand' || :"
2025-04-12T21:02:54.5940191Z [command]/usr/bin/git config --local --name-only --get-regexp http\.https\:\/\/github\.com\/\.extraheader
2025-04-12T21:02:54.5960937Z http.https://github.com/.extraheader
2025-04-12T21:02:54.5973311Z [command]/usr/bin/git config --local --unset-all http.https://github.com/.extraheader
2025-04-12T21:02:54.6004309Z [command]/usr/bin/git submodule foreach --recursive sh -c "git config --local --name-only --get-regexp 'http\.https\:\/\/github\.com\/\.extraheader' && git config --local --unset-all 'http.https://github.com/.extraheader' || :"
2025-04-12T21:02:54.6335092Z Cleaning up orphan processes
