2025-04-11T15:28:55.3068676Z Requested labels: ubuntu-latest
2025-04-11T15:28:55.3069015Z Job defined at: mifi/lossless-cut/.github/workflows/test.yml@refs/pull/2416/merge
2025-04-11T15:28:55.3069164Z Waiting for a runner to pick up this job...
2025-04-11T15:28:55.6415478Z Job is waiting for a hosted runner to come online.
2025-04-11T15:29:00.1409333Z Job is about to start running on the hosted runner: GitHub Actions 9 (hosted)
2025-04-11T15:29:02.5387879Z Current runner version: '2.323.0'
2025-04-11T15:29:02.5416342Z ##[group]Operating System
2025-04-11T15:29:02.5417130Z Ubuntu
2025-04-11T15:29:02.5417700Z 24.04.2
2025-04-11T15:29:02.5418210Z LTS
2025-04-11T15:29:02.5418645Z ##[endgroup]
2025-04-11T15:29:02.5419194Z ##[group]Runner Image
2025-04-11T15:29:02.5419788Z Image: ubuntu-24.04
2025-04-11T15:29:02.5420324Z Version: 20250406.1.0
2025-04-11T15:29:02.5421402Z Included Software: https://github.com/actions/runner-images/blob/ubuntu24/20250406.1/images/ubuntu/Ubuntu2404-Readme.md
2025-04-11T15:29:02.5422730Z Image Release: https://github.com/actions/runner-images/releases/tag/ubuntu24%2F20250406.1
2025-04-11T15:29:02.5423619Z ##[endgroup]
2025-04-11T15:29:02.5424381Z ##[group]Runner Image Provisioner
2025-04-11T15:29:02.5424980Z 2.0.422.1
2025-04-11T15:29:02.5425478Z ##[endgroup]
2025-04-11T15:29:02.5427705Z ##[group]GITHUB_TOKEN Permissions
2025-04-11T15:29:02.5429899Z Actions: read
2025-04-11T15:29:02.5430752Z Attestations: read
2025-04-11T15:29:02.5431451Z Checks: read
2025-04-11T15:29:02.5431937Z Contents: read
2025-04-11T15:29:02.5432470Z Deployments: read
2025-04-11T15:29:02.5433034Z Discussions: read
2025-04-11T15:29:02.5433568Z Issues: read
2025-04-11T15:29:02.5434248Z Metadata: read
2025-04-11T15:29:02.5434801Z Models: read
2025-04-11T15:29:02.5435335Z Packages: read
2025-04-11T15:29:02.5435849Z Pages: read
2025-04-11T15:29:02.5436392Z PullRequests: read
2025-04-11T15:29:02.5436926Z RepositoryProjects: read
2025-04-11T15:29:02.5437506Z SecurityEvents: read
2025-04-11T15:29:02.5438079Z Statuses: read
2025-04-11T15:29:02.5438604Z ##[endgroup]
2025-04-11T15:29:02.5441910Z Secret source: Dependabot
2025-04-11T15:29:02.5443153Z Prepare workflow directory
2025-04-11T15:29:02.5856640Z Prepare all required actions
2025-04-11T15:29:02.5893289Z Getting action download info
2025-04-11T15:29:02.8080627Z ##[group]Download immutable action package 'actions/checkout@v4'
2025-04-11T15:29:02.8081516Z Version: 4.2.2
2025-04-11T15:29:02.8082340Z Digest: sha256:ccb2698953eaebd21c7bf6268a94f9c26518a7e38e27e0b83c1fe1ad049819b1
2025-04-11T15:29:02.8083373Z Source commit SHA: 11bd71901bbe5b1630ceea73d27597364c9af683
2025-04-11T15:29:02.8084197Z ##[endgroup]
2025-04-11T15:29:02.8959279Z ##[group]Download immutable action package 'actions/setup-node@v4'
2025-04-11T15:29:02.8959990Z Version: 4.3.0
2025-04-11T15:29:02.8960625Z Digest: sha256:9f9f8171ffc89cb7f6897e615e2b43b46bb55176fd279129eb0088157eace9b2
2025-04-11T15:29:02.8961506Z Source commit SHA: cdca7365b2dadb8aad0a33bc7601856ffabcc48e
2025-04-11T15:29:02.8962117Z ##[endgroup]
2025-04-11T15:29:03.0615899Z Complete job name: test (ubuntu-latest)
2025-04-11T15:29:03.1386774Z ##[group]Run git config --global core.autocrlf false
2025-04-11T15:29:03.1388097Z [36;1mgit config --global core.autocrlf false[0m
2025-04-11T15:29:03.1454855Z shell: /usr/bin/bash -e {0}
2025-04-11T15:29:03.1455811Z ##[endgroup]
2025-04-11T15:29:03.1836641Z ##[group]Run actions/checkout@v4
2025-04-11T15:29:03.1837206Z with:
2025-04-11T15:29:03.1837606Z   repository: mifi/lossless-cut
2025-04-11T15:29:03.1838280Z   token: ***
2025-04-11T15:29:03.1838675Z   ssh-strict: true
2025-04-11T15:29:03.1839080Z   ssh-user: git
2025-04-11T15:29:03.1839494Z   persist-credentials: true
2025-04-11T15:29:03.1839952Z   clean: true
2025-04-11T15:29:03.1840357Z   sparse-checkout-cone-mode: true
2025-04-11T15:29:03.1840843Z   fetch-depth: 1
2025-04-11T15:29:03.1841251Z   fetch-tags: false
2025-04-11T15:29:03.1841663Z   show-progress: true
2025-04-11T15:29:03.1842082Z   lfs: false
2025-04-11T15:29:03.1842460Z   submodules: false
2025-04-11T15:29:03.1842874Z   set-safe-directory: true
2025-04-11T15:29:03.1843328Z ##[endgroup]
2025-04-11T15:29:03.3702442Z Syncing repository: mifi/lossless-cut
2025-04-11T15:29:03.3704632Z ##[group]Getting Git version info
2025-04-11T15:29:03.3705409Z Working directory is '/home/runner/work/lossless-cut/lossless-cut'
2025-04-11T15:29:03.3706503Z [command]/usr/bin/git version
2025-04-11T15:29:03.3722761Z git version 2.49.0
2025-04-11T15:29:03.3752888Z ##[endgroup]
2025-04-11T15:29:03.3763225Z Copying '/home/runner/.gitconfig' to '/home/runner/work/_temp/674817a0-b0c0-4e54-ade4-70f3fdd88dcd/.gitconfig'
2025-04-11T15:29:03.3773585Z Temporarily overriding HOME='/home/runner/work/_temp/674817a0-b0c0-4e54-ade4-70f3fdd88dcd' before making global git config changes
2025-04-11T15:29:03.3775272Z Adding repository directory to the temporary git global config as a safe directory
2025-04-11T15:29:03.3779226Z [command]/usr/bin/git config --global --add safe.directory /home/runner/work/lossless-cut/lossless-cut
2025-04-11T15:29:03.3820032Z Deleting the contents of '/home/runner/work/lossless-cut/lossless-cut'
2025-04-11T15:29:03.3824672Z ##[group]Initializing the repository
2025-04-11T15:29:03.3830169Z [command]/usr/bin/git init /home/runner/work/lossless-cut/lossless-cut
2025-04-11T15:29:03.3907069Z hint: Using 'master' as the name for the initial branch. This default branch name
2025-04-11T15:29:03.3908184Z hint: is subject to change. To configure the initial branch name to use in all
2025-04-11T15:29:03.3909080Z hint: of your new repositories, which will suppress this warning, call:
2025-04-11T15:29:03.3909746Z hint:
2025-04-11T15:29:03.3910230Z hint: 	git config --global init.defaultBranch <name>
2025-04-11T15:29:03.3911265Z hint:
2025-04-11T15:29:03.3912040Z hint: Names commonly chosen instead of 'master' are 'main', 'trunk' and
2025-04-11T15:29:03.3913193Z hint: 'development'. The just-created branch can be renamed via this command:
2025-04-11T15:29:03.3914701Z hint:
2025-04-11T15:29:03.3915408Z hint: 	git branch -m <name>
2025-04-11T15:29:03.3916897Z Initialized empty Git repository in /home/runner/work/lossless-cut/lossless-cut/.git/
2025-04-11T15:29:03.3925789Z [command]/usr/bin/git remote add origin https://github.com/mifi/lossless-cut
2025-04-11T15:29:03.3965482Z ##[endgroup]
2025-04-11T15:29:03.3966720Z ##[group]Disabling automatic garbage collection
2025-04-11T15:29:03.3970669Z [command]/usr/bin/git config --local gc.auto 0
2025-04-11T15:29:03.4000988Z ##[endgroup]
2025-04-11T15:29:03.4002233Z ##[group]Setting up auth
2025-04-11T15:29:03.4009082Z [command]/usr/bin/git config --local --name-only --get-regexp core\.sshCommand
2025-04-11T15:29:03.4040285Z [command]/usr/bin/git submodule foreach --recursive sh -c "git config --local --name-only --get-regexp 'core\.sshCommand' && git config --local --unset-all 'core.sshCommand' || :"
2025-04-11T15:29:03.4343058Z [command]/usr/bin/git config --local --name-only --get-regexp http\.https\:\/\/github\.com\/\.extraheader
2025-04-11T15:29:03.4376211Z [command]/usr/bin/git submodule foreach --recursive sh -c "git config --local --name-only --get-regexp 'http\.https\:\/\/github\.com\/\.extraheader' && git config --local --unset-all 'http.https://github.com/.extraheader' || :"
2025-04-11T15:29:03.4713388Z [command]/usr/bin/git config --local http.https://github.com/.extraheader AUTHORIZATION: basic ***
2025-04-11T15:29:03.4716166Z ##[endgroup]
2025-04-11T15:29:03.4716851Z ##[group]Fetching the repository
2025-04-11T15:29:03.4718175Z [command]/usr/bin/git -c protocol.version=2 fetch --no-tags --prune --no-recurse-submodules --depth=1 origin +a495eed9dfde8c50e3e40096de9cb9ae2579244a:refs/remotes/pull/2416/merge
2025-04-11T15:29:04.6798599Z From https://github.com/mifi/lossless-cut
2025-04-11T15:29:04.6800576Z  * [new ref]         a495eed9dfde8c50e3e40096de9cb9ae2579244a -> pull/2416/merge
2025-04-11T15:29:04.6828390Z ##[endgroup]
2025-04-11T15:29:04.6830480Z ##[group]Determining the checkout info
2025-04-11T15:29:04.6833082Z ##[endgroup]
2025-04-11T15:29:04.6837178Z [command]/usr/bin/git sparse-checkout disable
2025-04-11T15:29:04.6880011Z [command]/usr/bin/git config --local --unset-all extensions.worktreeConfig
2025-04-11T15:29:04.6909936Z ##[group]Checking out the ref
2025-04-11T15:29:04.6913836Z [command]/usr/bin/git checkout --progress --force refs/remotes/pull/2416/merge
2025-04-11T15:29:04.7338122Z Note: switching to 'refs/remotes/pull/2416/merge'.
2025-04-11T15:29:04.7339316Z 
2025-04-11T15:29:04.7340356Z You are in 'detached HEAD' state. You can look around, make experimental
2025-04-11T15:29:04.7344707Z changes and commit them, and you can discard any commits you make in this
2025-04-11T15:29:04.7347616Z state without impacting any branches by switching back to a branch.
2025-04-11T15:29:04.7349486Z 
2025-04-11T15:29:04.7350722Z If you want to create a new branch to retain commits you create, you may
2025-04-11T15:29:04.7353345Z do so (now or later) by using -c with the switch command. Example:
2025-04-11T15:29:04.7355244Z 
2025-04-11T15:29:04.7355878Z   git switch -c <new-branch-name>
2025-04-11T15:29:04.7356860Z 
2025-04-11T15:29:04.7357412Z Or undo this operation with:
2025-04-11T15:29:04.7358316Z 
2025-04-11T15:29:04.7358816Z   git switch -
2025-04-11T15:29:04.7359577Z 
2025-04-11T15:29:04.7360967Z Turn off this advice by setting config variable advice.detachedHead to false
2025-04-11T15:29:04.7362540Z 
2025-04-11T15:29:04.7364313Z HEAD is now at a495eed Merge c18cf8068c85dbc892ecd883e82124278d926a58 into 250401c920023a968b224316050d3181f115f985
2025-04-11T15:29:04.7370043Z ##[endgroup]
2025-04-11T15:29:04.7390666Z [command]/usr/bin/git log -1 --format=%H
2025-04-11T15:29:04.7413731Z a495eed9dfde8c50e3e40096de9cb9ae2579244a
2025-04-11T15:29:04.7675346Z ##[group]Run actions/setup-node@v4
2025-04-11T15:29:04.7676563Z with:
2025-04-11T15:29:04.7677418Z   node-version: 22
2025-04-11T15:29:04.7678346Z   cache: yarn
2025-04-11T15:29:04.7679249Z   always-auth: false
2025-04-11T15:29:04.7680216Z   check-latest: false
2025-04-11T15:29:04.7681481Z   token: ***
2025-04-11T15:29:04.7682376Z ##[endgroup]
2025-04-11T15:29:04.9431595Z Found in cache @ /opt/hostedtoolcache/node/22.14.0/x64
2025-04-11T15:29:04.9438967Z ##[group]Environment details
2025-04-11T15:29:05.5164762Z node: v22.14.0
2025-04-11T15:29:05.5165458Z npm: 10.9.2
2025-04-11T15:29:05.5165974Z yarn: 4.4.0
2025-04-11T15:29:05.5167453Z ##[endgroup]
2025-04-11T15:29:05.5186456Z [command]/usr/local/bin/yarn --version
2025-04-11T15:29:05.8317778Z 4.4.0
2025-04-11T15:29:05.8563551Z [command]/usr/local/bin/yarn config get cacheFolder
2025-04-11T15:29:06.1727318Z /home/runner/.yarn/berry/cache
2025-04-11T15:29:06.2043516Z [command]/usr/local/bin/yarn config get enableGlobalCache
2025-04-11T15:29:06.5175643Z [33mtrue[39m
2025-04-11T15:29:06.7803501Z yarn cache is not found
2025-04-11T15:29:06.7913216Z ##[group]Run yarn install --immutable
2025-04-11T15:29:06.7913573Z [36;1myarn install --immutable[0m
2025-04-11T15:29:06.7963794Z shell: /usr/bin/bash -e {0}
2025-04-11T15:29:06.7964228Z ##[endgroup]
2025-04-11T15:29:07.2133302Z [93mâž¤[39m YN0000: Yarn detected that the current workflow is executed from a public pull request. For safety the hardened mode has been enabled.
2025-04-11T15:29:07.2135132Z [93mâž¤[39m YN0000: It will prevent malicious lockfile manipulations, in exchange for a slower install time. You can opt-out if necessary; check our documentation for more details.
2025-04-11T15:29:07.2135740Z 
2025-04-11T15:29:07.2135953Z [94mâž¤[39m YN0000: Â· Yarn 4.4.0
2025-04-11T15:29:07.2233416Z [94mâž¤[39m [90mYN0000[39m: â”Œ Resolution step
2025-04-11T15:29:07.2234456Z ##[group]Resolution step
2025-04-11T15:29:13.6531535Z ##[endgroup]
2025-04-11T15:29:13.6536081Z [94mâž¤[39m [90mYN0000[39m: â”” Completed in 6s 429ms
2025-04-11T15:29:13.6549086Z [94mâž¤[39m [90mYN0000[39m: â”Œ Post-resolution validation
2025-04-11T15:29:13.6550120Z ##[group]Post-resolution validation
2025-04-11T15:29:13.6552500Z [93mâž¤[39m YN0060: â”‚ [38;5;173mtsx[39m is listed by your project with version [38;5;111m4.7.1[39m ([38;5;111mp4acce[39m), which doesn't satisfy what [38;5;173mvite[39m requests ([38;5;37m^4.8.1[39m).
2025-04-11T15:29:13.6555544Z [93mâž¤[39m YN0060: â”‚ [38;5;173mtypescript[39m is listed by your project with version [38;5;111m5.7.2[39m ([38;5;111mp6348b[39m), which doesn't satisfy what [38;5;173meslint-config-mifi[39m and other dependencies request ([38;5;37m~5.2.0[39m).
2025-04-11T15:29:13.6558138Z [93mâž¤[39m YN0060: â”‚ [38;5;173mvite[39m is listed by your project with version [38;5;111m6.2.6[39m ([38;5;111mp92784[39m), which doesn't satisfy what [38;5;173melectron-vite[39m and other dependencies request ([38;5;37m^4.2.0 || ^5.0.0[39m).
2025-04-11T15:29:13.6563487Z [93mâž¤[39m YN0002: â”‚ [38;5;173mlossless-cut[39m[38;5;111m@[39m[38;5;111mworkspace:.[39m doesn't provide [38;5;173mreact-is[39m ([38;5;111mp6ee21[39m), requested by [38;5;173mevergreen-ui[39m.
2025-04-11T15:29:13.6566408Z [93mâž¤[39m YN0086: â”‚ Some peer dependencies are incorrectly met by your project; run [38;5;111myarn explain peer-requirements <hash>[39m for details, where [38;5;111m<hash>[39m is the six-letter p-prefixed code.
2025-04-11T15:29:13.6568627Z [93mâž¤[39m YN0086: â”‚ Some peer dependencies are incorrectly met by dependencies; run [38;5;111myarn explain peer-requirements[39m for details.
2025-04-11T15:29:13.6992592Z ##[endgroup]
2025-04-11T15:29:13.6993616Z [94mâž¤[39m [90mYN0000[39m: â”” Completed
2025-04-11T15:29:13.6995330Z [94mâž¤[39m [90mYN0000[39m: â”Œ Fetch step
2025-04-11T15:29:13.6996133Z ##[group]Fetch step
2025-04-11T15:29:26.5278170Z [93mâž¤[39m YN0066: â”‚ [38;5;173mtypescript[39m[38;5;111m@[39m[38;5;111mpatch:typescript@npm%3A5.7.2#optional!builtin<compat/typescript>::version=5.7.2&hash=74658d[39m: Cannot apply hunk #1
2025-04-11T15:29:34.5955456Z [94mâž¤[39m YN0013: â”‚ [38;5;220m1107[39m packages were added to the project ([38;5;160m+ 168.37 MiB[39m).
2025-04-11T15:29:34.5956946Z ##[endgroup]
2025-04-11T15:29:34.5957674Z [94mâž¤[39m [90mYN0000[39m: â”” Completed in 20s 896ms
2025-04-11T15:29:34.6375558Z [94mâž¤[39m [90mYN0000[39m: â”Œ Link step
2025-04-11T15:29:34.6376423Z ##[group]Link step
2025-04-11T15:29:43.7871156Z [94mâž¤[39m YN0007: â”‚ [38;5;173melectron[39m[38;5;111m@[39m[38;5;111mnpm:35.1.2[39m must be built because it never has been before or the last one failed
2025-04-11T15:29:43.7877036Z [94mâž¤[39m YN0007: â”‚ [38;5;173mesbuild[39m[38;5;111m@[39m[38;5;111mnpm:0.20.2[39m must be built because it never has been before or the last one failed
2025-04-11T15:29:43.7889218Z [94mâž¤[39m YN0007: â”‚ [38;5;173msharp[39m[38;5;111m@[39m[38;5;111mnpm:0.32.6[39m must be built because it never has been before or the last one failed
2025-04-11T15:29:43.7892040Z [94mâž¤[39m YN0007: â”‚ [38;5;173mesbuild[39m[38;5;111m@[39m[38;5;111mnpm:0.19.12[39m must be built because it never has been before or the last one failed
2025-04-11T15:29:43.7894604Z [94mâž¤[39m YN0007: â”‚ [38;5;173mesbuild[39m[38;5;111m@[39m[38;5;111mnpm:0.21.5[39m must be built because it never has been before or the last one failed
2025-04-11T15:29:43.7897646Z [94mâž¤[39m YN0007: â”‚ [38;5;173mesbuild[39m[38;5;111m@[39m[38;5;111mnpm:0.25.1[39m must be built because it never has been before or the last one failed
2025-04-11T15:29:44.1977644Z [94mâž¤[39m [90mYN0000[39m: â”‚ [38;5;173msharp[39m[38;5;111m@[39m[38;5;111mnpm:0.32.6[39m [32mSTDOUT[39m sharp: Downloading https://github.com/lovell/sharp-libvips/releases/download/v8.14.5/libvips-8.14.5-linux-x64.tar.br
2025-04-11T15:29:45.1028980Z [94mâž¤[39m [90mYN0000[39m: â”‚ [38;5;173msharp[39m[38;5;111m@[39m[38;5;111mnpm:0.32.6[39m [32mSTDOUT[39m sharp: Integrity check passed for linux-x64
2025-04-11T15:29:47.0418057Z [94mâž¤[39m YN0007: â”‚ [38;5;173mlossless-cut[39m[38;5;111m@[39m[38;5;111mworkspace:.[39m must be built because it never has been before or the last one failed
2025-04-11T15:29:47.5251988Z [94mâž¤[39m [90mYN0000[39m: â”‚ [38;5;173mlossless-cut[39m[38;5;111m@[39m[38;5;111mworkspace:.[39m [32mSTDOUT[39m   â€¢ electron-builder  version=24.13.3
2025-04-11T15:29:47.5265761Z [94mâž¤[39m [90mYN0000[39m: â”‚ [38;5;173mlossless-cut[39m[38;5;111m@[39m[38;5;111mworkspace:.[39m [32mSTDOUT[39m   â€¢ loaded configuration  file=package.json ("build" field)
2025-04-11T15:29:47.5642259Z ##[endgroup]
2025-04-11T15:29:47.5643219Z [94mâž¤[39m [90mYN0000[39m: â”” Completed in 12s 926ms
2025-04-11T15:29:47.6373139Z [93mâž¤[39m YN0000: Â· Done with warnings in 40s 425ms
2025-04-11T15:29:47.8511487Z ##[group]Run yarn dedupe --check
2025-04-11T15:29:47.8511970Z [36;1myarn dedupe --check[0m
2025-04-11T15:29:47.8561296Z shell: /usr/bin/bash -e {0}
2025-04-11T15:29:47.8561537Z ##[endgroup]
2025-04-11T15:29:48.2779098Z [94mâž¤[39m [90mYN0000[39m: â”Œ Deduplication step
2025-04-11T15:29:48.2780156Z ##[group]Deduplication step
2025-04-11T15:29:48.4028595Z [94mâž¤[39m YN0000: â”‚ [38;5;173mvite[39m[38;5;37m@[39m[38;5;37mnpm:^5.0.0 || ^6.0.0[39m can be deduped from [38;5;173mvite[39m[38;5;111m@[39m[38;5;111mnpm:6.2.4[39m to [38;5;173mvite[39m[38;5;111m@[39m[38;5;111mnpm:6.2.6[39m
2025-04-11T15:29:48.4094693Z [94mâž¤[39m YN0000: â”‚ One package can be deduped using the [38;5;111mhighest[39m strategy
2025-04-11T15:29:48.4096789Z ##[endgroup]
2025-04-11T15:29:48.4097451Z [94mâž¤[39m [90mYN0000[39m: â”” Completed
2025-04-11T15:29:48.4335565Z ##[error]Process completed with exit code 1.
2025-04-11T15:29:48.4441698Z Post job cleanup.
2025-04-11T15:29:48.5388219Z [command]/usr/bin/git version
2025-04-11T15:29:48.5424802Z git version 2.49.0
2025-04-11T15:29:48.5466146Z Copying '/home/runner/.gitconfig' to '/home/runner/work/_temp/c3040335-d903-4b47-bc47-39522a6028f2/.gitconfig'
2025-04-11T15:29:48.5484587Z Temporarily overriding HOME='/home/runner/work/_temp/c3040335-d903-4b47-bc47-39522a6028f2' before making global git config changes
2025-04-11T15:29:48.5485424Z Adding repository directory to the temporary git global config as a safe directory
2025-04-11T15:29:48.5489539Z [command]/usr/bin/git config --global --add safe.directory /home/runner/work/lossless-cut/lossless-cut
2025-04-11T15:29:48.5527959Z [command]/usr/bin/git config --local --name-only --get-regexp core\.sshCommand
2025-04-11T15:29:48.5561959Z [command]/usr/bin/git submodule foreach --recursive sh -c "git config --local --name-only --get-regexp 'core\.sshCommand' && git config --local --unset-all 'core.sshCommand' || :"
2025-04-11T15:29:48.5799983Z [command]/usr/bin/git config --local --name-only --get-regexp http\.https\:\/\/github\.com\/\.extraheader
2025-04-11T15:29:48.5821646Z http.https://github.com/.extraheader
2025-04-11T15:29:48.5835810Z [command]/usr/bin/git config --local --unset-all http.https://github.com/.extraheader
2025-04-11T15:29:48.5868359Z [command]/usr/bin/git submodule foreach --recursive sh -c "git config --local --name-only --get-regexp 'http\.https\:\/\/github\.com\/\.extraheader' && git config --local --unset-all 'http.https://github.com/.extraheader' || :"
2025-04-11T15:29:48.6200091Z Cleaning up orphan processes
