2025-04-11T20:09:35.5897939Z Requested labels: ubuntu-latest
2025-04-11T20:09:35.5898155Z Job defined at: ionic-team/ionic-framework/.github/workflows/build.yml@refs/pull/30353/merge
2025-04-11T20:09:35.5898241Z Waiting for a runner to pick up this job...
2025-04-11T20:09:36.5278005Z Job is waiting for a hosted runner to come online.
2025-04-11T20:09:40.0248177Z Job is about to start running on the hosted runner: GitHub Actions 122 (hosted)
2025-04-11T20:09:42.4927718Z Current runner version: '2.323.0'
2025-04-11T20:09:42.4953337Z ##[group]Operating System
2025-04-11T20:09:42.4954540Z Ubuntu
2025-04-11T20:09:42.4955200Z 24.04.2
2025-04-11T20:09:42.4955705Z LTS
2025-04-11T20:09:42.4956172Z ##[endgroup]
2025-04-11T20:09:42.4956728Z ##[group]Runner Image
2025-04-11T20:09:42.4957345Z Image: ubuntu-24.04
2025-04-11T20:09:42.4957869Z Version: 20250406.1.0
2025-04-11T20:09:42.4958915Z Included Software: https://github.com/actions/runner-images/blob/ubuntu24/20250406.1/images/ubuntu/Ubuntu2404-Readme.md
2025-04-11T20:09:42.4960311Z Image Release: https://github.com/actions/runner-images/releases/tag/ubuntu24%2F20250406.1
2025-04-11T20:09:42.4961208Z ##[endgroup]
2025-04-11T20:09:42.4961801Z ##[group]Runner Image Provisioner
2025-04-11T20:09:42.4962398Z 2.0.422.1
2025-04-11T20:09:42.4962836Z ##[endgroup]
2025-04-11T20:09:42.4965446Z ##[group]GITHUB_TOKEN Permissions
2025-04-11T20:09:42.4967674Z Actions: write
2025-04-11T20:09:42.4968521Z Attestations: write
2025-04-11T20:09:42.4969126Z Checks: write
2025-04-11T20:09:42.4969718Z Contents: write
2025-04-11T20:09:42.4970254Z Deployments: write
2025-04-11T20:09:42.4970814Z Discussions: write
2025-04-11T20:09:42.4971308Z Issues: write
2025-04-11T20:09:42.4971818Z Metadata: read
2025-04-11T20:09:42.4972340Z Models: read
2025-04-11T20:09:42.4972868Z Packages: write
2025-04-11T20:09:42.4973374Z Pages: write
2025-04-11T20:09:42.4973875Z PullRequests: write
2025-04-11T20:09:42.4974745Z RepositoryProjects: write
2025-04-11T20:09:42.4975329Z SecurityEvents: write
2025-04-11T20:09:42.4975952Z Statuses: write
2025-04-11T20:09:42.4976467Z ##[endgroup]
2025-04-11T20:09:42.4979582Z Secret source: Actions
2025-04-11T20:09:42.4980821Z Prepare workflow directory
2025-04-11T20:09:42.5400105Z Prepare all required actions
2025-04-11T20:09:42.5437230Z Getting action download info
2025-04-11T20:09:42.7142846Z ##[group]Download immutable action package 'actions/checkout@v4'
2025-04-11T20:09:42.7143707Z Version: 4.2.2
2025-04-11T20:09:42.7144911Z Digest: sha256:ccb2698953eaebd21c7bf6268a94f9c26518a7e38e27e0b83c1fe1ad049819b1
2025-04-11T20:09:42.7146028Z Source commit SHA: 11bd71901bbe5b1630ceea73d27597364c9af683
2025-04-11T20:09:42.7146643Z ##[endgroup]
2025-04-11T20:09:42.8605270Z Complete job name: test-core-screenshot (8, 20)
2025-04-11T20:09:42.9307723Z ##[group]Run actions/checkout@v4
2025-04-11T20:09:42.9308538Z with:
2025-04-11T20:09:42.9308964Z   repository: ionic-team/ionic-framework
2025-04-11T20:09:42.9309721Z   token: ***
2025-04-11T20:09:42.9310167Z   ssh-strict: true
2025-04-11T20:09:42.9310583Z   ssh-user: git
2025-04-11T20:09:42.9310997Z   persist-credentials: true
2025-04-11T20:09:42.9311466Z   clean: true
2025-04-11T20:09:42.9311881Z   sparse-checkout-cone-mode: true
2025-04-11T20:09:42.9312375Z   fetch-depth: 1
2025-04-11T20:09:42.9312771Z   fetch-tags: false
2025-04-11T20:09:42.9313177Z   show-progress: true
2025-04-11T20:09:42.9313596Z   lfs: false
2025-04-11T20:09:42.9313962Z   submodules: false
2025-04-11T20:09:42.9314765Z   set-safe-directory: true
2025-04-11T20:09:42.9316044Z ##[endgroup]
2025-04-11T20:09:43.1282201Z Syncing repository: ionic-team/ionic-framework
2025-04-11T20:09:43.1283946Z ##[group]Getting Git version info
2025-04-11T20:09:43.1285061Z Working directory is '/home/runner/work/ionic-framework/ionic-framework'
2025-04-11T20:09:43.1286163Z [command]/usr/bin/git version
2025-04-11T20:09:43.1388121Z git version 2.49.0
2025-04-11T20:09:43.1416574Z ##[endgroup]
2025-04-11T20:09:43.1432912Z Temporarily overriding HOME='/home/runner/work/_temp/850195ea-53be-4054-846c-aca16c312071' before making global git config changes
2025-04-11T20:09:43.1435611Z Adding repository directory to the temporary git global config as a safe directory
2025-04-11T20:09:43.1440179Z [command]/usr/bin/git config --global --add safe.directory /home/runner/work/ionic-framework/ionic-framework
2025-04-11T20:09:43.1477784Z Deleting the contents of '/home/runner/work/ionic-framework/ionic-framework'
2025-04-11T20:09:43.1481743Z ##[group]Initializing the repository
2025-04-11T20:09:43.1486991Z [command]/usr/bin/git init /home/runner/work/ionic-framework/ionic-framework
2025-04-11T20:09:43.1553133Z hint: Using 'master' as the name for the initial branch. This default branch name
2025-04-11T20:09:43.1554741Z hint: is subject to change. To configure the initial branch name to use in all
2025-04-11T20:09:43.1556310Z hint: of your new repositories, which will suppress this warning, call:
2025-04-11T20:09:43.1557529Z hint:
2025-04-11T20:09:43.1558288Z hint: 	git config --global init.defaultBranch <name>
2025-04-11T20:09:43.1559227Z hint:
2025-04-11T20:09:43.1560036Z hint: Names commonly chosen instead of 'master' are 'main', 'trunk' and
2025-04-11T20:09:43.1560919Z hint: 'development'. The just-created branch can be renamed via this command:
2025-04-11T20:09:43.1561608Z hint:
2025-04-11T20:09:43.1562048Z hint: 	git branch -m <name>
2025-04-11T20:09:43.1562845Z Initialized empty Git repository in /home/runner/work/ionic-framework/ionic-framework/.git/
2025-04-11T20:09:43.1570282Z [command]/usr/bin/git remote add origin https://github.com/ionic-team/ionic-framework
2025-04-11T20:09:43.1602961Z ##[endgroup]
2025-04-11T20:09:43.1603682Z ##[group]Disabling automatic garbage collection
2025-04-11T20:09:43.1607130Z [command]/usr/bin/git config --local gc.auto 0
2025-04-11T20:09:43.1636061Z ##[endgroup]
2025-04-11T20:09:43.1636943Z ##[group]Setting up auth
2025-04-11T20:09:43.1643579Z [command]/usr/bin/git config --local --name-only --get-regexp core\.sshCommand
2025-04-11T20:09:43.1676165Z [command]/usr/bin/git submodule foreach --recursive sh -c "git config --local --name-only --get-regexp 'core\.sshCommand' && git config --local --unset-all 'core.sshCommand' || :"
2025-04-11T20:09:43.1979860Z [command]/usr/bin/git config --local --name-only --get-regexp http\.https\:\/\/github\.com\/\.extraheader
2025-04-11T20:09:43.2010592Z [command]/usr/bin/git submodule foreach --recursive sh -c "git config --local --name-only --get-regexp 'http\.https\:\/\/github\.com\/\.extraheader' && git config --local --unset-all 'http.https://github.com/.extraheader' || :"
2025-04-11T20:09:43.2245511Z [command]/usr/bin/git config --local http.https://github.com/.extraheader AUTHORIZATION: basic ***
2025-04-11T20:09:43.2296056Z ##[endgroup]
2025-04-11T20:09:43.2297109Z ##[group]Fetching the repository
2025-04-11T20:09:43.2305260Z [command]/usr/bin/git -c protocol.version=2 fetch --no-tags --prune --no-recurse-submodules --depth=1 origin +fd59be5c4153814b8234f159f0427464aa757e6d:refs/remotes/pull/30353/merge
2025-04-11T20:09:45.4057595Z From https://github.com/ionic-team/ionic-framework
2025-04-11T20:09:45.4059402Z  * [new ref]         fd59be5c4153814b8234f159f0427464aa757e6d -> pull/30353/merge
2025-04-11T20:09:45.4134941Z ##[endgroup]
2025-04-11T20:09:45.4136289Z ##[group]Determining the checkout info
2025-04-11T20:09:45.4138023Z ##[endgroup]
2025-04-11T20:09:45.4142201Z [command]/usr/bin/git sparse-checkout disable
2025-04-11T20:09:45.4184966Z [command]/usr/bin/git config --local --unset-all extensions.worktreeConfig
2025-04-11T20:09:45.4213637Z ##[group]Checking out the ref
2025-04-11T20:09:45.4217799Z [command]/usr/bin/git checkout --progress --force refs/remotes/pull/30353/merge
2025-04-11T20:09:46.3417513Z Note: switching to 'refs/remotes/pull/30353/merge'.
2025-04-11T20:09:46.3422930Z 
2025-04-11T20:09:46.3423641Z You are in 'detached HEAD' state. You can look around, make experimental
2025-04-11T20:09:46.3424784Z changes and commit them, and you can discard any commits you make in this
2025-04-11T20:09:46.3425690Z state without impacting any branches by switching back to a branch.
2025-04-11T20:09:46.3426209Z 
2025-04-11T20:09:46.3426578Z If you want to create a new branch to retain commits you create, you may
2025-04-11T20:09:46.3427389Z do so (now or later) by using -c with the switch command. Example:
2025-04-11T20:09:46.3427836Z 
2025-04-11T20:09:46.3428040Z   git switch -c <new-branch-name>
2025-04-11T20:09:46.3428368Z 
2025-04-11T20:09:46.3428592Z Or undo this operation with:
2025-04-11T20:09:46.3428902Z 
2025-04-11T20:09:46.3429363Z   git switch -
2025-04-11T20:09:46.3429587Z 
2025-04-11T20:09:46.3429875Z Turn off this advice by setting config variable advice.detachedHead to false
2025-04-11T20:09:46.3430225Z 
2025-04-11T20:09:46.3430647Z HEAD is now at fd59be5 Merge 50aba04e98cd82b60ab2c9a39b1d606204f6a8c7 into 07ac3db1ff4dc51c0c1b2953c74347ee7be021cb
2025-04-11T20:09:46.3462795Z ##[endgroup]
2025-04-11T20:09:46.3503588Z [command]/usr/bin/git log -1 --format=%H
2025-04-11T20:09:46.3526375Z fd59be5c4153814b8234f159f0427464aa757e6d
2025-04-11T20:09:46.3835739Z Prepare all required actions
2025-04-11T20:09:46.3836293Z Getting action download info
2025-04-11T20:09:46.5764535Z ##[group]Download immutable action package 'actions/setup-node@v4'
2025-04-11T20:09:46.5764916Z Version: 4.3.0
2025-04-11T20:09:46.5765241Z Digest: sha256:9f9f8171ffc89cb7f6897e615e2b43b46bb55176fd279129eb0088157eace9b2
2025-04-11T20:09:46.5765695Z Source commit SHA: cdca7365b2dadb8aad0a33bc7601856ffabcc48e
2025-04-11T20:09:46.5766003Z ##[endgroup]
2025-04-11T20:09:46.6776701Z ##[group]Download immutable action package 'actions/upload-artifact@v4'
2025-04-11T20:09:46.6777089Z Version: 4.6.2
2025-04-11T20:09:46.6777410Z Digest: sha256:290722aa3281d5caf23d0acdc3dbeb3424786a1a01a9cc97e72f147225e37c38
2025-04-11T20:09:46.6777846Z Source commit SHA: ea165f8d65b6e75b540449e92b4886f43607fa02
2025-04-11T20:09:46.6778148Z ##[endgroup]
2025-04-11T20:09:46.8094341Z ##[group]Run ./.github/workflows/actions/test-core-screenshot
2025-04-11T20:09:46.8094723Z with:
2025-04-11T20:09:46.8094957Z   shard: 8
2025-04-11T20:09:46.8095138Z   totalShards: 20
2025-04-11T20:09:46.8095333Z ##[endgroup]
2025-04-11T20:09:46.8214752Z ##[group]Run actions/setup-node@v4
2025-04-11T20:09:46.8215010Z with:
2025-04-11T20:09:46.8215189Z   node-version: 20.x
2025-04-11T20:09:46.8215388Z   always-auth: false
2025-04-11T20:09:46.8215581Z   check-latest: false
2025-04-11T20:09:46.8215891Z   token: ***
2025-04-11T20:09:46.8216072Z ##[endgroup]
2025-04-11T20:09:46.9923179Z Found in cache @ /opt/hostedtoolcache/node/20.19.0/x64
2025-04-11T20:09:46.9938537Z ##[group]Environment details
2025-04-11T20:09:47.3345966Z node: v20.19.0
2025-04-11T20:09:47.3346432Z npm: 10.8.2
2025-04-11T20:09:47.3346754Z yarn: 1.22.22
2025-04-11T20:09:47.3347511Z ##[endgroup]
2025-04-11T20:09:47.3453349Z Prepare all required actions
2025-04-11T20:09:47.3453666Z Getting action download info
2025-04-11T20:09:47.5691268Z ##[group]Download immutable action package 'actions/download-artifact@v4'
2025-04-11T20:09:47.5691726Z Version: 4.2.1
2025-04-11T20:09:47.5692086Z Digest: sha256:dc468d5aa7f2038c97563f0fd51a6d40150fe504eef54e24f5ac75983c6666de
2025-04-11T20:09:47.5692568Z Source commit SHA: 95815c38cf2ff2164869cbab79da8d1f422bc89e
2025-04-11T20:09:47.5692886Z ##[endgroup]
2025-04-11T20:09:47.7853025Z ##[group]Run ./.github/workflows/actions/download-archive
2025-04-11T20:09:47.7853345Z with:
2025-04-11T20:09:47.7853524Z   name: ionic-core
2025-04-11T20:09:47.7853710Z   path: ./core
2025-04-11T20:09:47.7853898Z   filename: CoreBuild.zip
2025-04-11T20:09:47.7854273Z ##[endgroup]
2025-04-11T20:09:47.7900847Z ##[group]Run actions/download-artifact@v4
2025-04-11T20:09:47.7901118Z with:
2025-04-11T20:09:47.7901290Z   name: ionic-core
2025-04-11T20:09:47.7901476Z   path: ./core
2025-04-11T20:09:47.7901662Z   merge-multiple: false
2025-04-11T20:09:47.7901881Z   repository: ionic-team/ionic-framework
2025-04-11T20:09:47.7902129Z   run-id: 14411184079
2025-04-11T20:09:47.7902318Z ##[endgroup]
2025-04-11T20:09:47.9816628Z Downloading single artifact
2025-04-11T20:09:48.1125473Z Preparing to download the following artifacts:
2025-04-11T20:09:48.1126997Z - ionic-core (ID: 2930270228, Size: 5817194, Expected Digest: sha256:2f8a91ce204bc34fd9be01de9a5915dc03c7ed6530a90cc38b8c4ebc9ee7a1f2)
2025-04-11T20:09:48.1896202Z Redirecting to blob download url: https://productionresultssa15.blob.core.windows.net/actions-results/95df4e08-51a4-479a-b215-e9c196579156/workflow-job-run-60360e90-de33-5e95-9d3a-c6e4b95a6c9b/artifacts/8b195ff755a0fb0e432f914b9dafce014f6a2ae37c056d7e9cf4114538aaf978.zip
2025-04-11T20:09:48.1899090Z Starting download of artifact to: /home/runner/work/ionic-framework/ionic-framework/core
2025-04-11T20:09:48.3443842Z (node:1932) [DEP0005] DeprecationWarning: Buffer() is deprecated due to security and usability issues. Please use the Buffer.alloc(), Buffer.allocUnsafe(), or Buffer.from() methods instead.
2025-04-11T20:09:48.6456395Z (Use `node --trace-deprecation ...` to show where the warning was created)
2025-04-11T20:09:48.6458401Z SHA256 digest of downloaded artifact is 2f8a91ce204bc34fd9be01de9a5915dc03c7ed6530a90cc38b8c4ebc9ee7a1f2
2025-04-11T20:09:48.6461107Z Artifact download completed successfully.
2025-04-11T20:09:48.6461737Z Total of 1 artifact(s) downloaded
2025-04-11T20:09:48.6463503Z Download artifact has finished successfully
2025-04-11T20:09:48.6592518Z ##[group]Run unzip -q -o ./core/CoreBuild.zip
2025-04-11T20:09:48.6592879Z [36;1munzip -q -o ./core/CoreBuild.zip[0m
2025-04-11T20:09:48.6645077Z shell: /usr/bin/bash --noprofile --norc -e -o pipefail {0}
2025-04-11T20:09:48.6645435Z ##[endgroup]
2025-04-11T20:09:48.9914592Z ##[group]Run npm install
2025-04-11T20:09:48.9914856Z [36;1mnpm install[0m
2025-04-11T20:09:48.9963000Z shell: /usr/bin/bash --noprofile --norc -e -o pipefail {0}
2025-04-11T20:09:48.9963330Z ##[endgroup]
2025-04-11T20:09:52.6359067Z npm warn deprecated ini@1.3.5: Please update to ini >=1.3.6 to avoid a prototype pollution issue
2025-04-11T20:09:54.1618425Z npm warn deprecated @stylelint/postcss-markdown@0.36.2: Use the original unforked package instead: postcss-markdown
2025-04-11T20:09:54.1631664Z npm warn deprecated rimraf@2.7.1: Rimraf versions prior to v4 are no longer supported
2025-04-11T20:10:00.0461978Z 
2025-04-11T20:10:00.0462727Z added 951 packages, and audited 953 packages in 11s
2025-04-11T20:10:00.0463210Z 
2025-04-11T20:10:00.0463692Z 206 packages are looking for funding
2025-04-11T20:10:00.0464390Z   run `npm fund` for details
2025-04-11T20:10:00.0616946Z 
2025-04-11T20:10:00.0618128Z 15 vulnerabilities (5 moderate, 9 high, 1 critical)
2025-04-11T20:10:00.0619511Z 
2025-04-11T20:10:00.0619776Z To address all issues, run:
2025-04-11T20:10:00.0620225Z   npm audit fix
2025-04-11T20:10:00.0620444Z 
2025-04-11T20:10:00.0620679Z Run `npm audit` for details.
2025-04-11T20:10:00.1032982Z ##[group]Run npm run test.e2e.docker.ci  -- --shard=8/20
2025-04-11T20:10:00.1033852Z [36;1mnpm run test.e2e.docker.ci  -- --shard=8/20[0m
2025-04-11T20:10:00.1095087Z shell: /usr/bin/bash --noprofile --norc -e -o pipefail {0}
2025-04-11T20:10:00.1095635Z ##[endgroup]
2025-04-11T20:10:00.2243121Z 
2025-04-11T20:10:00.2243761Z > @ionic/core@8.5.4 test.e2e.docker.ci
2025-04-11T20:10:00.3549453Z > npm run docker.build && CI=true node ./scripts/docker.mjs --shard=8/20
2025-04-11T20:10:00.3550055Z 
2025-04-11T20:10:00.3550068Z 
2025-04-11T20:10:00.3550435Z > @ionic/core@8.5.4 docker.build
2025-04-11T20:10:00.3551050Z > docker build -t ionic-playwright .
2025-04-11T20:10:00.3551413Z 
2025-04-11T20:10:00.9595228Z #0 building with "default" instance using docker driver
2025-04-11T20:10:00.9595700Z 
2025-04-11T20:10:00.9596020Z #1 [internal] load build definition from Dockerfile
2025-04-11T20:10:00.9596618Z #1 transferring dockerfile: 140B done
2025-04-11T20:10:00.9597014Z #1 DONE 0.0s
2025-04-11T20:10:00.9597187Z 
2025-04-11T20:10:00.9597607Z #2 [internal] load metadata for mcr.microsoft.com/playwright:v1.51.1
2025-04-11T20:10:01.0507781Z #2 DONE 0.2s
2025-04-11T20:10:01.1732292Z 
2025-04-11T20:10:01.1733397Z #3 [internal] load .dockerignore
2025-04-11T20:10:01.1734011Z #3 transferring context: 2B done
2025-04-11T20:10:01.1734634Z #3 DONE 0.0s
2025-04-11T20:10:01.1734813Z 
2025-04-11T20:10:01.1735808Z #4 [1/2] FROM mcr.microsoft.com/playwright:v1.51.1@sha256:146d046a8d79a1b3a87596c4457b0b1c47f811bf4fc2cc1b99e873ae7f1cbbbd
2025-04-11T20:10:01.1737494Z #4 resolve mcr.microsoft.com/playwright:v1.51.1@sha256:146d046a8d79a1b3a87596c4457b0b1c47f811bf4fc2cc1b99e873ae7f1cbbbd done
2025-04-11T20:10:01.1738960Z #4 sha256:146d046a8d79a1b3a87596c4457b0b1c47f811bf4fc2cc1b99e873ae7f1cbbbd 743B / 743B done
2025-04-11T20:10:01.1740481Z #4 sha256:daa1690ea366d2d6b52ea085a59a221a6e954cd9d9c13c89bd7eccb0673e8961 1.17kB / 1.17kB done
2025-04-11T20:10:01.1741619Z #4 sha256:07625bb0f130786b63a5f8d0a01ae8366633f044fdd1d322f4e17d891e40eb38 4.35kB / 4.35kB done
2025-04-11T20:10:01.1742758Z #4 sha256:107a4fb0af3829758fca8bb809bb86ccb87dd630e4d61110103466886f7b0746 7.34MB / 30.62MB 0.1s
2025-04-11T20:10:01.1744325Z #4 sha256:8c401718c9840101a765a463ac914fdc601eac9168514e5b99d9790d3e9314d9 0B / 103.79MB 0.1s
2025-04-11T20:10:01.1745577Z #4 sha256:39224aba52ceadd68846f4be54e0a32c959024f2bc3273ccf55759f25fc23fc9 0B / 1.94MB 0.1s
2025-04-11T20:10:01.3731911Z #4 sha256:107a4fb0af3829758fca8bb809bb86ccb87dd630e4d61110103466886f7b0746 30.62MB / 30.62MB 0.3s
2025-04-11T20:10:01.5259523Z #4 sha256:8c401718c9840101a765a463ac914fdc601eac9168514e5b99d9790d3e9314d9 14.68MB / 103.79MB 0.3s
2025-04-11T20:10:01.5260958Z #4 sha256:39224aba52ceadd68846f4be54e0a32c959024f2bc3273ccf55759f25fc23fc9 1.94MB / 1.94MB 0.1s done
2025-04-11T20:10:01.5262385Z #4 sha256:08d1cdd3adadca7e4ef993b1b833978ce34bb0fe025ef2e00cea37c7fdb746d8 4.19MB / 759.82MB 0.3s
2025-04-11T20:10:01.5263773Z #4 sha256:107a4fb0af3829758fca8bb809bb86ccb87dd630e4d61110103466886f7b0746 30.62MB / 30.62MB 0.3s done
2025-04-11T20:10:01.5265513Z #4 sha256:8c401718c9840101a765a463ac914fdc601eac9168514e5b99d9790d3e9314d9 29.19MB / 103.79MB 0.4s
2025-04-11T20:10:01.5266815Z #4 extracting sha256:107a4fb0af3829758fca8bb809bb86ccb87dd630e4d61110103466886f7b0746 0.1s
2025-04-11T20:10:01.6421609Z #4 sha256:8c401718c9840101a765a463ac914fdc601eac9168514e5b99d9790d3e9314d9 48.23MB / 103.79MB 0.5s
2025-04-11T20:10:01.7433034Z #4 sha256:8c401718c9840101a765a463ac914fdc601eac9168514e5b99d9790d3e9314d9 65.01MB / 103.79MB 0.6s
2025-04-11T20:10:01.8451189Z #4 sha256:8c401718c9840101a765a463ac914fdc601eac9168514e5b99d9790d3e9314d9 78.64MB / 103.79MB 0.7s
2025-04-11T20:10:01.9728909Z #4 sha256:8c401718c9840101a765a463ac914fdc601eac9168514e5b99d9790d3e9314d9 103.79MB / 103.79MB 0.9s
2025-04-11T20:10:02.1726476Z #4 sha256:8c401718c9840101a765a463ac914fdc601eac9168514e5b99d9790d3e9314d9 103.79MB / 103.79MB 1.0s done
2025-04-11T20:10:02.1728040Z #4 sha256:08d1cdd3adadca7e4ef993b1b833978ce34bb0fe025ef2e00cea37c7fdb746d8 48.23MB / 759.82MB 1.1s
2025-04-11T20:10:02.3986011Z #4 extracting sha256:107a4fb0af3829758fca8bb809bb86ccb87dd630e4d61110103466886f7b0746 1.0s done
2025-04-11T20:10:02.5390663Z #4 extracting sha256:8c401718c9840101a765a463ac914fdc601eac9168514e5b99d9790d3e9314d9
2025-04-11T20:10:03.0489139Z #4 sha256:08d1cdd3adadca7e4ef993b1b833978ce34bb0fe025ef2e00cea37c7fdb746d8 89.13MB / 759.82MB 1.9s
2025-04-11T20:10:04.2715351Z #4 sha256:08d1cdd3adadca7e4ef993b1b833978ce34bb0fe025ef2e00cea37c7fdb746d8 131.07MB / 759.82MB 3.1s
2025-04-11T20:10:04.7727002Z #4 sha256:08d1cdd3adadca7e4ef993b1b833978ce34bb0fe025ef2e00cea37c7fdb746d8 180.36MB / 759.82MB 3.7s
2025-04-11T20:10:05.2726540Z #4 sha256:08d1cdd3adadca7e4ef993b1b833978ce34bb0fe025ef2e00cea37c7fdb746d8 225.44MB / 759.82MB 4.2s
2025-04-11T20:10:05.8176651Z #4 sha256:08d1cdd3adadca7e4ef993b1b833978ce34bb0fe025ef2e00cea37c7fdb746d8 267.38MB / 759.82MB 4.7s
2025-04-11T20:10:06.2726881Z #4 sha256:08d1cdd3adadca7e4ef993b1b833978ce34bb0fe025ef2e00cea37c7fdb746d8 312.48MB / 759.82MB 5.2s
2025-04-11T20:10:06.4734569Z #4 extracting sha256:8c401718c9840101a765a463ac914fdc601eac9168514e5b99d9790d3e9314d9 3.9s done
2025-04-11T20:10:06.9736534Z #4 sha256:08d1cdd3adadca7e4ef993b1b833978ce34bb0fe025ef2e00cea37c7fdb746d8 352.32MB / 759.82MB 5.9s
2025-04-11T20:10:07.4731435Z #4 sha256:08d1cdd3adadca7e4ef993b1b833978ce34bb0fe025ef2e00cea37c7fdb746d8 394.26MB / 759.82MB 6.4s
2025-04-11T20:10:07.8738324Z #4 sha256:08d1cdd3adadca7e4ef993b1b833978ce34bb0fe025ef2e00cea37c7fdb746d8 435.16MB / 759.82MB 6.8s
2025-04-11T20:10:08.5347203Z #4 extracting sha256:39224aba52ceadd68846f4be54e0a32c959024f2bc3273ccf55759f25fc23fc9
2025-04-11T20:10:08.6727425Z #4 sha256:08d1cdd3adadca7e4ef993b1b833978ce34bb0fe025ef2e00cea37c7fdb746d8 493.88MB / 759.82MB 7.6s
2025-04-11T20:10:08.6728616Z #4 extracting sha256:39224aba52ceadd68846f4be54e0a32c959024f2bc3273ccf55759f25fc23fc9 0.0s done
2025-04-11T20:10:09.3732308Z #4 sha256:08d1cdd3adadca7e4ef993b1b833978ce34bb0fe025ef2e00cea37c7fdb746d8 536.87MB / 759.82MB 8.3s
2025-04-11T20:10:09.8726472Z #4 sha256:08d1cdd3adadca7e4ef993b1b833978ce34bb0fe025ef2e00cea37c7fdb746d8 580.91MB / 759.82MB 8.8s
2025-04-11T20:10:10.4735711Z #4 sha256:08d1cdd3adadca7e4ef993b1b833978ce34bb0fe025ef2e00cea37c7fdb746d8 630.19MB / 759.82MB 9.4s
2025-04-11T20:10:11.1738833Z #4 sha256:08d1cdd3adadca7e4ef993b1b833978ce34bb0fe025ef2e00cea37c7fdb746d8 686.82MB / 759.82MB 10.1s
2025-04-11T20:10:11.6730783Z #4 sha256:08d1cdd3adadca7e4ef993b1b833978ce34bb0fe025ef2e00cea37c7fdb746d8 729.81MB / 759.82MB 10.6s
2025-04-11T20:10:12.3765377Z #4 sha256:08d1cdd3adadca7e4ef993b1b833978ce34bb0fe025ef2e00cea37c7fdb746d8 759.82MB / 759.82MB 11.3s done
2025-04-11T20:10:12.3766776Z #4 extracting sha256:08d1cdd3adadca7e4ef993b1b833978ce34bb0fe025ef2e00cea37c7fdb746d8
2025-04-11T20:10:17.4776680Z #4 extracting sha256:08d1cdd3adadca7e4ef993b1b833978ce34bb0fe025ef2e00cea37c7fdb746d8 5.1s
2025-04-11T20:10:22.6203711Z #4 extracting sha256:08d1cdd3adadca7e4ef993b1b833978ce34bb0fe025ef2e00cea37c7fdb746d8 10.2s
2025-04-11T20:10:25.2540374Z #4 extracting sha256:08d1cdd3adadca7e4ef993b1b833978ce34bb0fe025ef2e00cea37c7fdb746d8 12.7s done
2025-04-11T20:10:26.4160480Z #4 DONE 25.4s
2025-04-11T20:10:26.5754382Z 
2025-04-11T20:10:26.5754926Z #5 [2/2] WORKDIR /ionic
2025-04-11T20:10:26.5755410Z #5 DONE 0.0s
2025-04-11T20:10:26.5755605Z 
2025-04-11T20:10:26.5755787Z #6 exporting to image
2025-04-11T20:10:26.5756181Z #6 exporting layers
2025-04-11T20:10:27.7604624Z #6 exporting layers 1.3s done
2025-04-11T20:10:27.7845270Z #6 writing image sha256:5961f5877f07e45e39cd693946f6e4a53509dc171533f95732b131ddbcc3a190 done
2025-04-11T20:10:27.7846443Z #6 naming to docker.io/library/ionic-playwright done
2025-04-11T20:10:27.7847019Z #6 DONE 1.3s
2025-04-11T20:10:28.1887766Z 
2025-04-11T20:10:28.1888333Z > @ionic/core@8.5.4 test.e2e
2025-04-11T20:10:28.1888946Z > npx playwright test --shard=8/20
2025-04-11T20:10:28.1893122Z 
2025-04-11T20:10:29.7799806Z [WebServer] [35mINFO: Accepting connections at http://localhost:3333.[39m
2025-04-11T20:10:34.1011805Z 
2025-04-11T20:10:34.1012890Z Running 606 tests using 1 worker, shard 8 of 20
2025-04-11T20:11:12.1487058Z ·········································××F××F··················××F············
2025-04-11T20:11:50.4521880Z ··········································································××F××F
2025-04-11T20:12:14.7968373Z ······································································××F·······
2025-04-11T20:12:36.2066447Z ················································································
2025-04-11T20:12:55.9453052Z ················································································
2025-04-11T20:13:16.0114050Z ················································································
2025-04-11T20:13:40.7686335Z ················································××F·····························
2025-04-11T20:14:13.2185234Z ····························································
2025-04-11T20:14:13.2209709Z 
2025-04-11T20:14:13.2225131Z   1) [Mobile Chrome] › src/components/badge/test/basic/badge.e2e.ts:6:9 › badge: rendering - ionic/md/ltr/light › should not have visual regressions 
2025-04-11T20:14:13.2230743Z 
2025-04-11T20:14:13.2231637Z     Error: [2mexpect([22m[31mpage[39m[2m).[22mtoHaveScreenshot[2m([22m[32mexpected[39m[2m)[22m
2025-04-11T20:14:13.2232282Z 
2025-04-11T20:14:13.2232631Z       181 pixels (ratio 0.01 of all image pixels) are different.
2025-04-11T20:14:13.2233051Z 
2025-04-11T20:14:13.2234442Z     Expected: [33m/ionic/src/components/badge/test/basic/badge.e2e.ts-snapshots/badge-basic-ionic-md-ltr-light-Mobile-Chrome-linux.png[39m
2025-04-11T20:14:13.2237247Z     Received: [33m/ionic/test-results/src-components-badge-test--506a3-not-have-visual-regressions-Mobile-Chrome/badge-basic-ionic-md-ltr-light-actual.png[39m
2025-04-11T20:14:13.2240059Z         Diff: [33m/ionic/test-results/src-components-badge-test--506a3-not-have-visual-regressions-Mobile-Chrome/badge-basic-ionic-md-ltr-light-diff.png[39m
2025-04-11T20:14:13.2241186Z 
2025-04-11T20:14:13.2241326Z     Call log:
2025-04-11T20:14:13.2242239Z     [2m  - expect.toHaveScreenshot(badge-basic-ionic-md-ltr-light.png) with timeout 5000ms[22m
2025-04-11T20:14:13.2243448Z     [2m    - verifying given screenshot expectation[22m
2025-04-11T20:14:13.2244261Z     [2m  - taking page screenshot[22m
2025-04-11T20:14:13.2245051Z     [2m    - disabled all CSS animations[22m
2025-04-11T20:14:13.2245681Z     [2m  - waiting for fonts to load...[22m
2025-04-11T20:14:13.2246214Z     [2m  - fonts loaded[22m
2025-04-11T20:14:13.2246931Z     [2m  - 181 pixels (ratio 0.01 of all image pixels) are different.[22m
2025-04-11T20:14:13.2247715Z     [2m  - waiting 100ms before taking screenshot[22m
2025-04-11T20:14:13.2248382Z     [2m  - taking page screenshot[22m
2025-04-11T20:14:13.2248989Z     [2m    - disabled all CSS animations[22m
2025-04-11T20:14:13.2249618Z     [2m  - waiting for fonts to load...[22m
2025-04-11T20:14:13.2250140Z     [2m  - fonts loaded[22m
2025-04-11T20:14:13.2250693Z     [2m  - captured a stable screenshot[22m
2025-04-11T20:14:13.2251513Z     [2m  - 181 pixels (ratio 0.01 of all image pixels) are different.[22m
2025-04-11T20:14:13.2251972Z 
2025-04-11T20:14:13.2251980Z 
2025-04-11T20:14:13.2252220Z        9 |       await page.setIonViewport();
2025-04-11T20:14:13.2252669Z       10 |
2025-04-11T20:14:13.2253229Z     > 11 |       await expect(page).toHaveScreenshot(screenshot(`badge-basic`));
2025-04-11T20:14:13.2253873Z          |                          ^
2025-04-11T20:14:13.2254626Z       12 |     });
2025-04-11T20:14:13.2254948Z       13 |   });
2025-04-11T20:14:13.2255254Z       14 | });
2025-04-11T20:14:13.2255796Z         at /ionic/src/components/badge/test/basic/badge.e2e.ts:11:26
2025-04-11T20:14:13.2256245Z 
2025-04-11T20:14:13.2257051Z     attachment #1: badge-basic-ionic-md-ltr-light-expected.png (image/png) ─────────────────────────
2025-04-11T20:14:13.2258520Z     src/components/badge/test/basic/badge.e2e.ts-snapshots/badge-basic-ionic-md-ltr-light-Mobile-Chrome-linux.png
2025-04-11T20:14:13.2259905Z     ────────────────────────────────────────────────────────────────────────────────────────────────
2025-04-11T20:14:13.2260322Z 
2025-04-11T20:14:13.2261105Z     attachment #2: badge-basic-ionic-md-ltr-light-actual.png (image/png) ───────────────────────────
2025-04-11T20:14:13.2262767Z     test-results/src-components-badge-test--506a3-not-have-visual-regressions-Mobile-Chrome/badge-basic-ionic-md-ltr-light-actual.png
2025-04-11T20:14:13.2264573Z     ────────────────────────────────────────────────────────────────────────────────────────────────
2025-04-11T20:14:13.2264848Z 
2025-04-11T20:14:13.2265291Z     attachment #3: badge-basic-ionic-md-ltr-light-diff.png (image/png) ─────────────────────────────
2025-04-11T20:14:13.2266396Z     test-results/src-components-badge-test--506a3-not-have-visual-regressions-Mobile-Chrome/badge-basic-ionic-md-ltr-light-diff.png
2025-04-11T20:14:13.2267245Z     ────────────────────────────────────────────────────────────────────────────────────────────────
2025-04-11T20:14:13.2267483Z 
2025-04-11T20:14:13.2267851Z     attachment #5: trace (application/zip) ─────────────────────────────────────────────────────────
2025-04-11T20:14:13.2268680Z     test-results/src-components-badge-test--506a3-not-have-visual-regressions-Mobile-Chrome/trace.zip
2025-04-11T20:14:13.2269180Z     Usage:
2025-04-11T20:14:13.2269281Z 
2025-04-11T20:14:13.2269788Z         npx playwright show-trace test-results/src-components-badge-test--506a3-not-have-visual-regressions-Mobile-Chrome/trace.zip
2025-04-11T20:14:13.2270306Z 
2025-04-11T20:14:13.2270606Z     ────────────────────────────────────────────────────────────────────────────────────────────────
2025-04-11T20:14:13.2270856Z 
2025-04-11T20:14:13.2271165Z     Retry #1 ───────────────────────────────────────────────────────────────────────────────────────
2025-04-11T20:14:13.2271416Z 
2025-04-11T20:14:13.2271807Z     Error: [2mexpect([22m[31mpage[39m[2m).[22mtoHaveScreenshot[2m([22m[32mexpected[39m[2m)[22m
2025-04-11T20:14:13.2272177Z 
2025-04-11T20:14:13.2272374Z       181 pixels (ratio 0.01 of all image pixels) are different.
2025-04-11T20:14:13.2272623Z 
2025-04-11T20:14:13.2273296Z     Expected: [33m/ionic/src/components/badge/test/basic/badge.e2e.ts-snapshots/badge-basic-ionic-md-ltr-light-Mobile-Chrome-linux.png[39m
2025-04-11T20:14:13.2274981Z     Received: [33m/ionic/test-results/src-components-badge-test--506a3-not-have-visual-regressions-Mobile-Chrome-retry1/badge-basic-ionic-md-ltr-light-actual.png[39m
2025-04-11T20:14:13.2276454Z         Diff: [33m/ionic/test-results/src-components-badge-test--506a3-not-have-visual-regressions-Mobile-Chrome-retry1/badge-basic-ionic-md-ltr-light-diff.png[39m
2025-04-11T20:14:13.2277128Z 
2025-04-11T20:14:13.2277206Z     Call log:
2025-04-11T20:14:13.2277706Z     [2m  - expect.toHaveScreenshot(badge-basic-ionic-md-ltr-light.png) with timeout 5000ms[22m
2025-04-11T20:14:13.2278268Z     [2m    - verifying given screenshot expectation[22m
2025-04-11T20:14:13.2278632Z     [2m  - taking page screenshot[22m
2025-04-11T20:14:13.2278981Z     [2m    - disabled all CSS animations[22m
2025-04-11T20:14:13.2279340Z     [2m  - waiting for fonts to load...[22m
2025-04-11T20:14:13.2279656Z     [2m  - fonts loaded[22m
2025-04-11T20:14:13.2280074Z     [2m  - 181 pixels (ratio 0.01 of all image pixels) are different.[22m
2025-04-11T20:14:13.2280536Z     [2m  - waiting 100ms before taking screenshot[22m
2025-04-11T20:14:13.2280899Z     [2m  - taking page screenshot[22m
2025-04-11T20:14:13.2281241Z     [2m    - disabled all CSS animations[22m
2025-04-11T20:14:13.2281591Z     [2m  - waiting for fonts to load...[22m
2025-04-11T20:14:13.2281888Z     [2m  - fonts loaded[22m
2025-04-11T20:14:13.2282200Z     [2m  - captured a stable screenshot[22m
2025-04-11T20:14:13.2282642Z     [2m  - 181 pixels (ratio 0.01 of all image pixels) are different.[22m
2025-04-11T20:14:13.2282927Z 
2025-04-11T20:14:13.2282932Z 
2025-04-11T20:14:13.2283066Z        9 |       await page.setIonViewport();
2025-04-11T20:14:13.2283396Z       10 |
2025-04-11T20:14:13.2283725Z     > 11 |       await expect(page).toHaveScreenshot(screenshot(`badge-basic`));
2025-04-11T20:14:13.2284229Z          |                          ^
2025-04-11T20:14:13.2284468Z       12 |     });
2025-04-11T20:14:13.2284649Z       13 |   });
2025-04-11T20:14:13.2284824Z       14 | });
2025-04-11T20:14:13.2285133Z         at /ionic/src/components/badge/test/basic/badge.e2e.ts:11:26
2025-04-11T20:14:13.2285395Z 
2025-04-11T20:14:13.2285827Z     attachment #1: badge-basic-ionic-md-ltr-light-expected.png (image/png) ─────────────────────────
2025-04-11T20:14:13.2286645Z     src/components/badge/test/basic/badge.e2e.ts-snapshots/badge-basic-ionic-md-ltr-light-Mobile-Chrome-linux.png
2025-04-11T20:14:13.2287578Z     ────────────────────────────────────────────────────────────────────────────────────────────────
2025-04-11T20:14:13.2287822Z 
2025-04-11T20:14:13.2288235Z     attachment #2: badge-basic-ionic-md-ltr-light-actual.png (image/png) ───────────────────────────
2025-04-11T20:14:13.2289187Z     test-results/src-components-badge-test--506a3-not-have-visual-regressions-Mobile-Chrome-retry1/badge-basic-ionic-md-ltr-light-actual.png
2025-04-11T20:14:13.2290206Z     ────────────────────────────────────────────────────────────────────────────────────────────────
2025-04-11T20:14:13.2290453Z 
2025-04-11T20:14:13.2290867Z     attachment #3: badge-basic-ionic-md-ltr-light-diff.png (image/png) ─────────────────────────────
2025-04-11T20:14:13.2291816Z     test-results/src-components-badge-test--506a3-not-have-visual-regressions-Mobile-Chrome-retry1/badge-basic-ionic-md-ltr-light-diff.png
2025-04-11T20:14:13.2292694Z     ────────────────────────────────────────────────────────────────────────────────────────────────
2025-04-11T20:14:13.2293181Z 
2025-04-11T20:14:13.2293759Z     attachment #5: trace (application/zip) ─────────────────────────────────────────────────────────
2025-04-11T20:14:13.2295145Z     test-results/src-components-badge-test--506a3-not-have-visual-regressions-Mobile-Chrome-retry1/trace.zip
2025-04-11T20:14:13.2295690Z     Usage:
2025-04-11T20:14:13.2295874Z 
2025-04-11T20:14:13.2296900Z         npx playwright show-trace test-results/src-components-badge-test--506a3-not-have-visual-regressions-Mobile-Chrome-retry1/trace.zip
2025-04-11T20:14:13.2297930Z 
2025-04-11T20:14:13.2298491Z     ────────────────────────────────────────────────────────────────────────────────────────────────
2025-04-11T20:14:13.2298781Z 
2025-04-11T20:14:13.2299109Z     Retry #2 ───────────────────────────────────────────────────────────────────────────────────────
2025-04-11T20:14:13.2299365Z 
2025-04-11T20:14:13.2299755Z     Error: [2mexpect([22m[31mpage[39m[2m).[22mtoHaveScreenshot[2m([22m[32mexpected[39m[2m)[22m
2025-04-11T20:14:13.2300129Z 
2025-04-11T20:14:13.2300318Z       181 pixels (ratio 0.01 of all image pixels) are different.
2025-04-11T20:14:13.2300565Z 
2025-04-11T20:14:13.2301211Z     Expected: [33m/ionic/src/components/badge/test/basic/badge.e2e.ts-snapshots/badge-basic-ionic-md-ltr-light-Mobile-Chrome-linux.png[39m
2025-04-11T20:14:13.2302572Z     Received: [33m/ionic/test-results/src-components-badge-test--506a3-not-have-visual-regressions-Mobile-Chrome-retry2/badge-basic-ionic-md-ltr-light-actual.png[39m
2025-04-11T20:14:13.2304014Z         Diff: [33m/ionic/test-results/src-components-badge-test--506a3-not-have-visual-regressions-Mobile-Chrome-retry2/badge-basic-ionic-md-ltr-light-diff.png[39m
2025-04-11T20:14:13.2304885Z 
2025-04-11T20:14:13.2304969Z     Call log:
2025-04-11T20:14:13.2305471Z     [2m  - expect.toHaveScreenshot(badge-basic-ionic-md-ltr-light.png) with timeout 5000ms[22m
2025-04-11T20:14:13.2306246Z     [2m    - verifying given screenshot expectation[22m
2025-04-11T20:14:13.2306616Z     [2m  - taking page screenshot[22m
2025-04-11T20:14:13.2306963Z     [2m    - disabled all CSS animations[22m
2025-04-11T20:14:13.2307309Z     [2m  - waiting for fonts to load...[22m
2025-04-11T20:14:13.2307609Z     [2m  - fonts loaded[22m
2025-04-11T20:14:13.2308022Z     [2m  - 181 pixels (ratio 0.01 of all image pixels) are different.[22m
2025-04-11T20:14:13.2308475Z     [2m  - waiting 100ms before taking screenshot[22m
2025-04-11T20:14:13.2308957Z     [2m  - taking page screenshot[22m
2025-04-11T20:14:13.2309307Z     [2m    - disabled all CSS animations[22m
2025-04-11T20:14:13.2309651Z     [2m  - waiting for fonts to load...[22m
2025-04-11T20:14:13.2309940Z     [2m  - fonts loaded[22m
2025-04-11T20:14:13.2310241Z     [2m  - captured a stable screenshot[22m
2025-04-11T20:14:13.2310681Z     [2m  - 181 pixels (ratio 0.01 of all image pixels) are different.[22m
2025-04-11T20:14:13.2310944Z 
2025-04-11T20:14:13.2310959Z 
2025-04-11T20:14:13.2311088Z        9 |       await page.setIonViewport();
2025-04-11T20:14:13.2311337Z       10 |
2025-04-11T20:14:13.2311660Z     > 11 |       await expect(page).toHaveScreenshot(screenshot(`badge-basic`));
2025-04-11T20:14:13.2312030Z          |                          ^
2025-04-11T20:14:13.2312259Z       12 |     });
2025-04-11T20:14:13.2312458Z       13 |   });
2025-04-11T20:14:13.2312631Z       14 | });
2025-04-11T20:14:13.2312943Z         at /ionic/src/components/badge/test/basic/badge.e2e.ts:11:26
2025-04-11T20:14:13.2313203Z 
2025-04-11T20:14:13.2313628Z     attachment #1: badge-basic-ionic-md-ltr-light-expected.png (image/png) ─────────────────────────
2025-04-11T20:14:13.2314749Z     src/components/badge/test/basic/badge.e2e.ts-snapshots/badge-basic-ionic-md-ltr-light-Mobile-Chrome-linux.png
2025-04-11T20:14:13.2315534Z     ────────────────────────────────────────────────────────────────────────────────────────────────
2025-04-11T20:14:13.2315772Z 
2025-04-11T20:14:13.2316199Z     attachment #2: badge-basic-ionic-md-ltr-light-actual.png (image/png) ───────────────────────────
2025-04-11T20:14:13.2317150Z     test-results/src-components-badge-test--506a3-not-have-visual-regressions-Mobile-Chrome-retry2/badge-basic-ionic-md-ltr-light-actual.png
2025-04-11T20:14:13.2318042Z     ────────────────────────────────────────────────────────────────────────────────────────────────
2025-04-11T20:14:13.2318279Z 
2025-04-11T20:14:13.2318700Z     attachment #3: badge-basic-ionic-md-ltr-light-diff.png (image/png) ─────────────────────────────
2025-04-11T20:14:13.2319665Z     test-results/src-components-badge-test--506a3-not-have-visual-regressions-Mobile-Chrome-retry2/badge-basic-ionic-md-ltr-light-diff.png
2025-04-11T20:14:13.2320546Z     ────────────────────────────────────────────────────────────────────────────────────────────────
2025-04-11T20:14:13.2320781Z 
2025-04-11T20:14:13.2321150Z     attachment #5: trace (application/zip) ─────────────────────────────────────────────────────────
2025-04-11T20:14:13.2322226Z     test-results/src-components-badge-test--506a3-not-have-visual-regressions-Mobile-Chrome-retry2/trace.zip
2025-04-11T20:14:13.2322761Z     Usage:
2025-04-11T20:14:13.2322860Z 
2025-04-11T20:14:13.2323397Z         npx playwright show-trace test-results/src-components-badge-test--506a3-not-have-visual-regressions-Mobile-Chrome-retry2/trace.zip
2025-04-11T20:14:13.2323946Z 
2025-04-11T20:14:13.2324537Z     ────────────────────────────────────────────────────────────────────────────────────────────────
2025-04-11T20:14:13.2324778Z 
2025-04-11T20:14:13.2325417Z   2) [Mobile Chrome] › src/components/badge/test/basic/badge.e2e.ts:6:9 › badge: rendering - ionic/md/rtl/light › should not have visual regressions 
2025-04-11T20:14:13.2325940Z 
2025-04-11T20:14:13.2326333Z     Error: [2mexpect([22m[31mpage[39m[2m).[22mtoHaveScreenshot[2m([22m[32mexpected[39m[2m)[22m
2025-04-11T20:14:13.2326674Z 
2025-04-11T20:14:13.2326865Z       181 pixels (ratio 0.01 of all image pixels) are different.
2025-04-11T20:14:13.2327121Z 
2025-04-11T20:14:13.2327761Z     Expected: [33m/ionic/src/components/badge/test/basic/badge.e2e.ts-snapshots/badge-basic-ionic-md-rtl-light-Mobile-Chrome-linux.png[39m
2025-04-11T20:14:13.2329063Z     Received: [33m/ionic/test-results/src-components-badge-test--c8578-not-have-visual-regressions-Mobile-Chrome/badge-basic-ionic-md-rtl-light-actual.png[39m
2025-04-11T20:14:13.2330431Z         Diff: [33m/ionic/test-results/src-components-badge-test--c8578-not-have-visual-regressions-Mobile-Chrome/badge-basic-ionic-md-rtl-light-diff.png[39m
2025-04-11T20:14:13.2331057Z 
2025-04-11T20:14:13.2331127Z     Call log:
2025-04-11T20:14:13.2331619Z     [2m  - expect.toHaveScreenshot(badge-basic-ionic-md-rtl-light.png) with timeout 5000ms[22m
2025-04-11T20:14:13.2332174Z     [2m    - verifying given screenshot expectation[22m
2025-04-11T20:14:13.2332540Z     [2m  - taking page screenshot[22m
2025-04-11T20:14:13.2332887Z     [2m    - disabled all CSS animations[22m
2025-04-11T20:14:13.2333239Z     [2m  - waiting for fonts to load...[22m
2025-04-11T20:14:13.2333537Z     [2m  - fonts loaded[22m
2025-04-11T20:14:13.2333951Z     [2m  - 181 pixels (ratio 0.01 of all image pixels) are different.[22m
2025-04-11T20:14:13.2334534Z     [2m  - waiting 100ms before taking screenshot[22m
2025-04-11T20:14:13.2334889Z     [2m  - taking page screenshot[22m
2025-04-11T20:14:13.2335231Z     [2m    - disabled all CSS animations[22m
2025-04-11T20:14:13.2335579Z     [2m  - waiting for fonts to load...[22m
2025-04-11T20:14:13.2335872Z     [2m  - fonts loaded[22m
2025-04-11T20:14:13.2336171Z     [2m  - captured a stable screenshot[22m
2025-04-11T20:14:13.2336609Z     [2m  - 181 pixels (ratio 0.01 of all image pixels) are different.[22m
2025-04-11T20:14:13.2336870Z 
2025-04-11T20:14:13.2336876Z 
2025-04-11T20:14:13.2337007Z        9 |       await page.setIonViewport();
2025-04-11T20:14:13.2337253Z       10 |
2025-04-11T20:14:13.2337570Z     > 11 |       await expect(page).toHaveScreenshot(screenshot(`badge-basic`));
2025-04-11T20:14:13.2338080Z          |                          ^
2025-04-11T20:14:13.2338308Z       12 |     });
2025-04-11T20:14:13.2338487Z       13 |   });
2025-04-11T20:14:13.2338664Z       14 | });
2025-04-11T20:14:13.2338969Z         at /ionic/src/components/badge/test/basic/badge.e2e.ts:11:26
2025-04-11T20:14:13.2339220Z 
2025-04-11T20:14:13.2339645Z     attachment #1: badge-basic-ionic-md-rtl-light-expected.png (image/png) ─────────────────────────
2025-04-11T20:14:13.2340576Z     src/components/badge/test/basic/badge.e2e.ts-snapshots/badge-basic-ionic-md-rtl-light-Mobile-Chrome-linux.png
2025-04-11T20:14:13.2341343Z     ────────────────────────────────────────────────────────────────────────────────────────────────
2025-04-11T20:14:13.2341583Z 
2025-04-11T20:14:13.2341993Z     attachment #2: badge-basic-ionic-md-rtl-light-actual.png (image/png) ───────────────────────────
2025-04-11T20:14:13.2342900Z     test-results/src-components-badge-test--c8578-not-have-visual-regressions-Mobile-Chrome/badge-basic-ionic-md-rtl-light-actual.png
2025-04-11T20:14:13.2343774Z     ────────────────────────────────────────────────────────────────────────────────────────────────
2025-04-11T20:14:13.2344010Z 
2025-04-11T20:14:13.2344646Z     attachment #3: badge-basic-ionic-md-rtl-light-diff.png (image/png) ─────────────────────────────
2025-04-11T20:14:13.2345565Z     test-results/src-components-badge-test--c8578-not-have-visual-regressions-Mobile-Chrome/badge-basic-ionic-md-rtl-light-diff.png
2025-04-11T20:14:13.2346422Z     ────────────────────────────────────────────────────────────────────────────────────────────────
2025-04-11T20:14:13.2346663Z 
2025-04-11T20:14:13.2347028Z     attachment #5: trace (application/zip) ─────────────────────────────────────────────────────────
2025-04-11T20:14:13.2347722Z     test-results/src-components-badge-test--c8578-not-have-visual-regressions-Mobile-Chrome/trace.zip
2025-04-11T20:14:13.2348210Z     Usage:
2025-04-11T20:14:13.2348334Z 
2025-04-11T20:14:13.2348827Z         npx playwright show-trace test-results/src-components-badge-test--c8578-not-have-visual-regressions-Mobile-Chrome/trace.zip
2025-04-11T20:14:13.2349342Z 
2025-04-11T20:14:13.2349638Z     ────────────────────────────────────────────────────────────────────────────────────────────────
2025-04-11T20:14:13.2349874Z 
2025-04-11T20:14:13.2350182Z     Retry #1 ───────────────────────────────────────────────────────────────────────────────────────
2025-04-11T20:14:13.2350560Z 
2025-04-11T20:14:13.2351116Z     Error: [2mexpect([22m[31mpage[39m[2m).[22mtoHaveScreenshot[2m([22m[32mexpected[39m[2m)[22m
2025-04-11T20:14:13.2351466Z 
2025-04-11T20:14:13.2351660Z       181 pixels (ratio 0.01 of all image pixels) are different.
2025-04-11T20:14:13.2351898Z 
2025-04-11T20:14:13.2352546Z     Expected: [33m/ionic/src/components/badge/test/basic/badge.e2e.ts-snapshots/badge-basic-ionic-md-rtl-light-Mobile-Chrome-linux.png[39m
2025-04-11T20:14:13.2354309Z     Received: [33m/ionic/test-results/src-components-badge-test--c8578-not-have-visual-regressions-Mobile-Chrome-retry1/badge-basic-ionic-md-rtl-light-actual.png[39m
2025-04-11T20:14:13.2356303Z         Diff: [33m/ionic/test-results/src-components-badge-test--c8578-not-have-visual-regressions-Mobile-Chrome-retry1/badge-basic-ionic-md-rtl-light-diff.png[39m
2025-04-11T20:14:13.2356974Z 
2025-04-11T20:14:13.2357054Z     Call log:
2025-04-11T20:14:13.2357708Z     [2m  - expect.toHaveScreenshot(badge-basic-ionic-md-rtl-light.png) with timeout 5000ms[22m
2025-04-11T20:14:13.2358286Z     [2m    - verifying given screenshot expectation[22m
2025-04-11T20:14:13.2358656Z     [2m  - taking page screenshot[22m
2025-04-11T20:14:13.2359004Z     [2m    - disabled all CSS animations[22m
2025-04-11T20:14:13.2359355Z     [2m  - waiting for fonts to load...[22m
2025-04-11T20:14:13.2359655Z     [2m  - fonts loaded[22m
2025-04-11T20:14:13.2360068Z     [2m  - 181 pixels (ratio 0.01 of all image pixels) are different.[22m
2025-04-11T20:14:13.2360527Z     [2m  - waiting 100ms before taking screenshot[22m
2025-04-11T20:14:13.2360880Z     [2m  - taking page screenshot[22m
2025-04-11T20:14:13.2361216Z     [2m    - disabled all CSS animations[22m
2025-04-11T20:14:13.2361560Z     [2m  - waiting for fonts to load...[22m
2025-04-11T20:14:13.2361851Z     [2m  - fonts loaded[22m
2025-04-11T20:14:13.2362153Z     [2m  - captured a stable screenshot[22m
2025-04-11T20:14:13.2362617Z     [2m  - 181 pixels (ratio 0.01 of all image pixels) are different.[22m
2025-04-11T20:14:13.2362876Z 
2025-04-11T20:14:13.2362882Z 
2025-04-11T20:14:13.2363015Z        9 |       await page.setIonViewport();
2025-04-11T20:14:13.2363262Z       10 |
2025-04-11T20:14:13.2363581Z     > 11 |       await expect(page).toHaveScreenshot(screenshot(`badge-basic`));
2025-04-11T20:14:13.2363951Z          |                          ^
2025-04-11T20:14:13.2364471Z       12 |     });
2025-04-11T20:14:13.2364665Z       13 |   });
2025-04-11T20:14:13.2364842Z       14 | });
2025-04-11T20:14:13.2365156Z         at /ionic/src/components/badge/test/basic/badge.e2e.ts:11:26
2025-04-11T20:14:13.2365415Z 
2025-04-11T20:14:13.2365863Z     attachment #1: badge-basic-ionic-md-rtl-light-expected.png (image/png) ─────────────────────────
2025-04-11T20:14:13.2366686Z     src/components/badge/test/basic/badge.e2e.ts-snapshots/badge-basic-ionic-md-rtl-light-Mobile-Chrome-linux.png
2025-04-11T20:14:13.2367471Z     ────────────────────────────────────────────────────────────────────────────────────────────────
2025-04-11T20:14:13.2367710Z 
2025-04-11T20:14:13.2368131Z     attachment #2: badge-basic-ionic-md-rtl-light-actual.png (image/png) ───────────────────────────
2025-04-11T20:14:13.2369087Z     test-results/src-components-badge-test--c8578-not-have-visual-regressions-Mobile-Chrome-retry1/badge-basic-ionic-md-rtl-light-actual.png
2025-04-11T20:14:13.2369984Z     ────────────────────────────────────────────────────────────────────────────────────────────────
2025-04-11T20:14:13.2370231Z 
2025-04-11T20:14:13.2370643Z     attachment #3: badge-basic-ionic-md-rtl-light-diff.png (image/png) ─────────────────────────────
2025-04-11T20:14:13.2371573Z     test-results/src-components-badge-test--c8578-not-have-visual-regressions-Mobile-Chrome-retry1/badge-basic-ionic-md-rtl-light-diff.png
2025-04-11T20:14:13.2372718Z     ────────────────────────────────────────────────────────────────────────────────────────────────
2025-04-11T20:14:13.2372976Z 
2025-04-11T20:14:13.2373588Z     attachment #5: trace (application/zip) ─────────────────────────────────────────────────────────
2025-04-11T20:14:13.2374573Z     test-results/src-components-badge-test--c8578-not-have-visual-regressions-Mobile-Chrome-retry1/trace.zip
2025-04-11T20:14:13.2375121Z     Usage:
2025-04-11T20:14:13.2375224Z 
2025-04-11T20:14:13.2375980Z         npx playwright show-trace test-results/src-components-badge-test--c8578-not-have-visual-regressions-Mobile-Chrome-retry1/trace.zip
2025-04-11T20:14:13.2376542Z 
2025-04-11T20:14:13.2377112Z     ────────────────────────────────────────────────────────────────────────────────────────────────
2025-04-11T20:14:13.2377355Z 
2025-04-11T20:14:13.2377679Z     Retry #2 ───────────────────────────────────────────────────────────────────────────────────────
2025-04-11T20:14:13.2377930Z 
2025-04-11T20:14:13.2378323Z     Error: [2mexpect([22m[31mpage[39m[2m).[22mtoHaveScreenshot[2m([22m[32mexpected[39m[2m)[22m
2025-04-11T20:14:13.2378659Z 
2025-04-11T20:14:13.2378981Z       181 pixels (ratio 0.01 of all image pixels) are different.
2025-04-11T20:14:13.2379224Z 
2025-04-11T20:14:13.2379872Z     Expected: [33m/ionic/src/components/badge/test/basic/badge.e2e.ts-snapshots/badge-basic-ionic-md-rtl-light-Mobile-Chrome-linux.png[39m
2025-04-11T20:14:13.2381222Z     Received: [33m/ionic/test-results/src-components-badge-test--c8578-not-have-visual-regressions-Mobile-Chrome-retry2/badge-basic-ionic-md-rtl-light-actual.png[39m
2025-04-11T20:14:13.2382663Z         Diff: [33m/ionic/test-results/src-components-badge-test--c8578-not-have-visual-regressions-Mobile-Chrome-retry2/badge-basic-ionic-md-rtl-light-diff.png[39m
2025-04-11T20:14:13.2383340Z 
2025-04-11T20:14:13.2383413Z     Call log:
2025-04-11T20:14:13.2383903Z     [2m  - expect.toHaveScreenshot(badge-basic-ionic-md-rtl-light.png) with timeout 5000ms[22m
2025-04-11T20:14:13.2384698Z     [2m    - verifying given screenshot expectation[22m
2025-04-11T20:14:13.2385280Z     [2m  - taking page screenshot[22m
2025-04-11T20:14:13.2385880Z     [2m    - disabled all CSS animations[22m
2025-04-11T20:14:13.2386473Z     [2m  - waiting for fonts to load...[22m
2025-04-11T20:14:13.2386976Z     [2m  - fonts loaded[22m
2025-04-11T20:14:13.2387660Z     [2m  - 181 pixels (ratio 0.01 of all image pixels) are different.[22m
2025-04-11T20:14:13.2388417Z     [2m  - waiting 100ms before taking screenshot[22m
2025-04-11T20:14:13.2389005Z     [2m  - taking page screenshot[22m
2025-04-11T20:14:13.2389577Z     [2m    - disabled all CSS animations[22m
2025-04-11T20:14:13.2390183Z     [2m  - waiting for fonts to load...[22m
2025-04-11T20:14:13.2390580Z     [2m  - fonts loaded[22m
2025-04-11T20:14:13.2391079Z     [2m  - captured a stable screenshot[22m
2025-04-11T20:14:13.2391539Z     [2m  - 181 pixels (ratio 0.01 of all image pixels) are different.[22m
2025-04-11T20:14:13.2391803Z 
2025-04-11T20:14:13.2391808Z 
2025-04-11T20:14:13.2391939Z        9 |       await page.setIonViewport();
2025-04-11T20:14:13.2392196Z       10 |
2025-04-11T20:14:13.2392530Z     > 11 |       await expect(page).toHaveScreenshot(screenshot(`badge-basic`));
2025-04-11T20:14:13.2392908Z          |                          ^
2025-04-11T20:14:13.2393136Z       12 |     });
2025-04-11T20:14:13.2393316Z       13 |   });
2025-04-11T20:14:13.2393493Z       14 | });
2025-04-11T20:14:13.2393801Z         at /ionic/src/components/badge/test/basic/badge.e2e.ts:11:26
2025-04-11T20:14:13.2394057Z 
2025-04-11T20:14:13.2394628Z     attachment #1: badge-basic-ionic-md-rtl-light-expected.png (image/png) ─────────────────────────
2025-04-11T20:14:13.2395620Z     src/components/badge/test/basic/badge.e2e.ts-snapshots/badge-basic-ionic-md-rtl-light-Mobile-Chrome-linux.png
2025-04-11T20:14:13.2396388Z     ────────────────────────────────────────────────────────────────────────────────────────────────
2025-04-11T20:14:13.2396629Z 
2025-04-11T20:14:13.2397050Z     attachment #2: badge-basic-ionic-md-rtl-light-actual.png (image/png) ───────────────────────────
2025-04-11T20:14:13.2398138Z     test-results/src-components-badge-test--c8578-not-have-visual-regressions-Mobile-Chrome-retry2/badge-basic-ionic-md-rtl-light-actual.png
2025-04-11T20:14:13.2399042Z     ────────────────────────────────────────────────────────────────────────────────────────────────
2025-04-11T20:14:13.2399282Z 
2025-04-11T20:14:13.2399691Z     attachment #3: badge-basic-ionic-md-rtl-light-diff.png (image/png) ─────────────────────────────
2025-04-11T20:14:13.2400628Z     test-results/src-components-badge-test--c8578-not-have-visual-regressions-Mobile-Chrome-retry2/badge-basic-ionic-md-rtl-light-diff.png
2025-04-11T20:14:13.2401522Z     ────────────────────────────────────────────────────────────────────────────────────────────────
2025-04-11T20:14:13.2401771Z 
2025-04-11T20:14:13.2402151Z     attachment #5: trace (application/zip) ─────────────────────────────────────────────────────────
2025-04-11T20:14:13.2402899Z     test-results/src-components-badge-test--c8578-not-have-visual-regressions-Mobile-Chrome-retry2/trace.zip
2025-04-11T20:14:13.2403443Z     Usage:
2025-04-11T20:14:13.2403550Z 
2025-04-11T20:14:13.2404267Z         npx playwright show-trace test-results/src-components-badge-test--c8578-not-have-visual-regressions-Mobile-Chrome-retry2/trace.zip
2025-04-11T20:14:13.2404917Z 
2025-04-11T20:14:13.2405246Z     ────────────────────────────────────────────────────────────────────────────────────────────────
2025-04-11T20:14:13.2405486Z 
2025-04-11T20:14:13.2406035Z   3) [Mobile Chrome] › src/components/badge/test/hue/badge.e2e.ts:6:9 › badge: hue - ionic/md/ltr/light › should render subtle badges 
2025-04-11T20:14:13.2406514Z 
2025-04-11T20:14:13.2406920Z     Error: [2mexpect([22m[31mlocator[39m[2m).[22mtoHaveScreenshot[2m([22m[32mexpected[39m[2m)[22m
2025-04-11T20:14:13.2407271Z 
2025-04-11T20:14:13.2407464Z       108 pixels (ratio 0.01 of all image pixels) are different.
2025-04-11T20:14:13.2407705Z 
2025-04-11T20:14:13.2408383Z     Expected: [33m/ionic/src/components/badge/test/hue/badge.e2e.ts-snapshots/badge-hue-subtle-ionic-md-ltr-light-Mobile-Chrome-linux.png[39m
2025-04-11T20:14:13.2409735Z     Received: [33m/ionic/test-results/src-components-badge-test--642c3-should-render-subtle-badges-Mobile-Chrome/badge-hue-subtle-ionic-md-ltr-light-actual.png[39m
2025-04-11T20:14:13.2411150Z         Diff: [33m/ionic/test-results/src-components-badge-test--642c3-should-render-subtle-badges-Mobile-Chrome/badge-hue-subtle-ionic-md-ltr-light-diff.png[39m
2025-04-11T20:14:13.2411795Z 
2025-04-11T20:14:13.2411873Z     Call log:
2025-04-11T20:14:13.2412555Z     [2m  - expect.toHaveScreenshot(badge-hue-subtle-ionic-md-ltr-light.png) with timeout 5000ms[22m
2025-04-11T20:14:13.2413133Z     [2m    - verifying given screenshot expectation[22m
2025-04-11T20:14:13.2413526Z     [2m  - waiting for locator('#container')[22m
2025-04-11T20:14:13.2413963Z     [2m    - locator resolved to <div id="container">…</div>[22m
2025-04-11T20:14:13.2414489Z     [2m  - taking element screenshot[22m
2025-04-11T20:14:13.2414969Z     [2m    - disabled all CSS animations[22m
2025-04-11T20:14:13.2415339Z     [2m  - waiting for fonts to load...[22m
2025-04-11T20:14:13.2415638Z     [2m  - fonts loaded[22m
2025-04-11T20:14:13.2415970Z     [2m  - attempting scroll into view action[22m
2025-04-11T20:14:13.2416342Z     [2m    - waiting for element to be stable[22m
2025-04-11T20:14:13.2416804Z     [2m  - 108 pixels (ratio 0.01 of all image pixels) are different.[22m
2025-04-11T20:14:13.2417258Z     [2m  - waiting 100ms before taking screenshot[22m
2025-04-11T20:14:13.2417643Z     [2m  - waiting for locator('#container')[22m
2025-04-11T20:14:13.2418069Z     [2m    - locator resolved to <div id="container">…</div>[22m
2025-04-11T20:14:13.2418457Z     [2m  - taking element screenshot[22m
2025-04-11T20:14:13.2418801Z     [2m    - disabled all CSS animations[22m
2025-04-11T20:14:13.2419307Z     [2m  - waiting for fonts to load...[22m
2025-04-11T20:14:13.2419744Z     [2m  - fonts loaded[22m
2025-04-11T20:14:13.2420317Z     [2m  - attempting scroll into view action[22m
2025-04-11T20:14:13.2420826Z     [2m    - waiting for element to be stable[22m
2025-04-11T20:14:13.2421282Z     [2m  - captured a stable screenshot[22m
2025-04-11T20:14:13.2421900Z     [2m  - 108 pixels (ratio 0.01 of all image pixels) are different.[22m
2025-04-11T20:14:13.2422196Z 
2025-04-11T20:14:13.2422201Z 
2025-04-11T20:14:13.2422439Z       38 |       const container = page.locator('#container');
2025-04-11T20:14:13.2422807Z       39 |
2025-04-11T20:14:13.2423357Z     > 40 |       await expect(container).toHaveScreenshot(screenshot(`badge-hue-subtle`));
2025-04-11T20:14:13.2423868Z          |                               ^
2025-04-11T20:14:13.2424501Z       41 |     });
2025-04-11T20:14:13.2424801Z       42 |
2025-04-11T20:14:13.2492115Z       43 |     test('should render bold badges', async ({ page }) => {
2025-04-11T20:14:13.2492636Z         at /ionic/src/components/badge/test/hue/badge.e2e.ts:40:31
2025-04-11T20:14:13.2492891Z 
2025-04-11T20:14:13.2493453Z     attachment #1: badge-hue-subtle-ionic-md-ltr-light-expected.png (image/png) ────────────────────
2025-04-11T20:14:13.2494730Z     src/components/badge/test/hue/badge.e2e.ts-snapshots/badge-hue-subtle-ionic-md-ltr-light-Mobile-Chrome-linux.png
2025-04-11T20:14:13.2496093Z     ────────────────────────────────────────────────────────────────────────────────────────────────
2025-04-11T20:14:13.2496475Z 
2025-04-11T20:14:13.2497240Z     attachment #2: badge-hue-subtle-ionic-md-ltr-light-actual.png (image/png) ──────────────────────
2025-04-11T20:14:13.2498904Z     test-results/src-components-badge-test--642c3-should-render-subtle-badges-Mobile-Chrome/badge-hue-subtle-ionic-md-ltr-light-actual.png
2025-04-11T20:14:13.2500181Z     ────────────────────────────────────────────────────────────────────────────────────────────────
2025-04-11T20:14:13.2500424Z 
2025-04-11T20:14:13.2500852Z     attachment #3: badge-hue-subtle-ionic-md-ltr-light-diff.png (image/png) ────────────────────────
2025-04-11T20:14:13.2501787Z     test-results/src-components-badge-test--642c3-should-render-subtle-badges-Mobile-Chrome/badge-hue-subtle-ionic-md-ltr-light-diff.png
2025-04-11T20:14:13.2502650Z     ────────────────────────────────────────────────────────────────────────────────────────────────
2025-04-11T20:14:13.2502883Z 
2025-04-11T20:14:13.2503256Z     attachment #5: trace (application/zip) ─────────────────────────────────────────────────────────
2025-04-11T20:14:13.2503959Z     test-results/src-components-badge-test--642c3-should-render-subtle-badges-Mobile-Chrome/trace.zip
2025-04-11T20:14:13.2504958Z     Usage:
2025-04-11T20:14:13.2505066Z 
2025-04-11T20:14:13.2505592Z         npx playwright show-trace test-results/src-components-badge-test--642c3-should-render-subtle-badges-Mobile-Chrome/trace.zip
2025-04-11T20:14:13.2506107Z 
2025-04-11T20:14:13.2506430Z     ────────────────────────────────────────────────────────────────────────────────────────────────
2025-04-11T20:14:13.2506660Z 
2025-04-11T20:14:13.2507105Z     Retry #1 ───────────────────────────────────────────────────────────────────────────────────────
2025-04-11T20:14:13.2507356Z 
2025-04-11T20:14:13.2507762Z     Error: [2mexpect([22m[31mlocator[39m[2m).[22mtoHaveScreenshot[2m([22m[32mexpected[39m[2m)[22m
2025-04-11T20:14:13.2508119Z 
2025-04-11T20:14:13.2508314Z       108 pixels (ratio 0.01 of all image pixels) are different.
2025-04-11T20:14:13.2508561Z 
2025-04-11T20:14:13.2509224Z     Expected: [33m/ionic/src/components/badge/test/hue/badge.e2e.ts-snapshots/badge-hue-subtle-ionic-md-ltr-light-Mobile-Chrome-linux.png[39m
2025-04-11T20:14:13.2510628Z     Received: [33m/ionic/test-results/src-components-badge-test--642c3-should-render-subtle-badges-Mobile-Chrome-retry1/badge-hue-subtle-ionic-md-ltr-light-actual.png[39m
2025-04-11T20:14:13.2512090Z         Diff: [33m/ionic/test-results/src-components-badge-test--642c3-should-render-subtle-badges-Mobile-Chrome-retry1/badge-hue-subtle-ionic-md-ltr-light-diff.png[39m
2025-04-11T20:14:13.2512763Z 
2025-04-11T20:14:13.2512845Z     Call log:
2025-04-11T20:14:13.2513368Z     [2m  - expect.toHaveScreenshot(badge-hue-subtle-ionic-md-ltr-light.png) with timeout 5000ms[22m
2025-04-11T20:14:13.2513945Z     [2m    - verifying given screenshot expectation[22m
2025-04-11T20:14:13.2514576Z     [2m  - waiting for locator('#container')[22m
2025-04-11T20:14:13.2515026Z     [2m    - locator resolved to <div id="container">…</div>[22m
2025-04-11T20:14:13.2515420Z     [2m  - taking element screenshot[22m
2025-04-11T20:14:13.2515931Z     [2m    - disabled all CSS animations[22m
2025-04-11T20:14:13.2516510Z     [2m  - waiting for fonts to load...[22m
2025-04-11T20:14:13.2517024Z     [2m  - fonts loaded[22m
2025-04-11T20:14:13.2517622Z     [2m  - attempting scroll into view action[22m
2025-04-11T20:14:13.2518267Z     [2m    - waiting for element to be stable[22m
2025-04-11T20:14:13.2519045Z     [2m  - 108 pixels (ratio 0.01 of all image pixels) are different.[22m
2025-04-11T20:14:13.2519968Z     [2m  - waiting 100ms before taking screenshot[22m
2025-04-11T20:14:13.2520664Z     [2m  - waiting for locator('#container')[22m
2025-04-11T20:14:13.2521415Z     [2m    - locator resolved to <div id="container">…</div>[22m
2025-04-11T20:14:13.2522080Z     [2m  - taking element screenshot[22m
2025-04-11T20:14:13.2522671Z     [2m    - disabled all CSS animations[22m
2025-04-11T20:14:13.2523281Z     [2m  - waiting for fonts to load...[22m
2025-04-11T20:14:13.2523801Z     [2m  - fonts loaded[22m
2025-04-11T20:14:13.2524855Z     [2m  - attempting scroll into view action[22m
2025-04-11T20:14:13.2525524Z     [2m    - waiting for element to be stable[22m
2025-04-11T20:14:13.2526143Z     [2m  - captured a stable screenshot[22m
2025-04-11T20:14:13.2526937Z     [2m  - 108 pixels (ratio 0.01 of all image pixels) are different.[22m
2025-04-11T20:14:13.2527395Z 
2025-04-11T20:14:13.2527404Z 
2025-04-11T20:14:13.2527694Z       38 |       const container = page.locator('#container');
2025-04-11T20:14:13.2528176Z       39 |
2025-04-11T20:14:13.2529011Z     > 40 |       await expect(container).toHaveScreenshot(screenshot(`badge-hue-subtle`));
2025-04-11T20:14:13.2529756Z          |                               ^
2025-04-11T20:14:13.2530180Z       41 |     });
2025-04-11T20:14:13.2530492Z       42 |
2025-04-11T20:14:13.2530985Z       43 |     test('should render bold badges', async ({ page }) => {
2025-04-11T20:14:13.2531724Z         at /ionic/src/components/badge/test/hue/badge.e2e.ts:40:31
2025-04-11T20:14:13.2532118Z 
2025-04-11T20:14:13.2532861Z     attachment #1: badge-hue-subtle-ionic-md-ltr-light-expected.png (image/png) ────────────────────
2025-04-11T20:14:13.2534586Z     src/components/badge/test/hue/badge.e2e.ts-snapshots/badge-hue-subtle-ionic-md-ltr-light-Mobile-Chrome-linux.png
2025-04-11T20:14:13.2535542Z     ────────────────────────────────────────────────────────────────────────────────────────────────
2025-04-11T20:14:13.2535794Z 
2025-04-11T20:14:13.2536513Z     attachment #2: badge-hue-subtle-ionic-md-ltr-light-actual.png (image/png) ──────────────────────
2025-04-11T20:14:13.2538108Z     test-results/src-components-badge-test--642c3-should-render-subtle-badges-Mobile-Chrome-retry1/badge-hue-subtle-ionic-md-ltr-light-actual.png
2025-04-11T20:14:13.2539705Z     ────────────────────────────────────────────────────────────────────────────────────────────────
2025-04-11T20:14:13.2540135Z 
2025-04-11T20:14:13.2540909Z     attachment #3: badge-hue-subtle-ionic-md-ltr-light-diff.png (image/png) ────────────────────────
2025-04-11T20:14:13.2542694Z     test-results/src-components-badge-test--642c3-should-render-subtle-badges-Mobile-Chrome-retry1/badge-hue-subtle-ionic-md-ltr-light-diff.png
2025-04-11T20:14:13.2544524Z     ────────────────────────────────────────────────────────────────────────────────────────────────
2025-04-11T20:14:13.2544932Z 
2025-04-11T20:14:13.2545610Z     attachment #5: trace (application/zip) ─────────────────────────────────────────────────────────
2025-04-11T20:14:13.2546961Z     test-results/src-components-badge-test--642c3-should-render-subtle-badges-Mobile-Chrome-retry1/trace.zip
2025-04-11T20:14:13.2547947Z     Usage:
2025-04-11T20:14:13.2548127Z 
2025-04-11T20:14:13.2549110Z         npx playwright show-trace test-results/src-components-badge-test--642c3-should-render-subtle-badges-Mobile-Chrome-retry1/trace.zip
2025-04-11T20:14:13.2550129Z 
2025-04-11T20:14:13.2550708Z     ────────────────────────────────────────────────────────────────────────────────────────────────
2025-04-11T20:14:13.2551370Z 
2025-04-11T20:14:13.2551929Z     Retry #2 ───────────────────────────────────────────────────────────────────────────────────────
2025-04-11T20:14:13.2552356Z 
2025-04-11T20:14:13.2553057Z     Error: [2mexpect([22m[31mlocator[39m[2m).[22mtoHaveScreenshot[2m([22m[32mexpected[39m[2m)[22m
2025-04-11T20:14:13.2553688Z 
2025-04-11T20:14:13.2554015Z       108 pixels (ratio 0.01 of all image pixels) are different.
2025-04-11T20:14:13.2554605Z 
2025-04-11T20:14:13.2556012Z     Expected: [33m/ionic/src/components/badge/test/hue/badge.e2e.ts-snapshots/badge-hue-subtle-ionic-md-ltr-light-Mobile-Chrome-linux.png[39m
2025-04-11T20:14:13.2558663Z     Received: [33m/ionic/test-results/src-components-badge-test--642c3-should-render-subtle-badges-Mobile-Chrome-retry2/badge-hue-subtle-ionic-md-ltr-light-actual.png[39m
2025-04-11T20:14:13.2561515Z         Diff: [33m/ionic/test-results/src-components-badge-test--642c3-should-render-subtle-badges-Mobile-Chrome-retry2/badge-hue-subtle-ionic-md-ltr-light-diff.png[39m
2025-04-11T20:14:13.2562832Z 
2025-04-11T20:14:13.2562980Z     Call log:
2025-04-11T20:14:13.2563949Z     [2m  - expect.toHaveScreenshot(badge-hue-subtle-ionic-md-ltr-light.png) with timeout 5000ms[22m
2025-04-11T20:14:13.2565258Z     [2m    - verifying given screenshot expectation[22m
2025-04-11T20:14:13.2565959Z     [2m  - waiting for locator('#container')[22m
2025-04-11T20:14:13.2566726Z     [2m    - locator resolved to <div id="container">…</div>[22m
2025-04-11T20:14:13.2567426Z     [2m  - taking element screenshot[22m
2025-04-11T20:14:13.2568050Z     [2m    - disabled all CSS animations[22m
2025-04-11T20:14:13.2568670Z     [2m  - waiting for fonts to load...[22m
2025-04-11T20:14:13.2569201Z     [2m  - fonts loaded[22m
2025-04-11T20:14:13.2569784Z     [2m  - attempting scroll into view action[22m
2025-04-11T20:14:13.2570441Z     [2m    - waiting for element to be stable[22m
2025-04-11T20:14:13.2571230Z     [2m  - 108 pixels (ratio 0.01 of all image pixels) are different.[22m
2025-04-11T20:14:13.2572041Z     [2m  - waiting 100ms before taking screenshot[22m
2025-04-11T20:14:13.2572711Z     [2m  - waiting for locator('#container')[22m
2025-04-11T20:14:13.2573481Z     [2m    - locator resolved to <div id="container">…</div>[22m
2025-04-11T20:14:13.2574378Z     [2m  - taking element screenshot[22m
2025-04-11T20:14:13.2574795Z     [2m    - disabled all CSS animations[22m
2025-04-11T20:14:13.2575165Z     [2m  - waiting for fonts to load...[22m
2025-04-11T20:14:13.2575479Z     [2m  - fonts loaded[22m
2025-04-11T20:14:13.2575814Z     [2m  - attempting scroll into view action[22m
2025-04-11T20:14:13.2576190Z     [2m    - waiting for element to be stable[22m
2025-04-11T20:14:13.2576546Z     [2m  - captured a stable screenshot[22m
2025-04-11T20:14:13.2576994Z     [2m  - 108 pixels (ratio 0.01 of all image pixels) are different.[22m
2025-04-11T20:14:13.2577266Z 
2025-04-11T20:14:13.2577272Z 
2025-04-11T20:14:13.2577443Z       38 |       const container = page.locator('#container');
2025-04-11T20:14:13.2577744Z       39 |
2025-04-11T20:14:13.2578108Z     > 40 |       await expect(container).toHaveScreenshot(screenshot(`badge-hue-subtle`));
2025-04-11T20:14:13.2578517Z          |                               ^
2025-04-11T20:14:13.2578758Z       41 |     });
2025-04-11T20:14:13.2578940Z       42 |
2025-04-11T20:14:13.2579225Z       43 |     test('should render bold badges', async ({ page }) => {
2025-04-11T20:14:13.2579658Z         at /ionic/src/components/badge/test/hue/badge.e2e.ts:40:31
2025-04-11T20:14:13.2579907Z 
2025-04-11T20:14:13.2580350Z     attachment #1: badge-hue-subtle-ionic-md-ltr-light-expected.png (image/png) ────────────────────
2025-04-11T20:14:13.2581187Z     src/components/badge/test/hue/badge.e2e.ts-snapshots/badge-hue-subtle-ionic-md-ltr-light-Mobile-Chrome-linux.png
2025-04-11T20:14:13.2581965Z     ────────────────────────────────────────────────────────────────────────────────────────────────
2025-04-11T20:14:13.2582200Z 
2025-04-11T20:14:13.2582827Z     attachment #2: badge-hue-subtle-ionic-md-ltr-light-actual.png (image/png) ──────────────────────
2025-04-11T20:14:13.2583813Z     test-results/src-components-badge-test--642c3-should-render-subtle-badges-Mobile-Chrome-retry2/badge-hue-subtle-ionic-md-ltr-light-actual.png
2025-04-11T20:14:13.2584967Z     ────────────────────────────────────────────────────────────────────────────────────────────────
2025-04-11T20:14:13.2585210Z 
2025-04-11T20:14:13.2585785Z     attachment #3: badge-hue-subtle-ionic-md-ltr-light-diff.png (image/png) ────────────────────────
2025-04-11T20:14:13.2586751Z     test-results/src-components-badge-test--642c3-should-render-subtle-badges-Mobile-Chrome-retry2/badge-hue-subtle-ionic-md-ltr-light-diff.png
2025-04-11T20:14:13.2587649Z     ────────────────────────────────────────────────────────────────────────────────────────────────
2025-04-11T20:14:13.2587882Z 
2025-04-11T20:14:13.2588246Z     attachment #5: trace (application/zip) ─────────────────────────────────────────────────────────
2025-04-11T20:14:13.2589001Z     test-results/src-components-badge-test--642c3-should-render-subtle-badges-Mobile-Chrome-retry2/trace.zip
2025-04-11T20:14:13.2589529Z     Usage:
2025-04-11T20:14:13.2589637Z 
2025-04-11T20:14:13.2590165Z         npx playwright show-trace test-results/src-components-badge-test--642c3-should-render-subtle-badges-Mobile-Chrome-retry2/trace.zip
2025-04-11T20:14:13.2590713Z 
2025-04-11T20:14:13.2591024Z     ────────────────────────────────────────────────────────────────────────────────────────────────
2025-04-11T20:14:13.2591259Z 
2025-04-11T20:14:13.2591957Z   4) [Mobile Chrome] › src/components/button/test/clear/button.e2e.ts:10:11 › button: fill: clear - ionic/md/ltr/light › should not have visual regressions 
2025-04-11T20:14:13.2592493Z 
2025-04-11T20:14:13.2592884Z     Error: [2mexpect([22m[31mpage[39m[2m).[22mtoHaveScreenshot[2m([22m[32mexpected[39m[2m)[22m
2025-04-11T20:14:13.2593226Z 
2025-04-11T20:14:13.2593416Z       222 pixels (ratio 0.01 of all image pixels) are different.
2025-04-11T20:14:13.2593672Z 
2025-04-11T20:14:13.2594606Z     Expected: [33m/ionic/src/components/button/test/clear/button.e2e.ts-snapshots/button-fill-clear-ionic-md-ltr-light-Mobile-Chrome-linux.png[39m
2025-04-11T20:14:13.2595997Z     Received: [33m/ionic/test-results/src-components-button-test-11316-not-have-visual-regressions-Mobile-Chrome/button-fill-clear-ionic-md-ltr-light-actual.png[39m
2025-04-11T20:14:13.2597425Z         Diff: [33m/ionic/test-results/src-components-button-test-11316-not-have-visual-regressions-Mobile-Chrome/button-fill-clear-ionic-md-ltr-light-diff.png[39m
2025-04-11T20:14:13.2598074Z 
2025-04-11T20:14:13.2598154Z     Call log:
2025-04-11T20:14:13.2598682Z     [2m  - expect.toHaveScreenshot(button-fill-clear-ionic-md-ltr-light.png) with timeout 5000ms[22m
2025-04-11T20:14:13.2599275Z     [2m    - verifying given screenshot expectation[22m
2025-04-11T20:14:13.2599647Z     [2m  - taking page screenshot[22m
2025-04-11T20:14:13.2599998Z     [2m    - disabled all CSS animations[22m
2025-04-11T20:14:13.2600501Z     [2m  - waiting for fonts to load...[22m
2025-04-11T20:14:13.2600802Z     [2m  - fonts loaded[22m
2025-04-11T20:14:13.2601222Z     [2m  - 222 pixels (ratio 0.01 of all image pixels) are different.[22m
2025-04-11T20:14:13.2601678Z     [2m  - waiting 100ms before taking screenshot[22m
2025-04-11T20:14:13.2602034Z     [2m  - taking page screenshot[22m
2025-04-11T20:14:13.2602373Z     [2m    - disabled all CSS animations[22m
2025-04-11T20:14:13.2602830Z     [2m  - waiting for fonts to load...[22m
2025-04-11T20:14:13.2603149Z     [2m  - fonts loaded[22m
2025-04-11T20:14:13.2603582Z     [2m  - captured a stable screenshot[22m
2025-04-11T20:14:13.2604026Z     [2m  - 222 pixels (ratio 0.01 of all image pixels) are different.[22m
2025-04-11T20:14:13.2604420Z 
2025-04-11T20:14:13.2604426Z 
2025-04-11T20:14:13.2604568Z       13 |         await page.setIonViewport();
2025-04-11T20:14:13.2604829Z       14 |
2025-04-11T20:14:13.2605185Z     > 15 |         await expect(page).toHaveScreenshot(screenshot(`button-fill-clear`));
2025-04-11T20:14:13.2605577Z          |                            ^
2025-04-11T20:14:13.2605812Z       16 |       });
2025-04-11T20:14:13.2606000Z       17 |     });
2025-04-11T20:14:13.2606179Z       18 |   }
2025-04-11T20:14:13.2606495Z         at /ionic/src/components/button/test/clear/button.e2e.ts:15:28
2025-04-11T20:14:13.2606754Z 
2025-04-11T20:14:13.2607205Z     attachment #1: button-fill-clear-ionic-md-ltr-light-expected.png (image/png) ───────────────────
2025-04-11T20:14:13.2608069Z     src/components/button/test/clear/button.e2e.ts-snapshots/button-fill-clear-ionic-md-ltr-light-Mobile-Chrome-linux.png
2025-04-11T20:14:13.2608871Z     ────────────────────────────────────────────────────────────────────────────────────────────────
2025-04-11T20:14:13.2609107Z 
2025-04-11T20:14:13.2609535Z     attachment #2: button-fill-clear-ionic-md-ltr-light-actual.png (image/png) ─────────────────────
2025-04-11T20:14:13.2610502Z     test-results/src-components-button-test-11316-not-have-visual-regressions-Mobile-Chrome/button-fill-clear-ionic-md-ltr-light-actual.png
2025-04-11T20:14:13.2611395Z     ────────────────────────────────────────────────────────────────────────────────────────────────
2025-04-11T20:14:13.2611638Z 
2025-04-11T20:14:13.2612059Z     attachment #3: button-fill-clear-ionic-md-ltr-light-diff.png (image/png) ───────────────────────
2025-04-11T20:14:13.2613009Z     test-results/src-components-button-test-11316-not-have-visual-regressions-Mobile-Chrome/button-fill-clear-ionic-md-ltr-light-diff.png
2025-04-11T20:14:13.2613924Z     ────────────────────────────────────────────────────────────────────────────────────────────────
2025-04-11T20:14:13.2614264Z 
2025-04-11T20:14:13.2614643Z     attachment #5: trace (application/zip) ─────────────────────────────────────────────────────────
2025-04-11T20:14:13.2615336Z     test-results/src-components-button-test-11316-not-have-visual-regressions-Mobile-Chrome/trace.zip
2025-04-11T20:14:13.2615995Z     Usage:
2025-04-11T20:14:13.2616097Z 
2025-04-11T20:14:13.2616598Z         npx playwright show-trace test-results/src-components-button-test-11316-not-have-visual-regressions-Mobile-Chrome/trace.zip
2025-04-11T20:14:13.2617108Z 
2025-04-11T20:14:13.2617416Z     ────────────────────────────────────────────────────────────────────────────────────────────────
2025-04-11T20:14:13.2617651Z 
2025-04-11T20:14:13.2618084Z     Retry #1 ───────────────────────────────────────────────────────────────────────────────────────
2025-04-11T20:14:13.2618447Z 
2025-04-11T20:14:13.2618854Z     Error: [2mexpect([22m[31mpage[39m[2m).[22mtoHaveScreenshot[2m([22m[32mexpected[39m[2m)[22m
2025-04-11T20:14:13.2619196Z 
2025-04-11T20:14:13.2619385Z       222 pixels (ratio 0.01 of all image pixels) are different.
2025-04-11T20:14:13.2619665Z 
2025-04-11T20:14:13.2620359Z     Expected: [33m/ionic/src/components/button/test/clear/button.e2e.ts-snapshots/button-fill-clear-ionic-md-ltr-light-Mobile-Chrome-linux.png[39m
2025-04-11T20:14:13.2621906Z     Received: [33m/ionic/test-results/src-components-button-test-11316-not-have-visual-regressions-Mobile-Chrome-retry1/button-fill-clear-ionic-md-ltr-light-actual.png[39m
2025-04-11T20:14:13.2623399Z         Diff: [33m/ionic/test-results/src-components-button-test-11316-not-have-visual-regressions-Mobile-Chrome-retry1/button-fill-clear-ionic-md-ltr-light-diff.png[39m
2025-04-11T20:14:13.2624077Z 
2025-04-11T20:14:13.2624259Z     Call log:
2025-04-11T20:14:13.2624799Z     [2m  - expect.toHaveScreenshot(button-fill-clear-ionic-md-ltr-light.png) with timeout 5000ms[22m
2025-04-11T20:14:13.2625399Z     [2m    - verifying given screenshot expectation[22m
2025-04-11T20:14:13.2625767Z     [2m  - taking page screenshot[22m
2025-04-11T20:14:13.2626116Z     [2m    - disabled all CSS animations[22m
2025-04-11T20:14:13.2626470Z     [2m  - waiting for fonts to load...[22m
2025-04-11T20:14:13.2626768Z     [2m  - fonts loaded[22m
2025-04-11T20:14:13.2627197Z     [2m  - 222 pixels (ratio 0.01 of all image pixels) are different.[22m
2025-04-11T20:14:13.2627655Z     [2m  - waiting 100ms before taking screenshot[22m
2025-04-11T20:14:13.2628006Z     [2m  - taking page screenshot[22m
2025-04-11T20:14:13.2628347Z     [2m    - disabled all CSS animations[22m
2025-04-11T20:14:13.2628689Z     [2m  - waiting for fonts to load...[22m
2025-04-11T20:14:13.2628981Z     [2m  - fonts loaded[22m
2025-04-11T20:14:13.2629287Z     [2m  - captured a stable screenshot[22m
2025-04-11T20:14:13.2629734Z     [2m  - 222 pixels (ratio 0.01 of all image pixels) are different.[22m
2025-04-11T20:14:13.2629990Z 
2025-04-11T20:14:13.2630000Z 
2025-04-11T20:14:13.2630144Z       13 |         await page.setIonViewport();
2025-04-11T20:14:13.2630403Z       14 |
2025-04-11T20:14:13.2630748Z     > 15 |         await expect(page).toHaveScreenshot(screenshot(`button-fill-clear`));
2025-04-11T20:14:13.2631143Z          |                            ^
2025-04-11T20:14:13.2631375Z       16 |       });
2025-04-11T20:14:13.2631570Z       17 |     });
2025-04-11T20:14:13.2631747Z       18 |   }
2025-04-11T20:14:13.2632069Z         at /ionic/src/components/button/test/clear/button.e2e.ts:15:28
2025-04-11T20:14:13.2632327Z 
2025-04-11T20:14:13.2632764Z     attachment #1: button-fill-clear-ionic-md-ltr-light-expected.png (image/png) ───────────────────
2025-04-11T20:14:13.2633622Z     src/components/button/test/clear/button.e2e.ts-snapshots/button-fill-clear-ionic-md-ltr-light-Mobile-Chrome-linux.png
2025-04-11T20:14:13.2634651Z     ────────────────────────────────────────────────────────────────────────────────────────────────
2025-04-11T20:14:13.2634893Z 
2025-04-11T20:14:13.2635323Z     attachment #2: button-fill-clear-ionic-md-ltr-light-actual.png (image/png) ─────────────────────
2025-04-11T20:14:13.2636304Z     test-results/src-components-button-test-11316-not-have-visual-regressions-Mobile-Chrome-retry1/button-fill-clear-ionic-md-ltr-light-actual.png
2025-04-11T20:14:13.2637219Z     ────────────────────────────────────────────────────────────────────────────────────────────────
2025-04-11T20:14:13.2637606Z 
2025-04-11T20:14:13.2638026Z     attachment #3: button-fill-clear-ionic-md-ltr-light-diff.png (image/png) ───────────────────────
2025-04-11T20:14:13.2638984Z     test-results/src-components-button-test-11316-not-have-visual-regressions-Mobile-Chrome-retry1/button-fill-clear-ionic-md-ltr-light-diff.png
2025-04-11T20:14:13.2640005Z     ────────────────────────────────────────────────────────────────────────────────────────────────
2025-04-11T20:14:13.2640247Z 
2025-04-11T20:14:13.2640620Z     attachment #5: trace (application/zip) ─────────────────────────────────────────────────────────
2025-04-11T20:14:13.2641355Z     test-results/src-components-button-test-11316-not-have-visual-regressions-Mobile-Chrome-retry1/trace.zip
2025-04-11T20:14:13.2641887Z     Usage:
2025-04-11T20:14:13.2641986Z 
2025-04-11T20:14:13.2642521Z         npx playwright show-trace test-results/src-components-button-test-11316-not-have-visual-regressions-Mobile-Chrome-retry1/trace.zip
2025-04-11T20:14:13.2643081Z 
2025-04-11T20:14:13.2643388Z     ────────────────────────────────────────────────────────────────────────────────────────────────
2025-04-11T20:14:13.2643620Z 
2025-04-11T20:14:13.2643930Z     Retry #2 ───────────────────────────────────────────────────────────────────────────────────────
2025-04-11T20:14:13.2644298Z 
2025-04-11T20:14:13.2644709Z     Error: [2mexpect([22m[31mpage[39m[2m).[22mtoHaveScreenshot[2m([22m[32mexpected[39m[2m)[22m
2025-04-11T20:14:13.2645055Z 
2025-04-11T20:14:13.2645245Z       222 pixels (ratio 0.01 of all image pixels) are different.
2025-04-11T20:14:13.2645490Z 
2025-04-11T20:14:13.2646170Z     Expected: [33m/ionic/src/components/button/test/clear/button.e2e.ts-snapshots/button-fill-clear-ionic-md-ltr-light-Mobile-Chrome-linux.png[39m
2025-04-11T20:14:13.2647579Z     Received: [33m/ionic/test-results/src-components-button-test-11316-not-have-visual-regressions-Mobile-Chrome-retry2/button-fill-clear-ionic-md-ltr-light-actual.png[39m
2025-04-11T20:14:13.2649238Z         Diff: [33m/ionic/test-results/src-components-button-test-11316-not-have-visual-regressions-Mobile-Chrome-retry2/button-fill-clear-ionic-md-ltr-light-diff.png[39m
2025-04-11T20:14:13.2649920Z 
2025-04-11T20:14:13.2649989Z     Call log:
2025-04-11T20:14:13.2650509Z     [2m  - expect.toHaveScreenshot(button-fill-clear-ionic-md-ltr-light.png) with timeout 5000ms[22m
2025-04-11T20:14:13.2651197Z     [2m    - verifying given screenshot expectation[22m
2025-04-11T20:14:13.2651571Z     [2m  - taking page screenshot[22m
2025-04-11T20:14:13.2651913Z     [2m    - disabled all CSS animations[22m
2025-04-11T20:14:13.2652261Z     [2m  - waiting for fonts to load...[22m
2025-04-11T20:14:13.2652558Z     [2m  - fonts loaded[22m
2025-04-11T20:14:13.2652968Z     [2m  - 222 pixels (ratio 0.01 of all image pixels) are different.[22m
2025-04-11T20:14:13.2653413Z     [2m  - waiting 100ms before taking screenshot[22m
2025-04-11T20:14:13.2653768Z     [2m  - taking page screenshot[22m
2025-04-11T20:14:13.2654260Z     [2m    - disabled all CSS animations[22m
2025-04-11T20:14:13.2654665Z     [2m  - waiting for fonts to load...[22m
2025-04-11T20:14:13.2654957Z     [2m  - fonts loaded[22m
2025-04-11T20:14:13.2655267Z     [2m  - captured a stable screenshot[22m
2025-04-11T20:14:13.2655705Z     [2m  - 222 pixels (ratio 0.01 of all image pixels) are different.[22m
2025-04-11T20:14:13.2655958Z 
2025-04-11T20:14:13.2655964Z 
2025-04-11T20:14:13.2656111Z       13 |         await page.setIonViewport();
2025-04-11T20:14:13.2656378Z       14 |
2025-04-11T20:14:13.2656730Z     > 15 |         await expect(page).toHaveScreenshot(screenshot(`button-fill-clear`));
2025-04-11T20:14:13.2657119Z          |                            ^
2025-04-11T20:14:13.2657355Z       16 |       });
2025-04-11T20:14:13.2657546Z       17 |     });
2025-04-11T20:14:13.2657723Z       18 |   }
2025-04-11T20:14:13.2658037Z         at /ionic/src/components/button/test/clear/button.e2e.ts:15:28
2025-04-11T20:14:13.2658300Z 
2025-04-11T20:14:13.2658733Z     attachment #1: button-fill-clear-ionic-md-ltr-light-expected.png (image/png) ───────────────────
2025-04-11T20:14:13.2659592Z     src/components/button/test/clear/button.e2e.ts-snapshots/button-fill-clear-ionic-md-ltr-light-Mobile-Chrome-linux.png
2025-04-11T20:14:13.2660386Z     ────────────────────────────────────────────────────────────────────────────────────────────────
2025-04-11T20:14:13.2660619Z 
2025-04-11T20:14:13.2661049Z     attachment #2: button-fill-clear-ionic-md-ltr-light-actual.png (image/png) ─────────────────────
2025-04-11T20:14:13.2662038Z     test-results/src-components-button-test-11316-not-have-visual-regressions-Mobile-Chrome-retry2/button-fill-clear-ionic-md-ltr-light-actual.png
2025-04-11T20:14:13.2662952Z     ────────────────────────────────────────────────────────────────────────────────────────────────
2025-04-11T20:14:13.2663181Z 
2025-04-11T20:14:13.2663606Z     attachment #3: button-fill-clear-ionic-md-ltr-light-diff.png (image/png) ───────────────────────
2025-04-11T20:14:13.2664797Z     test-results/src-components-button-test-11316-not-have-visual-regressions-Mobile-Chrome-retry2/button-fill-clear-ionic-md-ltr-light-diff.png
2025-04-11T20:14:13.2665710Z     ────────────────────────────────────────────────────────────────────────────────────────────────
2025-04-11T20:14:13.2665940Z 
2025-04-11T20:14:13.2666327Z     attachment #5: trace (application/zip) ─────────────────────────────────────────────────────────
2025-04-11T20:14:13.2667068Z     test-results/src-components-button-test-11316-not-have-visual-regressions-Mobile-Chrome-retry2/trace.zip
2025-04-11T20:14:13.2667695Z     Usage:
2025-04-11T20:14:13.2667796Z 
2025-04-11T20:14:13.2668332Z         npx playwright show-trace test-results/src-components-button-test-11316-not-have-visual-regressions-Mobile-Chrome-retry2/trace.zip
2025-04-11T20:14:13.2668877Z 
2025-04-11T20:14:13.2669180Z     ────────────────────────────────────────────────────────────────────────────────────────────────
2025-04-11T20:14:13.2669558Z 
2025-04-11T20:14:13.2670227Z   5) [Mobile Chrome] › src/components/button/test/clear/button.e2e.ts:10:11 › button: fill: clear - ionic/ios/ltr/light › should not have visual regressions 
2025-04-11T20:14:13.2670762Z 
2025-04-11T20:14:13.2671150Z     Error: [2mexpect([22m[31mpage[39m[2m).[22mtoHaveScreenshot[2m([22m[32mexpected[39m[2m)[22m
2025-04-11T20:14:13.2671492Z 
2025-04-11T20:14:13.2671791Z       223 pixels (ratio 0.01 of all image pixels) are different.
2025-04-11T20:14:13.2672041Z 
2025-04-11T20:14:13.2672730Z     Expected: [33m/ionic/src/components/button/test/clear/button.e2e.ts-snapshots/button-fill-clear-ionic-ios-ltr-light-Mobile-Chrome-linux.png[39m
2025-04-11T20:14:13.2674275Z     Received: [33m/ionic/test-results/src-components-button-test-df9b2-not-have-visual-regressions-Mobile-Chrome/button-fill-clear-ionic-ios-ltr-light-actual.png[39m
2025-04-11T20:14:13.2675782Z         Diff: [33m/ionic/test-results/src-components-button-test-df9b2-not-have-visual-regressions-Mobile-Chrome/button-fill-clear-ionic-ios-ltr-light-diff.png[39m
2025-04-11T20:14:13.2676457Z 
2025-04-11T20:14:13.2676530Z     Call log:
2025-04-11T20:14:13.2677064Z     [2m  - expect.toHaveScreenshot(button-fill-clear-ionic-ios-ltr-light.png) with timeout 5000ms[22m
2025-04-11T20:14:13.2677672Z     [2m    - verifying given screenshot expectation[22m
2025-04-11T20:14:13.2678035Z     [2m  - taking page screenshot[22m
2025-04-11T20:14:13.2678387Z     [2m    - disabled all CSS animations[22m
2025-04-11T20:14:13.2678743Z     [2m  - waiting for fonts to load...[22m
2025-04-11T20:14:13.2679041Z     [2m  - fonts loaded[22m
2025-04-11T20:14:13.2679456Z     [2m  - 223 pixels (ratio 0.01 of all image pixels) are different.[22m
2025-04-11T20:14:13.2679910Z     [2m  - waiting 100ms before taking screenshot[22m
2025-04-11T20:14:13.2680272Z     [2m  - taking page screenshot[22m
2025-04-11T20:14:13.2680613Z     [2m    - disabled all CSS animations[22m
2025-04-11T20:14:13.2680962Z     [2m  - waiting for fonts to load...[22m
2025-04-11T20:14:13.2681254Z     [2m  - fonts loaded[22m
2025-04-11T20:14:13.2681558Z     [2m  - captured a stable screenshot[22m
2025-04-11T20:14:13.2681995Z     [2m  - 223 pixels (ratio 0.01 of all image pixels) are different.[22m
2025-04-11T20:14:13.2682247Z 
2025-04-11T20:14:13.2682252Z 
2025-04-11T20:14:13.2682393Z       13 |         await page.setIonViewport();
2025-04-11T20:14:13.2682653Z       14 |
2025-04-11T20:14:13.2683003Z     > 15 |         await expect(page).toHaveScreenshot(screenshot(`button-fill-clear`));
2025-04-11T20:14:13.2683394Z          |                            ^
2025-04-11T20:14:13.2683628Z       16 |       });
2025-04-11T20:14:13.2683815Z       17 |     });
2025-04-11T20:14:13.2683989Z       18 |   }
2025-04-11T20:14:13.2684433Z         at /ionic/src/components/button/test/clear/button.e2e.ts:15:28
2025-04-11T20:14:13.2684698Z 
2025-04-11T20:14:13.2685234Z     attachment #1: button-fill-clear-ionic-ios-ltr-light-expected.png (image/png) ──────────────────
2025-04-11T20:14:13.2686273Z     src/components/button/test/clear/button.e2e.ts-snapshots/button-fill-clear-ionic-ios-ltr-light-Mobile-Chrome-linux.png
2025-04-11T20:14:13.2687089Z     ────────────────────────────────────────────────────────────────────────────────────────────────
2025-04-11T20:14:13.2687327Z 
2025-04-11T20:14:13.2687752Z     attachment #2: button-fill-clear-ionic-ios-ltr-light-actual.png (image/png) ────────────────────
2025-04-11T20:14:13.2688826Z     test-results/src-components-button-test-df9b2-not-have-visual-regressions-Mobile-Chrome/button-fill-clear-ionic-ios-ltr-light-actual.png
2025-04-11T20:14:13.2689724Z     ────────────────────────────────────────────────────────────────────────────────────────────────
2025-04-11T20:14:13.2689953Z 
2025-04-11T20:14:13.2690379Z     attachment #3: button-fill-clear-ionic-ios-ltr-light-diff.png (image/png) ──────────────────────
2025-04-11T20:14:13.2691422Z     test-results/src-components-button-test-df9b2-not-have-visual-regressions-Mobile-Chrome/button-fill-clear-ionic-ios-ltr-light-diff.png
2025-04-11T20:14:13.2692317Z     ────────────────────────────────────────────────────────────────────────────────────────────────
2025-04-11T20:14:13.2692547Z 
2025-04-11T20:14:13.2692916Z     attachment #5: trace (application/zip) ─────────────────────────────────────────────────────────
2025-04-11T20:14:13.2693629Z     test-results/src-components-button-test-df9b2-not-have-visual-regressions-Mobile-Chrome/trace.zip
2025-04-11T20:14:13.2694251Z     Usage:
2025-04-11T20:14:13.2694354Z 
2025-04-11T20:14:13.2694862Z         npx playwright show-trace test-results/src-components-button-test-df9b2-not-have-visual-regressions-Mobile-Chrome/trace.zip
2025-04-11T20:14:13.2695379Z 
2025-04-11T20:14:13.2695687Z     ────────────────────────────────────────────────────────────────────────────────────────────────
2025-04-11T20:14:13.2695916Z 
2025-04-11T20:14:13.2696228Z     Retry #1 ───────────────────────────────────────────────────────────────────────────────────────
2025-04-11T20:14:13.2696491Z 
2025-04-11T20:14:13.2696882Z     Error: [2mexpect([22m[31mpage[39m[2m).[22mtoHaveScreenshot[2m([22m[32mexpected[39m[2m)[22m
2025-04-11T20:14:13.2697216Z 
2025-04-11T20:14:13.2697409Z       223 pixels (ratio 0.01 of all image pixels) are different.
2025-04-11T20:14:13.2697645Z 
2025-04-11T20:14:13.2698350Z     Expected: [33m/ionic/src/components/button/test/clear/button.e2e.ts-snapshots/button-fill-clear-ionic-ios-ltr-light-Mobile-Chrome-linux.png[39m
2025-04-11T20:14:13.2699770Z     Received: [33m/ionic/test-results/src-components-button-test-df9b2-not-have-visual-regressions-Mobile-Chrome-retry1/button-fill-clear-ionic-ios-ltr-light-actual.png[39m
2025-04-11T20:14:13.2701280Z         Diff: [33m/ionic/test-results/src-components-button-test-df9b2-not-have-visual-regressions-Mobile-Chrome-retry1/button-fill-clear-ionic-ios-ltr-light-diff.png[39m
2025-04-11T20:14:13.2701967Z 
2025-04-11T20:14:13.2702178Z     Call log:
2025-04-11T20:14:13.2702708Z     [2m  - expect.toHaveScreenshot(button-fill-clear-ionic-ios-ltr-light.png) with timeout 5000ms[22m
2025-04-11T20:14:13.2703290Z     [2m    - verifying given screenshot expectation[22m
2025-04-11T20:14:13.2703653Z     [2m  - taking page screenshot[22m
2025-04-11T20:14:13.2703999Z     [2m    - disabled all CSS animations[22m
2025-04-11T20:14:13.2704471Z     [2m  - waiting for fonts to load...[22m
2025-04-11T20:14:13.2704781Z     [2m  - fonts loaded[22m
2025-04-11T20:14:13.2705317Z     [2m  - 223 pixels (ratio 0.01 of all image pixels) are different.[22m
2025-04-11T20:14:13.2705961Z     [2m  - waiting 100ms before taking screenshot[22m
2025-04-11T20:14:13.2706545Z     [2m  - taking page screenshot[22m
2025-04-11T20:14:13.2707122Z     [2m    - disabled all CSS animations[22m
2025-04-11T20:14:13.2707696Z     [2m  - waiting for fonts to load...[22m
2025-04-11T20:14:13.2708201Z     [2m  - fonts loaded[22m
2025-04-11T20:14:13.2708745Z     [2m  - captured a stable screenshot[22m
2025-04-11T20:14:13.2709486Z     [2m  - 223 pixels (ratio 0.01 of all image pixels) are different.[22m
2025-04-11T20:14:13.2709906Z 
2025-04-11T20:14:13.2709913Z 
2025-04-11T20:14:13.2710133Z       13 |         await page.setIonViewport();
2025-04-11T20:14:13.2710550Z       14 |
2025-04-11T20:14:13.2711090Z     > 15 |         await expect(page).toHaveScreenshot(screenshot(`button-fill-clear`));
2025-04-11T20:14:13.2711677Z          |                            ^
2025-04-11T20:14:13.2711922Z       16 |       });
2025-04-11T20:14:13.2712113Z       17 |     });
2025-04-11T20:14:13.2712291Z       18 |   }
2025-04-11T20:14:13.2712611Z         at /ionic/src/components/button/test/clear/button.e2e.ts:15:28
2025-04-11T20:14:13.2712875Z 
2025-04-11T20:14:13.2713322Z     attachment #1: button-fill-clear-ionic-ios-ltr-light-expected.png (image/png) ──────────────────
2025-04-11T20:14:13.2714432Z     src/components/button/test/clear/button.e2e.ts-snapshots/button-fill-clear-ionic-ios-ltr-light-Mobile-Chrome-linux.png
2025-04-11T20:14:13.2715271Z     ────────────────────────────────────────────────────────────────────────────────────────────────
2025-04-11T20:14:13.2715512Z 
2025-04-11T20:14:13.2715931Z     attachment #2: button-fill-clear-ionic-ios-ltr-light-actual.png (image/png) ────────────────────
2025-04-11T20:14:13.2717207Z     test-results/src-components-button-test-df9b2-not-have-visual-regressions-Mobile-Chrome-retry1/button-fill-clear-ionic-ios-ltr-light-actual.png
2025-04-11T20:14:13.2718964Z     ────────────────────────────────────────────────────────────────────────────────────────────────
2025-04-11T20:14:13.2719391Z 
2025-04-11T20:14:13.2720251Z     attachment #3: button-fill-clear-ionic-ios-ltr-light-diff.png (image/png) ──────────────────────
2025-04-11T20:14:13.2722133Z     test-results/src-components-button-test-df9b2-not-have-visual-regressions-Mobile-Chrome-retry1/button-fill-clear-ionic-ios-ltr-light-diff.png
2025-04-11T20:14:13.2723892Z     ────────────────────────────────────────────────────────────────────────────────────────────────
2025-04-11T20:14:13.2724544Z 
2025-04-11T20:14:13.2725279Z     attachment #5: trace (application/zip) ─────────────────────────────────────────────────────────
2025-04-11T20:14:13.2726684Z     test-results/src-components-button-test-df9b2-not-have-visual-regressions-Mobile-Chrome-retry1/trace.zip
2025-04-11T20:14:13.2727699Z     Usage:
2025-04-11T20:14:13.2727881Z 
2025-04-11T20:14:13.2728946Z         npx playwright show-trace test-results/src-components-button-test-df9b2-not-have-visual-regressions-Mobile-Chrome-retry1/trace.zip
2025-04-11T20:14:13.2730001Z 
2025-04-11T20:14:13.2730609Z     ────────────────────────────────────────────────────────────────────────────────────────────────
2025-04-11T20:14:13.2731030Z 
2025-04-11T20:14:13.2731651Z     Retry #2 ───────────────────────────────────────────────────────────────────────────────────────
2025-04-11T20:14:13.2732082Z 
2025-04-11T20:14:13.2732766Z     Error: [2mexpect([22m[31mpage[39m[2m).[22mtoHaveScreenshot[2m([22m[32mexpected[39m[2m)[22m
2025-04-11T20:14:13.2733630Z 
2025-04-11T20:14:13.2733962Z       223 pixels (ratio 0.01 of all image pixels) are different.
2025-04-11T20:14:13.2734553Z 
2025-04-11T20:14:13.2735838Z     Expected: [33m/ionic/src/components/button/test/clear/button.e2e.ts-snapshots/button-fill-clear-ionic-ios-ltr-light-Mobile-Chrome-linux.png[39m
2025-04-11T20:14:13.2738727Z     Received: [33m/ionic/test-results/src-components-button-test-df9b2-not-have-visual-regressions-Mobile-Chrome-retry2/button-fill-clear-ionic-ios-ltr-light-actual.png[39m
2025-04-11T20:14:13.2741571Z         Diff: [33m/ionic/test-results/src-components-button-test-df9b2-not-have-visual-regressions-Mobile-Chrome-retry2/button-fill-clear-ionic-ios-ltr-light-diff.png[39m
2025-04-11T20:14:13.2742852Z 
2025-04-11T20:14:13.2742992Z     Call log:
2025-04-11T20:14:13.2743936Z     [2m  - expect.toHaveScreenshot(button-fill-clear-ionic-ios-ltr-light.png) with timeout 5000ms[22m
2025-04-11T20:14:13.2745218Z     [2m    - verifying given screenshot expectation[22m
2025-04-11T20:14:13.2745864Z     [2m  - taking page screenshot[22m
2025-04-11T20:14:13.2746465Z     [2m    - disabled all CSS animations[22m
2025-04-11T20:14:13.2747093Z     [2m  - waiting for fonts to load...[22m
2025-04-11T20:14:13.2747414Z     [2m  - fonts loaded[22m
2025-04-11T20:14:13.2747949Z     [2m  - 223 pixels (ratio 0.01 of all image pixels) are different.[22m
2025-04-11T20:14:13.2748730Z     [2m  - waiting 100ms before taking screenshot[22m
2025-04-11T20:14:13.2749350Z     [2m  - taking page screenshot[22m
2025-04-11T20:14:13.2749956Z     [2m    - disabled all CSS animations[22m
2025-04-11T20:14:13.2750568Z     [2m  - waiting for fonts to load...[22m
2025-04-11T20:14:13.2751074Z     [2m  - fonts loaded[22m
2025-04-11T20:14:13.2751619Z     [2m  - captured a stable screenshot[22m
2025-04-11T20:14:13.2752393Z     [2m  - 223 pixels (ratio 0.01 of all image pixels) are different.[22m
2025-04-11T20:14:13.2752851Z 
2025-04-11T20:14:13.2752860Z 
2025-04-11T20:14:13.2753089Z       13 |         await page.setIonViewport();
2025-04-11T20:14:13.2753538Z       14 |
2025-04-11T20:14:13.2754315Z     > 15 |         await expect(page).toHaveScreenshot(screenshot(`button-fill-clear`));
2025-04-11T20:14:13.2755012Z          |                            ^
2025-04-11T20:14:13.2755416Z       16 |       });
2025-04-11T20:14:13.2755742Z       17 |     });
2025-04-11T20:14:13.2756049Z       18 |   }
2025-04-11T20:14:13.2756598Z         at /ionic/src/components/button/test/clear/button.e2e.ts:15:28
2025-04-11T20:14:13.2757061Z 
2025-04-11T20:14:13.2757884Z     attachment #1: button-fill-clear-ionic-ios-ltr-light-expected.png (image/png) ──────────────────
2025-04-11T20:14:13.2759459Z     src/components/button/test/clear/button.e2e.ts-snapshots/button-fill-clear-ionic-ios-ltr-light-Mobile-Chrome-linux.png
2025-04-11T20:14:13.2760957Z     ────────────────────────────────────────────────────────────────────────────────────────────────
2025-04-11T20:14:13.2761620Z 
2025-04-11T20:14:13.2762422Z     attachment #2: button-fill-clear-ionic-ios-ltr-light-actual.png (image/png) ────────────────────
2025-04-11T20:14:13.2764439Z     test-results/src-components-button-test-df9b2-not-have-visual-regressions-Mobile-Chrome-retry2/button-fill-clear-ionic-ios-ltr-light-actual.png
2025-04-11T20:14:13.2766199Z     ────────────────────────────────────────────────────────────────────────────────────────────────
2025-04-11T20:14:13.2766616Z 
2025-04-11T20:14:13.2767610Z     attachment #3: button-fill-clear-ionic-ios-ltr-light-diff.png (image/png) ──────────────────────
2025-04-11T20:14:13.2769424Z     test-results/src-components-button-test-df9b2-not-have-visual-regressions-Mobile-Chrome-retry2/button-fill-clear-ionic-ios-ltr-light-diff.png
2025-04-11T20:14:13.2771124Z     ────────────────────────────────────────────────────────────────────────────────────────────────
2025-04-11T20:14:13.2771528Z 
2025-04-11T20:14:13.2772184Z     attachment #5: trace (application/zip) ─────────────────────────────────────────────────────────
2025-04-11T20:14:13.2773539Z     test-results/src-components-button-test-df9b2-not-have-visual-regressions-Mobile-Chrome-retry2/trace.zip
2025-04-11T20:14:13.2774665Z     Usage:
2025-04-11T20:14:13.2774839Z 
2025-04-11T20:14:13.2775783Z         npx playwright show-trace test-results/src-components-button-test-df9b2-not-have-visual-regressions-Mobile-Chrome-retry2/trace.zip
2025-04-11T20:14:13.2776797Z 
2025-04-11T20:14:13.2777368Z     ────────────────────────────────────────────────────────────────────────────────────────────────
2025-04-11T20:14:13.2777747Z 
2025-04-11T20:14:13.2778779Z   6) [Mobile Chrome] › src/components/button/test/states/button.e2e.ts:71:9 › button: activated - ionic/md/ltr/light › should render clear button with color 
2025-04-11T20:14:13.2779710Z 
2025-04-11T20:14:13.2780364Z     Error: [2mexpect([22m[31mlocator[39m[2m).[22mtoHaveScreenshot[2m([22m[32mexpected[39m[2m)[22m
2025-04-11T20:14:13.2780936Z 
2025-04-11T20:14:13.2781227Z       38 pixels (ratio 0.02 of all image pixels) are different.
2025-04-11T20:14:13.2781632Z 
2025-04-11T20:14:13.2783086Z     Expected: [33m/ionic/src/components/button/test/states/button.e2e.ts-snapshots/button-activated-clear-color-ionic-md-ltr-light-Mobile-Chrome-linux.png[39m
2025-04-11T20:14:13.2786607Z     Received: [33m/ionic/test-results/src-components-button-test-7b3c5-der-clear-button-with-color-Mobile-Chrome/button-activated-clear-color-ionic-md-ltr-light-actual.png[39m
2025-04-11T20:14:13.2789619Z         Diff: [33m/ionic/test-results/src-components-button-test-7b3c5-der-clear-button-with-color-Mobile-Chrome/button-activated-clear-color-ionic-md-ltr-light-diff.png[39m
2025-04-11T20:14:13.2790903Z 
2025-04-11T20:14:13.2791046Z     Call log:
2025-04-11T20:14:13.2792119Z     [2m  - expect.toHaveScreenshot(button-activated-clear-color-ionic-md-ltr-light.png) with timeout 5000ms[22m
2025-04-11T20:14:13.2792803Z     [2m    - verifying given screenshot expectation[22m
2025-04-11T20:14:13.2793397Z     [2m  - waiting for locator('ion-button')[22m
2025-04-11T20:14:13.2794767Z     [2m    - locator resolved to <ion-button fill="clear" color="warning" class="ion-activated ion-color ion-color-warning ionic button button-round button-clear ion-activatable ion-focusable hydrated">Button</ion-button>[22m
2025-04-11T20:14:13.2795698Z     [2m  - taking element screenshot[22m
2025-04-11T20:14:13.2796054Z     [2m    - disabled all CSS animations[22m
2025-04-11T20:14:13.2796549Z     [2m  - waiting for fonts to load...[22m
2025-04-11T20:14:13.2796869Z     [2m  - fonts loaded[22m
2025-04-11T20:14:13.2797205Z     [2m  - attempting scroll into view action[22m
2025-04-11T20:14:13.2797581Z     [2m    - waiting for element to be stable[22m
2025-04-11T20:14:13.2798032Z     [2m  - 38 pixels (ratio 0.02 of all image pixels) are different.[22m
2025-04-11T20:14:13.2798474Z     [2m  - waiting 100ms before taking screenshot[22m
2025-04-11T20:14:13.2798852Z     [2m  - waiting for locator('ion-button')[22m
2025-04-11T20:14:13.2799961Z     [2m    - locator resolved to <ion-button fill="clear" color="warning" class="ion-activated ion-color ion-color-warning ionic button button-round button-clear ion-activatable ion-focusable hydrated">Button</ion-button>[22m
2025-04-11T20:14:13.2800864Z     [2m  - taking element screenshot[22m
2025-04-11T20:14:13.2801209Z     [2m    - disabled all CSS animations[22m
2025-04-11T20:14:13.2801558Z     [2m  - waiting for fonts to load...[22m
2025-04-11T20:14:13.2801859Z     [2m  - fonts loaded[22m
2025-04-11T20:14:13.2802189Z     [2m  - attempting scroll into view action[22m
2025-04-11T20:14:13.2802552Z     [2m    - waiting for element to be stable[22m
2025-04-11T20:14:13.2802900Z     [2m  - captured a stable screenshot[22m
2025-04-11T20:14:13.2803336Z     [2m  - 38 pixels (ratio 0.02 of all image pixels) are different.[22m
2025-04-11T20:14:13.2803594Z 
2025-04-11T20:14:13.2803599Z 
2025-04-11T20:14:13.2803762Z       79 |       const button = page.locator('ion-button');
2025-04-11T20:14:13.2804044Z       80 |
2025-04-11T20:14:13.2804575Z     > 81 |       await expect(button).toHaveScreenshot(screenshot(`button-activated-clear-color`));
2025-04-11T20:14:13.2805014Z          |                            ^
2025-04-11T20:14:13.2805250Z       82 |     });
2025-04-11T20:14:13.2805433Z       83 |   });
2025-04-11T20:14:13.2805612Z       84 | });
2025-04-11T20:14:13.2805937Z         at /ionic/src/components/button/test/states/button.e2e.ts:81:28
2025-04-11T20:14:13.2806220Z 
2025-04-11T20:14:13.2806674Z     attachment #1: button-activated-clear-color-ionic-md-ltr-light-expected.png (image/png) ────────
2025-04-11T20:14:13.2807628Z     src/components/button/test/states/button.e2e.ts-snapshots/button-activated-clear-color-ionic-md-ltr-light-Mobile-Chrome-linux.png
2025-04-11T20:14:13.2808488Z     ────────────────────────────────────────────────────────────────────────────────────────────────
2025-04-11T20:14:13.2808722Z 
2025-04-11T20:14:13.2809164Z     attachment #2: button-activated-clear-color-ionic-md-ltr-light-actual.png (image/png) ──────────
2025-04-11T20:14:13.2810180Z     test-results/src-components-button-test-7b3c5-der-clear-button-with-color-Mobile-Chrome/button-activated-clear-color-ionic-md-ltr-light-actual.png
2025-04-11T20:14:13.2811122Z     ────────────────────────────────────────────────────────────────────────────────────────────────
2025-04-11T20:14:13.2811354Z 
2025-04-11T20:14:13.2811789Z     attachment #3: button-activated-clear-color-ionic-md-ltr-light-diff.png (image/png) ────────────
2025-04-11T20:14:13.2812786Z     test-results/src-components-button-test-7b3c5-der-clear-button-with-color-Mobile-Chrome/button-activated-clear-color-ionic-md-ltr-light-diff.png
2025-04-11T20:14:13.2813707Z     ────────────────────────────────────────────────────────────────────────────────────────────────
2025-04-11T20:14:13.2813938Z 
2025-04-11T20:14:13.2814405Z     attachment #5: trace (application/zip) ─────────────────────────────────────────────────────────
2025-04-11T20:14:13.2815248Z     test-results/src-components-button-test-7b3c5-der-clear-button-with-color-Mobile-Chrome/trace.zip
2025-04-11T20:14:13.2815738Z     Usage:
2025-04-11T20:14:13.2815846Z 
2025-04-11T20:14:13.2816337Z         npx playwright show-trace test-results/src-components-button-test-7b3c5-der-clear-button-with-color-Mobile-Chrome/trace.zip
2025-04-11T20:14:13.2816852Z 
2025-04-11T20:14:13.2817298Z     ────────────────────────────────────────────────────────────────────────────────────────────────
2025-04-11T20:14:13.2817532Z 
2025-04-11T20:14:13.2817855Z     Retry #1 ───────────────────────────────────────────────────────────────────────────────────────
2025-04-11T20:14:13.2818101Z 
2025-04-11T20:14:13.2818509Z     Error: [2mexpect([22m[31mlocator[39m[2m).[22mtoHaveScreenshot[2m([22m[32mexpected[39m[2m)[22m
2025-04-11T20:14:13.2818857Z 
2025-04-11T20:14:13.2819048Z       38 pixels (ratio 0.02 of all image pixels) are different.
2025-04-11T20:14:13.2819296Z 
2025-04-11T20:14:13.2820087Z     Expected: [33m/ionic/src/components/button/test/states/button.e2e.ts-snapshots/button-activated-clear-color-ionic-md-ltr-light-Mobile-Chrome-linux.png[39m
2025-04-11T20:14:13.2821626Z     Received: [33m/ionic/test-results/src-components-button-test-7b3c5-der-clear-button-with-color-Mobile-Chrome-retry1/button-activated-clear-color-ionic-md-ltr-light-actual.png[39m
2025-04-11T20:14:13.2823321Z         Diff: [33m/ionic/test-results/src-components-button-test-7b3c5-der-clear-button-with-color-Mobile-Chrome-retry1/button-activated-clear-color-ionic-md-ltr-light-diff.png[39m
2025-04-11T20:14:13.2824736Z 
2025-04-11T20:14:13.2824887Z     Call log:
2025-04-11T20:14:13.2825665Z     [2m  - expect.toHaveScreenshot(button-activated-clear-color-ionic-md-ltr-light.png) with timeout 5000ms[22m
2025-04-11T20:14:13.2826723Z     [2m    - verifying given screenshot expectation[22m
2025-04-11T20:14:13.2827402Z     [2m  - waiting for locator('ion-button')[22m
2025-04-11T20:14:13.2829319Z     [2m    - locator resolved to <ion-button fill="clear" color="warning" class="ion-activated ion-color ion-color-warning ionic button button-round button-clear ion-activatable ion-focusable hydrated">Button</ion-button>[22m
2025-04-11T20:14:13.2830388Z     [2m  - taking element screenshot[22m
2025-04-11T20:14:13.2830742Z     [2m    - disabled all CSS animations[22m
2025-04-11T20:14:13.2831090Z     [2m  - waiting for fonts to load...[22m
2025-04-11T20:14:13.2831392Z     [2m  - fonts loaded[22m
2025-04-11T20:14:13.2831733Z     [2m  - attempting scroll into view action[22m
2025-04-11T20:14:13.2832105Z     [2m    - waiting for element to be stable[22m
2025-04-11T20:14:13.2832561Z     [2m  - 38 pixels (ratio 0.02 of all image pixels) are different.[22m
2025-04-11T20:14:13.2833008Z     [2m  - waiting 100ms before taking screenshot[22m
2025-04-11T20:14:13.2833387Z     [2m  - waiting for locator('ion-button')[22m
2025-04-11T20:14:13.2834693Z     [2m    - locator resolved to <ion-button fill="clear" color="warning" class="ion-activated ion-color ion-color-warning ionic button button-round button-clear ion-activatable ion-focusable hydrated">Button</ion-button>[22m
2025-04-11T20:14:13.2835768Z     [2m  - taking element screenshot[22m
2025-04-11T20:14:13.2836113Z     [2m    - disabled all CSS animations[22m
2025-04-11T20:14:13.2836456Z     [2m  - waiting for fonts to load...[22m
2025-04-11T20:14:13.2836747Z     [2m  - fonts loaded[22m
2025-04-11T20:14:13.2837183Z     [2m  - attempting scroll into view action[22m
2025-04-11T20:14:13.2837558Z     [2m    - waiting for element to be stable[22m
2025-04-11T20:14:13.2837914Z     [2m  - captured a stable screenshot[22m
2025-04-11T20:14:13.2838346Z     [2m  - 38 pixels (ratio 0.02 of all image pixels) are different.[22m
2025-04-11T20:14:13.2838644Z 
2025-04-11T20:14:13.2838652Z 
2025-04-11T20:14:13.2838927Z       79 |       const button = page.locator('ion-button');
2025-04-11T20:14:13.2839426Z       80 |
2025-04-11T20:14:13.2840174Z     > 81 |       await expect(button).toHaveScreenshot(screenshot(`button-activated-clear-color`));
2025-04-11T20:14:13.2840992Z          |                            ^
2025-04-11T20:14:13.2841419Z       82 |     });
2025-04-11T20:14:13.2841740Z       83 |   });
2025-04-11T20:14:13.2842061Z       84 | });
2025-04-11T20:14:13.2842632Z         at /ionic/src/components/button/test/states/button.e2e.ts:81:28
2025-04-11T20:14:13.2843108Z 
2025-04-11T20:14:13.2843986Z     attachment #1: button-activated-clear-color-ionic-md-ltr-light-expected.png (image/png) ────────
2025-04-11T20:14:13.2845965Z     src/components/button/test/states/button.e2e.ts-snapshots/button-activated-clear-color-ionic-md-ltr-light-Mobile-Chrome-linux.png
2025-04-11T20:14:13.2847603Z     ────────────────────────────────────────────────────────────────────────────────────────────────
2025-04-11T20:14:13.2848021Z 
2025-04-11T20:14:13.2848849Z     attachment #2: button-activated-clear-color-ionic-md-ltr-light-actual.png (image/png) ──────────
2025-04-11T20:14:13.2850914Z     test-results/src-components-button-test-7b3c5-der-clear-button-with-color-Mobile-Chrome-retry1/button-activated-clear-color-ionic-md-ltr-light-actual.png
2025-04-11T20:14:13.2852765Z     ────────────────────────────────────────────────────────────────────────────────────────────────
2025-04-11T20:14:13.2853182Z 
2025-04-11T20:14:13.2853997Z     attachment #3: button-activated-clear-color-ionic-md-ltr-light-diff.png (image/png) ────────────
2025-04-11T20:14:13.2856167Z     test-results/src-components-button-test-7b3c5-der-clear-button-with-color-Mobile-Chrome-retry1/button-activated-clear-color-ionic-md-ltr-light-diff.png
2025-04-11T20:14:13.2858000Z     ────────────────────────────────────────────────────────────────────────────────────────────────
2025-04-11T20:14:13.2858414Z 
2025-04-11T20:14:13.2859088Z     attachment #5: trace (application/zip) ─────────────────────────────────────────────────────────
2025-04-11T20:14:13.2860410Z     test-results/src-components-button-test-7b3c5-der-clear-button-with-color-Mobile-Chrome-retry1/trace.zip
2025-04-11T20:14:13.2861643Z     Usage:
2025-04-11T20:14:13.2861821Z 
2025-04-11T20:14:13.2862836Z         npx playwright show-trace test-results/src-components-button-test-7b3c5-der-clear-button-with-color-Mobile-Chrome-retry1/trace.zip
2025-04-11T20:14:13.2863889Z 
2025-04-11T20:14:13.2864678Z     ────────────────────────────────────────────────────────────────────────────────────────────────
2025-04-11T20:14:13.2865115Z 
2025-04-11T20:14:13.2865970Z     Retry #2 ───────────────────────────────────────────────────────────────────────────────────────
2025-04-11T20:14:13.2866456Z 
2025-04-11T20:14:13.2867164Z     Error: [2mexpect([22m[31mlocator[39m[2m).[22mtoHaveScreenshot[2m([22m[32mexpected[39m[2m)[22m
2025-04-11T20:14:13.2867781Z 
2025-04-11T20:14:13.2868110Z       38 pixels (ratio 0.02 of all image pixels) are different.
2025-04-11T20:14:13.2868524Z 
2025-04-11T20:14:13.2869968Z     Expected: [33m/ionic/src/components/button/test/states/button.e2e.ts-snapshots/button-activated-clear-color-ionic-md-ltr-light-Mobile-Chrome-linux.png[39m
2025-04-11T20:14:13.2872888Z     Received: [33m/ionic/test-results/src-components-button-test-7b3c5-der-clear-button-with-color-Mobile-Chrome-retry2/button-activated-clear-color-ionic-md-ltr-light-actual.png[39m
2025-04-11T20:14:13.2876168Z         Diff: [33m/ionic/test-results/src-components-button-test-7b3c5-der-clear-button-with-color-Mobile-Chrome-retry2/button-activated-clear-color-ionic-md-ltr-light-diff.png[39m
2025-04-11T20:14:13.2877522Z 
2025-04-11T20:14:13.2877671Z     Call log:
2025-04-11T20:14:13.2878823Z     [2m  - expect.toHaveScreenshot(button-activated-clear-color-ionic-md-ltr-light.png) with timeout 5000ms[22m
2025-04-11T20:14:13.2879985Z     [2m    - verifying given screenshot expectation[22m
2025-04-11T20:14:13.2880707Z     [2m  - waiting for locator('ion-button')[22m
2025-04-11T20:14:13.2882760Z     [2m    - locator resolved to <ion-button fill="clear" color="warning" class="ion-activated ion-color ion-color-warning ionic button button-round button-clear ion-activatable ion-focusable hydrated">Button</ion-button>[22m
2025-04-11T20:14:13.2884630Z     [2m  - taking element screenshot[22m
2025-04-11T20:14:13.2885279Z     [2m    - disabled all CSS animations[22m
2025-04-11T20:14:13.2885927Z     [2m  - waiting for fonts to load...[22m
2025-04-11T20:14:13.2886498Z     [2m  - fonts loaded[22m
2025-04-11T20:14:13.2887103Z     [2m  - attempting scroll into view action[22m
2025-04-11T20:14:13.2887781Z     [2m    - waiting for element to be stable[22m
2025-04-11T20:14:13.2888577Z     [2m  - 38 pixels (ratio 0.02 of all image pixels) are different.[22m
2025-04-11T20:14:13.2889372Z     [2m  - waiting 100ms before taking screenshot[22m
2025-04-11T20:14:13.2890049Z     [2m  - waiting for locator('ion-button')[22m
2025-04-11T20:14:13.2892067Z     [2m    - locator resolved to <ion-button fill="clear" color="warning" class="ion-activated ion-color ion-color-warning ionic button button-round button-clear ion-activatable ion-focusable hydrated">Button</ion-button>[22m
2025-04-11T20:14:13.2893751Z     [2m  - taking element screenshot[22m
2025-04-11T20:14:13.2894618Z     [2m    - disabled all CSS animations[22m
2025-04-11T20:14:13.2895292Z     [2m  - waiting for fonts to load...[22m
2025-04-11T20:14:13.2895844Z     [2m  - fonts loaded[22m
2025-04-11T20:14:13.2896439Z     [2m  - attempting scroll into view action[22m
2025-04-11T20:14:13.2897140Z     [2m    - waiting for element to be stable[22m
2025-04-11T20:14:13.2897801Z     [2m  - captured a stable screenshot[22m
2025-04-11T20:14:13.2898620Z     [2m  - 38 pixels (ratio 0.02 of all image pixels) are different.[22m
2025-04-11T20:14:13.2899067Z 
2025-04-11T20:14:13.2899078Z 
2025-04-11T20:14:13.2899362Z       79 |       const button = page.locator('ion-button');
2025-04-11T20:14:13.2899858Z       80 |
2025-04-11T20:14:13.2900586Z     > 81 |       await expect(button).toHaveScreenshot(screenshot(`button-activated-clear-color`));
2025-04-11T20:14:13.2901660Z          |                            ^
2025-04-11T20:14:13.2902091Z       82 |     });
2025-04-11T20:14:13.2902424Z       83 |   });
2025-04-11T20:14:13.2902747Z       84 | });
2025-04-11T20:14:13.2903324Z         at /ionic/src/components/button/test/states/button.e2e.ts:81:28
2025-04-11T20:14:13.2903798Z 
2025-04-11T20:14:13.2904866Z     attachment #1: button-activated-clear-color-ionic-md-ltr-light-expected.png (image/png) ────────
2025-04-11T20:14:13.2906868Z     src/components/button/test/states/button.e2e.ts-snapshots/button-activated-clear-color-ionic-md-ltr-light-Mobile-Chrome-linux.png
2025-04-11T20:14:13.2908491Z     ────────────────────────────────────────────────────────────────────────────────────────────────
2025-04-11T20:14:13.2908902Z 
2025-04-11T20:14:13.2909704Z     attachment #2: button-activated-clear-color-ionic-md-ltr-light-actual.png (image/png) ──────────
2025-04-11T20:14:13.2911684Z     test-results/src-components-button-test-7b3c5-der-clear-button-with-color-Mobile-Chrome-retry2/button-activated-clear-color-ionic-md-ltr-light-actual.png
2025-04-11T20:14:13.2913539Z     ────────────────────────────────────────────────────────────────────────────────────────────────
2025-04-11T20:14:13.2913961Z 
2025-04-11T20:14:13.2914971Z     attachment #3: button-activated-clear-color-ionic-md-ltr-light-diff.png (image/png) ────────────
2025-04-11T20:14:13.2916926Z     test-results/src-components-button-test-7b3c5-der-clear-button-with-color-Mobile-Chrome-retry2/button-activated-clear-color-ionic-md-ltr-light-diff.png
2025-04-11T20:14:13.2918701Z     ────────────────────────────────────────────────────────────────────────────────────────────────
2025-04-11T20:14:13.2919118Z 
2025-04-11T20:14:13.2919861Z     attachment #5: trace (application/zip) ─────────────────────────────────────────────────────────
2025-04-11T20:14:13.2921227Z     test-results/src-components-button-test-7b3c5-der-clear-button-with-color-Mobile-Chrome-retry2/trace.zip
2025-04-11T20:14:13.2922228Z     Usage:
2025-04-11T20:14:13.2922398Z 
2025-04-11T20:14:13.2923401Z         npx playwright show-trace test-results/src-components-button-test-7b3c5-der-clear-button-with-color-Mobile-Chrome-retry2/trace.zip
2025-04-11T20:14:13.2924622Z 
2025-04-11T20:14:13.2925227Z     ────────────────────────────────────────────────────────────────────────────────────────────────
2025-04-11T20:14:13.2925646Z 
2025-04-11T20:14:13.2926629Z   7) [Mobile Chrome] › src/components/chip/test/hue/chip.e2e.ts:6:9 › chip: hue - ionic/md/ltr/light › should render subtle chips 
2025-04-11T20:14:13.2927415Z 
2025-04-11T20:14:13.2928154Z     Error: [2mexpect([22m[31mlocator[39m[2m).[22mtoHaveScreenshot[2m([22m[32mexpected[39m[2m)[22m
2025-04-11T20:14:13.2928779Z 
2025-04-11T20:14:13.2929114Z       152 pixels (ratio 0.01 of all image pixels) are different.
2025-04-11T20:14:13.2929520Z 
2025-04-11T20:14:13.2930713Z     Expected: [33m/ionic/src/components/chip/test/hue/chip.e2e.ts-snapshots/chip-hue-subtle-ionic-md-ltr-light-Mobile-Chrome-linux.png[39m
2025-04-11T20:14:13.2933422Z     Received: [33m/ionic/test-results/src-components-chip-test-h-0af27--should-render-subtle-chips-Mobile-Chrome/chip-hue-subtle-ionic-md-ltr-light-actual.png[39m
2025-04-11T20:14:13.2936287Z         Diff: [33m/ionic/test-results/src-components-chip-test-h-0af27--should-render-subtle-chips-Mobile-Chrome/chip-hue-subtle-ionic-md-ltr-light-diff.png[39m
2025-04-11T20:14:13.2937483Z 
2025-04-11T20:14:13.2937617Z     Call log:
2025-04-11T20:14:13.2938816Z     [2m  - expect.toHaveScreenshot(chip-hue-subtle-ionic-md-ltr-light.png) with timeout 5000ms[22m
2025-04-11T20:14:13.2939887Z     [2m    - verifying given screenshot expectation[22m
2025-04-11T20:14:13.2940582Z     [2m  - waiting for locator('#container')[22m
2025-04-11T20:14:13.2941341Z     [2m    - locator resolved to <div id="container">…</div>[22m
2025-04-11T20:14:13.2942023Z     [2m  - taking element screenshot[22m
2025-04-11T20:14:13.2942639Z     [2m    - disabled all CSS animations[22m
2025-04-11T20:14:13.2943271Z     [2m  - waiting for fonts to load...[22m
2025-04-11T20:14:13.2943804Z     [2m  - fonts loaded[22m
2025-04-11T20:14:13.2944581Z     [2m  - attempting scroll into view action[22m
2025-04-11T20:14:13.2945266Z     [2m    - waiting for element to be stable[22m
2025-04-11T20:14:13.2946076Z     [2m  - 152 pixels (ratio 0.01 of all image pixels) are different.[22m
2025-04-11T20:14:13.2946846Z     [2m  - waiting 100ms before taking screenshot[22m
2025-04-11T20:14:13.2947506Z     [2m  - waiting for locator('#container')[22m
2025-04-11T20:14:13.2948234Z     [2m    - locator resolved to <div id="container">…</div>[22m
2025-04-11T20:14:13.2948892Z     [2m  - taking element screenshot[22m
2025-04-11T20:14:13.2949472Z     [2m    - disabled all CSS animations[22m
2025-04-11T20:14:13.2950072Z     [2m  - waiting for fonts to load...[22m
2025-04-11T20:14:13.2950580Z     [2m  - fonts loaded[22m
2025-04-11T20:14:13.2951132Z     [2m  - attempting scroll into view action[22m
2025-04-11T20:14:13.2951756Z     [2m    - waiting for element to be stable[22m
2025-04-11T20:14:13.2952348Z     [2m  - captured a stable screenshot[22m
2025-04-11T20:14:13.2953371Z     [2m  - 152 pixels (ratio 0.01 of all image pixels) are different.[22m
2025-04-11T20:14:13.2953819Z 
2025-04-11T20:14:13.2953829Z 
2025-04-11T20:14:13.2954448Z       105 |       const container = page.locator('#container');
2025-04-11T20:14:13.2954953Z       106 |
2025-04-11T20:14:13.2955584Z     > 107 |       await expect(container).toHaveScreenshot(screenshot(`chip-hue-subtle`));
2025-04-11T20:14:13.2956457Z           |                               ^
2025-04-11T20:14:13.2956864Z       108 |     });
2025-04-11T20:14:13.2957369Z       109 |
2025-04-11T20:14:13.2957845Z       110 |     test('should render bold chips', async ({ page }) => {
2025-04-11T20:14:13.2958559Z         at /ionic/src/components/chip/test/hue/chip.e2e.ts:107:31
2025-04-11T20:14:13.2958965Z 
2025-04-11T20:14:13.2959734Z     attachment #1: chip-hue-subtle-ionic-md-ltr-light-expected.png (image/png) ─────────────────────
2025-04-11T20:14:13.2961165Z     src/components/chip/test/hue/chip.e2e.ts-snapshots/chip-hue-subtle-ionic-md-ltr-light-Mobile-Chrome-linux.png
2025-04-11T20:14:13.2962519Z     ────────────────────────────────────────────────────────────────────────────────────────────────
2025-04-11T20:14:13.2962981Z 
2025-04-11T20:14:13.2963738Z     attachment #2: chip-hue-subtle-ionic-md-ltr-light-actual.png (image/png) ───────────────────────
2025-04-11T20:14:13.2965606Z     test-results/src-components-chip-test-h-0af27--should-render-subtle-chips-Mobile-Chrome/chip-hue-subtle-ionic-md-ltr-light-actual.png
2025-04-11T20:14:13.2967169Z     ────────────────────────────────────────────────────────────────────────────────────────────────
2025-04-11T20:14:13.2967567Z 
2025-04-11T20:14:13.2968302Z     attachment #3: chip-hue-subtle-ionic-md-ltr-light-diff.png (image/png) ─────────────────────────
2025-04-11T20:14:13.2969911Z     test-results/src-components-chip-test-h-0af27--should-render-subtle-chips-Mobile-Chrome/chip-hue-subtle-ionic-md-ltr-light-diff.png
2025-04-11T20:14:13.2971692Z     ────────────────────────────────────────────────────────────────────────────────────────────────
2025-04-11T20:14:13.2972084Z 
2025-04-11T20:14:13.2972731Z     attachment #5: trace (application/zip) ─────────────────────────────────────────────────────────
2025-04-11T20:14:13.2974273Z     test-results/src-components-chip-test-h-0af27--should-render-subtle-chips-Mobile-Chrome/trace.zip
2025-04-11T20:14:13.2975168Z     Usage:
2025-04-11T20:14:13.2975341Z 
2025-04-11T20:14:13.2976221Z         npx playwright show-trace test-results/src-components-chip-test-h-0af27--should-render-subtle-chips-Mobile-Chrome/trace.zip
2025-04-11T20:14:13.2977128Z 
2025-04-11T20:14:13.2977675Z     ────────────────────────────────────────────────────────────────────────────────────────────────
2025-04-11T20:14:13.2978067Z 
2025-04-11T20:14:13.2978615Z     Retry #1 ───────────────────────────────────────────────────────────────────────────────────────
2025-04-11T20:14:13.2979059Z 
2025-04-11T20:14:13.2979751Z     Error: [2mexpect([22m[31mlocator[39m[2m).[22mtoHaveScreenshot[2m([22m[32mexpected[39m[2m)[22m
2025-04-11T20:14:13.2980356Z 
2025-04-11T20:14:13.2980664Z       152 pixels (ratio 0.01 of all image pixels) are different.
2025-04-11T20:14:13.2981070Z 
2025-04-11T20:14:13.2982207Z     Expected: [33m/ionic/src/components/chip/test/hue/chip.e2e.ts-snapshots/chip-hue-subtle-ionic-md-ltr-light-Mobile-Chrome-linux.png[39m
2025-04-11T20:14:13.2984786Z     Received: [33m/ionic/test-results/src-components-chip-test-h-0af27--should-render-subtle-chips-Mobile-Chrome-retry1/chip-hue-subtle-ionic-md-ltr-light-actual.png[39m
2025-04-11T20:14:13.2987537Z         Diff: [33m/ionic/test-results/src-components-chip-test-h-0af27--should-render-subtle-chips-Mobile-Chrome-retry1/chip-hue-subtle-ionic-md-ltr-light-diff.png[39m
2025-04-11T20:14:13.2988813Z 
2025-04-11T20:14:13.2988954Z     Call log:
2025-04-11T20:14:13.2989940Z     [2m  - expect.toHaveScreenshot(chip-hue-subtle-ionic-md-ltr-light.png) with timeout 5000ms[22m
2025-04-11T20:14:13.2990977Z     [2m    - verifying given screenshot expectation[22m
2025-04-11T20:14:13.2991652Z     [2m  - waiting for locator('#container')[22m
2025-04-11T20:14:13.2992406Z     [2m    - locator resolved to <div id="container">…</div>[22m
2025-04-11T20:14:13.2993066Z     [2m  - taking element screenshot[22m
2025-04-11T20:14:13.2993676Z     [2m    - disabled all CSS animations[22m
2025-04-11T20:14:13.2994451Z     [2m  - waiting for fonts to load...[22m
2025-04-11T20:14:13.2994973Z     [2m  - fonts loaded[22m
2025-04-11T20:14:13.2995543Z     [2m  - attempting scroll into view action[22m
2025-04-11T20:14:13.2996190Z     [2m    - waiting for element to be stable[22m
2025-04-11T20:14:13.2997036Z     [2m  - 152 pixels (ratio 0.01 of all image pixels) are different.[22m
2025-04-11T20:14:13.2997834Z     [2m  - waiting 100ms before taking screenshot[22m
2025-04-11T20:14:13.2998721Z     [2m  - waiting for locator('#container')[22m
2025-04-11T20:14:13.2999473Z     [2m    - locator resolved to <div id="container">…</div>[22m
2025-04-11T20:14:13.3000160Z     [2m  - taking element screenshot[22m
2025-04-11T20:14:13.3000766Z     [2m    - disabled all CSS animations[22m
2025-04-11T20:14:13.3001398Z     [2m  - waiting for fonts to load...[22m
2025-04-11T20:14:13.3001940Z     [2m  - fonts loaded[22m
2025-04-11T20:14:13.3002737Z     [2m  - attempting scroll into view action[22m
2025-04-11T20:14:13.3003420Z     [2m    - waiting for element to be stable[22m
2025-04-11T20:14:13.3004069Z     [2m  - captured a stable screenshot[22m
2025-04-11T20:14:13.3005063Z     [2m  - 152 pixels (ratio 0.01 of all image pixels) are different.[22m
2025-04-11T20:14:13.3005517Z 
2025-04-11T20:14:13.3005525Z 
2025-04-11T20:14:13.3005827Z       105 |       const container = page.locator('#container');
2025-04-11T20:14:13.3006338Z       106 |
2025-04-11T20:14:13.3007006Z     > 107 |       await expect(container).toHaveScreenshot(screenshot(`chip-hue-subtle`));
2025-04-11T20:14:13.3007726Z           |                               ^
2025-04-11T20:14:13.3008151Z       108 |     });
2025-04-11T20:14:13.3008464Z       109 |
2025-04-11T20:14:13.3008945Z       110 |     test('should render bold chips', async ({ page }) => {
2025-04-11T20:14:13.3009683Z         at /ionic/src/components/chip/test/hue/chip.e2e.ts:107:31
2025-04-11T20:14:13.3010082Z 
2025-04-11T20:14:13.3010890Z     attachment #1: chip-hue-subtle-ionic-md-ltr-light-expected.png (image/png) ─────────────────────
2025-04-11T20:14:13.3012292Z     src/components/chip/test/hue/chip.e2e.ts-snapshots/chip-hue-subtle-ionic-md-ltr-light-Mobile-Chrome-linux.png
2025-04-11T20:14:13.3013651Z     ────────────────────────────────────────────────────────────────────────────────────────────────
2025-04-11T20:14:13.3014072Z 
2025-04-11T20:14:13.3015067Z     attachment #2: chip-hue-subtle-ionic-md-ltr-light-actual.png (image/png) ───────────────────────
2025-04-11T20:14:13.3016924Z     test-results/src-components-chip-test-h-0af27--should-render-subtle-chips-Mobile-Chrome-retry1/chip-hue-subtle-ionic-md-ltr-light-actual.png
2025-04-11T20:14:13.3018606Z     ────────────────────────────────────────────────────────────────────────────────────────────────
2025-04-11T20:14:13.3019021Z 
2025-04-11T20:14:13.3019875Z     attachment #3: chip-hue-subtle-ionic-md-ltr-light-diff.png (image/png) ─────────────────────────
2025-04-11T20:14:13.3021735Z     test-results/src-components-chip-test-h-0af27--should-render-subtle-chips-Mobile-Chrome-retry1/chip-hue-subtle-ionic-md-ltr-light-diff.png
2025-04-11T20:14:13.3023430Z     ────────────────────────────────────────────────────────────────────────────────────────────────
2025-04-11T20:14:13.3023844Z 
2025-04-11T20:14:13.3024728Z     attachment #5: trace (application/zip) ─────────────────────────────────────────────────────────
2025-04-11T20:14:13.3026119Z     test-results/src-components-chip-test-h-0af27--should-render-subtle-chips-Mobile-Chrome-retry1/trace.zip
2025-04-11T20:14:13.3027341Z     Usage:
2025-04-11T20:14:13.3027528Z 
2025-04-11T20:14:13.3028557Z         npx playwright show-trace test-results/src-components-chip-test-h-0af27--should-render-subtle-chips-Mobile-Chrome-retry1/trace.zip
2025-04-11T20:14:13.3029598Z 
2025-04-11T20:14:13.3030200Z     ────────────────────────────────────────────────────────────────────────────────────────────────
2025-04-11T20:14:13.3030616Z 
2025-04-11T20:14:13.3031422Z     Retry #2 ───────────────────────────────────────────────────────────────────────────────────────
2025-04-11T20:14:13.3031889Z 
2025-04-11T20:14:13.3032630Z     Error: [2mexpect([22m[31mlocator[39m[2m).[22mtoHaveScreenshot[2m([22m[32mexpected[39m[2m)[22m
2025-04-11T20:14:13.3033257Z 
2025-04-11T20:14:13.3033588Z       152 pixels (ratio 0.01 of all image pixels) are different.
2025-04-11T20:14:13.3034006Z 
2025-04-11T20:14:13.3035404Z     Expected: [33m/ionic/src/components/chip/test/hue/chip.e2e.ts-snapshots/chip-hue-subtle-ionic-md-ltr-light-Mobile-Chrome-linux.png[39m
2025-04-11T20:14:13.3037996Z     Received: [33m/ionic/test-results/src-components-chip-test-h-0af27--should-render-subtle-chips-Mobile-Chrome-retry2/chip-hue-subtle-ionic-md-ltr-light-actual.png[39m
2025-04-11T20:14:13.3040733Z         Diff: [33m/ionic/test-results/src-components-chip-test-h-0af27--should-render-subtle-chips-Mobile-Chrome-retry2/chip-hue-subtle-ionic-md-ltr-light-diff.png[39m
2025-04-11T20:14:13.3041999Z 
2025-04-11T20:14:13.3042149Z     Call log:
2025-04-11T20:14:13.3043099Z     [2m  - expect.toHaveScreenshot(chip-hue-subtle-ionic-md-ltr-light.png) with timeout 5000ms[22m
2025-04-11T20:14:13.3044376Z     [2m    - verifying given screenshot expectation[22m
2025-04-11T20:14:13.3045105Z     [2m  - waiting for locator('#container')[22m
2025-04-11T20:14:13.3045885Z     [2m    - locator resolved to <div id="container">…</div>[22m
2025-04-11T20:14:13.3046588Z     [2m  - taking element screenshot[22m
2025-04-11T20:14:13.3047217Z     [2m    - disabled all CSS animations[22m
2025-04-11T20:14:13.3047836Z     [2m  - waiting for fonts to load...[22m
2025-04-11T20:14:13.3048367Z     [2m  - fonts loaded[22m
2025-04-11T20:14:13.3048945Z     [2m  - attempting scroll into view action[22m
2025-04-11T20:14:13.3049606Z     [2m    - waiting for element to be stable[22m
2025-04-11T20:14:13.3050418Z     [2m  - 152 pixels (ratio 0.01 of all image pixels) are different.[22m
2025-04-11T20:14:13.3051230Z     [2m  - waiting 100ms before taking screenshot[22m
2025-04-11T20:14:13.3051904Z     [2m  - waiting for locator('#container')[22m
2025-04-11T20:14:13.3052674Z     [2m    - locator resolved to <div id="container">…</div>[22m
2025-04-11T20:14:13.3053354Z     [2m  - taking element screenshot[22m
2025-04-11T20:14:13.3053973Z     [2m    - disabled all CSS animations[22m
2025-04-11T20:14:13.3054766Z     [2m  - waiting for fonts to load...[22m
2025-04-11T20:14:13.3055299Z     [2m  - fonts loaded[22m
2025-04-11T20:14:13.3055901Z     [2m  - attempting scroll into view action[22m
2025-04-11T20:14:13.3056559Z     [2m    - waiting for element to be stable[22m
2025-04-11T20:14:13.3057187Z     [2m  - captured a stable screenshot[22m
2025-04-11T20:14:13.3057981Z     [2m  - 152 pixels (ratio 0.01 of all image pixels) are different.[22m
2025-04-11T20:14:13.3058442Z 
2025-04-11T20:14:13.3058452Z 
2025-04-11T20:14:13.3058754Z       105 |       const container = page.locator('#container');
2025-04-11T20:14:13.3059260Z       106 |
2025-04-11T20:14:13.3059942Z     > 107 |       await expect(container).toHaveScreenshot(screenshot(`chip-hue-subtle`));
2025-04-11T20:14:13.3074959Z           |                               ^
2025-04-11T20:14:13.3075414Z       108 |     });
2025-04-11T20:14:13.3075739Z       109 |
2025-04-11T20:14:13.3076252Z       110 |     test('should render bold chips', async ({ page }) => {
2025-04-11T20:14:13.3077002Z         at /ionic/src/components/chip/test/hue/chip.e2e.ts:107:31
2025-04-11T20:14:13.3077701Z 
2025-04-11T20:14:13.3078553Z     attachment #1: chip-hue-subtle-ionic-md-ltr-light-expected.png (image/png) ─────────────────────
2025-04-11T20:14:13.3079882Z     src/components/chip/test/hue/chip.e2e.ts-snapshots/chip-hue-subtle-ionic-md-ltr-light-Mobile-Chrome-linux.png
2025-04-11T20:14:13.3081119Z     ────────────────────────────────────────────────────────────────────────────────────────────────
2025-04-11T20:14:13.3081499Z 
2025-04-11T20:14:13.3082396Z     attachment #2: chip-hue-subtle-ionic-md-ltr-light-actual.png (image/png) ───────────────────────
2025-04-11T20:14:13.3084049Z     test-results/src-components-chip-test-h-0af27--should-render-subtle-chips-Mobile-Chrome-retry2/chip-hue-subtle-ionic-md-ltr-light-actual.png
2025-04-11T20:14:13.3085883Z     ────────────────────────────────────────────────────────────────────────────────────────────────
2025-04-11T20:14:13.3086269Z 
2025-04-11T20:14:13.3086946Z     attachment #3: chip-hue-subtle-ionic-md-ltr-light-diff.png (image/png) ─────────────────────────
2025-04-11T20:14:13.3088492Z     test-results/src-components-chip-test-h-0af27--should-render-subtle-chips-Mobile-Chrome-retry2/chip-hue-subtle-ionic-md-ltr-light-diff.png
2025-04-11T20:14:13.3089770Z     ────────────────────────────────────────────────────────────────────────────────────────────────
2025-04-11T20:14:13.3090196Z 
2025-04-11T20:14:13.3090889Z     attachment #5: trace (application/zip) ─────────────────────────────────────────────────────────
2025-04-11T20:14:13.3092285Z     test-results/src-components-chip-test-h-0af27--should-render-subtle-chips-Mobile-Chrome-retry2/trace.zip
2025-04-11T20:14:13.3093275Z     Usage:
2025-04-11T20:14:13.3093460Z 
2025-04-11T20:14:13.3094620Z         npx playwright show-trace test-results/src-components-chip-test-h-0af27--should-render-subtle-chips-Mobile-Chrome-retry2/trace.zip
2025-04-11T20:14:13.3095664Z 
2025-04-11T20:14:13.3096254Z     ────────────────────────────────────────────────────────────────────────────────────────────────
2025-04-11T20:14:13.3096624Z 
2025-04-11T20:14:13.3096705Z   7 failed
2025-04-11T20:14:13.3097447Z     [Mobile Chrome] › src/components/badge/test/basic/badge.e2e.ts:6:9 › badge: rendering - ionic/md/ltr/light › should not have visual regressions 
2025-04-11T20:14:13.3098561Z     [Mobile Chrome] › src/components/badge/test/basic/badge.e2e.ts:6:9 › badge: rendering - ionic/md/rtl/light › should not have visual regressions 
2025-04-11T20:14:13.3099609Z     [Mobile Chrome] › src/components/badge/test/hue/badge.e2e.ts:6:9 › badge: hue - ionic/md/ltr/light › should render subtle badges 
2025-04-11T20:14:13.3100698Z     [Mobile Chrome] › src/components/button/test/clear/button.e2e.ts:10:11 › button: fill: clear - ionic/md/ltr/light › should not have visual regressions 
2025-04-11T20:14:13.3101860Z     [Mobile Chrome] › src/components/button/test/clear/button.e2e.ts:10:11 › button: fill: clear - ionic/ios/ltr/light › should not have visual regressions 
2025-04-11T20:14:13.3103002Z     [Mobile Chrome] › src/components/button/test/states/button.e2e.ts:71:9 › button: activated - ionic/md/ltr/light › should render clear button with color 
2025-04-11T20:14:13.3104517Z     [Mobile Chrome] › src/components/chip/test/hue/chip.e2e.ts:6:9 › chip: hue - ionic/md/ltr/light › should render subtle chips 
2025-04-11T20:14:13.3105050Z   599 passed (3.7m)
2025-04-11T20:14:13.4480453Z ##[error]  1) [Mobile Chrome] › src/components/badge/test/basic/badge.e2e.ts:6:9 › badge: rendering - ionic/md/ltr/light › should not have visual regressions 
    Error: expect(page).toHaveScreenshot(expected)

      181 pixels (ratio 0.01 of all image pixels) are different.

    Expected: /ionic/src/components/badge/test/basic/badge.e2e.ts-snapshots/badge-basic-ionic-md-ltr-light-Mobile-Chrome-linux.png
    Received: /ionic/test-results/src-components-badge-test--506a3-not-have-visual-regressions-Mobile-Chrome/badge-basic-ionic-md-ltr-light-actual.png
        Diff: /ionic/test-results/src-components-badge-test--506a3-not-have-visual-regressions-Mobile-Chrome/badge-basic-ionic-md-ltr-light-diff.png

    Call log:
      - expect.toHaveScreenshot(badge-basic-ionic-md-ltr-light.png) with timeout 5000ms
        - verifying given screenshot expectation
      - taking page screenshot
        - disabled all CSS animations
      - waiting for fonts to load...
      - fonts loaded
      - 181 pixels (ratio 0.01 of all image pixels) are different.
      - waiting 100ms before taking screenshot
      - taking page screenshot
        - disabled all CSS animations
      - waiting for fonts to load...
      - fonts loaded
      - captured a stable screenshot
      - 181 pixels (ratio 0.01 of all image pixels) are different.


       9 |       await page.setIonViewport();
      10 |
    > 11 |       await expect(page).toHaveScreenshot(screenshot(`badge-basic`));
         |                          ^
      12 |     });
      13 |   });
      14 | });
        at /ionic/src/components/badge/test/basic/badge.e2e.ts:11:26
2025-04-11T20:14:13.4496702Z ##[error]  1) [Mobile Chrome] › src/components/badge/test/basic/badge.e2e.ts:6:9 › badge: rendering - ionic/md/ltr/light › should not have visual regressions 

    Retry #1 ───────────────────────────────────────────────────────────────────────────────────────
    Error: expect(page).toHaveScreenshot(expected)

      181 pixels (ratio 0.01 of all image pixels) are different.

    Expected: /ionic/src/components/badge/test/basic/badge.e2e.ts-snapshots/badge-basic-ionic-md-ltr-light-Mobile-Chrome-linux.png
    Received: /ionic/test-results/src-components-badge-test--506a3-not-have-visual-regressions-Mobile-Chrome-retry1/badge-basic-ionic-md-ltr-light-actual.png
        Diff: /ionic/test-results/src-components-badge-test--506a3-not-have-visual-regressions-Mobile-Chrome-retry1/badge-basic-ionic-md-ltr-light-diff.png

    Call log:
      - expect.toHaveScreenshot(badge-basic-ionic-md-ltr-light.png) with timeout 5000ms
        - verifying given screenshot expectation
      - taking page screenshot
        - disabled all CSS animations
      - waiting for fonts to load...
      - fonts loaded
      - 181 pixels (ratio 0.01 of all image pixels) are different.
      - waiting 100ms before taking screenshot
      - taking page screenshot
        - disabled all CSS animations
      - waiting for fonts to load...
      - fonts loaded
      - captured a stable screenshot
      - 181 pixels (ratio 0.01 of all image pixels) are different.


       9 |       await page.setIonViewport();
      10 |
    > 11 |       await expect(page).toHaveScreenshot(screenshot(`badge-basic`));
         |                          ^
      12 |     });
      13 |   });
      14 | });
        at /ionic/src/components/badge/test/basic/badge.e2e.ts:11:26
2025-04-11T20:14:13.4511915Z ##[error]  1) [Mobile Chrome] › src/components/badge/test/basic/badge.e2e.ts:6:9 › badge: rendering - ionic/md/ltr/light › should not have visual regressions 

    Retry #2 ───────────────────────────────────────────────────────────────────────────────────────
    Error: expect(page).toHaveScreenshot(expected)

      181 pixels (ratio 0.01 of all image pixels) are different.

    Expected: /ionic/src/components/badge/test/basic/badge.e2e.ts-snapshots/badge-basic-ionic-md-ltr-light-Mobile-Chrome-linux.png
    Received: /ionic/test-results/src-components-badge-test--506a3-not-have-visual-regressions-Mobile-Chrome-retry2/badge-basic-ionic-md-ltr-light-actual.png
        Diff: /ionic/test-results/src-components-badge-test--506a3-not-have-visual-regressions-Mobile-Chrome-retry2/badge-basic-ionic-md-ltr-light-diff.png

    Call log:
      - expect.toHaveScreenshot(badge-basic-ionic-md-ltr-light.png) with timeout 5000ms
        - verifying given screenshot expectation
      - taking page screenshot
        - disabled all CSS animations
      - waiting for fonts to load...
      - fonts loaded
      - 181 pixels (ratio 0.01 of all image pixels) are different.
      - waiting 100ms before taking screenshot
      - taking page screenshot
        - disabled all CSS animations
      - waiting for fonts to load...
      - fonts loaded
      - captured a stable screenshot
      - 181 pixels (ratio 0.01 of all image pixels) are different.


       9 |       await page.setIonViewport();
      10 |
    > 11 |       await expect(page).toHaveScreenshot(screenshot(`badge-basic`));
         |                          ^
      12 |     });
      13 |   });
      14 | });
        at /ionic/src/components/badge/test/basic/badge.e2e.ts:11:26
2025-04-11T20:14:13.4529092Z ##[error]  2) [Mobile Chrome] › src/components/badge/test/basic/badge.e2e.ts:6:9 › badge: rendering - ionic/md/rtl/light › should not have visual regressions 
    Error: expect(page).toHaveScreenshot(expected)

      181 pixels (ratio 0.01 of all image pixels) are different.

    Expected: /ionic/src/components/badge/test/basic/badge.e2e.ts-snapshots/badge-basic-ionic-md-rtl-light-Mobile-Chrome-linux.png
    Received: /ionic/test-results/src-components-badge-test--c8578-not-have-visual-regressions-Mobile-Chrome/badge-basic-ionic-md-rtl-light-actual.png
        Diff: /ionic/test-results/src-components-badge-test--c8578-not-have-visual-regressions-Mobile-Chrome/badge-basic-ionic-md-rtl-light-diff.png

    Call log:
      - expect.toHaveScreenshot(badge-basic-ionic-md-rtl-light.png) with timeout 5000ms
        - verifying given screenshot expectation
      - taking page screenshot
        - disabled all CSS animations
      - waiting for fonts to load...
      - fonts loaded
      - 181 pixels (ratio 0.01 of all image pixels) are different.
      - waiting 100ms before taking screenshot
      - taking page screenshot
        - disabled all CSS animations
      - waiting for fonts to load...
      - fonts loaded
      - captured a stable screenshot
      - 181 pixels (ratio 0.01 of all image pixels) are different.


       9 |       await page.setIonViewport();
      10 |
    > 11 |       await expect(page).toHaveScreenshot(screenshot(`badge-basic`));
         |                          ^
      12 |     });
      13 |   });
      14 | });
        at /ionic/src/components/badge/test/basic/badge.e2e.ts:11:26
2025-04-11T20:14:13.4544632Z ##[error]  2) [Mobile Chrome] › src/components/badge/test/basic/badge.e2e.ts:6:9 › badge: rendering - ionic/md/rtl/light › should not have visual regressions 

    Retry #1 ───────────────────────────────────────────────────────────────────────────────────────
    Error: expect(page).toHaveScreenshot(expected)

      181 pixels (ratio 0.01 of all image pixels) are different.

    Expected: /ionic/src/components/badge/test/basic/badge.e2e.ts-snapshots/badge-basic-ionic-md-rtl-light-Mobile-Chrome-linux.png
    Received: /ionic/test-results/src-components-badge-test--c8578-not-have-visual-regressions-Mobile-Chrome-retry1/badge-basic-ionic-md-rtl-light-actual.png
        Diff: /ionic/test-results/src-components-badge-test--c8578-not-have-visual-regressions-Mobile-Chrome-retry1/badge-basic-ionic-md-rtl-light-diff.png

    Call log:
      - expect.toHaveScreenshot(badge-basic-ionic-md-rtl-light.png) with timeout 5000ms
        - verifying given screenshot expectation
      - taking page screenshot
        - disabled all CSS animations
      - waiting for fonts to load...
      - fonts loaded
      - 181 pixels (ratio 0.01 of all image pixels) are different.
      - waiting 100ms before taking screenshot
      - taking page screenshot
        - disabled all CSS animations
      - waiting for fonts to load...
      - fonts loaded
      - captured a stable screenshot
      - 181 pixels (ratio 0.01 of all image pixels) are different.


       9 |       await page.setIonViewport();
      10 |
    > 11 |       await expect(page).toHaveScreenshot(screenshot(`badge-basic`));
         |                          ^
      12 |     });
      13 |   });
      14 | });
        at /ionic/src/components/badge/test/basic/badge.e2e.ts:11:26
2025-04-11T20:14:13.4559736Z ##[error]  2) [Mobile Chrome] › src/components/badge/test/basic/badge.e2e.ts:6:9 › badge: rendering - ionic/md/rtl/light › should not have visual regressions 

    Retry #2 ───────────────────────────────────────────────────────────────────────────────────────
    Error: expect(page).toHaveScreenshot(expected)

      181 pixels (ratio 0.01 of all image pixels) are different.

    Expected: /ionic/src/components/badge/test/basic/badge.e2e.ts-snapshots/badge-basic-ionic-md-rtl-light-Mobile-Chrome-linux.png
    Received: /ionic/test-results/src-components-badge-test--c8578-not-have-visual-regressions-Mobile-Chrome-retry2/badge-basic-ionic-md-rtl-light-actual.png
        Diff: /ionic/test-results/src-components-badge-test--c8578-not-have-visual-regressions-Mobile-Chrome-retry2/badge-basic-ionic-md-rtl-light-diff.png

    Call log:
      - expect.toHaveScreenshot(badge-basic-ionic-md-rtl-light.png) with timeout 5000ms
        - verifying given screenshot expectation
      - taking page screenshot
        - disabled all CSS animations
      - waiting for fonts to load...
      - fonts loaded
      - 181 pixels (ratio 0.01 of all image pixels) are different.
      - waiting 100ms before taking screenshot
      - taking page screenshot
        - disabled all CSS animations
      - waiting for fonts to load...
      - fonts loaded
      - captured a stable screenshot
      - 181 pixels (ratio 0.01 of all image pixels) are different.


       9 |       await page.setIonViewport();
      10 |
    > 11 |       await expect(page).toHaveScreenshot(screenshot(`badge-basic`));
         |                          ^
      12 |     });
      13 |   });
      14 | });
        at /ionic/src/components/badge/test/basic/badge.e2e.ts:11:26
2025-04-11T20:14:13.4577402Z ##[error]  3) [Mobile Chrome] › src/components/badge/test/hue/badge.e2e.ts:6:9 › badge: hue - ionic/md/ltr/light › should render subtle badges 
    Error: expect(locator).toHaveScreenshot(expected)

      108 pixels (ratio 0.01 of all image pixels) are different.

    Expected: /ionic/src/components/badge/test/hue/badge.e2e.ts-snapshots/badge-hue-subtle-ionic-md-ltr-light-Mobile-Chrome-linux.png
    Received: /ionic/test-results/src-components-badge-test--642c3-should-render-subtle-badges-Mobile-Chrome/badge-hue-subtle-ionic-md-ltr-light-actual.png
        Diff: /ionic/test-results/src-components-badge-test--642c3-should-render-subtle-badges-Mobile-Chrome/badge-hue-subtle-ionic-md-ltr-light-diff.png

    Call log:
      - expect.toHaveScreenshot(badge-hue-subtle-ionic-md-ltr-light.png) with timeout 5000ms
        - verifying given screenshot expectation
      - waiting for locator('#container')
        - locator resolved to <div id="container">…</div>
      - taking element screenshot
        - disabled all CSS animations
      - waiting for fonts to load...
      - fonts loaded
      - attempting scroll into view action
        - waiting for element to be stable
      - 108 pixels (ratio 0.01 of all image pixels) are different.
      - waiting 100ms before taking screenshot
      - waiting for locator('#container')
        - locator resolved to <div id="container">…</div>
      - taking element screenshot
        - disabled all CSS animations
      - waiting for fonts to load...
      - fonts loaded
      - attempting scroll into view action
        - waiting for element to be stable
      - captured a stable screenshot
      - 108 pixels (ratio 0.01 of all image pixels) are different.


      38 |       const container = page.locator('#container');
      39 |
    > 40 |       await expect(container).toHaveScreenshot(screenshot(`badge-hue-subtle`));
         |                               ^
      41 |     });
      42 |
      43 |     test('should render bold badges', async ({ page }) => {
        at /ionic/src/components/badge/test/hue/badge.e2e.ts:40:31
2025-04-11T20:14:13.4596520Z ##[error]  3) [Mobile Chrome] › src/components/badge/test/hue/badge.e2e.ts:6:9 › badge: hue - ionic/md/ltr/light › should render subtle badges 

    Retry #1 ───────────────────────────────────────────────────────────────────────────────────────
    Error: expect(locator).toHaveScreenshot(expected)

      108 pixels (ratio 0.01 of all image pixels) are different.

    Expected: /ionic/src/components/badge/test/hue/badge.e2e.ts-snapshots/badge-hue-subtle-ionic-md-ltr-light-Mobile-Chrome-linux.png
    Received: /ionic/test-results/src-components-badge-test--642c3-should-render-subtle-badges-Mobile-Chrome-retry1/badge-hue-subtle-ionic-md-ltr-light-actual.png
        Diff: /ionic/test-results/src-components-badge-test--642c3-should-render-subtle-badges-Mobile-Chrome-retry1/badge-hue-subtle-ionic-md-ltr-light-diff.png

    Call log:
      - expect.toHaveScreenshot(badge-hue-subtle-ionic-md-ltr-light.png) with timeout 5000ms
        - verifying given screenshot expectation
      - waiting for locator('#container')
        - locator resolved to <div id="container">…</div>
      - taking element screenshot
        - disabled all CSS animations
      - waiting for fonts to load...
      - fonts loaded
      - attempting scroll into view action
        - waiting for element to be stable
      - 108 pixels (ratio 0.01 of all image pixels) are different.
      - waiting 100ms before taking screenshot
      - waiting for locator('#container')
        - locator resolved to <div id="container">…</div>
      - taking element screenshot
        - disabled all CSS animations
      - waiting for fonts to load...
      - fonts loaded
      - attempting scroll into view action
        - waiting for element to be stable
      - captured a stable screenshot
      - 108 pixels (ratio 0.01 of all image pixels) are different.


      38 |       const container = page.locator('#container');
      39 |
    > 40 |       await expect(container).toHaveScreenshot(screenshot(`badge-hue-subtle`));
         |                               ^
      41 |     });
      42 |
      43 |     test('should render bold badges', async ({ page }) => {
        at /ionic/src/components/badge/test/hue/badge.e2e.ts:40:31
2025-04-11T20:14:13.4615635Z ##[error]  3) [Mobile Chrome] › src/components/badge/test/hue/badge.e2e.ts:6:9 › badge: hue - ionic/md/ltr/light › should render subtle badges 

    Retry #2 ───────────────────────────────────────────────────────────────────────────────────────
    Error: expect(locator).toHaveScreenshot(expected)

      108 pixels (ratio 0.01 of all image pixels) are different.

    Expected: /ionic/src/components/badge/test/hue/badge.e2e.ts-snapshots/badge-hue-subtle-ionic-md-ltr-light-Mobile-Chrome-linux.png
    Received: /ionic/test-results/src-components-badge-test--642c3-should-render-subtle-badges-Mobile-Chrome-retry2/badge-hue-subtle-ionic-md-ltr-light-actual.png
        Diff: /ionic/test-results/src-components-badge-test--642c3-should-render-subtle-badges-Mobile-Chrome-retry2/badge-hue-subtle-ionic-md-ltr-light-diff.png

    Call log:
      - expect.toHaveScreenshot(badge-hue-subtle-ionic-md-ltr-light.png) with timeout 5000ms
        - verifying given screenshot expectation
      - waiting for locator('#container')
        - locator resolved to <div id="container">…</div>
      - taking element screenshot
        - disabled all CSS animations
      - waiting for fonts to load...
      - fonts loaded
      - attempting scroll into view action
        - waiting for element to be stable
      - 108 pixels (ratio 0.01 of all image pixels) are different.
      - waiting 100ms before taking screenshot
      - waiting for locator('#container')
        - locator resolved to <div id="container">…</div>
      - taking element screenshot
        - disabled all CSS animations
      - waiting for fonts to load...
      - fonts loaded
      - attempting scroll into view action
        - waiting for element to be stable
      - captured a stable screenshot
      - 108 pixels (ratio 0.01 of all image pixels) are different.


      38 |       const container = page.locator('#container');
      39 |
    > 40 |       await expect(container).toHaveScreenshot(screenshot(`badge-hue-subtle`));
         |                               ^
      41 |     });
      42 |
      43 |     test('should render bold badges', async ({ page }) => {
        at /ionic/src/components/badge/test/hue/badge.e2e.ts:40:31
2025-04-11T20:14:13.4632238Z ##[error]  4) [Mobile Chrome] › src/components/button/test/clear/button.e2e.ts:10:11 › button: fill: clear - ionic/md/ltr/light › should not have visual regressions 
    Error: expect(page).toHaveScreenshot(expected)

      222 pixels (ratio 0.01 of all image pixels) are different.

    Expected: /ionic/src/components/button/test/clear/button.e2e.ts-snapshots/button-fill-clear-ionic-md-ltr-light-Mobile-Chrome-linux.png
    Received: /ionic/test-results/src-components-button-test-11316-not-have-visual-regressions-Mobile-Chrome/button-fill-clear-ionic-md-ltr-light-actual.png
        Diff: /ionic/test-results/src-components-button-test-11316-not-have-visual-regressions-Mobile-Chrome/button-fill-clear-ionic-md-ltr-light-diff.png

    Call log:
      - expect.toHaveScreenshot(button-fill-clear-ionic-md-ltr-light.png) with timeout 5000ms
        - verifying given screenshot expectation
      - taking page screenshot
        - disabled all CSS animations
      - waiting for fonts to load...
      - fonts loaded
      - 222 pixels (ratio 0.01 of all image pixels) are different.
      - waiting 100ms before taking screenshot
      - taking page screenshot
        - disabled all CSS animations
      - waiting for fonts to load...
      - fonts loaded
      - captured a stable screenshot
      - 222 pixels (ratio 0.01 of all image pixels) are different.


      13 |         await page.setIonViewport();
      14 |
    > 15 |         await expect(page).toHaveScreenshot(screenshot(`button-fill-clear`));
         |                            ^
      16 |       });
      17 |     });
      18 |   }
        at /ionic/src/components/button/test/clear/button.e2e.ts:15:28
2025-04-11T20:14:13.4648206Z ##[error]  4) [Mobile Chrome] › src/components/button/test/clear/button.e2e.ts:10:11 › button: fill: clear - ionic/md/ltr/light › should not have visual regressions 

    Retry #1 ───────────────────────────────────────────────────────────────────────────────────────
    Error: expect(page).toHaveScreenshot(expected)

      222 pixels (ratio 0.01 of all image pixels) are different.

    Expected: /ionic/src/components/button/test/clear/button.e2e.ts-snapshots/button-fill-clear-ionic-md-ltr-light-Mobile-Chrome-linux.png
    Received: /ionic/test-results/src-components-button-test-11316-not-have-visual-regressions-Mobile-Chrome-retry1/button-fill-clear-ionic-md-ltr-light-actual.png
        Diff: /ionic/test-results/src-components-button-test-11316-not-have-visual-regressions-Mobile-Chrome-retry1/button-fill-clear-ionic-md-ltr-light-diff.png

    Call log:
      - expect.toHaveScreenshot(button-fill-clear-ionic-md-ltr-light.png) with timeout 5000ms
        - verifying given screenshot expectation
      - taking page screenshot
        - disabled all CSS animations
      - waiting for fonts to load...
      - fonts loaded
      - 222 pixels (ratio 0.01 of all image pixels) are different.
      - waiting 100ms before taking screenshot
      - taking page screenshot
        - disabled all CSS animations
      - waiting for fonts to load...
      - fonts loaded
      - captured a stable screenshot
      - 222 pixels (ratio 0.01 of all image pixels) are different.


      13 |         await page.setIonViewport();
      14 |
    > 15 |         await expect(page).toHaveScreenshot(screenshot(`button-fill-clear`));
         |                            ^
      16 |       });
      17 |     });
      18 |   }
        at /ionic/src/components/button/test/clear/button.e2e.ts:15:28
2025-04-11T20:14:13.4664283Z ##[error]  4) [Mobile Chrome] › src/components/button/test/clear/button.e2e.ts:10:11 › button: fill: clear - ionic/md/ltr/light › should not have visual regressions 

    Retry #2 ───────────────────────────────────────────────────────────────────────────────────────
    Error: expect(page).toHaveScreenshot(expected)

      222 pixels (ratio 0.01 of all image pixels) are different.

    Expected: /ionic/src/components/button/test/clear/button.e2e.ts-snapshots/button-fill-clear-ionic-md-ltr-light-Mobile-Chrome-linux.png
    Received: /ionic/test-results/src-components-button-test-11316-not-have-visual-regressions-Mobile-Chrome-retry2/button-fill-clear-ionic-md-ltr-light-actual.png
        Diff: /ionic/test-results/src-components-button-test-11316-not-have-visual-regressions-Mobile-Chrome-retry2/button-fill-clear-ionic-md-ltr-light-diff.png

    Call log:
      - expect.toHaveScreenshot(button-fill-clear-ionic-md-ltr-light.png) with timeout 5000ms
        - verifying given screenshot expectation
      - taking page screenshot
        - disabled all CSS animations
      - waiting for fonts to load...
      - fonts loaded
      - 222 pixels (ratio 0.01 of all image pixels) are different.
      - waiting 100ms before taking screenshot
      - taking page screenshot
        - disabled all CSS animations
      - waiting for fonts to load...
      - fonts loaded
      - captured a stable screenshot
      - 222 pixels (ratio 0.01 of all image pixels) are different.


      13 |         await page.setIonViewport();
      14 |
    > 15 |         await expect(page).toHaveScreenshot(screenshot(`button-fill-clear`));
         |                            ^
      16 |       });
      17 |     });
      18 |   }
        at /ionic/src/components/button/test/clear/button.e2e.ts:15:28
2025-04-11T20:14:13.4681131Z ##[error]  5) [Mobile Chrome] › src/components/button/test/clear/button.e2e.ts:10:11 › button: fill: clear - ionic/ios/ltr/light › should not have visual regressions 
    Error: expect(page).toHaveScreenshot(expected)

      223 pixels (ratio 0.01 of all image pixels) are different.

    Expected: /ionic/src/components/button/test/clear/button.e2e.ts-snapshots/button-fill-clear-ionic-ios-ltr-light-Mobile-Chrome-linux.png
    Received: /ionic/test-results/src-components-button-test-df9b2-not-have-visual-regressions-Mobile-Chrome/button-fill-clear-ionic-ios-ltr-light-actual.png
        Diff: /ionic/test-results/src-components-button-test-df9b2-not-have-visual-regressions-Mobile-Chrome/button-fill-clear-ionic-ios-ltr-light-diff.png

    Call log:
      - expect.toHaveScreenshot(button-fill-clear-ionic-ios-ltr-light.png) with timeout 5000ms
        - verifying given screenshot expectation
      - taking page screenshot
        - disabled all CSS animations
      - waiting for fonts to load...
      - fonts loaded
      - 223 pixels (ratio 0.01 of all image pixels) are different.
      - waiting 100ms before taking screenshot
      - taking page screenshot
        - disabled all CSS animations
      - waiting for fonts to load...
      - fonts loaded
      - captured a stable screenshot
      - 223 pixels (ratio 0.01 of all image pixels) are different.


      13 |         await page.setIonViewport();
      14 |
    > 15 |         await expect(page).toHaveScreenshot(screenshot(`button-fill-clear`));
         |                            ^
      16 |       });
      17 |     });
      18 |   }
        at /ionic/src/components/button/test/clear/button.e2e.ts:15:28
2025-04-11T20:14:13.4697429Z ##[error]  5) [Mobile Chrome] › src/components/button/test/clear/button.e2e.ts:10:11 › button: fill: clear - ionic/ios/ltr/light › should not have visual regressions 

    Retry #1 ───────────────────────────────────────────────────────────────────────────────────────
    Error: expect(page).toHaveScreenshot(expected)

      223 pixels (ratio 0.01 of all image pixels) are different.

    Expected: /ionic/src/components/button/test/clear/button.e2e.ts-snapshots/button-fill-clear-ionic-ios-ltr-light-Mobile-Chrome-linux.png
    Received: /ionic/test-results/src-components-button-test-df9b2-not-have-visual-regressions-Mobile-Chrome-retry1/button-fill-clear-ionic-ios-ltr-light-actual.png
        Diff: /ionic/test-results/src-components-button-test-df9b2-not-have-visual-regressions-Mobile-Chrome-retry1/button-fill-clear-ionic-ios-ltr-light-diff.png

    Call log:
      - expect.toHaveScreenshot(button-fill-clear-ionic-ios-ltr-light.png) with timeout 5000ms
        - verifying given screenshot expectation
      - taking page screenshot
        - disabled all CSS animations
      - waiting for fonts to load...
      - fonts loaded
      - 223 pixels (ratio 0.01 of all image pixels) are different.
      - waiting 100ms before taking screenshot
      - taking page screenshot
        - disabled all CSS animations
      - waiting for fonts to load...
      - fonts loaded
      - captured a stable screenshot
      - 223 pixels (ratio 0.01 of all image pixels) are different.


      13 |         await page.setIonViewport();
      14 |
    > 15 |         await expect(page).toHaveScreenshot(screenshot(`button-fill-clear`));
         |                            ^
      16 |       });
      17 |     });
      18 |   }
        at /ionic/src/components/button/test/clear/button.e2e.ts:15:28
2025-04-11T20:14:13.4715033Z ##[error]  5) [Mobile Chrome] › src/components/button/test/clear/button.e2e.ts:10:11 › button: fill: clear - ionic/ios/ltr/light › should not have visual regressions 

    Retry #2 ───────────────────────────────────────────────────────────────────────────────────────
    Error: expect(page).toHaveScreenshot(expected)

      223 pixels (ratio 0.01 of all image pixels) are different.

    Expected: /ionic/src/components/button/test/clear/button.e2e.ts-snapshots/button-fill-clear-ionic-ios-ltr-light-Mobile-Chrome-linux.png
    Received: /ionic/test-results/src-components-button-test-df9b2-not-have-visual-regressions-Mobile-Chrome-retry2/button-fill-clear-ionic-ios-ltr-light-actual.png
        Diff: /ionic/test-results/src-components-button-test-df9b2-not-have-visual-regressions-Mobile-Chrome-retry2/button-fill-clear-ionic-ios-ltr-light-diff.png

    Call log:
      - expect.toHaveScreenshot(button-fill-clear-ionic-ios-ltr-light.png) with timeout 5000ms
        - verifying given screenshot expectation
      - taking page screenshot
        - disabled all CSS animations
      - waiting for fonts to load...
      - fonts loaded
      - 223 pixels (ratio 0.01 of all image pixels) are different.
      - waiting 100ms before taking screenshot
      - taking page screenshot
        - disabled all CSS animations
      - waiting for fonts to load...
      - fonts loaded
      - captured a stable screenshot
      - 223 pixels (ratio 0.01 of all image pixels) are different.


      13 |         await page.setIonViewport();
      14 |
    > 15 |         await expect(page).toHaveScreenshot(screenshot(`button-fill-clear`));
         |                            ^
      16 |       });
      17 |     });
      18 |   }
        at /ionic/src/components/button/test/clear/button.e2e.ts:15:28
2025-04-11T20:14:13.4735852Z ##[error]  6) [Mobile Chrome] › src/components/button/test/states/button.e2e.ts:71:9 › button: activated - ionic/md/ltr/light › should render clear button with color 
    Error: expect(locator).toHaveScreenshot(expected)

      38 pixels (ratio 0.02 of all image pixels) are different.

    Expected: /ionic/src/components/button/test/states/button.e2e.ts-snapshots/button-activated-clear-color-ionic-md-ltr-light-Mobile-Chrome-linux.png
    Received: /ionic/test-results/src-components-button-test-7b3c5-der-clear-button-with-color-Mobile-Chrome/button-activated-clear-color-ionic-md-ltr-light-actual.png
        Diff: /ionic/test-results/src-components-button-test-7b3c5-der-clear-button-with-color-Mobile-Chrome/button-activated-clear-color-ionic-md-ltr-light-diff.png

    Call log:
      - expect.toHaveScreenshot(button-activated-clear-color-ionic-md-ltr-light.png) with timeout 5000ms
        - verifying given screenshot expectation
      - waiting for locator('ion-button')
        - locator resolved to <ion-button fill="clear" color="warning" class="ion-activated ion-color ion-color-warning ionic button button-round button-clear ion-activatable ion-focusable hydrated">Button</ion-button>
      - taking element screenshot
        - disabled all CSS animations
      - waiting for fonts to load...
      - fonts loaded
      - attempting scroll into view action
        - waiting for element to be stable
      - 38 pixels (ratio 0.02 of all image pixels) are different.
      - waiting 100ms before taking screenshot
      - waiting for locator('ion-button')
        - locator resolved to <ion-button fill="clear" color="warning" class="ion-activated ion-color ion-color-warning ionic button button-round button-clear ion-activatable ion-focusable hydrated">Button</ion-button>
      - taking element screenshot
        - disabled all CSS animations
      - waiting for fonts to load...
      - fonts loaded
      - attempting scroll into view action
        - waiting for element to be stable
      - captured a stable screenshot
      - 38 pixels (ratio 0.02 of all image pixels) are different.


      79 |       const button = page.locator('ion-button');
      80 |
    > 81 |       await expect(button).toHaveScreenshot(screenshot(`button-activated-clear-color`));
         |                            ^
      82 |     });
      83 |   });
      84 | });
        at /ionic/src/components/button/test/states/button.e2e.ts:81:28
2025-04-11T20:14:13.4759917Z ##[error]  6) [Mobile Chrome] › src/components/button/test/states/button.e2e.ts:71:9 › button: activated - ionic/md/ltr/light › should render clear button with color 

    Retry #1 ───────────────────────────────────────────────────────────────────────────────────────
    Error: expect(locator).toHaveScreenshot(expected)

      38 pixels (ratio 0.02 of all image pixels) are different.

    Expected: /ionic/src/components/button/test/states/button.e2e.ts-snapshots/button-activated-clear-color-ionic-md-ltr-light-Mobile-Chrome-linux.png
    Received: /ionic/test-results/src-components-button-test-7b3c5-der-clear-button-with-color-Mobile-Chrome-retry1/button-activated-clear-color-ionic-md-ltr-light-actual.png
        Diff: /ionic/test-results/src-components-button-test-7b3c5-der-clear-button-with-color-Mobile-Chrome-retry1/button-activated-clear-color-ionic-md-ltr-light-diff.png

    Call log:
      - expect.toHaveScreenshot(button-activated-clear-color-ionic-md-ltr-light.png) with timeout 5000ms
        - verifying given screenshot expectation
      - waiting for locator('ion-button')
        - locator resolved to <ion-button fill="clear" color="warning" class="ion-activated ion-color ion-color-warning ionic button button-round button-clear ion-activatable ion-focusable hydrated">Button</ion-button>
      - taking element screenshot
        - disabled all CSS animations
      - waiting for fonts to load...
      - fonts loaded
      - attempting scroll into view action
        - waiting for element to be stable
      - 38 pixels (ratio 0.02 of all image pixels) are different.
      - waiting 100ms before taking screenshot
      - waiting for locator('ion-button')
        - locator resolved to <ion-button fill="clear" color="warning" class="ion-activated ion-color ion-color-warning ionic button button-round button-clear ion-activatable ion-focusable hydrated">Button</ion-button>
      - taking element screenshot
        - disabled all CSS animations
      - waiting for fonts to load...
      - fonts loaded
      - attempting scroll into view action
        - waiting for element to be stable
      - captured a stable screenshot
      - 38 pixels (ratio 0.02 of all image pixels) are different.


      79 |       const button = page.locator('ion-button');
      80 |
    > 81 |       await expect(button).toHaveScreenshot(screenshot(`button-activated-clear-color`));
         |                            ^
      82 |     });
      83 |   });
      84 | });
        at /ionic/src/components/button/test/states/button.e2e.ts:81:28
2025-04-11T20:14:13.4786532Z ##[error]  6) [Mobile Chrome] › src/components/button/test/states/button.e2e.ts:71:9 › button: activated - ionic/md/ltr/light › should render clear button with color 

    Retry #2 ───────────────────────────────────────────────────────────────────────────────────────
    Error: expect(locator).toHaveScreenshot(expected)

      38 pixels (ratio 0.02 of all image pixels) are different.

    Expected: /ionic/src/components/button/test/states/button.e2e.ts-snapshots/button-activated-clear-color-ionic-md-ltr-light-Mobile-Chrome-linux.png
    Received: /ionic/test-results/src-components-button-test-7b3c5-der-clear-button-with-color-Mobile-Chrome-retry2/button-activated-clear-color-ionic-md-ltr-light-actual.png
        Diff: /ionic/test-results/src-components-button-test-7b3c5-der-clear-button-with-color-Mobile-Chrome-retry2/button-activated-clear-color-ionic-md-ltr-light-diff.png

    Call log:
      - expect.toHaveScreenshot(button-activated-clear-color-ionic-md-ltr-light.png) with timeout 5000ms
        - verifying given screenshot expectation
      - waiting for locator('ion-button')
        - locator resolved to <ion-button fill="clear" color="warning" class="ion-activated ion-color ion-color-warning ionic button button-round button-clear ion-activatable ion-focusable hydrated">Button</ion-button>
      - taking element screenshot
        - disabled all CSS animations
      - waiting for fonts to load...
      - fonts loaded
      - attempting scroll into view action
        - waiting for element to be stable
      - 38 pixels (ratio 0.02 of all image pixels) are different.
      - waiting 100ms before taking screenshot
      - waiting for locator('ion-button')
        - locator resolved to <ion-button fill="clear" color="warning" class="ion-activated ion-color ion-color-warning ionic button button-round button-clear ion-activatable ion-focusable hydrated">Button</ion-button>
      - taking element screenshot
        - disabled all CSS animations
      - waiting for fonts to load...
      - fonts loaded
      - attempting scroll into view action
        - waiting for element to be stable
      - captured a stable screenshot
      - 38 pixels (ratio 0.02 of all image pixels) are different.


      79 |       const button = page.locator('ion-button');
      80 |
    > 81 |       await expect(button).toHaveScreenshot(screenshot(`button-activated-clear-color`));
         |                            ^
      82 |     });
      83 |   });
      84 | });
        at /ionic/src/components/button/test/states/button.e2e.ts:81:28
2025-04-11T20:14:13.4808192Z ##[error]  7) [Mobile Chrome] › src/components/chip/test/hue/chip.e2e.ts:6:9 › chip: hue - ionic/md/ltr/light › should render subtle chips 
    Error: expect(locator).toHaveScreenshot(expected)

      152 pixels (ratio 0.01 of all image pixels) are different.

    Expected: /ionic/src/components/chip/test/hue/chip.e2e.ts-snapshots/chip-hue-subtle-ionic-md-ltr-light-Mobile-Chrome-linux.png
    Received: /ionic/test-results/src-components-chip-test-h-0af27--should-render-subtle-chips-Mobile-Chrome/chip-hue-subtle-ionic-md-ltr-light-actual.png
        Diff: /ionic/test-results/src-components-chip-test-h-0af27--should-render-subtle-chips-Mobile-Chrome/chip-hue-subtle-ionic-md-ltr-light-diff.png

    Call log:
      - expect.toHaveScreenshot(chip-hue-subtle-ionic-md-ltr-light.png) with timeout 5000ms
        - verifying given screenshot expectation
      - waiting for locator('#container')
        - locator resolved to <div id="container">…</div>
      - taking element screenshot
        - disabled all CSS animations
      - waiting for fonts to load...
      - fonts loaded
      - attempting scroll into view action
        - waiting for element to be stable
      - 152 pixels (ratio 0.01 of all image pixels) are different.
      - waiting 100ms before taking screenshot
      - waiting for locator('#container')
        - locator resolved to <div id="container">…</div>
      - taking element screenshot
        - disabled all CSS animations
      - waiting for fonts to load...
      - fonts loaded
      - attempting scroll into view action
        - waiting for element to be stable
      - captured a stable screenshot
      - 152 pixels (ratio 0.01 of all image pixels) are different.


      105 |       const container = page.locator('#container');
      106 |
    > 107 |       await expect(container).toHaveScreenshot(screenshot(`chip-hue-subtle`));
          |                               ^
      108 |     });
      109 |
      110 |     test('should render bold chips', async ({ page }) => {
        at /ionic/src/components/chip/test/hue/chip.e2e.ts:107:31
2025-04-11T20:14:13.4833738Z ##[error]  7) [Mobile Chrome] › src/components/chip/test/hue/chip.e2e.ts:6:9 › chip: hue - ionic/md/ltr/light › should render subtle chips 

    Retry #1 ───────────────────────────────────────────────────────────────────────────────────────
    Error: expect(locator).toHaveScreenshot(expected)

      152 pixels (ratio 0.01 of all image pixels) are different.

    Expected: /ionic/src/components/chip/test/hue/chip.e2e.ts-snapshots/chip-hue-subtle-ionic-md-ltr-light-Mobile-Chrome-linux.png
    Received: /ionic/test-results/src-components-chip-test-h-0af27--should-render-subtle-chips-Mobile-Chrome-retry1/chip-hue-subtle-ionic-md-ltr-light-actual.png
        Diff: /ionic/test-results/src-components-chip-test-h-0af27--should-render-subtle-chips-Mobile-Chrome-retry1/chip-hue-subtle-ionic-md-ltr-light-diff.png

    Call log:
      - expect.toHaveScreenshot(chip-hue-subtle-ionic-md-ltr-light.png) with timeout 5000ms
        - verifying given screenshot expectation
      - waiting for locator('#container')
        - locator resolved to <div id="container">…</div>
      - taking element screenshot
        - disabled all CSS animations
      - waiting for fonts to load...
      - fonts loaded
      - attempting scroll into view action
        - waiting for element to be stable
      - 152 pixels (ratio 0.01 of all image pixels) are different.
      - waiting 100ms before taking screenshot
      - waiting for locator('#container')
        - locator resolved to <div id="container">…</div>
      - taking element screenshot
        - disabled all CSS animations
      - waiting for fonts to load...
      - fonts loaded
      - attempting scroll into view action
        - waiting for element to be stable
      - captured a stable screenshot
      - 152 pixels (ratio 0.01 of all image pixels) are different.


      105 |       const container = page.locator('#container');
      106 |
    > 107 |       await expect(container).toHaveScreenshot(screenshot(`chip-hue-subtle`));
          |                               ^
      108 |     });
      109 |
      110 |     test('should render bold chips', async ({ page }) => {
        at /ionic/src/components/chip/test/hue/chip.e2e.ts:107:31
2025-04-11T20:14:13.4859692Z ##[error]  7) [Mobile Chrome] › src/components/chip/test/hue/chip.e2e.ts:6:9 › chip: hue - ionic/md/ltr/light › should render subtle chips 

    Retry #2 ───────────────────────────────────────────────────────────────────────────────────────
    Error: expect(locator).toHaveScreenshot(expected)

      152 pixels (ratio 0.01 of all image pixels) are different.

    Expected: /ionic/src/components/chip/test/hue/chip.e2e.ts-snapshots/chip-hue-subtle-ionic-md-ltr-light-Mobile-Chrome-linux.png
    Received: /ionic/test-results/src-components-chip-test-h-0af27--should-render-subtle-chips-Mobile-Chrome-retry2/chip-hue-subtle-ionic-md-ltr-light-actual.png
        Diff: /ionic/test-results/src-components-chip-test-h-0af27--should-render-subtle-chips-Mobile-Chrome-retry2/chip-hue-subtle-ionic-md-ltr-light-diff.png

    Call log:
      - expect.toHaveScreenshot(chip-hue-subtle-ionic-md-ltr-light.png) with timeout 5000ms
        - verifying given screenshot expectation
      - waiting for locator('#container')
        - locator resolved to <div id="container">…</div>
      - taking element screenshot
        - disabled all CSS animations
      - waiting for fonts to load...
      - fonts loaded
      - attempting scroll into view action
        - waiting for element to be stable
      - 152 pixels (ratio 0.01 of all image pixels) are different.
      - waiting 100ms before taking screenshot
      - waiting for locator('#container')
        - locator resolved to <div id="container">…</div>
      - taking element screenshot
        - disabled all CSS animations
      - waiting for fonts to load...
      - fonts loaded
      - attempting scroll into view action
        - waiting for element to be stable
      - captured a stable screenshot
      - 152 pixels (ratio 0.01 of all image pixels) are different.


      105 |       const container = page.locator('#container');
      106 |
    > 107 |       await expect(container).toHaveScreenshot(screenshot(`chip-hue-subtle`));
          |                               ^
      108 |     });
      109 |
      110 |     test('should render bold chips', async ({ page }) => {
        at /ionic/src/components/chip/test/hue/chip.e2e.ts:107:31
2025-04-11T20:14:13.4874766Z ##[notice]  7 failed
    [Mobile Chrome] › src/components/badge/test/basic/badge.e2e.ts:6:9 › badge: rendering - ionic/md/ltr/light › should not have visual regressions 
    [Mobile Chrome] › src/components/badge/test/basic/badge.e2e.ts:6:9 › badge: rendering - ionic/md/rtl/light › should not have visual regressions 
    [Mobile Chrome] › src/components/badge/test/hue/badge.e2e.ts:6:9 › badge: hue - ionic/md/ltr/light › should render subtle badges 
    [Mobile Chrome] › src/components/button/test/clear/button.e2e.ts:10:11 › button: fill: clear - ionic/md/ltr/light › should not have visual regressions 
    [Mobile Chrome] › src/components/button/test/clear/button.e2e.ts:10:11 › button: fill: clear - ionic/ios/ltr/light › should not have visual regressions 
    [Mobile Chrome] › src/components/button/test/states/button.e2e.ts:71:9 › button: activated - ionic/md/ltr/light › should render clear button with color 
    [Mobile Chrome] › src/components/chip/test/hue/chip.e2e.ts:6:9 › chip: hue - ionic/md/ltr/light › should render subtle chips 
  599 passed (3.7m)
2025-04-11T20:14:13.6527668Z file:///home/runner/work/ionic-framework/ionic-framework/core/node_modules/execa/lib/error.js:60
2025-04-11T20:14:13.6528533Z 		error = new Error(message);
2025-04-11T20:14:13.6528916Z 		        ^
2025-04-11T20:14:13.6529088Z 
2025-04-11T20:14:13.6530758Z Error: Command failed with exit code 1: docker run -e CI=true --rm --init -e DISPLAY= -v  --ipc=host --mount=type=bind,source=/home/runner/work/ionic-framework/ionic-framework/core,target=/ionic ionic-playwright npm run test.e2e -- --shard=8/20
2025-04-11T20:14:13.6532882Z     at makeError (file:///home/runner/work/ionic-framework/ionic-framework/core/node_modules/execa/lib/error.js:60:11)
2025-04-11T20:14:13.6534511Z     at handlePromise (file:///home/runner/work/ionic-framework/ionic-framework/core/node_modules/execa/index.js:124:26)
2025-04-11T20:14:13.6535768Z     at process.processTicksAndRejections (node:internal/process/task_queues:95:5)
2025-04-11T20:14:13.6536995Z     at async file:///home/runner/work/ionic-framework/ionic-framework/core/scripts/docker.mjs:56:13 {
2025-04-11T20:14:13.6539057Z   shortMessage: 'Command failed with exit code 1: docker run -e CI=true --rm --init -e DISPLAY= -v  --ipc=host --mount=type=bind,source=/home/runner/work/ionic-framework/ionic-framework/core,target=/ionic ionic-playwright npm run test.e2e -- --shard=8/20',
2025-04-11T20:14:13.6541544Z   command: 'docker run -e CI=true --rm --init -e DISPLAY= -v  --ipc=host --mount=type=bind,source=/home/runner/work/ionic-framework/ionic-framework/core,target=/ionic ionic-playwright npm run test.e2e -- --shard=8/20',
2025-04-11T20:14:13.6543675Z   escapedCommand: 'docker run "-e CI=true" --rm --init "-e DISPLAY=" "-v " "--ipc=host" "--mount=type=bind,source=/home/runner/work/ionic-framework/ionic-framework/core,target=/ionic" ionic-playwright "npm run test.e2e --" "--shard=8/20"',
2025-04-11T20:14:13.6544758Z   exitCode: 1,
2025-04-11T20:14:13.6544956Z   signal: undefined,
2025-04-11T20:14:13.6545204Z   signalDescription: undefined,
2025-04-11T20:14:13.6545448Z   stdout: undefined,
2025-04-11T20:14:13.6545644Z   stderr: undefined,
2025-04-11T20:14:13.6545962Z   cwd: '/home/runner/work/ionic-framework/ionic-framework/core',
2025-04-11T20:14:13.6546282Z   failed: true,
2025-04-11T20:14:13.6546471Z   timedOut: false,
2025-04-11T20:14:13.6546664Z   isCanceled: false,
2025-04-11T20:14:13.6546857Z   killed: false
2025-04-11T20:14:13.6547044Z }
2025-04-11T20:14:13.6547144Z 
2025-04-11T20:14:13.6547226Z Node.js v20.19.0
2025-04-11T20:14:13.6638781Z ##[error]Process completed with exit code 1.
2025-04-11T20:14:13.6673637Z Prepare all required actions
2025-04-11T20:14:13.6674398Z Getting action download info
2025-04-11T20:14:13.8707354Z ##[group]Run ./.github/workflows/actions/upload-archive
2025-04-11T20:14:13.8707657Z with:
2025-04-11T20:14:13.8707839Z   name: test-results-8-20
2025-04-11T20:14:13.8708069Z   output: core/TestResults-8-20.zip
2025-04-11T20:14:13.8708321Z   paths: core/playwright-report
2025-04-11T20:14:13.8708545Z ##[endgroup]
2025-04-11T20:14:13.8725521Z ##[group]Run zip -q -r core/TestResults-8-20.zip core/playwright-report
2025-04-11T20:14:13.8726149Z [36;1mzip -q -r core/TestResults-8-20.zip core/playwright-report[0m
2025-04-11T20:14:13.8772361Z shell: /usr/bin/bash --noprofile --norc -e -o pipefail {0}
2025-04-11T20:14:13.8772680Z ##[endgroup]
2025-04-11T20:14:14.0416831Z ##[group]Run actions/upload-artifact@v4
2025-04-11T20:14:14.0417104Z with:
2025-04-11T20:14:14.0417287Z   name: test-results-8-20
2025-04-11T20:14:14.0417517Z   path: core/TestResults-8-20.zip
2025-04-11T20:14:14.0417758Z   if-no-files-found: warn
2025-04-11T20:14:14.0417989Z   compression-level: 6
2025-04-11T20:14:14.0418193Z   overwrite: false
2025-04-11T20:14:14.0418392Z   include-hidden-files: false
2025-04-11T20:14:14.0418617Z ##[endgroup]
2025-04-11T20:14:14.2603930Z With the provided path, there will be 1 file uploaded
2025-04-11T20:14:14.2609934Z Artifact name is valid!
2025-04-11T20:14:14.2611244Z Root directory input is valid!
2025-04-11T20:14:14.3840847Z Beginning upload of artifact content to blob storage
2025-04-11T20:14:15.0869493Z Uploaded bytes 8388608
2025-04-11T20:14:15.2592990Z Uploaded bytes 14326493
2025-04-11T20:14:15.2929723Z Finished uploading artifact content to blob storage!
2025-04-11T20:14:15.2932314Z SHA256 digest of uploaded artifact zip is 1e592e4561cfae28a86e34b11eef46bfc8154f7f9f37383f65d177cd0ced8a45
2025-04-11T20:14:15.2933685Z Finalizing artifact upload
2025-04-11T20:14:15.3896003Z Artifact test-results-8-20.zip successfully finalized. Artifact ID 2930299029
2025-04-11T20:14:15.3897204Z Artifact test-results-8-20 has been successfully uploaded! Final size is 14326493 bytes. Artifact ID is 2930299029
2025-04-11T20:14:15.3903705Z Artifact download URL: https://github.com/ionic-team/ionic-framework/actions/runs/14411184079/artifacts/2930299029
2025-04-11T20:14:15.4073986Z Post job cleanup.
2025-04-11T20:14:15.4121932Z Post job cleanup.
2025-04-11T20:14:15.5072924Z [command]/usr/bin/git version
2025-04-11T20:14:15.5113734Z git version 2.49.0
2025-04-11T20:14:15.5165633Z Temporarily overriding HOME='/home/runner/work/_temp/c5f9c6c1-c546-497b-954f-4036d78949f6' before making global git config changes
2025-04-11T20:14:15.5167163Z Adding repository directory to the temporary git global config as a safe directory
2025-04-11T20:14:15.5171863Z [command]/usr/bin/git config --global --add safe.directory /home/runner/work/ionic-framework/ionic-framework
2025-04-11T20:14:15.5205901Z [command]/usr/bin/git config --local --name-only --get-regexp core\.sshCommand
2025-04-11T20:14:15.5237761Z [command]/usr/bin/git submodule foreach --recursive sh -c "git config --local --name-only --get-regexp 'core\.sshCommand' && git config --local --unset-all 'core.sshCommand' || :"
2025-04-11T20:14:15.5484579Z [command]/usr/bin/git config --local --name-only --get-regexp http\.https\:\/\/github\.com\/\.extraheader
2025-04-11T20:14:15.5505484Z http.https://github.com/.extraheader
2025-04-11T20:14:15.5517943Z [command]/usr/bin/git config --local --unset-all http.https://github.com/.extraheader
2025-04-11T20:14:15.5549139Z [command]/usr/bin/git submodule foreach --recursive sh -c "git config --local --name-only --get-regexp 'http\.https\:\/\/github\.com\/\.extraheader' && git config --local --unset-all 'http.https://github.com/.extraheader' || :"
2025-04-11T20:14:15.5892590Z Cleaning up orphan processes
