2025-04-15T09:26:52.8843065Z Current runner version: '2.323.0'
2025-04-15T09:26:52.8868905Z ##[group]Operating System
2025-04-15T09:26:52.8869954Z Ubuntu
2025-04-15T09:26:52.8870465Z 24.04.2
2025-04-15T09:26:52.8871262Z LTS
2025-04-15T09:26:52.8871821Z ##[endgroup]
2025-04-15T09:26:52.8872336Z ##[group]Runner Image
2025-04-15T09:26:52.8872944Z Image: ubuntu-24.04
2025-04-15T09:26:52.8873447Z Version: 20250406.1.0
2025-04-15T09:26:52.8874566Z Included Software: https://github.com/actions/runner-images/blob/ubuntu24/20250406.1/images/ubuntu/Ubuntu2404-Readme.md
2025-04-15T09:26:52.8875926Z Image Release: https://github.com/actions/runner-images/releases/tag/ubuntu24%2F20250406.1
2025-04-15T09:26:52.8876775Z ##[endgroup]
2025-04-15T09:26:52.8877343Z ##[group]Runner Image Provisioner
2025-04-15T09:26:52.8877917Z 2.0.422.1
2025-04-15T09:26:52.8878357Z ##[endgroup]
2025-04-15T09:26:52.8881057Z ##[group]GITHUB_TOKEN Permissions
2025-04-15T09:26:52.8883248Z Actions: read
2025-04-15T09:26:52.8884021Z Attestations: read
2025-04-15T09:26:52.8884611Z Checks: read
2025-04-15T09:26:52.8885145Z Contents: read
2025-04-15T09:26:52.8885630Z Deployments: read
2025-04-15T09:26:52.8886168Z Discussions: read
2025-04-15T09:26:52.8886736Z Issues: read
2025-04-15T09:26:52.8887195Z Metadata: read
2025-04-15T09:26:52.8887675Z Models: read
2025-04-15T09:26:52.8888152Z Packages: read
2025-04-15T09:26:52.8888678Z Pages: read
2025-04-15T09:26:52.8889120Z PullRequests: read
2025-04-15T09:26:52.8889668Z RepositoryProjects: read
2025-04-15T09:26:52.8890215Z SecurityEvents: read
2025-04-15T09:26:52.8890895Z Statuses: read
2025-04-15T09:26:52.8891438Z ##[endgroup]
2025-04-15T09:26:52.8893589Z Secret source: None
2025-04-15T09:26:52.8894389Z Prepare workflow directory
2025-04-15T09:26:52.9237178Z Prepare all required actions
2025-04-15T09:26:52.9276625Z Getting action download info
2025-04-15T09:26:53.5193873Z Download action repository 'actions/checkout@11bd71901bbe5b1630ceea73d27597364c9af683' (SHA:11bd71901bbe5b1630ceea73d27597364c9af683)
2025-04-15T09:26:53.6031579Z Download action repository 'actions/setup-python@42375524e23c412d93fb67b49958b491fce71c38' (SHA:42375524e23c412d93fb67b49958b491fce71c38)
2025-04-15T09:26:53.6942495Z Download action repository 'pre-commit/action@2c7b3805fd2a0fd8c1884dcaebf91fc102a13ecd' (SHA:2c7b3805fd2a0fd8c1884dcaebf91fc102a13ecd)
2025-04-15T09:26:54.2396735Z Getting action download info
2025-04-15T09:26:54.4215546Z ##[group]Download immutable action package 'actions/cache@v4'
2025-04-15T09:26:54.4216877Z Version: 4.2.3
2025-04-15T09:26:54.4218018Z Digest: sha256:c8a3bb963e1f1826d8fcc8d1354f0dd29d8ac1db1d4f6f20247055ae11b81ed9
2025-04-15T09:26:54.4219297Z Source commit SHA: 5a3ec84eff668545956fd18022155c47e93e2684
2025-04-15T09:26:54.4220224Z ##[endgroup]
2025-04-15T09:26:54.5518913Z Complete job name: pre-commit
2025-04-15T09:26:54.6342946Z ##[group]Run actions/checkout@11bd71901bbe5b1630ceea73d27597364c9af683
2025-04-15T09:26:54.6344693Z with:
2025-04-15T09:26:54.6345484Z   repository: vllm-project/vllm
2025-04-15T09:26:54.6346799Z   token: ***
2025-04-15T09:26:54.6347603Z   ssh-strict: true
2025-04-15T09:26:54.6348403Z   ssh-user: git
2025-04-15T09:26:54.6349242Z   persist-credentials: true
2025-04-15T09:26:54.6350186Z   clean: true
2025-04-15T09:26:54.6351188Z   sparse-checkout-cone-mode: true
2025-04-15T09:26:54.6352192Z   fetch-depth: 1
2025-04-15T09:26:54.6352978Z   fetch-tags: false
2025-04-15T09:26:54.6353796Z   show-progress: true
2025-04-15T09:26:54.6354620Z   lfs: false
2025-04-15T09:26:54.6355721Z   submodules: false
2025-04-15T09:26:54.6356565Z   set-safe-directory: true
2025-04-15T09:26:54.6357758Z ##[endgroup]
2025-04-15T09:26:54.8042913Z Syncing repository: vllm-project/vllm
2025-04-15T09:26:54.8047078Z ##[group]Getting Git version info
2025-04-15T09:26:54.8049202Z Working directory is '/home/runner/work/vllm/vllm'
2025-04-15T09:26:54.8052539Z [command]/usr/bin/git version
2025-04-15T09:26:54.8088379Z git version 2.49.0
2025-04-15T09:26:54.8118276Z ##[endgroup]
2025-04-15T09:26:54.8135695Z Temporarily overriding HOME='/home/runner/work/_temp/5bc54caf-36af-4be1-aed0-6139e2470567' before making global git config changes
2025-04-15T09:26:54.8141190Z Adding repository directory to the temporary git global config as a safe directory
2025-04-15T09:26:54.8144869Z [command]/usr/bin/git config --global --add safe.directory /home/runner/work/vllm/vllm
2025-04-15T09:26:54.8181737Z Deleting the contents of '/home/runner/work/vllm/vllm'
2025-04-15T09:26:54.8186153Z ##[group]Initializing the repository
2025-04-15T09:26:54.8191364Z [command]/usr/bin/git init /home/runner/work/vllm/vllm
2025-04-15T09:26:54.8254578Z hint: Using 'master' as the name for the initial branch. This default branch name
2025-04-15T09:26:54.8256645Z hint: is subject to change. To configure the initial branch name to use in all
2025-04-15T09:26:54.8259102Z hint: of your new repositories, which will suppress this warning, call:
2025-04-15T09:26:54.8260480Z hint:
2025-04-15T09:26:54.8261662Z hint: 	git config --global init.defaultBranch <name>
2025-04-15T09:26:54.8262872Z hint:
2025-04-15T09:26:54.8264103Z hint: Names commonly chosen instead of 'master' are 'main', 'trunk' and
2025-04-15T09:26:54.8265925Z hint: 'development'. The just-created branch can be renamed via this command:
2025-04-15T09:26:54.8267345Z hint:
2025-04-15T09:26:54.8268081Z hint: 	git branch -m <name>
2025-04-15T09:26:54.8269730Z Initialized empty Git repository in /home/runner/work/vllm/vllm/.git/
2025-04-15T09:26:54.8273049Z [command]/usr/bin/git remote add origin https://github.com/vllm-project/vllm
2025-04-15T09:26:54.8306453Z ##[endgroup]
2025-04-15T09:26:54.8307856Z ##[group]Disabling automatic garbage collection
2025-04-15T09:26:54.8310029Z [command]/usr/bin/git config --local gc.auto 0
2025-04-15T09:26:54.8342018Z ##[endgroup]
2025-04-15T09:26:54.8343380Z ##[group]Setting up auth
2025-04-15T09:26:54.8349413Z [command]/usr/bin/git config --local --name-only --get-regexp core\.sshCommand
2025-04-15T09:26:54.8382439Z [command]/usr/bin/git submodule foreach --recursive sh -c "git config --local --name-only --get-regexp 'core\.sshCommand' && git config --local --unset-all 'core.sshCommand' || :"
2025-04-15T09:26:54.8680045Z [command]/usr/bin/git config --local --name-only --get-regexp http\.https\:\/\/github\.com\/\.extraheader
2025-04-15T09:26:54.8718700Z [command]/usr/bin/git submodule foreach --recursive sh -c "git config --local --name-only --get-regexp 'http\.https\:\/\/github\.com\/\.extraheader' && git config --local --unset-all 'http.https://github.com/.extraheader' || :"
2025-04-15T09:26:54.8953503Z [command]/usr/bin/git config --local http.https://github.com/.extraheader AUTHORIZATION: basic ***
2025-04-15T09:26:54.8995876Z ##[endgroup]
2025-04-15T09:26:54.9077438Z ##[group]Fetching the repository
2025-04-15T09:26:54.9082926Z [command]/usr/bin/git -c protocol.version=2 fetch --no-tags --prune --no-recurse-submodules --depth=1 origin +6e6c80bad3fc3331fe7f6f291008850fea794c4d:refs/remotes/pull/6036/merge
2025-04-15T09:26:56.7632030Z From https://github.com/vllm-project/vllm
2025-04-15T09:26:56.7633251Z  * [new ref]         6e6c80bad3fc3331fe7f6f291008850fea794c4d -> pull/6036/merge
2025-04-15T09:26:56.7673107Z ##[endgroup]
2025-04-15T09:26:56.7673556Z ##[group]Determining the checkout info
2025-04-15T09:26:56.7674888Z ##[endgroup]
2025-04-15T09:26:56.7680022Z [command]/usr/bin/git sparse-checkout disable
2025-04-15T09:26:56.7720327Z [command]/usr/bin/git config --local --unset-all extensions.worktreeConfig
2025-04-15T09:26:56.7748504Z ##[group]Checking out the ref
2025-04-15T09:26:56.7752740Z [command]/usr/bin/git checkout --progress --force refs/remotes/pull/6036/merge
2025-04-15T09:26:56.9362149Z Note: switching to 'refs/remotes/pull/6036/merge'.
2025-04-15T09:26:56.9362739Z 
2025-04-15T09:26:56.9363095Z You are in 'detached HEAD' state. You can look around, make experimental
2025-04-15T09:26:56.9363999Z changes and commit them, and you can discard any commits you make in this
2025-04-15T09:26:56.9364848Z state without impacting any branches by switching back to a branch.
2025-04-15T09:26:56.9365356Z 
2025-04-15T09:26:56.9366019Z If you want to create a new branch to retain commits you create, you may
2025-04-15T09:26:56.9366797Z do so (now or later) by using -c with the switch command. Example:
2025-04-15T09:26:56.9367227Z 
2025-04-15T09:26:56.9367413Z   git switch -c <new-branch-name>
2025-04-15T09:26:56.9367718Z 
2025-04-15T09:26:56.9367888Z Or undo this operation with:
2025-04-15T09:26:56.9368175Z 
2025-04-15T09:26:56.9368348Z   git switch -
2025-04-15T09:26:56.9368602Z 
2025-04-15T09:26:56.9368978Z Turn off this advice by setting config variable advice.detachedHead to false
2025-04-15T09:26:56.9369507Z 
2025-04-15T09:26:56.9370119Z HEAD is now at 6e6c80b Merge 92c961b3ad2f503bd9de33fbe19f1f7769910312 into 1575c1701a80befec8efe274b338cb26bc199275
2025-04-15T09:26:56.9376340Z ##[endgroup]
2025-04-15T09:26:56.9415332Z [command]/usr/bin/git log -1 --format=%H
2025-04-15T09:26:56.9438493Z 6e6c80bad3fc3331fe7f6f291008850fea794c4d
2025-04-15T09:26:56.9695888Z ##[group]Run actions/setup-python@42375524e23c412d93fb67b49958b491fce71c38
2025-04-15T09:26:56.9696319Z with:
2025-04-15T09:26:56.9696547Z   python-version: 3.12
2025-04-15T09:26:56.9696779Z   check-latest: false
2025-04-15T09:26:56.9697141Z   token: ***
2025-04-15T09:26:56.9697365Z   update-environment: true
2025-04-15T09:26:56.9697613Z   allow-prereleases: false
2025-04-15T09:26:56.9697883Z ##[endgroup]
2025-04-15T09:26:57.1417568Z ##[group]Installed versions
2025-04-15T09:26:57.1477929Z Successfully set up CPython (3.12.9)
2025-04-15T09:26:57.1478787Z ##[endgroup]
2025-04-15T09:26:57.1611604Z ##[group]Run echo "::add-matcher::.github/workflows/matchers/actionlint.json"
2025-04-15T09:26:57.1612316Z [36;1mecho "::add-matcher::.github/workflows/matchers/actionlint.json"[0m
2025-04-15T09:26:57.1665795Z shell: /usr/bin/bash -e {0}
2025-04-15T09:26:57.1666122Z env:
2025-04-15T09:26:57.1666422Z   pythonLocation: /opt/hostedtoolcache/Python/3.12.9/x64
2025-04-15T09:26:57.1666898Z   PKG_CONFIG_PATH: /opt/hostedtoolcache/Python/3.12.9/x64/lib/pkgconfig
2025-04-15T09:26:57.1667386Z   Python_ROOT_DIR: /opt/hostedtoolcache/Python/3.12.9/x64
2025-04-15T09:26:57.1667810Z   Python2_ROOT_DIR: /opt/hostedtoolcache/Python/3.12.9/x64
2025-04-15T09:26:57.1668221Z   Python3_ROOT_DIR: /opt/hostedtoolcache/Python/3.12.9/x64
2025-04-15T09:26:57.1668629Z   LD_LIBRARY_PATH: /opt/hostedtoolcache/Python/3.12.9/x64/lib
2025-04-15T09:26:57.1668974Z ##[endgroup]
2025-04-15T09:26:57.1826120Z ##[group]Run echo "::add-matcher::.github/workflows/matchers/mypy.json"
2025-04-15T09:26:57.1826667Z [36;1mecho "::add-matcher::.github/workflows/matchers/mypy.json"[0m
2025-04-15T09:26:57.1874532Z shell: /usr/bin/bash -e {0}
2025-04-15T09:26:57.1874821Z env:
2025-04-15T09:26:57.1875109Z   pythonLocation: /opt/hostedtoolcache/Python/3.12.9/x64
2025-04-15T09:26:57.1875573Z   PKG_CONFIG_PATH: /opt/hostedtoolcache/Python/3.12.9/x64/lib/pkgconfig
2025-04-15T09:26:57.1876006Z   Python_ROOT_DIR: /opt/hostedtoolcache/Python/3.12.9/x64
2025-04-15T09:26:57.1876402Z   Python2_ROOT_DIR: /opt/hostedtoolcache/Python/3.12.9/x64
2025-04-15T09:26:57.1876823Z   Python3_ROOT_DIR: /opt/hostedtoolcache/Python/3.12.9/x64
2025-04-15T09:26:57.1877233Z   LD_LIBRARY_PATH: /opt/hostedtoolcache/Python/3.12.9/x64/lib
2025-04-15T09:26:57.1877573Z ##[endgroup]
2025-04-15T09:26:57.2039489Z ##[group]Run pre-commit/action@2c7b3805fd2a0fd8c1884dcaebf91fc102a13ecd
2025-04-15T09:26:57.2039939Z with:
2025-04-15T09:26:57.2040226Z   extra_args: --all-files --hook-stage manual
2025-04-15T09:26:57.2040535Z env:
2025-04-15T09:26:57.2040995Z   pythonLocation: /opt/hostedtoolcache/Python/3.12.9/x64
2025-04-15T09:26:57.2041464Z   PKG_CONFIG_PATH: /opt/hostedtoolcache/Python/3.12.9/x64/lib/pkgconfig
2025-04-15T09:26:57.2041906Z   Python_ROOT_DIR: /opt/hostedtoolcache/Python/3.12.9/x64
2025-04-15T09:26:57.2042310Z   Python2_ROOT_DIR: /opt/hostedtoolcache/Python/3.12.9/x64
2025-04-15T09:26:57.2042705Z   Python3_ROOT_DIR: /opt/hostedtoolcache/Python/3.12.9/x64
2025-04-15T09:26:57.2043107Z   LD_LIBRARY_PATH: /opt/hostedtoolcache/Python/3.12.9/x64/lib
2025-04-15T09:26:57.2043648Z ##[endgroup]
2025-04-15T09:26:57.2137005Z ##[group]Run python -m pip install pre-commit
2025-04-15T09:26:57.2137429Z [36;1mpython -m pip install pre-commit[0m
2025-04-15T09:26:57.2194507Z shell: /usr/bin/bash --noprofile --norc -e -o pipefail {0}
2025-04-15T09:26:57.2195152Z env:
2025-04-15T09:26:57.2195582Z   pythonLocation: /opt/hostedtoolcache/Python/3.12.9/x64
2025-04-15T09:26:57.2196280Z   PKG_CONFIG_PATH: /opt/hostedtoolcache/Python/3.12.9/x64/lib/pkgconfig
2025-04-15T09:26:57.2197005Z   Python_ROOT_DIR: /opt/hostedtoolcache/Python/3.12.9/x64
2025-04-15T09:26:57.2197700Z   Python2_ROOT_DIR: /opt/hostedtoolcache/Python/3.12.9/x64
2025-04-15T09:26:57.2198347Z   Python3_ROOT_DIR: /opt/hostedtoolcache/Python/3.12.9/x64
2025-04-15T09:26:57.2198987Z   LD_LIBRARY_PATH: /opt/hostedtoolcache/Python/3.12.9/x64/lib
2025-04-15T09:26:57.2199508Z ##[endgroup]
2025-04-15T09:26:57.8556434Z Collecting pre-commit
2025-04-15T09:26:57.9101545Z   Downloading pre_commit-4.2.0-py2.py3-none-any.whl.metadata (1.3 kB)
2025-04-15T09:26:57.9311047Z Collecting cfgv>=2.0.0 (from pre-commit)
2025-04-15T09:26:57.9411290Z   Downloading cfgv-3.4.0-py2.py3-none-any.whl.metadata (8.5 kB)
2025-04-15T09:26:57.9896246Z Collecting identify>=1.0.0 (from pre-commit)
2025-04-15T09:26:57.9998950Z   Downloading identify-2.6.9-py2.py3-none-any.whl.metadata (4.4 kB)
2025-04-15T09:26:58.0235932Z Collecting nodeenv>=0.11.1 (from pre-commit)
2025-04-15T09:26:58.0335539Z   Downloading nodeenv-1.9.1-py2.py3-none-any.whl.metadata (21 kB)
2025-04-15T09:26:58.0807478Z Collecting pyyaml>=5.1 (from pre-commit)
2025-04-15T09:26:58.0911711Z   Downloading PyYAML-6.0.2-cp312-cp312-manylinux_2_17_x86_64.manylinux2014_x86_64.whl.metadata (2.1 kB)
2025-04-15T09:26:58.1541044Z Collecting virtualenv>=20.10.0 (from pre-commit)
2025-04-15T09:26:58.1643256Z   Downloading virtualenv-20.30.0-py3-none-any.whl.metadata (4.5 kB)
2025-04-15T09:26:58.1914141Z Collecting distlib<1,>=0.3.7 (from virtualenv>=20.10.0->pre-commit)
2025-04-15T09:26:58.2014321Z   Downloading distlib-0.3.9-py2.py3-none-any.whl.metadata (5.2 kB)
2025-04-15T09:26:58.2316834Z Collecting filelock<4,>=3.12.2 (from virtualenv>=20.10.0->pre-commit)
2025-04-15T09:26:58.2418669Z   Downloading filelock-3.18.0-py3-none-any.whl.metadata (2.9 kB)
2025-04-15T09:26:58.2698476Z Collecting platformdirs<5,>=3.9.1 (from virtualenv>=20.10.0->pre-commit)
2025-04-15T09:26:58.2798692Z   Downloading platformdirs-4.3.7-py3-none-any.whl.metadata (11 kB)
2025-04-15T09:26:58.2984743Z Downloading pre_commit-4.2.0-py2.py3-none-any.whl (220 kB)
2025-04-15T09:26:58.3300399Z Downloading cfgv-3.4.0-py2.py3-none-any.whl (7.2 kB)
2025-04-15T09:26:58.3441878Z Downloading identify-2.6.9-py2.py3-none-any.whl (99 kB)
2025-04-15T09:26:58.3574073Z Downloading nodeenv-1.9.1-py2.py3-none-any.whl (22 kB)
2025-04-15T09:26:58.3704942Z Downloading PyYAML-6.0.2-cp312-cp312-manylinux_2_17_x86_64.manylinux2014_x86_64.whl (767 kB)
2025-04-15T09:26:58.3897546Z    ━━━━━━━━━━━━━━━━━━━━━━━━━━━━━━━━━━━━━━━━ 767.5/767.5 kB 64.1 MB/s eta 0:00:00
2025-04-15T09:26:58.3998474Z Downloading virtualenv-20.30.0-py3-none-any.whl (4.3 MB)
2025-04-15T09:26:58.4324705Z    ━━━━━━━━━━━━━━━━━━━━━━━━━━━━━━━━━━━━━━━━ 4.3/4.3 MB 139.4 MB/s eta 0:00:00
2025-04-15T09:26:58.4427812Z Downloading distlib-0.3.9-py2.py3-none-any.whl (468 kB)
2025-04-15T09:26:58.4567866Z Downloading filelock-3.18.0-py3-none-any.whl (16 kB)
2025-04-15T09:26:58.4688047Z Downloading platformdirs-4.3.7-py3-none-any.whl (18 kB)
2025-04-15T09:26:58.5023755Z Installing collected packages: distlib, pyyaml, platformdirs, nodeenv, identify, filelock, cfgv, virtualenv, pre-commit
2025-04-15T09:26:58.9158698Z Successfully installed cfgv-3.4.0 distlib-0.3.9 filelock-3.18.0 identify-2.6.9 nodeenv-1.9.1 platformdirs-4.3.7 pre-commit-4.2.0 pyyaml-6.0.2 virtualenv-20.30.0
2025-04-15T09:26:59.1130516Z ##[group]Run python -m pip freeze --local
2025-04-15T09:26:59.1131044Z [36;1mpython -m pip freeze --local[0m
2025-04-15T09:26:59.1177939Z shell: /usr/bin/bash --noprofile --norc -e -o pipefail {0}
2025-04-15T09:26:59.1178462Z env:
2025-04-15T09:26:59.1178712Z   pythonLocation: /opt/hostedtoolcache/Python/3.12.9/x64
2025-04-15T09:26:59.1179119Z   PKG_CONFIG_PATH: /opt/hostedtoolcache/Python/3.12.9/x64/lib/pkgconfig
2025-04-15T09:26:59.1179516Z   Python_ROOT_DIR: /opt/hostedtoolcache/Python/3.12.9/x64
2025-04-15T09:26:59.1179859Z   Python2_ROOT_DIR: /opt/hostedtoolcache/Python/3.12.9/x64
2025-04-15T09:26:59.1180216Z   Python3_ROOT_DIR: /opt/hostedtoolcache/Python/3.12.9/x64
2025-04-15T09:26:59.1180558Z   LD_LIBRARY_PATH: /opt/hostedtoolcache/Python/3.12.9/x64/lib
2025-04-15T09:26:59.1181067Z ##[endgroup]
2025-04-15T09:26:59.3850527Z cfgv==3.4.0
2025-04-15T09:26:59.3851250Z distlib==0.3.9
2025-04-15T09:26:59.3851728Z filelock==3.18.0
2025-04-15T09:26:59.3852164Z identify==2.6.9
2025-04-15T09:26:59.3852573Z nodeenv==1.9.1
2025-04-15T09:26:59.3853003Z platformdirs==4.3.7
2025-04-15T09:26:59.3853437Z pre_commit==4.2.0
2025-04-15T09:26:59.3853852Z PyYAML==6.0.2
2025-04-15T09:26:59.3854252Z virtualenv==20.30.0
2025-04-15T09:26:59.4853053Z ##[group]Run actions/cache@v4
2025-04-15T09:26:59.4853271Z with:
2025-04-15T09:26:59.4853446Z   path: ~/.cache/pre-commit
2025-04-15T09:26:59.4853945Z   key: pre-commit-3|/opt/hostedtoolcache/Python/3.12.9/x64|b561be449282ed0f3eb12e41c885cf98903b2d58b7a569f3e4b5873d7aff2f18
2025-04-15T09:26:59.4854466Z   enableCrossOsArchive: false
2025-04-15T09:26:59.4854687Z   fail-on-cache-miss: false
2025-04-15T09:26:59.4854885Z   lookup-only: false
2025-04-15T09:26:59.4855071Z   save-always: false
2025-04-15T09:26:59.4855235Z env:
2025-04-15T09:26:59.4855461Z   pythonLocation: /opt/hostedtoolcache/Python/3.12.9/x64
2025-04-15T09:26:59.4855848Z   PKG_CONFIG_PATH: /opt/hostedtoolcache/Python/3.12.9/x64/lib/pkgconfig
2025-04-15T09:26:59.4856229Z   Python_ROOT_DIR: /opt/hostedtoolcache/Python/3.12.9/x64
2025-04-15T09:26:59.4856569Z   Python2_ROOT_DIR: /opt/hostedtoolcache/Python/3.12.9/x64
2025-04-15T09:26:59.4856900Z   Python3_ROOT_DIR: /opt/hostedtoolcache/Python/3.12.9/x64
2025-04-15T09:26:59.4857243Z   LD_LIBRARY_PATH: /opt/hostedtoolcache/Python/3.12.9/x64/lib
2025-04-15T09:26:59.4857549Z ##[endgroup]
2025-04-15T09:26:59.8859350Z Cache hit for: pre-commit-3|/opt/hostedtoolcache/Python/3.12.9/x64|b561be449282ed0f3eb12e41c885cf98903b2d58b7a569f3e4b5873d7aff2f18
2025-04-15T09:27:01.1363609Z Received 29360128 of 113357780 (25.9%), 27.9 MBs/sec
2025-04-15T09:27:01.6554860Z Received 113357780 of 113357780 (100.0%), 71.1 MBs/sec
2025-04-15T09:27:01.6557933Z Cache Size: ~108 MB (113357780 B)
2025-04-15T09:27:01.6618274Z [command]/usr/bin/tar -xf /home/runner/work/_temp/fa41c9bb-6684-478f-be57-b958a26aeba1/cache.tzst -P -C /home/runner/work/vllm/vllm --use-compress-program unzstd
2025-04-15T09:27:02.6194459Z Cache restored successfully
2025-04-15T09:27:02.6576386Z Cache restored from key: pre-commit-3|/opt/hostedtoolcache/Python/3.12.9/x64|b561be449282ed0f3eb12e41c885cf98903b2d58b7a569f3e4b5873d7aff2f18
2025-04-15T09:27:02.6697914Z ##[group]Run pre-commit run --show-diff-on-failure --color=always --all-files --hook-stage manual
2025-04-15T09:27:02.6699035Z [36;1mpre-commit run --show-diff-on-failure --color=always --all-files --hook-stage manual[0m
2025-04-15T09:27:02.6755858Z shell: /usr/bin/bash --noprofile --norc -e -o pipefail {0}
2025-04-15T09:27:02.6756421Z env:
2025-04-15T09:27:02.6756674Z   pythonLocation: /opt/hostedtoolcache/Python/3.12.9/x64
2025-04-15T09:27:02.6757079Z   PKG_CONFIG_PATH: /opt/hostedtoolcache/Python/3.12.9/x64/lib/pkgconfig
2025-04-15T09:27:02.6757478Z   Python_ROOT_DIR: /opt/hostedtoolcache/Python/3.12.9/x64
2025-04-15T09:27:02.6757825Z   Python2_ROOT_DIR: /opt/hostedtoolcache/Python/3.12.9/x64
2025-04-15T09:27:02.6758174Z   Python3_ROOT_DIR: /opt/hostedtoolcache/Python/3.12.9/x64
2025-04-15T09:27:02.6758527Z   LD_LIBRARY_PATH: /opt/hostedtoolcache/Python/3.12.9/x64/lib
2025-04-15T09:27:02.6758821Z ##[endgroup]
2025-04-15T09:28:13.2552249Z yapf.....................................................................[42mPassed[m
2025-04-15T09:28:13.5947505Z ruff.....................................................................[42mPassed[m
2025-04-15T09:28:14.9201562Z codespell................................................................[42mPassed[m
2025-04-15T09:28:18.0870046Z isort....................................................................[42mPassed[m
2025-04-15T09:28:18.9232733Z clang-format.............................................................[42mPassed[m
2025-04-15T09:28:22.9915775Z PyMarkdown...............................................................[42mPassed[m
2025-04-15T09:28:23.7006054Z Lint GitHub Actions workflow files.......................................[42mPassed[m
2025-04-15T09:28:26.3655910Z pip-compile..............................................................[41mFailed[m
2025-04-15T09:28:26.3656823Z [2m- hook id: pip-compile[m
2025-04-15T09:28:26.3657520Z [2m- files were modified by this hook[m
2025-04-15T09:28:26.3657802Z 
2025-04-15T09:28:26.3658461Z ⠋ Resolving dependencies...                                                     
2025-04-15T09:28:26.3659815Z [2K⠙ Resolving dependencies...                                                     
2025-04-15T09:28:26.3661239Z [2K⠋ Resolving dependencies...                                                     
2025-04-15T09:28:26.3662414Z [2K⠙ Resolving dependencies...                                                     
2025-04-15T09:28:26.3663022Z [2K⠙ torch==2.6.0                                                                  
2025-04-15T09:28:26.3663585Z [2K⠙ torchaudio==2.6.0                                                             
2025-04-15T09:28:26.3664161Z [2K⠙ torchvision==0.21.0                                                           
2025-04-15T09:28:26.3664725Z [2K⠙ lm-eval==0.4.8                                                                
2025-04-15T09:28:26.3665263Z [2K⠙ lm-eval==0.4.8                                                                
2025-04-15T09:28:26.3665802Z [2K⠙ transformers==4.51.1                                                          
2025-04-15T09:28:26.3666415Z [2K⠙ buildkite-test-collector==0.1.9                                               
2025-04-15T09:28:26.3667035Z [2K⠙ genai-perf==0.0.8                                                             
2025-04-15T09:28:26.3667613Z [2K⠙ tritonclient==2.51.0                                                          
2025-04-15T09:28:26.3668153Z [2K⠙ numba==0.61.2                                                                 
2025-04-15T09:28:26.3668670Z [2K⠹ numba==0.61.2                                                                 
2025-04-15T09:28:26.3669184Z [2K⠹ numba==0.61.2                                                                 
2025-04-15T09:28:26.3669856Z [2K⠹ runai-model-streamer==0.11.0                                                  
2025-04-15T09:28:26.3670477Z [2K⠹ runai-model-streamer-s3==0.11.0                                               
2025-04-15T09:28:26.3671342Z [2K⠹ nvidia-cuda-nvrtc-cu12==12.4.127                                              
2025-04-15T09:28:26.3671980Z [2K⠹ nvidia-cuda-nvrtc-cu12==12.4.127                                              
2025-04-15T09:28:26.3672862Z [2K⠹ nvidia-cuda-runtime-cu12==12.4.127                                            
2025-04-15T09:28:26.3673515Z [2K⠹ nvidia-cuda-runtime-cu12==12.4.127                                            
2025-04-15T09:28:26.3674146Z [2K⠹ nvidia-cuda-cupti-cu12==12.4.127                                              
2025-04-15T09:28:26.3674781Z [2K⠹ nvidia-cuda-cupti-cu12==12.4.127                                              
2025-04-15T09:28:26.3675385Z [2K⠹ nvidia-cudnn-cu12==9.1.0.70                                                   
2025-04-15T09:28:26.3675974Z [2K⠹ nvidia-cudnn-cu12==9.1.0.70                                                   
2025-04-15T09:28:26.3676570Z [2K⠹ nvidia-cublas-cu12==12.4.5.8                                                  
2025-04-15T09:28:26.3677164Z [2K⠹ nvidia-cublas-cu12==12.4.5.8                                                  
2025-04-15T09:28:26.3677914Z [2K⠹ nvidia-cufft-cu12==11.2.1.3                                                   
2025-04-15T09:28:26.3678526Z [2K⠸ nvidia-curand-cu12==10.3.5.147                                                
2025-04-15T09:28:26.3679138Z [2K⠸ nvidia-cusparselt-cu12==0.6.2                                                 
2025-04-15T09:28:26.3679710Z [2K⠸ triton==3.2.0                                                                 
2025-04-15T09:28:26.3680224Z [2K⠼ awscli==1.35.23                                                               
2025-04-15T09:28:26.3680963Z [2K⠼ botocore==1.35.57                                                             
2025-04-15T09:28:26.3681507Z [2K⠼ backoff==2.2.1                                                                
2025-04-15T09:28:26.3682037Z [2K⠼ blobfile==3.0.0                                                               
2025-04-15T09:28:26.3682561Z [2K⠼ encodec==0.1.1                                                                
2025-04-15T09:28:26.3683092Z [2K⠴ encodec==0.1.1                                                                
2025-04-15T09:28:26.3683624Z [2K⠦ encodec==0.1.1                                                                
2025-04-15T09:28:26.3684140Z [2K⠧ encodec==0.1.1                                                                
2025-04-15T09:28:26.3684661Z [2K⠇ encodec==0.1.1                                                                
2025-04-15T09:28:26.3685193Z [2K⠋ encodec==0.1.1                                                                
2025-04-15T09:28:26.3685717Z [2K⠋ peft==0.13.2                                                                  
2025-04-15T09:28:26.3686229Z [2K⠋ pqdm==0.2.0                                                                   
2025-04-15T09:28:26.3686734Z [2K⠋ ray==2.43.0                                                                   
2025-04-15T09:28:26.3687228Z [2K⠋ ray==2.43.0                                                                   
2025-04-15T09:28:26.3687797Z [2K⠋ sentence-transformers==3.2.1                                                  
2025-04-15T09:28:26.3688380Z [2K⠋ soundfile==0.12.1                                                             
2025-04-15T09:28:26.3688907Z [2K⠋ jiwer==3.0.5                                                                  
2025-04-15T09:28:26.3689452Z [2K⠋ timm==1.0.11                                                                  
2025-04-15T09:28:26.3690046Z [2K⠋ transformers-stream-generator==0.0.5                                          
2025-04-15T09:28:26.3690996Z [2K⠋ matplotlib==3.9.2                                                             
2025-04-15T09:28:26.3692059Z [2K⠋ mistral-common==1.5.4                                                         
2025-04-15T09:28:26.3693110Z [2K⠋ mistral-common==1.5.4                                                         
2025-04-15T09:28:26.3694195Z [2K⠋ num2words==0.5.14                                                             
2025-04-15T09:28:26.3694914Z [2K⠋ opencv-python-headless==4.11.0.86                                             
2025-04-15T09:28:26.3695928Z [2K⠋ setuptools==75.8.0                                                            
2025-04-15T09:28:26.3697068Z [2K⠋ pillow==10.4.0                                                                
2025-04-15T09:28:26.3698182Z [2K⠙ pydantic-core==2.23.4                                                         
2025-04-15T09:28:26.3699254Z [2K⠙ typing-extensions==4.12.2                                                     
2025-04-15T09:28:26.3699864Z [2K⠙ pydantic==2.9.2                                                               
2025-04-15T09:28:26.3701111Z [2K⠹ docopt==0.6.2                                                                 
2025-04-15T09:28:26.3701909Z [2K⠸ docopt==0.6.2                                                                 
2025-04-15T09:28:26.3702605Z [2K⠼ docopt==0.6.2                                                                 
2025-04-15T09:28:26.3703446Z [2K⠼ argcomplete==3.5.1                                                            
2025-04-15T09:28:26.3704141Z [2K⠼ black==24.10.0                                                                
2025-04-15T09:28:26.3705207Z [2K⠼ genson==1.3.0                                                                 
2025-04-15T09:28:26.3706247Z [2K⠼ inflect==5.6.2                                                                
2025-04-15T09:28:26.3709788Z [2K⠼ isort==5.13.2                                                                 
2025-04-15T09:28:26.3711049Z [2K⠼ hf-xet==0.1.4                                                                 
2025-04-15T09:28:26.3712079Z [2K⠼ typer==0.15.2                                                                 
2025-04-15T09:28:26.3713091Z [2K⠼ chardet==5.2.0                                                                
2025-04-15T09:28:26.3714004Z [2K[2mResolved [1m206 packages[0m [2min 2.51s[0m[0m
2025-04-15T09:28:26.3715214Z [32m# This file was autogenerated by uv via the following command:[39m
2025-04-15T09:28:26.3716504Z [32m#    uv pip compile requirements/test.in -o requirements/test.txt[39m
2025-04-15T09:28:26.3717178Z absl-py==2.1.0
2025-04-15T09:28:26.3717752Z [32m    # via rouge-score[39m
2025-04-15T09:28:26.3718211Z accelerate==1.0.1
2025-04-15T09:28:26.3718636Z [32m    # via
2025-04-15T09:28:26.3718974Z     #   lm-eval
2025-04-15T09:28:26.3719376Z     #   peft[39m
2025-04-15T09:28:26.3719768Z aiohappyeyeballs==2.4.3
2025-04-15T09:28:26.3720321Z [32m    # via aiohttp[39m
2025-04-15T09:28:26.3720917Z aiohttp==3.10.11
2025-04-15T09:28:26.3721346Z [32m    # via
2025-04-15T09:28:26.3721691Z     #   datasets
2025-04-15T09:28:26.3722019Z     #   fsspec
2025-04-15T09:28:26.3722421Z     #   lm-eval[39m
2025-04-15T09:28:26.3722775Z aiosignal==1.3.1
2025-04-15T09:28:26.3723159Z [32m    # via
2025-04-15T09:28:26.3723469Z     #   aiohttp
2025-04-15T09:28:26.3723869Z     #   ray[39m
2025-04-15T09:28:26.3724277Z annotated-types==0.7.0
2025-04-15T09:28:26.3724826Z [32m    # via pydantic[39m
2025-04-15T09:28:26.3725286Z anyio==4.6.2.post1
2025-04-15T09:28:26.3725845Z [32m    # via httpx[39m
2025-04-15T09:28:26.3726268Z argcomplete==3.5.1
2025-04-15T09:28:26.3726961Z [32m    # via datamodel-code-generator[39m
2025-04-15T09:28:26.3727453Z attrs==24.2.0
2025-04-15T09:28:26.3727868Z [32m    # via
2025-04-15T09:28:26.3728194Z     #   aiohttp
2025-04-15T09:28:26.3728541Z     #   jsonlines
2025-04-15T09:28:26.3728891Z     #   jsonschema
2025-04-15T09:28:26.3729333Z     #   referencing[39m
2025-04-15T09:28:26.3729731Z audioread==3.0.1
2025-04-15T09:28:26.3730259Z [32m    # via librosa[39m
2025-04-15T09:28:26.3730861Z awscli==1.35.23
2025-04-15T09:28:26.3731550Z [32m    # via -r requirements/test.in[39m
2025-04-15T09:28:26.3732043Z backoff==2.2.1
2025-04-15T09:28:26.3732700Z [32m    # via -r requirements/test.in[39m
2025-04-15T09:28:26.3733201Z bitsandbytes==0.45.3
2025-04-15T09:28:26.3733862Z [32m    # via -r requirements/test.in[39m
2025-04-15T09:28:26.3734336Z black==24.10.0
2025-04-15T09:28:26.3734985Z [32m    # via datamodel-code-generator[39m
2025-04-15T09:28:26.3735491Z blobfile==3.0.0
2025-04-15T09:28:26.3736441Z [32m    # via -r requirements/test.in[39m
2025-04-15T09:28:26.3736941Z boto3==1.35.57
2025-04-15T09:28:26.3737465Z [32m    # via tensorizer[39m
2025-04-15T09:28:26.3737862Z botocore==1.35.57
2025-04-15T09:28:26.3738249Z [32m    # via
2025-04-15T09:28:26.3738548Z     #   awscli
2025-04-15T09:28:26.3738866Z     #   boto3
2025-04-15T09:28:26.3739276Z     #   s3transfer[39m
2025-04-15T09:28:26.3739724Z bounded-pool-executor==0.0.3
2025-04-15T09:28:26.3740319Z [32m    # via pqdm[39m
2025-04-15T09:28:26.3741035Z buildkite-test-collector==0.1.9
2025-04-15T09:28:26.3741816Z [32m    # via -r requirements/test.in[39m
2025-04-15T09:28:26.3742308Z certifi==2024.8.30
2025-04-15T09:28:26.3742768Z [32m    # via
2025-04-15T09:28:26.3743097Z     #   httpcore
2025-04-15T09:28:26.3743431Z     #   httpx
2025-04-15T09:28:26.3744156Z     #   requests[39m
2025-04-15T09:28:26.3744498Z cffi==1.17.1
2025-04-15T09:28:26.3745026Z [32m    # via soundfile[39m
2025-04-15T09:28:26.3745423Z chardet==5.2.0
2025-04-15T09:28:26.3745978Z [32m    # via mbstrdecoder[39m
2025-04-15T09:28:26.3746450Z charset-normalizer==3.4.0
2025-04-15T09:28:26.3747029Z [32m    # via requests[39m
2025-04-15T09:28:26.3747415Z click==8.1.7
2025-04-15T09:28:26.3747808Z [32m    # via
2025-04-15T09:28:26.3748219Z     #   black
2025-04-15T09:28:26.3748555Z     #   jiwer
2025-04-15T09:28:26.3748856Z     #   nltk
2025-04-15T09:28:26.3749128Z     #   ray
2025-04-15T09:28:26.3749538Z     #   typer[39m
2025-04-15T09:28:26.3749903Z colorama==0.4.6
2025-04-15T09:28:26.3750322Z [32m    # via
2025-04-15T09:28:26.3750831Z     #   awscli
2025-04-15T09:28:26.3751185Z     #   sacrebleu
2025-04-15T09:28:26.3751686Z     #   tqdm-multiprocess[39m
2025-04-15T09:28:26.3752122Z contourpy==1.3.0
2025-04-15T09:28:26.3752664Z [32m    # via matplotlib[39m
2025-04-15T09:28:26.3753074Z cramjam==2.9.0
2025-04-15T09:28:26.3753607Z [32m    # via fastparquet[39m
2025-04-15T09:28:26.3754044Z cupy-cuda12x==13.3.0
2025-04-15T09:28:26.3754529Z [32m    # via ray[39m
2025-04-15T09:28:26.3754903Z cycler==0.12.1
2025-04-15T09:28:26.3755421Z [32m    # via matplotlib[39m
2025-04-15T09:28:26.3755909Z datamodel-code-generator==0.26.3
2025-04-15T09:28:26.3756640Z [32m    # via -r requirements/test.in[39m
2025-04-15T09:28:26.3757141Z dataproperty==1.0.1
2025-04-15T09:28:26.3757567Z [32m    # via
2025-04-15T09:28:26.3757941Z     #   pytablewriter
2025-04-15T09:28:26.3758397Z     #   tabledata[39m
2025-04-15T09:28:26.3758765Z datasets==3.0.2
2025-04-15T09:28:26.3759163Z [32m    # via
2025-04-15T09:28:26.3759491Z     #   evaluate
2025-04-15T09:28:26.3759900Z     #   lm-eval[39m
2025-04-15T09:28:26.3760257Z decorator==5.1.1
2025-04-15T09:28:26.3760927Z [32m    # via librosa[39m
2025-04-15T09:28:26.3761270Z dill==0.3.8
2025-04-15T09:28:26.3761648Z [32m    # via
2025-04-15T09:28:26.3761981Z     #   datasets
2025-04-15T09:28:26.3762318Z     #   evaluate
2025-04-15T09:28:26.3762653Z     #   lm-eval
2025-04-15T09:28:26.3763099Z     #   multiprocess[39m
2025-04-15T09:28:26.3763511Z dnspython==2.7.0
2025-04-15T09:28:26.3764100Z [32m    # via email-validator[39m
2025-04-15T09:28:26.3764537Z docopt==0.6.2
2025-04-15T09:28:26.3765074Z [32m    # via num2words[39m
2025-04-15T09:28:26.3765492Z docutils==0.16
2025-04-15T09:28:26.3765997Z [32m    # via awscli[39m
2025-04-15T09:28:26.3766388Z einops==0.8.0
2025-04-15T09:28:26.3766779Z [32m    # via
2025-04-15T09:28:26.3767192Z     #   -r requirements/test.in
2025-04-15T09:28:26.3767606Z     #   encodec
2025-04-15T09:28:26.3768020Z     #   vector-quantize-pytorch
2025-04-15T09:28:26.3768523Z     #   vocos[39m
2025-04-15T09:28:26.3768808Z einx==0.3.0
2025-04-15T09:28:26.3769443Z [32m    # via vector-quantize-pytorch[39m
2025-04-15T09:28:26.3769987Z email-validator==2.2.0
2025-04-15T09:28:26.3770534Z [32m    # via pydantic[39m
2025-04-15T09:28:26.3771219Z encodec==0.1.1
2025-04-15T09:28:26.3771707Z [32m    # via vocos[39m
2025-04-15T09:28:26.3772090Z evaluate==0.4.3
2025-04-15T09:28:26.3772587Z [32m    # via lm-eval[39m
2025-04-15T09:28:26.3773244Z fastparquet==2024.11.0
2025-04-15T09:28:26.3773814Z [32m    # via genai-perf[39m
2025-04-15T09:28:26.3774225Z fastrlock==0.8.2
2025-04-15T09:28:26.3774778Z [32m    # via cupy-cuda12x[39m
2025-04-15T09:28:26.3775248Z fastsafetensors==0.1.10
2025-04-15T09:28:26.3775910Z [32m    # via -r requirements/test.in[39m
2025-04-15T09:28:26.3776388Z filelock==3.16.1
2025-04-15T09:28:26.3776816Z [32m    # via
2025-04-15T09:28:26.3777159Z     #   blobfile
2025-04-15T09:28:26.3777502Z     #   datasets
2025-04-15T09:28:26.3777893Z     #   huggingface-hub
2025-04-15T09:28:26.3778215Z     #   ray
2025-04-15T09:28:26.3778534Z     #   torch
2025-04-15T09:28:26.3778983Z     #   transformers[39m
2025-04-15T09:28:26.3779392Z fonttools==4.54.1
2025-04-15T09:28:26.3779955Z [32m    # via matplotlib[39m
2025-04-15T09:28:26.3780619Z frozendict==2.4.6
2025-04-15T09:28:26.3781348Z [32m    # via einx[39m
2025-04-15T09:28:26.3781763Z frozenlist==1.5.0
2025-04-15T09:28:26.3782181Z [32m    # via
2025-04-15T09:28:26.3782530Z     #   aiohttp
2025-04-15T09:28:26.3782887Z     #   aiosignal
2025-04-15T09:28:26.3783287Z     #   ray[39m
2025-04-15T09:28:26.3783642Z fsspec==2024.9.0
2025-04-15T09:28:26.3784061Z [32m    # via
2025-04-15T09:28:26.3784401Z     #   datasets
2025-04-15T09:28:26.3784749Z     #   evaluate
2025-04-15T09:28:26.3785115Z     #   fastparquet
2025-04-15T09:28:26.3785513Z     #   huggingface-hub
2025-04-15T09:28:26.3785957Z     #   torch[39m
2025-04-15T09:28:26.3786330Z genai-perf==0.0.8
2025-04-15T09:28:26.3786998Z [32m    # via -r requirements/test.in[39m
2025-04-15T09:28:26.3787474Z genson==1.3.0
2025-04-15T09:28:26.3788146Z [32m    # via datamodel-code-generator[39m
2025-04-15T09:28:26.3788584Z h11==0.14.0
2025-04-15T09:28:26.3789096Z [32m    # via httpcore[39m
2025-04-15T09:28:26.3789565Z hf-xet==0.1.4
2025-04-15T09:28:26.3790157Z [32m    # via huggingface-hub[39m
2025-04-15T09:28:26.3790603Z hiredis==3.0.0
2025-04-15T09:28:26.3791314Z [32m    # via tensorizer[39m
2025-04-15T09:28:26.3791750Z httpcore==1.0.6
2025-04-15T09:28:26.3792254Z [32m    # via httpx[39m
2025-04-15T09:28:26.3792636Z httpx==0.27.2
2025-04-15T09:28:26.3793292Z [32m    # via -r requirements/test.in[39m
2025-04-15T09:28:26.3793827Z huggingface-hub==0.30.1
2025-04-15T09:28:26.3794290Z [32m    # via
2025-04-15T09:28:26.3794726Z     #   -r requirements/test.in
2025-04-15T09:28:26.3795187Z     #   accelerate
2025-04-15T09:28:26.3795542Z     #   datasets
2025-04-15T09:28:26.3795896Z     #   evaluate
2025-04-15T09:28:26.3796225Z     #   peft
2025-04-15T09:28:26.3796644Z     #   sentence-transformers
2025-04-15T09:28:26.3797048Z     #   timm
2025-04-15T09:28:26.3797401Z     #   tokenizers
2025-04-15T09:28:26.3797780Z     #   transformers
2025-04-15T09:28:26.3798234Z     #   vocos[39m
2025-04-15T09:28:26.3798615Z humanize==4.11.0
2025-04-15T09:28:26.3799285Z [32m    # via runai-model-streamer[39m
2025-04-15T09:28:26.3799711Z idna==3.10
2025-04-15T09:28:26.3800121Z [32m    # via
2025-04-15T09:28:26.3800450Z     #   anyio
2025-04-15T09:28:26.3831276Z     #   email-validator
2025-04-15T09:28:26.3831703Z     #   httpx
2025-04-15T09:28:26.3832053Z     #   requests
2025-04-15T09:28:26.3832516Z     #   yarl[39m
2025-04-15T09:28:26.3832879Z inflect==5.6.2
2025-04-15T09:28:26.3833598Z [32m    # via datamodel-code-generator[39m
2025-04-15T09:28:26.3834140Z iniconfig==2.0.0
2025-04-15T09:28:26.3834726Z [32m    # via pytest[39m
2025-04-15T09:28:26.3835149Z isort==5.13.2
2025-04-15T09:28:26.3835866Z [32m    # via datamodel-code-generator[39m
2025-04-15T09:28:26.3836347Z jinja2==3.1.6
2025-04-15T09:28:26.3836786Z [32m    # via
2025-04-15T09:28:26.3837242Z     #   datamodel-code-generator
2025-04-15T09:28:26.3837764Z     #   torch[39m
2025-04-15T09:28:26.3838100Z jiwer==3.0.5
2025-04-15T09:28:26.3838793Z [32m    # via -r requirements/test.in[39m
2025-04-15T09:28:26.3839322Z jmespath==1.0.1
2025-04-15T09:28:26.3839770Z [32m    # via
2025-04-15T09:28:26.3840134Z     #   boto3
2025-04-15T09:28:26.3840601Z     #   botocore[39m
2025-04-15T09:28:26.3841410Z joblib==1.4.2
2025-04-15T09:28:26.3841887Z [32m    # via
2025-04-15T09:28:26.3842236Z     #   librosa
2025-04-15T09:28:26.3842549Z     #   nltk
2025-04-15T09:28:26.3843033Z     #   scikit-learn[39m
2025-04-15T09:28:26.3843475Z jsonlines==4.0.0
2025-04-15T09:28:26.3844055Z [32m    # via lm-eval[39m
2025-04-15T09:28:26.3844512Z jsonschema==4.23.0
2025-04-15T09:28:26.3844999Z [32m    # via
2025-04-15T09:28:26.3845396Z     #   mistral-common
2025-04-15T09:28:26.3845864Z     #   ray[39m
2025-04-15T09:28:26.3846364Z jsonschema-specifications==2024.10.1
2025-04-15T09:28:26.3847079Z [32m    # via jsonschema[39m
2025-04-15T09:28:26.3847534Z kaleido==0.2.1
2025-04-15T09:28:26.3848109Z [32m    # via genai-perf[39m
2025-04-15T09:28:26.3848558Z kiwisolver==1.4.7
2025-04-15T09:28:26.3849366Z [32m    # via matplotlib[39m
2025-04-15T09:28:26.3849809Z lazy-loader==0.4
2025-04-15T09:28:26.3850360Z [32m    # via librosa[39m
2025-04-15T09:28:26.3850956Z libnacl==2.1.0
2025-04-15T09:28:26.3851500Z [32m    # via tensorizer[39m
2025-04-15T09:28:26.3851922Z librosa==0.10.2.post1
2025-04-15T09:28:26.3852575Z [32m    # via -r requirements/test.in[39m
2025-04-15T09:28:26.3853049Z llvmlite==0.44.0
2025-04-15T09:28:26.3853530Z [32m    # via numba[39m
2025-04-15T09:28:26.3853899Z lm-eval==0.4.8
2025-04-15T09:28:26.3854521Z [32m    # via -r requirements/test.in[39m
2025-04-15T09:28:26.3854953Z lxml==5.3.0
2025-04-15T09:28:26.3855372Z [32m    # via
2025-04-15T09:28:26.3855715Z     #   blobfile
2025-04-15T09:28:26.3856173Z     #   sacrebleu[39m
2025-04-15T09:28:26.3856592Z markdown-it-py==3.0.0
2025-04-15T09:28:26.3857129Z [32m    # via rich[39m
2025-04-15T09:28:26.3857537Z markupsafe==3.0.2
2025-04-15T09:28:26.3858083Z [32m    # via jinja2[39m
2025-04-15T09:28:26.3858491Z matplotlib==3.9.2
2025-04-15T09:28:26.3859181Z [32m    # via -r requirements/test.in[39m
2025-04-15T09:28:26.3859694Z mbstrdecoder==1.1.3
2025-04-15T09:28:26.3860132Z [32m    # via
2025-04-15T09:28:26.3860505Z     #   dataproperty
2025-04-15T09:28:26.3881424Z     #   pytablewriter
2025-04-15T09:28:26.3881981Z     #   typepy[39m
2025-04-15T09:28:26.3882349Z mdurl==0.1.2
2025-04-15T09:28:26.3882976Z [32m    # via markdown-it-py[39m
2025-04-15T09:28:26.3883496Z mistral-common==1.5.4
2025-04-15T09:28:26.3884234Z [32m    # via -r requirements/test.in[39m
2025-04-15T09:28:26.3884799Z more-itertools==10.5.0
2025-04-15T09:28:26.3885432Z [32m    # via lm-eval[39m
2025-04-15T09:28:26.3885862Z mpmath==1.3.0
2025-04-15T09:28:26.3886421Z [32m    # via sympy[39m
2025-04-15T09:28:26.3886841Z msgpack==1.1.0
2025-04-15T09:28:26.3887265Z [32m    # via
2025-04-15T09:28:26.3887621Z     #   librosa
2025-04-15T09:28:26.3888038Z     #   ray[39m
2025-04-15T09:28:26.3888399Z multidict==6.1.0
2025-04-15T09:28:26.3888887Z [32m    # via
2025-04-15T09:28:26.3889265Z     #   aiohttp
2025-04-15T09:28:26.3889755Z     #   yarl[39m
2025-04-15T09:28:26.3890156Z multiprocess==0.70.16
2025-04-15T09:28:26.3891059Z [32m    # via
2025-04-15T09:28:26.3891443Z     #   datasets
2025-04-15T09:28:26.3891975Z     #   evaluate[39m
2025-04-15T09:28:26.3892407Z mypy-extensions==1.0.0
2025-04-15T09:28:26.3892980Z [32m    # via black[39m
2025-04-15T09:28:26.3893396Z networkx==3.2.1
2025-04-15T09:28:26.3893956Z [32m    # via torch[39m
2025-04-15T09:28:26.3894312Z nltk==3.9.1
2025-04-15T09:28:26.3894894Z [32m    # via rouge-score[39m
2025-04-15T09:28:26.3895363Z num2words==0.5.14
2025-04-15T09:28:26.3896061Z [32m    # via -r requirements/test.in[39m
2025-04-15T09:28:26.3896547Z numba==0.61.2
2025-04-15T09:28:26.3897006Z [32m    # via
2025-04-15T09:28:26.3897440Z     #   -r requirements/test.in
2025-04-15T09:28:26.3898001Z     #   librosa[39m
2025-04-15T09:28:26.3898393Z numexpr==2.10.1
2025-04-15T09:28:26.3898963Z [32m    # via lm-eval[39m
2025-04-15T09:28:26.3899407Z numpy==1.26.4
2025-04-15T09:28:26.3899858Z [32m    # via
2025-04-15T09:28:26.3900306Z     #   -r requirements/test.in
2025-04-15T09:28:26.3900932Z     #   accelerate
2025-04-15T09:28:26.3901545Z     #   bitsandbytes
2025-04-15T09:28:26.3901972Z     #   contourpy
2025-04-15T09:28:26.3902389Z     #   cupy-cuda12x
2025-04-15T09:28:26.3902776Z     #   datasets
2025-04-15T09:28:26.3903124Z     #   einx
2025-04-15T09:28:26.3903478Z     #   encodec
2025-04-15T09:28:26.3903825Z     #   evaluate
2025-04-15T09:28:26.3904182Z     #   fastparquet
2025-04-15T09:28:26.3904554Z     #   genai-perf
2025-04-15T09:28:26.3904913Z     #   librosa
2025-04-15T09:28:26.3905257Z     #   matplotlib
2025-04-15T09:28:26.3905641Z     #   mistral-common
2025-04-15T09:28:26.3906020Z     #   numba
2025-04-15T09:28:26.3906346Z     #   numexpr
2025-04-15T09:28:26.3906766Z     #   opencv-python-headless
2025-04-15T09:28:26.3907186Z     #   pandas
2025-04-15T09:28:26.3907510Z     #   patsy
2025-04-15T09:28:26.3908033Z     #   peft
2025-04-15T09:28:26.3908416Z     #   rouge-score
2025-04-15T09:28:26.3908856Z     #   runai-model-streamer
2025-04-15T09:28:26.3909313Z     #   sacrebleu
2025-04-15T09:28:26.3909706Z     #   scikit-learn
2025-04-15T09:28:26.3910072Z     #   scipy
2025-04-15T09:28:26.3910372Z     #   soxr
2025-04-15T09:28:26.3950980Z     #   statsmodels
2025-04-15T09:28:26.3951692Z     #   tensorizer
2025-04-15T09:28:26.3952088Z     #   torchvision
2025-04-15T09:28:26.3952496Z     #   transformers
2025-04-15T09:28:26.3952915Z     #   tritonclient
2025-04-15T09:28:26.3953413Z     #   vocos[39m
2025-04-15T09:28:26.3953862Z nvidia-cublas-cu12==12.4.5.8
2025-04-15T09:28:26.3954384Z [32m    # via
2025-04-15T09:28:26.3954799Z     #   nvidia-cudnn-cu12
2025-04-15T09:28:26.3955305Z     #   nvidia-cusolver-cu12
2025-04-15T09:28:26.3955827Z     #   torch[39m
2025-04-15T09:28:26.3956292Z nvidia-cuda-cupti-cu12==12.4.127
2025-04-15T09:28:26.3956942Z [32m    # via torch[39m
2025-04-15T09:28:26.3957440Z nvidia-cuda-nvrtc-cu12==12.4.127
2025-04-15T09:28:26.3958076Z [32m    # via torch[39m
2025-04-15T09:28:26.3958592Z nvidia-cuda-runtime-cu12==12.4.127
2025-04-15T09:28:26.3959228Z [32m    # via torch[39m
2025-04-15T09:28:26.3959706Z nvidia-cudnn-cu12==9.1.0.70
2025-04-15T09:28:26.3960297Z [32m    # via torch[39m
2025-04-15T09:28:26.3961085Z nvidia-cufft-cu12==11.2.1.3
2025-04-15T09:28:26.3961743Z [32m    # via torch[39m
2025-04-15T09:28:26.3962242Z nvidia-curand-cu12==10.3.5.147
2025-04-15T09:28:26.3962885Z [32m    # via torch[39m
2025-04-15T09:28:26.3963379Z nvidia-cusolver-cu12==11.6.1.9
2025-04-15T09:28:26.3963977Z [32m    # via torch[39m
2025-04-15T09:28:26.3964452Z nvidia-cusparse-cu12==12.3.1.170
2025-04-15T09:28:26.3964953Z [32m    # via
2025-04-15T09:28:26.3965396Z     #   nvidia-cusolver-cu12
2025-04-15T09:28:26.3965915Z     #   torch[39m
2025-04-15T09:28:26.3966377Z nvidia-cusparselt-cu12==0.6.2
2025-04-15T09:28:26.3967026Z [32m    # via torch[39m
2025-04-15T09:28:26.3967495Z nvidia-nccl-cu12==2.21.5
2025-04-15T09:28:26.3968099Z [32m    # via torch[39m
2025-04-15T09:28:26.3968581Z nvidia-nvjitlink-cu12==12.4.127
2025-04-15T09:28:26.3969070Z [32m    # via
2025-04-15T09:28:26.3969471Z     #   nvidia-cusolver-cu12
2025-04-15T09:28:26.3969961Z     #   nvidia-cusparse-cu12
2025-04-15T09:28:26.3970478Z     #   torch[39m
2025-04-15T09:28:26.3971107Z nvidia-nvtx-cu12==12.4.127
2025-04-15T09:28:26.3971731Z [32m    # via torch[39m
2025-04-15T09:28:26.3972236Z opencv-python-headless==4.11.0.86
2025-04-15T09:28:26.3972769Z [32m    # via
2025-04-15T09:28:26.3973192Z     #   -r requirements/test.in
2025-04-15T09:28:26.3973737Z     #   mistral-common[39m
2025-04-15T09:28:26.3974147Z packaging==24.1
2025-04-15T09:28:26.3974586Z [32m    # via
2025-04-15T09:28:26.3974947Z     #   accelerate
2025-04-15T09:28:26.3975299Z     #   black
2025-04-15T09:28:26.3975735Z     #   datamodel-code-generator
2025-04-15T09:28:26.3976178Z     #   datasets
2025-04-15T09:28:26.3976529Z     #   evaluate
2025-04-15T09:28:26.3976914Z     #   fastparquet
2025-04-15T09:28:26.3977324Z     #   huggingface-hub
2025-04-15T09:28:26.3977752Z     #   lazy-loader
2025-04-15T09:28:26.3978140Z     #   matplotlib
2025-04-15T09:28:26.3978495Z     #   peft
2025-04-15T09:28:26.3979072Z     #   plotly
2025-04-15T09:28:26.3979452Z     #   pooch
2025-04-15T09:28:26.3979797Z     #   pytest
2025-04-15T09:28:26.3980219Z     #   pytest-rerunfailures
2025-04-15T09:28:26.3980591Z     #   ray
2025-04-15T09:28:26.3997477Z     #   statsmodels
2025-04-15T09:28:26.3997886Z     #   transformers
2025-04-15T09:28:26.3998361Z     #   typepy[39m
2025-04-15T09:28:26.3998705Z pandas==2.2.3
2025-04-15T09:28:26.3999154Z [32m    # via
2025-04-15T09:28:26.3999472Z     #   datasets
2025-04-15T09:28:26.3999783Z     #   evaluate
2025-04-15T09:28:26.4000115Z     #   fastparquet
2025-04-15T09:28:26.4000456Z     #   genai-perf
2025-04-15T09:28:26.4001052Z     #   statsmodels[39m
2025-04-15T09:28:26.4001438Z pathspec==0.12.1
2025-04-15T09:28:26.4001912Z [32m    # via black[39m
2025-04-15T09:28:26.4002622Z pathvalidate==3.2.1
2025-04-15T09:28:26.4003193Z [32m    # via pytablewriter[39m
2025-04-15T09:28:26.4003592Z patsy==1.0.1
2025-04-15T09:28:26.4004117Z [32m    # via statsmodels[39m
2025-04-15T09:28:26.4004505Z peft==0.13.2
2025-04-15T09:28:26.4004885Z [32m    # via
2025-04-15T09:28:26.4005287Z     #   -r requirements/test.in
2025-04-15T09:28:26.4005763Z     #   lm-eval[39m
2025-04-15T09:28:26.4006124Z pillow==10.4.0
2025-04-15T09:28:26.4006509Z [32m    # via
2025-04-15T09:28:26.4006835Z     #   genai-perf
2025-04-15T09:28:26.4007185Z     #   matplotlib
2025-04-15T09:28:26.4007548Z     #   mistral-common
2025-04-15T09:28:26.4007976Z     #   sentence-transformers
2025-04-15T09:28:26.4008476Z     #   torchvision[39m
2025-04-15T09:28:26.4008874Z platformdirs==4.3.6
2025-04-15T09:28:26.4009271Z [32m    # via
2025-04-15T09:28:26.4009584Z     #   black
2025-04-15T09:28:26.4009954Z     #   pooch[39m
2025-04-15T09:28:26.4010283Z plotly==5.24.1
2025-04-15T09:28:26.4010945Z [32m    # via genai-perf[39m
2025-04-15T09:28:26.4011365Z pluggy==1.5.0
2025-04-15T09:28:26.4011853Z [32m    # via pytest[39m
2025-04-15T09:28:26.4012207Z pooch==1.8.2
2025-04-15T09:28:26.4012688Z [32m    # via librosa[39m
2025-04-15T09:28:26.4013106Z portalocker==2.10.1
2025-04-15T09:28:26.4013623Z [32m    # via sacrebleu[39m
2025-04-15T09:28:26.4013970Z pqdm==0.2.0
2025-04-15T09:28:26.4014586Z [32m    # via -r requirements/test.in[39m
2025-04-15T09:28:26.4015059Z propcache==0.2.0
2025-04-15T09:28:26.4015541Z [32m    # via yarl[39m
2025-04-15T09:28:26.4015922Z protobuf==5.28.3
2025-04-15T09:28:26.4016313Z [32m    # via
2025-04-15T09:28:26.4016583Z     #   ray
2025-04-15T09:28:26.4016985Z     #   tensorizer[39m
2025-04-15T09:28:26.4017340Z psutil==6.1.0
2025-04-15T09:28:26.4017734Z [32m    # via
2025-04-15T09:28:26.4018067Z     #   accelerate
2025-04-15T09:28:26.4018374Z     #   peft
2025-04-15T09:28:26.4018774Z     #   tensorizer[39m
2025-04-15T09:28:26.4019074Z py==1.11.0
2025-04-15T09:28:26.4019608Z [32m    # via pytest-forked[39m
2025-04-15T09:28:26.4020027Z pyarrow==18.0.0
2025-04-15T09:28:26.4020418Z [32m    # via
2025-04-15T09:28:26.4050935Z     #   datasets
2025-04-15T09:28:26.4051416Z     #   genai-perf[39m
2025-04-15T09:28:26.4051802Z pyasn1==0.6.1
2025-04-15T09:28:26.4052272Z [32m    # via rsa[39m
2025-04-15T09:28:26.4052642Z pybind11==2.13.6
2025-04-15T09:28:26.4053150Z [32m    # via lm-eval[39m
2025-04-15T09:28:26.4053549Z pycparser==2.22
2025-04-15T09:28:26.4054025Z [32m    # via cffi[39m
2025-04-15T09:28:26.4054430Z pycryptodomex==3.22.0
2025-04-15T09:28:26.4054968Z [32m    # via blobfile[39m
2025-04-15T09:28:26.4055371Z pydantic==2.9.2
2025-04-15T09:28:26.4055762Z [32m    # via
2025-04-15T09:28:26.4056176Z     #   datamodel-code-generator
2025-04-15T09:28:26.4056714Z     #   mistral-common[39m
2025-04-15T09:28:26.4057135Z pydantic-core==2.23.4
2025-04-15T09:28:26.4057673Z [32m    # via pydantic[39m
2025-04-15T09:28:26.4058080Z pygments==2.18.0
2025-04-15T09:28:26.4058555Z [32m    # via rich[39m
2025-04-15T09:28:26.4058953Z pyparsing==3.2.0
2025-04-15T09:28:26.4059487Z [32m    # via matplotlib[39m
2025-04-15T09:28:26.4059921Z pytablewriter==1.2.0
2025-04-15T09:28:26.4060838Z [32m    # via lm-eval[39m
2025-04-15T09:28:26.4061259Z pytest==8.3.3
2025-04-15T09:28:26.4061669Z [32m    # via
2025-04-15T09:28:26.4062068Z     #   -r requirements/test.in
2025-04-15T09:28:26.4062564Z     #   buildkite-test-collector
2025-04-15T09:28:26.4062999Z     #   genai-perf
2025-04-15T09:28:26.4063374Z     #   pytest-asyncio
2025-04-15T09:28:26.4063769Z     #   pytest-forked
2025-04-15T09:28:26.4064147Z     #   pytest-mock
2025-04-15T09:28:26.4064559Z     #   pytest-rerunfailures
2025-04-15T09:28:26.4064987Z     #   pytest-shard
2025-04-15T09:28:26.4065460Z     #   pytest-timeout[39m
2025-04-15T09:28:26.4065889Z pytest-asyncio==0.24.0
2025-04-15T09:28:26.4066568Z [32m    # via -r requirements/test.in[39m
2025-04-15T09:28:26.4067072Z pytest-forked==1.6.0
2025-04-15T09:28:26.4067730Z [32m    # via -r requirements/test.in[39m
2025-04-15T09:28:26.4068406Z pytest-mock==3.14.0
2025-04-15T09:28:26.4068969Z [32m    # via genai-perf[39m
2025-04-15T09:28:26.4069457Z pytest-rerunfailures==14.0
2025-04-15T09:28:26.4070181Z [32m    # via -r requirements/test.in[39m
2025-04-15T09:28:26.4070911Z pytest-shard==0.1.2
2025-04-15T09:28:26.4071583Z [32m    # via -r requirements/test.in[39m
2025-04-15T09:28:26.4131619Z pytest-timeout==2.3.1
2025-04-15T09:28:26.4132453Z [32m    # via -r requirements/test.in[39m
2025-04-15T09:28:26.4133061Z python-dateutil==2.9.0.post0
2025-04-15T09:28:26.4133581Z [32m    # via
2025-04-15T09:28:26.4133945Z     #   botocore
2025-04-15T09:28:26.4134309Z     #   matplotlib
2025-04-15T09:28:26.4134666Z     #   pandas
2025-04-15T09:28:26.4135108Z     #   typepy[39m
2025-04-15T09:28:26.4135549Z python-rapidjson==1.20
2025-04-15T09:28:26.4136199Z [32m    # via tritonclient[39m
2025-04-15T09:28:26.4136631Z pytz==2024.2
2025-04-15T09:28:26.4137083Z [32m    # via
2025-04-15T09:28:26.4137463Z     #   pandas
2025-04-15T09:28:26.4137915Z     #   typepy[39m
2025-04-15T09:28:26.4138300Z pyyaml==6.0.2
2025-04-15T09:28:26.4138735Z [32m    # via
2025-04-15T09:28:26.4139101Z     #   accelerate
2025-04-15T09:28:26.4139478Z     #   awscli
2025-04-15T09:28:26.4139934Z     #   datamodel-code-generator
2025-04-15T09:28:26.4140396Z     #   datasets
2025-04-15T09:28:26.4171072Z     #   genai-perf
2025-04-15T09:28:26.4171526Z     #   huggingface-hub
2025-04-15T09:28:26.4171905Z     #   peft
2025-04-15T09:28:26.4172187Z     #   ray
2025-04-15T09:28:26.4172530Z     #   responses
2025-04-15T09:28:26.4172864Z     #   timm
2025-04-15T09:28:26.4173216Z     #   transformers
2025-04-15T09:28:26.4173714Z     #   vocos[39m
2025-04-15T09:28:26.4174096Z rapidfuzz==3.12.1
2025-04-15T09:28:26.4174623Z [32m    # via jiwer[39m
2025-04-15T09:28:26.4174973Z ray==2.43.0
2025-04-15T09:28:26.4175609Z [32m    # via -r requirements/test.in[39m
2025-04-15T09:28:26.4176011Z redis==5.2.0
2025-04-15T09:28:26.4176593Z [32m    # via tensorizer[39m
2025-04-15T09:28:26.4177086Z referencing==0.35.1
2025-04-15T09:28:26.4177571Z [32m    # via
2025-04-15T09:28:26.4177953Z     #   jsonschema
2025-04-15T09:28:26.4178535Z     #   jsonschema-specifications[39m
2025-04-15T09:28:26.4179014Z regex==2024.9.11
2025-04-15T09:28:26.4179440Z [32m    # via
2025-04-15T09:28:26.4179761Z     #   nltk
2025-04-15T09:28:26.4180112Z     #   sacrebleu
2025-04-15T09:28:26.4180497Z     #   tiktoken
2025-04-15T09:28:26.4181211Z     #   transformers[39m
2025-04-15T09:28:26.4181666Z requests==2.32.3
2025-04-15T09:28:26.4182144Z [32m    # via
2025-04-15T09:28:26.4182586Z     #   buildkite-test-collector
2025-04-15T09:28:26.4183023Z     #   datasets
2025-04-15T09:28:26.4183366Z     #   evaluate
2025-04-15T09:28:26.4183770Z     #   huggingface-hub
2025-04-15T09:28:26.4184238Z     #   lm-eval
2025-04-15T09:28:26.4184659Z     #   mistral-common
2025-04-15T09:28:26.4185051Z     #   pooch
2025-04-15T09:28:26.4185351Z     #   ray
2025-04-15T09:28:26.4185716Z     #   responses
2025-04-15T09:28:26.4186078Z     #   tiktoken
2025-04-15T09:28:26.4186591Z     #   transformers[39m
2025-04-15T09:28:26.4187023Z responses==0.25.3
2025-04-15T09:28:26.4187580Z [32m    # via genai-perf[39m
2025-04-15T09:28:26.4188240Z rich==13.9.4
2025-04-15T09:28:26.4188708Z [32m    # via
2025-04-15T09:28:26.4189085Z     #   genai-perf
2025-04-15T09:28:26.4189552Z     #   typer[39m
2025-04-15T09:28:26.4189944Z rouge-score==0.1.2
2025-04-15T09:28:26.4190489Z [32m    # via lm-eval[39m
2025-04-15T09:28:26.4191127Z rpds-py==0.20.1
2025-04-15T09:28:26.4191578Z [32m    # via
2025-04-15T09:28:26.4191931Z     #   jsonschema
2025-04-15T09:28:26.4192379Z     #   referencing[39m
2025-04-15T09:28:26.4192708Z rsa==4.7.2
2025-04-15T09:28:26.4193196Z [32m    # via awscli[39m
2025-04-15T09:28:26.4193662Z runai-model-streamer==0.11.0
2025-04-15T09:28:26.4194393Z [32m    # via -r requirements/test.in[39m
2025-04-15T09:28:26.4194956Z runai-model-streamer-s3==0.11.0
2025-04-15T09:28:26.4195691Z [32m    # via -r requirements/test.in[39m
2025-04-15T09:28:26.4196410Z s3transfer==0.10.3
2025-04-15T09:28:26.4196846Z [32m    # via
2025-04-15T09:28:26.4197178Z     #   awscli
2025-04-15T09:28:26.4197619Z     #   boto3[39m
2025-04-15T09:28:26.4198024Z sacrebleu==2.4.3
2025-04-15T09:28:26.4198610Z [32m    # via lm-eval[39m
2025-04-15T09:28:26.4199047Z safetensors==0.4.5
2025-04-15T09:28:26.4199504Z [32m    # via
2025-04-15T09:28:26.4199863Z     #   accelerate
2025-04-15T09:28:26.4200185Z     #   peft
2025-04-15T09:28:26.4200497Z     #   timm
2025-04-15T09:28:26.4231394Z     #   transformers[39m
2025-04-15T09:28:26.4231852Z scikit-learn==1.5.2
2025-04-15T09:28:26.4232344Z [32m    # via
2025-04-15T09:28:26.4232704Z     #   librosa
2025-04-15T09:28:26.4233063Z     #   lm-eval
2025-04-15T09:28:26.4233625Z     #   sentence-transformers[39m
2025-04-15T09:28:26.4234098Z scipy==1.13.1
2025-04-15T09:28:26.4234528Z [32m    # via
2025-04-15T09:28:26.4234891Z     #   librosa
2025-04-15T09:28:26.4235269Z     #   scikit-learn
2025-04-15T09:28:26.4235734Z     #   sentence-transformers
2025-04-15T09:28:26.4236181Z     #   statsmodels
2025-04-15T09:28:26.4236620Z     #   vocos[39m
2025-04-15T09:28:26.4237060Z sentence-transformers==3.2.1
2025-04-15T09:28:26.4237853Z [32m    # via -r requirements/test.in[39m
2025-04-15T09:28:26.4238419Z sentencepiece==0.2.0
2025-04-15T09:28:26.4239100Z [32m    # via mistral-common[39m
2025-04-15T09:28:26.4239606Z setuptools==75.8.0
2025-04-15T09:28:26.4240075Z [32m    # via
2025-04-15T09:28:26.4240473Z     #   pytablewriter
2025-04-15T09:28:26.4241150Z     #   torch[39m
2025-04-15T09:28:26.4241537Z shellingham==1.5.4
2025-04-15T09:28:26.4242068Z [32m    # via typer[39m
2025-04-15T09:28:26.4242411Z six==1.16.0
2025-04-15T09:28:26.4242805Z [32m    # via
2025-04-15T09:28:26.4243198Z     #   python-dateutil
2025-04-15T09:28:26.4243694Z     #   rouge-score[39m
2025-04-15T09:28:26.4244084Z sniffio==1.3.1
2025-04-15T09:28:26.4244532Z [32m    # via
2025-04-15T09:28:26.4244879Z     #   anyio
2025-04-15T09:28:26.4245297Z     #   httpx[39m
2025-04-15T09:28:26.4245685Z soundfile==0.12.1
2025-04-15T09:28:26.4246110Z [32m    # via
2025-04-15T09:28:26.4246532Z     #   -r requirements/test.in
2025-04-15T09:28:26.4247053Z     #   librosa[39m
2025-04-15T09:28:26.4247441Z soxr==0.5.0.post1
2025-04-15T09:28:26.4247962Z [32m    # via librosa[39m
2025-04-15T09:28:26.4248372Z sqlitedict==2.1.0
2025-04-15T09:28:26.4248898Z [32m    # via lm-eval[39m
2025-04-15T09:28:26.4249323Z statsmodels==0.14.4
2025-04-15T09:28:26.4249901Z [32m    # via genai-perf[39m
2025-04-15T09:28:26.4250356Z sympy==1.13.1
2025-04-15T09:28:26.4250984Z [32m    # via
2025-04-15T09:28:26.4251324Z     #   einx
2025-04-15T09:28:26.4251751Z     #   torch[39m
2025-04-15T09:28:26.4252132Z tabledata==1.3.3
2025-04-15T09:28:26.4252741Z [32m    # via pytablewriter[39m
2025-04-15T09:28:26.4253212Z tabulate==0.9.0
2025-04-15T09:28:26.4253776Z [32m    # via sacrebleu[39m
2025-04-15T09:28:26.4254198Z tcolorpy==0.1.6
2025-04-15T09:28:26.4254812Z [32m    # via pytablewriter[39m
2025-04-15T09:28:26.4255274Z tenacity==9.0.0
2025-04-15T09:28:26.4255690Z [32m    # via
2025-04-15T09:28:26.4256034Z     #   lm-eval
2025-04-15T09:28:26.4256679Z     #   plotly[39m
2025-04-15T09:28:26.4257112Z tensorizer==2.9.0
2025-04-15T09:28:26.4257838Z [32m    # via -r requirements/test.in[39m
2025-04-15T09:28:26.4258389Z threadpoolctl==3.5.0
2025-04-15T09:28:26.4259035Z [32m    # via scikit-learn[39m
2025-04-15T09:28:26.4259479Z tiktoken==0.7.0
2025-04-15T09:28:26.4259908Z [32m    # via
2025-04-15T09:28:26.4260258Z     #   lm-eval
2025-04-15T09:28:26.4291017Z     #   mistral-common[39m
2025-04-15T09:28:26.4291508Z timm==1.0.11
2025-04-15T09:28:26.4292277Z [32m    # via -r requirements/test.in[39m
2025-04-15T09:28:26.4292833Z tokenizers==0.21.0
2025-04-15T09:28:26.4293478Z [32m    # via transformers[39m
2025-04-15T09:28:26.4293928Z torch==2.6.0
2025-04-15T09:28:26.4294365Z [32m    # via
2025-04-15T09:28:26.4294810Z     #   -r requirements/test.in
2025-04-15T09:28:26.4295504Z     #   accelerate
2025-04-15T09:28:26.4295905Z     #   bitsandbytes
2025-04-15T09:28:26.4296296Z     #   encodec
2025-04-15T09:28:26.4296702Z     #   fastsafetensors
2025-04-15T09:28:26.4297132Z     #   lm-eval
2025-04-15T09:28:26.4297462Z     #   peft
2025-04-15T09:28:26.4297891Z     #   runai-model-streamer
2025-04-15T09:28:26.4298416Z     #   sentence-transformers
2025-04-15T09:28:26.4298873Z     #   tensorizer
2025-04-15T09:28:26.4299223Z     #   timm
2025-04-15T09:28:26.4299592Z     #   torchaudio
2025-04-15T09:28:26.4299976Z     #   torchvision
2025-04-15T09:28:26.4300442Z     #   vector-quantize-pytorch
2025-04-15T09:28:26.4301277Z     #   vocos[39m
2025-04-15T09:28:26.4301678Z torchaudio==2.6.0
2025-04-15T09:28:26.4302155Z [32m    # via
2025-04-15T09:28:26.4302584Z     #   -r requirements/test.in
2025-04-15T09:28:26.4303017Z     #   encodec
2025-04-15T09:28:26.4303478Z     #   vocos[39m
2025-04-15T09:28:26.4303880Z torchvision==0.21.0
2025-04-15T09:28:26.4304352Z [32m    # via
2025-04-15T09:28:26.4304803Z     #   -r requirements/test.in
2025-04-15T09:28:26.4305353Z     #   timm[39m
2025-04-15T09:28:26.4305691Z tqdm==4.66.6
2025-04-15T09:28:26.4306117Z [32m    # via
2025-04-15T09:28:26.4306492Z     #   datasets
2025-04-15T09:28:26.4306876Z     #   evaluate
2025-04-15T09:28:26.4307289Z     #   huggingface-hub
2025-04-15T09:28:26.4307711Z     #   lm-eval
2025-04-15T09:28:26.4308038Z     #   nltk
2025-04-15T09:28:26.4308355Z     #   peft
2025-04-15T09:28:26.4308659Z     #   pqdm
2025-04-15T09:28:26.4309059Z     #   sentence-transformers
2025-04-15T09:28:26.4309526Z     #   tqdm-multiprocess
2025-04-15T09:28:26.4310065Z     #   transformers[39m
2025-04-15T09:28:26.4310513Z tqdm-multiprocess==0.0.11
2025-04-15T09:28:26.4311365Z [32m    # via lm-eval[39m
2025-04-15T09:28:26.4311835Z transformers==4.51.1
2025-04-15T09:28:26.4312320Z [32m    # via
2025-04-15T09:28:26.4312764Z     #   -r requirements/test.in
2025-04-15T09:28:26.4313224Z     #   genai-perf
2025-04-15T09:28:26.4313605Z     #   lm-eval
2025-04-15T09:28:26.4313941Z     #   peft
2025-04-15T09:28:26.4314356Z     #   sentence-transformers
2025-04-15T09:28:26.4315079Z     #   transformers-stream-generator[39m
2025-04-15T09:28:26.4315734Z transformers-stream-generator==0.0.5
2025-04-15T09:28:26.4316601Z [32m    # via -r requirements/test.in[39m
2025-04-15T09:28:26.4317100Z triton==3.2.0
2025-04-15T09:28:26.4317619Z [32m    # via torch[39m
2025-04-15T09:28:26.4318035Z tritonclient==2.51.0
2025-04-15T09:28:26.4318481Z [32m    # via
2025-04-15T09:28:26.4318900Z     #   -r requirements/test.in
2025-04-15T09:28:26.4319426Z     #   genai-perf[39m
2025-04-15T09:28:26.4319814Z typepy==1.3.2
2025-04-15T09:28:26.4320222Z [32m    # via
2025-04-15T09:28:26.4320587Z     #   dataproperty
2025-04-15T09:28:26.4351332Z     #   pytablewriter
2025-04-15T09:28:26.4351886Z     #   tabledata[39m
2025-04-15T09:28:26.4352268Z typer==0.15.2
2025-04-15T09:28:26.4352857Z [32m    # via fastsafetensors[39m
2025-04-15T09:28:26.4353362Z typing-extensions==4.12.2
2025-04-15T09:28:26.4353845Z [32m    # via
2025-04-15T09:28:26.4354218Z     #   huggingface-hub
2025-04-15T09:28:26.4354592Z     #   librosa
2025-04-15T09:28:26.4354964Z     #   mistral-common
2025-04-15T09:28:26.4355524Z     #   pqdm
2025-04-15T09:28:26.4355890Z     #   pydantic
2025-04-15T09:28:26.4356269Z     #   pydantic-core
2025-04-15T09:28:26.4356633Z     #   torch
2025-04-15T09:28:26.4357036Z     #   typer[39m
2025-04-15T09:28:26.4357385Z tzdata==2024.2
2025-04-15T09:28:26.4357887Z [32m    # via pandas[39m
2025-04-15T09:28:26.4358270Z urllib3==2.2.3
2025-04-15T09:28:26.4358665Z [32m    # via
2025-04-15T09:28:26.4359000Z     #   blobfile
2025-04-15T09:28:26.4359335Z     #   botocore
2025-04-15T09:28:26.4359665Z     #   requests
2025-04-15T09:28:26.4360008Z     #   responses
2025-04-15T09:28:26.4360457Z     #   tritonclient[39m
2025-04-15T09:28:26.4361111Z vector-quantize-pytorch==1.21.2
2025-04-15T09:28:26.4361861Z [32m    # via -r requirements/test.in[39m
2025-04-15T09:28:26.4362501Z vocos==0.1.0
2025-04-15T09:28:26.4363147Z [32m    # via -r requirements/test.in[39m
2025-04-15T09:28:26.4363630Z word2number==1.1
2025-04-15T09:28:26.4364154Z [32m    # via lm-eval[39m
2025-04-15T09:28:26.4364547Z xxhash==3.5.0
2025-04-15T09:28:26.4364945Z [32m    # via
2025-04-15T09:28:26.4365287Z     #   datasets
2025-04-15T09:28:26.4365714Z     #   evaluate[39m
2025-04-15T09:28:26.4366071Z yarl==1.17.1
2025-04-15T09:28:26.4366568Z [32m    # via aiohttp[39m
2025-04-15T09:28:26.4366998Z zstandard==0.23.0
2025-04-15T09:28:26.4367570Z [32m    # via lm-eval[39m
2025-04-15T09:28:26.4367820Z 
2025-04-15T09:29:19.3606615Z Run mypy for Python 3.9..................................................[42mPassed[m
2025-04-15T09:30:12.2592705Z Run mypy for Python 3.10.................................................[42mPassed[m
2025-04-15T09:31:06.5186828Z Run mypy for Python 3.11.................................................[42mPassed[m
2025-04-15T09:32:00.7096923Z Run mypy for Python 3.12.................................................[42mPassed[m
2025-04-15T09:32:00.8043377Z Lint shell scripts.......................................................[42mPassed[m
2025-04-15T09:32:00.9447770Z Lint PNG exports from excalidraw.........................................[42mPassed[m
2025-04-15T09:32:01.0699334Z Check SPDX headers.......................................................[42mPassed[m
2025-04-15T09:32:01.1591092Z Check for spaces in all filenames........................................[42mPassed[m
2025-04-15T09:32:01.2476860Z Update Dockerfile dependency graph.......................................[42mPassed[m
2025-04-15T09:32:01.3340017Z Suggestion...............................................................[42mPassed[m
2025-04-15T09:32:01.3340589Z [2m- hook id: suggestion[m
2025-04-15T09:32:01.3341171Z [2m- duration: 0s[m
2025-04-15T09:32:01.3341317Z 
2025-04-15T09:32:01.3341572Z To bypass pre-commit hooks, add --no-verify to git commit.
2025-04-15T09:32:01.3341809Z 
2025-04-15T09:32:01.3341984Z pre-commit hook(s) made changes.
2025-04-15T09:32:01.3342527Z If you are seeing this message in CI, reproduce locally with: `pre-commit run --all-files`.
2025-04-15T09:32:01.3343131Z To run `pre-commit` as part of git workflow, use `pre-commit install`.
2025-04-15T09:32:01.3343518Z All changes made by hooks:
2025-04-15T09:32:01.4173643Z [1mdiff --git a/requirements/test.txt b/requirements/test.txt[m
2025-04-15T09:32:01.4174772Z [1mindex 28db236..a5c062b 100644[m
2025-04-15T09:32:01.4175665Z [1m--- a/requirements/test.txt[m
2025-04-15T09:32:01.4176517Z [1m+++ b/requirements/test.txt[m
2025-04-15T09:32:01.4177538Z [36m@@ -23,10 +23,6 @@[m [manyio==4.6.2.post1[m
2025-04-15T09:32:01.4178158Z      # via httpx[m
2025-04-15T09:32:01.4178419Z  argcomplete==3.5.1[m
2025-04-15T09:32:01.4178753Z      # via datamodel-code-generator[m
2025-04-15T09:32:01.4179134Z [31m-async-timeout==5.0.1[m
2025-04-15T09:32:01.4179425Z [31m-    # via[m
2025-04-15T09:32:01.4179713Z [31m-    #   aiohttp[m
2025-04-15T09:32:01.4180018Z [31m-    #   redis[m
2025-04-15T09:32:01.4180260Z  attrs==24.2.0[m
2025-04-15T09:32:01.4180485Z      # via[m
2025-04-15T09:32:01.4180956Z      #   aiohttp[m
2025-04-15T09:32:01.4181901Z [36m@@ -125,10 +121,6 @@[m [mencodec==0.1.1[m
2025-04-15T09:32:01.4182298Z      # via vocos[m
2025-04-15T09:32:01.4182548Z  evaluate==0.4.3[m
2025-04-15T09:32:01.4182801Z      # via lm-eval[m
2025-04-15T09:32:01.4183139Z [31m-exceptiongroup==1.2.2[m
2025-04-15T09:32:01.4183437Z [31m-    # via[m
2025-04-15T09:32:01.4183704Z [31m-    #   anyio[m
2025-04-15T09:32:01.4184000Z [31m-    #   pytest[m
2025-04-15T09:32:01.4184286Z  fastparquet==2024.11.0[m
2025-04-15T09:32:01.4184573Z      # via genai-perf[m
2025-04-15T09:32:01.4184837Z  fastrlock==0.8.2[m
2025-04-15T09:32:01.4185321Z [36m@@ -578,7 +570,9 @@[m [msentence-transformers==3.2.1[m
2025-04-15T09:32:01.4185698Z  sentencepiece==0.2.0[m
2025-04-15T09:32:01.4185992Z      # via mistral-common[m
2025-04-15T09:32:01.4186437Z  setuptools==75.8.0[m
2025-04-15T09:32:01.4186770Z [31m-    # via pytablewriter[m
2025-04-15T09:32:01.4187106Z [32m+[m[32m    # via[m
2025-04-15T09:32:01.4187490Z [32m+[m[32m    #   pytablewriter[m
2025-04-15T09:32:01.4187869Z [32m+[m[32m    #   torch[m
2025-04-15T09:32:01.4188162Z  shellingham==1.5.4[m
2025-04-15T09:32:01.4188425Z      # via typer[m
2025-04-15T09:32:01.4188659Z  six==1.16.0[m
2025-04-15T09:32:01.4189045Z [36m@@ -625,12 +619,6 @@[m [mtimm==1.0.11[m
2025-04-15T09:32:01.4189423Z      # via -r requirements/test.in[m
2025-04-15T09:32:01.4189743Z  tokenizers==0.21.0[m
2025-04-15T09:32:01.4190019Z      # via transformers[m
2025-04-15T09:32:01.4190306Z [31m-toml==0.10.2[m
2025-04-15T09:32:01.4190901Z [31m-    # via datamodel-code-generator[m
2025-04-15T09:32:01.4191270Z [31m-tomli==2.2.1[m
2025-04-15T09:32:01.4191529Z [31m-    # via[m
2025-04-15T09:32:01.4191795Z [31m-    #   black[m
2025-04-15T09:32:01.4192076Z [31m-    #   pytest[m
2025-04-15T09:32:01.4192329Z  torch==2.6.0[m
2025-04-15T09:32:01.4192549Z      # via[m
2025-04-15T09:32:01.4192832Z      #   -r requirements/test.in[m
2025-04-15T09:32:01.4193282Z [36m@@ -696,16 +684,12 @@[m [mtyper==0.15.2[m
2025-04-15T09:32:01.4193641Z      # via fastsafetensors[m
2025-04-15T09:32:01.4193959Z  typing-extensions==4.12.2[m
2025-04-15T09:32:01.4194217Z      # via[m
2025-04-15T09:32:01.4194469Z [31m-    #   anyio[m
2025-04-15T09:32:01.4194743Z [31m-    #   black[m
2025-04-15T09:32:01.4195015Z      #   huggingface-hub[m
2025-04-15T09:32:01.4195268Z      #   librosa[m
2025-04-15T09:32:01.4195526Z      #   mistral-common[m
2025-04-15T09:32:01.4195826Z [31m-    #   multidict[m
2025-04-15T09:32:01.4196068Z      #   pqdm[m
2025-04-15T09:32:01.4196300Z      #   pydantic[m
2025-04-15T09:32:01.4196564Z      #   pydantic-core[m
2025-04-15T09:32:01.4196842Z [31m-    #   rich[m
2025-04-15T09:32:01.4197064Z      #   torch[m
2025-04-15T09:32:01.4197283Z      #   typer[m
2025-04-15T09:32:01.4197519Z  tzdata==2024.2[m
2025-04-15T09:32:01.4360308Z ##[error]Process completed with exit code 1.
2025-04-15T09:32:01.4433424Z Post job cleanup.
2025-04-15T09:32:01.4485448Z Post job cleanup.
2025-04-15T09:32:01.5407037Z [command]/usr/bin/git version
2025-04-15T09:32:01.5448659Z git version 2.49.0
2025-04-15T09:32:01.5489310Z Temporarily overriding HOME='/home/runner/work/_temp/9e587808-7c65-47bf-9015-538b874445e2' before making global git config changes
2025-04-15T09:32:01.5491180Z Adding repository directory to the temporary git global config as a safe directory
2025-04-15T09:32:01.5494376Z [command]/usr/bin/git config --global --add safe.directory /home/runner/work/vllm/vllm
2025-04-15T09:32:01.5528150Z [command]/usr/bin/git config --local --name-only --get-regexp core\.sshCommand
2025-04-15T09:32:01.5560517Z [command]/usr/bin/git submodule foreach --recursive sh -c "git config --local --name-only --get-regexp 'core\.sshCommand' && git config --local --unset-all 'core.sshCommand' || :"
2025-04-15T09:32:01.5792837Z [command]/usr/bin/git config --local --name-only --get-regexp http\.https\:\/\/github\.com\/\.extraheader
2025-04-15T09:32:01.5813360Z http.https://github.com/.extraheader
2025-04-15T09:32:01.5826456Z [command]/usr/bin/git config --local --unset-all http.https://github.com/.extraheader
2025-04-15T09:32:01.5860986Z [command]/usr/bin/git submodule foreach --recursive sh -c "git config --local --name-only --get-regexp 'http\.https\:\/\/github\.com\/\.extraheader' && git config --local --unset-all 'http.https://github.com/.extraheader' || :"
2025-04-15T09:32:01.6195860Z Cleaning up orphan processes
