2025-04-14T18:48:39.4620582Z Prepare all required actions
2025-04-14T18:48:39.4645914Z ##[group]Run ./.github/actions/build_pandas
2025-04-14T18:48:39.4646173Z with:
2025-04-14T18:48:39.4646339Z   editable: true
2025-04-14T18:48:39.4646512Z env:
2025-04-14T18:48:39.4646682Z   ENV_FILE: environment.yml
2025-04-14T18:48:39.4646892Z   PANDAS_CI: 1
2025-04-14T18:48:39.4647095Z   MAMBA_ROOT_PREFIX: /home/runner/micromamba
2025-04-14T18:48:39.4647392Z   MAMBA_EXE: /home/runner/micromamba-bin/micromamba
2025-04-14T18:48:39.4647997Z   CONDARC: /home/runner/work/pandas/pandas/ci/.condarc
2025-04-14T18:48:39.4648285Z ##[endgroup]
2025-04-14T18:48:39.4662983Z ##[group]Run micromamba info
2025-04-14T18:48:39.4663236Z [36;1mmicromamba info[0m
2025-04-14T18:48:39.4663445Z [36;1mmicromamba list[0m
2025-04-14T18:48:39.4663852Z [36;1mpip list --pre[0m
2025-04-14T18:48:39.4716556Z shell: /usr/bin/bash -el {0}
2025-04-14T18:48:39.4716783Z env:
2025-04-14T18:48:39.4716960Z   ENV_FILE: environment.yml
2025-04-14T18:48:39.4717177Z   PANDAS_CI: 1
2025-04-14T18:48:39.4717422Z   MAMBA_ROOT_PREFIX: /home/runner/micromamba
2025-04-14T18:48:39.4717986Z   MAMBA_EXE: /home/runner/micromamba-bin/micromamba
2025-04-14T18:48:39.4718325Z   CONDARC: /home/runner/work/pandas/pandas/ci/.condarc
2025-04-14T18:48:39.4718606Z ##[endgroup]
2025-04-14T18:48:39.9039217Z 
2025-04-14T18:48:39.9039649Z        libmamba version : 2.1.0
2025-04-14T18:48:39.9040096Z      micromamba version : 2.1.0
2025-04-14T18:48:39.9040542Z            curl version : libcurl/8.13.0 OpenSSL/3.5.0 zlib/1.3.1 zstd/1.5.7 libssh2/1.11.1 nghttp2/1.64.0
2025-04-14T18:48:39.9041045Z      libarchive version : libarchive 3.7.7 zlib/1.3.1 bz2lib/1.0.8 libzstd/1.5.6
2025-04-14T18:48:39.9041432Z        envs directories : /home/runner/micromamba/envs
2025-04-14T18:48:39.9041767Z           package cache : /home/runner/micromamba/pkgs
2025-04-14T18:48:39.9042057Z                           /home/runner/.mamba/pkgs
2025-04-14T18:48:39.9042318Z             environment : test (active)
2025-04-14T18:48:39.9042600Z            env location : /home/runner/micromamba/envs/test
2025-04-14T18:48:39.9042917Z       user config files : /home/runner/.mambarc
2025-04-14T18:48:39.9043270Z  populated config files : /home/runner/work/pandas/pandas/ci/.condarc
2025-04-14T18:48:39.9043618Z        virtual packages : __unix=0=0
2025-04-14T18:48:39.9043863Z                           __linux=6.8.0=0
2025-04-14T18:48:39.9044093Z                           __glibc=2.35=0
2025-04-14T18:48:39.9044334Z                           __archspec=1=x86_64_v3
2025-04-14T18:48:39.9044677Z                channels : https://conda.anaconda.org/conda-forge/linux-64
2025-04-14T18:48:39.9045043Z                           https://conda.anaconda.org/conda-forge/noarch
2025-04-14T18:48:39.9045352Z        base environment : /home/runner/micromamba
2025-04-14T18:48:39.9045628Z                platform : linux-64
2025-04-14T18:48:41.7389946Z List of packages in environment: "/home/runner/micromamba/envs/test"
2025-04-14T18:48:41.7390645Z 
2025-04-14T18:48:41.7390925Z   Name                              Version            Build                 Channel    
2025-04-14T18:48:41.7392112Z â”€â”€â”€â”€â”€â”€â”€â”€â”€â”€â”€â”€â”€â”€â”€â”€â”€â”€â”€â”€â”€â”€â”€â”€â”€â”€â”€â”€â”€â”€â”€â”€â”€â”€â”€â”€â”€â”€â”€â”€â”€â”€â”€â”€â”€â”€â”€â”€â”€â”€â”€â”€â”€â”€â”€â”€â”€â”€â”€â”€â”€â”€â”€â”€â”€â”€â”€â”€â”€â”€â”€â”€â”€â”€â”€â”€â”€â”€â”€â”€â”€â”€â”€â”€â”€â”€â”€â”€â”€â”€
2025-04-14T18:48:41.7392992Z   _libgcc_mutex                     0.1                conda_forge           conda-forge
2025-04-14T18:48:41.7393787Z   _openmp_mutex                     4.5                2_gnu                 conda-forge
2025-04-14T18:48:41.7394652Z   accessible-pygments               0.0.5              pyhd8ed1ab_1          conda-forge
2025-04-14T18:48:41.7395612Z   adbc-driver-postgresql            1.5.0              pypi_0                pypi       
2025-04-14T18:48:41.7396539Z   adbc-driver-sqlite                1.5.0              pypi_0                pypi       
2025-04-14T18:48:41.7397455Z   aiobotocore                       2.21.1             pyhd8ed1ab_0          conda-forge
2025-04-14T18:48:41.7398465Z   aiohappyeyeballs                  2.6.1              pyhd8ed1ab_0          conda-forge
2025-04-14T18:48:41.7399651Z   aiohttp                           3.11.16            py310h89163eb_0       conda-forge
2025-04-14T18:48:41.7400268Z   aioitertools                      0.12.0             pyhd8ed1ab_1          conda-forge
2025-04-14T18:48:41.7400887Z   aiosignal                         1.3.2              pyhd8ed1ab_0          conda-forge
2025-04-14T18:48:41.7401477Z   aiosmtpd                          1.4.6              pyhd8ed1ab_1          conda-forge
2025-04-14T18:48:41.7401857Z   alabaster                         1.0.0              pyhd8ed1ab_1          conda-forge
2025-04-14T18:48:41.7402225Z   alsa-lib                          1.2.13             hb9d3cd8_0            conda-forge
2025-04-14T18:48:41.7402582Z   anyio                             4.9.0              pyh29332c3_0          conda-forge
2025-04-14T18:48:41.7403123Z   argon2-cffi                       23.1.0             pyhd8ed1ab_1          conda-forge
2025-04-14T18:48:41.7403546Z   argon2-cffi-bindings              21.2.0             py310ha75aee5_5       conda-forge
2025-04-14T18:48:41.7403945Z   arrow                             1.3.0              pyhd8ed1ab_1          conda-forge
2025-04-14T18:48:41.7404299Z   asttokens                         3.0.0              pyhd8ed1ab_1          conda-forge
2025-04-14T18:48:41.7404644Z   asv                               0.6.4              py310hf71b8c6_1       conda-forge
2025-04-14T18:48:41.7404982Z   asv_runner                        0.2.1              pyhd8ed1ab_0          conda-forge
2025-04-14T18:48:41.7405341Z   async-lru                         2.0.5              pyh29332c3_0          conda-forge
2025-04-14T18:48:41.7405721Z   async-timeout                     5.0.1              pyhd8ed1ab_1          conda-forge
2025-04-14T18:48:41.7406112Z   atpublic                          5.1                pyhd8ed1ab_0          conda-forge
2025-04-14T18:48:41.7406468Z   attr                              2.5.1              h166bdaf_1            conda-forge
2025-04-14T18:48:41.7406806Z   attrs                             25.3.0             pyh71513ae_0          conda-forge
2025-04-14T18:48:41.7407156Z   aws-c-auth                        0.8.7              h7743f02_1            conda-forge
2025-04-14T18:48:41.7407509Z   aws-c-cal                         0.8.7              h7d555fd_1            conda-forge
2025-04-14T18:48:41.7408112Z   aws-c-common                      0.12.1             hb9d3cd8_0            conda-forge
2025-04-14T18:48:41.7408494Z   aws-c-compression                 0.3.1              hcbd9e4e_3            conda-forge
2025-04-14T18:48:41.7408886Z   aws-c-event-stream                0.5.4              h286e7e7_3            conda-forge
2025-04-14T18:48:41.7409250Z   aws-c-http                        0.9.5              hbca0721_0            conda-forge
2025-04-14T18:48:41.7409579Z   aws-c-io                          0.17.0             ha855f32_8            conda-forge
2025-04-14T18:48:41.7409904Z   aws-c-mqtt                        0.12.2             hffac463_3            conda-forge
2025-04-14T18:48:41.7410237Z   aws-c-s3                          0.7.13             h4c9fe3b_3            conda-forge
2025-04-14T18:48:41.7410584Z   aws-c-sdkutils                    0.2.3              hcbd9e4e_3            conda-forge
2025-04-14T18:48:41.7410948Z   aws-checksums                     0.2.3              hcbd9e4e_3            conda-forge
2025-04-14T18:48:41.7411304Z   aws-crt-cpp                       0.31.1             h46b750d_1            conda-forge
2025-04-14T18:48:41.7411643Z   aws-sdk-cpp                       1.11.510           h1fa5cb7_4            conda-forge
2025-04-14T18:48:41.7412002Z   aws-xray-sdk                      2.14.0             pyhd8ed1ab_1          conda-forge
2025-04-14T18:48:41.7412368Z   azure-core-cpp                    1.14.0             h5cfcd09_0            conda-forge
2025-04-14T18:48:41.7412870Z   azure-identity-cpp                1.10.0             h113e628_0            conda-forge
2025-04-14T18:48:41.7413389Z   azure-storage-blobs-cpp           12.13.0            h3cf044e_1            conda-forge
2025-04-14T18:48:41.7413997Z   azure-storage-common-cpp          12.8.0             h736e048_1            conda-forge
2025-04-14T18:48:41.7414452Z   azure-storage-files-datalake-cpp  12.12.0            ha633028_1            conda-forge
2025-04-14T18:48:41.7414862Z   babel                             2.17.0             pyhd8ed1ab_0          conda-forge
2025-04-14T18:48:41.7415217Z   beautifulsoup4                    4.13.3             pyha770c72_0          conda-forge
2025-04-14T18:48:41.7415571Z   binutils                          2.43               h4852527_4            conda-forge
2025-04-14T18:48:41.7415932Z   binutils_impl_linux-64            2.43               h4bf12b8_4            conda-forge
2025-04-14T18:48:41.7416424Z   binutils_linux-64                 2.43               h4852527_4            conda-forge
2025-04-14T18:48:41.7416763Z   bleach                            6.2.0              pyh29332c3_4          conda-forge
2025-04-14T18:48:41.7417112Z   bleach-with-css                   6.2.0              h82add2a_4            conda-forge
2025-04-14T18:48:41.7417483Z   blinker                           1.9.0              pyhff2d567_0          conda-forge
2025-04-14T18:48:41.7418027Z   blosc                             1.21.6             he440d0b_1            conda-forge
2025-04-14T18:48:41.7418356Z   boto3                             1.37.1             pyhd8ed1ab_0          conda-forge
2025-04-14T18:48:41.7418689Z   botocore                          1.37.1             pyge310_1234567_0     conda-forge
2025-04-14T18:48:41.7419056Z   bottleneck                        1.4.2              py310hf462985_0       conda-forge
2025-04-14T18:48:41.7419394Z   brotli                            1.1.0              hb9d3cd8_2            conda-forge
2025-04-14T18:48:41.7419731Z   brotli-bin                        1.1.0              hb9d3cd8_2            conda-forge
2025-04-14T18:48:41.7420086Z   brotli-python                     1.1.0              py310hf71b8c6_2       conda-forge
2025-04-14T18:48:41.7420434Z   bzip2                             1.0.8              h4bc722e_7            conda-forge
2025-04-14T18:48:41.7420747Z   c-ares                            1.34.5             hb9d3cd8_0            conda-forge
2025-04-14T18:48:41.7421065Z   c-blosc2                          2.15.2             h3122c55_1            conda-forge
2025-04-14T18:48:41.7421404Z   c-compiler                        1.9.0              h2b85faf_0            conda-forge
2025-04-14T18:48:41.7421775Z   ca-certificates                   2025.1.31          hbcca054_0            conda-forge
2025-04-14T18:48:41.7422160Z   cached-property                   1.5.2              hd8ed1ab_1            conda-forge
2025-04-14T18:48:41.7422540Z   cached_property                   1.5.2              pyha770c72_1          conda-forge
2025-04-14T18:48:41.7422905Z   cachetools                        5.5.2              pyhd8ed1ab_0          conda-forge
2025-04-14T18:48:41.7423232Z   cairo                             1.18.4             h3394656_0            conda-forge
2025-04-14T18:48:41.7423564Z   certifi                           2025.1.31          pyhd8ed1ab_0          conda-forge
2025-04-14T18:48:41.7423891Z   cffi                              1.17.1             py310h8deb56e_0       conda-forge
2025-04-14T18:48:41.7424208Z   cfgv                              3.3.1              pyhd8ed1ab_1          conda-forge
2025-04-14T18:48:41.7424568Z   charset-normalizer                3.4.1              pyhd8ed1ab_0          conda-forge
2025-04-14T18:48:41.7424934Z   click                             8.1.8              pyh707e725_0          conda-forge
2025-04-14T18:48:41.7425289Z   cloudpickle                       3.1.1              pyhd8ed1ab_0          conda-forge
2025-04-14T18:48:41.7425655Z   colorama                          0.4.6              pyhd8ed1ab_1          conda-forge
2025-04-14T18:48:41.7425986Z   comm                              0.2.2              pyhd8ed1ab_1          conda-forge
2025-04-14T18:48:41.7426313Z   contourpy                         1.3.1              py310h3788b33_0       conda-forge
2025-04-14T18:48:41.7426791Z   coverage                          7.8.0              py310h89163eb_0       conda-forge
2025-04-14T18:48:41.7427131Z   cramjam                           2.8.4rc3           py310hed47299_2       conda-forge
2025-04-14T18:48:41.7427485Z   cryptography                      44.0.2             py310h6c63255_0       conda-forge
2025-04-14T18:48:41.7428035Z   cxx-compiler                      1.9.0              h1a2810e_0            conda-forge
2025-04-14T18:48:41.7428382Z   cycler                            0.12.1             pyhd8ed1ab_1          conda-forge
2025-04-14T18:48:41.7428717Z   cyrus-sasl                        2.1.27             h54b06d7_7            conda-forge
2025-04-14T18:48:41.7429180Z   cython                            3.0.12             py310had8cdd9_0       conda-forge
2025-04-14T18:48:41.7429522Z   dask-core                         2025.3.0           pyhd8ed1ab_0          conda-forge
2025-04-14T18:48:41.7429856Z   dbus                              1.13.6             h5008d03_3            conda-forge
2025-04-14T18:48:41.7430166Z   debugpy                           1.8.14             py310hf71b8c6_0       conda-forge
2025-04-14T18:48:41.7430505Z   decorator                         5.2.1              pyhd8ed1ab_0          conda-forge
2025-04-14T18:48:41.7430852Z   defusedxml                        0.7.1              pyhd8ed1ab_0          conda-forge
2025-04-14T18:48:41.7431193Z   distlib                           0.3.9              pyhd8ed1ab_1          conda-forge
2025-04-14T18:48:41.7431526Z   docutils                          0.21.2             pyhd8ed1ab_1          conda-forge
2025-04-14T18:48:41.7431851Z   doit                              0.36.0             pyhd8ed1ab_1          conda-forge
2025-04-14T18:48:41.7432393Z   double-conversion                 3.3.1              h5888daf_0            conda-forge
2025-04-14T18:48:41.7432993Z   et_xmlfile                        2.0.0              pyhd8ed1ab_1          conda-forge
2025-04-14T18:48:41.7433639Z   exceptiongroup                    1.2.2              pyhd8ed1ab_1          conda-forge
2025-04-14T18:48:41.7434243Z   execnet                           2.1.1              pyhd8ed1ab_1          conda-forge
2025-04-14T18:48:41.7434796Z   executing                         2.1.0              pyhd8ed1ab_1          conda-forge
2025-04-14T18:48:41.7435364Z   expat                             2.7.0              h5888daf_0            conda-forge
2025-04-14T18:48:41.7435935Z   fastparquet                       2024.11.0          py310hf462985_0       conda-forge
2025-04-14T18:48:41.7436524Z   feedparser                        6.0.11             pyhd8ed1ab_1          conda-forge
2025-04-14T18:48:41.7437042Z   filelock                          3.18.0             pyhd8ed1ab_0          conda-forge
2025-04-14T18:48:41.7437544Z   flake8                            7.1.0              pyhd8ed1ab_0          conda-forge
2025-04-14T18:48:41.7438254Z   flask                             3.1.0              pyhd8ed1ab_1          conda-forge
2025-04-14T18:48:41.7438851Z   flask-cors                        5.0.1              pyh29332c3_0          conda-forge
2025-04-14T18:48:41.7439443Z   font-ttf-dejavu-sans-mono         2.37               hab24e00_0            conda-forge
2025-04-14T18:48:41.7439875Z   font-ttf-inconsolata              3.000              h77eed37_0            conda-forge
2025-04-14T18:48:41.7440298Z   font-ttf-source-code-pro          2.038              h77eed37_0            conda-forge
2025-04-14T18:48:41.7440697Z   font-ttf-ubuntu                   0.83               h77eed37_3            conda-forge
2025-04-14T18:48:41.7441053Z   fontconfig                        2.15.0             h7e30c49_1            conda-forge
2025-04-14T18:48:41.7441432Z   fonts-conda-ecosystem             1                  0                     conda-forge
2025-04-14T18:48:41.7441814Z   fonts-conda-forge                 1                  0                     conda-forge
2025-04-14T18:48:41.7442347Z   fonttools                         4.57.0             py310h89163eb_0       conda-forge
2025-04-14T18:48:41.7442682Z   fqdn                              1.5.1              pyhd8ed1ab_1          conda-forge
2025-04-14T18:48:41.7443004Z   freetype                          2.13.3             h48d6fc4_0            conda-forge
2025-04-14T18:48:41.7443343Z   frozenlist                        1.5.0              py310h89163eb_1       conda-forge
2025-04-14T18:48:41.7443686Z   fsspec                            2025.3.2           pyhd8ed1ab_0          conda-forge
2025-04-14T18:48:41.7443999Z   gcc                               13.3.0             h9576a4e_2            conda-forge
2025-04-14T18:48:41.7444329Z   gcc_impl_linux-64                 13.3.0             h1e990d8_2            conda-forge
2025-04-14T18:48:41.7444821Z   gcc_linux-64                      13.3.0             hc28eda2_8            conda-forge
2025-04-14T18:48:41.7445159Z   gcsfs                             2025.3.2           pyhd8ed1ab_0          conda-forge
2025-04-14T18:48:41.7445498Z   gettext                           0.23.1             h5888daf_0            conda-forge
2025-04-14T18:48:41.7445842Z   gettext-tools                     0.23.1             h5888daf_0            conda-forge
2025-04-14T18:48:41.7446176Z   gflags                            2.2.2              h5888daf_1005         conda-forge
2025-04-14T18:48:41.7446495Z   gitdb                             4.0.12             pyhd8ed1ab_0          conda-forge
2025-04-14T18:48:41.7446828Z   gitpython                         3.1.44             pyhff2d567_0          conda-forge
2025-04-14T18:48:41.7447154Z   glib                              2.84.1             h07242d1_0            conda-forge
2025-04-14T18:48:41.7447480Z   glib-tools                        2.84.1             h4833e2c_0            conda-forge
2025-04-14T18:48:41.7448042Z   glog                              0.7.1              hbabe93e_0            conda-forge
2025-04-14T18:48:41.7448383Z   google-api-core                   2.24.2             pyhd8ed1ab_0          conda-forge
2025-04-14T18:48:41.7448759Z   google-auth                       2.38.0             pyhd8ed1ab_0          conda-forge
2025-04-14T18:48:41.7449142Z   google-auth-oauthlib              1.2.1              pyhd8ed1ab_1          conda-forge
2025-04-14T18:48:41.7449537Z   google-cloud-core                 2.4.3              pyhd8ed1ab_0          conda-forge
2025-04-14T18:48:41.7449938Z   google-cloud-storage              3.1.0              pyhd8ed1ab_0          conda-forge
2025-04-14T18:48:41.7450327Z   google-crc32c                     1.7.1              py310hd027165_0       conda-forge
2025-04-14T18:48:41.7450714Z   google-resumable-media            2.7.2              pyhd8ed1ab_2          conda-forge
2025-04-14T18:48:41.7451160Z   googleapis-common-protos          1.69.2             pyhd8ed1ab_0          conda-forge
2025-04-14T18:48:41.7451554Z   graphite2                         1.3.13             h59595ed_1003         conda-forge
2025-04-14T18:48:41.7451895Z   greenlet                          3.1.1              py310hf71b8c6_1       conda-forge
2025-04-14T18:48:41.7452232Z   grpcio                            1.71.0             py310h7053be5_0       conda-forge
2025-04-14T18:48:41.7452582Z   gst-plugins-base                  1.24.7             h0a52356_0            conda-forge
2025-04-14T18:48:41.7452948Z   gstreamer                         1.24.7             hf3bb09a_0            conda-forge
2025-04-14T18:48:41.7453260Z   gxx                               13.3.0             h9576a4e_2            conda-forge
2025-04-14T18:48:41.7453595Z   gxx_impl_linux-64                 13.3.0             hae580e1_2            conda-forge
2025-04-14T18:48:41.7453944Z   gxx_linux-64                      13.3.0             h6834431_8            conda-forge
2025-04-14T18:48:41.7454268Z   h11                               0.14.0             pyhd8ed1ab_1          conda-forge
2025-04-14T18:48:41.7454566Z   h2                                4.2.0              pyhd8ed1ab_0          conda-forge
2025-04-14T18:48:41.7455015Z   harfbuzz                          11.0.1             h2c12942_0            conda-forge
2025-04-14T18:48:41.7455332Z   hdf5                              1.14.4             nompi_h2d575fe_105    conda-forge
2025-04-14T18:48:41.7455648Z   hpack                             4.1.0              pyhd8ed1ab_0          conda-forge
2025-04-14T18:48:41.7455971Z   html5lib                          1.1                pyhd8ed1ab_2          conda-forge
2025-04-14T18:48:41.7456305Z   httpcore                          1.0.7              pyh29332c3_1          conda-forge
2025-04-14T18:48:41.7456628Z   httpx                             0.28.1             pyhd8ed1ab_0          conda-forge
2025-04-14T18:48:41.7457099Z   hyperframe                        6.1.0              pyhd8ed1ab_0          conda-forge
2025-04-14T18:48:41.7457449Z   hypothesis                        6.131.0            pyha770c72_0          conda-forge
2025-04-14T18:48:41.7458001Z   icu                               75.1               he02047a_0            conda-forge
2025-04-14T18:48:41.7458330Z   identify                          2.6.9              pyhd8ed1ab_0          conda-forge
2025-04-14T18:48:41.7458656Z   idna                              3.10               pyhd8ed1ab_1          conda-forge
2025-04-14T18:48:41.7459005Z   imagesize                         1.4.1              pyhd8ed1ab_0          conda-forge
2025-04-14T18:48:41.7459374Z   importlib-metadata                8.6.1              pyha770c72_0          conda-forge
2025-04-14T18:48:41.7459767Z   importlib_resources               6.5.2              pyhd8ed1ab_0          conda-forge
2025-04-14T18:48:41.7460142Z   iniconfig                         2.0.0              pyhd8ed1ab_1          conda-forge
2025-04-14T18:48:41.7460490Z   ipykernel                         6.29.5             pyh3099207_0          conda-forge
2025-04-14T18:48:41.7460826Z   ipython                           8.35.0             pyh907856f_0          conda-forge
2025-04-14T18:48:41.7461171Z   ipywidgets                        8.1.6              pyhd8ed1ab_0          conda-forge
2025-04-14T18:48:41.7461532Z   isoduration                       20.11.0            pyhd8ed1ab_1          conda-forge
2025-04-14T18:48:41.7461891Z   itsdangerous                      2.2.0              pyhd8ed1ab_1          conda-forge
2025-04-14T18:48:41.7462229Z   jedi                              0.19.2             pyhd8ed1ab_1          conda-forge
2025-04-14T18:48:41.7462542Z   jinja2                            3.1.6              pyhd8ed1ab_0          conda-forge
2025-04-14T18:48:41.7462871Z   jmespath                          1.0.1              pyhd8ed1ab_1          conda-forge
2025-04-14T18:48:41.7463204Z   joserfc                           1.0.4              pyhd8ed1ab_0          conda-forge
2025-04-14T18:48:41.7463530Z   json5                             0.12.0             pyhd8ed1ab_0          conda-forge
2025-04-14T18:48:41.7463844Z   jsondiff                          2.2.1              pyhd8ed1ab_1          conda-forge
2025-04-14T18:48:41.7464194Z   jsonpointer                       3.0.0              py310hff52083_1       conda-forge
2025-04-14T18:48:41.7464552Z   jsonschema                        4.23.0             pyhd8ed1ab_1          conda-forge
2025-04-14T18:48:41.7464923Z   jsonschema-path                   0.3.4              pyh29332c3_0          conda-forge
2025-04-14T18:48:41.7465347Z   jsonschema-specifications         2024.10.1          pyhd8ed1ab_1          conda-forge
2025-04-14T18:48:41.7465814Z   jsonschema-with-format-nongpl     4.23.0             hd8ed1ab_1            conda-forge
2025-04-14T18:48:41.7466223Z   jupyter-lsp                       2.2.5              pyhd8ed1ab_1          conda-forge
2025-04-14T18:48:41.7466595Z   jupyter_client                    8.6.3              pyhd8ed1ab_1          conda-forge
2025-04-14T18:48:41.7467023Z   jupyter_core                      5.7.2              pyh31011fe_1          conda-forge
2025-04-14T18:48:41.7467383Z   jupyter_events                    0.12.0             pyh29332c3_0          conda-forge
2025-04-14T18:48:41.7468084Z   jupyter_server                    2.15.0             pyhd8ed1ab_0          conda-forge
2025-04-14T18:48:41.7468491Z   jupyter_server_terminals          0.5.3              pyhd8ed1ab_1          conda-forge
2025-04-14T18:48:41.7468884Z   jupyterlab                        4.4.0              pyhd8ed1ab_0          conda-forge
2025-04-14T18:48:41.7469257Z   jupyterlab_pygments               0.3.0              pyhd8ed1ab_2          conda-forge
2025-04-14T18:48:41.7469655Z   jupyterlab_server                 2.27.3             pyhd8ed1ab_1          conda-forge
2025-04-14T18:48:41.7470045Z   jupyterlab_widgets                3.0.14             pyhd8ed1ab_0          conda-forge
2025-04-14T18:48:41.7470561Z   jupyterlite-core                  0.5.1              pyh885dcc9_0          conda-forge
2025-04-14T18:48:41.7470988Z   jupyterlite-pyodide-kernel        0.5.2              pyh885dcc9_0          conda-forge
2025-04-14T18:48:41.7471435Z   kernel-headers_linux-64           3.10.0             he073ed8_18           conda-forge
2025-04-14T18:48:41.7471805Z   keyutils                          1.6.1              h166bdaf_0            conda-forge
2025-04-14T18:48:41.7472145Z   kiwisolver                        1.4.7              py310h3788b33_0       conda-forge
2025-04-14T18:48:41.7472470Z   krb5                              1.21.3             h659f571_0            conda-forge
2025-04-14T18:48:41.7472776Z   lame                              3.100              h166bdaf_1003         conda-forge
2025-04-14T18:48:41.7473131Z   lazy-object-proxy                 1.10.0             py310ha75aee5_2       conda-forge
2025-04-14T18:48:41.7473484Z   lcms2                             2.17               h717163a_0            conda-forge
2025-04-14T18:48:41.7473819Z   ld_impl_linux-64                  2.43               h712a8e2_4            conda-forge
2025-04-14T18:48:41.7474163Z   lerc                              4.0.0              h27087fc_0            conda-forge
2025-04-14T18:48:41.7474505Z   libabseil                         20250127.1         cxx17_hbbce691_0      conda-forge
2025-04-14T18:48:41.7474844Z   libaec                            1.1.3              h59595ed_0            conda-forge
2025-04-14T18:48:41.7475173Z   libarrow                          19.0.1             hb90904d_7_cpu        conda-forge
2025-04-14T18:48:41.7475533Z   libarrow-acero                    19.0.1             hcb10f89_7_cpu        conda-forge
2025-04-14T18:48:41.7475910Z   libarrow-dataset                  19.0.1             hcb10f89_7_cpu        conda-forge
2025-04-14T18:48:41.7476305Z   libarrow-substrait                19.0.1             h1bed206_7_cpu        conda-forge
2025-04-14T18:48:41.7476688Z   libasprintf                       0.23.1             h8e693c7_0            conda-forge
2025-04-14T18:48:41.7477070Z   libasprintf-devel                 0.23.1             h8e693c7_0            conda-forge
2025-04-14T18:48:41.7477435Z   libblas                           3.9.0              31_h59b9bed_openblas  conda-forge
2025-04-14T18:48:41.7478081Z   libbrotlicommon                   1.1.0              hb9d3cd8_2            conda-forge
2025-04-14T18:48:41.7478455Z   libbrotlidec                      1.1.0              hb9d3cd8_2            conda-forge
2025-04-14T18:48:41.7478821Z   libbrotlienc                      1.1.0              hb9d3cd8_2            conda-forge
2025-04-14T18:48:41.7479170Z   libcap                            2.75               h39aace5_0            conda-forge
2025-04-14T18:48:41.7479511Z   libcblas                          3.9.0              31_he106b2a_openblas  conda-forge
2025-04-14T18:48:41.7479886Z   libclang-cpp20.1                  20.1.2             default_hb5137d0_0    conda-forge
2025-04-14T18:48:41.7480288Z   libclang13                        20.1.2             default_h9c6a7e4_0    conda-forge
2025-04-14T18:48:41.7480640Z   libcrc32c                         1.1.2              h9c3ff4c_0            conda-forge
2025-04-14T18:48:41.7481221Z   libcups                           2.3.3              h4637d8d_4            conda-forge
2025-04-14T18:48:41.7481561Z   libcurl                           8.13.0             h332b0f4_0            conda-forge
2025-04-14T18:48:41.7481907Z   libdeflate                        1.23               h4ddbbb0_0            conda-forge
2025-04-14T18:48:41.7482251Z   libdrm                            2.4.124            hb9d3cd8_0            conda-forge
2025-04-14T18:48:41.7482601Z   libedit                           3.1.20250104       pl5321h7949ede_0      conda-forge
2025-04-14T18:48:41.7482936Z   libegl                            1.7.0              ha4b6fd6_2            conda-forge
2025-04-14T18:48:41.7483258Z   libev                             4.33               hd590300_2            conda-forge
2025-04-14T18:48:41.7483711Z   libevent                          2.1.12             hf998b51_1            conda-forge
2025-04-14T18:48:41.7484047Z   libexpat                          2.7.0              h5888daf_0            conda-forge
2025-04-14T18:48:41.7484384Z   libffi                            3.4.6              h2dba641_1            conda-forge
2025-04-14T18:48:41.7484706Z   libflac                           1.4.3              h59595ed_0            conda-forge
2025-04-14T18:48:41.7485026Z   libgcc                            14.2.0             h767d61c_2            conda-forge
2025-04-14T18:48:41.7485387Z   libgcc-devel_linux-64             13.3.0             hc03c837_102          conda-forge
2025-04-14T18:48:41.7485758Z   libgcc-ng                         14.2.0             h69a702a_2            conda-forge
2025-04-14T18:48:41.7486106Z   libgcrypt-lib                     1.11.0             hb9d3cd8_2            conda-forge
2025-04-14T18:48:41.7486471Z   libgettextpo                      0.23.1             h5888daf_0            conda-forge
2025-04-14T18:48:41.7486862Z   libgettextpo-devel                0.23.1             h5888daf_0            conda-forge
2025-04-14T18:48:41.7487242Z   libgfortran                       14.2.0             h69a702a_2            conda-forge
2025-04-14T18:48:41.7488083Z   libgfortran5                      14.2.0             hf1ad2bd_2            conda-forge
2025-04-14T18:48:41.7488512Z   libgl                             1.7.0              ha4b6fd6_2            conda-forge
2025-04-14T18:48:41.7488877Z   libglib                           2.84.1             h2ff4ddf_0            conda-forge
2025-04-14T18:48:41.7489218Z   libglvnd                          1.7.0              ha4b6fd6_2            conda-forge
2025-04-14T18:48:41.7489554Z   libglx                            1.7.0              ha4b6fd6_2            conda-forge
2025-04-14T18:48:41.7489876Z   libgomp                           14.2.0             h767d61c_2            conda-forge
2025-04-14T18:48:41.7490238Z   libgoogle-cloud                   2.36.0             hc4361e1_1            conda-forge
2025-04-14T18:48:41.7490645Z   libgoogle-cloud-storage           2.36.0             h0121fbd_1            conda-forge
2025-04-14T18:48:41.7491042Z   libgpg-error                      1.53               hbd13f7d_0            conda-forge
2025-04-14T18:48:41.7491392Z   libgrpc                           1.71.0             he753a82_0            conda-forge
2025-04-14T18:48:41.7491723Z   libiconv                          1.18               h4ce23a2_1            conda-forge
2025-04-14T18:48:41.7492069Z   libjpeg-turbo                     3.0.0              hd590300_1            conda-forge
2025-04-14T18:48:41.7492423Z   liblapack                         3.9.0              31_h7ac8fdf_openblas  conda-forge
2025-04-14T18:48:41.7492771Z   libllvm20                         20.1.2             ha7bfdaf_0            conda-forge
2025-04-14T18:48:41.7493105Z   liblzma                           5.8.1              hb9d3cd8_0            conda-forge
2025-04-14T18:48:41.7493449Z   libnghttp2                        1.64.0             h161d5f1_0            conda-forge
2025-04-14T18:48:41.7493789Z   libnsl                            2.0.1              hd590300_0            conda-forge
2025-04-14T18:48:41.7494272Z   libntlm                           1.8                hb9d3cd8_0            conda-forge
2025-04-14T18:48:41.7494592Z   libogg                            1.3.5              h4ab18f5_0            conda-forge
2025-04-14T18:48:41.7494939Z   libopenblas                       0.3.29             pthreads_h94d23a6_0   conda-forge
2025-04-14T18:48:41.7495293Z   libopengl                         1.7.0              ha4b6fd6_2            conda-forge
2025-04-14T18:48:41.7495672Z   libopentelemetry-cpp              1.20.0             hd1b1c89_0            conda-forge
2025-04-14T18:48:41.7496116Z   libopentelemetry-cpp-headers      1.20.0             ha770c72_0            conda-forge
2025-04-14T18:48:41.7496515Z   libopus                           1.5.2              hd0c01bc_0            conda-forge
2025-04-14T18:48:41.7497064Z   libparquet                        19.0.1             h081d1f1_7_cpu        conda-forge
2025-04-14T18:48:41.7497430Z   libpciaccess                      0.18               hd590300_0            conda-forge
2025-04-14T18:48:41.7498163Z   libpng                            1.6.47             h943b412_0            conda-forge
2025-04-14T18:48:41.7498498Z   libpq                             17.4               h27ae623_1            conda-forge
2025-04-14T18:48:41.7498845Z   libprotobuf                       5.29.3             h501fc15_0            conda-forge
2025-04-14T18:48:41.7499199Z   libre2-11                         2024.07.02         hba17884_3            conda-forge
2025-04-14T18:48:41.7499548Z   libsanitizer                      13.3.0             he8ea267_2            conda-forge
2025-04-14T18:48:41.7499906Z   libsndfile                        1.2.2              hc60ed4a_1            conda-forge
2025-04-14T18:48:41.7500256Z   libsodium                         1.0.20             h4ab18f5_0            conda-forge
2025-04-14T18:48:41.7500600Z   libsqlite                         3.49.1             hee588c1_2            conda-forge
2025-04-14T18:48:41.7500936Z   libssh2                           1.11.1             hf672d98_0            conda-forge
2025-04-14T18:48:41.7501276Z   libstdcxx                         14.2.0             h8f9b012_2            conda-forge
2025-04-14T18:48:41.7501652Z   libstdcxx-devel_linux-64          13.3.0             hc03c837_102          conda-forge
2025-04-14T18:48:41.7502036Z   libstdcxx-ng                      14.2.0             h4852527_2            conda-forge
2025-04-14T18:48:41.7502392Z   libsystemd0                       257.4              h4e0b6ca_1            conda-forge
2025-04-14T18:48:41.7502747Z   libthrift                         0.21.0             h0e7cc3e_0            conda-forge
2025-04-14T18:48:41.7503086Z   libtiff                           4.7.0              hd9ff511_3            conda-forge
2025-04-14T18:48:41.7503434Z   libutf8proc                       2.10.0             h4c51ac1_0            conda-forge
2025-04-14T18:48:41.7503770Z   libuuid                           2.38.1             h0b41bf4_0            conda-forge
2025-04-14T18:48:41.7504107Z   libvorbis                         1.3.7              h9c3ff4c_0            conda-forge
2025-04-14T18:48:41.7504453Z   libwebp-base                      1.5.0              h851e524_0            conda-forge
2025-04-14T18:48:41.7504788Z   libxcb                            1.17.0             h8a09558_0            conda-forge
2025-04-14T18:48:41.7505121Z   libxcrypt                         4.4.36             hd590300_1            conda-forge
2025-04-14T18:48:41.7505471Z   libxkbcommon                      1.8.1              hc4a0caf_0            conda-forge
2025-04-14T18:48:41.7505810Z   libxml2                           2.13.7             h4bc477f_1            conda-forge
2025-04-14T18:48:41.7506137Z   libxslt                           1.1.39             h76b75d6_0            conda-forge
2025-04-14T18:48:41.7506468Z   libzlib                           1.3.1              hb9d3cd8_2            conda-forge
2025-04-14T18:48:41.7506804Z   llvmlite                          0.44.0             py310h1a6248f_1       conda-forge
2025-04-14T18:48:41.7507274Z   locket                            1.0.0              pyhd8ed1ab_0          conda-forge
2025-04-14T18:48:41.7507775Z   lxml                              5.3.2              py310h490dddc_0       conda-forge
2025-04-14T18:48:41.7508092Z   lz4-c                             1.10.0             h5888daf_1            conda-forge
2025-04-14T18:48:41.7508416Z   markdown                          3.6                pyhd8ed1ab_0          conda-forge
2025-04-14T18:48:41.7508769Z   markupsafe                        3.0.2              py310h89163eb_1       conda-forge
2025-04-14T18:48:41.7509120Z   matplotlib                        3.10.1             py310hff52083_0       conda-forge
2025-04-14T18:48:41.7509614Z   matplotlib-base                   3.10.1             py310h68603db_0       conda-forge
2025-04-14T18:48:41.7510001Z   matplotlib-inline                 0.1.7              pyhd8ed1ab_1          conda-forge
2025-04-14T18:48:41.7510356Z   mccabe                            0.7.0              pyhd8ed1ab_1          conda-forge
2025-04-14T18:48:41.7510686Z   meson                             1.2.1              pyhd8ed1ab_0          conda-forge
2025-04-14T18:48:41.7511033Z   meson-python                      0.13.1             pyh0c530f3_0          conda-forge
2025-04-14T18:48:41.7511382Z   mistune                           3.1.3              pyh29332c3_0          conda-forge
2025-04-14T18:48:41.7511705Z   moto                              5.1.3              pyhd8ed1ab_0          conda-forge
2025-04-14T18:48:41.7512024Z   mpg123                            1.32.9             hc50e24c_0            conda-forge
2025-04-14T18:48:41.7512348Z   multidict                         6.3.2              py310h89163eb_0       conda-forge
2025-04-14T18:48:41.7512691Z   munkres                           1.1.4              pyh9f0ad1d_0          conda-forge
2025-04-14T18:48:41.7513019Z   mypy                              1.13.0             py310ha75aee5_0       conda-forge
2025-04-14T18:48:41.7513366Z   mypy_extensions                   1.0.0              pyha770c72_1          conda-forge
2025-04-14T18:48:41.7513734Z   mysql-common                      9.0.1              h266115a_6            conda-forge
2025-04-14T18:48:41.7514084Z   mysql-libs                        9.0.1              he0572af_6            conda-forge
2025-04-14T18:48:41.7514420Z   natsort                           8.4.0              pyh29332c3_1          conda-forge
2025-04-14T18:48:41.7514748Z   nbclient                          0.10.2             pyhd8ed1ab_0          conda-forge
2025-04-14T18:48:41.7515086Z   nbconvert                         7.16.6             hb482800_0            conda-forge
2025-04-14T18:48:41.7515444Z   nbconvert-core                    7.16.6             pyh29332c3_0          conda-forge
2025-04-14T18:48:41.7515830Z   nbconvert-pandoc                  7.16.6             hed9df3c_0            conda-forge
2025-04-14T18:48:41.7516200Z   nbformat                          5.10.4             pyhd8ed1ab_1          conda-forge
2025-04-14T18:48:41.7516545Z   nbsphinx                          0.9.7              pyhd8ed1ab_0          conda-forge
2025-04-14T18:48:41.7516872Z   ncurses                           6.5                h2d0b736_3            conda-forge
2025-04-14T18:48:41.7517214Z   nest-asyncio                      1.6.0              pyhd8ed1ab_1          conda-forge
2025-04-14T18:48:41.7517549Z   ninja                             1.12.1             h297d8ca_0            conda-forge
2025-04-14T18:48:41.7518191Z   nlohmann_json                     3.12.0             h3f2d84a_0            conda-forge
2025-04-14T18:48:41.7518543Z   nodeenv                           1.9.1              pyhd8ed1ab_1          conda-forge
2025-04-14T18:48:41.7518875Z   nomkl                             1.0                h5ca1d4c_0            conda-forge
2025-04-14T18:48:41.7519199Z   notebook                          7.4.0              pyhd8ed1ab_0          conda-forge
2025-04-14T18:48:41.7519549Z   notebook-shim                     0.2.4              pyhd8ed1ab_1          conda-forge
2025-04-14T18:48:41.7520032Z   nspr                              4.36               h5888daf_0            conda-forge
2025-04-14T18:48:41.7520349Z   nss                               3.110              h159eef7_0            conda-forge
2025-04-14T18:48:41.7520662Z   numba                             0.61.2             py310h699fe88_0       conda-forge
2025-04-14T18:48:41.7520998Z   numexpr                           2.10.2             py310hdb6e06b_100     conda-forge
2025-04-14T18:48:41.7521320Z   numpy                             2.2.4              py310hefbff90_0       conda-forge
2025-04-14T18:48:41.7521652Z   numpydoc                          1.8.0              pyhd8ed1ab_1          conda-forge
2025-04-14T18:48:41.7522113Z   oauthlib                          3.2.2              pyhd8ed1ab_1          conda-forge
2025-04-14T18:48:41.7522445Z   odfpy                             1.4.1              pyhd8ed1ab_1          conda-forge
2025-04-14T18:48:41.7522839Z   openapi-schema-validator          0.6.3              pyhd8ed1ab_0          conda-forge
2025-04-14T18:48:41.7523282Z   openapi-spec-validator            0.7.1              pyhd8ed1ab_1          conda-forge
2025-04-14T18:48:41.7523662Z   openjpeg                          2.5.3              h5fbd93e_0            conda-forge
2025-04-14T18:48:41.7524000Z   openldap                          2.6.9              he970967_0            conda-forge
2025-04-14T18:48:41.7524337Z   openpyxl                          3.1.5              py310h0999ad4_1       conda-forge
2025-04-14T18:48:41.7524668Z   openssl                           3.5.0              h7b32b05_0            conda-forge
2025-04-14T18:48:41.7524979Z   orc                               2.1.1              h17f744e_1            conda-forge
2025-04-14T18:48:41.7525305Z   overrides                         7.7.0              pyhd8ed1ab_1          conda-forge
2025-04-14T18:48:41.7525646Z   packaging                         24.2               pyhd8ed1ab_2          conda-forge
2025-04-14T18:48:41.7526011Z   pandas                            2.2.3              py310h5eaa309_3       conda-forge
2025-04-14T18:48:41.7526340Z   pandoc                            3.6.4              ha770c72_0            conda-forge
2025-04-14T18:48:41.7526698Z   pandocfilters                     1.5.0              pyhd8ed1ab_0          conda-forge
2025-04-14T18:48:41.7527051Z   parso                             0.8.4              pyhd8ed1ab_1          conda-forge
2025-04-14T18:48:41.7527378Z   partd                             1.4.2              pyhd8ed1ab_0          conda-forge
2025-04-14T18:48:41.7527993Z   pathable                          0.4.4              pyhd8ed1ab_0          conda-forge
2025-04-14T18:48:41.7528356Z   pcre2                             10.44              hba22ea6_2            conda-forge
2025-04-14T18:48:41.7528710Z   pexpect                           4.9.0              pyhd8ed1ab_1          conda-forge
2025-04-14T18:48:41.7529068Z   pickleshare                       0.7.5              pyhd8ed1ab_1004       conda-forge
2025-04-14T18:48:41.7529421Z   pillow                            11.1.0             py310h7e6dc6c_0       conda-forge
2025-04-14T18:48:41.7529741Z   pip                               25.0.1             pyh8b19718_0          conda-forge
2025-04-14T18:48:41.7530050Z   pixman                            0.44.2             h29eaf8c_0            conda-forge
2025-04-14T18:48:41.7530387Z   pkginfo                           1.12.1.2           pyhd8ed1ab_0          conda-forge
2025-04-14T18:48:41.7530769Z   pkgutil-resolve-name              1.3.10             pyhd8ed1ab_2          conda-forge
2025-04-14T18:48:41.7531156Z   platformdirs                      4.3.7              pyh29332c3_0          conda-forge
2025-04-14T18:48:41.7531505Z   pluggy                            1.5.0              pyhd8ed1ab_1          conda-forge
2025-04-14T18:48:41.7531818Z   ply                               3.11               pyhd8ed1ab_3          conda-forge
2025-04-14T18:48:41.7532282Z   pre-commit                        4.2.0              pyha770c72_0          conda-forge
2025-04-14T18:48:41.7532656Z   prometheus-cpp                    1.3.0              ha5d0236_0            conda-forge
2025-04-14T18:48:41.7533043Z   prometheus_client                 0.21.1             pyhd8ed1ab_0          conda-forge
2025-04-14T18:48:41.7533472Z   prompt-toolkit                    3.0.50             pyha770c72_0          conda-forge
2025-04-14T18:48:41.7533837Z   propcache                         0.3.1              py310h89163eb_0       conda-forge
2025-04-14T18:48:41.7534195Z   proto-plus                        1.26.1             pyhd8ed1ab_0          conda-forge
2025-04-14T18:48:41.7534545Z   protobuf                          5.29.3             py310hcba5963_0       conda-forge
2025-04-14T18:48:41.7535006Z   psutil                            7.0.0              py310ha75aee5_0       conda-forge
2025-04-14T18:48:41.7535341Z   psycopg2                          2.9.9              py310hce86986_2       conda-forge
2025-04-14T18:48:41.7535705Z   pthread-stubs                     0.4                hb9d3cd8_1002         conda-forge
2025-04-14T18:48:41.7536066Z   ptyprocess                        0.7.0              pyhd8ed1ab_1          conda-forge
2025-04-14T18:48:41.7536443Z   pulseaudio-client                 17.0               hac146a9_1            conda-forge
2025-04-14T18:48:41.7536811Z   pure_eval                         0.2.3              pyhd8ed1ab_1          conda-forge
2025-04-14T18:48:41.7537130Z   py                                1.11.0             pyhd8ed1ab_1          conda-forge
2025-04-14T18:48:41.7537456Z   py-cpuinfo                        9.0.0              pyhd8ed1ab_1          conda-forge
2025-04-14T18:48:41.7538152Z   pyarrow                           19.0.1             py310hff52083_0       conda-forge
2025-04-14T18:48:41.7538727Z   pyarrow-core                      19.0.1             py310hac404ae_0_cpu   conda-forge
2025-04-14T18:48:41.7539218Z   pyasn1                            0.6.1              pyhd8ed1ab_2          conda-forge
2025-04-14T18:48:41.7539645Z   pyasn1-modules                    0.4.2              pyhd8ed1ab_0          conda-forge
2025-04-14T18:48:41.7540152Z   pycodestyle                       2.12.1             pyhd8ed1ab_1          conda-forge
2025-04-14T18:48:41.7556866Z   pycparser                         2.22               pyh29332c3_1          conda-forge
2025-04-14T18:48:41.7557780Z   pydata-sphinx-theme               0.16.1             pyhd8ed1ab_0          conda-forge
2025-04-14T18:48:41.7558406Z   pyflakes                          3.2.0              pyhd8ed1ab_1          conda-forge
2025-04-14T18:48:41.7558790Z   pygments                          2.19.1             pyhd8ed1ab_0          conda-forge
2025-04-14T18:48:41.7559150Z   pyjwt                             2.10.1             pyhd8ed1ab_0          conda-forge
2025-04-14T18:48:41.7559482Z   pympler                           1.1                pyhd8ed1ab_1          conda-forge
2025-04-14T18:48:41.7559821Z   pymysql                           1.1.1              pyhd8ed1ab_1          conda-forge
2025-04-14T18:48:41.7560153Z   pyopenssl                         25.0.0             pyhd8ed1ab_0          conda-forge
2025-04-14T18:48:41.7560504Z   pyparsing                         3.2.3              pyhd8ed1ab_1          conda-forge
2025-04-14T18:48:41.7560880Z   pyproject-metadata                0.9.1              pyhd8ed1ab_0          conda-forge
2025-04-14T18:48:41.7561245Z   pyqt                              5.15.10            py310hb3b5edb_1       conda-forge
2025-04-14T18:48:41.7561578Z   pyqt5-sip                         12.13.0            py310hf71b8c6_1       conda-forge
2025-04-14T18:48:41.7561923Z   pyreadstat                        1.2.8              py310h16f6504_0       conda-forge
2025-04-14T18:48:41.7562260Z   pyside6                           6.9.0              py310hfd10a26_0       conda-forge
2025-04-14T18:48:41.7562599Z   pysocks                           1.7.1              pyha55dd90_7          conda-forge
2025-04-14T18:48:41.7563213Z   pytables                          3.10.1             py310h431dcdc_4       conda-forge
2025-04-14T18:48:41.7563548Z   pytest                            8.3.5              pyhd8ed1ab_0          conda-forge
2025-04-14T18:48:41.7563892Z   pytest-cov                        6.1.1              pyhd8ed1ab_0          conda-forge
2025-04-14T18:48:41.7564253Z   pytest-cython                     0.3.1              pyhd8ed1ab_1          conda-forge
2025-04-14T18:48:41.7564646Z   pytest-localserver                0.9.0.post0        pyhd8ed1ab_1          conda-forge
2025-04-14T18:48:41.7565030Z   pytest-qt                         4.4.0              pyhdecd6ff_1          conda-forge
2025-04-14T18:48:41.7565521Z   pytest-xdist                      3.6.1              pyhd8ed1ab_1          conda-forge
2025-04-14T18:48:41.7565868Z   python                            3.10.17            hd6af730_0_cpython    conda-forge
2025-04-14T18:48:41.7566223Z   python-calamine                   0.3.2              py310h505e2c1_0       conda-forge
2025-04-14T18:48:41.7566618Z   python-dateutil                   2.9.0.post0        pyhff2d567_1          conda-forge
2025-04-14T18:48:41.7567023Z   python-fastjsonschema             2.21.1             pyhd8ed1ab_0          conda-forge
2025-04-14T18:48:41.7567432Z   python-json-logger                2.0.7              pyhd8ed1ab_0          conda-forge
2025-04-14T18:48:41.7568061Z   python-tzdata                     2025.2             pyhd8ed1ab_0          conda-forge
2025-04-14T18:48:41.7568418Z   python_abi                        3.10               6_cp310               conda-forge
2025-04-14T18:48:41.7568746Z   pytz                              2025.2             pyhd8ed1ab_0          conda-forge
2025-04-14T18:48:41.7569065Z   pyu2f                             0.1.5              pyhd8ed1ab_1          conda-forge
2025-04-14T18:48:41.7569377Z   pyxlsb                            1.0.10             pyhd8ed1ab_0          conda-forge
2025-04-14T18:48:41.7569704Z   pyyaml                            6.0.2              py310h89163eb_2       conda-forge
2025-04-14T18:48:41.7570023Z   pyzmq                             26.4.0             py310h71f11fc_0       conda-forge
2025-04-14T18:48:41.7570335Z   qhull                             2020.2             h434a139_5            conda-forge
2025-04-14T18:48:41.7570650Z   qt-main                           5.15.15            h993ce98_3            conda-forge
2025-04-14T18:48:41.7570971Z   qt6-main                          6.9.0              h6441bc3_0            conda-forge
2025-04-14T18:48:41.7571287Z   re2                               2024.07.02         h9925aae_3            conda-forge
2025-04-14T18:48:41.7571602Z   readline                          8.2                h8c095d6_2            conda-forge
2025-04-14T18:48:41.7571952Z   referencing                       0.36.2             pyh29332c3_0          conda-forge
2025-04-14T18:48:41.7572298Z   requests                          2.32.3             pyhd8ed1ab_1          conda-forge
2025-04-14T18:48:41.7572676Z   requests-oauthlib                 2.0.0              pyhd8ed1ab_1          conda-forge
2025-04-14T18:48:41.7573044Z   responses                         0.25.7             pyhd8ed1ab_0          conda-forge
2025-04-14T18:48:41.7573407Z   rfc3339-validator                 0.1.4              pyhd8ed1ab_1          conda-forge
2025-04-14T18:48:41.7573797Z   rfc3986-validator                 0.1.1              pyh9f0ad1d_0          conda-forge
2025-04-14T18:48:41.7574170Z   rpds-py                           0.24.0             py310hc1293b2_0       conda-forge
2025-04-14T18:48:41.7574492Z   rsa                               4.9                pyhd8ed1ab_1          conda-forge
2025-04-14T18:48:41.7574796Z   s2n                               1.5.15             hd830067_0            conda-forge
2025-04-14T18:48:41.7575103Z   s3fs                              2025.3.2           pyhd8ed1ab_0          conda-forge
2025-04-14T18:48:41.7575437Z   s3transfer                        0.11.3             pyhd8ed1ab_0          conda-forge
2025-04-14T18:48:41.7575913Z   scipy                             1.15.2             py310h1d65ade_0       conda-forge
2025-04-14T18:48:41.7576253Z   seaborn-base                      0.13.2             pyhd8ed1ab_3          conda-forge
2025-04-14T18:48:41.7576606Z   send2trash                        1.8.3              pyh0d859eb_1          conda-forge
2025-04-14T18:48:41.7576959Z   setuptools                        78.1.0             pyhff2d567_0          conda-forge
2025-04-14T18:48:41.7577307Z   sgmllib3k                         1.0.0              pyhd8ed1ab_1          conda-forge
2025-04-14T18:48:41.7577826Z   sip                               6.8.6              py310hf71b8c6_2       conda-forge
2025-04-14T18:48:41.7578268Z   six                               1.17.0             pyhd8ed1ab_0          conda-forge
2025-04-14T18:48:41.7578582Z   smmap                             5.0.2              pyhd8ed1ab_0          conda-forge
2025-04-14T18:48:41.7578915Z   snappy                            1.2.1              h8bd8927_1            conda-forge
2025-04-14T18:48:41.7579237Z   sniffio                           1.3.1              pyhd8ed1ab_1          conda-forge
2025-04-14T18:48:41.7579588Z   snowballstemmer                   2.2.0              pyhd8ed1ab_0          conda-forge
2025-04-14T18:48:41.7579973Z   sortedcontainers                  2.4.0              pyhd8ed1ab_1          conda-forge
2025-04-14T18:48:41.7580329Z   soupsieve                         2.5                pyhd8ed1ab_1          conda-forge
2025-04-14T18:48:41.7580660Z   sphinx                            8.1.3              pyhd8ed1ab_1          conda-forge
2025-04-14T18:48:41.7581020Z   sphinx-copybutton                 0.5.2              pyhd8ed1ab_1          conda-forge
2025-04-14T18:48:41.7581408Z   sphinx-design                     0.6.1              pyhd8ed1ab_2          conda-forge
2025-04-14T18:48:41.7581809Z   sphinxcontrib-applehelp           2.0.0              pyhd8ed1ab_1          conda-forge
2025-04-14T18:48:41.7582246Z   sphinxcontrib-devhelp             2.0.0              pyhd8ed1ab_1          conda-forge
2025-04-14T18:48:41.7582666Z   sphinxcontrib-htmlhelp            2.1.0              pyhd8ed1ab_1          conda-forge
2025-04-14T18:48:41.7583087Z   sphinxcontrib-jsmath              1.0.1              pyhd8ed1ab_1          conda-forge
2025-04-14T18:48:41.7583499Z   sphinxcontrib-qthelp              2.0.0              pyhd8ed1ab_1          conda-forge
2025-04-14T18:48:41.7583950Z   sphinxcontrib-serializinghtml     1.1.10             pyhd8ed1ab_1          conda-forge
2025-04-14T18:48:41.7584372Z   sqlalchemy                        2.0.40             py310ha75aee5_0       conda-forge
2025-04-14T18:48:41.7584721Z   stack_data                        0.6.3              pyhd8ed1ab_1          conda-forge
2025-04-14T18:48:41.7585062Z   sysroot_linux-64                  2.17               h0157908_18           conda-forge
2025-04-14T18:48:41.7585409Z   tabulate                          0.9.0              pyhd8ed1ab_2          conda-forge
2025-04-14T18:48:41.7585751Z   terminado                         0.18.1             pyh0d859eb_0          conda-forge
2025-04-14T18:48:41.7586091Z   tinycss2                          1.4.0              pyhd8ed1ab_0          conda-forge
2025-04-14T18:48:41.7586407Z   tk                                8.6.13             noxft_h4845f30_101    conda-forge
2025-04-14T18:48:41.7586729Z   tokenize-rt                       6.1.0              pyhd8ed1ab_1          conda-forge
2025-04-14T18:48:41.7587050Z   toml                              0.10.2             pyhd8ed1ab_1          conda-forge
2025-04-14T18:48:41.7587359Z   tomli                             2.2.1              pyhd8ed1ab_1          conda-forge
2025-04-14T18:48:41.7587877Z   toolz                             1.0.0              pyhd8ed1ab_1          conda-forge
2025-04-14T18:48:41.7588203Z   tornado                           6.4.2              py310ha75aee5_0       conda-forge
2025-04-14T18:48:41.7588689Z   traitlets                         5.14.3             pyhd8ed1ab_1          conda-forge
2025-04-14T18:48:41.7589070Z   types-pymysql                     1.1.0.20241103     pyhd8ed1ab_1          conda-forge
2025-04-14T18:48:41.7589485Z   types-python-dateutil             2.9.0.20241206     pyhd8ed1ab_0          conda-forge
2025-04-14T18:48:41.7589893Z   types-pytz                        2025.1.0.20250318  pyhd8ed1ab_0          conda-forge
2025-04-14T18:48:41.7590268Z   types-pyyaml                      6.0.12.20250402    pyhd8ed1ab_0          conda-forge
2025-04-14T18:48:41.7590657Z   types-setuptools                  78.1.0.20250329    pyh29332c3_0          conda-forge
2025-04-14T18:48:41.7591060Z   typing-extensions                 4.13.2             h0e9735f_0            conda-forge
2025-04-14T18:48:41.7591577Z   typing_extensions                 4.13.2             pyh29332c3_0          conda-forge
2025-04-14T18:48:41.7591938Z   typing_utils                      0.1.0              pyhd8ed1ab_1          conda-forge
2025-04-14T18:48:41.7592289Z   tzdata                            2025b              h78e105d_0            conda-forge
2025-04-14T18:48:41.7592615Z   ukkonen                           1.0.1              py310h3788b33_5       conda-forge
2025-04-14T18:48:41.7592961Z   unicodedata2                      16.0.0             py310ha75aee5_0       conda-forge
2025-04-14T18:48:41.7593322Z   uri-template                      1.3.0              pyhd8ed1ab_1          conda-forge
2025-04-14T18:48:41.7593665Z   urllib3                           2.4.0              pyhd8ed1ab_0          conda-forge
2025-04-14T18:48:41.7593994Z   versioneer                        0.29               pyhd8ed1ab_0          conda-forge
2025-04-14T18:48:41.7594349Z   virtualenv                        20.30.0            pyhd8ed1ab_0          conda-forge
2025-04-14T18:48:41.7594699Z   wayland                           1.23.1             h3e06ad9_0            conda-forge
2025-04-14T18:48:41.7595028Z   wcwidth                           0.2.13             pyhd8ed1ab_1          conda-forge
2025-04-14T18:48:41.7595375Z   webcolors                         24.11.1            pyhd8ed1ab_0          conda-forge
2025-04-14T18:48:41.7595735Z   webencodings                      0.5.1              pyhd8ed1ab_3          conda-forge
2025-04-14T18:48:41.7596102Z   websocket-client                  1.8.0              pyhd8ed1ab_1          conda-forge
2025-04-14T18:48:41.7596462Z   werkzeug                          3.1.3              pyhd8ed1ab_1          conda-forge
2025-04-14T18:48:41.7596790Z   wheel                             0.45.1             pyhd8ed1ab_1          conda-forge
2025-04-14T18:48:41.7597155Z   widgetsnbextension                4.0.14             pyhd8ed1ab_0          conda-forge
2025-04-14T18:48:41.7597521Z   wrapt                             1.17.2             py310ha75aee5_0       conda-forge
2025-04-14T18:48:41.7598059Z   xarray                            2024.9.0           pyhd8ed1ab_1          conda-forge
2025-04-14T18:48:41.7598401Z   xcb-util                          0.4.1              hb711507_2            conda-forge
2025-04-14T18:48:41.7598747Z   xcb-util-cursor                   0.1.5              hb9d3cd8_0            conda-forge
2025-04-14T18:48:41.7599116Z   xcb-util-image                    0.4.0              hb711507_2            conda-forge
2025-04-14T18:48:41.7599479Z   xcb-util-keysyms                  0.4.1              hb711507_0            conda-forge
2025-04-14T18:48:41.7599860Z   xcb-util-renderutil               0.3.10             hb711507_0            conda-forge
2025-04-14T18:48:41.7600222Z   xcb-util-wm                       0.4.2              hb711507_0            conda-forge
2025-04-14T18:48:41.7600581Z   xkeyboard-config                  2.43               hb9d3cd8_0            conda-forge
2025-04-14T18:48:41.7600929Z   xlrd                              2.0.1              pyhd8ed1ab_3          conda-forge
2025-04-14T18:48:41.7601258Z   xlsxwriter                        3.2.2              pyhd8ed1ab_0          conda-forge
2025-04-14T18:48:41.7601764Z   xmltodict                         0.14.2             pyhd8ed1ab_1          conda-forge
2025-04-14T18:48:41.7602114Z   xorg-libice                       1.1.2              hb9d3cd8_0            conda-forge
2025-04-14T18:48:41.7602455Z   xorg-libsm                        1.2.6              he73a12e_0            conda-forge
2025-04-14T18:48:41.7602803Z   xorg-libx11                       1.8.12             h4f16b4b_0            conda-forge
2025-04-14T18:48:41.7603140Z   xorg-libxau                       1.0.12             hb9d3cd8_0            conda-forge
2025-04-14T18:48:41.7603515Z   xorg-libxcomposite                0.4.6              hb9d3cd8_2            conda-forge
2025-04-14T18:48:41.7603898Z   xorg-libxcursor                   1.2.3              hb9d3cd8_0            conda-forge
2025-04-14T18:48:41.7604383Z   xorg-libxdamage                   1.1.6              hb9d3cd8_0            conda-forge
2025-04-14T18:48:41.7604750Z   xorg-libxdmcp                     1.1.5              hb9d3cd8_0            conda-forge
2025-04-14T18:48:41.7605117Z   xorg-libxext                      1.3.6              hb9d3cd8_0            conda-forge
2025-04-14T18:48:41.7605471Z   xorg-libxfixes                    6.0.1              hb9d3cd8_0            conda-forge
2025-04-14T18:48:41.7605821Z   xorg-libxi                        1.8.2              hb9d3cd8_0            conda-forge
2025-04-14T18:48:41.7606170Z   xorg-libxrandr                    1.5.4              hb9d3cd8_0            conda-forge
2025-04-14T18:48:41.7606536Z   xorg-libxrender                   0.9.12             hb9d3cd8_0            conda-forge
2025-04-14T18:48:41.7606898Z   xorg-libxtst                      1.2.5              hb9d3cd8_3            conda-forge
2025-04-14T18:48:41.7607264Z   xorg-libxxf86vm                   1.1.6              hb9d3cd8_0            conda-forge
2025-04-14T18:48:41.7607817Z   yaml                              0.2.5              h7f98852_2            conda-forge
2025-04-14T18:48:41.7608179Z   yarl                              1.18.3             py310h89163eb_1       conda-forge
2025-04-14T18:48:41.7608504Z   zeromq                            4.3.5              h3b0a872_7            conda-forge
2025-04-14T18:48:41.7608813Z   zipp                              3.21.0             pyhd8ed1ab_1          conda-forge
2025-04-14T18:48:41.7609124Z   zlib                              1.3.1              hb9d3cd8_2            conda-forge
2025-04-14T18:48:41.7609430Z   zlib-ng                           2.2.4              h7955e40_0            conda-forge
2025-04-14T18:48:41.7609758Z   zstandard                         0.23.0             py310ha75aee5_1       conda-forge
2025-04-14T18:48:41.7610084Z   zstd                              1.5.7              hb8e6e7a_2            conda-forge
2025-04-14T18:48:42.0395054Z Package                       Version
2025-04-14T18:48:42.0395861Z ----------------------------- ---------------------------
2025-04-14T18:48:42.0397983Z accessible-pygments           0.0.5
2025-04-14T18:48:42.0399861Z adbc-driver-manager           1.5.0
2025-04-14T18:48:42.0401580Z adbc-driver-postgresql        1.5.0
2025-04-14T18:48:42.0403257Z adbc-driver-sqlite            1.5.0
2025-04-14T18:48:42.0405365Z aiobotocore                   2.21.1
2025-04-14T18:48:42.0407111Z aiohappyeyeballs              2.6.1
2025-04-14T18:48:42.0409359Z aiohttp                       3.11.16
2025-04-14T18:48:42.0411251Z aioitertools                  0.12.0
2025-04-14T18:48:42.0413174Z aiosignal                     1.3.2
2025-04-14T18:48:42.0415059Z aiosmtpd                      1.4.6
2025-04-14T18:48:42.0416960Z alabaster                     1.0.0
2025-04-14T18:48:42.0419159Z anyio                         4.9.0
2025-04-14T18:48:42.0421107Z argon2-cffi                   23.1.0
2025-04-14T18:48:42.0423042Z argon2-cffi-bindings          21.2.0
2025-04-14T18:48:42.0424946Z arrow                         1.3.0
2025-04-14T18:48:42.0426849Z asttokens                     3.0.0
2025-04-14T18:48:42.0428799Z asv                           0.6.4
2025-04-14T18:48:42.0430644Z asv_runner                    0.2.1
2025-04-14T18:48:42.0432485Z async-lru                     2.0.5
2025-04-14T18:48:42.0434310Z async-timeout                 5.0.1
2025-04-14T18:48:42.0436252Z atpublic                      5.1
2025-04-14T18:48:42.0438176Z attrs                         25.3.0
2025-04-14T18:48:42.0440332Z aws-xray-sdk                  2.14.0
2025-04-14T18:48:42.0442195Z babel                         2.17.0
2025-04-14T18:48:42.0444152Z beautifulsoup4                4.13.3
2025-04-14T18:48:42.0446058Z bleach                        6.2.0
2025-04-14T18:48:42.0448066Z blinker                       1.9.0
2025-04-14T18:48:42.0450036Z boto3                         1.37.1
2025-04-14T18:48:42.0451885Z botocore                      1.37.1
2025-04-14T18:48:42.0453939Z Bottleneck                    1.4.2
2025-04-14T18:48:42.0455785Z Brotli                        1.1.0
2025-04-14T18:48:42.0457927Z cached-property               1.5.2
2025-04-14T18:48:42.0459839Z cachetools                    5.5.2
2025-04-14T18:48:42.0461862Z certifi                       2025.1.31
2025-04-14T18:48:42.0463756Z cffi                          1.17.1
2025-04-14T18:48:42.0465739Z cfgv                          3.3.1
2025-04-14T18:48:42.0467938Z charset-normalizer            3.4.1
2025-04-14T18:48:42.0469844Z click                         8.1.8
2025-04-14T18:48:42.0471827Z cloudpickle                   3.1.1
2025-04-14T18:48:42.0473708Z colorama                      0.4.6
2025-04-14T18:48:42.0475714Z comm                          0.2.2
2025-04-14T18:48:42.0477792Z contourpy                     1.3.1
2025-04-14T18:48:42.0479729Z coverage                      7.8.0
2025-04-14T18:48:42.0481657Z cramjam                       2.8.4rc3
2025-04-14T18:48:42.0483554Z cryptography                  44.0.2
2025-04-14T18:48:42.0485475Z cycler                        0.12.1
2025-04-14T18:48:42.0487382Z Cython                        3.0.12
2025-04-14T18:48:42.0489484Z dask                          2025.3.0
2025-04-14T18:48:42.0491374Z debugpy                       1.8.14
2025-04-14T18:48:42.0493286Z decorator                     5.2.1
2025-04-14T18:48:42.0495195Z defusedxml                    0.7.1
2025-04-14T18:48:42.0497074Z distlib                       0.3.9
2025-04-14T18:48:42.0499246Z docutils                      0.21.2
2025-04-14T18:48:42.0501119Z doit                          0.36.0
2025-04-14T18:48:42.0503045Z et_xmlfile                    2.0.0
2025-04-14T18:48:42.0504949Z exceptiongroup                1.2.2
2025-04-14T18:48:42.0506810Z execnet                       2.1.1
2025-04-14T18:48:42.0508938Z executing                     2.1.0
2025-04-14T18:48:42.0510830Z fastjsonschema                2.21.1
2025-04-14T18:48:42.0512733Z fastparquet                   2024.11.0
2025-04-14T18:48:42.0514594Z feedparser                    6.0.11
2025-04-14T18:48:42.0516537Z filelock                      3.18.0
2025-04-14T18:48:42.0518593Z flake8                        7.1.0
2025-04-14T18:48:42.0520523Z Flask                         3.1.0
2025-04-14T18:48:42.0522417Z flask-cors                    5.0.1
2025-04-14T18:48:42.0524292Z fonttools                     4.57.0
2025-04-14T18:48:42.0526177Z fqdn                          1.5.1
2025-04-14T18:48:42.0528242Z frozenlist                    1.5.0
2025-04-14T18:48:42.0530162Z fsspec                        2025.3.2
2025-04-14T18:48:42.0532044Z gcsfs                         2025.3.2
2025-04-14T18:48:42.0533940Z gitdb                         4.0.12
2025-04-14T18:48:42.0535879Z GitPython                     3.1.44
2025-04-14T18:48:42.0537940Z google-api-core               2.24.2
2025-04-14T18:48:42.0539915Z google-auth                   2.38.0
2025-04-14T18:48:42.0541830Z google-auth-oauthlib          1.2.1
2025-04-14T18:48:42.0543711Z google-cloud-core             2.4.3
2025-04-14T18:48:42.0545636Z google-cloud-storage          3.1.0
2025-04-14T18:48:42.0547507Z google-crc32c                 1.7.1
2025-04-14T18:48:42.0549676Z google-resumable-media        2.7.2
2025-04-14T18:48:42.0551370Z googleapis-common-protos      1.69.2
2025-04-14T18:48:42.0553411Z greenlet                      3.1.1
2025-04-14T18:48:42.0555242Z grpcio                        1.71.0
2025-04-14T18:48:42.0557102Z h11                           0.14.0
2025-04-14T18:48:42.0559198Z h2                            4.2.0
2025-04-14T18:48:42.0561088Z hpack                         4.1.0
2025-04-14T18:48:42.0562941Z html5lib                      1.1
2025-04-14T18:48:42.0565038Z httpcore                      1.0.7
2025-04-14T18:48:42.0566991Z httpx                         0.28.1
2025-04-14T18:48:42.0569094Z hyperframe                    6.1.0
2025-04-14T18:48:42.0571002Z hypothesis                    6.131.0
2025-04-14T18:48:42.0572847Z identify                      2.6.9
2025-04-14T18:48:42.0574771Z idna                          3.10
2025-04-14T18:48:42.0576792Z imagesize                     1.4.1
2025-04-14T18:48:42.0578894Z importlib_metadata            8.6.1
2025-04-14T18:48:42.0580792Z importlib_resources           6.5.2
2025-04-14T18:48:42.0582659Z iniconfig                     2.0.0
2025-04-14T18:48:42.0584551Z ipykernel                     6.29.5
2025-04-14T18:48:42.0586457Z ipython                       8.35.0
2025-04-14T18:48:42.0588560Z ipywidgets                    8.1.6
2025-04-14T18:48:42.0590457Z isoduration                   20.11.0
2025-04-14T18:48:42.0592365Z itsdangerous                  2.2.0
2025-04-14T18:48:42.0594233Z jedi                          0.19.2
2025-04-14T18:48:42.0596126Z Jinja2                        3.1.6
2025-04-14T18:48:42.0598001Z jmespath                      1.0.1
2025-04-14T18:48:42.0600103Z joserfc                       1.0.4
2025-04-14T18:48:42.0601947Z json5                         0.12.0
2025-04-14T18:48:42.0603839Z jsondiff                      2.2.1
2025-04-14T18:48:42.0605730Z jsonpointer                   3.0.0
2025-04-14T18:48:42.0607786Z jsonschema                    4.23.0
2025-04-14T18:48:42.0609776Z jsonschema-path               0.3.4
2025-04-14T18:48:42.0611778Z jsonschema-specifications     2024.10.1
2025-04-14T18:48:42.0613682Z jupyter_client                8.6.3
2025-04-14T18:48:42.0615765Z jupyter_core                  5.7.2
2025-04-14T18:48:42.0618103Z jupyter-events                0.12.0
2025-04-14T18:48:42.0620199Z jupyter-lsp                   2.2.5
2025-04-14T18:48:42.0622210Z jupyter_server                2.15.0
2025-04-14T18:48:42.0624184Z jupyter_server_terminals      0.5.3
2025-04-14T18:48:42.0626123Z jupyterlab                    4.4.0
2025-04-14T18:48:42.0628197Z jupyterlab_pygments           0.3.0
2025-04-14T18:48:42.0630143Z jupyterlab_server             2.27.3
2025-04-14T18:48:42.0632079Z jupyterlab_widgets            3.0.14
2025-04-14T18:48:42.0634093Z jupyterlite-core              0.5.1
2025-04-14T18:48:42.0636255Z jupyterlite-pyodide-kernel    0.5.2
2025-04-14T18:48:42.0638280Z kiwisolver                    1.4.7
2025-04-14T18:48:42.0640163Z lazy-object-proxy             1.10.0
2025-04-14T18:48:42.0642119Z llvmlite                      0.44.0
2025-04-14T18:48:42.0643968Z locket                        1.0.0
2025-04-14T18:48:42.0645893Z lxml                          5.3.2
2025-04-14T18:48:42.0647958Z Markdown                      3.6
2025-04-14T18:48:42.0649889Z MarkupSafe                    3.0.2
2025-04-14T18:48:42.0651901Z matplotlib                    3.10.1
2025-04-14T18:48:42.0653885Z matplotlib-inline             0.1.7
2025-04-14T18:48:42.0655826Z mccabe                        0.7.0
2025-04-14T18:48:42.0657839Z meson                         1.2.1
2025-04-14T18:48:42.0659907Z meson-python                  0.13.1
2025-04-14T18:48:42.0661816Z mistune                       3.1.3
2025-04-14T18:48:42.0663870Z moto                          5.1.3
2025-04-14T18:48:42.0665929Z multidict                     6.3.2
2025-04-14T18:48:42.0668030Z munkres                       1.1.4
2025-04-14T18:48:42.0670074Z mypy                          1.13.0
2025-04-14T18:48:42.0672107Z mypy_extensions               1.0.0
2025-04-14T18:48:42.0673996Z natsort                       8.4.0
2025-04-14T18:48:42.0675839Z nbclient                      0.10.2
2025-04-14T18:48:42.0678096Z nbconvert                     7.16.6
2025-04-14T18:48:42.0680001Z nbformat                      5.10.4
2025-04-14T18:48:42.0682047Z nbsphinx                      0.9.7
2025-04-14T18:48:42.0683908Z nest_asyncio                  1.6.0
2025-04-14T18:48:42.0685936Z nodeenv                       1.9.1
2025-04-14T18:48:42.0687927Z notebook                      7.4.0
2025-04-14T18:48:42.0689805Z notebook_shim                 0.2.4
2025-04-14T18:48:42.0691705Z numba                         0.61.2
2025-04-14T18:48:42.0693604Z numexpr                       2.10.2
2025-04-14T18:48:42.0695399Z numpy                         2.2.4
2025-04-14T18:48:42.0697300Z numpydoc                      1.8.0
2025-04-14T18:48:42.0699584Z oauthlib                      3.2.2
2025-04-14T18:48:42.0701527Z odfpy                         1.4.1
2025-04-14T18:48:42.0703414Z openapi-schema-validator      0.6.3
2025-04-14T18:48:42.0705407Z openapi-spec-validator        0.7.1
2025-04-14T18:48:42.0707250Z openpyxl                      3.1.5
2025-04-14T18:48:42.0709373Z overrides                     7.7.0
2025-04-14T18:48:42.0711254Z packaging                     24.2
2025-04-14T18:48:42.0713258Z pandas                        3.0.0.dev0+2065.gf1186a0310
2025-04-14T18:48:42.0715116Z pandocfilters                 1.5.0
2025-04-14T18:48:42.0717016Z parso                         0.8.4
2025-04-14T18:48:42.0719023Z partd                         1.4.2
2025-04-14T18:48:42.0720897Z pathable                      0.4.4
2025-04-14T18:48:42.0722742Z pexpect                       4.9.0
2025-04-14T18:48:42.0724747Z pickleshare                   0.7.5
2025-04-14T18:48:42.0726640Z pillow                        11.1.0
2025-04-14T18:48:42.0728751Z pip                           25.0.1
2025-04-14T18:48:42.0730605Z pkginfo                       1.12.1.2
2025-04-14T18:48:42.0732473Z pkgutil_resolve_name          1.3.10
2025-04-14T18:48:42.0734338Z platformdirs                  4.3.7
2025-04-14T18:48:42.0736245Z pluggy                        1.5.0
2025-04-14T18:48:42.0738032Z ply                           3.11
2025-04-14T18:48:42.0740095Z pre_commit                    4.2.0
2025-04-14T18:48:42.0742075Z prometheus_client             0.21.1
2025-04-14T18:48:42.0743830Z prompt_toolkit                3.0.50
2025-04-14T18:48:42.0745711Z propcache                     0.3.1
2025-04-14T18:48:42.0747799Z proto-plus                    1.26.1
2025-04-14T18:48:42.0749878Z protobuf                      5.29.3
2025-04-14T18:48:42.0751640Z psutil                        7.0.0
2025-04-14T18:48:42.0753394Z psycopg2                      2.9.9
2025-04-14T18:48:42.0755553Z ptyprocess                    0.7.0
2025-04-14T18:48:42.0757080Z pure_eval                     0.2.3
2025-04-14T18:48:42.0759290Z py                            1.11.0
2025-04-14T18:48:42.0761079Z py-cpuinfo                    9.0.0
2025-04-14T18:48:42.0763037Z pyarrow                       19.0.1
2025-04-14T18:48:42.0764920Z pyasn1                        0.6.1
2025-04-14T18:48:42.0766852Z pyasn1_modules                0.4.2
2025-04-14T18:48:42.0768886Z pycodestyle                   2.12.1
2025-04-14T18:48:42.0770914Z pycparser                     2.22
2025-04-14T18:48:42.0772730Z pydata-sphinx-theme           0.16.1
2025-04-14T18:48:42.0774604Z pyflakes                      3.2.0
2025-04-14T18:48:42.0776549Z Pygments                      2.19.1
2025-04-14T18:48:42.0778776Z PyJWT                         2.10.1
2025-04-14T18:48:42.0780649Z Pympler                       1.1
2025-04-14T18:48:42.0782524Z PyMySQL                       1.1.1
2025-04-14T18:48:42.0784401Z pyOpenSSL                     25.0.0
2025-04-14T18:48:42.0786262Z pyparsing                     3.2.3
2025-04-14T18:48:42.0788379Z pyproject-metadata            0.9.1
2025-04-14T18:48:42.0790277Z PyQt5                         5.15.10
2025-04-14T18:48:42.0792154Z PyQt5_sip                     12.13.0
2025-04-14T18:48:42.0794000Z pyreadstat                    1.2.8
2025-04-14T18:48:42.0795821Z PySide6                       6.9.0
2025-04-14T18:48:42.0797909Z PySocks                       1.7.1
2025-04-14T18:48:42.0799838Z pytest                        8.3.5
2025-04-14T18:48:42.0801671Z pytest-cov                    6.1.1
2025-04-14T18:48:42.0803556Z pytest-cython                 0.3.1
2025-04-14T18:48:42.0805440Z pytest-localserver            0.0.0
2025-04-14T18:48:42.0807318Z pytest-qt                     4.4.0
2025-04-14T18:48:42.0809477Z pytest-xdist                  3.6.1
2025-04-14T18:48:42.0811462Z python-calamine               0.3.2
2025-04-14T18:48:42.0813372Z python-dateutil               2.9.0.post0
2025-04-14T18:48:42.0815211Z python-json-logger            2.0.7
2025-04-14T18:48:42.0817104Z pytz                          2025.2
2025-04-14T18:48:42.0819217Z pyu2f                         0.1.5
2025-04-14T18:48:42.0821135Z pyxlsb                        1.0.10
2025-04-14T18:48:42.0822973Z PyYAML                        6.0.2
2025-04-14T18:48:42.0824926Z pyzmq                         26.4.0
2025-04-14T18:48:42.0826914Z referencing                   0.36.2
2025-04-14T18:48:42.0829008Z requests                      2.32.3
2025-04-14T18:48:42.0830877Z requests-oauthlib             2.0.0
2025-04-14T18:48:42.0832726Z responses                     0.25.7
2025-04-14T18:48:42.0834629Z rfc3339_validator             0.1.4
2025-04-14T18:48:42.0836405Z rfc3986-validator             0.1.1
2025-04-14T18:48:42.0838508Z rpds-py                       0.24.0
2025-04-14T18:48:42.0840294Z rsa                           4.9
2025-04-14T18:48:42.0842214Z s3fs                          2025.3.2
2025-04-14T18:48:42.0844061Z s3transfer                    0.11.3
2025-04-14T18:48:42.0846149Z scipy                         1.15.2
2025-04-14T18:48:42.0848041Z seaborn                       0.13.2
2025-04-14T18:48:42.0850001Z Send2Trash                    1.8.3
2025-04-14T18:48:42.0851905Z setuptools                    78.1.0
2025-04-14T18:48:42.0853774Z sgmllib3k                     1.0.0
2025-04-14T18:48:42.0855646Z shiboken6                     6.9.0
2025-04-14T18:48:42.0857533Z sip                           6.8.6
2025-04-14T18:48:42.0859624Z six                           1.17.0
2025-04-14T18:48:42.0861482Z smmap                         5.0.2
2025-04-14T18:48:42.0863295Z sniffio                       1.3.1
2025-04-14T18:48:42.0865230Z snowballstemmer               2.2.0
2025-04-14T18:48:42.0867039Z sortedcontainers              2.4.0
2025-04-14T18:48:42.0869189Z soupsieve                     2.5
2025-04-14T18:48:42.0870992Z Sphinx                        8.1.3
2025-04-14T18:48:42.0872929Z sphinx-copybutton             0.5.2
2025-04-14T18:48:42.0874715Z sphinx_design                 0.6.1
2025-04-14T18:48:42.0876736Z sphinxcontrib-applehelp       2.0.0
2025-04-14T18:48:42.0878889Z sphinxcontrib-devhelp         2.0.0
2025-04-14T18:48:42.0880748Z sphinxcontrib-htmlhelp        2.1.0
2025-04-14T18:48:42.0882609Z sphinxcontrib-jsmath          1.0.1
2025-04-14T18:48:42.0884491Z sphinxcontrib-qthelp          2.0.0
2025-04-14T18:48:42.0886411Z sphinxcontrib-serializinghtml 1.1.10
2025-04-14T18:48:42.0888302Z SQLAlchemy                    2.0.40
2025-04-14T18:48:42.0890306Z stack_data                    0.6.3
2025-04-14T18:48:42.0892097Z tables                        3.10.1
2025-04-14T18:48:42.0893981Z tabulate                      0.9.0
2025-04-14T18:48:42.0895827Z terminado                     0.18.1
2025-04-14T18:48:42.0897848Z tinycss2                      1.4.0
2025-04-14T18:48:42.0899818Z tokenize_rt                   6.1.0
2025-04-14T18:48:42.0901611Z toml                          0.10.2
2025-04-14T18:48:42.0903738Z tomli                         2.2.1
2025-04-14T18:48:42.0905367Z toolz                         1.0.0
2025-04-14T18:48:42.0907237Z tornado                       6.4.2
2025-04-14T18:48:42.0909459Z traitlets                     5.14.3
2025-04-14T18:48:42.0911333Z types-PyMySQL                 1.1.0.20241103
2025-04-14T18:48:42.0913440Z types-python-dateutil         2.9.0.20241206
2025-04-14T18:48:42.0915270Z types-pytz                    2025.1.0.20250318
2025-04-14T18:48:42.0917044Z types-PyYAML                  6.0.12.20250402
2025-04-14T18:48:42.0919446Z types-setuptools              78.1.0.20250329
2025-04-14T18:48:42.0921053Z typing_extensions             4.13.2
2025-04-14T18:48:42.0923011Z typing_utils                  0.1.0
2025-04-14T18:48:42.0924832Z tzdata                        2025.2
2025-04-14T18:48:42.0926701Z ukkonen                       1.0.1
2025-04-14T18:48:42.0928771Z unicodedata2                  16.0.0
2025-04-14T18:48:42.0930617Z uri-template                  1.3.0
2025-04-14T18:48:42.0932595Z urllib3                       2.4.0
2025-04-14T18:48:42.0934457Z versioneer                    0.29
2025-04-14T18:48:42.0936292Z virtualenv                    20.30.0
2025-04-14T18:48:42.0938214Z wcwidth                       0.2.13
2025-04-14T18:48:42.0940201Z webcolors                     24.11.1
2025-04-14T18:48:42.0942078Z webencodings                  0.5.1
2025-04-14T18:48:42.0943959Z websocket-client              1.8.0
2025-04-14T18:48:42.0945785Z Werkzeug                      3.1.3
2025-04-14T18:48:42.0947823Z wheel                         0.45.1
2025-04-14T18:48:42.0949788Z widgetsnbextension            4.0.14
2025-04-14T18:48:42.0951693Z wrapt                         1.17.2
2025-04-14T18:48:42.0953759Z xarray                        2024.9.0
2025-04-14T18:48:42.0955538Z xlrd                          2.0.1
2025-04-14T18:48:42.0957479Z XlsxWriter                    3.2.2
2025-04-14T18:48:42.0959498Z xmltodict                     0.14.2
2025-04-14T18:48:42.0961386Z yarl                          1.18.3
2025-04-14T18:48:42.0963226Z zipp                          3.21.0
2025-04-14T18:48:42.0965026Z zstandard                     0.23.0
2025-04-14T18:48:42.1249240Z ##[group]Run if pip show pandas 1>/dev/null; then
2025-04-14T18:48:42.1249849Z [36;1mif pip show pandas 1>/dev/null; then[0m
2025-04-14T18:48:42.1250337Z [36;1m  pip uninstall -y pandas[0m
2025-04-14T18:48:42.1250748Z [36;1mfi[0m
2025-04-14T18:48:42.1326473Z shell: /usr/bin/bash -el {0}
2025-04-14T18:48:42.1326890Z env:
2025-04-14T18:48:42.1327206Z   ENV_FILE: environment.yml
2025-04-14T18:48:42.1327794Z   PANDAS_CI: 1
2025-04-14T18:48:42.1328199Z   MAMBA_ROOT_PREFIX: /home/runner/micromamba
2025-04-14T18:48:42.1328747Z   MAMBA_EXE: /home/runner/micromamba-bin/micromamba
2025-04-14T18:48:42.1329241Z   CONDARC: /home/runner/work/pandas/pandas/ci/.condarc
2025-04-14T18:48:42.1329525Z ##[endgroup]
2025-04-14T18:48:43.6131484Z Found existing installation: pandas 3.0.0.dev0+2065.gf1186a0310
2025-04-14T18:48:43.7357041Z Uninstalling pandas-3.0.0.dev0+2065.gf1186a0310:
2025-04-14T18:48:43.7682749Z   Successfully uninstalled pandas-3.0.0.dev0+2065.gf1186a0310
2025-04-14T18:48:43.9282336Z ##[group]Run if [[ true == "true" ]]; then
2025-04-14T18:48:43.9282677Z [36;1mif [[ true == "true" ]]; then[0m
2025-04-14T18:48:43.9283001Z [36;1m  pip install -e . --no-build-isolation -v --no-deps \[0m
2025-04-14T18:48:43.9283342Z [36;1m    -Csetup-args="--werror"[0m
2025-04-14T18:48:43.9283595Z [36;1melse[0m
2025-04-14T18:48:43.9283844Z [36;1m  pip install . --no-build-isolation -v --no-deps \[0m
2025-04-14T18:48:43.9284164Z [36;1m    -Csetup-args="--werror"[0m
2025-04-14T18:48:43.9284391Z [36;1mfi[0m
2025-04-14T18:48:43.9337464Z shell: /usr/bin/bash -el {0}
2025-04-14T18:48:43.9337986Z env:
2025-04-14T18:48:43.9338172Z   ENV_FILE: environment.yml
2025-04-14T18:48:43.9338393Z   PANDAS_CI: 1
2025-04-14T18:48:43.9338607Z   MAMBA_ROOT_PREFIX: /home/runner/micromamba
2025-04-14T18:48:43.9338927Z   MAMBA_EXE: /home/runner/micromamba-bin/micromamba
2025-04-14T18:48:43.9339253Z   CONDARC: /home/runner/work/pandas/pandas/ci/.condarc
2025-04-14T18:48:43.9339530Z ##[endgroup]
2025-04-14T18:48:44.5813074Z Using pip 25.0.1 from /home/runner/micromamba/envs/test/lib/python3.10/site-packages/pip (python 3.10)
2025-04-14T18:48:44.7206620Z Obtaining file:///home/runner/work/pandas/pandas
2025-04-14T18:48:44.7274157Z   Checking if build backend supports build_editable: started
2025-04-14T18:48:44.7276207Z   Running command Checking if build backend supports build_editable
2025-04-14T18:48:44.8236798Z   Checking if build backend supports build_editable: finished with status 'done'
2025-04-14T18:48:44.8245624Z   Preparing editable metadata (pyproject.toml): started
2025-04-14T18:48:44.8247461Z   Running command Preparing editable metadata (pyproject.toml)
2025-04-14T18:48:45.1161821Z   + meson setup /home/runner/work/pandas/pandas /home/runner/work/pandas/pandas/build/cp310 -Dbuildtype=release -Db_ndebug=if-release -Db_vscrt=md --vsenv --werror --native-file=/home/runner/work/pandas/pandas/build/cp310/meson-python-native-file.ini
2025-04-14T18:48:46.7086899Z   The Meson build system
2025-04-14T18:48:46.7087950Z   Version: 1.2.1
2025-04-14T18:48:46.7090287Z   Source dir: /home/runner/work/pandas/pandas
2025-04-14T18:48:46.7092135Z   Build dir: /home/runner/work/pandas/pandas/build/cp310
2025-04-14T18:48:46.7093841Z   Build type: native build
2025-04-14T18:48:46.7095586Z   Project name: pandas
2025-04-14T18:48:46.7097459Z   Project version: 3.0.0.dev0+2065.gf1186a0310
2025-04-14T18:48:46.7100448Z   C compiler for the host machine: /home/runner/micromamba/envs/test/bin/x86_64-conda-linux-gnu-cc (gcc 13.3.0 "x86_64-conda-linux-gnu-cc (conda-forge gcc 13.3.0-2) 13.3.0")
2025-04-14T18:48:46.7101832Z   C linker for the host machine: /home/runner/micromamba/envs/test/bin/x86_64-conda-linux-gnu-cc ld.bfd 2.43
2025-04-14T18:48:46.7104103Z   C++ compiler for the host machine: /home/runner/micromamba/envs/test/bin/x86_64-conda-linux-gnu-c++ (gcc 13.3.0 "x86_64-conda-linux-gnu-c++ (conda-forge gcc 13.3.0-2) 13.3.0")
2025-04-14T18:48:46.7105434Z   C++ linker for the host machine: /home/runner/micromamba/envs/test/bin/x86_64-conda-linux-gnu-c++ ld.bfd 2.43
2025-04-14T18:48:46.7107123Z   Cython compiler for the host machine: cython (cython 3.0.12)
2025-04-14T18:48:46.7109081Z   Host machine cpu family: x86_64
2025-04-14T18:48:46.7110904Z   Host machine cpu: x86_64
2025-04-14T18:48:46.7112989Z   Program python found: YES (/home/runner/micromamba/envs/test/bin/python3.10)
2025-04-14T18:48:46.7114742Z   Configuring free_threading_config.pxi using configuration
2025-04-14T18:48:46.7116588Z   Found pkg-config: /usr/bin/pkg-config (1.8.0)
2025-04-14T18:48:46.7118803Z   Run-time dependency python found: YES 3.10
2025-04-14T18:48:46.7120707Z   Build targets in project: 54
2025-04-14T18:48:46.7122336Z 
2025-04-14T18:48:46.7124320Z   pandas 3.0.0.dev0+2065.gf1186a0310
2025-04-14T18:48:46.7125961Z 
2025-04-14T18:48:46.7127982Z     User defined options
2025-04-14T18:48:46.7130514Z       Native files: /home/runner/work/pandas/pandas/build/cp310/meson-python-native-file.ini
2025-04-14T18:48:46.7132189Z       buildtype   : release
2025-04-14T18:48:46.7134014Z       vsenv       : True
2025-04-14T18:48:46.7135875Z       werror      : True
2025-04-14T18:48:46.7137961Z       b_ndebug    : if-release
2025-04-14T18:48:46.7139957Z       b_vscrt     : md
2025-04-14T18:48:46.7141635Z 
2025-04-14T18:48:46.7143736Z   Found ninja-1.12.1 at /home/runner/micromamba/envs/test/bin/ninja
2025-04-14T18:48:46.7145249Z 
2025-04-14T18:48:46.7147516Z   Visual Studio environment is needed to run Ninja. It is recommended to use Meson wrapper:
2025-04-14T18:48:46.7149516Z   /home/runner/micromamba/envs/test/bin/meson compile -C .
2025-04-14T18:48:46.7539907Z   + /home/runner/micromamba/envs/test/bin/ninja
2025-04-14T18:48:46.8157788Z   [1/152] Generating pandas/_libs/algos_take_helper_pxi with a custom command
2025-04-14T18:48:46.8202779Z   [2/152] Generating pandas/_libs/hashtable_class_helper_pxi with a custom command
2025-04-14T18:48:46.8467258Z   [3/152] Generating pandas/_libs/algos_common_helper_pxi with a custom command
2025-04-14T18:48:46.8471973Z   [4/152] Generating pandas/_libs/hashtable_func_helper_pxi with a custom command
2025-04-14T18:48:46.8527106Z   [5/152] Generating pandas/_libs/index_class_helper_pxi with a custom command
2025-04-14T18:48:46.8528287Z   [6/152] Generating pandas/_libs/khash_primitive_helper_pxi with a custom command
2025-04-14T18:48:46.9225799Z   [7/152] Generating pandas/_libs/intervaltree_helper_pxi with a custom command
2025-04-14T18:48:46.9462813Z   [8/152] Generating pandas/_libs/sparse_op_helper_pxi with a custom command
2025-04-14T18:48:48.2338310Z   [9/152] Compiling Cython source /home/runner/work/pandas/pandas/pandas/_libs/tslibs/base.pyx
2025-04-14T18:48:48.3097225Z   [10/152] Compiling Cython source /home/runner/work/pandas/pandas/pandas/_libs/tslibs/ccalendar.pyx
2025-04-14T18:48:48.7376370Z   [11/152] Compiling Cython source /home/runner/work/pandas/pandas/pandas/_libs/tslibs/dtypes.pyx
2025-04-14T18:48:48.9336527Z   [12/152] Compiling Cython source /home/runner/work/pandas/pandas/pandas/_libs/tslibs/nattype.pyx
2025-04-14T18:48:50.1583035Z   [13/152] Compiling Cython source /home/runner/work/pandas/pandas/pandas/_libs/tslibs/fields.pyx
2025-04-14T18:48:50.1693977Z   [14/152] Compiling Cython source /home/runner/work/pandas/pandas/pandas/_libs/tslibs/conversion.pyx
2025-04-14T18:48:50.3539750Z   [15/152] Compiling Cython source /home/runner/work/pandas/pandas/pandas/_libs/tslibs/np_datetime.pyx
2025-04-14T18:48:52.0935578Z   [16/152] Compiling Cython source /home/runner/work/pandas/pandas/pandas/_libs/tslibs/parsing.pyx
2025-04-14T18:48:52.8614440Z   [17/152] Compiling Cython source /home/runner/work/pandas/pandas/pandas/_libs/tslibs/offsets.pyx
2025-04-14T18:48:52.9133596Z   [18/152] Compiling Cython source /home/runner/work/pandas/pandas/pandas/_libs/tslibs/period.pyx
2025-04-14T18:48:53.4719149Z   [19/152] Compiling Cython source /home/runner/work/pandas/pandas/pandas/_libs/tslibs/strptime.pyx
2025-04-14T18:48:54.6276726Z   [20/152] Compiling Cython source /home/runner/work/pandas/pandas/pandas/_libs/tslibs/timestamps.pyx
2025-04-14T18:48:54.8959431Z   [21/152] Compiling Cython source /home/runner/work/pandas/pandas/pandas/_libs/tslibs/timezones.pyx
2025-04-14T18:48:54.9884013Z   [22/152] Compiling Cython source /home/runner/work/pandas/pandas/pandas/_libs/tslibs/timedeltas.pyx
2025-04-14T18:48:55.8682989Z   [23/152] Compiling Cython source /home/runner/work/pandas/pandas/pandas/_libs/tslibs/tzconversion.pyx
2025-04-14T18:48:55.8769436Z   [24/152] Compiling Cython source /home/runner/work/pandas/pandas/pandas/_libs/tslibs/vectorized.pyx
2025-04-14T18:48:56.8102388Z   [25/152] Compiling Cython source /home/runner/work/pandas/pandas/pandas/_libs/arrays.pyx
2025-04-14T18:48:57.8596200Z   [26/152] Compiling Cython source /home/runner/work/pandas/pandas/pandas/_libs/hashing.pyx
2025-04-14T18:48:57.9136263Z   [27/152] Compiling Cython source /home/runner/work/pandas/pandas/pandas/_libs/indexing.pyx
2025-04-14T18:49:01.1296533Z   [28/152] Compiling Cython source /home/runner/work/pandas/pandas/pandas/_libs/internals.pyx
2025-04-14T18:49:01.1302002Z   warning: /home/runner/work/pandas/pandas/pandas/_libs/internals.pyx:31:0: The 'IF' statement is deprecated and will be removed in a future Cython version. Consider using runtime conditions or C macros instead. See https://github.com/cython/cython/issues/4310
2025-04-14T18:49:01.1307524Z   warning: /home/runner/work/pandas/pandas/pandas/_libs/internals.pyx:916:8: The 'IF' statement is deprecated and will be removed in a future Cython version. Consider using runtime conditions or C macros instead. See https://github.com/cython/cython/issues/4310
2025-04-14T18:49:01.1313216Z   warning: /home/runner/work/pandas/pandas/pandas/_libs/internals.pyx:921:12: The 'IF' statement is deprecated and will be removed in a future Cython version. Consider using runtime conditions or C macros instead. See https://github.com/cython/cython/issues/4310
2025-04-14T18:49:01.1318721Z   warning: /home/runner/work/pandas/pandas/pandas/_libs/internals.pyx:955:8: The 'IF' statement is deprecated and will be removed in a future Cython version. Consider using runtime conditions or C macros instead. See https://github.com/cython/cython/issues/4310
2025-04-14T18:49:01.1349876Z   warning: /home/runner/work/pandas/pandas/pandas/_libs/internals.pyx:973:8: The 'IF' statement is deprecated and will be removed in a future Cython version. Consider using runtime conditions or C macros instead. See https://github.com/cython/cython/issues/4310
2025-04-14T18:49:01.1353619Z   warning: /home/runner/work/pandas/pandas/pandas/_libs/internals.pyx:994:8: The 'IF' statement is deprecated and will be removed in a future Cython version. Consider using runtime conditions or C macros instead. See https://github.com/cython/cython/issues/4310
2025-04-14T18:49:01.5693147Z   [29/152] Compiling Cython source /home/runner/work/pandas/pandas/pandas/_libs/index.pyx
2025-04-14T18:49:05.1650980Z   [30/152] Compiling Cython source /home/runner/work/pandas/pandas/pandas/_libs/interval.pyx
2025-04-14T18:49:06.5174743Z   [31/152] Compiling Cython source /home/runner/work/pandas/pandas/pandas/_libs/lib.pyx
2025-04-14T18:49:07.3262740Z   [32/152] Compiling Cython source /home/runner/work/pandas/pandas/pandas/_libs/missing.pyx
2025-04-14T18:49:07.6907914Z   [33/152] Compiling Cython source /home/runner/work/pandas/pandas/pandas/_libs/algos.pyx
2025-04-14T18:49:08.0991255Z   [34/152] Compiling Cython source /home/runner/work/pandas/pandas/pandas/_libs/hashtable.pyx
2025-04-14T18:49:08.5200118Z   [35/152] Compiling Cython source /home/runner/work/pandas/pandas/pandas/_libs/groupby.pyx
2025-04-14T18:49:08.8054531Z   [36/152] Compiling Cython source /home/runner/work/pandas/pandas/pandas/_libs/ops_dispatch.pyx
2025-04-14T18:49:09.2799339Z   [37/152] Compiling Cython source /home/runner/work/pandas/pandas/pandas/_libs/properties.pyx
2025-04-14T18:49:09.7118243Z   [38/152] Compiling Cython source /home/runner/work/pandas/pandas/pandas/_libs/ops.pyx
2025-04-14T18:49:10.3588300Z   [39/152] Compiling Cython source /home/runner/work/pandas/pandas/pandas/_libs/byteswap.pyx
2025-04-14T18:49:10.5305441Z   [40/152] Compiling Cython source /home/runner/work/pandas/pandas/pandas/_libs/parsers.pyx
2025-04-14T18:49:10.7105779Z   [41/152] Compiling Cython source /home/runner/work/pandas/pandas/pandas/_libs/join.pyx
2025-04-14T18:49:11.2479430Z   [42/152] Compiling Cython source /home/runner/work/pandas/pandas/pandas/_libs/sas.pyx
2025-04-14T18:49:11.6434454Z   [43/152] Compiling Cython source /home/runner/work/pandas/pandas/pandas/_libs/reshape.pyx
2025-04-14T18:49:12.2824937Z   [44/152] Compiling Cython source /home/runner/work/pandas/pandas/pandas/_libs/testing.pyx
2025-04-14T18:49:13.4354672Z   [45/152] Compiling Cython source /home/runner/work/pandas/pandas/pandas/_libs/tslib.pyx
2025-04-14T18:49:14.1859126Z   [46/152] Compiling Cython source /home/runner/work/pandas/pandas/pandas/_libs/writers.pyx
2025-04-14T18:49:14.3199371Z   [47/152] Compiling Cython source /home/runner/work/pandas/pandas/pandas/_libs/window/indexers.pyx
2025-04-14T18:49:14.6152056Z   [48/152] Compiling C object pandas/_libs/tslibs/base.cpython-310-x86_64-linux-gnu.so.p/meson-generated_pandas__libs_tslibs_base.pyx.c.o
2025-04-14T18:49:15.7419267Z   [49/152] Compiling Cython source /home/runner/work/pandas/pandas/pandas/_libs/window/aggregations.pyx
2025-04-14T18:49:15.9607131Z   [50/152] Compiling Cython source /home/runner/work/pandas/pandas/pandas/_libs/sparse.pyx
2025-04-14T18:49:16.1824437Z   [51/152] Compiling C object pandas/_libs/tslibs/ccalendar.cpython-310-x86_64-linux-gnu.so.p/meson-generated_pandas__libs_tslibs_ccalendar.pyx.c.o
2025-04-14T18:49:22.5961677Z   [52/152] Compiling C object pandas/_libs/tslibs/np_datetime.cpython-310-x86_64-linux-gnu.so.p/meson-generated_pandas__libs_tslibs_np_datetime.pyx.c.o
2025-04-14T18:49:24.5498203Z   [53/152] Compiling C object pandas/_libs/tslibs/dtypes.cpython-310-x86_64-linux-gnu.so.p/meson-generated_pandas__libs_tslibs_dtypes.pyx.c.o
2025-04-14T18:49:25.9541260Z   [54/152] Compiling C object pandas/_libs/tslibs/parsing.cpython-310-x86_64-linux-gnu.so.p/.._src_parser_tokenizer.c.o
2025-04-14T18:49:27.1306643Z   [55/152] Compiling C object pandas/_libs/tslibs/nattype.cpython-310-x86_64-linux-gnu.so.p/meson-generated_pandas__libs_tslibs_nattype.pyx.c.o
2025-04-14T18:49:28.4525915Z   [56/152] Compiling C object pandas/_libs/tslibs/conversion.cpython-310-x86_64-linux-gnu.so.p/meson-generated_pandas__libs_tslibs_conversion.pyx.c.o
2025-04-14T18:49:30.8339629Z   [57/152] Compiling C object pandas/_libs/tslibs/fields.cpython-310-x86_64-linux-gnu.so.p/meson-generated_pandas__libs_tslibs_fields.pyx.c.o
2025-04-14T18:49:42.4149465Z   [58/152] Compiling C object pandas/_libs/tslibs/parsing.cpython-310-x86_64-linux-gnu.so.p/meson-generated_pandas__libs_tslibs_parsing.pyx.c.o
2025-04-14T18:49:45.6895028Z   [59/152] Compiling C object pandas/_libs/tslibs/strptime.cpython-310-x86_64-linux-gnu.so.p/meson-generated_pandas__libs_tslibs_strptime.pyx.c.o
2025-04-14T18:49:51.4128335Z   [60/152] Compiling C object pandas/_libs/tslibs/period.cpython-310-x86_64-linux-gnu.so.p/meson-generated_pandas__libs_tslibs_period.pyx.c.o
2025-04-14T18:49:55.2403326Z   [61/152] Compiling C object pandas/_libs/tslibs/timezones.cpython-310-x86_64-linux-gnu.so.p/meson-generated_pandas__libs_tslibs_timezones.pyx.c.o
2025-04-14T18:50:01.0100811Z   [62/152] Compiling C object pandas/_libs/tslibs/tzconversion.cpython-310-x86_64-linux-gnu.so.p/meson-generated_pandas__libs_tslibs_tzconversion.pyx.c.o
2025-04-14T18:50:01.4019571Z   [63/152] Compiling C object pandas/_libs/tslibs/timedeltas.cpython-310-x86_64-linux-gnu.so.p/meson-generated_pandas__libs_tslibs_timedeltas.pyx.c.o
2025-04-14T18:50:02.6464154Z   [64/152] Compiling C object pandas/_libs/tslibs/vectorized.cpython-310-x86_64-linux-gnu.so.p/meson-generated_pandas__libs_tslibs_vectorized.pyx.c.o
2025-04-14T18:50:02.6499134Z   [65/152] Compiling C object pandas/_libs/tslibs/timestamps.cpython-310-x86_64-linux-gnu.so.p/meson-generated_pandas__libs_tslibs_timestamps.pyx.c.o
2025-04-14T18:50:06.4604283Z   [66/152] Compiling C object pandas/_libs/arrays.cpython-310-x86_64-linux-gnu.so.p/meson-generated_pandas__libs_arrays.pyx.c.o
2025-04-14T18:50:11.7689048Z   [67/152] Compiling C object pandas/_libs/hashing.cpython-310-x86_64-linux-gnu.so.p/meson-generated_pandas__libs_hashing.pyx.c.o
2025-04-14T18:50:12.1225055Z   [68/152] Compiling C object pandas/_libs/tslibs/offsets.cpython-310-x86_64-linux-gnu.so.p/meson-generated_pandas__libs_tslibs_offsets.pyx.c.o
2025-04-14T18:50:13.9390360Z   [69/152] Compiling C object pandas/_libs/indexing.cpython-310-x86_64-linux-gnu.so.p/meson-generated_pandas__libs_indexing.pyx.c.o
2025-04-14T18:50:30.5349214Z   [70/152] Compiling C object pandas/_libs/internals.cpython-310-x86_64-linux-gnu.so.p/meson-generated_pandas__libs_internals.pyx.c.o
2025-04-14T18:50:48.4412433Z   [71/152] Compiling C object pandas/_libs/index.cpython-310-x86_64-linux-gnu.so.p/meson-generated_pandas__libs_index.pyx.c.o
2025-04-14T18:51:14.1186066Z   [72/152] Compiling C object pandas/_libs/interval.cpython-310-x86_64-linux-gnu.so.p/meson-generated_pandas__libs_interval.pyx.c.o
2025-04-14T18:51:15.4625715Z   [73/152] Compiling C object pandas/_libs/lib.cpython-310-x86_64-linux-gnu.so.p/src_parser_tokenizer.c.o
2025-04-14T18:51:24.8539758Z   [74/152] Compiling C object pandas/_libs/missing.cpython-310-x86_64-linux-gnu.so.p/meson-generated_pandas__libs_missing.pyx.c.o
2025-04-14T18:51:25.3984991Z   [75/152] Compiling C object pandas/_libs/pandas_datetime.cpython-310-x86_64-linux-gnu.so.p/src_vendored_numpy_datetime_np_datetime.c.o
2025-04-14T18:51:26.1066657Z   [76/152] Compiling C object pandas/_libs/pandas_datetime.cpython-310-x86_64-linux-gnu.so.p/src_vendored_numpy_datetime_np_datetime_strings.c.o
2025-04-14T18:51:26.3876058Z   [77/152] Compiling C object pandas/_libs/pandas_datetime.cpython-310-x86_64-linux-gnu.so.p/src_datetime_date_conversions.c.o
2025-04-14T18:51:26.6071847Z   [78/152] Compiling C object pandas/_libs/pandas_datetime.cpython-310-x86_64-linux-gnu.so.p/src_datetime_pd_datetime.c.o
2025-04-14T18:51:27.9539714Z   [79/152] Compiling C object pandas/_libs/pandas_parser.cpython-310-x86_64-linux-gnu.so.p/src_parser_tokenizer.c.o
2025-04-14T18:51:28.2118884Z   [80/152] Compiling C object pandas/_libs/pandas_parser.cpython-310-x86_64-linux-gnu.so.p/src_parser_io.c.o
2025-04-14T18:51:28.3827345Z   [81/152] Compiling C object pandas/_libs/join.cpython-310-x86_64-linux-gnu.so.p/meson-generated_pandas__libs_join.pyx.c.o
2025-04-14T18:51:28.4120383Z   [82/152] Compiling C object pandas/_libs/pandas_parser.cpython-310-x86_64-linux-gnu.so.p/src_parser_pd_parser.c.o
2025-04-14T18:51:29.2781790Z   [83/152] Compiling C object pandas/_libs/lib.cpython-310-x86_64-linux-gnu.so.p/meson-generated_pandas__libs_lib.pyx.c.o
2025-04-14T18:51:29.4580120Z   [84/152] Compiling C object pandas/_libs/parsers.cpython-310-x86_64-linux-gnu.so.p/src_parser_io.c.o
2025-04-14T18:51:29.7230143Z   [85/152] Compiling C object pandas/_libs/json.cpython-310-x86_64-linux-gnu.so.p/src_vendored_ujson_python_ujson.c.o
2025-04-14T18:51:29.7318015Z   [86/152] Compiling C object pandas/_libs/parsers.cpython-310-x86_64-linux-gnu.so.p/src_parser_tokenizer.c.o
2025-04-14T18:51:29.9392972Z   [87/152] Compiling C object pandas/_libs/json.cpython-310-x86_64-linux-gnu.so.p/src_vendored_ujson_python_JSONtoObj.c.o
2025-04-14T18:51:30.3419412Z   [88/152] Compiling C object pandas/_libs/json.cpython-310-x86_64-linux-gnu.so.p/src_vendored_ujson_lib_ultrajsonenc.c.o
2025-04-14T18:51:30.7305666Z   [89/152] Compiling C object pandas/_libs/json.cpython-310-x86_64-linux-gnu.so.p/src_vendored_ujson_python_objToJSON.c.o
2025-04-14T18:51:30.8767069Z   [90/152] Compiling C object pandas/_libs/json.cpython-310-x86_64-linux-gnu.so.p/src_vendored_ujson_lib_ultrajsondec.c.o
2025-04-14T18:51:31.8304626Z   [91/152] Compiling C object pandas/_libs/algos.cpython-310-x86_64-linux-gnu.so.p/meson-generated_pandas__libs_algos.pyx.c.o
2025-04-14T18:51:33.2753608Z   [92/152] Compiling C object pandas/_libs/ops_dispatch.cpython-310-x86_64-linux-gnu.so.p/meson-generated_pandas__libs_ops_dispatch.pyx.c.o
2025-04-14T18:51:34.4847193Z   [93/152] Compiling C object pandas/_libs/properties.cpython-310-x86_64-linux-gnu.so.p/meson-generated_pandas__libs_properties.pyx.c.o
2025-04-14T18:51:42.6640783Z   [94/152] Compiling C object pandas/_libs/ops.cpython-310-x86_64-linux-gnu.so.p/meson-generated_pandas__libs_ops.pyx.c.o
2025-04-14T18:51:44.7980522Z   [95/152] Compiling C object pandas/_libs/byteswap.cpython-310-x86_64-linux-gnu.so.p/meson-generated_pandas__libs_byteswap.pyx.c.o
2025-04-14T18:51:45.6480810Z   [96/152] Compiling C object pandas/_libs/sas.cpython-310-x86_64-linux-gnu.so.p/meson-generated_pandas__libs_sas.pyx.c.o
2025-04-14T18:51:46.4359215Z   [97/152] Compiling C object pandas/_libs/reshape.cpython-310-x86_64-linux-gnu.so.p/meson-generated_pandas__libs_reshape.pyx.c.o
2025-04-14T18:51:47.9234964Z   [98/152] Compiling C object pandas/_libs/hashtable.cpython-310-x86_64-linux-gnu.so.p/meson-generated_pandas__libs_hashtable.pyx.c.o
2025-04-14T18:51:50.3909345Z   [99/152] Compiling C object pandas/_libs/groupby.cpython-310-x86_64-linux-gnu.so.p/meson-generated_pandas__libs_groupby.pyx.c.o
2025-04-14T18:51:51.0242000Z   [100/152] Compiling C object pandas/_libs/testing.cpython-310-x86_64-linux-gnu.so.p/meson-generated_pandas__libs_testing.pyx.c.o
2025-04-14T18:51:56.5464694Z   [101/152] Compiling C object pandas/_libs/parsers.cpython-310-x86_64-linux-gnu.so.p/meson-generated_pandas__libs_parsers.pyx.c.o
2025-04-14T18:51:56.9567503Z   [102/152] Generating write_version_file with a custom command
2025-04-14T18:51:57.1039006Z   [103/152] Generating pandas/__init__.py with a custom command
2025-04-14T18:51:57.1664300Z   [104/152] Linking target pandas/_libs/tslibs/base.cpython-310-x86_64-linux-gnu.so
2025-04-14T18:51:57.2305294Z   [105/152] Linking target pandas/_libs/tslibs/ccalendar.cpython-310-x86_64-linux-gnu.so
2025-04-14T18:51:57.3107050Z   [106/152] Linking target pandas/_libs/tslibs/dtypes.cpython-310-x86_64-linux-gnu.so
2025-04-14T18:51:57.4020528Z   [107/152] Linking target pandas/_libs/tslibs/conversion.cpython-310-x86_64-linux-gnu.so
2025-04-14T18:51:57.4958300Z   [108/152] Linking target pandas/_libs/tslibs/fields.cpython-310-x86_64-linux-gnu.so
2025-04-14T18:51:57.5788721Z   [109/152] Linking target pandas/_libs/tslibs/nattype.cpython-310-x86_64-linux-gnu.so
2025-04-14T18:51:57.6681787Z   [110/152] Linking target pandas/_libs/tslibs/np_datetime.cpython-310-x86_64-linux-gnu.so
2025-04-14T18:51:57.8266336Z   [111/152] Linking target pandas/_libs/tslibs/offsets.cpython-310-x86_64-linux-gnu.so
2025-04-14T18:51:57.9176646Z   [112/152] Linking target pandas/_libs/tslibs/parsing.cpython-310-x86_64-linux-gnu.so
2025-04-14T18:51:58.0049290Z   [113/152] Linking target pandas/_libs/tslibs/period.cpython-310-x86_64-linux-gnu.so
2025-04-14T18:51:58.0717790Z   [114/152] Linking target pandas/_libs/tslibs/strptime.cpython-310-x86_64-linux-gnu.so
2025-04-14T18:51:58.1300794Z   [115/152] Linking target pandas/_libs/tslibs/timedeltas.cpython-310-x86_64-linux-gnu.so
2025-04-14T18:51:58.1880521Z   [116/152] Linking target pandas/_libs/tslibs/timestamps.cpython-310-x86_64-linux-gnu.so
2025-04-14T18:51:58.2319873Z   [117/152] Linking target pandas/_libs/tslibs/timezones.cpython-310-x86_64-linux-gnu.so
2025-04-14T18:51:58.2772815Z   [118/152] Linking target pandas/_libs/tslibs/tzconversion.cpython-310-x86_64-linux-gnu.so
2025-04-14T18:51:58.3190500Z   [119/152] Linking target pandas/_libs/tslibs/vectorized.cpython-310-x86_64-linux-gnu.so
2025-04-14T18:51:58.4195191Z   [120/152] Linking target pandas/_libs/algos.cpython-310-x86_64-linux-gnu.so
2025-04-14T18:51:58.4549969Z   [121/152] Linking target pandas/_libs/arrays.cpython-310-x86_64-linux-gnu.so
2025-04-14T18:51:58.5580638Z   [122/152] Linking target pandas/_libs/groupby.cpython-310-x86_64-linux-gnu.so
2025-04-14T18:51:58.6011459Z   [123/152] Linking target pandas/_libs/hashing.cpython-310-x86_64-linux-gnu.so
2025-04-14T18:51:58.7162959Z   [124/152] Linking target pandas/_libs/hashtable.cpython-310-x86_64-linux-gnu.so
2025-04-14T18:51:58.7900047Z   [125/152] Linking target pandas/_libs/index.cpython-310-x86_64-linux-gnu.so
2025-04-14T18:51:58.8259887Z   [126/152] Linking target pandas/_libs/indexing.cpython-310-x86_64-linux-gnu.so
2025-04-14T18:51:58.8771332Z   [127/152] Linking target pandas/_libs/internals.cpython-310-x86_64-linux-gnu.so
2025-04-14T18:51:58.9494811Z   [128/152] Compiling C object pandas/_libs/tslib.cpython-310-x86_64-linux-gnu.so.p/meson-generated_pandas__libs_tslib.pyx.c.o
2025-04-14T18:51:58.9669155Z   [129/152] Linking target pandas/_libs/interval.cpython-310-x86_64-linux-gnu.so
2025-04-14T18:51:59.0430212Z   [130/152] Linking target pandas/_libs/join.cpython-310-x86_64-linux-gnu.so
2025-04-14T18:51:59.1172052Z   [131/152] Linking target pandas/_libs/lib.cpython-310-x86_64-linux-gnu.so
2025-04-14T18:51:59.1238691Z   [132/152] Linking target pandas/_libs/missing.cpython-310-x86_64-linux-gnu.so
2025-04-14T18:51:59.1872485Z   [133/152] Linking target pandas/_libs/pandas_datetime.cpython-310-x86_64-linux-gnu.so
2025-04-14T18:51:59.1904313Z   [134/152] Linking target pandas/_libs/pandas_parser.cpython-310-x86_64-linux-gnu.so
2025-04-14T18:51:59.2572639Z   [135/152] Compiling C object pandas/_libs/writers.cpython-310-x86_64-linux-gnu.so.p/meson-generated_pandas__libs_writers.pyx.c.o
2025-04-14T18:51:59.2598866Z   [136/152] Linking target pandas/_libs/json.cpython-310-x86_64-linux-gnu.so
2025-04-14T18:51:59.2906190Z   [137/152] Linking target pandas/_libs/ops_dispatch.cpython-310-x86_64-linux-gnu.so
2025-04-14T18:51:59.3090337Z   [138/152] Linking target pandas/_libs/parsers.cpython-310-x86_64-linux-gnu.so
2025-04-14T18:51:59.3248382Z   [139/152] Linking target pandas/_libs/properties.cpython-310-x86_64-linux-gnu.so
2025-04-14T18:51:59.3606098Z   [140/152] Linking target pandas/_libs/ops.cpython-310-x86_64-linux-gnu.so
2025-04-14T18:51:59.3612998Z   [141/152] Linking target pandas/_libs/reshape.cpython-310-x86_64-linux-gnu.so
2025-04-14T18:51:59.4048779Z   [142/152] Linking target pandas/_libs/tslib.cpython-310-x86_64-linux-gnu.so
2025-04-14T18:51:59.4172321Z   [143/152] Linking target pandas/_libs/sas.cpython-310-x86_64-linux-gnu.so
2025-04-14T18:51:59.4190154Z   [144/152] Linking target pandas/_libs/byteswap.cpython-310-x86_64-linux-gnu.so
2025-04-14T18:51:59.4480436Z   [145/152] Compiling C object pandas/_libs/window/indexers.cpython-310-x86_64-linux-gnu.so.p/meson-generated_pandas__libs_window_indexers.pyx.c.o
2025-04-14T18:51:59.4614261Z   [146/152] Linking target pandas/_libs/writers.cpython-310-x86_64-linux-gnu.so
2025-04-14T18:51:59.4622759Z   [147/152] Linking target pandas/_libs/testing.cpython-310-x86_64-linux-gnu.so
2025-04-14T18:51:59.4935331Z   [148/152] Linking target pandas/_libs/window/indexers.cpython-310-x86_64-linux-gnu.so
2025-04-14T18:52:04.4215118Z   [149/152] Compiling C++ object pandas/_libs/window/aggregations.cpython-310-x86_64-linux-gnu.so.p/meson-generated_pandas__libs_window_aggregations.pyx.cpp.o
2025-04-14T18:52:04.5243755Z   [150/152] Linking target pandas/_libs/window/aggregations.cpython-310-x86_64-linux-gnu.so
2025-04-14T18:52:10.1072043Z   [151/152] Compiling C object pandas/_libs/sparse.cpython-310-x86_64-linux-gnu.so.p/meson-generated_pandas__libs_sparse.pyx.c.o
2025-04-14T18:52:10.1480846Z   [152/152] Linking target pandas/_libs/sparse.cpython-310-x86_64-linux-gnu.so
2025-04-14T18:52:10.1717024Z   Preparing editable metadata (pyproject.toml): finished with status 'done'
2025-04-14T18:52:10.2316210Z Building wheels for collected packages: pandas
2025-04-14T18:52:10.2323633Z   Building editable for pandas (pyproject.toml): started
2025-04-14T18:52:10.2325400Z   Running command Building editable for pandas (pyproject.toml)
2025-04-14T18:52:10.3257325Z   Building editable for pandas (pyproject.toml): finished with status 'done'
2025-04-14T18:52:10.3263620Z   Created wheel for pandas: filename=pandas-3.0.0.dev0+2065.gf1186a0310-cp310-cp310-linux_x86_64.whl size=33837 sha256=f0900a897d158652e3fc51674c4648a1992cd4128e1604fe020599c29e7a9f72
2025-04-14T18:52:10.3265040Z   Stored in directory: /tmp/pip-ephem-wheel-cache-6zzi67po/wheels/c8/f0/b0/4ce0d521a52df87fd89483e25a96ed38210d4a10de764be814
2025-04-14T18:52:10.3288724Z Successfully built pandas
2025-04-14T18:52:10.3291002Z Installing collected packages: pandas
2025-04-14T18:52:10.3717359Z Successfully installed pandas-3.0.0.dev0+2065.gf1186a0310
