2025-04-15T08:37:17.3664913Z Prepare all required actions
2025-04-15T08:37:17.3665251Z Getting action download info
2025-04-15T08:37:17.4967651Z ##[group]Download immutable action package 'actions/setup-python@v5'
2025-04-15T08:37:17.4968207Z Version: 5.5.0
2025-04-15T08:37:17.4968700Z Digest: sha256:1fac95d751afd58314aebd2ab01d4bf3b3109a441917bd2cac2a22898ec494f7
2025-04-15T08:37:17.4969385Z Source commit SHA: 8d9ed9ac5c53483de85588cdf95a591a75ab9f55
2025-04-15T08:37:17.4969787Z ##[endgroup]
2025-04-15T08:37:17.7090798Z ##[group]Run ./.github/actions/godot-deps
2025-04-15T08:37:17.7091078Z with:
2025-04-15T08:37:17.7091256Z   python-version: 3.x
2025-04-15T08:37:17.7091461Z   python-arch: x64
2025-04-15T08:37:17.7091651Z   scons-version: 4.9.0
2025-04-15T08:37:17.7091831Z env:
2025-04-15T08:37:17.7092277Z   GODOT_CPP_BRANCH: 4.4
2025-04-15T08:37:17.7092917Z   SCONSFLAGS: verbose=yes warnings=extra werror=yes module_text_server_fb_enabled=yes strict_checks=yes "accesskit_sdk_path=/home/runner/work/godot/godot/accesskit-c-0.15.1/"
2025-04-15T08:37:17.7093606Z   DOTNET_NOLOGO: true
2025-04-15T08:37:17.7093812Z   DOTNET_CLI_TELEMETRY_OPTOUT: true
2025-04-15T08:37:17.7094221Z   TSAN_OPTIONS: suppressions=/home/runner/work/godot/godot/misc/error_suppressions/tsan.txt
2025-04-15T08:37:17.7094806Z   UBSAN_OPTIONS: suppressions=/home/runner/work/godot/godot/misc/error_suppressions/ubsan.txt
2025-04-15T08:37:17.7095226Z   CACHE_TIMESTAMP: 1744706237
2025-04-15T08:37:17.7095445Z ##[endgroup]
2025-04-15T08:37:17.7137516Z ##[group]Run actions/setup-python@v5
2025-04-15T08:37:17.7137765Z with:
2025-04-15T08:37:17.7137943Z   python-version: 3.x
2025-04-15T08:37:17.7138143Z   architecture: x64
2025-04-15T08:37:17.7138333Z   check-latest: false
2025-04-15T08:37:17.7138621Z   token: ***
2025-04-15T08:37:17.7138815Z   update-environment: true
2025-04-15T08:37:17.7139056Z   allow-prereleases: false
2025-04-15T08:37:17.7139267Z   freethreaded: false
2025-04-15T08:37:17.7139452Z env:
2025-04-15T08:37:17.7139616Z   GODOT_CPP_BRANCH: 4.4
2025-04-15T08:37:17.7140229Z   SCONSFLAGS: verbose=yes warnings=extra werror=yes module_text_server_fb_enabled=yes strict_checks=yes "accesskit_sdk_path=/home/runner/work/godot/godot/accesskit-c-0.15.1/"
2025-04-15T08:37:17.7140887Z   DOTNET_NOLOGO: true
2025-04-15T08:37:17.7141097Z   DOTNET_CLI_TELEMETRY_OPTOUT: true
2025-04-15T08:37:17.7141510Z   TSAN_OPTIONS: suppressions=/home/runner/work/godot/godot/misc/error_suppressions/tsan.txt
2025-04-15T08:37:17.7142405Z   UBSAN_OPTIONS: suppressions=/home/runner/work/godot/godot/misc/error_suppressions/ubsan.txt
2025-04-15T08:37:17.7142839Z   CACHE_TIMESTAMP: 1744706237
2025-04-15T08:37:17.7143054Z ##[endgroup]
2025-04-15T08:37:17.8792330Z ##[group]Installed versions
2025-04-15T08:37:17.8850345Z Successfully set up CPython (3.13.2)
2025-04-15T08:37:17.8852058Z ##[endgroup]
2025-04-15T08:37:17.8936045Z ##[group]Run python -c "import sys; print(sys.version)"
2025-04-15T08:37:17.8936430Z [36;1mpython -c "import sys; print(sys.version)"[0m
2025-04-15T08:37:17.8936739Z [36;1mpython -m pip install scons==4.9.0[0m
2025-04-15T08:37:17.8937032Z [36;1mscons --version[0m
2025-04-15T08:37:17.8994553Z shell: /usr/bin/bash --noprofile --norc -e -o pipefail {0}
2025-04-15T08:37:17.8994879Z env:
2025-04-15T08:37:17.8995065Z   GODOT_CPP_BRANCH: 4.4
2025-04-15T08:37:17.8995691Z   SCONSFLAGS: verbose=yes warnings=extra werror=yes module_text_server_fb_enabled=yes strict_checks=yes "accesskit_sdk_path=/home/runner/work/godot/godot/accesskit-c-0.15.1/"
2025-04-15T08:37:17.8996358Z   DOTNET_NOLOGO: true
2025-04-15T08:37:17.8996576Z   DOTNET_CLI_TELEMETRY_OPTOUT: true
2025-04-15T08:37:17.8996996Z   TSAN_OPTIONS: suppressions=/home/runner/work/godot/godot/misc/error_suppressions/tsan.txt
2025-04-15T08:37:17.8997581Z   UBSAN_OPTIONS: suppressions=/home/runner/work/godot/godot/misc/error_suppressions/ubsan.txt
2025-04-15T08:37:17.8998012Z   CACHE_TIMESTAMP: 1744706237
2025-04-15T08:37:17.8998296Z   pythonLocation: /opt/hostedtoolcache/Python/3.13.2/x64
2025-04-15T08:37:17.8998699Z   PKG_CONFIG_PATH: /opt/hostedtoolcache/Python/3.13.2/x64/lib/pkgconfig
2025-04-15T08:37:17.8999299Z   Python_ROOT_DIR: /opt/hostedtoolcache/Python/3.13.2/x64
2025-04-15T08:37:17.8999643Z   Python2_ROOT_DIR: /opt/hostedtoolcache/Python/3.13.2/x64
2025-04-15T08:37:17.8999988Z   Python3_ROOT_DIR: /opt/hostedtoolcache/Python/3.13.2/x64
2025-04-15T08:37:17.9000336Z   LD_LIBRARY_PATH: /opt/hostedtoolcache/Python/3.13.2/x64/lib
2025-04-15T08:37:17.9000633Z ##[endgroup]
2025-04-15T08:37:18.2705118Z 3.13.2 (main, Mar  6 2025, 21:50:26) [GCC 11.4.0]
2025-04-15T08:37:21.6286536Z Collecting scons==4.9.0
2025-04-15T08:37:21.6470795Z   Downloading scons-4.9.0-py3-none-any.whl.metadata (9.0 kB)
2025-04-15T08:37:21.6581612Z Downloading scons-4.9.0-py3-none-any.whl (4.1 MB)
2025-04-15T08:37:21.6913060Z    ‚îÅ‚îÅ‚îÅ‚îÅ‚îÅ‚îÅ‚îÅ‚îÅ‚îÅ‚îÅ‚îÅ‚îÅ‚îÅ‚îÅ‚îÅ‚îÅ‚îÅ‚îÅ‚îÅ‚îÅ‚îÅ‚îÅ‚îÅ‚îÅ‚îÅ‚îÅ‚îÅ‚îÅ‚îÅ‚îÅ‚îÅ‚îÅ‚îÅ‚îÅ‚îÅ‚îÅ‚îÅ‚îÅ‚îÅ‚îÅ 4.1/4.1 MB 149.6 MB/s eta 0:00:00
2025-04-15T08:37:21.7197465Z Installing collected packages: scons
2025-04-15T08:37:22.4230509Z Successfully installed scons-4.9.0
2025-04-15T08:37:23.1166495Z SCons by Steven Knight et al.:
2025-04-15T08:37:23.1167799Z 	SCons: v4.9.0.99a8c86de1ce91d23b102520e185c54ebd968924, Sun, 02 Mar 2025 14:04:50 -0700, by bdbaddog on M1Dog2021
2025-04-15T08:37:23.1169174Z 	SCons path: ['/opt/hostedtoolcache/Python/3.13.2/x64/lib/python3.13/site-packages/SCons']
2025-04-15T08:37:23.1170181Z Copyright (c) 2001 - 2025 The SCons Foundation
2025-04-15T08:37:23.1337564Z ##[group]Run echo ::add-matcher::misc/utility/problem-matchers.json
2025-04-15T08:37:23.1338013Z [36;1mecho ::add-matcher::misc/utility/problem-matchers.json[0m
2025-04-15T08:37:23.1390723Z shell: /usr/bin/bash --noprofile --norc -e -o pipefail {0}
2025-04-15T08:37:23.1391053Z env:
2025-04-15T08:37:23.1391232Z   GODOT_CPP_BRANCH: 4.4
2025-04-15T08:37:23.1392209Z   SCONSFLAGS: verbose=yes warnings=extra werror=yes module_text_server_fb_enabled=yes strict_checks=yes "accesskit_sdk_path=/home/runner/work/godot/godot/accesskit-c-0.15.1/"
2025-04-15T08:37:23.1392916Z   DOTNET_NOLOGO: true
2025-04-15T08:37:23.1393131Z   DOTNET_CLI_TELEMETRY_OPTOUT: true
2025-04-15T08:37:23.1393562Z   TSAN_OPTIONS: suppressions=/home/runner/work/godot/godot/misc/error_suppressions/tsan.txt
2025-04-15T08:37:23.1394159Z   UBSAN_OPTIONS: suppressions=/home/runner/work/godot/godot/misc/error_suppressions/ubsan.txt
2025-04-15T08:37:23.1394584Z   CACHE_TIMESTAMP: 1744706237
2025-04-15T08:37:23.1394870Z   pythonLocation: /opt/hostedtoolcache/Python/3.13.2/x64
2025-04-15T08:37:23.1395265Z   PKG_CONFIG_PATH: /opt/hostedtoolcache/Python/3.13.2/x64/lib/pkgconfig
2025-04-15T08:37:23.1395652Z   Python_ROOT_DIR: /opt/hostedtoolcache/Python/3.13.2/x64
2025-04-15T08:37:23.1395997Z   Python2_ROOT_DIR: /opt/hostedtoolcache/Python/3.13.2/x64
2025-04-15T08:37:23.1396341Z   Python3_ROOT_DIR: /opt/hostedtoolcache/Python/3.13.2/x64
2025-04-15T08:37:23.1396695Z   LD_LIBRARY_PATH: /opt/hostedtoolcache/Python/3.13.2/x64/lib
2025-04-15T08:37:23.1397195Z ##[endgroup]
