2025-04-14T17:12:11.6333913Z Requested labels: macos-latest-large
2025-04-14T17:12:11.6334247Z Job defined at: Kong/insomnia/.github/workflows/release-recurring.yml@refs/pull/8613/merge
2025-04-14T17:12:11.6334389Z Waiting for a runner to pick up this job...
2025-04-14T17:12:12.0633694Z Job is waiting for a hosted runner to come online.
2025-04-14T17:12:16.3100620Z Job is about to start running on the hosted runner: GitHub Actions 309 (hosted)
2025-04-14T17:12:18.4758210Z Current runner version: '2.323.0'
2025-04-14T17:12:18.4785130Z ##[group]Operating System
2025-04-14T17:12:18.4786090Z macOS
2025-04-14T17:12:18.4786600Z 14.7.4
2025-04-14T17:12:18.4787080Z 23H420
2025-04-14T17:12:18.4787580Z ##[endgroup]
2025-04-14T17:12:18.4788120Z ##[group]Runner Image
2025-04-14T17:12:18.4788720Z Image: macos-14
2025-04-14T17:12:18.4789260Z Version: 20250331.1019
2025-04-14T17:12:18.4790510Z Included Software: https://github.com/actions/runner-images/blob/macos-14/20250331.1019/images/macos/macos-14-Readme.md
2025-04-14T17:12:18.4792330Z Image Release: https://github.com/actions/runner-images/releases/tag/macos-14%2F20250331.1019
2025-04-14T17:12:18.4793460Z ##[endgroup]
2025-04-14T17:12:18.4794030Z ##[group]Runner Image Provisioner
2025-04-14T17:12:18.4794770Z 2.0.422.1+55c30c14fe2a0a1547db1b656933ae07d97649a9
2025-04-14T17:12:18.4795510Z ##[endgroup]
2025-04-14T17:12:18.4798450Z ##[group]GITHUB_TOKEN Permissions
2025-04-14T17:12:18.4801000Z Actions: read
2025-04-14T17:12:18.4801680Z Attestations: read
2025-04-14T17:12:18.4802270Z Checks: read
2025-04-14T17:12:18.4802790Z Contents: read
2025-04-14T17:12:18.4803340Z Deployments: read
2025-04-14T17:12:18.4803910Z Discussions: read
2025-04-14T17:12:18.4804470Z Issues: read
2025-04-14T17:12:18.4805010Z Metadata: read
2025-04-14T17:12:18.4805550Z Models: read
2025-04-14T17:12:18.4806090Z Packages: read
2025-04-14T17:12:18.4806640Z Pages: read
2025-04-14T17:12:18.4807180Z PullRequests: read
2025-04-14T17:12:18.4807770Z RepositoryProjects: read
2025-04-14T17:12:18.4808410Z SecurityEvents: read
2025-04-14T17:12:18.4809000Z Statuses: read
2025-04-14T17:12:18.4809540Z ##[endgroup]
2025-04-14T17:12:18.4813110Z Secret source: None
2025-04-14T17:12:18.4814690Z Prepare workflow directory
2025-04-14T17:12:18.5409290Z Prepare all required actions
2025-04-14T17:12:18.5453510Z Getting action download info
2025-04-14T17:12:18.7992010Z ##[group]Download immutable action package 'actions/checkout@v4'
2025-04-14T17:12:18.7993220Z Version: 4.2.2
2025-04-14T17:12:18.7994390Z Digest: sha256:ccb2698953eaebd21c7bf6268a94f9c26518a7e38e27e0b83c1fe1ad049819b1
2025-04-14T17:12:18.7995850Z Source commit SHA: 11bd71901bbe5b1630ceea73d27597364c9af683
2025-04-14T17:12:18.7996660Z ##[endgroup]
2025-04-14T17:12:19.1025650Z ##[group]Download immutable action package 'actions/setup-node@v4'
2025-04-14T17:12:19.1026970Z Version: 4.4.0
2025-04-14T17:12:19.1028030Z Digest: sha256:9427cefe82346e992fb5b949e3569b39d537ae41aa3086483b14eceebfc16bc1
2025-04-14T17:12:19.1029750Z Source commit SHA: 49933ea5288caeca8642d1e84afbd3f7d6820020
2025-04-14T17:12:19.1030770Z ##[endgroup]
2025-04-14T17:12:19.5099750Z ##[group]Download immutable action package 'actions/upload-artifact@v4'
2025-04-14T17:12:19.5100960Z Version: 4.6.2
2025-04-14T17:12:19.5102030Z Digest: sha256:290722aa3281d5caf23d0acdc3dbeb3424786a1a01a9cc97e72f147225e37c38
2025-04-14T17:12:19.5103440Z Source commit SHA: ea165f8d65b6e75b540449e92b4886f43607fa02
2025-04-14T17:12:19.5104430Z ##[endgroup]
2025-04-14T17:12:19.7504000Z Complete job name: build-and-upload-artifacts (macos-latest-large, zip)
2025-04-14T17:12:19.8224390Z ##[group]Run actions/checkout@v4
2025-04-14T17:12:19.8225660Z with:
2025-04-14T17:12:19.8226290Z   repository: Kong/insomnia
2025-04-14T17:12:19.8227210Z   token: ***
2025-04-14T17:12:19.8227820Z   ssh-strict: true
2025-04-14T17:12:19.8228440Z   ssh-user: git
2025-04-14T17:12:19.8229080Z   persist-credentials: true
2025-04-14T17:12:19.8229780Z   clean: true
2025-04-14T17:12:19.8230420Z   sparse-checkout-cone-mode: true
2025-04-14T17:12:19.8231180Z   fetch-depth: 1
2025-04-14T17:12:19.8231800Z   fetch-tags: false
2025-04-14T17:12:19.8232440Z   show-progress: true
2025-04-14T17:12:19.8233080Z   lfs: false
2025-04-14T17:12:19.8253940Z   submodules: false
2025-04-14T17:12:19.8254640Z   set-safe-directory: true
2025-04-14T17:12:19.8255780Z env:
2025-04-14T17:12:19.8256390Z   PR_NUMBER: 8613
2025-04-14T17:12:19.8257000Z ##[endgroup]
2025-04-14T17:12:20.3154090Z Syncing repository: Kong/insomnia
2025-04-14T17:12:20.3156740Z ##[group]Getting Git version info
2025-04-14T17:12:20.3159240Z Working directory is '/Users/runner/work/insomnia/insomnia'
2025-04-14T17:12:20.3160680Z [command]/usr/local/bin/git version
2025-04-14T17:12:20.3496860Z git version 2.49.0
2025-04-14T17:12:20.3542490Z ##[endgroup]
2025-04-14T17:12:20.3556210Z Copying '/Users/runner/.gitconfig' to '/Users/runner/work/_temp/fb36b9a2-e25f-4d6d-a7af-fd1d5bd5db16/.gitconfig'
2025-04-14T17:12:20.3572600Z Temporarily overriding HOME='/Users/runner/work/_temp/fb36b9a2-e25f-4d6d-a7af-fd1d5bd5db16' before making global git config changes
2025-04-14T17:12:20.3574620Z Adding repository directory to the temporary git global config as a safe directory
2025-04-14T17:12:20.3578700Z [command]/usr/local/bin/git config --global --add safe.directory /Users/runner/work/insomnia/insomnia
2025-04-14T17:12:20.3731970Z Deleting the contents of '/Users/runner/work/insomnia/insomnia'
2025-04-14T17:12:20.3737040Z ##[group]Initializing the repository
2025-04-14T17:12:20.3743130Z [command]/usr/local/bin/git init /Users/runner/work/insomnia/insomnia
2025-04-14T17:12:20.4083420Z hint: Using 'master' as the name for the initial branch. This default branch name
2025-04-14T17:12:20.4085180Z hint: is subject to change. To configure the initial branch name to use in all
2025-04-14T17:12:20.4086510Z hint: of your new repositories, which will suppress this warning, call:
2025-04-14T17:12:20.4087500Z hint:
2025-04-14T17:12:20.4088220Z hint: 	git config --global init.defaultBranch <name>
2025-04-14T17:12:20.4089200Z hint:
2025-04-14T17:12:20.4090040Z hint: Names commonly chosen instead of 'master' are 'main', 'trunk' and
2025-04-14T17:12:20.4091470Z hint: 'development'. The just-created branch can be renamed via this command:
2025-04-14T17:12:20.4092600Z hint:
2025-04-14T17:12:20.4093530Z hint: 	git branch -m <name>
2025-04-14T17:12:20.4094700Z Initialized empty Git repository in /Users/runner/work/insomnia/insomnia/.git/
2025-04-14T17:12:20.4100590Z [command]/usr/local/bin/git remote add origin https://github.com/Kong/insomnia
2025-04-14T17:12:20.4214080Z ##[endgroup]
2025-04-14T17:12:20.4215240Z ##[group]Disabling automatic garbage collection
2025-04-14T17:12:20.4217910Z [command]/usr/local/bin/git config --local gc.auto 0
2025-04-14T17:12:20.4299010Z ##[endgroup]
2025-04-14T17:12:20.4300030Z ##[group]Setting up auth
2025-04-14T17:12:20.4308450Z [command]/usr/local/bin/git config --local --name-only --get-regexp core\.sshCommand
2025-04-14T17:12:20.4389940Z [command]/usr/local/bin/git submodule foreach --recursive sh -c "git config --local --name-only --get-regexp 'core\.sshCommand' && git config --local --unset-all 'core.sshCommand' || :"
2025-04-14T17:12:20.5567430Z [command]/usr/local/bin/git config --local --name-only --get-regexp http\.https\:\/\/github\.com\/\.extraheader
2025-04-14T17:12:20.5644590Z [command]/usr/local/bin/git submodule foreach --recursive sh -c "git config --local --name-only --get-regexp 'http\.https\:\/\/github\.com\/\.extraheader' && git config --local --unset-all 'http.https://github.com/.extraheader' || :"
2025-04-14T17:12:20.6637920Z [command]/usr/local/bin/git config --local http.https://github.com/.extraheader AUTHORIZATION: basic ***
2025-04-14T17:12:20.6735730Z ##[endgroup]
2025-04-14T17:12:20.6737540Z ##[group]Fetching the repository
2025-04-14T17:12:20.6748930Z [command]/usr/local/bin/git -c protocol.version=2 fetch --no-tags --prune --no-recurse-submodules --depth=1 origin +0f864ec3cc57e77b48e1791734c44a3d484a9741:refs/remotes/pull/8613/merge
2025-04-14T17:12:21.9989520Z From https://github.com/Kong/insomnia
2025-04-14T17:12:21.9992080Z  * [new ref]         0f864ec3cc57e77b48e1791734c44a3d484a9741 -> pull/8613/merge
2025-04-14T17:12:22.0091180Z ##[endgroup]
2025-04-14T17:12:22.0093620Z ##[group]Determining the checkout info
2025-04-14T17:12:22.0096400Z ##[endgroup]
2025-04-14T17:12:22.0098160Z [command]/usr/local/bin/git sparse-checkout disable
2025-04-14T17:12:22.0196900Z [command]/usr/local/bin/git config --local --unset-all extensions.worktreeConfig
2025-04-14T17:12:22.0275060Z ##[group]Checking out the ref
2025-04-14T17:12:22.0278300Z [command]/usr/local/bin/git checkout --progress --force refs/remotes/pull/8613/merge
2025-04-14T17:12:22.4599510Z HEAD is now at 0f864ec Merge 160e6d39aead8f169d98054e0b2752e882c76d7d into 7417aa7d60b8eae37a313323386d5f72240a8f16
2025-04-14T17:12:22.4611330Z ##[endgroup]
2025-04-14T17:12:22.4717400Z [command]/usr/local/bin/git log -1 --format=%H
2025-04-14T17:12:22.4795450Z 0f864ec3cc57e77b48e1791734c44a3d484a9741
2025-04-14T17:12:22.5211180Z ##[group]Run actions/setup-node@v4
2025-04-14T17:12:22.5212910Z with:
2025-04-14T17:12:22.5214170Z   node-version-file: .nvmrc
2025-04-14T17:12:22.5215700Z   cache: npm
2025-04-14T17:12:22.5217140Z   cache-dependency-path: package-lock.json
2025-04-14T17:12:22.5219010Z   always-auth: false
2025-04-14T17:12:22.5220410Z   check-latest: false
2025-04-14T17:12:22.5222210Z   token: ***
2025-04-14T17:12:22.5223450Z env:
2025-04-14T17:12:22.5224630Z   PR_NUMBER: 8613
2025-04-14T17:12:22.5225950Z ##[endgroup]
2025-04-14T17:12:22.7465420Z Node version file is not JSON file
2025-04-14T17:12:22.7467440Z Resolved .nvmrc as 22.14.0
2025-04-14T17:12:22.7501990Z Found in cache @ /Users/runner/hostedtoolcache/node/22.14.0/x64
2025-04-14T17:12:22.7514700Z ##[group]Environment details
2025-04-14T17:12:23.3993440Z node: v22.14.0
2025-04-14T17:12:23.3995020Z npm: 10.9.2
2025-04-14T17:12:23.3996330Z yarn: 1.22.22
2025-04-14T17:12:23.3998730Z ##[endgroup]
2025-04-14T17:12:23.4037830Z [command]/Users/runner/hostedtoolcache/node/22.14.0/x64/bin/npm config get cache
2025-04-14T17:12:23.5995620Z /Users/runner/.npm
2025-04-14T17:12:23.9098940Z npm cache is not found
2025-04-14T17:12:23.9240160Z ##[group]Run npm ci
2025-04-14T17:12:23.9240670Z [36;1mnpm ci[0m
2025-04-14T17:12:23.9340330Z shell: /bin/bash -e {0}
2025-04-14T17:12:23.9340810Z env:
2025-04-14T17:12:23.9341220Z   PR_NUMBER: 8613
2025-04-14T17:12:23.9341650Z ##[endgroup]
2025-04-14T17:12:25.6244680Z npm warn skipping integrity check for git dependency ssh://git@github.com/electron/node-gyp.git
2025-04-14T17:12:28.1346220Z npm warn deprecated sourcemap-codec@1.4.8: Please use @jridgewell/sourcemap-codec instead
2025-04-14T17:12:28.3743640Z npm warn deprecated rimraf@3.0.2: Rimraf versions prior to v4 are no longer supported
2025-04-14T17:12:29.0958600Z npm warn deprecated mkdirp-promise@1.1.0: This package is broken and no longer maintained. 'mkdirp' itself supports promises now, please switch to that.
2025-04-14T17:12:29.5159190Z npm warn deprecated json-schema-ref-parser@9.0.9: Please switch to @apidevtools/json-schema-ref-parser
2025-04-14T17:12:29.9491070Z npm warn deprecated inflight@1.0.6: This module is not supported, and leaks memory. Do not use it. Check out lru-cache if you want a good and tested way to coalesce async requests by a key value, which is much more comprehensive and powerful.
2025-04-14T17:12:30.1360770Z npm warn deprecated glob@7.2.3: Glob versions prior to v9 are no longer supported
2025-04-14T17:12:30.2307450Z npm warn deprecated har-validator@5.1.5: this library is no longer supported
2025-04-14T17:12:32.7174150Z npm warn deprecated @types/dompurify@3.2.0: This is a stub types definition. dompurify provides its own type definitions, so you do not need this installed.
2025-04-14T17:12:37.5398960Z npm warn deprecated @npmcli/move-file@2.0.1: This functionality has been moved to @npmcli/fs
2025-04-14T17:12:38.2439260Z npm warn deprecated rimraf@2.6.3: Rimraf versions prior to v4 are no longer supported
2025-04-14T17:12:38.8486040Z npm warn deprecated glob@8.1.0: Glob versions prior to v9 are no longer supported
2025-04-14T17:12:39.9076450Z npm warn deprecated glob@8.1.0: Glob versions prior to v9 are no longer supported
2025-04-14T17:13:12.9065310Z 
2025-04-14T17:13:12.9067910Z added 1783 packages, and audited 1790 packages in 49s
2025-04-14T17:13:12.9068470Z 
2025-04-14T17:13:12.9068810Z 262 packages are looking for funding
2025-04-14T17:13:12.9069380Z   run `npm fund` for details
2025-04-14T17:13:12.9309850Z 
2025-04-14T17:13:12.9311300Z 13 vulnerabilities (3 low, 8 moderate, 2 critical)
2025-04-14T17:13:12.9312920Z 
2025-04-14T17:13:12.9313390Z To address issues that do not require attention, run:
2025-04-14T17:13:12.9314040Z   npm audit fix
2025-04-14T17:13:12.9314270Z 
2025-04-14T17:13:12.9314760Z To address all issues (including breaking changes), run:
2025-04-14T17:13:12.9315760Z   npm audit fix --force
2025-04-14T17:13:12.9316080Z 
2025-04-14T17:13:12.9316360Z Run `npm audit` for details.
2025-04-14T17:13:13.2353110Z ##[group]Run npm --workspaces version prerelease --preid="alpha-pr-$(git rev-parse --short HEAD)" --no-git-tag-version
2025-04-14T17:13:13.2354660Z [36;1mnpm --workspaces version prerelease --preid="alpha-pr-$(git rev-parse --short HEAD)" --no-git-tag-version[0m
2025-04-14T17:13:13.2449910Z shell: /bin/bash --noprofile --norc -e -o pipefail {0}
2025-04-14T17:13:13.2450490Z env:
2025-04-14T17:13:13.2450810Z   PR_NUMBER: 8613
2025-04-14T17:13:13.2451170Z ##[endgroup]
2025-04-14T17:13:13.6398300Z insomnia-testing
2025-04-14T17:13:13.6430130Z v11.1.0-alpha-pr-0f864ec.0
2025-04-14T17:13:13.6430710Z insomnia
2025-04-14T17:13:13.6450130Z v11.1.0-alpha-pr-0f864ec.0
2025-04-14T17:13:13.6451040Z insomnia-inso
2025-04-14T17:13:13.6467030Z v11.1.0-alpha-pr-0f864ec.0
2025-04-14T17:13:13.6468360Z insomnia-smoke-test
2025-04-14T17:13:13.6483510Z v11.1.0-alpha-pr-0f864ec.0
2025-04-14T17:13:13.6484330Z insomnia-scripting-environment
2025-04-14T17:13:13.6501400Z v11.1.0-alpha-pr-0f864ec.0
2025-04-14T17:13:16.0488880Z 
2025-04-14T17:13:16.0489410Z up to date in 3s
2025-04-14T17:13:16.0489750Z 
2025-04-14T17:13:16.0490360Z 262 packages are looking for funding
2025-04-14T17:13:16.0490990Z   run `npm fund` for details
2025-04-14T17:13:16.0687220Z ##[group]Run NODE_OPTIONS='--max_old_space_size=6144' BUILD_TARGETS='zip' npm run app-package
2025-04-14T17:13:16.0688350Z [36;1mNODE_OPTIONS='--max_old_space_size=6144' BUILD_TARGETS='zip' npm run app-package[0m
2025-04-14T17:13:16.0781820Z shell: /bin/bash --noprofile --norc -e -o pipefail {0}
2025-04-14T17:13:16.0782930Z env:
2025-04-14T17:13:16.0783280Z   PR_NUMBER: 8613
2025-04-14T17:13:16.0783640Z ##[endgroup]
2025-04-14T17:13:16.2987600Z 
2025-04-14T17:13:16.2988460Z > insomnia@1.0.0 app-package
2025-04-14T17:13:16.2989220Z > npm run package -w insomnia
2025-04-14T17:13:16.2989520Z 
2025-04-14T17:13:16.5322350Z 
2025-04-14T17:13:16.5323250Z > insomnia@11.1.0-alpha-pr-0f864ec.0 package
2025-04-14T17:13:16.5324550Z > npm run build && cross-env USE_HARD_LINKS=false electron-builder build --config electron-builder.config.js
2025-04-14T17:13:16.5325300Z 
2025-04-14T17:13:16.7743140Z 
2025-04-14T17:13:16.7743970Z > insomnia@11.1.0-alpha-pr-0f864ec.0 build
2025-04-14T17:13:16.7744880Z > esr --cache ./scripts/build.ts --noErrorTruncation
2025-04-14T17:13:16.7745300Z 
2025-04-14T17:13:16.9435100Z [33mThe CJS build of Vite's Node API is deprecated. See https://vitejs.dev/guide/troubleshooting.html#vite-cjs-node-api-deprecated for more details.[39m
2025-04-14T17:13:16.9593600Z [build] Starting build
2025-04-14T17:13:17.1873670Z [build] npm: 10.9.2
2025-04-14T17:13:17.2109210Z [build] node: v22.14.0
2025-04-14T17:13:17.2110260Z [build] Removing existing directories
2025-04-14T17:13:17.2120530Z [build] Building main.min.js and preload
2025-04-14T17:13:17.3879700Z ▲ [WARNING] Using direct eval with a bundler is not recommended and may cause problems [direct-eval]
2025-04-14T17:13:17.3882530Z 
2025-04-14T17:13:17.3887710Z     src/scriptExecutor.ts:31:19:
2025-04-14T17:13:17.3892490Z       31 │     const result = eval(script);
2025-04-14T17:13:17.3923310Z          ╵                    ~~~~
2025-04-14T17:13:17.3928860Z 
2025-04-14T17:13:17.3931070Z   You can read more about direct eval and bundling here: https://esbuild.github.io/link/direct-eval
2025-04-14T17:13:17.3932120Z 
2025-04-14T17:13:17.4159120Z ▲ [WARNING] "import.meta" is not available with the "cjs" output format and will be empty [empty-import-meta]
2025-04-14T17:13:17.4204750Z 
2025-04-14T17:13:17.4232770Z     src/ui/worker/templating-handler.ts:6:60:
2025-04-14T17:13:17.4284160Z       6 │ ...RL('./templating-worker.ts', import.meta.url), { type: 'module' });
2025-04-14T17:13:17.4285380Z         ╵                                 ~~~~~~~~~~~
2025-04-14T17:13:17.4285930Z 
2025-04-14T17:13:17.4286640Z   You need to set the output format to "esm" for "import.meta" to work correctly.
2025-04-14T17:13:17.4287920Z 
2025-04-14T17:13:18.1114920Z [build] Building renderer
2025-04-14T17:13:18.3292360Z [36mvite v5.4.8 [32mbuilding for production...[36m[39m
2025-04-14T17:13:18.3925470Z transforming...
2025-04-14T17:13:18.9154500Z Browserslist: caniuse-lite is outdated. Please run:
2025-04-14T17:13:18.9155490Z   npx update-browserslist-db@latest
2025-04-14T17:13:18.9156330Z   Why you should do it regularly: https://github.com/browserslist/update-db#readme
2025-04-14T17:13:21.4073030Z 
2025-04-14T17:13:21.4075000Z ../webfonts/fa-regular-400.woff2 referenced in ../webfonts/fa-regular-400.woff2 didn't resolve at build time, it will remain unchanged to be resolved at runtime
2025-04-14T17:13:21.4076160Z 
2025-04-14T17:13:21.4077500Z ../webfonts/fa-regular-400.ttf referenced in ../webfonts/fa-regular-400.ttf didn't resolve at build time, it will remain unchanged to be resolved at runtime
2025-04-14T17:13:44.6492950Z src/scriptExecutor.ts (31:19): Use of eval in "src/scriptExecutor.ts" is strongly discouraged as it poses security risks and may cause issues with minification.
2025-04-14T17:13:59.1416110Z [32m✓[39m 5008 modules transformed.
2025-04-14T17:14:06.2346090Z rendering chunks...
2025-04-14T17:14:06.4417330Z [33mwarnings when minifying css:
2025-04-14T17:14:06.4418370Z ▲ [WARNING] Expected identifier but found "*" [css-syntax-error]
2025-04-14T17:14:06.4419980Z 
2025-04-14T17:14:06.4420180Z     <stdin>:912:2:
2025-04-14T17:14:06.4420650Z       912 │   *zoom: 1;
2025-04-14T17:14:06.4421100Z           ╵   ^
2025-04-14T17:14:06.4421310Z 
2025-04-14T17:14:06.4421320Z 
2025-04-14T17:14:06.4421900Z ▲ [WARNING] Expected identifier but found "*" [css-syntax-error]
2025-04-14T17:14:06.4422380Z 
2025-04-14T17:14:06.4422580Z     <stdin>:913:2:
2025-04-14T17:14:06.4423070Z       913 │   *display: inline;
2025-04-14T17:14:06.4423520Z           ╵   ^
2025-04-14T17:14:06.4423750Z 
2025-04-14T17:14:06.4423760Z 
2025-04-14T17:14:06.4424320Z ▲ [WARNING] Expected identifier but found "*" [css-syntax-error]
2025-04-14T17:14:06.4424820Z 
2025-04-14T17:14:06.4424960Z     <stdin>:1069:2:
2025-04-14T17:14:06.4425510Z       1069 │   *vertical-align: text-bottom;
2025-04-14T17:14:06.4426050Z            ╵   ^
2025-04-14T17:14:06.4426290Z 
2025-04-14T17:14:06.4426460Z [39m
2025-04-14T17:14:11.4189630Z [1m[33m[plugin:vite:reporter][39m[22m [33m[plugin vite:reporter] 
2025-04-14T17:14:11.4927270Z (!) /Users/runner/work/insomnia/insomnia/node_modules/react/index.js is dynamically imported by /Users/runner/work/insomnia/insomnia/packages/insomnia/src/plugins/context/app.tsx but also statically imported by  /Users/runner/work/insomnia/insomnia/node_modules/react/index.js?commonjs-proxy, /Users/runner/work/insomnia/insomnia/node_modules/@fortawesome/react-fontawesome/index.es.js, /Users/runner/work/insomnia/insomnia/node_modules/@react-aria/autocomplete/dist/useAutocomplete.mjs, /Users/runner/work/insomnia/insomnia/node_modules/@react-aria/calendar/dist/useCalendarBase.mjs, /Users/runner/work/insomnia/insomnia/node_modules/@react-aria/calendar/dist/useCalendarCell.mjs, /Users/runner/work/insomnia/insomnia/node_modules/@react-aria/calendar/dist/useCalendarGrid.mjs, /Users/runner/work/insomnia/insomnia/node_modules/@react-aria/calendar/dist/useRangeCalendar.mjs, /Users/runner/work/insomnia/insomnia/node_modules/@react-aria/calendar/dist/utils.mjs, /Users/runner/work/insomnia/insomnia/node_modules/@react-aria/checkbox/dist/useCheckbox.mjs, /Users/runner/work/insomnia/insomnia/node_modules/@react-aria/checkbox/dist/useCheckboxGroupItem.mjs, /Users/runner/work/insomnia/insomnia/node_modules/@react-aria/collections/dist/CollectionBuilder.mjs, /Users/runner/work/insomnia/insomnia/node_modules/@react-aria/collections/dist/Hidden.mjs, /Users/runner/work/insomnia/insomnia/node_modules/@react-aria/collections/dist/useCachedChildren.mjs, /Users/runner/work/insomnia/insomnia/node_modules/@react-aria/color/dist/useColorArea.mjs, /Users/runner/work/insomnia/insomnia/node_modules/@react-aria/color/dist/useColorAreaGradient.mjs, /Users/runner/work/insomnia/insomnia/node_modules/@react-aria/color/dist/useColorField.mjs, /Users/runner/work/insomnia/insomnia/node_modules/@react-aria/color/dist/useColorSwatch.mjs, /Users/runner/work/insomnia/insomnia/node_modules/@react-aria/color/dist/useColorWheel.mjs, /Users/runner/work/insomnia/insomnia/node_modules/@react-aria/combobox/dist/useComboBox.mjs, /Users/runner/work/insomnia/insomnia/node_modules/@react-aria/datepicker/dist/useDateField.mjs, /Users/runner/work/insomnia/insomnia/node_modules/@react-aria/datepicker/dist/useDatePicker.mjs, /Users/runner/work/insomnia/insomnia/node_modules/@react-aria/datepicker/dist/useDatePickerGroup.mjs, /Users/runner/work/insomnia/insomnia/node_modules/@react-aria/datepicker/dist/useDateRangePicker.mjs, /Users/runner/work/insomnia/insomnia/node_modules/@react-aria/datepicker/dist/useDateSegment.mjs, /Users/runner/work/insomnia/insomnia/node_modules/@react-aria/datepicker/dist/useDisplayNames.mjs, /Users/runner/work/insomnia/insomnia/node_modules/@react-aria/dialog/dist/useDialog.mjs, /Users/runner/work/insomnia/insomnia/node_modules/@react-aria/disclosure/dist/useDisclosure.mjs, /Users/runner/work/insomnia/insomnia/node_modules/@react-aria/dnd/dist/DragManager.mjs, /Users/runner/work/insomnia/insomnia/node_modules/@react-aria/dnd/dist/DragPreview.mjs, /Users/runner/work/insomnia/insomnia/node_modules/@react-aria/dnd/dist/useAutoScroll.mjs, /Users/runner/work/insomnia/insomnia/node_modules/@react-aria/dnd/dist/useClipboard.mjs, /Users/runner/work/insomnia/insomnia/node_modules/@react-aria/dnd/dist/useDrag.mjs, /Users/runner/work/insomnia/insomnia/node_modules/@react-aria/dnd/dist/useDrop.mjs, /Users/runner/work/insomnia/insomnia/node_modules/@react-aria/dnd/dist/useDroppableCollection.mjs, /Users/runner/work/insomnia/insomnia/node_modules/@react-aria/dnd/dist/useDroppableItem.mjs, /Users/runner/work/insomnia/insomnia/node_modules/@react-aria/focus/dist/FocusRing.mjs, /Users/runner/work/insomnia/insomnia/node_modules/@react-aria/focus/dist/FocusScope.mjs, /Users/runner/work/insomnia/insomnia/node_modules/@react-aria/focus/dist/useFocusRing.mjs, /Users/runner/work/insomnia/insomnia/node_modules/@react-aria/focus/dist/useHasTabbableChild.mjs, /Users/runner/work/insomnia/insomnia/node_modules/@react-aria/form/dist/useFormValidation.mjs, /Users/runner/work/insomnia/insomnia/node_modules/@react-aria/grid/dist/useGrid.mjs, /Users/runner/work/insomnia/insomnia/node_modules/@react-aria/grid/dist/useGridCell.mjs, /Users/runner/work/insomnia/insomnia/node_modules/@react-aria/grid/dist/useGridSelectionAnnouncement.mjs, /Users/runner/work/insomnia/insomnia/node_modules/@react-aria/grid/dist/useHighlightSelectionDescription.mjs, /Users/runner/work/insomnia/insomnia/node_modules/@react-aria/gridlist/dist/useGridListItem.mjs, /Users/runner/work/insomnia/insomnia/node_modules/@react-aria/i18n/dist/context.mjs, /Users/runner/work/insomnia/insomnia/node_modules/@react-aria/i18n/dist/useDateFormatter.mjs, /Users/runner/work/insomnia/insomnia/node_modules/@react-aria/i18n/dist/useDefaultLocale.mjs, /Users/runner/work/insomnia/insomnia/node_modules/@react-aria/i18n/dist/useFilter.mjs, /Users/runner/work/insomnia/insomnia/node_modules/@react-aria/i18n/dist/useListFormatter.mjs, /Users/runner/work/insomnia/insomnia/node_modules/@react-aria/i18n/dist/useLocalizedStringFormatter.mjs, /Users/runner/work/insomnia/insomnia/node_modules/@react-aria/i18n/dist/useMessageFormatter.mjs, /Users/runner/work/insomnia/insomnia/node_modules/@react-aria/i18n/dist/useNumberFormatter.mjs, /Users/runner/work/insomnia/insomnia/node_modules/@react-aria/interactions/dist/PressResponder.mjs, /Users/runner/work/insomnia/insomnia/node_modules/@react-aria/interactions/dist/Pressable.mjs, /Users/runner/work/insomnia/insomnia/node_modules/@react-aria/interactions/dist/context.mjs, /Users/runner/work/insomnia/insomnia/node_modules/@react-aria/interactions/dist/useFocus.mjs, /Users/runner/work/insomnia/insomnia/node_modules/@react-aria/interactions/dist/useFocusVisible.mjs, /Users/runner/work/insomnia/insomnia/node_modules/@react-aria/interactions/dist/useFocusWithin.mjs, /Users/runner/work/insomnia/insomnia/node_modules/@react-aria/interactions/dist/useFocusable.mjs, /Users/runner/work/insomnia/insomnia/node_modules/@react-aria/interactions/dist/useHover.mjs, /Users/runner/work/insomnia/insomnia/node_modules/@react-aria/interactions/dist/useInteractOutside.mjs, /Users/runner/work/insomnia/insomnia/node_modules/@react-aria/interactions/dist/useLongPress.mjs, /Users/runner/work/insomnia/insomnia/node_modules/@react-aria/interactions/dist/useMove.mjs, /Users/runner/work/insomnia/insomnia/node_modules/@react-aria/interactions/dist/usePress.mjs, /Users/runner/work/insomnia/insomnia/node_modules/@react-aria/interactions/dist/useScrollWheel.mjs, /Users/runner/work/insomnia/insomnia/node_modules/@react-aria/interactions/dist/utils.mjs, /Users/runner/work/insomnia/insomnia/node_modules/@react-aria/landmark/dist/useLandmark.mjs, /Users/runner/work/insomnia/insomnia/node_modules/@react-aria/menu/dist/useSafelyMouseToSubmenu.mjs, /Users/runner/work/insomnia/insomnia/node_modules/@react-aria/menu/dist/useSubmenuTrigger.mjs, /Users/runner/work/insomnia/insomnia/node_modules/@react-aria/numberfield/dist/useNumberField.mjs, /Users/runner/work/insomnia/insomnia/node_modules/@react-aria/overlays/dist/DismissButton.mjs, /Users/runner/work/insomnia/insomnia/node_modules/@react-aria/overlays/dist/Overlay.mjs, /Users/runner/work/insomnia/insomnia/node_modules/@react-aria/overlays/dist/PortalProvider.mjs, /Users/runner/work/insomnia/insomnia/node_modules/@react-aria/overlays/dist/useCloseOnScroll.mjs, /Users/runner/work/insomnia/insomnia/node_modules/@react-aria/overlays/dist/useModal.mjs, /Users/runner/work/insomnia/insomnia/node_modules/@react-aria/overlays/dist/useModalOverlay.mjs, /Users/runner/work/insomnia/insomnia/node_modules/@react-aria/overlays/dist/useOverlay.mjs, /Users/runner/work/insomnia/insomnia/node_modules/@react-aria/overlays/dist/useOverlayPosition.mjs, /Users/runner/work/insomnia/insomnia/node_modules/@react-aria/overlays/dist/useOverlayTrigger.mjs, /Users/runner/work/insomnia/insomnia/node_modules/@react-aria/select/dist/HiddenSelect.mjs, /Users/runner/work/insomnia/insomnia/node_modules/@react-aria/select/dist/useSelect.mjs, /Users/runner/work/insomnia/insomnia/node_modules/@react-aria/selection/dist/useSelectableCollection.mjs, /Users/runner/work/insomnia/insomnia/node_modules/@react-aria/selection/dist/useSelectableItem.mjs, /Users/runner/work/insomnia/insomnia/node_modules/@react-aria/selection/dist/useSelectableList.mjs, /Users/runner/work/insomnia/insomnia/node_modules/@react-aria/selection/dist/useTypeSelect.mjs, /Users/runner/work/insomnia/insomnia/node_modules/@react-aria/slider/dist/useSlider.mjs, /Users/runner/work/insomnia/insomnia/node_modules/@react-aria/slider/dist/useSliderThumb.mjs, /Users/runner/work/insomnia/insomnia/node_modules/@react-aria/spinbutton/dist/useSpinButton.mjs, /Users/runner/work/insomnia/insomnia/node_modules/@react-aria/ssr/dist/SSRProvider.mjs, /Users/runner/work/insomnia/insomnia/node_modules/@react-aria/table/dist/useTable.mjs, /Users/runner/work/insomnia/insomnia/node_modules/@react-aria/table/dist/useTableColumnHeader.mjs, /Users/runner/work/insomnia/insomnia/node_modules/@react-aria/table/dist/useTableColumnResize.mjs, /Users/runner/work/insomnia/insomnia/node_modules/@react-aria/tabs/dist/useTabList.mjs, /Users/runner/work/insomnia/insomnia/node_modules/@react-aria/tag/dist/useTagGroup.mjs, /Users/runner/work/insomnia/insomnia/node_modules/@react-aria/textfield/dist/useFormattedTextField.mjs, /Users/runner/work/insomnia/insomnia/node_modules/@react-aria/textfield/dist/useTextField.mjs, /Users/runner/work/insomnia/insomnia/node_modules/@react-aria/toast/dist/useToast.mjs, /Users/runner/work/insomnia/insomnia/node_modules/@react-aria/toast/dist/useToastRegion.mjs, /Users/runner/work/insomnia/insomnia/node_modules/@react-aria/toolbar/dist/useToolbar.mjs, /Users/runner/work/insomnia/insomnia/node_modules/@react-aria/tooltip/dist/useTooltipTrigger.mjs, /Users/runner/work/insomnia/insomnia/node_modules/@react-aria/utils/dist/animation.mjs, /Users/runner/work/insomnia/insomnia/node_modules/@react-aria/utils/dist/inertValue.mjs, /Users/runner/work/insomnia/insomnia/node_modules/@react-aria/utils/dist/openLink.mjs, /Users/runner/work/insomnia/insomnia/node_modules/@react-aria/utils/dist/useDeepMemo.mjs, /Users/runner/work/insomnia/insomnia/node_modules/@react-aria/utils/dist/useDescription.mjs, /Users/runner/work/insomnia/insomnia/node_modules/@react-aria/utils/dist/useDrag1D.mjs, /Users/runner/work/insomnia/insomnia/node_modules/@react-aria/utils/dist/useEffectEvent.mjs, /Users/runner/work/insomnia/insomnia/node_modules/@react-aria/utils/dist/useEvent.mjs, /Users/runner/work/insomnia/insomnia/node_modules/@react-aria/utils/dist/useFormReset.mjs, /Users/runner/work/insomnia/insomnia/node_modules/@react-aria/utils/dist/useGlobalListeners.mjs, /Users/runner/work/insomnia/insomnia/node_modules/@react-aria/utils/dist/useId.mjs, /Users/runner/work/insomnia/insomnia/node_modules/@react-aria/utils/dist/useLayoutEffect.mjs, /Users/runner/work/insomnia/insomnia/node_modules/@react-aria/utils/dist/useLoadMore.mjs, /Users/runner/work/insomnia/insomnia/node_modules/@react-aria/utils/dist/useObjectRef.mjs, /Users/runner/work/insomnia/insomnia/node_modules/@react-aria/utils/dist/useResizeObserver.mjs, /Users/runner/work/insomnia/insomnia/node_modules/@react-aria/utils/dist/useUpdateEffect.mjs, /Users/runner/work/insomnia/insomnia/node_modules/@react-aria/utils/dist/useUpdateLayoutEffect.mjs, /Users/runner/work/insomnia/insomnia/node_modules/@react-aria/utils/dist/useValueEffect.mjs, /Users/runner/work/insomnia/insomnia/node_modules/@react-aria/utils/dist/useViewportSize.mjs, /Users/runner/work/insomnia/insomnia/node_modules/@react-aria/virtualizer/dist/ScrollView.mjs, /Users/runner/work/insomnia/insomnia/node_modules/@react-aria/virtualizer/dist/Virtualizer.mjs, /Users/runner/work/insomnia/insomnia/node_modules/@react-aria/virtualizer/dist/VirtualizerItem.mjs, /Users/runner/work/insomnia/insomnia/node_modules/@react-aria/virtualizer/dist/useVirtualizerItem.mjs, /Users/runner/work/insomnia/insomnia/node_modules/@react-aria/visually-hidden/dist/VisuallyHidden.mjs, /Users/runner/work/insomnia/insomnia/node_modules/@react-stately/autocomplete/dist/useAutocompleteState.mjs, /Users/runner/work/insomnia/insomnia/node_modules/@react-stately/calendar/dist/useCalendarState.mjs, /Users/runner/work/insomnia/insomnia/node_modules/@react-stately/calendar/dist/useRangeCalendarState.mjs, /Users/runner/work/insomnia/insomnia/node_modules/@react-stately/checkbox/dist/useCheckboxGroupState.mjs, /Users/runner/work/insomnia/insomnia/node_modules/@react-stately/collections/dist/CollectionBuilder.mjs, /Users/runner/work/insomnia/insomnia/node_modules/@react-stately/collections/dist/Item.mjs, /Users/runner/work/insomnia/insomnia/node_modules/@react-stately/collections/dist/Section.mjs, /Users/runner/work/insomnia/insomnia/node_modules/@react-stately/collections/dist/useCollection.mjs, /Users/runner/work/insomnia/insomnia/node_modules/@react-stately/color/dist/useColor.mjs, /Users/runner/work/insomnia/insomnia/node_modules/@react-stately/color/dist/useColorAreaState.mjs, /Users/runner/work/insomnia/insomnia/node_modules/@react-stately/color/dist/useColorChannelFieldState.mjs, /Users/runner/work/insomnia/insomnia/node_modules/@react-stately/color/dist/useColorFieldState.mjs, /Users/runner/work/insomnia/insomnia/node_modules/@react-stately/color/dist/useColorSliderState.mjs, /Users/runner/work/insomnia/insomnia/node_modules/@react-stately/color/dist/useColorWheelState.mjs, /Users/runner/work/insomnia/insomnia/node_modules/@react-stately/combobox/dist/useComboBoxState.mjs, /Users/runner/work/insomnia/insomnia/node_modules/@react-stately/data/dist/useAsyncList.mjs, /Users/runner/work/insomnia/insomnia/node_modules/@react-stately/data/dist/useListData.mjs, /Users/runner/work/insomnia/insomnia/node_modules/@react-stately/data/dist/useTreeData.mjs, /Users/runner/work/insomnia/insomnia/node_modules/@react-stately/datepicker/dist/useDateFieldState.mjs, /Users/runner/work/insomnia/insomnia/node_modules/@react-stately/datepicker/dist/useDatePickerState.mjs, /Users/runner/work/insomnia/insomnia/node_modules/@react-stately/datepicker/dist/useDateRangePickerState.mjs, /Users/runner/work/insomnia/insomnia/node_modules/@react-stately/datepicker/dist/useTimeFieldState.mjs, /Users/runner/work/insomnia/insomnia/node_modules/@react-stately/datepicker/dist/utils.mjs, /Users/runner/work/insomnia/insomnia/node_modules/@react-stately/disclosure/dist/useDisclosureGroupState.mjs, /Users/runner/work/insomnia/insomnia/node_modules/@react-stately/disclosure/dist/useDisclosureState.mjs, /Users/runner/work/insomnia/insomnia/node_modules/@react-stately/dnd/dist/useDraggableCollectionState.mjs, /Users/runner/work/insomnia/insomnia/node_modules/@react-stately/dnd/dist/useDroppableCollectionState.mjs, /Users/runner/work/insomnia/insomnia/node_modules/@react-stately/form/dist/useFormValidationState.mjs, /Users/runner/work/insomnia/insomnia/node_modules/@react-stately/grid/dist/useGridState.mjs, /Users/runner/work/insomnia/insomnia/node_modules/@react-stately/list/dist/useListState.mjs, /Users/runner/work/insomnia/insomnia/node_modules/@react-stately/list/dist/useSingleSelectListState.mjs, /Users/runner/work/insomnia/insomnia/node_modules/@react-stately/menu/dist/useMenuTriggerState.mjs, /Users/runner/work/insomnia/insomnia/node_modules/@react-stately/menu/dist/useSubmenuTriggerState.mjs, /Users/runner/work/insomnia/insomnia/node_modules/@react-stately/numberfield/dist/useNumberFieldState.mjs, /Users/runner/work/insomnia/insomnia/node_modules/@react-stately/overlays/dist/useOverlayTriggerState.mjs, /Users/runner/work/insomnia/insomnia/node_modules/@react-stately/radio/dist/useRadioGroupState.mjs, /Users/runner/work/insomnia/insomnia/node_modules/@react-stately/select/dist/useSelectState.mjs, /Users/runner/work/insomnia/insomnia/node_modules/@react-stately/selection/dist/useMultipleSelectionState.mjs, /Users/runner/work/insomnia/insomnia/node_modules/@react-stately/slider/dist/useSliderState.mjs, /Users/runner/work/insomnia/insomnia/node_modules/@react-stately/table/dist/Column.mjs, /Users/runner/work/insomnia/insomnia/node_modules/@react-stately/table/dist/Row.mjs, /Users/runner/work/insomnia/insomnia/node_modules/@react-stately/table/dist/TableBody.mjs, /Users/runner/work/insomnia/insomnia/node_modules/@react-stately/table/dist/TableHeader.mjs, /Users/runner/work/insomnia/insomnia/node_modules/@react-stately/table/dist/useTableColumnResizeState.mjs, /Users/runner/work/insomnia/insomnia/node_modules/@react-stately/table/dist/useTableState.mjs, /Users/runner/work/insomnia/insomnia/node_modules/@react-stately/table/dist/useTreeGridState.mjs, /Users/runner/work/insomnia/insomnia/node_modules/@react-stately/tabs/dist/useTabListState.mjs, /Users/runner/work/insomnia/insomnia/node_modules/@react-stately/toast/dist/useToastState.mjs, /Users/runner/work/insomnia/insomnia/node_modules/@react-stately/toggle/dist/useToggleGroupState.mjs, /Users/runner/work/insomnia/insomnia/node_modules/@react-stately/tooltip/dist/useTooltipTriggerState.mjs, /Users/runner/work/insomnia/insomnia/node_modules/@react-stately/tree/dist/useTreeState.mjs, /Users/runner/work/insomnia/insomnia/node_modules/@react-stately/utils/dist/useControlledState.mjs, /Users/runner/work/insomnia/insomnia/node_modules/@react-stately/virtualizer/dist/useVirtualizerState.mjs, /Users/runner/work/insomnia/insomnia/node_modules/@tanstack/react-virtual/dist/esm/index.js, /Users/runner/work/insomnia/insomnia/node_modules/react-aria-components/dist/Autocomplete.mjs, /Users/runner/work/insomnia/insomnia/node_modules/react-aria-components/dist/Breadcrumbs.mjs, /Users/runner/work/insomnia/insomnia/node_modules/react-aria-components/dist/Button.mjs, /Users/runner/work/insomnia/insomnia/node_modules/react-aria-components/dist/Calendar.mjs, /Users/runner/work/insomnia/insomnia/node_modules/react-aria-components/dist/Checkbox.mjs, /Users/runner/work/insomnia/insomnia/node_modules/react-aria-components/dist/Collection.mjs, /Users/runner/work/insomnia/insomnia/node_modules/react-aria-components/dist/ColorArea.mjs, /Users/runner/work/insomnia/insomnia/node_modules/react-aria-components/dist/ColorField.mjs, /Users/runner/work/insomnia/insomnia/node_modules/react-aria-components/dist/ColorPicker.mjs, /Users/runner/work/insomnia/insomnia/node_modules/react-aria-components/dist/ColorSlider.mjs, /Users/runner/work/insomnia/insomnia/node_modules/react-aria-components/dist/ColorSwatch.mjs, /Users/runner/work/insomnia/insomnia/node_modules/react-aria-components/dist/ColorSwatchPicker.mjs, /Users/runner/work/insomnia/insomnia/node_modules/react-aria-components/dist/ColorThumb.mjs, /Users/runner/work/insomnia/insomnia/node_modules/react-aria-components/dist/ColorWheel.mjs, /Users/runner/work/insomnia/insomnia/node_modules/react-aria-components/dist/ComboBox.mjs, /Users/runner/work/insomnia/insomnia/node_modules/react-aria-components/dist/DateField.mjs, /Users/runner/work/insomnia/insomnia/node_modules/react-aria-components/dist/DatePicker.mjs, /Users/runner/work/insomnia/insomnia/node_modules/react-aria-components/dist/Dialog.mjs, /Users/runner/work/insomnia/insomnia/node_modules/react-aria-components/dist/Disclosure.mjs, /Users/runner/work/insomnia/insomnia/node_modules/react-aria-components/dist/DragAndDrop.mjs, /Users/runner/work/insomnia/insomnia/node_modules/react-aria-components/dist/DropZone.mjs, /Users/runner/work/insomnia/insomnia/node_modules/react-aria-components/dist/FieldError.mjs, /Users/runner/work/insomnia/insomnia/node_modules/react-aria-components/dist/FileTrigger.mjs, /Users/runner/work/insomnia/insomnia/node_modules/react-aria-components/dist/Form.mjs, /Users/runner/work/insomnia/insomnia/node_modules/react-aria-components/dist/GridList.mjs, /Users/runner/work/insomnia/insomnia/node_modules/react-aria-components/dist/Group.mjs, /Users/runner/work/insomnia/insomnia/node_modules/react-aria-components/dist/Header.mjs, /Users/runner/work/insomnia/insomnia/node_modules/react-aria-components/dist/Heading.mjs, /Users/runner/work/insomnia/insomnia/node_modules/react-aria-components/dist/Input.mjs, /Users/runner/work/insomnia/insomnia/node_modules/react-aria-components/dist/Keyboard.mjs, /Users/runner/work/insomnia/insomnia/node_modules/react-aria-components/dist/Label.mjs, /Users/runner/work/insomnia/insomnia/node_modules/react-aria-components/dist/Link.mjs, /Users/runner/work/insomnia/insomnia/node_modules/react-aria-components/dist/ListBox.mjs, /Users/runner/work/insomnia/insomnia/node_modules/react-aria-components/dist/Menu.mjs, /Users/runner/work/insomnia/insomnia/node_modules/react-aria-components/dist/Meter.mjs, /Users/runner/work/insomnia/insomnia/node_modules/react-aria-components/dist/Modal.mjs, /Users/runner/work/insomnia/insomnia/node_modules/react-aria-components/dist/NumberField.mjs, /Users/runner/work/insomnia/insomnia/node_modules/react-aria-components/dist/OverlayArrow.mjs, /Users/runner/work/insomnia/insomnia/node_modules/react-aria-components/dist/Popover.mjs, /Users/runner/work/insomnia/insomnia/node_modules/react-aria-components/dist/ProgressBar.mjs, /Users/runner/work/insomnia/insomnia/node_modules/react-aria-components/dist/RSPContexts.mjs, /Users/runner/work/insomnia/insomnia/node_modules/react-aria-components/dist/RadioGroup.mjs, /Users/runner/work/insomnia/insomnia/node_modules/react-aria-components/dist/SearchField.mjs, /Users/runner/work/insomnia/insomnia/node_modules/react-aria-components/dist/Select.mjs, /Users/runner/work/insomnia/insomnia/node_modules/react-aria-components/dist/Separator.mjs, /Users/runner/work/insomnia/insomnia/node_modules/react-aria-components/dist/Slider.mjs, /Users/runner/work/insomnia/insomnia/node_modules/react-aria-components/dist/Switch.mjs, /Users/runner/work/insomnia/insomnia/node_modules/react-aria-components/dist/Table.mjs, /Users/runner/work/insomnia/insomnia/node_modules/react-aria-components/dist/TableLayout.mjs, /Users/runner/work/insomnia/insomnia/node_modules/react-aria-components/dist/Tabs.mjs, /Users/runner/work/insomnia/insomnia/node_modules/react-aria-components/dist/TagGroup.mjs, /Users/runner/work/insomnia/insomnia/node_modules/react-aria-components/dist/Text.mjs, /Users/runner/work/insomnia/insomnia/node_modules/react-aria-components/dist/TextArea.mjs, /Users/runner/work/insomnia/insomnia/node_modules/react-aria-components/dist/TextField.mjs, /Users/runner/work/insomnia/insomnia/node_modules/react-aria-components/dist/Toast.mjs, /Users/runner/work/insomnia/insomnia/node_modules/react-aria-components/dist/ToggleButton.mjs, /Users/runner/work/insomnia/insomnia/node_modules/react-aria-components/dist/ToggleButtonGroup.mjs, /Users/runner/work/insomnia/insomnia/node_modules/react-aria-components/dist/Toolbar.mjs, /Users/runner/work/insomnia/insomnia/node_modules/react-aria-components/dist/Tooltip.mjs, /Users/runner/work/insomnia/insomnia/node_modules/react-aria-components/dist/Tree.mjs, /Users/runner/work/insomnia/insomnia/node_modules/react-aria-components/dist/Virtualizer.mjs, /Users/runner/work/insomnia/insomnia/node_modules/react-aria-components/dist/useDragAndDrop.mjs, /Users/runner/work/insomnia/insomnia/node_modules/react-aria-components/dist/utils.mjs, /Users/runner/work/insomnia/insomnia/node_modules/react-resizable-panels/dist/react-resizable-panels.browser.esm.js, /Users/runner/work/insomnia/insomnia/node_modules/react-router-dom/dist/index.js, /Users/runner/work/insomnia/insomnia/node_modules/react-router/dist/index.js, /Users/runner/work/insomnia/insomnia/node_modules/react-use/esm/factory/createBreakpoint.js, /Users/runner/work/insomnia/insomnia/node_modules/react-use/esm/factory/createGlobalState.js, /Users/runner/work/insomnia/insomnia/node_modules/react-use/esm/factory/createHTMLMediaHook.js, /Users/runner/work/insomnia/insomnia/node_modules/react-use/esm/factory/createMemo.js, /Users/runner/work/insomnia/insomnia/node_modules/react-use/esm/factory/createReducer.js, /Users/runner/work/insomnia/insomnia/node_modules/react-use/esm/factory/createReducerContext.js, /Users/runner/work/insomnia/insomnia/node_modules/react-use/esm/factory/createStateContext.js, /Users/runner/work/insomnia/insomnia/node_modules/react-use/esm/useAsync.js, /Users/runner/work/insomnia/insomnia/node_modules/react-use/esm/useAsyncFn.js, /Users/runner/work/insomnia/insomnia/node_modules/react-use/esm/useAsyncRetry.js, /Users/runner/work/insomnia/insomnia/node_modules/react-use/esm/useBattery.js, /Users/runner/work/insomnia/insomnia/node_modules/react-use/esm/useBeforeUnload.js, /Users/runner/work/insomnia/insomnia/node_modules/react-use/esm/useClickAway.js, /Users/runner/work/insomnia/insomnia/node_modules/react-use/esm/useCookie.js, /Users/runner/work/insomnia/insomnia/node_modules/react-use/esm/useCopyToClipboard.js, /Users/runner/work/insomnia/insomnia/node_modules/react-use/esm/useCounter.js, /Users/runner/work/insomnia/insomnia/node_modules/react-use/esm/useCss.js, /Users/runner/work/insomnia/insomnia/node_modules/react-use/esm/useCustomCompareEffect.js, /Users/runner/work/insomnia/insomnia/node_modules/react-use/esm/useDebounce.js, /Users/runner/work/insomnia/insomnia/node_modules/react-use/esm/useDefault.js, /Users/runner/work/insomnia/insomnia/node_modules/react-use/esm/useDrop.js, /Users/runner/work/insomnia/insomnia/node_modules/react-use/esm/useDropArea.js, /Users/runner/work/insomnia/insomnia/node_modules/react-use/esm/useEffectOnce.js, /Users/runner/work/insomnia/insomnia/node_modules/react-use/esm/useEnsuredForwardedRef.js, /Users/runner/work/insomnia/insomnia/node_modules/react-use/esm/useError.js, /Users/runner/work/insomnia/insomnia/node_modules/react-use/esm/useEvent.js, /Users/runner/work/insomnia/insomnia/node_modules/react-use/esm/useFavicon.js, /Users/runner/work/insomnia/insomnia/node_modules/react-use/esm/useFirstMountState.js, /Users/runner/work/insomnia/insomnia/node_modules/react-use/esm/useFullscreen.js, /Users/runner/work/insomnia/insomnia/node_modules/react-use/esm/useGeolocation.js, /Users/runner/work/insomnia/insomnia/node_modules/react-use/esm/useGetSet.js, /Users/runner/work/insomnia/insomnia/node_modules/react-use/esm/useGetSetState.js, /Users/runner/work/insomnia/insomnia/node_modules/react-use/esm/useHarmonicIntervalFn.js, /Users/runner/work/insomnia/insomnia/node_modules/react-use/esm/useHash.js, /Users/runner/work/insomnia/insomnia/node_modules/react-use/esm/useHover.js, /Users/runner/work/insomnia/insomnia/node_modules/react-use/esm/useHoverDirty.js, /Users/runner/work/insomnia/insomnia/node_modules/react-use/esm/useIdle.js, /Users/runner/work/insomnia/insomnia/node_modules/react-use/esm/useIntersection.js, /Users/runner/work/insomnia/insomnia/node_modules/react-use/esm/useInterval.js, /Users/runner/work/insomnia/insomnia/node_modules/react-use/esm/useIsomorphicLayoutEffect.js, /Users/runner/work/insomnia/insomnia/node_modules/react-use/esm/useKey.js, /Users/runner/work/insomnia/insomnia/node_modules/react-use/esm/useKeyPress.js, /Users/runner/work/insomnia/insomnia/node_modules/react-use/esm/useLatest.js, /Users/runner/work/insomnia/insomnia/node_modules/react-use/esm/useLifecycles.js, /Users/runner/work/insomnia/insomnia/node_modules/react-use/esm/useList.js, /Users/runner/work/insomnia/insomnia/node_modules/react-use/esm/useLocalStorage.js, /Users/runner/work/insomnia/insomnia/node_modules/react-use/esm/useLocation.js, /Users/runner/work/insomnia/insomnia/node_modules/react-use/esm/useLockBodyScroll.js, /Users/runner/work/insomnia/insomnia/node_modules/react-use/esm/useLongPress.js, /Users/runner/work/insomnia/insomnia/node_modules/react-use/esm/useMap.js, /Users/runner/work/insomnia/insomnia/node_modules/react-use/esm/useMeasure.js, /Users/runner/work/insomnia/insomnia/node_modules/react-use/esm/useMedia.js, /Users/runner/work/insomnia/insomnia/node_modules/react-use/esm/useMediaDevices.js, /Users/runner/work/insomnia/insomnia/node_modules/react-use/esm/useMediatedState.js, /Users/runner/work/insomnia/insomnia/node_modules/react-use/esm/useMethods.js, /Users/runner/work/insomnia/insomnia/node_modules/react-use/esm/useMotion.js, /Users/runner/work/insomnia/insomnia/node_modules/react-use/esm/useMountedState.js, /Users/runner/work/insomnia/insomnia/node_modules/react-use/esm/useMouse.js, /Users/runner/work/insomnia/insomnia/node_modules/react-use/esm/useMouseWheel.js, /Users/runner/work/insomnia/insomnia/node_modules/react-use/esm/useMultiStateValidator.js, /Users/runner/work/insomnia/insomnia/node_modules/react-use/esm/useNetworkState.js, /Users/runner/work/insomnia/insomnia/node_modules/react-use/esm/useObservable.js, /Users/runner/work/insomnia/insomnia/node_modules/react-use/esm/useOrientation.js, /Users/runner/work/insomnia/insomnia/node_modules/react-use/esm/usePageLeave.js, /Users/runner/work/insomnia/insomnia/node_modules/react-use/esm/usePermission.js, /Users/runner/work/insomnia/insomnia/node_modules/react-use/esm/usePinchZoom.js, /Users/runner/work/insomnia/insomnia/node_modules/react-use/esm/usePrevious.js, /Users/runner/work/insomnia/insomnia/node_modules/react-use/esm/usePreviousDistinct.js, /Users/runner/work/insomnia/insomnia/node_modules/react-use/esm/usePromise.js, /Users/runner/work/insomnia/insomnia/node_modules/react-use/esm/useQueue.js, /Users/runner/work/insomnia/insomnia/node_modules/react-use/esm/useRaf.js, /Users/runner/work/insomnia/insomnia/node_modules/react-use/esm/useRafLoop.js, /Users/runner/work/insomnia/insomnia/node_modules/react-use/esm/useRafState.js, /Users/runner/work/insomnia/insomnia/node_modules/react-use/esm/useRendersCount.js, /Users/runner/work/insomnia/insomnia/node_modules/react-use/esm/useScratch.js, /Users/runner/work/insomnia/insomnia/node_modules/react-use/esm/useScroll.js, /Users/runner/work/insomnia/insomnia/node_modules/react-use/esm/useScrollbarWidth.js, /Users/runner/work/insomnia/insomnia/node_modules/react-use/esm/useScrolling.js, /Users/runner/work/insomnia/insomnia/node_modules/react-use/esm/useSearchParam.js, /Users/runner/work/insomnia/insomnia/node_modules/react-use/esm/useSessionStorage.js, /Users/runner/work/insomnia/insomnia/node_modules/react-use/esm/useSet.js, /Users/runner/work/insomnia/insomnia/node_modules/react-use/esm/useSetState.js, /Users/runner/work/insomnia/insomnia/node_modules/react-use/esm/useSize.js, /Users/runner/work/insomnia/insomnia/node_modules/react-use/esm/useSlider.js, /Users/runner/work/insomnia/insomnia/node_modules/react-use/esm/useSpeech.js, /Users/runner/work/insomnia/insomnia/node_modules/react-use/esm/useStateList.js, /Users/runner/work/insomnia/insomnia/node_modules/react-use/esm/useStateValidator.js, /Users/runner/work/insomnia/insomnia/node_modules/react-use/esm/useStateWithHistory.js, /Users/runner/work/insomnia/insomnia/node_modules/react-use/esm/useThrottle.js, /Users/runner/work/insomnia/insomnia/node_modules/react-use/esm/useThrottleFn.js, /Users/runner/work/insomnia/insomnia/node_modules/react-use/esm/useTimeoutFn.js, /Users/runner/work/insomnia/insomnia/node_modules/react-use/esm/useTitle.js, /Users/runner/work/insomnia/insomnia/node_modules/react-use/esm/useToggle.js, /Users/runner/work/insomnia/insomnia/node_modules/react-use/esm/useUnmount.js, /Users/runner/work/insomnia/insomnia/node_modules/react-use/esm/useUnmountPromise.js, /Users/runner/work/insomnia/insomnia/node_modules/react-use/esm/useUpdate.js, /Users/runner/work/insomnia/insomnia/node_modules/react-use/esm/useUpdateEffect.js, /Users/runner/work/insomnia/insomnia/node_modules/react-use/esm/useVibrate.js, /Users/runner/work/insomnia/insomnia/node_modules/react-use/esm/useWindowScroll.js, /Users/runner/work/insomnia/insomnia/node_modules/react-use/esm/useWindowSize.js, /Users/runner/work/insomnia/insomnia/packages/insomnia/src/common/export.tsx, /Users/runner/work/insomnia/insomnia/packages/insomnia/src/plugins/context/app.tsx, /Users/runner/work/insomnia/insomnia/packages/insomnia/src/ui/components/app-loading-indicator.tsx, /Users/runner/work/insomnia/insomnia/packages/insomnia/src/ui/components/assets/svgr/IcnArrowRight.tsx, /Users/runner/work/insomnia/insomnia/packages/insomnia/src/ui/components/assets/svgr/IcnBitbucketLogo.tsx, /Users/runner/work/insomnia/insomnia/packages/insomnia/src/ui/components/assets/svgr/IcnBrackets.tsx, /Users/runner/work/insomnia/insomnia/packages/insomnia/src/ui/components/assets/svgr/IcnBug.tsx, /Users/runner/work/insomnia/insomnia/packages/insomnia/src/ui/components/assets/svgr/IcnBurgerMenu.tsx, /Users/runner/work/insomnia/insomnia/packages/insomnia/src/ui/components/assets/svgr/IcnCheckmark.tsx, /Users/runner/work/insomnia/insomnia/packages/insomnia/src/ui/components/assets/svgr/IcnCheckmarkCircle.tsx, /Users/runner/work/insomnia/insomnia/packages/insomnia/src/ui/components/assets/svgr/IcnChevronDown.tsx, /Users/runner/work/insomnia/insomnia/packages/insomnia/src/ui/components/assets/svgr/IcnChevronUp.tsx, /Users/runner/work/insomnia/insomnia/packages/insomnia/src/ui/components/assets/svgr/IcnClock.tsx, /Users/runner/work/insomnia/insomnia/packages/insomnia/src/ui/components/assets/svgr/IcnCookie.tsx, /Users/runner/work/insomnia/insomnia/packages/insomnia/src/ui/components/assets/svgr/IcnDisconnected.tsx, /Users/runner/work/insomnia/insomnia/packages/insomnia/src/ui/components/assets/svgr/IcnDraftingCompass.tsx, /Users/runner/work/insomnia/insomnia/packages/insomnia/src/ui/components/assets/svgr/IcnDragGrip.tsx, /Users/runner/work/insomnia/insomnia/packages/insomnia/src/ui/components/assets/svgr/IcnElevator.tsx, /Users/runner/work/insomnia/insomnia/packages/insomnia/src/ui/components/assets/svgr/IcnEllipsis.tsx, /Users/runner/work/insomnia/insomnia/packages/insomnia/src/ui/components/assets/svgr/IcnEllipsisCircle.tsx, /Users/runner/work/insomnia/insomnia/packages/insomnia/src/ui/components/assets/svgr/IcnEmpty.tsx, /Users/runner/work/insomnia/insomnia/packages/insomnia/src/ui/components/assets/svgr/IcnErrors.tsx, /Users/runner/work/insomnia/insomnia/packages/insomnia/src/ui/components/assets/svgr/IcnFile.tsx, /Users/runner/work/insomnia/insomnia/packages/insomnia/src/ui/components/assets/svgr/IcnFolder.tsx, /Users/runner/work/insomnia/insomnia/packages/insomnia/src/ui/components/assets/svgr/IcnFolderOpen.tsx, /Users/runner/work/insomnia/insomnia/packages/insomnia/src/ui/components/assets/svgr/IcnGear.tsx, /Users/runner/work/insomnia/insomnia/packages/insomnia/src/ui/components/assets/svgr/IcnGitBranch.tsx, /Users/runner/work/insomnia/insomnia/packages/insomnia/src/ui/components/assets/svgr/IcnGithubLogo.tsx, /Users/runner/work/insomnia/insomnia/packages/insomnia/src/ui/components/assets/svgr/IcnGitlabLogo.tsx, /Users/runner/work/insomnia/insomnia/packages/insomnia/src/ui/components/assets/svgr/IcnGlobe.tsx, /Users/runner/work/insomnia/insomnia/packages/insomnia/src/ui/components/assets/svgr/IcnGui.tsx, /Users/runner/work/insomnia/insomnia/packages/insomnia/src/ui/components/assets/svgr/IcnHeart.tsx, /Users/runner/work/insomnia/insomnia/packages/insomnia/src/ui/components/assets/svgr/IcnHome.tsx, /Users/runner/work/insomnia/insomnia/packages/insomnia/src/ui/components/assets/svgr/IcnIndentation.tsx, /Users/runner/work/insomnia/insomnia/packages/insomnia/src/ui/components/assets/svgr/IcnInfo.tsx, /Users/runner/work/insomnia/insomnia/packages/insomnia/src/ui/components/assets/svgr/IcnJump.tsx, /Users/runner/work/insomnia/insomnia/packages/insomnia/src/ui/components/assets/svgr/IcnKey.tsx, /Users/runner/work/insomnia/insomnia/packages/insomnia/src/ui/components/assets/svgr/IcnLaptop.tsx, /Users/runner/work/insomnia/insomnia/packages/insomnia/src/ui/components/assets/svgr/IcnMinusCircle.tsx, /Users/runner/work/insomnia/insomnia/packages/insomnia/src/ui/components/assets/svgr/IcnMinusCircleFill.tsx, /Users/runner/work/insomnia/insomnia/packages/insomnia/src/ui/components/assets/svgr/IcnPlaceholder.tsx, /Users/runner/work/insomnia/insomnia/packages/insomnia/src/ui/components/assets/svgr/IcnPlay.tsx, /Users/runner/work/insomnia/insomnia/packages/insomnia/src/ui/components/assets/svgr/IcnPlus.tsx, /Users/runner/work/insomnia/insomnia/packages/insomnia/src/ui/components/assets/svgr/IcnProhibited.tsx, /Users/runner/work/insomnia/insomnia/packages/insomnia/src/ui/components/assets/svgr/IcnQuestion.tsx, /Users/runner/work/insomnia/insomnia/packages/insomnia/src/ui/components/assets/svgr/IcnQuestionFill.tsx, /Users/runner/work/insomnia/insomnia/packages/insomnia/src/ui/components/assets/svgr/IcnReceive.tsx, /Users/runner/work/insomnia/insomnia/packages/insomnia/src/ui/components/assets/svgr/IcnSearch.tsx, /Users/runner/work/insomnia/insomnia/packages/insomnia/src/ui/components/assets/svgr/IcnSecCert.tsx, /Users/runner/work/insomnia/insomnia/packages/insomnia/src/ui/components/assets/svgr/IcnSent.tsx, /Users/runner/work/insomnia/insomnia/packages/insomnia/src/ui/components/assets/svgr/IcnSuccess.tsx, /Users/runner/work/insomnia/insomnia/packages/insomnia/src/ui/components/assets/svgr/IcnSync.tsx, /Users/runner/work/insomnia/insomnia/packages/insomnia/src/ui/components/assets/svgr/IcnSystemEvent.tsx, /Users/runner/work/insomnia/insomnia/packages/insomnia/src/ui/components/assets/svgr/IcnTrashcan.tsx, /Users/runner/work/insomnia/insomnia/packages/insomnia/src/ui/components/assets/svgr/IcnTriangle.tsx, /Users/runner/work/insomnia/insomnia/packages/insomnia/src/ui/components/assets/svgr/IcnUser.tsx, /Users/runner/work/insomnia/insomnia/packages/insomnia/src/ui/components/assets/svgr/IcnVial.tsx, /Users/runner/work/insomnia/insomnia/packages/insomnia/src/ui/components/assets/svgr/IcnWarning.tsx, /Users/runner/work/insomnia/insomnia/packages/insomnia/src/ui/components/assets/svgr/IcnWarningCircle.tsx, /Users/runner/work/insomnia/insomnia/packages/insomnia/src/ui/components/assets/svgr/IcnX.tsx, /Users/runner/work/insomnia/insomnia/packages/insomnia/src/ui/components/avatar.tsx, /Users/runner/work/insomnia/insomnia/packages/insomnia/src/ui/components/base/copy-button.tsx, /Users/runner/work/insomnia/insomnia/packages/insomnia/src/ui/components/base/dropdown/dropdown-hint.tsx, /Users/runner/work/insomnia/insomnia/packages/insomnia/src/ui/components/base/dropdown/dropdown.tsx, /Users/runner/work/insomnia/insomnia/packages/insomnia/src/ui/components/base/dropdown/item-content.tsx, /Users/runner/work/insomnia/insomnia/packages/insomnia/src/ui/components/base/dropdown/menu-item.tsx, /Users/runner/work/insomnia/insomnia/packages/insomnia/src/ui/components/base/dropdown/menu-section.tsx, /Users/runner/work/insomnia/insomnia/packages/insomnia/src/ui/components/base/dropdown/menu.tsx, /Users/runner/work/insomnia/insomnia/packages/insomnia/src/ui/components/base/dropdown/popover.tsx, /Users/runner/work/insomnia/insomnia/packages/insomnia/src/ui/components/base/file-input-button.tsx, /Users/runner/work/insomnia/insomnia/packages/insomnia/src/ui/components/base/link.tsx, /Users/runner/work/insomnia/insomnia/packages/insomnia/src/ui/components/base/modal-body.tsx, /Users/runner/work/insomnia/insomnia/packages/insomnia/src/ui/components/base/modal-footer.tsx, /Users/runner/work/insomnia/insomnia/packages/insomnia/src/ui/components/base/modal-header.tsx, /Users/runner/work/insomnia/insomnia/packages/insomnia/src/ui/components/base/modal.tsx, /Users/runner/work/insomnia/insomnia/packages/insomnia/src/ui/components/base/prompt-button.tsx, /Users/runner/work/insomnia/insomnia/packages/insomnia/src/ui/components/buttons/grpc-send-button.tsx, /Users/runner/work/insomnia/insomnia/packages/insomnia/src/ui/components/check-for-updates-button.tsx, /Users/runner/work/insomnia/insomnia/packages/insomnia/src/ui/components/codemirror/code-editor.tsx, /Users/runner/work/insomnia/insomnia/packages/insomnia/src/ui/components/codemirror/one-line-editor.tsx, /Users/runner/work/insomnia/insomnia/packages/insomnia/src/ui/components/command-palette.tsx, /Users/runner/work/insomnia/insomnia/packages/insomnia/src/ui/components/design-empty-state.tsx, /Users/runner/work/insomnia/insomnia/packages/insomnia/src/ui/components/diff-view-editor.tsx, /Users/runner/work/insomnia/insomnia/packages/insomnia/src/ui/components/document-tab.tsx, /Users/runner/work/insomnia/insomnia/packages/insomnia/src/ui/components/dropdowns/auth-dropdown.tsx, /Users/runner/work/insomnia/insomnia/packages/insomnia/src/ui/components/dropdowns/content-type-dropdown.tsx, /Users/runner/work/insomnia/insomnia/packages/insomnia/src/ui/components/dropdowns/git-project-sync-dropdown.tsx, /Users/runner/work/insomnia/insomnia/packages/insomnia/src/ui/components/dropdowns/git-sync-dropdown.tsx, /Users/runner/work/insomnia/insomnia/packages/insomnia/src/ui/components/dropdowns/grpc-method-dropdown/grpc-method-dropdown.tsx, /Users/runner/work/insomnia/insomnia/packages/insomnia/src/ui/components/dropdowns/method-dropdown.tsx, /Users/runner/work/insomnia/insomnia/packages/insomnia/src/ui/components/dropdowns/preview-mode-dropdown.tsx, /Users/runner/work/insomnia/insomnia/packages/insomnia/src/ui/components/dropdowns/project-dropdown.tsx, /Users/runner/work/insomnia/insomnia/packages/insomnia/src/ui/components/dropdowns/request-actions-dropdown.tsx, /Users/runner/work/insomnia/insomnia/packages/insomnia/src/ui/components/dropdowns/request-group-actions-dropdown.tsx, /Users/runner/work/insomnia/insomnia/packages/insomnia/src/ui/components/dropdowns/response-history-dropdown.tsx, /Users/runner/work/insomnia/insomnia/packages/insomnia/src/ui/components/dropdowns/sync-dropdown.tsx, /Users/runner/work/insomnia/insomnia/packages/insomnia/src/ui/components/dropdowns/websocket-preview-mode.tsx, /Users/runner/work/insomnia/insomnia/packages/insomnia/src/ui/components/dropdowns/workspace-card-dropdown.tsx, /Users/runner/work/insomnia/insomnia/packages/insomnia/src/ui/components/dropdowns/workspace-dropdown.tsx, /Users/runner/work/insomnia/insomnia/packages/insomnia/src/ui/components/dropdowns/workspace-sync-dropdown.tsx, /Users/runner/work/insomnia/insomnia/packages/insomnia/src/ui/components/editable-input.tsx, /Users/runner/work/insomnia/insomnia/packages/insomnia/src/ui/components/editors/auth/api-key-auth.tsx, /Users/runner/work/insomnia/insomnia/packages/insomnia/src/ui/components/editors/auth/asap-auth.tsx, /Users/runner/work/insomnia/insomnia/packages/insomnia/src/ui/components/editors/auth/auth-wrapper.tsx, /Users/runner/work/insomnia/insomnia/packages/insomnia/src/ui/components/editors/auth/aws-auth.tsx, /Users/runner/work/insomnia/insomnia/packages/insomnia/src/ui/components/editors/auth/basic-auth.tsx, /Users/runner/work/insomnia/insomnia/packages/insomnia/src/ui/components/editors/auth/bearer-auth.tsx, /Users/runner/work/insomnia/insomnia/packages/insomnia/src/ui/components/editors/auth/components/auth-accordion.tsx, /Users/runner/work/insomnia/insomnia/packages/insomnia/src/ui/components/editors/auth/components/auth-input-row.tsx, /Users/runner/work/insomnia/insomnia/packages/insomnia/src/ui/components/editors/auth/components/auth-private-key-row.tsx, /Users/runner/work/insomnia/insomnia/packages/insomnia/src/ui/components/editors/auth/components/auth-row.tsx, /Users/runner/work/insomnia/insomnia/packages/insomnia/src/ui/components/editors/auth/components/auth-select-row.tsx, /Users/runner/work/insomnia/insomnia/packages/insomnia/src/ui/components/editors/auth/components/auth-table-body.tsx, /Users/runner/work/insomnia/insomnia/packages/insomnia/src/ui/components/editors/auth/components/auth-toggle-row.tsx, /Users/runner/work/insomnia/insomnia/packages/insomnia/src/ui/components/editors/auth/digest-auth.tsx, /Users/runner/work/insomnia/insomnia/packages/insomnia/src/ui/components/editors/auth/hawk-auth.tsx, /Users/runner/work/insomnia/insomnia/packages/insomnia/src/ui/components/editors/auth/netrc-auth.tsx, /Users/runner/work/insomnia/insomnia/packages/insomnia/src/ui/components/editors/auth/ntlm-auth.tsx, /Users/runner/work/insomnia/insomnia/packages/insomnia/src/ui/components/editors/auth/o-auth-1-auth.tsx, /Users/runner/work/insomnia/insomnia/packages/insomnia/src/ui/components/editors/auth/o-auth-2-auth.tsx, /Users/runner/work/insomnia/insomnia/packages/insomnia/src/ui/components/editors/body/body-editor.tsx, /Users/runner/work/insomnia/insomnia/packages/insomnia/src/ui/components/editors/body/file-editor.tsx, /Users/runner/work/insomnia/insomnia/packages/insomnia/src/ui/components/editors/body/form-editor.tsx, /Users/runner/work/insomnia/insomnia/packages/insomnia/src/ui/components/editors/body/graph-ql-editor.tsx, /Users/runner/work/insomnia/insomnia/packages/insomnia/src/ui/components/editors/body/raw-editor.tsx, /Users/runner/work/insomnia/insomnia/packages/insomnia/src/ui/components/editors/body/url-encoded-editor.tsx, /Users/runner/work/insomnia/insomnia/packages/insomnia/src/ui/components/editors/environment-editor.tsx, /Users/runner/work/insomnia/insomnia/packages/insomnia/src/ui/components/editors/environment-key-value-editor/key-value-editor.tsx, /Users/runner/work/insomnia/insomnia/packages/insomnia/src/ui/components/editors/environment-key-value-editor/password-input.tsx, /Users/runner/work/insomnia/insomnia/packages/insomnia/src/ui/components/editors/environment-utils.tsx, /Users/runner/work/insomnia/insomnia/packages/insomnia/src/ui/components/editors/mock-response-extractor.tsx, /Users/runner/work/insomnia/insomnia/packages/insomnia/src/ui/components/editors/mock-response-headers-editor.tsx, /Users/runner/work/insomnia/insomnia/packages/insomnia/src/ui/components/editors/request-headers-editor.tsx, /Users/runner/work/insomnia/insomnia/packages/insomnia/src/ui/components/editors/request-parameters-editor.tsx, /Users/runner/work/insomnia/insomnia/packages/insomnia/src/ui/components/editors/request-script-editor.tsx, /Users/runner/work/insomnia/insomnia/packages/insomnia/src/ui/components/encoding-picker.tsx, /Users/runner/work/insomnia/insomnia/packages/insomnia/src/ui/components/environment-picker.tsx, /Users/runner/work/insomnia/insomnia/packages/insomnia/src/ui/components/error-boundary.tsx, /Users/runner/work/insomnia/insomnia/packages/insomnia/src/ui/components/git-credentials/custom-repository-settings-form.tsx, /Users/runner/work/insomnia/insomnia/packages/insomnia/src/ui/components/git-credentials/github-repository-select.tsx, /Users/runner/work/insomnia/insomnia/packages/insomnia/src/ui/components/git-credentials/github-repository-settings-form.tsx, /Users/runner/work/insomnia/insomnia/packages/insomnia/src/ui/components/git-credentials/gitlab-repository-settings-form.tsx, /Users/runner/work/insomnia/insomnia/packages/insomnia/src/ui/components/github-app-config-link.tsx, /Users/runner/work/insomnia/insomnia/packages/insomnia/src/ui/components/github-stars-button.tsx, /Users/runner/work/insomnia/insomnia/packages/insomnia/src/ui/components/graph-ql-explorer/graph-ql-default-value.tsx, /Users/runner/work/insomnia/insomnia/packages/insomnia/src/ui/components/graph-ql-explorer/graph-ql-explorer-arg-links.tsx, /Users/runner/work/insomnia/insomnia/packages/insomnia/src/ui/components/graph-ql-explorer/graph-ql-explorer-enum.tsx, /Users/runner/work/insomnia/insomnia/packages/insomnia/src/ui/components/graph-ql-explorer/graph-ql-explorer-field-link.tsx, /Users/runner/work/insomnia/insomnia/packages/insomnia/src/ui/components/graph-ql-explorer/graph-ql-explorer-field.tsx, /Users/runner/work/insomnia/insomnia/packages/insomnia/src/ui/components/graph-ql-explorer/graph-ql-explorer-fields-list.tsx, /Users/runner/work/insomnia/insomnia/packages/insomnia/src/ui/components/graph-ql-explorer/graph-ql-explorer-schema.tsx, /Users/runner/work/insomnia/insomnia/packages/insomnia/src/ui/components/graph-ql-explorer/graph-ql-explorer-search-results.tsx, /Users/runner/work/insomnia/insomnia/packages/insomnia/src/ui/components/graph-ql-explorer/graph-ql-explorer-type-link.tsx, /Users/runner/work/insomnia/insomnia/packages/insomnia/src/ui/components/graph-ql-explorer/graph-ql-explorer-type.tsx, /Users/runner/work/insomnia/insomnia/packages/insomnia/src/ui/components/graph-ql-explorer/graph-ql-explorer.tsx, /Users/runner/work/insomnia/insomnia/packages/insomnia/src/ui/components/header-invite-button.tsx, /Users/runner/work/insomnia/insomnia/packages/insomnia/src/ui/components/header-user-button.tsx, /Users/runner/work/insomnia/insomnia/packages/insomnia/src/ui/components/help-tooltip.tsx, /Users/runner/work/insomnia/insomnia/packages/insomnia/src/ui/components/hotkey.tsx, /Users/runner/work/insomnia/insomnia/packages/insomnia/src/ui/components/html-element-wrapper.tsx, /Users/runner/work/insomnia/insomnia/packages/insomnia/src/ui/components/icon.tsx, /Users/runner/work/insomnia/insomnia/packages/insomnia/src/ui/components/insomnia-ai-icon.tsx, /Users/runner/work/insomnia/insomnia/packages/insomnia/src/ui/components/insomnia-icon.tsx, /Users/runner/work/insomnia/insomnia/packages/insomnia/src/ui/components/key-value-editor/key-value-editor.tsx, /Users/runner/work/insomnia/insomnia/packages/insomnia/src/ui/components/keydown-binder.ts, /Users/runner/work/insomnia/insomnia/packages/insomnia/src/ui/components/markdown-editor.tsx, /Users/runner/work/insomnia/insomnia/packages/insomnia/src/ui/components/markdown-preview.tsx, /Users/runner/work/insomnia/insomnia/packages/insomnia/src/ui/components/mocks/mock-response-pane.tsx, /Users/runner/work/insomnia/insomnia/packages/insomnia/src/ui/components/mocks/mock-url-bar.tsx, /Users/runner/work/insomnia/insomnia/packages/insomnia/src/ui/components/modals/add-key-combination-modal.tsx, /Users/runner/work/insomnia/insomnia/packages/insomnia/src/ui/components/modals/add-request-to-collection-modal.tsx, /Users/runner/work/insomnia/insomnia/packages/insomnia/src/ui/components/modals/alert-modal.tsx, /Users/runner/work/insomnia/insomnia/packages/insomnia/src/ui/components/modals/ask-modal.tsx, /Users/runner/work/insomnia/insomnia/packages/insomnia/src/ui/components/modals/cli-preview-modal.tsx, /Users/runner/work/insomnia/insomnia/packages/insomnia/src/ui/components/modals/code-prompt-modal.tsx, /Users/runner/work/insomnia/insomnia/packages/insomnia/src/ui/components/modals/cookies-modal.tsx, /Users/runner/work/insomnia/insomnia/packages/insomnia/src/ui/components/modals/error-modal.tsx, /Users/runner/work/insomnia/insomnia/packages/insomnia/src/ui/components/modals/export-requests-modal.tsx, /Users/runner/work/insomnia/insomnia/packages/insomnia/src/ui/components/modals/filter-help-modal.tsx, /Users/runner/work/insomnia/insomnia/packages/insomnia/src/ui/components/modals/generate-code-modal.tsx, /Users/runner/work/insomnia/insomnia/packages/insomnia/src/ui/components/modals/git-branches-modal.tsx, /Users/runner/work/insomnia/insomnia/packages/insomnia/src/ui/components/modals/git-log-modal.tsx, /Users/runner/work/insomnia/insomnia/packages/insomnia/src/ui/components/modals/git-project-branches-modal.tsx, /Users/runner/work/insomnia/insomnia/packages/insomnia/src/ui/components/modals/git-project-log-modal.tsx, /Users/runner/work/insomnia/insomnia/packages/insomnia/src/ui/components/modals/git-project-staging-modal.tsx, /Users/runner/work/insomnia/insomnia/packages/insomnia/src/ui/components/modals/git-repository-settings-modal/git-project-repo-clone-modal.tsx, /Users/runner/work/insomnia/insomnia/packages/insomnia/src/ui/components/modals/git-repository-settings-modal/git-project-repository-settings-modal.tsx, /Users/runner/work/insomnia/insomnia/packages/insomnia/src/ui/components/modals/git-repository-settings-modal/git-repo-clone-modal.tsx, /Users/runner/work/insomnia/insomnia/packages/insomnia/src/ui/components/modals/git-repository-settings-modal/git-repository-settings-modal.tsx, /Users/runner/work/insomnia/insomnia/packages/insomnia/src/ui/components/modals/git-staging-modal.tsx, /Users/runner/work/insomnia/insomnia/packages/insomnia/src/ui/components/modals/import-modal.tsx, /Users/runner/work/insomnia/insomnia/packages/insomnia/src/ui/components/modals/input-vault-key-modal.tsx, /Users/runner/work/insomnia/insomnia/packages/insomnia/src/ui/components/modals/invite-modal/invite-form.tsx, /Users/runner/work/insomnia/insomnia/packages/insomnia/src/ui/components/modals/invite-modal/invite-modal.tsx, /Users/runner/work/insomnia/insomnia/packages/insomnia/src/ui/components/modals/invite-modal/organization-member-roles-selector.tsx, /Users/runner/work/insomnia/insomnia/packages/insomnia/src/ui/components/modals/new-workspace-modal.tsx, /Users/runner/work/insomnia/insomnia/packages/insomnia/src/ui/components/modals/nunjucks-modal.tsx, /Users/runner/work/insomnia/insomnia/packages/insomnia/src/ui/components/modals/paste-curl-modal.tsx, /Users/runner/work/insomnia/insomnia/packages/insomnia/src/ui/components/modals/project-modal.tsx, /Users/runner/work/insomnia/insomnia/packages/insomnia/src/ui/components/modals/prompt-modal.tsx, /Users/runner/work/insomnia/insomnia/packages/insomnia/src/ui/components/modals/proto-files-modal.tsx, /Users/runner/work/insomnia/insomnia/packages/insomnia/src/ui/components/modals/request-group-settings-modal.tsx, /Users/runner/work/insomnia/insomnia/packages/insomnia/src/ui/components/modals/request-render-error-modal.tsx, /Users/runner/work/insomnia/insomnia/packages/insomnia/src/ui/components/modals/request-settings-modal.tsx, /Users/runner/work/insomnia/insomnia/packages/insomnia/src/ui/components/modals/response-debug-modal.tsx, /Users/runner/work/insomnia/insomnia/packages/insomnia/src/ui/components/modals/select-modal.tsx, /Users/runner/work/insomnia/insomnia/packages/insomnia/src/ui/components/modals/settings-modal.tsx, /Users/runner/work/insomnia/insomnia/packages/insomnia/src/ui/components/modals/sync-branches-modal.tsx, /Users/runner/work/insomnia/insomnia/packages/insomnia/src/ui/components/modals/sync-history-modal.tsx, /Users/runner/work/insomnia/insomnia/packages/insomnia/src/ui/components/modals/sync-merge-modal.tsx, /Users/runner/work/insomnia/insomnia/packages/insomnia/src/ui/components/modals/sync-staging-modal.tsx, /Users/runner/work/insomnia/insomnia/packages/insomnia/src/ui/components/modals/upgrade-modal.tsx, /Users/runner/work/insomnia/insomnia/packages/insomnia/src/ui/components/modals/upload-runner-data-modal.tsx, /Users/runner/work/insomnia/insomnia/packages/insomnia/src/ui/components/modals/variable-missing-error-modal.tsx, /Users/runner/work/insomnia/insomnia/packages/insomnia/src/ui/components/modals/workspace-certificates-modal.tsx, /Users/runner/work/insomnia/insomnia/packages/insomnia/src/ui/components/modals/workspace-duplicate-modal.tsx, /Users/runner/work/insomnia/insomnia/packages/insomnia/src/ui/components/modals/workspace-environments-edit-modal.tsx, /Users/runner/work/insomnia/insomnia/packages/insomnia/src/ui/components/modals/workspace-settings-modal.tsx, /Users/runner/work/insomnia/insomnia/packages/insomnia/src/ui/components/modals/wrapper-modal.tsx, /Users/runner/work/insomnia/insomnia/packages/insomnia/src/ui/components/organization-avatar.tsx, /Users/runner/work/insomnia/insomnia/packages/insomnia/src/ui/components/panes/blank-pane.tsx, /Users/runner/work/insomnia/insomnia/packages/insomnia/src/ui/components/panes/empty-state-pane.tsx, /Users/runner/work/insomnia/insomnia/packages/insomnia/src/ui/components/panes/grpc-request-pane.tsx, /Users/runner/work/insomnia/insomnia/packages/insomnia/src/ui/components/panes/grpc-response-pane.tsx, /Users/runner/work/insomnia/insomnia/packages/insomnia/src/ui/components/panes/no-project-view.tsx, /Users/runner/work/insomnia/insomnia/packages/insomnia/src/ui/components/panes/pane.tsx, /Users/runner/work/insomnia/insomnia/packages/insomnia/src/ui/components/panes/placeholder-request-pane.tsx, /Users/runner/work/insomnia/insomnia/packages/insomnia/src/ui/components/panes/placeholder-response-pane.tsx, /Users/runner/work/insomnia/insomnia/packages/insomnia/src/ui/components/panes/request-group-pane.tsx, /Users/runner/work/insomnia/insomnia/packages/insomnia/src/ui/components/panes/request-pane.tsx, /Users/runner/work/insomnia/insomnia/packages/insomnia/src/ui/components/panes/request-test-result-pane.tsx, /Users/runner/work/insomnia/insomnia/packages/insomnia/src/ui/components/panes/response-pane.tsx, /Users/runner/work/insomnia/insomnia/packages/insomnia/src/ui/components/panes/runner-result-history-pane.tsx, /Users/runner/work/insomnia/insomnia/packages/insomnia/src/ui/components/panes/runner-test-result-pane.tsx, /Users/runner/work/insomnia/insomnia/packages/insomnia/src/ui/components/present-users.tsx, /Users/runner/work/insomnia/insomnia/packages/insomnia/src/ui/components/project/project-empty-view.tsx, /Users/runner/work/insomnia/insomnia/packages/insomnia/src/ui/components/project/project-settings-form.tsx, /Users/runner/work/insomnia/insomnia/packages/insomnia/src/ui/components/proto-file/proto-file-list.tsx, /Users/runner/work/insomnia/insomnia/packages/insomnia/src/ui/components/rendered-query-string.tsx, /Users/runner/work/insomnia/insomnia/packages/insomnia/src/ui/components/rendered-text.tsx, /Users/runner/work/insomnia/insomnia/packages/insomnia/src/ui/components/request-url-bar.tsx, /Users/runner/work/insomnia/insomnia/packages/insomnia/src/ui/components/response-timer.tsx, /Users/runner/work/insomnia/insomnia/packages/insomnia/src/ui/components/settings/ai.tsx, /Users/runner/work/insomnia/insomnia/packages/insomnia/src/ui/components/settings/boolean-setting.tsx, /Users/runner/work/insomnia/insomnia/packages/insomnia/src/ui/components/settings/enum-setting.tsx, /Users/runner/work/insomnia/insomnia/packages/insomnia/src/ui/components/settings/general.tsx, /Users/runner/work/insomnia/insomnia/packages/insomnia/src/ui/components/settings/import-export.tsx, /Users/runner/work/insomnia/insomnia/packages/insomnia/src/ui/components/settings/masked-setting.tsx, /Users/runner/work/insomnia/insomnia/packages/insomnia/src/ui/components/settings/number-setting.tsx, /Users/runner/work/insomnia/insomnia/packages/insomnia/src/ui/components/settings/plugins.tsx, /Users/runner/work/insomnia/insomnia/packages/insomnia/src/ui/components/settings/shortcuts.tsx, /Users/runner/work/insomnia/insomnia/packages/insomnia/src/ui/components/settings/text-setting.tsx, /Users/runner/work/insomnia/insomnia/packages/insomnia/src/ui/components/settings/theme-panel.tsx, /Users/runner/work/insomnia/insomnia/packages/insomnia/src/ui/components/settings/vault-key-panel.tsx, /Users/runner/work/insomnia/insomnia/packages/insomnia/src/ui/components/svg-icon.tsx, /Users/runner/work/insomnia/insomnia/packages/insomnia/src/ui/components/tabs/tab-list.tsx, /Users/runner/work/insomnia/insomnia/packages/insomnia/src/ui/components/tabs/tab.tsx, /Users/runner/work/insomnia/insomnia/packages/insomnia/src/ui/components/tags/grpc-status-tag.tsx, /Users/runner/work/insomnia/insomnia/packages/insomnia/src/ui/components/tags/method-tag.tsx, /Users/runner/work/insomnia/insomnia/packages/insomnia/src/ui/components/tags/size-tag.tsx, /Users/runner/work/insomnia/insomnia/packages/insomnia/src/ui/components/tags/status-tag.tsx, /Users/runner/work/insomnia/insomnia/packages/insomnia/src/ui/components/tags/time-tag.tsx, /Users/runner/work/insomnia/insomnia/packages/insomnia/src/ui/components/tags/url-tag.tsx, /Users/runner/work/insomnia/insomnia/packages/insomnia/src/ui/components/templating/tag-editor.tsx, /Users/runner/work/insomnia/insomnia/packages/insomnia/src/ui/components/templating/variable-editor.tsx, /Users/runner/work/insomnia/insomnia/packages/insomnia/src/ui/components/themed-button/async-button.tsx, /Users/runner/work/insomnia/insomnia/packages/insomnia/src/ui/components/themed-button/button.tsx, /Users/runner/work/insomnia/insomnia/packages/insomnia/src/ui/components/time-from-now.tsx, /Users/runner/work/insomnia/insomnia/packages/insomnia/src/ui/components/toast.tsx, /Users/runner/work/insomnia/insomnia/packages/insomnia/src/ui/components/tooltip.tsx, /Users/runner/work/insomnia/insomnia/packages/insomnia/src/ui/components/trail-lines-container.tsx, /Users/runner/work/insomnia/insomnia/packages/insomnia/src/ui/components/trail-lines.tsx, /Users/runner/work/insomnia/insomnia/packages/insomnia/src/ui/components/viewers/password-viewer.tsx, /Users/runner/work/insomnia/insomnia/packages/insomnia/src/ui/components/viewers/response-cookies-viewer.tsx, /Users/runner/work/insomnia/insomnia/packages/insomnia/src/ui/components/viewers/response-csv-viewer.tsx, /Users/runner/work/insomnia/insomnia/packages/insomnia/src/ui/components/viewers/response-error-viewer.tsx, /Users/runner/work/insomnia/insomnia/packages/insomnia/src/ui/components/viewers/response-headers-viewer.tsx, /Users/runner/work/insomnia/insomnia/packages/insomnia/src/ui/components/viewers/response-multipart-viewer.tsx, /Users/runner/work/insomnia/insomnia/packages/insomnia/src/ui/components/viewers/response-pdf-viewer.tsx, /Users/runner/work/insomnia/insomnia/packages/insomnia/src/ui/components/viewers/response-timeline-viewer.tsx, /Users/runner/work/insomnia/insomnia/packages/insomnia/src/ui/components/viewers/response-viewer.tsx, /Users/runner/work/insomnia/insomnia/packages/insomnia/src/ui/components/viewers/response-web-view.tsx, /Users/runner/work/insomnia/insomnia/packages/insomnia/src/ui/components/websockets/action-bar.tsx, /Users/runner/work/insomnia/insomnia/packages/insomnia/src/ui/components/websockets/disconnect-button.tsx, /Users/runner/work/insomnia/insomnia/packages/insomnia/src/ui/components/websockets/event-log-view.tsx, /Users/runner/work/insomnia/insomnia/packages/insomnia/src/ui/components/websockets/event-view.tsx, /Users/runner/work/insomnia/insomnia/packages/insomnia/src/ui/components/websockets/realtime-response-pane.tsx, /Users/runner/work/insomnia/insomnia/packages/insomnia/src/ui/components/websockets/websocket-preview-dropdown.tsx, /Users/runner/work/insomnia/insomnia/packages/insomnia/src/ui/components/websockets/websocket-request-pane.tsx, /Users/runner/work/insomnia/insomnia/packages/insomnia/src/ui/containers/app-hooks.tsx, /Users/runner/work/insomnia/insomnia/packages/insomnia/src/ui/context/app/ai-context.tsx, /Users/runner/work/insomnia/insomnia/packages/insomnia/src/ui/context/app/insomnia-event-stream-context.tsx, /Users/runner/work/insomnia/insomnia/packages/insomnia/src/ui/context/app/insomnia-tab-context.tsx, /Users/runner/work/insomnia/insomnia/packages/insomnia/src/ui/context/app/runner-context.tsx, /Users/runner/work/insomnia/insomnia/packages/insomnia/src/ui/context/nunjucks/nunjucks-enabled-context.tsx, /Users/runner/work/insomnia/insomnia/packages/insomnia/src/ui/context/nunjucks/use-nunjucks.ts, /Users/runner/work/insomnia/insomnia/packages/insomnia/src/ui/hooks/image-cache.tsx, /Users/runner/work/insomnia/insomnia/packages/insomnia/src/ui/hooks/theme.ts, /Users/runner/work/insomnia/insomnia/packages/insomnia/src/ui/hooks/use-close-connection.ts, /Users/runner/work/insomnia/insomnia/packages/insomnia/src/ui/hooks/use-editor-refresh.ts, /Users/runner/work/insomnia/insomnia/packages/insomnia/src/ui/hooks/use-execution-state.ts, /Users/runner/work/insomnia/insomnia/packages/insomnia/src/ui/hooks/use-insomnia-tab.ts, /Users/runner/work/insomnia/insomnia/packages/insomnia/src/ui/hooks/use-loader-defer-data.ts, /Users/runner/work/insomnia/insomnia/packages/insomnia/src/ui/hooks/use-loading-record.ts, /Users/runner/work/insomnia/insomnia/packages/insomnia/src/ui/hooks/use-organization-features.tsx, /Users/runner/work/insomnia/insomnia/packages/insomnia/src/ui/hooks/use-ready-state.ts, /Users/runner/work/insomnia/insomnia/packages/insomnia/src/ui/hooks/use-realtime-connection-events.ts, /Users/runner/work/insomnia/insomnia/packages/insomnia/src/ui/hooks/use-resize-observer.tsx, /Users/runner/work/insomnia/insomnia/packages/insomnia/src/ui/hooks/use-runner-request-list.tsx, /Users/runner/work/insomnia/insomnia/packages/insomnia/src/ui/hooks/use-settings-side-effects.ts, /Users/runner/work/insomnia/insomnia/packages/insomnia/src/ui/hooks/use-state-ref.ts, /Users/runner/work/insomnia/insomnia/packages/insomnia/src/ui/hooks/use-theme-change.ts, /Users/runner/work/insomnia/insomnia/packages/insomnia/src/ui/hooks/use-vcs-version.ts, /Users/runner/work/insomnia/insomnia/packages/insomnia/src/ui/hooks/useTimeoutWhen.ts, /Users/runner/work/insomnia/insomnia/packages/insomnia/src/ui/index.tsx, /Users/runner/work/insomnia/insomnia/packages/insomnia/src/ui/routes/auth.authorize.tsx, /Users/runner/work/insomnia/insomnia/packages/insomnia/src/ui/routes/auth.login.tsx, /Users/runner/work/insomnia/insomnia/packages/insomnia/src/ui/routes/auth.tsx, /Users/runner/work/insomnia/insomnia/packages/insomnia/src/ui/routes/debug.tsx, /Users/runner/work/insomnia/insomnia/packages/insomnia/src/ui/routes/design.tsx, /Users/runner/work/insomnia/insomnia/packages/insomnia/src/ui/routes/environments.tsx, /Users/runner/work/insomnia/insomnia/packages/insomnia/src/ui/routes/error.tsx, /Users/runner/work/insomnia/insomnia/packages/insomnia/src/ui/routes/mock-route.tsx, /Users/runner/work/insomnia/insomnia/packages/insomnia/src/ui/routes/mock-server.tsx, /Users/runner/work/insomnia/insomnia/packages/insomnia/src/ui/routes/modals.tsx, /Users/runner/work/insomnia/insomnia/packages/insomnia/src/ui/routes/onboarding.migrate.tsx, /Users/runner/work/insomnia/insomnia/packages/insomnia/src/ui/routes/onboarding.tsx, /Users/runner/work/insomnia/insomnia/packages/insomnia/src/ui/routes/organization.tsx, /Users/runner/work/insomnia/insomnia/packages/insomnia/src/ui/routes/project.tsx, /Users/runner/work/insomnia/insomnia/packages/insomnia/src/ui/routes/root.tsx, /Users/runner/work/insomnia/insomnia/packages/insomnia/src/ui/routes/runner.tsx, /Users/runner/work/insomnia/insomnia/packages/insomnia/src/ui/routes/test-results.tsx, /Users/runner/work/insomnia/insomnia/packages/insomnia/src/ui/routes/test-suite.tsx, /Users/runner/work/insomnia/insomnia/packages/insomnia/src/ui/routes/unit-test.tsx, /Users/runner/work/insomnia/insomnia/packages/insomnia/src/ui/routes/workspace.tsx, dynamic import will not move module into another chunk.
2025-04-14T17:14:11.5459610Z [39m
2025-04-14T17:14:11.5460410Z [1m[33m[plugin:vite:reporter][39m[22m [33m[plugin vite:reporter] 
2025-04-14T17:14:11.5478920Z (!) /Users/runner/work/insomnia/insomnia/node_modules/react-dom/index.js is dynamically imported by /Users/runner/work/insomnia/insomnia/packages/insomnia/src/plugins/context/app.tsx but also statically imported by  /Users/runner/work/insomnia/insomnia/node_modules/react-dom/index.js?commonjs-proxy, /Users/runner/work/insomnia/insomnia/node_modules/@react-aria/collections/dist/CollectionBuilder.mjs, /Users/runner/work/insomnia/insomnia/node_modules/@react-aria/disclosure/dist/useDisclosure.mjs, /Users/runner/work/insomnia/insomnia/node_modules/@react-aria/dnd/dist/DragPreview.mjs, /Users/runner/work/insomnia/insomnia/node_modules/@react-aria/interactions/dist/usePress.mjs, /Users/runner/work/insomnia/insomnia/node_modules/@react-aria/overlays/dist/Overlay.mjs, /Users/runner/work/insomnia/insomnia/node_modules/@react-aria/overlays/dist/useModal.mjs, /Users/runner/work/insomnia/insomnia/node_modules/@react-aria/selection/dist/useSelectableCollection.mjs, /Users/runner/work/insomnia/insomnia/node_modules/@react-aria/utils/dist/animation.mjs, /Users/runner/work/insomnia/insomnia/node_modules/@react-aria/virtualizer/dist/ScrollView.mjs, /Users/runner/work/insomnia/insomnia/node_modules/@tanstack/react-virtual/dist/esm/index.js, /Users/runner/work/insomnia/insomnia/node_modules/react-aria-components/dist/Table.mjs, /Users/runner/work/insomnia/insomnia/node_modules/react-aria-components/dist/Toast.mjs, /Users/runner/work/insomnia/insomnia/node_modules/react-router-dom/dist/index.js, /Users/runner/work/insomnia/insomnia/packages/insomnia/src/ui/components/editors/body/graph-ql-editor.tsx, dynamic import will not move module into another chunk.
2025-04-14T17:14:11.5492550Z [39m
2025-04-14T17:14:11.5493330Z [1m[33m[plugin:vite:reporter][39m[22m [33m[plugin vite:reporter] 
2025-04-14T17:14:11.5510800Z (!) /Users/runner/work/insomnia/insomnia/packages/insomnia/src/plugins/index.ts is dynamically imported by /Users/runner/work/insomnia/insomnia/packages/insomnia/src/templating/index.ts but also statically imported by /Users/runner/work/insomnia/insomnia/packages/insomnia/src/common/har.ts, /Users/runner/work/insomnia/insomnia/packages/insomnia/src/network/network.ts, /Users/runner/work/insomnia/insomnia/packages/insomnia/src/plugins/misc.ts, /Users/runner/work/insomnia/insomnia/packages/insomnia/src/ui/components/dropdowns/request-actions-dropdown.tsx, /Users/runner/work/insomnia/insomnia/packages/insomnia/src/ui/components/dropdowns/request-group-actions-dropdown.tsx, /Users/runner/work/insomnia/insomnia/packages/insomnia/src/ui/components/dropdowns/workspace-card-dropdown.tsx, /Users/runner/work/insomnia/insomnia/packages/insomnia/src/ui/components/dropdowns/workspace-dropdown.tsx, /Users/runner/work/insomnia/insomnia/packages/insomnia/src/ui/components/settings/plugins.tsx, /Users/runner/work/insomnia/insomnia/packages/insomnia/src/ui/components/templating/tag-editor.tsx, /Users/runner/work/insomnia/insomnia/packages/insomnia/src/ui/hooks/theme.ts, /Users/runner/work/insomnia/insomnia/packages/insomnia/src/ui/hooks/use-global-keyboard-shortcuts.ts, /Users/runner/work/insomnia/insomnia/packages/insomnia/src/ui/index.tsx, /Users/runner/work/insomnia/insomnia/packages/insomnia/src/ui/rendererListeners.ts, /Users/runner/work/insomnia/insomnia/packages/insomnia/src/ui/routes/root.tsx, dynamic import will not move module into another chunk.
2025-04-14T17:14:11.5524070Z [39m
2025-04-14T17:14:11.5524880Z [1m[33m[plugin:vite:reporter][39m[22m [33m[plugin vite:reporter] 
2025-04-14T17:14:11.5537620Z (!) /Users/runner/work/insomnia/insomnia/packages/insomnia/src/ui/routes/request.tsx is dynamically imported by /Users/runner/work/insomnia/insomnia/packages/insomnia/src/ui/index.tsx, /Users/runner/work/insomnia/insomnia/packages/insomnia/src/ui/index.tsx, /Users/runner/work/insomnia/insomnia/packages/insomnia/src/ui/index.tsx, /Users/runner/work/insomnia/insomnia/packages/insomnia/src/ui/index.tsx, /Users/runner/work/insomnia/insomnia/packages/insomnia/src/ui/index.tsx, /Users/runner/work/insomnia/insomnia/packages/insomnia/src/ui/index.tsx, /Users/runner/work/insomnia/insomnia/packages/insomnia/src/ui/index.tsx, /Users/runner/work/insomnia/insomnia/packages/insomnia/src/ui/index.tsx, /Users/runner/work/insomnia/insomnia/packages/insomnia/src/ui/index.tsx, /Users/runner/work/insomnia/insomnia/packages/insomnia/src/ui/index.tsx, /Users/runner/work/insomnia/insomnia/packages/insomnia/src/ui/index.tsx but also statically imported by /Users/runner/work/insomnia/insomnia/packages/insomnia/src/network/network.ts, /Users/runner/work/insomnia/insomnia/packages/insomnia/src/ui/routes/runner.tsx, dynamic import will not move module into another chunk.
2025-04-14T17:14:11.5547500Z [39m
2025-04-14T17:14:11.5548280Z [1m[33m[plugin:vite:reporter][39m[22m [33m[plugin vite:reporter] 
2025-04-14T17:14:11.5552610Z (!) /Users/runner/work/insomnia/insomnia/node_modules/@xmldom/xmldom/lib/index.js is dynamically imported by /Users/runner/work/insomnia/insomnia/packages/insomnia/src/ui/components/templating/local-template-tags.ts but also statically imported by /Users/runner/work/insomnia/insomnia/packages/insomnia/src/utils/xpath/query.ts, dynamic import will not move module into another chunk.
2025-04-14T17:14:11.5556000Z [39m
2025-04-14T17:14:11.5556770Z [1m[33m[plugin:vite:reporter][39m[22m [33m[plugin vite:reporter] 
2025-04-14T17:14:11.5560960Z (!) /Users/runner/work/insomnia/insomnia/node_modules/xpath/xpath.js is dynamically imported by /Users/runner/work/insomnia/insomnia/packages/insomnia/src/ui/components/templating/local-template-tags.ts but also statically imported by /Users/runner/work/insomnia/insomnia/packages/insomnia/src/utils/xpath/query.ts, dynamic import will not move module into another chunk.
2025-04-14T17:14:11.5563990Z [39m
2025-04-14T17:14:11.5564760Z [1m[33m[plugin:vite:reporter][39m[22m [33m[plugin vite:reporter] 
2025-04-14T17:14:11.5586300Z (!) /Users/runner/work/insomnia/insomnia/packages/insomnia/src/ui/routes/git-project-actions.tsx is dynamically imported by /Users/runner/work/insomnia/insomnia/packages/insomnia/src/ui/index.tsx, /Users/runner/work/insomnia/insomnia/packages/insomnia/src/ui/index.tsx, /Users/runner/work/insomnia/insomnia/packages/insomnia/src/ui/index.tsx, /Users/runner/work/insomnia/insomnia/packages/insomnia/src/ui/index.tsx, /Users/runner/work/insomnia/insomnia/packages/insomnia/src/ui/index.tsx, /Users/runner/work/insomnia/insomnia/packages/insomnia/src/ui/index.tsx, /Users/runner/work/insomnia/insomnia/packages/insomnia/src/ui/index.tsx, /Users/runner/work/insomnia/insomnia/packages/insomnia/src/ui/index.tsx, /Users/runner/work/insomnia/insomnia/packages/insomnia/src/ui/index.tsx, /Users/runner/work/insomnia/insomnia/packages/insomnia/src/ui/index.tsx, /Users/runner/work/insomnia/insomnia/packages/insomnia/src/ui/index.tsx, /Users/runner/work/insomnia/insomnia/packages/insomnia/src/ui/index.tsx, /Users/runner/work/insomnia/insomnia/packages/insomnia/src/ui/index.tsx, /Users/runner/work/insomnia/insomnia/packages/insomnia/src/ui/index.tsx, /Users/runner/work/insomnia/insomnia/packages/insomnia/src/ui/index.tsx, /Users/runner/work/insomnia/insomnia/packages/insomnia/src/ui/index.tsx, /Users/runner/work/insomnia/insomnia/packages/insomnia/src/ui/index.tsx, /Users/runner/work/insomnia/insomnia/packages/insomnia/src/ui/index.tsx, /Users/runner/work/insomnia/insomnia/packages/insomnia/src/ui/index.tsx, /Users/runner/work/insomnia/insomnia/packages/insomnia/src/ui/index.tsx, /Users/runner/work/insomnia/insomnia/packages/insomnia/src/ui/index.tsx but also statically imported by /Users/runner/work/insomnia/insomnia/packages/insomnia/src/ui/components/dropdowns/git-project-sync-dropdown.tsx, /Users/runner/work/insomnia/insomnia/packages/insomnia/src/ui/components/modals/git-project-branches-modal.tsx, dynamic import will not move module into another chunk.
2025-04-14T17:14:11.5602370Z [39m
2025-04-14T17:14:11.5603140Z [1m[33m[plugin:vite:reporter][39m[22m [33m[plugin vite:reporter] 
2025-04-14T17:14:11.5641830Z (!) /Users/runner/work/insomnia/insomnia/packages/insomnia/src/ui/routes/actions.tsx is dynamically imported by /Users/runner/work/insomnia/insomnia/packages/insomnia/src/ui/index.tsx, /Users/runner/work/insomnia/insomnia/packages/insomnia/src/ui/index.tsx, /Users/runner/work/insomnia/insomnia/packages/insomnia/src/ui/index.tsx, /Users/runner/work/insomnia/insomnia/packages/insomnia/src/ui/index.tsx, /Users/runner/work/insomnia/insomnia/packages/insomnia/src/ui/index.tsx, /Users/runner/work/insomnia/insomnia/packages/insomnia/src/ui/index.tsx, /Users/runner/work/insomnia/insomnia/packages/insomnia/src/ui/index.tsx, /Users/runner/work/insomnia/insomnia/packages/insomnia/src/ui/index.tsx, /Users/runner/work/insomnia/insomnia/packages/insomnia/src/ui/index.tsx, /Users/runner/work/insomnia/insomnia/packages/insomnia/src/ui/index.tsx, /Users/runner/work/insomnia/insomnia/packages/insomnia/src/ui/index.tsx, /Users/runner/work/insomnia/insomnia/packages/insomnia/src/ui/index.tsx, /Users/runner/work/insomnia/insomnia/packages/insomnia/src/ui/index.tsx, /Users/runner/work/insomnia/insomnia/packages/insomnia/src/ui/index.tsx, /Users/runner/work/insomnia/insomnia/packages/insomnia/src/ui/index.tsx, /Users/runner/work/insomnia/insomnia/packages/insomnia/src/ui/index.tsx, /Users/runner/work/insomnia/insomnia/packages/insomnia/src/ui/index.tsx, /Users/runner/work/insomnia/insomnia/packages/insomnia/src/ui/index.tsx, /Users/runner/work/insomnia/insomnia/packages/insomnia/src/ui/index.tsx, /Users/runner/work/insomnia/insomnia/packages/insomnia/src/ui/index.tsx, /Users/runner/work/insomnia/insomnia/packages/insomnia/src/ui/index.tsx, /Users/runner/work/insomnia/insomnia/packages/insomnia/src/ui/index.tsx, /Users/runner/work/insomnia/insomnia/packages/insomnia/src/ui/index.tsx, /Users/runner/work/insomnia/insomnia/packages/insomnia/src/ui/index.tsx, /Users/runner/work/insomnia/insomnia/packages/insomnia/src/ui/index.tsx, /Users/runner/work/insomnia/insomnia/packages/insomnia/src/ui/index.tsx, /Users/runner/work/insomnia/insomnia/packages/insomnia/src/ui/index.tsx, /Users/runner/work/insomnia/insomnia/packages/insomnia/src/ui/index.tsx, /Users/runner/work/insomnia/insomnia/packages/insomnia/src/ui/index.tsx, /Users/runner/work/insomnia/insomnia/packages/insomnia/src/ui/index.tsx, /Users/runner/work/insomnia/insomnia/packages/insomnia/src/ui/index.tsx, /Users/runner/work/insomnia/insomnia/packages/insomnia/src/ui/index.tsx, /Users/runner/work/insomnia/insomnia/packages/insomnia/src/ui/index.tsx, /Users/runner/work/insomnia/insomnia/packages/insomnia/src/ui/index.tsx, /Users/runner/work/insomnia/insomnia/packages/insomnia/src/ui/index.tsx, /Users/runner/work/insomnia/insomnia/packages/insomnia/src/ui/index.tsx, /Users/runner/work/insomnia/insomnia/packages/insomnia/src/ui/index.tsx, /Users/runner/work/insomnia/insomnia/packages/insomnia/src/ui/index.tsx, /Users/runner/work/insomnia/insomnia/packages/insomnia/src/ui/index.tsx, /Users/runner/work/insomnia/insomnia/packages/insomnia/src/ui/index.tsx, /Users/runner/work/insomnia/insomnia/packages/insomnia/src/ui/index.tsx, /Users/runner/work/insomnia/insomnia/packages/insomnia/src/ui/index.tsx, /Users/runner/work/insomnia/insomnia/packages/insomnia/src/ui/index.tsx but also statically imported by /Users/runner/work/insomnia/insomnia/packages/insomnia/src/ui/components/modals/new-workspace-modal.tsx, /Users/runner/work/insomnia/insomnia/packages/insomnia/src/ui/components/modals/workspace-settings-modal.tsx, dynamic import will not move module into another chunk.
2025-04-14T17:14:11.5670910Z [39m
2025-04-14T17:14:11.5671660Z [1m[33m[plugin:vite:reporter][39m[22m [33m[plugin vite:reporter] 
2025-04-14T17:14:11.5683850Z (!) /Users/runner/work/insomnia/insomnia/packages/insomnia/src/ui/routes/project.tsx is dynamically imported by /Users/runner/work/insomnia/insomnia/packages/insomnia/src/ui/index.tsx, /Users/runner/work/insomnia/insomnia/packages/insomnia/src/ui/index.tsx, /Users/runner/work/insomnia/insomnia/packages/insomnia/src/ui/index.tsx, /Users/runner/work/insomnia/insomnia/packages/insomnia/src/ui/index.tsx, /Users/runner/work/insomnia/insomnia/packages/insomnia/src/ui/index.tsx, /Users/runner/work/insomnia/insomnia/packages/insomnia/src/ui/index.tsx, /Users/runner/work/insomnia/insomnia/packages/insomnia/src/ui/index.tsx but also statically imported by /Users/runner/work/insomnia/insomnia/packages/insomnia/src/ui/components/command-palette.tsx, /Users/runner/work/insomnia/insomnia/packages/insomnia/src/ui/components/modals/workspace-duplicate-modal.tsx, /Users/runner/work/insomnia/insomnia/packages/insomnia/src/ui/components/project/project-settings-form.tsx, /Users/runner/work/insomnia/insomnia/packages/insomnia/src/ui/routes/organization.tsx, dynamic import will not move module into another chunk.
2025-04-14T17:14:11.5693150Z [39m
2025-04-14T17:14:11.5693930Z [1m[33m[plugin:vite:reporter][39m[22m [33m[plugin vite:reporter] 
2025-04-14T17:14:11.5709930Z (!) /Users/runner/work/insomnia/insomnia/packages/insomnia/src/ui/routes/organization.tsx is dynamically imported by /Users/runner/work/insomnia/insomnia/packages/insomnia/src/ui/index.tsx, /Users/runner/work/insomnia/insomnia/packages/insomnia/src/ui/index.tsx, /Users/runner/work/insomnia/insomnia/packages/insomnia/src/ui/index.tsx, /Users/runner/work/insomnia/insomnia/packages/insomnia/src/ui/index.tsx, /Users/runner/work/insomnia/insomnia/packages/insomnia/src/ui/index.tsx, /Users/runner/work/insomnia/insomnia/packages/insomnia/src/ui/index.tsx, /Users/runner/work/insomnia/insomnia/packages/insomnia/src/ui/index.tsx, /Users/runner/work/insomnia/insomnia/packages/insomnia/src/ui/index.tsx but also statically imported by /Users/runner/work/insomnia/insomnia/packages/insomnia/src/ui/components/dropdowns/project-dropdown.tsx, /Users/runner/work/insomnia/insomnia/packages/insomnia/src/ui/components/modals/workspace-duplicate-modal.tsx, /Users/runner/work/insomnia/insomnia/packages/insomnia/src/ui/components/modals/workspace-settings-modal.tsx, /Users/runner/work/insomnia/insomnia/packages/insomnia/src/ui/components/settings/import-export.tsx, /Users/runner/work/insomnia/insomnia/packages/insomnia/src/ui/hooks/use-plan.tsx, /Users/runner/work/insomnia/insomnia/packages/insomnia/src/ui/routes/import.tsx, /Users/runner/work/insomnia/insomnia/packages/insomnia/src/ui/routes/project.tsx, dynamic import will not move module into another chunk.
2025-04-14T17:14:11.5722190Z [39m
2025-04-14T17:14:11.5722950Z [1m[33m[plugin:vite:reporter][39m[22m [33m[plugin vite:reporter] 
2025-04-14T17:14:11.5780590Z (!) /Users/runner/work/insomnia/insomnia/packages/insomnia/src/ui/routes/root.tsx is dynamically imported by /Users/runner/work/insomnia/insomnia/packages/insomnia/src/ui/index.tsx but also statically imported by /Users/runner/work/insomnia/insomnia/packages/insomnia/src/ui/components/codemirror/code-editor.tsx, /Users/runner/work/insomnia/insomnia/packages/insomnia/src/ui/components/codemirror/one-line-editor.tsx, /Users/runner/work/insomnia/insomnia/packages/insomnia/src/ui/components/diff-view-editor.tsx, /Users/runner/work/insomnia/insomnia/packages/insomnia/src/ui/components/dropdowns/request-actions-dropdown.tsx, /Users/runner/work/insomnia/insomnia/packages/insomnia/src/ui/components/dropdowns/request-group-actions-dropdown.tsx, /Users/runner/work/insomnia/insomnia/packages/insomnia/src/ui/components/dropdowns/workspace-dropdown.tsx, /Users/runner/work/insomnia/insomnia/packages/insomnia/src/ui/components/dropdowns/workspace-sync-dropdown.tsx, /Users/runner/work/insomnia/insomnia/packages/insomnia/src/ui/components/editors/auth/components/auth-input-row.tsx, /Users/runner/work/insomnia/insomnia/packages/insomnia/src/ui/components/mocks/mock-response-pane.tsx, /Users/runner/work/insomnia/insomnia/packages/insomnia/src/ui/components/mocks/mock-url-bar.tsx, /Users/runner/work/insomnia/insomnia/packages/insomnia/src/ui/components/modals/input-vault-key-modal.tsx, /Users/runner/work/insomnia/insomnia/packages/insomnia/src/ui/components/modals/settings-modal.tsx, /Users/runner/work/insomnia/insomnia/packages/insomnia/src/ui/components/modals/sync-history-modal.tsx, /Users/runner/work/insomnia/insomnia/packages/insomnia/src/ui/components/panes/grpc-request-pane.tsx, /Users/runner/work/insomnia/insomnia/packages/insomnia/src/ui/components/panes/placeholder-request-pane.tsx, /Users/runner/work/insomnia/insomnia/packages/insomnia/src/ui/components/panes/placeholder-response-pane.tsx, /Users/runner/work/insomnia/insomnia/packages/insomnia/src/ui/components/panes/response-pane.tsx, /Users/runner/work/insomnia/insomnia/packages/insomnia/src/ui/components/present-users.tsx, /Users/runner/work/insomnia/insomnia/packages/insomnia/src/ui/components/request-url-bar.tsx, /Users/runner/work/insomnia/insomnia/packages/insomnia/src/ui/components/settings/boolean-setting.tsx, /Users/runner/work/insomnia/insomnia/packages/insomnia/src/ui/components/settings/enum-setting.tsx, /Users/runner/work/insomnia/insomnia/packages/insomnia/src/ui/components/settings/general.tsx, /Users/runner/work/insomnia/insomnia/packages/insomnia/src/ui/components/settings/import-export.tsx, /Users/runner/work/insomnia/insomnia/packages/insomnia/src/ui/components/settings/masked-setting.tsx, /Users/runner/work/insomnia/insomnia/packages/insomnia/src/ui/components/settings/number-setting.tsx, /Users/runner/work/insomnia/insomnia/packages/insomnia/src/ui/components/settings/plugins.tsx, /Users/runner/work/insomnia/insomnia/packages/insomnia/src/ui/components/settings/shortcuts.tsx, /Users/runner/work/insomnia/insomnia/packages/insomnia/src/ui/components/settings/text-setting.tsx, /Users/runner/work/insomnia/insomnia/packages/insomnia/src/ui/components/settings/vault-key-panel.tsx, /Users/runner/work/insomnia/insomnia/packages/insomnia/src/ui/components/toast.tsx, /Users/runner/work/insomnia/insomnia/packages/insomnia/src/ui/components/viewers/password-viewer.tsx, /Users/runner/work/insomnia/insomnia/packages/insomnia/src/ui/components/viewers/response-error-viewer.tsx, /Users/runner/work/insomnia/insomnia/packages/insomnia/src/ui/components/websockets/websocket-request-pane.tsx, /Users/runner/work/insomnia/insomnia/packages/insomnia/src/ui/context/app/ai-context.tsx, /Users/runner/work/insomnia/insomnia/packages/insomnia/src/ui/context/app/insomnia-event-stream-context.tsx, /Users/runner/work/insomnia/insomnia/packages/insomnia/src/ui/hooks/theme.ts, /Users/runner/work/insomnia/insomnia/packages/insomnia/src/ui/hooks/use-editor-refresh.ts, /Users/runner/work/insomnia/insomnia/packages/insomnia/src/ui/hooks/use-global-keyboard-shortcuts.ts, /Users/runner/work/insomnia/insomnia/packages/insomnia/src/ui/hooks/use-plan.tsx, /Users/runner/work/insomnia/insomnia/packages/insomnia/src/ui/hooks/use-settings-side-effects.ts, /Users/runner/work/insomnia/insomnia/packages/insomnia/src/ui/hooks/use-theme-change.ts, /Users/runner/work/insomnia/insomnia/packages/insomnia/src/ui/index.tsx, /Users/runner/work/insomnia/insomnia/packages/insomnia/src/ui/routes/auth.tsx, /Users/runner/work/insomnia/insomnia/packages/insomnia/src/ui/routes/debug.tsx, /Users/runner/work/insomnia/insomnia/packages/insomnia/src/ui/routes/design.tsx, /Users/runner/work/insomnia/insomnia/packages/insomnia/src/ui/routes/environments.tsx, /Users/runner/work/insomnia/insomnia/packages/insomnia/src/ui/routes/mock-route.tsx, /Users/runner/work/insomnia/insomnia/packages/insomnia/src/ui/routes/mock-server.tsx, /Users/runner/work/insomnia/insomnia/packages/insomnia/src/ui/routes/organization.tsx, /Users/runner/work/insomnia/insomnia/packages/insomnia/src/ui/routes/project.tsx, /Users/runner/work/insomnia/insomnia/packages/insomnia/src/ui/routes/runner.tsx, /Users/runner/work/insomnia/insomnia/packages/insomnia/src/ui/routes/unit-test.tsx, dynamic import will not move module into another chunk.
2025-04-14T17:14:11.5824030Z [39m
2025-04-14T17:14:11.5824780Z [1m[33m[plugin:vite:reporter][39m[22m [33m[plugin vite:reporter] 
2025-04-14T17:14:11.5831860Z (!) /Users/runner/work/insomnia/insomnia/packages/insomnia/src/ui/routes/auth.vaultKey.ts is dynamically imported by /Users/runner/work/insomnia/insomnia/packages/insomnia/src/ui/index.tsx, /Users/runner/work/insomnia/insomnia/packages/insomnia/src/ui/index.tsx, /Users/runner/work/insomnia/insomnia/packages/insomnia/src/ui/index.tsx, /Users/runner/work/insomnia/insomnia/packages/insomnia/src/ui/index.tsx, /Users/runner/work/insomnia/insomnia/packages/insomnia/src/ui/index.tsx but also statically imported by /Users/runner/work/insomnia/insomnia/packages/insomnia/src/ui/routes/auth.authorize.tsx, dynamic import will not move module into another chunk.
2025-04-14T17:14:11.5837020Z [39m
2025-04-14T17:14:11.5837770Z [1m[33m[plugin:vite:reporter][39m[22m [33m[plugin vite:reporter] 
2025-04-14T17:14:11.5841640Z (!) /Users/runner/work/insomnia/insomnia/packages/insomnia/src/ui/routes/auth.authorize.tsx is dynamically imported by /Users/runner/work/insomnia/insomnia/packages/insomnia/src/ui/index.tsx but also statically imported by /Users/runner/work/insomnia/insomnia/packages/insomnia/src/ui/index.tsx, dynamic import will not move module into another chunk.
2025-04-14T17:14:11.5844870Z [39m
2025-04-14T17:14:11.5845620Z [1m[33m[plugin:vite:reporter][39m[22m [33m[plugin vite:reporter] 
2025-04-14T17:14:11.5849450Z (!) /Users/runner/work/insomnia/insomnia/packages/insomnia/src/ui/routes/auth.login.tsx is dynamically imported by /Users/runner/work/insomnia/insomnia/packages/insomnia/src/ui/index.tsx but also statically imported by /Users/runner/work/insomnia/insomnia/packages/insomnia/src/ui/index.tsx, dynamic import will not move module into another chunk.
2025-04-14T17:14:11.5852180Z [39m
2025-04-14T17:14:11.5852910Z [1m[33m[plugin:vite:reporter][39m[22m [33m[plugin vite:reporter] 
2025-04-14T17:14:11.5857620Z (!) /Users/runner/work/insomnia/insomnia/packages/insomnia/src/ui/routes/onboarding.migrate.tsx is dynamically imported by /Users/runner/work/insomnia/insomnia/packages/insomnia/src/ui/index.tsx, /Users/runner/work/insomnia/insomnia/packages/insomnia/src/ui/index.tsx but also statically imported by /Users/runner/work/insomnia/insomnia/packages/insomnia/src/ui/index.tsx, dynamic import will not move module into another chunk.
2025-04-14T17:14:11.5861010Z [39m
2025-04-14T17:14:22.4661930Z computing gzip size...
2025-04-14T17:14:23.2338870Z [2m../build/[22m[32mhidden-window.html                             [39m[1m[2m    0.71 kB[22m[1m[22m[2m │ gzip:     0.40 kB[22m
2025-04-14T17:14:23.2340500Z [2m../build/[22m[32mindex.html                                     [39m[1m[2m    4.49 kB[22m[1m[22m[2m │ gzip:     1.42 kB[22m
2025-04-14T17:14:23.2342710Z [2m../build/[22m[32mfa-v4compatibility-DdO3cExJ.woff2              [39m[1m[2m    4.58 kB[22m[1m[22m
2025-04-14T17:14:23.2344380Z [2m../build/[22m[32mfa-v4compatibility-CBXreL0Z.ttf                [39m[1m[2m   10.11 kB[22m[1m[22m
2025-04-14T17:14:23.2345930Z [2m../build/[22m[32msecret_vaults-CKLVSoA4.png                     [39m[1m[2m   22.31 kB[22m[1m[22m
2025-04-14T17:14:23.2347400Z [2m../build/[22m[32mmultiple_tabs-BUnqPArU.png                     [39m[1m[2m   34.94 kB[22m[1m[22m
2025-04-14T17:14:23.2348830Z [2m../build/[22m[32mindex-aXiMIoK2.js                              [39m[1m[2m   55.99 kB[22m[1m[22m
2025-04-14T17:14:23.2350170Z [2m../build/[22m[32mxpath--b5waEVw.js                              [39m[1m[2m   78.50 kB[22m[1m[22m
2025-04-14T17:14:23.2351500Z [2m../build/[22m[32mcodicon-DCmgc-ay.ttf                           [39m[1m[2m   80.34 kB[22m[1m[22m
2025-04-14T17:14:23.2353110Z [2m../build/[22m[32mgit_projects-BZRAAhGS.png                      [39m[1m[2m   95.69 kB[22m[1m[22m
2025-04-14T17:14:23.2354590Z [2m../build/[22m[32mfa-brands-400-D71YAK4a.woff2                   [39m[1m[2m  107.46 kB[22m[1m[22m
2025-04-14T17:14:23.2356070Z [2m../build/[22m[32mfa-solid-900-BkfGhAqU.woff2                    [39m[1m[2m  150.47 kB[22m[1m[22m
2025-04-14T17:14:23.2357530Z [2m../build/[22m[32mfa-brands-400-BIl7TGUV.ttf                     [39m[1m[2m  186.01 kB[22m[1m[22m
2025-04-14T17:14:23.2358990Z [2m../build/[22m[32mfa-solid-900-DiwTSdRa.ttf                      [39m[1m[2m  396.37 kB[22m[1m[22m
2025-04-14T17:14:23.2360480Z [2m../build/[22m[32mtemplating-worker-BTWRVgXL.js                  [39m[1m[2m  656.38 kB[22m[1m[22m
2025-04-14T17:14:23.2361990Z [2m../build/[22m[32mspectral-worker-GnDyhX7D.js                    [39m[1m[2m3,545.55 kB[22m[1m[22m
2025-04-14T17:14:23.2362840Z [33m
2025-04-14T17:14:23.2363560Z (!) Some chunks are larger than 500 kB after minification. Consider:
2025-04-14T17:14:23.2364480Z - Using dynamic import() to code-split the application
2025-04-14T17:14:23.2366110Z - Use build.rollupOptions.output.manualChunks to improve chunking: https://rollupjs.org/configuration-options/#output-manualchunks
2025-04-14T17:14:23.2367810Z - Adjust chunk size limit for this warning via build.chunkSizeWarningLimit.[39m
2025-04-14T17:14:23.2369400Z [2m../build/[22m[35mmainWindow-CHIdEQ62.css                        [39m[1m[2m  477.26 kB[22m[1m[22m[2m │ gzip:    86.37 kB[22m
2025-04-14T17:14:23.2371880Z [2m../build/[22m[36m_virtual_external_httpsnippet-CC3Y7WgW.js      [39m[1m[2m    0.18 kB[22m[1m[22m[2m │ gzip:     0.16 kB[22m[2m │ map:      0.12 kB[22m
2025-04-14T17:14:23.2373910Z [2m../build/[22m[36mauth.logout-BVypJkb3.js                        [39m[1m[2m    0.25 kB[22m[1m[22m[2m │ gzip:     0.22 kB[22m[2m │ map:      0.45 kB[22m
2025-04-14T17:14:23.2375890Z [2m../build/[22m[36muntracked-projects-DioNAjbk.js                 [39m[1m[2m    0.53 kB[22m[1m[22m[2m │ gzip:     0.37 kB[22m[2m │ map:      2.26 kB[22m
2025-04-14T17:14:23.2377900Z [2m../build/[22m[36muse-vcs-version-DS7IYTnY.js                    [39m[1m[2m    0.71 kB[22m[1m[22m[2m │ gzip:     0.40 kB[22m[2m │ map:      3.37 kB[22m
2025-04-14T17:14:23.2379920Z [2m../build/[22m[36m_virtual_external_mime-types-C9x6lAuy.js       [39m[1m[2m    1.05 kB[22m[1m[22m[2m │ gzip:     0.56 kB[22m[2m │ map:      5.65 kB[22m
2025-04-14T17:14:23.2381990Z [2m../build/[22m[36mtemplating-handler-CTFWGxuo.js                 [39m[1m[2m    1.24 kB[22m[1m[22m[2m │ gzip:     0.68 kB[22m[2m │ map:      3.79 kB[22m
2025-04-14T17:14:23.2384000Z [2m../build/[22m[36meditable-input-DEoCEieY.js                     [39m[1m[2m    1.41 kB[22m[1m[22m[2m │ gzip:     0.77 kB[22m[2m │ map:      4.70 kB[22m
2025-04-14T17:14:23.2386000Z [2m../build/[22m[36mhiddenBrowserWindow-D-LnYup6.js                [39m[1m[2m    2.11 kB[22m[1m[22m[2m │ gzip:     1.04 kB[22m[2m │ map:      7.33 kB[22m
2025-04-14T17:14:23.2388340Z [2m../build/[22m[36mrequest-group-CSVGqQNd.js                      [39m[1m[2m    2.14 kB[22m[1m[22m[2m │ gzip:     0.84 kB[22m[2m │ map:      6.96 kB[22m
2025-04-14T17:14:23.2390320Z [2m../build/[22m[36mtest-results-sRz-44ca.js                       [39m[1m[2m    2.35 kB[22m[1m[22m[2m │ gzip:     1.01 kB[22m[2m │ map:      6.02 kB[22m
2025-04-14T17:14:23.2392190Z [2m../build/[22m[36minvite-BpmyOZbw.js                             [39m[1m[2m    2.35 kB[22m[1m[22m[2m │ gzip:     0.78 kB[22m[2m │ map:      7.87 kB[22m
2025-04-14T17:14:23.2394060Z [2m../build/[22m[36mimport-BUCNmwiT.js                             [39m[1m[2m    2.53 kB[22m[1m[22m[2m │ gzip:     1.17 kB[22m[2m │ map:     10.23 kB[22m
2025-04-14T17:14:23.2395970Z [2m../build/[22m[36mresponse-timer-BRmDyU8Q.js                     [39m[1m[2m    2.84 kB[22m[1m[22m[2m │ gzip:     1.23 kB[22m[2m │ map:      9.58 kB[22m
2025-04-14T17:14:23.2397910Z [2m../build/[22m[36mworkspace-Cc3oAcRq.js                          [39m[1m[2m    4.56 kB[22m[1m[22m[2m │ gzip:     1.97 kB[22m[2m │ map:     20.54 kB[22m
2025-04-14T17:14:23.2399850Z [2m../build/[22m[36mone-line-editor-tXtnpU-C.js                    [39m[1m[2m    5.85 kB[22m[1m[22m[2m │ gzip:     2.60 kB[22m[2m │ map:     22.88 kB[22m
2025-04-14T17:14:23.2402160Z [2m../build/[22m[36mcommands-CyWDtYAz.js                           [39m[1m[2m    6.11 kB[22m[1m[22m[2m │ gzip:     1.55 kB[22m[2m │ map:     22.22 kB[22m
2025-04-14T17:14:23.2404220Z [2m../build/[22m[36mgit-actions-DSkfDVwT.js                        [39m[1m[2m    7.77 kB[22m[1m[22m[2m │ gzip:     1.50 kB[22m[2m │ map:     23.95 kB[22m
2025-04-14T17:14:23.2406140Z [2m../build/[22m[36mmock-server-DU2V-Ufk.js                        [39m[1m[2m    9.69 kB[22m[1m[22m[2m │ gzip:     3.30 kB[22m[2m │ map:     27.63 kB[22m
2025-04-14T17:14:23.2408100Z [2m../build/[22m[36mlibcurl-promise-B9uojwfR.js                    [39m[1m[2m   10.82 kB[22m[1m[22m[2m │ gzip:     4.68 kB[22m[2m │ map:     45.60 kB[22m
2025-04-14T17:14:23.2410070Z [2m../build/[22m[36mkey-value-editor-BnJuGF1t.js                   [39m[1m[2m   10.82 kB[22m[1m[22m[2m │ gzip:     4.20 kB[22m[2m │ map:     39.20 kB[22m
2025-04-14T17:14:23.2412000Z [2m../build/[22m[36munit-test-JgqVcgSD.js                          [39m[1m[2m   11.55 kB[22m[1m[22m[2m │ gzip:     3.76 kB[22m[2m │ map:     33.73 kB[22m
2025-04-14T17:14:23.2414490Z [2m../build/[22m[36mremote-collections-Bj_gAiNG.js                 [39m[1m[2m   12.30 kB[22m[1m[22m[2m │ gzip:     3.08 kB[22m[2m │ map:     43.06 kB[22m
2025-04-14T17:14:23.2416460Z [2m../build/[22m[36menvironments-BwR-7-6d.js                       [39m[1m[2m   12.46 kB[22m[1m[22m[2m │ gzip:     3.80 kB[22m[2m │ map:     39.53 kB[22m
2025-04-14T17:14:23.2418330Z [2m../build/[22m[36mtest-suite-9yXs4icz.js                         [39m[1m[2m   12.97 kB[22m[1m[22m[2m │ gzip:     3.52 kB[22m[2m │ map:     34.50 kB[22m
2025-04-14T17:14:23.2420170Z [2m../build/[22m[36mpostman-BKZ0N8GI.js                            [39m[1m[2m   14.00 kB[22m[1m[22m[2m │ gzip:     4.17 kB[22m[2m │ map:     47.03 kB[22m
2025-04-14T17:14:23.2422100Z [2m../build/[22m[36mexample-openapi-spec-D-1dUQKe.js               [39m[1m[2m   16.10 kB[22m[1m[22m[2m │ gzip:     2.67 kB[22m[2m │ map:     20.06 kB[22m
2025-04-14T17:14:23.2424030Z [2m../build/[22m[36mindex-DRd1uAIb.js                              [39m[1m[2m   24.08 kB[22m[1m[22m[2m │ gzip:     8.53 kB[22m[2m │ map:    100.40 kB[22m
2025-04-14T17:14:23.2425870Z [2m../build/[22m[36mindex-ClfaVKLN.js                              [39m[1m[2m   27.81 kB[22m[1m[22m[2m │ gzip:     8.53 kB[22m[2m │ map:    110.53 kB[22m
2025-04-14T17:14:23.2427700Z [2m../build/[22m[36mrunner-BAMvjVsF.js                             [39m[1m[2m   41.10 kB[22m[1m[22m[2m │ gzip:    11.71 kB[22m[2m │ map:    127.13 kB[22m
2025-04-14T17:14:23.2429950Z [2m../build/[22m[36mworkspace-environments-edit-modal-BiHv_iTC.js  [39m[1m[2m   48.36 kB[22m[1m[22m[2m │ gzip:    10.44 kB[22m[2m │ map:    140.18 kB[22m
2025-04-14T17:14:23.2432070Z [2m../build/[22m[36mmock-route-D77Kk37n.js                         [39m[1m[2m   49.01 kB[22m[1m[22m[2m │ gzip:    13.54 kB[22m[2m │ map:    152.50 kB[22m
2025-04-14T17:14:23.2433940Z [2m../build/[22m[36mindex-ByKYYWVN.js                              [39m[1m[2m   54.41 kB[22m[1m[22m[2m │ gzip:    17.98 kB[22m[2m │ map:    250.41 kB[22m
2025-04-14T17:14:23.2436050Z [2m../build/[22m[36muse-insomnia-tab-DiZ9aPwa.js                   [39m[1m[2m   87.12 kB[22m[1m[22m[2m │ gzip:    17.57 kB[22m[2m │ map:    267.28 kB[22m
2025-04-14T17:14:23.2438000Z [2m../build/[22m[36mdebug-C4rYne_d.js                              [39m[1m[2m  233.80 kB[22m[1m[22m[2m │ gzip:    60.19 kB[22m[2m │ map:    756.71 kB[22m
2025-04-14T17:14:23.2439880Z [2m../build/[22m[36mdesign-ConHn30D.js                             [39m[1m[2m  487.33 kB[22m[1m[22m[2m │ gzip:   143.95 kB[22m[2m │ map:  1,772.28 kB[22m
2025-04-14T17:14:23.2441810Z [2m../build/[22m[36msentry-DpQme4jU.js                             [39m[1m[33m1,035.98 kB[39m[22m[2m │ gzip:   348.65 kB[22m[2m │ map:  3,712.47 kB[22m
2025-04-14T17:14:23.2443810Z [2m../build/[22m[36mmainWindow-CGf7EIig.js                         [39m[1m[33m9,132.03 kB[39m[22m[2m │ gzip: 2,559.50 kB[22m[2m │ map: 25,805.33 kB[22m
2025-04-14T17:14:23.2444900Z [32m✓ built in 1m 5s[39m
2025-04-14T17:14:23.2445320Z [build] Copying files
2025-04-14T17:14:23.2537180Z [build] Complete!
2025-04-14T17:14:24.4149180Z   • electron-builder  version=26.0.12 os=23.6.0
2025-04-14T17:14:24.4153600Z   • publishing will be skipped  reason=current build is a part of pull request solution=set env PUBLISH_FOR_PULL_REQUEST to true to force code signing
2025-04-14T17:14:24.4156750Z There are serious security concerns with PUBLISH_FOR_PULL_REQUEST=true (see the  CircleCI documentation (https://circleci.com/docs/1.0/fork-pr-builds/) for details)
2025-04-14T17:14:24.4159510Z If you have SSH keys, sensitive env vars or AWS credentials stored in your project settings and untrusted forks can make pull requests against your repo, then this option isn't for you.
2025-04-14T17:14:24.4260150Z overriding build targets to:  [ 'zip' ]
2025-04-14T17:14:24.4262860Z   • loaded configuration  file=/Users/runner/work/insomnia/insomnia/packages/insomnia/electron-builder.config.js
2025-04-14T17:14:24.5853990Z   • skipped dependencies rebuild  reason=npmRebuild is set to false
2025-04-14T17:14:24.5855260Z   • packaging       platform=darwin arch=x64 electron=35.0.2 appOutDir=dist/mac-universal-x64-temp
2025-04-14T17:14:24.9981480Z   • downloading     url=https://github.com/electron/electron/releases/download/v35.0.2/electron-v35.0.2-darwin-x64.zip size=112 MB parts=8
2025-04-14T17:14:25.8903230Z   • downloaded      url=https://github.com/electron/electron/releases/download/v35.0.2/electron-v35.0.2-darwin-x64.zip duration=1.292s
2025-04-14T17:15:01.4034610Z   • skipped dependencies rebuild  reason=npmRebuild is set to false
2025-04-14T17:15:01.4035870Z   • packaging       platform=darwin arch=arm64 electron=35.0.2 appOutDir=dist/mac-universal-arm64-temp
2025-04-14T17:15:02.0053050Z   • downloading     url=https://github.com/electron/electron/releases/download/v35.0.2/electron-v35.0.2-darwin-arm64.zip size=107 MB parts=8
2025-04-14T17:15:02.9288920Z   • downloaded      url=https://github.com/electron/electron/releases/download/v35.0.2/electron-v35.0.2-darwin-arm64.zip duration=1.514s
2025-04-14T17:15:37.6772240Z   • packaging       platform=darwin arch=universal electron=35.0.2 appOutDir=dist/mac-universal
2025-04-14T17:15:57.2730390Z   • Current build is a part of pull request, code signing will be skipped.
2025-04-14T17:15:57.2731350Z Set env CSC_FOR_PULL_REQUEST to true to force code signing.
2025-04-14T17:15:57.2733630Z There are serious security concerns with CSC_FOR_PULL_REQUEST=true (see the  CircleCI documentation (https://circleci.com/docs/1.0/fork-pr-builds/) for details)
2025-04-14T17:15:57.2736270Z If you have SSH keys, sensitive env vars or AWS credentials stored in your project settings and untrusted forks can make pull requests against your repo, then this option isn't for you.
2025-04-14T17:15:57.2738230Z   • building        target=macOS zip arch=universal file=dist/Insomnia.Core-11.1.0-alpha-pr-0f864ec.0.zip
2025-04-14T17:17:22.6713230Z   • building block map  blockMapFile=dist/Insomnia.Core-11.1.0-alpha-pr-0f864ec.0.zip.blockmap
2025-04-14T17:17:25.9290950Z ##[group]Run npm run test:crit:package
2025-04-14T17:17:25.9291500Z [36;1mnpm run test:crit:package[0m
2025-04-14T17:17:25.9382140Z shell: /bin/bash -e {0}
2025-04-14T17:17:25.9382480Z env:
2025-04-14T17:17:25.9382760Z   PR_NUMBER: 8613
2025-04-14T17:17:25.9383150Z   INSOMNIA_UPDATES_URL: http://localhost:4010
2025-04-14T17:17:25.9383610Z ##[endgroup]
2025-04-14T17:17:26.1384880Z 
2025-04-14T17:17:26.1385440Z > insomnia@1.0.0 test:crit:package
2025-04-14T17:17:26.1386340Z > npm run test:package -w insomnia-smoke-test -- --project=Critical
2025-04-14T17:17:26.1386860Z 
2025-04-14T17:17:26.3476140Z 
2025-04-14T17:17:26.3477060Z > insomnia-smoke-test@11.1.0-alpha-pr-0f864ec.0 test:package
2025-04-14T17:17:26.3478310Z > xvfb-maybe cross-env BUNDLE=package playwright test --project=Critical
2025-04-14T17:17:26.3478970Z 
2025-04-14T17:17:31.0451390Z [WebServer] (node:35122) DeprecationWarning: Calling start() is no longer necessary. It can be safely omitted.
2025-04-14T17:17:31.0453080Z [WebServer] (Use `node --trace-deprecation ...` to show where the warning was created)
2025-04-14T17:17:31.3168720Z 
2025-04-14T17:17:31.3169300Z Running 5 tests using 1 worker
2025-04-14T17:17:31.3183560Z [WebServer] oidc-provider WARNING: configuration cookies.keys is missing, this option is critical to detect and ignore tampered cookies
2025-04-14T17:17:31.3186590Z [WebServer] oidc-provider WARNING: a quick start development-only in-memory adapter is used, you MUST change it in order to not lose all stateful provider data upon restart and to be able to share these between processes
2025-04-14T17:17:31.3189400Z [WebServer] oidc-provider WARNING: a quick start development-only signing keys are used, you are expected to provide your own in configuration "jwks" property
2025-04-14T17:17:31.3229470Z [WebServer] (node:35122) DeprecationWarning: The "plain" PKCE method is deprecated and will be removed in the next major revision.
2025-04-14T17:17:35.2716140Z Retry [33m0[39m
2025-04-14T17:17:35.2717220Z backups not found. Waiting 5 seconds...
2025-04-14T17:17:40.8193420Z Retry [33m1[39m
2025-04-14T17:17:40.8193890Z Backups exists!
2025-04-14T17:18:11.1324000Z ·····
2025-04-14T17:18:11.1327800Z   5 passed (43.9s)
2025-04-14T17:18:11.1353360Z ##[notice]  5 passed (43.9s)
2025-04-14T17:18:11.1727870Z ##[group]Run actions/upload-artifact@v4
2025-04-14T17:18:11.1728420Z with:
2025-04-14T17:18:11.1728770Z   if-no-files-found: ignore
2025-04-14T17:18:11.1729250Z   name: macos-latest-large-artifacts-12238
2025-04-14T17:18:11.1730120Z   path: packages/insomnia/dist/*.exe
packages/insomnia/dist/*.tar.gz
packages/insomnia/dist/*.zip

2025-04-14T17:18:11.1731000Z   compression-level: 6
2025-04-14T17:18:11.1731410Z   overwrite: false
2025-04-14T17:18:11.1731790Z   include-hidden-files: false
2025-04-14T17:18:11.1732210Z env:
2025-04-14T17:18:11.1732520Z   PR_NUMBER: 8613
2025-04-14T17:18:11.1732880Z ##[endgroup]
2025-04-14T17:18:11.4455260Z With the provided path, there will be 1 file uploaded
2025-04-14T17:18:11.4459750Z Artifact name is valid!
2025-04-14T17:18:11.4460300Z Root directory input is valid!
2025-04-14T17:18:11.7709230Z Beginning upload of artifact content to blob storage
2025-04-14T17:18:13.0546030Z Uploaded bytes 8388608
2025-04-14T17:18:13.2728070Z Uploaded bytes 16777216
2025-04-14T17:18:13.4488150Z Uploaded bytes 25165824
2025-04-14T17:18:13.5650000Z Uploaded bytes 33554432
2025-04-14T17:18:13.8251940Z Uploaded bytes 41943040
2025-04-14T17:18:13.8656190Z Uploaded bytes 50331648
2025-04-14T17:18:14.1937560Z Uploaded bytes 58720256
2025-04-14T17:18:14.4832290Z Uploaded bytes 67108864
2025-04-14T17:18:14.7326400Z Uploaded bytes 75497472
2025-04-14T17:18:15.0158230Z Uploaded bytes 83886080
2025-04-14T17:18:15.2822610Z Uploaded bytes 92274688
2025-04-14T17:18:15.5648870Z Uploaded bytes 100663296
2025-04-14T17:18:15.8493060Z Uploaded bytes 109051904
2025-04-14T17:18:16.1288370Z Uploaded bytes 117440512
2025-04-14T17:18:16.4215330Z Uploaded bytes 125829120
2025-04-14T17:18:16.7518990Z Uploaded bytes 134217728
2025-04-14T17:18:16.9906260Z Uploaded bytes 142606336
2025-04-14T17:18:17.3304600Z Uploaded bytes 150994944
2025-04-14T17:18:17.5516790Z Uploaded bytes 159383552
2025-04-14T17:18:17.8305720Z Uploaded bytes 167772160
2025-04-14T17:18:18.1129000Z Uploaded bytes 176160768
2025-04-14T17:18:18.4583870Z Uploaded bytes 184549376
2025-04-14T17:18:18.6993360Z Uploaded bytes 192937984
2025-04-14T17:18:18.9827400Z Uploaded bytes 201326592
2025-04-14T17:18:19.3519790Z Uploaded bytes 209715200
2025-04-14T17:18:19.5325850Z Uploaded bytes 218103808
2025-04-14T17:18:19.8656090Z Uploaded bytes 226492416
2025-04-14T17:18:20.0915510Z Uploaded bytes 234881024
2025-04-14T17:18:20.1654480Z Uploaded bytes 234929775
2025-04-14T17:18:20.2458840Z Finished uploading artifact content to blob storage!
2025-04-14T17:18:20.2462550Z SHA256 digest of uploaded artifact zip is d48feb955c3f4534b957faa77da482b938bdd40b8f0a09093300f3bfe26096f6
2025-04-14T17:18:20.2463700Z Finalizing artifact upload
2025-04-14T17:18:20.5387020Z Artifact macos-latest-large-artifacts-12238.zip successfully finalized. Artifact ID 2941860326
2025-04-14T17:18:20.5389080Z Artifact macos-latest-large-artifacts-12238 has been successfully uploaded! Final size is 234929775 bytes. Artifact ID is 2941860326
2025-04-14T17:18:20.5401960Z Artifact download URL: https://github.com/Kong/insomnia/actions/runs/14451577643/artifacts/2941860326
2025-04-14T17:18:20.5608530Z Post job cleanup.
2025-04-14T17:18:20.7736630Z [command]/usr/local/bin/gtar --posix -cf cache.tzst --exclude cache.tzst -P -C /Users/runner/work/insomnia/insomnia --files-from manifest.txt --delay-directory-restore --use-compress-program zstdmt
2025-04-14T17:18:22.9107610Z Sent 0 of 228009496 (0.0%), 0.0 MBs/sec
2025-04-14T17:18:23.9109030Z Sent 26682904 of 228009496 (11.7%), 12.7 MBs/sec
2025-04-14T17:18:24.6827740Z Sent 228009496 of 228009496 (100.0%), 78.4 MBs/sec
2025-04-14T17:18:24.9390460Z Cache saved with the key: node-cache-macOS-x64-npm-9190b6cba9ebf84b326a8243ecf2174c92420488df7a1c6d31aa88dd672e0b64
2025-04-14T17:18:24.9533960Z Post job cleanup.
2025-04-14T17:18:25.0771420Z [command]/usr/local/bin/git version
2025-04-14T17:18:25.0851130Z git version 2.49.0
2025-04-14T17:18:25.0890830Z Copying '/Users/runner/.gitconfig' to '/Users/runner/work/_temp/16c3d8ce-e037-47bb-9783-41150796c06a/.gitconfig'
2025-04-14T17:18:25.0907000Z Temporarily overriding HOME='/Users/runner/work/_temp/16c3d8ce-e037-47bb-9783-41150796c06a' before making global git config changes
2025-04-14T17:18:25.0908740Z Adding repository directory to the temporary git global config as a safe directory
2025-04-14T17:18:25.0920210Z [command]/usr/local/bin/git config --global --add safe.directory /Users/runner/work/insomnia/insomnia
2025-04-14T17:18:25.1007380Z [command]/usr/local/bin/git config --local --name-only --get-regexp core\.sshCommand
2025-04-14T17:18:25.1087460Z [command]/usr/local/bin/git submodule foreach --recursive sh -c "git config --local --name-only --get-regexp 'core\.sshCommand' && git config --local --unset-all 'core.sshCommand' || :"
2025-04-14T17:18:25.2122010Z [command]/usr/local/bin/git config --local --name-only --get-regexp http\.https\:\/\/github\.com\/\.extraheader
2025-04-14T17:18:25.2187880Z http.https://github.com/.extraheader
2025-04-14T17:18:25.2202170Z [command]/usr/local/bin/git config --local --unset-all http.https://github.com/.extraheader
2025-04-14T17:18:25.2285940Z [command]/usr/local/bin/git submodule foreach --recursive sh -c "git config --local --name-only --get-regexp 'http\.https\:\/\/github\.com\/\.extraheader' && git config --local --unset-all 'http.https://github.com/.extraheader' || :"
2025-04-14T17:18:25.3416580Z Cleaning up orphan processes
