2025-04-14T14:16:40.7039422Z Requested labels: ubuntu-latest
2025-04-14T14:16:40.7039862Z Job defined at: hashicorp/terraform/.github/workflows/checks.yml@refs/pull/36847/merge
2025-04-14T14:16:40.7039984Z Waiting for a runner to pick up this job...
2025-04-14T14:16:41.4843440Z Job is waiting for a hosted runner to come online.
2025-04-14T14:16:44.0348073Z Job is about to start running on the hosted runner: GitHub Actions 1339 (hosted)
2025-04-14T14:16:46.0709916Z Current runner version: '2.323.0'
2025-04-14T14:16:46.0736646Z ##[group]Operating System
2025-04-14T14:16:46.0737790Z Ubuntu
2025-04-14T14:16:46.0738607Z 24.04.2
2025-04-14T14:16:46.0739415Z LTS
2025-04-14T14:16:46.0740000Z ##[endgroup]
2025-04-14T14:16:46.0740544Z ##[group]Runner Image
2025-04-14T14:16:46.0741186Z Image: ubuntu-24.04
2025-04-14T14:16:46.0741720Z Version: 20250406.1.0
2025-04-14T14:16:46.0742774Z Included Software: https://github.com/actions/runner-images/blob/ubuntu24/20250406.1/images/ubuntu/Ubuntu2404-Readme.md
2025-04-14T14:16:46.0744428Z Image Release: https://github.com/actions/runner-images/releases/tag/ubuntu24%2F20250406.1
2025-04-14T14:16:46.0745365Z ##[endgroup]
2025-04-14T14:16:46.0745906Z ##[group]Runner Image Provisioner
2025-04-14T14:16:46.0746598Z 2.0.422.1
2025-04-14T14:16:46.0747106Z ##[endgroup]
2025-04-14T14:16:46.0748160Z ##[group]GITHUB_TOKEN Permissions
2025-04-14T14:16:46.0750270Z Contents: read
2025-04-14T14:16:46.0750834Z Metadata: read
2025-04-14T14:16:46.0751621Z ##[endgroup]
2025-04-14T14:16:46.0756200Z Secret source: Actions
2025-04-14T14:16:46.0757257Z Prepare workflow directory
2025-04-14T14:16:46.1168291Z Prepare all required actions
2025-04-14T14:16:46.1205161Z Getting action download info
2025-04-14T14:16:46.3167458Z Download action repository 'actions/checkout@11bd71901bbe5b1630ceea73d27597364c9af683' (SHA:11bd71901bbe5b1630ceea73d27597364c9af683)
2025-04-14T14:16:46.4154961Z Download action repository 'actions/setup-go@0aaccfd150d50ccaeb58ebd88d36e91967a5f35b' (SHA:0aaccfd150d50ccaeb58ebd88d36e91967a5f35b)
2025-04-14T14:16:46.7769164Z Complete job name: Unit Tests
2025-04-14T14:16:46.8524094Z ##[group]Run actions/checkout@11bd71901bbe5b1630ceea73d27597364c9af683
2025-04-14T14:16:46.8525363Z with:
2025-04-14T14:16:46.8525975Z   repository: hashicorp/terraform
2025-04-14T14:16:46.8526777Z   token: ***
2025-04-14T14:16:46.8527535Z   ssh-strict: true
2025-04-14T14:16:46.8528324Z   ssh-user: git
2025-04-14T14:16:46.8529110Z   persist-credentials: true
2025-04-14T14:16:46.8529652Z   clean: true
2025-04-14T14:16:46.8530096Z   sparse-checkout-cone-mode: true
2025-04-14T14:16:46.8530646Z   fetch-depth: 1
2025-04-14T14:16:46.8531092Z   fetch-tags: false
2025-04-14T14:16:46.8531572Z   show-progress: true
2025-04-14T14:16:46.8532028Z   lfs: false
2025-04-14T14:16:46.8532447Z   submodules: false
2025-04-14T14:16:46.8532899Z   set-safe-directory: true
2025-04-14T14:16:46.8533839Z ##[endgroup]
2025-04-14T14:16:47.0587458Z Syncing repository: hashicorp/terraform
2025-04-14T14:16:47.0590668Z ##[group]Getting Git version info
2025-04-14T14:16:47.0592276Z Working directory is '/home/runner/work/terraform/terraform'
2025-04-14T14:16:47.0594643Z [command]/usr/bin/git version
2025-04-14T14:16:47.0645243Z git version 2.49.0
2025-04-14T14:16:47.0676080Z ##[endgroup]
2025-04-14T14:16:47.0692236Z Temporarily overriding HOME='/home/runner/work/_temp/4a60d9a9-aacc-4e9e-bc7b-89c0c8f3b3be' before making global git config changes
2025-04-14T14:16:47.0695945Z Adding repository directory to the temporary git global config as a safe directory
2025-04-14T14:16:47.0698872Z [command]/usr/bin/git config --global --add safe.directory /home/runner/work/terraform/terraform
2025-04-14T14:16:47.0746377Z Deleting the contents of '/home/runner/work/terraform/terraform'
2025-04-14T14:16:47.0750909Z ##[group]Initializing the repository
2025-04-14T14:16:47.0756137Z [command]/usr/bin/git init /home/runner/work/terraform/terraform
2025-04-14T14:16:47.0856173Z hint: Using 'master' as the name for the initial branch. This default branch name
2025-04-14T14:16:47.0858921Z hint: is subject to change. To configure the initial branch name to use in all
2025-04-14T14:16:47.0861054Z hint: of your new repositories, which will suppress this warning, call:
2025-04-14T14:16:47.0862537Z hint:
2025-04-14T14:16:47.0863625Z hint: 	git config --global init.defaultBranch <name>
2025-04-14T14:16:47.0865084Z hint:
2025-04-14T14:16:47.0865751Z hint: Names commonly chosen instead of 'master' are 'main', 'trunk' and
2025-04-14T14:16:47.0867186Z hint: 'development'. The just-created branch can be renamed via this command:
2025-04-14T14:16:47.0867975Z hint:
2025-04-14T14:16:47.0868400Z hint: 	git branch -m <name>
2025-04-14T14:16:47.0869207Z Initialized empty Git repository in /home/runner/work/terraform/terraform/.git/
2025-04-14T14:16:47.0882494Z [command]/usr/bin/git remote add origin https://github.com/hashicorp/terraform
2025-04-14T14:16:47.0925704Z ##[endgroup]
2025-04-14T14:16:47.0926500Z ##[group]Disabling automatic garbage collection
2025-04-14T14:16:47.0931951Z [command]/usr/bin/git config --local gc.auto 0
2025-04-14T14:16:47.0966937Z ##[endgroup]
2025-04-14T14:16:47.0967712Z ##[group]Setting up auth
2025-04-14T14:16:47.0978164Z [command]/usr/bin/git config --local --name-only --get-regexp core\.sshCommand
2025-04-14T14:16:47.1015353Z [command]/usr/bin/git submodule foreach --recursive sh -c "git config --local --name-only --get-regexp 'core\.sshCommand' && git config --local --unset-all 'core.sshCommand' || :"
2025-04-14T14:16:47.1360056Z [command]/usr/bin/git config --local --name-only --get-regexp http\.https\:\/\/github\.com\/\.extraheader
2025-04-14T14:16:47.1393101Z [command]/usr/bin/git submodule foreach --recursive sh -c "git config --local --name-only --get-regexp 'http\.https\:\/\/github\.com\/\.extraheader' && git config --local --unset-all 'http.https://github.com/.extraheader' || :"
2025-04-14T14:16:47.1628603Z [command]/usr/bin/git config --local http.https://github.com/.extraheader AUTHORIZATION: basic ***
2025-04-14T14:16:47.1663621Z ##[endgroup]
2025-04-14T14:16:47.1672240Z ##[group]Fetching the repository
2025-04-14T14:16:47.1674623Z [command]/usr/bin/git -c protocol.version=2 fetch --no-tags --prune --no-recurse-submodules --depth=1 origin +3c07d1895c5355d73faa200ba07814c6a13afbe3:refs/remotes/pull/36847/merge
2025-04-14T14:16:48.7341145Z From https://github.com/hashicorp/terraform
2025-04-14T14:16:48.7343670Z  * [new ref]         3c07d1895c5355d73faa200ba07814c6a13afbe3 -> pull/36847/merge
2025-04-14T14:16:48.7409409Z ##[endgroup]
2025-04-14T14:16:48.7410892Z ##[group]Determining the checkout info
2025-04-14T14:16:48.7412153Z ##[endgroup]
2025-04-14T14:16:48.7416459Z [command]/usr/bin/git sparse-checkout disable
2025-04-14T14:16:48.7456765Z [command]/usr/bin/git config --local --unset-all extensions.worktreeConfig
2025-04-14T14:16:48.7487115Z ##[group]Checking out the ref
2025-04-14T14:16:48.7490281Z [command]/usr/bin/git checkout --progress --force refs/remotes/pull/36847/merge
2025-04-14T14:16:49.0708784Z Note: switching to 'refs/remotes/pull/36847/merge'.
2025-04-14T14:16:49.0709484Z 
2025-04-14T14:16:49.0710008Z You are in 'detached HEAD' state. You can look around, make experimental
2025-04-14T14:16:49.0711066Z changes and commit them, and you can discard any commits you make in this
2025-04-14T14:16:49.0712238Z state without impacting any branches by switching back to a branch.
2025-04-14T14:16:49.0712868Z 
2025-04-14T14:16:49.0713338Z If you want to create a new branch to retain commits you create, you may
2025-04-14T14:16:49.0714633Z do so (now or later) by using -c with the switch command. Example:
2025-04-14T14:16:49.0715009Z 
2025-04-14T14:16:49.0715166Z   git switch -c <new-branch-name>
2025-04-14T14:16:49.0715425Z 
2025-04-14T14:16:49.0715593Z Or undo this operation with:
2025-04-14T14:16:49.0715831Z 
2025-04-14T14:16:49.0715957Z   git switch -
2025-04-14T14:16:49.0716164Z 
2025-04-14T14:16:49.0716456Z Turn off this advice by setting config variable advice.detachedHead to false
2025-04-14T14:16:49.0716886Z 
2025-04-14T14:16:49.0717547Z HEAD is now at 3c07d18 Merge b0b4ac2e874d63ad69b826f52d8a295ed08f8c4c into f350689092f7a124ae54463b616e4af0d28c0e36
2025-04-14T14:16:49.0722882Z ##[endgroup]
2025-04-14T14:16:49.0761358Z [command]/usr/bin/git log -1 --format=%H
2025-04-14T14:16:49.0783821Z 3c07d1895c5355d73faa200ba07814c6a13afbe3
2025-04-14T14:16:49.1023084Z Prepare all required actions
2025-04-14T14:16:49.1071852Z ##[group]Run ./.github/actions/go-version
2025-04-14T14:16:49.1072198Z ##[endgroup]
2025-04-14T14:16:49.1172690Z ##[group]Run echo "Building with Go $(cat .go-version)"
2025-04-14T14:16:49.1173182Z [36;1mecho "Building with Go $(cat .go-version)"[0m
2025-04-14T14:16:49.1173594Z [36;1mecho "version=$(cat .go-version)" >> "$GITHUB_OUTPUT"[0m
2025-04-14T14:16:49.1228312Z shell: /usr/bin/bash --noprofile --norc -e -o pipefail {0}
2025-04-14T14:16:49.1228757Z ##[endgroup]
2025-04-14T14:16:49.1336223Z Building with Go 1.24.1
2025-04-14T14:16:49.1482921Z ##[group]Run actions/setup-go@0aaccfd150d50ccaeb58ebd88d36e91967a5f35b
2025-04-14T14:16:49.1483387Z with:
2025-04-14T14:16:49.1483607Z   go-version: 1.24.1
2025-04-14T14:16:49.1483872Z   cache-dependency-path: go.sum
2025-04-14T14:16:49.1484334Z   check-latest: false
2025-04-14T14:16:49.1484790Z   token: ***
2025-04-14T14:16:49.1485083Z   cache: true
2025-04-14T14:16:49.1485311Z ##[endgroup]
2025-04-14T14:16:49.3110573Z Setup go version spec 1.24.1
2025-04-14T14:16:49.3122558Z Attempting to download 1.24.1...
2025-04-14T14:16:49.6211519Z matching 1.24.1...
2025-04-14T14:16:49.6244591Z Acquiring 1.24.1 from https://github.com/actions/go-versions/releases/download/1.24.1-13667719799/go-1.24.1-linux-x64.tar.gz
2025-04-14T14:16:50.2160812Z Extracting Go...
2025-04-14T14:16:50.2270312Z [command]/usr/bin/tar xz --warning=no-unknown-keyword --overwrite -C /home/runner/work/_temp/b58129b6-87d5-4d6b-b5f3-2410699fed7e -f /home/runner/work/_temp/29b862de-a3b6-4813-b0d2-1dca92eafa5d
2025-04-14T14:16:51.9815039Z Successfully extracted go to /home/runner/work/_temp/b58129b6-87d5-4d6b-b5f3-2410699fed7e
2025-04-14T14:16:51.9815850Z Adding to the cache ...
2025-04-14T14:16:56.4297140Z Successfully cached go to /opt/hostedtoolcache/go/1.24.1/x64
2025-04-14T14:16:56.4299173Z Added go to the path
2025-04-14T14:16:56.4302002Z Successfully set up Go version 1.24.1
2025-04-14T14:16:56.4499474Z [command]/opt/hostedtoolcache/go/1.24.1/x64/bin/go env GOMODCACHE
2025-04-14T14:16:56.4529117Z [command]/opt/hostedtoolcache/go/1.24.1/x64/bin/go env GOCACHE
2025-04-14T14:16:56.4561852Z /home/runner/go/pkg/mod
2025-04-14T14:16:56.4576942Z /home/runner/.cache/go-build
2025-04-14T14:16:56.5364468Z Cache hit for: setup-go-Linux-x64-ubuntu24-go-1.24.1-9a977ce11373b6d4d25f0812a6528ef1b8a726fb53f4102194f2ed8c4f4d58cb
2025-04-14T14:16:57.3157418Z Received 129990363 of 129990363 (100.0%), 172.7 MBs/sec
2025-04-14T14:16:57.3158758Z Cache Size: ~124 MB (129990363 B)
2025-04-14T14:16:57.3268058Z [command]/usr/bin/tar -xf /home/runner/work/_temp/8f48e8cf-3bea-4051-b74b-1680b5d63e8a/cache.tzst -P -C /home/runner/work/terraform/terraform --use-compress-program unzstd
2025-04-14T14:16:58.3768240Z Cache restored successfully
2025-04-14T14:16:58.4048674Z Cache restored from key: setup-go-Linux-x64-ubuntu24-go-1.24.1-9a977ce11373b6d4d25f0812a6528ef1b8a726fb53f4102194f2ed8c4f4d58cb
2025-04-14T14:16:58.4069252Z go version go1.24.1 linux/amd64
2025-04-14T14:16:58.4069452Z 
2025-04-14T14:16:58.4069743Z ##[group]go env
2025-04-14T14:16:58.4192458Z AR='ar'
2025-04-14T14:16:58.4192788Z CC='gcc'
2025-04-14T14:16:58.4193049Z CGO_CFLAGS='-O2 -g'
2025-04-14T14:16:58.4193304Z CGO_CPPFLAGS=''
2025-04-14T14:16:58.4193509Z CGO_CXXFLAGS='-O2 -g'
2025-04-14T14:16:58.4193721Z CGO_ENABLED='1'
2025-04-14T14:16:58.4194138Z CGO_FFLAGS='-O2 -g'
2025-04-14T14:16:58.4194444Z CGO_LDFLAGS='-O2 -g'
2025-04-14T14:16:58.4194637Z CXX='g++'
2025-04-14T14:16:58.4194821Z GCCGO='gccgo'
2025-04-14T14:16:58.4195007Z GO111MODULE=''
2025-04-14T14:16:58.4195196Z GOAMD64='v1'
2025-04-14T14:16:58.4195408Z GOARCH='amd64'
2025-04-14T14:16:58.4195586Z GOAUTH='netrc'
2025-04-14T14:16:58.4195772Z GOBIN=''
2025-04-14T14:16:58.4195982Z GOCACHE='/home/runner/.cache/go-build'
2025-04-14T14:16:58.4196247Z GOCACHEPROG=''
2025-04-14T14:16:58.4196436Z GODEBUG=''
2025-04-14T14:16:58.4196667Z GOENV='/home/runner/.config/go/env'
2025-04-14T14:16:58.4196937Z GOEXE=''
2025-04-14T14:16:58.4197117Z GOEXPERIMENT=''
2025-04-14T14:16:58.4197316Z GOFIPS140='off'
2025-04-14T14:16:58.4197505Z GOFLAGS=''
2025-04-14T14:16:58.4198195Z GOGCCFLAGS='-fPIC -m64 -pthread -Wl,--no-gc-sections -fmessage-length=0 -ffile-prefix-map=/tmp/go-build908346858=/tmp/go-build -gno-record-gcc-switches'
2025-04-14T14:16:58.4199069Z GOHOSTARCH='amd64'
2025-04-14T14:16:58.4199273Z GOHOSTOS='linux'
2025-04-14T14:16:58.4199469Z GOINSECURE=''
2025-04-14T14:16:58.4199740Z GOMOD='/home/runner/work/terraform/terraform/go.mod'
2025-04-14T14:16:58.4200062Z GOMODCACHE='/home/runner/go/pkg/mod'
2025-04-14T14:16:58.4200315Z GONOPROXY=''
2025-04-14T14:16:58.4200692Z GONOSUMDB=''
2025-04-14T14:16:58.4200878Z GOOS='linux'
2025-04-14T14:16:58.4201076Z GOPATH='/home/runner/go'
2025-04-14T14:16:58.4201286Z GOPRIVATE=''
2025-04-14T14:16:58.4201543Z GOPROXY='https://proxy.golang.org,direct'
2025-04-14T14:16:58.4201886Z GOROOT='/opt/hostedtoolcache/go/1.24.1/x64'
2025-04-14T14:16:58.4202177Z GOSUMDB='sum.golang.org'
2025-04-14T14:16:58.4202399Z GOTELEMETRY='local'
2025-04-14T14:16:58.4202654Z GOTELEMETRYDIR='/home/runner/.config/go/telemetry'
2025-04-14T14:16:58.4202943Z GOTMPDIR=''
2025-04-14T14:16:58.4203131Z GOTOOLCHAIN='auto'
2025-04-14T14:16:58.4203446Z GOTOOLDIR='/opt/hostedtoolcache/go/1.24.1/x64/pkg/tool/linux_amd64'
2025-04-14T14:16:58.4203779Z GOVCS=''
2025-04-14T14:16:58.4204184Z GOVERSION='go1.24.1'
2025-04-14T14:16:58.4204386Z GOWORK=''
2025-04-14T14:16:58.4204583Z PKG_CONFIG='pkg-config'
2025-04-14T14:16:58.4204720Z 
2025-04-14T14:16:58.4205042Z ##[endgroup]
2025-04-14T14:16:58.4346363Z ##[group]Run # We run tests for all packages from all modules in this repository.
2025-04-14T14:16:58.4347207Z [36;1m# We run tests for all packages from all modules in this repository.[0m
2025-04-14T14:16:58.4347908Z [36;1mfor dir in $(go list -m -f '{{.Dir}}' github.com/hashicorp/terraform/...); do[0m
2025-04-14T14:16:58.4348491Z [36;1m    (cd $dir && go test -cover "./...")[0m
2025-04-14T14:16:58.4348912Z [36;1mdone[0m
2025-04-14T14:16:58.4399268Z shell: /usr/bin/bash -e {0}
2025-04-14T14:16:58.4399525Z ##[endgroup]
2025-04-14T14:17:02.9866099Z go: downloading github.com/hashicorp/cli v1.1.7
2025-04-14T14:17:02.9880867Z go: downloading github.com/mitchellh/colorstring v0.0.0-20190213212951-d06e56a500db
2025-04-14T14:17:02.9918580Z go: downloading github.com/go-test/deep v1.0.3
2025-04-14T14:17:03.0093602Z go: downloading github.com/hashicorp/go-tfe v1.74.1
2025-04-14T14:17:03.0383709Z go: downloading go.uber.org/mock v0.4.0
2025-04-14T14:17:03.0556325Z go: downloading github.com/armon/circbuf v0.0.0-20190214190532-5111143e8da2
2025-04-14T14:17:03.0651752Z go: downloading github.com/mitchellh/go-linereader v0.0.0-20190213213312-1b945b3263eb
2025-04-14T14:17:03.0738043Z go: downloading github.com/hashicorp/jsonapi v1.3.2
2025-04-14T14:17:03.0933781Z go: downloading github.com/Netflix/go-expect v0.0.0-20220104043353-73e0943537d2
2025-04-14T14:17:03.1023444Z go: downloading github.com/hashicorp/go-getter v1.7.8
2025-04-14T14:17:03.1087482Z go: downloading github.com/apparentlymart/go-shquot v0.0.1
2025-04-14T14:17:03.1218936Z go: downloading github.com/apparentlymart/go-userdirs v0.0.0-20200915174352-b0c018a67c13
2025-04-14T14:17:03.1280566Z go: downloading github.com/hashicorp/go-checkpoint v0.5.0
2025-04-14T14:17:03.1283733Z go: downloading github.com/mattn/go-shellwords v1.0.12
2025-04-14T14:17:03.1348023Z go: downloading go.opentelemetry.io/contrib/exporters/autoexport v0.45.0
2025-04-14T14:17:03.1391234Z go: downloading github.com/bgentry/speakeasy v0.1.0
2025-04-14T14:17:03.1398218Z go: downloading go.opentelemetry.io/otel v1.34.0
2025-04-14T14:17:03.1440014Z go: downloading github.com/chzyer/readline v0.0.0-20180603132655-2972be24d48e
2025-04-14T14:17:03.1683682Z go: downloading github.com/kardianos/osext v0.0.0-20190222173326-2bc1f35cddc0
2025-04-14T14:17:03.1777649Z go: downloading go.opentelemetry.io/otel/sdk v1.31.0
2025-04-14T14:17:03.2646754Z go: downloading github.com/posener/complete v1.2.3
2025-04-14T14:17:03.2649052Z go: downloading github.com/xlab/treeprint v0.0.0-20161029104018-1d6e34225557
2025-04-14T14:17:03.2649770Z go: downloading go.opentelemetry.io/otel/trace v1.34.0
2025-04-14T14:17:03.2761081Z go: downloading github.com/pkg/browser v0.0.0-20240102092130-5ac0b6a4141c
2025-04-14T14:17:03.2783360Z go: downloading github.com/masterzen/winrm v0.0.0-20200615185753-c42b5136ff88
2025-04-14T14:17:03.2811419Z go: downloading github.com/xanzy/ssh-agent v0.3.3
2025-04-14T14:17:03.2814323Z go: downloading github.com/packer-community/winrmcp v0.0.0-20221126162354-6e900dd2c68f
2025-04-14T14:17:03.2852657Z go: downloading github.com/dylanmei/winrmtest v0.0.0-20210303004826-fbc9ae56efb6
2025-04-14T14:17:03.3005023Z go: downloading golang.org/x/term v0.30.0
2025-04-14T14:17:03.3036378Z go: downloading github.com/hashicorp/go-azure-helpers v0.72.0
2025-04-14T14:17:03.3117368Z go: downloading github.com/hashicorp/go-azure-sdk/resource-manager v0.20250131.1134653
2025-04-14T14:17:03.3488735Z go: downloading github.com/hashicorp/go-azure-sdk/sdk v0.20250131.1134653
2025-04-14T14:17:03.3770356Z go: downloading github.com/jackofallops/giovanni v0.28.0
2025-04-14T14:17:03.3784355Z go: downloading github.com/hashicorp/consul/api v1.13.0
2025-04-14T14:17:03.4115751Z go: downloading github.com/tencentcloud/tencentcloud-sdk-go/tencentcloud/common v1.0.588
2025-04-14T14:17:03.4265899Z go: downloading github.com/tencentcloud/tencentcloud-sdk-go/tencentcloud/sts v1.0.588
2025-04-14T14:17:03.4821249Z go: downloading github.com/tencentcloud/tencentcloud-sdk-go/tencentcloud/tag v1.0.233
2025-04-14T14:17:03.4921561Z go: downloading github.com/tencentyun/cos-go-sdk-v5 v0.7.42
2025-04-14T14:17:03.5306901Z go: downloading cloud.google.com/go/storage v1.30.1
2025-04-14T14:17:03.5308274Z go: downloading google.golang.org/api v0.155.0
2025-04-14T14:17:03.5853781Z go: downloading cloud.google.com/go v0.110.10
2025-04-14T14:17:06.6035602Z go: downloading k8s.io/api v0.25.5
2025-04-14T14:17:06.6036650Z go: downloading k8s.io/apimachinery v0.25.5
2025-04-14T14:17:06.7172906Z go: downloading k8s.io/client-go v0.25.5
2025-04-14T14:17:07.2231181Z go: downloading k8s.io/utils v0.0.0-20220728103510-ee6ede2d64ed
2025-04-14T14:17:07.2232459Z go: downloading github.com/aliyun/alibaba-cloud-sdk-go v1.61.1501
2025-04-14T14:17:13.4507250Z go: downloading github.com/aliyun/aliyun-oss-go-sdk v0.0.0-20190103054945-8205d1f41e70
2025-04-14T14:17:13.4508330Z go: downloading github.com/aliyun/aliyun-tablestore-go-sdk v4.1.2+incompatible
2025-04-14T14:17:13.4509156Z go: downloading github.com/jmespath/go-jmespath v0.4.0
2025-04-14T14:17:13.4860410Z go: downloading github.com/lib/pq v1.10.3
2025-04-14T14:17:13.4982765Z go: downloading github.com/aws/aws-sdk-go-v2 v1.36.0
2025-04-14T14:17:13.5853405Z go: downloading github.com/aws/aws-sdk-go-v2/feature/s3/manager v1.17.22
2025-04-14T14:17:13.5855111Z go: downloading github.com/aws/aws-sdk-go-v2/feature/ec2/imds v1.16.27
2025-04-14T14:17:13.5855960Z go: downloading github.com/aws/aws-sdk-go-v2/service/dynamodb v1.39.8
2025-04-14T14:17:13.6039808Z go: downloading github.com/aws/aws-sdk-go-v2/service/s3 v1.75.2
2025-04-14T14:17:13.6325545Z go: downloading github.com/aws/smithy-go v1.22.2
2025-04-14T14:17:13.6846657Z go: downloading github.com/hashicorp/aws-sdk-go-base/v2 v2.0.0-beta.62
2025-04-14T14:17:13.7194528Z go: downloading go.opentelemetry.io/contrib/instrumentation/google.golang.org/grpc/otelgrpc v0.46.1
2025-04-14T14:17:13.7199560Z go: downloading github.com/Masterminds/sprig/v3 v3.2.3
2025-04-14T14:17:13.7200063Z go: downloading github.com/armon/go-radix v1.0.0
2025-04-14T14:17:13.7408029Z go: downloading golang.org/x/tools v0.31.0
2025-04-14T14:17:13.7489401Z go: downloading github.com/creack/pty v1.1.17
2025-04-14T14:17:13.7572945Z go: downloading github.com/google/go-querystring v1.1.0
2025-04-14T14:17:13.7664469Z go: downloading golang.org/x/sync v0.12.0
2025-04-14T14:17:13.7693635Z go: downloading golang.org/x/time v0.9.0
2025-04-14T14:17:13.7791759Z go: downloading github.com/aws/aws-sdk-go v1.44.122
2025-04-14T14:17:16.1347766Z go: downloading github.com/bgentry/go-netrc v0.0.0-20140422174119-9fd32a8b3d3d
2025-04-14T14:17:16.1351176Z go: downloading github.com/hashicorp/go-safetemp v1.0.0
2025-04-14T14:17:16.1352046Z go: downloading github.com/klauspost/compress v1.15.11
2025-04-14T14:17:16.1443461Z go: downloading github.com/mitchellh/go-testing-interface v1.14.1
2025-04-14T14:17:16.1444509Z go: downloading github.com/ulikunitz/xz v0.5.10
2025-04-14T14:17:16.1544633Z go: downloading go.opentelemetry.io/otel/exporters/otlp/otlptrace/otlptracegrpc v1.19.0
2025-04-14T14:17:16.1728884Z go: downloading go.opentelemetry.io/otel/exporters/otlp/otlptrace v1.19.0
2025-04-14T14:17:16.1836206Z go: downloading go.opentelemetry.io/otel/exporters/otlp/otlptrace/otlptracehttp v1.19.0
2025-04-14T14:17:16.1922315Z go: downloading github.com/go-logr/logr v1.4.2
2025-04-14T14:17:16.1989897Z go: downloading go.opentelemetry.io/otel/metric v1.34.0
2025-04-14T14:17:16.2152407Z go: downloading github.com/mitchellh/copystructure v1.2.0
2025-04-14T14:17:16.2155258Z go: downloading github.com/mitchellh/reflectwalk v1.0.2
2025-04-14T14:17:16.2273779Z go: downloading github.com/dylanmei/iso8601 v0.1.0
2025-04-14T14:17:16.2278471Z go: downloading github.com/nu7hatch/gouuid v0.0.0-20131221200532-179d4d0c4d8d
2025-04-14T14:17:16.2387668Z go: downloading github.com/Azure/go-ntlmssp v0.0.0-20200615164410-66371956d46c
2025-04-14T14:17:16.2389122Z go: downloading github.com/ChrisTrenkamp/goxpath v0.0.0-20190607011252-c5096ec8773d
2025-04-14T14:17:16.2692114Z go: downloading github.com/gofrs/uuid v4.0.0+incompatible
2025-04-14T14:17:16.2699635Z go: downloading github.com/antchfx/xmlquery v1.3.5
2025-04-14T14:17:16.2873006Z go: downloading software.sslmate.com/src/go-pkcs12 v0.4.0
2025-04-14T14:17:16.2884345Z go: downloading github.com/mitchellh/mapstructure v1.5.0
2025-04-14T14:17:16.3015258Z go: downloading github.com/hashicorp/go-rootcerts v1.0.2
2025-04-14T14:17:16.3022233Z go: downloading github.com/hashicorp/serf v0.9.6
2025-04-14T14:17:16.3136243Z go: downloading github.com/clbanning/mxj v1.8.4
2025-04-14T14:17:16.3839208Z go: downloading github.com/mozillazg/go-httpheader v0.3.0
2025-04-14T14:17:16.3897888Z go: downloading cloud.google.com/go/compute/metadata v0.5.2
2025-04-14T14:17:16.3935481Z go: downloading cloud.google.com/go/iam v1.1.5
2025-04-14T14:17:16.4174777Z go: downloading github.com/googleapis/gax-go/v2 v2.12.0
2025-04-14T14:17:16.4185881Z go: downloading k8s.io/klog/v2 v2.70.1
2025-04-14T14:17:16.4335531Z go: downloading github.com/gogo/protobuf v1.3.2
2025-04-14T14:17:16.7661516Z go: downloading github.com/google/gofuzz v1.1.0
2025-04-14T14:17:16.7674376Z go: downloading github.com/imdario/mergo v0.3.13
2025-04-14T14:17:16.7768925Z go: downloading github.com/spf13/pflag v1.0.5
2025-04-14T14:17:16.7871688Z go: downloading github.com/json-iterator/go v1.1.12
2025-04-14T14:17:16.7952662Z go: downloading github.com/modern-go/reflect2 v1.0.2
2025-04-14T14:17:16.8142347Z go: downloading github.com/aws/aws-sdk-go-v2/internal/configsources v1.3.31
2025-04-14T14:17:16.8239160Z go: downloading github.com/aws/aws-sdk-go-v2/service/internal/accept-encoding v1.12.2
2025-04-14T14:17:16.8284591Z go: downloading github.com/aws/aws-sdk-go-v2/service/internal/endpoint-discovery v1.10.12
2025-04-14T14:17:16.8368915Z go: downloading github.com/aws/aws-sdk-go-v2/aws/protocol/eventstream v1.6.8
2025-04-14T14:17:16.8539266Z go: downloading github.com/aws/aws-sdk-go-v2/service/internal/checksum v1.5.5
2025-04-14T14:17:16.8541617Z go: downloading github.com/aws/aws-sdk-go-v2/internal/v4a v1.3.31
2025-04-14T14:17:16.8669915Z go: downloading github.com/aws/aws-sdk-go-v2/service/internal/presigned-url v1.12.12
2025-04-14T14:17:16.8720042Z go: downloading github.com/aws/aws-sdk-go-v2/service/internal/s3shared v1.18.12
2025-04-14T14:17:16.8841703Z go: downloading github.com/aws/aws-sdk-go-v2/config v1.29.4
2025-04-14T14:17:16.8842952Z go: downloading github.com/aws/aws-sdk-go-v2/credentials v1.17.57
2025-04-14T14:17:16.9032418Z go: downloading github.com/aws/aws-sdk-go-v2/service/iam v1.38.10
2025-04-14T14:17:16.9049741Z go: downloading github.com/aws/aws-sdk-go-v2/service/sqs v1.37.12
2025-04-14T14:17:16.9316087Z go: downloading github.com/aws/aws-sdk-go-v2/service/sso v1.24.14
2025-04-14T14:17:16.9992859Z go: downloading github.com/aws/aws-sdk-go-v2/service/sts v1.33.12
2025-04-14T14:17:17.0212037Z go: downloading github.com/hashicorp/terraform-plugin-log v0.9.0
2025-04-14T14:17:17.0213471Z go: downloading github.com/hashicorp/go-multierror v1.1.1
2025-04-14T14:17:17.0329508Z go: downloading go.opentelemetry.io/contrib/instrumentation/github.com/aws/aws-sdk-go-v2/otelaws v0.59.0
2025-04-14T14:17:17.0576039Z go: downloading github.com/Masterminds/goutils v1.1.1
2025-04-14T14:17:17.0576748Z go: downloading github.com/Masterminds/semver/v3 v3.2.0
2025-04-14T14:17:17.0718272Z go: downloading github.com/huandu/xstrings v1.3.3
2025-04-14T14:17:17.0727894Z go: downloading github.com/shopspring/decimal v1.3.1
2025-04-14T14:17:17.0807807Z go: downloading github.com/spf13/cast v1.5.0
2025-04-14T14:17:17.0863121Z go: downloading go.opentelemetry.io/proto/otlp v1.0.0
2025-04-14T14:17:17.0912672Z go: downloading github.com/go-logr/stdr v1.2.2
2025-04-14T14:17:17.1014456Z go: downloading go.opentelemetry.io/auto/sdk v1.1.0
2025-04-14T14:17:17.1039911Z go: downloading github.com/masterzen/simplexml v0.0.0-20190410153822-31eea3082786
2025-04-14T14:17:17.1041180Z go: downloading github.com/antchfx/xpath v1.1.10
2025-04-14T14:17:17.1158370Z go: downloading github.com/golang/groupcache v0.0.0-20210331224755-41bb18bfe9da
2025-04-14T14:17:17.1174335Z go: downloading github.com/armon/go-metrics v0.0.0-20180917152333-f0300d1749da
2025-04-14T14:17:17.1195520Z go: downloading google.golang.org/genproto/googleapis/api v0.0.0-20241015192408-796eee8c2d53
2025-04-14T14:17:17.1275728Z go: downloading go.opencensus.io v0.24.0
2025-04-14T14:17:17.1312203Z go: downloading golang.org/x/xerrors v0.0.0-20220907171357-04be3eba64a2
2025-04-14T14:17:17.1476847Z go: downloading go.opentelemetry.io/contrib/instrumentation/net/http/otelhttp v0.46.1
2025-04-14T14:17:17.1622920Z go: downloading github.com/google/s2a-go v0.1.7
2025-04-14T14:17:17.1771624Z go: downloading sigs.k8s.io/structured-merge-diff/v4 v4.2.3
2025-04-14T14:17:17.2104744Z go: downloading sigs.k8s.io/json v0.0.0-20220713155537-f223a00ba0e2
2025-04-14T14:17:17.2113133Z go: downloading gopkg.in/inf.v0 v0.9.1
2025-04-14T14:17:17.2245058Z go: downloading sigs.k8s.io/yaml v1.2.0
2025-04-14T14:17:17.2316099Z go: downloading github.com/Azure/go-autorest/autorest v0.11.30
2025-04-14T14:17:17.2345920Z go: downloading github.com/Azure/go-autorest/autorest/adal v0.9.24
2025-04-14T14:17:17.2548439Z go: downloading github.com/Azure/go-autorest v14.2.0+incompatible
2025-04-14T14:17:17.2660841Z go: downloading github.com/google/gnostic v0.5.7-v3refs
2025-04-14T14:17:17.2668847Z go: downloading gopkg.in/ini.v1 v1.66.2
2025-04-14T14:17:17.2670233Z go: downloading github.com/aws/aws-sdk-go-v2/internal/endpoints/v2 v2.6.31
2025-04-14T14:17:17.2841116Z go: downloading github.com/modern-go/concurrent v0.0.0-20180306012644-bacd9c7ef1dd
2025-04-14T14:17:17.2847642Z go: downloading github.com/aws/aws-sdk-go-v2/internal/ini v1.8.2
2025-04-14T14:17:17.2933431Z go: downloading github.com/aws/aws-sdk-go-v2/service/ssooidc v1.28.13
2025-04-14T14:17:17.3083379Z go: downloading github.com/hashicorp/errwrap v1.1.0
2025-04-14T14:17:17.3167009Z go: downloading github.com/aws/aws-sdk-go-v2/service/sns v1.33.12
2025-04-14T14:17:17.3200370Z go: downloading github.com/cenkalti/backoff/v4 v4.2.1
2025-04-14T14:17:17.3323885Z go: downloading github.com/grpc-ecosystem/grpc-gateway/v2 v2.16.0
2025-04-14T14:17:17.3715335Z go: downloading github.com/hashicorp/go-immutable-radix v1.0.0
2025-04-14T14:17:17.3821494Z go: downloading github.com/felixge/httpsnoop v1.0.4
2025-04-14T14:17:17.3935401Z go: downloading github.com/googleapis/enterprise-certificate-proxy v0.3.2
2025-04-14T14:17:17.4298092Z go: downloading gopkg.in/yaml.v2 v2.4.0
2025-04-14T14:17:17.4460686Z go: downloading github.com/Azure/go-autorest/logger v0.2.2
2025-04-14T14:17:17.4548508Z go: downloading github.com/Azure/go-autorest/tracing v0.6.1
2025-04-14T14:17:17.4637914Z go: downloading github.com/Azure/go-autorest/autorest/date v0.3.1
2025-04-14T14:17:17.4736474Z go: downloading github.com/golang-jwt/jwt/v4 v4.5.2
2025-04-14T14:17:17.4746022Z go: downloading k8s.io/kube-openapi v0.0.0-20220803162953-67bda5d908f1
2025-04-14T14:17:17.6372028Z go: downloading gopkg.in/yaml.v3 v3.0.1
2025-04-14T14:17:17.6373191Z go: downloading github.com/hashicorp/golang-lru v0.5.1
2025-04-14T14:17:17.6388475Z go: downloading github.com/munnerz/goautoneg v0.0.0-20191010083416-a7dc8b61c822
2025-04-14T14:17:17.6480817Z go: downloading github.com/emicklei/go-restful/v3 v3.8.0
2025-04-14T14:17:17.6482312Z go: downloading github.com/go-openapi/swag v0.19.14
2025-04-14T14:17:17.6535535Z go: downloading github.com/go-openapi/jsonreference v0.19.5
2025-04-14T14:17:17.6616513Z go: downloading github.com/mailru/easyjson v0.7.6
2025-04-14T14:17:17.6711202Z go: downloading github.com/PuerkitoBio/purell v1.1.1
2025-04-14T14:17:17.6806400Z go: downloading github.com/go-openapi/jsonpointer v0.19.5
2025-04-14T14:17:17.6850645Z go: downloading github.com/PuerkitoBio/urlesc v0.0.0-20170810143723-de5bf2ad4578
2025-04-14T14:17:17.6851486Z go: downloading github.com/josharian/intern v1.0.0
2025-04-14T14:17:23.7129056Z go: downloading github.com/hashicorp/terraform-plugin-sdk/v2 v2.36.1
2025-04-14T14:17:23.7822552Z go: downloading github.com/hashicorp/go-cty v1.4.1
2025-04-14T14:17:23.8165487Z go: downloading github.com/hashicorp/terraform-plugin-go v0.26.0
2025-04-14T14:17:23.8167163Z go: downloading github.com/hashicorp/logutils v1.0.0
2025-04-14T14:19:21.7771153Z ok  	github.com/hashicorp/terraform	0.049s	coverage: 35.5% of statements
2025-04-14T14:19:23.1769478Z ok  	github.com/hashicorp/terraform/internal/addrs	0.034s	coverage: 57.1% of statements
2025-04-14T14:19:23.1771888Z 	github.com/hashicorp/terraform/internal/backend		coverage: 0.0% of statements
2025-04-14T14:19:23.1779662Z ok  	github.com/hashicorp/terraform/internal/backend/backendbase	0.008s	coverage: 63.6% of statements
2025-04-14T14:19:23.9866553Z ok  	github.com/hashicorp/terraform/internal/backend/backendrun	0.020s	coverage: 69.2% of statements
2025-04-14T14:19:28.0778039Z ok  	github.com/hashicorp/terraform/internal/backend/init	0.035s	coverage: 63.6% of statements
2025-04-14T14:19:28.2831408Z ok  	github.com/hashicorp/terraform/internal/backend/local	0.234s	coverage: 54.3% of statements
2025-04-14T14:19:28.6736174Z ok  	github.com/hashicorp/terraform/internal/backend/remote	0.569s	coverage: 72.7% of statements
2025-04-14T14:19:35.1547236Z ok  	github.com/hashicorp/terraform/internal/backend/remote-state/http	7.119s	coverage: 72.3% of statements
2025-04-14T14:19:35.1548682Z ok  	github.com/hashicorp/terraform/internal/backend/remote-state/inmem	0.007s	coverage: 91.4% of statements
2025-04-14T14:19:35.1550113Z ok  	github.com/hashicorp/terraform/internal/builtin/providers/terraform	0.031s	coverage: 71.5% of statements
2025-04-14T14:19:35.1551539Z ok  	github.com/hashicorp/terraform/internal/builtin/provisioners/file	0.006s	coverage: 30.1% of statements
2025-04-14T14:19:35.1553009Z ok  	github.com/hashicorp/terraform/internal/builtin/provisioners/local-exec	0.081s	coverage: 86.6% of statements
2025-04-14T14:19:35.1554773Z ok  	github.com/hashicorp/terraform/internal/builtin/provisioners/remote-exec	2.018s	coverage: 72.6% of statements
2025-04-14T14:19:35.1555973Z ok  	github.com/hashicorp/terraform/internal/checks	0.014s	coverage: 53.1% of statements
2025-04-14T14:19:42.2754527Z ok  	github.com/hashicorp/terraform/internal/cloud	5.933s	coverage: 68.5% of statements
2025-04-14T14:19:42.2783796Z ok  	github.com/hashicorp/terraform/internal/cloud/cloudplan	0.008s	coverage: 79.2% of statements
2025-04-14T14:20:27.3363524Z ok  	github.com/hashicorp/terraform/internal/cloud/e2e	51.343s	coverage: [no statements]
2025-04-14T14:20:27.3365122Z ok  	github.com/hashicorp/terraform/internal/cloudplugin	0.047s	coverage: 77.5% of statements
2025-04-14T14:20:27.3366409Z ok  	github.com/hashicorp/terraform/internal/cloudplugin/cloudplugin1	0.053s	coverage: 53.8% of statements
2025-04-14T14:20:27.3367729Z 	github.com/hashicorp/terraform/internal/cloudplugin/cloudproto1		coverage: 0.0% of statements
2025-04-14T14:20:27.3369352Z 	github.com/hashicorp/terraform/internal/cloudplugin/mock_cloudproto1		coverage: 0.0% of statements
2025-04-14T14:20:27.3370554Z ok  	github.com/hashicorp/terraform/internal/collections	0.023s	coverage: 50.0% of statements
2025-04-14T14:20:27.3371193Z 
2025-04-14T14:20:27.3371459Z !!!!!!!!!!!!!!!!!!!!!!!!!!! TERRAFORM CRASH !!!!!!!!!!!!!!!!!!!!!!!!!!!!
2025-04-14T14:20:27.3371821Z 
2025-04-14T14:20:27.3372214Z Terraform crashed! This is always indicative of a bug within Terraform.
2025-04-14T14:20:27.3373027Z Please report the crash with Terraform[1] so that we can fix this.
2025-04-14T14:20:27.3373480Z 
2025-04-14T14:20:27.3374368Z When reporting bugs, please include your terraform version, the stack trace
2025-04-14T14:20:27.3375430Z shown below, and any additional information which may help replicate the issue.
2025-04-14T14:20:27.3376104Z 
2025-04-14T14:20:27.3376609Z [1]: https://github.com/hashicorp/terraform/issues
2025-04-14T14:20:27.3376997Z 
2025-04-14T14:20:27.3377266Z !!!!!!!!!!!!!!!!!!!!!!!!!!! TERRAFORM CRASH !!!!!!!!!!!!!!!!!!!!!!!!!!!!
2025-04-14T14:20:27.3377636Z 
2025-04-14T14:20:27.3377992Z panic: runtime error: invalid memory address or nil pointer dereference
2025-04-14T14:20:27.3378641Z goroutine 16117 [running]:
2025-04-14T14:20:27.3379242Z runtime/debug.Stack()
2025-04-14T14:20:27.3411466Z 	/opt/hostedtoolcache/go/1.24.1/x64/src/runtime/debug/stack.go:26 +0x5e
2025-04-14T14:20:27.3419721Z github.com/hashicorp/terraform/internal/logging.PanicHandler()
2025-04-14T14:20:27.3425591Z 	/home/runner/work/terraform/terraform/internal/logging/panic.go:84 +0x16a
2025-04-14T14:20:27.3430410Z panic({0x323cbe0?, 0x5996b70?})
2025-04-14T14:20:27.3431396Z 	/opt/hostedtoolcache/go/1.24.1/x64/src/runtime/panic.go:792 +0x132
2025-04-14T14:20:27.3432492Z github.com/hashicorp/terraform/internal/backend/local.(*TestFileRunner).walkGraph.func1.1()
2025-04-14T14:20:27.3433474Z 	/home/runner/work/terraform/terraform/internal/backend/local/test.go:370 +0x4c5
2025-04-14T14:20:27.3434368Z panic({0x323cbe0?, 0x5996b70?})
2025-04-14T14:20:27.3435013Z 	/opt/hostedtoolcache/go/1.24.1/x64/src/runtime/panic.go:792 +0x132
2025-04-14T14:20:27.3436118Z github.com/hashicorp/terraform/internal/moduletest/graph.(*NodeStateCleanup).Execute(0xc000d57cc0, 0xc000ad34d0)
2025-04-14T14:20:27.3437522Z 	/home/runner/work/terraform/terraform/internal/moduletest/graph/node_state_cleanup.go:54 +0x147
2025-04-14T14:20:27.3438858Z github.com/hashicorp/terraform/internal/backend/local.(*TestFileRunner).walkGraph.func1({0x33cc5c0, 0xc000d57cc0})
2025-04-14T14:20:27.3440118Z 	/home/runner/work/terraform/terraform/internal/backend/local/test.go:391 +0x24b
2025-04-14T14:20:27.3441320Z github.com/hashicorp/terraform/internal/dag.(*Walker).walkVertex(0xc001616c60, {0x33cc5c0, 0xc000d57cc0}, 0xc0011a0200)
2025-04-14T14:20:27.3442491Z 	/home/runner/work/terraform/terraform/internal/dag/walk.go:393 +0x2d1
2025-04-14T14:20:27.3443466Z created by github.com/hashicorp/terraform/internal/dag.(*Walker).Update in goroutine 15755
2025-04-14T14:20:27.3444658Z 	/home/runner/work/terraform/terraform/internal/dag/walk.go:316 +0xf33
2025-04-14T14:20:27.3445470Z FAIL	github.com/hashicorp/terraform/internal/command	27.690s
2025-04-14T14:20:27.3446470Z ok  	github.com/hashicorp/terraform/internal/command/arguments	0.025s	coverage: 93.4% of statements
2025-04-14T14:20:27.3447639Z ok  	github.com/hashicorp/terraform/internal/command/cliconfig	0.039s	coverage: 69.2% of statements
2025-04-14T14:20:27.3448827Z ok  	github.com/hashicorp/terraform/internal/command/clistate	0.016s	coverage: 14.6% of statements
2025-04-14T14:20:32.5247457Z ok  	github.com/hashicorp/terraform/internal/command/e2etest	30.702s	coverage: 0.0% of statements
2025-04-14T14:20:32.5248698Z ok  	github.com/hashicorp/terraform/internal/command/format	0.011s	coverage: 82.5% of statements
2025-04-14T14:20:32.5249825Z ok  	github.com/hashicorp/terraform/internal/command/jsonchecks	0.016s	coverage: 73.0% of statements
2025-04-14T14:20:32.5251003Z ok  	github.com/hashicorp/terraform/internal/command/jsonconfig	0.008s	coverage: 20.9% of statements
2025-04-14T14:20:32.5252488Z ok  	github.com/hashicorp/terraform/internal/command/jsonformat	0.131s	coverage: 57.5% of statements
2025-04-14T14:20:32.5253753Z 	github.com/hashicorp/terraform/internal/command/jsonformat/collections		coverage: 0.0% of statements
2025-04-14T14:20:32.5255056Z 	github.com/hashicorp/terraform/internal/command/jsonformat/computed		coverage: 0.0% of statements
2025-04-14T14:20:32.5256331Z ok  	github.com/hashicorp/terraform/internal/command/jsonformat/computed/renderers	0.035s	coverage: 63.2% of statements
2025-04-14T14:20:32.5257570Z ok  	github.com/hashicorp/terraform/internal/command/jsonformat/differ	0.036s	coverage: 87.2% of statements
2025-04-14T14:20:32.5258680Z 	github.com/hashicorp/terraform/internal/command/jsonformat/jsondiff		coverage: 0.0% of statements
2025-04-14T14:20:32.5259795Z 	github.com/hashicorp/terraform/internal/command/jsonformat/structured		coverage: 0.0% of statements
2025-04-14T14:20:32.5261072Z ok  	github.com/hashicorp/terraform/internal/command/jsonformat/structured/attribute_path	0.004s	coverage: 42.0% of statements
2025-04-14T14:20:32.5262314Z ok  	github.com/hashicorp/terraform/internal/command/jsonfunction	0.013s	coverage: 86.6% of statements
2025-04-14T14:20:32.5263574Z ok  	github.com/hashicorp/terraform/internal/command/jsonplan	0.012s	coverage: 35.3% of statements
2025-04-14T14:20:32.5264826Z ok  	github.com/hashicorp/terraform/internal/command/jsonprovider	0.036s	coverage: 70.4% of statements
2025-04-14T14:20:32.5265905Z ok  	github.com/hashicorp/terraform/internal/command/jsonstate	0.021s	coverage: 73.3% of statements
2025-04-14T14:20:32.5266928Z ok  	github.com/hashicorp/terraform/internal/command/junit	0.010s	coverage: 69.7% of statements
2025-04-14T14:20:32.5267953Z 	github.com/hashicorp/terraform/internal/command/testing		coverage: 0.0% of statements
2025-04-14T14:20:33.8871270Z --- FAIL: TestJSONHook_EphemeralOp_progress (2.01s)
2025-04-14T14:20:33.8876475Z     hook_json_test.go:508: unexpected number of messages. got 3, want 4
2025-04-14T14:20:33.8881133Z     hook_json_test.go:508: unexpected output on line 2:
2025-04-14T14:20:33.8885772Z           map[string]any{
2025-04-14T14:20:33.8890327Z           	"@level": string("info"),
2025-04-14T14:20:33.8895243Z           	"@message": strings.Join({
2025-04-14T14:20:33.8900124Z           		"test_instance.boop: ",
2025-04-14T14:20:33.8901258Z         - 		"Still opening... [2s elapsed]",
2025-04-14T14:20:33.8908905Z         + 		"Opening complete after 2s",
2025-04-14T14:20:33.8909635Z           	}, ""),
2025-04-14T14:20:33.8910291Z           	"@module": string("terraform.ui"),
2025-04-14T14:20:33.8913071Z           	"hook":    map[string]any{"action": string("open"), "elapsed_seconds": float64(2), "resource": map[string]any{"addr": string("test_instance.boop"), "implied_provider": string("test"), "module": string(""), "resource": string("test_instance.boop"), ...}},
2025-04-14T14:20:33.8915358Z         - 	"type":    string("ephemeral_op_progress"),
2025-04-14T14:20:33.8916185Z         + 	"type":    string("ephemeral_op_complete"),
2025-04-14T14:20:33.8916709Z           }
2025-04-14T14:20:33.8916992Z FAIL
2025-04-14T14:20:33.8917299Z coverage: 76.2% of statements
2025-04-14T14:20:33.8917888Z FAIL	github.com/hashicorp/terraform/internal/command/views	7.113s
2025-04-14T14:20:33.8918871Z ok  	github.com/hashicorp/terraform/internal/command/views/json	0.030s	coverage: 42.6% of statements
2025-04-14T14:20:33.8920064Z ok  	github.com/hashicorp/terraform/internal/command/webbrowser	0.009s	coverage: 86.7% of statements
2025-04-14T14:20:33.8921250Z ok  	github.com/hashicorp/terraform/internal/command/workdir	0.007s	coverage: 39.1% of statements
2025-04-14T14:20:33.8922391Z ok  	github.com/hashicorp/terraform/internal/communicator	1.040s	coverage: 51.9% of statements
2025-04-14T14:20:33.8923640Z ok  	github.com/hashicorp/terraform/internal/communicator/remote	0.003s	coverage: 0.0% of statements [no tests to run]
2025-04-14T14:20:33.8936790Z ok  	github.com/hashicorp/terraform/internal/communicator/shared	0.012s	coverage: 100.0% of statements
2025-04-14T14:20:33.8938023Z ok  	github.com/hashicorp/terraform/internal/communicator/ssh	3.066s	coverage: 39.4% of statements
2025-04-14T14:20:33.8939215Z ok  	github.com/hashicorp/terraform/internal/communicator/winrm	0.024s	coverage: 77.5% of statements
2025-04-14T14:20:33.8940338Z ok  	github.com/hashicorp/terraform/internal/configs	0.109s	coverage: 77.4% of statements
2025-04-14T14:20:33.8941475Z ok  	github.com/hashicorp/terraform/internal/configs/configload	0.026s	coverage: 57.7% of statements
2025-04-14T14:20:33.8942741Z ok  	github.com/hashicorp/terraform/internal/configs/configschema	0.019s	coverage: 84.7% of statements
2025-04-14T14:20:33.8944182Z ok  	github.com/hashicorp/terraform/internal/configs/configtesting	0.003s	coverage: 72.4% of statements
2025-04-14T14:20:34.1926620Z ok  	github.com/hashicorp/terraform/internal/configs/hcl2shim	0.014s	coverage: 84.5% of statements
2025-04-14T14:20:34.2854964Z ok  	github.com/hashicorp/terraform/internal/copy	0.016s	coverage: 65.9% of statements
2025-04-14T14:20:35.3659299Z ok  	github.com/hashicorp/terraform/internal/dag	0.702s	coverage: 84.2% of statements
2025-04-14T14:20:35.3665442Z ok  	github.com/hashicorp/terraform/internal/depsfile	0.009s	coverage: 80.7% of statements
2025-04-14T14:20:35.3670781Z ok  	github.com/hashicorp/terraform/internal/didyoumean	0.003s	coverage: 100.0% of statements
2025-04-14T14:20:35.3676167Z 	github.com/hashicorp/terraform/internal/e2e		coverage: 0.0% of statements
2025-04-14T14:20:35.3681078Z 	github.com/hashicorp/terraform/internal/experiments		coverage: 0.0% of statements
2025-04-14T14:20:35.3686188Z ok  	github.com/hashicorp/terraform/internal/genconfig	0.012s	coverage: 51.9% of statements
2025-04-14T14:20:35.3691223Z 	github.com/hashicorp/terraform/internal/getmodules		coverage: 0.0% of statements
2025-04-14T14:20:35.3697439Z ok  	github.com/hashicorp/terraform/internal/getmodules/moduleaddrs	0.011s	coverage: 82.7% of statements
2025-04-14T14:20:40.2742138Z ok  	github.com/hashicorp/terraform/internal/getproviders	4.086s	coverage: 73.3% of statements
2025-04-14T14:20:40.2744341Z ok  	github.com/hashicorp/terraform/internal/getproviders/providerreqs	0.005s	coverage: 58.8% of statements
2025-04-14T14:20:40.2745944Z 	github.com/hashicorp/terraform/internal/grpcwrap		coverage: 0.0% of statements
2025-04-14T14:20:40.2747258Z ok  	github.com/hashicorp/terraform/internal/helper/slowmessage	0.104s	coverage: 100.0% of statements
2025-04-14T14:20:40.2748565Z ok  	github.com/hashicorp/terraform/internal/httpclient	0.018s	coverage: 100.0% of statements
2025-04-14T14:20:40.2751440Z ok  	github.com/hashicorp/terraform/internal/initwd	0.039s	coverage: 49.5% of statements
2025-04-14T14:20:40.2753791Z ok  	github.com/hashicorp/terraform/internal/instances	0.011s	coverage: 83.4% of statements
2025-04-14T14:20:40.2766782Z ok  	github.com/hashicorp/terraform/internal/ipaddr	0.004s	coverage: 90.8% of statements
2025-04-14T14:20:40.2768053Z ok  	github.com/hashicorp/terraform/internal/lang	0.052s	coverage: 64.5% of statements
2025-04-14T14:20:40.2769272Z ok  	github.com/hashicorp/terraform/internal/lang/blocktoattr	0.007s	coverage: 80.5% of statements
2025-04-14T14:20:40.2771790Z ok  	github.com/hashicorp/terraform/internal/lang/ephemeral	0.006s	coverage: 74.4% of statements
2025-04-14T14:20:40.2772927Z 	github.com/hashicorp/terraform/internal/lang/format		coverage: 0.0% of statements
2025-04-14T14:20:40.2774104Z ok  	github.com/hashicorp/terraform/internal/lang/funcs	0.185s	coverage: 88.8% of statements
2025-04-14T14:20:40.2775284Z ok  	github.com/hashicorp/terraform/internal/lang/globalref	0.022s	coverage: 60.0% of statements
2025-04-14T14:20:40.2776429Z 	github.com/hashicorp/terraform/internal/lang/langrefs		coverage: 0.0% of statements
2025-04-14T14:20:40.2777480Z ok  	github.com/hashicorp/terraform/internal/lang/marks	0.005s	coverage: 74.5% of statements
2025-04-14T14:20:40.2778412Z ?   	github.com/hashicorp/terraform/internal/lang/types	[no test files]
2025-04-14T14:20:40.2779658Z ok  	github.com/hashicorp/terraform/internal/logging	0.003s	coverage: 38.3% of statements
2025-04-14T14:20:40.2780658Z 	github.com/hashicorp/terraform/internal/modsdir		coverage: 0.0% of statements
2025-04-14T14:20:40.3334694Z ok  	github.com/hashicorp/terraform/internal/moduledeps	0.005s	coverage: 37.3% of statements
2025-04-14T14:20:40.8323742Z ok  	github.com/hashicorp/terraform/internal/moduleref	0.006s	coverage: 90.3% of statements
2025-04-14T14:20:41.6666008Z ok  	github.com/hashicorp/terraform/internal/moduletest	0.022s	coverage: 33.5% of statements
2025-04-14T14:20:43.4875811Z ok  	github.com/hashicorp/terraform/internal/moduletest/graph	0.066s	coverage: 12.0% of statements
2025-04-14T14:20:43.4877615Z ok  	github.com/hashicorp/terraform/internal/moduletest/hcl	0.014s	coverage: 80.5% of statements
2025-04-14T14:20:43.4879061Z ok  	github.com/hashicorp/terraform/internal/moduletest/mocking	0.014s	coverage: 72.6% of statements
2025-04-14T14:20:43.4880479Z ok  	github.com/hashicorp/terraform/internal/namedvals	0.005s	coverage: 33.8% of statements
2025-04-14T14:20:44.8744915Z ok  	github.com/hashicorp/terraform/internal/plans	0.013s	coverage: 20.4% of statements
2025-04-14T14:20:44.9253734Z ok  	github.com/hashicorp/terraform/internal/plans/deferring	0.006s	coverage: 43.8% of statements
2025-04-14T14:20:45.4024142Z ok  	github.com/hashicorp/terraform/internal/plans/objchange	0.025s	coverage: 76.5% of statements
2025-04-14T14:20:45.5098837Z ok  	github.com/hashicorp/terraform/internal/plans/planfile	0.020s	coverage: 68.3% of statements
2025-04-14T14:20:45.5100062Z 	github.com/hashicorp/terraform/internal/plans/planproto		coverage: 0.0% of statements
2025-04-14T14:20:46.4874696Z ok  	github.com/hashicorp/terraform/internal/plugin	0.025s	coverage: 52.8% of statements
2025-04-14T14:20:46.4895792Z ok  	github.com/hashicorp/terraform/internal/plugin/convert	0.015s	coverage: 80.9% of statements
2025-04-14T14:20:46.4898675Z ok  	github.com/hashicorp/terraform/internal/plugin/discovery	0.005s	coverage: 74.3% of statements
2025-04-14T14:20:46.4899950Z 	github.com/hashicorp/terraform/internal/plugin/mock_proto		coverage: 0.0% of statements
2025-04-14T14:20:47.4605104Z ok  	github.com/hashicorp/terraform/internal/plugin6	0.015s	coverage: 52.1% of statements
2025-04-14T14:20:47.4607113Z ok  	github.com/hashicorp/terraform/internal/plugin6/convert	0.016s	coverage: 78.0% of statements
2025-04-14T14:20:47.4608325Z 	github.com/hashicorp/terraform/internal/plugin6/mock_proto		coverage: 0.0% of statements
2025-04-14T14:20:47.6788439Z ok  	github.com/hashicorp/terraform/internal/promising	0.005s	coverage: 87.4% of statements
2025-04-14T14:20:47.6790142Z 	github.com/hashicorp/terraform/internal/provider-simple		coverage: 0.0% of statements
2025-04-14T14:20:47.6791411Z 	github.com/hashicorp/terraform/internal/provider-simple/main		coverage: 0.0% of statements
2025-04-14T14:20:47.6792587Z 	github.com/hashicorp/terraform/internal/provider-simple-v6		coverage: 0.0% of statements
2025-04-14T14:20:47.8194151Z 	github.com/hashicorp/terraform/internal/provider-simple-v6/main		coverage: 0.0% of statements
2025-04-14T14:20:47.8221487Z 	github.com/hashicorp/terraform/internal/provider-terraform/main		coverage: 0.0% of statements
2025-04-14T14:20:49.0253746Z ok  	github.com/hashicorp/terraform/internal/providercache	0.101s	coverage: 70.9% of statements
2025-04-14T14:20:49.0258827Z ok  	github.com/hashicorp/terraform/internal/providers	0.008s	coverage: 20.2% of statements
2025-04-14T14:20:49.0263343Z 	github.com/hashicorp/terraform/internal/providers/testing		coverage: 0.0% of statements
2025-04-14T14:20:49.0268691Z 	github.com/hashicorp/terraform/internal/provisioner-local-exec/main		coverage: 0.0% of statements
2025-04-14T14:20:49.0272226Z 	github.com/hashicorp/terraform/internal/provisioners		coverage: 0.0% of statements
2025-04-14T14:20:50.4912358Z ok  	github.com/hashicorp/terraform/internal/refactoring	0.032s	coverage: 82.0% of statements
2025-04-14T14:20:52.4686180Z ok  	github.com/hashicorp/terraform/internal/registry	2.016s	coverage: 81.7% of statements
2025-04-14T14:20:52.4691688Z ok  	github.com/hashicorp/terraform/internal/registry/regsrc	0.006s	coverage: 74.0% of statements
2025-04-14T14:20:52.4697322Z ok  	github.com/hashicorp/terraform/internal/registry/response	0.004s	coverage: 95.7% of statements
2025-04-14T14:20:52.4702219Z 	github.com/hashicorp/terraform/internal/registry/test		coverage: 0.0% of statements
2025-04-14T14:20:52.4707105Z ok  	github.com/hashicorp/terraform/internal/releaseauth	0.004s	coverage: 79.2% of statements
2025-04-14T14:20:52.4711735Z ok  	github.com/hashicorp/terraform/internal/repl	0.042s	coverage: 90.6% of statements
2025-04-14T14:20:52.4716609Z 	github.com/hashicorp/terraform/internal/replacefile		coverage: 0.0% of statements
2025-04-14T14:20:52.4721560Z ok  	github.com/hashicorp/terraform/internal/resources/ephemeral	0.027s	coverage: 71.3% of statements
2025-04-14T14:20:57.3701957Z ok  	github.com/hashicorp/terraform/internal/rpcapi	0.174s	coverage: 55.1% of statements
2025-04-14T14:20:57.3707603Z 	github.com/hashicorp/terraform/internal/rpcapi/dynrpcserver		coverage: 0.0% of statements
2025-04-14T14:20:57.3712879Z 	github.com/hashicorp/terraform/internal/rpcapi/dynrpcserver/generator		coverage: 0.0% of statements
2025-04-14T14:20:57.3718649Z 	github.com/hashicorp/terraform/internal/rpcapi/terraform1		coverage: 0.0% of statements
2025-04-14T14:20:57.3723712Z 	github.com/hashicorp/terraform/internal/rpcapi/terraform1/dependencies		coverage: 0.0% of statements
2025-04-14T14:20:57.3729141Z 	github.com/hashicorp/terraform/internal/rpcapi/terraform1/packages		coverage: 0.0% of statements
2025-04-14T14:20:57.3734199Z 	github.com/hashicorp/terraform/internal/rpcapi/terraform1/setup		coverage: 0.0% of statements
2025-04-14T14:20:57.3739437Z 	github.com/hashicorp/terraform/internal/rpcapi/terraform1/stacks		coverage: 0.0% of statements
2025-04-14T14:20:57.3743297Z 	github.com/hashicorp/terraform/internal/schemarepo		coverage: 0.0% of statements
2025-04-14T14:20:57.3746976Z 	github.com/hashicorp/terraform/internal/schemarepo/loadschemas		coverage: 0.0% of statements
2025-04-14T14:20:57.7765283Z ok  	github.com/hashicorp/terraform/internal/stacks/stackaddrs	0.006s	coverage: 41.1% of statements
2025-04-14T14:20:57.9219565Z ok  	github.com/hashicorp/terraform/internal/stacks/stackconfig	0.010s	coverage: 67.2% of statements
2025-04-14T14:20:57.9221377Z 	github.com/hashicorp/terraform/internal/stacks/stackconfig/parser		coverage: 0.0% of statements
2025-04-14T14:20:57.9223196Z 	github.com/hashicorp/terraform/internal/stacks/stackconfig/stackconfigtypes		coverage: 0.0% of statements
2025-04-14T14:20:57.9224912Z 	github.com/hashicorp/terraform/internal/stacks/stackconfig/typeexpr		coverage: 0.0% of statements
2025-04-14T14:21:02.7240821Z ok  	github.com/hashicorp/terraform/internal/stacks/stackmigrate	0.152s	coverage: 78.4% of statements
2025-04-14T14:21:02.7242131Z ok  	github.com/hashicorp/terraform/internal/stacks/stackplan	0.022s	coverage: 25.3% of statements
2025-04-14T14:21:04.0942557Z ok  	github.com/hashicorp/terraform/internal/stacks/stackruntime	1.140s	coverage: 87.0% of statements
2025-04-14T14:21:04.0943608Z 	github.com/hashicorp/terraform/internal/stacks/stackruntime/hooks		coverage: 0.0% of statements
2025-04-14T14:21:07.5803157Z ok  	github.com/hashicorp/terraform/internal/stacks/stackruntime/internal/stackeval	0.278s	coverage: 66.4% of statements
2025-04-14T14:21:07.5804778Z 	github.com/hashicorp/terraform/internal/stacks/stackruntime/internal/stackeval/stubs		coverage: 0.0% of statements
2025-04-14T14:21:07.5805633Z 	github.com/hashicorp/terraform/internal/stacks/stackruntime/testing		coverage: 0.0% of statements
2025-04-14T14:21:07.5806740Z ok  	github.com/hashicorp/terraform/internal/stacks/stackstate	0.015s	coverage: 20.7% of statements
2025-04-14T14:21:07.9940544Z ok  	github.com/hashicorp/terraform/internal/stacks/stackstate/statekeys	0.010s	coverage: 68.8% of statements
2025-04-14T14:21:07.9942352Z 	github.com/hashicorp/terraform/internal/stacks/stackutils		coverage: 0.0% of statements
2025-04-14T14:21:08.4648477Z ok  	github.com/hashicorp/terraform/internal/stacks/tfstackdata1	0.017s	coverage: 10.3% of statements
2025-04-14T14:21:09.1023354Z ok  	github.com/hashicorp/terraform/internal/states	0.010s	coverage: 44.2% of statements
2025-04-14T14:21:09.2508381Z ok  	github.com/hashicorp/terraform/internal/states/remote	0.019s	coverage: 49.4% of statements
2025-04-14T14:21:09.2565782Z ok  	github.com/hashicorp/terraform/internal/states/statefile	0.024s	coverage: 63.6% of statements
2025-04-14T14:21:11.5637815Z ok  	github.com/hashicorp/terraform/internal/states/statemgr	1.799s	coverage: 59.3% of statements
2025-04-14T14:21:11.5638596Z ok  	github.com/hashicorp/terraform/internal/terminal	0.008s	coverage: 58.0% of statements
2025-04-14T14:21:23.6851475Z ok  	github.com/hashicorp/terraform/internal/terraform	5.403s	coverage: 85.0% of statements
2025-04-14T14:21:23.6852576Z ok  	github.com/hashicorp/terraform/internal/tfdiags	0.011s	coverage: 67.9% of statements
2025-04-14T14:21:23.6853371Z 	github.com/hashicorp/terraform/internal/tfplugin5		coverage: 0.0% of statements
2025-04-14T14:21:23.6854298Z 	github.com/hashicorp/terraform/internal/tfplugin6		coverage: 0.0% of statements
2025-04-14T14:21:23.6855036Z 	github.com/hashicorp/terraform/tools/loggraphdiff		coverage: 0.0% of statements
2025-04-14T14:21:23.6856046Z 	github.com/hashicorp/terraform/tools/protobuf-compile		coverage: 0.0% of statements
2025-04-14T14:21:23.6856681Z ok  	github.com/hashicorp/terraform/version	0.003s	coverage: 35.0% of statements
2025-04-14T14:21:23.6857093Z FAIL
2025-04-14T14:21:24.2933278Z ##[error]Process completed with exit code 1.
2025-04-14T14:21:24.3028857Z Post job cleanup.
2025-04-14T14:21:24.3974031Z [command]/usr/bin/git version
2025-04-14T14:21:24.4012075Z git version 2.49.0
2025-04-14T14:21:24.4063858Z Temporarily overriding HOME='/home/runner/work/_temp/587855ef-0092-41b3-ba1b-476ee62cf7c6' before making global git config changes
2025-04-14T14:21:24.4065178Z Adding repository directory to the temporary git global config as a safe directory
2025-04-14T14:21:24.4069427Z [command]/usr/bin/git config --global --add safe.directory /home/runner/work/terraform/terraform
2025-04-14T14:21:24.4106803Z [command]/usr/bin/git config --local --name-only --get-regexp core\.sshCommand
2025-04-14T14:21:24.4140163Z [command]/usr/bin/git submodule foreach --recursive sh -c "git config --local --name-only --get-regexp 'core\.sshCommand' && git config --local --unset-all 'core.sshCommand' || :"
2025-04-14T14:21:24.4384756Z [command]/usr/bin/git config --local --name-only --get-regexp http\.https\:\/\/github\.com\/\.extraheader
2025-04-14T14:21:24.4407600Z http.https://github.com/.extraheader
2025-04-14T14:21:24.4420343Z [command]/usr/bin/git config --local --unset-all http.https://github.com/.extraheader
2025-04-14T14:21:24.4451575Z [command]/usr/bin/git submodule foreach --recursive sh -c "git config --local --name-only --get-regexp 'http\.https\:\/\/github\.com\/\.extraheader' && git config --local --unset-all 'http.https://github.com/.extraheader' || :"
2025-04-14T14:21:24.4799816Z Cleaning up orphan processes
