2025-04-10T04:07:54.9311889Z Requested labels: ubuntu-latest
2025-04-10T04:07:54.9312070Z Job defined at: square/okhttp/.github/workflows/build.yml@refs/pull/8734/merge
2025-04-10T04:07:54.9312167Z Waiting for a runner to pick up this job...
2025-04-10T04:07:55.3217646Z Job is waiting for a hosted runner to come online.
2025-04-10T04:07:59.3870894Z Job is about to start running on the hosted runner: GitHub Actions 375 (hosted)
2025-04-10T04:08:01.8614663Z Current runner version: '2.323.0'
2025-04-10T04:08:01.8638044Z ##[group]Operating System
2025-04-10T04:08:01.8638848Z Ubuntu
2025-04-10T04:08:01.8639368Z 24.04.2
2025-04-10T04:08:01.8639853Z LTS
2025-04-10T04:08:01.8640381Z ##[endgroup]
2025-04-10T04:08:01.8640907Z ##[group]Runner Image
2025-04-10T04:08:01.8641436Z Image: ubuntu-24.04
2025-04-10T04:08:01.8642016Z Version: 20250406.1.0
2025-04-10T04:08:01.8643098Z Included Software: https://github.com/actions/runner-images/blob/ubuntu24/20250406.1/images/ubuntu/Ubuntu2404-Readme.md
2025-04-10T04:08:01.8644633Z Image Release: https://github.com/actions/runner-images/releases/tag/ubuntu24%2F20250406.1
2025-04-10T04:08:01.8645630Z ##[endgroup]
2025-04-10T04:08:01.8646156Z ##[group]Runner Image Provisioner
2025-04-10T04:08:01.8646699Z 2.0.422.1
2025-04-10T04:08:01.8647313Z ##[endgroup]
2025-04-10T04:08:01.8648302Z ##[group]GITHUB_TOKEN Permissions
2025-04-10T04:08:01.8650101Z Checks: write
2025-04-10T04:08:01.8650673Z Metadata: read
2025-04-10T04:08:01.8651463Z ##[endgroup]
2025-04-10T04:08:01.8654552Z Secret source: Actions
2025-04-10T04:08:01.8655354Z Prepare workflow directory
2025-04-10T04:08:01.9106702Z Prepare all required actions
2025-04-10T04:08:01.9143771Z Getting action download info
2025-04-10T04:08:02.2066436Z ##[group]Download immutable action package 'actions/checkout@v4'
2025-04-10T04:08:02.2067299Z Version: 4.2.2
2025-04-10T04:08:02.2068104Z Digest: sha256:ccb2698953eaebd21c7bf6268a94f9c26518a7e38e27e0b83c1fe1ad049819b1
2025-04-10T04:08:02.2069101Z Source commit SHA: 11bd71901bbe5b1630ceea73d27597364c9af683
2025-04-10T04:08:02.2069711Z ##[endgroup]
2025-04-10T04:08:02.3080376Z ##[group]Download immutable action package 'actions/setup-java@v4'
2025-04-10T04:08:02.3081083Z Version: 4.7.1
2025-04-10T04:08:02.3081703Z Digest: sha256:23223d64943473efb4336f60463c0429cd4f422cd5fc6c48a5cf0d5907c1aeac
2025-04-10T04:08:02.3082556Z Source commit SHA: c5195efecf7bdfc987ee8bae7a71cb8b11521c00
2025-04-10T04:08:02.3083167Z ##[endgroup]
2025-04-10T04:08:02.6476038Z Download action repository 'graalvm/setup-graalvm@v1' (SHA:01ed653ac833fe80569f1ef9f25585ba2811baab)
2025-04-10T04:08:03.2113705Z Download action repository 'gradle/actions@v4' (SHA:06832c7b30a0129d7fb559bcc6e43d26f6374244)
2025-04-10T04:08:04.5021002Z Complete job name: checkjdk11
2025-04-10T04:08:04.5767078Z ##[group]Run actions/checkout@v4
2025-04-10T04:08:04.5767712Z with:
2025-04-10T04:08:04.5767963Z   fetch-depth: 0
2025-04-10T04:08:04.5768225Z   repository: square/okhttp
2025-04-10T04:08:04.5768667Z   token: ***
2025-04-10T04:08:04.5768900Z   ssh-strict: true
2025-04-10T04:08:04.5769137Z   ssh-user: git
2025-04-10T04:08:04.5769382Z   persist-credentials: true
2025-04-10T04:08:04.5769649Z   clean: true
2025-04-10T04:08:04.5769895Z   sparse-checkout-cone-mode: true
2025-04-10T04:08:04.5770183Z   fetch-tags: false
2025-04-10T04:08:04.5770425Z   show-progress: true
2025-04-10T04:08:04.5770687Z   lfs: false
2025-04-10T04:08:04.5770908Z   submodules: false
2025-04-10T04:08:04.5771144Z   set-safe-directory: true
2025-04-10T04:08:04.5771738Z env:
2025-04-10T04:08:04.5772207Z   GRADLE_OPTS: -Dorg.gradle.jvmargs=-Xmx4g -Dorg.gradle.daemon=false -Dkotlin.incremental=false
2025-04-10T04:08:04.5772696Z ##[endgroup]
2025-04-10T04:08:04.8108856Z Syncing repository: square/okhttp
2025-04-10T04:08:04.8110243Z ##[group]Getting Git version info
2025-04-10T04:08:04.8110687Z Working directory is '/home/runner/work/okhttp/okhttp'
2025-04-10T04:08:04.8111282Z [command]/usr/bin/git version
2025-04-10T04:08:04.8193868Z git version 2.49.0
2025-04-10T04:08:04.8223616Z ##[endgroup]
2025-04-10T04:08:04.8239164Z Temporarily overriding HOME='/home/runner/work/_temp/bc96bee5-54cc-4d7d-92d3-a6a0742298d0' before making global git config changes
2025-04-10T04:08:04.8240630Z Adding repository directory to the temporary git global config as a safe directory
2025-04-10T04:08:04.8245844Z [command]/usr/bin/git config --global --add safe.directory /home/runner/work/okhttp/okhttp
2025-04-10T04:08:04.8285128Z Deleting the contents of '/home/runner/work/okhttp/okhttp'
2025-04-10T04:08:04.8288994Z ##[group]Initializing the repository
2025-04-10T04:08:04.8293718Z [command]/usr/bin/git init /home/runner/work/okhttp/okhttp
2025-04-10T04:08:04.8366586Z hint: Using 'master' as the name for the initial branch. This default branch name
2025-04-10T04:08:04.8367623Z hint: is subject to change. To configure the initial branch name to use in all
2025-04-10T04:08:04.8414234Z hint: of your new repositories, which will suppress this warning, call:
2025-04-10T04:08:04.8415034Z hint:
2025-04-10T04:08:04.8415571Z hint: 	git config --global init.defaultBranch <name>
2025-04-10T04:08:04.8416139Z hint:
2025-04-10T04:08:04.8416714Z hint: Names commonly chosen instead of 'master' are 'main', 'trunk' and
2025-04-10T04:08:04.8417518Z hint: 'development'. The just-created branch can be renamed via this command:
2025-04-10T04:08:04.8418240Z hint:
2025-04-10T04:08:04.8418666Z hint: 	git branch -m <name>
2025-04-10T04:08:04.8420938Z Initialized empty Git repository in /home/runner/work/okhttp/okhttp/.git/
2025-04-10T04:08:04.8422671Z [command]/usr/bin/git remote add origin https://github.com/square/okhttp
2025-04-10T04:08:04.8464477Z ##[endgroup]
2025-04-10T04:08:04.8465275Z ##[group]Disabling automatic garbage collection
2025-04-10T04:08:04.8470556Z [command]/usr/bin/git config --local gc.auto 0
2025-04-10T04:08:04.8504985Z ##[endgroup]
2025-04-10T04:08:04.8505636Z ##[group]Setting up auth
2025-04-10T04:08:04.8516038Z [command]/usr/bin/git config --local --name-only --get-regexp core\.sshCommand
2025-04-10T04:08:04.8548621Z [command]/usr/bin/git submodule foreach --recursive sh -c "git config --local --name-only --get-regexp 'core\.sshCommand' && git config --local --unset-all 'core.sshCommand' || :"
2025-04-10T04:08:04.8872758Z [command]/usr/bin/git config --local --name-only --get-regexp http\.https\:\/\/github\.com\/\.extraheader
2025-04-10T04:08:04.8905720Z [command]/usr/bin/git submodule foreach --recursive sh -c "git config --local --name-only --get-regexp 'http\.https\:\/\/github\.com\/\.extraheader' && git config --local --unset-all 'http.https://github.com/.extraheader' || :"
2025-04-10T04:08:04.9140924Z [command]/usr/bin/git config --local http.https://github.com/.extraheader AUTHORIZATION: basic ***
2025-04-10T04:08:04.9176972Z ##[endgroup]
2025-04-10T04:08:04.9177881Z ##[group]Fetching the repository
2025-04-10T04:08:04.9188181Z [command]/usr/bin/git -c protocol.version=2 fetch --prune --no-recurse-submodules origin +refs/heads/*:refs/remotes/origin/* +refs/tags/*:refs/tags/* +766bcbd14dfda8912d8cce80edf085bd2f4cd001:refs/remotes/pull/8734/merge
2025-04-10T04:08:09.4224554Z From https://github.com/square/okhttp
2025-04-10T04:08:09.4225672Z  * [new branch]          ase-code-scanning-rollout -> origin/ase-code-scanning-rollout
2025-04-10T04:08:09.4226633Z  * [new branch]          enelson-jwilson-pretend-to-be-okio -> origin/enelson-jwilson-pretend-to-be-okio
2025-04-10T04:08:09.4228169Z  * [new branch]          feature.peckb.address-policy-max-calls-per-connection -> origin/feature.peckb.address-policy-max-calls-per-connection
2025-04-10T04:08:09.4229349Z  * [new branch]          fix_reads               -> origin/fix_reads
2025-04-10T04:08:09.4230298Z  * [new branch]          gh-pages                -> origin/gh-pages
2025-04-10T04:08:09.4232848Z  * [new branch]          ghpages-javadocs        -> origin/ghpages-javadocs
2025-04-10T04:08:09.4235748Z  * [new branch]          jwilson.0107.spotless_ktlint110 -> origin/jwilson.0107.spotless_ktlint110
2025-04-10T04:08:09.4238256Z  * [new branch]          jwilson.01206.deflater_other_tests -> origin/jwilson.01206.deflater_other_tests
2025-04-10T04:08:09.4240817Z  * [new branch]          jwilson.0122.apidump    -> origin/jwilson.0122.apidump
2025-04-10T04:08:09.4243620Z  * [new branch]          jwilson.0207.split_connection -> origin/jwilson.0207.split_connection
2025-04-10T04:08:09.4245374Z  * [new branch]          jwilson.0326.canceling_calls -> origin/jwilson.0326.canceling_calls
2025-04-10T04:08:09.4247773Z  * [new branch]          jwilson.0409.mockwebserver2015 -> origin/jwilson.0409.mockwebserver2015
2025-04-10T04:08:09.4249501Z  * [new branch]          jwilson.0414.skip_host  -> origin/jwilson.0414.skip_host
2025-04-10T04:08:09.4252130Z  * [new branch]          jwilson.0422.build_4x   -> origin/jwilson.0422.build_4x
2025-04-10T04:08:09.4254879Z  * [new branch]          jwilson.0422.release_build -> origin/jwilson.0422.release_build
2025-04-10T04:08:09.4258866Z  * [new branch]          jwilson.0422.release_build_ -> origin/jwilson.0422.release_build_
2025-04-10T04:08:09.4259797Z  * [new branch]          jwilson.0613.berchmerkz -> origin/jwilson.0613.berchmerkz
2025-04-10T04:08:09.4261916Z  * [new branch]          jwilson.1120.no_name    -> origin/jwilson.1120.no_name
2025-04-10T04:08:09.4262815Z  * [new branch]          jwilson.1205.submodule_fix -> origin/jwilson.1205.submodule_fix
2025-04-10T04:08:09.4264169Z  * [new branch]          jwilson.1206.deflater   -> origin/jwilson.1206.deflater
2025-04-10T04:08:09.4265543Z  * [new branch]          kmp_again               -> origin/kmp_again
2025-04-10T04:08:09.4269022Z  * [new branch]          master                  -> origin/master
2025-04-10T04:08:09.4270646Z  * [new branch]          okhttp_27               -> origin/okhttp_27
2025-04-10T04:08:09.4271977Z  * [new branch]          okhttp_3.10.x           -> origin/okhttp_3.10.x
2025-04-10T04:08:09.4274548Z  * [new branch]          okhttp_3.11.x           -> origin/okhttp_3.11.x
2025-04-10T04:08:09.4277251Z  * [new branch]          okhttp_3.12.x           -> origin/okhttp_3.12.x
2025-04-10T04:08:09.4279244Z  * [new branch]          okhttp_3.13.x           -> origin/okhttp_3.13.x
2025-04-10T04:08:09.4281043Z  * [new branch]          okhttp_3.14.x           -> origin/okhttp_3.14.x
2025-04-10T04:08:09.4283616Z  * [new branch]          okhttp_3.9.x            -> origin/okhttp_3.9.x
2025-04-10T04:08:09.4286236Z  * [new branch]          okhttp_4.0.x            -> origin/okhttp_4.0.x
2025-04-10T04:08:09.4288154Z  * [new branch]          okhttp_4.1.x            -> origin/okhttp_4.1.x
2025-04-10T04:08:09.4290409Z  * [new branch]          okhttp_4.10.x           -> origin/okhttp_4.10.x
2025-04-10T04:08:09.4293461Z  * [new branch]          okhttp_4.2.x            -> origin/okhttp_4.2.x
2025-04-10T04:08:09.4295410Z  * [new branch]          okhttp_4.3.x            -> origin/okhttp_4.3.x
2025-04-10T04:08:09.4297135Z  * [new branch]          okhttp_4.4.x            -> origin/okhttp_4.4.x
2025-04-10T04:08:09.4299378Z  * [new branch]          okhttp_4.9.x            -> origin/okhttp_4.9.x
2025-04-10T04:08:09.4301280Z  * [new branch]          okhttp_4x               -> origin/okhttp_4x
2025-04-10T04:08:09.4304353Z  * [new branch]          renovate/bnd            -> origin/renovate/bnd
2025-04-10T04:08:09.4306724Z  * [new branch]          renovate/com.squareup-kotlinpoet-2.x -> origin/renovate/com.squareup-kotlinpoet-2.x
2025-04-10T04:08:09.4308642Z  * [new branch]          renovate/com.squareup.okio -> origin/renovate/com.squareup.okio
2025-04-10T04:08:09.4310721Z  * [new branch]          renovate/graalvm        -> origin/renovate/graalvm
2025-04-10T04:08:09.4312767Z  * [new branch]          renovate/kotlin-monorepo -> origin/renovate/kotlin-monorepo
2025-04-10T04:08:09.4315036Z  * [new branch]          renovate/major-bnd      -> origin/renovate/major-bnd
2025-04-10T04:08:09.4317426Z  * [new branch]          renovate/ru.vyarus-gradle-animalsniffer-plugin-2.x -> origin/renovate/ru.vyarus-gradle-animalsniffer-plugin-2.x
2025-04-10T04:08:09.4318823Z  * [new branch]          vscode                  -> origin/vscode
2025-04-10T04:08:09.4321060Z  * [new branch]          yschimke-hostnames      -> origin/yschimke-hostnames
2025-04-10T04:08:09.4325719Z  * [new tag]             1.3.0                   -> 1.3.0
2025-04-10T04:08:09.4326998Z  * [new tag]             jesse-5.0.0-alpha.11    -> jesse-5.0.0-alpha.11
2025-04-10T04:08:09.4328367Z  * [new tag]             jesse-5.0.0-alpha.11.b  -> jesse-5.0.0-alpha.11.b
2025-04-10T04:08:09.4329658Z  * [new tag]             list                    -> list
2025-04-10T04:08:09.4331174Z  * [new tag]             parent-1.0.0            -> parent-1.0.0
2025-04-10T04:08:09.4332682Z  * [new tag]             parent-1.0.1            -> parent-1.0.1
2025-04-10T04:08:09.4334033Z  * [new tag]             parent-1.0.2            -> parent-1.0.2
2025-04-10T04:08:09.4335562Z  * [new tag]             parent-1.1.0            -> parent-1.1.0
2025-04-10T04:08:09.4337138Z  * [new tag]             parent-1.1.1            -> parent-1.1.1
2025-04-10T04:08:09.4338342Z  * [new tag]             parent-1.2.0            -> parent-1.2.0
2025-04-10T04:08:09.4339882Z  * [new tag]             parent-1.2.1            -> parent-1.2.1
2025-04-10T04:08:09.4341105Z  * [new tag]             parent-1.5.0            -> parent-1.5.0
2025-04-10T04:08:09.4342557Z  * [new tag]             parent-1.5.1            -> parent-1.5.1
2025-04-10T04:08:09.4344224Z  * [new tag]             parent-1.5.2            -> parent-1.5.2
2025-04-10T04:08:09.4345466Z  * [new tag]             parent-1.5.3            -> parent-1.5.3
2025-04-10T04:08:09.4346905Z  * [new tag]             parent-1.5.4            -> parent-1.5.4
2025-04-10T04:08:09.4351438Z  * [new tag]             parent-1.6.0            -> parent-1.6.0
2025-04-10T04:08:09.4352195Z  * [new tag]             parent-2.0.0            -> parent-2.0.0
2025-04-10T04:08:09.4352969Z  * [new tag]             parent-2.0.0-RC1        -> parent-2.0.0-RC1
2025-04-10T04:08:09.4353759Z  * [new tag]             parent-2.0.0-RC2        -> parent-2.0.0-RC2
2025-04-10T04:08:09.4354344Z  * [new tag]             parent-2.1.0            -> parent-2.1.0
2025-04-10T04:08:09.4355892Z  * [new tag]             parent-2.1.0-RC1        -> parent-2.1.0-RC1
2025-04-10T04:08:09.4357137Z  * [new tag]             parent-2.2.0            -> parent-2.2.0
2025-04-10T04:08:09.4358640Z  * [new tag]             parent-2.3.0            -> parent-2.3.0
2025-04-10T04:08:09.4360135Z  * [new tag]             parent-2.4.0            -> parent-2.4.0
2025-04-10T04:08:09.4361462Z  * [new tag]             parent-2.4.0-RC1        -> parent-2.4.0-RC1
2025-04-10T04:08:09.4362965Z  * [new tag]             parent-2.5.0            -> parent-2.5.0
2025-04-10T04:08:09.4364773Z  * [new tag]             parent-2.6.0            -> parent-2.6.0
2025-04-10T04:08:09.4366295Z  * [new tag]             parent-2.7.0            -> parent-2.7.0
2025-04-10T04:08:09.4367529Z  * [new tag]             parent-2.7.1            -> parent-2.7.1
2025-04-10T04:08:09.4369060Z  * [new tag]             parent-2.7.2            -> parent-2.7.2
2025-04-10T04:08:09.4370326Z  * [new tag]             parent-2.7.3            -> parent-2.7.3
2025-04-10T04:08:09.4371913Z  * [new tag]             parent-2.7.4            -> parent-2.7.4
2025-04-10T04:08:09.4373626Z  * [new tag]             parent-2.7.5            -> parent-2.7.5
2025-04-10T04:08:09.4374921Z  * [new tag]             parent-3.0.0            -> parent-3.0.0
2025-04-10T04:08:09.4376469Z  * [new tag]             parent-3.0.0-RC1        -> parent-3.0.0-RC1
2025-04-10T04:08:09.4377767Z  * [new tag]             parent-3.0.1            -> parent-3.0.1
2025-04-10T04:08:09.4379360Z  * [new tag]             parent-3.1.0            -> parent-3.1.0
2025-04-10T04:08:09.4380659Z  * [new tag]             parent-3.1.1            -> parent-3.1.1
2025-04-10T04:08:09.4382187Z  * [new tag]             parent-3.1.2            -> parent-3.1.2
2025-04-10T04:08:09.4383537Z  * [new tag]             parent-3.10.0           -> parent-3.10.0
2025-04-10T04:08:09.4384968Z  * [new tag]             parent-3.11.0           -> parent-3.11.0
2025-04-10T04:08:09.4386471Z  * [new tag]             parent-3.12.0           -> parent-3.12.0
2025-04-10T04:08:09.4387772Z  * [new tag]             parent-3.12.1           -> parent-3.12.1
2025-04-10T04:08:09.4389310Z  * [new tag]             parent-3.12.10          -> parent-3.12.10
2025-04-10T04:08:09.4390628Z  * [new tag]             parent-3.12.11          -> parent-3.12.11
2025-04-10T04:08:09.4392189Z  * [new tag]             parent-3.12.12          -> parent-3.12.12
2025-04-10T04:08:09.4393719Z  * [new tag]             parent-3.12.13          -> parent-3.12.13
2025-04-10T04:08:09.4395334Z  * [new tag]             parent-3.12.2           -> parent-3.12.2
2025-04-10T04:08:09.4396568Z  * [new tag]             parent-3.12.3           -> parent-3.12.3
2025-04-10T04:08:09.4398165Z  * [new tag]             parent-3.12.4           -> parent-3.12.4
2025-04-10T04:08:09.4399423Z  * [new tag]             parent-3.12.5           -> parent-3.12.5
2025-04-10T04:08:09.4401043Z  * [new tag]             parent-3.12.6           -> parent-3.12.6
2025-04-10T04:08:09.4402353Z  * [new tag]             parent-3.12.7           -> parent-3.12.7
2025-04-10T04:08:09.4404062Z  * [new tag]             parent-3.12.8           -> parent-3.12.8
2025-04-10T04:08:09.4405652Z  * [new tag]             parent-3.12.9           -> parent-3.12.9
2025-04-10T04:08:09.4406910Z  * [new tag]             parent-3.13.0           -> parent-3.13.0
2025-04-10T04:08:09.4408520Z  * [new tag]             parent-3.13.1           -> parent-3.13.1
2025-04-10T04:08:09.4409826Z  * [new tag]             parent-3.14.0           -> parent-3.14.0
2025-04-10T04:08:09.4411522Z  * [new tag]             parent-3.14.1           -> parent-3.14.1
2025-04-10T04:08:09.4413007Z  * [new tag]             parent-3.14.2           -> parent-3.14.2
2025-04-10T04:08:09.4414539Z  * [new tag]             parent-3.14.3           -> parent-3.14.3
2025-04-10T04:08:09.4416113Z  * [new tag]             parent-3.14.4           -> parent-3.14.4
2025-04-10T04:08:09.4417418Z  * [new tag]             parent-3.14.5           -> parent-3.14.5
2025-04-10T04:08:09.4419162Z  * [new tag]             parent-3.14.6           -> parent-3.14.6
2025-04-10T04:08:09.4420336Z  * [new tag]             parent-3.14.7           -> parent-3.14.7
2025-04-10T04:08:09.4421915Z  * [new tag]             parent-3.14.8           -> parent-3.14.8
2025-04-10T04:08:09.4423346Z  * [new tag]             parent-3.14.9           -> parent-3.14.9
2025-04-10T04:08:09.4425034Z  * [new tag]             parent-3.2.0            -> parent-3.2.0
2025-04-10T04:08:09.4426332Z  * [new tag]             parent-3.3.0            -> parent-3.3.0
2025-04-10T04:08:09.4427912Z  * [new tag]             parent-3.3.1            -> parent-3.3.1
2025-04-10T04:08:09.4429580Z  * [new tag]             parent-3.4.0            -> parent-3.4.0
2025-04-10T04:08:09.4430772Z  * [new tag]             parent-3.4.0-RC1        -> parent-3.4.0-RC1
2025-04-10T04:08:09.4432348Z  * [new tag]             parent-3.4.1            -> parent-3.4.1
2025-04-10T04:08:09.4433820Z  * [new tag]             parent-3.4.2            -> parent-3.4.2
2025-04-10T04:08:09.4435481Z  * [new tag]             parent-3.5.0            -> parent-3.5.0
2025-04-10T04:08:09.4436936Z  * [new tag]             parent-3.6.0            -> parent-3.6.0
2025-04-10T04:08:09.4438448Z  * [new tag]             parent-3.7.0            -> parent-3.7.0
2025-04-10T04:08:09.4439751Z  * [new tag]             parent-3.8.0            -> parent-3.8.0
2025-04-10T04:08:09.4441349Z  * [new tag]             parent-3.8.1            -> parent-3.8.1
2025-04-10T04:08:09.4442684Z  * [new tag]             parent-3.9.0            -> parent-3.9.0
2025-04-10T04:08:09.4444201Z  * [new tag]             parent-3.9.1            -> parent-3.9.1
2025-04-10T04:08:09.4445887Z  * [new tag]             parent-4.0.0            -> parent-4.0.0
2025-04-10T04:08:09.4447458Z  * [new tag]             parent-4.0.0-ALPHA01    -> parent-4.0.0-ALPHA01
2025-04-10T04:08:09.4448729Z  * [new tag]             parent-4.0.0-RC1        -> parent-4.0.0-RC1
2025-04-10T04:08:09.4450393Z  * [new tag]             parent-4.0.0-RC2        -> parent-4.0.0-RC2
2025-04-10T04:08:09.4451883Z  * [new tag]             parent-4.0.0-RC3        -> parent-4.0.0-RC3
2025-04-10T04:08:09.4453632Z  * [new tag]             parent-4.0.0-alpha02    -> parent-4.0.0-alpha02
2025-04-10T04:08:09.4455018Z  * [new tag]             parent-4.0.1            -> parent-4.0.1
2025-04-10T04:08:09.4456787Z  * [new tag]             parent-4.1.0            -> parent-4.1.0
2025-04-10T04:08:09.4458090Z  * [new tag]             parent-4.1.1            -> parent-4.1.1
2025-04-10T04:08:09.4459775Z  * [new tag]             parent-4.10.0           -> parent-4.10.0
2025-04-10T04:08:09.4461378Z  * [new tag]             parent-4.10.0-RC1       -> parent-4.10.0-RC1
2025-04-10T04:08:09.4463021Z  * [new tag]             parent-4.11.0           -> parent-4.11.0
2025-04-10T04:08:09.4464778Z  * [new tag]             parent-4.12.0           -> parent-4.12.0
2025-04-10T04:08:09.4466109Z  * [new tag]             parent-4.2.0            -> parent-4.2.0
2025-04-10T04:08:09.4467784Z  * [new tag]             parent-4.2.1            -> parent-4.2.1
2025-04-10T04:08:09.4469346Z  * [new tag]             parent-4.2.2            -> parent-4.2.2
2025-04-10T04:08:09.4470814Z  * [new tag]             parent-4.3.0            -> parent-4.3.0
2025-04-10T04:08:09.4472420Z  * [new tag]             parent-4.3.1            -> parent-4.3.1
2025-04-10T04:08:09.4474105Z  * [new tag]             parent-4.4.0            -> parent-4.4.0
2025-04-10T04:08:09.4475864Z  * [new tag]             parent-4.4.1            -> parent-4.4.1
2025-04-10T04:08:09.4477463Z  * [new tag]             parent-4.5.0            -> parent-4.5.0
2025-04-10T04:08:09.4479085Z  * [new tag]             parent-4.5.0-RC1        -> parent-4.5.0-RC1
2025-04-10T04:08:09.4480456Z  * [new tag]             parent-4.6.0            -> parent-4.6.0
2025-04-10T04:08:09.4482132Z  * [new tag]             parent-4.7.0            -> parent-4.7.0
2025-04-10T04:08:09.4483814Z  * [new tag]             parent-4.7.1            -> parent-4.7.1
2025-04-10T04:08:09.4485591Z  * [new tag]             parent-4.7.2            -> parent-4.7.2
2025-04-10T04:08:09.4487155Z  * [new tag]             parent-4.8.0            -> parent-4.8.0
2025-04-10T04:08:09.4488790Z  * [new tag]             parent-4.8.1            -> parent-4.8.1
2025-04-10T04:08:09.4490381Z  * [new tag]             parent-4.9.0            -> parent-4.9.0
2025-04-10T04:08:09.4492017Z  * [new tag]             parent-4.9.1            -> parent-4.9.1
2025-04-10T04:08:09.4493640Z  * [new tag]             parent-4.9.2            -> parent-4.9.2
2025-04-10T04:08:09.4495378Z  * [new tag]             parent-4.9.3            -> parent-4.9.3
2025-04-10T04:08:09.4497197Z  * [new tag]             parent-5.0.0-alpha.1    -> parent-5.0.0-alpha.1
2025-04-10T04:08:09.4498561Z  * [new tag]             parent-5.0.0-alpha.10   -> parent-5.0.0-alpha.10
2025-04-10T04:08:09.4500260Z  * [new tag]             parent-5.0.0-alpha.11   -> parent-5.0.0-alpha.11
2025-04-10T04:08:09.4501800Z  * [new tag]             parent-5.0.0-alpha.12   -> parent-5.0.0-alpha.12
2025-04-10T04:08:09.4503571Z  * [new tag]             parent-5.0.0-alpha.13   -> parent-5.0.0-alpha.13
2025-04-10T04:08:09.4505215Z  * [new tag]             parent-5.0.0-alpha.14   -> parent-5.0.0-alpha.14
2025-04-10T04:08:09.4506600Z  * [new tag]             parent-5.0.0-alpha.2    -> parent-5.0.0-alpha.2
2025-04-10T04:08:09.4508316Z  * [new tag]             parent-5.0.0-alpha.3    -> parent-5.0.0-alpha.3
2025-04-10T04:08:09.4509951Z  * [new tag]             parent-5.0.0-alpha.4    -> parent-5.0.0-alpha.4
2025-04-10T04:08:09.4511717Z  * [new tag]             parent-5.0.0-alpha.5    -> parent-5.0.0-alpha.5
2025-04-10T04:08:09.4513056Z  * [new tag]             parent-5.0.0-alpha.6    -> parent-5.0.0-alpha.6
2025-04-10T04:08:09.4515092Z  * [new tag]             parent-5.0.0-alpha.7    -> parent-5.0.0-alpha.7
2025-04-10T04:08:09.4516694Z  * [new tag]             parent-5.0.0-alpha.8    -> parent-5.0.0-alpha.8
2025-04-10T04:08:09.4518238Z  * [new tag]             parent-5.0.0-alpha.9    -> parent-5.0.0-alpha.9
2025-04-10T04:08:09.4521493Z  * [new ref]             766bcbd14dfda8912d8cce80edf085bd2f4cd001 -> pull/8734/merge
2025-04-10T04:08:09.4574363Z ##[endgroup]
2025-04-10T04:08:09.4574766Z ##[group]Determining the checkout info
2025-04-10T04:08:09.4575774Z ##[endgroup]
2025-04-10T04:08:09.4580838Z [command]/usr/bin/git sparse-checkout disable
2025-04-10T04:08:09.4622643Z [command]/usr/bin/git config --local --unset-all extensions.worktreeConfig
2025-04-10T04:08:09.4650553Z ##[group]Checking out the ref
2025-04-10T04:08:09.4655139Z [command]/usr/bin/git checkout --progress --force refs/remotes/pull/8734/merge
2025-04-10T04:08:09.5408215Z Note: switching to 'refs/remotes/pull/8734/merge'.
2025-04-10T04:08:09.5408624Z 
2025-04-10T04:08:09.5408966Z You are in 'detached HEAD' state. You can look around, make experimental
2025-04-10T04:08:09.5409576Z changes and commit them, and you can discard any commits you make in this
2025-04-10T04:08:09.5410154Z state without impacting any branches by switching back to a branch.
2025-04-10T04:08:09.5410512Z 
2025-04-10T04:08:09.5410735Z If you want to create a new branch to retain commits you create, you may
2025-04-10T04:08:09.5411281Z do so (now or later) by using -c with the switch command. Example:
2025-04-10T04:08:09.5411607Z 
2025-04-10T04:08:09.5411736Z   git switch -c <new-branch-name>
2025-04-10T04:08:09.5411954Z 
2025-04-10T04:08:09.5412082Z Or undo this operation with:
2025-04-10T04:08:09.5412297Z 
2025-04-10T04:08:09.5412407Z   git switch -
2025-04-10T04:08:09.5412557Z 
2025-04-10T04:08:09.5412821Z Turn off this advice by setting config variable advice.detachedHead to false
2025-04-10T04:08:09.5413436Z 
2025-04-10T04:08:09.5414088Z HEAD is now at 766bcbd14 Merge 47c6e3ed8e75e0a622dd20bcb54d9bbaa95c2323 into 76aeda76c213ef398fe7d5ace10f36562c1fbdd8
2025-04-10T04:08:09.5421843Z ##[endgroup]
2025-04-10T04:08:09.5461603Z [command]/usr/bin/git log -1 --format=%H
2025-04-10T04:08:09.5485634Z 766bcbd14dfda8912d8cce80edf085bd2f4cd001
2025-04-10T04:08:09.5729197Z ##[group]Run actions/setup-java@v4
2025-04-10T04:08:09.5729480Z with:
2025-04-10T04:08:09.5729668Z   distribution: zulu
2025-04-10T04:08:09.5729868Z   java-version: 11
2025-04-10T04:08:09.5730057Z   java-package: jdk
2025-04-10T04:08:09.5730255Z   check-latest: false
2025-04-10T04:08:09.5730450Z   server-id: github
2025-04-10T04:08:09.5730648Z   server-username: GITHUB_ACTOR
2025-04-10T04:08:09.5730898Z   server-password: GITHUB_TOKEN
2025-04-10T04:08:09.5731142Z   overwrite-settings: true
2025-04-10T04:08:09.5731354Z   job-status: success
2025-04-10T04:08:09.5731693Z   token: ***
2025-04-10T04:08:09.5731876Z env:
2025-04-10T04:08:09.5732232Z   GRADLE_OPTS: -Dorg.gradle.jvmargs=-Xmx4g -Dorg.gradle.daemon=false -Dkotlin.incremental=false
2025-04-10T04:08:09.5732647Z ##[endgroup]
2025-04-10T04:08:09.7638186Z ##[group]Installed distributions
2025-04-10T04:08:09.7661866Z Trying to resolve the latest version from remote
2025-04-10T04:08:09.8524569Z Resolved latest version as 11.0.26+4
2025-04-10T04:08:09.8525165Z Trying to download...
2025-04-10T04:08:09.8526844Z Downloading Java 11.0.26+4 (Zulu) from https://cdn.azul.com/zulu/bin/zulu11.78.15-ca-jdk11.0.26-linux_x64.tar.gz ...
2025-04-10T04:08:11.9385568Z Extracting Java archive...
2025-04-10T04:08:11.9484286Z [command]/usr/bin/tar xz --warning=no-unknown-keyword --overwrite -C /home/runner/work/_temp/c7853e11-a8c4-4c76-9c97-70c4d07ac6e4 -f /home/runner/work/_temp/b848aec8-d688-41f8-9966-5fd129c54580
2025-04-10T04:08:14.5921143Z Java 11.0.26+4 was downloaded
2025-04-10T04:08:14.5921585Z Setting Java 11.0.26+4 as the default
2025-04-10T04:08:14.5934503Z Creating toolchains.xml for JDK version 11 from zulu
2025-04-10T04:08:14.6011417Z Writing to /home/runner/.m2/toolchains.xml
2025-04-10T04:08:14.6011821Z 
2025-04-10T04:08:14.6011985Z Java configuration:
2025-04-10T04:08:14.6012351Z   Distribution: zulu
2025-04-10T04:08:14.6012716Z   Version: 11.0.26+4
2025-04-10T04:08:14.6013364Z   Path: /opt/hostedtoolcache/Java_Zulu_jdk/11.0.26-4/x64
2025-04-10T04:08:14.6013831Z 
2025-04-10T04:08:14.6014340Z ##[endgroup]
2025-04-10T04:08:14.6031401Z Creating settings.xml with server-id: github
2025-04-10T04:08:14.6032353Z Writing to /home/runner/.m2/settings.xml
2025-04-10T04:08:14.6218793Z ##[group]Run actions/setup-java@v4
2025-04-10T04:08:14.6219050Z with:
2025-04-10T04:08:14.6219225Z   distribution: zulu
2025-04-10T04:08:14.6219419Z   java-version: 17
2025-04-10T04:08:14.6219612Z   java-package: jdk
2025-04-10T04:08:14.6219993Z   check-latest: false
2025-04-10T04:08:14.6220194Z   server-id: github
2025-04-10T04:08:14.6220392Z   server-username: GITHUB_ACTOR
2025-04-10T04:08:14.6220625Z   server-password: GITHUB_TOKEN
2025-04-10T04:08:14.6220855Z   overwrite-settings: true
2025-04-10T04:08:14.6221065Z   job-status: success
2025-04-10T04:08:14.6221389Z   token: ***
2025-04-10T04:08:14.6221569Z env:
2025-04-10T04:08:14.6221923Z   GRADLE_OPTS: -Dorg.gradle.jvmargs=-Xmx4g -Dorg.gradle.daemon=false -Dkotlin.incremental=false
2025-04-10T04:08:14.6222411Z   JAVA_HOME: /opt/hostedtoolcache/Java_Zulu_jdk/11.0.26-4/x64
2025-04-10T04:08:14.6222786Z   JAVA_HOME_11_X64: /opt/hostedtoolcache/Java_Zulu_jdk/11.0.26-4/x64
2025-04-10T04:08:14.6223090Z ##[endgroup]
2025-04-10T04:08:14.8124052Z ##[group]Installed distributions
2025-04-10T04:08:14.8156855Z Trying to resolve the latest version from remote
2025-04-10T04:08:14.8848462Z Resolved latest version as 17.0.14+7
2025-04-10T04:08:14.8849003Z Trying to download...
2025-04-10T04:08:14.8850206Z Downloading Java 17.0.14+7 (Zulu) from https://cdn.azul.com/zulu/bin/zulu17.56.15-ca-crac-jdk17.0.14-linux_x64.tar.gz ...
2025-04-10T04:08:16.2841549Z Extracting Java archive...
2025-04-10T04:08:16.2947944Z [command]/usr/bin/tar xz --warning=no-unknown-keyword --overwrite -C /home/runner/work/_temp/4f2980ba-11a5-48d6-8c2a-22fe875079b1 -f /home/runner/work/_temp/996fd8e9-cf22-459e-8269-f161323e04a1
2025-04-10T04:08:18.9980673Z Java 17.0.14+7 was downloaded
2025-04-10T04:08:18.9981126Z Setting Java 17.0.14+7 as the default
2025-04-10T04:08:18.9993892Z Creating toolchains.xml for JDK version 17 from zulu
2025-04-10T04:08:19.0091560Z Overwriting existing file /home/runner/.m2/toolchains.xml
2025-04-10T04:08:19.0097362Z 
2025-04-10T04:08:19.0097581Z Java configuration:
2025-04-10T04:08:19.0097940Z   Distribution: zulu
2025-04-10T04:08:19.0098256Z   Version: 17.0.14+7
2025-04-10T04:08:19.0098599Z   Path: /opt/hostedtoolcache/Java_Zulu_jdk/17.0.14-7/x64
2025-04-10T04:08:19.0098847Z 
2025-04-10T04:08:19.0099231Z ##[endgroup]
2025-04-10T04:08:19.0105305Z Creating settings.xml with server-id: github
2025-04-10T04:08:19.0118231Z Overwriting existing file /home/runner/.m2/settings.xml
2025-04-10T04:08:19.0299770Z ##[group]Run graalvm/setup-graalvm@v1
2025-04-10T04:08:19.0300041Z with:
2025-04-10T04:08:19.0300222Z   distribution: graalvm
2025-04-10T04:08:19.0300434Z   java-version: 21
2025-04-10T04:08:19.0300855Z   github-token: ***
2025-04-10T04:08:19.0301053Z   cache: gradle
2025-04-10T04:08:19.0301255Z   native-image-job-reports: true
2025-04-10T04:08:19.0301501Z   components: native-image
2025-04-10T04:08:19.0301724Z   java-package: jdk
2025-04-10T04:08:19.0301917Z   set-java-home: true
2025-04-10T04:08:19.0302123Z   check-for-updates: true
2025-04-10T04:08:19.0302338Z   native-image-musl: false
2025-04-10T04:08:19.0302554Z   native-image-pr-reports: false
2025-04-10T04:08:19.0302835Z   native-image-pr-reports-update-existing: false
2025-04-10T04:08:19.0303132Z   native-image-enable-sbom: false
2025-04-10T04:08:19.0303630Z env:
2025-04-10T04:08:19.0303985Z   GRADLE_OPTS: -Dorg.gradle.jvmargs=-Xmx4g -Dorg.gradle.daemon=false -Dkotlin.incremental=false
2025-04-10T04:08:19.0304576Z   JAVA_HOME: /opt/hostedtoolcache/Java_Zulu_jdk/17.0.14-7/x64
2025-04-10T04:08:19.0305012Z   JAVA_HOME_11_X64: /opt/hostedtoolcache/Java_Zulu_jdk/11.0.26-4/x64
2025-04-10T04:08:19.0305383Z   JAVA_HOME_17_X64: /opt/hostedtoolcache/Java_Zulu_jdk/17.0.14-7/x64
2025-04-10T04:08:19.0305676Z ##[endgroup]
2025-04-10T04:08:21.0505650Z [command]/usr/bin/tar xz --warning=no-unknown-keyword --overwrite -C /home/runner/work/_temp/b4b29284-31ea-4cbf-af3b-cfa4b7a95632 -f /home/runner/work/_temp/1c0c4781-97e5-4246-a8af-2eabf6931a80
2025-04-10T04:08:25.1487821Z Adding graalvm-jdk-21_linux-x64_bin 21 to tool-cache ...
2025-04-10T04:08:27.6235511Z ##[warning]Please remove "components: 'native-image'" from your workflow file. It is automatically included since GraalVM for JDK 17: https://github.com/oracle/graal/pull/5995
2025-04-10T04:08:28.0818585Z Cache hit for: setup-graalvm-Linux-gradle-5a0dc5e9acfe5c55fa5cc854e7e68be4b01d8266a2ffeeacae59f9aac205b124
2025-04-10T04:08:29.3931702Z Received 0 of 24739818 (0.0%), 0.0 MBs/sec
2025-04-10T04:08:29.8130543Z Received 24739818 of 24739818 (100.0%), 16.6 MBs/sec
2025-04-10T04:08:29.8131149Z Cache Size: ~24 MB (24739818 B)
2025-04-10T04:08:29.8159861Z [command]/usr/bin/tar -xf /home/runner/work/_temp/45b39b17-c382-4afb-8ee3-810d0e2324b3/cache.tzst -P -C /home/runner/work/okhttp/okhttp --use-compress-program unzstd
2025-04-10T04:08:30.1005071Z Cache restored successfully
2025-04-10T04:08:30.1059225Z Cache restored from key: setup-graalvm-Linux-gradle-5a0dc5e9acfe5c55fa5cc854e7e68be4b01d8266a2ffeeacae59f9aac205b124
2025-04-10T04:08:30.1065183Z ##[group]Successfully set up 'graalvm-jdk-21.0.6+8.1'
2025-04-10T04:08:30.1067009Z [command]/opt/hostedtoolcache/graalvm-jdk-21_linux-x64_bin/21.0.0/x64/graalvm-jdk-21.0.6+8.1/bin/java --version
2025-04-10T04:08:30.1673063Z java 21.0.6 2025-01-21 LTS
2025-04-10T04:08:30.1674127Z Java(TM) SE Runtime Environment Oracle GraalVM 21.0.6+8.1 (build 21.0.6+8-LTS-jvmci-23.1-b55)
2025-04-10T04:08:30.1675189Z Java HotSpot(TM) 64-Bit Server VM Oracle GraalVM 21.0.6+8.1 (build 21.0.6+8-LTS-jvmci-23.1-b55, mixed mode, sharing)
2025-04-10T04:08:30.1718256Z ##[endgroup]
2025-04-10T04:08:30.1952150Z ##[group]Run gradle/actions/setup-gradle@v4
2025-04-10T04:08:30.1952434Z with:
2025-04-10T04:08:30.1952618Z   cache-disabled: false
2025-04-10T04:08:30.1952826Z   cache-read-only: true
2025-04-10T04:08:30.1953028Z   cache-write-only: false
2025-04-10T04:08:30.1953522Z   cache-overwrite-existing: false
2025-04-10T04:08:30.1953777Z   cache-cleanup: on-success
2025-04-10T04:08:30.1954046Z   gradle-home-cache-includes: caches
notifications

2025-04-10T04:08:30.1954333Z   add-job-summary: always
2025-04-10T04:08:30.1954574Z   add-job-summary-as-pr-comment: never
2025-04-10T04:08:30.1954837Z   dependency-graph: disabled
2025-04-10T04:08:30.1955126Z   dependency-graph-report-dir: dependency-graph-reports
2025-04-10T04:08:30.1955479Z   dependency-graph-continue-on-failure: true
2025-04-10T04:08:30.1955757Z   build-scan-publish: false
2025-04-10T04:08:30.1955978Z   validate-wrappers: true
2025-04-10T04:08:30.1956202Z   allow-snapshot-wrappers: false
2025-04-10T04:08:30.1956485Z   gradle-home-cache-strict-match: false
2025-04-10T04:08:30.1956739Z   workflow-job-context: null
2025-04-10T04:08:30.1957104Z   github-token: ***
2025-04-10T04:08:30.1957285Z env:
2025-04-10T04:08:30.1957633Z   GRADLE_OPTS: -Dorg.gradle.jvmargs=-Xmx4g -Dorg.gradle.daemon=false -Dkotlin.incremental=false
2025-04-10T04:08:30.1958233Z   JAVA_HOME: /opt/hostedtoolcache/graalvm-jdk-21_linux-x64_bin/21.0.0/x64/graalvm-jdk-21.0.6+8.1
2025-04-10T04:08:30.1958716Z   JAVA_HOME_11_X64: /opt/hostedtoolcache/Java_Zulu_jdk/11.0.26-4/x64
2025-04-10T04:08:30.1959091Z   JAVA_HOME_17_X64: /opt/hostedtoolcache/Java_Zulu_jdk/17.0.14-7/x64
2025-04-10T04:08:30.1959561Z   GRAALVM_HOME: /opt/hostedtoolcache/graalvm-jdk-21_linux-x64_bin/21.0.0/x64/graalvm-jdk-21.0.6+8.1
2025-04-10T04:08:30.1960072Z   NATIVE_IMAGE_CONFIG_FILE: /tmp/native-image-options.properties
2025-04-10T04:08:30.1960386Z ##[endgroup]
2025-04-10T04:08:30.6519321Z Gradle User Home already exists at /home/runner/.gradle
2025-04-10T04:08:30.6529099Z Gradle User Home already exists: will not restore from cache.
2025-04-10T04:08:30.6546743Z Merged default JDK locations into /home/runner/.m2/toolchains.xml
2025-04-10T04:08:30.6879231Z ##[group]All Gradle Wrapper jars are valid
2025-04-10T04:08:30.6880518Z âœ“ Found known Gradle Wrapper JAR files:
2025-04-10T04:08:30.6881411Z   81a82aaea5abcc8ff68b3dfcb58b3c3c429378efd98e7433460610fecd7ae45f gradle/wrapper/gradle-wrapper.jar
2025-04-10T04:08:30.6882530Z ##[endgroup]
2025-04-10T04:08:30.7005822Z ##[group]Run ./gradlew check -PandroidBuild=true -PgraalBuild=true -x test -x test
2025-04-10T04:08:30.7006461Z [36;1m./gradlew check -PandroidBuild=true -PgraalBuild=true -x test -x test[0m
2025-04-10T04:08:30.7057375Z shell: /usr/bin/bash -e {0}
2025-04-10T04:08:30.7057933Z env:
2025-04-10T04:08:30.7058311Z   GRADLE_OPTS: -Dorg.gradle.jvmargs=-Xmx4g -Dorg.gradle.daemon=false -Dkotlin.incremental=false
2025-04-10T04:08:30.7058927Z   JAVA_HOME: /opt/hostedtoolcache/graalvm-jdk-21_linux-x64_bin/21.0.0/x64/graalvm-jdk-21.0.6+8.1
2025-04-10T04:08:30.7059453Z   JAVA_HOME_11_X64: /opt/hostedtoolcache/Java_Zulu_jdk/11.0.26-4/x64
2025-04-10T04:08:30.7059832Z   JAVA_HOME_17_X64: /opt/hostedtoolcache/Java_Zulu_jdk/17.0.14-7/x64
2025-04-10T04:08:30.7060321Z   GRAALVM_HOME: /opt/hostedtoolcache/graalvm-jdk-21_linux-x64_bin/21.0.0/x64/graalvm-jdk-21.0.6+8.1
2025-04-10T04:08:30.7060838Z   NATIVE_IMAGE_CONFIG_FILE: /tmp/native-image-options.properties
2025-04-10T04:08:30.7061237Z   GRADLE_ACTION_ID: gradle/actions/setup-gradle
2025-04-10T04:08:30.7061522Z   GRADLE_USER_HOME: /home/runner/.gradle
2025-04-10T04:08:30.7061797Z   GRADLE_BUILD_ACTION_SETUP_COMPLETED: true
2025-04-10T04:08:30.7062070Z   GRADLE_BUILD_ACTION_CACHE_RESTORED: true
2025-04-10T04:08:30.7062471Z   DEVELOCITY_INJECTION_INIT_SCRIPT_NAME: gradle-actions.inject-develocity.init.gradle
2025-04-10T04:08:30.7062939Z   DEVELOCITY_AUTO_INJECTION_CUSTOM_VALUE: gradle-actions
2025-04-10T04:08:30.7063448Z   GITHUB_DEPENDENCY_GRAPH_ENABLED: false
2025-04-10T04:08:30.7063691Z ##[endgroup]
2025-04-10T04:08:30.8260830Z Downloading https://services.gradle.org/distributions/gradle-8.13-all.zip
2025-04-10T04:08:33.1204431Z ......................10%......................20%......................30%......................40%......................50%......................60%......................70%.......................80%......................90%......................100%
2025-04-10T04:08:36.3599847Z 
2025-04-10T04:08:36.3601725Z Welcome to Gradle 8.13!
2025-04-10T04:08:36.3602420Z 
2025-04-10T04:08:36.3602893Z Here are the highlights of this release:
2025-04-10T04:08:36.3617107Z  - Daemon JVM auto-provisioning
2025-04-10T04:08:36.3617638Z  - Enhancements for Scala plugin and JUnit testing
2025-04-10T04:08:36.3618249Z  - Improvements for build authors and plugin developers
2025-04-10T04:08:36.3618658Z 
2025-04-10T04:08:36.3618988Z For more details see https://docs.gradle.org/8.13/release-notes.html
2025-04-10T04:08:36.3619464Z 
2025-04-10T04:08:36.4598083Z To honour the JVM settings for this build a single-use Daemon process will be forked. For more on this, please refer to https://docs.gradle.org/8.13/userguide/gradle_daemon.html#sec:disabling_the_daemon in the Gradle documentation.
2025-04-10T04:08:37.4598794Z Daemon will be stopped at the end of the build 
2025-04-10T04:08:54.1592359Z Type-safe project accessors is an incubating feature.
2025-04-10T04:09:04.6610181Z > Task :buildSrc:checkKotlinGradlePluginConfigurationErrors SKIPPED
2025-04-10T04:09:08.1593036Z > Task :buildSrc:compileKotlin FROM-CACHE
2025-04-10T04:09:08.1594552Z > Task :buildSrc:compileJava NO-SOURCE
2025-04-10T04:09:08.1595495Z > Task :buildSrc:compileGroovy NO-SOURCE
2025-04-10T04:09:08.1595958Z > Task :buildSrc:pluginDescriptors
2025-04-10T04:09:08.1600161Z > Task :buildSrc:processResources NO-SOURCE
2025-04-10T04:09:08.1600599Z > Task :buildSrc:classes UP-TO-DATE
2025-04-10T04:09:08.1600905Z 
2025-04-10T04:09:08.1602586Z > Task :buildSrc:jar
2025-04-10T04:09:08.1603122Z :jar: No valid plugin descriptors were found in META-INF/gradle-plugins
2025-04-10T04:09:18.9592102Z 
2025-04-10T04:09:18.9600107Z > Configure project :
2025-04-10T04:09:18.9605237Z warning: Dokka Gradle plugin V1 is deprecated
2025-04-10T04:09:18.9606935Z     
2025-04-10T04:09:18.9607642Z     Dokka Gradle plugin V1 is deprecated, and will be removed in Dokka version 2.1.0
2025-04-10T04:09:18.9608657Z     Please migrate to Dokka Gradle plugin V2. This will require updating your project.
2025-04-10T04:09:18.9610211Z     To learn about migrating read the migration guide https://kotl.in/dokka-gradle-migration
2025-04-10T04:09:18.9612065Z     
2025-04-10T04:09:18.9616081Z     To start migrating to Dokka Gradle plugin V2 add
2025-04-10T04:09:18.9616814Z         org.jetbrains.dokka.experimental.gradle.pluginMode=V2EnabledWithHelpers
2025-04-10T04:09:18.9617816Z     into your project's `gradle.properties` file.
2025-04-10T04:09:18.9618259Z     
2025-04-10T04:09:18.9618593Z     We would appreciate your feedback!
2025-04-10T04:09:18.9619273Z      - Please report any feedback or problems https://kotl.in/dokka-issues
2025-04-10T04:09:18.9620318Z      - Chat with the community visit #dokka in https://kotlinlang.slack.com/ (To sign up visit https://kotl.in/slack)
2025-04-10T04:09:18.9621151Z     
2025-04-10T04:09:30.2604050Z 
2025-04-10T04:09:30.2605185Z > Configure project :samples:tlssurvey
2025-04-10T04:09:30.2606397Z ksp-2.1.0-1.0.29 is too old for kotlin-2.1.10. Please upgrade ksp or downgrade kotlin-gradle-plugin to 2.1.0.
2025-04-10T04:09:30.2607716Z ksp-2.1.0-1.0.29 is too old for kotlin-2.1.10. Please upgrade ksp or downgrade kotlin-gradle-plugin to 2.1.0.
2025-04-10T04:09:30.2608971Z ksp-2.1.0-1.0.29 is too old for kotlin-2.1.10. Please upgrade ksp or downgrade kotlin-gradle-plugin to 2.1.0.
2025-04-10T04:09:30.2610235Z ksp-2.1.0-1.0.29 is too old for kotlin-2.1.10. Please upgrade ksp or downgrade kotlin-gradle-plugin to 2.1.0.
2025-04-10T04:09:33.0619252Z 
2025-04-10T04:09:33.0619812Z > Task :android-test:preBuild UP-TO-DATE
2025-04-10T04:09:33.0620385Z > Task :android-test:preDebugBuild UP-TO-DATE
2025-04-10T04:09:33.0621152Z > Task :okhttp-idna-mapping-table:checkKotlinGradlePluginConfigurationErrors SKIPPED
2025-04-10T04:09:33.0622048Z > Task :okhttp:checkKotlinGradlePluginConfigurationErrors SKIPPED
2025-04-10T04:09:33.1592929Z > Task :spotlessInternalRegisterDependencies
2025-04-10T04:09:33.2596665Z > Task :okhttp:copyKotlinTemplates
2025-04-10T04:09:33.2604303Z > Task :okhttp:preBuild UP-TO-DATE
2025-04-10T04:09:33.2604953Z > Task :okhttp:preDebugBuild UP-TO-DATE
2025-04-10T04:09:33.2605817Z > Task :okhttp:generateDebugResValues FROM-CACHE
2025-04-10T04:09:33.2606768Z > Task :okhttp:generateDebugResources FROM-CACHE
2025-04-10T04:09:33.2614155Z > Task :android-test:mergeDebugJniLibFolders
2025-04-10T04:09:33.2614982Z > Task :android-test:mergeDebugNativeLibs NO-SOURCE
2025-04-10T04:09:33.2615758Z > Task :android-test:stripDebugDebugSymbols NO-SOURCE
2025-04-10T04:09:33.2616437Z > Task :okhttp:packageDebugResources FROM-CACHE
2025-04-10T04:09:33.2617276Z > Task :android-test:copyDebugJniLibsProjectAndLocalJars
2025-04-10T04:09:33.2618829Z > Task :android-test:checkKotlinGradlePluginConfigurationErrors SKIPPED
2025-04-10T04:09:33.3601232Z > Task :android-test:generateDebugResValues FROM-CACHE
2025-04-10T04:09:33.3602251Z > Task :android-test:generateDebugResources FROM-CACHE
2025-04-10T04:09:33.3603034Z > Task :android-test:packageDebugResources FROM-CACHE
2025-04-10T04:09:34.5593164Z > Task :android-test:parseDebugLocalResources FROM-CACHE
2025-04-10T04:09:34.5594531Z > Task :okhttp:parseDebugLocalResources FROM-CACHE
2025-04-10T04:09:34.5595530Z > Task :android-test:generateDebugRFile FROM-CACHE
2025-04-10T04:09:34.5597276Z > Task :okhttp:generateDebugRFile FROM-CACHE
2025-04-10T04:09:34.5598250Z > Task :android-test:extractDeepLinksForAarDebug FROM-CACHE
2025-04-10T04:09:34.5614080Z > Task :okhttp:javaPreCompileDebug FROM-CACHE
2025-04-10T04:09:34.5615028Z > Task :android-test:mergeDebugShaders
2025-04-10T04:09:34.5615904Z > Task :android-test:compileDebugShaders NO-SOURCE
2025-04-10T04:09:34.5616998Z > Task :android-test:generateDebugAssets UP-TO-DATE
2025-04-10T04:09:34.6592735Z > Task :okhttp:mergeDebugJniLibFolders
2025-04-10T04:09:34.6596303Z > Task :okhttp:mergeDebugNativeLibs NO-SOURCE
2025-04-10T04:09:34.6629536Z > Task :android-test:mergeDebugAssets
2025-04-10T04:09:34.6640845Z > Task :okhttp:stripDebugDebugSymbols NO-SOURCE
2025-04-10T04:09:34.6642414Z > Task :android-test:javaPreCompileDebug FROM-CACHE
2025-04-10T04:09:34.6713991Z > Task :android-test:prepareDebugArtProfile
2025-04-10T04:09:34.6714578Z > Task :okhttp:copyDebugJniLibsProjectAndLocalJars
2025-04-10T04:09:34.6715167Z > Task :okhttp:extractDeepLinksForAarDebug FROM-CACHE
2025-04-10T04:09:34.7592500Z > Task :android-test:prepareLintJarForPublish
2025-04-10T04:09:34.7605192Z > Task :android-test:processDebugManifest FROM-CACHE
2025-04-10T04:09:34.7605775Z > Task :okhttp:mergeDebugShaders
2025-04-10T04:09:34.7606244Z > Task :okhttp:compileDebugShaders NO-SOURCE
2025-04-10T04:09:34.7606782Z > Task :okhttp:debugAssetsCopyForAGP NO-SOURCE
2025-04-10T04:09:34.7607301Z > Task :okhttp:generateDebugAssets UP-TO-DATE
2025-04-10T04:09:34.7607797Z > Task :android-test:writeDebugAarMetadata
2025-04-10T04:09:34.7608381Z > Task :android-test:preDebugAndroidTestBuild UP-TO-DATE
2025-04-10T04:09:34.7609096Z > Task :android-test:generateDebugAndroidTestResValues FROM-CACHE
2025-04-10T04:09:34.7629493Z > Task :android-test:writeDebugLintModelMetadata
2025-04-10T04:09:34.7635076Z > Task :android-test:writeFiltersDebugAndroidTest FROM-CACHE
2025-04-10T04:09:34.7635927Z > Task :logging-interceptor:checkKotlinGradlePluginConfigurationErrors SKIPPED
2025-04-10T04:09:34.7636687Z > Task :logging-interceptor:processResources NO-SOURCE
2025-04-10T04:09:34.7637214Z > Task :okhttp:mergeDebugAssets
2025-04-10T04:09:34.7637700Z > Task :logging-interceptor:writeJvmLintModelMetadata
2025-04-10T04:09:34.7638402Z > Task :mockwebserver3:checkKotlinGradlePluginConfigurationErrors SKIPPED
2025-04-10T04:09:34.7639067Z > Task :mockwebserver3:processResources NO-SOURCE
2025-04-10T04:09:34.7639601Z > Task :mockwebserver3:writeJvmLintModelMetadata
2025-04-10T04:09:34.7640312Z > Task :mockwebserver3-junit4:checkKotlinGradlePluginConfigurationErrors SKIPPED
2025-04-10T04:09:34.7640963Z > Task :mockwebserver3-junit4:processResources NO-SOURCE
2025-04-10T04:09:34.8606419Z > Task :mockwebserver3-junit4:writeJvmLintModelMetadata
2025-04-10T04:09:34.8607806Z > Task :mockwebserver3-junit5:checkKotlinGradlePluginConfigurationErrors SKIPPED
2025-04-10T04:09:34.8609019Z > Task :mockwebserver3-junit5:processResources
2025-04-10T04:09:34.8609960Z > Task :mockwebserver3-junit5:writeJvmLintModelMetadata
2025-04-10T04:09:34.8611061Z > Task :okhttp-brotli:checkKotlinGradlePluginConfigurationErrors SKIPPED
2025-04-10T04:09:34.8612110Z > Task :okhttp-brotli:processResources NO-SOURCE
2025-04-10T04:09:34.8655336Z > Task :okhttp-brotli:writeJvmLintModelMetadata
2025-04-10T04:09:34.8658661Z > Task :okhttp-dnsoverhttps:checkKotlinGradlePluginConfigurationErrors SKIPPED
2025-04-10T04:09:34.8661699Z > Task :okhttp-dnsoverhttps:processResources NO-SOURCE
2025-04-10T04:09:34.8662542Z > Task :okhttp-dnsoverhttps:writeJvmLintModelMetadata
2025-04-10T04:09:34.8663739Z > Task :okhttp-sse:checkKotlinGradlePluginConfigurationErrors SKIPPED
2025-04-10T04:09:34.8667282Z > Task :okhttp:prepareDebugArtProfile
2025-04-10T04:09:34.8667767Z > Task :okhttp-sse:processResources NO-SOURCE
2025-04-10T04:09:34.8668295Z > Task :okhttp-sse:writeJvmLintModelMetadata
2025-04-10T04:09:34.8669032Z > Task :okhttp-testing-support:checkKotlinGradlePluginConfigurationErrors SKIPPED
2025-04-10T04:09:34.8669762Z > Task :okhttp:prepareLintJarForPublish
2025-04-10T04:09:34.8670388Z > Task :okhttp-tls:checkKotlinGradlePluginConfigurationErrors SKIPPED
2025-04-10T04:09:34.8671037Z > Task :okhttp-tls:processResources NO-SOURCE
2025-04-10T04:09:34.8671541Z > Task :okhttp-testing-support:processResources
2025-04-10T04:09:34.8686138Z > Task :okhttp:processDebugManifest FROM-CACHE
2025-04-10T04:09:34.8686640Z > Task :okhttp:writeDebugAarMetadata
2025-04-10T04:09:34.8687154Z > Task :okhttp-testing-support:writeJvmLintModelMetadata
2025-04-10T04:09:34.8687698Z > Task :okhttp-tls:writeJvmLintModelMetadata
2025-04-10T04:09:34.8688169Z > Task :okhttp:jvmProcessResources
2025-04-10T04:09:34.8688611Z > Task :okhttp:writeDebugLintModelMetadata
2025-04-10T04:09:34.8689074Z > Task :android-test:extractProguardFiles
2025-04-10T04:09:34.8689892Z > Task :android-test:preDebugUnitTestBuild UP-TO-DATE
2025-04-10T04:09:34.9592762Z > Task :okhttp:extractProguardFiles
2025-04-10T04:09:34.9593993Z > Task :okhttp:preDebugAndroidTestBuild UP-TO-DATE
2025-04-10T04:09:34.9594847Z > Task :okhttp:generateDebugAndroidTestResValues FROM-CACHE
2025-04-10T04:09:34.9595792Z > Task :okhttp:preDebugUnitTestBuild UP-TO-DATE
2025-04-10T04:09:34.9597030Z > Task :okhttp:preReleaseBuild UP-TO-DATE
2025-04-10T04:09:34.9597886Z > Task :okhttp:mergeReleaseJniLibFolders
2025-04-10T04:09:34.9598700Z > Task :okhttp:mergeReleaseNativeLibs NO-SOURCE
2025-04-10T04:09:34.9599434Z > Task :okhttp:stripReleaseDebugSymbols NO-SOURCE
2025-04-10T04:09:34.9600282Z > Task :okhttp:copyReleaseJniLibsProjectAndLocalJars
2025-04-10T04:09:34.9601384Z > Task :okhttp:generateReleaseResValues FROM-CACHE
2025-04-10T04:09:34.9602235Z > Task :okhttp:extractDeepLinksForAarRelease FROM-CACHE
2025-04-10T04:09:34.9603070Z > Task :okhttp:generateReleaseResources FROM-CACHE
2025-04-10T04:09:34.9604097Z > Task :android-test-app:buildKotlinToolingMetadata
2025-04-10T04:09:34.9605132Z > Task :android-test-app:checkKotlinGradlePluginConfigurationErrors SKIPPED
2025-04-10T04:09:34.9612855Z > Task :android-test-app:preBuild UP-TO-DATE
2025-04-10T04:09:34.9613775Z > Task :android-test-app:preReleaseBuild UP-TO-DATE
2025-04-10T04:09:34.9614364Z > Task :okhttp:packageReleaseResources FROM-CACHE
2025-04-10T04:09:34.9614999Z > Task :android-test-app:generateReleaseResValues FROM-CACHE
2025-04-10T04:09:35.0610997Z > Task :okhttp:parseReleaseLocalResources FROM-CACHE
2025-04-10T04:09:35.0611844Z > Task :okhttp:generateReleaseRFile FROM-CACHE
2025-04-10T04:09:35.0612458Z > Task :okhttp:mergeReleaseShaders
2025-04-10T04:09:35.0613045Z > Task :okhttp:compileReleaseShaders NO-SOURCE
2025-04-10T04:09:35.0613889Z > Task :okhttp:generateReleaseAssets UP-TO-DATE
2025-04-10T04:09:35.0614557Z > Task :okhttp:releaseAssetsCopyForAGP NO-SOURCE
2025-04-10T04:09:35.0615180Z > Task :okhttp:mergeReleaseAssets
2025-04-10T04:09:35.0615805Z > Task :okhttp:javaPreCompileRelease FROM-CACHE
2025-04-10T04:09:35.1592298Z > Task :okhttp:prepareReleaseArtProfile
2025-04-10T04:09:35.1613004Z [compileClasspath] dependency org.jetbrains.kotlin:kotlin-stdlib:2.1.10 version changed: 2.1.10 â†’ 2.1.20
2025-04-10T04:09:35.1616614Z [runtimeClasspath] dependency org.jetbrains.kotlin:kotlin-stdlib:2.1.10 version changed: 2.1.10 â†’ 2.1.20
2025-04-10T04:09:35.1659278Z > Task :spotlessKotlin FROM-CACHE
2025-04-10T04:09:35.1659956Z > Task :spotlessKotlinCheck UP-TO-DATE
2025-04-10T04:09:35.1660442Z > Task :spotlessCheck UP-TO-DATE
2025-04-10T04:09:35.1660856Z > Task :check UP-TO-DATE
2025-04-10T04:09:35.1661223Z > Task :container-tests:check
2025-04-10T04:09:35.1661694Z > Task :okhttp:processReleaseManifest FROM-CACHE
2025-04-10T04:09:35.1662067Z 
2025-04-10T04:09:35.1662303Z > Task :logging-interceptor:sympathyForMrMaven FAILED
2025-04-10T04:09:35.2617930Z 
2025-04-10T04:09:35.2620081Z > Task :okhttp:writeReleaseAarMetadata
2025-04-10T04:09:36.2594137Z > Task :android-test-app:mapReleaseSourceSetPaths
2025-04-10T04:09:41.9591768Z 
2025-04-10T04:09:41.9592861Z > Task :okhttp-idna-mapping-table:compileKotlin
2025-04-10T04:09:41.9594439Z w: Opt-in requirement marker okhttp3.ExperimentalOkHttpApi is unresolved. Please make sure it's present in the module dependencies
2025-04-10T04:09:42.0595884Z 
2025-04-10T04:09:42.0596887Z gradle/actions: Writing build results to /home/runner/work/_temp/.gradle-actions/build-results/__run-1744258120072.json
2025-04-10T04:09:42.0600214Z FAILURE: Build failed with an exception.
2025-04-10T04:09:42.0600571Z 
2025-04-10T04:09:42.0600702Z * What went wrong:
2025-04-10T04:09:42.0601229Z 
2025-04-10T04:09:42.0602181Z [Incubating] Problems report is available at: file:///home/runner/work/okhttp/okhttp/build/reports/problems/problems-report.html
2025-04-10T04:09:42.0618152Z Execution failed for task ':logging-interceptor:sympathyForMrMaven'.
2025-04-10T04:09:42.0623581Z > Declared dependencies were upgraded transitively. See task output above. Please update their versions.
2025-04-10T04:09:42.0627745Z 
2025-04-10T04:09:42.0647256Z * Try:
2025-04-10T04:09:42.0647972Z > Run with --stacktrace option to get the stack trace.
2025-04-10T04:09:42.0648837Z > Run with --info or --debug option to get more log output.
2025-04-10T04:09:42.0649524Z > Run with --scan to get full insights.
2025-04-10T04:09:42.0650563Z > Get more help at https://help.gradle.org.
2025-04-10T04:09:42.0650991Z 
2025-04-10T04:09:42.0651287Z BUILD FAILED in 1m 11s
2025-04-10T04:09:42.0659958Z 
2025-04-10T04:09:42.0661694Z Deprecated Gradle features were used in this build, making it incompatible with Gradle 9.0.
2025-04-10T04:09:42.0662366Z 
2025-04-10T04:09:42.0662967Z You can use '--warning-mode all' to show the individual deprecation warnings and determine if they come from your own scripts or plugins.
2025-04-10T04:09:42.0663913Z 
2025-04-10T04:09:42.0664632Z For more on this, please refer to https://docs.gradle.org/8.13/userguide/command_line_interface.html#sec:command_line_warnings in the Gradle documentation.
2025-04-10T04:09:42.0665703Z 75 actionable tasks: 44 executed, 30 from cache, 1 up-to-date
2025-04-10T04:09:42.5117265Z ##[error]Process completed with exit code 1.
2025-04-10T04:09:42.5196007Z Post job cleanup.
2025-04-10T04:09:42.8506108Z In post-action step
2025-04-10T04:09:42.8514205Z Cache will not be saved: not restored in main action step.
2025-04-10T04:09:42.8519277Z Generating Job Summary
2025-04-10T04:09:42.8541581Z Completed post-action step
2025-04-10T04:09:42.8680661Z Post job cleanup.
2025-04-10T04:09:43.0369426Z Post job cleanup.
2025-04-10T04:09:43.2100912Z Post job cleanup.
2025-04-10T04:09:43.3039825Z [command]/usr/bin/git version
2025-04-10T04:09:43.3081780Z git version 2.49.0
2025-04-10T04:09:43.3123541Z Temporarily overriding HOME='/home/runner/work/_temp/514eed66-ae4e-4294-be57-a0c0ef17982e' before making global git config changes
2025-04-10T04:09:43.3124717Z Adding repository directory to the temporary git global config as a safe directory
2025-04-10T04:09:43.3128909Z [command]/usr/bin/git config --global --add safe.directory /home/runner/work/okhttp/okhttp
2025-04-10T04:09:43.3163330Z [command]/usr/bin/git config --local --name-only --get-regexp core\.sshCommand
2025-04-10T04:09:43.3195881Z [command]/usr/bin/git submodule foreach --recursive sh -c "git config --local --name-only --get-regexp 'core\.sshCommand' && git config --local --unset-all 'core.sshCommand' || :"
2025-04-10T04:09:43.3436717Z [command]/usr/bin/git config --local --name-only --get-regexp http\.https\:\/\/github\.com\/\.extraheader
2025-04-10T04:09:43.3460415Z http.https://github.com/.extraheader
2025-04-10T04:09:43.3472685Z [command]/usr/bin/git config --local --unset-all http.https://github.com/.extraheader
2025-04-10T04:09:43.3504157Z [command]/usr/bin/git submodule foreach --recursive sh -c "git config --local --name-only --get-regexp 'http\.https\:\/\/github\.com\/\.extraheader' && git config --local --unset-all 'http.https://github.com/.extraheader' || :"
2025-04-10T04:09:43.3829419Z Cleaning up orphan processes
2025-04-10T04:09:43.4090488Z Terminate orphan process: pid (2343) (java)
