2025-04-11T09:06:53.1282457Z Requested labels: ubuntu-latest
2025-04-11T09:06:53.1282779Z Job defined at: hpcaitech/ColossalAI/.github/workflows/report_leaderboard_to_lark.yml@refs/heads/main
2025-04-11T09:06:53.1282890Z Waiting for a runner to pick up this job...
2025-04-11T09:06:53.4185909Z Job is waiting for a hosted runner to come online.
2025-04-11T09:06:56.5254485Z Job is about to start running on the hosted runner: GitHub Actions 14 (hosted)
2025-04-11T09:06:58.0249367Z Current runner version: '2.323.0'
2025-04-11T09:06:58.0277996Z ##[group]Operating System
2025-04-11T09:06:58.0278784Z Ubuntu
2025-04-11T09:06:58.0279407Z 24.04.2
2025-04-11T09:06:58.0279904Z LTS
2025-04-11T09:06:58.0280434Z ##[endgroup]
2025-04-11T09:06:58.0281004Z ##[group]Runner Image
2025-04-11T09:06:58.0281591Z Image: ubuntu-24.04
2025-04-11T09:06:58.0282217Z Version: 20250406.1.0
2025-04-11T09:06:58.0283270Z Included Software: https://github.com/actions/runner-images/blob/ubuntu24/20250406.1/images/ubuntu/Ubuntu2404-Readme.md
2025-04-11T09:06:58.0284619Z Image Release: https://github.com/actions/runner-images/releases/tag/ubuntu24%2F20250406.1
2025-04-11T09:06:58.0285614Z ##[endgroup]
2025-04-11T09:06:58.0286376Z ##[group]Runner Image Provisioner
2025-04-11T09:06:58.0287073Z 2.0.422.1
2025-04-11T09:06:58.0287596Z ##[endgroup]
2025-04-11T09:06:58.0289918Z ##[group]GITHUB_TOKEN Permissions
2025-04-11T09:06:58.0292080Z Actions: write
2025-04-11T09:06:58.0292958Z Attestations: write
2025-04-11T09:06:58.0293614Z Checks: write
2025-04-11T09:06:58.0294241Z Contents: write
2025-04-11T09:06:58.0294797Z Deployments: write
2025-04-11T09:06:58.0295363Z Discussions: write
2025-04-11T09:06:58.0296311Z Issues: write
2025-04-11T09:06:58.0296938Z Metadata: read
2025-04-11T09:06:58.0297469Z Models: read
2025-04-11T09:06:58.0298071Z Packages: write
2025-04-11T09:06:58.0298623Z Pages: write
2025-04-11T09:06:58.0299181Z PullRequests: write
2025-04-11T09:06:58.0299765Z RepositoryProjects: write
2025-04-11T09:06:58.0300368Z SecurityEvents: write
2025-04-11T09:06:58.0300978Z Statuses: write
2025-04-11T09:06:58.0301518Z ##[endgroup]
2025-04-11T09:06:58.0304619Z Secret source: Actions
2025-04-11T09:06:58.0305584Z Prepare workflow directory
2025-04-11T09:06:58.0623637Z Prepare all required actions
2025-04-11T09:06:58.0662401Z Getting action download info
2025-04-11T09:06:58.2647045Z ##[group]Download immutable action package 'actions/checkout@v2'
2025-04-11T09:06:58.2648083Z Version: 2.7.0
2025-04-11T09:06:58.2649198Z Digest: sha256:95d28907bc868c0bab52f05f1f84cf8416c9415fba4c92519bc0b83bdce1eae3
2025-04-11T09:06:58.2650388Z Source commit SHA: ee0669bd1cc54295c223e0bb666b733df41de1c5
2025-04-11T09:06:58.2651120Z ##[endgroup]
2025-04-11T09:06:58.3784367Z ##[group]Download immutable action package 'actions/setup-python@v2'
2025-04-11T09:06:58.3785102Z Version: 2.3.4
2025-04-11T09:06:58.3785751Z Digest: sha256:ce653221798e6b321c1dc17af334e0a1f5f5523f5e7820aa165716f185e981c9
2025-04-11T09:06:58.3787032Z Source commit SHA: e9aba2c848f5ebd159c070c61ea2c4e2b122355e
2025-04-11T09:06:58.3787659Z ##[endgroup]
2025-04-11T09:06:58.5473632Z Complete job name: Generate leaderboard report and publish to Lark
2025-04-11T09:06:58.6241987Z ##[group]Run actions/checkout@v2
2025-04-11T09:06:58.6242857Z with:
2025-04-11T09:06:58.6243292Z   repository: hpcaitech/ColossalAI
2025-04-11T09:06:58.6243985Z   token: ***
2025-04-11T09:06:58.6244405Z   ssh-strict: true
2025-04-11T09:06:58.6244854Z   persist-credentials: true
2025-04-11T09:06:58.6245340Z   clean: true
2025-04-11T09:06:58.6245767Z   fetch-depth: 1
2025-04-11T09:06:58.6246394Z   lfs: false
2025-04-11T09:06:58.6246798Z   submodules: false
2025-04-11T09:06:58.6247251Z   set-safe-directory: true
2025-04-11T09:06:58.6247980Z ##[endgroup]
2025-04-11T09:06:58.8691264Z Syncing repository: hpcaitech/ColossalAI
2025-04-11T09:06:58.8693304Z ##[group]Getting Git version info
2025-04-11T09:06:58.8694149Z Working directory is '/home/runner/work/ColossalAI/ColossalAI'
2025-04-11T09:06:58.8695240Z [command]/usr/bin/git version
2025-04-11T09:06:58.8781311Z git version 2.49.0
2025-04-11T09:06:58.8811497Z ##[endgroup]
2025-04-11T09:06:58.8831074Z Temporarily overriding HOME='/home/runner/work/_temp/2df7f566-1c8a-4547-9330-8c241d3c8aeb' before making global git config changes
2025-04-11T09:06:58.8833907Z Adding repository directory to the temporary git global config as a safe directory
2025-04-11T09:06:58.8836618Z [command]/usr/bin/git config --global --add safe.directory /home/runner/work/ColossalAI/ColossalAI
2025-04-11T09:06:58.8875009Z Deleting the contents of '/home/runner/work/ColossalAI/ColossalAI'
2025-04-11T09:06:58.8879182Z ##[group]Initializing the repository
2025-04-11T09:06:58.8883274Z [command]/usr/bin/git init /home/runner/work/ColossalAI/ColossalAI
2025-04-11T09:06:58.8976148Z hint: Using 'master' as the name for the initial branch. This default branch name
2025-04-11T09:06:58.8977327Z hint: is subject to change. To configure the initial branch name to use in all
2025-04-11T09:06:58.8978392Z hint: of your new repositories, which will suppress this warning, call:
2025-04-11T09:06:58.8979504Z hint:
2025-04-11T09:06:58.8980074Z hint: 	git config --global init.defaultBranch <name>
2025-04-11T09:06:58.8980716Z hint:
2025-04-11T09:06:58.8981328Z hint: Names commonly chosen instead of 'master' are 'main', 'trunk' and
2025-04-11T09:06:58.8982290Z hint: 'development'. The just-created branch can be renamed via this command:
2025-04-11T09:06:58.8983778Z hint:
2025-04-11T09:06:58.8984624Z hint: 	git branch -m <name>
2025-04-11T09:06:58.8986704Z Initialized empty Git repository in /home/runner/work/ColossalAI/ColossalAI/.git/
2025-04-11T09:06:58.8996050Z [command]/usr/bin/git remote add origin https://github.com/hpcaitech/ColossalAI
2025-04-11T09:06:58.9034561Z ##[endgroup]
2025-04-11T09:06:58.9036343Z ##[group]Disabling automatic garbage collection
2025-04-11T09:06:58.9039283Z [command]/usr/bin/git config --local gc.auto 0
2025-04-11T09:06:58.9067703Z ##[endgroup]
2025-04-11T09:06:58.9069303Z ##[group]Setting up auth
2025-04-11T09:06:58.9074832Z [command]/usr/bin/git config --local --name-only --get-regexp core\.sshCommand
2025-04-11T09:06:58.9104192Z [command]/usr/bin/git submodule foreach --recursive sh -c "git config --local --name-only --get-regexp 'core\.sshCommand' && git config --local --unset-all 'core.sshCommand' || :"
2025-04-11T09:06:58.9462200Z [command]/usr/bin/git config --local --name-only --get-regexp http\.https\:\/\/github\.com\/\.extraheader
2025-04-11T09:06:58.9494529Z [command]/usr/bin/git submodule foreach --recursive sh -c "git config --local --name-only --get-regexp 'http\.https\:\/\/github\.com\/\.extraheader' && git config --local --unset-all 'http.https://github.com/.extraheader' || :"
2025-04-11T09:06:58.9723059Z [command]/usr/bin/git config --local http.https://github.com/.extraheader AUTHORIZATION: basic ***
2025-04-11T09:06:58.9758366Z ##[endgroup]
2025-04-11T09:06:58.9759256Z ##[group]Fetching the repository
2025-04-11T09:06:58.9766706Z [command]/usr/bin/git -c protocol.version=2 fetch --no-tags --prune --progress --no-recurse-submodules --depth=1 origin +44d4053fec005fe0b06b6bc755fdc962463145df:refs/remotes/origin/main
2025-04-11T09:06:59.2460851Z remote: Enumerating objects: 2555, done.        
2025-04-11T09:06:59.2462528Z remote: Counting objects:   0% (1/2555)        
2025-04-11T09:06:59.2463426Z remote: Counting objects:   1% (26/2555)        
2025-04-11T09:06:59.2464292Z remote: Counting objects:   2% (52/2555)        
2025-04-11T09:06:59.2465256Z remote: Counting objects:   3% (77/2555)        
2025-04-11T09:06:59.2466437Z remote: Counting objects:   4% (103/2555)        
2025-04-11T09:06:59.2467726Z remote: Counting objects:   5% (128/2555)        
2025-04-11T09:06:59.2469106Z remote: Counting objects:   6% (154/2555)        
2025-04-11T09:06:59.2470343Z remote: Counting objects:   7% (179/2555)        
2025-04-11T09:06:59.2471496Z remote: Counting objects:   8% (205/2555)        
2025-04-11T09:06:59.2472495Z remote: Counting objects:   9% (230/2555)        
2025-04-11T09:06:59.2473950Z remote: Counting objects:  10% (256/2555)        
2025-04-11T09:06:59.2475147Z remote: Counting objects:  11% (282/2555)        
2025-04-11T09:06:59.2476698Z remote: Counting objects:  12% (307/2555)        
2025-04-11T09:06:59.2478091Z remote: Counting objects:  13% (333/2555)        
2025-04-11T09:06:59.2479425Z remote: Counting objects:  14% (358/2555)        
2025-04-11T09:06:59.2480315Z remote: Counting objects:  15% (384/2555)        
2025-04-11T09:06:59.2481020Z remote: Counting objects:  16% (409/2555)        
2025-04-11T09:06:59.2482404Z remote: Counting objects:  17% (435/2555)        
2025-04-11T09:06:59.2483398Z remote: Counting objects:  18% (460/2555)        
2025-04-11T09:06:59.2484082Z remote: Counting objects:  19% (486/2555)        
2025-04-11T09:06:59.2484744Z remote: Counting objects:  20% (511/2555)        
2025-04-11T09:06:59.2486013Z remote: Counting objects:  21% (537/2555)        
2025-04-11T09:06:59.2486914Z remote: Counting objects:  22% (563/2555)        
2025-04-11T09:06:59.2487668Z remote: Counting objects:  23% (588/2555)        
2025-04-11T09:06:59.2488841Z remote: Counting objects:  24% (614/2555)        
2025-04-11T09:06:59.2489539Z remote: Counting objects:  25% (639/2555)        
2025-04-11T09:06:59.2490194Z remote: Counting objects:  26% (665/2555)        
2025-04-11T09:06:59.2490930Z remote: Counting objects:  27% (690/2555)        
2025-04-11T09:06:59.2492094Z remote: Counting objects:  28% (716/2555)        
2025-04-11T09:06:59.2492774Z remote: Counting objects:  29% (741/2555)        
2025-04-11T09:06:59.2493454Z remote: Counting objects:  30% (767/2555)        
2025-04-11T09:06:59.2494100Z remote: Counting objects:  31% (793/2555)        
2025-04-11T09:06:59.2494749Z remote: Counting objects:  32% (818/2555)        
2025-04-11T09:06:59.2496059Z remote: Counting objects:  33% (844/2555)        
2025-04-11T09:06:59.2496771Z remote: Counting objects:  34% (869/2555)        
2025-04-11T09:06:59.2497454Z remote: Counting objects:  35% (895/2555)        
2025-04-11T09:06:59.2498118Z remote: Counting objects:  36% (920/2555)        
2025-04-11T09:06:59.2498819Z remote: Counting objects:  37% (946/2555)        
2025-04-11T09:06:59.2500004Z remote: Counting objects:  38% (971/2555)        
2025-04-11T09:06:59.2500679Z remote: Counting objects:  39% (997/2555)        
2025-04-11T09:06:59.2501336Z remote: Counting objects:  40% (1022/2555)        
2025-04-11T09:06:59.2501992Z remote: Counting objects:  41% (1048/2555)        
2025-04-11T09:06:59.2502648Z remote: Counting objects:  42% (1074/2555)        
2025-04-11T09:06:59.2503322Z remote: Counting objects:  43% (1099/2555)        
2025-04-11T09:06:59.2503986Z remote: Counting objects:  44% (1125/2555)        
2025-04-11T09:06:59.2504648Z remote: Counting objects:  45% (1150/2555)        
2025-04-11T09:06:59.2505402Z remote: Counting objects:  46% (1176/2555)        
2025-04-11T09:06:59.2506229Z remote: Counting objects:  47% (1201/2555)        
2025-04-11T09:06:59.2506887Z remote: Counting objects:  48% (1227/2555)        
2025-04-11T09:06:59.2507664Z remote: Counting objects:  49% (1252/2555)        
2025-04-11T09:06:59.2508752Z remote: Counting objects:  50% (1278/2555)        
2025-04-11T09:06:59.2509652Z remote: Counting objects:  51% (1304/2555)        
2025-04-11T09:06:59.2510338Z remote: Counting objects:  52% (1329/2555)        
2025-04-11T09:06:59.2510984Z remote: Counting objects:  53% (1355/2555)        
2025-04-11T09:06:59.2511636Z remote: Counting objects:  54% (1380/2555)        
2025-04-11T09:06:59.2512290Z remote: Counting objects:  55% (1406/2555)        
2025-04-11T09:06:59.2513207Z remote: Counting objects:  56% (1431/2555)        
2025-04-11T09:06:59.2513935Z remote: Counting objects:  57% (1457/2555)        
2025-04-11T09:06:59.2514602Z remote: Counting objects:  58% (1482/2555)        
2025-04-11T09:06:59.2515258Z remote: Counting objects:  59% (1508/2555)        
2025-04-11T09:06:59.2516039Z remote: Counting objects:  60% (1533/2555)        
2025-04-11T09:06:59.2516695Z remote: Counting objects:  61% (1559/2555)        
2025-04-11T09:06:59.2517361Z remote: Counting objects:  62% (1585/2555)        
2025-04-11T09:06:59.2518384Z remote: Counting objects:  63% (1610/2555)        
2025-04-11T09:06:59.2519060Z remote: Counting objects:  64% (1636/2555)        
2025-04-11T09:06:59.2519733Z remote: Counting objects:  65% (1661/2555)        
2025-04-11T09:06:59.2520393Z remote: Counting objects:  66% (1687/2555)        
2025-04-11T09:06:59.2521051Z remote: Counting objects:  67% (1712/2555)        
2025-04-11T09:06:59.2521716Z remote: Counting objects:  68% (1738/2555)        
2025-04-11T09:06:59.2522563Z remote: Counting objects:  69% (1763/2555)        
2025-04-11T09:06:59.2523225Z remote: Counting objects:  70% (1789/2555)        
2025-04-11T09:06:59.2523888Z remote: Counting objects:  71% (1815/2555)        
2025-04-11T09:06:59.2524549Z remote: Counting objects:  72% (1840/2555)        
2025-04-11T09:06:59.2525206Z remote: Counting objects:  73% (1866/2555)        
2025-04-11T09:06:59.2526007Z remote: Counting objects:  74% (1891/2555)        
2025-04-11T09:06:59.2526675Z remote: Counting objects:  75% (1917/2555)        
2025-04-11T09:06:59.2527388Z remote: Counting objects:  76% (1942/2555)        
2025-04-11T09:06:59.2528049Z remote: Counting objects:  77% (1968/2555)        
2025-04-11T09:06:59.2528698Z remote: Counting objects:  78% (1993/2555)        
2025-04-11T09:06:59.2529350Z remote: Counting objects:  79% (2019/2555)        
2025-04-11T09:06:59.2530008Z remote: Counting objects:  80% (2044/2555)        
2025-04-11T09:06:59.2530705Z remote: Counting objects:  81% (2070/2555)        
2025-04-11T09:06:59.2531632Z remote: Counting objects:  82% (2096/2555)        
2025-04-11T09:06:59.2532290Z remote: Counting objects:  83% (2121/2555)        
2025-04-11T09:06:59.2532953Z remote: Counting objects:  84% (2147/2555)        
2025-04-11T09:06:59.2533601Z remote: Counting objects:  85% (2172/2555)        
2025-04-11T09:06:59.2534241Z remote: Counting objects:  86% (2198/2555)        
2025-04-11T09:06:59.2534889Z remote: Counting objects:  87% (2223/2555)        
2025-04-11T09:06:59.2535542Z remote: Counting objects:  88% (2249/2555)        
2025-04-11T09:06:59.2536328Z remote: Counting objects:  89% (2274/2555)        
2025-04-11T09:06:59.2536977Z remote: Counting objects:  90% (2300/2555)        
2025-04-11T09:06:59.2537632Z remote: Counting objects:  91% (2326/2555)        
2025-04-11T09:06:59.2538281Z remote: Counting objects:  92% (2351/2555)        
2025-04-11T09:06:59.2538925Z remote: Counting objects:  93% (2377/2555)        
2025-04-11T09:06:59.2539573Z remote: Counting objects:  94% (2402/2555)        
2025-04-11T09:06:59.2540223Z remote: Counting objects:  95% (2428/2555)        
2025-04-11T09:06:59.2540896Z remote: Counting objects:  96% (2453/2555)        
2025-04-11T09:06:59.2541607Z remote: Counting objects:  97% (2479/2555)        
2025-04-11T09:06:59.2542262Z remote: Counting objects:  98% (2504/2555)        
2025-04-11T09:06:59.2542956Z remote: Counting objects:  99% (2530/2555)        
2025-04-11T09:06:59.2543618Z remote: Counting objects: 100% (2555/2555)        
2025-04-11T09:06:59.2544323Z remote: Counting objects: 100% (2555/2555), done.        
2025-04-11T09:06:59.2545207Z remote: Compressing objects:   0% (1/2203)        
2025-04-11T09:06:59.2546152Z remote: Compressing objects:   1% (23/2203)        
2025-04-11T09:06:59.2547651Z remote: Compressing objects:   2% (45/2203)        
2025-04-11T09:06:59.2611460Z remote: Compressing objects:   3% (67/2203)        
2025-04-11T09:06:59.2643824Z remote: Compressing objects:   4% (89/2203)        
2025-04-11T09:06:59.2671477Z remote: Compressing objects:   5% (111/2203)        
2025-04-11T09:06:59.2731512Z remote: Compressing objects:   6% (133/2203)        
2025-04-11T09:06:59.2806349Z remote: Compressing objects:   7% (155/2203)        
2025-04-11T09:06:59.2862237Z remote: Compressing objects:   8% (177/2203)        
2025-04-11T09:06:59.2914045Z remote: Compressing objects:   9% (199/2203)        
2025-04-11T09:06:59.2993169Z remote: Compressing objects:  10% (221/2203)        
2025-04-11T09:06:59.3044788Z remote: Compressing objects:  11% (243/2203)        
2025-04-11T09:06:59.3094263Z remote: Compressing objects:  12% (265/2203)        
2025-04-11T09:06:59.3111210Z remote: Compressing objects:  13% (287/2203)        
2025-04-11T09:06:59.3146145Z remote: Compressing objects:  14% (309/2203)        
2025-04-11T09:06:59.3179704Z remote: Compressing objects:  15% (331/2203)        
2025-04-11T09:06:59.3214052Z remote: Compressing objects:  16% (353/2203)        
2025-04-11T09:06:59.3265425Z remote: Compressing objects:  17% (375/2203)        
2025-04-11T09:06:59.3314967Z remote: Compressing objects:  18% (397/2203)        
2025-04-11T09:06:59.3378601Z remote: Compressing objects:  19% (419/2203)        
2025-04-11T09:06:59.3440045Z remote: Compressing objects:  20% (441/2203)        
2025-04-11T09:06:59.3487853Z remote: Compressing objects:  21% (463/2203)        
2025-04-11T09:06:59.3547677Z remote: Compressing objects:  22% (485/2203)        
2025-04-11T09:06:59.3616431Z remote: Compressing objects:  23% (507/2203)        
2025-04-11T09:06:59.3706997Z remote: Compressing objects:  24% (529/2203)        
2025-04-11T09:06:59.3753205Z remote: Compressing objects:  25% (551/2203)        
2025-04-11T09:06:59.3810082Z remote: Compressing objects:  26% (573/2203)        
2025-04-11T09:06:59.3851509Z remote: Compressing objects:  27% (595/2203)        
2025-04-11T09:06:59.3873847Z remote: Compressing objects:  28% (617/2203)        
2025-04-11T09:06:59.3910854Z remote: Compressing objects:  29% (639/2203)        
2025-04-11T09:06:59.3949033Z remote: Compressing objects:  30% (661/2203)        
2025-04-11T09:06:59.4038220Z remote: Compressing objects:  31% (683/2203)        
2025-04-11T09:06:59.4122327Z remote: Compressing objects:  32% (705/2203)        
2025-04-11T09:06:59.4211519Z remote: Compressing objects:  33% (727/2203)        
2025-04-11T09:06:59.4325390Z remote: Compressing objects:  34% (750/2203)        
2025-04-11T09:06:59.4410868Z remote: Compressing objects:  35% (772/2203)        
2025-04-11T09:06:59.4469267Z remote: Compressing objects:  36% (794/2203)        
2025-04-11T09:06:59.4539754Z remote: Compressing objects:  37% (816/2203)        
2025-04-11T09:06:59.4610090Z remote: Compressing objects:  38% (838/2203)        
2025-04-11T09:06:59.4686281Z remote: Compressing objects:  39% (860/2203)        
2025-04-11T09:06:59.4738583Z remote: Compressing objects:  40% (882/2203)        
2025-04-11T09:06:59.4804473Z remote: Compressing objects:  41% (904/2203)        
2025-04-11T09:06:59.4847204Z remote: Compressing objects:  42% (926/2203)        
2025-04-11T09:06:59.4933973Z remote: Compressing objects:  43% (948/2203)        
2025-04-11T09:06:59.4968474Z remote: Compressing objects:  44% (970/2203)        
2025-04-11T09:06:59.5009882Z remote: Compressing objects:  45% (992/2203)        
2025-04-11T09:06:59.5048872Z remote: Compressing objects:  46% (1014/2203)        
2025-04-11T09:06:59.5108781Z remote: Compressing objects:  47% (1036/2203)        
2025-04-11T09:06:59.5134983Z remote: Compressing objects:  48% (1058/2203)        
2025-04-11T09:06:59.5261650Z remote: Compressing objects:  49% (1080/2203)        
2025-04-11T09:06:59.5264151Z remote: Compressing objects:  50% (1102/2203)        
2025-04-11T09:06:59.5272427Z remote: Compressing objects:  51% (1124/2203)        
2025-04-11T09:06:59.5366790Z remote: Compressing objects:  52% (1146/2203)        
2025-04-11T09:06:59.5371542Z remote: Compressing objects:  53% (1168/2203)        
2025-04-11T09:06:59.5374102Z remote: Compressing objects:  54% (1190/2203)        
2025-04-11T09:06:59.5378369Z remote: Compressing objects:  55% (1212/2203)        
2025-04-11T09:06:59.5395711Z remote: Compressing objects:  56% (1234/2203)        
2025-04-11T09:06:59.5407730Z remote: Compressing objects:  57% (1256/2203)        
2025-04-11T09:06:59.5409333Z remote: Compressing objects:  58% (1278/2203)        
2025-04-11T09:06:59.5410888Z remote: Compressing objects:  59% (1300/2203)        
2025-04-11T09:06:59.5412476Z remote: Compressing objects:  60% (1322/2203)        
2025-04-11T09:06:59.5440952Z remote: Compressing objects:  61% (1344/2203)        
2025-04-11T09:06:59.5553391Z remote: Compressing objects:  62% (1366/2203)        
2025-04-11T09:06:59.5587562Z remote: Compressing objects:  63% (1388/2203)        
2025-04-11T09:06:59.5601354Z remote: Compressing objects:  64% (1410/2203)        
2025-04-11T09:06:59.5688920Z remote: Compressing objects:  65% (1432/2203)        
2025-04-11T09:06:59.5723579Z remote: Compressing objects:  66% (1454/2203)        
2025-04-11T09:06:59.5739842Z remote: Compressing objects:  67% (1477/2203)        
2025-04-11T09:06:59.5746224Z remote: Compressing objects:  68% (1499/2203)        
2025-04-11T09:06:59.5752894Z remote: Compressing objects:  69% (1521/2203)        
2025-04-11T09:06:59.5756772Z remote: Compressing objects:  70% (1543/2203)        
2025-04-11T09:06:59.5758860Z remote: Compressing objects:  71% (1565/2203)        
2025-04-11T09:06:59.5811064Z remote: Compressing objects:  72% (1587/2203)        
2025-04-11T09:06:59.5856046Z remote: Compressing objects:  73% (1609/2203)        
2025-04-11T09:06:59.5931221Z remote: Compressing objects:  74% (1631/2203)        
2025-04-11T09:06:59.5972594Z remote: Compressing objects:  75% (1653/2203)        
2025-04-11T09:06:59.6021993Z remote: Compressing objects:  76% (1675/2203)        
2025-04-11T09:06:59.6064973Z remote: Compressing objects:  77% (1697/2203)        
2025-04-11T09:06:59.6108547Z remote: Compressing objects:  78% (1719/2203)        
2025-04-11T09:06:59.6111176Z remote: Compressing objects:  79% (1741/2203)        
2025-04-11T09:06:59.6113649Z remote: Compressing objects:  80% (1763/2203)        
2025-04-11T09:06:59.6115586Z remote: Compressing objects:  81% (1785/2203)        
2025-04-11T09:06:59.6118577Z remote: Compressing objects:  82% (1807/2203)        
2025-04-11T09:06:59.6121225Z remote: Compressing objects:  83% (1829/2203)        
2025-04-11T09:06:59.6123121Z remote: Compressing objects:  84% (1851/2203)        
2025-04-11T09:06:59.6125540Z remote: Compressing objects:  85% (1873/2203)        
2025-04-11T09:06:59.6127886Z remote: Compressing objects:  86% (1895/2203)        
2025-04-11T09:06:59.6130122Z remote: Compressing objects:  87% (1917/2203)        
2025-04-11T09:06:59.6132106Z remote: Compressing objects:  88% (1939/2203)        
2025-04-11T09:06:59.6134222Z remote: Compressing objects:  89% (1961/2203)        
2025-04-11T09:06:59.6136583Z remote: Compressing objects:  90% (1983/2203)        
2025-04-11T09:06:59.6138248Z remote: Compressing objects:  91% (2005/2203)        
2025-04-11T09:06:59.6139775Z remote: Compressing objects:  92% (2027/2203)        
2025-04-11T09:06:59.6141259Z remote: Compressing objects:  93% (2049/2203)        
2025-04-11T09:06:59.6142718Z remote: Compressing objects:  94% (2071/2203)        
2025-04-11T09:06:59.6144733Z remote: Compressing objects:  95% (2093/2203)        
2025-04-11T09:06:59.6147058Z remote: Compressing objects:  96% (2115/2203)        
2025-04-11T09:06:59.6148816Z remote: Compressing objects:  97% (2137/2203)        
2025-04-11T09:06:59.6150319Z remote: Compressing objects:  98% (2159/2203)        
2025-04-11T09:06:59.6152209Z remote: Compressing objects:  99% (2181/2203)        
2025-04-11T09:06:59.6153844Z remote: Compressing objects: 100% (2203/2203)        
2025-04-11T09:06:59.6155422Z remote: Compressing objects: 100% (2203/2203), done.        
2025-04-11T09:06:59.6185255Z Receiving objects:   0% (1/2555)
2025-04-11T09:06:59.6192482Z Receiving objects:   1% (26/2555)
2025-04-11T09:06:59.6210717Z Receiving objects:   2% (52/2555)
2025-04-11T09:06:59.6246574Z Receiving objects:   3% (77/2555)
2025-04-11T09:06:59.6254007Z Receiving objects:   4% (103/2555)
2025-04-11T09:06:59.6264983Z Receiving objects:   5% (128/2555)
2025-04-11T09:06:59.6284215Z Receiving objects:   6% (154/2555)
2025-04-11T09:06:59.6309087Z Receiving objects:   7% (179/2555)
2025-04-11T09:06:59.6327441Z Receiving objects:   8% (205/2555)
2025-04-11T09:06:59.6343746Z Receiving objects:   9% (230/2555)
2025-04-11T09:06:59.6367863Z Receiving objects:  10% (256/2555)
2025-04-11T09:06:59.6389860Z Receiving objects:  11% (282/2555)
2025-04-11T09:06:59.6400146Z Receiving objects:  12% (307/2555)
2025-04-11T09:06:59.6407605Z Receiving objects:  13% (333/2555)
2025-04-11T09:06:59.6420187Z Receiving objects:  14% (358/2555)
2025-04-11T09:06:59.6491187Z Receiving objects:  15% (384/2555)
2025-04-11T09:06:59.6498813Z Receiving objects:  16% (409/2555)
2025-04-11T09:06:59.6514691Z Receiving objects:  17% (435/2555)
2025-04-11T09:06:59.6521878Z Receiving objects:  18% (460/2555)
2025-04-11T09:06:59.6534792Z Receiving objects:  19% (486/2555)
2025-04-11T09:06:59.6565267Z Receiving objects:  20% (511/2555)
2025-04-11T09:06:59.6584553Z Receiving objects:  21% (537/2555)
2025-04-11T09:06:59.6592178Z Receiving objects:  22% (563/2555)
2025-04-11T09:06:59.6635012Z Receiving objects:  23% (588/2555)
2025-04-11T09:06:59.6686761Z Receiving objects:  24% (614/2555)
2025-04-11T09:06:59.6702877Z Receiving objects:  25% (639/2555)
2025-04-11T09:06:59.6720208Z Receiving objects:  26% (665/2555)
2025-04-11T09:06:59.6727112Z Receiving objects:  27% (690/2555)
2025-04-11T09:06:59.6739207Z Receiving objects:  28% (716/2555)
2025-04-11T09:06:59.6770001Z Receiving objects:  29% (741/2555)
2025-04-11T09:06:59.6792270Z Receiving objects:  30% (767/2555)
2025-04-11T09:06:59.6811763Z Receiving objects:  31% (793/2555)
2025-04-11T09:06:59.6838048Z Receiving objects:  32% (818/2555)
2025-04-11T09:06:59.6855473Z Receiving objects:  33% (844/2555)
2025-04-11T09:06:59.6881474Z Receiving objects:  34% (869/2555)
2025-04-11T09:06:59.6895704Z Receiving objects:  35% (895/2555)
2025-04-11T09:06:59.6919614Z Receiving objects:  36% (920/2555)
2025-04-11T09:06:59.6929247Z Receiving objects:  37% (946/2555)
2025-04-11T09:06:59.6969223Z Receiving objects:  38% (971/2555)
2025-04-11T09:06:59.6989266Z Receiving objects:  39% (997/2555)
2025-04-11T09:06:59.7020880Z Receiving objects:  40% (1022/2555)
2025-04-11T09:06:59.7050301Z Receiving objects:  41% (1048/2555)
2025-04-11T09:06:59.7055974Z Receiving objects:  42% (1074/2555)
2025-04-11T09:06:59.7080841Z Receiving objects:  43% (1099/2555)
2025-04-11T09:06:59.7095133Z Receiving objects:  44% (1125/2555)
2025-04-11T09:06:59.7115549Z Receiving objects:  45% (1150/2555)
2025-04-11T09:06:59.7127881Z Receiving objects:  46% (1176/2555)
2025-04-11T09:06:59.7152342Z Receiving objects:  47% (1201/2555)
2025-04-11T09:06:59.7177215Z Receiving objects:  48% (1227/2555)
2025-04-11T09:06:59.7229551Z Receiving objects:  49% (1252/2555)
2025-04-11T09:06:59.7294486Z Receiving objects:  50% (1278/2555)
2025-04-11T09:06:59.7388078Z Receiving objects:  51% (1304/2555)
2025-04-11T09:06:59.7405787Z Receiving objects:  52% (1329/2555)
2025-04-11T09:06:59.7438131Z Receiving objects:  53% (1355/2555)
2025-04-11T09:06:59.7452863Z Receiving objects:  54% (1380/2555)
2025-04-11T09:06:59.7498336Z Receiving objects:  55% (1406/2555)
2025-04-11T09:06:59.7513637Z Receiving objects:  56% (1431/2555)
2025-04-11T09:06:59.7543041Z Receiving objects:  57% (1457/2555)
2025-04-11T09:06:59.7556716Z Receiving objects:  58% (1482/2555)
2025-04-11T09:06:59.7572074Z Receiving objects:  59% (1508/2555)
2025-04-11T09:06:59.7594430Z Receiving objects:  60% (1533/2555)
2025-04-11T09:06:59.7623569Z Receiving objects:  61% (1559/2555)
2025-04-11T09:06:59.7657237Z Receiving objects:  62% (1585/2555)
2025-04-11T09:06:59.7696978Z Receiving objects:  63% (1610/2555)
2025-04-11T09:06:59.7787544Z Receiving objects:  64% (1636/2555)
2025-04-11T09:06:59.7802527Z Receiving objects:  65% (1661/2555)
2025-04-11T09:06:59.7807050Z Receiving objects:  66% (1687/2555)
2025-04-11T09:06:59.7817202Z Receiving objects:  67% (1712/2555)
2025-04-11T09:06:59.7822075Z Receiving objects:  68% (1738/2555)
2025-04-11T09:06:59.7826298Z Receiving objects:  69% (1763/2555)
2025-04-11T09:06:59.7832227Z Receiving objects:  70% (1789/2555)
2025-04-11T09:06:59.7835687Z Receiving objects:  71% (1815/2555)
2025-04-11T09:06:59.7842058Z Receiving objects:  72% (1840/2555)
2025-04-11T09:06:59.7844116Z Receiving objects:  73% (1866/2555)
2025-04-11T09:06:59.7856525Z Receiving objects:  74% (1891/2555)
2025-04-11T09:06:59.7869868Z Receiving objects:  75% (1917/2555)
2025-04-11T09:06:59.7882317Z Receiving objects:  76% (1942/2555)
2025-04-11T09:06:59.7899383Z Receiving objects:  77% (1968/2555)
2025-04-11T09:06:59.7931641Z Receiving objects:  78% (1993/2555)
2025-04-11T09:06:59.7937675Z Receiving objects:  79% (2019/2555)
2025-04-11T09:06:59.7943635Z Receiving objects:  80% (2044/2555)
2025-04-11T09:06:59.7950084Z Receiving objects:  81% (2070/2555)
2025-04-11T09:06:59.7963383Z Receiving objects:  82% (2096/2555)
2025-04-11T09:06:59.7973493Z Receiving objects:  83% (2121/2555)
2025-04-11T09:06:59.7981919Z Receiving objects:  84% (2147/2555)
2025-04-11T09:06:59.8002351Z Receiving objects:  85% (2172/2555)
2025-04-11T09:06:59.8014258Z Receiving objects:  86% (2198/2555)
2025-04-11T09:06:59.8022688Z Receiving objects:  87% (2223/2555)
2025-04-11T09:06:59.8030936Z Receiving objects:  88% (2249/2555)
2025-04-11T09:06:59.8035485Z Receiving objects:  89% (2274/2555)
2025-04-11T09:06:59.8040994Z Receiving objects:  90% (2300/2555)
2025-04-11T09:06:59.8056994Z Receiving objects:  91% (2326/2555)
2025-04-11T09:06:59.8062647Z Receiving objects:  92% (2351/2555)
2025-04-11T09:06:59.8069132Z Receiving objects:  93% (2377/2555)
2025-04-11T09:06:59.8078818Z Receiving objects:  94% (2402/2555)
2025-04-11T09:06:59.8085426Z Receiving objects:  95% (2428/2555)
2025-04-11T09:06:59.8109503Z Receiving objects:  96% (2453/2555)
2025-04-11T09:06:59.8130223Z Receiving objects:  97% (2479/2555)
2025-04-11T09:06:59.8143512Z Receiving objects:  98% (2504/2555)
2025-04-11T09:06:59.8157412Z Receiving objects:  99% (2530/2555)
2025-04-11T09:06:59.8159833Z remote: Total 2555 (delta 390), reused 1072 (delta 276), pack-reused 0 (from 0)        
2025-04-11T09:06:59.8161623Z Receiving objects: 100% (2555/2555)
2025-04-11T09:06:59.8163038Z Receiving objects: 100% (2555/2555), 3.50 MiB | 17.68 MiB/s, done.
2025-04-11T09:06:59.8252224Z Resolving deltas:   0% (0/390)
2025-04-11T09:06:59.8257585Z Resolving deltas:   1% (4/390)
2025-04-11T09:06:59.8259465Z Resolving deltas:   2% (9/390)
2025-04-11T09:06:59.8261365Z Resolving deltas:   3% (12/390)
2025-04-11T09:06:59.8267834Z Resolving deltas:   4% (16/390)
2025-04-11T09:06:59.8269940Z Resolving deltas:   5% (20/390)
2025-04-11T09:06:59.8276073Z Resolving deltas:   6% (24/390)
2025-04-11T09:06:59.8277909Z Resolving deltas:   7% (28/390)
2025-04-11T09:06:59.8287713Z Resolving deltas:   8% (32/390)
2025-04-11T09:06:59.8289872Z Resolving deltas:   9% (36/390)
2025-04-11T09:06:59.8296628Z Resolving deltas:  10% (39/390)
2025-04-11T09:06:59.8298833Z Resolving deltas:  11% (43/390)
2025-04-11T09:06:59.8300484Z Resolving deltas:  12% (47/390)
2025-04-11T09:06:59.8302051Z Resolving deltas:  13% (51/390)
2025-04-11T09:06:59.8303723Z Resolving deltas:  14% (55/390)
2025-04-11T09:06:59.8305296Z Resolving deltas:  15% (59/390)
2025-04-11T09:06:59.8307250Z Resolving deltas:  16% (63/390)
2025-04-11T09:06:59.8311116Z Resolving deltas:  17% (67/390)
2025-04-11T09:06:59.8316390Z Resolving deltas:  18% (71/390)
2025-04-11T09:06:59.8320871Z Resolving deltas:  19% (75/390)
2025-04-11T09:06:59.8322977Z Resolving deltas:  20% (78/390)
2025-04-11T09:06:59.8327286Z Resolving deltas:  21% (82/390)
2025-04-11T09:06:59.8330012Z Resolving deltas:  22% (86/390)
2025-04-11T09:06:59.8331797Z Resolving deltas:  23% (90/390)
2025-04-11T09:06:59.8334526Z Resolving deltas:  24% (94/390)
2025-04-11T09:06:59.8336490Z Resolving deltas:  25% (98/390)
2025-04-11T09:06:59.8338323Z Resolving deltas:  26% (102/390)
2025-04-11T09:06:59.8340210Z Resolving deltas:  27% (106/390)
2025-04-11T09:06:59.8344930Z Resolving deltas:  28% (110/390)
2025-04-11T09:06:59.8349070Z Resolving deltas:  29% (114/390)
2025-04-11T09:06:59.8350901Z Resolving deltas:  30% (117/390)
2025-04-11T09:06:59.8355178Z Resolving deltas:  31% (121/390)
2025-04-11T09:06:59.8358150Z Resolving deltas:  32% (125/390)
2025-04-11T09:06:59.8361963Z Resolving deltas:  33% (129/390)
2025-04-11T09:06:59.8363806Z Resolving deltas:  34% (134/390)
2025-04-11T09:06:59.8365674Z Resolving deltas:  35% (137/390)
2025-04-11T09:06:59.8369367Z Resolving deltas:  36% (141/390)
2025-04-11T09:06:59.8372367Z Resolving deltas:  37% (145/390)
2025-04-11T09:06:59.8380614Z Resolving deltas:  38% (149/390)
2025-04-11T09:06:59.8387432Z Resolving deltas:  39% (153/390)
2025-04-11T09:06:59.8389238Z Resolving deltas:  40% (156/390)
2025-04-11T09:06:59.8391198Z Resolving deltas:  41% (160/390)
2025-04-11T09:06:59.8393125Z Resolving deltas:  42% (165/390)
2025-04-11T09:06:59.8397529Z Resolving deltas:  43% (168/390)
2025-04-11T09:06:59.8399936Z Resolving deltas:  44% (172/390)
2025-04-11T09:06:59.8410748Z Resolving deltas:  45% (176/390)
2025-04-11T09:06:59.8417844Z Resolving deltas:  46% (180/390)
2025-04-11T09:06:59.8427210Z Resolving deltas:  47% (184/390)
2025-04-11T09:06:59.8429010Z Resolving deltas:  48% (188/390)
2025-04-11T09:06:59.8430756Z Resolving deltas:  49% (192/390)
2025-04-11T09:06:59.8434172Z Resolving deltas:  50% (195/390)
2025-04-11T09:06:59.8438769Z Resolving deltas:  51% (199/390)
2025-04-11T09:06:59.8440886Z Resolving deltas:  52% (204/390)
2025-04-11T09:06:59.8443984Z Resolving deltas:  53% (207/390)
2025-04-11T09:06:59.8448813Z Resolving deltas:  54% (211/390)
2025-04-11T09:06:59.8451231Z Resolving deltas:  55% (215/390)
2025-04-11T09:06:59.8454184Z Resolving deltas:  56% (219/390)
2025-04-11T09:06:59.8457625Z Resolving deltas:  57% (223/390)
2025-04-11T09:06:59.8461366Z Resolving deltas:  58% (227/390)
2025-04-11T09:06:59.8463206Z Resolving deltas:  59% (231/390)
2025-04-11T09:06:59.8464996Z Resolving deltas:  60% (234/390)
2025-04-11T09:06:59.8468126Z Resolving deltas:  61% (238/390)
2025-04-11T09:06:59.8470992Z Resolving deltas:  62% (242/390)
2025-04-11T09:06:59.8472873Z Resolving deltas:  63% (246/390)
2025-04-11T09:06:59.8474946Z Resolving deltas:  64% (250/390)
2025-04-11T09:06:59.8476968Z Resolving deltas:  65% (254/390)
2025-04-11T09:06:59.8481050Z Resolving deltas:  66% (258/390)
2025-04-11T09:06:59.8483532Z Resolving deltas:  67% (262/390)
2025-04-11T09:06:59.8486455Z Resolving deltas:  68% (266/390)
2025-04-11T09:06:59.8489426Z Resolving deltas:  69% (270/390)
2025-04-11T09:06:59.8491270Z Resolving deltas:  70% (273/390)
2025-04-11T09:06:59.8497096Z Resolving deltas:  71% (277/390)
2025-04-11T09:06:59.8498950Z Resolving deltas:  72% (281/390)
2025-04-11T09:06:59.8500841Z Resolving deltas:  73% (285/390)
2025-04-11T09:06:59.8502596Z Resolving deltas:  74% (290/390)
2025-04-11T09:06:59.8504359Z Resolving deltas:  75% (293/390)
2025-04-11T09:06:59.8506365Z Resolving deltas:  76% (297/390)
2025-04-11T09:06:59.8508131Z Resolving deltas:  77% (301/390)
2025-04-11T09:06:59.8509884Z Resolving deltas:  78% (305/390)
2025-04-11T09:06:59.8511683Z Resolving deltas:  79% (309/390)
2025-04-11T09:06:59.8513552Z Resolving deltas:  80% (312/390)
2025-04-11T09:06:59.8515342Z Resolving deltas:  81% (316/390)
2025-04-11T09:06:59.8517353Z Resolving deltas:  82% (320/390)
2025-04-11T09:06:59.8519149Z Resolving deltas:  83% (324/390)
2025-04-11T09:06:59.8520902Z Resolving deltas:  84% (328/390)
2025-04-11T09:06:59.8522535Z Resolving deltas:  85% (332/390)
2025-04-11T09:06:59.8524661Z Resolving deltas:  86% (336/390)
2025-04-11T09:06:59.8526628Z Resolving deltas:  87% (340/390)
2025-04-11T09:06:59.8528412Z Resolving deltas:  88% (344/390)
2025-04-11T09:06:59.8530242Z Resolving deltas:  89% (348/390)
2025-04-11T09:06:59.8537448Z Resolving deltas:  90% (351/390)
2025-04-11T09:06:59.8539172Z Resolving deltas:  91% (355/390)
2025-04-11T09:06:59.8540926Z Resolving deltas:  92% (359/390)
2025-04-11T09:06:59.8542715Z Resolving deltas:  93% (363/390)
2025-04-11T09:06:59.8544388Z Resolving deltas:  94% (367/390)
2025-04-11T09:06:59.8546294Z Resolving deltas:  95% (371/390)
2025-04-11T09:06:59.8548040Z Resolving deltas:  96% (375/390)
2025-04-11T09:06:59.8549718Z Resolving deltas:  97% (379/390)
2025-04-11T09:06:59.8551525Z Resolving deltas:  98% (383/390)
2025-04-11T09:06:59.8553310Z Resolving deltas:  99% (387/390)
2025-04-11T09:06:59.8555163Z Resolving deltas: 100% (390/390)
2025-04-11T09:06:59.8556977Z Resolving deltas: 100% (390/390), done.
2025-04-11T09:06:59.8732089Z From https://github.com/hpcaitech/ColossalAI
2025-04-11T09:06:59.8736353Z  * [new ref]         44d4053fec005fe0b06b6bc755fdc962463145df -> origin/main
2025-04-11T09:06:59.8772666Z ##[endgroup]
2025-04-11T09:06:59.8775198Z ##[group]Determining the checkout info
2025-04-11T09:06:59.8778114Z ##[endgroup]
2025-04-11T09:06:59.8780469Z ##[group]Checking out the ref
2025-04-11T09:06:59.8783047Z [command]/usr/bin/git checkout --progress --force -B main refs/remotes/origin/main
2025-04-11T09:07:00.0135741Z Switched to a new branch 'main'
2025-04-11T09:07:00.0138145Z branch 'main' set up to track 'origin/main'.
2025-04-11T09:07:00.0147486Z ##[endgroup]
2025-04-11T09:07:00.0188512Z [command]/usr/bin/git log -1 --format='%H'
2025-04-11T09:07:00.0213338Z '44d4053fec005fe0b06b6bc755fdc962463145df'
2025-04-11T09:07:00.0497244Z ##[group]Run actions/setup-python@v2
2025-04-11T09:07:00.0498431Z with:
2025-04-11T09:07:00.0499260Z   python-version: 3.8.14
2025-04-11T09:07:00.0500504Z   token: ***
2025-04-11T09:07:00.0501339Z ##[endgroup]
2025-04-11T09:07:00.1622869Z Version 3.8.14 was not found in the local cache
2025-04-11T09:07:00.4450614Z Version 3.8.14 is available for downloading
2025-04-11T09:07:00.4453986Z Download from "https://github.com/actions/python-versions/releases/download/3.8.14-11228133045/python-3.8.14-linux-24.04-x64.tar.gz"
2025-04-11T09:07:01.0563051Z Extract downloaded archive
2025-04-11T09:07:01.0687277Z [command]/usr/bin/tar xz --warning=no-unknown-keyword -C /home/runner/work/_temp/56ec4a0a-2ba0-4b5c-a6c4-fbf8c4109d48 -f /home/runner/work/_temp/1245d1b8-d509-4638-98f1-a99da67e2dd8
2025-04-11T09:07:02.3653627Z Execute installation script
2025-04-11T09:07:02.3743161Z Check if Python hostedtoolcache folder exist...
2025-04-11T09:07:02.3743867Z Create Python 3.8.14 folder
2025-04-11T09:07:02.3766136Z Copy Python binaries to hostedtoolcache folder
2025-04-11T09:07:02.8457390Z Create additional symlinks (Required for the UsePythonVersion Azure Pipelines task and the setup-python GitHub Action)
2025-04-11T09:07:02.8499694Z Upgrading pip...
2025-04-11T09:07:04.9476998Z Looking in links: /tmp/tmpqwkqawe4
2025-04-11T09:07:04.9484765Z Requirement already satisfied: setuptools in /opt/hostedtoolcache/Python/3.8.14/x64/lib/python3.8/site-packages (56.0.0)
2025-04-11T09:07:04.9487429Z Requirement already satisfied: pip in /opt/hostedtoolcache/Python/3.8.14/x64/lib/python3.8/site-packages (22.0.4)
2025-04-11T09:07:06.0571424Z Collecting pip
2025-04-11T09:07:06.0903323Z Downloading pip-25.0.1-py3-none-any.whl (1.8 MB)
2025-04-11T09:07:06.1241704Z â”â”â”â”â”â”â”â”â”â”â”â”â”â”â”â”â”â”â”â”â”â”â”â”â”â”â”â”â”â”â”â”â”â”â”â”â”â”â”â” 1.8/1.8 MB 60.3 MB/s eta 0:00:00
2025-04-11T09:07:06.1242223Z 
2025-04-11T09:07:06.1588148Z Installing collected packages: pip
2025-04-11T09:07:06.1590087Z Attempting uninstall: pip
2025-04-11T09:07:06.1596122Z Found existing installation: pip 22.0.4
2025-04-11T09:07:06.3475555Z Uninstalling pip-22.0.4:
2025-04-11T09:07:06.3553043Z Successfully uninstalled pip-22.0.4
2025-04-11T09:07:07.1050016Z Successfully installed pip-25.0.1
2025-04-11T09:07:07.1665286Z Create complete file
2025-04-11T09:07:07.1711214Z Successfully setup CPython (3.8.14)
2025-04-11T09:07:07.1861281Z ##[group]Run pip install requests matplotlib seaborn requests_toolbelt pytz
2025-04-11T09:07:07.1861890Z [36;1mpip install requests matplotlib seaborn requests_toolbelt pytz[0m
2025-04-11T09:07:07.1915530Z shell: /usr/bin/bash -e {0}
2025-04-11T09:07:07.1915800Z env:
2025-04-11T09:07:07.1916370Z   pythonLocation: /opt/hostedtoolcache/Python/3.8.14/x64
2025-04-11T09:07:07.1916779Z   LD_LIBRARY_PATH: /opt/hostedtoolcache/Python/3.8.14/x64/lib
2025-04-11T09:07:07.1917131Z ##[endgroup]
2025-04-11T09:07:07.5822457Z Collecting requests
2025-04-11T09:07:07.5913241Z   Downloading requests-2.32.3-py3-none-any.whl.metadata (4.6 kB)
2025-04-11T09:07:07.7241232Z Collecting matplotlib
2025-04-11T09:07:07.7297138Z   Downloading matplotlib-3.7.5-cp38-cp38-manylinux_2_12_x86_64.manylinux2010_x86_64.whl.metadata (5.7 kB)
2025-04-11T09:07:07.7458368Z Collecting seaborn
2025-04-11T09:07:07.7495764Z   Downloading seaborn-0.13.2-py3-none-any.whl.metadata (5.4 kB)
2025-04-11T09:07:07.7662373Z Collecting requests_toolbelt
2025-04-11T09:07:07.7696199Z   Downloading requests_toolbelt-1.0.0-py2.py3-none-any.whl.metadata (14 kB)
2025-04-11T09:07:07.8128804Z Collecting pytz
2025-04-11T09:07:07.8167373Z   Downloading pytz-2025.2-py2.py3-none-any.whl.metadata (22 kB)
2025-04-11T09:07:07.8897765Z Collecting charset-normalizer<4,>=2 (from requests)
2025-04-11T09:07:07.8934143Z   Downloading charset_normalizer-3.4.1-cp38-cp38-manylinux_2_17_x86_64.manylinux2014_x86_64.whl.metadata (35 kB)
2025-04-11T09:07:07.9132058Z Collecting idna<4,>=2.5 (from requests)
2025-04-11T09:07:07.9173742Z   Downloading idna-3.10-py3-none-any.whl.metadata (10 kB)
2025-04-11T09:07:07.9492960Z Collecting urllib3<3,>=1.21.1 (from requests)
2025-04-11T09:07:07.9529756Z   Downloading urllib3-2.2.3-py3-none-any.whl.metadata (6.5 kB)
2025-04-11T09:07:07.9759262Z Collecting certifi>=2017.4.17 (from requests)
2025-04-11T09:07:07.9794716Z   Downloading certifi-2025.1.31-py3-none-any.whl.metadata (2.5 kB)
2025-04-11T09:07:08.0410068Z Collecting contourpy>=1.0.1 (from matplotlib)
2025-04-11T09:07:08.0447677Z   Downloading contourpy-1.1.1-cp38-cp38-manylinux_2_17_x86_64.manylinux2014_x86_64.whl.metadata (5.9 kB)
2025-04-11T09:07:08.0606489Z Collecting cycler>=0.10 (from matplotlib)
2025-04-11T09:07:08.0639354Z   Downloading cycler-0.12.1-py3-none-any.whl.metadata (3.8 kB)
2025-04-11T09:07:08.1873682Z Collecting fonttools>=4.22.0 (from matplotlib)
2025-04-11T09:07:08.1911884Z   Downloading fonttools-4.57.0-cp38-cp38-manylinux_2_17_x86_64.manylinux2014_x86_64.whl.metadata (102 kB)
2025-04-11T09:07:08.2568091Z Collecting kiwisolver>=1.0.1 (from matplotlib)
2025-04-11T09:07:08.2604752Z   Downloading kiwisolver-1.4.7-cp38-cp38-manylinux_2_5_x86_64.manylinux1_x86_64.whl.metadata (6.3 kB)
2025-04-11T09:07:08.4357437Z Collecting numpy<2,>=1.20 (from matplotlib)
2025-04-11T09:07:08.4394831Z   Downloading numpy-1.24.4-cp38-cp38-manylinux_2_17_x86_64.manylinux2014_x86_64.whl.metadata (5.6 kB)
2025-04-11T09:07:08.4581298Z Collecting packaging>=20.0 (from matplotlib)
2025-04-11T09:07:08.4618121Z   Downloading packaging-24.2-py3-none-any.whl.metadata (3.2 kB)
2025-04-11T09:07:08.6203115Z Collecting pillow>=6.2.0 (from matplotlib)
2025-04-11T09:07:08.6297765Z   Downloading pillow-10.4.0-cp38-cp38-manylinux_2_28_x86_64.whl.metadata (9.2 kB)
2025-04-11T09:07:08.6614651Z Collecting pyparsing>=2.3.1 (from matplotlib)
2025-04-11T09:07:08.6650927Z   Downloading pyparsing-3.1.4-py3-none-any.whl.metadata (5.1 kB)
2025-04-11T09:07:08.6818398Z Collecting python-dateutil>=2.7 (from matplotlib)
2025-04-11T09:07:08.6851795Z   Downloading python_dateutil-2.9.0.post0-py2.py3-none-any.whl.metadata (8.4 kB)
2025-04-11T09:07:08.7153873Z Collecting importlib-resources>=3.2.0 (from matplotlib)
2025-04-11T09:07:08.7193365Z   Downloading importlib_resources-6.4.5-py3-none-any.whl.metadata (4.0 kB)
2025-04-11T09:07:08.8595661Z Collecting pandas>=1.2 (from seaborn)
2025-04-11T09:07:08.8633336Z   Downloading pandas-2.0.3-cp38-cp38-manylinux_2_17_x86_64.manylinux2014_x86_64.whl.metadata (18 kB)
2025-04-11T09:07:08.9556163Z Collecting zipp>=3.1.0 (from importlib-resources>=3.2.0->matplotlib)
2025-04-11T09:07:08.9594244Z   Downloading zipp-3.20.2-py3-none-any.whl.metadata (3.7 kB)
2025-04-11T09:07:08.9899843Z Collecting tzdata>=2022.1 (from pandas>=1.2->seaborn)
2025-04-11T09:07:08.9934784Z   Downloading tzdata-2025.2-py2.py3-none-any.whl.metadata (1.4 kB)
2025-04-11T09:07:09.0248997Z Collecting six>=1.5 (from python-dateutil>=2.7->matplotlib)
2025-04-11T09:07:09.0289175Z   Downloading six-1.17.0-py2.py3-none-any.whl.metadata (1.7 kB)
2025-04-11T09:07:09.0426162Z Downloading requests-2.32.3-py3-none-any.whl (64 kB)
2025-04-11T09:07:09.0496482Z Downloading matplotlib-3.7.5-cp38-cp38-manylinux_2_12_x86_64.manylinux2010_x86_64.whl (9.2 MB)
2025-04-11T09:07:09.1073768Z    â”â”â”â”â”â”â”â”â”â”â”â”â”â”â”â”â”â”â”â”â”â”â”â”â”â”â”â”â”â”â”â”â”â”â”â”â”â”â”â” 9.2/9.2 MB 165.2 MB/s eta 0:00:00
2025-04-11T09:07:09.1116461Z Downloading seaborn-0.13.2-py3-none-any.whl (294 kB)
2025-04-11T09:07:09.1200572Z Downloading requests_toolbelt-1.0.0-py2.py3-none-any.whl (54 kB)
2025-04-11T09:07:09.1272962Z Downloading pytz-2025.2-py2.py3-none-any.whl (509 kB)
2025-04-11T09:07:09.1363378Z Downloading certifi-2025.1.31-py3-none-any.whl (166 kB)
2025-04-11T09:07:09.1441203Z Downloading charset_normalizer-3.4.1-cp38-cp38-manylinux_2_17_x86_64.manylinux2014_x86_64.whl (144 kB)
2025-04-11T09:07:09.1511203Z Downloading contourpy-1.1.1-cp38-cp38-manylinux_2_17_x86_64.manylinux2014_x86_64.whl (301 kB)
2025-04-11T09:07:09.1589504Z Downloading cycler-0.12.1-py3-none-any.whl (8.3 kB)
2025-04-11T09:07:09.1644360Z Downloading fonttools-4.57.0-cp38-cp38-manylinux_2_17_x86_64.manylinux2014_x86_64.whl (4.7 MB)
2025-04-11T09:07:09.1951075Z    â”â”â”â”â”â”â”â”â”â”â”â”â”â”â”â”â”â”â”â”â”â”â”â”â”â”â”â”â”â”â”â”â”â”â”â”â”â”â”â” 4.7/4.7 MB 159.7 MB/s eta 0:00:00
2025-04-11T09:07:09.1984438Z Downloading idna-3.10-py3-none-any.whl (70 kB)
2025-04-11T09:07:09.2043905Z Downloading importlib_resources-6.4.5-py3-none-any.whl (36 kB)
2025-04-11T09:07:09.2105977Z Downloading kiwisolver-1.4.7-cp38-cp38-manylinux_2_5_x86_64.manylinux1_x86_64.whl (1.2 MB)
2025-04-11T09:07:09.2207084Z    â”â”â”â”â”â”â”â”â”â”â”â”â”â”â”â”â”â”â”â”â”â”â”â”â”â”â”â”â”â”â”â”â”â”â”â”â”â”â”â” 1.2/1.2 MB 126.9 MB/s eta 0:00:00
2025-04-11T09:07:09.2239452Z Downloading numpy-1.24.4-cp38-cp38-manylinux_2_17_x86_64.manylinux2014_x86_64.whl (17.3 MB)
2025-04-11T09:07:09.3163382Z    â”â”â”â”â”â”â”â”â”â”â”â”â”â”â”â”â”â”â”â”â”â”â”â”â”â”â”â”â”â”â”â”â”â”â”â”â”â”â”â” 17.3/17.3 MB 190.7 MB/s eta 0:00:00
2025-04-11T09:07:09.3201168Z Downloading packaging-24.2-py3-none-any.whl (65 kB)
2025-04-11T09:07:09.3267717Z Downloading pandas-2.0.3-cp38-cp38-manylinux_2_17_x86_64.manylinux2014_x86_64.whl (12.4 MB)
2025-04-11T09:07:09.3979541Z    â”â”â”â”â”â”â”â”â”â”â”â”â”â”â”â”â”â”â”â”â”â”â”â”â”â”â”â”â”â”â”â”â”â”â”â”â”â”â”â” 12.4/12.4 MB 177.4 MB/s eta 0:00:00
2025-04-11T09:07:09.4015241Z Downloading pillow-10.4.0-cp38-cp38-manylinux_2_28_x86_64.whl (4.5 MB)
2025-04-11T09:07:09.4350018Z    â”â”â”â”â”â”â”â”â”â”â”â”â”â”â”â”â”â”â”â”â”â”â”â”â”â”â”â”â”â”â”â”â”â”â”â”â”â”â”â” 4.5/4.5 MB 140.3 MB/s eta 0:00:00
2025-04-11T09:07:09.4385020Z Downloading pyparsing-3.1.4-py3-none-any.whl (104 kB)
2025-04-11T09:07:09.4515497Z Downloading python_dateutil-2.9.0.post0-py2.py3-none-any.whl (229 kB)
2025-04-11T09:07:09.4583911Z Downloading urllib3-2.2.3-py3-none-any.whl (126 kB)
2025-04-11T09:07:09.4645061Z Downloading six-1.17.0-py2.py3-none-any.whl (11 kB)
2025-04-11T09:07:09.4698315Z Downloading tzdata-2025.2-py2.py3-none-any.whl (347 kB)
2025-04-11T09:07:09.4773752Z Downloading zipp-3.20.2-py3-none-any.whl (9.2 kB)
2025-04-11T09:07:09.6798062Z Installing collected packages: pytz, zipp, urllib3, tzdata, six, pyparsing, pillow, packaging, numpy, kiwisolver, idna, fonttools, cycler, charset-normalizer, certifi, requests, python-dateutil, importlib-resources, contourpy, requests_toolbelt, pandas, matplotlib, seaborn
2025-04-11T09:07:16.7730248Z Successfully installed certifi-2025.1.31 charset-normalizer-3.4.1 contourpy-1.1.1 cycler-0.12.1 fonttools-4.57.0 idna-3.10 importlib-resources-6.4.5 kiwisolver-1.4.7 matplotlib-3.7.5 numpy-1.24.4 packaging-24.2 pandas-2.0.3 pillow-10.4.0 pyparsing-3.1.4 python-dateutil-2.9.0.post0 pytz-2025.2 requests-2.32.3 requests_toolbelt-1.0.0 seaborn-0.13.2 six-1.17.0 tzdata-2025.2 urllib3-2.2.3 zipp-3.20.2
2025-04-11T09:07:16.9023807Z ##[group]Run python .github/workflows/scripts/generate_leaderboard_and_send_to_lark.py
2025-04-11T09:07:16.9024408Z [36;1mpython .github/workflows/scripts/generate_leaderboard_and_send_to_lark.py[0m
2025-04-11T09:07:16.9073624Z shell: /usr/bin/bash -e {0}
2025-04-11T09:07:16.9073865Z env:
2025-04-11T09:07:16.9074119Z   pythonLocation: /opt/hostedtoolcache/Python/3.8.14/x64
2025-04-11T09:07:16.9074511Z   LD_LIBRARY_PATH: /opt/hostedtoolcache/Python/3.8.14/x64/lib
2025-04-11T09:07:16.9074926Z   LARK_APP_ID: ***
2025-04-11T09:07:16.9075189Z   LARK_APP_SECRET: ***
2025-04-11T09:07:16.9075618Z   LARK_WEBHOOK_URL: ***
2025-04-11T09:07:16.9076182Z   GITHUB_TOKEN: ***
2025-04-11T09:07:16.9076409Z ##[endgroup]
2025-04-11T09:07:42.9147741Z Fetching pull request data for hpcaitech/ColossalAI - page1
2025-04-11T09:07:42.9151694Z Traceback (most recent call last):
2025-04-11T09:07:42.9152285Z Fetching pull request data for hpcaitech/ColossalAI-Benchmark - page1
2025-04-11T09:07:42.9160123Z   File ".github/workflows/scripts/generate_leaderboard_and_send_to_lark.py", line 544, in <module>
2025-04-11T09:07:42.9160743Z Fetching pull request data for hpcaitech/ColossalAI-Examples - page1
2025-04-11T09:07:42.9161235Z Fetching pull request data for hpcaitech/ColossalAI-Documentation - page1
2025-04-11T09:07:42.9162011Z Fetching pull request data for hpcaitech/EnergonAI - page1
2025-04-11T09:07:42.9162415Z Fetching pull request data for hpcaitech/SkyComputing - page1
2025-04-11T09:07:42.9162810Z Fetching pull request data for hpcaitech/FastFold - page1
2025-04-11T09:07:42.9163201Z Fetching pull request data for hpcaitech/public_assets - page1
2025-04-11T09:07:42.9163632Z Fetching pull request data for hpcaitech/PaLM-colossalai - page1
2025-04-11T09:07:42.9164032Z Fetching pull request data for hpcaitech/Titans - page1
2025-04-11T09:07:42.9164425Z Fetching pull request data for hpcaitech/Oh-My-Dockerfile - page1
2025-04-11T09:07:42.9164857Z Fetching pull request data for hpcaitech/CachedEmbedding - page1
2025-04-11T09:07:42.9165274Z Fetching pull request data for hpcaitech/OPT-Benchmark - page1
2025-04-11T09:07:42.9165686Z Fetching pull request data for hpcaitech/TensorNVMe - page1
2025-04-11T09:07:42.9166326Z Fetching pull request data for hpcaitech/ColossalAI-Pytorch-lightning - page1
2025-04-11T09:07:42.9166774Z Fetching pull request data for hpcaitech/GPT-Demo - page1
2025-04-11T09:07:42.9167140Z Fetching pull request data for hpcaitech/torchrec - page1
2025-04-11T09:07:42.9167505Z Fetching pull request data for hpcaitech/Elixir - page1
2025-04-11T09:07:42.9167909Z Fetching pull request data for hpcaitech/mmdetection-examples - page1
2025-04-11T09:07:42.9168326Z Fetching pull request data for hpcaitech/transformers - page1
2025-04-11T09:07:42.9168724Z Fetching pull request data for hpcaitech/pytest-testmon - page1
2025-04-11T09:07:42.9169165Z Fetching pull request data for hpcaitech/ColossalAI-Platform-CLI - page1
2025-04-11T09:07:42.9169624Z Fetching pull request data for hpcaitech/Cloud-Platform-Docs - page1
2025-04-11T09:07:42.9170035Z Fetching pull request data for hpcaitech/SwiftInfer - page1
2025-04-11T09:07:42.9170413Z Fetching pull request data for hpcaitech/Open-Sora - page1
2025-04-11T09:07:42.9170800Z Fetching pull request data for hpcaitech/CANN-Installer - page1
2025-04-11T09:07:42.9171187Z Fetching pull request data for hpcaitech/graphrag - page1
2025-04-11T09:07:42.9171553Z Fetching pull request data for hpcaitech/LLaVA-NeXT - page1
2025-04-11T09:07:42.9171937Z Fetching pull request data for hpcaitech/Open-Sora-Demo - page1
2025-04-11T09:07:42.9172317Z Fetching user engagement count for ColossalAI/ColossalAI
2025-04-11T09:07:42.9172747Z Fetching user engagement count for ColossalAI-Benchmark/ColossalAI-Benchmark
2025-04-11T09:07:42.9173234Z Fetching user engagement count for ColossalAI-Examples/ColossalAI-Examples
2025-04-11T09:07:42.9173745Z Fetching user engagement count for ColossalAI-Documentation/ColossalAI-Documentation
2025-04-11T09:07:42.9174414Z Fetching user engagement count for EnergonAI/EnergonAI
2025-04-11T09:07:42.9174784Z Fetching user engagement count for SkyComputing/SkyComputing
2025-04-11T09:07:42.9175146Z Fetching user engagement count for FastFold/FastFold
2025-04-11T09:07:42.9175504Z Fetching user engagement count for public_assets/public_assets
2025-04-11T09:07:42.9176042Z Fetching user engagement count for PaLM-colossalai/PaLM-colossalai
2025-04-11T09:07:42.9176417Z Fetching user engagement count for Titans/Titans
2025-04-11T09:07:42.9176800Z Fetching user engagement count for Oh-My-Dockerfile/Oh-My-Dockerfile
2025-04-11T09:07:42.9177236Z Fetching user engagement count for CachedEmbedding/CachedEmbedding
2025-04-11T09:07:42.9177650Z Fetching user engagement count for OPT-Benchmark/OPT-Benchmark
2025-04-11T09:07:42.9178033Z Fetching user engagement count for TensorNVMe/TensorNVMe
2025-04-11T09:07:42.9178516Z Fetching user engagement count for ColossalAI-Pytorch-lightning/ColossalAI-Pytorch-lightning
2025-04-11T09:07:42.9179004Z Fetching user engagement count for GPT-Demo/GPT-Demo
2025-04-11T09:07:42.9179336Z Fetching user engagement count for torchrec/torchrec
2025-04-11T09:07:42.9179687Z Fetching user engagement count for Elixir/Elixir
2025-04-11T09:07:42.9180087Z Fetching user engagement count for mmdetection-examples/mmdetection-examples
2025-04-11T09:07:42.9180682Z Fetching user engagement count for transformers/transformers
2025-04-11T09:07:42.9181079Z Fetching user engagement count for pytest-testmon/pytest-testmon
2025-04-11T09:07:42.9181550Z Fetching user engagement count for ColossalAI-Platform-CLI/ColossalAI-Platform-CLI
2025-04-11T09:07:42.9182055Z Fetching user engagement count for Cloud-Platform-Docs/Cloud-Platform-Docs
2025-04-11T09:07:42.9182477Z Fetching user engagement count for SwiftInfer/SwiftInfer
2025-04-11T09:07:42.9182828Z Fetching user engagement count for Open-Sora/Open-Sora
2025-04-11T09:07:42.9183203Z Fetching user engagement count for CANN-Installer/CANN-Installer
2025-04-11T09:07:42.9183573Z Fetching user engagement count for graphrag/graphrag
2025-04-11T09:07:42.9183921Z Fetching user engagement count for LLaVA-NeXT/LLaVA-NeXT
2025-04-11T09:07:42.9184299Z Fetching user engagement count for Open-Sora-Demo/Open-Sora-Demo
2025-04-11T09:07:43.0118687Z     user_engagement_image_key = upload_image_to_lark(LARK_TENANT_TOKEN, USER_ENGAGEMENT_IMAGE_PATH)
2025-04-11T09:07:43.0119642Z   File ".github/workflows/scripts/generate_leaderboard_and_send_to_lark.py", line 476, in upload_image_to_lark
2025-04-11T09:07:43.0120825Z     form = {"image_type": "message", "image": (open(image_path, "rb"))}  # éœ€è¦æ›¿æ¢å…·ä½“çš„path
2025-04-11T09:07:43.0121379Z FileNotFoundError: [Errno 2] No such file or directory: 'engagement_leaderboard.png'
2025-04-11T09:07:43.0133318Z ##[error]Process completed with exit code 1.
2025-04-11T09:07:43.0216987Z Post job cleanup.
2025-04-11T09:07:43.1130293Z [command]/usr/bin/git version
2025-04-11T09:07:43.1168088Z git version 2.49.0
2025-04-11T09:07:43.1212599Z Temporarily overriding HOME='/home/runner/work/_temp/e8785a80-d278-4dcc-810d-f6c030e3cc31' before making global git config changes
2025-04-11T09:07:43.1213887Z Adding repository directory to the temporary git global config as a safe directory
2025-04-11T09:07:43.1217668Z [command]/usr/bin/git config --global --add safe.directory /home/runner/work/ColossalAI/ColossalAI
2025-04-11T09:07:43.1253327Z [command]/usr/bin/git config --local --name-only --get-regexp core\.sshCommand
2025-04-11T09:07:43.1284673Z [command]/usr/bin/git submodule foreach --recursive sh -c "git config --local --name-only --get-regexp 'core\.sshCommand' && git config --local --unset-all 'core.sshCommand' || :"
2025-04-11T09:07:43.1524766Z [command]/usr/bin/git config --local --name-only --get-regexp http\.https\:\/\/github\.com\/\.extraheader
2025-04-11T09:07:43.1549780Z http.https://github.com/.extraheader
2025-04-11T09:07:43.1560463Z [command]/usr/bin/git config --local --unset-all http.https://github.com/.extraheader
2025-04-11T09:07:43.1592331Z [command]/usr/bin/git submodule foreach --recursive sh -c "git config --local --name-only --get-regexp 'http\.https\:\/\/github\.com\/\.extraheader' && git config --local --unset-all 'http.https://github.com/.extraheader' || :"
2025-04-11T09:07:43.1960122Z Cleaning up orphan processes
