2025-02-28T06:05:36.8665710Z Requested labels: ubuntu-latest
2025-02-28T06:05:36.8665979Z Job defined at: satwikkansal/wtfpython/.github/workflows/pr.yml@refs/pull/372/merge
2025-02-28T06:05:36.8666082Z Waiting for a runner to pick up this job...
2025-02-28T06:05:37.4377959Z Job is waiting for a hosted runner to come online.
2025-02-28T06:05:40.6904726Z Job is about to start running on the hosted runner: GitHub Actions 11 (hosted)
2025-02-28T06:05:42.5147166Z Current runner version: '2.322.0'
2025-02-28T06:05:42.5175370Z ##[group]Operating System
2025-02-28T06:05:42.5176153Z Ubuntu
2025-02-28T06:05:42.5176782Z 24.04.2
2025-02-28T06:05:42.5177267Z LTS
2025-02-28T06:05:42.5177727Z ##[endgroup]
2025-02-28T06:05:42.5178343Z ##[group]Runner Image
2025-02-28T06:05:42.5178916Z Image: ubuntu-24.04
2025-02-28T06:05:42.5179480Z Version: 20250223.1.0
2025-02-28T06:05:42.5180497Z Included Software: https://github.com/actions/runner-images/blob/ubuntu24/20250223.1/images/ubuntu/Ubuntu2404-Readme.md
2025-02-28T06:05:42.5181870Z Image Release: https://github.com/actions/runner-images/releases/tag/ubuntu24%2F20250223.1
2025-02-28T06:05:42.5182791Z ##[endgroup]
2025-02-28T06:05:42.5183362Z ##[group]Runner Image Provisioner
2025-02-28T06:05:42.5183955Z 2.0.422.1
2025-02-28T06:05:42.5184674Z ##[endgroup]
2025-02-28T06:05:42.5185964Z ##[group]GITHUB_TOKEN Permissions
2025-02-28T06:05:42.5188227Z Checks: read
2025-02-28T06:05:42.5189169Z Contents: read
2025-02-28T06:05:42.5190163Z Metadata: read
2025-02-28T06:05:42.5191189Z PullRequests: read
2025-02-28T06:05:42.5191703Z ##[endgroup]
2025-02-28T06:05:42.5195008Z Secret source: None
2025-02-28T06:05:42.5196116Z Prepare workflow directory
2025-02-28T06:05:42.5506716Z Prepare all required actions
2025-02-28T06:05:42.5544647Z Getting action download info
2025-02-28T06:05:42.7231685Z Download action repository 'actions/checkout@v4' (SHA:11bd71901bbe5b1630ceea73d27597364c9af683)
2025-02-28T06:05:42.8109112Z Download action repository 'DavidAnson/markdownlint-cli2-action@v17' (SHA:db43aef879112c3119a410d69f66701e0d530809)
2025-02-28T06:05:43.1055400Z Complete job name: lint
2025-02-28T06:05:43.1829934Z ##[group]Run actions/checkout@v4
2025-02-28T06:05:43.1830807Z with:
2025-02-28T06:05:43.1831251Z   repository: satwikkansal/wtfpython
2025-02-28T06:05:43.1831975Z   token: ***
2025-02-28T06:05:43.1832377Z   ssh-strict: true
2025-02-28T06:05:43.1832800Z   ssh-user: git
2025-02-28T06:05:43.1833227Z   persist-credentials: true
2025-02-28T06:05:43.1833728Z   clean: true
2025-02-28T06:05:43.1834153Z   sparse-checkout-cone-mode: true
2025-02-28T06:05:43.1834926Z   fetch-depth: 1
2025-02-28T06:05:43.1835350Z   fetch-tags: false
2025-02-28T06:05:43.1835779Z   show-progress: true
2025-02-28T06:05:43.1836206Z   lfs: false
2025-02-28T06:05:43.1836588Z   submodules: false
2025-02-28T06:05:43.1837016Z   set-safe-directory: true
2025-02-28T06:05:43.1837831Z ##[endgroup]
2025-02-28T06:05:43.3710572Z Syncing repository: satwikkansal/wtfpython
2025-02-28T06:05:43.3712414Z ##[group]Getting Git version info
2025-02-28T06:05:43.3713150Z Working directory is '/home/runner/work/wtfpython/wtfpython'
2025-02-28T06:05:43.3714229Z [command]/usr/bin/git version
2025-02-28T06:05:43.3765896Z git version 2.48.1
2025-02-28T06:05:43.3793659Z ##[endgroup]
2025-02-28T06:05:43.3809982Z Temporarily overriding HOME='/home/runner/work/_temp/432c66cb-f836-4004-af5f-84696c8be7a4' before making global git config changes
2025-02-28T06:05:43.3812465Z Adding repository directory to the temporary git global config as a safe directory
2025-02-28T06:05:43.3816880Z [command]/usr/bin/git config --global --add safe.directory /home/runner/work/wtfpython/wtfpython
2025-02-28T06:05:43.3852234Z Deleting the contents of '/home/runner/work/wtfpython/wtfpython'
2025-02-28T06:05:43.3856205Z ##[group]Initializing the repository
2025-02-28T06:05:43.3861099Z [command]/usr/bin/git init /home/runner/work/wtfpython/wtfpython
2025-02-28T06:05:43.3922716Z hint: Using 'master' as the name for the initial branch. This default branch name
2025-02-28T06:05:43.3924316Z hint: is subject to change. To configure the initial branch name to use in all
2025-02-28T06:05:43.3925472Z hint: of your new repositories, which will suppress this warning, call:
2025-02-28T06:05:43.3926294Z hint:
2025-02-28T06:05:43.3927226Z hint: 	git config --global init.defaultBranch <name>
2025-02-28T06:05:43.3927924Z hint:
2025-02-28T06:05:43.3928673Z hint: Names commonly chosen instead of 'master' are 'main', 'trunk' and
2025-02-28T06:05:43.3930382Z hint: 'development'. The just-created branch can be renamed via this command:
2025-02-28T06:05:43.3932180Z hint:
2025-02-28T06:05:43.3932980Z hint: 	git branch -m <name>
2025-02-28T06:05:43.3934601Z Initialized empty Git repository in /home/runner/work/wtfpython/wtfpython/.git/
2025-02-28T06:05:43.3941217Z [command]/usr/bin/git remote add origin https://github.com/satwikkansal/wtfpython
2025-02-28T06:05:43.3972993Z ##[endgroup]
2025-02-28T06:05:43.3974287Z ##[group]Disabling automatic garbage collection
2025-02-28T06:05:43.3978199Z [command]/usr/bin/git config --local gc.auto 0
2025-02-28T06:05:43.4006966Z ##[endgroup]
2025-02-28T06:05:43.4008323Z ##[group]Setting up auth
2025-02-28T06:05:43.4014790Z [command]/usr/bin/git config --local --name-only --get-regexp core\.sshCommand
2025-02-28T06:05:43.4046022Z [command]/usr/bin/git submodule foreach --recursive sh -c "git config --local --name-only --get-regexp 'core\.sshCommand' && git config --local --unset-all 'core.sshCommand' || :"
2025-02-28T06:05:43.4317727Z [command]/usr/bin/git config --local --name-only --get-regexp http\.https\:\/\/github\.com\/\.extraheader
2025-02-28T06:05:43.4347899Z [command]/usr/bin/git submodule foreach --recursive sh -c "git config --local --name-only --get-regexp 'http\.https\:\/\/github\.com\/\.extraheader' && git config --local --unset-all 'http.https://github.com/.extraheader' || :"
2025-02-28T06:05:43.4573287Z [command]/usr/bin/git config --local http.https://github.com/.extraheader AUTHORIZATION: basic ***
2025-02-28T06:05:43.4610326Z ##[endgroup]
2025-02-28T06:05:43.4611721Z ##[group]Fetching the repository
2025-02-28T06:05:43.4621216Z [command]/usr/bin/git -c protocol.version=2 fetch --no-tags --prune --no-recurse-submodules --depth=1 origin +66fa20b65b718c4c7afdd2adf8bdc0cf97b5d80a:refs/remotes/pull/372/merge
2025-02-28T06:05:43.7219558Z From https://github.com/satwikkansal/wtfpython
2025-02-28T06:05:43.7221310Z  * [new ref]         66fa20b65b718c4c7afdd2adf8bdc0cf97b5d80a -> pull/372/merge
2025-02-28T06:05:43.7245187Z ##[endgroup]
2025-02-28T06:05:43.7245992Z ##[group]Determining the checkout info
2025-02-28T06:05:43.7247435Z ##[endgroup]
2025-02-28T06:05:43.7252360Z [command]/usr/bin/git sparse-checkout disable
2025-02-28T06:05:43.7289634Z [command]/usr/bin/git config --local --unset-all extensions.worktreeConfig
2025-02-28T06:05:43.7316560Z ##[group]Checking out the ref
2025-02-28T06:05:43.7319509Z [command]/usr/bin/git checkout --progress --force refs/remotes/pull/372/merge
2025-02-28T06:05:43.7417405Z Note: switching to 'refs/remotes/pull/372/merge'.
2025-02-28T06:05:43.7418458Z 
2025-02-28T06:05:43.7419237Z You are in 'detached HEAD' state. You can look around, make experimental
2025-02-28T06:05:43.7421027Z changes and commit them, and you can discard any commits you make in this
2025-02-28T06:05:43.7422999Z state without impacting any branches by switching back to a branch.
2025-02-28T06:05:43.7424206Z 
2025-02-28T06:05:43.7425127Z If you want to create a new branch to retain commits you create, you may
2025-02-28T06:05:43.7427095Z do so (now or later) by using -c with the switch command. Example:
2025-02-28T06:05:43.7428276Z 
2025-02-28T06:05:43.7428802Z   git switch -c <new-branch-name>
2025-02-28T06:05:43.7429594Z 
2025-02-28T06:05:43.7430027Z Or undo this operation with:
2025-02-28T06:05:43.7430719Z 
2025-02-28T06:05:43.7431129Z   git switch -
2025-02-28T06:05:43.7431646Z 
2025-02-28T06:05:43.7432346Z Turn off this advice by setting config variable advice.detachedHead to false
2025-02-28T06:05:43.7433378Z 
2025-02-28T06:05:43.7434708Z HEAD is now at 66fa20b Merge e374a889e2005b7e4fff90172f5be5bed0114f3d into c909ede23523da9e9c5b1aae19f76dd6bb91188d
2025-02-28T06:05:43.7437885Z ##[endgroup]
2025-02-28T06:05:43.7464349Z [command]/usr/bin/git log -1 --format=%H
2025-02-28T06:05:43.7486669Z 66fa20b65b718c4c7afdd2adf8bdc0cf97b5d80a
2025-02-28T06:05:43.7706448Z ##[group]Run git fetch origin
2025-02-28T06:05:43.7707062Z [36;1mgit fetch origin[0m
2025-02-28T06:05:43.7707696Z [36;1mgit diff origin/dev --unified=0 *.md translations/*/*.md \[0m
2025-02-28T06:05:43.7708608Z [36;1m> /home/runner/work/_temp/diff.md[0m
2025-02-28T06:05:43.7758588Z shell: /usr/bin/bash -e {0}
2025-02-28T06:05:43.7759099Z ##[endgroup]
2025-02-28T06:05:44.3145251Z From https://github.com/satwikkansal/wtfpython
2025-02-28T06:05:44.3147181Z  * [new branch]      dev        -> origin/dev
2025-02-28T06:05:44.3148829Z  * [new branch]      master     -> origin/master
2025-02-28T06:05:44.3152247Z  * [new branch]      revert-355-#269/update-contributing-and-add-pr-issue-templates -> origin/revert-355-#269/update-contributing-and-add-pr-issue-templates
2025-02-28T06:05:44.3249661Z  * [new tag]         v2.0.0     -> v2.0.0
2025-02-28T06:05:44.3251266Z  * [new tag]         v3.0.0     -> v3.0.0
2025-02-28T06:05:44.3426245Z ##[group]Run DavidAnson/markdownlint-cli2-action@v17
2025-02-28T06:05:44.3427666Z with:
2025-02-28T06:05:44.3428590Z   globs: /home/runner/work/_temp/diff.md
2025-02-28T06:05:44.3429804Z   separator: 

2025-02-28T06:05:44.3430709Z ##[endgroup]
2025-02-28T06:05:44.4527013Z markdownlint-cli2 v0.14.0 (markdownlint v0.35.0)
2025-02-28T06:05:44.4529545Z Finding: /home/runner/work/_temp/diff.md
2025-02-28T06:05:44.4687679Z Linting: 1 file(s)
2025-02-28T06:05:44.4774173Z Summary: 0 error(s)
2025-02-28T06:05:44.4985652Z Post job cleanup.
2025-02-28T06:05:44.5959358Z [command]/usr/bin/git version
2025-02-28T06:05:44.5991685Z git version 2.48.1
2025-02-28T06:05:44.6061285Z Temporarily overriding HOME='/home/runner/work/_temp/ce60c678-e05c-4540-a13f-1633292188f7' before making global git config changes
2025-02-28T06:05:44.6064286Z Adding repository directory to the temporary git global config as a safe directory
2025-02-28T06:05:44.6068042Z [command]/usr/bin/git config --global --add safe.directory /home/runner/work/wtfpython/wtfpython
2025-02-28T06:05:44.6108802Z [command]/usr/bin/git config --local --name-only --get-regexp core\.sshCommand
2025-02-28T06:05:44.6149818Z [command]/usr/bin/git submodule foreach --recursive sh -c "git config --local --name-only --get-regexp 'core\.sshCommand' && git config --local --unset-all 'core.sshCommand' || :"
2025-02-28T06:05:44.6393366Z [command]/usr/bin/git config --local --name-only --get-regexp http\.https\:\/\/github\.com\/\.extraheader
2025-02-28T06:05:44.6415188Z http.https://github.com/.extraheader
2025-02-28T06:05:44.6428334Z [command]/usr/bin/git config --local --unset-all http.https://github.com/.extraheader
2025-02-28T06:05:44.6461935Z [command]/usr/bin/git submodule foreach --recursive sh -c "git config --local --name-only --get-regexp 'http\.https\:\/\/github\.com\/\.extraheader' && git config --local --unset-all 'http.https://github.com/.extraheader' || :"
2025-02-28T06:05:44.6810267Z Cleaning up orphan processes
