2025-02-06T15:33:51.1557867Z Requested labels: ubuntu-latest
2025-02-06T15:33:51.1558047Z Job defined at: exelban/stats/.github/workflows/i18n.yaml@refs/heads/master
2025-02-06T15:33:51.1558122Z Waiting for a runner to pick up this job...
2025-02-06T15:33:51.9257298Z Job is waiting for a hosted runner to come online.
2025-02-06T15:33:55.6774679Z Job is about to start running on the hosted runner: GitHub Actions 2 (hosted)
2025-02-06T15:33:57.4610728Z Current runner version: '2.322.0'
2025-02-06T15:33:57.4633742Z ##[group]Operating System
2025-02-06T15:33:57.4634479Z Ubuntu
2025-02-06T15:33:57.4635061Z 24.04.1
2025-02-06T15:33:57.4635517Z LTS
2025-02-06T15:33:57.4635971Z ##[endgroup]
2025-02-06T15:33:57.4636576Z ##[group]Runner Image
2025-02-06T15:33:57.4637091Z Image: ubuntu-24.04
2025-02-06T15:33:57.4637581Z Version: 20250202.1.0
2025-02-06T15:33:57.4638984Z Included Software: https://github.com/actions/runner-images/blob/ubuntu24/20250202.1/images/ubuntu/Ubuntu2404-Readme.md
2025-02-06T15:33:57.4640371Z Image Release: https://github.com/actions/runner-images/releases/tag/ubuntu24%2F20250202.1
2025-02-06T15:33:57.4641245Z ##[endgroup]
2025-02-06T15:33:57.4641842Z ##[group]Runner Image Provisioner
2025-02-06T15:33:57.4642396Z 2.0.422.1
2025-02-06T15:33:57.4642836Z ##[endgroup]
2025-02-06T15:33:57.4645236Z ##[group]GITHUB_TOKEN Permissions
2025-02-06T15:33:57.4647113Z Actions: write
2025-02-06T15:33:57.4647983Z Attestations: write
2025-02-06T15:33:57.4648726Z Checks: write
2025-02-06T15:33:57.4649376Z Contents: write
2025-02-06T15:33:57.4649923Z Deployments: write
2025-02-06T15:33:57.4650436Z Discussions: write
2025-02-06T15:33:57.4651060Z Issues: write
2025-02-06T15:33:57.4651585Z Metadata: read
2025-02-06T15:33:57.4652110Z Packages: write
2025-02-06T15:33:57.4652728Z Pages: write
2025-02-06T15:33:57.4653226Z PullRequests: write
2025-02-06T15:33:57.4653803Z RepositoryProjects: write
2025-02-06T15:33:57.4654418Z SecurityEvents: write
2025-02-06T15:33:57.4654899Z Statuses: write
2025-02-06T15:33:57.4655387Z ##[endgroup]
2025-02-06T15:33:57.4658199Z Secret source: Actions
2025-02-06T15:33:57.4659069Z Prepare workflow directory
2025-02-06T15:33:57.4961116Z Prepare all required actions
2025-02-06T15:33:57.4997291Z Getting action download info
2025-02-06T15:33:57.6390974Z Download action repository 'actions/checkout@v3' (SHA:f43a0e5ff2bd294095638e18286ca9a3d1956744)
2025-02-06T15:33:57.7412134Z Download action repository 'actions/setup-python@v2' (SHA:e9aba2c848f5ebd159c070c61ea2c4e2b122355e)
2025-02-06T15:33:57.8765678Z Complete job name: i18n
2025-02-06T15:33:57.9476397Z ##[group]Run actions/checkout@v3
2025-02-06T15:33:57.9477576Z with:
2025-02-06T15:33:57.9478197Z   repository: exelban/stats
2025-02-06T15:33:57.9479357Z   token: ***
2025-02-06T15:33:57.9479973Z   ssh-strict: true
2025-02-06T15:33:57.9480649Z   persist-credentials: true
2025-02-06T15:33:57.9481409Z   clean: true
2025-02-06T15:33:57.9482092Z   sparse-checkout-cone-mode: true
2025-02-06T15:33:57.9482897Z   fetch-depth: 1
2025-02-06T15:33:57.9483535Z   fetch-tags: false
2025-02-06T15:33:57.9484183Z   lfs: false
2025-02-06T15:33:57.9484775Z   submodules: false
2025-02-06T15:33:57.9485423Z   set-safe-directory: true
2025-02-06T15:33:57.9486909Z ##[endgroup]
2025-02-06T15:33:58.1550114Z Syncing repository: exelban/stats
2025-02-06T15:33:58.1551860Z ##[group]Getting Git version info
2025-02-06T15:33:58.1552532Z Working directory is '/home/runner/work/stats/stats'
2025-02-06T15:33:58.1553471Z [command]/usr/bin/git version
2025-02-06T15:33:58.1633536Z git version 2.48.1
2025-02-06T15:33:58.1661744Z ##[endgroup]
2025-02-06T15:33:58.1677048Z Temporarily overriding HOME='/home/runner/work/_temp/9c271a3d-5094-4e75-a1db-f450de2af7c6' before making global git config changes
2025-02-06T15:33:58.1678378Z Adding repository directory to the temporary git global config as a safe directory
2025-02-06T15:33:58.1680303Z [command]/usr/bin/git config --global --add safe.directory /home/runner/work/stats/stats
2025-02-06T15:33:58.1714581Z Deleting the contents of '/home/runner/work/stats/stats'
2025-02-06T15:33:58.1718199Z ##[group]Initializing the repository
2025-02-06T15:33:58.1721200Z [command]/usr/bin/git init /home/runner/work/stats/stats
2025-02-06T15:33:58.1820774Z hint: Using 'master' as the name for the initial branch. This default branch name
2025-02-06T15:33:58.1822110Z hint: is subject to change. To configure the initial branch name to use in all
2025-02-06T15:33:58.1823142Z hint: of your new repositories, which will suppress this warning, call:
2025-02-06T15:33:58.1824662Z hint:
2025-02-06T15:33:58.1825443Z hint: 	git config --global init.defaultBranch <name>
2025-02-06T15:33:58.1826405Z hint:
2025-02-06T15:33:58.1827258Z hint: Names commonly chosen instead of 'master' are 'main', 'trunk' and
2025-02-06T15:33:58.1828740Z hint: 'development'. The just-created branch can be renamed via this command:
2025-02-06T15:33:58.1829472Z hint:
2025-02-06T15:33:58.1829873Z hint: 	git branch -m <name>
2025-02-06T15:33:58.1830509Z Initialized empty Git repository in /home/runner/work/stats/stats/.git/
2025-02-06T15:33:58.1836107Z [command]/usr/bin/git remote add origin https://github.com/exelban/stats
2025-02-06T15:33:58.1874312Z ##[endgroup]
2025-02-06T15:33:58.1875026Z ##[group]Disabling automatic garbage collection
2025-02-06T15:33:58.1876735Z [command]/usr/bin/git config --local gc.auto 0
2025-02-06T15:33:58.1902341Z ##[endgroup]
2025-02-06T15:33:58.1902991Z ##[group]Setting up auth
2025-02-06T15:33:58.1907118Z [command]/usr/bin/git config --local --name-only --get-regexp core\.sshCommand
2025-02-06T15:33:58.1932927Z [command]/usr/bin/git submodule foreach --recursive sh -c "git config --local --name-only --get-regexp 'core\.sshCommand' && git config --local --unset-all 'core.sshCommand' || :"
2025-02-06T15:33:58.2250552Z [command]/usr/bin/git config --local --name-only --get-regexp http\.https\:\/\/github\.com\/\.extraheader
2025-02-06T15:33:58.2275504Z [command]/usr/bin/git submodule foreach --recursive sh -c "git config --local --name-only --get-regexp 'http\.https\:\/\/github\.com\/\.extraheader' && git config --local --unset-all 'http.https://github.com/.extraheader' || :"
2025-02-06T15:33:58.2491898Z [command]/usr/bin/git config --local http.https://github.com/.extraheader AUTHORIZATION: basic ***
2025-02-06T15:33:58.2521950Z ##[endgroup]
2025-02-06T15:33:58.2522748Z ##[group]Fetching the repository
2025-02-06T15:33:58.2530091Z [command]/usr/bin/git -c protocol.version=2 fetch --no-tags --prune --progress --no-recurse-submodules --depth=1 origin +f9b522aeb398bfe0eec0ac0e26a8e18dc70b94c9:refs/remotes/origin/master
2025-02-06T15:33:58.4922106Z remote: Enumerating objects: 492, done.        
2025-02-06T15:33:58.4923966Z remote: Counting objects:   0% (1/492)        
2025-02-06T15:33:58.4925368Z remote: Counting objects:   1% (5/492)        
2025-02-06T15:33:58.4926164Z remote: Counting objects:   2% (10/492)        
2025-02-06T15:33:58.4926891Z remote: Counting objects:   3% (15/492)        
2025-02-06T15:33:58.4927612Z remote: Counting objects:   4% (20/492)        
2025-02-06T15:33:58.4928331Z remote: Counting objects:   5% (25/492)        
2025-02-06T15:33:58.4929234Z remote: Counting objects:   6% (30/492)        
2025-02-06T15:33:58.4929968Z remote: Counting objects:   7% (35/492)        
2025-02-06T15:33:58.4930664Z remote: Counting objects:   8% (40/492)        
2025-02-06T15:33:58.4931373Z remote: Counting objects:   9% (45/492)        
2025-02-06T15:33:58.4932093Z remote: Counting objects:  10% (50/492)        
2025-02-06T15:33:58.4932814Z remote: Counting objects:  11% (55/492)        
2025-02-06T15:33:58.4933527Z remote: Counting objects:  12% (60/492)        
2025-02-06T15:33:58.4934245Z remote: Counting objects:  13% (64/492)        
2025-02-06T15:33:58.4934985Z remote: Counting objects:  14% (69/492)        
2025-02-06T15:33:58.4935680Z remote: Counting objects:  15% (74/492)        
2025-02-06T15:33:58.4936374Z remote: Counting objects:  16% (79/492)        
2025-02-06T15:33:58.4937074Z remote: Counting objects:  17% (84/492)        
2025-02-06T15:33:58.4937761Z remote: Counting objects:  18% (89/492)        
2025-02-06T15:33:58.4938581Z remote: Counting objects:  19% (94/492)        
2025-02-06T15:33:58.4939194Z remote: Counting objects:  20% (99/492)        
2025-02-06T15:33:58.4939818Z remote: Counting objects:  21% (104/492)        
2025-02-06T15:33:58.4943857Z remote: Counting objects:  22% (109/492)        
2025-02-06T15:33:58.4945100Z remote: Counting objects:  23% (114/492)        
2025-02-06T15:33:58.4946213Z remote: Counting objects:  24% (119/492)        
2025-02-06T15:33:58.4947563Z remote: Counting objects:  25% (123/492)        
2025-02-06T15:33:58.4948632Z remote: Counting objects:  26% (128/492)        
2025-02-06T15:33:58.4949648Z remote: Counting objects:  27% (133/492)        
2025-02-06T15:33:58.4950585Z remote: Counting objects:  28% (138/492)        
2025-02-06T15:33:58.4951250Z remote: Counting objects:  29% (143/492)        
2025-02-06T15:33:58.4951869Z remote: Counting objects:  30% (148/492)        
2025-02-06T15:33:58.4952489Z remote: Counting objects:  31% (153/492)        
2025-02-06T15:33:58.4953108Z remote: Counting objects:  32% (158/492)        
2025-02-06T15:33:58.4953719Z remote: Counting objects:  33% (163/492)        
2025-02-06T15:33:58.4954586Z remote: Counting objects:  34% (168/492)        
2025-02-06T15:33:58.4955439Z remote: Counting objects:  35% (173/492)        
2025-02-06T15:33:58.4956472Z remote: Counting objects:  36% (178/492)        
2025-02-06T15:33:58.4957767Z remote: Counting objects:  37% (183/492)        
2025-02-06T15:33:58.4958685Z remote: Counting objects:  38% (187/492)        
2025-02-06T15:33:58.4959333Z remote: Counting objects:  39% (192/492)        
2025-02-06T15:33:58.4959952Z remote: Counting objects:  40% (197/492)        
2025-02-06T15:33:58.4960566Z remote: Counting objects:  41% (202/492)        
2025-02-06T15:33:58.4961189Z remote: Counting objects:  42% (207/492)        
2025-02-06T15:33:58.4961796Z remote: Counting objects:  43% (212/492)        
2025-02-06T15:33:58.4962748Z remote: Counting objects:  44% (217/492)        
2025-02-06T15:33:58.4963933Z remote: Counting objects:  45% (222/492)        
2025-02-06T15:33:58.4964595Z remote: Counting objects:  46% (227/492)        
2025-02-06T15:33:58.4965210Z remote: Counting objects:  47% (232/492)        
2025-02-06T15:33:58.4965812Z remote: Counting objects:  48% (237/492)        
2025-02-06T15:33:58.4966522Z remote: Counting objects:  49% (242/492)        
2025-02-06T15:33:58.4967136Z remote: Counting objects:  50% (246/492)        
2025-02-06T15:33:58.4967990Z remote: Counting objects:  51% (251/492)        
2025-02-06T15:33:58.4968825Z remote: Counting objects:  52% (256/492)        
2025-02-06T15:33:58.4969457Z remote: Counting objects:  53% (261/492)        
2025-02-06T15:33:58.4970064Z remote: Counting objects:  54% (266/492)        
2025-02-06T15:33:58.4970792Z remote: Counting objects:  55% (271/492)        
2025-02-06T15:33:58.4971404Z remote: Counting objects:  56% (276/492)        
2025-02-06T15:33:58.4972017Z remote: Counting objects:  57% (281/492)        
2025-02-06T15:33:58.4972628Z remote: Counting objects:  58% (286/492)        
2025-02-06T15:33:58.4973236Z remote: Counting objects:  59% (291/492)        
2025-02-06T15:33:58.4973842Z remote: Counting objects:  60% (296/492)        
2025-02-06T15:33:58.4974444Z remote: Counting objects:  61% (301/492)        
2025-02-06T15:33:58.4975044Z remote: Counting objects:  62% (306/492)        
2025-02-06T15:33:58.4975803Z remote: Counting objects:  63% (310/492)        
2025-02-06T15:33:58.4977049Z remote: Counting objects:  64% (315/492)        
2025-02-06T15:33:58.4978118Z remote: Counting objects:  65% (320/492)        
2025-02-06T15:33:58.4978981Z remote: Counting objects:  66% (325/492)        
2025-02-06T15:33:58.4979596Z remote: Counting objects:  67% (330/492)        
2025-02-06T15:33:58.4980199Z remote: Counting objects:  68% (335/492)        
2025-02-06T15:33:58.4980805Z remote: Counting objects:  69% (340/492)        
2025-02-06T15:33:58.4981409Z remote: Counting objects:  70% (345/492)        
2025-02-06T15:33:58.4982002Z remote: Counting objects:  71% (350/492)        
2025-02-06T15:33:58.4982603Z remote: Counting objects:  72% (355/492)        
2025-02-06T15:33:58.4983249Z remote: Counting objects:  73% (360/492)        
2025-02-06T15:33:58.4984393Z remote: Counting objects:  74% (365/492)        
2025-02-06T15:33:58.4985355Z remote: Counting objects:  75% (369/492)        
2025-02-06T15:33:58.4985975Z remote: Counting objects:  76% (374/492)        
2025-02-06T15:33:58.4986822Z remote: Counting objects:  77% (379/492)        
2025-02-06T15:33:58.4987438Z remote: Counting objects:  78% (384/492)        
2025-02-06T15:33:58.4988050Z remote: Counting objects:  79% (389/492)        
2025-02-06T15:33:58.4988852Z remote: Counting objects:  80% (394/492)        
2025-02-06T15:33:58.4989501Z remote: Counting objects:  81% (399/492)        
2025-02-06T15:33:58.4990109Z remote: Counting objects:  82% (404/492)        
2025-02-06T15:33:58.4990707Z remote: Counting objects:  83% (409/492)        
2025-02-06T15:33:58.4991315Z remote: Counting objects:  84% (414/492)        
2025-02-06T15:33:58.4991913Z remote: Counting objects:  85% (419/492)        
2025-02-06T15:33:58.4992537Z remote: Counting objects:  86% (424/492)        
2025-02-06T15:33:58.4993174Z remote: Counting objects:  87% (429/492)        
2025-02-06T15:33:58.4993773Z remote: Counting objects:  88% (433/492)        
2025-02-06T15:33:58.4994365Z remote: Counting objects:  89% (438/492)        
2025-02-06T15:33:58.4994973Z remote: Counting objects:  90% (443/492)        
2025-02-06T15:33:58.4995579Z remote: Counting objects:  91% (448/492)        
2025-02-06T15:33:58.4996167Z remote: Counting objects:  92% (453/492)        
2025-02-06T15:33:58.4996774Z remote: Counting objects:  93% (458/492)        
2025-02-06T15:33:58.4997379Z remote: Counting objects:  94% (463/492)        
2025-02-06T15:33:58.4997970Z remote: Counting objects:  95% (468/492)        
2025-02-06T15:33:58.4998798Z remote: Counting objects:  96% (473/492)        
2025-02-06T15:33:58.4999425Z remote: Counting objects:  97% (478/492)        
2025-02-06T15:33:58.5000016Z remote: Counting objects:  98% (483/492)        
2025-02-06T15:33:58.5000615Z remote: Counting objects:  99% (488/492)        
2025-02-06T15:33:58.5001331Z remote: Counting objects: 100% (492/492)        
2025-02-06T15:33:58.5002647Z remote: Counting objects: 100% (492/492), done.        
2025-02-06T15:33:58.5003559Z remote: Compressing objects:   0% (1/368)        
2025-02-06T15:33:58.5004232Z remote: Compressing objects:   1% (4/368)        
2025-02-06T15:33:58.5005030Z remote: Compressing objects:   2% (8/368)        
2025-02-06T15:33:58.5005668Z remote: Compressing objects:   3% (12/368)        
2025-02-06T15:33:58.5006329Z remote: Compressing objects:   4% (15/368)        
2025-02-06T15:33:58.5006959Z remote: Compressing objects:   5% (19/368)        
2025-02-06T15:33:58.5007583Z remote: Compressing objects:   6% (23/368)        
2025-02-06T15:33:58.5008206Z remote: Compressing objects:   7% (26/368)        
2025-02-06T15:33:58.5009035Z remote: Compressing objects:   8% (30/368)        
2025-02-06T15:33:58.5009656Z remote: Compressing objects:   9% (34/368)        
2025-02-06T15:33:58.5010273Z remote: Compressing objects:  10% (37/368)        
2025-02-06T15:33:58.5048113Z remote: Compressing objects:  11% (41/368)        
2025-02-06T15:33:58.5074284Z remote: Compressing objects:  12% (45/368)        
2025-02-06T15:33:58.5116493Z remote: Compressing objects:  13% (48/368)        
2025-02-06T15:33:58.5140905Z remote: Compressing objects:  14% (52/368)        
2025-02-06T15:33:58.5149081Z remote: Compressing objects:  15% (56/368)        
2025-02-06T15:33:58.5167761Z remote: Compressing objects:  16% (59/368)        
2025-02-06T15:33:58.5217777Z remote: Compressing objects:  17% (63/368)        
2025-02-06T15:33:58.5264506Z remote: Compressing objects:  18% (67/368)        
2025-02-06T15:33:58.5315744Z remote: Compressing objects:  19% (70/368)        
2025-02-06T15:33:58.5365896Z remote: Compressing objects:  20% (74/368)        
2025-02-06T15:33:58.5393839Z remote: Compressing objects:  21% (78/368)        
2025-02-06T15:33:58.5420605Z remote: Compressing objects:  22% (81/368)        
2025-02-06T15:33:58.5443766Z remote: Compressing objects:  23% (85/368)        
2025-02-06T15:33:58.5454433Z remote: Compressing objects:  24% (89/368)        
2025-02-06T15:33:58.5469977Z remote: Compressing objects:  25% (92/368)        
2025-02-06T15:33:58.5490389Z remote: Compressing objects:  26% (96/368)        
2025-02-06T15:33:58.5497033Z remote: Compressing objects:  27% (100/368)        
2025-02-06T15:33:58.5509537Z remote: Compressing objects:  28% (104/368)        
2025-02-06T15:33:58.5523642Z remote: Compressing objects:  29% (107/368)        
2025-02-06T15:33:58.5537651Z remote: Compressing objects:  30% (111/368)        
2025-02-06T15:33:58.5557724Z remote: Compressing objects:  31% (115/368)        
2025-02-06T15:33:58.5568703Z remote: Compressing objects:  32% (118/368)        
2025-02-06T15:33:58.5592285Z remote: Compressing objects:  33% (122/368)        
2025-02-06T15:33:58.5623702Z remote: Compressing objects:  34% (126/368)        
2025-02-06T15:33:58.5646074Z remote: Compressing objects:  35% (129/368)        
2025-02-06T15:33:58.5665120Z remote: Compressing objects:  36% (133/368)        
2025-02-06T15:33:58.5710480Z remote: Compressing objects:  37% (137/368)        
2025-02-06T15:33:58.5724860Z remote: Compressing objects:  38% (140/368)        
2025-02-06T15:33:58.5757805Z remote: Compressing objects:  39% (144/368)        
2025-02-06T15:33:58.5761701Z remote: Compressing objects:  40% (148/368)        
2025-02-06T15:33:58.5786756Z remote: Compressing objects:  41% (151/368)        
2025-02-06T15:33:58.5788098Z remote: Compressing objects:  42% (155/368)        
2025-02-06T15:33:58.5789645Z remote: Compressing objects:  43% (159/368)        
2025-02-06T15:33:58.5791074Z remote: Compressing objects:  44% (162/368)        
2025-02-06T15:33:58.5792396Z remote: Compressing objects:  45% (166/368)        
2025-02-06T15:33:58.5793670Z remote: Compressing objects:  46% (170/368)        
2025-02-06T15:33:58.5794982Z remote: Compressing objects:  47% (173/368)        
2025-02-06T15:33:58.5816068Z remote: Compressing objects:  48% (177/368)        
2025-02-06T15:33:58.5828245Z remote: Compressing objects:  49% (181/368)        
2025-02-06T15:33:58.5834029Z remote: Compressing objects:  50% (184/368)        
2025-02-06T15:33:58.5834784Z remote: Compressing objects:  51% (188/368)        
2025-02-06T15:33:58.5835491Z remote: Compressing objects:  52% (192/368)        
2025-02-06T15:33:58.5836425Z remote: Compressing objects:  53% (196/368)        
2025-02-06T15:33:58.5837074Z remote: Compressing objects:  54% (199/368)        
2025-02-06T15:33:58.5837709Z remote: Compressing objects:  55% (203/368)        
2025-02-06T15:33:58.5838798Z remote: Compressing objects:  56% (207/368)        
2025-02-06T15:33:58.5839853Z remote: Compressing objects:  57% (210/368)        
2025-02-06T15:33:58.5840504Z remote: Compressing objects:  58% (214/368)        
2025-02-06T15:33:58.5841125Z remote: Compressing objects:  59% (218/368)        
2025-02-06T15:33:58.5841794Z remote: Compressing objects:  60% (221/368)        
2025-02-06T15:33:58.5842428Z remote: Compressing objects:  61% (225/368)        
2025-02-06T15:33:58.5843055Z remote: Compressing objects:  62% (229/368)        
2025-02-06T15:33:58.5843683Z remote: Compressing objects:  63% (232/368)        
2025-02-06T15:33:58.5844310Z remote: Compressing objects:  64% (236/368)        
2025-02-06T15:33:58.5844942Z remote: Compressing objects:  65% (240/368)        
2025-02-06T15:33:58.5845572Z remote: Compressing objects:  66% (243/368)        
2025-02-06T15:33:58.5846208Z remote: Compressing objects:  67% (247/368)        
2025-02-06T15:33:58.5846842Z remote: Compressing objects:  68% (251/368)        
2025-02-06T15:33:58.5853820Z remote: Compressing objects:  69% (254/368)        
2025-02-06T15:33:58.5855825Z remote: Compressing objects:  70% (258/368)        
2025-02-06T15:33:58.5860337Z remote: Compressing objects:  71% (262/368)        
2025-02-06T15:33:58.5861006Z remote: Compressing objects:  72% (265/368)        
2025-02-06T15:33:58.5861631Z remote: Compressing objects:  73% (269/368)        
2025-02-06T15:33:58.5862643Z remote: Compressing objects:  74% (273/368)        
2025-02-06T15:33:58.5863815Z remote: Compressing objects:  75% (276/368)        
2025-02-06T15:33:58.5864563Z remote: Compressing objects:  76% (280/368)        
2025-02-06T15:33:58.5866585Z remote: Compressing objects:  77% (284/368)        
2025-02-06T15:33:58.5868247Z remote: Compressing objects:  78% (288/368)        
2025-02-06T15:33:58.5870009Z remote: Compressing objects:  79% (291/368)        
2025-02-06T15:33:58.5871382Z remote: Compressing objects:  80% (295/368)        
2025-02-06T15:33:58.5872074Z remote: Compressing objects:  81% (299/368)        
2025-02-06T15:33:58.5872708Z remote: Compressing objects:  82% (302/368)        
2025-02-06T15:33:58.5873361Z remote: Compressing objects:  83% (306/368)        
2025-02-06T15:33:58.5874924Z remote: Compressing objects:  84% (310/368)        
2025-02-06T15:33:58.5875583Z remote: Compressing objects:  85% (313/368)        
2025-02-06T15:33:58.5876223Z remote: Compressing objects:  86% (317/368)        
2025-02-06T15:33:58.5876843Z remote: Compressing objects:  87% (321/368)        
2025-02-06T15:33:58.5877481Z remote: Compressing objects:  88% (324/368)        
2025-02-06T15:33:58.5878120Z remote: Compressing objects:  89% (328/368)        
2025-02-06T15:33:58.5879069Z remote: Compressing objects:  90% (332/368)        
2025-02-06T15:33:58.5880085Z remote: Compressing objects:  91% (335/368)        
2025-02-06T15:33:58.5881121Z remote: Compressing objects:  92% (339/368)        
2025-02-06T15:33:58.5881764Z remote: Compressing objects:  93% (343/368)        
2025-02-06T15:33:58.5883181Z remote: Compressing objects:  94% (346/368)        
2025-02-06T15:33:58.5883958Z remote: Compressing objects:  95% (350/368)        
2025-02-06T15:33:58.5884597Z remote: Compressing objects:  96% (354/368)        
2025-02-06T15:33:58.5885225Z remote: Compressing objects:  97% (357/368)        
2025-02-06T15:33:58.5885843Z remote: Compressing objects:  98% (361/368)        
2025-02-06T15:33:58.5886466Z remote: Compressing objects:  99% (365/368)        
2025-02-06T15:33:58.5887403Z remote: Compressing objects: 100% (368/368)        
2025-02-06T15:33:58.5888607Z remote: Compressing objects: 100% (368/368), done.        
2025-02-06T15:33:58.5903113Z Receiving objects:   0% (1/492)
2025-02-06T15:33:58.5904172Z Receiving objects:   1% (5/492)
2025-02-06T15:33:58.5905310Z Receiving objects:   2% (10/492)
2025-02-06T15:33:58.5906296Z Receiving objects:   3% (15/492)
2025-02-06T15:33:58.5907275Z Receiving objects:   4% (20/492)
2025-02-06T15:33:58.5908202Z Receiving objects:   5% (25/492)
2025-02-06T15:33:58.5909301Z Receiving objects:   6% (30/492)
2025-02-06T15:33:58.5910223Z Receiving objects:   7% (35/492)
2025-02-06T15:33:58.5911116Z Receiving objects:   8% (40/492)
2025-02-06T15:33:58.5912021Z Receiving objects:   9% (45/492)
2025-02-06T15:33:58.5912876Z Receiving objects:  10% (50/492)
2025-02-06T15:33:58.5915265Z Receiving objects:  11% (55/492)
2025-02-06T15:33:58.5918103Z Receiving objects:  12% (60/492)
2025-02-06T15:33:58.5922723Z Receiving objects:  13% (64/492)
2025-02-06T15:33:58.5930926Z Receiving objects:  14% (69/492)
2025-02-06T15:33:58.5933340Z Receiving objects:  15% (74/492)
2025-02-06T15:33:58.5937059Z Receiving objects:  16% (79/492)
2025-02-06T15:33:58.5940612Z Receiving objects:  17% (84/492)
2025-02-06T15:33:58.6084080Z Receiving objects:  18% (89/492)
2025-02-06T15:33:58.6087292Z Receiving objects:  19% (94/492)
2025-02-06T15:33:58.6093448Z Receiving objects:  20% (99/492)
2025-02-06T15:33:58.6095374Z Receiving objects:  21% (104/492)
2025-02-06T15:33:58.6100575Z Receiving objects:  22% (109/492)
2025-02-06T15:33:58.6193614Z Receiving objects:  23% (114/492)
2025-02-06T15:33:58.6196153Z Receiving objects:  24% (119/492)
2025-02-06T15:33:58.6197078Z Receiving objects:  25% (123/492)
2025-02-06T15:33:58.6197999Z Receiving objects:  26% (128/492)
2025-02-06T15:33:58.6199126Z Receiving objects:  27% (133/492)
2025-02-06T15:33:58.6199655Z Receiving objects:  28% (138/492)
2025-02-06T15:33:58.6200169Z Receiving objects:  29% (143/492)
2025-02-06T15:33:58.6200691Z Receiving objects:  30% (148/492)
2025-02-06T15:33:58.6201195Z Receiving objects:  31% (153/492)
2025-02-06T15:33:58.6201686Z Receiving objects:  32% (158/492)
2025-02-06T15:33:58.6202284Z Receiving objects:  33% (163/492)
2025-02-06T15:33:58.6203570Z Receiving objects:  34% (168/492)
2025-02-06T15:33:58.6204561Z Receiving objects:  35% (173/492)
2025-02-06T15:33:58.6205111Z Receiving objects:  36% (178/492)
2025-02-06T15:33:58.6205606Z Receiving objects:  37% (183/492)
2025-02-06T15:33:58.6206116Z Receiving objects:  38% (187/492)
2025-02-06T15:33:58.6206958Z Receiving objects:  39% (192/492)
2025-02-06T15:33:58.6207940Z Receiving objects:  40% (197/492)
2025-02-06T15:33:58.6209046Z Receiving objects:  41% (202/492)
2025-02-06T15:33:58.6209582Z Receiving objects:  42% (207/492)
2025-02-06T15:33:58.6210089Z Receiving objects:  43% (212/492)
2025-02-06T15:33:58.6210594Z Receiving objects:  44% (217/492)
2025-02-06T15:33:58.6211165Z Receiving objects:  45% (222/492)
2025-02-06T15:33:58.6211677Z Receiving objects:  46% (227/492)
2025-02-06T15:33:58.6212185Z Receiving objects:  47% (232/492)
2025-02-06T15:33:58.6228187Z Receiving objects:  48% (237/492)
2025-02-06T15:33:58.6387337Z Receiving objects:  49% (242/492)
2025-02-06T15:33:58.6388698Z Receiving objects:  50% (246/492)
2025-02-06T15:33:58.6389553Z Receiving objects:  51% (251/492)
2025-02-06T15:33:58.6390080Z Receiving objects:  52% (256/492)
2025-02-06T15:33:58.6399437Z Receiving objects:  53% (261/492)
2025-02-06T15:33:58.6403004Z Receiving objects:  54% (266/492)
2025-02-06T15:33:58.6410085Z Receiving objects:  55% (271/492)
2025-02-06T15:33:58.6412100Z Receiving objects:  56% (276/492)
2025-02-06T15:33:58.6432662Z Receiving objects:  57% (281/492)
2025-02-06T15:33:58.6444616Z Receiving objects:  58% (286/492)
2025-02-06T15:33:58.6453792Z Receiving objects:  59% (291/492)
2025-02-06T15:33:58.6454795Z Receiving objects:  60% (296/492)
2025-02-06T15:33:58.6465445Z Receiving objects:  61% (301/492)
2025-02-06T15:33:58.6466570Z Receiving objects:  62% (306/492)
2025-02-06T15:33:58.6467491Z Receiving objects:  63% (310/492)
2025-02-06T15:33:58.6468300Z Receiving objects:  64% (315/492)
2025-02-06T15:33:58.6469644Z Receiving objects:  65% (320/492)
2025-02-06T15:33:58.6470698Z Receiving objects:  66% (325/492)
2025-02-06T15:33:58.6471969Z Receiving objects:  67% (330/492)
2025-02-06T15:33:58.6473030Z Receiving objects:  68% (335/492)
2025-02-06T15:33:58.6474144Z Receiving objects:  69% (340/492)
2025-02-06T15:33:58.6476169Z Receiving objects:  70% (345/492)
2025-02-06T15:33:58.6476922Z Receiving objects:  71% (350/492)
2025-02-06T15:33:58.6477496Z Receiving objects:  72% (355/492)
2025-02-06T15:33:58.6478037Z Receiving objects:  73% (360/492)
2025-02-06T15:33:58.6478917Z Receiving objects:  74% (365/492)
2025-02-06T15:33:58.6479470Z Receiving objects:  75% (369/492)
2025-02-06T15:33:58.6480182Z Receiving objects:  76% (374/492)
2025-02-06T15:33:58.6480734Z Receiving objects:  77% (379/492)
2025-02-06T15:33:58.6481514Z Receiving objects:  78% (384/492)
2025-02-06T15:33:58.6482566Z Receiving objects:  79% (389/492)
2025-02-06T15:33:58.6487939Z Receiving objects:  80% (394/492)
2025-02-06T15:33:58.6491876Z Receiving objects:  81% (399/492)
2025-02-06T15:33:58.6496908Z Receiving objects:  82% (404/492)
2025-02-06T15:33:58.6497933Z Receiving objects:  83% (409/492)
2025-02-06T15:33:58.6502425Z Receiving objects:  84% (414/492)
2025-02-06T15:33:58.6507470Z Receiving objects:  85% (419/492)
2025-02-06T15:33:58.6511712Z Receiving objects:  86% (424/492)
2025-02-06T15:33:58.6514230Z Receiving objects:  87% (429/492)
2025-02-06T15:33:58.6517663Z Receiving objects:  88% (433/492)
2025-02-06T15:33:58.6681594Z Receiving objects:  89% (438/492)
2025-02-06T15:33:59.6030759Z Receiving objects:  90% (443/492)
2025-02-06T15:33:59.7954173Z Receiving objects:  90% (445/492), 2.83 MiB | 2.79 MiB/s
2025-02-06T15:33:59.7957149Z Receiving objects:  91% (448/492), 2.83 MiB | 2.79 MiB/s
2025-02-06T15:33:59.7961542Z Receiving objects:  92% (453/492), 2.83 MiB | 2.79 MiB/s
2025-02-06T15:33:59.7967647Z Receiving objects:  93% (458/492), 2.83 MiB | 2.79 MiB/s
2025-02-06T15:33:59.7970043Z remote: Total 492 (delta 106), reused 361 (delta 56), pack-reused 0 (from 0)        
2025-02-06T15:33:59.7975410Z Receiving objects:  94% (463/492), 2.83 MiB | 2.79 MiB/s
2025-02-06T15:33:59.7980892Z Receiving objects:  95% (468/492), 2.83 MiB | 2.79 MiB/s
2025-02-06T15:33:59.7986368Z Receiving objects:  96% (473/492), 2.83 MiB | 2.79 MiB/s
2025-02-06T15:33:59.7988207Z Receiving objects:  97% (478/492), 2.83 MiB | 2.79 MiB/s
2025-02-06T15:33:59.7990270Z Receiving objects:  98% (483/492), 2.83 MiB | 2.79 MiB/s
2025-02-06T15:33:59.7992194Z Receiving objects:  99% (488/492), 2.83 MiB | 2.79 MiB/s
2025-02-06T15:33:59.7993895Z Receiving objects: 100% (492/492), 2.83 MiB | 2.79 MiB/s
2025-02-06T15:33:59.7995754Z Receiving objects: 100% (492/492), 14.32 MiB | 11.85 MiB/s, done.
2025-02-06T15:33:59.7997950Z Resolving deltas:   0% (0/106)
2025-02-06T15:33:59.7999576Z Resolving deltas:   1% (2/106)
2025-02-06T15:33:59.8001047Z Resolving deltas:   2% (3/106)
2025-02-06T15:33:59.8002571Z Resolving deltas:   3% (4/106)
2025-02-06T15:33:59.8004075Z Resolving deltas:   4% (5/106)
2025-02-06T15:33:59.8005511Z Resolving deltas:   5% (6/106)
2025-02-06T15:33:59.8006912Z Resolving deltas:   6% (7/106)
2025-02-06T15:33:59.8008263Z Resolving deltas:   7% (8/106)
2025-02-06T15:33:59.8009830Z Resolving deltas:   8% (9/106)
2025-02-06T15:33:59.8011037Z Resolving deltas:   9% (10/106)
2025-02-06T15:33:59.8012288Z Resolving deltas:  10% (11/106)
2025-02-06T15:33:59.8013982Z Resolving deltas:  11% (12/106)
2025-02-06T15:33:59.8015675Z Resolving deltas:  12% (13/106)
2025-02-06T15:33:59.8017414Z Resolving deltas:  13% (14/106)
2025-02-06T15:33:59.8019359Z Resolving deltas:  14% (15/106)
2025-02-06T15:33:59.8021326Z Resolving deltas:  15% (16/106)
2025-02-06T15:33:59.8023131Z Resolving deltas:  16% (17/106)
2025-02-06T15:33:59.8024846Z Resolving deltas:  18% (20/106)
2025-02-06T15:33:59.8026580Z Resolving deltas:  19% (21/106)
2025-02-06T15:33:59.8028310Z Resolving deltas:  20% (22/106)
2025-02-06T15:33:59.8030176Z Resolving deltas:  21% (23/106)
2025-02-06T15:33:59.8031898Z Resolving deltas:  22% (24/106)
2025-02-06T15:33:59.8033446Z Resolving deltas:  23% (25/106)
2025-02-06T15:33:59.8035468Z Resolving deltas:  24% (26/106)
2025-02-06T15:33:59.8037252Z Resolving deltas:  25% (27/106)
2025-02-06T15:33:59.8039223Z Resolving deltas:  26% (28/106)
2025-02-06T15:33:59.8040971Z Resolving deltas:  27% (29/106)
2025-02-06T15:33:59.8042729Z Resolving deltas:  28% (30/106)
2025-02-06T15:33:59.8044190Z Resolving deltas:  29% (31/106)
2025-02-06T15:33:59.8045451Z Resolving deltas:  30% (32/106)
2025-02-06T15:33:59.8046699Z Resolving deltas:  31% (33/106)
2025-02-06T15:33:59.8048018Z Resolving deltas:  33% (35/106)
2025-02-06T15:33:59.8049391Z Resolving deltas:  34% (37/106)
2025-02-06T15:33:59.8050567Z Resolving deltas:  35% (38/106)
2025-02-06T15:33:59.8051759Z Resolving deltas:  36% (39/106)
2025-02-06T15:33:59.8052976Z Resolving deltas:  37% (40/106)
2025-02-06T15:33:59.8054146Z Resolving deltas:  39% (42/106)
2025-02-06T15:33:59.8055298Z Resolving deltas:  40% (43/106)
2025-02-06T15:33:59.8056435Z Resolving deltas:  41% (44/106)
2025-02-06T15:33:59.8057596Z Resolving deltas:  42% (45/106)
2025-02-06T15:33:59.8059012Z Resolving deltas:  43% (46/106)
2025-02-06T15:33:59.8060168Z Resolving deltas:  44% (47/106)
2025-02-06T15:33:59.8061284Z Resolving deltas:  45% (48/106)
2025-02-06T15:33:59.8062395Z Resolving deltas:  46% (49/106)
2025-02-06T15:33:59.8063503Z Resolving deltas:  47% (50/106)
2025-02-06T15:33:59.8064598Z Resolving deltas:  48% (51/106)
2025-02-06T15:33:59.8065695Z Resolving deltas:  49% (52/106)
2025-02-06T15:33:59.8066782Z Resolving deltas:  50% (53/106)
2025-02-06T15:33:59.8067880Z Resolving deltas:  51% (55/106)
2025-02-06T15:33:59.8069150Z Resolving deltas:  52% (56/106)
2025-02-06T15:33:59.8070247Z Resolving deltas:  53% (57/106)
2025-02-06T15:33:59.8071362Z Resolving deltas:  54% (58/106)
2025-02-06T15:33:59.8072806Z Resolving deltas:  55% (59/106)
2025-02-06T15:33:59.8074029Z Resolving deltas:  56% (60/106)
2025-02-06T15:33:59.8075198Z Resolving deltas:  57% (61/106)
2025-02-06T15:33:59.8076301Z Resolving deltas:  58% (62/106)
2025-02-06T15:33:59.8077761Z Resolving deltas:  60% (64/106)
2025-02-06T15:33:59.8079349Z Resolving deltas:  61% (65/106)
2025-02-06T15:33:59.8080986Z Resolving deltas:  62% (66/106)
2025-02-06T15:33:59.8082127Z Resolving deltas:  63% (67/106)
2025-02-06T15:33:59.8083467Z Resolving deltas:  64% (68/106)
2025-02-06T15:33:59.8084800Z Resolving deltas:  65% (69/106)
2025-02-06T15:33:59.8085892Z Resolving deltas:  66% (70/106)
2025-02-06T15:33:59.8086981Z Resolving deltas:  67% (72/106)
2025-02-06T15:33:59.8088154Z Resolving deltas:  68% (73/106)
2025-02-06T15:33:59.8089415Z Resolving deltas:  69% (74/106)
2025-02-06T15:33:59.8090515Z Resolving deltas:  70% (75/106)
2025-02-06T15:33:59.8091605Z Resolving deltas:  71% (76/106)
2025-02-06T15:33:59.8092707Z Resolving deltas:  72% (77/106)
2025-02-06T15:33:59.8093796Z Resolving deltas:  73% (78/106)
2025-02-06T15:33:59.8094881Z Resolving deltas:  75% (80/106)
2025-02-06T15:33:59.8096016Z Resolving deltas:  76% (81/106)
2025-02-06T15:33:59.8097114Z Resolving deltas:  77% (82/106)
2025-02-06T15:33:59.8098240Z Resolving deltas:  78% (83/106)
2025-02-06T15:33:59.8099534Z Resolving deltas:  79% (84/106)
2025-02-06T15:33:59.8100641Z Resolving deltas:  80% (85/106)
2025-02-06T15:33:59.8101739Z Resolving deltas:  81% (86/106)
2025-02-06T15:33:59.8102915Z Resolving deltas:  82% (87/106)
2025-02-06T15:33:59.8104027Z Resolving deltas:  83% (88/106)
2025-02-06T15:33:59.8105124Z Resolving deltas:  85% (91/106)
2025-02-06T15:33:59.8106227Z Resolving deltas:  86% (92/106)
2025-02-06T15:33:59.8107336Z Resolving deltas:  87% (93/106)
2025-02-06T15:33:59.8108428Z Resolving deltas:  88% (94/106)
2025-02-06T15:33:59.8109719Z Resolving deltas:  89% (95/106)
2025-02-06T15:33:59.8110832Z Resolving deltas:  90% (96/106)
2025-02-06T15:33:59.8111904Z Resolving deltas:  91% (97/106)
2025-02-06T15:33:59.8112961Z Resolving deltas:  92% (98/106)
2025-02-06T15:33:59.8114019Z Resolving deltas:  93% (99/106)
2025-02-06T15:33:59.8115064Z Resolving deltas:  94% (100/106)
2025-02-06T15:33:59.8116135Z Resolving deltas:  95% (101/106)
2025-02-06T15:33:59.8117210Z Resolving deltas:  96% (102/106)
2025-02-06T15:33:59.8118762Z Resolving deltas:  97% (103/106)
2025-02-06T15:33:59.8119903Z Resolving deltas:  98% (104/106)
2025-02-06T15:33:59.8120980Z Resolving deltas:  99% (105/106)
2025-02-06T15:33:59.8122042Z Resolving deltas: 100% (106/106)
2025-02-06T15:33:59.8123120Z Resolving deltas: 100% (106/106), done.
2025-02-06T15:33:59.8297555Z From https://github.com/exelban/stats
2025-02-06T15:33:59.8299458Z  * [new ref]         f9b522aeb398bfe0eec0ac0e26a8e18dc70b94c9 -> origin/master
2025-02-06T15:33:59.8326480Z ##[endgroup]
2025-02-06T15:33:59.8328122Z ##[group]Determining the checkout info
2025-02-06T15:33:59.8330078Z ##[endgroup]
2025-02-06T15:33:59.8331630Z ##[group]Checking out the ref
2025-02-06T15:33:59.8333342Z [command]/usr/bin/git checkout --progress --force -B master refs/remotes/origin/master
2025-02-06T15:33:59.9617140Z Reset branch 'master'
2025-02-06T15:33:59.9619525Z branch 'master' set up to track 'origin/master'.
2025-02-06T15:33:59.9633624Z ##[endgroup]
2025-02-06T15:33:59.9670013Z [command]/usr/bin/git log -1 --format='%H'
2025-02-06T15:33:59.9691419Z 'f9b522aeb398bfe0eec0ac0e26a8e18dc70b94c9'
2025-02-06T15:33:59.9935038Z ##[group]Run actions/setup-python@v2
2025-02-06T15:33:59.9936138Z with:
2025-02-06T15:33:59.9936896Z   python-version: 3.x
2025-02-06T15:33:59.9938028Z   token: ***
2025-02-06T15:33:59.9938939Z ##[endgroup]
2025-02-06T15:34:00.1064555Z Successfully setup CPython (3.13.1)
2025-02-06T15:34:00.1201373Z ##[group]Run python3 Kit/scripts/i18n.py
2025-02-06T15:34:00.1202508Z [36;1mpython3 Kit/scripts/i18n.py[0m
2025-02-06T15:34:00.1238255Z shell: /usr/bin/bash -e {0}
2025-02-06T15:34:00.1239402Z env:
2025-02-06T15:34:00.1240325Z   pythonLocation: /opt/hostedtoolcache/Python/3.13.1/x64
2025-02-06T15:34:00.1241679Z   LD_LIBRARY_PATH: /opt/hostedtoolcache/Python/3.13.1/x64/lib
2025-02-06T15:34:00.1242809Z ##[endgroup]
2025-02-06T15:34:00.1689257Z running check command...
2025-02-06T15:34:00.1690941Z missing key `Save` in `pl` on line `98`
2025-02-06T15:34:00.1728291Z ##[error]Process completed with exit code 1.
2025-02-06T15:34:00.1875718Z Post job cleanup.
2025-02-06T15:34:00.2595212Z [command]/usr/bin/git version
2025-02-06T15:34:00.2628292Z git version 2.48.1
2025-02-06T15:34:00.2669766Z Temporarily overriding HOME='/home/runner/work/_temp/6db69bc9-2008-4407-a9c4-f5901dbe6f30' before making global git config changes
2025-02-06T15:34:00.2672468Z Adding repository directory to the temporary git global config as a safe directory
2025-02-06T15:34:00.2674529Z [command]/usr/bin/git config --global --add safe.directory /home/runner/work/stats/stats
2025-02-06T15:34:00.2705091Z [command]/usr/bin/git config --local --name-only --get-regexp core\.sshCommand
2025-02-06T15:34:00.2733977Z [command]/usr/bin/git submodule foreach --recursive sh -c "git config --local --name-only --get-regexp 'core\.sshCommand' && git config --local --unset-all 'core.sshCommand' || :"
2025-02-06T15:34:00.2966177Z [command]/usr/bin/git config --local --name-only --get-regexp http\.https\:\/\/github\.com\/\.extraheader
2025-02-06T15:34:00.2985466Z http.https://github.com/.extraheader
2025-02-06T15:34:00.2996872Z [command]/usr/bin/git config --local --unset-all http.https://github.com/.extraheader
2025-02-06T15:34:00.3025780Z [command]/usr/bin/git submodule foreach --recursive sh -c "git config --local --name-only --get-regexp 'http\.https\:\/\/github\.com\/\.extraheader' && git config --local --unset-all 'http.https://github.com/.extraheader' || :"
2025-02-06T15:34:00.3352567Z Cleaning up orphan processes
