2025-04-11T20:08:16.8348290Z Requested labels: ubuntu-latest
2025-04-11T20:08:16.8348643Z Job defined at: ionic-team/ionic-framework/.github/workflows/build.yml@refs/heads/gh-readonly-queue/main/pr-30351-e1a451214ddc2069cb3ee69a977779f2307cc5b2
2025-04-11T20:08:16.8348772Z Waiting for a runner to pick up this job...
2025-04-11T20:08:17.9016205Z Job is waiting for a hosted runner to come online.
2025-04-11T20:08:20.8584883Z Job is about to start running on the hosted runner: GitHub Actions 293 (hosted)
2025-04-11T20:08:22.6860245Z Current runner version: '2.323.0'
2025-04-11T20:08:22.6887975Z ##[group]Operating System
2025-04-11T20:08:22.6888800Z Ubuntu
2025-04-11T20:08:22.6889248Z 24.04.2
2025-04-11T20:08:22.6889862Z LTS
2025-04-11T20:08:22.6890363Z ##[endgroup]
2025-04-11T20:08:22.6890995Z ##[group]Runner Image
2025-04-11T20:08:22.6891602Z Image: ubuntu-24.04
2025-04-11T20:08:22.6892168Z Version: 20250406.1.0
2025-04-11T20:08:22.6893214Z Included Software: https://github.com/actions/runner-images/blob/ubuntu24/20250406.1/images/ubuntu/Ubuntu2404-Readme.md
2025-04-11T20:08:22.6894826Z Image Release: https://github.com/actions/runner-images/releases/tag/ubuntu24%2F20250406.1
2025-04-11T20:08:22.6895912Z ##[endgroup]
2025-04-11T20:08:22.6896537Z ##[group]Runner Image Provisioner
2025-04-11T20:08:22.6897161Z 2.0.422.1
2025-04-11T20:08:22.6897640Z ##[endgroup]
2025-04-11T20:08:22.6900038Z ##[group]GITHUB_TOKEN Permissions
2025-04-11T20:08:22.6902280Z Actions: write
2025-04-11T20:08:22.6903156Z Attestations: write
2025-04-11T20:08:22.6903775Z Checks: write
2025-04-11T20:08:22.6904370Z Contents: write
2025-04-11T20:08:22.6905222Z Deployments: write
2025-04-11T20:08:22.6905810Z Discussions: write
2025-04-11T20:08:22.6906317Z Issues: write
2025-04-11T20:08:22.6906855Z Metadata: read
2025-04-11T20:08:22.6907408Z Models: read
2025-04-11T20:08:22.6907965Z Packages: write
2025-04-11T20:08:22.6908501Z Pages: write
2025-04-11T20:08:22.6909033Z PullRequests: write
2025-04-11T20:08:22.6909638Z RepositoryProjects: write
2025-04-11T20:08:22.6910233Z SecurityEvents: write
2025-04-11T20:08:22.6910862Z Statuses: write
2025-04-11T20:08:22.6911384Z ##[endgroup]
2025-04-11T20:08:22.6914932Z Secret source: Actions
2025-04-11T20:08:22.6916184Z Prepare workflow directory
2025-04-11T20:08:22.7240375Z Prepare all required actions
2025-04-11T20:08:22.7278067Z Getting action download info
2025-04-11T20:08:22.9047516Z ##[group]Download immutable action package 'actions/checkout@v4'
2025-04-11T20:08:22.9048613Z Version: 4.2.2
2025-04-11T20:08:22.9049830Z Digest: sha256:ccb2698953eaebd21c7bf6268a94f9c26518a7e38e27e0b83c1fe1ad049819b1
2025-04-11T20:08:22.9051097Z Source commit SHA: 11bd71901bbe5b1630ceea73d27597364c9af683
2025-04-11T20:08:22.9051967Z ##[endgroup]
2025-04-11T20:08:23.0734408Z Complete job name: test-core-screenshot (8, 20)
2025-04-11T20:08:23.1520874Z ##[group]Run actions/checkout@v4
2025-04-11T20:08:23.1521784Z with:
2025-04-11T20:08:23.1522261Z   repository: ionic-team/ionic-framework
2025-04-11T20:08:23.1523043Z   token: ***
2025-04-11T20:08:23.1523481Z   ssh-strict: true
2025-04-11T20:08:23.1523942Z   ssh-user: git
2025-04-11T20:08:23.1524397Z   persist-credentials: true
2025-04-11T20:08:23.1525080Z   clean: true
2025-04-11T20:08:23.1525568Z   sparse-checkout-cone-mode: true
2025-04-11T20:08:23.1526111Z   fetch-depth: 1
2025-04-11T20:08:23.1526557Z   fetch-tags: false
2025-04-11T20:08:23.1527023Z   show-progress: true
2025-04-11T20:08:23.1527520Z   lfs: false
2025-04-11T20:08:23.1527939Z   submodules: false
2025-04-11T20:08:23.1528410Z   set-safe-directory: true
2025-04-11T20:08:23.1529309Z ##[endgroup]
2025-04-11T20:08:23.3504551Z Syncing repository: ionic-team/ionic-framework
2025-04-11T20:08:23.3506971Z ##[group]Getting Git version info
2025-04-11T20:08:23.3507922Z Working directory is '/home/runner/work/ionic-framework/ionic-framework'
2025-04-11T20:08:23.3509096Z [command]/usr/bin/git version
2025-04-11T20:08:23.3563036Z git version 2.49.0
2025-04-11T20:08:23.3594049Z ##[endgroup]
2025-04-11T20:08:23.3621266Z Temporarily overriding HOME='/home/runner/work/_temp/1290abf9-678c-4ace-ab47-a04b6bdb45aa' before making global git config changes
2025-04-11T20:08:23.3624044Z Adding repository directory to the temporary git global config as a safe directory
2025-04-11T20:08:23.3628831Z [command]/usr/bin/git config --global --add safe.directory /home/runner/work/ionic-framework/ionic-framework
2025-04-11T20:08:23.3669503Z Deleting the contents of '/home/runner/work/ionic-framework/ionic-framework'
2025-04-11T20:08:23.3674014Z ##[group]Initializing the repository
2025-04-11T20:08:23.3679816Z [command]/usr/bin/git init /home/runner/work/ionic-framework/ionic-framework
2025-04-11T20:08:23.3777799Z hint: Using 'master' as the name for the initial branch. This default branch name
2025-04-11T20:08:23.3779011Z hint: is subject to change. To configure the initial branch name to use in all
2025-04-11T20:08:23.3780373Z hint: of your new repositories, which will suppress this warning, call:
2025-04-11T20:08:23.3781489Z hint:
2025-04-11T20:08:23.3782057Z hint: 	git config --global init.defaultBranch <name>
2025-04-11T20:08:23.3783219Z hint:
2025-04-11T20:08:23.3784375Z hint: Names commonly chosen instead of 'master' are 'main', 'trunk' and
2025-04-11T20:08:23.3786489Z hint: 'development'. The just-created branch can be renamed via this command:
2025-04-11T20:08:23.3787971Z hint:
2025-04-11T20:08:23.3788788Z hint: 	git branch -m <name>
2025-04-11T20:08:23.3790410Z Initialized empty Git repository in /home/runner/work/ionic-framework/ionic-framework/.git/
2025-04-11T20:08:23.3797661Z [command]/usr/bin/git remote add origin https://github.com/ionic-team/ionic-framework
2025-04-11T20:08:23.3838042Z ##[endgroup]
2025-04-11T20:08:23.3844032Z ##[group]Disabling automatic garbage collection
2025-04-11T20:08:23.3845638Z [command]/usr/bin/git config --local gc.auto 0
2025-04-11T20:08:23.3878274Z ##[endgroup]
2025-04-11T20:08:23.3879801Z ##[group]Setting up auth
2025-04-11T20:08:23.3887060Z [command]/usr/bin/git config --local --name-only --get-regexp core\.sshCommand
2025-04-11T20:08:23.3922782Z [command]/usr/bin/git submodule foreach --recursive sh -c "git config --local --name-only --get-regexp 'core\.sshCommand' && git config --local --unset-all 'core.sshCommand' || :"
2025-04-11T20:08:23.4246831Z [command]/usr/bin/git config --local --name-only --get-regexp http\.https\:\/\/github\.com\/\.extraheader
2025-04-11T20:08:23.4277343Z [command]/usr/bin/git submodule foreach --recursive sh -c "git config --local --name-only --get-regexp 'http\.https\:\/\/github\.com\/\.extraheader' && git config --local --unset-all 'http.https://github.com/.extraheader' || :"
2025-04-11T20:08:23.4518271Z [command]/usr/bin/git config --local http.https://github.com/.extraheader AUTHORIZATION: basic ***
2025-04-11T20:08:23.4568015Z ##[endgroup]
2025-04-11T20:08:23.4577602Z ##[group]Fetching the repository
2025-04-11T20:08:23.4581212Z [command]/usr/bin/git -c protocol.version=2 fetch --no-tags --prune --no-recurse-submodules --depth=1 origin +44efdb06e065711a0a970457712780a8365b084b:refs/remotes/origin/gh-readonly-queue/main/pr-30351-e1a451214ddc2069cb3ee69a977779f2307cc5b2
2025-04-11T20:08:25.4477605Z From https://github.com/ionic-team/ionic-framework
2025-04-11T20:08:25.4480091Z  * [new ref]         44efdb06e065711a0a970457712780a8365b084b -> origin/gh-readonly-queue/main/pr-30351-e1a451214ddc2069cb3ee69a977779f2307cc5b2
2025-04-11T20:08:25.4528391Z ##[endgroup]
2025-04-11T20:08:25.4529346Z ##[group]Determining the checkout info
2025-04-11T20:08:25.4530428Z ##[endgroup]
2025-04-11T20:08:25.4536601Z [command]/usr/bin/git sparse-checkout disable
2025-04-11T20:08:25.4580982Z [command]/usr/bin/git config --local --unset-all extensions.worktreeConfig
2025-04-11T20:08:25.4613873Z ##[group]Checking out the ref
2025-04-11T20:08:25.4619956Z [command]/usr/bin/git checkout --progress --force -B gh-readonly-queue/main/pr-30351-e1a451214ddc2069cb3ee69a977779f2307cc5b2 refs/remotes/origin/gh-readonly-queue/main/pr-30351-e1a451214ddc2069cb3ee69a977779f2307cc5b2
2025-04-11T20:08:26.2314022Z Switched to a new branch 'gh-readonly-queue/main/pr-30351-e1a451214ddc2069cb3ee69a977779f2307cc5b2'
2025-04-11T20:08:26.2315506Z branch 'gh-readonly-queue/main/pr-30351-e1a451214ddc2069cb3ee69a977779f2307cc5b2' set up to track 'origin/gh-readonly-queue/main/pr-30351-e1a451214ddc2069cb3ee69a977779f2307cc5b2'.
2025-04-11T20:08:26.2350467Z ##[endgroup]
2025-04-11T20:08:26.2391213Z [command]/usr/bin/git log -1 --format=%H
2025-04-11T20:08:26.2414252Z 44efdb06e065711a0a970457712780a8365b084b
2025-04-11T20:08:26.2723891Z Prepare all required actions
2025-04-11T20:08:26.2724833Z Getting action download info
2025-04-11T20:08:26.4353390Z ##[group]Download immutable action package 'actions/setup-node@v4'
2025-04-11T20:08:26.4354139Z Version: 4.3.0
2025-04-11T20:08:26.4355015Z Digest: sha256:9f9f8171ffc89cb7f6897e615e2b43b46bb55176fd279129eb0088157eace9b2
2025-04-11T20:08:26.4355907Z Source commit SHA: cdca7365b2dadb8aad0a33bc7601856ffabcc48e
2025-04-11T20:08:26.4356492Z ##[endgroup]
2025-04-11T20:08:26.5269969Z ##[group]Download immutable action package 'actions/upload-artifact@v4'
2025-04-11T20:08:26.5270392Z Version: 4.6.2
2025-04-11T20:08:26.5270736Z Digest: sha256:290722aa3281d5caf23d0acdc3dbeb3424786a1a01a9cc97e72f147225e37c38
2025-04-11T20:08:26.5271194Z Source commit SHA: ea165f8d65b6e75b540449e92b4886f43607fa02
2025-04-11T20:08:26.5271514Z ##[endgroup]
2025-04-11T20:08:26.6695297Z ##[group]Run ./.github/workflows/actions/test-core-screenshot
2025-04-11T20:08:26.6695666Z with:
2025-04-11T20:08:26.6695888Z   shard: 8
2025-04-11T20:08:26.6696106Z   totalShards: 20
2025-04-11T20:08:26.6696342Z ##[endgroup]
2025-04-11T20:08:26.6811821Z ##[group]Run actions/setup-node@v4
2025-04-11T20:08:26.6812096Z with:
2025-04-11T20:08:26.6812287Z   node-version: 22.x
2025-04-11T20:08:26.6812499Z   always-auth: false
2025-04-11T20:08:26.6812697Z   check-latest: false
2025-04-11T20:08:26.6813021Z   token: ***
2025-04-11T20:08:26.6813212Z ##[endgroup]
2025-04-11T20:08:26.8524831Z Found in cache @ /opt/hostedtoolcache/node/22.14.0/x64
2025-04-11T20:08:26.8531011Z ##[group]Environment details
2025-04-11T20:08:27.1778795Z node: v22.14.0
2025-04-11T20:08:27.1779200Z npm: 10.9.2
2025-04-11T20:08:27.1779561Z yarn: 1.22.22
2025-04-11T20:08:27.1780316Z ##[endgroup]
2025-04-11T20:08:27.1873289Z Prepare all required actions
2025-04-11T20:08:27.1873620Z Getting action download info
2025-04-11T20:08:27.3667577Z ##[group]Download immutable action package 'actions/download-artifact@v4'
2025-04-11T20:08:27.3668018Z Version: 4.2.1
2025-04-11T20:08:27.3668402Z Digest: sha256:dc468d5aa7f2038c97563f0fd51a6d40150fe504eef54e24f5ac75983c6666de
2025-04-11T20:08:27.3668915Z Source commit SHA: 95815c38cf2ff2164869cbab79da8d1f422bc89e
2025-04-11T20:08:27.3669250Z ##[endgroup]
2025-04-11T20:08:27.5852755Z ##[group]Run ./.github/workflows/actions/download-archive
2025-04-11T20:08:27.5853072Z with:
2025-04-11T20:08:27.5853261Z   name: ionic-core
2025-04-11T20:08:27.5853464Z   path: ./core
2025-04-11T20:08:27.5853668Z   filename: CoreBuild.zip
2025-04-11T20:08:27.5853887Z ##[endgroup]
2025-04-11T20:08:27.5892667Z ##[group]Run actions/download-artifact@v4
2025-04-11T20:08:27.5892943Z with:
2025-04-11T20:08:27.5893133Z   name: ionic-core
2025-04-11T20:08:27.5893336Z   path: ./core
2025-04-11T20:08:27.5893539Z   merge-multiple: false
2025-04-11T20:08:27.5893773Z   repository: ionic-team/ionic-framework
2025-04-11T20:08:27.5894039Z   run-id: 14411172535
2025-04-11T20:08:27.5894245Z ##[endgroup]
2025-04-11T20:08:27.7875099Z Downloading single artifact
2025-04-11T20:08:27.9155888Z Preparing to download the following artifacts:
2025-04-11T20:08:27.9157297Z - ionic-core (ID: 2930260869, Size: 5156666, Expected Digest: sha256:5a13dc3a3dc3d7b364f3860b2c5d840c5f08adf925659982e7fc1dbc97afaaa3)
2025-04-11T20:08:28.0107731Z Redirecting to blob download url: https://productionresultssa5.blob.core.windows.net/actions-results/602b289c-b4f8-41fe-925f-4523d4961413/workflow-job-run-60360e90-de33-5e95-9d3a-c6e4b95a6c9b/artifacts/8b195ff755a0fb0e432f914b9dafce014f6a2ae37c056d7e9cf4114538aaf978.zip
2025-04-11T20:08:28.0110585Z Starting download of artifact to: /home/runner/work/ionic-framework/ionic-framework/core
2025-04-11T20:08:28.1857361Z (node:1870) [DEP0005] DeprecationWarning: Buffer() is deprecated due to security and usability issues. Please use the Buffer.alloc(), Buffer.allocUnsafe(), or Buffer.from() methods instead.
2025-04-11T20:08:28.1860531Z (Use `node --trace-deprecation ...` to show where the warning was created)
2025-04-11T20:08:28.5031939Z SHA256 digest of downloaded artifact is 5a13dc3a3dc3d7b364f3860b2c5d840c5f08adf925659982e7fc1dbc97afaaa3
2025-04-11T20:08:28.5033201Z Artifact download completed successfully.
2025-04-11T20:08:28.5033809Z Total of 1 artifact(s) downloaded
2025-04-11T20:08:28.5041262Z Download artifact has finished successfully
2025-04-11T20:08:28.5185111Z ##[group]Run unzip -q -o ./core/CoreBuild.zip
2025-04-11T20:08:28.5185533Z [36;1munzip -q -o ./core/CoreBuild.zip[0m
2025-04-11T20:08:28.5234059Z shell: /usr/bin/bash --noprofile --norc -e -o pipefail {0}
2025-04-11T20:08:28.5234411Z ##[endgroup]
2025-04-11T20:08:28.8174310Z ##[group]Run npm install
2025-04-11T20:08:28.8174564Z [36;1mnpm install[0m
2025-04-11T20:08:28.8220449Z shell: /usr/bin/bash --noprofile --norc -e -o pipefail {0}
2025-04-11T20:08:28.8220788Z ##[endgroup]
2025-04-11T20:08:31.7947011Z npm warn deprecated ini@1.3.5: Please update to ini >=1.3.6 to avoid a prototype pollution issue
2025-04-11T20:08:33.1505185Z npm warn deprecated @stylelint/postcss-markdown@0.36.2: Use the original unforked package instead: postcss-markdown
2025-04-11T20:08:37.1268520Z 
2025-04-11T20:08:37.1269439Z added 843 packages, and audited 845 packages in 8s
2025-04-11T20:08:37.1269896Z 
2025-04-11T20:08:37.1270210Z 161 packages are looking for funding
2025-04-11T20:08:37.1270706Z   run `npm fund` for details
2025-04-11T20:08:37.1394022Z 
2025-04-11T20:08:37.1395039Z 16 vulnerabilities (5 moderate, 10 high, 1 critical)
2025-04-11T20:08:37.1395500Z 
2025-04-11T20:08:37.1395719Z To address all issues, run:
2025-04-11T20:08:37.1396145Z   npm audit fix
2025-04-11T20:08:37.1396375Z 
2025-04-11T20:08:37.1396583Z Run `npm audit` for details.
2025-04-11T20:08:37.2014522Z ##[group]Run npm run test.e2e.docker.ci  -- --shard=8/20
2025-04-11T20:08:37.2015227Z [36;1mnpm run test.e2e.docker.ci  -- --shard=8/20[0m
2025-04-11T20:08:37.2064120Z shell: /usr/bin/bash --noprofile --norc -e -o pipefail {0}
2025-04-11T20:08:37.2064461Z ##[endgroup]
2025-04-11T20:08:37.3086512Z 
2025-04-11T20:08:37.3087313Z > @ionic/core@8.5.4 test.e2e.docker.ci
2025-04-11T20:08:37.3088312Z > npm run docker.build && CI=true node ./scripts/docker.mjs --shard=8/20
2025-04-11T20:08:37.3088877Z 
2025-04-11T20:08:37.4076454Z 
2025-04-11T20:08:37.4077102Z > @ionic/core@8.5.4 docker.build
2025-04-11T20:08:37.4077827Z > docker build -t ionic-playwright .
2025-04-11T20:08:37.4078192Z 
2025-04-11T20:08:37.9775730Z #0 building with "default" instance using docker driver
2025-04-11T20:08:37.9776199Z 
2025-04-11T20:08:37.9776483Z #1 [internal] load build definition from Dockerfile
2025-04-11T20:08:37.9777036Z #1 transferring dockerfile: 140B done
2025-04-11T20:08:37.9777360Z #1 DONE 0.0s
2025-04-11T20:08:37.9777516Z 
2025-04-11T20:08:37.9777953Z #2 [internal] load metadata for mcr.microsoft.com/playwright:v1.51.1
2025-04-11T20:08:38.0273114Z #2 DONE 0.2s
2025-04-11T20:08:38.1469956Z 
2025-04-11T20:08:38.1470586Z #3 [internal] load .dockerignore
2025-04-11T20:08:38.1471356Z #3 transferring context: 2B done
2025-04-11T20:08:38.1471905Z #3 DONE 0.0s
2025-04-11T20:08:38.1472186Z 
2025-04-11T20:08:38.1473255Z #4 [1/2] FROM mcr.microsoft.com/playwright:v1.51.1@sha256:146d046a8d79a1b3a87596c4457b0b1c47f811bf4fc2cc1b99e873ae7f1cbbbd
2025-04-11T20:08:38.1475390Z #4 resolve mcr.microsoft.com/playwright:v1.51.1@sha256:146d046a8d79a1b3a87596c4457b0b1c47f811bf4fc2cc1b99e873ae7f1cbbbd done
2025-04-11T20:08:38.1477124Z #4 sha256:07625bb0f130786b63a5f8d0a01ae8366633f044fdd1d322f4e17d891e40eb38 4.35kB / 4.35kB done
2025-04-11T20:08:38.1503596Z #4 sha256:107a4fb0af3829758fca8bb809bb86ccb87dd630e4d61110103466886f7b0746 6.29MB / 30.62MB 0.1s
2025-04-11T20:08:38.1505068Z #4 sha256:8c401718c9840101a765a463ac914fdc601eac9168514e5b99d9790d3e9314d9 5.24MB / 103.79MB 0.1s
2025-04-11T20:08:38.1506409Z #4 sha256:39224aba52ceadd68846f4be54e0a32c959024f2bc3273ccf55759f25fc23fc9 1.94MB / 1.94MB 0.1s done
2025-04-11T20:08:38.1507725Z #4 sha256:08d1cdd3adadca7e4ef993b1b833978ce34bb0fe025ef2e00cea37c7fdb746d8 0B / 759.82MB 0.1s
2025-04-11T20:08:38.1509566Z #4 sha256:146d046a8d79a1b3a87596c4457b0b1c47f811bf4fc2cc1b99e873ae7f1cbbbd 743B / 743B done
2025-04-11T20:08:38.1511121Z #4 sha256:daa1690ea366d2d6b52ea085a59a221a6e954cd9d9c13c89bd7eccb0673e8961 1.17kB / 1.17kB done
2025-04-11T20:08:38.3469276Z #4 sha256:107a4fb0af3829758fca8bb809bb86ccb87dd630e4d61110103466886f7b0746 30.62MB / 30.62MB 0.3s done
2025-04-11T20:08:38.3472137Z #4 sha256:8c401718c9840101a765a463ac914fdc601eac9168514e5b99d9790d3e9314d9 50.33MB / 103.79MB 0.3s
2025-04-11T20:08:38.4471176Z #4 sha256:8c401718c9840101a765a463ac914fdc601eac9168514e5b99d9790d3e9314d9 67.11MB / 103.79MB 0.4s
2025-04-11T20:08:38.4474103Z #4 sha256:08d1cdd3adadca7e4ef993b1b833978ce34bb0fe025ef2e00cea37c7fdb746d8 52.43MB / 759.82MB 0.4s
2025-04-11T20:08:38.4475605Z #4 extracting sha256:107a4fb0af3829758fca8bb809bb86ccb87dd630e4d61110103466886f7b0746
2025-04-11T20:08:38.5471208Z #4 sha256:8c401718c9840101a765a463ac914fdc601eac9168514e5b99d9790d3e9314d9 91.23MB / 103.79MB 0.5s
2025-04-11T20:08:38.6942236Z #4 sha256:8c401718c9840101a765a463ac914fdc601eac9168514e5b99d9790d3e9314d9 103.79MB / 103.79MB 0.6s
2025-04-11T20:08:38.7955290Z #4 sha256:8c401718c9840101a765a463ac914fdc601eac9168514e5b99d9790d3e9314d9 103.79MB / 103.79MB 0.6s done
2025-04-11T20:08:38.7956210Z #4 sha256:08d1cdd3adadca7e4ef993b1b833978ce34bb0fe025ef2e00cea37c7fdb746d8 100.66MB / 759.82MB 0.7s
2025-04-11T20:08:39.1272257Z #4 sha256:08d1cdd3adadca7e4ef993b1b833978ce34bb0fe025ef2e00cea37c7fdb746d8 152.32MB / 759.82MB 1.0s
2025-04-11T20:08:39.2471737Z #4 sha256:08d1cdd3adadca7e4ef993b1b833978ce34bb0fe025ef2e00cea37c7fdb746d8 191.89MB / 759.82MB 1.2s
2025-04-11T20:08:39.3665405Z #4 extracting sha256:107a4fb0af3829758fca8bb809bb86ccb87dd630e4d61110103466886f7b0746 1.0s done
2025-04-11T20:08:39.4835684Z #4 sha256:08d1cdd3adadca7e4ef993b1b833978ce34bb0fe025ef2e00cea37c7fdb746d8 236.98MB / 759.82MB 1.4s
2025-04-11T20:08:39.4837084Z #4 extracting sha256:8c401718c9840101a765a463ac914fdc601eac9168514e5b99d9790d3e9314d9
2025-04-11T20:08:39.6469389Z #4 sha256:08d1cdd3adadca7e4ef993b1b833978ce34bb0fe025ef2e00cea37c7fdb746d8 281.02MB / 759.82MB 1.6s
2025-04-11T20:08:39.8480491Z #4 sha256:08d1cdd3adadca7e4ef993b1b833978ce34bb0fe025ef2e00cea37c7fdb746d8 329.25MB / 759.82MB 1.8s
2025-04-11T20:08:40.0570213Z #4 sha256:08d1cdd3adadca7e4ef993b1b833978ce34bb0fe025ef2e00cea37c7fdb746d8 369.10MB / 759.82MB 2.0s
2025-04-11T20:08:40.2607113Z #4 sha256:08d1cdd3adadca7e4ef993b1b833978ce34bb0fe025ef2e00cea37c7fdb746d8 416.28MB / 759.82MB 2.2s
2025-04-11T20:08:40.5656929Z #4 sha256:08d1cdd3adadca7e4ef993b1b833978ce34bb0fe025ef2e00cea37c7fdb746d8 473.96MB / 759.82MB 2.5s
2025-04-11T20:08:40.7766208Z #4 sha256:08d1cdd3adadca7e4ef993b1b833978ce34bb0fe025ef2e00cea37c7fdb746d8 515.45MB / 759.82MB 2.7s
2025-04-11T20:08:41.1418333Z #4 sha256:08d1cdd3adadca7e4ef993b1b833978ce34bb0fe025ef2e00cea37c7fdb746d8 558.89MB / 759.82MB 3.0s
2025-04-11T20:08:41.2468967Z #4 sha256:08d1cdd3adadca7e4ef993b1b833978ce34bb0fe025ef2e00cea37c7fdb746d8 610.27MB / 759.82MB 3.2s
2025-04-11T20:08:41.5468006Z #4 sha256:08d1cdd3adadca7e4ef993b1b833978ce34bb0fe025ef2e00cea37c7fdb746d8 658.51MB / 759.82MB 3.5s
2025-04-11T20:08:41.8468402Z #4 sha256:08d1cdd3adadca7e4ef993b1b833978ce34bb0fe025ef2e00cea37c7fdb746d8 709.89MB / 759.82MB 3.8s
2025-04-11T20:08:42.1406656Z #4 sha256:08d1cdd3adadca7e4ef993b1b833978ce34bb0fe025ef2e00cea37c7fdb746d8 750.65MB / 759.82MB 4.0s
2025-04-11T20:08:43.8972367Z #4 sha256:08d1cdd3adadca7e4ef993b1b833978ce34bb0fe025ef2e00cea37c7fdb746d8 759.82MB / 759.82MB 5.7s done
2025-04-11T20:08:44.1534985Z #4 extracting sha256:8c401718c9840101a765a463ac914fdc601eac9168514e5b99d9790d3e9314d9 4.5s done
2025-04-11T20:08:45.9154967Z #4 extracting sha256:39224aba52ceadd68846f4be54e0a32c959024f2bc3273ccf55759f25fc23fc9
2025-04-11T20:08:46.0893947Z #4 extracting sha256:39224aba52ceadd68846f4be54e0a32c959024f2bc3273ccf55759f25fc23fc9 0.0s done
2025-04-11T20:08:46.0896960Z #4 extracting sha256:08d1cdd3adadca7e4ef993b1b833978ce34bb0fe025ef2e00cea37c7fdb746d8 0.1s
2025-04-11T20:08:51.1640949Z #4 extracting sha256:08d1cdd3adadca7e4ef993b1b833978ce34bb0fe025ef2e00cea37c7fdb746d8 5.2s
2025-04-11T20:08:56.2069619Z #4 extracting sha256:08d1cdd3adadca7e4ef993b1b833978ce34bb0fe025ef2e00cea37c7fdb746d8 10.2s
2025-04-11T20:08:58.5642509Z #4 extracting sha256:08d1cdd3adadca7e4ef993b1b833978ce34bb0fe025ef2e00cea37c7fdb746d8 12.4s done
2025-04-11T20:09:01.9356697Z #4 DONE 23.9s
2025-04-11T20:09:02.0965094Z 
2025-04-11T20:09:02.0965655Z #5 [2/2] WORKDIR /ionic
2025-04-11T20:09:02.0966086Z #5 DONE 0.0s
2025-04-11T20:09:02.0966289Z 
2025-04-11T20:09:02.0966467Z #6 exporting to image
2025-04-11T20:09:02.0966853Z #6 exporting layers
2025-04-11T20:09:03.2945376Z #6 exporting layers 1.3s done
2025-04-11T20:09:03.3185927Z #6 writing image sha256:948ed563e85841360067d573b3a9beb32c9b3a6db765279747da0883dc5b8a19 done
2025-04-11T20:09:03.3187007Z #6 naming to docker.io/library/ionic-playwright done
2025-04-11T20:09:03.3187383Z #6 DONE 1.4s
2025-04-11T20:09:03.7204206Z 
2025-04-11T20:09:03.7205402Z > @ionic/core@8.5.4 test.e2e
2025-04-11T20:09:03.7206082Z > npx playwright test --shard=8/20
2025-04-11T20:09:03.7206459Z 
2025-04-11T20:09:05.3208918Z [WebServer] [35mINFO: Accepting connections at http://localhost:3333.[39m
2025-04-11T20:09:08.9402465Z 
2025-04-11T20:09:08.9403067Z Running 479 tests using 1 worker, shard 8 of 20
2025-04-11T20:09:46.8127754Z Â·Â·Â·Â·Â·Â·Â·Â·Â·Â·Â·Â·Â·Â·Â·Â·Â·Â·Â·Â·Â·Â·Â·Â·Â·Â·Â·Â·Â·Â·Â·Â·Â·Â·Â·Â·Â·Â·Â·Â·Â·Â·Â·Â·Â·Â·Â·Â·Â·Â·Â·Â·Â·Â·Â·Â·Â·Â·Â·Â·Â·Â·Â·Â·Â·Â·Â·Â·Â·Â·Â·Â·Â·Â·Â·Â·Â·Â·Â·Â·
2025-04-11T20:10:10.3915067Z Â·Â·Â·Â·Â·Â·Â·Â·Â·Â·Â·Â·Â·Â·Â·Â·Â·Â·Â·Â·Â·Â·Â·Â·Â·Â·Â·Â·Â·Â·Â·Â·Â·Â·Â·Â·Â·Â·Â·Â·Â·Â·Â·Â·Â·Â·Â·Â·Â·Â·Â·Â·Â·Â·Â·Â·Â·Â·Â·Â·Â·Â·Â·Â·Â·Â·Â·Â·Â·Â·Â·Â·Â·Â·Â·Â·Â·Â·Â·Â·
2025-04-11T20:10:31.9048812Z Â·Â·Â·Â·Â·Â·Â·Â·Â·Â·Â·Â·Â·Â·Â·Â·Â·Â·Â·Â·Â·Â·Â·Â·Â·Â·Â·Â·Â·Â·Â·Â·Â·Â·Â·Â·Â·Â·Â·Â·Â·Â·Â·Â·Â·Â·Â·Â·Â·Â·Â·Â·Â·Â·Â·Â·Â·Â·Â·Â·Â·Â·Â·Â·Â·Â·Â·Â·Â·Â·Â·Â·Â·Â·Â·Â·Â·Â·Â·Â·
2025-04-11T20:10:51.9872169Z Â·Â·Â·Â·Â·Â·Â·Â·Â·Â·Â·Â·Â·Â·Â·Â·Â·Â·Â·Â·Â·Â·Â·Â·Â·Â·Â·Â·Â·Â·Â·Â·Â·Â·Â·Â·Â·Â·Â·Â·Â·Â·Â·Â·Â·Â·Â·Â·Â·Â·Â·Â·Â·Â·Â·Â·Â·Â·Â·Â·Â·Â·Â·Â·Â·Â·Â·Â·Â·Â·Â·Â·Â·Â·Â·Â·Â·Â·Â·Â·
2025-04-11T20:11:30.4476152Z Â·Â·Â·Â·Â·Â·Â·Â·Â·Â·Â·Â·Â·Â·Â·Â·Â·Â·Â·Â·Â·Â·Â·Â·Â·Â·Â·Â·Â·Â·Â·Â·Â·Â·Â·Â·Â·Â·Â·Â·Â·Â·Â·Â·Â·Â·Â·Â·Â·Â·Â·Â·Â·Â·Â·Â·Â·Â·Â·Â·Â·Â·Â·Â·Â·Â·Â·Â·Â·Â·Â·Â·Â·Â·Â·Â·Â·Â·Â·Â·
2025-04-11T20:12:08.7098447Z Â·Â·Â·Â·Â·Â·Â·Â·Â·Â·Â·Â·Â·Â·Â·Â·Â·Â·Â·Â·Â·Â·Â·Â·Â·Â·Â·Â·Â·Â·Â·Â·Â·Â·Â·Â·Â·Â·Â·Â·Â·Â·Â·Â·Â·Â·Â·Â·Â·Â·Â·Â·Â·Â·Â·Â·Â·Â·Â·Â·Â·Â·Â·Â·Â·Â·Â·Â·Â·Â·Â·Â·Â·Â·Â·Â·Â·Â·Â·
2025-04-11T20:12:08.7106251Z   479 passed (3.1m)
2025-04-11T20:12:08.8742312Z ##[notice]  479 passed (3.1m)
2025-04-11T20:12:09.0380311Z Prepare all required actions
2025-04-11T20:12:09.0380662Z Getting action download info
2025-04-11T20:12:09.2568293Z ##[group]Run ./.github/workflows/actions/upload-archive
2025-04-11T20:12:09.2568605Z with:
2025-04-11T20:12:09.2568800Z   name: test-results-8-20
2025-04-11T20:12:09.2569044Z   output: core/TestResults-8-20.zip
2025-04-11T20:12:09.2569315Z   paths: core/playwright-report
2025-04-11T20:12:09.2569567Z ##[endgroup]
2025-04-11T20:12:09.2583595Z ##[group]Run zip -q -r core/TestResults-8-20.zip core/playwright-report
2025-04-11T20:12:09.2584053Z [36;1mzip -q -r core/TestResults-8-20.zip core/playwright-report[0m
2025-04-11T20:12:09.2630098Z shell: /usr/bin/bash --noprofile --norc -e -o pipefail {0}
2025-04-11T20:12:09.2630424Z ##[endgroup]
2025-04-11T20:12:09.3055837Z ##[group]Run actions/upload-artifact@v4
2025-04-11T20:12:09.3056269Z with:
2025-04-11T20:12:09.3056618Z   name: test-results-8-20
2025-04-11T20:12:09.3056916Z   path: core/TestResults-8-20.zip
2025-04-11T20:12:09.3057189Z   if-no-files-found: warn
2025-04-11T20:12:09.3057416Z   compression-level: 6
2025-04-11T20:12:09.3057642Z   overwrite: false
2025-04-11T20:12:09.3057854Z   include-hidden-files: false
2025-04-11T20:12:09.3058090Z ##[endgroup]
2025-04-11T20:12:09.5261945Z With the provided path, there will be 1 file uploaded
2025-04-11T20:12:09.5268081Z Artifact name is valid!
2025-04-11T20:12:09.5269202Z Root directory input is valid!
2025-04-11T20:12:09.6479202Z Beginning upload of artifact content to blob storage
2025-04-11T20:12:09.8775921Z Uploaded bytes 422982
2025-04-11T20:12:09.9098647Z Finished uploading artifact content to blob storage!
2025-04-11T20:12:09.9101676Z SHA256 digest of uploaded artifact zip is 492c0c7d39b5ecabf67a01631bbbd00452f112cefeb8980a14f12a72cf2157e2
2025-04-11T20:12:09.9102862Z Finalizing artifact upload
2025-04-11T20:12:10.0011586Z Artifact test-results-8-20.zip successfully finalized. Artifact ID 2930287015
2025-04-11T20:12:10.0013587Z Artifact test-results-8-20 has been successfully uploaded! Final size is 422982 bytes. Artifact ID is 2930287015
2025-04-11T20:12:10.0021111Z Artifact download URL: https://github.com/ionic-team/ionic-framework/actions/runs/14411172535/artifacts/2930287015
2025-04-11T20:12:10.0159642Z Post job cleanup.
2025-04-11T20:12:10.0189191Z Post job cleanup.
2025-04-11T20:12:10.1959300Z Post job cleanup.
2025-04-11T20:12:10.2931174Z [command]/usr/bin/git version
2025-04-11T20:12:10.2968528Z git version 2.49.0
2025-04-11T20:12:10.3021875Z Temporarily overriding HOME='/home/runner/work/_temp/d6353841-21ca-4392-9ed0-6d3fc4a4c36e' before making global git config changes
2025-04-11T20:12:10.3023383Z Adding repository directory to the temporary git global config as a safe directory
2025-04-11T20:12:10.3028584Z [command]/usr/bin/git config --global --add safe.directory /home/runner/work/ionic-framework/ionic-framework
2025-04-11T20:12:10.3065015Z [command]/usr/bin/git config --local --name-only --get-regexp core\.sshCommand
2025-04-11T20:12:10.3099026Z [command]/usr/bin/git submodule foreach --recursive sh -c "git config --local --name-only --get-regexp 'core\.sshCommand' && git config --local --unset-all 'core.sshCommand' || :"
2025-04-11T20:12:10.3358933Z [command]/usr/bin/git config --local --name-only --get-regexp http\.https\:\/\/github\.com\/\.extraheader
2025-04-11T20:12:10.3381057Z http.https://github.com/.extraheader
2025-04-11T20:12:10.3393749Z [command]/usr/bin/git config --local --unset-all http.https://github.com/.extraheader
2025-04-11T20:12:10.3425788Z [command]/usr/bin/git submodule foreach --recursive sh -c "git config --local --name-only --get-regexp 'http\.https\:\/\/github\.com\/\.extraheader' && git config --local --unset-all 'http.https://github.com/.extraheader' || :"
2025-04-11T20:12:10.3771498Z Cleaning up orphan processes
