2025-04-14T16:28:04.2893934Z Prepare all required actions
2025-04-14T16:28:04.2930603Z ##[group]Run ./.github/actions/send-notification
2025-04-14T16:28:04.2930936Z with:
2025-04-14T16:28:04.2931223Z   build-scan-url: https://ge.spring.io/s/wf6dcr6dtfnd2
2025-04-14T16:28:04.2931578Z   run-name: 3.3.x | Windows | Java 17
2025-04-14T16:28:04.2932014Z   status: success
2025-04-14T16:28:04.2932779Z   webhook-url: ***
2025-04-14T16:28:04.2933010Z env:
2025-04-14T16:28:04.2933317Z   JAVA_HOME: C:\hostedtoolcache\windows\Java_Liberica_jdk\17.0.14-10\x64
2025-04-14T16:28:04.2933797Z   JAVA_HOME_17_X64: C:\hostedtoolcache\windows\Java_Liberica_jdk\17.0.14-10\x64
2025-04-14T16:28:04.2934221Z   GRADLE_ACTION_ID: gradle/actions/setup-gradle
2025-04-14T16:28:04.2934535Z   GRADLE_USER_HOME: D:\a\.gradle
2025-04-14T16:28:04.2934827Z   GRADLE_BUILD_ACTION_SETUP_COMPLETED: true
2025-04-14T16:28:04.2935150Z   GRADLE_BUILD_ACTION_CACHE_RESTORED: true
2025-04-14T16:28:04.2935612Z   DEVELOCITY_INJECTION_INIT_SCRIPT_NAME: gradle-actions.inject-develocity.init.gradle
2025-04-14T16:28:04.2936216Z   DEVELOCITY_AUTO_INJECTION_CUSTOM_VALUE: gradle-actions
2025-04-14T16:28:04.2951850Z   DEVELOCITY_ACCESS_KEY: ***
2025-04-14T16:28:04.2970448Z   GRADLE_ENTERPRISE_ACCESS_KEY: ***
2025-04-14T16:28:04.2970869Z   GITHUB_DEPENDENCY_GRAPH_ENABLED: false
2025-04-14T16:28:04.2971223Z ##[endgroup]
2025-04-14T16:28:04.3054757Z ##[group]Run echo "BUILD_SCAN= [<https://ge.spring.io/s/wf6dcr6dtfnd2|Build Scan>]" >> "$GITHUB_ENV"
2025-04-14T16:28:04.3055403Z [36;1mecho "BUILD_SCAN= [<https://ge.spring.io/s/wf6dcr6dtfnd2|Build Scan>]" >> "$GITHUB_ENV"[0m
2025-04-14T16:28:04.3056071Z [36;1mecho "RUN_URL=https://github.com/spring-projects/spring-boot/actions/runs/14450385355" >> "$GITHUB_ENV"[0m
2025-04-14T16:28:04.3067004Z shell: C:\Program Files\Git\bin\bash.EXE --noprofile --norc -e -o pipefail {0}
2025-04-14T16:28:04.3067415Z env:
2025-04-14T16:28:04.3067726Z   JAVA_HOME: C:\hostedtoolcache\windows\Java_Liberica_jdk\17.0.14-10\x64
2025-04-14T16:28:04.3068216Z   JAVA_HOME_17_X64: C:\hostedtoolcache\windows\Java_Liberica_jdk\17.0.14-10\x64
2025-04-14T16:28:04.3068634Z   GRADLE_ACTION_ID: gradle/actions/setup-gradle
2025-04-14T16:28:04.3068938Z   GRADLE_USER_HOME: D:\a\.gradle
2025-04-14T16:28:04.3069223Z   GRADLE_BUILD_ACTION_SETUP_COMPLETED: true
2025-04-14T16:28:04.3069552Z   GRADLE_BUILD_ACTION_CACHE_RESTORED: true
2025-04-14T16:28:04.3070001Z   DEVELOCITY_INJECTION_INIT_SCRIPT_NAME: gradle-actions.inject-develocity.init.gradle
2025-04-14T16:28:04.3070493Z   DEVELOCITY_AUTO_INJECTION_CUSTOM_VALUE: gradle-actions
2025-04-14T16:28:04.3086252Z   DEVELOCITY_ACCESS_KEY: ***
2025-04-14T16:28:04.3101859Z   GRADLE_ENTERPRISE_ACCESS_KEY: ***
2025-04-14T16:28:04.3102163Z   GITHUB_DEPENDENCY_GRAPH_ENABLED: false
2025-04-14T16:28:04.3102450Z ##[endgroup]
2025-04-14T16:28:04.3467674Z ##[group]Run curl -X POST '***' -H 'Content-Type: application/json' -d '{ text: "<https://github.com/spring-projects/spring-boot/actions/runs/14450385355|3.3.x | Windows | Java 17> was successful  [<https://ge.spring.io/s/wf6dcr6dtfnd2|Build Scan>]"}' || true
2025-04-14T16:28:04.3469847Z [36;1mcurl -X POST '***' -H 'Content-Type: application/json' -d '{ text: "<https://github.com/spring-projects/spring-boot/actions/runs/14450385355|3.3.x | Windows | Java 17> was successful  [<https://ge.spring.io/s/wf6dcr6dtfnd2|Build Scan>]"}' || true[0m
2025-04-14T16:28:04.3481125Z shell: C:\Program Files\Git\bin\bash.EXE --noprofile --norc -e -o pipefail {0}
2025-04-14T16:28:04.3481524Z env:
2025-04-14T16:28:04.3481836Z   JAVA_HOME: C:\hostedtoolcache\windows\Java_Liberica_jdk\17.0.14-10\x64
2025-04-14T16:28:04.3482327Z   JAVA_HOME_17_X64: C:\hostedtoolcache\windows\Java_Liberica_jdk\17.0.14-10\x64
2025-04-14T16:28:04.3482748Z   GRADLE_ACTION_ID: gradle/actions/setup-gradle
2025-04-14T16:28:04.3483055Z   GRADLE_USER_HOME: D:\a\.gradle
2025-04-14T16:28:04.3483338Z   GRADLE_BUILD_ACTION_SETUP_COMPLETED: true
2025-04-14T16:28:04.3483652Z   GRADLE_BUILD_ACTION_CACHE_RESTORED: true
2025-04-14T16:28:04.3485639Z   DEVELOCITY_INJECTION_INIT_SCRIPT_NAME: gradle-actions.inject-develocity.init.gradle
2025-04-14T16:28:04.3486145Z   DEVELOCITY_AUTO_INJECTION_CUSTOM_VALUE: gradle-actions
2025-04-14T16:28:04.3501856Z   DEVELOCITY_ACCESS_KEY: ***
2025-04-14T16:28:04.3517496Z   GRADLE_ENTERPRISE_ACCESS_KEY: ***
2025-04-14T16:28:04.3517949Z   GITHUB_DEPENDENCY_GRAPH_ENABLED: false
2025-04-14T16:28:04.3518341Z   BUILD_SCAN:  [<https://ge.spring.io/s/wf6dcr6dtfnd2|Build Scan>]
2025-04-14T16:28:04.3518856Z   RUN_URL: https://github.com/spring-projects/spring-boot/actions/runs/14450385355
2025-04-14T16:28:04.3529587Z ##[endgroup]
2025-04-14T16:28:04.5119989Z   % Total    % Received % Xferd  Average Speed   Time    Time     Time  Current
2025-04-14T16:28:04.5120574Z                                  Dload  Upload   Total   Spent    Left  Speed
2025-04-14T16:28:04.5120887Z 
2025-04-14T16:28:04.6537883Z   0     0    0     0    0     0      0      0 --:--:-- --:--:-- --:--:--     0
2025-04-14T16:28:05.0696690Z   0     0    0     0    0     0      0      0 --:--:-- --:--:-- --:--:--     0
2025-04-14T16:28:05.0697334Z {
2025-04-14T16:28:05.0697764Z   "name": "spaces/AAAAuk_dnXc/messages/nU0w5CEZktU.nU0w5CEZktU",
2025-04-14T16:28:05.0699043Z   "text": "\u003chttps://github.com/spring-projects/spring-boot/actions/runs/14450385355|3.3.x | Windows | Java 17\u003e was successful  [\u003chttps://ge.spring.io/s/wf6dcr6dtfnd2|Build Scan\u003e]",
2025-04-14T16:28:05.0700213Z   "thread": {
2025-04-14T16:28:05.0700572Z     "name": "spaces/AAAAuk_dnXc/threads/nU0w5CEZktU"
2025-04-14T16:28:05.0701032Z   },
2025-04-14T16:28:05.0701368Z   "space": {
2025-04-14T16:28:05.0701730Z     "name": "spaces/AAAAuk_dnXc"
2025-04-14T16:28:05.0702139Z   }
2025-04-14T16:28:05.0702452Z }
2025-04-14T16:28:05.0703994Z 100   570    0   392  100   178    701    318 --:--:-- --:--:-- --:--:--  1021
