2025-04-04T12:43:40.1904600Z Prepare all required actions
2025-04-04T12:43:40.1904880Z Getting action download info
2025-04-04T12:43:40.3474650Z ##[group]Download immutable action package 'actions/upload-artifact@v4'
2025-04-04T12:43:40.3476020Z Version: 4.6.2
2025-04-04T12:43:40.3477270Z Digest: sha256:290722aa3281d5caf23d0acdc3dbeb3424786a1a01a9cc97e72f147225e37c38
2025-04-04T12:43:40.3478690Z Source commit SHA: ea165f8d65b6e75b540449e92b4886f43607fa02
2025-04-04T12:43:40.3479790Z ##[endgroup]
2025-04-04T12:43:40.4556370Z ##[group]Run ./.github/actions/unit
2025-04-04T12:43:40.4556560Z with:
2025-04-04T12:43:40.4556690Z   type: Visuals
2025-04-04T12:43:40.4556820Z env:
2025-04-04T12:43:40.4556990Z   NPM_CONFIG_USERCONFIG: /Users/runner/work/_temp/.npmrc
2025-04-04T12:43:40.4557240Z   NODE_AUTH_TOKEN: XXXXX-XXXXX-XXXXX-XXXXX
2025-04-04T12:43:40.4557430Z ##[endgroup]
2025-04-04T12:43:40.4571850Z ##[group]Run npm run test:scene -- --maxWorkers=50%
2025-04-04T12:43:40.4572100Z [36;1mnpm run test:scene -- --maxWorkers=50%[0m
2025-04-04T12:43:40.4616170Z shell: /bin/bash --noprofile --norc -e -o pipefail {0}
2025-04-04T12:43:40.4616380Z env:
2025-04-04T12:43:40.4616540Z   NPM_CONFIG_USERCONFIG: /Users/runner/work/_temp/.npmrc
2025-04-04T12:43:40.4616780Z   NODE_AUTH_TOKEN: XXXXX-XXXXX-XXXXX-XXXXX
2025-04-04T12:43:40.4616990Z   NODE_ENV: production
2025-04-04T12:43:40.4617130Z ##[endgroup]
2025-04-04T12:43:40.6174020Z 
2025-04-04T12:43:40.6174540Z > pixi.js@8.9.1 test:scene
2025-04-04T12:43:40.6174980Z > npx jest --silent --testPathPattern=tests/visual --maxWorkers=50%
2025-04-04T12:43:40.6175210Z 
2025-04-04T12:43:41.3865420Z ts-jest[versions] (WARN) Version 5.3.3 of typescript installed has not been tested with ts-jest. If you're experiencing issues, consider using a supported version (>=3.8.0 <5.0.0-0). Please do not report issues in ts-jest if you are using unsupported versions.
2025-04-04T12:44:10.5701930Z FAIL tests/visual/visuals.test.ts
2025-04-04T12:44:10.5702640Z   ‚óè Test suite failed to run
2025-04-04T12:44:10.5702850Z 
2025-04-04T12:44:10.5703600Z       ‚óè Visual Tests ‚Ä∫ [webgl1-text-dynamic-res-scene-ts.png] - "should render text at new resolution" (visual/scenes/text/text-dynamic-res.scene.ts)
2025-04-04T12:44:10.5708060Z 
2025-04-04T12:44:10.5708310Z         expect(received).toBeLessThanOrEqual(expected)
2025-04-04T12:44:10.5716160Z 
2025-04-04T12:44:10.5716310Z         Expected: <= 100
2025-04-04T12:44:10.5716520Z         Received:    237042
2025-04-04T12:44:10.5716690Z 
2025-04-04T12:44:10.5716860Z            96 |                 );
2025-04-04T12:44:10.5717060Z            97 |
2025-04-04T12:44:10.5717330Z         >  98 |                 expect(res).toBeLessThanOrEqual(pixelMatch);
2025-04-04T12:44:10.5717640Z               |                             ^
2025-04-04T12:44:10.5717900Z            99 |             });
2025-04-04T12:44:10.5718110Z           100 |         });
2025-04-04T12:44:10.5718290Z           101 |     });
2025-04-04T12:44:10.5718400Z 
2025-04-04T12:44:10.5719930Z       at Object.<anonymous> (tests/visual/visuals.test.ts:98:29)
2025-04-04T12:44:10.5722770Z         ‚óè Visual Tests ‚Ä∫ [webgpu-text-stroke-alpha-scene-ts.png] - "should render stroke and fill alpha separately" (visual/scenes/text/text-stroke-alpha.scene.ts)
2025-04-04T12:44:10.5723520Z           expect(received).toBeLessThanOrEqual(expected)
2025-04-04T12:44:10.5723840Z           Expected: <= 100
2025-04-04T12:44:10.5724040Z           Received:    1472
2025-04-04T12:44:10.5724250Z              96 |                 );
2025-04-04T12:44:10.5724440Z              97 |
2025-04-04T12:44:10.5724710Z           >  98 |                 expect(res).toBeLessThanOrEqual(pixelMatch);
2025-04-04T12:44:10.5725210Z                 |                             ^
2025-04-04T12:44:10.5725670Z              99 |             });
2025-04-04T12:44:10.5725890Z             100 |         });
2025-04-04T12:44:10.5726120Z             101 |     });
2025-04-04T12:44:10.5726440Z       at Object.<anonymous> (tests/visual/visuals.test.ts:98:29)
2025-04-04T12:44:10.5727220Z         ‚óè Visual Tests ‚Ä∫ [webgpu-text-stroke-fills-scene-ts.png] - "should update text fill/stroke through proxy" (visual/scenes/text/text-stroke-fills.scene.ts)
2025-04-04T12:44:10.5728360Z           expect(received).toBeLessThanOrEqual(expected)
2025-04-04T12:44:10.5728590Z           Expected: <= 100
2025-04-04T12:44:10.5728790Z           Received:    1894
2025-04-04T12:44:10.5728990Z              96 |                 );
2025-04-04T12:44:10.5729170Z              97 |
2025-04-04T12:44:10.5729440Z           >  98 |                 expect(res).toBeLessThanOrEqual(pixelMatch);
2025-04-04T12:44:10.5729730Z                 |                             ^
2025-04-04T12:44:10.5729990Z              99 |             });
2025-04-04T12:44:10.5730170Z             100 |         });
2025-04-04T12:44:10.5730350Z             101 |     });
2025-04-04T12:44:10.5730620Z       at Object.<anonymous> (tests/visual/visuals.test.ts:98:29)
2025-04-04T12:44:10.5731350Z         ‚óè Visual Tests ‚Ä∫ [webgpu-text-trim-dynamic-scene-ts.png] - "should render text correctly if style changes" (visual/scenes/text/text-trim-dynamic.scene.ts)
2025-04-04T12:44:10.5731950Z           expect(received).toBeLessThanOrEqual(expected)
2025-04-04T12:44:10.5732180Z           Expected: <= 100
2025-04-04T12:44:10.5732370Z           Received:    5401
2025-04-04T12:44:10.5732570Z              96 |                 );
2025-04-04T12:44:10.5732750Z              97 |
2025-04-04T12:44:10.5733020Z           >  98 |                 expect(res).toBeLessThanOrEqual(pixelMatch);
2025-04-04T12:44:10.5733300Z                 |                             ^
2025-04-04T12:44:10.5733550Z              99 |             });
2025-04-04T12:44:10.5733740Z             100 |         });
2025-04-04T12:44:10.5733910Z             101 |     });
2025-04-04T12:44:10.5734200Z       at Object.<anonymous> (tests/visual/visuals.test.ts:98:29)
2025-04-04T12:44:10.5734380Z 
2025-04-04T12:44:10.5757020Z Test Suites: 1 failed, 1 total
2025-04-04T12:44:10.5758160Z Tests:       0 total
2025-04-04T12:44:10.5758370Z Snapshots:   0 total
2025-04-04T12:44:10.5758610Z Time:        28.122 s
2025-04-04T12:44:10.6595620Z ##[error]Process completed with exit code 1.
2025-04-04T12:44:10.6687890Z ##[group]Run actions/upload-artifact@v4
2025-04-04T12:44:10.6688150Z with:
2025-04-04T12:44:10.6688440Z   name: pr_uploads
2025-04-04T12:44:10.6688990Z   path: .pr_uploads/
2025-04-04T12:44:10.6689220Z   include-hidden-files: true
2025-04-04T12:44:10.6689490Z   if-no-files-found: warn
2025-04-04T12:44:10.6689720Z   compression-level: 6
2025-04-04T12:44:10.6689960Z   overwrite: false
2025-04-04T12:44:10.6690110Z env:
2025-04-04T12:44:10.6690480Z   NPM_CONFIG_USERCONFIG: /Users/runner/work/_temp/.npmrc
2025-04-04T12:44:10.6691170Z   NODE_AUTH_TOKEN: XXXXX-XXXXX-XXXXX-XXXXX
2025-04-04T12:44:10.6691530Z ##[endgroup]
2025-04-04T12:44:10.8562770Z With the provided path, there will be 8 files uploaded
2025-04-04T12:44:10.8566450Z Artifact name is valid!
2025-04-04T12:44:10.8566840Z Root directory input is valid!
2025-04-04T12:44:11.0591670Z Beginning upload of artifact content to blob storage
2025-04-04T12:44:11.2888590Z Uploaded bytes 25648
2025-04-04T12:44:11.3372060Z Finished uploading artifact content to blob storage!
2025-04-04T12:44:11.3374740Z SHA256 digest of uploaded artifact zip is de53038272bb583746f89b8941c265de1371feb23a687cbbf840a832f126b0ee
2025-04-04T12:44:11.3376460Z Finalizing artifact upload
2025-04-04T12:44:11.4660800Z Artifact pr_uploads.zip successfully finalized. Artifact ID 2882763437
2025-04-04T12:44:11.4663560Z Artifact pr_uploads has been successfully uploaded! Final size is 25648 bytes. Artifact ID is 2882763437
2025-04-04T12:44:11.4679020Z Artifact download URL: https://github.com/pixijs/pixijs/actions/runs/14265610852/artifacts/2882763437
