2025-04-15T07:08:24.3572548Z Requested labels: ubuntu-latest
2025-04-15T07:08:24.3572771Z Job defined at: microsoft/playwright/.github/workflows/tests_primary.yml@refs/heads/main
2025-04-15T07:08:24.3572863Z Waiting for a runner to pick up this job...
2025-04-15T07:08:29.1486891Z Job is waiting for a hosted runner to come online.
2025-04-15T07:08:31.9529239Z Job is about to start running on the hosted runner: GitHub Actions 524 (hosted)
2025-04-15T07:08:36.3955056Z Current runner version: '2.323.0'
2025-04-15T07:08:36.3980072Z ##[group]Operating System
2025-04-15T07:08:36.3980920Z Ubuntu
2025-04-15T07:08:36.3981554Z 24.04.2
2025-04-15T07:08:36.3982051Z LTS
2025-04-15T07:08:36.3982489Z ##[endgroup]
2025-04-15T07:08:36.3983109Z ##[group]Runner Image
2025-04-15T07:08:36.3983719Z Image: ubuntu-24.04
2025-04-15T07:08:36.3984333Z Version: 20250406.1.0
2025-04-15T07:08:36.3985378Z Included Software: https://github.com/actions/runner-images/blob/ubuntu24/20250406.1/images/ubuntu/Ubuntu2404-Readme.md
2025-04-15T07:08:36.3986970Z Image Release: https://github.com/actions/runner-images/releases/tag/ubuntu24%2F20250406.1
2025-04-15T07:08:36.3988014Z ##[endgroup]
2025-04-15T07:08:36.3988573Z ##[group]Runner Image Provisioner
2025-04-15T07:08:36.3989282Z 2.0.422.1
2025-04-15T07:08:36.3989808Z ##[endgroup]
2025-04-15T07:08:36.3990811Z ##[group]GITHUB_TOKEN Permissions
2025-04-15T07:08:36.3992872Z Contents: read
2025-04-15T07:08:36.3993475Z Metadata: read
2025-04-15T07:08:36.3994283Z ##[endgroup]
2025-04-15T07:08:36.3996847Z Secret source: Actions
2025-04-15T07:08:36.3997999Z Prepare workflow directory
2025-04-15T07:08:36.4363447Z Prepare all required actions
2025-04-15T07:08:36.4405192Z Getting action download info
2025-04-15T07:08:36.6742734Z ##[group]Download immutable action package 'actions/checkout@v4'
2025-04-15T07:08:36.6744091Z Version: 4.2.2
2025-04-15T07:08:36.6745143Z Digest: sha256:ccb2698953eaebd21c7bf6268a94f9c26518a7e38e27e0b83c1fe1ad049819b1
2025-04-15T07:08:36.6746442Z Source commit SHA: 11bd71901bbe5b1630ceea73d27597364c9af683
2025-04-15T07:08:36.6747485Z ##[endgroup]
2025-04-15T07:08:36.8287150Z Complete job name: Test Runner (ubuntu-latest, 18, 1, 2)
2025-04-15T07:08:37.2887249Z ##[group]Run actions/checkout@v4
2025-04-15T07:08:37.2888143Z with:
2025-04-15T07:08:37.2888583Z   repository: microsoft/playwright
2025-04-15T07:08:37.2889293Z   token: ***
2025-04-15T07:08:37.2889704Z   ssh-strict: true
2025-04-15T07:08:37.2890134Z   ssh-user: git
2025-04-15T07:08:37.2890582Z   persist-credentials: true
2025-04-15T07:08:37.2891060Z   clean: true
2025-04-15T07:08:37.2891489Z   sparse-checkout-cone-mode: true
2025-04-15T07:08:37.2891999Z   fetch-depth: 1
2025-04-15T07:08:37.2892423Z   fetch-tags: false
2025-04-15T07:08:37.2892851Z   show-progress: true
2025-04-15T07:08:37.2893283Z   lfs: false
2025-04-15T07:08:37.2893681Z   submodules: false
2025-04-15T07:08:37.2894116Z   set-safe-directory: true
2025-04-15T07:08:37.2894785Z env:
2025-04-15T07:08:37.2895178Z   FORCE_COLOR: 1
2025-04-15T07:08:37.2895624Z   ELECTRON_SKIP_BINARY_DOWNLOAD: 1
2025-04-15T07:08:37.2896141Z   DEBUG_GIT_COMMIT_INFO: 1
2025-04-15T07:08:37.2896759Z ##[endgroup]
2025-04-15T07:08:37.5269341Z Syncing repository: microsoft/playwright
2025-04-15T07:08:37.5271576Z ##[group]Getting Git version info
2025-04-15T07:08:37.5272320Z Working directory is '/home/runner/work/playwright/playwright'
2025-04-15T07:08:37.5273381Z [command]/usr/bin/git version
2025-04-15T07:08:37.5377902Z git version 2.49.0
2025-04-15T07:08:37.5407073Z ##[endgroup]
2025-04-15T07:08:37.5429388Z Temporarily overriding HOME='/home/runner/work/_temp/45c37cdf-717b-4fa3-9b92-cd2177823de0' before making global git config changes
2025-04-15T07:08:37.5431822Z Adding repository directory to the temporary git global config as a safe directory
2025-04-15T07:08:37.5435842Z [command]/usr/bin/git config --global --add safe.directory /home/runner/work/playwright/playwright
2025-04-15T07:08:37.5474104Z Deleting the contents of '/home/runner/work/playwright/playwright'
2025-04-15T07:08:37.5477974Z ##[group]Initializing the repository
2025-04-15T07:08:37.5482883Z [command]/usr/bin/git init /home/runner/work/playwright/playwright
2025-04-15T07:08:37.5561507Z hint: Using 'master' as the name for the initial branch. This default branch name
2025-04-15T07:08:37.5562855Z hint: is subject to change. To configure the initial branch name to use in all
2025-04-15T07:08:37.5563771Z hint: of your new repositories, which will suppress this warning, call:
2025-04-15T07:08:37.5564745Z hint:
2025-04-15T07:08:37.5565240Z hint: 	git config --global init.defaultBranch <name>
2025-04-15T07:08:37.5565829Z hint:
2025-04-15T07:08:37.5566395Z hint: Names commonly chosen instead of 'master' are 'main', 'trunk' and
2025-04-15T07:08:37.5567496Z hint: 'development'. The just-created branch can be renamed via this command:
2025-04-15T07:08:37.5568592Z hint:
2025-04-15T07:08:37.5569244Z hint: 	git branch -m <name>
2025-04-15T07:08:37.5570067Z Initialized empty Git repository in /home/runner/work/playwright/playwright/.git/
2025-04-15T07:08:37.5581667Z [command]/usr/bin/git remote add origin https://github.com/microsoft/playwright
2025-04-15T07:08:37.5617227Z ##[endgroup]
2025-04-15T07:08:37.5618537Z ##[group]Disabling automatic garbage collection
2025-04-15T07:08:37.5622315Z [command]/usr/bin/git config --local gc.auto 0
2025-04-15T07:08:37.5650967Z ##[endgroup]
2025-04-15T07:08:37.5652265Z ##[group]Setting up auth
2025-04-15T07:08:37.5658634Z [command]/usr/bin/git config --local --name-only --get-regexp core\.sshCommand
2025-04-15T07:08:37.5691178Z [command]/usr/bin/git submodule foreach --recursive sh -c "git config --local --name-only --get-regexp 'core\.sshCommand' && git config --local --unset-all 'core.sshCommand' || :"
2025-04-15T07:08:37.6019357Z [command]/usr/bin/git config --local --name-only --get-regexp http\.https\:\/\/github\.com\/\.extraheader
2025-04-15T07:08:37.6050294Z [command]/usr/bin/git submodule foreach --recursive sh -c "git config --local --name-only --get-regexp 'http\.https\:\/\/github\.com\/\.extraheader' && git config --local --unset-all 'http.https://github.com/.extraheader' || :"
2025-04-15T07:08:37.6282509Z [command]/usr/bin/git config --local http.https://github.com/.extraheader AUTHORIZATION: basic ***
2025-04-15T07:08:37.6321554Z ##[endgroup]
2025-04-15T07:08:37.6322396Z ##[group]Fetching the repository
2025-04-15T07:08:37.6331072Z [command]/usr/bin/git -c protocol.version=2 fetch --no-tags --prune --no-recurse-submodules --depth=1 origin +76ee48dc9d4034536e3ec5b2c7ce8be3b79418a8:refs/remotes/origin/main
2025-04-15T07:08:38.6205263Z From https://github.com/microsoft/playwright
2025-04-15T07:08:38.6207370Z  * [new ref]         76ee48dc9d4034536e3ec5b2c7ce8be3b79418a8 -> origin/main
2025-04-15T07:08:38.6261264Z ##[endgroup]
2025-04-15T07:08:38.6262729Z ##[group]Determining the checkout info
2025-04-15T07:08:38.6266154Z ##[endgroup]
2025-04-15T07:08:38.6271473Z [command]/usr/bin/git sparse-checkout disable
2025-04-15T07:08:38.6321420Z [command]/usr/bin/git config --local --unset-all extensions.worktreeConfig
2025-04-15T07:08:38.6351807Z ##[group]Checking out the ref
2025-04-15T07:08:38.6356533Z [command]/usr/bin/git checkout --progress --force -B main refs/remotes/origin/main
2025-04-15T07:08:38.8592911Z Switched to a new branch 'main'
2025-04-15T07:08:38.8594193Z branch 'main' set up to track 'origin/main'.
2025-04-15T07:08:38.8607123Z ##[endgroup]
2025-04-15T07:08:38.8645658Z [command]/usr/bin/git log -1 --format=%H
2025-04-15T07:08:38.8668178Z 76ee48dc9d4034536e3ec5b2c7ce8be3b79418a8
2025-04-15T07:08:38.9056314Z Prepare all required actions
2025-04-15T07:08:38.9058005Z Getting action download info
2025-04-15T07:08:39.1338862Z ##[group]Download immutable action package 'actions/setup-node@v4'
2025-04-15T07:08:39.1340466Z Version: 4.4.0
2025-04-15T07:08:39.1341977Z Digest: sha256:9427cefe82346e992fb5b949e3569b39d537ae41aa3086483b14eceebfc16bc1
2025-04-15T07:08:39.1343819Z Source commit SHA: 49933ea5288caeca8642d1e84afbd3f7d6820020
2025-04-15T07:08:39.1345190Z ##[endgroup]
2025-04-15T07:08:39.4425374Z Download action repository 'azure/login@v2' (SHA:a457da9ea143d694b1b9c7c869ebb04ebe844ef5)
2025-04-15T07:08:39.8839196Z ##[group]Run ./.github/actions/run-test
2025-04-15T07:08:39.8839549Z with:
2025-04-15T07:08:39.8839793Z   node-version: 18
2025-04-15T07:08:39.8840096Z   command: npm run ttest -- --shard 1/2
2025-04-15T07:08:39.8840437Z   bot-name: ubuntu-latest-node18-1
2025-04-15T07:08:39.8840961Z   flakiness-client-id: ***
2025-04-15T07:08:39.8841329Z   flakiness-tenant-id: ***
2025-04-15T07:08:39.8841993Z   flakiness-subscription-id: ***
2025-04-15T07:08:39.8842322Z   shell: bash
2025-04-15T07:08:39.8842552Z env:
2025-04-15T07:08:39.8842772Z   FORCE_COLOR: 1
2025-04-15T07:08:39.8843032Z   ELECTRON_SKIP_BINARY_DOWNLOAD: 1
2025-04-15T07:08:39.8843337Z   DEBUG_GIT_COMMIT_INFO: 1
2025-04-15T07:08:39.8843630Z   PWTEST_CHANNEL: firefox-beta
2025-04-15T07:08:39.8843916Z ##[endgroup]
2025-04-15T07:08:39.8968669Z ##[group]Run actions/setup-node@v4
2025-04-15T07:08:39.8969025Z with:
2025-04-15T07:08:39.8969266Z   node-version: 18
2025-04-15T07:08:39.8969525Z   always-auth: false
2025-04-15T07:08:39.8969792Z   check-latest: false
2025-04-15T07:08:39.8970189Z   token: ***
2025-04-15T07:08:39.8970423Z env:
2025-04-15T07:08:39.8970646Z   FORCE_COLOR: 1
2025-04-15T07:08:39.8970911Z   ELECTRON_SKIP_BINARY_DOWNLOAD: 1
2025-04-15T07:08:39.8971218Z   DEBUG_GIT_COMMIT_INFO: 1
2025-04-15T07:08:39.8971510Z   PWTEST_CHANNEL: firefox-beta
2025-04-15T07:08:39.8971793Z ##[endgroup]
2025-04-15T07:08:40.0674964Z Found in cache @ /opt/hostedtoolcache/node/18.20.8/x64
2025-04-15T07:08:40.0682871Z ##[group]Environment details
2025-04-15T07:08:40.4660450Z node: v18.20.8
2025-04-15T07:08:40.4660991Z npm: 10.8.2
2025-04-15T07:08:40.4661206Z yarn: 1.22.22
2025-04-15T07:08:40.4661797Z ##[endgroup]
2025-04-15T07:08:40.4758660Z Prepare all required actions
2025-04-15T07:08:40.4790654Z ##[group]Run ./.github/actions/enable-microphone-access
2025-04-15T07:08:40.4790969Z env:
2025-04-15T07:08:40.4791150Z   FORCE_COLOR: 1
2025-04-15T07:08:40.4791362Z   ELECTRON_SKIP_BINARY_DOWNLOAD: 1
2025-04-15T07:08:40.4791619Z   DEBUG_GIT_COMMIT_INFO: 1
2025-04-15T07:08:40.4791875Z   PWTEST_CHANNEL: firefox-beta
2025-04-15T07:08:40.4792109Z ##[endgroup]
2025-04-15T07:08:40.4820304Z ##[group]Run if [[ "$(uname)" != "Darwin" ]]; then
2025-04-15T07:08:40.4820721Z [36;1mif [[ "$(uname)" != "Darwin" ]]; then[0m
2025-04-15T07:08:40.4821044Z [36;1m  echo "Not macOS, exiting"[0m
2025-04-15T07:08:40.4821306Z [36;1m  exit 0[0m
2025-04-15T07:08:40.4821541Z [36;1mfi[0m
2025-04-15T07:08:40.4821784Z [36;1mecho "Allowing microphone access to all apps"[0m
2025-04-15T07:08:40.4822151Z [36;1mversion=$(sw_vers -productVersion | cut -d. -f1)[0m
2025-04-15T07:08:40.4822511Z [36;1mif [[ "$version" == "14" || "$version" == "15" ]]; then[0m
2025-04-15T07:08:40.4823520Z [36;1m  sqlite3 $HOME/Library/Application\ Support/com.apple.TCC/TCC.db "INSERT OR IGNORE INTO access VALUES ('kTCCServiceMicrophone','/usr/local/opt/runner/provisioner/provisioner',1,2,4,1,NULL,NULL,0,'UNUSED',NULL,0,1687786159,NULL,NULL,'UNUSED',1687786159);"[0m
2025-04-15T07:08:40.4824549Z [36;1melif [[ "$version" == "12" || "$version" == "13" ]]; then[0m
2025-04-15T07:08:40.4825470Z [36;1m  sqlite3 $HOME/Library/Application\ Support/com.apple.TCC/TCC.db "INSERT OR REPLACE INTO access VALUES('kTCCServiceMicrophone','/usr/local/opt/runner/provisioner/provisioner',1,2,4,1,NULL,NULL,0,'UNUSED',NULL,0,1687786159);"[0m
2025-04-15T07:08:40.4826315Z [36;1melse[0m
2025-04-15T07:08:40.4826993Z [36;1m  echo "Skipping unsupported macOS version $version"[0m
2025-04-15T07:08:40.4827347Z [36;1m  exit 0[0m
2025-04-15T07:08:40.4827539Z [36;1mfi[0m
2025-04-15T07:08:40.4827782Z [36;1mecho "Successfully allowed microphone access"[0m
2025-04-15T07:08:40.4882239Z shell: /usr/bin/bash --noprofile --norc -e -o pipefail {0}
2025-04-15T07:08:40.4882614Z env:
2025-04-15T07:08:40.4882798Z   FORCE_COLOR: 1
2025-04-15T07:08:40.4883022Z   ELECTRON_SKIP_BINARY_DOWNLOAD: 1
2025-04-15T07:08:40.4883287Z   DEBUG_GIT_COMMIT_INFO: 1
2025-04-15T07:08:40.4883531Z   PWTEST_CHANNEL: firefox-beta
2025-04-15T07:08:40.4883770Z ##[endgroup]
2025-04-15T07:08:40.4992620Z Not macOS, exiting
2025-04-15T07:08:40.5023526Z ##[group]Run echo "::group::npm ci"
2025-04-15T07:08:40.5023842Z [36;1mecho "::group::npm ci"[0m
2025-04-15T07:08:40.5024084Z [36;1mnpm ci[0m
2025-04-15T07:08:40.5024294Z [36;1mecho "::endgroup::"[0m
2025-04-15T07:08:40.5069043Z shell: /usr/bin/bash --noprofile --norc -e -o pipefail {0}
2025-04-15T07:08:40.5069625Z env:
2025-04-15T07:08:40.5069809Z   FORCE_COLOR: 1
2025-04-15T07:08:40.5070057Z   ELECTRON_SKIP_BINARY_DOWNLOAD: 1
2025-04-15T07:08:40.5070311Z   DEBUG_GIT_COMMIT_INFO: 1
2025-04-15T07:08:40.5070549Z   PWTEST_CHANNEL: firefox-beta
2025-04-15T07:08:40.5070784Z ##[endgroup]
2025-04-15T07:08:40.5138608Z ##[group]npm ci
2025-04-15T07:08:42.7579277Z npm warn deprecated xterm-addon-fit@0.7.0: This package is now deprecated. Move to @xterm/addon-fit instead.
2025-04-15T07:08:43.0693153Z npm warn deprecated readdir-scoped-modules@1.1.0: This functionality has been moved to @npmcli/fs
2025-04-15T07:08:43.0898239Z npm warn deprecated read-package-json@2.1.2: This package is no longer supported. Please use @npmcli/package-json instead.
2025-04-15T07:08:43.1791020Z npm warn deprecated osenv@0.1.5: This package is no longer supported.
2025-04-15T07:08:43.4979060Z npm warn deprecated read-installed@4.0.3: This package is no longer supported.
2025-04-15T07:08:43.5517304Z npm warn deprecated inflight@1.0.6: This module is not supported, and leaks memory. Do not use it. Check out lru-cache if you want a good and tested way to coalesce async requests by a key value, which is much more comprehensive and powerful.
2025-04-15T07:08:43.6355841Z npm warn deprecated glob@7.2.3: Glob versions prior to v9 are no longer supported
2025-04-15T07:08:44.0283324Z npm warn deprecated debuglog@1.0.1: Package no longer supported. Contact Support at https://www.npmjs.com/support for more info.
2025-04-15T07:08:44.2607114Z npm warn deprecated @types/immutable@3.8.7: This is a stub types definition for Facebook's Immutable (https://github.com/facebook/immutable-js). Facebook's Immutable provides its own type definitions, so you don't need @types/immutable installed!
2025-04-15T07:08:44.3055293Z npm warn deprecated boolean@3.2.0: Package no longer supported. Contact Support at https://www.npmjs.com/support for more info.
2025-04-15T07:08:46.1615055Z npm warn deprecated xterm@5.3.0: This package is now deprecated. Move to @xterm/xterm instead.
2025-04-15T07:08:53.8516300Z 
2025-04-15T07:08:53.8517180Z added 557 packages, and audited 580 packages in 13s
2025-04-15T07:08:53.8517487Z 
2025-04-15T07:08:53.8517680Z 147 packages are looking for funding
2025-04-15T07:08:53.8518138Z   run `npm fund` for details
2025-04-15T07:08:53.8682472Z 
2025-04-15T07:08:53.8683332Z 2 moderate severity vulnerabilities
2025-04-15T07:08:53.8683850Z 
2025-04-15T07:08:53.8684125Z To address all issues, run:
2025-04-15T07:08:53.8684685Z   npm audit fix
2025-04-15T07:08:53.8684981Z 
2025-04-15T07:08:53.8685248Z Run `npm audit` for details.
2025-04-15T07:08:53.8955837Z ##[endgroup]
2025-04-15T07:08:53.8993520Z ##[group]Run echo "::group::npm run build"
2025-04-15T07:08:53.8994040Z [36;1mecho "::group::npm run build"[0m
2025-04-15T07:08:53.8994461Z [36;1mnpm run build[0m
2025-04-15T07:08:53.8994818Z [36;1mecho "::endgroup::"[0m
2025-04-15T07:08:53.9053724Z shell: /usr/bin/bash --noprofile --norc -e -o pipefail {0}
2025-04-15T07:08:53.9054109Z env:
2025-04-15T07:08:53.9054503Z   FORCE_COLOR: 1
2025-04-15T07:08:53.9054762Z   ELECTRON_SKIP_BINARY_DOWNLOAD: 1
2025-04-15T07:08:53.9055018Z   DEBUG_GIT_COMMIT_INFO: 1
2025-04-15T07:08:53.9055255Z   PWTEST_CHANNEL: firefox-beta
2025-04-15T07:08:53.9055493Z ##[endgroup]
2025-04-15T07:08:53.9123430Z ##[group]npm run build
2025-04-15T07:08:54.0311646Z 
2025-04-15T07:08:54.0312203Z > playwright-internal@1.52.0-next build
2025-04-15T07:08:54.0312596Z > node utils/build/build.js
2025-04-15T07:08:54.0312768Z 
2025-04-15T07:08:54.1968033Z ==== Running npm ci --save=false --fund=false --audit=false in /home/runner/work/playwright/playwright/tests/playwright-test/stable-test-runner
2025-04-15T07:08:54.8992315Z 
2025-04-15T07:08:54.8992832Z added 3 packages in 634ms
2025-04-15T07:08:54.9077965Z ==== Running npm ci --save=false --fund=false --audit=false --omit=optional in /home/runner/work/playwright/playwright/packages/playwright/bundles/babel
2025-04-15T07:08:56.1595473Z 
2025-04-15T07:08:56.1596011Z added 75 packages in 1s
2025-04-15T07:08:56.1697009Z ==== Running npm ci --save=false --fund=false --audit=false --omit=optional in /home/runner/work/playwright/playwright/packages/playwright/bundles/expect
2025-04-15T07:08:56.9899732Z 
2025-04-15T07:08:56.9900305Z added 51 packages in 752ms
2025-04-15T07:08:56.9996336Z ==== Running npm ci --save=false --fund=false --audit=false --omit=optional in /home/runner/work/playwright/playwright/packages/playwright/bundles/utils
2025-04-15T07:08:57.6925440Z 
2025-04-15T07:08:57.6925991Z added 26 packages in 625ms
2025-04-15T07:08:57.7008053Z ==== Running npm ci --save=false --fund=false --audit=false --omit=optional in /home/runner/work/playwright/playwright/packages/playwright-core/bundles/utils
2025-04-15T07:08:58.6240704Z 
2025-04-15T07:08:58.6241575Z added 45 packages in 855ms
2025-04-15T07:08:58.6345145Z ==== Running npm ci --save=false --fund=false --audit=false --omit=optional in /home/runner/work/playwright/playwright/packages/playwright-core/bundles/zip
2025-04-15T07:08:59.2516123Z 
2025-04-15T07:08:59.2516888Z added 16 packages in 549ms
2025-04-15T07:08:59.2595734Z ==== Running node /home/runner/work/playwright/playwright/utils/generate_third_party_notice.js in /home/runner/work/playwright/playwright
2025-04-15T07:09:03.3039276Z ==== Running node utils/generate_clip_paths.js in /home/runner/work/playwright/playwright
2025-04-15T07:09:03.3692303Z ==== Running node utils/generate_injected.js in /home/runner/work/playwright/playwright
2025-04-15T07:09:03.4877813Z ==== Running npx esbuild "/home/runner/work/playwright/playwright/packages/playwright/src/**/*.ts" --outdir="/home/runner/work/playwright/playwright/packages/playwright/lib" --platform=node --format=cjs in /home/runner/work/playwright/playwright
2025-04-15T07:09:03.8950104Z 
2025-04-15T07:09:03.8950793Z   packages/playwright/lib/index.js                     28.8kb
2025-04-15T07:09:03.8951546Z   packages/playwright/lib/reporters/html.js            23.7kb
2025-04-15T07:09:03.8952287Z   packages/playwright/lib/worker/workerMain.js         21.5kb
2025-04-15T07:09:03.8953183Z   packages/playwright/lib/reporters/base.js            21.1kb
2025-04-15T07:09:03.8953957Z   packages/playwright/lib/program.js                   20.4kb
2025-04-15T07:09:03.8954730Z   packages/playwright/lib/runner/testServer.js         20.3kb
2025-04-15T07:09:03.8955519Z   packages/playwright/lib/runner/dispatcher.js         18.4kb
2025-04-15T07:09:03.8956307Z   packages/playwright/lib/matchers/matchers.js         18.1kb
2025-04-15T07:09:03.8957301Z   packages/playwright/lib/matchers/toMatchSnapshot.js  18.0kb
2025-04-15T07:09:03.8958085Z   packages/playwright/lib/reporters/merge.js           17.8kb
2025-04-15T07:09:03.8958851Z   packages/playwright/lib/worker/testInfo.js           17.7kb
2025-04-15T07:09:03.8959549Z   packages/playwright/lib/common/configLoader.js       17.4kb
2025-04-15T07:09:03.8960262Z   packages/playwright/lib/runner/tasks.js              16.2kb
2025-04-15T07:09:03.8960967Z   packages/playwright/lib/runner/watchMode.js          15.5kb
2025-04-15T07:09:03.8961966Z   packages/playwright/lib/util.js                      15.1kb
2025-04-15T07:09:03.8962757Z   packages/playwright/lib/isomorphic/teleReceiver.js   14.7kb
2025-04-15T07:09:03.8963586Z   packages/playwright/lib/common/testType.js           14.1kb
2025-04-15T07:09:03.8964072Z   packages/playwright/lib/runner/loadUtils.js          14.0kb
2025-04-15T07:09:03.8964521Z   packages/playwright/lib/matchers/expect.js           13.4kb
2025-04-15T07:09:03.8964955Z   packages/playwright/lib/worker/testTracing.js        13.2kb
2025-04-15T07:09:03.8965318Z   ...and 72 more output files...
2025-04-15T07:09:03.8965484Z 
2025-04-15T07:09:03.8965773Z âš¡ Done in 39ms
2025-04-15T07:09:03.9052547Z ==== Running npx esbuild "/home/runner/work/playwright/playwright/packages/playwright-core/src/**/*.ts" --outdir="/home/runner/work/playwright/playwright/packages/playwright-core/lib" --platform=node --format=cjs in /home/runner/work/playwright/playwright
2025-04-15T07:09:04.3800566Z 
2025-04-15T07:09:04.3804830Z   packages/playwright-core/lib/generated/injectedScriptSource.js      273.8kb
2025-04-15T07:09:04.3832535Z   packages/playwright-core/lib/protocol/validator.js                  212.5kb
2025-04-15T07:09:04.3833640Z   packages/playwright-core/lib/generated/consoleApiSource.js           77.7kb
2025-04-15T07:09:04.3834623Z   packages/playwright-core/lib/server/frames.js                        64.7kb
2025-04-15T07:09:04.3835598Z   packages/playwright-core/lib/server/registry/index.js                62.8kb
2025-04-15T07:09:04.3836509Z   packages/playwright-core/lib/generated/pollingRecorderSource.js      58.5kb
2025-04-15T07:09:04.3837468Z   packages/playwright-core/lib/server/webkit/wkPage.js                 49.6kb
2025-04-15T07:09:04.3838041Z   packages/playwright-core/lib/server/chromium/crPage.js               45.1kb
2025-04-15T07:09:04.3838590Z   packages/playwright-core/lib/server/dom.js                           36.4kb
2025-04-15T07:09:04.3839116Z   packages/playwright-core/lib/server/registry/nativeDeps.js           31.3kb
2025-04-15T07:09:04.3839679Z   packages/playwright-core/lib/server/page.js                          29.9kb
2025-04-15T07:09:04.3840224Z   packages/playwright-core/lib/server/chromium/crNetworkManager.js     29.8kb
2025-04-15T07:09:04.3840757Z   packages/playwright-core/lib/client/page.js                          28.3kb
2025-04-15T07:09:04.3841311Z   packages/playwright-core/lib/utils/isomorphic/cssTokenizer.js        26.2kb
2025-04-15T07:09:04.3841849Z   packages/playwright-core/lib/cli/program.js                          25.9kb
2025-04-15T07:09:04.3842375Z   packages/playwright-core/lib/server/fetch.js                         25.3kb
2025-04-15T07:09:04.3842899Z   packages/playwright-core/lib/server/browserContext.js                25.1kb
2025-04-15T07:09:04.3843438Z   packages/playwright-core/lib/utils/isomorphic/locatorGenerators.js   24.7kb
2025-04-15T07:09:04.3843991Z   packages/playwright-core/lib/client/network.js                       24.5kb
2025-04-15T07:09:04.3844515Z   packages/playwright-core/lib/server/har/harTracer.js                 23.7kb
2025-04-15T07:09:04.3844925Z   ...and 261 more output files...
2025-04-15T07:09:04.3845094Z 
2025-04-15T07:09:04.3845397Z âš¡ Done in 118ms
2025-04-15T07:09:04.3918360Z ==== Running npx esbuild "/home/runner/work/playwright/playwright/packages/playwright-dashboard/src/**/*.ts" --outdir="/home/runner/work/playwright/playwright/packages/playwright-dashboard/lib" --platform=node --format=cjs in /home/runner/work/playwright/playwright
2025-04-15T07:09:04.7526289Z 
2025-04-15T07:09:04.7527143Z   packages/playwright-dashboard/lib/markdownReporter.js     5.4kb
2025-04-15T07:09:04.7528102Z   packages/playwright-dashboard/lib/ghaMarkdownReporter.js  5.1kb
2025-04-15T07:09:04.7528577Z 
2025-04-15T07:09:04.7528949Z âš¡ Done in 3ms
2025-04-15T07:09:04.7619368Z ==== Running npx esbuild "/home/runner/work/playwright/playwright/packages/playwright-ct-core/src/**/*.ts" --outdir="/home/runner/work/playwright/playwright/packages/playwright-ct-core/lib" --platform=node --format=cjs in /home/runner/work/playwright/playwright
2025-04-15T07:09:05.1247727Z 
2025-04-15T07:09:05.1248553Z   packages/playwright-ct-core/lib/vitePlugin.js               9.9kb
2025-04-15T07:09:05.1249237Z   packages/playwright-ct-core/lib/viteUtils.js                7.2kb
2025-04-15T07:09:05.1249721Z   packages/playwright-ct-core/lib/tsxTransform.js             6.5kb
2025-04-15T07:09:05.1250200Z   packages/playwright-ct-core/lib/router.js                   6.1kb
2025-04-15T07:09:05.1250695Z   packages/playwright-ct-core/lib/generated/indexSource.js    4.4kb
2025-04-15T07:09:05.1251185Z   packages/playwright-ct-core/lib/devServer.js                4.3kb
2025-04-15T07:09:05.1251660Z   packages/playwright-ct-core/lib/mount.js                    4.3kb
2025-04-15T07:09:05.1252118Z   packages/playwright-ct-core/lib/injected/serializers.js     3.6kb
2025-04-15T07:09:05.1252584Z   packages/playwright-ct-core/lib/injected/importRegistry.js  2.1kb
2025-04-15T07:09:05.1253104Z   packages/playwright-ct-core/lib/program.js                  1.1kb
2025-04-15T07:09:05.1254056Z   packages/playwright-ct-core/lib/injected/index.js           312b 
2025-04-15T07:09:05.1254492Z 
2025-04-15T07:09:05.1254875Z âš¡ Done in 5ms
2025-04-15T07:09:05.1339142Z ==== Running npm run build in /home/runner/work/playwright/playwright/packages/playwright/bundles/babel
2025-04-15T07:09:05.2887062Z 
2025-04-15T07:09:05.2887578Z > babel-bundle@0.0.1 build
2025-04-15T07:09:05.2888053Z > npm run esbuild -- --minify
2025-04-15T07:09:05.2888261Z 
2025-04-15T07:09:05.4434460Z 
2025-04-15T07:09:05.4435013Z > babel-bundle@0.0.1 esbuild
2025-04-15T07:09:05.4436288Z > esbuild ./src/babelBundleImpl.ts --bundle --outdir=../../lib/transform --format=cjs --platform=node --target=ES2019 --external:playwright --minify
2025-04-15T07:09:05.4437216Z 
2025-04-15T07:09:05.5451532Z 
2025-04-15T07:09:05.5452255Z   ../../lib/transform/babelBundleImpl.js  1.3mb âš ï¸
2025-04-15T07:09:05.5452526Z 
2025-04-15T07:09:05.5452652Z âš¡ Done in 95ms
2025-04-15T07:09:05.5599194Z ==== Running npm run build in /home/runner/work/playwright/playwright/packages/playwright/bundles/expect
2025-04-15T07:09:05.7121601Z 
2025-04-15T07:09:05.7122146Z > expect-bundle@0.0.1 build
2025-04-15T07:09:05.7122736Z > npm run esbuild -- --minify
2025-04-15T07:09:05.7123046Z 
2025-04-15T07:09:05.8693045Z 
2025-04-15T07:09:05.8693602Z > expect-bundle@0.0.1 esbuild
2025-04-15T07:09:05.8694926Z > esbuild ./src/expectBundleImpl.ts --bundle --outdir=../../lib/common --format=cjs --platform=node --target=ES2019 --minify
2025-04-15T07:09:05.8695788Z 
2025-04-15T07:09:05.9048795Z 
2025-04-15T07:09:05.9049358Z   ../../lib/common/expectBundleImpl.js  249.6kb
2025-04-15T07:09:05.9049770Z 
2025-04-15T07:09:05.9050151Z âš¡ Done in 29ms
2025-04-15T07:09:05.9182355Z ==== Running npm run build in /home/runner/work/playwright/playwright/packages/playwright/bundles/utils
2025-04-15T07:09:06.0703189Z 
2025-04-15T07:09:06.0703739Z > utils-bundle@0.0.1 build
2025-04-15T07:09:06.0704305Z > npm run esbuild -- --minify
2025-04-15T07:09:06.0704612Z 
2025-04-15T07:09:06.2314687Z 
2025-04-15T07:09:06.2315236Z > utils-bundle@0.0.1 esbuild
2025-04-15T07:09:06.2315823Z > node build.js --minify
2025-04-15T07:09:06.2316116Z 
2025-04-15T07:09:06.3345810Z ==== Running npm run build in /home/runner/work/playwright/playwright/packages/playwright-core/bundles/utils
2025-04-15T07:09:06.4928156Z 
2025-04-15T07:09:06.4928694Z > utils-bundle@0.0.1 build
2025-04-15T07:09:06.4929065Z > npm run esbuild -- --minify
2025-04-15T07:09:06.4929249Z 
2025-04-15T07:09:06.6470748Z 
2025-04-15T07:09:06.6471173Z > utils-bundle@0.0.1 esbuild
2025-04-15T07:09:06.6471577Z > node build.js --minify
2025-04-15T07:09:06.6471772Z 
2025-04-15T07:09:06.7743681Z ==== Running npm run build in /home/runner/work/playwright/playwright/packages/playwright-core/bundles/zip
2025-04-15T07:09:06.9283968Z 
2025-04-15T07:09:06.9284574Z > zip-bundle@0.0.1 build
2025-04-15T07:09:06.9284908Z > npm run esbuild -- --minify
2025-04-15T07:09:06.9285090Z 
2025-04-15T07:09:07.0826263Z 
2025-04-15T07:09:07.0827116Z > zip-bundle@0.0.1 esbuild
2025-04-15T07:09:07.0827529Z > node build.js --minify
2025-04-15T07:09:07.0827717Z 
2025-04-15T07:09:07.1607587Z ==== Running npm run build in /home/runner/work/playwright/playwright/packages/playwright-client
2025-04-15T07:09:07.3309959Z 
2025-04-15T07:09:07.3310419Z > @playwright/client@0.0.0 build
2025-04-15T07:09:07.3311090Z > esbuild ./src/index.ts --outdir=lib --format=cjs --bundle --platform=node --target=ES2019
2025-04-15T07:09:07.3311482Z 
2025-04-15T07:09:07.3630578Z 
2025-04-15T07:09:07.3630996Z   lib/index.js  395.3kb
2025-04-15T07:09:07.3631196Z 
2025-04-15T07:09:07.3631656Z âš¡ Done in 26ms
2025-04-15T07:09:07.3708002Z ==== Running npx vite --config vite.sw.config.ts build in /home/runner/work/playwright/playwright/packages/trace-viewer
2025-04-15T07:09:07.9286389Z [36mvite v6.2.6 [32mbuilding for production...[36m[39m
2025-04-15T07:09:07.9709560Z transforming...
2025-04-15T07:09:08.3874578Z [32mâœ“[39m 35 modules transformed.
2025-04-15T07:09:08.4585137Z rendering chunks...
2025-04-15T07:09:08.4614562Z computing gzip size...
2025-04-15T07:09:08.4662569Z [2mpublic/[22m[36msw.bundle.js  [39m[1m[2m94.25 kB[22m[1m[22m[2m â”‚ gzip: 32.93 kB[22m
2025-04-15T07:09:08.4663680Z [32mâœ“ built in 514ms[39m
2025-04-15T07:09:08.4880864Z ==== Running npx vite build in /home/runner/work/playwright/playwright/packages/html-reporter
2025-04-15T07:09:09.0430643Z [36mvite v6.2.6 [32mbuilding for production...[36m[39m
2025-04-15T07:09:09.1077114Z transforming...
2025-04-15T07:09:10.1977455Z [32mâœ“[39m 87 modules transformed.
2025-04-15T07:09:10.3489439Z rendering chunks...
2025-04-15T07:09:10.3697557Z computing gzip size...
2025-04-15T07:09:10.3864793Z [2mdist/[22m[32mindex.html                 [39m[1m[2m456.38 kB[22m[1m[22m[2m â”‚ gzip: 174.19 kB[22m
2025-04-15T07:09:10.3866416Z [2mdist/[22m[2massets/[22m[35mstyle-PnV1rYJ2.css  [39m[1m[2m104.86 kB[22m[1m[22m[2m â”‚ gzip:  17.51 kB[22m
2025-04-15T07:09:10.3868377Z [2mdist/[22m[2massets/[22m[36mindex-DR6ASKEW.js   [39m[1m[2m351.11 kB[22m[1m[22m[2m â”‚ gzip: 156.27 kB[22m
2025-04-15T07:09:10.3869437Z [32mâœ“ built in 1.32s[39m
2025-04-15T07:09:10.4121084Z ==== Running npx vite build in /home/runner/work/playwright/playwright/packages/recorder
2025-04-15T07:09:10.9819905Z [36mvite v6.2.6 [32mbuilding for production...[36m[39m
2025-04-15T07:09:11.0463117Z transforming...
2025-04-15T07:09:13.2715972Z [32mâœ“[39m 163 modules transformed.
2025-04-15T07:09:13.5544025Z rendering chunks...
2025-04-15T07:09:13.5770021Z computing gzip size...
2025-04-15T07:09:13.5914280Z [2m../playwright-core/lib/vite/recorder/[22m[32mindex.html                            [39m[1m[2m  1.06 kB[22m[1m[22m[2m â”‚ gzip:  0.65 kB[22m
2025-04-15T07:09:13.5916324Z [2m../playwright-core/lib/vite/recorder/[22m[2massets/[22m[32mcodicon-DCmgc-ay.ttf           [39m[1m[2m 80.34 kB[22m[1m[22m
2025-04-15T07:09:13.5918785Z [2m../playwright-core/lib/vite/recorder/[22m[2massets/[22m[35mcodeMirrorModule-C3UTv-Ge.css  [39m[1m[2m  6.01 kB[22m[1m[22m[2m â”‚ gzip:  1.57 kB[22m
2025-04-15T07:09:13.5921122Z [2m../playwright-core/lib/vite/recorder/[22m[2massets/[22m[35mindex-eHBmevrY.css             [39m[1m[2m 92.01 kB[22m[1m[22m[2m â”‚ gzip: 15.29 kB[22m
2025-04-15T07:09:13.5923336Z [2m../playwright-core/lib/vite/recorder/[22m[2massets/[22m[36mcodeMirrorModule-DVQi6prl.js   [39m[1m[2m293.14 kB[22m[1m[22m[2m â”‚ gzip: 96.81 kB[22m
2025-04-15T07:09:13.5925318Z [2m../playwright-core/lib/vite/recorder/[22m[2massets/[22m[36mindex-97EUAAbk.js              [39m[1m[2m310.50 kB[22m[1m[22m[2m â”‚ gzip: 96.98 kB[22m
2025-04-15T07:09:13.5926347Z [32mâœ“ built in 2.59s[39m
2025-04-15T07:09:13.6273938Z ==== Running npx vite build in /home/runner/work/playwright/playwright/packages/trace-viewer
2025-04-15T07:09:14.1814586Z [36mvite v6.2.6 [32mbuilding for production...[36m[39m
2025-04-15T07:09:14.2448759Z transforming...
2025-04-15T07:09:17.8863659Z [32mâœ“[39m 274 modules transformed.
2025-04-15T07:09:18.1258135Z rendering chunks...
2025-04-15T07:09:18.3167375Z computing gzip size...
2025-04-15T07:09:18.3410374Z [2m../playwright-core/lib/vite/traceViewer/[22m[32muiMode.html                             [39m[1m[2m  0.63 kB[22m[1m[22m[2m â”‚ gzip:   0.35 kB[22m
2025-04-15T07:09:18.3412511Z [2m../playwright-core/lib/vite/traceViewer/[22m[32msnapshot.html                           [39m[1m[2m  0.80 kB[22m[1m[22m[2m â”‚ gzip:   0.42 kB[22m
2025-04-15T07:09:18.3414586Z [2m../playwright-core/lib/vite/traceViewer/[22m[32mindex.html                              [39m[1m[2m  2.26 kB[22m[1m[22m[2m â”‚ gzip:   1.01 kB[22m
2025-04-15T07:09:18.3416524Z [2m../playwright-core/lib/vite/traceViewer/[22m[32mcodicon.DCmgc-ay.ttf                    [39m[1m[2m 80.34 kB[22m[1m[22m
2025-04-15T07:09:18.3418813Z [2m../playwright-core/lib/vite/traceViewer/[22m[35mindex.CFOW-Ezb.css                      [39m[1m[2m  1.38 kB[22m[1m[22m[2m â”‚ gzip:   0.59 kB[22m
2025-04-15T07:09:18.3420972Z [2m../playwright-core/lib/vite/traceViewer/[22m[35mxtermModule.Beg8tuEN.css                [39m[1m[2m  3.97 kB[22m[1m[22m[2m â”‚ gzip:   1.64 kB[22m
2025-04-15T07:09:18.3423553Z [2m../playwright-core/lib/vite/traceViewer/[22m[35mcodeMirrorModule.C3UTv-Ge.css           [39m[1m[2m  6.01 kB[22m[1m[22m[2m â”‚ gzip:   1.57 kB[22m
2025-04-15T07:09:18.3425507Z [2m../playwright-core/lib/vite/traceViewer/[22m[35muiMode.BatfzHMG.css                     [39m[1m[2m 59.97 kB[22m[1m[22m[2m â”‚ gzip:   9.13 kB[22m
2025-04-15T07:09:18.3427639Z [2m../playwright-core/lib/vite/traceViewer/[22m[35mdefaultSettingsView.QdHITyLI.css        [39m[1m[2m110.58 kB[22m[1m[22m[2m â”‚ gzip:  18.83 kB[22m
2025-04-15T07:09:18.3429509Z [2m../playwright-core/lib/vite/traceViewer/[22m[36mindex.DEz423L4.js                       [39m[1m[2m  6.83 kB[22m[1m[22m[2m â”‚ gzip:   2.80 kB[22m
2025-04-15T07:09:18.3430415Z [33m
2025-04-15T07:09:18.3431037Z (!) Some chunks are larger than 500 kB after minification. Consider:
2025-04-15T07:09:18.3431829Z - Using dynamic import() to code-split the application
2025-04-15T07:09:18.3433378Z - Use build.rollupOptions.output.manualChunks to improve chunking: https://rollupjs.org/configuration-options/#output-manualchunks
2025-04-15T07:09:18.3434866Z - Adjust chunk size limit for this warning via build.chunkSizeWarningLimit.[39m
2025-04-15T07:09:18.3436518Z [2m../playwright-core/lib/vite/traceViewer/[22m[36muiMode.tOVLG4Iq.js                      [39m[1m[2m 34.77 kB[22m[1m[22m[2m â”‚ gzip:  11.99 kB[22m
2025-04-15T07:09:18.3438693Z [2m../playwright-core/lib/vite/traceViewer/[22m[2massets/[22m[36mxtermModule-BoAIEibi.js          [39m[1m[2m283.88 kB[22m[1m[22m[2m â”‚ gzip:  70.59 kB[22m
2025-04-15T07:09:18.3440935Z [2m../playwright-core/lib/vite/traceViewer/[22m[2massets/[22m[36mcodeMirrorModule-DmECmEzQ.js     [39m[1m[2m293.16 kB[22m[1m[22m[2m â”‚ gzip:  96.81 kB[22m
2025-04-15T07:09:18.3443148Z [2m../playwright-core/lib/vite/traceViewer/[22m[2massets/[22m[36mdefaultSettingsView-DyspnYaq.js  [39m[1m[33m574.41 kB[39m[22m[2m â”‚ gzip: 175.84 kB[22m
2025-04-15T07:09:18.3444347Z [32mâœ“ built in 4.14s[39m
2025-04-15T07:09:18.3896477Z ==== Running node /home/runner/work/playwright/playwright/utils/generate_injected.js in /home/runner/work/playwright/playwright
2025-04-15T07:09:18.5067582Z ==== Running node /home/runner/work/playwright/playwright/utils/generate_channels.js in /home/runner/work/playwright/playwright
2025-04-15T07:09:18.7168859Z ==== Running node /home/runner/work/playwright/playwright/utils/generate_types/index.js in /home/runner/work/playwright/playwright
2025-04-15T07:09:21.8561374Z ##[endgroup]
2025-04-15T07:09:21.8590224Z ##[group]Run echo "::group::npx playwright install --with-deps"
2025-04-15T07:09:21.8590664Z [36;1mecho "::group::npx playwright install --with-deps"[0m
2025-04-15T07:09:21.8591017Z [36;1mnpx playwright install --with-deps [0m
2025-04-15T07:09:21.8591304Z [36;1mecho "::endgroup::"[0m
2025-04-15T07:09:21.8637111Z shell: /usr/bin/bash --noprofile --norc -e -o pipefail {0}
2025-04-15T07:09:21.8637445Z env:
2025-04-15T07:09:21.8637624Z   FORCE_COLOR: 1
2025-04-15T07:09:21.8637834Z   ELECTRON_SKIP_BINARY_DOWNLOAD: 1
2025-04-15T07:09:21.8638084Z   DEBUG_GIT_COMMIT_INFO: 1
2025-04-15T07:09:21.8638320Z   PWTEST_CHANNEL: firefox-beta
2025-04-15T07:09:21.8638557Z ##[endgroup]
2025-04-15T07:09:21.8703140Z ##[group]npx playwright install --with-deps
2025-04-15T07:09:22.7446346Z Installing dependencies...
2025-04-15T07:09:22.7513355Z Switching to root user to install dependencies...
2025-04-15T07:09:22.8208019Z Get:1 file:/etc/apt/apt-mirrors.txt Mirrorlist [142 B]
2025-04-15T07:09:22.8594714Z Hit:2 http://azure.archive.ubuntu.com/ubuntu noble InRelease
2025-04-15T07:09:22.8597669Z Hit:6 https://packages.microsoft.com/repos/azure-cli noble InRelease
2025-04-15T07:09:22.8603658Z Get:7 https://packages.microsoft.com/ubuntu/24.04/prod noble InRelease [3600 B]
2025-04-15T07:09:22.8617382Z Get:3 http://azure.archive.ubuntu.com/ubuntu noble-updates InRelease [126 kB]
2025-04-15T07:09:22.8664840Z Hit:4 http://azure.archive.ubuntu.com/ubuntu noble-backports InRelease
2025-04-15T07:09:22.8694375Z Get:5 http://azure.archive.ubuntu.com/ubuntu noble-security InRelease [126 kB]
2025-04-15T07:09:23.0256468Z Get:8 https://packages.microsoft.com/ubuntu/24.04/prod noble/main amd64 Packages [27.2 kB]
2025-04-15T07:09:23.0358615Z Get:9 https://packages.microsoft.com/ubuntu/24.04/prod noble/main arm64 Packages [17.1 kB]
2025-04-15T07:09:23.0719016Z Get:10 http://azure.archive.ubuntu.com/ubuntu noble-updates/main amd64 Packages [992 kB]
2025-04-15T07:09:23.0785457Z Get:11 http://azure.archive.ubuntu.com/ubuntu noble-updates/main Translation-en [219 kB]
2025-04-15T07:09:23.0812541Z Get:12 http://azure.archive.ubuntu.com/ubuntu noble-updates/universe amd64 Packages [1054 kB]
2025-04-15T07:09:23.0893528Z Get:13 http://azure.archive.ubuntu.com/ubuntu noble-updates/universe Translation-en [266 kB]
2025-04-15T07:09:23.0918825Z Get:14 http://azure.archive.ubuntu.com/ubuntu noble-updates/restricted Translation-en [182 kB]
2025-04-15T07:09:23.1740992Z Get:15 http://azure.archive.ubuntu.com/ubuntu noble-security/main amd64 Packages [748 kB]
2025-04-15T07:09:23.1794849Z Get:16 http://azure.archive.ubuntu.com/ubuntu noble-security/main Translation-en [143 kB]
2025-04-15T07:09:23.1819603Z Get:17 http://azure.archive.ubuntu.com/ubuntu noble-security/universe amd64 Packages [830 kB]
2025-04-15T07:09:23.1882137Z Get:18 http://azure.archive.ubuntu.com/ubuntu noble-security/universe Translation-en [181 kB]
2025-04-15T07:09:23.1901813Z Get:19 http://azure.archive.ubuntu.com/ubuntu noble-security/restricted Translation-en [175 kB]
2025-04-15T07:09:28.2432783Z Fetched 5090 kB in 1s (7028 kB/s)
2025-04-15T07:09:28.8572755Z Reading package lists...
2025-04-15T07:09:28.8817377Z Reading package lists...
2025-04-15T07:09:29.0200322Z Building dependency tree...
2025-04-15T07:09:29.0207822Z Reading state information...
2025-04-15T07:09:29.0348522Z libasound2t64 is already the newest version (1.2.11-1build2).
2025-04-15T07:09:29.0349267Z libasound2t64 set to manually installed.
2025-04-15T07:09:29.0349952Z libatk-bridge2.0-0t64 is already the newest version (2.52.0-1build1).
2025-04-15T07:09:29.0350629Z libatk-bridge2.0-0t64 set to manually installed.
2025-04-15T07:09:29.0351269Z libatk1.0-0t64 is already the newest version (2.52.0-1build1).
2025-04-15T07:09:29.0351828Z libatk1.0-0t64 set to manually installed.
2025-04-15T07:09:29.0352319Z libatspi2.0-0t64 is already the newest version (2.52.0-1build1).
2025-04-15T07:09:29.0352798Z libatspi2.0-0t64 set to manually installed.
2025-04-15T07:09:29.0353265Z libcairo2 is already the newest version (1.18.0-3build1).
2025-04-15T07:09:29.0353704Z libcairo2 set to manually installed.
2025-04-15T07:09:29.0354187Z libcups2t64 is already the newest version (2.4.7-1.2ubuntu7.3).
2025-04-15T07:09:29.0354655Z libcups2t64 set to manually installed.
2025-04-15T07:09:29.0355139Z libdbus-1-3 is already the newest version (1.14.10-4ubuntu4.1).
2025-04-15T07:09:29.0356047Z libdbus-1-3 set to manually installed.
2025-04-15T07:09:29.0356802Z libdrm2 is already the newest version (2.4.122-1~ubuntu0.24.04.1).
2025-04-15T07:09:29.0357286Z libdrm2 set to manually installed.
2025-04-15T07:09:29.0357780Z libgbm1 is already the newest version (24.2.8-1ubuntu1~24.04.1).
2025-04-15T07:09:29.0358230Z libgbm1 set to manually installed.
2025-04-15T07:09:29.0358708Z libglib2.0-0t64 is already the newest version (2.80.0-6ubuntu3.2).
2025-04-15T07:09:29.0359190Z libglib2.0-0t64 set to manually installed.
2025-04-15T07:09:29.0359668Z libnspr4 is already the newest version (2:4.35-1.1build1).
2025-04-15T07:09:29.0360100Z libnspr4 set to manually installed.
2025-04-15T07:09:29.0360536Z libnss3 is already the newest version (2:3.98-1build1).
2025-04-15T07:09:29.0360955Z libnss3 set to manually installed.
2025-04-15T07:09:29.0361436Z libpango-1.0-0 is already the newest version (1.52.1+ds-1build1).
2025-04-15T07:09:29.0361913Z libpango-1.0-0 set to manually installed.
2025-04-15T07:09:29.0362741Z libx11-6 is already the newest version (2:1.8.7-1build1).
2025-04-15T07:09:29.0363136Z libx11-6 set to manually installed.
2025-04-15T07:09:29.0363505Z libxcb1 is already the newest version (1.15-1ubuntu2).
2025-04-15T07:09:29.0363853Z libxcb1 set to manually installed.
2025-04-15T07:09:29.0364254Z libxcomposite1 is already the newest version (1:0.4.5-1build3).
2025-04-15T07:09:29.0364665Z libxcomposite1 set to manually installed.
2025-04-15T07:09:29.0365066Z libxdamage1 is already the newest version (1:1.1.6-1build1).
2025-04-15T07:09:29.0365436Z libxdamage1 set to manually installed.
2025-04-15T07:09:29.0365819Z libxext6 is already the newest version (2:1.3.4-1build2).
2025-04-15T07:09:29.0366168Z libxext6 set to manually installed.
2025-04-15T07:09:29.0366683Z libxfixes3 is already the newest version (1:6.0.0-2build1).
2025-04-15T07:09:29.0367063Z libxfixes3 set to manually installed.
2025-04-15T07:09:29.0367454Z libxkbcommon0 is already the newest version (1.6.0-1build1).
2025-04-15T07:09:29.0367846Z libxkbcommon0 set to manually installed.
2025-04-15T07:09:29.0368239Z libxrandr2 is already the newest version (2:1.5.2-2build1).
2025-04-15T07:09:29.0368609Z libxrandr2 set to manually installed.
2025-04-15T07:09:29.0369020Z libcairo-gobject2 is already the newest version (1.18.0-3build1).
2025-04-15T07:09:29.0369433Z libcairo-gobject2 set to manually installed.
2025-04-15T07:09:29.0369858Z libfontconfig1 is already the newest version (2.15.0-1.1ubuntu2).
2025-04-15T07:09:29.0370248Z libfontconfig1 set to manually installed.
2025-04-15T07:09:29.0370661Z libfreetype6 is already the newest version (2.13.2+dfsg-1build3).
2025-04-15T07:09:29.0371050Z libfreetype6 set to manually installed.
2025-04-15T07:09:29.0371509Z libgdk-pixbuf-2.0-0 is already the newest version (2.42.10+dfsg-3ubuntu3.1).
2025-04-15T07:09:29.0371970Z libgdk-pixbuf-2.0-0 set to manually installed.
2025-04-15T07:09:29.0372426Z libpangocairo-1.0-0 is already the newest version (1.52.1+ds-1build1).
2025-04-15T07:09:29.0372863Z libpangocairo-1.0-0 set to manually installed.
2025-04-15T07:09:29.0373280Z libx11-xcb1 is already the newest version (2:1.8.7-1build1).
2025-04-15T07:09:29.0373678Z libx11-xcb1 set to manually installed.
2025-04-15T07:09:29.0374072Z libxcb-shm0 is already the newest version (1.15-1ubuntu2).
2025-04-15T07:09:29.0374448Z libxcb-shm0 set to manually installed.
2025-04-15T07:09:29.0374851Z libxcursor1 is already the newest version (1:1.2.1-1build1).
2025-04-15T07:09:29.0375222Z libxcursor1 set to manually installed.
2025-04-15T07:09:29.0375587Z libxi6 is already the newest version (2:1.8.1-1build1).
2025-04-15T07:09:29.0375935Z libxi6 set to manually installed.
2025-04-15T07:09:29.0376340Z libxrender1 is already the newest version (1:0.9.10-1.1build1).
2025-04-15T07:09:29.0376845Z libxrender1 set to manually installed.
2025-04-15T07:09:29.0377220Z libicu74 is already the newest version (74.2-1ubuntu3.1).
2025-04-15T07:09:29.0377597Z libicu74 set to manually installed.
2025-04-15T07:09:29.0378198Z libatomic1 is already the newest version (14.2.0-4ubuntu2~24.04).
2025-04-15T07:09:29.0378602Z libatomic1 set to manually installed.
2025-04-15T07:09:29.0379002Z libenchant-2-2 is already the newest version (2.3.3-2build2).
2025-04-15T07:09:29.0379388Z libenchant-2-2 set to manually installed.
2025-04-15T07:09:29.0379772Z libepoxy0 is already the newest version (1.5.10-1build1).
2025-04-15T07:09:29.0380130Z libepoxy0 set to manually installed.
2025-04-15T07:09:29.0380540Z libgstreamer1.0-0 is already the newest version (1.24.2-1ubuntu0.1).
2025-04-15T07:09:29.0380958Z libgstreamer1.0-0 set to manually installed.
2025-04-15T07:09:29.0381360Z libharfbuzz0b is already the newest version (8.3.0-2build2).
2025-04-15T07:09:29.0381740Z libharfbuzz0b set to manually installed.
2025-04-15T07:09:29.0382148Z libjpeg-turbo8 is already the newest version (2.1.5-2ubuntu2).
2025-04-15T07:09:29.0382531Z libjpeg-turbo8 set to manually installed.
2025-04-15T07:09:29.0382906Z liblcms2-2 is already the newest version (2.14-2build1).
2025-04-15T07:09:29.0383385Z liblcms2-2 set to manually installed.
2025-04-15T07:09:29.0383783Z libpng16-16t64 is already the newest version (1.6.43-5build1).
2025-04-15T07:09:29.1690904Z libpng16-16t64 set to manually installed.
2025-04-15T07:09:29.1692043Z libwayland-client0 is already the newest version (1.22.0-2.1build1).
2025-04-15T07:09:29.1692690Z libwayland-client0 set to manually installed.
2025-04-15T07:09:29.1693400Z libwayland-egl1 is already the newest version (1.22.0-2.1build1).
2025-04-15T07:09:29.1694241Z libwayland-egl1 set to manually installed.
2025-04-15T07:09:29.1694837Z libwayland-server0 is already the newest version (1.22.0-2.1build1).
2025-04-15T07:09:29.1695321Z libwayland-server0 set to manually installed.
2025-04-15T07:09:29.1695892Z libwebp7 is already the newest version (1.3.2-0.4build3).
2025-04-15T07:09:29.1696426Z libwebp7 set to manually installed.
2025-04-15T07:09:29.1697189Z libwebpdemux2 is already the newest version (1.3.2-0.4build3).
2025-04-15T07:09:29.1697663Z libwebpdemux2 set to manually installed.
2025-04-15T07:09:29.1698140Z libxml2 is already the newest version (2.9.14+dfsg-1.3ubuntu3.2).
2025-04-15T07:09:29.1698585Z libxml2 set to manually installed.
2025-04-15T07:09:29.1699013Z xvfb is already the newest version (2:21.1.12-1ubuntu1.3).
2025-04-15T07:09:29.1699603Z fonts-noto-color-emoji is already the newest version (2.047-0ubuntu0.24.04.1).
2025-04-15T07:09:29.1700190Z fonts-liberation is already the newest version (1:2.1.5-3).
2025-04-15T07:09:29.1700634Z fonts-liberation set to manually installed.
2025-04-15T07:09:29.1701063Z The following additional packages will be installed:
2025-04-15T07:09:29.1701559Z   glib-networking glib-networking-common glib-networking-services
2025-04-15T07:09:29.1702149Z   gsettings-desktop-schemas gtk-update-icon-cache libaa1 libabsl20220623t64
2025-04-15T07:09:29.1702982Z   libass9 libasyncns0 libavc1394-0 libavcodec60 libavfilter9 libavformat60
2025-04-15T07:09:29.1703512Z   libavtp0 libavutil58 libblas3 libbluray2 libbs2b0 libcaca0
2025-04-15T07:09:29.1704061Z   libcairo-script-interpreter2 libcdparanoia0 libchromaprint1 libcjson1
2025-04-15T07:09:29.1704591Z   libcodec2-1.2 libdav1d7 libdc1394-25 libdca0 libdecor-0-0
2025-04-15T07:09:29.1705076Z   libdirectfb-1.7-7t64 libdv4t64 libdvdnav4 libdvdread8t64 libegl-mesa0
2025-04-15T07:09:29.1705590Z   libegl1 libfaad2 libflac12t64 libfluidsynth3 libfreeaptx0 libgav1-1 libgme0
2025-04-15T07:09:29.1706112Z   libgraphene-1.0-0 libgsm1 libgssdp-1.6-0 libgstreamer-plugins-good1.0-0
2025-04-15T07:09:29.1706816Z   libgtk-3-common libgtk-4-common libgupnp-1.6-0 libgupnp-igd-1.6-0 libhwy1t64
2025-04-15T07:09:29.1707345Z   libiec61883-0 libimath-3-1-29t64 libinstpatch-1.0-2 libjack-jackd2-0
2025-04-15T07:09:29.1707853Z   libjxl0.7 liblapack3 liblc3-1 libldacbt-enc2 liblilv-0-0 liblrdf0 libltc11
2025-04-15T07:09:29.1708374Z   libmbedcrypto7t64 libmfx1 libmjpegutils-2.1-0t64 libmodplug1 libmp3lame0
2025-04-15T07:09:29.1708888Z   libmpcdec6 libmpeg2encpp-2.1-0t64 libmpg123-0t64 libmplex2-2.1-0t64
2025-04-15T07:09:29.1709652Z   libmysofa1 libneon27t64 libnice10 libopenal-data libopenal1
2025-04-15T07:09:29.1710150Z   libopenexr-3-1-30 libopenh264-7 libopenmpt0t64 libopenni2-0 liborc-0.4-0t64
2025-04-15T07:09:29.1710644Z   libpipewire-0.3-0t64 libplacebo338 libpocketsphinx3 libpostproc57
2025-04-15T07:09:29.1711139Z   libproxy1v5 libpulse0 libqrencode4 libraptor2-0 librav1e0 libraw1394-11
2025-04-15T07:09:29.1711641Z   librist4 librsvg2-2 librubberband2 libsamplerate0 libsbc1 libsdl2-2.0-0
2025-04-15T07:09:29.1712144Z   libsecret-common libserd-0-0 libshine3 libshout3 libsndfile1 libsndio7.0
2025-04-15T07:09:29.1712634Z   libsord-0-0 libsoundtouch1 libsoup-3.0-0 libsoup-3.0-common libsoxr0
2025-04-15T07:09:29.1713151Z   libspa-0.2-modules libspandsp2t64 libspeex1 libsphinxbase3t64 libsratom-0-0
2025-04-15T07:09:29.1713684Z   libsrt1.5-gnutls libsrtp2-1 libssh-gcrypt-4 libsvtav1enc1d1 libswresample4
2025-04-15T07:09:29.1714209Z   libswscale7 libtag1v5 libtag1v5-vanilla libtheora0 libtwolame0 libudfread0
2025-04-15T07:09:29.1714861Z   libunibreak5 libv4l-0t64 libv4lconvert0t64 libva-drm2 libva-x11-2 libva2
2025-04-15T07:09:29.1715361Z   libvdpau1 libvidstab1.1 libvisual-0.4-0 libvo-aacenc0 libvo-amrwbenc0
2025-04-15T07:09:29.1715879Z   libvorbisenc2 libvpl2 libwavpack1 libwebrtc-audio-processing1 libwildmidi2
2025-04-15T07:09:29.1716414Z   libx265-199 libxcb-xkb1 libxkbcommon-x11-0 libxvidcore4 libyuv0 libzbar0t64
2025-04-15T07:09:29.1717073Z   libzimg2 libzix-0-0 libzvbi-common libzvbi0t64 libzxing3 ocl-icd-libopencl1
2025-04-15T07:09:29.1717580Z   session-migration timgm6mb-soundfont xfonts-encodings xfonts-utils
2025-04-15T07:09:29.1717955Z Suggested packages:
2025-04-15T07:09:29.1718323Z   frei0r-plugins gvfs libcuda1 libnvcuvid1 libnvidia-encode1 libbluray-bdj
2025-04-15T07:09:29.1718840Z   libdirectfb-extra libdv-bin oss-compat libdvdcss2 libvisual-0.4-plugins
2025-04-15T07:09:29.1719334Z   jackd2 liblrdf0-dev libportaudio2 opus-tools pipewire pulseaudio
2025-04-15T07:09:29.1719818Z   raptor2-utils libraw1394-doc librsvg2-bin serdi sndiod sordi speex
2025-04-15T07:09:29.1720246Z   libwildmidi-config opencl-icd fluid-soundfont-gm
2025-04-15T07:09:29.1720570Z Recommended packages:
2025-04-15T07:09:29.1720911Z   fonts-ipafont-mincho fonts-tlwg-loma gstreamer1.0-x libaacs0
2025-04-15T07:09:29.1721388Z   default-libdecor-0-plugin-1 | libdecor-0-plugin-1 gstreamer1.0-gl
2025-04-15T07:09:29.1721873Z   libgtk-3-bin librsvg2-common libgtk-4-bin libgtk-4-media-gstreamer
2025-04-15T07:09:29.1722357Z   libpipewire-0.3-common pocketsphinx-en-us va-driver-all | va-driver
2025-04-15T07:09:29.1722818Z   vdpau-driver-all | vdpau-driver libmagickcore-6.q16-7-extra
2025-04-15T07:09:29.2399275Z The following NEW packages will be installed:
2025-04-15T07:09:29.2400289Z   fonts-freefont-ttf fonts-ipafont-gothic fonts-tlwg-loma-otf fonts-unifont
2025-04-15T07:09:29.2401326Z   fonts-wqy-zenhei glib-networking glib-networking-common
2025-04-15T07:09:29.2402349Z   glib-networking-services gsettings-desktop-schemas gstreamer1.0-libav
2025-04-15T07:09:29.2403218Z   gstreamer1.0-plugins-bad gstreamer1.0-plugins-base gstreamer1.0-plugins-good
2025-04-15T07:09:29.2404068Z   libaa1 libabsl20220623t64 libass9 libasyncns0 libavc1394-0 libavcodec60
2025-04-15T07:09:29.2405171Z   libavfilter9 libavformat60 libavif16 libavtp0 libavutil58 libblas3
2025-04-15T07:09:29.2405853Z   libbluray2 libbs2b0 libcaca0 libcairo-script-interpreter2 libcdparanoia0
2025-04-15T07:09:29.2406439Z   libchromaprint1 libcjson1 libcodec2-1.2 libdav1d7 libdc1394-25 libdca0
2025-04-15T07:09:29.2407350Z   libdecor-0-0 libdirectfb-1.7-7t64 libdv4t64 libdvdnav4 libdvdread8t64
2025-04-15T07:09:29.2408002Z   libegl-mesa0 libegl1 libevent-2.1-7t64 libfaad2 libflac12t64 libflite1
2025-04-15T07:09:29.2408541Z   libfluidsynth3 libfreeaptx0 libgav1-1 libgles2 libgme0 libgraphene-1.0-0
2025-04-15T07:09:29.2409104Z   libgsm1 libgssdp-1.6-0 libgstreamer-gl1.0-0 libgstreamer-plugins-bad1.0-0
2025-04-15T07:09:29.2409670Z   libgstreamer-plugins-base1.0-0 libgstreamer-plugins-good1.0-0 libgtk-4-1
2025-04-15T07:09:29.2410503Z   libgtk-4-common libgupnp-1.6-0 libgupnp-igd-1.6-0 libharfbuzz-icu0
2025-04-15T07:09:29.2411074Z   libhwy1t64 libhyphen0 libiec61883-0 libimath-3-1-29t64 libinstpatch-1.0-2
2025-04-15T07:09:29.2411759Z   libjack-jackd2-0 libjxl0.7 liblapack3 liblc3-1 libldacbt-enc2 liblilv-0-0
2025-04-15T07:09:29.2412259Z   liblrdf0 libltc11 libmanette-0.2-0 libmbedcrypto7t64 libmfx1
2025-04-15T07:09:29.2412710Z   libmjpegutils-2.1-0t64 libmodplug1 libmp3lame0 libmpcdec6
2025-04-15T07:09:29.2413185Z   libmpeg2encpp-2.1-0t64 libmpg123-0t64 libmplex2-2.1-0t64 libmysofa1
2025-04-15T07:09:29.2413687Z   libneon27t64 libnice10 libopenal-data libopenal1 libopenexr-3-1-30
2025-04-15T07:09:29.2414189Z   libopenh264-7 libopenmpt0t64 libopenni2-0 libopus0 liborc-0.4-0t64
2025-04-15T07:09:29.2414690Z   libpipewire-0.3-0t64 libplacebo338 libpocketsphinx3 libpostproc57
2025-04-15T07:09:29.2415211Z   libproxy1v5 libpulse0 libqrencode4 libraptor2-0 librav1e0 libraw1394-11
2025-04-15T07:09:29.2415760Z   librist4 librsvg2-2 librubberband2 libsamplerate0 libsbc1 libsdl2-2.0-0
2025-04-15T07:09:29.2416803Z   libsecret-1-0 libsecret-common libserd-0-0 libshine3 libshout3 libsndfile1
2025-04-15T07:09:29.2417356Z   libsndio7.0 libsord-0-0 libsoundtouch1 libsoup-3.0-0 libsoup-3.0-common
2025-04-15T07:09:29.2417846Z   libsoxr0 libspa-0.2-modules libspandsp2t64 libspeex1 libsphinxbase3t64
2025-04-15T07:09:29.2418344Z   libsratom-0-0 libsrt1.5-gnutls libsrtp2-1 libssh-gcrypt-4 libsvtav1enc1d1
2025-04-15T07:09:29.2418838Z   libswresample4 libswscale7 libtag1v5 libtag1v5-vanilla libtheora0
2025-04-15T07:09:29.2419317Z   libtwolame0 libudfread0 libunibreak5 libv4l-0t64 libv4lconvert0t64
2025-04-15T07:09:29.2419794Z   libva-drm2 libva-x11-2 libva2 libvdpau1 libvidstab1.1 libvisual-0.4-0
2025-04-15T07:09:29.2420283Z   libvo-aacenc0 libvo-amrwbenc0 libvorbisenc2 libvpl2 libvpx9 libwavpack1
2025-04-15T07:09:29.2420802Z   libwebrtc-audio-processing1 libwildmidi2 libwoff1 libx264-164 libx265-199
2025-04-15T07:09:29.2421330Z   libxcb-xkb1 libxkbcommon-x11-0 libxvidcore4 libyuv0 libzbar0t64 libzimg2
2025-04-15T07:09:29.2421833Z   libzix-0-0 libzvbi-common libzvbi0t64 libzxing3 ocl-icd-libopencl1
2025-04-15T07:09:29.2422329Z   session-migration timgm6mb-soundfont xfonts-cyrillic xfonts-encodings
2025-04-15T07:09:29.2422724Z   xfonts-scalable xfonts-utils
2025-04-15T07:09:29.2423042Z The following packages will be upgraded:
2025-04-15T07:09:29.2423436Z   gtk-update-icon-cache libgtk-3-0t64 libgtk-3-common libxslt1.1
2025-04-15T07:09:29.2630924Z 4 upgraded, 179 newly installed, 0 to remove and 97 not upgraded.
2025-04-15T07:09:29.2631602Z Need to get 118 MB of archives.
2025-04-15T07:09:29.2632334Z After this operation, 364 MB of additional disk space will be used.
2025-04-15T07:09:29.2633152Z Get:1 file:/etc/apt/apt-mirrors.txt Mirrorlist [142 B]
2025-04-15T07:09:29.3963961Z Get:2 http://azure.archive.ubuntu.com/ubuntu noble/universe amd64 fonts-ipafont-gothic all 00303-21ubuntu1 [3513 kB]
2025-04-15T07:09:29.9064507Z Get:3 http://azure.archive.ubuntu.com/ubuntu noble/main amd64 fonts-freefont-ttf all 20211204+svn4273-2 [5641 kB]
2025-04-15T07:09:30.4068397Z Get:4 http://azure.archive.ubuntu.com/ubuntu noble/universe amd64 fonts-tlwg-loma-otf all 1:0.7.3-1 [107 kB]
2025-04-15T07:09:30.4923584Z Get:5 http://azure.archive.ubuntu.com/ubuntu noble/universe amd64 fonts-unifont all 1:15.1.01-1build1 [2993 kB]
2025-04-15T07:09:30.9192946Z Get:6 http://azure.archive.ubuntu.com/ubuntu noble/universe amd64 fonts-wqy-zenhei all 0.9.45-8 [7472 kB]
2025-04-15T07:09:31.5896970Z Get:7 http://azure.archive.ubuntu.com/ubuntu noble/main amd64 libproxy1v5 amd64 0.5.4-4build1 [26.5 kB]
2025-04-15T07:09:31.6730038Z Get:8 http://azure.archive.ubuntu.com/ubuntu noble/main amd64 glib-networking-common all 2.80.0-1build1 [6702 B]
2025-04-15T07:09:31.7563179Z Get:9 http://azure.archive.ubuntu.com/ubuntu noble/main amd64 glib-networking-services amd64 2.80.0-1build1 [12.8 kB]
2025-04-15T07:09:31.8400438Z Get:10 http://azure.archive.ubuntu.com/ubuntu noble/main amd64 session-migration amd64 0.3.9build1 [9034 B]
2025-04-15T07:09:31.9246485Z Get:11 http://azure.archive.ubuntu.com/ubuntu noble-updates/main amd64 gsettings-desktop-schemas all 46.1-0ubuntu1 [35.6 kB]
2025-04-15T07:09:32.0083949Z Get:12 http://azure.archive.ubuntu.com/ubuntu noble/main amd64 glib-networking amd64 2.80.0-1build1 [64.1 kB]
2025-04-15T07:09:32.0946317Z Get:13 http://azure.archive.ubuntu.com/ubuntu noble/universe amd64 libva2 amd64 2.20.0-2build1 [66.2 kB]
2025-04-15T07:09:32.1771265Z Get:14 http://azure.archive.ubuntu.com/ubuntu noble/universe amd64 libva-drm2 amd64 2.20.0-2build1 [7124 B]
2025-04-15T07:09:32.2611138Z Get:15 http://azure.archive.ubuntu.com/ubuntu noble/universe amd64 libva-x11-2 amd64 2.20.0-2build1 [12.0 kB]
2025-04-15T07:09:32.3449548Z Get:16 http://azure.archive.ubuntu.com/ubuntu noble/main amd64 libvdpau1 amd64 1.5-2build1 [27.8 kB]
2025-04-15T07:09:32.4285665Z Get:17 http://azure.archive.ubuntu.com/ubuntu noble/universe amd64 libvpl2 amd64 2023.3.0-1build1 [99.8 kB]
2025-04-15T07:09:32.5565780Z Get:18 http://azure.archive.ubuntu.com/ubuntu noble/universe amd64 ocl-icd-libopencl1 amd64 2.3.2-1build1 [38.5 kB]
2025-04-15T07:09:32.6400501Z Get:19 http://azure.archive.ubuntu.com/ubuntu noble/universe amd64 libavutil58 amd64 7:6.1.1-3ubuntu5 [401 kB]
2025-04-15T07:09:32.8066083Z Get:20 http://azure.archive.ubuntu.com/ubuntu noble/universe amd64 libcodec2-1.2 amd64 1.2.0-2build1 [8998 kB]
2025-04-15T07:09:33.4802064Z Get:21 http://azure.archive.ubuntu.com/ubuntu noble/universe amd64 libdav1d7 amd64 1.4.1-1build1 [604 kB]
2025-04-15T07:09:33.6457087Z Get:22 http://azure.archive.ubuntu.com/ubuntu noble/universe amd64 libgsm1 amd64 1.0.22-1build1 [27.8 kB]
2025-04-15T07:09:33.7289023Z Get:23 http://azure.archive.ubuntu.com/ubuntu noble/universe amd64 libhwy1t64 amd64 1.0.7-8.1build1 [584 kB]
2025-04-15T07:09:33.8981685Z Get:24 http://azure.archive.ubuntu.com/ubuntu noble/universe amd64 libjxl0.7 amd64 0.7.0-10.2ubuntu6 [999 kB]
2025-04-15T07:09:34.1488691Z Get:25 http://azure.archive.ubuntu.com/ubuntu noble/main amd64 libmp3lame0 amd64 3.100-6build1 [142 kB]
2025-04-15T07:09:34.2347014Z Get:26 http://azure.archive.ubuntu.com/ubuntu noble/main amd64 libopus0 amd64 1.4-1build1 [208 kB]
2025-04-15T07:09:34.3224372Z Get:27 http://azure.archive.ubuntu.com/ubuntu noble/universe amd64 librav1e0 amd64 0.7.1-2 [1022 kB]
2025-04-15T07:09:34.5725212Z Get:28 http://azure.archive.ubuntu.com/ubuntu noble/main amd64 librsvg2-2 amd64 2.58.0+dfsg-1build1 [2135 kB]
2025-04-15T07:09:34.9108031Z Get:29 http://azure.archive.ubuntu.com/ubuntu noble/universe amd64 libshine3 amd64 3.1.1-2build1 [23.2 kB]
2025-04-15T07:09:34.9946461Z Get:30 http://azure.archive.ubuntu.com/ubuntu noble-updates/main amd64 libspeex1 amd64 1.2.1-2ubuntu2.24.04.1 [59.6 kB]
2025-04-15T07:09:35.0790171Z Get:31 http://azure.archive.ubuntu.com/ubuntu noble/universe amd64 libsvtav1enc1d1 amd64 1.7.0+dfsg-2build1 [2425 kB]
2025-04-15T07:09:35.4851205Z Get:32 http://azure.archive.ubuntu.com/ubuntu noble/universe amd64 libsoxr0 amd64 0.1.3-4build3 [80.0 kB]
2025-04-15T07:09:35.5698371Z Get:33 http://azure.archive.ubuntu.com/ubuntu noble/universe amd64 libswresample4 amd64 7:6.1.1-3ubuntu5 [63.8 kB]
2025-04-15T07:09:35.6538802Z Get:34 http://azure.archive.ubuntu.com/ubuntu noble/main amd64 libtheora0 amd64 1.1.1+dfsg.1-16.1build3 [211 kB]
2025-04-15T07:09:35.7420833Z Get:35 http://azure.archive.ubuntu.com/ubuntu noble/main amd64 libtwolame0 amd64 0.4.0-2build3 [52.3 kB]
2025-04-15T07:09:35.8254777Z Get:36 http://azure.archive.ubuntu.com/ubuntu noble/main amd64 libvorbisenc2 amd64 1.3.7-1build3 [80.8 kB]
2025-04-15T07:09:35.9102380Z Get:37 http://azure.archive.ubuntu.com/ubuntu noble-updates/main amd64 libvpx9 amd64 1.14.0-1ubuntu2.1 [1143 kB]
2025-04-15T07:09:36.1608028Z Get:38 http://azure.archive.ubuntu.com/ubuntu noble/universe amd64 libx264-164 amd64 2:0.164.3108+git31e19f9-1 [604 kB]
2025-04-15T07:09:36.3319106Z Get:39 http://azure.archive.ubuntu.com/ubuntu noble/universe amd64 libx265-199 amd64 3.5-2build1 [1226 kB]
2025-04-15T07:09:36.5899371Z Get:40 http://azure.archive.ubuntu.com/ubuntu noble/universe amd64 libxvidcore4 amd64 2:1.3.7-1build1 [219 kB]
2025-04-15T07:09:36.7537110Z Get:41 http://azure.archive.ubuntu.com/ubuntu noble/universe amd64 libzvbi-common all 0.2.42-2 [42.4 kB]
2025-04-15T07:09:36.8377022Z Get:42 http://azure.archive.ubuntu.com/ubuntu noble/universe amd64 libzvbi0t64 amd64 0.2.42-2 [261 kB]
2025-04-15T07:09:37.0022033Z Get:43 http://azure.archive.ubuntu.com/ubuntu noble/universe amd64 libavcodec60 amd64 7:6.1.1-3ubuntu5 [5851 kB]
2025-04-15T07:09:37.5805023Z Get:44 http://azure.archive.ubuntu.com/ubuntu noble/universe amd64 libunibreak5 amd64 5.1-2build1 [25.0 kB]
2025-04-15T07:09:37.6646253Z Get:45 http://azure.archive.ubuntu.com/ubuntu noble/universe amd64 libass9 amd64 1:0.17.1-2build1 [104 kB]
2025-04-15T07:09:37.7706255Z Get:46 http://azure.archive.ubuntu.com/ubuntu noble/universe amd64 libudfread0 amd64 1.1.2-1build1 [19.0 kB]
2025-04-15T07:09:37.8541599Z Get:47 http://azure.archive.ubuntu.com/ubuntu noble/universe amd64 libbluray2 amd64 1:1.3.4-1build1 [159 kB]
2025-04-15T07:09:37.9420110Z Get:48 http://azure.archive.ubuntu.com/ubuntu noble/universe amd64 libchromaprint1 amd64 1.5.1-5 [30.5 kB]
2025-04-15T07:09:38.0249632Z Get:49 http://azure.archive.ubuntu.com/ubuntu noble/universe amd64 libgme0 amd64 0.6.3-7build1 [134 kB]
2025-04-15T07:09:38.1121827Z Get:50 http://azure.archive.ubuntu.com/ubuntu noble-updates/main amd64 libmpg123-0t64 amd64 1.32.5-1ubuntu1.1 [169 kB]
2025-04-15T07:09:38.1992460Z Get:51 http://azure.archive.ubuntu.com/ubuntu noble/universe amd64 libopenmpt0t64 amd64 0.7.3-1.1build3 [647 kB]
2025-04-15T07:09:38.4430735Z Get:52 http://azure.archive.ubuntu.com/ubuntu noble/universe amd64 libcjson1 amd64 1.7.17-1 [24.8 kB]
2025-04-15T07:09:38.5275682Z Get:53 http://azure.archive.ubuntu.com/ubuntu noble/universe amd64 libmbedcrypto7t64 amd64 2.28.8-1 [209 kB]
2025-04-15T07:09:38.6155309Z Get:54 http://azure.archive.ubuntu.com/ubuntu noble/universe amd64 librist4 amd64 0.2.10+dfsg-2 [74.9 kB]
2025-04-15T07:09:38.6997656Z Get:55 http://azure.archive.ubuntu.com/ubuntu noble/universe amd64 libsrt1.5-gnutls amd64 1.5.3-1build2 [316 kB]
2025-04-15T07:09:38.8636420Z Get:56 http://azure.archive.ubuntu.com/ubuntu noble/main amd64 libssh-gcrypt-4 amd64 0.10.6-2build2 [223 kB]
2025-04-15T07:09:38.9519717Z Get:57 http://azure.archive.ubuntu.com/ubuntu noble/universe amd64 libavformat60 amd64 7:6.1.1-3ubuntu5 [1153 kB]
2025-04-15T07:09:39.2084324Z Get:58 http://azure.archive.ubuntu.com/ubuntu noble/universe amd64 libbs2b0 amd64 3.1.0+dfsg-7build1 [10.6 kB]
2025-04-15T07:09:39.2920807Z Get:59 http://azure.archive.ubuntu.com/ubuntu noble/universe amd64 libflite1 amd64 2.2-6build3 [13.6 MB]
2025-04-15T07:09:40.2874998Z Get:60 http://azure.archive.ubuntu.com/ubuntu noble/universe amd64 libserd-0-0 amd64 0.32.2-1 [43.6 kB]
2025-04-15T07:09:40.5316730Z Get:61 http://azure.archive.ubuntu.com/ubuntu noble/universe amd64 libzix-0-0 amd64 0.4.2-2build1 [23.6 kB]
2025-04-15T07:09:40.6389730Z Get:62 http://azure.archive.ubuntu.com/ubuntu noble/universe amd64 libsord-0-0 amd64 0.16.16-2build1 [15.8 kB]
2025-04-15T07:09:40.7346903Z Get:63 http://azure.archive.ubuntu.com/ubuntu noble/universe amd64 libsratom-0-0 amd64 0.6.16-1build1 [17.3 kB]
2025-04-15T07:09:40.8334901Z Get:64 http://azure.archive.ubuntu.com/ubuntu noble/universe amd64 liblilv-0-0 amd64 0.24.22-1build1 [41.0 kB]
2025-04-15T07:09:40.9576220Z Get:65 http://azure.archive.ubuntu.com/ubuntu noble/universe amd64 libmysofa1 amd64 1.3.2+dfsg-2ubuntu2 [1158 kB]
2025-04-15T07:09:41.4085394Z Get:66 http://azure.archive.ubuntu.com/ubuntu noble/universe amd64 libplacebo338 amd64 6.338.2-2build1 [2654 kB]
2025-04-15T07:09:41.8475531Z Get:67 http://azure.archive.ubuntu.com/ubuntu noble-updates/main amd64 libblas3 amd64 3.12.0-3build1.1 [238 kB]
2025-04-15T07:09:42.0128720Z Get:68 http://azure.archive.ubuntu.com/ubuntu noble-updates/main amd64 liblapack3 amd64 3.12.0-3build1.1 [2646 kB]
2025-04-15T07:09:42.4472683Z Get:69 http://azure.archive.ubuntu.com/ubuntu noble/main amd64 libasyncns0 amd64 0.8-6build4 [11.3 kB]
2025-04-15T07:09:42.5308947Z Get:70 http://azure.archive.ubuntu.com/ubuntu noble/main amd64 libflac12t64 amd64 1.4.3+ds-2.1ubuntu2 [197 kB]
2025-04-15T07:09:42.7224021Z Get:71 http://azure.archive.ubuntu.com/ubuntu noble-updates/main amd64 libsndfile1 amd64 1.2.2-1ubuntu5.24.04.1 [209 kB]
2025-04-15T07:09:42.9072309Z Get:72 http://azure.archive.ubuntu.com/ubuntu noble-updates/main amd64 libpulse0 amd64 1:16.1+dfsg1-2ubuntu10.1 [292 kB]
2025-04-15T07:09:43.0969970Z Get:73 http://azure.archive.ubuntu.com/ubuntu noble/universe amd64 libsphinxbase3t64 amd64 0.8+5prealpha+1-17build2 [126 kB]
2025-04-15T07:09:43.2313682Z Get:74 http://azure.archive.ubuntu.com/ubuntu noble/universe amd64 libpocketsphinx3 amd64 0.8.0+real5prealpha+1-15ubuntu5 [133 kB]
2025-04-15T07:09:43.3374192Z Get:75 http://azure.archive.ubuntu.com/ubuntu noble/universe amd64 libpostproc57 amd64 7:6.1.1-3ubuntu5 [49.9 kB]
2025-04-15T07:09:43.4315579Z Get:76 http://azure.archive.ubuntu.com/ubuntu noble/main amd64 libsamplerate0 amd64 0.2.2-4build1 [1344 kB]
2025-04-15T07:09:43.8012412Z Get:77 http://azure.archive.ubuntu.com/ubuntu noble/universe amd64 librubberband2 amd64 3.3.0+dfsg-2build1 [130 kB]
2025-04-15T07:09:43.8896002Z Get:78 http://azure.archive.ubuntu.com/ubuntu noble/universe amd64 libswscale7 amd64 7:6.1.1-3ubuntu5 [193 kB]
2025-04-15T07:09:44.0524763Z Get:79 http://azure.archive.ubuntu.com/ubuntu noble/universe amd64 libvidstab1.1 amd64 1.1.0-2build1 [38.5 kB]
2025-04-15T07:09:44.1373826Z Get:80 http://azure.archive.ubuntu.com/ubuntu noble/universe amd64 libzimg2 amd64 3.0.5+ds1-1build1 [254 kB]
2025-04-15T07:09:44.3026519Z Get:81 http://azure.archive.ubuntu.com/ubuntu noble/universe amd64 libavfilter9 amd64 7:6.1.1-3ubuntu5 [4235 kB]
2025-04-15T07:09:44.8273340Z Get:82 http://azure.archive.ubuntu.com/ubuntu noble-updates/main amd64 liborc-0.4-0t64 amd64 1:0.4.38-1ubuntu0.1 [207 kB]
2025-04-15T07:09:44.9156207Z Get:83 http://azure.archive.ubuntu.com/ubuntu noble-updates/main amd64 libgstreamer-plugins-base1.0-0 amd64 1.24.2-1ubuntu0.2 [862 kB]
2025-04-15T07:09:45.1614446Z Get:84 http://azure.archive.ubuntu.com/ubuntu noble/universe amd64 gstreamer1.0-libav amd64 1.24.1-1build1 [103 kB]
2025-04-15T07:09:45.2471985Z Get:85 http://azure.archive.ubuntu.com/ubuntu noble/main amd64 libcdparanoia0 amd64 3.10.2+debian-14build3 [48.5 kB]
2025-04-15T07:09:45.3311094Z Get:86 http://azure.archive.ubuntu.com/ubuntu noble/main amd64 libvisual-0.4-0 amd64 0.4.2-2build1 [115 kB]
2025-04-15T07:09:45.4222143Z Get:87 http://azure.archive.ubuntu.com/ubuntu noble-updates/main amd64 gstreamer1.0-plugins-base amd64 1.24.2-1ubuntu0.2 [721 kB]
2025-04-15T07:09:45.5964770Z Get:88 http://azure.archive.ubuntu.com/ubuntu noble/main amd64 libaa1 amd64 1.4p5-51.1 [49.9 kB]
2025-04-15T07:09:45.6799884Z Get:89 http://azure.archive.ubuntu.com/ubuntu noble/main amd64 libraw1394-11 amd64 2.1.2-2build3 [26.2 kB]
2025-04-15T07:09:45.7638715Z Get:90 http://azure.archive.ubuntu.com/ubuntu noble/main amd64 libavc1394-0 amd64 0.5.4-5build3 [15.4 kB]
2025-04-15T07:09:45.8475006Z Get:91 http://azure.archive.ubuntu.com/ubuntu noble/main amd64 libcaca0 amd64 0.99.beta20-4build2 [208 kB]
2025-04-15T07:09:45.9364638Z Get:92 http://azure.archive.ubuntu.com/ubuntu noble/main amd64 libdv4t64 amd64 1.0.0-17.1build1 [63.2 kB]
2025-04-15T07:09:46.0214790Z Get:93 http://azure.archive.ubuntu.com/ubuntu noble-updates/main amd64 libgstreamer-plugins-good1.0-0 amd64 1.24.2-1ubuntu1.1 [32.9 kB]
2025-04-15T07:09:46.1083796Z Get:94 http://azure.archive.ubuntu.com/ubuntu noble/main amd64 libiec61883-0 amd64 1.2.0-6build1 [24.5 kB]
2025-04-15T07:09:46.1922198Z Get:95 http://azure.archive.ubuntu.com/ubuntu noble/main amd64 libshout3 amd64 2.4.6-1build2 [50.3 kB]
2025-04-15T07:09:46.2778979Z Get:96 http://azure.archive.ubuntu.com/ubuntu noble/main amd64 libtag1v5-vanilla amd64 1.13.1-1build1 [326 kB]
2025-04-15T07:09:46.4439828Z Get:97 http://azure.archive.ubuntu.com/ubuntu noble/main amd64 libtag1v5 amd64 1.13.1-1build1 [11.7 kB]
2025-04-15T07:09:46.5294089Z Get:98 http://azure.archive.ubuntu.com/ubuntu noble/main amd64 libv4lconvert0t64 amd64 1.26.1-4build3 [87.6 kB]
2025-04-15T07:09:46.6139100Z Get:99 http://azure.archive.ubuntu.com/ubuntu noble/main amd64 libv4l-0t64 amd64 1.26.1-4build3 [46.9 kB]
2025-04-15T07:09:46.6983006Z Get:100 http://azure.archive.ubuntu.com/ubuntu noble/main amd64 libwavpack1 amd64 5.6.0-1build1 [84.6 kB]
2025-04-15T07:09:46.7817297Z Get:101 http://azure.archive.ubuntu.com/ubuntu noble-updates/main amd64 libsoup-3.0-common all 3.4.4-5ubuntu0.2 [10.6 kB]
2025-04-15T07:09:46.8650206Z Get:102 http://azure.archive.ubuntu.com/ubuntu noble-updates/main amd64 libsoup-3.0-0 amd64 3.4.4-5ubuntu0.2 [287 kB]
2025-04-15T07:09:47.0324925Z Get:103 http://azure.archive.ubuntu.com/ubuntu noble-updates/main amd64 gstreamer1.0-plugins-good amd64 1.24.2-1ubuntu1.1 [2238 kB]
2025-04-15T07:09:47.3579951Z Get:104 http://azure.archive.ubuntu.com/ubuntu noble-updates/main amd64 gtk-update-icon-cache amd64 3.24.41-4ubuntu1.3 [51.9 kB]
2025-04-15T07:09:47.4417750Z Get:105 http://azure.archive.ubuntu.com/ubuntu noble/main amd64 libabsl20220623t64 amd64 20220623.1-3.1ubuntu3 [423 kB]
2025-04-15T07:09:47.6053776Z Get:106 http://azure.archive.ubuntu.com/ubuntu noble/universe amd64 libgav1-1 amd64 0.18.0-1build3 [357 kB]
2025-04-15T07:09:47.6922611Z Get:107 http://azure.archive.ubuntu.com/ubuntu noble/universe amd64 libyuv0 amd64 0.0~git202401110.af6ac82-1 [178 kB]
2025-04-15T07:09:47.7776771Z Get:108 http://azure.archive.ubuntu.com/ubuntu noble/universe amd64 libavif16 amd64 1.0.4-1ubuntu3 [91.2 kB]
2025-04-15T07:09:47.8613568Z Get:109 http://azure.archive.ubuntu.com/ubuntu noble/universe amd64 libavtp0 amd64 0.2.0-1build1 [6414 B]
2025-04-15T07:09:47.9445949Z Get:110 http://azure.archive.ubuntu.com/ubuntu noble/main amd64 libcairo-script-interpreter2 amd64 1.18.0-3build1 [60.3 kB]
2025-04-15T07:09:48.0283143Z Get:111 http://azure.archive.ubuntu.com/ubuntu noble/universe amd64 libdc1394-25 amd64 2.2.6-4build1 [90.1 kB]
2025-04-15T07:09:48.1120098Z Get:112 http://azure.archive.ubuntu.com/ubuntu noble/main amd64 libdecor-0-0 amd64 0.2.2-1build2 [16.5 kB]
2025-04-15T07:09:48.1950881Z Get:113 http://azure.archive.ubuntu.com/ubuntu noble/main amd64 libgles2 amd64 1.7.0-1build1 [17.1 kB]
2025-04-15T07:09:48.2786417Z Get:114 http://azure.archive.ubuntu.com/ubuntu noble/universe amd64 libdirectfb-1.7-7t64 amd64 1.7.7-11.1ubuntu2 [1035 kB]
2025-04-15T07:09:48.5222616Z Get:115 http://azure.archive.ubuntu.com/ubuntu noble/universe amd64 libdvdread8t64 amd64 6.1.3-1.1build1 [54.7 kB]
2025-04-15T07:09:48.6077476Z Get:116 http://azure.archive.ubuntu.com/ubuntu noble/universe amd64 libdvdnav4 amd64 6.1.1-3build1 [39.5 kB]
2025-04-15T07:09:48.6920617Z Get:117 http://azure.archive.ubuntu.com/ubuntu noble-updates/main amd64 libegl-mesa0 amd64 24.2.8-1ubuntu1~24.04.1 [129 kB]
2025-04-15T07:09:48.7782525Z Get:118 http://azure.archive.ubuntu.com/ubuntu noble/main amd64 libevent-2.1-7t64 amd64 2.1.12-stable-9ubuntu2 [145 kB]
2025-04-15T07:09:48.8630935Z Get:119 http://azure.archive.ubuntu.com/ubuntu noble/universe amd64 libfaad2 amd64 2.11.1-1build1 [207 kB]
2025-04-15T07:09:48.9477806Z Get:120 http://azure.archive.ubuntu.com/ubuntu noble/universe amd64 libinstpatch-1.0-2 amd64 1.1.6-1build2 [251 kB]
2025-04-15T07:09:49.0344148Z Get:121 http://azure.archive.ubuntu.com/ubuntu noble/main amd64 libjack-jackd2-0 amd64 1.9.21~dfsg-3ubuntu3 [289 kB]
2025-04-15T07:09:49.1207632Z Get:122 http://azure.archive.ubuntu.com/ubuntu noble/main amd64 libwebrtc-audio-processing1 amd64 0.3.1-0ubuntu6 [290 kB]
2025-04-15T07:09:49.2069679Z Get:123 http://azure.archive.ubuntu.com/ubuntu noble-updates/main amd64 libspa-0.2-modules amd64 1.0.5-1ubuntu3 [626 kB]
2025-04-15T07:09:49.3732826Z Get:124 http://azure.archive.ubuntu.com/ubuntu noble-updates/main amd64 libpipewire-0.3-0t64 amd64 1.0.5-1ubuntu3 [252 kB]
2025-04-15T07:09:49.4589202Z Get:125 http://azure.archive.ubuntu.com/ubuntu noble/main amd64 libsdl2-2.0-0 amd64 2.30.0+dfsg-1build3 [685 kB]
2025-04-15T07:09:49.6263710Z Get:126 http://azure.archive.ubuntu.com/ubuntu noble/universe amd64 timgm6mb-soundfont all 1.3-5 [5427 kB]
2025-04-15T07:09:50.1198338Z Get:127 http://azure.archive.ubuntu.com/ubuntu noble/universe amd64 libfluidsynth3 amd64 2.3.4-1build3 [249 kB]
2025-04-15T07:09:50.2112433Z Get:128 http://azure.archive.ubuntu.com/ubuntu noble/main amd64 libfreeaptx0 amd64 0.1.1-2build1 [13.5 kB]
2025-04-15T07:09:50.2949881Z Get:129 http://azure.archive.ubuntu.com/ubuntu noble/main amd64 libgraphene-1.0-0 amd64 1.10.8-3build2 [46.2 kB]
2025-04-15T07:09:50.3789560Z Get:130 http://azure.archive.ubuntu.com/ubuntu noble/main amd64 libgssdp-1.6-0 amd64 1.6.3-1build3 [40.4 kB]
2025-04-15T07:09:50.4631818Z Get:131 http://azure.archive.ubuntu.com/ubuntu noble/main amd64 libegl1 amd64 1.7.0-1build1 [28.7 kB]
2025-04-15T07:09:50.5468964Z Get:132 http://azure.archive.ubuntu.com/ubuntu noble-updates/main amd64 libgstreamer-gl1.0-0 amd64 1.24.2-1ubuntu0.2 [214 kB]
2025-04-15T07:09:50.6337532Z Get:133 http://azure.archive.ubuntu.com/ubuntu noble-updates/main amd64 libgtk-3-common all 3.24.41-4ubuntu1.3 [1426 kB]
2025-04-15T07:09:50.8961707Z Get:134 http://azure.archive.ubuntu.com/ubuntu noble-updates/main amd64 libgtk-3-0t64 amd64 3.24.41-4ubuntu1.3 [2913 kB]
2025-04-15T07:09:51.2348071Z Get:135 http://azure.archive.ubuntu.com/ubuntu noble-updates/main amd64 libgtk-4-common all 4.14.2+ds-1ubuntu2 [1496 kB]
2025-04-15T07:09:51.4894109Z Get:136 http://azure.archive.ubuntu.com/ubuntu noble-updates/main amd64 libgtk-4-1 amd64 4.14.2+ds-1ubuntu2 [3288 kB]
2025-04-15T07:09:51.8948201Z Get:137 http://azure.archive.ubuntu.com/ubuntu noble/main amd64 libgupnp-1.6-0 amd64 1.6.6-1build3 [92.7 kB]
2025-04-15T07:09:51.9816097Z Get:138 http://azure.archive.ubuntu.com/ubuntu noble/universe amd64 libgupnp-igd-1.6-0 amd64 1.6.0-3build3 [16.5 kB]
2025-04-15T07:09:52.0673483Z Get:139 http://azure.archive.ubuntu.com/ubuntu noble/main amd64 libharfbuzz-icu0 amd64 8.3.0-2build2 [13.3 kB]
2025-04-15T07:09:52.1514454Z Get:140 http://azure.archive.ubuntu.com/ubuntu noble/main amd64 libhyphen0 amd64 2.8.8-7build3 [26.5 kB]
2025-04-15T07:09:52.2352382Z Get:141 http://azure.archive.ubuntu.com/ubuntu noble/universe amd64 libimath-3-1-29t64 amd64 3.1.9-3.1ubuntu2 [72.2 kB]
2025-04-15T07:09:52.3195357Z Get:142 http://azure.archive.ubuntu.com/ubuntu noble/main amd64 liblc3-1 amd64 1.0.4-3build1 [69.7 kB]
2025-04-15T07:09:52.4037377Z Get:143 http://azure.archive.ubuntu.com/ubuntu noble/main amd64 libldacbt-enc2 amd64 2.0.2.3+git20200429+ed310a0-4ubuntu2 [27.1 kB]
2025-04-15T07:09:52.4933136Z Get:144 http://azure.archive.ubuntu.com/ubuntu noble-updates/main amd64 libxslt1.1 amd64 1.1.39-0exp1ubuntu0.24.04.2 [167 kB]
2025-04-15T07:09:52.5778260Z Get:145 http://azure.archive.ubuntu.com/ubuntu noble-updates/main amd64 libraptor2-0 amd64 2.0.16-3ubuntu0.1 [165 kB]
2025-04-15T07:09:52.6625613Z Get:146 http://azure.archive.ubuntu.com/ubuntu noble/universe amd64 liblrdf0 amd64 0.6.1-4build1 [18.5 kB]
2025-04-15T07:09:52.7465267Z Get:147 http://azure.archive.ubuntu.com/ubuntu noble/universe amd64 libltc11 amd64 1.3.2-1build1 [13.0 kB]
2025-04-15T07:09:52.8302827Z Get:148 http://azure.archive.ubuntu.com/ubuntu noble/main amd64 libmanette-0.2-0 amd64 0.2.7-1build2 [30.6 kB]
2025-04-15T07:09:52.9146311Z Get:149 http://azure.archive.ubuntu.com/ubuntu noble/universe amd64 libmfx1 amd64 22.5.4-1 [3124 kB]
2025-04-15T07:09:53.2527827Z Get:150 http://azure.archive.ubuntu.com/ubuntu noble/universe amd64 libmjpegutils-2.1-0t64 amd64 1:2.1.0+debian-8.1build1 [25.5 kB]
2025-04-15T07:09:53.3368757Z Get:151 http://azure.archive.ubuntu.com/ubuntu noble/universe amd64 libmodplug1 amd64 1:0.8.9.0-3build1 [166 kB]
2025-04-15T07:09:53.4218817Z Get:152 http://azure.archive.ubuntu.com/ubuntu noble/universe amd64 libmpcdec6 amd64 2:0.1~r495-2build1 [32.7 kB]
2025-04-15T07:09:53.5057848Z Get:153 http://azure.archive.ubuntu.com/ubuntu noble/universe amd64 libmpeg2encpp-2.1-0t64 amd64 1:2.1.0+debian-8.1build1 [75.6 kB]
2025-04-15T07:09:53.5962834Z Get:154 http://azure.archive.ubuntu.com/ubuntu noble/universe amd64 libmplex2-2.1-0t64 amd64 1:2.1.0+debian-8.1build1 [46.1 kB]
2025-04-15T07:09:53.6739583Z Get:155 http://azure.archive.ubuntu.com/ubuntu noble/universe amd64 libneon27t64 amd64 0.33.0-1.1build3 [102 kB]
2025-04-15T07:09:53.7580877Z Get:156 http://azure.archive.ubuntu.com/ubuntu noble/universe amd64 libnice10 amd64 0.1.21-2build3 [157 kB]
2025-04-15T07:09:53.8436321Z Get:157 http://azure.archive.ubuntu.com/ubuntu noble/universe amd64 libopenal-data all 1:1.23.1-4build1 [161 kB]
2025-04-15T07:09:53.9287861Z Get:158 http://azure.archive.ubuntu.com/ubuntu noble/universe amd64 libopenexr-3-1-30 amd64 3.1.5-5.1build3 [1004 kB]
2025-04-15T07:09:54.1007514Z Get:159 http://azure.archive.ubuntu.com/ubuntu noble/universe amd64 libopenh264-7 amd64 2.4.1+dfsg-1 [409 kB]
2025-04-15T07:09:54.2639183Z Get:160 http://azure.archive.ubuntu.com/ubuntu noble/universe amd64 libopenni2-0 amd64 2.2.0.33+dfsg-18 [370 kB]
2025-04-15T07:09:54.3513322Z Get:161 http://azure.archive.ubuntu.com/ubuntu noble/universe amd64 libqrencode4 amd64 4.1.1-1build2 [25.0 kB]
2025-04-15T07:09:54.4346466Z Get:162 http://azure.archive.ubuntu.com/ubuntu noble/main amd64 libsecret-common all 0.21.4-1build3 [4962 B]
2025-04-15T07:09:54.5222983Z Get:163 http://azure.archive.ubuntu.com/ubuntu noble/main amd64 libsecret-1-0 amd64 0.21.4-1build3 [116 kB]
2025-04-15T07:09:54.6060456Z Get:164 http://azure.archive.ubuntu.com/ubuntu noble/universe amd64 libsndio7.0 amd64 1.9.0-0.3build3 [29.6 kB]
2025-04-15T07:09:54.6893907Z Get:165 http://azure.archive.ubuntu.com/ubuntu noble/universe amd64 libsoundtouch1 amd64 2.3.2+ds1-1build1 [60.5 kB]
2025-04-15T07:09:54.7729840Z Get:166 http://azure.archive.ubuntu.com/ubuntu noble/universe amd64 libspandsp2t64 amd64 0.0.6+dfsg-2.1build1 [311 kB]
2025-04-15T07:09:54.8599319Z Get:167 http://azure.archive.ubuntu.com/ubuntu noble/universe amd64 libsrtp2-1 amd64 2.5.0-3build1 [41.9 kB]
2025-04-15T07:09:54.9433794Z Get:168 http://azure.archive.ubuntu.com/ubuntu noble/universe amd64 libwildmidi2 amd64 0.4.3-1build3 [68.5 kB]
2025-04-15T07:09:55.0266423Z Get:169 http://azure.archive.ubuntu.com/ubuntu noble/main amd64 libwoff1 amd64 1.0.2-2build1 [45.3 kB]
2025-04-15T07:09:55.1102604Z Get:170 http://azure.archive.ubuntu.com/ubuntu noble/main amd64 libxcb-xkb1 amd64 1.15-1ubuntu2 [32.3 kB]
2025-04-15T07:09:55.1937244Z Get:171 http://azure.archive.ubuntu.com/ubuntu noble/main amd64 libxkbcommon-x11-0 amd64 1.6.0-1build1 [14.5 kB]
2025-04-15T07:09:55.2769512Z Get:172 http://azure.archive.ubuntu.com/ubuntu noble/universe amd64 libzbar0t64 amd64 0.23.93-4build3 [123 kB]
2025-04-15T07:09:55.3615781Z Get:173 http://azure.archive.ubuntu.com/ubuntu noble/universe amd64 libzxing3 amd64 2.2.1-3 [583 kB]
2025-04-15T07:09:55.5271532Z Get:174 http://azure.archive.ubuntu.com/ubuntu noble/main amd64 xfonts-encodings all 1:1.0.5-0ubuntu2 [578 kB]
2025-04-15T07:09:55.6928054Z Get:175 http://azure.archive.ubuntu.com/ubuntu noble/main amd64 xfonts-utils amd64 1:7.7+6build3 [94.4 kB]
2025-04-15T07:09:55.7781731Z Get:176 http://azure.archive.ubuntu.com/ubuntu noble/universe amd64 xfonts-cyrillic all 1:1.0.5+nmu1 [384 kB]
2025-04-15T07:09:55.8661565Z Get:177 http://azure.archive.ubuntu.com/ubuntu noble/main amd64 xfonts-scalable all 1:1.0.3-1.3 [304 kB]
2025-04-15T07:09:55.9529183Z Get:178 http://azure.archive.ubuntu.com/ubuntu noble/universe amd64 libgstreamer-plugins-bad1.0-0 amd64 1.24.2-1ubuntu4 [797 kB]
2025-04-15T07:09:56.1221133Z Get:179 http://azure.archive.ubuntu.com/ubuntu noble/universe amd64 libdca0 amd64 0.0.7-2build1 [93.8 kB]
2025-04-15T07:09:56.2065838Z Get:180 http://azure.archive.ubuntu.com/ubuntu noble/universe amd64 libopenal1 amd64 1:1.23.1-4build1 [540 kB]
2025-04-15T07:09:56.3722433Z Get:181 http://azure.archive.ubuntu.com/ubuntu noble/main amd64 libsbc1 amd64 2.0-1build1 [33.9 kB]
2025-04-15T07:09:56.4568261Z Get:182 http://azure.archive.ubuntu.com/ubuntu noble/universe amd64 libvo-aacenc0 amd64 0.1.3-2build1 [67.8 kB]
2025-04-15T07:09:56.5412245Z Get:183 http://azure.archive.ubuntu.com/ubuntu noble/universe amd64 libvo-amrwbenc0 amd64 0.1.3-2build1 [76.7 kB]
2025-04-15T07:09:56.6280221Z Get:184 http://azure.archive.ubuntu.com/ubuntu noble/universe amd64 gstreamer1.0-plugins-bad amd64 1.24.2-1ubuntu4 [3081 kB]
2025-04-15T07:09:57.3731927Z Fetched 118 MB in 28s (4277 kB/s)
2025-04-15T07:09:57.3982074Z Selecting previously unselected package fonts-ipafont-gothic.
2025-04-15T07:09:57.4180746Z (Reading database ... 
2025-04-15T07:09:57.4181223Z (Reading database ... 5%
2025-04-15T07:09:57.4181681Z (Reading database ... 10%
2025-04-15T07:09:57.4182126Z (Reading database ... 15%
2025-04-15T07:09:57.4182575Z (Reading database ... 20%
2025-04-15T07:09:57.4183015Z (Reading database ... 25%
2025-04-15T07:09:57.4183456Z (Reading database ... 30%
2025-04-15T07:09:57.4184043Z (Reading database ... 35%
2025-04-15T07:09:57.4184474Z (Reading database ... 40%
2025-04-15T07:09:57.4184848Z (Reading database ... 45%
2025-04-15T07:09:57.4185132Z (Reading database ... 50%
2025-04-15T07:09:57.4269226Z (Reading database ... 55%
2025-04-15T07:09:57.4628768Z (Reading database ... 60%
2025-04-15T07:09:57.4838307Z (Reading database ... 65%
2025-04-15T07:09:57.5079047Z (Reading database ... 70%
2025-04-15T07:09:57.5359796Z (Reading database ... 75%
2025-04-15T07:09:57.5671601Z (Reading database ... 80%
2025-04-15T07:09:57.6138846Z (Reading database ... 85%
2025-04-15T07:09:57.6736098Z (Reading database ... 90%
2025-04-15T07:09:57.7070821Z (Reading database ... 95%
2025-04-15T07:09:57.7071394Z (Reading database ... 100%
2025-04-15T07:09:57.7072128Z (Reading database ... 221801 files and directories currently installed.)
2025-04-15T07:09:57.7111930Z Preparing to unpack .../000-fonts-ipafont-gothic_00303-21ubuntu1_all.deb ...
2025-04-15T07:09:57.7216769Z Unpacking fonts-ipafont-gothic (00303-21ubuntu1) ...
2025-04-15T07:09:57.9484599Z Selecting previously unselected package fonts-freefont-ttf.
2025-04-15T07:09:57.9618947Z Preparing to unpack .../001-fonts-freefont-ttf_20211204+svn4273-2_all.deb ...
2025-04-15T07:09:57.9628977Z Unpacking fonts-freefont-ttf (20211204+svn4273-2) ...
2025-04-15T07:09:58.0508944Z Selecting previously unselected package fonts-tlwg-loma-otf.
2025-04-15T07:09:58.0642767Z Preparing to unpack .../002-fonts-tlwg-loma-otf_1%3a0.7.3-1_all.deb ...
2025-04-15T07:09:58.0652437Z Unpacking fonts-tlwg-loma-otf (1:0.7.3-1) ...
2025-04-15T07:09:58.0943012Z Selecting previously unselected package fonts-unifont.
2025-04-15T07:09:58.1076948Z Preparing to unpack .../003-fonts-unifont_1%3a15.1.01-1build1_all.deb ...
2025-04-15T07:09:58.1085588Z Unpacking fonts-unifont (1:15.1.01-1build1) ...
2025-04-15T07:09:58.2348059Z Selecting previously unselected package fonts-wqy-zenhei.
2025-04-15T07:09:58.2482676Z Preparing to unpack .../004-fonts-wqy-zenhei_0.9.45-8_all.deb ...
2025-04-15T07:09:58.2581264Z Unpacking fonts-wqy-zenhei (0.9.45-8) ...
2025-04-15T07:09:58.7256432Z Selecting previously unselected package libproxy1v5:amd64.
2025-04-15T07:09:58.7390310Z Preparing to unpack .../005-libproxy1v5_0.5.4-4build1_amd64.deb ...
2025-04-15T07:09:58.7415632Z Unpacking libproxy1v5:amd64 (0.5.4-4build1) ...
2025-04-15T07:09:58.7749495Z Selecting previously unselected package glib-networking-common.
2025-04-15T07:09:58.7883331Z Preparing to unpack .../006-glib-networking-common_2.80.0-1build1_all.deb ...
2025-04-15T07:09:58.7893619Z Unpacking glib-networking-common (2.80.0-1build1) ...
2025-04-15T07:09:58.8097915Z Selecting previously unselected package glib-networking-services.
2025-04-15T07:09:58.8229926Z Preparing to unpack .../007-glib-networking-services_2.80.0-1build1_amd64.deb ...
2025-04-15T07:09:58.8238784Z Unpacking glib-networking-services (2.80.0-1build1) ...
2025-04-15T07:09:58.8450508Z Selecting previously unselected package session-migration.
2025-04-15T07:09:58.8582193Z Preparing to unpack .../008-session-migration_0.3.9build1_amd64.deb ...
2025-04-15T07:09:58.8592561Z Unpacking session-migration (0.3.9build1) ...
2025-04-15T07:09:58.8842070Z Selecting previously unselected package gsettings-desktop-schemas.
2025-04-15T07:09:58.8972981Z Preparing to unpack .../009-gsettings-desktop-schemas_46.1-0ubuntu1_all.deb ...
2025-04-15T07:09:58.8983969Z Unpacking gsettings-desktop-schemas (46.1-0ubuntu1) ...
2025-04-15T07:09:58.9263107Z Selecting previously unselected package glib-networking:amd64.
2025-04-15T07:09:58.9397204Z Preparing to unpack .../010-glib-networking_2.80.0-1build1_amd64.deb ...
2025-04-15T07:09:58.9408505Z Unpacking glib-networking:amd64 (2.80.0-1build1) ...
2025-04-15T07:09:58.9654482Z Selecting previously unselected package libva2:amd64.
2025-04-15T07:09:58.9787840Z Preparing to unpack .../011-libva2_2.20.0-2build1_amd64.deb ...
2025-04-15T07:09:58.9797604Z Unpacking libva2:amd64 (2.20.0-2build1) ...
2025-04-15T07:09:59.0057350Z Selecting previously unselected package libva-drm2:amd64.
2025-04-15T07:09:59.0189634Z Preparing to unpack .../012-libva-drm2_2.20.0-2build1_amd64.deb ...
2025-04-15T07:09:59.0200707Z Unpacking libva-drm2:amd64 (2.20.0-2build1) ...
2025-04-15T07:09:59.0415437Z Selecting previously unselected package libva-x11-2:amd64.
2025-04-15T07:09:59.0545313Z Preparing to unpack .../013-libva-x11-2_2.20.0-2build1_amd64.deb ...
2025-04-15T07:09:59.0558333Z Unpacking libva-x11-2:amd64 (2.20.0-2build1) ...
2025-04-15T07:09:59.0780632Z Selecting previously unselected package libvdpau1:amd64.
2025-04-15T07:09:59.0911002Z Preparing to unpack .../014-libvdpau1_1.5-2build1_amd64.deb ...
2025-04-15T07:09:59.0922958Z Unpacking libvdpau1:amd64 (1.5-2build1) ...
2025-04-15T07:09:59.1172796Z Selecting previously unselected package libvpl2.
2025-04-15T07:09:59.1303575Z Preparing to unpack .../015-libvpl2_2023.3.0-1build1_amd64.deb ...
2025-04-15T07:09:59.1314623Z Unpacking libvpl2 (2023.3.0-1build1) ...
2025-04-15T07:09:59.1542487Z Selecting previously unselected package ocl-icd-libopencl1:amd64.
2025-04-15T07:09:59.1672845Z Preparing to unpack .../016-ocl-icd-libopencl1_2.3.2-1build1_amd64.deb ...
2025-04-15T07:09:59.1683306Z Unpacking ocl-icd-libopencl1:amd64 (2.3.2-1build1) ...
2025-04-15T07:09:59.1914892Z Selecting previously unselected package libavutil58:amd64.
2025-04-15T07:09:59.2045110Z Preparing to unpack .../017-libavutil58_7%3a6.1.1-3ubuntu5_amd64.deb ...
2025-04-15T07:09:59.2063846Z Unpacking libavutil58:amd64 (7:6.1.1-3ubuntu5) ...
2025-04-15T07:09:59.2322805Z Selecting previously unselected package libcodec2-1.2:amd64.
2025-04-15T07:09:59.2454030Z Preparing to unpack .../018-libcodec2-1.2_1.2.0-2build1_amd64.deb ...
2025-04-15T07:09:59.2464840Z Unpacking libcodec2-1.2:amd64 (1.2.0-2build1) ...
2025-04-15T07:09:59.3460484Z Selecting previously unselected package libdav1d7:amd64.
2025-04-15T07:09:59.3594260Z Preparing to unpack .../019-libdav1d7_1.4.1-1build1_amd64.deb ...
2025-04-15T07:09:59.3603446Z Unpacking libdav1d7:amd64 (1.4.1-1build1) ...
2025-04-15T07:09:59.3907785Z Selecting previously unselected package libgsm1:amd64.
2025-04-15T07:09:59.4041261Z Preparing to unpack .../020-libgsm1_1.0.22-1build1_amd64.deb ...
2025-04-15T07:09:59.4054420Z Unpacking libgsm1:amd64 (1.0.22-1build1) ...
2025-04-15T07:09:59.4274482Z Selecting previously unselected package libhwy1t64:amd64.
2025-04-15T07:09:59.4408739Z Preparing to unpack .../021-libhwy1t64_1.0.7-8.1build1_amd64.deb ...
2025-04-15T07:09:59.4420045Z Unpacking libhwy1t64:amd64 (1.0.7-8.1build1) ...
2025-04-15T07:09:59.4778379Z Selecting previously unselected package libjxl0.7:amd64.
2025-04-15T07:09:59.4911951Z Preparing to unpack .../022-libjxl0.7_0.7.0-10.2ubuntu6_amd64.deb ...
2025-04-15T07:09:59.4921536Z Unpacking libjxl0.7:amd64 (0.7.0-10.2ubuntu6) ...
2025-04-15T07:09:59.5311316Z Selecting previously unselected package libmp3lame0:amd64.
2025-04-15T07:09:59.5444930Z Preparing to unpack .../023-libmp3lame0_3.100-6build1_amd64.deb ...
2025-04-15T07:09:59.5484635Z Unpacking libmp3lame0:amd64 (3.100-6build1) ...
2025-04-15T07:09:59.5732034Z Selecting previously unselected package libopus0:amd64.
2025-04-15T07:09:59.5866289Z Preparing to unpack .../024-libopus0_1.4-1build1_amd64.deb ...
2025-04-15T07:09:59.5883906Z Unpacking libopus0:amd64 (1.4-1build1) ...
2025-04-15T07:09:59.6127754Z Selecting previously unselected package librav1e0:amd64.
2025-04-15T07:09:59.6260830Z Preparing to unpack .../025-librav1e0_0.7.1-2_amd64.deb ...
2025-04-15T07:09:59.6273359Z Unpacking librav1e0:amd64 (0.7.1-2) ...
2025-04-15T07:09:59.6639556Z Selecting previously unselected package librsvg2-2:amd64.
2025-04-15T07:09:59.6773129Z Preparing to unpack .../026-librsvg2-2_2.58.0+dfsg-1build1_amd64.deb ...
2025-04-15T07:09:59.6784915Z Unpacking librsvg2-2:amd64 (2.58.0+dfsg-1build1) ...
2025-04-15T07:09:59.7324042Z Selecting previously unselected package libshine3:amd64.
2025-04-15T07:09:59.7457145Z Preparing to unpack .../027-libshine3_3.1.1-2build1_amd64.deb ...
2025-04-15T07:09:59.7468833Z Unpacking libshine3:amd64 (3.1.1-2build1) ...
2025-04-15T07:09:59.7687047Z Selecting previously unselected package libspeex1:amd64.
2025-04-15T07:09:59.7820165Z Preparing to unpack .../028-libspeex1_1.2.1-2ubuntu2.24.04.1_amd64.deb ...
2025-04-15T07:09:59.7836141Z Unpacking libspeex1:amd64 (1.2.1-2ubuntu2.24.04.1) ...
2025-04-15T07:09:59.8069539Z Selecting previously unselected package libsvtav1enc1d1:amd64.
2025-04-15T07:09:59.8203616Z Preparing to unpack .../029-libsvtav1enc1d1_1.7.0+dfsg-2build1_amd64.deb ...
2025-04-15T07:09:59.8215116Z Unpacking libsvtav1enc1d1:amd64 (1.7.0+dfsg-2build1) ...
2025-04-15T07:09:59.8802615Z Selecting previously unselected package libsoxr0:amd64.
2025-04-15T07:09:59.8937890Z Preparing to unpack .../030-libsoxr0_0.1.3-4build3_amd64.deb ...
2025-04-15T07:09:59.8949447Z Unpacking libsoxr0:amd64 (0.1.3-4build3) ...
2025-04-15T07:09:59.9185443Z Selecting previously unselected package libswresample4:amd64.
2025-04-15T07:09:59.9320269Z Preparing to unpack .../031-libswresample4_7%3a6.1.1-3ubuntu5_amd64.deb ...
2025-04-15T07:09:59.9331457Z Unpacking libswresample4:amd64 (7:6.1.1-3ubuntu5) ...
2025-04-15T07:09:59.9572376Z Selecting previously unselected package libtheora0:amd64.
2025-04-15T07:09:59.9706480Z Preparing to unpack .../032-libtheora0_1.1.1+dfsg.1-16.1build3_amd64.deb ...
2025-04-15T07:09:59.9720145Z Unpacking libtheora0:amd64 (1.1.1+dfsg.1-16.1build3) ...
2025-04-15T07:10:00.0017363Z Selecting previously unselected package libtwolame0:amd64.
2025-04-15T07:10:00.0156254Z Preparing to unpack .../033-libtwolame0_0.4.0-2build3_amd64.deb ...
2025-04-15T07:10:00.0168164Z Unpacking libtwolame0:amd64 (0.4.0-2build3) ...
2025-04-15T07:10:00.0409931Z Selecting previously unselected package libvorbisenc2:amd64.
2025-04-15T07:10:00.0544194Z Preparing to unpack .../034-libvorbisenc2_1.3.7-1build3_amd64.deb ...
2025-04-15T07:10:00.0556511Z Unpacking libvorbisenc2:amd64 (1.3.7-1build3) ...
2025-04-15T07:10:00.0813850Z Selecting previously unselected package libvpx9:amd64.
2025-04-15T07:10:00.0949099Z Preparing to unpack .../035-libvpx9_1.14.0-1ubuntu2.1_amd64.deb ...
2025-04-15T07:10:00.0961377Z Unpacking libvpx9:amd64 (1.14.0-1ubuntu2.1) ...
2025-04-15T07:10:00.1345685Z Selecting previously unselected package libx264-164:amd64.
2025-04-15T07:10:00.1480979Z Preparing to unpack .../036-libx264-164_2%3a0.164.3108+git31e19f9-1_amd64.deb ...
2025-04-15T07:10:00.1497262Z Unpacking libx264-164:amd64 (2:0.164.3108+git31e19f9-1) ...
2025-04-15T07:10:00.1814865Z Selecting previously unselected package libx265-199:amd64.
2025-04-15T07:10:00.1948909Z Preparing to unpack .../037-libx265-199_3.5-2build1_amd64.deb ...
2025-04-15T07:10:00.1960834Z Unpacking libx265-199:amd64 (3.5-2build1) ...
2025-04-15T07:10:00.2806386Z Selecting previously unselected package libxvidcore4:amd64.
2025-04-15T07:10:00.2942307Z Preparing to unpack .../038-libxvidcore4_2%3a1.3.7-1build1_amd64.deb ...
2025-04-15T07:10:00.2952918Z Unpacking libxvidcore4:amd64 (2:1.3.7-1build1) ...
2025-04-15T07:10:00.3193163Z Selecting previously unselected package libzvbi-common.
2025-04-15T07:10:00.3329659Z Preparing to unpack .../039-libzvbi-common_0.2.42-2_all.deb ...
2025-04-15T07:10:00.3342038Z Unpacking libzvbi-common (0.2.42-2) ...
2025-04-15T07:10:00.3625383Z Selecting previously unselected package libzvbi0t64:amd64.
2025-04-15T07:10:00.3760143Z Preparing to unpack .../040-libzvbi0t64_0.2.42-2_amd64.deb ...
2025-04-15T07:10:00.3772547Z Unpacking libzvbi0t64:amd64 (0.2.42-2) ...
2025-04-15T07:10:00.4036342Z Selecting previously unselected package libavcodec60:amd64.
2025-04-15T07:10:00.4171159Z Preparing to unpack .../041-libavcodec60_7%3a6.1.1-3ubuntu5_amd64.deb ...
2025-04-15T07:10:00.4182502Z Unpacking libavcodec60:amd64 (7:6.1.1-3ubuntu5) ...
2025-04-15T07:10:00.5188417Z Selecting previously unselected package libunibreak5:amd64.
2025-04-15T07:10:00.5322972Z Preparing to unpack .../042-libunibreak5_5.1-2build1_amd64.deb ...
2025-04-15T07:10:00.5334324Z Unpacking libunibreak5:amd64 (5.1-2build1) ...
2025-04-15T07:10:00.5605220Z Selecting previously unselected package libass9:amd64.
2025-04-15T07:10:00.5739712Z Preparing to unpack .../043-libass9_1%3a0.17.1-2build1_amd64.deb ...
2025-04-15T07:10:00.5751283Z Unpacking libass9:amd64 (1:0.17.1-2build1) ...
2025-04-15T07:10:00.5988195Z Selecting previously unselected package libudfread0:amd64.
2025-04-15T07:10:00.6121041Z Preparing to unpack .../044-libudfread0_1.1.2-1build1_amd64.deb ...
2025-04-15T07:10:00.6132831Z Unpacking libudfread0:amd64 (1.1.2-1build1) ...
2025-04-15T07:10:00.6351296Z Selecting previously unselected package libbluray2:amd64.
2025-04-15T07:10:00.6485313Z Preparing to unpack .../045-libbluray2_1%3a1.3.4-1build1_amd64.deb ...
2025-04-15T07:10:00.6496413Z Unpacking libbluray2:amd64 (1:1.3.4-1build1) ...
2025-04-15T07:10:00.6737007Z Selecting previously unselected package libchromaprint1:amd64.
2025-04-15T07:10:00.6870695Z Preparing to unpack .../046-libchromaprint1_1.5.1-5_amd64.deb ...
2025-04-15T07:10:00.6881191Z Unpacking libchromaprint1:amd64 (1.5.1-5) ...
2025-04-15T07:10:00.7123509Z Selecting previously unselected package libgme0:amd64.
2025-04-15T07:10:00.7257727Z Preparing to unpack .../047-libgme0_0.6.3-7build1_amd64.deb ...
2025-04-15T07:10:00.7269980Z Unpacking libgme0:amd64 (0.6.3-7build1) ...
2025-04-15T07:10:00.7514961Z Selecting previously unselected package libmpg123-0t64:amd64.
2025-04-15T07:10:00.7646207Z Preparing to unpack .../048-libmpg123-0t64_1.32.5-1ubuntu1.1_amd64.deb ...
2025-04-15T07:10:00.7658490Z Unpacking libmpg123-0t64:amd64 (1.32.5-1ubuntu1.1) ...
2025-04-15T07:10:00.7927926Z Selecting previously unselected package libopenmpt0t64:amd64.
2025-04-15T07:10:00.8060681Z Preparing to unpack .../049-libopenmpt0t64_0.7.3-1.1build3_amd64.deb ...
2025-04-15T07:10:00.8072662Z Unpacking libopenmpt0t64:amd64 (0.7.3-1.1build3) ...
2025-04-15T07:10:00.8373823Z Selecting previously unselected package libcjson1:amd64.
2025-04-15T07:10:00.8507758Z Preparing to unpack .../050-libcjson1_1.7.17-1_amd64.deb ...
2025-04-15T07:10:00.8521284Z Unpacking libcjson1:amd64 (1.7.17-1) ...
2025-04-15T07:10:00.8764842Z Selecting previously unselected package libmbedcrypto7t64:amd64.
2025-04-15T07:10:00.8898378Z Preparing to unpack .../051-libmbedcrypto7t64_2.28.8-1_amd64.deb ...
2025-04-15T07:10:00.8923816Z Unpacking libmbedcrypto7t64:amd64 (2.28.8-1) ...
2025-04-15T07:10:00.9182618Z Selecting previously unselected package librist4:amd64.
2025-04-15T07:10:00.9314926Z Preparing to unpack .../052-librist4_0.2.10+dfsg-2_amd64.deb ...
2025-04-15T07:10:00.9341319Z Unpacking librist4:amd64 (0.2.10+dfsg-2) ...
2025-04-15T07:10:00.9583322Z Selecting previously unselected package libsrt1.5-gnutls:amd64.
2025-04-15T07:10:00.9717236Z Preparing to unpack .../053-libsrt1.5-gnutls_1.5.3-1build2_amd64.deb ...
2025-04-15T07:10:00.9729769Z Unpacking libsrt1.5-gnutls:amd64 (1.5.3-1build2) ...
2025-04-15T07:10:01.0002510Z Selecting previously unselected package libssh-gcrypt-4:amd64.
2025-04-15T07:10:01.0137211Z Preparing to unpack .../054-libssh-gcrypt-4_0.10.6-2build2_amd64.deb ...
2025-04-15T07:10:01.0147998Z Unpacking libssh-gcrypt-4:amd64 (0.10.6-2build2) ...
2025-04-15T07:10:01.0408955Z Selecting previously unselected package libavformat60:amd64.
2025-04-15T07:10:01.0542576Z Preparing to unpack .../055-libavformat60_7%3a6.1.1-3ubuntu5_amd64.deb ...
2025-04-15T07:10:01.0553497Z Unpacking libavformat60:amd64 (7:6.1.1-3ubuntu5) ...
2025-04-15T07:10:01.0920838Z Selecting previously unselected package libbs2b0:amd64.
2025-04-15T07:10:01.1056065Z Preparing to unpack .../056-libbs2b0_3.1.0+dfsg-7build1_amd64.deb ...
2025-04-15T07:10:01.1065470Z Unpacking libbs2b0:amd64 (3.1.0+dfsg-7build1) ...
2025-04-15T07:10:01.1332368Z Selecting previously unselected package libflite1:amd64.
2025-04-15T07:10:01.1468271Z Preparing to unpack .../057-libflite1_2.2-6build3_amd64.deb ...
2025-04-15T07:10:01.1478841Z Unpacking libflite1:amd64 (2.2-6build3) ...
2025-04-15T07:10:01.2638713Z Selecting previously unselected package libserd-0-0:amd64.
2025-04-15T07:10:01.2773595Z Preparing to unpack .../058-libserd-0-0_0.32.2-1_amd64.deb ...
2025-04-15T07:10:01.2784370Z Unpacking libserd-0-0:amd64 (0.32.2-1) ...
2025-04-15T07:10:01.3024696Z Selecting previously unselected package libzix-0-0:amd64.
2025-04-15T07:10:01.3159246Z Preparing to unpack .../059-libzix-0-0_0.4.2-2build1_amd64.deb ...
2025-04-15T07:10:01.3169598Z Unpacking libzix-0-0:amd64 (0.4.2-2build1) ...
2025-04-15T07:10:01.3447083Z Selecting previously unselected package libsord-0-0:amd64.
2025-04-15T07:10:01.3580711Z Preparing to unpack .../060-libsord-0-0_0.16.16-2build1_amd64.deb ...
2025-04-15T07:10:01.3599800Z Unpacking libsord-0-0:amd64 (0.16.16-2build1) ...
2025-04-15T07:10:01.3824409Z Selecting previously unselected package libsratom-0-0:amd64.
2025-04-15T07:10:01.3957866Z Preparing to unpack .../061-libsratom-0-0_0.6.16-1build1_amd64.deb ...
2025-04-15T07:10:01.3973162Z Unpacking libsratom-0-0:amd64 (0.6.16-1build1) ...
2025-04-15T07:10:01.4208421Z Selecting previously unselected package liblilv-0-0:amd64.
2025-04-15T07:10:01.4341304Z Preparing to unpack .../062-liblilv-0-0_0.24.22-1build1_amd64.deb ...
2025-04-15T07:10:01.4353227Z Unpacking liblilv-0-0:amd64 (0.24.22-1build1) ...
2025-04-15T07:10:01.4581209Z Selecting previously unselected package libmysofa1:amd64.
2025-04-15T07:10:01.4715707Z Preparing to unpack .../063-libmysofa1_1.3.2+dfsg-2ubuntu2_amd64.deb ...
2025-04-15T07:10:01.4727494Z Unpacking libmysofa1:amd64 (1.3.2+dfsg-2ubuntu2) ...
2025-04-15T07:10:01.5020365Z Selecting previously unselected package libplacebo338:amd64.
2025-04-15T07:10:01.5153853Z Preparing to unpack .../064-libplacebo338_6.338.2-2build1_amd64.deb ...
2025-04-15T07:10:01.5166450Z Unpacking libplacebo338:amd64 (6.338.2-2build1) ...
2025-04-15T07:10:01.5862471Z Selecting previously unselected package libblas3:amd64.
2025-04-15T07:10:01.5997411Z Preparing to unpack .../065-libblas3_3.12.0-3build1.1_amd64.deb ...
2025-04-15T07:10:01.6030226Z Unpacking libblas3:amd64 (3.12.0-3build1.1) ...
2025-04-15T07:10:01.6292184Z Selecting previously unselected package liblapack3:amd64.
2025-04-15T07:10:01.6429446Z Preparing to unpack .../066-liblapack3_3.12.0-3build1.1_amd64.deb ...
2025-04-15T07:10:01.6464350Z Unpacking liblapack3:amd64 (3.12.0-3build1.1) ...
2025-04-15T07:10:01.7029668Z Selecting previously unselected package libasyncns0:amd64.
2025-04-15T07:10:01.7165385Z Preparing to unpack .../067-libasyncns0_0.8-6build4_amd64.deb ...
2025-04-15T07:10:01.7176532Z Unpacking libasyncns0:amd64 (0.8-6build4) ...
2025-04-15T07:10:01.7400551Z Selecting previously unselected package libflac12t64:amd64.
2025-04-15T07:10:01.7535481Z Preparing to unpack .../068-libflac12t64_1.4.3+ds-2.1ubuntu2_amd64.deb ...
2025-04-15T07:10:01.7546520Z Unpacking libflac12t64:amd64 (1.4.3+ds-2.1ubuntu2) ...
2025-04-15T07:10:01.7788815Z Selecting previously unselected package libsndfile1:amd64.
2025-04-15T07:10:01.7923440Z Preparing to unpack .../069-libsndfile1_1.2.2-1ubuntu5.24.04.1_amd64.deb ...
2025-04-15T07:10:01.7934127Z Unpacking libsndfile1:amd64 (1.2.2-1ubuntu5.24.04.1) ...
2025-04-15T07:10:01.8217556Z Selecting previously unselected package libpulse0:amd64.
2025-04-15T07:10:01.8351268Z Preparing to unpack .../070-libpulse0_1%3a16.1+dfsg1-2ubuntu10.1_amd64.deb ...
2025-04-15T07:10:01.8420586Z Unpacking libpulse0:amd64 (1:16.1+dfsg1-2ubuntu10.1) ...
2025-04-15T07:10:01.8690855Z Selecting previously unselected package libsphinxbase3t64:amd64.
2025-04-15T07:10:01.8825744Z Preparing to unpack .../071-libsphinxbase3t64_0.8+5prealpha+1-17build2_amd64.deb ...
2025-04-15T07:10:01.8855261Z Unpacking libsphinxbase3t64:amd64 (0.8+5prealpha+1-17build2) ...
2025-04-15T07:10:01.9100766Z Selecting previously unselected package libpocketsphinx3:amd64.
2025-04-15T07:10:01.9235818Z Preparing to unpack .../072-libpocketsphinx3_0.8.0+real5prealpha+1-15ubuntu5_amd64.deb ...
2025-04-15T07:10:01.9247420Z Unpacking libpocketsphinx3:amd64 (0.8.0+real5prealpha+1-15ubuntu5) ...
2025-04-15T07:10:01.9489795Z Selecting previously unselected package libpostproc57:amd64.
2025-04-15T07:10:01.9623463Z Preparing to unpack .../073-libpostproc57_7%3a6.1.1-3ubuntu5_amd64.deb ...
2025-04-15T07:10:01.9638754Z Unpacking libpostproc57:amd64 (7:6.1.1-3ubuntu5) ...
2025-04-15T07:10:01.9871298Z Selecting previously unselected package libsamplerate0:amd64.
2025-04-15T07:10:02.0014792Z Preparing to unpack .../074-libsamplerate0_0.2.2-4build1_amd64.deb ...
2025-04-15T07:10:02.0026448Z Unpacking libsamplerate0:amd64 (0.2.2-4build1) ...
2025-04-15T07:10:02.0318345Z Selecting previously unselected package librubberband2:amd64.
2025-04-15T07:10:02.0452968Z Preparing to unpack .../075-librubberband2_3.3.0+dfsg-2build1_amd64.deb ...
2025-04-15T07:10:02.0463662Z Unpacking librubberband2:amd64 (3.3.0+dfsg-2build1) ...
2025-04-15T07:10:02.0728720Z Selecting previously unselected package libswscale7:amd64.
2025-04-15T07:10:02.0862256Z Preparing to unpack .../076-libswscale7_7%3a6.1.1-3ubuntu5_amd64.deb ...
2025-04-15T07:10:02.0872718Z Unpacking libswscale7:amd64 (7:6.1.1-3ubuntu5) ...
2025-04-15T07:10:02.1127093Z Selecting previously unselected package libvidstab1.1:amd64.
2025-04-15T07:10:02.1263255Z Preparing to unpack .../077-libvidstab1.1_1.1.0-2build1_amd64.deb ...
2025-04-15T07:10:02.1273836Z Unpacking libvidstab1.1:amd64 (1.1.0-2build1) ...
2025-04-15T07:10:02.2010449Z Selecting previously unselected package libzimg2:amd64.
2025-04-15T07:10:02.2146936Z Preparing to unpack .../078-libzimg2_3.0.5+ds1-1build1_amd64.deb ...
2025-04-15T07:10:02.2422030Z Unpacking libzimg2:amd64 (3.0.5+ds1-1build1) ...
2025-04-15T07:10:02.2699843Z Selecting previously unselected package libavfilter9:amd64.
2025-04-15T07:10:02.2835172Z Preparing to unpack .../079-libavfilter9_7%3a6.1.1-3ubuntu5_amd64.deb ...
2025-04-15T07:10:02.2846902Z Unpacking libavfilter9:amd64 (7:6.1.1-3ubuntu5) ...
2025-04-15T07:10:02.3711374Z Selecting previously unselected package liborc-0.4-0t64:amd64.
2025-04-15T07:10:02.3845194Z Preparing to unpack .../080-liborc-0.4-0t64_1%3a0.4.38-1ubuntu0.1_amd64.deb ...
2025-04-15T07:10:02.3856849Z Unpacking liborc-0.4-0t64:amd64 (1:0.4.38-1ubuntu0.1) ...
2025-04-15T07:10:02.4173802Z Selecting previously unselected package libgstreamer-plugins-base1.0-0:amd64.
2025-04-15T07:10:02.4308462Z Preparing to unpack .../081-libgstreamer-plugins-base1.0-0_1.24.2-1ubuntu0.2_amd64.deb ...
2025-04-15T07:10:02.4320181Z Unpacking libgstreamer-plugins-base1.0-0:amd64 (1.24.2-1ubuntu0.2) ...
2025-04-15T07:10:02.4881724Z Selecting previously unselected package gstreamer1.0-libav:amd64.
2025-04-15T07:10:02.5015653Z Preparing to unpack .../082-gstreamer1.0-libav_1.24.1-1build1_amd64.deb ...
2025-04-15T07:10:02.5025823Z Unpacking gstreamer1.0-libav:amd64 (1.24.1-1build1) ...
2025-04-15T07:10:02.5267353Z Selecting previously unselected package libcdparanoia0:amd64.
2025-04-15T07:10:02.5402407Z Preparing to unpack .../083-libcdparanoia0_3.10.2+debian-14build3_amd64.deb ...
2025-04-15T07:10:02.5414324Z Unpacking libcdparanoia0:amd64 (3.10.2+debian-14build3) ...
2025-04-15T07:10:02.5709909Z Selecting previously unselected package libvisual-0.4-0:amd64.
2025-04-15T07:10:02.5844372Z Preparing to unpack .../084-libvisual-0.4-0_0.4.2-2build1_amd64.deb ...
2025-04-15T07:10:02.5854836Z Unpacking libvisual-0.4-0:amd64 (0.4.2-2build1) ...
2025-04-15T07:10:02.6098318Z Selecting previously unselected package gstreamer1.0-plugins-base:amd64.
2025-04-15T07:10:02.6231362Z Preparing to unpack .../085-gstreamer1.0-plugins-base_1.24.2-1ubuntu0.2_amd64.deb ...
2025-04-15T07:10:02.6239655Z Unpacking gstreamer1.0-plugins-base:amd64 (1.24.2-1ubuntu0.2) ...
2025-04-15T07:10:02.6599019Z Selecting previously unselected package libaa1:amd64.
2025-04-15T07:10:02.6732339Z Preparing to unpack .../086-libaa1_1.4p5-51.1_amd64.deb ...
2025-04-15T07:10:02.6753466Z Unpacking libaa1:amd64 (1.4p5-51.1) ...
2025-04-15T07:10:02.6987301Z Selecting previously unselected package libraw1394-11:amd64.
2025-04-15T07:10:02.7120100Z Preparing to unpack .../087-libraw1394-11_2.1.2-2build3_amd64.deb ...
2025-04-15T07:10:02.7132003Z Unpacking libraw1394-11:amd64 (2.1.2-2build3) ...
2025-04-15T07:10:02.7361326Z Selecting previously unselected package libavc1394-0:amd64.
2025-04-15T07:10:02.7493887Z Preparing to unpack .../088-libavc1394-0_0.5.4-5build3_amd64.deb ...
2025-04-15T07:10:02.7503349Z Unpacking libavc1394-0:amd64 (0.5.4-5build3) ...
2025-04-15T07:10:02.7740523Z Selecting previously unselected package libcaca0:amd64.
2025-04-15T07:10:02.7872322Z Preparing to unpack .../089-libcaca0_0.99.beta20-4build2_amd64.deb ...
2025-04-15T07:10:02.7887689Z Unpacking libcaca0:amd64 (0.99.beta20-4build2) ...
2025-04-15T07:10:02.8168864Z Selecting previously unselected package libdv4t64:amd64.
2025-04-15T07:10:02.8301849Z Preparing to unpack .../090-libdv4t64_1.0.0-17.1build1_amd64.deb ...
2025-04-15T07:10:02.8313545Z Unpacking libdv4t64:amd64 (1.0.0-17.1build1) ...
2025-04-15T07:10:02.8560412Z Selecting previously unselected package libgstreamer-plugins-good1.0-0:amd64.
2025-04-15T07:10:02.8692902Z Preparing to unpack .../091-libgstreamer-plugins-good1.0-0_1.24.2-1ubuntu1.1_amd64.deb ...
2025-04-15T07:10:02.8703846Z Unpacking libgstreamer-plugins-good1.0-0:amd64 (1.24.2-1ubuntu1.1) ...
2025-04-15T07:10:02.8937785Z Selecting previously unselected package libiec61883-0:amd64.
2025-04-15T07:10:02.9070411Z Preparing to unpack .../092-libiec61883-0_1.2.0-6build1_amd64.deb ...
2025-04-15T07:10:02.9085915Z Unpacking libiec61883-0:amd64 (1.2.0-6build1) ...
2025-04-15T07:10:02.9318750Z Selecting previously unselected package libshout3:amd64.
2025-04-15T07:10:02.9452558Z Preparing to unpack .../093-libshout3_2.4.6-1build2_amd64.deb ...
2025-04-15T07:10:02.9464683Z Unpacking libshout3:amd64 (2.4.6-1build2) ...
2025-04-15T07:10:02.9729897Z Selecting previously unselected package libtag1v5-vanilla:amd64.
2025-04-15T07:10:02.9864583Z Preparing to unpack .../094-libtag1v5-vanilla_1.13.1-1build1_amd64.deb ...
2025-04-15T07:10:02.9877092Z Unpacking libtag1v5-vanilla:amd64 (1.13.1-1build1) ...
2025-04-15T07:10:03.0169953Z Selecting previously unselected package libtag1v5:amd64.
2025-04-15T07:10:03.0304466Z Preparing to unpack .../095-libtag1v5_1.13.1-1build1_amd64.deb ...
2025-04-15T07:10:03.0318010Z Unpacking libtag1v5:amd64 (1.13.1-1build1) ...
2025-04-15T07:10:03.0561040Z Selecting previously unselected package libv4lconvert0t64:amd64.
2025-04-15T07:10:03.0695721Z Preparing to unpack .../096-libv4lconvert0t64_1.26.1-4build3_amd64.deb ...
2025-04-15T07:10:03.0709456Z Unpacking libv4lconvert0t64:amd64 (1.26.1-4build3) ...
2025-04-15T07:10:03.0973482Z Selecting previously unselected package libv4l-0t64:amd64.
2025-04-15T07:10:03.1106067Z Preparing to unpack .../097-libv4l-0t64_1.26.1-4build3_amd64.deb ...
2025-04-15T07:10:03.1115698Z Unpacking libv4l-0t64:amd64 (1.26.1-4build3) ...
2025-04-15T07:10:03.1372775Z Selecting previously unselected package libwavpack1:amd64.
2025-04-15T07:10:03.1505265Z Preparing to unpack .../098-libwavpack1_5.6.0-1build1_amd64.deb ...
2025-04-15T07:10:03.1517864Z Unpacking libwavpack1:amd64 (5.6.0-1build1) ...
2025-04-15T07:10:03.1753374Z Selecting previously unselected package libsoup-3.0-common.
2025-04-15T07:10:03.1885601Z Preparing to unpack .../099-libsoup-3.0-common_3.4.4-5ubuntu0.2_all.deb ...
2025-04-15T07:10:03.1898433Z Unpacking libsoup-3.0-common (3.4.4-5ubuntu0.2) ...
2025-04-15T07:10:03.2128903Z Selecting previously unselected package libsoup-3.0-0:amd64.
2025-04-15T07:10:03.2262866Z Preparing to unpack .../100-libsoup-3.0-0_3.4.4-5ubuntu0.2_amd64.deb ...
2025-04-15T07:10:03.2283658Z Unpacking libsoup-3.0-0:amd64 (3.4.4-5ubuntu0.2) ...
2025-04-15T07:10:03.2535201Z Selecting previously unselected package gstreamer1.0-plugins-good:amd64.
2025-04-15T07:10:03.2667481Z Preparing to unpack .../101-gstreamer1.0-plugins-good_1.24.2-1ubuntu1.1_amd64.deb ...
2025-04-15T07:10:03.2678441Z Unpacking gstreamer1.0-plugins-good:amd64 (1.24.2-1ubuntu1.1) ...
2025-04-15T07:10:03.3399465Z Preparing to unpack .../102-gtk-update-icon-cache_3.24.41-4ubuntu1.3_amd64.deb ...
2025-04-15T07:10:03.3435480Z Unpacking gtk-update-icon-cache (3.24.41-4ubuntu1.3) over (3.24.41-4ubuntu1.2) ...
2025-04-15T07:10:03.3707740Z Selecting previously unselected package libabsl20220623t64:amd64.
2025-04-15T07:10:03.3842506Z Preparing to unpack .../103-libabsl20220623t64_20220623.1-3.1ubuntu3_amd64.deb ...
2025-04-15T07:10:03.3858220Z Unpacking libabsl20220623t64:amd64 (20220623.1-3.1ubuntu3) ...
2025-04-15T07:10:03.4290177Z Selecting previously unselected package libgav1-1:amd64.
2025-04-15T07:10:03.4424387Z Preparing to unpack .../104-libgav1-1_0.18.0-1build3_amd64.deb ...
2025-04-15T07:10:03.4437697Z Unpacking libgav1-1:amd64 (0.18.0-1build3) ...
2025-04-15T07:10:03.4726941Z Selecting previously unselected package libyuv0:amd64.
2025-04-15T07:10:03.4860994Z Preparing to unpack .../105-libyuv0_0.0~git202401110.af6ac82-1_amd64.deb ...
2025-04-15T07:10:03.4872784Z Unpacking libyuv0:amd64 (0.0~git202401110.af6ac82-1) ...
2025-04-15T07:10:03.5129797Z Selecting previously unselected package libavif16:amd64.
2025-04-15T07:10:03.5263604Z Preparing to unpack .../106-libavif16_1.0.4-1ubuntu3_amd64.deb ...
2025-04-15T07:10:03.5273674Z Unpacking libavif16:amd64 (1.0.4-1ubuntu3) ...
2025-04-15T07:10:03.5509279Z Selecting previously unselected package libavtp0:amd64.
2025-04-15T07:10:03.5643690Z Preparing to unpack .../107-libavtp0_0.2.0-1build1_amd64.deb ...
2025-04-15T07:10:03.5655904Z Unpacking libavtp0:amd64 (0.2.0-1build1) ...
2025-04-15T07:10:03.5874833Z Selecting previously unselected package libcairo-script-interpreter2:amd64.
2025-04-15T07:10:03.6007619Z Preparing to unpack .../108-libcairo-script-interpreter2_1.18.0-3build1_amd64.deb ...
2025-04-15T07:10:03.6018081Z Unpacking libcairo-script-interpreter2:amd64 (1.18.0-3build1) ...
2025-04-15T07:10:03.6254191Z Selecting previously unselected package libdc1394-25:amd64.
2025-04-15T07:10:03.6387392Z Preparing to unpack .../109-libdc1394-25_2.2.6-4build1_amd64.deb ...
2025-04-15T07:10:03.6399496Z Unpacking libdc1394-25:amd64 (2.2.6-4build1) ...
2025-04-15T07:10:03.6644671Z Selecting previously unselected package libdecor-0-0:amd64.
2025-04-15T07:10:03.6778867Z Preparing to unpack .../110-libdecor-0-0_0.2.2-1build2_amd64.deb ...
2025-04-15T07:10:03.6789338Z Unpacking libdecor-0-0:amd64 (0.2.2-1build2) ...
2025-04-15T07:10:03.7016199Z Selecting previously unselected package libgles2:amd64.
2025-04-15T07:10:03.7149500Z Preparing to unpack .../111-libgles2_1.7.0-1build1_amd64.deb ...
2025-04-15T07:10:03.7160172Z Unpacking libgles2:amd64 (1.7.0-1build1) ...
2025-04-15T07:10:03.7383810Z Selecting previously unselected package libdirectfb-1.7-7t64:amd64.
2025-04-15T07:10:03.7516070Z Preparing to unpack .../112-libdirectfb-1.7-7t64_1.7.7-11.1ubuntu2_amd64.deb ...
2025-04-15T07:10:03.7527616Z Unpacking libdirectfb-1.7-7t64:amd64 (1.7.7-11.1ubuntu2) ...
2025-04-15T07:10:03.7962190Z Selecting previously unselected package libdvdread8t64:amd64.
2025-04-15T07:10:03.8096115Z Preparing to unpack .../113-libdvdread8t64_6.1.3-1.1build1_amd64.deb ...
2025-04-15T07:10:03.8110521Z Unpacking libdvdread8t64:amd64 (6.1.3-1.1build1) ...
2025-04-15T07:10:03.8358224Z Selecting previously unselected package libdvdnav4:amd64.
2025-04-15T07:10:03.8491107Z Preparing to unpack .../114-libdvdnav4_6.1.1-3build1_amd64.deb ...
2025-04-15T07:10:03.8505143Z Unpacking libdvdnav4:amd64 (6.1.1-3build1) ...
2025-04-15T07:10:03.8744212Z Selecting previously unselected package libegl-mesa0:amd64.
2025-04-15T07:10:03.8879508Z Preparing to unpack .../115-libegl-mesa0_24.2.8-1ubuntu1~24.04.1_amd64.deb ...
2025-04-15T07:10:03.8891592Z Unpacking libegl-mesa0:amd64 (24.2.8-1ubuntu1~24.04.1) ...
2025-04-15T07:10:03.9161261Z Selecting previously unselected package libevent-2.1-7t64:amd64.
2025-04-15T07:10:03.9294747Z Preparing to unpack .../116-libevent-2.1-7t64_2.1.12-stable-9ubuntu2_amd64.deb ...
2025-04-15T07:10:03.9306836Z Unpacking libevent-2.1-7t64:amd64 (2.1.12-stable-9ubuntu2) ...
2025-04-15T07:10:03.9559347Z Selecting previously unselected package libfaad2:amd64.
2025-04-15T07:10:03.9693474Z Preparing to unpack .../117-libfaad2_2.11.1-1build1_amd64.deb ...
2025-04-15T07:10:03.9703559Z Unpacking libfaad2:amd64 (2.11.1-1build1) ...
2025-04-15T07:10:03.9979457Z Selecting previously unselected package libinstpatch-1.0-2:amd64.
2025-04-15T07:10:04.0115465Z Preparing to unpack .../118-libinstpatch-1.0-2_1.1.6-1build2_amd64.deb ...
2025-04-15T07:10:04.0133137Z Unpacking libinstpatch-1.0-2:amd64 (1.1.6-1build2) ...
2025-04-15T07:10:04.0411221Z Selecting previously unselected package libjack-jackd2-0:amd64.
2025-04-15T07:10:04.0547469Z Preparing to unpack .../119-libjack-jackd2-0_1.9.21~dfsg-3ubuntu3_amd64.deb ...
2025-04-15T07:10:04.0562934Z Unpacking libjack-jackd2-0:amd64 (1.9.21~dfsg-3ubuntu3) ...
2025-04-15T07:10:04.0840553Z Selecting previously unselected package libwebrtc-audio-processing1:amd64.
2025-04-15T07:10:04.0975033Z Preparing to unpack .../120-libwebrtc-audio-processing1_0.3.1-0ubuntu6_amd64.deb ...
2025-04-15T07:10:04.0985812Z Unpacking libwebrtc-audio-processing1:amd64 (0.3.1-0ubuntu6) ...
2025-04-15T07:10:04.1260652Z Selecting previously unselected package libspa-0.2-modules:amd64.
2025-04-15T07:10:04.1396060Z Preparing to unpack .../121-libspa-0.2-modules_1.0.5-1ubuntu3_amd64.deb ...
2025-04-15T07:10:04.1406680Z Unpacking libspa-0.2-modules:amd64 (1.0.5-1ubuntu3) ...
2025-04-15T07:10:04.1750906Z Selecting previously unselected package libpipewire-0.3-0t64:amd64.
2025-04-15T07:10:04.1884702Z Preparing to unpack .../122-libpipewire-0.3-0t64_1.0.5-1ubuntu3_amd64.deb ...
2025-04-15T07:10:04.1898164Z Unpacking libpipewire-0.3-0t64:amd64 (1.0.5-1ubuntu3) ...
2025-04-15T07:10:04.2174052Z Selecting previously unselected package libsdl2-2.0-0:amd64.
2025-04-15T07:10:04.2307934Z Preparing to unpack .../123-libsdl2-2.0-0_2.30.0+dfsg-1build3_amd64.deb ...
2025-04-15T07:10:04.2317314Z Unpacking libsdl2-2.0-0:amd64 (2.30.0+dfsg-1build3) ...
2025-04-15T07:10:04.2662145Z Selecting previously unselected package timgm6mb-soundfont.
2025-04-15T07:10:04.2796460Z Preparing to unpack .../124-timgm6mb-soundfont_1.3-5_all.deb ...
2025-04-15T07:10:04.2807508Z Unpacking timgm6mb-soundfont (1.3-5) ...
2025-04-15T07:10:04.6252997Z Selecting previously unselected package libfluidsynth3:amd64.
2025-04-15T07:10:04.6389656Z Preparing to unpack .../125-libfluidsynth3_2.3.4-1build3_amd64.deb ...
2025-04-15T07:10:04.6404833Z Unpacking libfluidsynth3:amd64 (2.3.4-1build3) ...
2025-04-15T07:10:04.6659290Z Selecting previously unselected package libfreeaptx0:amd64.
2025-04-15T07:10:04.6793890Z Preparing to unpack .../126-libfreeaptx0_0.1.1-2build1_amd64.deb ...
2025-04-15T07:10:04.6803792Z Unpacking libfreeaptx0:amd64 (0.1.1-2build1) ...
2025-04-15T07:10:04.7046395Z Selecting previously unselected package libgraphene-1.0-0:amd64.
2025-04-15T07:10:04.7180251Z Preparing to unpack .../127-libgraphene-1.0-0_1.10.8-3build2_amd64.deb ...
2025-04-15T07:10:04.7192809Z Unpacking libgraphene-1.0-0:amd64 (1.10.8-3build2) ...
2025-04-15T07:10:04.7425338Z Selecting previously unselected package libgssdp-1.6-0:amd64.
2025-04-15T07:10:04.7558791Z Preparing to unpack .../128-libgssdp-1.6-0_1.6.3-1build3_amd64.deb ...
2025-04-15T07:10:04.7570183Z Unpacking libgssdp-1.6-0:amd64 (1.6.3-1build3) ...
2025-04-15T07:10:04.7820911Z Selecting previously unselected package libegl1:amd64.
2025-04-15T07:10:04.7954819Z Preparing to unpack .../129-libegl1_1.7.0-1build1_amd64.deb ...
2025-04-15T07:10:04.7980392Z Unpacking libegl1:amd64 (1.7.0-1build1) ...
2025-04-15T07:10:04.8218441Z Selecting previously unselected package libgstreamer-gl1.0-0:amd64.
2025-04-15T07:10:04.8351989Z Preparing to unpack .../130-libgstreamer-gl1.0-0_1.24.2-1ubuntu0.2_amd64.deb ...
2025-04-15T07:10:04.8362796Z Unpacking libgstreamer-gl1.0-0:amd64 (1.24.2-1ubuntu0.2) ...
2025-04-15T07:10:04.8760677Z Preparing to unpack .../131-libgtk-3-common_3.24.41-4ubuntu1.3_all.deb ...
2025-04-15T07:10:04.8799126Z Unpacking libgtk-3-common (3.24.41-4ubuntu1.3) over (3.24.41-4ubuntu1.2) ...
2025-04-15T07:10:04.9470894Z Preparing to unpack .../132-libgtk-3-0t64_3.24.41-4ubuntu1.3_amd64.deb ...
2025-04-15T07:10:04.9544252Z Unpacking libgtk-3-0t64:amd64 (3.24.41-4ubuntu1.3) over (3.24.41-4ubuntu1.2) ...
2025-04-15T07:10:05.0347388Z Selecting previously unselected package libgtk-4-common.
2025-04-15T07:10:05.0483256Z Preparing to unpack .../133-libgtk-4-common_4.14.2+ds-1ubuntu2_all.deb ...
2025-04-15T07:10:05.0496072Z Unpacking libgtk-4-common (4.14.2+ds-1ubuntu2) ...
2025-04-15T07:10:05.1033559Z Selecting previously unselected package libgtk-4-1:amd64.
2025-04-15T07:10:05.1169582Z Preparing to unpack .../134-libgtk-4-1_4.14.2+ds-1ubuntu2_amd64.deb ...
2025-04-15T07:10:05.1181337Z Unpacking libgtk-4-1:amd64 (4.14.2+ds-1ubuntu2) ...
2025-04-15T07:10:05.1943420Z Selecting previously unselected package libgupnp-1.6-0:amd64.
2025-04-15T07:10:05.2078745Z Preparing to unpack .../135-libgupnp-1.6-0_1.6.6-1build3_amd64.deb ...
2025-04-15T07:10:05.2099031Z Unpacking libgupnp-1.6-0:amd64 (1.6.6-1build3) ...
2025-04-15T07:10:05.2357255Z Selecting previously unselected package libgupnp-igd-1.6-0:amd64.
2025-04-15T07:10:05.2492303Z Preparing to unpack .../136-libgupnp-igd-1.6-0_1.6.0-3build3_amd64.deb ...
2025-04-15T07:10:05.2504973Z Unpacking libgupnp-igd-1.6-0:amd64 (1.6.0-3build3) ...
2025-04-15T07:10:05.2747288Z Selecting previously unselected package libharfbuzz-icu0:amd64.
2025-04-15T07:10:05.2880809Z Preparing to unpack .../137-libharfbuzz-icu0_8.3.0-2build2_amd64.deb ...
2025-04-15T07:10:05.2893746Z Unpacking libharfbuzz-icu0:amd64 (8.3.0-2build2) ...
2025-04-15T07:10:05.3133856Z Selecting previously unselected package libhyphen0:amd64.
2025-04-15T07:10:05.3267072Z Preparing to unpack .../138-libhyphen0_2.8.8-7build3_amd64.deb ...
2025-04-15T07:10:05.3279967Z Unpacking libhyphen0:amd64 (2.8.8-7build3) ...
2025-04-15T07:10:05.3519686Z Selecting previously unselected package libimath-3-1-29t64:amd64.
2025-04-15T07:10:05.3652725Z Preparing to unpack .../139-libimath-3-1-29t64_3.1.9-3.1ubuntu2_amd64.deb ...
2025-04-15T07:10:05.3664746Z Unpacking libimath-3-1-29t64:amd64 (3.1.9-3.1ubuntu2) ...
2025-04-15T07:10:05.3915908Z Selecting previously unselected package liblc3-1:amd64.
2025-04-15T07:10:05.4048631Z Preparing to unpack .../140-liblc3-1_1.0.4-3build1_amd64.deb ...
2025-04-15T07:10:05.4071318Z Unpacking liblc3-1:amd64 (1.0.4-3build1) ...
2025-04-15T07:10:05.4312216Z Selecting previously unselected package libldacbt-enc2:amd64.
2025-04-15T07:10:05.4444318Z Preparing to unpack .../141-libldacbt-enc2_2.0.2.3+git20200429+ed310a0-4ubuntu2_amd64.deb ...
2025-04-15T07:10:05.4454367Z Unpacking libldacbt-enc2:amd64 (2.0.2.3+git20200429+ed310a0-4ubuntu2) ...
2025-04-15T07:10:05.4852985Z Preparing to unpack .../142-libxslt1.1_1.1.39-0exp1ubuntu0.24.04.2_amd64.deb ...
2025-04-15T07:10:05.4894156Z Unpacking libxslt1.1:amd64 (1.1.39-0exp1ubuntu0.24.04.2) over (1.1.39-0exp1build1) ...
2025-04-15T07:10:05.5192875Z Selecting previously unselected package libraptor2-0:amd64.
2025-04-15T07:10:05.5328375Z Preparing to unpack .../143-libraptor2-0_2.0.16-3ubuntu0.1_amd64.deb ...
2025-04-15T07:10:05.5342066Z Unpacking libraptor2-0:amd64 (2.0.16-3ubuntu0.1) ...
2025-04-15T07:10:05.5607624Z Selecting previously unselected package liblrdf0:amd64.
2025-04-15T07:10:05.5740739Z Preparing to unpack .../144-liblrdf0_0.6.1-4build1_amd64.deb ...
2025-04-15T07:10:05.5753478Z Unpacking liblrdf0:amd64 (0.6.1-4build1) ...
2025-04-15T07:10:05.6040121Z Selecting previously unselected package libltc11:amd64.
2025-04-15T07:10:05.6173843Z Preparing to unpack .../145-libltc11_1.3.2-1build1_amd64.deb ...
2025-04-15T07:10:05.6185381Z Unpacking libltc11:amd64 (1.3.2-1build1) ...
2025-04-15T07:10:05.6426732Z Selecting previously unselected package libmanette-0.2-0:amd64.
2025-04-15T07:10:05.6560082Z Preparing to unpack .../146-libmanette-0.2-0_0.2.7-1build2_amd64.deb ...
2025-04-15T07:10:05.6571903Z Unpacking libmanette-0.2-0:amd64 (0.2.7-1build2) ...
2025-04-15T07:10:05.6826534Z Selecting previously unselected package libmfx1:amd64.
2025-04-15T07:10:05.6960312Z Preparing to unpack .../147-libmfx1_22.5.4-1_amd64.deb ...
2025-04-15T07:10:05.6973001Z Unpacking libmfx1:amd64 (22.5.4-1) ...
2025-04-15T07:10:05.8069682Z Selecting previously unselected package libmjpegutils-2.1-0t64:amd64.
2025-04-15T07:10:05.8203869Z Preparing to unpack .../148-libmjpegutils-2.1-0t64_1%3a2.1.0+debian-8.1build1_amd64.deb ...
2025-04-15T07:10:05.8214382Z Unpacking libmjpegutils-2.1-0t64:amd64 (1:2.1.0+debian-8.1build1) ...
2025-04-15T07:10:05.8464009Z Selecting previously unselected package libmodplug1:amd64.
2025-04-15T07:10:05.8598347Z Preparing to unpack .../149-libmodplug1_1%3a0.8.9.0-3build1_amd64.deb ...
2025-04-15T07:10:05.8610888Z Unpacking libmodplug1:amd64 (1:0.8.9.0-3build1) ...
2025-04-15T07:10:05.8852860Z Selecting previously unselected package libmpcdec6:amd64.
2025-04-15T07:10:05.8987013Z Preparing to unpack .../150-libmpcdec6_2%3a0.1~r495-2build1_amd64.deb ...
2025-04-15T07:10:05.8999551Z Unpacking libmpcdec6:amd64 (2:0.1~r495-2build1) ...
2025-04-15T07:10:05.9219411Z Selecting previously unselected package libmpeg2encpp-2.1-0t64:amd64.
2025-04-15T07:10:05.9353509Z Preparing to unpack .../151-libmpeg2encpp-2.1-0t64_1%3a2.1.0+debian-8.1build1_amd64.deb ...
2025-04-15T07:10:05.9364486Z Unpacking libmpeg2encpp-2.1-0t64:amd64 (1:2.1.0+debian-8.1build1) ...
2025-04-15T07:10:05.9603802Z Selecting previously unselected package libmplex2-2.1-0t64:amd64.
2025-04-15T07:10:05.9737603Z Preparing to unpack .../152-libmplex2-2.1-0t64_1%3a2.1.0+debian-8.1build1_amd64.deb ...
2025-04-15T07:10:05.9753553Z Unpacking libmplex2-2.1-0t64:amd64 (1:2.1.0+debian-8.1build1) ...
2025-04-15T07:10:05.9980718Z Selecting previously unselected package libneon27t64:amd64.
2025-04-15T07:10:06.0114133Z Preparing to unpack .../153-libneon27t64_0.33.0-1.1build3_amd64.deb ...
2025-04-15T07:10:06.0129488Z Unpacking libneon27t64:amd64 (0.33.0-1.1build3) ...
2025-04-15T07:10:06.0415038Z Selecting previously unselected package libnice10:amd64.
2025-04-15T07:10:06.0549315Z Preparing to unpack .../154-libnice10_0.1.21-2build3_amd64.deb ...
2025-04-15T07:10:06.0562104Z Unpacking libnice10:amd64 (0.1.21-2build3) ...
2025-04-15T07:10:06.0810677Z Selecting previously unselected package libopenal-data.
2025-04-15T07:10:06.0944994Z Preparing to unpack .../155-libopenal-data_1%3a1.23.1-4build1_all.deb ...
2025-04-15T07:10:06.0957283Z Unpacking libopenal-data (1:1.23.1-4build1) ...
2025-04-15T07:10:06.1216940Z Selecting previously unselected package libopenexr-3-1-30:amd64.
2025-04-15T07:10:06.1350929Z Preparing to unpack .../156-libopenexr-3-1-30_3.1.5-5.1build3_amd64.deb ...
2025-04-15T07:10:06.1398523Z Unpacking libopenexr-3-1-30:amd64 (3.1.5-5.1build3) ...
2025-04-15T07:10:06.1790990Z Selecting previously unselected package libopenh264-7:amd64.
2025-04-15T07:10:06.1925954Z Preparing to unpack .../157-libopenh264-7_2.4.1+dfsg-1_amd64.deb ...
2025-04-15T07:10:06.1940721Z Unpacking libopenh264-7:amd64 (2.4.1+dfsg-1) ...
2025-04-15T07:10:06.2245679Z Selecting previously unselected package libopenni2-0:amd64.
2025-04-15T07:10:06.2379274Z Preparing to unpack .../158-libopenni2-0_2.2.0.33+dfsg-18_amd64.deb ...
2025-04-15T07:10:06.2410196Z Unpacking libopenni2-0:amd64 (2.2.0.33+dfsg-18) ...
2025-04-15T07:10:06.2721927Z Selecting previously unselected package libqrencode4:amd64.
2025-04-15T07:10:06.2856907Z Preparing to unpack .../159-libqrencode4_4.1.1-1build2_amd64.deb ...
2025-04-15T07:10:06.2870046Z Unpacking libqrencode4:amd64 (4.1.1-1build2) ...
2025-04-15T07:10:06.3082767Z Selecting previously unselected package libsecret-common.
2025-04-15T07:10:06.3217515Z Preparing to unpack .../160-libsecret-common_0.21.4-1build3_all.deb ...
2025-04-15T07:10:06.3229005Z Unpacking libsecret-common (0.21.4-1build3) ...
2025-04-15T07:10:06.3593978Z Selecting previously unselected package libsecret-1-0:amd64.
2025-04-15T07:10:06.3729729Z Preparing to unpack .../161-libsecret-1-0_0.21.4-1build3_amd64.deb ...
2025-04-15T07:10:06.3743929Z Unpacking libsecret-1-0:amd64 (0.21.4-1build3) ...
2025-04-15T07:10:06.3983946Z Selecting previously unselected package libsndio7.0:amd64.
2025-04-15T07:10:06.4118103Z Preparing to unpack .../162-libsndio7.0_1.9.0-0.3build3_amd64.deb ...
2025-04-15T07:10:06.4129141Z Unpacking libsndio7.0:amd64 (1.9.0-0.3build3) ...
2025-04-15T07:10:06.4354317Z Selecting previously unselected package libsoundtouch1:amd64.
2025-04-15T07:10:06.4489166Z Preparing to unpack .../163-libsoundtouch1_2.3.2+ds1-1build1_amd64.deb ...
2025-04-15T07:10:06.4499531Z Unpacking libsoundtouch1:amd64 (2.3.2+ds1-1build1) ...
2025-04-15T07:10:06.4763801Z Selecting previously unselected package libspandsp2t64:amd64.
2025-04-15T07:10:06.4898597Z Preparing to unpack .../164-libspandsp2t64_0.0.6+dfsg-2.1build1_amd64.deb ...
2025-04-15T07:10:06.4911604Z Unpacking libspandsp2t64:amd64 (0.0.6+dfsg-2.1build1) ...
2025-04-15T07:10:06.5191847Z Selecting previously unselected package libsrtp2-1:amd64.
2025-04-15T07:10:06.5325710Z Preparing to unpack .../165-libsrtp2-1_2.5.0-3build1_amd64.deb ...
2025-04-15T07:10:06.5335472Z Unpacking libsrtp2-1:amd64 (2.5.0-3build1) ...
2025-04-15T07:10:06.5571696Z Selecting previously unselected package libwildmidi2:amd64.
2025-04-15T07:10:06.5705099Z Preparing to unpack .../166-libwildmidi2_0.4.3-1build3_amd64.deb ...
2025-04-15T07:10:06.5717594Z Unpacking libwildmidi2:amd64 (0.4.3-1build3) ...
2025-04-15T07:10:06.5954331Z Selecting previously unselected package libwoff1:amd64.
2025-04-15T07:10:06.6088763Z Preparing to unpack .../167-libwoff1_1.0.2-2build1_amd64.deb ...
2025-04-15T07:10:06.6099417Z Unpacking libwoff1:amd64 (1.0.2-2build1) ...
2025-04-15T07:10:06.6339049Z Selecting previously unselected package libxcb-xkb1:amd64.
2025-04-15T07:10:06.6473920Z Preparing to unpack .../168-libxcb-xkb1_1.15-1ubuntu2_amd64.deb ...
2025-04-15T07:10:06.6483867Z Unpacking libxcb-xkb1:amd64 (1.15-1ubuntu2) ...
2025-04-15T07:10:06.6723439Z Selecting previously unselected package libxkbcommon-x11-0:amd64.
2025-04-15T07:10:06.6857475Z Preparing to unpack .../169-libxkbcommon-x11-0_1.6.0-1build1_amd64.deb ...
2025-04-15T07:10:06.6868573Z Unpacking libxkbcommon-x11-0:amd64 (1.6.0-1build1) ...
2025-04-15T07:10:06.7130611Z Selecting previously unselected package libzbar0t64:amd64.
2025-04-15T07:10:06.7265808Z Preparing to unpack .../170-libzbar0t64_0.23.93-4build3_amd64.deb ...
2025-04-15T07:10:06.7281893Z Unpacking libzbar0t64:amd64 (0.23.93-4build3) ...
2025-04-15T07:10:06.7521051Z Selecting previously unselected package libzxing3:amd64.
2025-04-15T07:10:06.7655299Z Preparing to unpack .../171-libzxing3_2.2.1-3_amd64.deb ...
2025-04-15T07:10:06.7669424Z Unpacking libzxing3:amd64 (2.2.1-3) ...
2025-04-15T07:10:06.7947312Z Selecting previously unselected package xfonts-encodings.
2025-04-15T07:10:06.8081689Z Preparing to unpack .../172-xfonts-encodings_1%3a1.0.5-0ubuntu2_all.deb ...
2025-04-15T07:10:06.8113499Z Unpacking xfonts-encodings (1:1.0.5-0ubuntu2) ...
2025-04-15T07:10:06.8440299Z Selecting previously unselected package xfonts-utils.
2025-04-15T07:10:06.8575249Z Preparing to unpack .../173-xfonts-utils_1%3a7.7+6build3_amd64.deb ...
2025-04-15T07:10:06.8585434Z Unpacking xfonts-utils (1:7.7+6build3) ...
2025-04-15T07:10:06.8971387Z Selecting previously unselected package xfonts-cyrillic.
2025-04-15T07:10:06.9106525Z Preparing to unpack .../174-xfonts-cyrillic_1%3a1.0.5+nmu1_all.deb ...
2025-04-15T07:10:06.9117297Z Unpacking xfonts-cyrillic (1:1.0.5+nmu1) ...
2025-04-15T07:10:06.9497920Z Selecting previously unselected package xfonts-scalable.
2025-04-15T07:10:06.9631662Z Preparing to unpack .../175-xfonts-scalable_1%3a1.0.3-1.3_all.deb ...
2025-04-15T07:10:06.9645416Z Unpacking xfonts-scalable (1:1.0.3-1.3) ...
2025-04-15T07:10:06.9912094Z Selecting previously unselected package libgstreamer-plugins-bad1.0-0:amd64.
2025-04-15T07:10:07.0046813Z Preparing to unpack .../176-libgstreamer-plugins-bad1.0-0_1.24.2-1ubuntu4_amd64.deb ...
2025-04-15T07:10:07.0063802Z Unpacking libgstreamer-plugins-bad1.0-0:amd64 (1.24.2-1ubuntu4) ...
2025-04-15T07:10:07.0492204Z Selecting previously unselected package libdca0:amd64.
2025-04-15T07:10:07.0627820Z Preparing to unpack .../177-libdca0_0.0.7-2build1_amd64.deb ...
2025-04-15T07:10:07.0639334Z Unpacking libdca0:amd64 (0.0.7-2build1) ...
2025-04-15T07:10:07.0885763Z Selecting previously unselected package libopenal1:amd64.
2025-04-15T07:10:07.1020336Z Preparing to unpack .../178-libopenal1_1%3a1.23.1-4build1_amd64.deb ...
2025-04-15T07:10:07.1031142Z Unpacking libopenal1:amd64 (1:1.23.1-4build1) ...
2025-04-15T07:10:07.1334174Z Selecting previously unselected package libsbc1:amd64.
2025-04-15T07:10:07.1472157Z Preparing to unpack .../179-libsbc1_2.0-1build1_amd64.deb ...
2025-04-15T07:10:07.1487054Z Unpacking libsbc1:amd64 (2.0-1build1) ...
2025-04-15T07:10:07.1720510Z Selecting previously unselected package libvo-aacenc0:amd64.
2025-04-15T07:10:07.1853766Z Preparing to unpack .../180-libvo-aacenc0_0.1.3-2build1_amd64.deb ...
2025-04-15T07:10:07.1866259Z Unpacking libvo-aacenc0:amd64 (0.1.3-2build1) ...
2025-04-15T07:10:07.2110367Z Selecting previously unselected package libvo-amrwbenc0:amd64.
2025-04-15T07:10:07.2246075Z Preparing to unpack .../181-libvo-amrwbenc0_0.1.3-2build1_amd64.deb ...
2025-04-15T07:10:07.2262309Z Unpacking libvo-amrwbenc0:amd64 (0.1.3-2build1) ...
2025-04-15T07:10:07.2485980Z Selecting previously unselected package gstreamer1.0-plugins-bad:amd64.
2025-04-15T07:10:07.2621530Z Preparing to unpack .../182-gstreamer1.0-plugins-bad_1.24.2-1ubuntu4_amd64.deb ...
2025-04-15T07:10:07.2632769Z Unpacking gstreamer1.0-plugins-bad:amd64 (1.24.2-1ubuntu4) ...
2025-04-15T07:10:07.3906125Z Setting up libgme0:amd64 (0.6.3-7build1) ...
2025-04-15T07:10:07.3946185Z Setting up libchromaprint1:amd64 (1.5.1-5) ...
2025-04-15T07:10:07.3984878Z Setting up libssh-gcrypt-4:amd64 (0.10.6-2build2) ...
2025-04-15T07:10:07.4016175Z Setting up libhwy1t64:amd64 (1.0.7-8.1build1) ...
2025-04-15T07:10:07.4049180Z Setting up libcairo-script-interpreter2:amd64 (1.18.0-3build1) ...
2025-04-15T07:10:07.4088564Z Setting up libfreeaptx0:amd64 (0.1.1-2build1) ...
2025-04-15T07:10:07.4116443Z Setting up libdvdread8t64:amd64 (6.1.3-1.1build1) ...
2025-04-15T07:10:07.4142693Z Setting up libudfread0:amd64 (1.1.2-1build1) ...
2025-04-15T07:10:07.4177146Z Setting up libmodplug1:amd64 (1:0.8.9.0-3build1) ...
2025-04-15T07:10:07.4208127Z Setting up libcdparanoia0:amd64 (3.10.2+debian-14build3) ...
2025-04-15T07:10:07.4238987Z Setting up gtk-update-icon-cache (3.24.41-4ubuntu1.3) ...
2025-04-15T07:10:07.4270132Z Setting up libvo-amrwbenc0:amd64 (0.1.3-2build1) ...
2025-04-15T07:10:07.4301599Z Setting up session-migration (0.3.9build1) ...
2025-04-15T07:10:07.5387761Z Created symlink /etc/systemd/user/graphical-session-pre.target.wants/session-migration.service â†’ /usr/lib/systemd/user/session-migration.service.
2025-04-15T07:10:07.5388369Z 
2025-04-15T07:10:07.5422535Z Setting up libraw1394-11:amd64 (2.1.2-2build3) ...
2025-04-15T07:10:07.5455799Z Setting up libsbc1:amd64 (2.0-1build1) ...
2025-04-15T07:10:07.5488489Z Setting up libproxy1v5:amd64 (0.5.4-4build1) ...
2025-04-15T07:10:07.5526857Z Setting up libneon27t64:amd64 (0.33.0-1.1build3) ...
2025-04-15T07:10:07.5558473Z Setting up libtag1v5-vanilla:amd64 (1.13.1-1build1) ...
2025-04-15T07:10:07.5587580Z Setting up libharfbuzz-icu0:amd64 (8.3.0-2build2) ...
2025-04-15T07:10:07.5631478Z Setting up libopenni2-0:amd64 (2.2.0.33+dfsg-18) ...
2025-04-15T07:10:07.5806092Z Setting up libspeex1:amd64 (1.2.1-2ubuntu2.24.04.1) ...
2025-04-15T07:10:07.5839009Z Setting up libshine3:amd64 (3.1.1-2build1) ...
2025-04-15T07:10:07.5865103Z Setting up libcaca0:amd64 (0.99.beta20-4build2) ...
2025-04-15T07:10:07.5893727Z Setting up libvpl2 (2023.3.0-1build1) ...
2025-04-15T07:10:07.5946223Z Setting up libv4lconvert0t64:amd64 (1.26.1-4build3) ...
2025-04-15T07:10:07.5974493Z Setting up libx264-164:amd64 (2:0.164.3108+git31e19f9-1) ...
2025-04-15T07:10:07.6005738Z Setting up libtwolame0:amd64 (0.4.0-2build3) ...
2025-04-15T07:10:07.6035277Z Setting up libmbedcrypto7t64:amd64 (2.28.8-1) ...
2025-04-15T07:10:07.6063948Z Setting up libwoff1:amd64 (1.0.2-2build1) ...
2025-04-15T07:10:07.6094522Z Setting up liblc3-1:amd64 (1.0.4-3build1) ...
2025-04-15T07:10:07.6123384Z Setting up libqrencode4:amd64 (4.1.1-1build2) ...
2025-04-15T07:10:07.6149230Z Setting up libhyphen0:amd64 (2.8.8-7build3) ...
2025-04-15T07:10:07.6180555Z Setting up libgsm1:amd64 (1.0.22-1build1) ...
2025-04-15T07:10:07.6211064Z Setting up libvisual-0.4-0:amd64 (0.4.2-2build1) ...
2025-04-15T07:10:07.6240014Z Setting up libsoxr0:amd64 (0.1.3-4build3) ...
2025-04-15T07:10:07.6267440Z Setting up libzix-0-0:amd64 (0.4.2-2build1) ...
2025-04-15T07:10:07.6294491Z Setting up libcodec2-1.2:amd64 (1.2.0-2build1) ...
2025-04-15T07:10:07.6321420Z Setting up libmanette-0.2-0:amd64 (0.2.7-1build2) ...
2025-04-15T07:10:07.6355185Z Setting up libsrtp2-1:amd64 (2.5.0-3build1) ...
2025-04-15T07:10:07.6383195Z Setting up libmysofa1:amd64 (1.3.2+dfsg-2ubuntu2) ...
2025-04-15T07:10:07.6412956Z Setting up libldacbt-enc2:amd64 (2.0.2.3+git20200429+ed310a0-4ubuntu2) ...
2025-04-15T07:10:07.6441137Z Setting up fonts-wqy-zenhei (0.9.45-8) ...
2025-04-15T07:10:07.6573868Z Setting up libwebrtc-audio-processing1:amd64 (0.3.1-0ubuntu6) ...
2025-04-15T07:10:07.6602620Z Setting up fonts-freefont-ttf (20211204+svn4273-2) ...
2025-04-15T07:10:07.6628619Z Setting up libevent-2.1-7t64:amd64 (2.1.12-stable-9ubuntu2) ...
2025-04-15T07:10:07.6654250Z Setting up libsvtav1enc1d1:amd64 (1.7.0+dfsg-2build1) ...
2025-04-15T07:10:07.6682062Z Setting up libsoup-3.0-common (3.4.4-5ubuntu0.2) ...
2025-04-15T07:10:07.6707449Z Setting up libmpg123-0t64:amd64 (1.32.5-1ubuntu1.1) ...
2025-04-15T07:10:07.6742813Z Setting up libcjson1:amd64 (1.7.17-1) ...
2025-04-15T07:10:07.6771945Z Setting up libxvidcore4:amd64 (2:1.3.7-1build1) ...
2025-04-15T07:10:07.6798750Z Setting up libmpcdec6:amd64 (2:0.1~r495-2build1) ...
2025-04-15T07:10:07.6824143Z Setting up libmjpegutils-2.1-0t64:amd64 (1:2.1.0+debian-8.1build1) ...
2025-04-15T07:10:07.6852126Z Setting up librav1e0:amd64 (0.7.1-2) ...
2025-04-15T07:10:07.6880059Z Setting up liborc-0.4-0t64:amd64 (1:0.4.38-1ubuntu0.1) ...
2025-04-15T07:10:07.6911644Z Setting up libxcb-xkb1:amd64 (1.15-1ubuntu2) ...
2025-04-15T07:10:07.6944653Z Setting up libvo-aacenc0:amd64 (0.1.3-2build1) ...
2025-04-15T07:10:07.6971120Z Setting up librist4:amd64 (0.2.10+dfsg-2) ...
2025-04-15T07:10:07.7001261Z Setting up librsvg2-2:amd64 (2.58.0+dfsg-1build1) ...
2025-04-15T07:10:07.7029516Z Setting up libblas3:amd64 (3.12.0-3build1.1) ...
2025-04-15T07:10:07.7127313Z update-alternatives: using /usr/lib/x86_64-linux-gnu/blas/libblas.so.3 to provide /usr/lib/x86_64-linux-gnu/libblas.so.3 (libblas.so.3-x86_64-linux-gnu) in auto mode
2025-04-15T07:10:07.7150283Z Setting up libegl-mesa0:amd64 (24.2.8-1ubuntu1~24.04.1) ...
2025-04-15T07:10:07.7181424Z Setting up libsoundtouch1:amd64 (2.3.2+ds1-1build1) ...
2025-04-15T07:10:07.7209787Z Setting up libplacebo338:amd64 (6.338.2-2build1) ...
2025-04-15T07:10:07.7244736Z Setting up libgles2:amd64 (1.7.0-1build1) ...
2025-04-15T07:10:07.7273148Z Setting up fonts-tlwg-loma-otf (1:0.7.3-1) ...
2025-04-15T07:10:07.7304153Z Setting up libva2:amd64 (2.20.0-2build1) ...
2025-04-15T07:10:07.7335906Z Setting up libspa-0.2-modules:amd64 (1.0.5-1ubuntu3) ...
2025-04-15T07:10:07.7366716Z Setting up libzxing3:amd64 (2.2.1-3) ...
2025-04-15T07:10:07.7401351Z Setting up xfonts-encodings (1:1.0.5-0ubuntu2) ...
2025-04-15T07:10:07.7435882Z Setting up libopus0:amd64 (1.4-1build1) ...
2025-04-15T07:10:07.7468727Z Setting up libfaad2:amd64 (2.11.1-1build1) ...
2025-04-15T07:10:07.7503458Z Setting up libxkbcommon-x11-0:amd64 (1.6.0-1build1) ...
2025-04-15T07:10:07.7536885Z Setting up libdc1394-25:amd64 (2.2.6-4build1) ...
2025-04-15T07:10:07.7568734Z Setting up libimath-3-1-29t64:amd64 (3.1.9-3.1ubuntu2) ...
2025-04-15T07:10:07.7602168Z Setting up libunibreak5:amd64 (5.1-2build1) ...
2025-04-15T07:10:07.7635930Z Setting up libdv4t64:amd64 (1.0.0-17.1build1) ...
2025-04-15T07:10:07.7664457Z Setting up libjxl0.7:amd64 (0.7.0-10.2ubuntu6) ...
2025-04-15T07:10:07.7712678Z Setting up libopenh264-7:amd64 (2.4.1+dfsg-1) ...
2025-04-15T07:10:07.7747261Z Setting up libltc11:amd64 (1.3.2-1build1) ...
2025-04-15T07:10:07.7777698Z Setting up libx265-199:amd64 (3.5-2build1) ...
2025-04-15T07:10:07.7814224Z Setting up libv4l-0t64:amd64 (1.26.1-4build3) ...
2025-04-15T07:10:07.7846258Z Setting up libavtp0:amd64 (0.2.0-1build1) ...
2025-04-15T07:10:07.7881072Z Setting up libsndio7.0:amd64 (1.9.0-0.3build3) ...
2025-04-15T07:10:07.7915867Z Setting up libdirectfb-1.7-7t64:amd64 (1.7.7-11.1ubuntu2) ...
2025-04-15T07:10:07.8096015Z Setting up libspandsp2t64:amd64 (0.0.6+dfsg-2.1build1) ...
2025-04-15T07:10:07.8125323Z Setting up libvidstab1.1:amd64 (1.1.0-2build1) ...
2025-04-15T07:10:07.8237527Z Setting up libvpx9:amd64 (1.14.0-1ubuntu2.1) ...
2025-04-15T07:10:07.8275133Z Setting up libsrt1.5-gnutls:amd64 (1.5.3-1build2) ...
2025-04-15T07:10:07.8308535Z Setting up libtag1v5:amd64 (1.13.1-1build1) ...
2025-04-15T07:10:07.8355500Z Setting up libflite1:amd64 (2.2-6build3) ...
2025-04-15T07:10:07.8393681Z Setting up libdav1d7:amd64 (1.4.1-1build1) ...
2025-04-15T07:10:07.8426095Z Setting up libva-drm2:amd64 (2.20.0-2build1) ...
2025-04-15T07:10:07.8459217Z Setting up fonts-ipafont-gothic (00303-21ubuntu1) ...
2025-04-15T07:10:07.8549695Z update-alternatives: using /usr/share/fonts/opentype/ipafont-gothic/ipag.ttf to provide /usr/share/fonts/truetype/fonts-japanese-gothic.ttf (fonts-japanese-gothic.ttf) in auto mode
2025-04-15T07:10:07.8572438Z Setting up ocl-icd-libopencl1:amd64 (2.3.2-1build1) ...
2025-04-15T07:10:07.8604896Z Setting up libasyncns0:amd64 (0.8-6build4) ...
2025-04-15T07:10:07.8642469Z Setting up libwildmidi2:amd64 (0.4.3-1build3) ...
2025-04-15T07:10:07.8676203Z Setting up libvdpau1:amd64 (1.5-2build1) ...
2025-04-15T07:10:07.8714348Z Setting up libwavpack1:amd64 (5.6.0-1build1) ...
2025-04-15T07:10:07.8748814Z Setting up libbs2b0:amd64 (3.1.0+dfsg-7build1) ...
2025-04-15T07:10:07.8782260Z Setting up libtheora0:amd64 (1.1.1+dfsg.1-16.1build3) ...
2025-04-15T07:10:07.8820821Z Setting up libxslt1.1:amd64 (1.1.39-0exp1ubuntu0.24.04.2) ...
2025-04-15T07:10:07.8858595Z Setting up libegl1:amd64 (1.7.0-1build1) ...
2025-04-15T07:10:07.8892925Z Setting up libdecor-0-0:amd64 (0.2.2-1build2) ...
2025-04-15T07:10:07.8930600Z Setting up libdca0:amd64 (0.0.7-2build1) ...
2025-04-15T07:10:07.8962024Z Setting up libzimg2:amd64 (3.0.5+ds1-1build1) ...
2025-04-15T07:10:07.8991589Z Setting up libopenal-data (1:1.23.1-4build1) ...
2025-04-15T07:10:07.9034439Z Setting up libabsl20220623t64:amd64 (20220623.1-3.1ubuntu3) ...
2025-04-15T07:10:07.9061505Z Setting up libflac12t64:amd64 (1.4.3+ds-2.1ubuntu2) ...
2025-04-15T07:10:07.9094396Z Setting up libgtk-4-common (4.14.2+ds-1ubuntu2) ...
2025-04-15T07:10:07.9123051Z Setting up libmpeg2encpp-2.1-0t64:amd64 (1:2.1.0+debian-8.1build1) ...
2025-04-15T07:10:07.9147868Z Setting up glib-networking-common (2.80.0-1build1) ...
2025-04-15T07:10:07.9177320Z Setting up libmfx1:amd64 (22.5.4-1) ...
2025-04-15T07:10:07.9203988Z Setting up libbluray2:amd64 (1:1.3.4-1build1) ...
2025-04-15T07:10:07.9229747Z Setting up libsamplerate0:amd64 (0.2.2-4build1) ...
2025-04-15T07:10:07.9265079Z Setting up timgm6mb-soundfont (1.3-5) ...
2025-04-15T07:10:07.9378093Z update-alternatives: using /usr/share/sounds/sf2/TimGM6mb.sf2 to provide /usr/share/sounds/sf2/default-GM.sf2 (default-GM.sf2) in auto mode
2025-04-15T07:10:07.9421055Z update-alternatives: using /usr/share/sounds/sf2/TimGM6mb.sf2 to provide /usr/share/sounds/sf3/default-GM.sf3 (default-GM.sf3) in auto mode
2025-04-15T07:10:07.9444655Z Setting up libva-x11-2:amd64 (2.20.0-2build1) ...
2025-04-15T07:10:07.9473680Z Setting up libyuv0:amd64 (0.0~git202401110.af6ac82-1) ...
2025-04-15T07:10:07.9505410Z Setting up libmplex2-2.1-0t64:amd64 (1:2.1.0+debian-8.1build1) ...
2025-04-15T07:10:07.9540926Z Setting up libpipewire-0.3-0t64:amd64 (1.0.5-1ubuntu3) ...
2025-04-15T07:10:07.9567994Z Setting up libopenmpt0t64:amd64 (0.7.3-1.1build3) ...
2025-04-15T07:10:07.9599053Z Setting up libzvbi-common (0.2.42-2) ...
2025-04-15T07:10:07.9630608Z Setting up libsecret-common (0.21.4-1build3) ...
2025-04-15T07:10:07.9662519Z Setting up libgtk-3-common (3.24.41-4ubuntu1.3) ...
2025-04-15T07:10:07.9701739Z Setting up libmp3lame0:amd64 (3.100-6build1) ...
2025-04-15T07:10:07.9735335Z Setting up libgraphene-1.0-0:amd64 (1.10.8-3build2) ...
2025-04-15T07:10:07.9775608Z Setting up libvorbisenc2:amd64 (1.3.7-1build3) ...
2025-04-15T07:10:07.9816266Z Setting up libdvdnav4:amd64 (6.1.1-3build1) ...
2025-04-15T07:10:07.9849207Z Setting up fonts-unifont (1:15.1.01-1build1) ...
2025-04-15T07:10:07.9879644Z Setting up libaa1:amd64 (1.4p5-51.1) ...
2025-04-15T07:10:07.9908620Z Setting up libiec61883-0:amd64 (1.2.0-6build1) ...
2025-04-15T07:10:07.9937301Z Setting up libserd-0-0:amd64 (0.32.2-1) ...
2025-04-15T07:10:07.9968019Z Setting up libavc1394-0:amd64 (0.5.4-5build3) ...
2025-04-15T07:10:07.9995092Z Setting up gsettings-desktop-schemas (46.1-0ubuntu1) ...
2025-04-15T07:10:08.0024522Z Setting up glib-networking-services (2.80.0-1build1) ...
2025-04-15T07:10:08.0055072Z Setting up liblapack3:amd64 (3.12.0-3build1.1) ...
2025-04-15T07:10:08.0119474Z update-alternatives: using /usr/lib/x86_64-linux-gnu/lapack/liblapack.so.3 to provide /usr/lib/x86_64-linux-gnu/liblapack.so.3 (liblapack.so.3-x86_64-linux-gnu) in auto mode
2025-04-15T07:10:08.0142807Z Setting up libzvbi0t64:amd64 (0.2.42-2) ...
2025-04-15T07:10:08.0173865Z Setting up libraptor2-0:amd64 (2.0.16-3ubuntu0.1) ...
2025-04-15T07:10:08.0203260Z Setting up libzbar0t64:amd64 (0.23.93-4build3) ...
2025-04-15T07:10:08.0238943Z Setting up libgstreamer-plugins-base1.0-0:amd64 (1.24.2-1ubuntu0.2) ...
2025-04-15T07:10:08.0271404Z Setting up libavutil58:amd64 (7:6.1.1-3ubuntu5) ...
2025-04-15T07:10:08.0306860Z Setting up libopenal1:amd64 (1:1.23.1-4build1) ...
2025-04-15T07:10:08.0335683Z Setting up xfonts-utils (1:7.7+6build3) ...
2025-04-15T07:10:08.0393755Z Setting up libsecret-1-0:amd64 (0.21.4-1build3) ...
2025-04-15T07:10:08.0464318Z Setting up libgstreamer-plugins-good1.0-0:amd64 (1.24.2-1ubuntu1.1) ...
2025-04-15T07:10:08.0504260Z Setting up libgstreamer-gl1.0-0:amd64 (1.24.2-1ubuntu0.2) ...
2025-04-15T07:10:08.0543395Z Setting up gstreamer1.0-plugins-base:amd64 (1.24.2-1ubuntu0.2) ...
2025-04-15T07:10:08.0580086Z Setting up libass9:amd64 (1:0.17.1-2build1) ...
2025-04-15T07:10:08.0616148Z Setting up libswresample4:amd64 (7:6.1.1-3ubuntu5) ...
2025-04-15T07:10:08.0646931Z Setting up libopenexr-3-1-30:amd64 (3.1.5-5.1build3) ...
2025-04-15T07:10:08.0680743Z Setting up libshout3:amd64 (2.4.6-1build2) ...
2025-04-15T07:10:08.0719272Z Setting up libgav1-1:amd64 (0.18.0-1build3) ...
2025-04-15T07:10:08.0756114Z Setting up libavcodec60:amd64 (7:6.1.1-3ubuntu5) ...
2025-04-15T07:10:08.0792804Z Setting up librubberband2:amd64 (3.3.0+dfsg-2build1) ...
2025-04-15T07:10:08.0830232Z Setting up libjack-jackd2-0:amd64 (1.9.21~dfsg-3ubuntu3) ...
2025-04-15T07:10:08.0866187Z Setting up libsord-0-0:amd64 (0.16.16-2build1) ...
2025-04-15T07:10:08.0918800Z Setting up xfonts-cyrillic (1:1.0.5+nmu1) ...
2025-04-15T07:10:08.1227770Z Setting up libpostproc57:amd64 (7:6.1.1-3ubuntu5) ...
2025-04-15T07:10:08.1260860Z Setting up libsratom-0-0:amd64 (0.6.16-1build1) ...
2025-04-15T07:10:08.1297683Z Setting up libsndfile1:amd64 (1.2.2-1ubuntu5.24.04.1) ...
2025-04-15T07:10:08.1328326Z Setting up liblilv-0-0:amd64 (0.24.22-1build1) ...
2025-04-15T07:10:08.1368303Z Setting up libinstpatch-1.0-2:amd64 (1.1.6-1build2) ...
2025-04-15T07:10:08.1402437Z Setting up xfonts-scalable (1:1.0.3-1.3) ...
2025-04-15T07:10:08.1711081Z Setting up libswscale7:amd64 (7:6.1.1-3ubuntu5) ...
2025-04-15T07:10:08.1749180Z Setting up libavif16:amd64 (1.0.4-1ubuntu3) ...
2025-04-15T07:10:08.1779900Z Setting up libpulse0:amd64 (1:16.1+dfsg1-2ubuntu10.1) ...
2025-04-15T07:10:08.2009396Z Setting up liblrdf0:amd64 (0.6.1-4build1) ...
2025-04-15T07:10:08.2039310Z Setting up libavformat60:amd64 (7:6.1.1-3ubuntu5) ...
2025-04-15T07:10:08.2075344Z Setting up libsphinxbase3t64:amd64 (0.8+5prealpha+1-17build2) ...
2025-04-15T07:10:08.2111782Z Setting up libsdl2-2.0-0:amd64 (2.30.0+dfsg-1build3) ...
2025-04-15T07:10:08.2148716Z Setting up libfluidsynth3:amd64 (2.3.4-1build3) ...
2025-04-15T07:10:08.2183881Z Setting up libpocketsphinx3:amd64 (0.8.0+real5prealpha+1-15ubuntu5) ...
2025-04-15T07:10:08.2213674Z Setting up libavfilter9:amd64 (7:6.1.1-3ubuntu5) ...
2025-04-15T07:10:08.2250805Z Setting up gstreamer1.0-libav:amd64 (1.24.1-1build1) ...
2025-04-15T07:10:08.2536468Z Processing triggers for fontconfig (2.15.0-1.1ubuntu2) ...
2025-04-15T07:10:08.3340342Z Processing triggers for libc-bin (2.39-0ubuntu8.4) ...
2025-04-15T07:10:08.3821256Z Processing triggers for man-db (2.12.0-4build2) ...
2025-04-15T07:10:15.7752323Z Processing triggers for libglib2.0-0t64:amd64 (2.80.0-6ubuntu3.2) ...
2025-04-15T07:10:15.8038569Z Setting up libgtk-3-0t64:amd64 (3.24.41-4ubuntu1.3) ...
2025-04-15T07:10:15.8454835Z Setting up libgtk-4-1:amd64 (4.14.2+ds-1ubuntu2) ...
2025-04-15T07:10:15.8802227Z Setting up glib-networking:amd64 (2.80.0-1build1) ...
2025-04-15T07:10:15.8845166Z Setting up libsoup-3.0-0:amd64 (3.4.4-5ubuntu0.2) ...
2025-04-15T07:10:15.8897811Z Setting up libgssdp-1.6-0:amd64 (1.6.3-1build3) ...
2025-04-15T07:10:15.8979357Z Setting up gstreamer1.0-plugins-good:amd64 (1.24.2-1ubuntu1.1) ...
2025-04-15T07:10:15.9017404Z Setting up libgupnp-1.6-0:amd64 (1.6.6-1build3) ...
2025-04-15T07:10:15.9090461Z Setting up libgupnp-igd-1.6-0:amd64 (1.6.0-3build3) ...
2025-04-15T07:10:15.9139647Z Setting up libnice10:amd64 (0.1.21-2build3) ...
2025-04-15T07:10:15.9200426Z Setting up libgstreamer-plugins-bad1.0-0:amd64 (1.24.2-1ubuntu4) ...
2025-04-15T07:10:15.9252889Z Setting up gstreamer1.0-plugins-bad:amd64 (1.24.2-1ubuntu4) ...
2025-04-15T07:10:15.9284774Z Processing triggers for libc-bin (2.39-0ubuntu8.4) ...
2025-04-15T07:10:16.5513542Z 
2025-04-15T07:10:16.5514092Z Running kernel seems to be up-to-date.
2025-04-15T07:10:16.5514489Z 
2025-04-15T07:10:16.5514671Z Restarting services...
2025-04-15T07:10:16.5584269Z  systemctl restart php8.3-fpm.service
2025-04-15T07:10:16.6631949Z 
2025-04-15T07:10:16.6633460Z No containers need to be restarted.
2025-04-15T07:10:16.6633862Z 
2025-04-15T07:10:16.6634183Z No user sessions are running outdated binaries.
2025-04-15T07:10:16.6634567Z 
2025-04-15T07:10:16.6635064Z No VM guests are running outdated hypervisor (qemu) binaries on this host.
2025-04-15T07:10:17.4263479Z Downloading Chromium 136.0.7103.25 (playwright build v1169)[2m from https://cdn.playwright.dev/dbazure/download/playwright/builds/chromium/1169/chromium-linux.zip[22m
2025-04-15T07:10:17.6098314Z |                                                                                |   0% of 167.7 MiB
2025-04-15T07:10:17.7679188Z |â– â– â– â– â– â– â– â–                                                                         |  10% of 167.7 MiB
2025-04-15T07:10:17.8947523Z |â– â– â– â– â– â– â– â– â– â– â– â– â– â– â– â–                                                                 |  20% of 167.7 MiB
2025-04-15T07:10:17.9993191Z |â– â– â– â– â– â– â– â– â– â– â– â– â– â– â– â– â– â– â– â– â– â– â– â–                                                         |  30% of 167.7 MiB
2025-04-15T07:10:18.0948322Z |â– â– â– â– â– â– â– â– â– â– â– â– â– â– â– â– â– â– â– â– â– â– â– â– â– â– â– â– â– â– â– â–                                                 |  40% of 167.7 MiB
2025-04-15T07:10:18.1818856Z |â– â– â– â– â– â– â– â– â– â– â– â– â– â– â– â– â– â– â– â– â– â– â– â– â– â– â– â– â– â– â– â– â– â– â– â– â– â– â– â–                                         |  50% of 167.7 MiB
2025-04-15T07:10:18.2824980Z |â– â– â– â– â– â– â– â– â– â– â– â– â– â– â– â– â– â– â– â– â– â– â– â– â– â– â– â– â– â– â– â– â– â– â– â– â– â– â– â– â– â– â– â– â– â– â– â–                                 |  60% of 167.7 MiB
2025-04-15T07:10:18.3707287Z |â– â– â– â– â– â– â– â– â– â– â– â– â– â– â– â– â– â– â– â– â– â– â– â– â– â– â– â– â– â– â– â– â– â– â– â– â– â– â– â– â– â– â– â– â– â– â– â– â– â– â– â– â– â– â– â–                         |  70% of 167.7 MiB
2025-04-15T07:10:18.4572520Z |â– â– â– â– â– â– â– â– â– â– â– â– â– â– â– â– â– â– â– â– â– â– â– â– â– â– â– â– â– â– â– â– â– â– â– â– â– â– â– â– â– â– â– â– â– â– â– â– â– â– â– â– â– â– â– â– â– â– â– â– â– â– â– â–                 |  80% of 167.7 MiB
2025-04-15T07:10:18.5378587Z |â– â– â– â– â– â– â– â– â– â– â– â– â– â– â– â– â– â– â– â– â– â– â– â– â– â– â– â– â– â– â– â– â– â– â– â– â– â– â– â– â– â– â– â– â– â– â– â– â– â– â– â– â– â– â– â– â– â– â– â– â– â– â– â– â– â– â– â– â– â– â– â–         |  90% of 167.7 MiB
2025-04-15T07:10:18.6322201Z |â– â– â– â– â– â– â– â– â– â– â– â– â– â– â– â– â– â– â– â– â– â– â– â– â– â– â– â– â– â– â– â– â– â– â– â– â– â– â– â– â– â– â– â– â– â– â– â– â– â– â– â– â– â– â– â– â– â– â– â– â– â– â– â– â– â– â– â– â– â– â– â– â– â– â– â– â– â– â– â– | 100% of 167.7 MiB
2025-04-15T07:10:22.1794497Z Chromium 136.0.7103.25 (playwright build v1169) downloaded to /home/runner/.cache/ms-playwright/chromium-1169
2025-04-15T07:10:22.1796950Z Downloading Chromium Headless Shell 136.0.7103.25 (playwright build v1169)[2m from https://cdn.playwright.dev/dbazure/download/playwright/builds/chromium/1169/chromium-headless-shell-linux.zip[22m
2025-04-15T07:10:22.3603411Z |                                                                                |   0% of 101.4 MiB
2025-04-15T07:10:22.5182022Z |â– â– â– â– â– â– â– â–                                                                         |  10% of 101.4 MiB
2025-04-15T07:10:22.6635389Z |â– â– â– â– â– â– â– â– â– â– â– â– â– â– â– â–                                                                 |  20% of 101.4 MiB
2025-04-15T07:10:22.7462115Z |â– â– â– â– â– â– â– â– â– â– â– â– â– â– â– â– â– â– â– â– â– â– â– â–                                                         |  30% of 101.4 MiB
2025-04-15T07:10:22.8115326Z |â– â– â– â– â– â– â– â– â– â– â– â– â– â– â– â– â– â– â– â– â– â– â– â– â– â– â– â– â– â– â– â–                                                 |  40% of 101.4 MiB
2025-04-15T07:10:22.8709733Z |â– â– â– â– â– â– â– â– â– â– â– â– â– â– â– â– â– â– â– â– â– â– â– â– â– â– â– â– â– â– â– â– â– â– â– â– â– â– â– â–                                         |  50% of 101.4 MiB
2025-04-15T07:10:22.9271376Z |â– â– â– â– â– â– â– â– â– â– â– â– â– â– â– â– â– â– â– â– â– â– â– â– â– â– â– â– â– â– â– â– â– â– â– â– â– â– â– â– â– â– â– â– â– â– â– â–                                 |  60% of 101.4 MiB
2025-04-15T07:10:22.9854026Z |â– â– â– â– â– â– â– â– â– â– â– â– â– â– â– â– â– â– â– â– â– â– â– â– â– â– â– â– â– â– â– â– â– â– â– â– â– â– â– â– â– â– â– â– â– â– â– â– â– â– â– â– â– â– â– â–                         |  70% of 101.4 MiB
2025-04-15T07:10:23.0580831Z |â– â– â– â– â– â– â– â– â– â– â– â– â– â– â– â– â– â– â– â– â– â– â– â– â– â– â– â– â– â– â– â– â– â– â– â– â– â– â– â– â– â– â– â– â– â– â– â– â– â– â– â– â– â– â– â– â– â– â– â– â– â– â– â–                 |  80% of 101.4 MiB
2025-04-15T07:10:23.1147921Z |â– â– â– â– â– â– â– â– â– â– â– â– â– â– â– â– â– â– â– â– â– â– â– â– â– â– â– â– â– â– â– â– â– â– â– â– â– â– â– â– â– â– â– â– â– â– â– â– â– â– â– â– â– â– â– â– â– â– â– â– â– â– â– â– â– â– â– â– â– â– â– â–         |  90% of 101.4 MiB
2025-04-15T07:10:23.1658368Z |â– â– â– â– â– â– â– â– â– â– â– â– â– â– â– â– â– â– â– â– â– â– â– â– â– â– â– â– â– â– â– â– â– â– â– â– â– â– â– â– â– â– â– â– â– â– â– â– â– â– â– â– â– â– â– â– â– â– â– â– â– â– â– â– â– â– â– â– â– â– â– â– â– â– â– â– â– â– â– â– | 100% of 101.4 MiB
2025-04-15T07:10:25.2944929Z Chromium Headless Shell 136.0.7103.25 (playwright build v1169) downloaded to /home/runner/.cache/ms-playwright/chromium_headless_shell-1169
2025-04-15T07:10:25.2947334Z Downloading Firefox 137.0 (playwright build v1482)[2m from https://cdn.playwright.dev/dbazure/download/playwright/builds/firefox/1482/firefox-ubuntu-24.04.zip[22m
2025-04-15T07:10:25.4606851Z |                                                                                |   0% of 91 MiB
2025-04-15T07:10:25.5523278Z |â– â– â– â– â– â– â– â–                                                                         |  10% of 91 MiB
2025-04-15T07:10:25.6576304Z |â– â– â– â– â– â– â– â– â– â– â– â– â– â– â– â–                                                                 |  20% of 91 MiB
2025-04-15T07:10:25.7466460Z |â– â– â– â– â– â– â– â– â– â– â– â– â– â– â– â– â– â– â– â– â– â– â– â–                                                         |  30% of 91 MiB
2025-04-15T07:10:25.8145422Z |â– â– â– â– â– â– â– â– â– â– â– â– â– â– â– â– â– â– â– â– â– â– â– â– â– â– â– â– â– â– â– â–                                                 |  40% of 91 MiB
2025-04-15T07:10:25.8677939Z |â– â– â– â– â– â– â– â– â– â– â– â– â– â– â– â– â– â– â– â– â– â– â– â– â– â– â– â– â– â– â– â– â– â– â– â– â– â– â– â–                                         |  50% of 91 MiB
2025-04-15T07:10:25.9176200Z |â– â– â– â– â– â– â– â– â– â– â– â– â– â– â– â– â– â– â– â– â– â– â– â– â– â– â– â– â– â– â– â– â– â– â– â– â– â– â– â– â– â– â– â– â– â– â– â–                                 |  60% of 91 MiB
2025-04-15T07:10:25.9663140Z |â– â– â– â– â– â– â– â– â– â– â– â– â– â– â– â– â– â– â– â– â– â– â– â– â– â– â– â– â– â– â– â– â– â– â– â– â– â– â– â– â– â– â– â– â– â– â– â– â– â– â– â– â– â– â– â–                         |  70% of 91 MiB
2025-04-15T07:10:26.0149591Z |â– â– â– â– â– â– â– â– â– â– â– â– â– â– â– â– â– â– â– â– â– â– â– â– â– â– â– â– â– â– â– â– â– â– â– â– â– â– â– â– â– â– â– â– â– â– â– â– â– â– â– â– â– â– â– â– â– â– â– â– â– â– â– â–                 |  80% of 91 MiB
2025-04-15T07:10:26.0713345Z |â– â– â– â– â– â– â– â– â– â– â– â– â– â– â– â– â– â– â– â– â– â– â– â– â– â– â– â– â– â– â– â– â– â– â– â– â– â– â– â– â– â– â– â– â– â– â– â– â– â– â– â– â– â– â– â– â– â– â– â– â– â– â– â– â– â– â– â– â– â– â– â–         |  90% of 91 MiB
2025-04-15T07:10:26.1229997Z |â– â– â– â– â– â– â– â– â– â– â– â– â– â– â– â– â– â– â– â– â– â– â– â– â– â– â– â– â– â– â– â– â– â– â– â– â– â– â– â– â– â– â– â– â– â– â– â– â– â– â– â– â– â– â– â– â– â– â– â– â– â– â– â– â– â– â– â– â– â– â– â– â– â– â– â– â– â– â– â– | 100% of 91 MiB
2025-04-15T07:10:27.9821067Z Firefox 137.0 (playwright build v1482) downloaded to /home/runner/.cache/ms-playwright/firefox-1482
2025-04-15T07:10:27.9823623Z Downloading Webkit 18.4 (playwright build v2158)[2m from https://cdn.playwright.dev/dbazure/download/playwright/builds/webkit/2158/webkit-ubuntu-24.04.zip[22m
2025-04-15T07:10:28.1534922Z |                                                                                |   0% of 93.5 MiB
2025-04-15T07:10:28.2825764Z |â– â– â– â– â– â– â– â–                                                                         |  10% of 93.5 MiB
2025-04-15T07:10:28.3610459Z |â– â– â– â– â– â– â– â– â– â– â– â– â– â– â– â–                                                                 |  20% of 93.5 MiB
2025-04-15T07:10:28.4368818Z |â– â– â– â– â– â– â– â– â– â– â– â– â– â– â– â– â– â– â– â– â– â– â– â–                                                         |  30% of 93.5 MiB
2025-04-15T07:10:28.5006461Z |â– â– â– â– â– â– â– â– â– â– â– â– â– â– â– â– â– â– â– â– â– â– â– â– â– â– â– â– â– â– â– â–                                                 |  40% of 93.5 MiB
2025-04-15T07:10:28.5555765Z |â– â– â– â– â– â– â– â– â– â– â– â– â– â– â– â– â– â– â– â– â– â– â– â– â– â– â– â– â– â– â– â– â– â– â– â– â– â– â– â–                                         |  50% of 93.5 MiB
2025-04-15T07:10:28.6061593Z |â– â– â– â– â– â– â– â– â– â– â– â– â– â– â– â– â– â– â– â– â– â– â– â– â– â– â– â– â– â– â– â– â– â– â– â– â– â– â– â– â– â– â– â– â– â– â– â–                                 |  60% of 93.5 MiB
2025-04-15T07:10:28.6570012Z |â– â– â– â– â– â– â– â– â– â– â– â– â– â– â– â– â– â– â– â– â– â– â– â– â– â– â– â– â– â– â– â– â– â– â– â– â– â– â– â– â– â– â– â– â– â– â– â– â– â– â– â– â– â– â– â–                         |  70% of 93.5 MiB
2025-04-15T07:10:28.7057190Z |â– â– â– â– â– â– â– â– â– â– â– â– â– â– â– â– â– â– â– â– â– â– â– â– â– â– â– â– â– â– â– â– â– â– â– â– â– â– â– â– â– â– â– â– â– â– â– â– â– â– â– â– â– â– â– â– â– â– â– â– â– â– â– â–                 |  80% of 93.5 MiB
2025-04-15T07:10:28.7555159Z |â– â– â– â– â– â– â– â– â– â– â– â– â– â– â– â– â– â– â– â– â– â– â– â– â– â– â– â– â– â– â– â– â– â– â– â– â– â– â– â– â– â– â– â– â– â– â– â– â– â– â– â– â– â– â– â– â– â– â– â– â– â– â– â– â– â– â– â– â– â– â– â–         |  90% of 93.5 MiB
2025-04-15T07:10:28.8012163Z |â– â– â– â– â– â– â– â– â– â– â– â– â– â– â– â– â– â– â– â– â– â– â– â– â– â– â– â– â– â– â– â– â– â– â– â– â– â– â– â– â– â– â– â– â– â– â– â– â– â– â– â– â– â– â– â– â– â– â– â– â– â– â– â– â– â– â– â– â– â– â– â– â– â– â– â– â– â– â– â– | 100% of 93.5 MiB
2025-04-15T07:10:30.7205077Z Webkit 18.4 (playwright build v2158) downloaded to /home/runner/.cache/ms-playwright/webkit-2158
2025-04-15T07:10:30.7207377Z Downloading FFMPEG playwright build v1011[2m from https://cdn.playwright.dev/dbazure/download/playwright/builds/ffmpeg/1011/ffmpeg-linux.zip[22m
2025-04-15T07:10:30.9214305Z |                                                                                |   0% of 2.3 MiB
2025-04-15T07:10:30.9263735Z |â– â– â– â– â– â– â– â–                                                                         |  10% of 2.3 MiB
2025-04-15T07:10:30.9301821Z |â– â– â– â– â– â– â– â– â– â– â– â– â– â– â– â–                                                                 |  20% of 2.3 MiB
2025-04-15T07:10:30.9333793Z |â– â– â– â– â– â– â– â– â– â– â– â– â– â– â– â– â– â– â– â– â– â– â– â–                                                         |  30% of 2.3 MiB
2025-04-15T07:10:30.9362632Z |â– â– â– â– â– â– â– â– â– â– â– â– â– â– â– â– â– â– â– â– â– â– â– â– â– â– â– â– â– â– â– â–                                                 |  40% of 2.3 MiB
2025-04-15T07:10:30.9390705Z |â– â– â– â– â– â– â– â– â– â– â– â– â– â– â– â– â– â– â– â– â– â– â– â– â– â– â– â– â– â– â– â– â– â– â– â– â– â– â– â–                                         |  50% of 2.3 MiB
2025-04-15T07:10:30.9413826Z |â– â– â– â– â– â– â– â– â– â– â– â– â– â– â– â– â– â– â– â– â– â– â– â– â– â– â– â– â– â– â– â– â– â– â– â– â– â– â– â– â– â– â– â– â– â– â– â–                                 |  60% of 2.3 MiB
2025-04-15T07:10:30.9438835Z |â– â– â– â– â– â– â– â– â– â– â– â– â– â– â– â– â– â– â– â– â– â– â– â– â– â– â– â– â– â– â– â– â– â– â– â– â– â– â– â– â– â– â– â– â– â– â– â– â– â– â– â– â– â– â– â–                         |  70% of 2.3 MiB
2025-04-15T07:10:30.9461373Z |â– â– â– â– â– â– â– â– â– â– â– â– â– â– â– â– â– â– â– â– â– â– â– â– â– â– â– â– â– â– â– â– â– â– â– â– â– â– â– â– â– â– â– â– â– â– â– â– â– â– â– â– â– â– â– â– â– â– â– â– â– â– â– â–                 |  80% of 2.3 MiB
2025-04-15T07:10:30.9483028Z |â– â– â– â– â– â– â– â– â– â– â– â– â– â– â– â– â– â– â– â– â– â– â– â– â– â– â– â– â– â– â– â– â– â– â– â– â– â– â– â– â– â– â– â– â– â– â– â– â– â– â– â– â– â– â– â– â– â– â– â– â– â– â– â– â– â– â– â– â– â– â– â–         |  90% of 2.3 MiB
2025-04-15T07:10:30.9506781Z |â– â– â– â– â– â– â– â– â– â– â– â– â– â– â– â– â– â– â– â– â– â– â– â– â– â– â– â– â– â– â– â– â– â– â– â– â– â– â– â– â– â– â– â– â– â– â– â– â– â– â– â– â– â– â– â– â– â– â– â– â– â– â– â– â– â– â– â– â– â– â– â– â– â– â– â– â– â– â– â– | 100% of 2.3 MiB
2025-04-15T07:10:31.0147287Z FFMPEG playwright build v1011 downloaded to /home/runner/.cache/ms-playwright/ffmpeg-1011
2025-04-15T07:10:31.4349960Z ##[endgroup]
2025-04-15T07:10:31.4377712Z ##[group]Run if [[ "$(uname)" == "Linux" ]]; then
2025-04-15T07:10:31.4378086Z [36;1mif [[ "$(uname)" == "Linux" ]]; then[0m
2025-04-15T07:10:31.4378571Z [36;1m  xvfb-run --auto-servernum --server-args="-screen 0 1280x960x24" -- npm run ttest -- --shard 1/2[0m
2025-04-15T07:10:31.4379018Z [36;1melse[0m
2025-04-15T07:10:31.4379228Z [36;1m  npm run ttest -- --shard 1/2[0m
2025-04-15T07:10:31.4379474Z [36;1mfi[0m
2025-04-15T07:10:31.4425154Z shell: /usr/bin/bash --noprofile --norc -e -o pipefail {0}
2025-04-15T07:10:31.4425479Z env:
2025-04-15T07:10:31.4425655Z   FORCE_COLOR: 1
2025-04-15T07:10:31.4425865Z   ELECTRON_SKIP_BINARY_DOWNLOAD: 1
2025-04-15T07:10:31.4426115Z   DEBUG_GIT_COMMIT_INFO: 1
2025-04-15T07:10:31.4426361Z   PWTEST_CHANNEL: firefox-beta
2025-04-15T07:10:31.4426775Z   PWTEST_BOT_NAME: ubuntu-latest-node18-1
2025-04-15T07:10:31.4427068Z ##[endgroup]
2025-04-15T07:10:31.8035533Z 
2025-04-15T07:10:31.8036125Z > playwright-internal@1.52.0-next ttest
2025-04-15T07:10:31.8038392Z > node ./tests/playwright-test/stable-test-runner/node_modules/@playwright/test/cli test --config=tests/playwright-test/playwright.config.ts --shard 1/2
2025-04-15T07:10:31.8039531Z 
2025-04-15T07:10:44.7147137Z 
2025-04-15T07:10:44.7149242Z [2mRunning [22m1439[2m tests using [22m2[2m workers, shard 1 of 2[22m
2025-04-15T07:12:17.7894837Z [32mÂ·[39m[32mÂ·[39m[32mÂ·[39m[32mÂ·[39m[32mÂ·[39m[32mÂ·[39m[32mÂ·[39m[32mÂ·[39m[32mÂ·[39m[32mÂ·[39m[32mÂ·[39m[32mÂ·[39m[32mÂ·[39m[32mÂ·[39m[32mÂ·[39m[32mÂ·[39m[32mÂ·[39m[32mÂ·[39m[32mÂ·[39m[32mÂ·[39m[32mÂ·[39m[32mÂ·[39m[32mÂ·[39m[32mÂ·[39m[32mÂ·[39m[32mÂ·[39m[32mÂ·[39m[32mÂ·[39m[32mÂ·[39m[32mÂ·[39m[32mÂ·[39m[32mÂ·[39m[32mÂ·[39m[32mÂ·[39m[32mÂ·[39m[32mÂ·[39m[32mÂ·[39m[32mÂ·[39m[32mÂ·[39m[32mÂ·[39m[32mÂ·[39m[32mÂ·[39m[32mÂ·[39m[32mÂ·[39m[32mÂ·[39m[32mÂ·[39m[32mÂ·[39m[32mÂ·[39m[32mÂ·[39m[32mÂ·[39m[32mÂ·[39m[32mÂ·[39m[32mÂ·[39m[32mÂ·[39m[32mÂ·[39m[32mÂ·[39m[32mÂ·[39m[32mÂ·[39m[32mÂ·[39m[32mÂ·[39m[32mÂ·[39m[32mÂ·[39m[32mÂ·[39m[32mÂ·[39m[32mÂ·[39m[32mÂ·[39m[32mÂ·[39m[32mÂ·[39m[32mÂ·[39m[32mÂ·[39m[32mÂ·[39m[32mÂ·[39m[32mÂ·[39m[32mÂ·[39m[32mÂ·[39m[32mÂ·[39m[32mÂ·[39m[32mÂ·[39m[32mÂ·[39m[32mÂ·[39m
2025-04-15T07:13:36.6433361Z [32mÂ·[39m[32mÂ·[39m[32mÂ·[39m[32mÂ·[39m[32mÂ·[39m[32mÂ·[39m[32mÂ·[39m[32mÂ·[39m[32mÂ·[39m[32mÂ·[39m[32mÂ·[39m[32mÂ·[39m[32mÂ·[39m[32mÂ·[39m[32mÂ·[39m[32mÂ·[39m[32mÂ·[39m[32mÂ·[39m[32mÂ·[39m[32mÂ·[39m[32mÂ·[39m[32mÂ·[39m[32mÂ·[39m[32mÂ·[39m[32mÂ·[39m[32mÂ·[39m[32mÂ·[39m[32mÂ·[39m[32mÂ·[39m[32mÂ·[39m[32mÂ·[39m[32mÂ·[39m[32mÂ·[39m[32mÂ·[39m[32mÂ·[39m[32mÂ·[39m[32mÂ·[39m[32mÂ·[39m[32mÂ·[39m[32mÂ·[39m[32mÂ·[39m[32mÂ·[39m[32mÂ·[39m[32mÂ·[39m[32mÂ·[39m[32mÂ·[39m[32mÂ·[39m[32mÂ·[39m[32mÂ·[39m[32mÂ·[39m[32mÂ·[39m[32mÂ·[39m[32mÂ·[39m[32mÂ·[39m[32mÂ·[39m[32mÂ·[39m[32mÂ·[39m[32mÂ·[39m[32mÂ·[39m[32mÂ·[39m[32mÂ·[39m[32mÂ·[39m[32mÂ·[39m[32mÂ·[39m[32mÂ·[39m[32mÂ·[39m[32mÂ·[39m[32mÂ·[39m[32mÂ·[39m[32mÂ·[39m[32mÂ·[39m[32mÂ·[39m[32mÂ·[39m[32mÂ·[39m[32mÂ·[39m[32mÂ·[39m[32mÂ·[39m[32mÂ·[39m[32mÂ·[39m[32mÂ·[39m
2025-04-15T07:14:57.2257200Z [32mÂ·[39m[32mÂ·[39m[32mÂ·[39m[32mÂ·[39m[32mÂ·[39m[32mÂ·[39m[32mÂ·[39m[32mÂ·[39m[32mÂ·[39m[32mÂ·[39m[32mÂ·[39m[32mÂ·[39m[32mÂ·[39m[32mÂ·[39m[32mÂ·[39m[32mÂ·[39m[32mÂ·[39m[32mÂ·[39m[32mÂ·[39m[32mÂ·[39m[32mÂ·[39m[32mÂ·[39m[32mÂ·[39m[32mÂ·[39m[32mÂ·[39m[32mÂ·[39m[32mÂ·[39m[32mÂ·[39m[32mÂ·[39m[32mÂ·[39m[32mÂ·[39m[32mÂ·[39m[32mÂ·[39m[32mÂ·[39m[32mÂ·[39m[32mÂ·[39m[32mÂ·[39m[32mÂ·[39m[32mÂ·[39m[32mÂ·[39m[32mÂ·[39m[32mÂ·[39m[32mÂ·[39m[32mÂ·[39m[32mÂ·[39m[32mÂ·[39m[32mÂ·[39m[32mÂ·[39m[32mÂ·[39m[32mÂ·[39m[32mÂ·[39m[32mÂ·[39m[32mÂ·[39m[32mÂ·[39m[32mÂ·[39m[32mÂ·[39m[32mÂ·[39m[32mÂ·[39m[32mÂ·[39m[32mÂ·[39m[32mÂ·[39m[32mÂ·[39m[32mÂ·[39m[32mÂ·[39m[32mÂ·[39m[32mÂ·[39m[32mÂ·[39m[32mÂ·[39m[32mÂ·[39m[32mÂ·[39m[32mÂ·[39m[32mÂ·[39m[32mÂ·[39m[32mÂ·[39m[32mÂ·[39m[32mÂ·[39m[32mÂ·[39m[32mÂ·[39m[32mÂ·[39m[32mÂ·[39m
2025-04-15T07:16:24.7461591Z [32mÂ·[39m[32mÂ·[39m[32mÂ·[39m[32mÂ·[39m[32mÂ·[39m[32mÂ·[39m[32mÂ·[39m[32mÂ·[39m[32mÂ·[39m[32mÂ·[39m[32mÂ·[39m[32mÂ·[39m[32mÂ·[39m[32mÂ·[39m[32mÂ·[39m[32mÂ·[39m[32mÂ·[39m[32mÂ·[39m[32mÂ·[39m[32mÂ·[39m[32mÂ·[39m[32mÂ·[39m[32mÂ·[39m[32mÂ·[39m[32mÂ·[39m[32mÂ·[39m[32mÂ·[39m[32mÂ·[39m[32mÂ·[39m[32mÂ·[39m[32mÂ·[39m[32mÂ·[39m[32mÂ·[39m[32mÂ·[39m[32mÂ·[39m[32mÂ·[39m[32mÂ·[39m[32mÂ·[39m[32mÂ·[39m[32mÂ·[39m[32mÂ·[39m[32mÂ·[39m[32mÂ·[39m[32mÂ·[39m[32mÂ·[39m[32mÂ·[39m[32mÂ·[39m[32mÂ·[39m[32mÂ·[39m[32mÂ·[39m[32mÂ·[39m[32mÂ·[39m[32mÂ·[39m[32mÂ·[39m[32mÂ·[39m[32mÂ·[39m[32mÂ·[39m[32mÂ·[39m[32mÂ·[39m[32mÂ·[39m[32mÂ·[39m[32mÂ·[39m[32mÂ·[39m[32mÂ·[39m[32mÂ·[39m[32mÂ·[39m[32mÂ·[39m[32mÂ·[39m[32mÂ·[39m[32mÂ·[39m[32mÂ·[39m[32mÂ·[39m[32mÂ·[39m[32mÂ·[39m[32mÂ·[39m[32mÂ·[39m[32mÂ·[39m[32mÂ·[39m[32mÂ·[39m[32mÂ·[39m
2025-04-15T07:17:46.9984566Z [32mÂ·[39m[32mÂ·[39m[32mÂ·[39m[32mÂ·[39m[32mÂ·[39m[32mÂ·[39m[32mÂ·[39m[32mÂ·[39m[32mÂ·[39m[32mÂ·[39m[32mÂ·[39m[32mÂ·[39m[32mÂ·[39m[32mÂ·[39m[32mÂ·[39m[32mÂ·[39m[32mÂ·[39m[32mÂ·[39m[32mÂ·[39m[32mÂ·[39m[32mÂ·[39m[32mÂ·[39m[32mÂ·[39m[32mÂ·[39m[32mÂ·[39m[32mÂ·[39m[32mÂ·[39m[32mÂ·[39m[32mÂ·[39m[32mÂ·[39m[32mÂ·[39m[32mÂ·[39m[32mÂ·[39m[32mÂ·[39m[32mÂ·[39m[32mÂ·[39m[32mÂ·[39m[32mÂ·[39m[32mÂ·[39m[32mÂ·[39m[32mÂ·[39m[32mÂ·[39m[32mÂ·[39m[32mÂ·[39m[32mÂ·[39m[32mÂ·[39m[32mÂ·[39m[32mÂ·[39m[32mÂ·[39m[32mÂ·[39m[32mÂ·[39m[32mÂ·[39m[32mÂ·[39m[32mÂ·[39m[32mÂ·[39m[32mÂ·[39m[32mÂ·[39m[32mÂ·[39m[32mÂ·[39m[32mÂ·[39m[32mÂ·[39m[32mÂ·[39m[32mÂ·[39m[32mÂ·[39m[32mÂ·[39m[32mÂ·[39m[32mÂ·[39m[32mÂ·[39m[32mÂ·[39m[32mÂ·[39m[32mÂ·[39m[32mÂ·[39m[32mÂ·[39m[32mÂ·[39m[32mÂ·[39m[32mÂ·[39m[32mÂ·[39m[32mÂ·[39m[32mÂ·[39m[32mÂ·[39m
2025-04-15T07:19:11.5024362Z [32mÂ·[39m[32mÂ·[39m[32mÂ·[39m[32mÂ·[39m[32mÂ·[39m[32mÂ·[39m[32mÂ·[39m[32mÂ·[39m[32mÂ·[39m[32mÂ·[39m[32mÂ·[39m[32mÂ·[39m[32mÂ·[39m[32mÂ·[39m[32mÂ·[39m[32mÂ·[39m[32mÂ·[39m[32mÂ·[39m[32mÂ·[39m[32mÂ·[39m[32mÂ·[39m[32mÂ·[39m[32mÂ·[39m[32mÂ·[39m[32mÂ·[39m[32mÂ·[39m[32mÂ·[39m[32mÂ·[39m[32mÂ·[39m[32mÂ·[39m[32mÂ·[39m[32mÂ·[39m[32mÂ·[39m[32mÂ·[39m[32mÂ·[39m[32mÂ·[39m[32mÂ·[39m[32mÂ·[39m[32mÂ·[39m[32mÂ·[39m[32mÂ·[39m[32mÂ·[39m[32mÂ·[39m[32mÂ·[39m[32mÂ·[39m[32mÂ·[39m[32mÂ·[39m[32mÂ·[39m[32mÂ·[39m[32mÂ·[39m[32mÂ·[39m[32mÂ·[39m[32mÂ·[39m[32mÂ·[39m[32mÂ·[39m[32mÂ·[39m[32mÂ·[39m[32mÂ·[39m[32mÂ·[39m[32mÂ·[39m[32mÂ·[39m[32mÂ·[39m[32mÂ·[39m[32mÂ·[39m[32mÂ·[39m[32mÂ·[39m[32mÂ·[39m[32mÂ·[39m[32mÂ·[39m[32mÂ·[39m[32mÂ·[39m[32mÂ·[39m[32mÂ·[39m[32mÂ·[39m[32mÂ·[39m[32mÂ·[39m[32mÂ·[39m[32mÂ·[39m[32mÂ·[39m[32mÂ·[39m
2025-04-15T07:21:35.6610660Z [32mÂ·[39m[32mÂ·[39m[32mÂ·[39m[32mÂ·[39m[32mÂ·[39m[32mÂ·[39m[32mÂ·[39m[32mÂ·[39m[32mÂ·[39m[32mÂ·[39m[32mÂ·[39m[32mÂ·[39m[32mÂ·[39m[32mÂ·[39m[32mÂ·[39m[32mÂ·[39m[32mÂ·[39m[32mÂ·[39m[32mÂ·[39m[32mÂ·[39m[32mÂ·[39m[32mÂ·[39m[32mÂ·[39m[32mÂ·[39m[32mÂ·[39m[32mÂ·[39m[32mÂ·[39m[32mÂ·[39m[32mÂ·[39m[32mÂ·[39m[32mÂ·[39m[32mÂ·[39m[32mÂ·[39m[32mÂ·[39m[32mÂ·[39m[32mÂ·[39m[32mÂ·[39m[32mÂ·[39m[32mÂ·[39m[32mÂ·[39m[32mÂ·[39m[32mÂ·[39m[32mÂ·[39m[32mÂ·[39m[32mÂ·[39m[32mÂ·[39m[32mÂ·[39m[32mÂ·[39m[32mÂ·[39m[32mÂ·[39m[32mÂ·[39m[32mÂ·[39m[32mÂ·[39m[32mÂ·[39m[32mÂ·[39m[32mÂ·[39m[32mÂ·[39m[32mÂ·[39m[32mÂ·[39m[32mÂ·[39m[32mÂ·[39m[32mÂ·[39m[32mÂ·[39m[32mÂ·[39m[32mÂ·[39m[32mÂ·[39m[32mÂ·[39m[32mÂ·[39m[32mÂ·[39m[32mÂ·[39m[32mÂ·[39m[32mÂ·[39m[32mÂ·[39m[32mÂ·[39m[32mÂ·[39m[32mÂ·[39m[32mÂ·[39m[32mÂ·[39m[32mÂ·[39m[32mÂ·[39m
2025-04-15T07:23:33.7317703Z [32mÂ·[39m[32mÂ·[39m[32mÂ·[39m[32mÂ·[39m[32mÂ·[39m[32mÂ·[39m[32mÂ·[39m[32mÂ·[39m[32mÂ·[39m[32mÂ·[39m[32mÂ·[39m[32mÂ·[39m[32mÂ·[39m[32mÂ·[39m[32mÂ·[39m[32mÂ·[39m[32mÂ·[39m[32mÂ·[39m[32mÂ·[39m[32mÂ·[39m[32mÂ·[39m[32mÂ·[39m[32mÂ·[39m[32mÂ·[39m[32mÂ·[39m[32mÂ·[39m[32mÂ·[39m[32mÂ·[39m[32mÂ·[39m[32mÂ·[39m[32mÂ·[39m[32mÂ·[39m[32mÂ·[39m[32mÂ·[39m[32mÂ·[39m[32mÂ·[39m[32mÂ·[39m[32mÂ·[39m[32mÂ·[39m[32mÂ·[39m[32mÂ·[39m[32mÂ·[39m[32mÂ·[39m[32mÂ·[39m[32mÂ·[39m[32mÂ·[39m[32mÂ·[39m[32mÂ·[39m[32mÂ·[39m[32mÂ·[39m[32mÂ·[39m[32mÂ·[39m[32mÂ·[39m[32mÂ·[39m[32mÂ·[39m[32mÂ·[39m[32mÂ·[39m[32mÂ·[39m[32mÂ·[39m[32mÂ·[39m[32mÂ·[39m[32mÂ·[39m[32mÂ·[39m[32mÂ·[39m[32mÂ·[39m[32mÂ·[39m[32mÂ·[39m[32mÂ·[39m[32mÂ·[39m[32mÂ·[39m[32mÂ·[39m[32mÂ·[39m[32mÂ·[39m[32mÂ·[39m[32mÂ·[39m[32mÂ·[39m[32mÂ·[39m[32mÂ·[39m[32mÂ·[39m[32mÂ·[39m
2025-04-15T07:25:23.0246159Z [32mÂ·[39m[32mÂ·[39m[32mÂ·[39m[32mÂ·[39m[32mÂ·[39m[32mÂ·[39m[32mÂ·[39m[32mÂ·[39m[32mÂ·[39m[32mÂ·[39m[32mÂ·[39m[32mÂ·[39m[32mÂ·[39m[32mÂ·[39m[32mÂ·[39m[32mÂ·[39m[32mÂ·[39m[32mÂ·[39m[32mÂ·[39m[32mÂ·[39m[32mÂ·[39m[32mÂ·[39m[32mÂ·[39m[32mÂ·[39m[32mÂ·[39m[32mÂ·[39m[32mÂ·[39m[32mÂ·[39m[32mÂ·[39m[32mÂ·[39m[32mÂ·[39m[32mÂ·[39m[32mÂ·[39m[32mÂ·[39m[32mÂ·[39m[32mÂ·[39m[32mÂ·[39m[32mÂ·[39m[32mÂ·[39m[32mÂ·[39m[32mÂ·[39m[32mÂ·[39m[32mÂ·[39m[32mÂ·[39m[32mÂ·[39m[32mÂ·[39m[32mÂ·[39m[32mÂ·[39m[32mÂ·[39m[32mÂ·[39m[32mÂ·[39m[32mÂ·[39m[32mÂ·[39m[32mÂ·[39m[32mÂ·[39m[32mÂ·[39m[32mÂ·[39m[32mÂ·[39m[32mÂ·[39m[32mÂ·[39m[32mÂ·[39m[32mÂ·[39m[32mÂ·[39m[32mÂ·[39m[32mÂ·[39m[32mÂ·[39m[32mÂ·[39m[32mÂ·[39m[32mÂ·[39m[32mÂ·[39m[32mÂ·[39m[32mÂ·[39m[32mÂ·[39m[32mÂ·[39m[32mÂ·[39m[32mÂ·[39m[32mÂ·[39m[32mÂ·[39m[32mÂ·[39m[32mÂ·[39m
2025-04-15T07:26:55.6319925Z [32mÂ·[39m[32mÂ·[39m[32mÂ·[39m[32mÂ·[39m[32mÂ·[39m[32mÂ·[39m[32mÂ·[39m[32mÂ·[39m[32mÂ·[39m[32mÂ·[39m[32mÂ·[39m[32mÂ·[39m[32mÂ·[39m[32mÂ·[39m[32mÂ·[39m[32mÂ·[39m[32mÂ·[39m[32mÂ·[39m[32mÂ·[39m[32mÂ·[39m[32mÂ·[39m[32mÂ·[39m[32mÂ·[39m[32mÂ·[39m[32mÂ·[39m[32mÂ·[39m[32mÂ·[39m[32mÂ·[39m[32mÂ·[39m[32mÂ·[39m[32mÂ·[39m[32mÂ·[39m[32mÂ·[39m[32mÂ·[39m[32mÂ·[39m[32mÂ·[39m[32mÂ·[39m[32mÂ·[39m[32mÂ·[39m[32mÂ·[39m[32mÂ·[39m[32mÂ·[39m[32mÂ·[39m[32mÂ·[39m[32mÂ·[39m[32mÂ·[39m[32mÂ·[39m[32mÂ·[39m[32mÂ·[39m[32mÂ·[39m[32mÂ·[39m[32mÂ·[39m[32mÂ·[39m[32mÂ·[39m[32mÂ·[39m[32mÂ·[39m[32mÂ·[39m[32mÂ·[39m[32mÂ·[39m[32mÂ·[39m[32mÂ·[39m[32mÂ·[39m[32mÂ·[39m[32mÂ·[39m[32mÂ·[39m[32mÂ·[39m[32mÂ·[39m[32mÂ·[39m[32mÂ·[39m[32mÂ·[39m[32mÂ·[39m[32mÂ·[39m[32mÂ·[39m[32mÂ·[39m[32mÂ·[39m[32mÂ·[39m[32mÂ·[39m[32mÂ·[39m[32mÂ·[39m[32mÂ·[39m
2025-04-15T07:28:28.3735521Z [32mÂ·[39m[32mÂ·[39m[32mÂ·[39m[32mÂ·[39m[32mÂ·[39m[32mÂ·[39m[32mÂ·[39m[32mÂ·[39m[32mÂ·[39m[32mÂ·[39m[32mÂ·[39m[32mÂ·[39m[32mÂ·[39m[32mÂ·[39m[32mÂ·[39m[32mÂ·[39m[32mÂ·[39m[32mÂ·[39m[32mÂ·[39m[32mÂ·[39m[32mÂ·[39m[32mÂ·[39m[32mÂ·[39m[32mÂ·[39m[32mÂ·[39m[32mÂ·[39m[33mÂ°[39m[33mÂ°[39m[32mÂ·[39m[32mÂ·[39m[32mÂ·[39m[32mÂ·[39m[32mÂ·[39m[32mÂ·[39m[32mÂ·[39m[33mÂ°[39m[32mÂ·[39m[32mÂ·[39m[32mÂ·[39m[32mÂ·[39m[32mÂ·[39m[32mÂ·[39m[32mÂ·[39m[32mÂ·[39m[32mÂ·[39m[32mÂ·[39m[32mÂ·[39m[32mÂ·[39m[32mÂ·[39m[32mÂ·[39m[32mÂ·[39m[32mÂ·[39m[32mÂ·[39m[32mÂ·[39m[32mÂ·[39m[32mÂ·[39m[32mÂ·[39m[32mÂ·[39m[32mÂ·[39m[32mÂ·[39m[32mÂ·[39m[32mÂ·[39m[32mÂ·[39m[32mÂ·[39m[32mÂ·[39m[32mÂ·[39m[32mÂ·[39m[32mÂ·[39m[32mÂ·[39m[32mÂ·[39m[32mÂ·[39m[32mÂ·[39m[32mÂ·[39m[32mÂ·[39m[32mÂ·[39m[32mÂ·[39m[32mÂ·[39m[32mÂ·[39m[32mÂ·[39m[32mÂ·[39m
2025-04-15T07:30:24.8691788Z [32mÂ·[39m[32mÂ·[39m[32mÂ·[39m[32mÂ·[39m[32mÂ·[39m[32mÂ·[39m[32mÂ·[39m[32mÂ·[39m[32mÂ·[39m[32mÂ·[39m[32mÂ·[39m[32mÂ·[39m[32mÂ·[39m[32mÂ·[39m[32mÂ·[39m[32mÂ·[39m[33mÂ°[39m[32mÂ·[39m[32mÂ·[39m[32mÂ·[39m[32mÂ·[39m[32mÂ·[39m[32mÂ·[39m[32mÂ·[39m[32mÂ·[39m[32mÂ·[39m[32mÂ·[39m[32mÂ·[39m[32mÂ·[39m[32mÂ·[39m[32mÂ·[39m[32mÂ·[39m[32mÂ·[39m[32mÂ·[39m[32mÂ·[39m[32mÂ·[39m[32mÂ·[39m[32mÂ·[39m[32mÂ·[39m[32mÂ·[39m[32mÂ·[39m[32mÂ·[39m[32mÂ·[39m[32mÂ·[39m[32mÂ·[39m[32mÂ·[39m[32mÂ·[39m[32mÂ·[39m[32mÂ·[39m[32mÂ·[39m[32mÂ·[39m[32mÂ·[39m[32mÂ·[39m[32mÂ·[39m[32mÂ·[39m[32mÂ·[39m[32mÂ·[39m[32mÂ·[39m[32mÂ·[39m[32mÂ·[39m[32mÂ·[39m[32mÂ·[39m[32mÂ·[39m[32mÂ·[39m[32mÂ·[39m[32mÂ·[39m[32mÂ·[39m[32mÂ·[39m[32mÂ·[39m[32mÂ·[39m[32mÂ·[39m[32mÂ·[39m[32mÂ·[39m[32mÂ·[39m[32mÂ·[39m[32mÂ·[39m[32mÂ·[39m[32mÂ·[39m[32mÂ·[39m[32mÂ·[39m
2025-04-15T07:31:50.9483546Z [32mÂ·[39m[32mÂ·[39m[32mÂ·[39m[32mÂ·[39m[32mÂ·[39m[32mÂ·[39m[32mÂ·[39m[32mÂ·[39m[32mÂ·[39m[32mÂ·[39m[32mÂ·[39m[32mÂ·[39m[32mÂ·[39m[32mÂ·[39m[33mÂ°[39m[32mÂ·[39m[32mÂ·[39m[32mÂ·[39m[32mÂ·[39m[32mÂ·[39m[32mÂ·[39m[32mÂ·[39m[32mÂ·[39m[32mÂ·[39m[32mÂ·[39m[32mÂ·[39m[32mÂ·[39m[32mÂ·[39m[32mÂ·[39m[32mÂ·[39m[32mÂ·[39m[32mÂ·[39m[32mÂ·[39m[32mÂ·[39m[32mÂ·[39m[32mÂ·[39m[32mÂ·[39m[32mÂ·[39m[32mÂ·[39m[32mÂ·[39m[32mÂ·[39m[32mÂ·[39m[32mÂ·[39m[32mÂ·[39m[32mÂ·[39m[32mÂ·[39m[32mÂ·[39m[32mÂ·[39m[32mÂ·[39m[32mÂ·[39m[32mÂ·[39m[32mÂ·[39m[32mÂ·[39m[32mÂ·[39m[32mÂ·[39m[32mÂ·[39m[32mÂ·[39m[32mÂ·[39m[32mÂ·[39m[32mÂ·[39m[32mÂ·[39m[32mÂ·[39m[32mÂ·[39m[32mÂ·[39m[32mÂ·[39m[32mÂ·[39m[32mÂ·[39m[32mÂ·[39m[32mÂ·[39m[32mÂ·[39m[32mÂ·[39m[32mÂ·[39m[32mÂ·[39m[32mÂ·[39m[32mÂ·[39m[32mÂ·[39m[32mÂ·[39m[32mÂ·[39m[32mÂ·[39m[32mÂ·[39m
2025-04-15T07:33:21.2823575Z [32mÂ·[39m[32mÂ·[39m[32mÂ·[39m[32mÂ·[39m[32mÂ·[39m[32mÂ·[39m[32mÂ·[39m[32mÂ·[39m[32mÂ·[39m[32mÂ·[39m[32mÂ·[39m[32mÂ·[39m[32mÂ·[39m[32mÂ·[39m[32mÂ·[39m[32mÂ·[39m[32mÂ·[39m[32mÂ·[39m[32mÂ·[39m[32mÂ·[39m[32mÂ·[39m[32mÂ·[39m[32mÂ·[39m[32mÂ·[39m[32mÂ·[39m[32mÂ·[39m[32mÂ·[39m[32mÂ·[39m[32mÂ·[39m[32mÂ·[39m[32mÂ·[39m[32mÂ·[39m[32mÂ·[39m[32mÂ·[39m[32mÂ·[39m[32mÂ·[39m[32mÂ·[39m[32mÂ·[39m[32mÂ·[39m[32mÂ·[39m[32mÂ·[39m[32mÂ·[39m[32mÂ·[39m[32mÂ·[39m[32mÂ·[39m[32mÂ·[39m[32mÂ·[39m[32mÂ·[39m[32mÂ·[39m[32mÂ·[39m[32mÂ·[39m[32mÂ·[39m[32mÂ·[39m[32mÂ·[39m[32mÂ·[39m[32mÂ·[39m[32mÂ·[39m[32mÂ·[39m[32mÂ·[39m[32mÂ·[39m[32mÂ·[39m[32mÂ·[39m[32mÂ·[39m[32mÂ·[39m[32mÂ·[39m[32mÂ·[39m[32mÂ·[39m[32mÂ·[39m[32mÂ·[39m[32mÂ·[39m[32mÂ·[39m[32mÂ·[39m[32mÂ·[39m[32mÂ·[39m[32mÂ·[39m[32mÂ·[39m[32mÂ·[39m[32mÂ·[39m[32mÂ·[39m[32mÂ·[39m
2025-04-15T07:35:20.1883821Z [32mÂ·[39m[32mÂ·[39m[32mÂ·[39m[32mÂ·[39m[32mÂ·[39m[32mÂ·[39m[32mÂ·[39m[32mÂ·[39m[32mÂ·[39m[32mÂ·[39m[32mÂ·[39m[32mÂ·[39m[32mÂ·[39m[32mÂ·[39m[32mÂ·[39m[32mÂ·[39m[32mÂ·[39m[32mÂ·[39m[32mÂ·[39m[32mÂ·[39m[32mÂ·[39m[32mÂ·[39m[32mÂ·[39m[32mÂ·[39m[32mÂ·[39m[32mÂ·[39m[32mÂ·[39m[32mÂ·[39m[32mÂ·[39m[32mÂ·[39m[32mÂ·[39m[32mÂ·[39m[32mÂ·[39m[32mÂ·[39m[32mÂ·[39m[32mÂ·[39m[32mÂ·[39m[32mÂ·[39m[32mÂ·[39m[32mÂ·[39m[32mÂ·[39m[32mÂ·[39m[32mÂ·[39m[32mÂ·[39m[32mÂ·[39m[32mÂ·[39m[32mÂ·[39m[32mÂ·[39m[32mÂ·[39m[32mÂ·[39m[32mÂ·[39m[32mÂ·[39m[32mÂ·[39m[32mÂ·[39m[32mÂ·[39m[32mÂ·[39m[32mÂ·[39m[32mÂ·[39m[32mÂ·[39m[32mÂ·[39m[32mÂ·[39m[32mÂ·[39m[32mÂ·[39m[32mÂ·[39m[32mÂ·[39m[32mÂ·[39m[32mÂ·[39m[32mÂ·[39m[32mÂ·[39m[32mÂ·[39m[32mÂ·[39m[32mÂ·[39m[32mÂ·[39m[32mÂ·[39m[32mÂ·[39m[32mÂ·[39m[32mÂ·[39m[32mÂ·[39m[32mÂ·[39m[32mÂ·[39m
2025-04-15T07:38:56.8584097Z [32mÂ·[39m[32mÂ·[39m[32mÂ·[39m[32mÂ·[39m[32mÂ·[39m[32mÂ·[39m[32mÂ·[39m[32mÂ·[39m[32mÂ·[39m[32mÂ·[39m[32mÂ·[39m[32mÂ·[39m[32mÂ·[39m[32mÂ·[39m[32mÂ·[39m[32mÂ·[39m[32mÂ·[39m[32mÂ·[39m[32mÂ·[39m[32mÂ·[39m[32mÂ·[39m[33mÂ°[39m[33mÂ°[39m[32mÂ·[39m[32mÂ·[39m[32mÂ·[39m[32mÂ·[39m[32mÂ·[39m[32mÂ·[39m[32mÂ·[39m[32mÂ·[39m[32mÂ·[39m[32mÂ·[39m[32mÂ·[39m[32mÂ·[39m[32mÂ·[39m[32mÂ·[39m[32mÂ·[39m[32mÂ·[39m[32mÂ·[39m[32mÂ·[39m[32mÂ·[39m[32mÂ·[39m[32mÂ·[39m[32mÂ·[39m[32mÂ·[39m[32mÂ·[39m[32mÂ·[39m[32mÂ·[39m[32mÂ·[39m[32mÂ·[39m[32mÂ·[39m[32mÂ·[39m[32mÂ·[39m[32mÂ·[39m[32mÂ·[39m[32mÂ·[39m[32mÂ·[39m[32mÂ·[39m[32mÂ·[39m[32mÂ·[39m[32mÂ·[39m[32mÂ·[39m[32mÂ·[39m[32mÂ·[39m[32mÂ·[39m[32mÂ·[39m[32mÂ·[39m[32mÂ·[39m[32mÂ·[39m[32mÂ·[39m[32mÂ·[39m[32mÂ·[39m[32mÂ·[39m[32mÂ·[39m[32mÂ·[39m[32mÂ·[39m[32mÂ·[39m[32mÂ·[39m[32mÂ·[39m
2025-04-15T07:43:09.9261450Z [32mÂ·[39m[32mÂ·[39m[32mÂ·[39m[32mÂ·[39m[32mÂ·[39m[32mÂ·[39m[32mÂ·[39m[32mÂ·[39m[32mÂ·[39m[32mÂ·[39m[32mÂ·[39m[32mÂ·[39m[32mÂ·[39m[32mÂ·[39m[32mÂ·[39m[32mÂ·[39m[32mÂ·[39m[32mÂ·[39m[32mÂ·[39m[32mÂ·[39m[32mÂ·[39m[32mÂ·[39m[32mÂ·[39m[32mÂ·[39m[32mÂ·[39m[32mÂ·[39m[32mÂ·[39m[32mÂ·[39m[32mÂ·[39m[32mÂ·[39m[32mÂ·[39m[32mÂ·[39m[32mÂ·[39m[32mÂ·[39m[32mÂ·[39m[32mÂ·[39m[32mÂ·[39m[32mÂ·[39m[32mÂ·[39m[32mÂ·[39m[32mÂ·[39m[32mÂ·[39m[32mÂ·[39m[32mÂ·[39m[32mÂ·[39m[32mÂ·[39m[32mÂ·[39m[32mÂ·[39m[32mÂ·[39m[32mÂ·[39m[32mÂ·[39m[32mÂ·[39m[32mÂ·[39m[32mÂ·[39m[32mÂ·[39m[32mÂ·[39m[32mÂ·[39m[32mÂ·[39m[32mÂ·[39m[32mÂ·[39m[32mÂ·[39m[32mÂ·[39m[32mÂ·[39m[32mÂ·[39m[32mÂ·[39m[32mÂ·[39m[32mÂ·[39m[32mÂ·[39m[32mÂ·[39m[32mÂ·[39m[32mÂ·[39m[32mÂ·[39m[32mÂ·[39m[32mÂ·[39m[32mÂ·[39m[32mÂ·[39m[32mÂ·[39m[32mÂ·[39m[32mÂ·[39m[32mÂ·[39m
2025-04-15T07:45:30.9849029Z [32mÂ·[39m[32mÂ·[39m[32mÂ·[39m[32mÂ·[39m[32mÂ·[39m[32mÂ·[39m[32mÂ·[39m[32mÂ·[39m[32mÂ·[39m[32mÂ·[39m[32mÂ·[39m[32mÂ·[39m[32mÂ·[39m[32mÂ·[39m[32mÂ·[39m[32mÂ·[39m[32mÂ·[39m[32mÂ·[39m[32mÂ·[39m[32mÂ·[39m[32mÂ·[39m[32mÂ·[39m[32mÂ·[39m[32mÂ·[39m[32mÂ·[39m[32mÂ·[39m[32mÂ·[39m[32mÂ·[39m[32mÂ·[39m[32mÂ·[39m[32mÂ·[39m[32mÂ·[39m[32mÂ·[39m[32mÂ·[39m[32mÂ·[39m[32mÂ·[39m[32mÂ·[39m[32mÂ·[39m[32mÂ·[39m[32mÂ·[39m[32mÂ·[39m[32mÂ·[39m[32mÂ·[39m[32mÂ·[39m[32mÂ·[39m[32mÂ·[39m[32mÂ·[39m[32mÂ·[39m[32mÂ·[39m[32mÂ·[39m[32mÂ·[39m[32mÂ·[39m[32mÂ·[39m[32mÂ·[39m[32mÂ·[39m[32mÂ·[39m[32mÂ·[39m[32mÂ·[39m[32mÂ·[39m[32mÂ·[39m[32mÂ·[39m[32mÂ·[39m[32mÂ·[39m[32mÂ·[39m[32mÂ·[39m[32mÂ·[39m[32mÂ·[39m[32mÂ·[39m[32mÂ·[39m[32mÂ·[39m[32mÂ·[39m[32mÂ·[39m[32mÂ·[39m[32mÂ·[39m[32mÂ·[39m[32mÂ·[39m[32mÂ·[39m[32mÂ·[39m[32mÂ·[39m
2025-04-15T07:45:30.9867054Z [33m  7 skipped[39m
2025-04-15T07:45:30.9867623Z [32m  1432 passed[39m[2m (35.0m)[22m
2025-04-15T07:45:32.7675450Z ##[group]Run azure/login@v2
2025-04-15T07:45:32.7675794Z with:
2025-04-15T07:45:32.7676282Z   client-id: ***
2025-04-15T07:45:32.7676897Z   tenant-id: ***
2025-04-15T07:45:32.7677291Z   subscription-id: ***
2025-04-15T07:45:32.7677642Z   enable-AzPSSession: false
2025-04-15T07:45:32.7678000Z   environment: azurecloud
2025-04-15T07:45:32.7678355Z   allow-no-subscriptions: false
2025-04-15T07:45:32.7678764Z   audience: api://AzureADTokenExchange
2025-04-15T07:45:32.7679193Z   auth-type: SERVICE_PRINCIPAL
2025-04-15T07:45:32.7679539Z env:
2025-04-15T07:45:32.7679796Z   FORCE_COLOR: 1
2025-04-15T07:45:32.7680145Z   ELECTRON_SKIP_BINARY_DOWNLOAD: 1
2025-04-15T07:45:32.7680531Z   DEBUG_GIT_COMMIT_INFO: 1
2025-04-15T07:45:32.7680887Z   PWTEST_CHANNEL: firefox-beta
2025-04-15T07:45:32.7681245Z ##[endgroup]
2025-04-15T07:45:32.8058864Z Running Azure CLI Login.
2025-04-15T07:45:36.2030855Z [command]/usr/bin/az cloud set -n azurecloud
2025-04-15T07:45:36.4019662Z Done setting cloud: "azurecloud"
2025-04-15T07:45:36.7508752Z Federated token details:
2025-04-15T07:45:36.7509577Z  issuer - https://token.actions.githubusercontent.com
2025-04-15T07:45:36.7510843Z  subject claim - repo:microsoft/playwright:environment:allow-uploading-flakiness-results
2025-04-15T07:45:36.7511858Z  audience - api://AzureADTokenExchange
2025-04-15T07:45:36.7512769Z  job_workflow_ref - microsoft/playwright/.github/workflows/tests_primary.yml@refs/heads/main
2025-04-15T07:45:36.7513817Z Attempting Azure CLI login by using OIDC...
2025-04-15T07:45:38.0673518Z Subscription is set successfully.
2025-04-15T07:45:38.0674222Z Azure CLI login succeeds by using OIDC.
2025-04-15T07:45:38.0750824Z ##[group]Run echo "::group::./utils/upload_flakiness_dashboard.sh"
2025-04-15T07:45:38.0751272Z [36;1mecho "::group::./utils/upload_flakiness_dashboard.sh"[0m
2025-04-15T07:45:38.0751716Z [36;1m./utils/upload_flakiness_dashboard.sh ./test-results/report.json[0m
2025-04-15T07:45:38.0752097Z [36;1mecho "::endgroup::"[0m
2025-04-15T07:45:38.0802977Z shell: /usr/bin/bash --noprofile --norc -e -o pipefail {0}
2025-04-15T07:45:38.0803302Z env:
2025-04-15T07:45:38.0803480Z   FORCE_COLOR: 1
2025-04-15T07:45:38.0803693Z   ELECTRON_SKIP_BINARY_DOWNLOAD: 1
2025-04-15T07:45:38.0803946Z   DEBUG_GIT_COMMIT_INFO: 1
2025-04-15T07:45:38.0804181Z   PWTEST_CHANNEL: firefox-beta
2025-04-15T07:45:38.0804416Z ##[endgroup]
2025-04-15T07:45:38.0871297Z ##[group]./utils/upload_flakiness_dashboard.sh
2025-04-15T07:45:38.2179528Z Uploading dd694e4592889c3c90a4065a8bbd1d70ea82f4c1.gz
2025-04-15T07:45:41.6684791Z 
2025-04-15T07:45:41.6685896Z Alive[################################################################]  100.0000%
2025-04-15T07:45:41.6687161Z Finished[#############################################################]  100.0000%
2025-04-15T07:45:41.6987140Z {
2025-04-15T07:45:41.6987836Z   "client_request_id": "a15a6818-19cd-11f0-aeac-6045bd08904a",
2025-04-15T07:45:41.6988664Z   "content_md5": "q6e8pmTQV5aDllKmeCfMoQ==",
2025-04-15T07:45:41.6989322Z   "date": "2025-04-15T07:45:41+00:00",
2025-04-15T07:45:41.6989915Z   "encryption_key_sha256": null,
2025-04-15T07:45:41.6990438Z   "encryption_scope": null,
2025-04-15T07:45:41.6990992Z   "etag": "\"0x8DD7BF185AEC841\"",
2025-04-15T07:45:41.6991609Z   "lastModified": "2025-04-15T07:45:41+00:00",
2025-04-15T07:45:41.6992343Z   "request_id": "3c3b0721-e01e-000c-6ada-ad4708000000",
2025-04-15T07:45:41.6993049Z   "request_server_encrypted": true,
2025-04-15T07:45:41.6993603Z   "version": "2022-11-02",
2025-04-15T07:45:41.6994068Z   "version_id": null
2025-04-15T07:45:41.6994489Z }
2025-04-15T07:45:42.6037862Z 
2025-04-15T07:45:42.6039139Z Alive[################################################################]  100.0000%
2025-04-15T07:45:42.6039760Z Finished[#############################################################]  100.0000%
2025-04-15T07:45:42.6344407Z {
2025-04-15T07:45:42.6344977Z   "client_request_id": "a1a77da7-19cd-11f0-aeac-6045bd08904a",
2025-04-15T07:45:42.6345596Z   "content_md5": "q6e8pmTQV5aDllKmeCfMoQ==",
2025-04-15T07:45:42.6346124Z   "date": "2025-04-15T07:45:42+00:00",
2025-04-15T07:45:42.6346749Z   "encryption_key_sha256": null,
2025-04-15T07:45:42.6347158Z   "encryption_scope": null,
2025-04-15T07:45:42.6347564Z   "etag": "\"0x8DD7BF1863D73B0\"",
2025-04-15T07:45:42.6348006Z   "lastModified": "2025-04-15T07:45:42+00:00",
2025-04-15T07:45:42.6348568Z   "request_id": "f5f8aad3-d01e-000f-3fda-ad440f000000",
2025-04-15T07:45:42.6349098Z   "request_server_encrypted": true,
2025-04-15T07:45:42.6349504Z   "version": "2022-11-02",
2025-04-15T07:45:42.6349847Z   "version_id": null
2025-04-15T07:45:42.6350154Z }
2025-04-15T07:45:42.7269507Z ##[endgroup]
2025-04-15T07:45:42.7392631Z Post job cleanup.
2025-04-15T07:45:42.7431218Z Post job cleanup.
2025-04-15T07:45:42.7823081Z Clearing azure cli accounts from the local cache.
2025-04-15T07:45:42.7838113Z [command]/usr/bin/az account clear
2025-04-15T07:45:43.3252282Z Post job cleanup.
2025-04-15T07:45:43.4898295Z Post job cleanup.
2025-04-15T07:45:43.5885377Z [command]/usr/bin/git version
2025-04-15T07:45:43.5922868Z git version 2.49.0
2025-04-15T07:45:43.5967098Z Temporarily overriding HOME='/home/runner/work/_temp/c1737e8b-1968-4e65-b179-31518fcf47bb' before making global git config changes
2025-04-15T07:45:43.5968620Z Adding repository directory to the temporary git global config as a safe directory
2025-04-15T07:45:43.5973818Z [command]/usr/bin/git config --global --add safe.directory /home/runner/work/playwright/playwright
2025-04-15T07:45:43.6009794Z [command]/usr/bin/git config --local --name-only --get-regexp core\.sshCommand
2025-04-15T07:45:43.6042550Z [command]/usr/bin/git submodule foreach --recursive sh -c "git config --local --name-only --get-regexp 'core\.sshCommand' && git config --local --unset-all 'core.sshCommand' || :"
2025-04-15T07:45:43.6282905Z [command]/usr/bin/git config --local --name-only --get-regexp http\.https\:\/\/github\.com\/\.extraheader
2025-04-15T07:45:43.6303837Z http.https://github.com/.extraheader
2025-04-15T07:45:43.6316026Z [command]/usr/bin/git config --local --unset-all http.https://github.com/.extraheader
2025-04-15T07:45:43.6351357Z [command]/usr/bin/git submodule foreach --recursive sh -c "git config --local --name-only --get-regexp 'http\.https\:\/\/github\.com\/\.extraheader' && git config --local --unset-all 'http.https://github.com/.extraheader' || :"
2025-04-15T07:45:43.6681409Z Cleaning up orphan processes
