2025-04-14T08:27:25.3526430Z Requested labels: ubuntu-latest-unit-tester
2025-04-14T08:27:25.3526559Z Job defined at: run-llama/llama_index/.github/workflows/coverage.yml@refs/pull/18199/merge
2025-04-14T08:27:25.3526631Z Waiting for a runner to pick up this job...
2025-04-14T08:27:28.0331879Z Job is waiting for a runner from 'ubuntu-latest-unit-tester' to come online.
2025-04-14T08:27:28.3916241Z Job is about to start running on the runner: ubuntu-latest-unit-tester_6069b4a92f43 (organization)
2025-04-14T08:27:31.0160507Z Current runner version: '2.323.0'
2025-04-14T08:27:31.0169081Z Runner name: 'ubuntu-latest-unit-tester_6069b4a92f43'
2025-04-14T08:27:31.0170123Z Runner group name: 'Default'
2025-04-14T08:27:31.0170967Z Machine name: 'runner'
2025-04-14T08:27:31.0187844Z ##[group]Operating System
2025-04-14T08:27:31.0188536Z Ubuntu
2025-04-14T08:27:31.0189255Z 24.04.2
2025-04-14T08:27:31.0189794Z LTS
2025-04-14T08:27:31.0190289Z ##[endgroup]
2025-04-14T08:27:31.0190799Z ##[group]Runner Image
2025-04-14T08:27:31.0191425Z Image: ubuntu-24.04
2025-04-14T08:27:31.0191927Z Version: 20250406.1.0
2025-04-14T08:27:31.0192963Z Included Software: https://github.com/actions/runner-images/blob/ubuntu24/20250406.1/images/ubuntu/Ubuntu2404-Readme.md
2025-04-14T08:27:31.0194381Z Image Release: https://github.com/actions/runner-images/releases/tag/ubuntu24%2F20250406.1
2025-04-14T08:27:31.0195283Z ##[endgroup]
2025-04-14T08:27:31.0197503Z ##[group]GITHUB_TOKEN Permissions
2025-04-14T08:27:31.0199904Z Actions: read
2025-04-14T08:27:31.0200650Z Attestations: read
2025-04-14T08:27:31.0201206Z Checks: read
2025-04-14T08:27:31.0201653Z Contents: read
2025-04-14T08:27:31.0202235Z Deployments: read
2025-04-14T08:27:31.0202780Z Discussions: read
2025-04-14T08:27:31.0203330Z Issues: read
2025-04-14T08:27:31.0203853Z Metadata: read
2025-04-14T08:27:31.0204339Z Models: read
2025-04-14T08:27:31.0204875Z Packages: read
2025-04-14T08:27:31.0205428Z Pages: read
2025-04-14T08:27:31.0205935Z PullRequests: read
2025-04-14T08:27:31.0206530Z RepositoryProjects: read
2025-04-14T08:27:31.0207094Z SecurityEvents: read
2025-04-14T08:27:31.0207624Z Statuses: read
2025-04-14T08:27:31.0208169Z ##[endgroup]
2025-04-14T08:27:31.0211224Z Secret source: None
2025-04-14T08:27:31.0212003Z Prepare workflow directory
2025-04-14T08:27:31.0674638Z Prepare all required actions
2025-04-14T08:27:31.0711381Z Getting action download info
2025-04-14T08:27:31.2814352Z Download action repository 'actions/checkout@v4' (SHA:11bd71901bbe5b1630ceea73d27597364c9af683)
2025-04-14T08:27:31.5237878Z Download action repository 'actions/setup-python@v5' (SHA:8d9ed9ac5c53483de85588cdf95a591a75ab9f55)
2025-04-14T08:27:32.1817603Z Complete job name: test (3.9)
2025-04-14T08:27:32.2450576Z ##[group]Run rm -rf /opt/hostedtoolcache/*
2025-04-14T08:27:32.2451264Z [36;1mrm -rf /opt/hostedtoolcache/*[0m
2025-04-14T08:27:32.2505418Z shell: /usr/bin/bash --noprofile --norc -e -o pipefail {0}
2025-04-14T08:27:32.2506344Z env:
2025-04-14T08:27:32.2506739Z   POETRY_VERSION: 1.8.3
2025-04-14T08:27:32.2507186Z   SYSTEM_VERSION_COMPAT: 1
2025-04-14T08:27:32.2507630Z   CI: true
2025-04-14T08:27:32.2507990Z ##[endgroup]
2025-04-14T08:28:22.1467963Z ##[group]Run actions/checkout@v4
2025-04-14T08:28:22.1468324Z with:
2025-04-14T08:28:22.1468539Z   fetch-depth: 0
2025-04-14T08:28:22.1469070Z   repository: run-llama/llama_index
2025-04-14T08:28:22.1469528Z   token: ***
2025-04-14T08:28:22.1469765Z   ssh-strict: true
2025-04-14T08:28:22.1469997Z   ssh-user: git
2025-04-14T08:28:22.1470227Z   persist-credentials: true
2025-04-14T08:28:22.1470507Z   clean: true
2025-04-14T08:28:22.1470742Z   sparse-checkout-cone-mode: true
2025-04-14T08:28:22.1471018Z   fetch-tags: false
2025-04-14T08:28:22.1471256Z   show-progress: true
2025-04-14T08:28:22.1471482Z   lfs: false
2025-04-14T08:28:22.1471697Z   submodules: false
2025-04-14T08:28:22.1471928Z   set-safe-directory: true
2025-04-14T08:28:22.1472205Z env:
2025-04-14T08:28:22.1472410Z   POETRY_VERSION: 1.8.3
2025-04-14T08:28:22.1472646Z   SYSTEM_VERSION_COMPAT: 1
2025-04-14T08:28:22.1472897Z ##[endgroup]
2025-04-14T08:28:22.2562308Z Syncing repository: run-llama/llama_index
2025-04-14T08:28:22.2563760Z ##[group]Getting Git version info
2025-04-14T08:28:22.2564221Z Working directory is '/home/runner/work/llama_index/llama_index'
2025-04-14T08:28:22.2564824Z [command]/usr/bin/git version
2025-04-14T08:28:22.6740684Z git version 2.49.0
2025-04-14T08:28:22.6767771Z ##[endgroup]
2025-04-14T08:28:22.6783015Z Temporarily overriding HOME='/home/runner/work/_temp/a8597458-1f98-4d5f-9eba-9b80d43578e1' before making global git config changes
2025-04-14T08:28:22.6784280Z Adding repository directory to the temporary git global config as a safe directory
2025-04-14T08:28:22.6788523Z [command]/usr/bin/git config --global --add safe.directory /home/runner/work/llama_index/llama_index
2025-04-14T08:28:22.7025548Z Deleting the contents of '/home/runner/work/llama_index/llama_index'
2025-04-14T08:28:22.7029505Z ##[group]Initializing the repository
2025-04-14T08:28:22.7033113Z [command]/usr/bin/git init /home/runner/work/llama_index/llama_index
2025-04-14T08:28:22.9148284Z hint: Using 'master' as the name for the initial branch. This default branch name
2025-04-14T08:28:22.9149403Z hint: is subject to change. To configure the initial branch name to use in all
2025-04-14T08:28:22.9150105Z hint: of your new repositories, which will suppress this warning, call:
2025-04-14T08:28:22.9150607Z hint:
2025-04-14T08:28:22.9150979Z hint: 	git config --global init.defaultBranch <name>
2025-04-14T08:28:22.9151331Z hint:
2025-04-14T08:28:22.9151672Z hint: Names commonly chosen instead of 'master' are 'main', 'trunk' and
2025-04-14T08:28:22.9152226Z hint: 'development'. The just-created branch can be renamed via this command:
2025-04-14T08:28:22.9152651Z hint:
2025-04-14T08:28:22.9152872Z hint: 	git branch -m <name>
2025-04-14T08:28:22.9622917Z Initialized empty Git repository in /home/runner/work/llama_index/llama_index/.git/
2025-04-14T08:28:22.9636821Z [command]/usr/bin/git remote add origin https://github.com/run-llama/llama_index
2025-04-14T08:28:23.0101020Z ##[endgroup]
2025-04-14T08:28:23.0101895Z ##[group]Disabling automatic garbage collection
2025-04-14T08:28:23.0106660Z [command]/usr/bin/git config --local gc.auto 0
2025-04-14T08:28:23.0137789Z ##[endgroup]
2025-04-14T08:28:23.0138390Z ##[group]Setting up auth
2025-04-14T08:28:23.0145681Z [command]/usr/bin/git config --local --name-only --get-regexp core\.sshCommand
2025-04-14T08:28:23.0177537Z [command]/usr/bin/git submodule foreach --recursive sh -c "git config --local --name-only --get-regexp 'core\.sshCommand' && git config --local --unset-all 'core.sshCommand' || :"
2025-04-14T08:28:23.5221337Z [command]/usr/bin/git config --local --name-only --get-regexp http\.https\:\/\/github\.com\/\.extraheader
2025-04-14T08:28:23.5251733Z [command]/usr/bin/git submodule foreach --recursive sh -c "git config --local --name-only --get-regexp 'http\.https\:\/\/github\.com\/\.extraheader' && git config --local --unset-all 'http.https://github.com/.extraheader' || :"
2025-04-14T08:28:23.5477037Z [command]/usr/bin/git config --local http.https://github.com/.extraheader AUTHORIZATION: basic ***
2025-04-14T08:28:23.5517211Z ##[endgroup]
2025-04-14T08:28:23.5517773Z ##[group]Fetching the repository
2025-04-14T08:28:23.5526211Z [command]/usr/bin/git -c protocol.version=2 fetch --prune --no-recurse-submodules origin +refs/heads/*:refs/remotes/origin/* +refs/tags/*:refs/tags/* +43666f5efec5b91cc5fdc03389bf11a48348aa1d:refs/remotes/pull/18199/merge
2025-04-14T08:28:31.9647951Z From https://github.com/run-llama/llama_index
2025-04-14T08:28:31.9649917Z  * [new branch]          15371-migrate-llama-index-integrations-and-llama-index-packs-to-pydantic-v2 -> origin/15371-migrate-llama-index-integrations-and-llama-index-packs-to-pydantic-v2
2025-04-14T08:28:31.9651860Z  * [new branch]          8147-bug-streaming-on-react-chat-agent-not-working-as-expected -> origin/8147-bug-streaming-on-react-chat-agent-not-working-as-expected
2025-04-14T08:28:31.9652960Z  * [new branch]          8206-bug-indexas_chat_engine -> origin/8206-bug-indexas_chat_engine
2025-04-14T08:28:31.9653640Z  * [new branch]          DJC-GO-SOLO/main        -> origin/DJC-GO-SOLO/main
2025-04-14T08:28:31.9654599Z  * [new branch]          EleniVerteouri/main     -> origin/EleniVerteouri/main
2025-04-14T08:28:31.9657445Z  * [new branch]          HollowMan6/main         -> origin/HollowMan6/main
2025-04-14T08:28:31.9659856Z  * [new branch]          Ja-sonYun/main          -> origin/Ja-sonYun/main
2025-04-14T08:28:31.9662550Z  * [new branch]          Moi1oM/main             -> origin/Moi1oM/main
2025-04-14T08:28:31.9665103Z  * [new branch]          NickNYU/main            -> origin/NickNYU/main
2025-04-14T08:28:31.9666634Z  * [new branch]          Update-Milvus-vectorstore -> origin/Update-Milvus-vectorstore
2025-04-14T08:28:31.9669141Z  * [new branch]          YeonwooSung/main        -> origin/YeonwooSung/main
2025-04-14T08:28:31.9670958Z  * [new branch]          add-bm25-retriever      -> origin/add-bm25-retriever
2025-04-14T08:28:31.9672691Z  * [new branch]          add-duckdb-vector-store -> origin/add-duckdb-vector-store
2025-04-14T08:28:31.9674281Z  * [new branch]          add-dynamodb-url        -> origin/add-dynamodb-url
2025-04-14T08:28:31.9676098Z  * [new branch]          aim_callback            -> origin/aim_callback
2025-04-14T08:28:31.9677768Z  * [new branch]          asif_bagel              -> origin/asif_bagel
2025-04-14T08:28:31.9680106Z  * [new branch]          batmanscode-add-author-metadata-discord -> origin/batmanscode-add-author-metadata-discord
2025-04-14T08:28:31.9682380Z  * [new branch]          chore/makefile          -> origin/chore/makefile
2025-04-14T08:28:31.9684506Z  * [new branch]          chua/heap               -> origin/chua/heap
2025-04-14T08:28:31.9686265Z  * [new branch]          cogniswitch_llama       -> origin/cogniswitch_llama
2025-04-14T08:28:31.9688020Z  * [new branch]          configure-reranker      -> origin/configure-reranker
2025-04-14T08:28:31.9690051Z  * [new branch]          docarray-vectorstore    -> origin/docarray-vectorstore
2025-04-14T08:28:31.9691977Z  * [new branch]          external_kg             -> origin/external_kg
2025-04-14T08:28:31.9694178Z  * [new branch]          fabiofumarola/main      -> origin/fabiofumarola/main
2025-04-14T08:28:31.9696360Z  * [new branch]          feat-enable-custom-download-folder-for-nltk -> origin/feat-enable-custom-download-folder-for-nltk
2025-04-14T08:28:31.9697673Z  * [new branch]          feat-qdrant-metadata-filtering -> origin/feat-qdrant-metadata-filtering
2025-04-14T08:28:31.9700281Z  * [new branch]          feat/async-retriever    -> origin/feat/async-retriever
2025-04-14T08:28:31.9701801Z  * [new branch]          feat/async-synth        -> origin/feat/async-synth
2025-04-14T08:28:31.9703547Z  * [new branch]          feat/aws-semaphore      -> origin/feat/aws-semaphore
2025-04-14T08:28:31.9706095Z  * [new branch]          feature/add-deepeval-integration -> origin/feature/add-deepeval-integration
2025-04-14T08:28:31.9707631Z  * [new branch]          feature/firestore-bactch-insert -> origin/feature/firestore-bactch-insert
2025-04-14T08:28:31.9709778Z  * [new branch]          fix-pgvector            -> origin/fix-pgvector
2025-04-14T08:28:31.9711244Z  * [new branch]          fix-singel-mail-parsing-failure -> origin/fix-singel-mail-parsing-failure
2025-04-14T08:28:31.9713068Z  * [new branch]          fix-validator-empty-is-not-none -> origin/fix-validator-empty-is-not-none
2025-04-14T08:28:31.9715376Z  * [new branch]          fix/remove-node         -> origin/fix/remove-node
2025-04-14T08:28:31.9717397Z  * [new branch]          fix_metadata_extractors_json_dumps_ensure_ascii -> origin/fix_metadata_extractors_json_dumps_ensure_ascii
2025-04-14T08:28:31.9719936Z  * [new branch]          george/verbosity        -> origin/george/verbosity
2025-04-14T08:28:31.9721731Z  * [new branch]          graph_rag_optimization  -> origin/graph_rag_optimization
2025-04-14T08:28:31.9723594Z  * [new branch]          hackgoofer-patch-1      -> origin/hackgoofer-patch-1
2025-04-14T08:28:31.9726045Z  * [new branch]          hz/bug_fix              -> origin/hz/bug_fix
2025-04-14T08:28:31.9727768Z  * [new branch]          hz/colbert_reranker_v1  -> origin/hz/colbert_reranker_v1
2025-04-14T08:28:31.9729355Z  * [new branch]          hz/gpt4v                -> origin/hz/gpt4v
2025-04-14T08:28:31.9731354Z  * [new branch]          hz/hz_filter_v0         -> origin/hz/hz_filter_v0
2025-04-14T08:28:31.9733050Z  * [new branch]          hz/hz_gemini_mm_fix_1   -> origin/hz/hz_gemini_mm_fix_1
2025-04-14T08:28:31.9734604Z  * [new branch]          hz/hz_google            -> origin/hz/hz_google
2025-04-14T08:28:31.9736366Z  * [new branch]          hz/hz_mm_fix_v1         -> origin/hz/hz_mm_fix_v1
2025-04-14T08:28:31.9738042Z  * [new branch]          hz/hz_mm_qe_v1          -> origin/hz/hz_mm_qe_v1
2025-04-14T08:28:31.9739907Z  * [new branch]          hz/hz_mm_table          -> origin/hz/hz_mm_table
2025-04-14T08:28:31.9741644Z  * [new branch]          hz/hz_pdf               -> origin/hz/hz_pdf
2025-04-14T08:28:31.9743472Z  * [new branch]          hz/hz_qe                -> origin/hz/hz_qe
2025-04-14T08:28:31.9745125Z  * [new branch]          hz/hz_qe_1              -> origin/hz/hz_qe_1
2025-04-14T08:28:31.9746838Z  * [new branch]          hz/hz_rank_gpt          -> origin/hz/hz_rank_gpt
2025-04-14T08:28:31.9748822Z  * [new branch]          hz/hz_rerank_v1         -> origin/hz/hz_rerank_v1
2025-04-14T08:28:31.9750562Z  * [new branch]          hz/image_type           -> origin/hz/image_type
2025-04-14T08:28:31.9752158Z  * [new branch]          hz/mm_index             -> origin/hz/mm_index
2025-04-14T08:28:31.9753871Z  * [new branch]          hz/mmr                  -> origin/hz/mmr
2025-04-14T08:28:31.9755612Z  * [new branch]          hz/ollama_mm            -> origin/hz/ollama_mm
2025-04-14T08:28:31.9757359Z  * [new branch]          hz/phi-2                -> origin/hz/phi-2
2025-04-14T08:28:31.9759271Z  * [new branch]          hz/rec_ret_dedup        -> origin/hz/rec_ret_dedup
2025-04-14T08:28:31.9761725Z  * [new branch]          javier/fix-s3fs-pdf-reading -> origin/javier/fix-s3fs-pdf-reading
2025-04-14T08:28:31.9763479Z  * [new branch]          javier/sharepoint-async-support -> origin/javier/sharepoint-async-support
2025-04-14T08:28:31.9765774Z  * [new branch]          jerry/add_ai_assistant_integration -> origin/jerry/add_ai_assistant_integration
2025-04-14T08:28:31.9767451Z  * [new branch]          jerry/add_llm_compiler  -> origin/jerry/add_llm_compiler
2025-04-14T08:28:31.9769429Z  * [new branch]          jerry/add_multi_doc_auto_retrival -> origin/jerry/add_multi_doc_auto_retrival
2025-04-14T08:28:31.9771146Z  * [new branch]          jerry/add_query_pipeline -> origin/jerry/add_query_pipeline
2025-04-14T08:28:31.9772820Z  * [new branch]          jerry/add_query_pipeline_vis -> origin/jerry/add_query_pipeline_vis
2025-04-14T08:28:31.9774414Z  * [new branch]          jerry/add_reflexion_agent -> origin/jerry/add_reflexion_agent
2025-04-14T08:28:31.9776147Z  * [new branch]          jerry/add_semantic_chunking -> origin/jerry/add_semantic_chunking
2025-04-14T08:28:31.9778112Z  * [new branch]          jerry/allow_relative_imports_llama_packs_bak -> origin/jerry/allow_relative_imports_llama_packs_bak
2025-04-14T08:28:31.9779852Z  * [new branch]          jerry/bump_version_0.8.64 -> origin/jerry/bump_version_0.8.64
2025-04-14T08:28:31.9781531Z  * [new branch]          jerry/create_react_chat_engine -> origin/jerry/create_react_chat_engine
2025-04-14T08:28:31.9783143Z  * [new branch]          jerry/custom_query_engine -> origin/jerry/custom_query_engine
2025-04-14T08:28:31.9784759Z  * [new branch]          jerry/edit_raft         -> origin/jerry/edit_raft
2025-04-14T08:28:31.9786452Z  * [new branch]          jerry/escape_json_structured_llm -> origin/jerry/escape_json_structured_llm
2025-04-14T08:28:31.9787984Z  * [new branch]          jerry/expose_prompts    -> origin/jerry/expose_prompts
2025-04-14T08:28:31.9790074Z  * [new branch]          jerry/fix_elasticsearch_guide -> origin/jerry/fix_elasticsearch_guide
2025-04-14T08:28:31.9791721Z  * [new branch]          jerry/fix_observability_doc -> origin/jerry/fix_observability_doc
2025-04-14T08:28:31.9793553Z  * [new branch]          jerry/fix_stuff_for_report_gen -> origin/jerry/fix_stuff_for_report_gen
2025-04-14T08:28:31.9795239Z  * [new branch]          jerry/fix_tool_callbacks -> origin/jerry/fix_tool_callbacks
2025-04-14T08:28:31.9797011Z  * [new branch]          jerry/migrate_builtins  -> origin/jerry/migrate_builtins
2025-04-14T08:28:31.9799049Z  * [new branch]          jerry/openai_llm_function_calling -> origin/jerry/openai_llm_function_calling
2025-04-14T08:28:31.9800810Z  * [new branch]          jerry/small_chroma_fix  -> origin/jerry/small_chroma_fix
2025-04-14T08:28:31.9802652Z  * [new branch]          jerry/test_workflow_query_engine_change -> origin/jerry/test_workflow_query_engine_change
2025-04-14T08:28:31.9804417Z  * [new branch]          jerry/wip_agents        -> origin/jerry/wip_agents
2025-04-14T08:28:31.9806904Z  * [new branch]          joelrorseth/main        -> origin/joelrorseth/main
2025-04-14T08:28:31.9809459Z  * [new branch]          jon-chuang/path-validation -> origin/jon-chuang/path-validation
2025-04-14T08:28:31.9811820Z  * [new branch]          jon/for-test            -> origin/jon/for-test
2025-04-14T08:28:31.9813368Z  * [new branch]          jon/local               -> origin/jon/local
2025-04-14T08:28:31.9815111Z  * [new branch]          kg_vector_custom_retriever -> origin/kg_vector_custom_retriever
2025-04-14T08:28:31.9817539Z  * [new branch]          ljv/learn-overhaul      -> origin/ljv/learn-overhaul
2025-04-14T08:28:31.9820193Z  * [new branch]          logan/add_changelog_to_docs -> origin/logan/add_changelog_to_docs
2025-04-14T08:28:31.9821985Z  * [new branch]          logan/add_docs_build_to_ci -> origin/logan/add_docs_build_to_ci
2025-04-14T08:28:31.9823673Z  * [new branch]          logan/add_openai_dep    -> origin/logan/add_openai_dep
2025-04-14T08:28:31.9825481Z  * [new branch]          logan/agent_streaming   -> origin/logan/agent_streaming
2025-04-14T08:28:31.9827102Z  * [new branch]          logan/agent_streaming_v2 -> origin/logan/agent_streaming_v2
2025-04-14T08:28:31.9828896Z  * [new branch]          logan/ammend_service_context_fix -> origin/logan/ammend_service_context_fix
2025-04-14T08:28:31.9830608Z  * [new branch]          logan/audio_support     -> origin/logan/audio_support
2025-04-14T08:28:31.9832265Z  * [new branch]          logan/bedrock_retriever_nits -> origin/logan/bedrock_retriever_nits
2025-04-14T08:28:31.9834029Z  * [new branch]          logan/bump_mpypy_version -> origin/logan/bump_mpypy_version
2025-04-14T08:28:31.9835812Z  * [new branch]          logan/bump_pinecone_dep -> origin/logan/bump_pinecone_dep
2025-04-14T08:28:31.9837483Z  * [new branch]          logan/bundle_nltk_tiktoken -> origin/logan/bundle_nltk_tiktoken
2025-04-14T08:28:31.9839419Z  * [new branch]          logan/changelog_0.6.22  -> origin/logan/changelog_0.6.22
2025-04-14T08:28:31.9841132Z  * [new branch]          logan/changelog_in_docs -> origin/logan/changelog_in_docs
2025-04-14T08:28:31.9843069Z  * [new branch]          logan/coa_agent         -> origin/logan/coa_agent
2025-04-14T08:28:31.9844801Z  * [new branch]          logan/dispatcher_exception_fix -> origin/logan/dispatcher_exception_fix
2025-04-14T08:28:31.9846443Z  * [new branch]          logan/docker_tool_spec  -> origin/logan/docker_tool_spec
2025-04-14T08:28:31.9848290Z  * [new branch]          logan/document_modelling_refactor_v3 -> origin/logan/document_modelling_refactor_v3
2025-04-14T08:28:31.9850347Z  * [new branch]          logan/download_loader_exists_bug -> origin/logan/download_loader_exists_bug
2025-04-14T08:28:31.9852004Z  * [new branch]          logan/fix_agent_sources -> origin/logan/fix_agent_sources
2025-04-14T08:28:31.9853707Z  * [new branch]          logan/fix_box           -> origin/logan/fix_box
2025-04-14T08:28:31.9855471Z  * [new branch]          logan/fix_chroma_filtesr -> origin/logan/fix_chroma_filtesr
2025-04-14T08:28:31.9857272Z  * [new branch]          logan/fix_core          -> origin/logan/fix_core
2025-04-14T08:28:31.9859129Z  * [new branch]          logan/fix_extractor_docs -> origin/logan/fix_extractor_docs
2025-04-14T08:28:31.9860911Z  * [new branch]          logan/fix_graph_storage_bug_v2 -> origin/logan/fix_graph_storage_bug_v2
2025-04-14T08:28:31.9862627Z  * [new branch]          logan/fix_marshall_edge_case -> origin/logan/fix_marshall_edge_case
2025-04-14T08:28:31.9864360Z  * [new branch]          logan/fix_redis_vector_nodes -> origin/logan/fix_redis_vector_nodes
2025-04-14T08:28:31.9866169Z  * [new branch]          logan/fix_sql_database  -> origin/logan/fix_sql_database
2025-04-14T08:28:31.9867844Z  * [new branch]          logan/fix_version       -> origin/logan/fix_version
2025-04-14T08:28:31.9869958Z  * [new branch]          logan/force_async_tests -> origin/logan/force_async_tests
2025-04-14T08:28:31.9871871Z  * [new branch]          logan/function_calling_agent_streamng -> origin/logan/function_calling_agent_streamng
2025-04-14T08:28:31.9873552Z  * [new branch]          logan/hf_patch_2        -> origin/logan/hf_patch_2
2025-04-14T08:28:31.9875323Z  * [new branch]          logan/hf_tools          -> origin/logan/hf_tools
2025-04-14T08:28:31.9877078Z  * [new branch]          logan/improve_refine    -> origin/logan/improve_refine
2025-04-14T08:28:31.9879129Z  * [new branch]          logan/keyword_index_no_match -> origin/logan/keyword_index_no_match
2025-04-14T08:28:31.9881001Z  * [new branch]          logan/make_docs_great_again -> origin/logan/make_docs_great_again
2025-04-14T08:28:31.9882826Z  * [new branch]          logan/migrate_pydantic  -> origin/logan/migrate_pydantic
2025-04-14T08:28:31.9884689Z  * [new branch]          logan/ollama_base_url   -> origin/logan/ollama_base_url
2025-04-14T08:28:31.9886440Z  * [new branch]          logan/opea_llm          -> origin/logan/opea_llm
2025-04-14T08:28:31.9888274Z  * [new branch]          logan/openai_functions  -> origin/logan/openai_functions
2025-04-14T08:28:31.9890408Z  * [new branch]          logan/pass_in_callback_manager -> origin/logan/pass_in_callback_manager
2025-04-14T08:28:31.9892148Z  * [new branch]          logan/patch_markdown_parser -> origin/logan/patch_markdown_parser
2025-04-14T08:28:31.9894053Z  * [new branch]          logan/portkey_update    -> origin/logan/portkey_update
2025-04-14T08:28:31.9895808Z  * [new branch]          logan/program_examples  -> origin/logan/program_examples
2025-04-14T08:28:31.9897633Z  * [new branch]          logan/prompt_tracking   -> origin/logan/prompt_tracking
2025-04-14T08:28:31.9899623Z  * [new branch]          logan/promptstore       -> origin/logan/promptstore
2025-04-14T08:28:31.9901482Z  * [new branch]          logan/refactor_base_llm -> origin/logan/refactor_base_llm
2025-04-14T08:28:31.9903411Z  * [new branch]          logan/relase_changelog_action -> origin/logan/relase_changelog_action
2025-04-14T08:28:31.9905114Z  * [new branch]          logan/remove_files      -> origin/logan/remove_files
2025-04-14T08:28:31.9907168Z  * [new branch]          logan/remove_old_notebooks -> origin/logan/remove_old_notebooks
2025-04-14T08:28:31.9909297Z  * [new branch]          logan/remove_service_context -> origin/logan/remove_service_context
2025-04-14T08:28:31.9911035Z  * [new branch]          logan/response_builder_ux -> origin/logan/response_builder_ux
2025-04-14T08:28:31.9912799Z  * [new branch]          logan/token_counting    -> origin/logan/token_counting
2025-04-14T08:28:31.9914593Z  * [new branch]          logan/tool_sources      -> origin/logan/tool_sources
2025-04-14T08:28:31.9916400Z  * [new branch]          logan/try_removing_plugins -> origin/logan/try_removing_plugins
2025-04-14T08:28:31.9918363Z  * [new branch]          logan/update_chatbot_tutorial.py -> origin/logan/update_chatbot_tutorial.py
2025-04-14T08:28:31.9920559Z  * [new branch]          logan/update_github_docs -> origin/logan/update_github_docs
2025-04-14T08:28:31.9922448Z  * [new branch]          logan/vector_similarity_speedup -> origin/logan/vector_similarity_speedup
2025-04-14T08:28:31.9924204Z  * [new branch]          logan/weaviate_similarity -> origin/logan/weaviate_similarity
2025-04-14T08:28:31.9925972Z  * [new branch]          logan/weaviate_use_id   -> origin/logan/weaviate_use_id
2025-04-14T08:28:31.9927998Z  * [new branch]          logan/workflow_result_object -> origin/logan/workflow_result_object
2025-04-14T08:28:31.9930028Z  * [new branch]          logan/workflows_session_ux -> origin/logan/workflows_session_ux
2025-04-14T08:28:31.9931835Z  * [new branch]          main                    -> origin/main
2025-04-14T08:28:31.9934546Z  * [new branch]          massi/events-buffer-serialize -> origin/massi/events-buffer-serialize
2025-04-14T08:28:31.9936324Z  * [new branch]          massi/img-to-img-retrieval-example -> origin/massi/img-to-img-retrieval-example
2025-04-14T08:28:31.9938026Z  * [new branch]          monsterapi              -> origin/monsterapi
2025-04-14T08:28:31.9940098Z  * [new branch]          nebulagraph_store_int_vertex_id -> origin/nebulagraph_store_int_vertex_id
2025-04-14T08:28:31.9942619Z  * [new branch]          nerdai/async-timeout-per-step -> origin/nerdai/async-timeout-per-step
2025-04-14T08:28:31.9944436Z  * [new branch]          nerdai/checkpointing-in-workflow -> origin/nerdai/checkpointing-in-workflow
2025-04-14T08:28:31.9946210Z  * [new branch]          nerdai/fix-parallel-processing-bug -> origin/nerdai/fix-parallel-processing-bug
2025-04-14T08:28:31.9948074Z  * [new branch]          nerdai/memory-modules-without-chatstore -> origin/nerdai/memory-modules-without-chatstore
2025-04-14T08:28:31.9950019Z  * [new branch]          nerdai/modify_download_utils_for_pdf -> origin/nerdai/modify_download_utils_for_pdf
2025-04-14T08:28:31.9951631Z  * [new branch]          nerdai/multi-hop-agent  -> origin/nerdai/multi-hop-agent
2025-04-14T08:28:31.9953603Z  * [new branch]          nerdai/networks-postprocessor-diff-privacy-demo -> origin/nerdai/networks-postprocessor-diff-privacy-demo
2025-04-14T08:28:31.9954839Z  * [new branch]          nerdai/pydantic-v2-batch-1 -> origin/nerdai/pydantic-v2-batch-1
2025-04-14T08:28:31.9956746Z  * [new branch]          nerdai/pydantic-v2-graph-stores-indices -> origin/nerdai/pydantic-v2-graph-stores-indices
2025-04-14T08:28:31.9958354Z  * [new branch]          nerdai/pydantic-v2-llms -> origin/nerdai/pydantic-v2-llms
2025-04-14T08:28:31.9960865Z  * [new branch]          nerdai/pydantic-v2-migration-evaluation-response-synthesizers -> origin/nerdai/pydantic-v2-migration-evaluation-response-synthesizers
2025-04-14T08:28:31.9962338Z  * [new branch]          nerdai/pydantic-v2-migration-llama-index-networks -> origin/nerdai/pydantic-v2-migration-llama-index-networks
2025-04-14T08:28:31.9964746Z  * [new branch]          nerdai/pydantic-v2-migration-llama-index-utils-llama-index-cli-llama-index-finetuning-llama-index-experimental -> origin/nerdai/pydantic-v2-migration-llama-index-utils-llama-index-cli-llama-index-finetuning-llama-index-experimental
2025-04-14T08:28:31.9966289Z  * [new branch]          nerdai/pydantic-v2-migration-llama-packs -> origin/nerdai/pydantic-v2-migration-llama-packs
2025-04-14T08:28:31.9968140Z  * [new branch]          nerdai/pydantic-v2-migration-node-parsers-output-parsers -> origin/nerdai/pydantic-v2-migration-node-parsers-output-parsers
2025-04-14T08:28:31.9969510Z  * [new branch]          nerdai/pydantic-v2-migration-readers -> origin/nerdai/pydantic-v2-migration-readers
2025-04-14T08:28:31.9971471Z  * [new branch]          nerdai/pydantic-v2-migration-retrievers-storage -> origin/nerdai/pydantic-v2-migration-retrievers-storage
2025-04-14T08:28:31.9973133Z  * [new branch]          nerdai/pydantic-v2-migration-tools -> origin/nerdai/pydantic-v2-migration-tools
2025-04-14T08:28:31.9974957Z  * [new branch]          nerdai/pydantic-v2-migration-vector-stores -> origin/nerdai/pydantic-v2-migration-vector-stores
2025-04-14T08:28:31.9976468Z  * [new branch]          nerdai/revert-langfuse  -> origin/nerdai/revert-langfuse
2025-04-14T08:28:31.9978210Z  * [new branch]          nerdai/revert-last-comimt -> origin/nerdai/revert-last-comimt
2025-04-14T08:28:31.9980399Z  * [new branch]          nerdai/undo-the-previous-step-workflow -> origin/nerdai/undo-the-previous-step-workflow
2025-04-14T08:28:31.9981952Z  * [new branch]          nerdai/wadave           -> origin/nerdai/wadave
2025-04-14T08:28:31.9983670Z  * [new branch]          next_0.9.0a1            -> origin/next_0.9.0a1
2025-04-14T08:28:31.9985500Z  * [new branch]          next_0.9.0a2            -> origin/next_0.9.0a2
2025-04-14T08:28:31.9987214Z  * [new branch]          next_0.9.0a3            -> origin/next_0.9.0a3
2025-04-14T08:28:31.9990594Z  * [new branch]          nguyetpvt/fix/load-json-with-utf8 -> origin/nguyetpvt/fix/load-json-with-utf8
2025-04-14T08:28:31.9992294Z  * [new branch]          open-ai-key-validation  -> origin/open-ai-key-validation
2025-04-14T08:28:31.9994023Z  * [new branch]          patch-1                 -> origin/patch-1
2025-04-14T08:28:31.9996527Z  * [new branch]          pierre/fix_doc_d_in_search -> origin/pierre/fix_doc_d_in_search
2025-04-14T08:28:31.9998158Z  * [new branch]          pierre/fix_float_parse  -> origin/pierre/fix_float_parse
2025-04-14T08:28:32.0000441Z  * [new branch]          pydantic_through_response_modes -> origin/pydantic_through_response_modes
2025-04-14T08:28:32.0002274Z  * [new branch]          revert-12295-nf-fix-notebook -> origin/revert-12295-nf-fix-notebook
2025-04-14T08:28:32.0004063Z  * [new branch]          revert-9027-main        -> origin/revert-9027-main
2025-04-14T08:28:32.0005913Z  * [new branch]          revert-9842-trt_in_process -> origin/revert-9842-trt_in_process
2025-04-14T08:28:32.0008307Z  * [new branch]          seldo/0.8.53.post3      -> origin/seldo/0.8.53.post3
2025-04-14T08:28:32.0011115Z  * [new branch]          sheresaidon/main        -> origin/sheresaidon/main
2025-04-14T08:28:32.0013005Z  * [new branch]          sphinx_ext              -> origin/sphinx_ext
2025-04-14T08:28:32.0014962Z  * [new branch]          stale_packages          -> origin/stale_packages
2025-04-14T08:28:32.0016791Z  * [new branch]          structured_synth        -> origin/structured_synth
2025-04-14T08:28:32.0019394Z  * [new branch]          suo/0113_table_qa       -> origin/suo/0113_table_qa
2025-04-14T08:28:32.0021092Z  * [new branch]          suo/alpha1              -> origin/suo/alpha1
2025-04-14T08:28:32.0022863Z  * [new branch]          suo/bump_version        -> origin/suo/bump_version
2025-04-14T08:28:32.0024721Z  * [new branch]          suo/drop_gpt            -> origin/suo/drop_gpt
2025-04-14T08:28:32.0026392Z  * [new branch]          suo/guidance            -> origin/suo/guidance
2025-04-14T08:28:32.0028051Z  * [new branch]          suo/llms                -> origin/suo/llms
2025-04-14T08:28:32.0029947Z  * [new branch]          suo/llms_p1             -> origin/suo/llms_p1
2025-04-14T08:28:32.0031676Z  * [new branch]          suo/may29_prompt_helper -> origin/suo/may29_prompt_helper
2025-04-14T08:28:32.0033458Z  * [new branch]          suo/may8_expose_vector_query -> origin/suo/may8_expose_vector_query
2025-04-14T08:28:32.0035286Z  * [new branch]          suo/may9_streaming      -> origin/suo/may9_streaming
2025-04-14T08:28:32.0036827Z  * [new branch]          suo/prompt_cleanup      -> origin/suo/prompt_cleanup
2025-04-14T08:28:32.0038715Z  * [new branch]          suo/rip_off_bandaid     -> origin/suo/rip_off_bandaid
2025-04-14T08:28:32.0040640Z  * [new branch]          suo/tst                 -> origin/suo/tst
2025-04-14T08:28:32.0042356Z  * [new branch]          suo/update_env          -> origin/suo/update_env
2025-04-14T08:28:32.0044079Z  * [new branch]          suo/use_networkx        -> origin/suo/use_networkx
2025-04-14T08:28:32.0046009Z  * [new branch]          support-pydantic-v2     -> origin/support-pydantic-v2
2025-04-14T08:28:32.0047707Z  * [new branch]          vectara                 -> origin/vectara
2025-04-14T08:28:32.0049845Z  * [new branch]          wandbcallback           -> origin/wandbcallback
2025-04-14T08:28:32.0051711Z  * [new branch]          workflows               -> origin/workflows
2025-04-14T08:28:32.0195317Z  * [new tag]             v0.10.0                 -> v0.10.0
2025-04-14T08:28:32.0197070Z  * [new tag]             v0.10.1                 -> v0.10.1
2025-04-14T08:28:32.0199125Z  * [new tag]             v0.10.10                -> v0.10.10
2025-04-14T08:28:32.0200897Z  * [new tag]             v0.10.11                -> v0.10.11
2025-04-14T08:28:32.0202769Z  * [new tag]             v0.10.12                -> v0.10.12
2025-04-14T08:28:32.0204394Z  * [new tag]             v0.10.13                -> v0.10.13
2025-04-14T08:28:32.0205738Z  * [new tag]             v0.10.13.post1          -> v0.10.13.post1
2025-04-14T08:28:32.0206934Z  * [new tag]             v0.10.14                -> v0.10.14
2025-04-14T08:28:32.0208194Z  * [new tag]             v0.10.15                -> v0.10.15
2025-04-14T08:28:32.0209534Z  * [new tag]             v0.10.16                -> v0.10.16
2025-04-14T08:28:32.0210752Z  * [new tag]             v0.10.17                -> v0.10.17
2025-04-14T08:28:32.0212027Z  * [new tag]             v0.10.18                -> v0.10.18
2025-04-14T08:28:32.0213269Z  * [new tag]             v0.10.19                -> v0.10.19
2025-04-14T08:28:32.0214583Z  * [new tag]             v0.10.20                -> v0.10.20
2025-04-14T08:28:32.0215729Z  * [new tag]             v0.10.22                -> v0.10.22
2025-04-14T08:28:32.0216993Z  * [new tag]             v0.10.23                -> v0.10.23
2025-04-14T08:28:32.0218299Z  * [new tag]             v0.10.24                -> v0.10.24
2025-04-14T08:28:32.0219621Z  * [new tag]             v0.10.25                -> v0.10.25
2025-04-14T08:28:32.0220898Z  * [new tag]             v0.10.26                -> v0.10.26
2025-04-14T08:28:32.0222210Z  * [new tag]             v0.10.27                -> v0.10.27
2025-04-14T08:28:32.0223485Z  * [new tag]             v0.10.28                -> v0.10.28
2025-04-14T08:28:32.0224715Z  * [new tag]             v0.10.28.post1          -> v0.10.28.post1
2025-04-14T08:28:32.0225981Z  * [new tag]             v0.10.29                -> v0.10.29
2025-04-14T08:28:32.0227337Z  * [new tag]             v0.10.3                 -> v0.10.3
2025-04-14T08:28:32.0228744Z  * [new tag]             v0.10.30                -> v0.10.30
2025-04-14T08:28:32.0230005Z  * [new tag]             v0.10.31                -> v0.10.31
2025-04-14T08:28:32.0231264Z  * [new tag]             v0.10.32                -> v0.10.32
2025-04-14T08:28:32.0232434Z  * [new tag]             v0.10.33                -> v0.10.33
2025-04-14T08:28:32.0233767Z  * [new tag]             v0.10.34                -> v0.10.34
2025-04-14T08:28:32.0235067Z  * [new tag]             v0.10.35                -> v0.10.35
2025-04-14T08:28:32.0236283Z  * [new tag]             v0.10.36                -> v0.10.36
2025-04-14T08:28:32.0237585Z  * [new tag]             v0.10.37                -> v0.10.37
2025-04-14T08:28:32.0239058Z  * [new tag]             v0.10.38                -> v0.10.38
2025-04-14T08:28:32.0240450Z  * [new tag]             v0.10.39                -> v0.10.39
2025-04-14T08:28:32.0241649Z  * [new tag]             v0.10.40                -> v0.10.40
2025-04-14T08:28:32.0243173Z  * [new tag]             v0.10.41                -> v0.10.41
2025-04-14T08:28:32.0244301Z  * [new tag]             v0.10.42                -> v0.10.42
2025-04-14T08:28:32.0245620Z  * [new tag]             v0.10.43                -> v0.10.43
2025-04-14T08:28:32.0247041Z  * [new tag]             v0.10.44                -> v0.10.44
2025-04-14T08:28:32.0248311Z  * [new tag]             v0.10.45                -> v0.10.45
2025-04-14T08:28:32.0249700Z  * [new tag]             v0.10.45post1           -> v0.10.45post1
2025-04-14T08:28:32.0250927Z  * [new tag]             v0.10.46                -> v0.10.46
2025-04-14T08:28:32.0252197Z  * [new tag]             v0.10.47                -> v0.10.47
2025-04-14T08:28:32.0253514Z  * [new tag]             v0.10.48                -> v0.10.48
2025-04-14T08:28:32.0254866Z  * [new tag]             v0.10.48.post1          -> v0.10.48.post1
2025-04-14T08:28:32.0256216Z  * [new tag]             v0.10.49                -> v0.10.49
2025-04-14T08:28:32.0257547Z  * [new tag]             v0.10.5                 -> v0.10.5
2025-04-14T08:28:32.0259068Z  * [new tag]             v0.10.50                -> v0.10.50
2025-04-14T08:28:32.0260408Z  * [new tag]             v0.10.51                -> v0.10.51
2025-04-14T08:28:32.0261723Z  * [new tag]             v0.10.52                -> v0.10.52
2025-04-14T08:28:32.0263007Z  * [new tag]             v0.10.53                -> v0.10.53
2025-04-14T08:28:32.0264233Z  * [new tag]             v0.10.54                -> v0.10.54
2025-04-14T08:28:32.0265621Z  * [new tag]             v0.10.54post1           -> v0.10.54post1
2025-04-14T08:28:32.0266930Z  * [new tag]             v0.10.55                -> v0.10.55
2025-04-14T08:28:32.0268277Z  * [new tag]             v0.10.56                -> v0.10.56
2025-04-14T08:28:32.0269765Z  * [new tag]             v0.10.57                -> v0.10.57
2025-04-14T08:28:32.0271144Z  * [new tag]             v0.10.58                -> v0.10.58
2025-04-14T08:28:32.0272457Z  * [new tag]             v0.10.59                -> v0.10.59
2025-04-14T08:28:32.0273766Z  * [new tag]             v0.10.6                 -> v0.10.6
2025-04-14T08:28:32.0275108Z  * [new tag]             v0.10.60                -> v0.10.60
2025-04-14T08:28:32.0276484Z  * [new tag]             v0.10.61                -> v0.10.61
2025-04-14T08:28:32.0277847Z  * [new tag]             v0.10.62                -> v0.10.62
2025-04-14T08:28:32.0279345Z  * [new tag]             v0.10.63                -> v0.10.63
2025-04-14T08:28:32.0280658Z  * [new tag]             v0.10.64                -> v0.10.64
2025-04-14T08:28:32.0281947Z  * [new tag]             v0.10.65                -> v0.10.65
2025-04-14T08:28:32.0283269Z  * [new tag]             v0.10.66                -> v0.10.66
2025-04-14T08:28:32.0284621Z  * [new tag]             v0.10.67                -> v0.10.67
2025-04-14T08:28:32.0286041Z  * [new tag]             v0.10.67.post1          -> v0.10.67.post1
2025-04-14T08:28:32.0287500Z  * [new tag]             v0.10.68                -> v0.10.68
2025-04-14T08:28:32.0288996Z  * [new tag]             v0.10.7                 -> v0.10.7
2025-04-14T08:28:32.0290387Z  * [new tag]             v0.10.8                 -> v0.10.8
2025-04-14T08:28:32.0291737Z  * [new tag]             v0.10.9                 -> v0.10.9
2025-04-14T08:28:32.0293078Z  * [new tag]             v0.11.0                 -> v0.11.0
2025-04-14T08:28:32.0294541Z  * [new tag]             v0.11.1                 -> v0.11.1
2025-04-14T08:28:32.0295847Z  * [new tag]             v0.11.10                -> v0.11.10
2025-04-14T08:28:32.0297196Z  * [new tag]             v0.11.11                -> v0.11.11
2025-04-14T08:28:32.0298849Z  * [new tag]             v0.11.12                -> v0.11.12
2025-04-14T08:28:32.0300124Z  * [new tag]             v0.11.13                -> v0.11.13
2025-04-14T08:28:32.0301515Z  * [new tag]             v0.11.14                -> v0.11.14
2025-04-14T08:28:32.0302863Z  * [new tag]             v0.11.15                -> v0.11.15
2025-04-14T08:28:32.0304443Z  * [new tag]             v0.11.16                -> v0.11.16
2025-04-14T08:28:32.0305657Z  * [new tag]             v0.11.17                -> v0.11.17
2025-04-14T08:28:32.0307003Z  * [new tag]             v0.11.17.post1          -> v0.11.17.post1
2025-04-14T08:28:32.0308363Z  * [new tag]             v0.11.18                -> v0.11.18
2025-04-14T08:28:32.0310077Z  * [new tag]             v0.11.19                -> v0.11.19
2025-04-14T08:28:32.0311443Z  * [new tag]             v0.11.2                 -> v0.11.2
2025-04-14T08:28:32.0312791Z  * [new tag]             v0.11.20                -> v0.11.20
2025-04-14T08:28:32.0314243Z  * [new tag]             v0.11.21                -> v0.11.21
2025-04-14T08:28:32.0315644Z  * [new tag]             v0.11.22                -> v0.11.22
2025-04-14T08:28:32.0317077Z  * [new tag]             v0.11.23                -> v0.11.23
2025-04-14T08:28:32.0318535Z  * [new tag]             v0.11.23.post1          -> v0.11.23.post1
2025-04-14T08:28:32.0320098Z  * [new tag]             v0.11.23.post2          -> v0.11.23.post2
2025-04-14T08:28:32.0321564Z  * [new tag]             v0.11.23.post3          -> v0.11.23.post3
2025-04-14T08:28:32.0322921Z  * [new tag]             v0.11.3                 -> v0.11.3
2025-04-14T08:28:32.0324392Z  * [new tag]             v0.11.4                 -> v0.11.4
2025-04-14T08:28:32.0326101Z  * [new tag]             v0.11.5                 -> v0.11.5
2025-04-14T08:28:32.0327511Z  * [new tag]             v0.11.6                 -> v0.11.6
2025-04-14T08:28:32.0329017Z  * [new tag]             v0.11.6.post1           -> v0.11.6.post1
2025-04-14T08:28:32.0330400Z  * [new tag]             v0.11.7                 -> v0.11.7
2025-04-14T08:28:32.0331834Z  * [new tag]             v0.11.8                 -> v0.11.8
2025-04-14T08:28:32.0333294Z  * [new tag]             v0.11.9                 -> v0.11.9
2025-04-14T08:28:32.0334704Z  * [new tag]             v0.12.0                 -> v0.12.0
2025-04-14T08:28:32.0336054Z  * [new tag]             v0.12.0.post1           -> v0.12.0.post1
2025-04-14T08:28:32.0337391Z  * [new tag]             v0.12.1                 -> v0.12.1
2025-04-14T08:28:32.0339014Z  * [new tag]             v0.12.10                -> v0.12.10
2025-04-14T08:28:32.0340393Z  * [new tag]             v0.12.11                -> v0.12.11
2025-04-14T08:28:32.0341839Z  * [new tag]             v0.12.12                -> v0.12.12
2025-04-14T08:28:32.0343220Z  * [new tag]             v0.12.13                -> v0.12.13
2025-04-14T08:28:32.0344597Z  * [new tag]             v0.12.13.post1          -> v0.12.13.post1
2025-04-14T08:28:32.0346011Z  * [new tag]             v0.12.14                -> v0.12.14
2025-04-14T08:28:32.0347473Z  * [new tag]             v0.12.15                -> v0.12.15
2025-04-14T08:28:32.0348978Z  * [new tag]             v0.12.16                -> v0.12.16
2025-04-14T08:28:32.0350459Z  * [new tag]             v0.12.17                -> v0.12.17
2025-04-14T08:28:32.0351789Z  * [new tag]             v0.12.17.post1          -> v0.12.17.post1
2025-04-14T08:28:32.0353287Z  * [new tag]             v0.12.17.post2          -> v0.12.17.post2
2025-04-14T08:28:32.0354739Z  * [new tag]             v0.12.18                -> v0.12.18
2025-04-14T08:28:32.0356233Z  * [new tag]             v0.12.19                -> v0.12.19
2025-04-14T08:28:32.0357608Z  * [new tag]             v0.12.2                 -> v0.12.2
2025-04-14T08:28:32.0359097Z  * [new tag]             v0.12.20                -> v0.12.20
2025-04-14T08:28:32.0360745Z  * [new tag]             v0.12.21                -> v0.12.21
2025-04-14T08:28:32.0362354Z  * [new tag]             v0.12.22                -> v0.12.22
2025-04-14T08:28:32.0363820Z  * [new tag]             v0.12.22.post1          -> v0.12.22.post1
2025-04-14T08:28:32.0365210Z  * [new tag]             v0.12.23                -> v0.12.23
2025-04-14T08:28:32.0366670Z  * [new tag]             v0.12.24                -> v0.12.24
2025-04-14T08:28:32.0368074Z  * [new tag]             v0.12.24.post1          -> v0.12.24.post1
2025-04-14T08:28:32.0370001Z  * [new tag]             v0.12.24.post2          -> v0.12.24.post2
2025-04-14T08:28:32.0371353Z  * [new tag]             v0.12.25                -> v0.12.25
2025-04-14T08:28:32.0372783Z  * [new tag]             v0.12.26                -> v0.12.26
2025-04-14T08:28:32.0374307Z  * [new tag]             v0.12.27                -> v0.12.27
2025-04-14T08:28:32.0375718Z  * [new tag]             v0.12.28                -> v0.12.28
2025-04-14T08:28:32.0377262Z  * [new tag]             v0.12.29                -> v0.12.29
2025-04-14T08:28:32.0378917Z  * [new tag]             v0.12.3                 -> v0.12.3
2025-04-14T08:28:32.0380422Z  * [new tag]             v0.12.30                -> v0.12.30
2025-04-14T08:28:32.0381843Z  * [new tag]             v0.12.4                 -> v0.12.4
2025-04-14T08:28:32.0383249Z  * [new tag]             v0.12.5                 -> v0.12.5
2025-04-14T08:28:32.0384721Z  * [new tag]             v0.12.6                 -> v0.12.6
2025-04-14T08:28:32.0386169Z  * [new tag]             v0.12.7                 -> v0.12.7
2025-04-14T08:28:32.0387578Z  * [new tag]             v0.12.8                 -> v0.12.8
2025-04-14T08:28:32.0389056Z  * [new tag]             v0.12.9                 -> v0.12.9
2025-04-14T08:28:32.0390640Z  * [new tag]             v0.12.9.post1           -> v0.12.9.post1
2025-04-14T08:28:32.0392066Z  * [new tag]             v0.2.17                 -> v0.2.17
2025-04-14T08:28:32.0393562Z  * [new tag]             v0.3.0                  -> v0.3.0
2025-04-14T08:28:32.0394967Z  * [new tag]             v0.3.1                  -> v0.3.1
2025-04-14T08:28:32.0396333Z  * [new tag]             v0.3.2                  -> v0.3.2
2025-04-14T08:28:32.0397697Z  * [new tag]             v0.3.3                  -> v0.3.3
2025-04-14T08:28:32.0399176Z  * [new tag]             v0.3.4                  -> v0.3.4
2025-04-14T08:28:32.0400555Z  * [new tag]             v0.3.5                  -> v0.3.5
2025-04-14T08:28:32.0402042Z  * [new tag]             v0.3.6                  -> v0.3.6
2025-04-14T08:28:32.0403473Z  * [new tag]             v0.4.0                  -> v0.4.0
2025-04-14T08:28:32.0404889Z  * [new tag]             v0.4.1                  -> v0.4.1
2025-04-14T08:28:32.0406347Z  * [new tag]             v0.4.10                 -> v0.4.10
2025-04-14T08:28:32.0407727Z  * [new tag]             v0.4.11                 -> v0.4.11
2025-04-14T08:28:32.0409332Z  * [new tag]             v0.4.12                 -> v0.4.12
2025-04-14T08:28:32.0410794Z  * [new tag]             v0.4.13                 -> v0.4.13
2025-04-14T08:28:32.0412097Z  * [new tag]             v0.4.14                 -> v0.4.14
2025-04-14T08:28:32.0413535Z  * [new tag]             v0.4.15                 -> v0.4.15
2025-04-14T08:28:32.0414861Z  * [new tag]             v0.4.16                 -> v0.4.16
2025-04-14T08:28:32.0416242Z  * [new tag]             v0.4.17                 -> v0.4.17
2025-04-14T08:28:32.0417682Z  * [new tag]             v0.4.18                 -> v0.4.18
2025-04-14T08:28:32.0419311Z  * [new tag]             v0.4.19                 -> v0.4.19
2025-04-14T08:28:32.0420728Z  * [new tag]             v0.4.2                  -> v0.4.2
2025-04-14T08:28:32.0422055Z  * [new tag]             v0.4.20                 -> v0.4.20
2025-04-14T08:28:32.0423516Z  * [new tag]             v0.4.21                 -> v0.4.21
2025-04-14T08:28:32.0424887Z  * [new tag]             v0.4.22                 -> v0.4.22
2025-04-14T08:28:32.0426352Z  * [new tag]             v0.4.22.post1           -> v0.4.22.post1
2025-04-14T08:28:32.0427682Z  * [new tag]             v0.4.23                 -> v0.4.23
2025-04-14T08:28:32.0429170Z  * [new tag]             v0.4.24                 -> v0.4.24
2025-04-14T08:28:32.0430622Z  * [new tag]             v0.4.25                 -> v0.4.25
2025-04-14T08:28:32.0432062Z  * [new tag]             v0.4.26                 -> v0.4.26
2025-04-14T08:28:32.0433511Z  * [new tag]             v0.4.27                 -> v0.4.27
2025-04-14T08:28:32.0434936Z  * [new tag]             v0.4.28                 -> v0.4.28
2025-04-14T08:28:32.0436447Z  * [new tag]             v0.4.29                 -> v0.4.29
2025-04-14T08:28:32.0437783Z  * [new tag]             v0.4.3                  -> v0.4.3
2025-04-14T08:28:32.0439229Z  * [new tag]             v0.4.30                 -> v0.4.30
2025-04-14T08:28:32.0440670Z  * [new tag]             v0.4.31                 -> v0.4.31
2025-04-14T08:28:32.0442075Z  * [new tag]             v0.4.32                 -> v0.4.32
2025-04-14T08:28:32.0443493Z  * [new tag]             v0.4.33                 -> v0.4.33
2025-04-14T08:28:32.0444855Z  * [new tag]             v0.4.34                 -> v0.4.34
2025-04-14T08:28:32.0446288Z  * [new tag]             v0.4.35                 -> v0.4.35
2025-04-14T08:28:32.0447730Z  * [new tag]             v0.4.35.post1           -> v0.4.35.post1
2025-04-14T08:28:32.0449276Z  * [new tag]             v0.4.36                 -> v0.4.36
2025-04-14T08:28:32.0450865Z  * [new tag]             v0.4.37                 -> v0.4.37
2025-04-14T08:28:32.0452231Z  * [new tag]             v0.4.38                 -> v0.4.38
2025-04-14T08:28:32.0453631Z  * [new tag]             v0.4.39                 -> v0.4.39
2025-04-14T08:28:32.0455084Z  * [new tag]             v0.4.4                  -> v0.4.4
2025-04-14T08:28:32.0456448Z  * [new tag]             v0.4.40                 -> v0.4.40
2025-04-14T08:28:32.0457896Z  * [new tag]             v0.4.5                  -> v0.4.5
2025-04-14T08:28:32.0459578Z  * [new tag]             v0.4.6                  -> v0.4.6
2025-04-14T08:28:32.0461019Z  * [new tag]             v0.4.7                  -> v0.4.7
2025-04-14T08:28:32.0462481Z  * [new tag]             v0.4.8                  -> v0.4.8
2025-04-14T08:28:32.0463865Z  * [new tag]             v0.4.9                  -> v0.4.9
2025-04-14T08:28:32.0465326Z  * [new tag]             v0.5.0                  -> v0.5.0
2025-04-14T08:28:32.0466731Z  * [new tag]             v0.5.1                  -> v0.5.1
2025-04-14T08:28:32.0468224Z  * [new tag]             v0.5.10                 -> v0.5.10
2025-04-14T08:28:32.0469811Z  * [new tag]             v0.5.11                 -> v0.5.11
2025-04-14T08:28:32.0471302Z  * [new tag]             v0.5.12                 -> v0.5.12
2025-04-14T08:28:32.0472707Z  * [new tag]             v0.5.13                 -> v0.5.13
2025-04-14T08:28:32.0474163Z  * [new tag]             v0.5.13.post1           -> v0.5.13.post1
2025-04-14T08:28:32.0475618Z  * [new tag]             v0.5.15                 -> v0.5.15
2025-04-14T08:28:32.0477028Z  * [new tag]             v0.5.16                 -> v0.5.16
2025-04-14T08:28:32.0478487Z  * [new tag]             v0.5.17                 -> v0.5.17
2025-04-14T08:28:32.0480226Z  * [new tag]             v0.5.17.post1           -> v0.5.17.post1
2025-04-14T08:28:32.0481603Z  * [new tag]             v0.5.18                 -> v0.5.18
2025-04-14T08:28:32.0483023Z  * [new tag]             v0.5.19                 -> v0.5.19
2025-04-14T08:28:32.0484441Z  * [new tag]             v0.5.2                  -> v0.5.2
2025-04-14T08:28:32.0485871Z  * [new tag]             v0.5.20                 -> v0.5.20
2025-04-14T08:28:32.0487303Z  * [new tag]             v0.5.22                 -> v0.5.22
2025-04-14T08:28:32.0488882Z  * [new tag]             v0.5.23                 -> v0.5.23
2025-04-14T08:28:32.0490340Z  * [new tag]             v0.5.23.post1           -> v0.5.23.post1
2025-04-14T08:28:32.0491794Z  * [new tag]             v0.5.24                 -> v0.5.24
2025-04-14T08:28:32.0493254Z  * [new tag]             v0.5.25                 -> v0.5.25
2025-04-14T08:28:32.0494736Z  * [new tag]             v0.5.26                 -> v0.5.26
2025-04-14T08:28:32.0496247Z  * [new tag]             v0.5.27                 -> v0.5.27
2025-04-14T08:28:32.0497659Z  * [new tag]             v0.5.3                  -> v0.5.3
2025-04-14T08:28:32.0499230Z  * [new tag]             v0.5.4                  -> v0.5.4
2025-04-14T08:28:32.0500687Z  * [new tag]             v0.5.5                  -> v0.5.5
2025-04-14T08:28:32.0502128Z  * [new tag]             v0.5.6                  -> v0.5.6
2025-04-14T08:28:32.0503695Z  * [new tag]             v0.5.7                  -> v0.5.7
2025-04-14T08:28:32.0505018Z  * [new tag]             v0.5.8                  -> v0.5.8
2025-04-14T08:28:32.0506429Z  * [new tag]             v0.5.9                  -> v0.5.9
2025-04-14T08:28:32.0507977Z  * [new tag]             v0.6.0                  -> v0.6.0
2025-04-14T08:28:32.0509658Z  * [new tag]             v0.6.0.alpha1           -> v0.6.0.alpha1
2025-04-14T08:28:32.0511192Z  * [new tag]             v0.6.0.alpha2           -> v0.6.0.alpha2
2025-04-14T08:28:32.0512618Z  * [new tag]             v0.6.0.alpha3           -> v0.6.0.alpha3
2025-04-14T08:28:32.0514127Z  * [new tag]             v0.6.0.alpha4           -> v0.6.0.alpha4
2025-04-14T08:28:32.0515531Z  * [new tag]             v0.6.0.alpha5           -> v0.6.0.alpha5
2025-04-14T08:28:32.0516953Z  * [new tag]             v0.6.0.alpha6           -> v0.6.0.alpha6
2025-04-14T08:28:32.0518439Z  * [new tag]             v0.6.0.alpha7           -> v0.6.0.alpha7
2025-04-14T08:28:32.0520083Z  * [new tag]             v0.6.1                  -> v0.6.1
2025-04-14T08:28:32.0521513Z  * [new tag]             v0.6.13                 -> v0.6.13
2025-04-14T08:28:32.0522945Z  * [new tag]             v0.6.17                 -> v0.6.17
2025-04-14T08:28:32.0524644Z  * [new tag]             v0.6.2                  -> v0.6.2
2025-04-14T08:28:32.0526380Z  * [new tag]             v0.6.21                 -> v0.6.21
2025-04-14T08:28:32.0527746Z  * [new tag]             v0.6.21.post1           -> v0.6.21.post1
2025-04-14T08:28:32.0529581Z  * [new tag]             v0.6.22                 -> v0.6.22
2025-04-14T08:28:32.0531731Z  * [new tag]             v0.6.3                  -> v0.6.3
2025-04-14T08:28:32.0532827Z  * [new tag]             v0.6.37                 -> v0.6.37
2025-04-14T08:28:32.0534312Z  * [new tag]             v0.7.10                 -> v0.7.10
2025-04-14T08:28:32.0535641Z  * [new tag]             v0.7.11                 -> v0.7.11
2025-04-14T08:28:32.0537109Z  * [new tag]             v0.7.11.post1           -> v0.7.11.post1
2025-04-14T08:28:32.0538426Z  * [new tag]             v0.7.12                 -> v0.7.12
2025-04-14T08:28:32.0540070Z  * [new tag]             v0.7.13                 -> v0.7.13
2025-04-14T08:28:32.0541463Z  * [new tag]             v0.7.14                 -> v0.7.14
2025-04-14T08:28:32.0542826Z  * [new tag]             v0.7.19                 -> v0.7.19
2025-04-14T08:28:32.0544249Z  * [new tag]             v0.7.20                 -> v0.7.20
2025-04-14T08:28:32.0545748Z  * [new tag]             v0.7.24.post1           -> v0.7.24.post1
2025-04-14T08:28:32.0547322Z  * [new tag]             v0.7.9                  -> v0.7.9
2025-04-14T08:28:32.0548821Z  * [new tag]             v0.8.1.post1            -> v0.8.1.post1
2025-04-14T08:28:32.0550422Z  * [new tag]             v0.8.10                 -> v0.8.10
2025-04-14T08:28:32.0551950Z  * [new tag]             v0.8.11.post1           -> v0.8.11.post1
2025-04-14T08:28:32.0553385Z  * [new tag]             v0.8.11.post2           -> v0.8.11.post2
2025-04-14T08:28:32.0554828Z  * [new tag]             v0.8.11.post3           -> v0.8.11.post3
2025-04-14T08:28:32.0556240Z  * [new tag]             v0.8.12                 -> v0.8.12
2025-04-14T08:28:32.0557771Z  * [new tag]             v0.8.13                 -> v0.8.13
2025-04-14T08:28:32.0559328Z  * [new tag]             v0.8.14                 -> v0.8.14
2025-04-14T08:28:32.0560816Z  * [new tag]             v0.8.15                 -> v0.8.15
2025-04-14T08:28:32.0562237Z  * [new tag]             v0.8.16                 -> v0.8.16
2025-04-14T08:28:32.0563590Z  * [new tag]             v0.8.17                 -> v0.8.17
2025-04-14T08:28:32.0564987Z  * [new tag]             v0.8.18                 -> v0.8.18
2025-04-14T08:28:32.0566386Z  * [new tag]             v0.8.19                 -> v0.8.19
2025-04-14T08:28:32.0567831Z  * [new tag]             v0.8.2                  -> v0.8.2
2025-04-14T08:28:32.0569321Z  * [new tag]             v0.8.2.post1            -> v0.8.2.post1
2025-04-14T08:28:32.0570976Z  * [new tag]             v0.8.20                 -> v0.8.20
2025-04-14T08:28:32.0572257Z  * [new tag]             v0.8.21                 -> v0.8.21
2025-04-14T08:28:32.0573637Z  * [new tag]             v0.8.22                 -> v0.8.22
2025-04-14T08:28:32.0575090Z  * [new tag]             v0.8.23                 -> v0.8.23
2025-04-14T08:28:32.0576621Z  * [new tag]             v0.8.23.post1           -> v0.8.23.post1
2025-04-14T08:28:32.0578111Z  * [new tag]             v0.8.24                 -> v0.8.24
2025-04-14T08:28:32.0579664Z  * [new tag]             v0.8.24.post1           -> v0.8.24.post1
2025-04-14T08:28:32.0581091Z  * [new tag]             v0.8.25                 -> v0.8.25
2025-04-14T08:28:32.0582521Z  * [new tag]             v0.8.26                 -> v0.8.26
2025-04-14T08:28:32.0583948Z  * [new tag]             v0.8.26.post1           -> v0.8.26.post1
2025-04-14T08:28:32.0585479Z  * [new tag]             v0.8.27                 -> v0.8.27
2025-04-14T08:28:32.0588899Z  * [new tag]             v0.8.28                 -> v0.8.28
2025-04-14T08:28:32.0589440Z  * [new tag]             v0.8.28.alpha1          -> v0.8.28.alpha1
2025-04-14T08:28:32.0590074Z  * [new tag]             v0.8.29                 -> v0.8.29
2025-04-14T08:28:32.0590990Z  * [new tag]             v0.8.29.post1           -> v0.8.29.post1
2025-04-14T08:28:32.0592550Z  * [new tag]             v0.8.3                  -> v0.8.3
2025-04-14T08:28:32.0593845Z  * [new tag]             v0.8.30                 -> v0.8.30
2025-04-14T08:28:32.0595382Z  * [new tag]             v0.8.31                 -> v0.8.31
2025-04-14T08:28:32.0596707Z  * [new tag]             v0.8.32                 -> v0.8.32
2025-04-14T08:28:32.0598188Z  * [new tag]             v0.8.33                 -> v0.8.33
2025-04-14T08:28:32.0599833Z  * [new tag]             v0.8.34                 -> v0.8.34
2025-04-14T08:28:32.0601263Z  * [new tag]             v0.8.35                 -> v0.8.35
2025-04-14T08:28:32.0602671Z  * [new tag]             v0.8.36                 -> v0.8.36
2025-04-14T08:28:32.0604117Z  * [new tag]             v0.8.37                 -> v0.8.37
2025-04-14T08:28:32.0605592Z  * [new tag]             v0.8.38                 -> v0.8.38
2025-04-14T08:28:32.0607051Z  * [new tag]             v0.8.39                 -> v0.8.39
2025-04-14T08:28:32.0608692Z  * [new tag]             v0.8.39.post1           -> v0.8.39.post1
2025-04-14T08:28:32.0610074Z  * [new tag]             v0.8.39.post2           -> v0.8.39.post2
2025-04-14T08:28:32.0611570Z  * [new tag]             v0.8.4                  -> v0.8.4
2025-04-14T08:28:32.0613012Z  * [new tag]             v0.8.40                 -> v0.8.40
2025-04-14T08:28:32.0614488Z  * [new tag]             v0.8.41                 -> v0.8.41
2025-04-14T08:28:32.0615917Z  * [new tag]             v0.8.42                 -> v0.8.42
2025-04-14T08:28:32.0617465Z  * [new tag]             v0.8.43                 -> v0.8.43
2025-04-14T08:28:32.0619131Z  * [new tag]             v0.8.43.post1           -> v0.8.43.post1
2025-04-14T08:28:32.0620600Z  * [new tag]             v0.8.44                 -> v0.8.44
2025-04-14T08:28:32.0622079Z  * [new tag]             v0.8.45                 -> v0.8.45
2025-04-14T08:28:32.0623603Z  * [new tag]             v0.8.45.post1           -> v0.8.45.post1
2025-04-14T08:28:32.0625065Z  * [new tag]             v0.8.46                 -> v0.8.46
2025-04-14T08:28:32.0626632Z  * [new tag]             v0.8.47                 -> v0.8.47
2025-04-14T08:28:32.0628078Z  * [new tag]             v0.8.48                 -> v0.8.48
2025-04-14T08:28:32.0629693Z  * [new tag]             v0.8.49                 -> v0.8.49
2025-04-14T08:28:32.0631255Z  * [new tag]             v0.8.5.post1            -> v0.8.5.post1
2025-04-14T08:28:32.0632733Z  * [new tag]             v0.8.50                 -> v0.8.50
2025-04-14T08:28:32.0634158Z  * [new tag]             v0.8.51                 -> v0.8.51
2025-04-14T08:28:32.0635633Z  * [new tag]             v0.8.51.post1           -> v0.8.51.post1
2025-04-14T08:28:32.0637299Z  * [new tag]             v0.8.52                 -> v0.8.52
2025-04-14T08:28:32.0638476Z  * [new tag]             v0.8.53                 -> v0.8.53
2025-04-14T08:28:32.0640595Z  * [new tag]             v0.8.53.post1           -> v0.8.53.post1
2025-04-14T08:28:32.0641950Z  * [new tag]             v0.8.53.post3           -> v0.8.53.post3
2025-04-14T08:28:32.0643430Z  * [new tag]             v0.8.54                 -> v0.8.54
2025-04-14T08:28:32.0644919Z  * [new tag]             v0.8.55                 -> v0.8.55
2025-04-14T08:28:32.0646435Z  * [new tag]             v0.8.56                 -> v0.8.56
2025-04-14T08:28:32.0647948Z  * [new tag]             v0.8.57                 -> v0.8.57
2025-04-14T08:28:32.0649525Z  * [new tag]             v0.8.58                 -> v0.8.58
2025-04-14T08:28:32.0651086Z  * [new tag]             v0.8.59                 -> v0.8.59
2025-04-14T08:28:32.0652505Z  * [new tag]             v0.8.61                 -> v0.8.61
2025-04-14T08:28:32.0653917Z  * [new tag]             v0.8.62                 -> v0.8.62
2025-04-14T08:28:32.0655404Z  * [new tag]             v0.8.62.post1           -> v0.8.62.post1
2025-04-14T08:28:32.0656859Z  * [new tag]             v0.8.63                 -> v0.8.63
2025-04-14T08:28:32.0658385Z  * [new tag]             v0.8.63.post1           -> v0.8.63.post1
2025-04-14T08:28:32.0660085Z  * [new tag]             v0.8.63.post2           -> v0.8.63.post2
2025-04-14T08:28:32.0661458Z  * [new tag]             v0.8.64                 -> v0.8.64
2025-04-14T08:28:32.0662975Z  * [new tag]             v0.8.64.post1           -> v0.8.64.post1
2025-04-14T08:28:32.0664417Z  * [new tag]             v0.8.65                 -> v0.8.65
2025-04-14T08:28:32.0666124Z  * [new tag]             v0.8.66                 -> v0.8.66
2025-04-14T08:28:32.0667702Z  * [new tag]             v0.8.67                 -> v0.8.67
2025-04-14T08:28:32.0669321Z  * [new tag]             v0.8.68                 -> v0.8.68
2025-04-14T08:28:32.0670866Z  * [new tag]             v0.8.69                 -> v0.8.69
2025-04-14T08:28:32.0672466Z  * [new tag]             v0.8.69.post1           -> v0.8.69.post1
2025-04-14T08:28:32.0673974Z  * [new tag]             v0.8.69.post2           -> v0.8.69.post2
2025-04-14T08:28:32.0675504Z  * [new tag]             v0.8.7                  -> v0.8.7
2025-04-14T08:28:32.0677156Z  * [new tag]             v0.9.0                  -> v0.9.0
2025-04-14T08:28:32.0678809Z  * [new tag]             v0.9.0.post1            -> v0.9.0.post1
2025-04-14T08:28:32.0680269Z  * [new tag]             v0.9.0a1                -> v0.9.0a1
2025-04-14T08:28:32.0681674Z  * [new tag]             v0.9.0a2                -> v0.9.0a2
2025-04-14T08:28:32.0683068Z  * [new tag]             v0.9.0a3                -> v0.9.0a3
2025-04-14T08:28:32.0684593Z  * [new tag]             v0.9.1                  -> v0.9.1
2025-04-14T08:28:32.0686204Z  * [new tag]             v0.9.10                 -> v0.9.10
2025-04-14T08:28:32.0687774Z  * [new tag]             v0.9.11                 -> v0.9.11
2025-04-14T08:28:32.0689376Z  * [new tag]             v0.9.11.post1           -> v0.9.11.post1
2025-04-14T08:28:32.0690992Z  * [new tag]             v0.9.12                 -> v0.9.12
2025-04-14T08:28:32.0714635Z  * [new tag]             v0.9.13                 -> v0.9.13
2025-04-14T08:28:32.0715251Z  * [new tag]             v0.9.14                 -> v0.9.14
2025-04-14T08:28:32.0715795Z  * [new tag]             v0.9.14.post1           -> v0.9.14.post1
2025-04-14T08:28:32.0716238Z  * [new tag]             v0.9.14.post2           -> v0.9.14.post2
2025-04-14T08:28:32.0716786Z  * [new tag]             v0.9.14.post3           -> v0.9.14.post3
2025-04-14T08:28:32.0717260Z  * [new tag]             v0.9.15                 -> v0.9.15
2025-04-14T08:28:32.0717573Z  * [new tag]             v0.9.15.post1           -> v0.9.15.post1
2025-04-14T08:28:32.0718091Z  * [new tag]             v0.9.15.post2           -> v0.9.15.post2
2025-04-14T08:28:32.0718739Z  * [new tag]             v0.9.16                 -> v0.9.16
2025-04-14T08:28:32.0719271Z  * [new tag]             v0.9.16.post1           -> v0.9.16.post1
2025-04-14T08:28:32.0719801Z  * [new tag]             v0.9.17                 -> v0.9.17
2025-04-14T08:28:32.0720307Z  * [new tag]             v0.9.17.dev1            -> v0.9.17.dev1
2025-04-14T08:28:32.0720643Z  * [new tag]             v0.9.18                 -> v0.9.18
2025-04-14T08:28:32.0721019Z  * [new tag]             v0.9.19                 -> v0.9.19
2025-04-14T08:28:32.0721519Z  * [new tag]             v0.9.2                  -> v0.9.2
2025-04-14T08:28:32.0721937Z  * [new tag]             v0.9.20                 -> v0.9.20
2025-04-14T08:28:32.0722213Z  * [new tag]             v0.9.21                 -> v0.9.21
2025-04-14T08:28:32.0722660Z  * [new tag]             v0.9.22                 -> v0.9.22
2025-04-14T08:28:32.0723135Z  * [new tag]             v0.9.23                 -> v0.9.23
2025-04-14T08:28:32.0723489Z  * [new tag]             v0.9.24                 -> v0.9.24
2025-04-14T08:28:32.0723785Z  * [new tag]             v0.9.25                 -> v0.9.25
2025-04-14T08:28:32.0724296Z  * [new tag]             v0.9.25.post1           -> v0.9.25.post1
2025-04-14T08:28:32.0724819Z  * [new tag]             v0.9.26                 -> v0.9.26
2025-04-14T08:28:32.0725576Z  * [new tag]             v0.9.27                 -> v0.9.27
2025-04-14T08:28:32.0727277Z  * [new tag]             v0.9.28                 -> v0.9.28
2025-04-14T08:28:32.0729003Z  * [new tag]             v0.9.28.post1           -> v0.9.28.post1
2025-04-14T08:28:32.0730467Z  * [new tag]             v0.9.28.post2           -> v0.9.28.post2
2025-04-14T08:28:32.0732131Z  * [new tag]             v0.9.29                 -> v0.9.29
2025-04-14T08:28:32.0733778Z  * [new tag]             v0.9.3                  -> v0.9.3
2025-04-14T08:28:32.0735341Z  * [new tag]             v0.9.3.post1            -> v0.9.3.post1
2025-04-14T08:28:32.0736838Z  * [new tag]             v0.9.30                 -> v0.9.30
2025-04-14T08:28:32.0738415Z  * [new tag]             v0.9.31                 -> v0.9.31
2025-04-14T08:28:32.0740153Z  * [new tag]             v0.9.32                 -> v0.9.32
2025-04-14T08:28:32.0741735Z  * [new tag]             v0.9.33                 -> v0.9.33
2025-04-14T08:28:32.0743238Z  * [new tag]             v0.9.34                 -> v0.9.34
2025-04-14T08:28:32.0744746Z  * [new tag]             v0.9.35                 -> v0.9.35
2025-04-14T08:28:32.0746349Z  * [new tag]             v0.9.36                 -> v0.9.36
2025-04-14T08:28:32.0747938Z  * [new tag]             v0.9.37                 -> v0.9.37
2025-04-14T08:28:32.0749651Z  * [new tag]             v0.9.37.post1           -> v0.9.37.post1
2025-04-14T08:28:32.0751246Z  * [new tag]             v0.9.38                 -> v0.9.38
2025-04-14T08:28:32.0752870Z  * [new tag]             v0.9.39                 -> v0.9.39
2025-04-14T08:28:32.0754414Z  * [new tag]             v0.9.4                  -> v0.9.4
2025-04-14T08:28:32.0755989Z  * [new tag]             v0.9.40                 -> v0.9.40
2025-04-14T08:28:32.0757586Z  * [new tag]             v0.9.41                 -> v0.9.41
2025-04-14T08:28:32.0759381Z  * [new tag]             v0.9.42                 -> v0.9.42
2025-04-14T08:28:32.0761080Z  * [new tag]             v0.9.42.post1           -> v0.9.42.post1
2025-04-14T08:28:32.0762649Z  * [new tag]             v0.9.42.post2           -> v0.9.42.post2
2025-04-14T08:28:32.0764184Z  * [new tag]             v0.9.43                 -> v0.9.43
2025-04-14T08:28:32.0765731Z  * [new tag]             v0.9.44                 -> v0.9.44
2025-04-14T08:28:32.0767242Z  * [new tag]             v0.9.45                 -> v0.9.45
2025-04-14T08:28:32.0769105Z  * [new tag]             v0.9.45.post1           -> v0.9.45.post1
2025-04-14T08:28:32.0770839Z  * [new tag]             v0.9.46                 -> v0.9.46
2025-04-14T08:28:32.0772372Z  * [new tag]             v0.9.47                 -> v0.9.47
2025-04-14T08:28:32.0773941Z  * [new tag]             v0.9.48                 -> v0.9.48
2025-04-14T08:28:32.0775710Z  * [new tag]             v0.9.5                  -> v0.9.5
2025-04-14T08:28:32.0777155Z  * [new tag]             v0.9.6                  -> v0.9.6
2025-04-14T08:28:32.0778844Z  * [new tag]             v0.9.6.post1            -> v0.9.6.post1
2025-04-14T08:28:32.0780444Z  * [new tag]             v0.9.6.post2            -> v0.9.6.post2
2025-04-14T08:28:32.0781987Z  * [new tag]             v0.9.7                  -> v0.9.7
2025-04-14T08:28:32.0783572Z  * [new tag]             v0.9.8                  -> v0.9.8
2025-04-14T08:28:32.0785243Z  * [new tag]             v0.9.8.post1            -> v0.9.8.post1
2025-04-14T08:28:32.0786810Z  * [new tag]             v0.9.9                  -> v0.9.9
2025-04-14T08:28:32.0790276Z  * [new ref]             43666f5efec5b91cc5fdc03389bf11a48348aa1d -> pull/18199/merge
2025-04-14T08:28:32.1077745Z ##[endgroup]
2025-04-14T08:28:32.1078341Z ##[group]Determining the checkout info
2025-04-14T08:28:32.1079224Z ##[endgroup]
2025-04-14T08:28:32.1084456Z [command]/usr/bin/git sparse-checkout disable
2025-04-14T08:28:32.1308457Z [command]/usr/bin/git config --local --unset-all extensions.worktreeConfig
2025-04-14T08:28:32.1336736Z ##[group]Checking out the ref
2025-04-14T08:28:32.1340590Z [command]/usr/bin/git checkout --progress --force refs/remotes/pull/18199/merge
2025-04-14T08:28:33.1536797Z Updating files:  67% (8129/12031)
2025-04-14T08:28:33.1589170Z Updating files:  68% (8182/12031)
2025-04-14T08:28:33.1637105Z Updating files:  69% (8302/12031)
2025-04-14T08:28:33.1689100Z Updating files:  70% (8422/12031)
2025-04-14T08:28:33.1743157Z Updating files:  71% (8543/12031)
2025-04-14T08:28:33.1799785Z Updating files:  72% (8663/12031)
2025-04-14T08:28:33.1852155Z Updating files:  73% (8783/12031)
2025-04-14T08:28:33.1905666Z Updating files:  74% (8903/12031)
2025-04-14T08:28:33.1960733Z Updating files:  75% (9024/12031)
2025-04-14T08:28:33.2011902Z Updating files:  76% (9144/12031)
2025-04-14T08:28:33.2069522Z Updating files:  77% (9264/12031)
2025-04-14T08:28:33.2126388Z Updating files:  78% (9385/12031)
2025-04-14T08:28:33.2321285Z Updating files:  79% (9505/12031)
2025-04-14T08:28:33.2439640Z Updating files:  80% (9625/12031)
2025-04-14T08:28:33.2499224Z Updating files:  81% (9746/12031)
2025-04-14T08:28:33.2552587Z Updating files:  82% (9866/12031)
2025-04-14T08:28:33.2604991Z Updating files:  83% (9986/12031)
2025-04-14T08:28:33.2656069Z Updating files:  84% (10107/12031)
2025-04-14T08:28:33.2708168Z Updating files:  85% (10227/12031)
2025-04-14T08:28:33.2764875Z Updating files:  86% (10347/12031)
2025-04-14T08:28:33.2821282Z Updating files:  87% (10467/12031)
2025-04-14T08:28:33.2871660Z Updating files:  88% (10588/12031)
2025-04-14T08:28:33.2924249Z Updating files:  89% (10708/12031)
2025-04-14T08:28:33.3004458Z Updating files:  90% (10828/12031)
2025-04-14T08:28:33.3066618Z Updating files:  91% (10949/12031)
2025-04-14T08:28:33.3123147Z Updating files:  92% (11069/12031)
2025-04-14T08:28:33.3176259Z Updating files:  93% (11189/12031)
2025-04-14T08:28:33.3471412Z Updating files:  94% (11310/12031)
2025-04-14T08:28:33.3530011Z Updating files:  95% (11430/12031)
2025-04-14T08:28:33.3702064Z Updating files:  96% (11550/12031)
2025-04-14T08:28:33.4376915Z Updating files:  97% (11671/12031)
2025-04-14T08:28:33.4431421Z Updating files:  98% (11791/12031)
2025-04-14T08:28:33.4497444Z Updating files:  99% (11911/12031)
2025-04-14T08:28:33.4498003Z Updating files: 100% (12031/12031)
2025-04-14T08:28:33.4498542Z Updating files: 100% (12031/12031), done.
2025-04-14T08:28:33.4679049Z Note: switching to 'refs/remotes/pull/18199/merge'.
2025-04-14T08:28:33.4679441Z 
2025-04-14T08:28:33.4679746Z You are in 'detached HEAD' state. You can look around, make experimental
2025-04-14T08:28:33.4680497Z changes and commit them, and you can discard any commits you make in this
2025-04-14T08:28:33.4681134Z state without impacting any branches by switching back to a branch.
2025-04-14T08:28:33.4681472Z 
2025-04-14T08:28:33.4681697Z If you want to create a new branch to retain commits you create, you may
2025-04-14T08:28:33.4682503Z do so (now or later) by using -c with the switch command. Example:
2025-04-14T08:28:33.4682811Z 
2025-04-14T08:28:33.4682940Z   git switch -c <new-branch-name>
2025-04-14T08:28:33.4683154Z 
2025-04-14T08:28:33.4683270Z Or undo this operation with:
2025-04-14T08:28:33.4683469Z 
2025-04-14T08:28:33.4683571Z   git switch -
2025-04-14T08:28:33.4683718Z 
2025-04-14T08:28:33.4683971Z Turn off this advice by setting config variable advice.detachedHead to false
2025-04-14T08:28:33.4684356Z 
2025-04-14T08:28:33.4684790Z HEAD is now at 43666f5ef Merge 6165fa8337d945dbb4a86995bb7d8fdf0832d224 into fbb1c414679ad260fb813d7d9f67bf75b9320829
2025-04-14T08:28:33.4774707Z ##[endgroup]
2025-04-14T08:28:33.4816024Z [command]/usr/bin/git log -1 --format=%H
2025-04-14T08:28:33.4842607Z 43666f5efec5b91cc5fdc03389bf11a48348aa1d
2025-04-14T08:28:33.4950475Z ##[group]Run pipx install poetry==1.8.3
2025-04-14T08:28:33.4950808Z [36;1mpipx install poetry==1.8.3[0m
2025-04-14T08:28:33.4998445Z shell: /usr/bin/bash -e {0}
2025-04-14T08:28:33.4998899Z env:
2025-04-14T08:28:33.4999090Z   POETRY_VERSION: 1.8.3
2025-04-14T08:28:33.4999308Z   SYSTEM_VERSION_COMPAT: 1
2025-04-14T08:28:33.4999520Z ##[endgroup]
2025-04-14T08:28:34.0629456Z creating virtual environment...
2025-04-14T08:28:34.3291721Z installing poetry from spec 'poetry==1.8.3'...
2025-04-14T08:28:44.9776863Z done! ✨ 🌟 ✨
2025-04-14T08:28:44.9777437Z   installed package poetry 1.8.3, installed using Python 3.12.3
2025-04-14T08:28:44.9778403Z   These apps are now globally available
2025-04-14T08:28:44.9779214Z     - poetry
2025-04-14T08:28:45.0045294Z ##[group]Run actions/setup-python@v5
2025-04-14T08:28:45.0045574Z with:
2025-04-14T08:28:45.0045798Z   python-version: 3.9
2025-04-14T08:28:45.0046012Z   check-latest: false
2025-04-14T08:28:45.0046332Z   token: ***
2025-04-14T08:28:45.0046532Z   update-environment: true
2025-04-14T08:28:45.0046767Z   allow-prereleases: false
2025-04-14T08:28:45.0046979Z   freethreaded: false
2025-04-14T08:28:45.0047167Z env:
2025-04-14T08:28:45.0047339Z   POETRY_VERSION: 1.8.3
2025-04-14T08:28:45.0047546Z   SYSTEM_VERSION_COMPAT: 1
2025-04-14T08:28:45.0047752Z ##[endgroup]
2025-04-14T08:28:45.1655002Z ##[group]Installed versions
2025-04-14T08:28:45.1664841Z Version 3.9 was not found in the local cache
2025-04-14T08:28:45.7856645Z Version 3.9 is available for downloading
2025-04-14T08:28:45.7857892Z Download from "https://github.com/actions/python-versions/releases/download/3.9.22-14344111503/python-3.9.22-linux-24.04-x64.tar.gz"
2025-04-14T08:28:46.4537027Z Extract downloaded archive
2025-04-14T08:28:46.4656197Z [command]/usr/bin/tar xz --warning=no-unknown-keyword --overwrite -C /home/runner/work/_temp/3e7d1b65-420e-478d-8df4-ead25e2dd14a -f /home/runner/work/_temp/dde4e2b6-fcde-41ba-ae4f-7c1fce221a20
2025-04-14T08:28:47.7733877Z Execute installation script
2025-04-14T08:28:47.7823538Z Check if Python hostedtoolcache folder exist...
2025-04-14T08:28:47.7824109Z Creating Python hostedtoolcache folder...
2025-04-14T08:28:47.7836306Z Create Python 3.9.22 folder
2025-04-14T08:28:47.7849590Z Copy Python binaries to hostedtoolcache folder
2025-04-14T08:28:48.2461011Z Create additional symlinks (Required for the UsePythonVersion Azure Pipelines task and the setup-python GitHub Action)
2025-04-14T08:28:48.2503150Z Upgrading pip...
2025-04-14T08:28:50.7181023Z Looking in links: /tmp/tmpap39nmy6
2025-04-14T08:28:50.7185287Z Requirement already satisfied: setuptools in /opt/hostedtoolcache/Python/3.9.22/x64/lib/python3.9/site-packages (58.1.0)
2025-04-14T08:28:50.7189427Z Requirement already satisfied: pip in /opt/hostedtoolcache/Python/3.9.22/x64/lib/python3.9/site-packages (23.0.1)
2025-04-14T08:28:52.3557241Z Collecting pip
2025-04-14T08:28:52.4123380Z Downloading pip-25.0.1-py3-none-any.whl (1.8 MB)
2025-04-14T08:28:52.4695750Z ━━━━━━━━━━━━━━━━━━━━━━━━━━━━━━━━━━━━━━━━ 1.8/1.8 MB 33.7 MB/s eta 0:00:00
2025-04-14T08:28:52.4696060Z 
2025-04-14T08:28:52.5020725Z Installing collected packages: pip
2025-04-14T08:28:52.5021336Z Attempting uninstall: pip
2025-04-14T08:28:52.5027864Z Found existing installation: pip 23.0.1
2025-04-14T08:28:52.6815191Z Uninstalling pip-23.0.1:
2025-04-14T08:28:52.6884453Z Successfully uninstalled pip-23.0.1
2025-04-14T08:28:53.5195551Z Successfully installed pip-25.0.1
2025-04-14T08:28:53.5661658Z Create complete file
2025-04-14T08:28:53.5700539Z Successfully set up CPython (3.9.22)
2025-04-14T08:28:53.5701762Z ##[endgroup]
2025-04-14T08:28:53.5815664Z ##[group]Run curl --proto '=https' --tlsv1.2 -fsSLO https://static.pantsbuild.org/setup/get-pants.sh
2025-04-14T08:28:53.5816369Z [36;1mcurl --proto '=https' --tlsv1.2 -fsSLO https://static.pantsbuild.org/setup/get-pants.sh[0m
2025-04-14T08:28:53.5816812Z [36;1mchmod +x get-pants.sh[0m
2025-04-14T08:28:53.5817051Z [36;1m./get-pants.sh[0m
2025-04-14T08:28:53.5865679Z shell: /usr/bin/bash -e {0}
2025-04-14T08:28:53.5865930Z env:
2025-04-14T08:28:53.5866151Z   POETRY_VERSION: 1.8.3
2025-04-14T08:28:53.5866393Z   SYSTEM_VERSION_COMPAT: 1
2025-04-14T08:28:53.5866676Z   pythonLocation: /opt/hostedtoolcache/Python/3.9.22/x64
2025-04-14T08:28:53.5867101Z   PKG_CONFIG_PATH: /opt/hostedtoolcache/Python/3.9.22/x64/lib/pkgconfig
2025-04-14T08:28:53.5867511Z   Python_ROOT_DIR: /opt/hostedtoolcache/Python/3.9.22/x64
2025-04-14T08:28:53.5867870Z   Python2_ROOT_DIR: /opt/hostedtoolcache/Python/3.9.22/x64
2025-04-14T08:28:53.5868263Z   Python3_ROOT_DIR: /opt/hostedtoolcache/Python/3.9.22/x64
2025-04-14T08:28:53.5868755Z   LD_LIBRARY_PATH: /opt/hostedtoolcache/Python/3.9.22/x64/lib
2025-04-14T08:28:53.5869251Z ##[endgroup]
2025-04-14T08:28:54.2004247Z Downloading and installing the pants launcher ...
2025-04-14T08:28:55.0846606Z [32mInstalled the pants launcher from https://github.com/pantsbuild/scie-pants/releases/latest/download/scie-pants-linux-x86_64 to /home/runner/.local/bin/pants[0m
2025-04-14T08:28:55.0848046Z [32m
2025-04-14T08:28:55.0849244Z Running `pants` in a Pants-enabled repo will use the version of Pants configured for that repo.[0m
2025-04-14T08:28:55.0850458Z [32mIn a repo not yet Pants-enabled, it will prompt you to set up Pants for that repo.[0m
2025-04-14T08:28:55.0901707Z ##[group]Run pants tailor --check :: -docs/::
2025-04-14T08:28:55.0902055Z [36;1mpants tailor --check :: -docs/::[0m
2025-04-14T08:28:55.0948843Z shell: /usr/bin/bash -e {0}
2025-04-14T08:28:55.0949082Z env:
2025-04-14T08:28:55.0949264Z   POETRY_VERSION: 1.8.3
2025-04-14T08:28:55.0949490Z   SYSTEM_VERSION_COMPAT: 1
2025-04-14T08:28:55.0949778Z   pythonLocation: /opt/hostedtoolcache/Python/3.9.22/x64
2025-04-14T08:28:55.0950197Z   PKG_CONFIG_PATH: /opt/hostedtoolcache/Python/3.9.22/x64/lib/pkgconfig
2025-04-14T08:28:55.0950594Z   Python_ROOT_DIR: /opt/hostedtoolcache/Python/3.9.22/x64
2025-04-14T08:28:55.0950948Z   Python2_ROOT_DIR: /opt/hostedtoolcache/Python/3.9.22/x64
2025-04-14T08:28:55.0951303Z   Python3_ROOT_DIR: /opt/hostedtoolcache/Python/3.9.22/x64
2025-04-14T08:28:55.0951662Z   LD_LIBRARY_PATH: /opt/hostedtoolcache/Python/3.9.22/x64/lib
2025-04-14T08:28:55.0951959Z ##[endgroup]
2025-04-14T08:29:00.2444451Z [32mBootstrapping Pants 2.25.0[0m
2025-04-14T08:29:00.2445898Z [32mInstalling pantsbuild.pants==2.25.0 into a virtual environment at /home/runner/.cache/nce/6d61748cea187199dc28418157b2121ccbbb44e4af2ee6fddf8c04bbed73f76d/bindings/venvs/2.25.0[0m
2025-04-14T08:29:10.5712447Z [32mNew virtual environment successfully created at /home/runner/.cache/nce/6d61748cea187199dc28418157b2121ccbbb44e4af2ee6fddf8c04bbed73f76d/bindings/venvs/2.25.0[0m
2025-04-14T08:29:15.1315415Z 08:29:15.13 [INFO] Initializing scheduler...
2025-04-14T08:29:16.9104941Z 08:29:16.91 [INFO] Scheduler initialized.
2025-04-14T08:29:31.0287904Z Would create llama-index-integrations/memory/llama-index-memory-zep/BUILD:
2025-04-14T08:29:31.0288455Z   - Add poetry_requirements target poetry
2025-04-14T08:29:31.0289458Z Would create llama-index-integrations/memory/llama-index-memory-zep/llama_index/memory/zep/BUILD:
2025-04-14T08:29:31.0290047Z   - Add python_sources target zep
2025-04-14T08:29:31.0290520Z Would create llama-index-integrations/memory/llama-index-memory-zep/tests/BUILD:
2025-04-14T08:29:31.0291043Z   - Add python_tests target tests
2025-04-14T08:29:31.0291242Z 
2025-04-14T08:29:31.0291379Z To fix `tailor` failures, run `pants tailor`.
2025-04-14T08:29:31.1368522Z ##[error]Process completed with exit code 1.
2025-04-14T08:29:31.1444299Z Post job cleanup.
2025-04-14T08:29:31.2358702Z [command]/usr/bin/git version
2025-04-14T08:29:31.2400915Z git version 2.49.0
2025-04-14T08:29:31.2441788Z Temporarily overriding HOME='/home/runner/work/_temp/66461bd3-878c-4e84-8dbc-d4cba0c74c96' before making global git config changes
2025-04-14T08:29:31.2442747Z Adding repository directory to the temporary git global config as a safe directory
2025-04-14T08:29:31.2446617Z [command]/usr/bin/git config --global --add safe.directory /home/runner/work/llama_index/llama_index
2025-04-14T08:29:31.2479905Z [command]/usr/bin/git config --local --name-only --get-regexp core\.sshCommand
2025-04-14T08:29:31.2511146Z [command]/usr/bin/git submodule foreach --recursive sh -c "git config --local --name-only --get-regexp 'core\.sshCommand' && git config --local --unset-all 'core.sshCommand' || :"
2025-04-14T08:29:31.2942636Z [command]/usr/bin/git config --local --name-only --get-regexp http\.https\:\/\/github\.com\/\.extraheader
2025-04-14T08:29:31.2963756Z http.https://github.com/.extraheader
2025-04-14T08:29:31.2975336Z [command]/usr/bin/git config --local --unset-all http.https://github.com/.extraheader
2025-04-14T08:29:31.3004429Z [command]/usr/bin/git submodule foreach --recursive sh -c "git config --local --name-only --get-regexp 'http\.https\:\/\/github\.com\/\.extraheader' && git config --local --unset-all 'http.https://github.com/.extraheader' || :"
2025-04-14T08:29:31.3341259Z Cleaning up orphan processes
