2025-02-07T21:25:15.6997275Z ##[group]Run john0isaac/action-check-markdown@v1.1.0
2025-02-07T21:25:15.6997637Z with:
2025-02-07T21:25:15.6997827Z   command: check_broken_urls
2025-02-07T21:25:15.6998064Z   directory: ./
2025-02-07T21:25:15.6998482Z   guide-url: https://github.com/microsoft/generative-ai-for-beginners/blob/main/CONTRIBUTING.md
2025-02-07T21:25:15.6999267Z   github-token: ***
2025-02-07T21:25:15.6999488Z ##[endgroup]
2025-02-07T21:25:15.7142274Z ##[group]Run actions/setup-python@v5
2025-02-07T21:25:15.7142654Z with:
2025-02-07T21:25:15.7142846Z   python-version: 3.10
2025-02-07T21:25:15.7143059Z   check-latest: false
2025-02-07T21:25:15.7143399Z   token: ***
2025-02-07T21:25:15.7143608Z   update-environment: true
2025-02-07T21:25:15.7143853Z   allow-prereleases: false
2025-02-07T21:25:15.7144075Z ##[endgroup]
2025-02-07T21:25:15.9045363Z ##[group]Installed versions
2025-02-07T21:25:15.9108299Z Successfully set up CPython (3.10.16)
2025-02-07T21:25:15.9109018Z ##[endgroup]
2025-02-07T21:25:15.9256593Z ##[group]Run python -m pip install --upgrade pip
2025-02-07T21:25:15.9257160Z [36;1mpython -m pip install --upgrade pip[0m
2025-02-07T21:25:15.9257501Z [36;1mpython -m pip install markdown-checker[0m
2025-02-07T21:25:15.9297279Z shell: /usr/bin/bash --noprofile --norc -e -o pipefail {0}
2025-02-07T21:25:15.9297662Z env:
2025-02-07T21:25:15.9297936Z   pythonLocation: /opt/hostedtoolcache/Python/3.10.16/x64
2025-02-07T21:25:15.9298684Z   PKG_CONFIG_PATH: /opt/hostedtoolcache/Python/3.10.16/x64/lib/pkgconfig
2025-02-07T21:25:15.9299110Z   Python_ROOT_DIR: /opt/hostedtoolcache/Python/3.10.16/x64
2025-02-07T21:25:15.9299491Z   Python2_ROOT_DIR: /opt/hostedtoolcache/Python/3.10.16/x64
2025-02-07T21:25:15.9299870Z   Python3_ROOT_DIR: /opt/hostedtoolcache/Python/3.10.16/x64
2025-02-07T21:25:15.9300247Z   LD_LIBRARY_PATH: /opt/hostedtoolcache/Python/3.10.16/x64/lib
2025-02-07T21:25:15.9300562Z ##[endgroup]
2025-02-07T21:25:16.6449010Z Requirement already satisfied: pip in /opt/hostedtoolcache/Python/3.10.16/x64/lib/python3.10/site-packages (25.0)
2025-02-07T21:25:17.3902489Z Collecting markdown-checker
2025-02-07T21:25:17.4383444Z   Downloading markdown_checker-0.2.4-py3-none-any.whl.metadata (6.3 kB)
2025-02-07T21:25:17.4708726Z Collecting click (from markdown-checker)
2025-02-07T21:25:17.4805347Z   Downloading click-8.1.8-py3-none-any.whl.metadata (2.3 kB)
2025-02-07T21:25:17.5208971Z Collecting requests (from markdown-checker)
2025-02-07T21:25:17.5295915Z   Downloading requests-2.32.3-py3-none-any.whl.metadata (4.6 kB)
2025-02-07T21:25:17.6294642Z Collecting charset-normalizer<4,>=2 (from requests->markdown-checker)
2025-02-07T21:25:17.6378067Z   Downloading charset_normalizer-3.4.1-cp310-cp310-manylinux_2_17_x86_64.manylinux2014_x86_64.whl.metadata (35 kB)
2025-02-07T21:25:17.6637175Z Collecting idna<4,>=2.5 (from requests->markdown-checker)
2025-02-07T21:25:17.6718120Z   Downloading idna-3.10-py3-none-any.whl.metadata (10 kB)
2025-02-07T21:25:17.7050256Z Collecting urllib3<3,>=1.21.1 (from requests->markdown-checker)
2025-02-07T21:25:17.7133468Z   Downloading urllib3-2.3.0-py3-none-any.whl.metadata (6.5 kB)
2025-02-07T21:25:17.7403040Z Collecting certifi>=2017.4.17 (from requests->markdown-checker)
2025-02-07T21:25:17.7486089Z   Downloading certifi-2025.1.31-py3-none-any.whl.metadata (2.5 kB)
2025-02-07T21:25:17.7642981Z Downloading markdown_checker-0.2.4-py3-none-any.whl (18 kB)
2025-02-07T21:25:17.7762433Z Downloading click-8.1.8-py3-none-any.whl (98 kB)
2025-02-07T21:25:17.7944972Z Downloading requests-2.32.3-py3-none-any.whl (64 kB)
2025-02-07T21:25:17.8070393Z Downloading certifi-2025.1.31-py3-none-any.whl (166 kB)
2025-02-07T21:25:17.8296378Z Downloading charset_normalizer-3.4.1-cp310-cp310-manylinux_2_17_x86_64.manylinux2014_x86_64.whl (146 kB)
2025-02-07T21:25:17.8543147Z Downloading idna-3.10-py3-none-any.whl (70 kB)
2025-02-07T21:25:17.8686289Z Downloading urllib3-2.3.0-py3-none-any.whl (128 kB)
2025-02-07T21:25:17.9088273Z Installing collected packages: urllib3, idna, click, charset-normalizer, certifi, requests, markdown-checker
2025-02-07T21:25:18.2130735Z Successfully installed certifi-2025.1.31 charset-normalizer-3.4.1 click-8.1.8 idna-3.10 markdown-checker-0.2.4 requests-2.32.3 urllib3-2.3.0
2025-02-07T21:25:18.3055145Z ##[group]Run echo "OUTPUT_FILE_NAME=$(echo $RANDOM$RANDOM)" >> $GITHUB_ENV
2025-02-07T21:25:18.3055694Z [36;1mecho "OUTPUT_FILE_NAME=$(echo $RANDOM$RANDOM)" >> $GITHUB_ENV[0m
2025-02-07T21:25:18.3087099Z shell: /usr/bin/bash --noprofile --norc -e -o pipefail {0}
2025-02-07T21:25:18.3087471Z env:
2025-02-07T21:25:18.3087750Z   pythonLocation: /opt/hostedtoolcache/Python/3.10.16/x64
2025-02-07T21:25:18.3088196Z   PKG_CONFIG_PATH: /opt/hostedtoolcache/Python/3.10.16/x64/lib/pkgconfig
2025-02-07T21:25:18.3088697Z   Python_ROOT_DIR: /opt/hostedtoolcache/Python/3.10.16/x64
2025-02-07T21:25:18.3089301Z   Python2_ROOT_DIR: /opt/hostedtoolcache/Python/3.10.16/x64
2025-02-07T21:25:18.3089830Z   Python3_ROOT_DIR: /opt/hostedtoolcache/Python/3.10.16/x64
2025-02-07T21:25:18.3090232Z   LD_LIBRARY_PATH: /opt/hostedtoolcache/Python/3.10.16/x64/lib
2025-02-07T21:25:18.3090575Z ##[endgroup]
2025-02-07T21:25:18.3200725Z ##[group]Run markdown-checker --dir ./ --func check_broken_urls --guide-url https://github.com/microsoft/generative-ai-for-beginners/blob/main/CONTRIBUTING.md --output-file-name 1156318423
2025-02-07T21:25:18.3202281Z [36;1mmarkdown-checker --dir ./ --func check_broken_urls --guide-url https://github.com/microsoft/generative-ai-for-beginners/blob/main/CONTRIBUTING.md --output-file-name 1156318423[0m
2025-02-07T21:25:18.3231465Z shell: /usr/bin/bash --noprofile --norc -e -o pipefail {0}
2025-02-07T21:25:18.3231794Z env:
2025-02-07T21:25:18.3232236Z   pythonLocation: /opt/hostedtoolcache/Python/3.10.16/x64
2025-02-07T21:25:18.3232646Z   PKG_CONFIG_PATH: /opt/hostedtoolcache/Python/3.10.16/x64/lib/pkgconfig
2025-02-07T21:25:18.3233046Z   Python_ROOT_DIR: /opt/hostedtoolcache/Python/3.10.16/x64
2025-02-07T21:25:18.3233397Z   Python2_ROOT_DIR: /opt/hostedtoolcache/Python/3.10.16/x64
2025-02-07T21:25:18.3233758Z   Python3_ROOT_DIR: /opt/hostedtoolcache/Python/3.10.16/x64
2025-02-07T21:25:18.3234133Z   LD_LIBRARY_PATH: /opt/hostedtoolcache/Python/3.10.16/x64/lib
2025-02-07T21:25:18.3234446Z   OUTPUT_FILE_NAME: 1156318423
2025-02-07T21:25:18.3234665Z ##[endgroup]
2025-02-07T21:31:11.5966725Z 
2025-02-07T21:31:11.5967660Z üîç Checked 1602 links in 158 files.
2025-02-07T21:31:11.5968637Z All files are compliant with the guidelines. üéâ
